sphnx1009.sdcc.bnl.gov
rsyncing from /gpfs/mnt/gpfs02/sphenix/user/samfred/run25/ppg11/histmaking
running: /gpfs/mnt/gpfs02/sphenix/user/samfred/run25/ppg11/histmaking/script.sh 1 MB
LD_LIBRARY_PATH now /sphenix/user/samfred/run25/install//lib:/cvmfs/sphenix.sdcc.bnl.gov/alma9.2-gcc-14.2.0/opt/sphenix/core/gcc/14.2.0-2f0a0/x86_64-el9/lib:/cvmfs/sphenix.sdcc.bnl.gov/alma9.2-gcc-14.2.0/opt/sphenix/core/gcc/14.2.0-2f0a0/x86_64-el9/lib64:/cvmfs/sphenix.sdcc.bnl.gov/alma9.2-gcc-14.2.0/opt/sphenix/core/binutils/2.40-acaab/x86_64-el9/lib:.:/cvmfs/sphenix.sdcc.bnl.gov/alma9.2-gcc-14.2.0/release/release_new/new.10/lib64:/cvmfs/sphenix.sdcc.bnl.gov/alma9.2-gcc-14.2.0/release/release_new/new.10/lib:/cvmfs/sphenix.sdcc.bnl.gov/alma9.2-gcc-14.2.0/opt/sphenix/utils/lib:/cvmfs/sphenix.sdcc.bnl.gov/alma9.2-gcc-14.2.0/opt/sphenix/core/lib:/cvmfs/sphenix.sdcc.bnl.gov/alma9.2-gcc-14.2.0/opt/sphenix/core/root-6.32.06/lib:/cvmfs/sphenix.sdcc.bnl.gov/alma9.2-gcc-14.2.0/opt/sphenix/core/geant4.10.07.p04/lib64:/cvmfs/sphenix.sdcc.bnl.gov/alma9.2-gcc-14.2.0/opt/sphenix/core/lhapdf-5.9.1/lib:/usr/local/lib64:/usr/lib64
PATH now /sphenix/user/samfred/run25/install//bin:/cvmfs/sphenix.sdcc.bnl.gov/alma9.2-gcc-14.2.0/opt/sphenix/core/gcc/14.2.0-2f0a0/x86_64-el9/bin:/cvmfs/sphenix.sdcc.bnl.gov/alma9.2-gcc-14.2.0/opt/sphenix/core/binutils/2.40-acaab/x86_64-el9/bin:.:/cvmfs/sphenix.sdcc.bnl.gov/alma9.2-gcc-14.2.0/release/release_new/new.10/bin:/cvmfs/sphenix.sdcc.bnl.gov/alma9.2-gcc-14.2.0/opt/sphenix/utils/bin:/cvmfs/sphenix.sdcc.bnl.gov/alma9.2-gcc-14.2.0/opt/sphenix/core/bin:/cvmfs/sphenix.sdcc.bnl.gov/alma9.2-gcc-14.2.0/opt/sphenix/core/root-6.32.06/bin:/cvmfs/sphenix.sdcc.bnl.gov/alma9.2-gcc-14.2.0/opt/sphenix/core/geant4.10.07.p04/bin:/usr/local/bin:/usr/bin:/usr/local/sbin:/usr/sbin
SINGULARITY_CACHEDIR=/home/condor/local/sphnx/execute/dir_3060411
_CONDOR_CHIRP_CONFIG=/home/condor/local/sphnx/execute/dir_3060411/.chirp.config
_CONDOR_JOB_IWD=/sphenix/user/samfred/run25/ppg11/histmaking
G4ENSDFSTATEDATA=/cvmfs/sphenix.sdcc.bnl.gov/alma9.2-gcc-14.2.0/opt/sphenix/core/geant4.10.07.p04/share/Geant4-10.7.4/data/G4ENSDFSTATE2.3
_CONDOR_MACHINE_AD=/home/condor/local/sphnx/execute/dir_3060411/.machine.ad
ROOT_MAX_THREADS=1
NUMEXPR_NUM_THREADS=1
CUBACORES=1
_CHIRP_DELAYED_UPDATE_PREFIX=Chirp*
_CONDOR_ANCESTOR_351205=351240:1756523313:1673139430
OMP_THREAD_LIMIT=1
G4PIIDATA=/cvmfs/sphenix.sdcc.bnl.gov/alma9.2-gcc-14.2.0/opt/sphenix/core/geant4.10.07.p04/share/Geant4-10.7.4/data/G4PII1.3
NO_AT_BRIDGE=1
G4_MAIN=/cvmfs/sphenix.sdcc.bnl.gov/alma9.2-gcc-14.2.0/opt/sphenix/core/geant4.10.07.p04
COMPILER_PATH=/cvmfs/sphenix.sdcc.bnl.gov/alma9.2-gcc-14.2.0/opt/sphenix/core/gcc/14.2.0-2f0a0/x86_64-el9
ROOT_INCLUDE_PATH=./:/sphenix/user/samfred/run25/install//include:/sphenix/user/samfred/run25/install//include/caloana:/sphenix/user/samfred/run25/install//include/qa_centrality:/sphenix/user/samfred/run25/install//include/mbdana:/sphenix/user/samfred/run25/install//include/centrality:/sphenix/user/samfred/run25/install//include/Event:/cvmfs/sphenix.sdcc.bnl.gov/alma9.2-gcc-14.2.0/release/release_new/new.10/include:/cvmfs/sphenix.sdcc.bnl.gov/alma9.2-gcc-14.2.0/release/release_new/new.10/include:/cvmfs/sphenix.sdcc.bnl.gov/alma9.2-gcc-14.2.0/release/release_new/new.10/include/g4mbd:/cvmfs/sphenix.sdcc.bnl.gov/alma9.2-gcc-14.2.0/release/release_new/new.10/include/fmt:/cvmfs/sphenix.sdcc.bnl.gov/alma9.2-gcc-14.2.0/release/release_new/new.10/include/ffarawobjects:/cvmfs/sphenix.sdcc.bnl.gov/alma9.2-gcc-14.2.0/release/release_new/new.10/include/JSON:/cvmfs/sphenix.sdcc.bnl.gov/alma9.2-gcc-14.2.0/release/release_new/new.10/include/calotreegen:/cvmfs/sphenix.sdcc.bnl.gov/alma9.2-gcc-14.2.0/release/release_new/new.10/include/torch:/cvmfs/sphenix.sdcc.bnl.gov/alma9.2-gcc-14.2.0/release/release_new/new.10/include/g4detectors:/cvmfs/sphenix.sdcc.bnl.gov/alma9.2-gcc-14.2.0/release/release_new/new.10/include/kineto:/cvmfs/sphenix.sdcc.bnl.gov/alma9.2-gcc-14.2.0/release/release_new/new.10/include/g4decayer:/cvmfs/sphenix.sdcc.bnl.gov/alma9.2-gcc-14.2.0/release/release_new/new.10/include/kfparticleqa:/cvmfs/sphenix.sdcc.bnl.gov/alma9.2-gcc-14.2.0/release/release_new/new.10/include/phfield:/cvmfs/sphenix.sdcc.bnl.gov/alma9.2-gcc-14.2.0/release/release_new/new.10/include/LHAPDF:/cvmfs/sphenix.sdcc.bnl.gov/alma9.2-gcc-14.2.0/release/release_new/new.10/include/readdigitalcurrents:/cvmfs/sphenix.sdcc.bnl.gov/alma9.2-gcc-14.2.0/release/release_new/new.10/include/c10:/cvmfs/sphenix.sdcc.bnl.gov/alma9.2-gcc-14.2.0/release/release_new/new.10/include/calovalid:/cvmfs/sphenix.sdcc.bnl.gov/alma9.2-gcc-14.2.0/release/release_new/new.10/include/oneapi:/cvmfs/sphenix.sdcc.bnl.gov/alma9.2-gcc-14.2.0/release/release_new/new.10/include/DDCond:/cvmfs/sphenix.sdcc.bnl.gov/alma9.2-gcc-14.2.0/release/release_new/new.10/include/g4tracking:/cvmfs/sphenix.sdcc.bnl.gov/alma9.2-gcc-14.2.0/release/release_new/new.10/include/litecaloeval:/cvmfs/sphenix.sdcc.bnl.gov/alma9.2-gcc-14.2.0/release/release_new/new.10/include/g4intt:/cvmfs/sphenix.sdcc.bnl.gov/alma9.2-gcc-14.2.0/release/release_new/new.10/include/phool:/cvmfs/sphenix.sdcc.bnl.gov/alma9.2-gcc-14.2.0/release/release_new/new.10/include/boost:/cvmfs/sphenix.sdcc.bnl.gov/alma9.2-gcc-14.2.0/release/release_new/new.10/include/Pythia8Plugins:/cvmfs/sphenix.sdcc.bnl.gov/alma9.2-gcc-14.2.0/release/release_new/new.10/include/calib_emc_pi0:/cvmfs/sphenix.sdcc.bnl.gov/alma9.2-gcc-14.2.0/release/release_new/new.10/include/hijingflipafterburner:/cvmfs/sphenix.sdcc.bnl.gov/alma9.2-gcc-14.2.0/release/release_new/new.10/include/ffaobjects:/cvmfs/sphenix.sdcc.bnl.gov/alma9.2-gcc-14.2.0/release/release_new/new.10/include/EvtGenBase:/cvmfs/sphenix.sdcc.bnl.gov/alma9.2-gcc-14.2.0/release/release_new/new.10/include/flowafterburner:/cvmfs/sphenix.sdcc.bnl.gov/alma9.2-gcc-14.2.0/release/release_new/new.10/include/google:/cvmfs/sphenix.sdcc.bnl.gov/alma9.2-gcc-14.2.0/release/release_new/new.10/include/g4tpc:/cvmfs/sphenix.sdcc.bnl.gov/alma9.2-gcc-14.2.0/release/release_new/new.10/include/caffe2:/cvmfs/sphenix.sdcc.bnl.gov/alma9.2-gcc-14.2.0/release/release_new/new.10/include/EvtGenExternal:/cvmfs/sphenix.sdcc.bnl.gov/alma9.2-gcc-14.2.0/release/release_new/new.10/include/fp16:/cvmfs/sphenix.sdcc.bnl.gov/alma9.2-gcc-14.2.0/release/release_new/new.10/include/ffamodules:/cvmfs/sphenix.sdcc.bnl.gov/alma9.2-gcc-14.2.0/release/release_new/new.10/include/uspin:/cvmfs/sphenix.sdcc.bnl.gov/alma9.2-gcc-14.2.0/release/release_new/new.10/include/Herwig:/cvmfs/sphenix.sdcc.bnl.gov/alma9.2-gcc-14.2.0/release/release_new/new.10/include/genfitexp:/cvmfs/sphenix.sdcc.bnl.gov/alma9.2-gcc-14.2.0/release/release_new/new.10/include/XML:/cvmfs/sphenix.sdcc.bnl.gov/alma9.2-gcc-14.2.0/release/release_new/new.10/include/fbgemm:/cvmfs/sphenix.sdcc.bnl.gov/alma9.2-gcc-14.2.0/release/release_new/new.10/include/DDAlign:/cvmfs/sphenix.sdcc.bnl.gov/alma9.2-gcc-14.2.0/release/release_new/new.10/include/g4mvtx:/cvmfs/sphenix.sdcc.bnl.gov/alma9.2-gcc-14.2.0/release/release_new/new.10/include/kfparticle_sphenix:/cvmfs/sphenix.sdcc.bnl.gov/alma9.2-gcc-14.2.0/release/release_new/new.10/include/fun4all:/cvmfs/sphenix.sdcc.bnl.gov/alma9.2-gcc-14.2.0/release/release_new/new.10/include/intt:/cvmfs/sphenix.sdcc.bnl.gov/alma9.2-gcc-14.2.0/release/release_new/new.10/include/eventdisplay:/cvmfs/sphenix.sdcc.bnl.gov/alma9.2-gcc-14.2.0/release/release_new/new.10/include/EvtGen:/cvmfs/sphenix.sdcc.bnl.gov/alma9.2-gcc-14.2.0/release/release_new/new.10/include/Evaluator:/cvmfs/sphenix.sdcc.bnl.gov/alma9.2-gcc-14.2.0/release/release_new/new.10/include/tpc:/cvmfs/sphenix.sdcc.bnl.gov/alma9.2-gcc-14.2.0/release/release_new/new.10/include/GenFit:/cvmfs/sphenix.sdcc.bnl.gov/alma9.2-gcc-14.2.0/release/release_new/new.10/include/prototype4:/cvmfs/sphenix.sdcc.bnl.gov/alma9.2-gcc-14.2.0/release/release_new/new.10/include/caloembedding:/cvmfs/sphenix.sdcc.bnl.gov/alma9.2-gcc-14.2.0/release/release_new/new.10/include/EvtGenModels:/cvmfs/sphenix.sdcc.bnl.gov/alma9.2-gcc-14.2.0/release/release_new/new.10/include/fastjet:/cvmfs/sphenix.sdcc.bnl.gov/alma9.2-gcc-14.2.0/release/release_new/new.10/include/DDG4:/cvmfs/sphenix.sdcc.bnl.gov/alma9.2-gcc-14.2.0/release/release_new/new.10/include/mbd:/cvmfs/sphenix.sdcc.bnl.gov/alma9.2-gcc-14.2.0/release/release_new/new.10/include/tbb:/cvmfs/sphenix.sdcc.bnl.gov/alma9.2-gcc-14.2.0/release/release_new/new.10/include/phgeom:/cvmfs/sphenix.sdcc.bnl.gov/alma9.2-gcc-14.2.0/release/release_new/new.10/include/g4epd:/cvmfs/sphenix.sdcc.bnl.gov/alma9.2-gcc-14.2.0/release/release_new/new.10/include/oncal:/cvmfs/sphenix.sdcc.bnl.gov/alma9.2-gcc-14.2.0/release/release_new/new.10/include/pybind11:/cvmfs/sphenix.sdcc.bnl.gov/alma9.2-gcc-14.2.0/release/release_new/new.10/include/tpcdistgenerator:/cvmfs/sphenix.sdcc.bnl.gov/alma9.2-gcc-14.2.0/release/release_new/new.10/include/cdbobjects:/cvmfs/sphenix.sdcc.bnl.gov/alma9.2-gcc-14.2.0/release/release_new/new.10/include/g4micromegas:/cvmfs/sphenix.sdcc.bnl.gov/alma9.2-gcc-14.2.0/release/release_new/new.10/include/g4eval:/cvmfs/sphenix.sdcc.bnl.gov/alma9.2-gcc-14.2.0/release/release_new/new.10/include/jetbackground:/cvmfs/sphenix.sdcc.bnl.gov/alma9.2-gcc-14.2.0/release/release_new/new.10/include/micromegas:/cvmfs/sphenix.sdcc.bnl.gov/alma9.2-gcc-14.2.0/release/release_new/new.10/include/hftrackefficiency:/cvmfs/sphenix.sdcc.bnl.gov/alma9.2-gcc-14.2.0/release/release_new/new.10/include/inttrawhitqa:/cvmfs/sphenix.sdcc.bnl.gov/alma9.2-gcc-14.2.0/release/release_new/new.10/include/centrality:/cvmfs/sphenix.sdcc.bnl.gov/alma9.2-gcc-14.2.0/release/release_new/new.10/include/epd:/cvmfs/sphenix.sdcc.bnl.gov/alma9.2-gcc-14.2.0/release/release_new/new.10/include/caloreco:/cvmfs/sphenix.sdcc.bnl.gov/alma9.2-gcc-14.2.0/release/release_new/new.10/include/HepMC:/cvmfs/sphenix.sdcc.bnl.gov/alma9.2-gcc-14.2.0/release/release_new/new.10/include/CLHEP:/cvmfs/sphenix.sdcc.bnl.gov/alma9.2-gcc-14.2.0/release/release_new/new.10/include/Acts:/cvmfs/sphenix.sdcc.bnl.gov/alma9.2-gcc-14.2.0/release/release_new/new.10/include/g4histos:/cvmfs/sphenix.sdcc.bnl.gov/alma9.2-gcc-14.2.0/release/release_new/new.10/include/eventplaneinfo:/cvmfs/sphenix.sdcc.bnl.gov/alma9.2-gcc-14.2.0/release/release_new/new.10/include/fillspacechargemaps:/cvmfs/sphenix.sdcc.bnl.gov/alma9.2-gcc-14.2.0/release/release_new/new.10/include/phhepmc:/cvmfs/sphenix.sdcc.bnl.gov/alma9.2-gcc-14.2.0/release/release_new/new.10/include/trackingqa:/cvmfs/sphenix.sdcc.bnl.gov/alma9.2-gcc-14.2.0/release/release_new/new.10/include/qautils:/cvmfs/sphenix.sdcc.bnl.gov/alma9.2-gcc-14.2.0/release/release_new/new.10/include/trackreco:/cvmfs/sphenix.sdcc.bnl.gov/alma9.2-gcc-14.2.0/release/release_new/new.10/include/g4ohcal:/cvmfs/sphenix.sdcc.bnl.gov/alma9.2-gcc-14.2.0/release/release_new/new.10/include/tpcdvcalib:/cvmfs/sphenix.sdcc.bnl.gov/alma9.2-gcc-14.2.0/release/release_new/new.10/include/zdcinfo:/cvmfs/sphenix.sdcc.bnl.gov/alma9.2-gcc-14.2.0/release/release_new/new.10/include/phpythia8:/cvmfs/sphenix.sdcc.bnl.gov/alma9.2-gcc-14.2.0/release/release_new/new.10/include/fun4allutils:/cvmfs/sphenix.sdcc.bnl.gov/alma9.2-gcc-14.2.0/release/release_new/new.10/include/tpcqa:/cvmfs/sphenix.sdcc.bnl.gov/alma9.2-gcc-14.2.0/release/release_new/new.10/include/Pythia8:/cvmfs/sphenix.sdcc.bnl.gov/alma9.2-gcc-14.2.0/release/release_new/new.10/include/DDRec:/cvmfs/sphenix.sdcc.bnl.gov/alma9.2-gcc-14.2.0/release/release_new/new.10/include/DDDigi:/cvmfs/sphenix.sdcc.bnl.gov/alma9.2-gcc-14.2.0/release/release_new/new.10/include/g4ihcal:/cvmfs/sphenix.sdcc.bnl.gov/alma9.2-gcc-14.2.0/release/release_new/new.10/include/frog:/cvmfs/sphenix.sdcc.bnl.gov/alma9.2-gcc-14.2.0/release/release_new/new.10/include/eigen3:/cvmfs/sphenix.sdcc.bnl.gov/alma9.2-gcc-14.2.0/release/release_new/new.10/include/tensorpipe:/cvmfs/sphenix.sdcc.bnl.gov/alma9.2-gcc-14.2.0/release/release_new/new.10/include/sphenixnpc:/cvmfs/sphenix.sdcc.bnl.gov/alma9.2-gcc-14.2.0/release/release_new/new.10/include/siscone:/cvmfs/sphenix.sdcc.bnl.gov/alma9.2-gcc-14.2.0/release/release_new/new.10/include/pmonitor:/cvmfs/sphenix.sdcc.bnl.gov/alma9.2-gcc-14.2.0/release/release_new/new.10/include/calobase:/cvmfs/sphenix.sdcc.bnl.gov/alma9.2-gcc-14.2.0/release/release_new/new.10/include/ActsExamples:/cvmfs/sphenix.sdcc.bnl.gov/alma9.2-gcc-14.2.0/release/release_new/new.10/include/g4gdml:/cvmfs/sphenix.sdcc.bnl.gov/alma9.2-gcc-14.2.0/release/release_new/new.10/include/mvtx_decoder:/cvmfs/sphenix.sdcc.bnl.gov/alma9.2-gcc-14.2.0/release/release_new/new.10/include/ROOT:/cvmfs/sphenix.sdcc.bnl.gov/alma9.2-gcc-14.2.0/release/release_new/new.10/include/phparameter:/cvmfs/sphenix.sdcc.bnl.gov/alma9.2-gcc-14.2.0/release/release_new/new.10/include/rsa:/cvmfs/sphenix.sdcc.bnl.gov/alma9.2-gcc-14.2.0/release/release_new/new.10/include/fun4allraw:/cvmfs/sphenix.sdcc.bnl.gov/alma9.2-gcc-14.2.0/release/release_new/new.10/include/trackbase_historic:/cvmfs/sphenix.sdcc.bnl.gov/alma9.2-gcc-14.2.0/release/release_new/new.10/include/g4jets:/cvmfs/sphenix.sdcc.bnl.gov/alma9.2-gcc-14.2.0/release/release_new/new.10/include/jetqa:/cvmfs/sphenix.sdcc.bnl.gov/alma9.2-gcc-14.2.0/release/release_new/new.10/include/phoolraw:/cvmfs/sphenix.sdcc.bnl.gov/alma9.2-gcc-14.2.0/release/release_new/new.10/include/g4calo:/cvmfs/sphenix.sdcc.bnl.gov/alma9.2-gcc-14.2.0/release/release_new/new.10/include/mvtxrawhitqa:/cvmfs/sphenix.sdcc.bnl.gov/alma9.2-gcc-14.2.0/release/release_new/new.10/include/HepMC3:/cvmfs/sphenix.sdcc.bnl.gov/alma9.2-gcc-14.2.0/release/release_new/new.10/include/calowaveformsim:/cvmfs/sphenix.sdcc.bnl.gov/alma9.2-gcc-14.2.0/release/release_new/new.10/include/g4caloprototype:/cvmfs/sphenix.sdcc.bnl.gov/alma9.2-gcc-14.2.0/release/release_new/new.10/include/pdbcalbase:/cvmfs/sphenix.sdcc.bnl.gov/alma9.2-gcc-14.2.0/release/release_new/new.10/include/gsl:/cvmfs/sphenix.sdcc.bnl.gov/alma9.2-gcc-14.2.0/release/release_new/new.10/include/nodedump:/cvmfs/sphenix.sdcc.bnl.gov/alma9.2-gcc-14.2.0/release/release_new/new.10/include/emcnoisytowerfinder:/cvmfs/sphenix.sdcc.bnl.gov/alma9.2-gcc-14.2.0/release/release_new/new.10/include/ActsFatras:/cvmfs/sphenix.sdcc.bnl.gov/alma9.2-gcc-14.2.0/release/release_new/new.10/include/ffarawmodules:/cvmfs/sphenix.sdcc.bnl.gov/alma9.2-gcc-14.2.0/release/release_new/new.10/include/Event:/cvmfs/sphenix.sdcc.bnl.gov/alma9.2-gcc-14.2.0/release/release_new/new.10/include/prototype3:/cvmfs/sphenix.sdcc.bnl.gov/alma9.2-gcc-14.2.0/release/release_new/new.10/include/fermimotionafterburner:/cvmfs/sphenix.sdcc.bnl.gov/alma9.2-gcc-14.2.0/release/release_new/new.10/include/Photos:/cvmfs/sphenix.sdcc.bnl.gov/alma9.2-gcc-14.2.0/release/release_new/new.10/include/xingshiftcal:/cvmfs/sphenix.sdcc.bnl.gov/alma9.2-gcc-14.2.0/release/release_new/new.10/include/trackbase:/cvmfs/sphenix.sdcc.bnl.gov/alma9.2-gcc-14.2.0/release/release_new/new.10/include/jetdstskimmer:/cvmfs/sphenix.sdcc.bnl.gov/alma9.2-gcc-14.2.0/release/release_new/new.10/include/clusteriso:/cvmfs/sphenix.sdcc.bnl.gov/alma9.2-gcc-14.2.0/release/release_new/new.10/include/asmjit:/cvmfs/sphenix.sdcc.bnl.gov/alma9.2-gcc-14.2.0/release/release_new/new.10/include/particleflowreco:/cvmfs/sphenix.sdcc.bnl.gov/alma9.2-gcc-14.2.0/release/release_new/new.10/include/tpchittrackdisplay:/cvmfs/sphenix.sdcc.bnl.gov/alma9.2-gcc-14.2.0/release/release_new/new.10/include/caloana:/cvmfs/sphenix.sdcc.bnl.gov/alma9.2-gcc-14.2.0/release/release_new/new.10/include/calotrigger:/cvmfs/sphenix.sdcc.bnl.gov/alma9.2-gcc-14.2.0/release/release_new/new.10/include/nopayloadclient:/cvmfs/sphenix.sdcc.bnl.gov/alma9.2-gcc-14.2.0/release/release_new/new.10/include/trackermillepedealignment:/cvmfs/sphenix.sdcc.bnl.gov/alma9.2-gcc-14.2.0/release/release_new/new.10/include/DD4hep:/cvmfs/sphenix.sdcc.bnl.gov/alma9.2-gcc-14.2.0/release/release_new/new.10/include/g4trackfastsim:/cvmfs/sphenix.sdcc.bnl.gov/alma9.2-gcc-14.2.0/release/release_new/new.10/include/prototype2:/cvmfs/sphenix.sdcc.bnl.gov/alma9.2-gcc-14.2.0/release/release_new/new.10/include/ATen:/cvmfs/sphenix.sdcc.bnl.gov/alma9.2-gcc-14.2.0/release/release_new/new.10/include/g4main:/cvmfs/sphenix.sdcc.bnl.gov/alma9.2-gcc-14.2.0/release/release_new/new.10/include/Tauola:/cvmfs/sphenix.sdcc.bnl.gov/alma9.2-gcc-14.2.0/release/release_new/new.10/include/inttcalib:/cvmfs/sphenix.sdcc.bnl.gov/alma9.2-gcc-14.2.0/release/release_new/new.10/include/reactionplaneafterburner:/cvmfs/sphenix.sdcc.bnl.gov/alma9.2-gcc-14.2.0/release/release_new/new.10/include/globalqa:/cvmfs/sphenix.sdcc.bnl.gov/alma9.2-gcc-14.2.0/release/release_new/new.10/include/tpccalib:/cvmfs/sphenix.sdcc.bnl.gov/alma9.2-gcc-14.2.0/release/release_new/new.10/include/DDSegmentation:/cvmfs/sphenix.sdcc.bnl.gov/alma9.2-gcc-14.2.0/release/release_new/new.10/include/decayfinder:/cvmfs/sphenix.sdcc.bnl.gov/alma9.2-gcc-14.2.0/release/release_new/new.10/include/compressclus:/cvmfs/sphenix.sdcc.bnl.gov/alma9.2-gcc-14.2.0/release/release_new/new.10/include/simqa_modules:/cvmfs/sphenix.sdcc.bnl.gov/alma9.2-gcc-14.2.0/release/release_new/new.10/include/resonancejettagging:/cvmfs/sphenix.sdcc.bnl.gov/alma9.2-gcc-14.2.0/release/release_new/new.10/include/g4centrality:/cvmfs/sphenix.sdcc.bnl.gov/alma9.2-gcc-14.2.0/release/release_new/new.10/include/mvtx:/cvmfs/sphenix.sdcc.bnl.gov/alma9.2-gcc-14.2.0/release/release_new/new.10/include/nlohmann:/cvmfs/sphenix.sdcc.bnl.gov/alma9.2-gcc-14.2.0/release/release_new/new.10/include/localpoloffmon:/cvmfs/sphenix.sdcc.bnl.gov/alma9.2-gcc-14.2.0/release/release_new/new.10/include/DDEve:/cvmfs/sphenix.sdcc.bnl.gov/alma9.2-gcc-14.2.0/release/release_new/new.10/include/Parsers:/cvmfs/sphenix.sdcc.bnl.gov/alma9.2-gcc-14.2.0/release/release_new/new.10/include/trackingdiagnostics:/cvmfs/sphenix.sdcc.bnl.gov/alma9.2-gcc-14.2.0/release/release_new/new.10/include/g4vertex:/cvmfs/sphenix.sdcc.bnl.gov/alma9.2-gcc-14.2.0/release/release_new/new.10/include/jetbase:/cvmfs/sphenix.sdcc.bnl.gov/alma9.2-gcc-14.2.0/release/release_new/new.10/include/globalvertex:/cvmfs/sphenix.sdcc.bnl.gov/alma9.2-gcc-14.2.0/release/release_new/new.10/include/phgenfit:/cvmfs/sphenix.sdcc.bnl.gov/alma9.2-gcc-14.2.0/release/release_new/new.10/include/rawbcolumi:/cvmfs/sphenix.sdcc.bnl.gov/alma9.2-gcc-14.2.0/release/release_new/new.10/include/eicsmear:/cvmfs/sphenix.sdcc.bnl.gov/alma9.2-gcc-14.2.0/release/release_new/new.10/include/mvtxcalib:/cvmfs/sphenix.sdcc.bnl.gov/alma9.2-gcc-14.2.0/release/release_new/new.10/include/tpclinelaserdiode:/cvmfs/sphenix.sdcc.bnl.gov/alma9.2-gcc-14.2.0/release/release_new/new.10/include/hepmcjettrigger:/cvmfs/sphenix.sdcc.bnl.gov/alma9.2-gcc-14.2.0/release/release_new/new.10/include/core:/cvmfs/sphenix.sdcc.bnl.gov/alma9.2-gcc-14.2.0/release/release_new/new.10/include/calo_cdb:/cvmfs/sphenix.sdcc.bnl.gov/alma9.2-gcc-14.2.0/release/release_new/new.10/include/mvtxclustershapesqa:/cvmfs/sphenix.sdcc.bnl.gov/alma9.2-gcc-14.2.0/release/release_new/new.10/include/calopacketskimmer:/cvmfs/sphenix.sdcc.bnl.gov/alma9.2-gcc-14.2.0/opt/sphenix/core/geant4.10.07.p04/include:/cvmfs/sphenix.sdcc.bnl.gov/alma9.2-gcc-14.2.0/release/release_new/new.10/rootmacros:/cvmfs/sphenix.sdcc.bnl.gov/alma9.2-gcc-14.2.0/opt/sphenix/core/include
GSEARCHPATH=.:PG:LUSTRE:RAWDATA
PWD=/gpfs/mnt/gpfs02/sphenix/user/samfred/run25/ppg11/histmaking
LOGNAME=samfred
_CONDOR_JOB_AD=/home/condor/local/sphnx/execute/dir_3060411/.job.ad
MANPATH=/cvmfs/sphenix.sdcc.bnl.gov/alma9.2-gcc-14.2.0/opt/sphenix/core/gcc/14.2.0-2f0a0/x86_64-el9/share/man:/cvmfs/sphenix.sdcc.bnl.gov/alma9.2-gcc-14.2.0/opt/sphenix/core/binutils/2.40-acaab/x86_64-el9/share/man:/cvmfs/sphenix.sdcc.bnl.gov/alma9.2-gcc-14.2.0/release/release_new/new.10/share/man:/cvmfs/sphenix.sdcc.bnl.gov/alma9.2-gcc-14.2.0/opt/sphenix/utils/share/man:/cvmfs/sphenix.sdcc.bnl.gov/alma9.2-gcc-14.2.0/opt/sphenix/core/share/man:/cvmfs/sphenix.sdcc.bnl.gov/alma9.2-gcc-14.2.0/opt/sphenix/core/root-6.32.06/man:/usr/local/share/man:/usr/share/man
PYTHIA8=/cvmfs/sphenix.sdcc.bnl.gov/alma9.2-gcc-14.2.0/release/release_new/new.10/share/Pythia8
G4INCLDATA=/cvmfs/sphenix.sdcc.bnl.gov/alma9.2-gcc-14.2.0/opt/sphenix/core/geant4.10.07.p04/share/Geant4-10.7.4/data/G4INCL1.0
ORIG_PATH=/usr/local/bin:/usr/bin
CXX=/cvmfs/sphenix.sdcc.bnl.gov/alma9.2-gcc-14.2.0/opt/sphenix/core/gcc/14.2.0-2f0a0/x86_64-el9/bin/g++
G4LEDATA=/cvmfs/sphenix.sdcc.bnl.gov/alma9.2-gcc-14.2.0/opt/sphenix/core/geant4.10.07.p04/share/Geant4-10.7.4/data/G4EMLOW7.13
PYTHON_CPU_COUNT=1
OPENBLAS_NUM_THREADS=1
_CONDOR_BIN=/usr/bin
HOME=/sphenix/u/samfred
G4PARTICLEXSDATA=/cvmfs/sphenix.sdcc.bnl.gov/alma9.2-gcc-14.2.0/opt/sphenix/core/geant4.10.07.p04/share/Geant4-10.7.4/data/G4PARTICLEXS3.1.1
ONLINE_MAIN=/cvmfs/sphenix.sdcc.bnl.gov/alma9.2-gcc-14.2.0/release/release_new/new.10
CALIBRATIONROOT=/cvmfs/sphenix.sdcc.bnl.gov/alma9.2-gcc-14.2.0/release/release_new/new.10/share/calibrations
TMPDIR=/tmp
_CONDOR_SCRATCH_DIR=/home/condor/local/sphnx/execute/dir_3060411
PGUSER=phnxrc
NOPAYLOADCLIENT_CONF=/cvmfs/sphenix.sdcc.bnl.gov/alma9.2-gcc-14.2.0/opt/sphenix/core/etc/sPHENIX_newcdb.json
_CONDOR_ANCESTOR_3060411=3072275:1759351590:3592134353
XERCESCROOT=/cvmfs/sphenix.sdcc.bnl.gov/alma9.2-gcc-14.2.0/opt/sphenix/core/geant4.10.07.p04
LHAPATH=/cvmfs/sphenix.sdcc.bnl.gov/alma9.2-gcc-14.2.0/opt/sphenix/core/lhapdf-5.9.1/share/lhapdf/PDFsets
G4NEUTRONHPDATA=/cvmfs/sphenix.sdcc.bnl.gov/alma9.2-gcc-14.2.0/opt/sphenix/core/geant4.10.07.p04/share/Geant4-10.7.4/data/G4NDL4.6
PYTHONPATH=.:/cvmfs/sphenix.sdcc.bnl.gov/alma9.2-gcc-14.2.0/release/release_new/new.10/lib/python3.13/site-packages:/cvmfs/sphenix.sdcc.bnl.gov/alma9.2-gcc-14.2.0/opt/sphenix/core/lib/python3.13/site-packages:/cvmfs/sphenix.sdcc.bnl.gov/alma9.2-gcc-14.2.0/opt/sphenix/core/root-6.32.06/lib
USER=samfred
_CONDOR_JOB_PIDS=
TEMP=/tmp
GOMAXPROCS=1
_CONDOR_ANCESTOR_351240=3060411:1759351588:1866940895
OFFLINE_MAIN=/cvmfs/sphenix.sdcc.bnl.gov/alma9.2-gcc-14.2.0/release/release_new/new.10
SHLVL=1
TF_NUM_THREADS=1
G4SAIDXSDATA=/cvmfs/sphenix.sdcc.bnl.gov/alma9.2-gcc-14.2.0/opt/sphenix/core/geant4.10.07.p04/share/Geant4-10.7.4/data/G4SAIDDATA2.0
APPTAINER_CACHEDIR=/home/condor/local/sphnx/execute/dir_3060411
ROOTSYS=/cvmfs/sphenix.sdcc.bnl.gov/alma9.2-gcc-14.2.0/opt/sphenix/core/root-6.32.06
BATCH_SYSTEM=HTCondor
_CONDOR_SLOT=slot1_57
LD_LIBRARY_PATH=/sphenix/user/samfred/run25/install//lib:/cvmfs/sphenix.sdcc.bnl.gov/alma9.2-gcc-14.2.0/opt/sphenix/core/gcc/14.2.0-2f0a0/x86_64-el9/lib:/cvmfs/sphenix.sdcc.bnl.gov/alma9.2-gcc-14.2.0/opt/sphenix/core/gcc/14.2.0-2f0a0/x86_64-el9/lib64:/cvmfs/sphenix.sdcc.bnl.gov/alma9.2-gcc-14.2.0/opt/sphenix/core/binutils/2.40-acaab/x86_64-el9/lib:.:/cvmfs/sphenix.sdcc.bnl.gov/alma9.2-gcc-14.2.0/release/release_new/new.10/lib64:/cvmfs/sphenix.sdcc.bnl.gov/alma9.2-gcc-14.2.0/release/release_new/new.10/lib:/cvmfs/sphenix.sdcc.bnl.gov/alma9.2-gcc-14.2.0/opt/sphenix/utils/lib:/cvmfs/sphenix.sdcc.bnl.gov/alma9.2-gcc-14.2.0/opt/sphenix/core/lib:/cvmfs/sphenix.sdcc.bnl.gov/alma9.2-gcc-14.2.0/opt/sphenix/core/root-6.32.06/lib:/cvmfs/sphenix.sdcc.bnl.gov/alma9.2-gcc-14.2.0/opt/sphenix/core/geant4.10.07.p04/lib64:/cvmfs/sphenix.sdcc.bnl.gov/alma9.2-gcc-14.2.0/opt/sphenix/core/lhapdf-5.9.1/lib:/usr/local/lib64:/usr/lib64
OPT_SPHENIX=/cvmfs/sphenix.sdcc.bnl.gov/alma9.2-gcc-14.2.0/opt/sphenix/core
TF_LOOP_PARALLEL_ITERATIONS=1
EVT_LIB=/cvmfs/sphenix.sdcc.bnl.gov/alma9.2-gcc-14.2.0/opt/sphenix/core/root-6.32.06/lib
PGHOST=sphnxdbmaster.sdcc.bnl.gov
OMP_NUM_THREADS=1
G4REALSURFACEDATA=/cvmfs/sphenix.sdcc.bnl.gov/alma9.2-gcc-14.2.0/opt/sphenix/core/geant4.10.07.p04/share/Geant4-10.7.4/data/RealSurface2.2
FC=/cvmfs/sphenix.sdcc.bnl.gov/alma9.2-gcc-14.2.0/opt/sphenix/core/gcc/14.2.0-2f0a0/x86_64-el9/bin/gfortran
G4ABLADATA=/cvmfs/sphenix.sdcc.bnl.gov/alma9.2-gcc-14.2.0/opt/sphenix/core/geant4.10.07.p04/share/Geant4-10.7.4/data/G4ABLA3.1
PARASOFT=doesnotexist
TMP=/tmp
OPT_UTILS=/cvmfs/sphenix.sdcc.bnl.gov/alma9.2-gcc-14.2.0/opt/sphenix/utils
CONFIG_SITE=/cvmfs/sphenix.sdcc.bnl.gov/alma9.2-gcc-14.2.0/opt/sphenix/core/etc/config.site
PATH=/sphenix/user/samfred/run25/install//bin:/cvmfs/sphenix.sdcc.bnl.gov/alma9.2-gcc-14.2.0/opt/sphenix/core/gcc/14.2.0-2f0a0/x86_64-el9/bin:/cvmfs/sphenix.sdcc.bnl.gov/alma9.2-gcc-14.2.0/opt/sphenix/core/binutils/2.40-acaab/x86_64-el9/bin:.:/cvmfs/sphenix.sdcc.bnl.gov/alma9.2-gcc-14.2.0/release/release_new/new.10/bin:/cvmfs/sphenix.sdcc.bnl.gov/alma9.2-gcc-14.2.0/opt/sphenix/utils/bin:/cvmfs/sphenix.sdcc.bnl.gov/alma9.2-gcc-14.2.0/opt/sphenix/core/bin:/cvmfs/sphenix.sdcc.bnl.gov/alma9.2-gcc-14.2.0/opt/sphenix/core/root-6.32.06/bin:/cvmfs/sphenix.sdcc.bnl.gov/alma9.2-gcc-14.2.0/opt/sphenix/core/geant4.10.07.p04/bin:/usr/local/bin:/usr/bin:/usr/local/sbin:/usr/sbin
G4LEVELGAMMADATA=/cvmfs/sphenix.sdcc.bnl.gov/alma9.2-gcc-14.2.0/opt/sphenix/core/geant4.10.07.p04/share/Geant4-10.7.4/data/PhotonEvaporation5.7
CC=/cvmfs/sphenix.sdcc.bnl.gov/alma9.2-gcc-14.2.0/opt/sphenix/core/gcc/14.2.0-2f0a0/x86_64-el9/bin/gcc
G4RADIOACTIVEDATA=/cvmfs/sphenix.sdcc.bnl.gov/alma9.2-gcc-14.2.0/opt/sphenix/core/geant4.10.07.p04/share/Geant4-10.7.4/data/RadioactiveDecay5.6
JULIA_NUM_THREADS=1
MKL_NUM_THREADS=1
LHAPDF_DATA_PATH=/cvmfs/sphenix.sdcc.bnl.gov/alma9.2-gcc-14.2.0/release/release_new/new.10/share/LHAPDF
XPLOAD_CONFIG_DIR=/cvmfs/sphenix.sdcc.bnl.gov/alma9.2-gcc-14.2.0/opt/sphenix/core/etc
OLDPWD=/cvmfs/sphenix.sdcc.bnl.gov/alma9.2-gcc-14.2.0/release/release_new/new.10/geant4
_=/usr/bin/printenv
runnumber...
1
trigger...
MB
   ------------------------------------------------------------------
  | Welcome to ROOT 6.32.06                        https://root.cern |
  | (c) 1995-2024, The ROOT Team; conception: R. Brun, F. Rademakers |
  | Built for linuxx8664gcc on Dec 13 2024, 17:23:48                 |
  | From tags/6-32-06@6-32-06                                        |
  | With g++ (GCC) 14.2.0                                            |
  | Try '.help'/'.?', '.demo', '.license', '.credits', '.quit'/'.q'  |
   ------------------------------------------------------------------


Processing truthhistmaker_smeartest.C(1,"MB")...
entry 4000/8215923 (0.0486859%)
entry 5000/8215923 (0.0608574%)
entry 7000/8215923 (0.0852004%)
entry 9000/8215923 (0.109543%)
entry 11000/8215923 (0.133886%)
entry 14000/8215923 (0.170401%)
entry 16000/8215923 (0.194744%)
entry 19000/8215923 (0.231258%)
entry 22000/8215923 (0.267773%)
entry 34000/8215923 (0.413831%)
entry 40000/8215923 (0.486859%)
entry 44000/8215923 (0.535545%)
entry 45000/8215923 (0.547717%)
entry 46000/8215923 (0.559888%)
entry 47000/8215923 (0.57206%)
entry 51000/8215923 (0.620746%)
entry 62000/8215923 (0.754632%)
entry 63000/8215923 (0.766804%)
entry 67000/8215923 (0.81549%)
entry 69000/8215923 (0.839833%)
entry 76000/8215923 (0.925033%)
entry 83000/8215923 (1.01023%)
entry 86000/8215923 (1.04675%)
entry 88000/8215923 (1.07109%)
entry 89000/8215923 (1.08326%)
entry 94000/8215923 (1.14412%)
entry 99000/8215923 (1.20498%)
entry 105000/8215923 (1.27801%)
entry 110000/8215923 (1.33886%)
entry 111000/8215923 (1.35104%)
entry 112000/8215923 (1.36321%)
entry 114000/8215923 (1.38755%)
entry 116000/8215923 (1.41189%)
entry 117000/8215923 (1.42406%)
entry 119000/8215923 (1.44841%)
entry 126000/8215923 (1.53361%)
entry 130000/8215923 (1.58229%)
entry 135000/8215923 (1.64315%)
entry 153000/8215923 (1.86224%)
entry 156000/8215923 (1.89875%)
entry 157000/8215923 (1.91092%)
entry 158000/8215923 (1.92309%)
entry 159000/8215923 (1.93527%)
entry 164000/8215923 (1.99612%)
entry 168000/8215923 (2.04481%)
entry 173000/8215923 (2.10567%)
entry 180000/8215923 (2.19087%)
entry 190000/8215923 (2.31258%)
entry 192000/8215923 (2.33693%)
entry 205000/8215923 (2.49515%)
entry 210000/8215923 (2.55601%)
entry 215000/8215923 (2.61687%)
entry 217000/8215923 (2.64121%)
entry 222000/8215923 (2.70207%)
entry 224000/8215923 (2.72641%)
entry 236000/8215923 (2.87247%)
entry 237000/8215923 (2.88464%)
entry 239000/8215923 (2.90899%)
entry 241000/8215923 (2.93333%)
entry 242000/8215923 (2.9455%)
entry 243000/8215923 (2.95767%)
entry 258000/8215923 (3.14024%)
entry 262000/8215923 (3.18893%)
entry 274000/8215923 (3.33499%)
entry 275000/8215923 (3.34716%)
entry 276000/8215923 (3.35933%)
entry 278000/8215923 (3.38367%)
entry 282000/8215923 (3.43236%)
entry 289000/8215923 (3.51756%)
entry 302000/8215923 (3.67579%)
entry 304000/8215923 (3.70013%)
entry 307000/8215923 (3.73665%)
entry 310000/8215923 (3.77316%)
entry 314000/8215923 (3.82185%)
entry 316000/8215923 (3.84619%)
entry 320000/8215923 (3.89488%)
entry 323000/8215923 (3.93139%)
entry 326000/8215923 (3.9679%)
entry 333000/8215923 (4.05311%)
entry 335000/8215923 (4.07745%)
entry 338000/8215923 (4.11396%)
entry 340000/8215923 (4.13831%)
entry 341000/8215923 (4.15048%)
entry 343000/8215923 (4.17482%)
entry 345000/8215923 (4.19916%)
entry 348000/8215923 (4.23568%)
entry 349000/8215923 (4.24785%)
entry 350000/8215923 (4.26002%)
entry 351000/8215923 (4.27219%)
entry 356000/8215923 (4.33305%)
entry 360000/8215923 (4.38174%)
entry 364000/8215923 (4.43042%)
entry 366000/8215923 (4.45476%)
entry 367000/8215923 (4.46694%)
entry 369000/8215923 (4.49128%)
entry 371000/8215923 (4.51562%)
entry 377000/8215923 (4.58865%)
entry 378000/8215923 (4.60082%)
entry 379000/8215923 (4.61299%)
entry 380000/8215923 (4.62517%)
entry 381000/8215923 (4.63734%)
entry 392000/8215923 (4.77122%)
entry 394000/8215923 (4.79557%)
entry 395000/8215923 (4.80774%)
entry 402000/8215923 (4.89294%)
entry 403000/8215923 (4.90511%)
entry 405000/8215923 (4.92945%)
entry 409000/8215923 (4.97814%)
entry 410000/8215923 (4.99031%)
entry 411000/8215923 (5.00248%)
entry 414000/8215923 (5.039%)
entry 426000/8215923 (5.18505%)
entry 427000/8215923 (5.19722%)
entry 430000/8215923 (5.23374%)
entry 432000/8215923 (5.25808%)
entry 433000/8215923 (5.27025%)
entry 443000/8215923 (5.39197%)
entry 446000/8215923 (5.42848%)
entry 447000/8215923 (5.44065%)
entry 450000/8215923 (5.47717%)
entry 451000/8215923 (5.48934%)
entry 458000/8215923 (5.57454%)
entry 461000/8215923 (5.61106%)
entry 470000/8215923 (5.7206%)
entry 476000/8215923 (5.79363%)
entry 482000/8215923 (5.86666%)
entry 483000/8215923 (5.87883%)
entry 487000/8215923 (5.92751%)
entry 490000/8215923 (5.96403%)
entry 495000/8215923 (6.02489%)
entry 500000/8215923 (6.08574%)
entry 502000/8215923 (6.11009%)
entry 503000/8215923 (6.12226%)
entry 505000/8215923 (6.1466%)
entry 512000/8215923 (6.2318%)
entry 513000/8215923 (6.24397%)
entry 518000/8215923 (6.30483%)
entry 520000/8215923 (6.32917%)
entry 521000/8215923 (6.34134%)
entry 534000/8215923 (6.49957%)
entry 535000/8215923 (6.51175%)
entry 537000/8215923 (6.53609%)
entry 538000/8215923 (6.54826%)
entry 547000/8215923 (6.6578%)
entry 552000/8215923 (6.71866%)
entry 554000/8215923 (6.743%)
entry 555000/8215923 (6.75518%)
entry 560000/8215923 (6.81603%)
entry 564000/8215923 (6.86472%)
entry 565000/8215923 (6.87689%)
entry 568000/8215923 (6.9134%)
entry 569000/8215923 (6.92558%)
entry 577000/8215923 (7.02295%)
entry 578000/8215923 (7.03512%)
entry 579000/8215923 (7.04729%)
entry 580000/8215923 (7.05946%)
entry 585000/8215923 (7.12032%)
entry 591000/8215923 (7.19335%)
entry 596000/8215923 (7.25421%)
entry 597000/8215923 (7.26638%)
entry 599000/8215923 (7.29072%)
entry 608000/8215923 (7.40026%)
entry 609000/8215923 (7.41244%)
entry 610000/8215923 (7.42461%)
entry 633000/8215923 (7.70455%)
entry 635000/8215923 (7.72889%)
entry 645000/8215923 (7.85061%)
entry 646000/8215923 (7.86278%)
entry 652000/8215923 (7.93581%)
entry 653000/8215923 (7.94798%)
entry 659000/8215923 (8.02101%)
entry 664000/8215923 (8.08187%)
entry 668000/8215923 (8.13055%)
entry 669000/8215923 (8.14272%)
entry 676000/8215923 (8.22793%)
entry 679000/8215923 (8.26444%)
entry 684000/8215923 (8.3253%)
entry 686000/8215923 (8.34964%)
entry 703000/8215923 (8.55656%)
entry 709000/8215923 (8.62958%)
entry 712000/8215923 (8.6661%)
entry 713000/8215923 (8.67827%)
entry 718000/8215923 (8.73913%)
entry 720000/8215923 (8.76347%)
entry 726000/8215923 (8.8365%)
entry 729000/8215923 (8.87301%)
entry 732000/8215923 (8.90953%)
entry 733000/8215923 (8.9217%)
entry 736000/8215923 (8.95821%)
entry 737000/8215923 (8.97039%)
entry 741000/8215923 (9.01907%)
entry 742000/8215923 (9.03124%)
entry 749000/8215923 (9.11644%)
entry 756000/8215923 (9.20164%)
entry 757000/8215923 (9.21382%)
entry 758000/8215923 (9.22599%)
entry 759000/8215923 (9.23816%)
entry 763000/8215923 (9.28684%)
entry 766000/8215923 (9.32336%)
entry 784000/8215923 (9.54245%)
entry 789000/8215923 (9.6033%)
entry 791000/8215923 (9.62765%)
entry 793000/8215923 (9.65199%)
entry 795000/8215923 (9.67633%)
entry 803000/8215923 (9.7737%)
entry 806000/8215923 (9.81022%)
entry 808000/8215923 (9.83456%)
entry 811000/8215923 (9.87108%)
entry 817000/8215923 (9.94411%)
entry 821000/8215923 (9.99279%)
entry 826000/8215923 (10.0536%)
entry 828000/8215923 (10.078%)
entry 842000/8215923 (10.2484%)
entry 847000/8215923 (10.3092%)
entry 848000/8215923 (10.3214%)
entry 849000/8215923 (10.3336%)
entry 854000/8215923 (10.3944%)
entry 858000/8215923 (10.4431%)
entry 861000/8215923 (10.4797%)
entry 863000/8215923 (10.504%)
entry 868000/8215923 (10.5649%)
entry 869000/8215923 (10.577%)
entry 878000/8215923 (10.6866%)
entry 886000/8215923 (10.7839%)
entry 890000/8215923 (10.8326%)
entry 894000/8215923 (10.8813%)
entry 898000/8215923 (10.93%)
entry 902000/8215923 (10.9787%)
entry 916000/8215923 (11.1491%)
entry 918000/8215923 (11.1734%)
entry 926000/8215923 (11.2708%)
entry 931000/8215923 (11.3317%)
entry 932000/8215923 (11.3438%)
entry 942000/8215923 (11.4655%)
entry 947000/8215923 (11.5264%)
entry 955000/8215923 (11.6238%)
entry 959000/8215923 (11.6725%)
entry 961000/8215923 (11.6968%)
entry 972000/8215923 (11.8307%)
entry 978000/8215923 (11.9037%)
entry 979000/8215923 (11.9159%)
entry 982000/8215923 (11.9524%)
entry 992000/8215923 (12.0741%)
entry 993000/8215923 (12.0863%)
entry 994000/8215923 (12.0985%)
entry 1000000/8215923 (12.1715%)
entry 1004000/8215923 (12.2202%)
entry 1008000/8215923 (12.2689%)
entry 1009000/8215923 (12.281%)
entry 1010000/8215923 (12.2932%)
entry 1013000/8215923 (12.3297%)
entry 1014000/8215923 (12.3419%)
entry 1019000/8215923 (12.4027%)
entry 1022000/8215923 (12.4393%)
entry 1025000/8215923 (12.4758%)
entry 1029000/8215923 (12.5245%)
entry 1036000/8215923 (12.6097%)
entry 1039000/8215923 (12.6462%)
entry 1041000/8215923 (12.6705%)
entry 1042000/8215923 (12.6827%)
entry 1055000/8215923 (12.8409%)
entry 1056000/8215923 (12.8531%)
entry 1059000/8215923 (12.8896%)
entry 1061000/8215923 (12.9139%)
entry 1063000/8215923 (12.9383%)
entry 1070000/8215923 (13.0235%)
entry 1071000/8215923 (13.0357%)
entry 1073000/8215923 (13.06%)
entry 1075000/8215923 (13.0843%)
entry 1081000/8215923 (13.1574%)
entry 1082000/8215923 (13.1695%)
entry 1084000/8215923 (13.1939%)
entry 1086000/8215923 (13.2182%)
entry 1092000/8215923 (13.2913%)
entry 1098000/8215923 (13.3643%)
entry 1101000/8215923 (13.4008%)
entry 1103000/8215923 (13.4252%)
entry 1117000/8215923 (13.5956%)
entry 1121000/8215923 (13.6442%)
entry 1122000/8215923 (13.6564%)
entry 1132000/8215923 (13.7781%)
entry 1134000/8215923 (13.8025%)
entry 1142000/8215923 (13.8998%)
entry 1146000/8215923 (13.9485%)
entry 1158000/8215923 (14.0946%)
entry 1160000/8215923 (14.1189%)
entry 1162000/8215923 (14.1433%)
entry 1175000/8215923 (14.3015%)
entry 1183000/8215923 (14.3989%)
entry 1188000/8215923 (14.4597%)
entry 1189000/8215923 (14.4719%)
entry 1191000/8215923 (14.4962%)
entry 1193000/8215923 (14.5206%)
entry 1196000/8215923 (14.5571%)
entry 1197000/8215923 (14.5693%)
entry 1202000/8215923 (14.6301%)
entry 1204000/8215923 (14.6545%)
entry 1207000/8215923 (14.691%)
entry 1212000/8215923 (14.7518%)
entry 1213000/8215923 (14.764%)
entry 1214000/8215923 (14.7762%)
entry 1215000/8215923 (14.7884%)
entry 1216000/8215923 (14.8005%)
entry 1223000/8215923 (14.8857%)
entry 1224000/8215923 (14.8979%)
entry 1229000/8215923 (14.9588%)
entry 1230000/8215923 (14.9709%)
entry 1231000/8215923 (14.9831%)
entry 1232000/8215923 (14.9953%)
entry 1235000/8215923 (15.0318%)
entry 1244000/8215923 (15.1413%)
entry 1245000/8215923 (15.1535%)
entry 1248000/8215923 (15.19%)
entry 1249000/8215923 (15.2022%)
entry 1251000/8215923 (15.2265%)
entry 1252000/8215923 (15.2387%)
entry 1254000/8215923 (15.263%)
entry 1258000/8215923 (15.3117%)
entry 1260000/8215923 (15.3361%)
entry 1261000/8215923 (15.3482%)
entry 1267000/8215923 (15.4213%)
entry 1268000/8215923 (15.4334%)
entry 1269000/8215923 (15.4456%)
entry 1270000/8215923 (15.4578%)
entry 1276000/8215923 (15.5308%)
entry 1280000/8215923 (15.5795%)
entry 1285000/8215923 (15.6404%)
entry 1287000/8215923 (15.6647%)
entry 1291000/8215923 (15.7134%)
entry 1297000/8215923 (15.7864%)
entry 1301000/8215923 (15.8351%)
entry 1302000/8215923 (15.8473%)
entry 1307000/8215923 (15.9081%)
entry 1316000/8215923 (16.0177%)
entry 1317000/8215923 (16.0298%)
entry 1319000/8215923 (16.0542%)
entry 1323000/8215923 (16.1029%)
entry 1329000/8215923 (16.1759%)
entry 1330000/8215923 (16.1881%)
entry 1332000/8215923 (16.2124%)
entry 1333000/8215923 (16.2246%)
entry 1334000/8215923 (16.2368%)
entry 1339000/8215923 (16.2976%)
entry 1343000/8215923 (16.3463%)
entry 1359000/8215923 (16.5411%)
entry 1361000/8215923 (16.5654%)
entry 1366000/8215923 (16.6263%)
entry 1367000/8215923 (16.6384%)
entry 1368000/8215923 (16.6506%)
entry 1372000/8215923 (16.6993%)
entry 1375000/8215923 (16.7358%)
entry 1377000/8215923 (16.7601%)
entry 1382000/8215923 (16.821%)
entry 1385000/8215923 (16.8575%)
entry 1389000/8215923 (16.9062%)
entry 1391000/8215923 (16.9305%)
entry 1393000/8215923 (16.9549%)
entry 1398000/8215923 (17.0157%)
entry 1406000/8215923 (17.1131%)
entry 1411000/8215923 (17.174%)
entry 1413000/8215923 (17.1983%)
entry 1414000/8215923 (17.2105%)
entry 1416000/8215923 (17.2348%)
entry 1418000/8215923 (17.2592%)
entry 1425000/8215923 (17.3444%)
entry 1428000/8215923 (17.3809%)
entry 1437000/8215923 (17.4904%)
entry 1438000/8215923 (17.5026%)
entry 1439000/8215923 (17.5148%)
entry 1441000/8215923 (17.5391%)
entry 1442000/8215923 (17.5513%)
entry 1444000/8215923 (17.5756%)
entry 1445000/8215923 (17.5878%)
entry 1447000/8215923 (17.6121%)
entry 1451000/8215923 (17.6608%)
entry 1456000/8215923 (17.7217%)
entry 1457000/8215923 (17.7339%)
entry 1459000/8215923 (17.7582%)
entry 1471000/8215923 (17.9043%)
entry 1481000/8215923 (18.026%)
entry 1497000/8215923 (18.2207%)
entry 1499000/8215923 (18.2451%)
entry 1502000/8215923 (18.2816%)
entry 1503000/8215923 (18.2937%)
entry 1510000/8215923 (18.3789%)
entry 1512000/8215923 (18.4033%)
entry 1520000/8215923 (18.5007%)
entry 1535000/8215923 (18.6832%)
entry 1536000/8215923 (18.6954%)
entry 1537000/8215923 (18.7076%)
entry 1544000/8215923 (18.7928%)
entry 1545000/8215923 (18.8049%)
entry 1547000/8215923 (18.8293%)
entry 1548000/8215923 (18.8415%)
entry 1555000/8215923 (18.9267%)
entry 1561000/8215923 (18.9997%)
entry 1564000/8215923 (19.0362%)
entry 1567000/8215923 (19.0727%)
entry 1572000/8215923 (19.1336%)
entry 1573000/8215923 (19.1457%)
entry 1578000/8215923 (19.2066%)
entry 1585000/8215923 (19.2918%)
entry 1586000/8215923 (19.304%)
entry 1605000/8215923 (19.5352%)
entry 1606000/8215923 (19.5474%)
entry 1607000/8215923 (19.5596%)
entry 1611000/8215923 (19.6083%)
entry 1612000/8215923 (19.6204%)
entry 1621000/8215923 (19.73%)
entry 1622000/8215923 (19.7422%)
entry 1624000/8215923 (19.7665%)
entry 1628000/8215923 (19.8152%)
entry 1632000/8215923 (19.8639%)
entry 1633000/8215923 (19.876%)
entry 1636000/8215923 (19.9126%)
entry 1638000/8215923 (19.9369%)
entry 1644000/8215923 (20.0099%)
entry 1647000/8215923 (20.0464%)
entry 1649000/8215923 (20.0708%)
entry 1650000/8215923 (20.083%)
entry 1654000/8215923 (20.1316%)
entry 1655000/8215923 (20.1438%)
entry 1660000/8215923 (20.2047%)
entry 1668000/8215923 (20.302%)
entry 1683000/8215923 (20.4846%)
entry 1684000/8215923 (20.4968%)
entry 1685000/8215923 (20.509%)
entry 1694000/8215923 (20.6185%)
entry 1697000/8215923 (20.655%)
entry 1702000/8215923 (20.7159%)
entry 1705000/8215923 (20.7524%)
entry 1709000/8215923 (20.8011%)
entry 1712000/8215923 (20.8376%)
entry 1713000/8215923 (20.8498%)
entry 1714000/8215923 (20.8619%)
entry 1715000/8215923 (20.8741%)
entry 1719000/8215923 (20.9228%)
entry 1720000/8215923 (20.935%)
entry 1722000/8215923 (20.9593%)
entry 1729000/8215923 (21.0445%)
entry 1730000/8215923 (21.0567%)
entry 1731000/8215923 (21.0688%)
entry 1739000/8215923 (21.1662%)
entry 1740000/8215923 (21.1784%)
entry 1745000/8215923 (21.2392%)
entry 1747000/8215923 (21.2636%)
entry 1748000/8215923 (21.2758%)
entry 1751000/8215923 (21.3123%)
entry 1752000/8215923 (21.3244%)
entry 1759000/8215923 (21.4096%)
entry 1760000/8215923 (21.4218%)
entry 1766000/8215923 (21.4948%)
entry 1785000/8215923 (21.7261%)
entry 1786000/8215923 (21.7383%)
entry 1789000/8215923 (21.7748%)
entry 1791000/8215923 (21.7991%)
entry 1792000/8215923 (21.8113%)
entry 1796000/8215923 (21.86%)
entry 1798000/8215923 (21.8843%)
entry 1805000/8215923 (21.9695%)
entry 1813000/8215923 (22.0669%)
entry 1815000/8215923 (22.0912%)
entry 1822000/8215923 (22.1764%)
entry 1829000/8215923 (22.2616%)
entry 1831000/8215923 (22.286%)
entry 1834000/8215923 (22.3225%)
entry 1835000/8215923 (22.3347%)
entry 1839000/8215923 (22.3834%)
entry 1843000/8215923 (22.4321%)
entry 1844000/8215923 (22.4442%)
entry 1845000/8215923 (22.4564%)
entry 1848000/8215923 (22.4929%)
entry 1855000/8215923 (22.5781%)
entry 1861000/8215923 (22.6511%)
entry 1862000/8215923 (22.6633%)
entry 1863000/8215923 (22.6755%)
entry 1866000/8215923 (22.712%)
entry 1876000/8215923 (22.8337%)
entry 1877000/8215923 (22.8459%)
entry 1878000/8215923 (22.8581%)
entry 1884000/8215923 (22.9311%)
entry 1889000/8215923 (22.9919%)
entry 1891000/8215923 (23.0163%)
entry 1895000/8215923 (23.065%)
entry 1899000/8215923 (23.1137%)
entry 1908000/8215923 (23.2232%)
entry 1909000/8215923 (23.2354%)
entry 1919000/8215923 (23.3571%)
entry 1924000/8215923 (23.4179%)
entry 1932000/8215923 (23.5153%)
entry 1946000/8215923 (23.6857%)
entry 1948000/8215923 (23.7101%)
entry 1954000/8215923 (23.7831%)
entry 1955000/8215923 (23.7953%)
entry 1961000/8215923 (23.8683%)
entry 1971000/8215923 (23.99%)
entry 1984000/8215923 (24.1482%)
entry 1987000/8215923 (24.1847%)
entry 1993000/8215923 (24.2578%)
entry 1995000/8215923 (24.2821%)
entry 2004000/8215923 (24.3917%)
entry 2005000/8215923 (24.4038%)
entry 2010000/8215923 (24.4647%)
entry 2015000/8215923 (24.5255%)
entry 2016000/8215923 (24.5377%)
entry 2017000/8215923 (24.5499%)
entry 2019000/8215923 (24.5742%)
entry 2021000/8215923 (24.5986%)
entry 2027000/8215923 (24.6716%)
entry 2029000/8215923 (24.6959%)
entry 2030000/8215923 (24.7081%)
entry 2032000/8215923 (24.7325%)
entry 2047000/8215923 (24.915%)
entry 2052000/8215923 (24.9759%)
entry 2053000/8215923 (24.9881%)
entry 2054000/8215923 (25.0002%)
entry 2065000/8215923 (25.1341%)
entry 2069000/8215923 (25.1828%)
entry 2070000/8215923 (25.195%)
entry 2074000/8215923 (25.2437%)
entry 2075000/8215923 (25.2558%)
entry 2078000/8215923 (25.2923%)
entry 2079000/8215923 (25.3045%)
entry 2084000/8215923 (25.3654%)
entry 2088000/8215923 (25.4141%)
entry 2097000/8215923 (25.5236%)
entry 2103000/8215923 (25.5966%)
entry 2106000/8215923 (25.6332%)
entry 2108000/8215923 (25.6575%)
entry 2109000/8215923 (25.6697%)
entry 2120000/8215923 (25.8036%)
entry 2131000/8215923 (25.9374%)
entry 2137000/8215923 (26.0105%)
entry 2138000/8215923 (26.0226%)
entry 2139000/8215923 (26.0348%)
entry 2144000/8215923 (26.0957%)
entry 2147000/8215923 (26.1322%)
entry 2148000/8215923 (26.1444%)
entry 2153000/8215923 (26.2052%)
entry 2155000/8215923 (26.2296%)
entry 2160000/8215923 (26.2904%)
entry 2162000/8215923 (26.3148%)
entry 2163000/8215923 (26.3269%)
entry 2164000/8215923 (26.3391%)
entry 2166000/8215923 (26.3634%)
entry 2168000/8215923 (26.3878%)
entry 2172000/8215923 (26.4365%)
entry 2174000/8215923 (26.4608%)
entry 2175000/8215923 (26.473%)
entry 2178000/8215923 (26.5095%)
entry 2179000/8215923 (26.5217%)
entry 2183000/8215923 (26.5704%)
entry 2187000/8215923 (26.619%)
entry 2189000/8215923 (26.6434%)
entry 2191000/8215923 (26.6677%)
entry 2195000/8215923 (26.7164%)
entry 2203000/8215923 (26.8138%)
entry 2204000/8215923 (26.826%)
entry 2220000/8215923 (27.0207%)
entry 2225000/8215923 (27.0816%)
entry 2231000/8215923 (27.1546%)
entry 2234000/8215923 (27.1911%)
entry 2236000/8215923 (27.2154%)
entry 2243000/8215923 (27.3006%)
entry 2246000/8215923 (27.3372%)
entry 2249000/8215923 (27.3737%)
entry 2252000/8215923 (27.4102%)
entry 2258000/8215923 (27.4832%)
entry 2263000/8215923 (27.5441%)
entry 2264000/8215923 (27.5562%)
entry 2272000/8215923 (27.6536%)
entry 2278000/8215923 (27.7266%)
entry 2282000/8215923 (27.7753%)
entry 2283000/8215923 (27.7875%)
entry 2295000/8215923 (27.9336%)
entry 2296000/8215923 (27.9457%)
entry 2298000/8215923 (27.9701%)
entry 2301000/8215923 (28.0066%)
entry 2303000/8215923 (28.0309%)
entry 2304000/8215923 (28.0431%)
entry 2312000/8215923 (28.1405%)
entry 2318000/8215923 (28.2135%)
entry 2324000/8215923 (28.2865%)
entry 2327000/8215923 (28.3231%)
entry 2331000/8215923 (28.3717%)
entry 2335000/8215923 (28.4204%)
entry 2336000/8215923 (28.4326%)
entry 2341000/8215923 (28.4935%)
entry 2354000/8215923 (28.6517%)
entry 2364000/8215923 (28.7734%)
entry 2365000/8215923 (28.7856%)
entry 2380000/8215923 (28.9681%)
entry 2384000/8215923 (29.0168%)
entry 2385000/8215923 (29.029%)
entry 2388000/8215923 (29.0655%)
entry 2390000/8215923 (29.0899%)
entry 2391000/8215923 (29.102%)
entry 2392000/8215923 (29.1142%)
entry 2394000/8215923 (29.1385%)
entry 2395000/8215923 (29.1507%)
entry 2396000/8215923 (29.1629%)
entry 2403000/8215923 (29.2481%)
entry 2404000/8215923 (29.2603%)
entry 2405000/8215923 (29.2724%)
entry 2411000/8215923 (29.3455%)
entry 2418000/8215923 (29.4307%)
entry 2424000/8215923 (29.5037%)
entry 2426000/8215923 (29.528%)
entry 2440000/8215923 (29.6984%)
entry 2451000/8215923 (29.8323%)
entry 2476000/8215923 (30.1366%)
entry 2485000/8215923 (30.2461%)
entry 2486000/8215923 (30.2583%)
entry 2494000/8215923 (30.3557%)
entry 2496000/8215923 (30.38%)
entry 2497000/8215923 (30.3922%)
entry 2498000/8215923 (30.4044%)
entry 2503000/8215923 (30.4652%)
entry 2512000/8215923 (30.5748%)
entry 2515000/8215923 (30.6113%)
entry 2519000/8215923 (30.66%)
entry 2520000/8215923 (30.6721%)
entry 2524000/8215923 (30.7208%)
entry 2526000/8215923 (30.7452%)
entry 2529000/8215923 (30.7817%)
entry 2530000/8215923 (30.7939%)
entry 2532000/8215923 (30.8182%)
entry 2538000/8215923 (30.8912%)
entry 2545000/8215923 (30.9764%)
entry 2549000/8215923 (31.0251%)
entry 2550000/8215923 (31.0373%)
entry 2553000/8215923 (31.0738%)
entry 2555000/8215923 (31.0981%)
entry 2556000/8215923 (31.1103%)
entry 2557000/8215923 (31.1225%)
entry 2561000/8215923 (31.1712%)
entry 2567000/8215923 (31.2442%)
entry 2590000/8215923 (31.5242%)
entry 2592000/8215923 (31.5485%)
entry 2601000/8215923 (31.658%)
entry 2605000/8215923 (31.7067%)
entry 2612000/8215923 (31.7919%)
entry 2613000/8215923 (31.8041%)
entry 2619000/8215923 (31.8771%)
entry 2621000/8215923 (31.9015%)
entry 2629000/8215923 (31.9988%)
entry 2632000/8215923 (32.0354%)
entry 2633000/8215923 (32.0475%)
entry 2641000/8215923 (32.1449%)
entry 2642000/8215923 (32.1571%)
entry 2643000/8215923 (32.1692%)
entry 2648000/8215923 (32.2301%)
entry 2653000/8215923 (32.291%)
entry 2656000/8215923 (32.3275%)
entry 2659000/8215923 (32.364%)
entry 2660000/8215923 (32.3762%)
entry 2667000/8215923 (32.4614%)
entry 2669000/8215923 (32.4857%)
entry 2675000/8215923 (32.5587%)
entry 2676000/8215923 (32.5709%)
entry 2683000/8215923 (32.6561%)
entry 2693000/8215923 (32.7778%)
entry 2694000/8215923 (32.79%)
entry 2698000/8215923 (32.8387%)
entry 2700000/8215923 (32.863%)
entry 2712000/8215923 (33.0091%)
entry 2714000/8215923 (33.0334%)
entry 2715000/8215923 (33.0456%)
entry 2720000/8215923 (33.1064%)
entry 2721000/8215923 (33.1186%)
entry 2724000/8215923 (33.1551%)
entry 2731000/8215923 (33.2403%)
entry 2734000/8215923 (33.2768%)
entry 2742000/8215923 (33.3742%)
entry 2743000/8215923 (33.3864%)
entry 2746000/8215923 (33.4229%)
entry 2747000/8215923 (33.4351%)
entry 2750000/8215923 (33.4716%)
entry 2754000/8215923 (33.5203%)
entry 2756000/8215923 (33.5446%)
entry 2760000/8215923 (33.5933%)
entry 2771000/8215923 (33.7272%)
entry 2778000/8215923 (33.8124%)
entry 2783000/8215923 (33.8732%)
entry 2787000/8215923 (33.9219%)
entry 2788000/8215923 (33.9341%)
entry 2792000/8215923 (33.9828%)
entry 2801000/8215923 (34.0923%)
entry 2807000/8215923 (34.1654%)
entry 2809000/8215923 (34.1897%)
entry 2817000/8215923 (34.2871%)
entry 2819000/8215923 (34.3114%)
entry 2829000/8215923 (34.4331%)
entry 2831000/8215923 (34.4575%)
entry 2841000/8215923 (34.5792%)
entry 2845000/8215923 (34.6279%)
entry 2847000/8215923 (34.6522%)
entry 2850000/8215923 (34.6887%)
entry 2857000/8215923 (34.7739%)
entry 2865000/8215923 (34.8713%)
entry 2868000/8215923 (34.9078%)
entry 2875000/8215923 (34.993%)
entry 2883000/8215923 (35.0904%)
entry 2886000/8215923 (35.1269%)
entry 2889000/8215923 (35.1634%)
entry 2890000/8215923 (35.1756%)
entry 2895000/8215923 (35.2365%)
entry 2907000/8215923 (35.3825%)
entry 2910000/8215923 (35.419%)
entry 2911000/8215923 (35.4312%)
entry 2913000/8215923 (35.4555%)
entry 2915000/8215923 (35.4799%)
entry 2918000/8215923 (35.5164%)
entry 2921000/8215923 (35.5529%)
entry 2928000/8215923 (35.6381%)
entry 2933000/8215923 (35.699%)
entry 2944000/8215923 (35.8329%)
entry 2945000/8215923 (35.845%)
entry 2946000/8215923 (35.8572%)
entry 2950000/8215923 (35.9059%)
entry 2958000/8215923 (36.0033%)
entry 2962000/8215923 (36.0519%)
entry 2968000/8215923 (36.125%)
entry 2973000/8215923 (36.1858%)
entry 2984000/8215923 (36.3197%)
entry 2989000/8215923 (36.3806%)
entry 2992000/8215923 (36.4171%)
entry 2994000/8215923 (36.4414%)
entry 2997000/8215923 (36.4779%)
entry 2998000/8215923 (36.4901%)
entry 2999000/8215923 (36.5023%)
entry 3001000/8215923 (36.5266%)
entry 3003000/8215923 (36.551%)
entry 3005000/8215923 (36.5753%)
entry 3010000/8215923 (36.6362%)
entry 3011000/8215923 (36.6483%)
entry 3014000/8215923 (36.6849%)
entry 3018000/8215923 (36.7335%)
entry 3024000/8215923 (36.8066%)
entry 3026000/8215923 (36.8309%)
entry 3030000/8215923 (36.8796%)
entry 3033000/8215923 (36.9161%)
entry 3034000/8215923 (36.9283%)
entry 3048000/8215923 (37.0987%)
entry 3050000/8215923 (37.123%)
entry 3058000/8215923 (37.2204%)
entry 3060000/8215923 (37.2447%)
entry 3069000/8215923 (37.3543%)
entry 3070000/8215923 (37.3665%)
entry 3083000/8215923 (37.5247%)
entry 3092000/8215923 (37.6342%)
entry 3094000/8215923 (37.6586%)
entry 3095000/8215923 (37.6708%)
entry 3102000/8215923 (37.756%)
entry 3106000/8215923 (37.8046%)
entry 3107000/8215923 (37.8168%)
entry 3109000/8215923 (37.8412%)
entry 3119000/8215923 (37.9629%)
entry 3124000/8215923 (38.0237%)
entry 3127000/8215923 (38.0602%)
entry 3133000/8215923 (38.1333%)
entry 3137000/8215923 (38.182%)
entry 3142000/8215923 (38.2428%)
entry 3149000/8215923 (38.328%)
entry 3152000/8215923 (38.3645%)
entry 3153000/8215923 (38.3767%)
entry 3157000/8215923 (38.4254%)
entry 3159000/8215923 (38.4497%)
entry 3163000/8215923 (38.4984%)
entry 3171000/8215923 (38.5958%)
entry 3177000/8215923 (38.6688%)
entry 3178000/8215923 (38.681%)
entry 3185000/8215923 (38.7662%)
entry 3193000/8215923 (38.8636%)
entry 3196000/8215923 (38.9001%)
entry 3199000/8215923 (38.9366%)
entry 3204000/8215923 (38.9974%)
entry 3205000/8215923 (39.0096%)
entry 3208000/8215923 (39.0461%)
entry 3212000/8215923 (39.0948%)
entry 3220000/8215923 (39.1922%)
entry 3224000/8215923 (39.2409%)
entry 3225000/8215923 (39.253%)
entry 3231000/8215923 (39.3261%)
entry 3233000/8215923 (39.3504%)
entry 3235000/8215923 (39.3748%)
entry 3238000/8215923 (39.4113%)
entry 3241000/8215923 (39.4478%)
entry 3243000/8215923 (39.4721%)
entry 3249000/8215923 (39.5452%)
entry 3252000/8215923 (39.5817%)
entry 3256000/8215923 (39.6304%)
entry 3258000/8215923 (39.6547%)
entry 3259000/8215923 (39.6669%)
entry 3260000/8215923 (39.679%)
entry 3273000/8215923 (39.8373%)
entry 3278000/8215923 (39.8981%)
entry 3282000/8215923 (39.9468%)
entry 3284000/8215923 (39.9712%)
entry 3286000/8215923 (39.9955%)
entry 3293000/8215923 (40.0807%)
entry 3295000/8215923 (40.1051%)
entry 3299000/8215923 (40.1537%)
entry 3303000/8215923 (40.2024%)
entry 3309000/8215923 (40.2755%)
entry 3311000/8215923 (40.2998%)
entry 3314000/8215923 (40.3363%)
entry 3315000/8215923 (40.3485%)
entry 3317000/8215923 (40.3728%)
entry 3318000/8215923 (40.385%)
entry 3330000/8215923 (40.5311%)
entry 3332000/8215923 (40.5554%)
entry 3338000/8215923 (40.6284%)
entry 3339000/8215923 (40.6406%)
entry 3348000/8215923 (40.7501%)
entry 3355000/8215923 (40.8353%)
entry 3357000/8215923 (40.8597%)
entry 3370000/8215923 (41.0179%)
entry 3381000/8215923 (41.1518%)
entry 3383000/8215923 (41.1761%)
entry 3387000/8215923 (41.2248%)
entry 3389000/8215923 (41.2492%)
entry 3390000/8215923 (41.2613%)
entry 3391000/8215923 (41.2735%)
entry 3401000/8215923 (41.3952%)
entry 3402000/8215923 (41.4074%)
entry 3404000/8215923 (41.4317%)
entry 3406000/8215923 (41.4561%)
entry 3410000/8215923 (41.5048%)
entry 3412000/8215923 (41.5291%)
entry 3414000/8215923 (41.5535%)
entry 3419000/8215923 (41.6143%)
entry 3424000/8215923 (41.6752%)
entry 3425000/8215923 (41.6873%)
entry 3428000/8215923 (41.7239%)
entry 3432000/8215923 (41.7725%)
entry 3438000/8215923 (41.8456%)
entry 3439000/8215923 (41.8577%)
entry 3441000/8215923 (41.8821%)
entry 3446000/8215923 (41.9429%)
entry 3454000/8215923 (42.0403%)
entry 3456000/8215923 (42.0647%)
entry 3467000/8215923 (42.1985%)
entry 3472000/8215923 (42.2594%)
entry 3480000/8215923 (42.3568%)
entry 3481000/8215923 (42.3689%)
entry 3482000/8215923 (42.3811%)
entry 3484000/8215923 (42.4055%)
entry 3485000/8215923 (42.4176%)
entry 3486000/8215923 (42.4298%)
entry 3492000/8215923 (42.5028%)
entry 3498000/8215923 (42.5759%)
entry 3501000/8215923 (42.6124%)
entry 3505000/8215923 (42.6611%)
entry 3507000/8215923 (42.6854%)
entry 3508000/8215923 (42.6976%)
entry 3511000/8215923 (42.7341%)
entry 3515000/8215923 (42.7828%)
entry 3516000/8215923 (42.7949%)
entry 3522000/8215923 (42.868%)
entry 3524000/8215923 (42.8923%)
entry 3527000/8215923 (42.9288%)
entry 3533000/8215923 (43.0019%)
entry 3546000/8215923 (43.1601%)
entry 3547000/8215923 (43.1723%)
entry 3549000/8215923 (43.1966%)
entry 3551000/8215923 (43.2209%)
entry 3556000/8215923 (43.2818%)
entry 3561000/8215923 (43.3427%)
entry 3563000/8215923 (43.367%)
entry 3564000/8215923 (43.3792%)
entry 3566000/8215923 (43.4035%)
entry 3569000/8215923 (43.44%)
entry 3575000/8215923 (43.5131%)
entry 3576000/8215923 (43.5252%)
entry 3580000/8215923 (43.5739%)
entry 3582000/8215923 (43.5983%)
entry 3584000/8215923 (43.6226%)
entry 3585000/8215923 (43.6348%)
entry 3587000/8215923 (43.6591%)
entry 3589000/8215923 (43.6835%)
entry 3595000/8215923 (43.7565%)
entry 3597000/8215923 (43.7808%)
entry 3603000/8215923 (43.8539%)
entry 3608000/8215923 (43.9147%)
entry 3615000/8215923 (43.9999%)
entry 3622000/8215923 (44.0851%)
entry 3636000/8215923 (44.2555%)
entry 3639000/8215923 (44.292%)
entry 3646000/8215923 (44.3772%)
entry 3647000/8215923 (44.3894%)
entry 3650000/8215923 (44.4259%)
entry 3652000/8215923 (44.4503%)
entry 3656000/8215923 (44.499%)
entry 3658000/8215923 (44.5233%)
entry 3660000/8215923 (44.5476%)
entry 3663000/8215923 (44.5842%)
entry 3666000/8215923 (44.6207%)
entry 3668000/8215923 (44.645%)
entry 3670000/8215923 (44.6694%)
entry 3675000/8215923 (44.7302%)
entry 3684000/8215923 (44.8398%)
entry 3687000/8215923 (44.8763%)
entry 3688000/8215923 (44.8884%)
entry 3689000/8215923 (44.9006%)
entry 3695000/8215923 (44.9736%)
entry 3697000/8215923 (44.998%)
entry 3708000/8215923 (45.1319%)
entry 3711000/8215923 (45.1684%)
entry 3714000/8215923 (45.2049%)
entry 3719000/8215923 (45.2658%)
entry 3722000/8215923 (45.3023%)
entry 3734000/8215923 (45.4483%)
entry 3735000/8215923 (45.4605%)
entry 3738000/8215923 (45.497%)
entry 3740000/8215923 (45.5214%)
entry 3745000/8215923 (45.5822%)
entry 3758000/8215923 (45.7404%)
entry 3759000/8215923 (45.7526%)
entry 3763000/8215923 (45.8013%)
entry 3767000/8215923 (45.85%)
entry 3769000/8215923 (45.8743%)
entry 3771000/8215923 (45.8987%)
entry 3776000/8215923 (45.9595%)
entry 3783000/8215923 (46.0447%)
entry 3786000/8215923 (46.0813%)
entry 3789000/8215923 (46.1178%)
entry 3797000/8215923 (46.2151%)
entry 3803000/8215923 (46.2882%)
entry 3805000/8215923 (46.3125%)
entry 3807000/8215923 (46.3369%)
entry 3808000/8215923 (46.349%)
entry 3809000/8215923 (46.3612%)
entry 3810000/8215923 (46.3734%)
entry 3819000/8215923 (46.4829%)
entry 3820000/8215923 (46.4951%)
entry 3821000/8215923 (46.5073%)
entry 3827000/8215923 (46.5803%)
entry 3833000/8215923 (46.6533%)
entry 3834000/8215923 (46.6655%)
entry 3835000/8215923 (46.6777%)
entry 3838000/8215923 (46.7142%)
entry 3841000/8215923 (46.7507%)
entry 3845000/8215923 (46.7994%)
entry 3847000/8215923 (46.8237%)
entry 3854000/8215923 (46.9089%)
entry 3855000/8215923 (46.9211%)
entry 3856000/8215923 (46.9333%)
entry 3858000/8215923 (46.9576%)
entry 3859000/8215923 (46.9698%)
entry 3862000/8215923 (47.0063%)
entry 3866000/8215923 (47.055%)
entry 3868000/8215923 (47.0793%)
entry 3873000/8215923 (47.1402%)
entry 3875000/8215923 (47.1645%)
entry 3879000/8215923 (47.2132%)
entry 3880000/8215923 (47.2254%)
entry 3884000/8215923 (47.2741%)
entry 3888000/8215923 (47.3227%)
entry 3889000/8215923 (47.3349%)
entry 3890000/8215923 (47.3471%)
entry 3895000/8215923 (47.4079%)
entry 3896000/8215923 (47.4201%)
entry 3897000/8215923 (47.4323%)
entry 3900000/8215923 (47.4688%)
entry 3902000/8215923 (47.4931%)
entry 3909000/8215923 (47.5783%)
entry 3913000/8215923 (47.627%)
entry 3914000/8215923 (47.6392%)
entry 3929000/8215923 (47.8218%)
entry 3938000/8215923 (47.9313%)
entry 3939000/8215923 (47.9435%)
entry 3940000/8215923 (47.9557%)
entry 3949000/8215923 (48.0652%)
entry 3954000/8215923 (48.1261%)
entry 3956000/8215923 (48.1504%)
entry 3958000/8215923 (48.1747%)
entry 3959000/8215923 (48.1869%)
entry 3961000/8215923 (48.2113%)
entry 3963000/8215923 (48.2356%)
entry 3967000/8215923 (48.2843%)
entry 3971000/8215923 (48.333%)
entry 3973000/8215923 (48.3573%)
entry 3976000/8215923 (48.3938%)
entry 3980000/8215923 (48.4425%)
entry 3991000/8215923 (48.5764%)
entry 3994000/8215923 (48.6129%)
entry 3995000/8215923 (48.6251%)
entry 4012000/8215923 (48.832%)
entry 4014000/8215923 (48.8563%)
entry 4018000/8215923 (48.905%)
entry 4021000/8215923 (48.9415%)
entry 4025000/8215923 (48.9902%)
entry 4027000/8215923 (49.0146%)
entry 4037000/8215923 (49.1363%)
entry 4039000/8215923 (49.1606%)
entry 4045000/8215923 (49.2337%)
entry 4050000/8215923 (49.2945%)
entry 4053000/8215923 (49.331%)
entry 4061000/8215923 (49.4284%)
entry 4063000/8215923 (49.4528%)
entry 4065000/8215923 (49.4771%)
entry 4068000/8215923 (49.5136%)
entry 4071000/8215923 (49.5501%)
entry 4075000/8215923 (49.5988%)
entry 4079000/8215923 (49.6475%)
entry 4082000/8215923 (49.684%)
entry 4084000/8215923 (49.7084%)
entry 4086000/8215923 (49.7327%)
entry 4094000/8215923 (49.8301%)
entry 4095000/8215923 (49.8422%)
entry 4097000/8215923 (49.8666%)
entry 4104000/8215923 (49.9518%)
entry 4109000/8215923 (50.0126%)
entry 4111000/8215923 (50.037%)
entry 4112000/8215923 (50.0492%)
entry 4123000/8215923 (50.183%)
entry 4128000/8215923 (50.2439%)
entry 4129000/8215923 (50.2561%)
entry 4130000/8215923 (50.2682%)
entry 4138000/8215923 (50.3656%)
entry 4143000/8215923 (50.4265%)
entry 4145000/8215923 (50.4508%)
entry 4147000/8215923 (50.4752%)
entry 4159000/8215923 (50.6212%)
entry 4164000/8215923 (50.6821%)
entry 4169000/8215923 (50.7429%)
entry 4183000/8215923 (50.9133%)
entry 4185000/8215923 (50.9377%)
entry 4190000/8215923 (50.9985%)
entry 4194000/8215923 (51.0472%)
entry 4200000/8215923 (51.1202%)
entry 4202000/8215923 (51.1446%)
entry 4203000/8215923 (51.1568%)
entry 4204000/8215923 (51.1689%)
entry 4206000/8215923 (51.1933%)
entry 4207000/8215923 (51.2054%)
entry 4212000/8215923 (51.2663%)
entry 4213000/8215923 (51.2785%)
entry 4215000/8215923 (51.3028%)
entry 4218000/8215923 (51.3393%)
entry 4231000/8215923 (51.4976%)
entry 4233000/8215923 (51.5219%)
entry 4239000/8215923 (51.5949%)
entry 4249000/8215923 (51.7166%)
entry 4253000/8215923 (51.7653%)
entry 4256000/8215923 (51.8018%)
entry 4263000/8215923 (51.887%)
entry 4265000/8215923 (51.9114%)
entry 4266000/8215923 (51.9236%)
entry 4267000/8215923 (51.9357%)
entry 4271000/8215923 (51.9844%)
entry 4279000/8215923 (52.0818%)
entry 4281000/8215923 (52.1061%)
entry 4282000/8215923 (52.1183%)
entry 4283000/8215923 (52.1305%)
entry 4284000/8215923 (52.1426%)
entry 4298000/8215923 (52.3131%)
entry 4301000/8215923 (52.3496%)
entry 4303000/8215923 (52.3739%)
entry 4304000/8215923 (52.3861%)
entry 4312000/8215923 (52.4835%)
entry 4313000/8215923 (52.4956%)
entry 4315000/8215923 (52.52%)
entry 4318000/8215923 (52.5565%)
entry 4319000/8215923 (52.5687%)
entry 4324000/8215923 (52.6295%)
entry 4334000/8215923 (52.7512%)
entry 4338000/8215923 (52.7999%)
entry 4341000/8215923 (52.8364%)
entry 4346000/8215923 (52.8973%)
entry 4347000/8215923 (52.9095%)
entry 4348000/8215923 (52.9216%)
entry 4349000/8215923 (52.9338%)
entry 4363000/8215923 (53.1042%)
entry 4365000/8215923 (53.1285%)
entry 4374000/8215923 (53.2381%)
entry 4376000/8215923 (53.2624%)
entry 4379000/8215923 (53.2989%)
entry 4384000/8215923 (53.3598%)
entry 4385000/8215923 (53.372%)
entry 4386000/8215923 (53.3841%)
entry 4387000/8215923 (53.3963%)
entry 4388000/8215923 (53.4085%)
entry 4389000/8215923 (53.4207%)
entry 4390000/8215923 (53.4328%)
entry 4394000/8215923 (53.4815%)
entry 4401000/8215923 (53.5667%)
entry 4415000/8215923 (53.7371%)
entry 4416000/8215923 (53.7493%)
entry 4418000/8215923 (53.7736%)
entry 4420000/8215923 (53.798%)
entry 4425000/8215923 (53.8588%)
entry 4427000/8215923 (53.8832%)
entry 4428000/8215923 (53.8953%)
entry 4431000/8215923 (53.9319%)
entry 4442000/8215923 (54.0657%)
entry 4443000/8215923 (54.0779%)
entry 4444000/8215923 (54.0901%)
entry 4445000/8215923 (54.1023%)
entry 4447000/8215923 (54.1266%)
entry 4448000/8215923 (54.1388%)
entry 4453000/8215923 (54.1996%)
entry 4454000/8215923 (54.2118%)
entry 4461000/8215923 (54.297%)
entry 4468000/8215923 (54.3822%)
entry 4476000/8215923 (54.4796%)
entry 4478000/8215923 (54.5039%)
entry 4480000/8215923 (54.5283%)
entry 4481000/8215923 (54.5404%)
entry 4486000/8215923 (54.6013%)
entry 4489000/8215923 (54.6378%)
entry 4492000/8215923 (54.6743%)
entry 4494000/8215923 (54.6987%)
entry 4498000/8215923 (54.7473%)
entry 4513000/8215923 (54.9299%)
entry 4516000/8215923 (54.9664%)
entry 4517000/8215923 (54.9786%)
entry 4519000/8215923 (55.003%)
entry 4525000/8215923 (55.076%)
entry 4528000/8215923 (55.1125%)
entry 4531000/8215923 (55.149%)
entry 4533000/8215923 (55.1733%)
entry 4538000/8215923 (55.2342%)
entry 4539000/8215923 (55.2464%)
entry 4541000/8215923 (55.2707%)
entry 4546000/8215923 (55.3316%)
entry 4548000/8215923 (55.3559%)
entry 4553000/8215923 (55.4168%)
entry 4556000/8215923 (55.4533%)
entry 4562000/8215923 (55.5263%)
entry 4569000/8215923 (55.6115%)
entry 4570000/8215923 (55.6237%)
entry 4571000/8215923 (55.6359%)
entry 4578000/8215923 (55.7211%)
entry 4582000/8215923 (55.7698%)
entry 4584000/8215923 (55.7941%)
entry 4586000/8215923 (55.8184%)
entry 4593000/8215923 (55.9036%)
entry 4596000/8215923 (55.9402%)
entry 4601000/8215923 (56.001%)
entry 4606000/8215923 (56.0619%)
entry 4608000/8215923 (56.0862%)
entry 4614000/8215923 (56.1592%)
entry 4615000/8215923 (56.1714%)
entry 4634000/8215923 (56.4027%)
entry 4635000/8215923 (56.4148%)
entry 4639000/8215923 (56.4635%)
entry 4644000/8215923 (56.5244%)
entry 4658000/8215923 (56.6948%)
entry 4667000/8215923 (56.8043%)
entry 4675000/8215923 (56.9017%)
entry 4684000/8215923 (57.0112%)
entry 4685000/8215923 (57.0234%)
entry 4689000/8215923 (57.0721%)
entry 4696000/8215923 (57.1573%)
entry 4697000/8215923 (57.1695%)
entry 4700000/8215923 (57.206%)
entry 4703000/8215923 (57.2425%)
entry 4707000/8215923 (57.2912%)
entry 4708000/8215923 (57.3034%)
entry 4709000/8215923 (57.3155%)
entry 4722000/8215923 (57.4738%)
entry 4728000/8215923 (57.5468%)
entry 4730000/8215923 (57.5711%)
entry 4731000/8215923 (57.5833%)
entry 4738000/8215923 (57.6685%)
entry 4740000/8215923 (57.6928%)
entry 4756000/8215923 (57.8876%)
entry 4758000/8215923 (57.9119%)
entry 4761000/8215923 (57.9485%)
entry 4762000/8215923 (57.9606%)
entry 4782000/8215923 (58.204%)
entry 4784000/8215923 (58.2284%)
entry 4787000/8215923 (58.2649%)
entry 4793000/8215923 (58.3379%)
entry 4800000/8215923 (58.4231%)
entry 4814000/8215923 (58.5935%)
entry 4817000/8215923 (58.6301%)
entry 4820000/8215923 (58.6666%)
entry 4821000/8215923 (58.6787%)
entry 4834000/8215923 (58.837%)
entry 4836000/8215923 (58.8613%)
entry 4837000/8215923 (58.8735%)
entry 4841000/8215923 (58.9222%)
entry 4842000/8215923 (58.9343%)
entry 4845000/8215923 (58.9709%)
entry 4847000/8215923 (58.9952%)
entry 4850000/8215923 (59.0317%)
entry 4854000/8215923 (59.0804%)
entry 4862000/8215923 (59.1778%)
entry 4865000/8215923 (59.2143%)
entry 4875000/8215923 (59.336%)
entry 4876000/8215923 (59.3482%)
entry 4878000/8215923 (59.3725%)
entry 4885000/8215923 (59.4577%)
entry 4890000/8215923 (59.5186%)
entry 4892000/8215923 (59.5429%)
entry 4893000/8215923 (59.5551%)
entry 4902000/8215923 (59.6646%)
entry 4908000/8215923 (59.7377%)
entry 4911000/8215923 (59.7742%)
entry 4912000/8215923 (59.7863%)
entry 4913000/8215923 (59.7985%)
entry 4919000/8215923 (59.8715%)
entry 4921000/8215923 (59.8959%)
entry 4924000/8215923 (59.9324%)
entry 4927000/8215923 (59.9689%)
entry 4930000/8215923 (60.0054%)
entry 4931000/8215923 (60.0176%)
entry 4934000/8215923 (60.0541%)
entry 4935000/8215923 (60.0663%)
entry 4941000/8215923 (60.1393%)
entry 4942000/8215923 (60.1515%)
entry 4946000/8215923 (60.2002%)
entry 4954000/8215923 (60.2975%)
entry 4955000/8215923 (60.3097%)
entry 4960000/8215923 (60.3706%)
entry 4961000/8215923 (60.3827%)
entry 4962000/8215923 (60.3949%)
entry 4964000/8215923 (60.4193%)
entry 4972000/8215923 (60.5166%)
entry 4973000/8215923 (60.5288%)
entry 4980000/8215923 (60.614%)
entry 4984000/8215923 (60.6627%)
entry 4985000/8215923 (60.6749%)
entry 4991000/8215923 (60.7479%)
entry 4998000/8215923 (60.8331%)
entry 4999000/8215923 (60.8453%)
entry 5001000/8215923 (60.8696%)
entry 5003000/8215923 (60.8939%)
entry 5009000/8215923 (60.967%)
entry 5011000/8215923 (60.9913%)
entry 5020000/8215923 (61.1009%)
entry 5024000/8215923 (61.1495%)
entry 5030000/8215923 (61.2226%)
entry 5036000/8215923 (61.2956%)
entry 5041000/8215923 (61.3565%)
entry 5046000/8215923 (61.4173%)
entry 5047000/8215923 (61.4295%)
entry 5051000/8215923 (61.4782%)
entry 5056000/8215923 (61.539%)
entry 5060000/8215923 (61.5877%)
entry 5063000/8215923 (61.6242%)
entry 5064000/8215923 (61.6364%)
entry 5065000/8215923 (61.6486%)
entry 5066000/8215923 (61.6608%)
entry 5068000/8215923 (61.6851%)
entry 5069000/8215923 (61.6973%)
entry 5074000/8215923 (61.7581%)
entry 5075000/8215923 (61.7703%)
entry 5083000/8215923 (61.8677%)
entry 5086000/8215923 (61.9042%)
entry 5087000/8215923 (61.9164%)
entry 5088000/8215923 (61.9285%)
entry 5094000/8215923 (62.0016%)
entry 5102000/8215923 (62.0989%)
entry 5104000/8215923 (62.1233%)
entry 5111000/8215923 (62.2085%)
entry 5112000/8215923 (62.2206%)
entry 5114000/8215923 (62.245%)
entry 5119000/8215923 (62.3058%)
entry 5123000/8215923 (62.3545%)
entry 5131000/8215923 (62.4519%)
entry 5141000/8215923 (62.5736%)
entry 5147000/8215923 (62.6466%)
entry 5148000/8215923 (62.6588%)
entry 5149000/8215923 (62.671%)
entry 5160000/8215923 (62.8049%)
entry 5165000/8215923 (62.8657%)
entry 5167000/8215923 (62.8901%)
entry 5169000/8215923 (62.9144%)
entry 5175000/8215923 (62.9874%)
entry 5178000/8215923 (63.024%)
entry 5179000/8215923 (63.0361%)
entry 5183000/8215923 (63.0848%)
entry 5188000/8215923 (63.1457%)
entry 5189000/8215923 (63.1578%)
entry 5190000/8215923 (63.17%)
entry 5192000/8215923 (63.1944%)
entry 5215000/8215923 (63.4743%)
entry 5220000/8215923 (63.5352%)
entry 5224000/8215923 (63.5839%)
entry 5225000/8215923 (63.596%)
entry 5226000/8215923 (63.6082%)
entry 5229000/8215923 (63.6447%)
entry 5238000/8215923 (63.7542%)
entry 5241000/8215923 (63.7908%)
entry 5248000/8215923 (63.876%)
entry 5249000/8215923 (63.8881%)
entry 5250000/8215923 (63.9003%)
entry 5252000/8215923 (63.9247%)
entry 5255000/8215923 (63.9612%)
entry 5256000/8215923 (63.9733%)
entry 5257000/8215923 (63.9855%)
entry 5258000/8215923 (63.9977%)
entry 5260000/8215923 (64.022%)
entry 5261000/8215923 (64.0342%)
entry 5263000/8215923 (64.0585%)
entry 5278000/8215923 (64.2411%)
entry 5280000/8215923 (64.2655%)
entry 5285000/8215923 (64.3263%)
entry 5289000/8215923 (64.375%)
entry 5290000/8215923 (64.3872%)
entry 5294000/8215923 (64.4359%)
entry 5297000/8215923 (64.4724%)
entry 5298000/8215923 (64.4845%)
entry 5299000/8215923 (64.4967%)
entry 5301000/8215923 (64.5211%)
entry 5304000/8215923 (64.5576%)
entry 5307000/8215923 (64.5941%)
entry 5318000/8215923 (64.728%)
entry 5324000/8215923 (64.801%)
entry 5329000/8215923 (64.8619%)
entry 5338000/8215923 (64.9714%)
entry 5340000/8215923 (64.9957%)
entry 5350000/8215923 (65.1175%)
entry 5351000/8215923 (65.1296%)
entry 5354000/8215923 (65.1661%)
entry 5359000/8215923 (65.227%)
entry 5364000/8215923 (65.2879%)
entry 5365000/8215923 (65.3%)
entry 5369000/8215923 (65.3487%)
entry 5375000/8215923 (65.4217%)
entry 5379000/8215923 (65.4704%)
entry 5380000/8215923 (65.4826%)
entry 5382000/8215923 (65.5069%)
entry 5383000/8215923 (65.5191%)
entry 5387000/8215923 (65.5678%)
entry 5400000/8215923 (65.726%)
entry 5401000/8215923 (65.7382%)
entry 5402000/8215923 (65.7504%)
entry 5403000/8215923 (65.7625%)
entry 5405000/8215923 (65.7869%)
entry 5410000/8215923 (65.8477%)
entry 5418000/8215923 (65.9451%)
entry 5420000/8215923 (65.9695%)
entry 5421000/8215923 (65.9816%)
entry 5423000/8215923 (66.006%)
entry 5429000/8215923 (66.079%)
entry 5430000/8215923 (66.0912%)
entry 5433000/8215923 (66.1277%)
entry 5436000/8215923 (66.1642%)
entry 5437000/8215923 (66.1764%)
entry 5439000/8215923 (66.2007%)
entry 5444000/8215923 (66.2616%)
entry 5445000/8215923 (66.2737%)
entry 5447000/8215923 (66.2981%)
entry 5454000/8215923 (66.3833%)
entry 5462000/8215923 (66.4807%)
entry 5473000/8215923 (66.6146%)
entry 5475000/8215923 (66.6389%)
entry 5481000/8215923 (66.7119%)
entry 5489000/8215923 (66.8093%)
entry 5491000/8215923 (66.8336%)
entry 5498000/8215923 (66.9188%)
entry 5507000/8215923 (67.0284%)
entry 5517000/8215923 (67.1501%)
entry 5518000/8215923 (67.1623%)
entry 5519000/8215923 (67.1744%)
entry 5522000/8215923 (67.2109%)
entry 5523000/8215923 (67.2231%)
entry 5528000/8215923 (67.284%)
entry 5530000/8215923 (67.3083%)
entry 5531000/8215923 (67.3205%)
entry 5535000/8215923 (67.3692%)
entry 5540000/8215923 (67.43%)
entry 5543000/8215923 (67.4666%)
entry 5546000/8215923 (67.5031%)
entry 5547000/8215923 (67.5152%)
entry 5548000/8215923 (67.5274%)
entry 5551000/8215923 (67.5639%)
entry 5554000/8215923 (67.6004%)
entry 5557000/8215923 (67.637%)
entry 5564000/8215923 (67.7222%)
entry 5565000/8215923 (67.7343%)
entry 5567000/8215923 (67.7587%)
entry 5568000/8215923 (67.7708%)
entry 5571000/8215923 (67.8074%)
entry 5578000/8215923 (67.8926%)
entry 5581000/8215923 (67.9291%)
entry 5595000/8215923 (68.0995%)
entry 5596000/8215923 (68.1116%)
entry 5600000/8215923 (68.1603%)
entry 5602000/8215923 (68.1847%)
entry 5605000/8215923 (68.2212%)
entry 5613000/8215923 (68.3186%)
entry 5614000/8215923 (68.3307%)
entry 5619000/8215923 (68.3916%)
entry 5620000/8215923 (68.4038%)
entry 5628000/8215923 (68.5011%)
entry 5636000/8215923 (68.5985%)
entry 5639000/8215923 (68.635%)
entry 5644000/8215923 (68.6959%)
entry 5653000/8215923 (68.8054%)
entry 5660000/8215923 (68.8906%)
entry 5661000/8215923 (68.9028%)
entry 5665000/8215923 (68.9515%)
entry 5670000/8215923 (69.0123%)
entry 5671000/8215923 (69.0245%)
entry 5673000/8215923 (69.0488%)
entry 5674000/8215923 (69.061%)
entry 5675000/8215923 (69.0732%)
entry 5679000/8215923 (69.1219%)
entry 5683000/8215923 (69.1706%)
entry 5684000/8215923 (69.1827%)
entry 5686000/8215923 (69.2071%)
entry 5692000/8215923 (69.2801%)
entry 5693000/8215923 (69.2923%)
entry 5695000/8215923 (69.3166%)
entry 5707000/8215923 (69.4627%)
entry 5708000/8215923 (69.4748%)
entry 5711000/8215923 (69.5114%)
entry 5715000/8215923 (69.5601%)
entry 5717000/8215923 (69.5844%)
entry 5719000/8215923 (69.6087%)
entry 5721000/8215923 (69.6331%)
entry 5722000/8215923 (69.6452%)
entry 5730000/8215923 (69.7426%)
entry 5731000/8215923 (69.7548%)
entry 5736000/8215923 (69.8156%)
entry 5747000/8215923 (69.9495%)
entry 5750000/8215923 (69.9861%)
entry 5752000/8215923 (70.0104%)
entry 5754000/8215923 (70.0347%)
entry 5759000/8215923 (70.0956%)
entry 5761000/8215923 (70.1199%)
entry 5763000/8215923 (70.1443%)
entry 5765000/8215923 (70.1686%)
entry 5766000/8215923 (70.1808%)
entry 5774000/8215923 (70.2782%)
entry 5775000/8215923 (70.2903%)
entry 5776000/8215923 (70.3025%)
entry 5778000/8215923 (70.3269%)
entry 5793000/8215923 (70.5094%)
entry 5795000/8215923 (70.5338%)
entry 5796000/8215923 (70.5459%)
entry 5798000/8215923 (70.5703%)
entry 5799000/8215923 (70.5825%)
entry 5800000/8215923 (70.5946%)
entry 5803000/8215923 (70.6311%)
entry 5806000/8215923 (70.6677%)
entry 5807000/8215923 (70.6798%)
entry 5808000/8215923 (70.692%)
entry 5818000/8215923 (70.8137%)
entry 5830000/8215923 (70.9598%)
entry 5834000/8215923 (71.0085%)
entry 5836000/8215923 (71.0328%)
entry 5842000/8215923 (71.1058%)
entry 5846000/8215923 (71.1545%)
entry 5849000/8215923 (71.191%)
entry 5850000/8215923 (71.2032%)
entry 5851000/8215923 (71.2154%)
entry 5858000/8215923 (71.3006%)
entry 5862000/8215923 (71.3493%)
entry 5865000/8215923 (71.3858%)
entry 5867000/8215923 (71.4101%)
entry 5868000/8215923 (71.4223%)
entry 5869000/8215923 (71.4345%)
entry 5871000/8215923 (71.4588%)
entry 5872000/8215923 (71.471%)
entry 5876000/8215923 (71.5197%)
entry 5879000/8215923 (71.5562%)
entry 5880000/8215923 (71.5683%)
entry 5884000/8215923 (71.617%)
entry 5888000/8215923 (71.6657%)
entry 5893000/8215923 (71.7266%)
entry 5895000/8215923 (71.7509%)
entry 5896000/8215923 (71.7631%)
entry 5897000/8215923 (71.7753%)
entry 5901000/8215923 (71.8239%)
entry 5903000/8215923 (71.8483%)
entry 5905000/8215923 (71.8726%)
entry 5908000/8215923 (71.9091%)
entry 5917000/8215923 (72.0187%)
entry 5924000/8215923 (72.1039%)
entry 5927000/8215923 (72.1404%)
entry 5930000/8215923 (72.1769%)
entry 5931000/8215923 (72.1891%)
entry 5932000/8215923 (72.2013%)
entry 5938000/8215923 (72.2743%)
entry 5939000/8215923 (72.2865%)
entry 5943000/8215923 (72.3351%)
entry 5951000/8215923 (72.4325%)
entry 5954000/8215923 (72.469%)
entry 5956000/8215923 (72.4934%)
entry 5965000/8215923 (72.6029%)
entry 5972000/8215923 (72.6881%)
entry 5983000/8215923 (72.822%)
entry 5990000/8215923 (72.9072%)
entry 5991000/8215923 (72.9194%)
entry 5994000/8215923 (72.9559%)
entry 5999000/8215923 (73.0168%)
entry 6000000/8215923 (73.0289%)
entry 6002000/8215923 (73.0533%)
entry 6005000/8215923 (73.0898%)
entry 6006000/8215923 (73.1019%)
entry 6008000/8215923 (73.1263%)
entry 6010000/8215923 (73.1506%)
entry 6011000/8215923 (73.1628%)
entry 6012000/8215923 (73.175%)
entry 6013000/8215923 (73.1871%)
entry 6014000/8215923 (73.1993%)
entry 6019000/8215923 (73.2602%)
entry 6025000/8215923 (73.3332%)
entry 6029000/8215923 (73.3819%)
entry 6033000/8215923 (73.4306%)
entry 6037000/8215923 (73.4793%)
entry 6042000/8215923 (73.5401%)
entry 6049000/8215923 (73.6253%)
entry 6058000/8215923 (73.7349%)
entry 6067000/8215923 (73.8444%)
entry 6069000/8215923 (73.8688%)
entry 6071000/8215923 (73.8931%)
entry 6072000/8215923 (73.9053%)
entry 6073000/8215923 (73.9174%)
entry 6075000/8215923 (73.9418%)
entry 6078000/8215923 (73.9783%)
entry 6082000/8215923 (74.027%)
entry 6095000/8215923 (74.1852%)
entry 6100000/8215923 (74.2461%)
entry 6109000/8215923 (74.3556%)
entry 6114000/8215923 (74.4165%)
entry 6129000/8215923 (74.599%)
entry 6130000/8215923 (74.6112%)
entry 6138000/8215923 (74.7086%)
entry 6157000/8215923 (74.9398%)
entry 6158000/8215923 (74.952%)
entry 6160000/8215923 (74.9764%)
entry 6162000/8215923 (75.0007%)
entry 6166000/8215923 (75.0494%)
entry 6168000/8215923 (75.0737%)
entry 6171000/8215923 (75.1102%)
entry 6178000/8215923 (75.1954%)
entry 6188000/8215923 (75.3172%)
entry 6190000/8215923 (75.3415%)
entry 6194000/8215923 (75.3902%)
entry 6202000/8215923 (75.4876%)
entry 6204000/8215923 (75.5119%)
entry 6205000/8215923 (75.5241%)
entry 6208000/8215923 (75.5606%)
entry 6222000/8215923 (75.731%)
entry 6226000/8215923 (75.7797%)
entry 6229000/8215923 (75.8162%)
entry 6232000/8215923 (75.8527%)
entry 6235000/8215923 (75.8892%)
entry 6236000/8215923 (75.9014%)
entry 6238000/8215923 (75.9257%)
entry 6241000/8215923 (75.9623%)
entry 6248000/8215923 (76.0475%)
entry 6256000/8215923 (76.1448%)
entry 6265000/8215923 (76.2544%)
entry 6266000/8215923 (76.2665%)
entry 6271000/8215923 (76.3274%)
entry 6280000/8215923 (76.4369%)
entry 6286000/8215923 (76.51%)
entry 6288000/8215923 (76.5343%)
entry 6294000/8215923 (76.6073%)
entry 6302000/8215923 (76.7047%)
entry 6311000/8215923 (76.8143%)
entry 6319000/8215923 (76.9116%)
entry 6320000/8215923 (76.9238%)
entry 6326000/8215923 (76.9968%)
entry 6332000/8215923 (77.0699%)
entry 6333000/8215923 (77.082%)
entry 6334000/8215923 (77.0942%)
entry 6335000/8215923 (77.1064%)
entry 6337000/8215923 (77.1307%)
entry 6339000/8215923 (77.1551%)
entry 6344000/8215923 (77.2159%)
entry 6349000/8215923 (77.2768%)
entry 6351000/8215923 (77.3011%)
entry 6352000/8215923 (77.3133%)
entry 6353000/8215923 (77.3255%)
entry 6354000/8215923 (77.3376%)
entry 6359000/8215923 (77.3985%)
entry 6362000/8215923 (77.435%)
entry 6364000/8215923 (77.4593%)
entry 6368000/8215923 (77.508%)
entry 6370000/8215923 (77.5324%)
entry 6372000/8215923 (77.5567%)
entry 6375000/8215923 (77.5932%)
entry 6381000/8215923 (77.6663%)
entry 6383000/8215923 (77.6906%)
entry 6390000/8215923 (77.7758%)
entry 6400000/8215923 (77.8975%)
entry 6403000/8215923 (77.934%)
entry 6404000/8215923 (77.9462%)
entry 6408000/8215923 (77.9949%)
entry 6411000/8215923 (78.0314%)
entry 6416000/8215923 (78.0923%)
entry 6421000/8215923 (78.1531%)
entry 6424000/8215923 (78.1896%)
entry 6430000/8215923 (78.2627%)
entry 6441000/8215923 (78.3965%)
entry 6455000/8215923 (78.567%)
entry 6461000/8215923 (78.64%)
entry 6471000/8215923 (78.7617%)
entry 6474000/8215923 (78.7982%)
entry 6475000/8215923 (78.8104%)
entry 6476000/8215923 (78.8225%)
entry 6479000/8215923 (78.8591%)
entry 6482000/8215923 (78.8956%)
entry 6483000/8215923 (78.9078%)
entry 6488000/8215923 (78.9686%)
entry 6493000/8215923 (79.0295%)
entry 6505000/8215923 (79.1755%)
entry 6506000/8215923 (79.1877%)
entry 6507000/8215923 (79.1999%)
entry 6510000/8215923 (79.2364%)
entry 6513000/8215923 (79.2729%)
entry 6515000/8215923 (79.2972%)
entry 6527000/8215923 (79.4433%)
entry 6528000/8215923 (79.4555%)
entry 6532000/8215923 (79.5042%)
entry 6533000/8215923 (79.5163%)
entry 6541000/8215923 (79.6137%)
entry 6553000/8215923 (79.7598%)
entry 6554000/8215923 (79.7719%)
entry 6562000/8215923 (79.8693%)
entry 6565000/8215923 (79.9058%)
entry 6567000/8215923 (79.9302%)
entry 6571000/8215923 (79.9788%)
entry 6574000/8215923 (80.0154%)
entry 6575000/8215923 (80.0275%)
entry 6576000/8215923 (80.0397%)
entry 6578000/8215923 (80.064%)
entry 6584000/8215923 (80.1371%)
entry 6587000/8215923 (80.1736%)
entry 6593000/8215923 (80.2466%)
entry 6596000/8215923 (80.2831%)
entry 6598000/8215923 (80.3075%)
entry 6599000/8215923 (80.3196%)
entry 6600000/8215923 (80.3318%)
entry 6612000/8215923 (80.4779%)
entry 6619000/8215923 (80.5631%)
entry 6620000/8215923 (80.5752%)
entry 6621000/8215923 (80.5874%)
entry 6626000/8215923 (80.6483%)
entry 6642000/8215923 (80.843%)
entry 6650000/8215923 (80.9404%)
entry 6653000/8215923 (80.9769%)
entry 6656000/8215923 (81.0134%)
entry 6657000/8215923 (81.0256%)
entry 6660000/8215923 (81.0621%)
entry 6661000/8215923 (81.0743%)
entry 6665000/8215923 (81.123%)
entry 6675000/8215923 (81.2447%)
entry 6678000/8215923 (81.2812%)
entry 6680000/8215923 (81.3055%)
entry 6683000/8215923 (81.342%)
entry 6686000/8215923 (81.3786%)
entry 6691000/8215923 (81.4394%)
entry 6694000/8215923 (81.4759%)
entry 6695000/8215923 (81.4881%)
entry 6700000/8215923 (81.549%)
entry 6702000/8215923 (81.5733%)
entry 6703000/8215923 (81.5855%)
entry 6706000/8215923 (81.622%)
entry 6713000/8215923 (81.7072%)
entry 6714000/8215923 (81.7194%)
entry 6717000/8215923 (81.7559%)
entry 6719000/8215923 (81.7802%)
entry 6723000/8215923 (81.8289%)
entry 6726000/8215923 (81.8654%)
entry 6731000/8215923 (81.9263%)
entry 6734000/8215923 (81.9628%)
entry 6737000/8215923 (81.9993%)
entry 6738000/8215923 (82.0115%)
entry 6752000/8215923 (82.1819%)
entry 6753000/8215923 (82.1941%)
entry 6757000/8215923 (82.2427%)
entry 6758000/8215923 (82.2549%)
entry 6767000/8215923 (82.3645%)
entry 6775000/8215923 (82.4618%)
entry 6780000/8215923 (82.5227%)
entry 6783000/8215923 (82.5592%)
entry 6786000/8215923 (82.5957%)
entry 6788000/8215923 (82.6201%)
entry 6789000/8215923 (82.6322%)
entry 6790000/8215923 (82.6444%)
entry 6792000/8215923 (82.6687%)
entry 6793000/8215923 (82.6809%)
entry 6797000/8215923 (82.7296%)
entry 6802000/8215923 (82.7905%)
entry 6805000/8215923 (82.827%)
entry 6806000/8215923 (82.8391%)
entry 6808000/8215923 (82.8635%)
entry 6809000/8215923 (82.8757%)
entry 6810000/8215923 (82.8878%)
entry 6812000/8215923 (82.9122%)
entry 6817000/8215923 (82.973%)
entry 6819000/8215923 (82.9974%)
entry 6835000/8215923 (83.1921%)
entry 6836000/8215923 (83.2043%)
entry 6837000/8215923 (83.2165%)
entry 6838000/8215923 (83.2286%)
entry 6839000/8215923 (83.2408%)
entry 6845000/8215923 (83.3138%)
entry 6852000/8215923 (83.399%)
entry 6859000/8215923 (83.4842%)
entry 6876000/8215923 (83.6911%)
entry 6879000/8215923 (83.7277%)
entry 6881000/8215923 (83.752%)
entry 6903000/8215923 (84.0198%)
entry 6907000/8215923 (84.0685%)
entry 6924000/8215923 (84.2754%)
entry 6933000/8215923 (84.3849%)
entry 6938000/8215923 (84.4458%)
entry 6948000/8215923 (84.5675%)
entry 6955000/8215923 (84.6527%)
entry 6967000/8215923 (84.7987%)
entry 6968000/8215923 (84.8109%)
entry 6970000/8215923 (84.8353%)
entry 6972000/8215923 (84.8596%)
entry 6973000/8215923 (84.8718%)
entry 6975000/8215923 (84.8961%)
entry 6982000/8215923 (84.9813%)
entry 6986000/8215923 (85.03%)
entry 6990000/8215923 (85.0787%)
entry 6992000/8215923 (85.103%)
entry 6997000/8215923 (85.1639%)
entry 6998000/8215923 (85.1761%)
entry 6999000/8215923 (85.1882%)
entry 7002000/8215923 (85.2248%)
entry 7007000/8215923 (85.2856%)
entry 7015000/8215923 (85.383%)
entry 7018000/8215923 (85.4195%)
entry 7019000/8215923 (85.4317%)
entry 7021000/8215923 (85.456%)
entry 7036000/8215923 (85.6386%)
entry 7039000/8215923 (85.6751%)
entry 7040000/8215923 (85.6873%)
entry 7054000/8215923 (85.8577%)
entry 7058000/8215923 (85.9064%)
entry 7060000/8215923 (85.9307%)
entry 7061000/8215923 (85.9429%)
entry 7062000/8215923 (85.955%)
entry 7068000/8215923 (86.0281%)
entry 7073000/8215923 (86.0889%)
entry 7074000/8215923 (86.1011%)
entry 7075000/8215923 (86.1133%)
entry 7078000/8215923 (86.1498%)
entry 7079000/8215923 (86.162%)
entry 7080000/8215923 (86.1741%)
entry 7082000/8215923 (86.1985%)
entry 7085000/8215923 (86.235%)
entry 7090000/8215923 (86.2958%)
entry 7092000/8215923 (86.3202%)
entry 7093000/8215923 (86.3324%)
entry 7095000/8215923 (86.3567%)
entry 7098000/8215923 (86.3932%)
entry 7099000/8215923 (86.4054%)
entry 7102000/8215923 (86.4419%)
entry 7108000/8215923 (86.5149%)
entry 7114000/8215923 (86.588%)
entry 7116000/8215923 (86.6123%)
entry 7117000/8215923 (86.6245%)
entry 7119000/8215923 (86.6488%)
entry 7122000/8215923 (86.6853%)
entry 7124000/8215923 (86.7097%)
entry 7127000/8215923 (86.7462%)
entry 7130000/8215923 (86.7827%)
entry 7132000/8215923 (86.807%)
entry 7135000/8215923 (86.8436%)
entry 7140000/8215923 (86.9044%)
entry 7144000/8215923 (86.9531%)
entry 7149000/8215923 (87.014%)
entry 7150000/8215923 (87.0261%)
entry 7155000/8215923 (87.087%)
entry 7156000/8215923 (87.0992%)
entry 7158000/8215923 (87.1235%)
entry 7160000/8215923 (87.1478%)
entry 7162000/8215923 (87.1722%)
entry 7164000/8215923 (87.1965%)
entry 7167000/8215923 (87.233%)
entry 7168000/8215923 (87.2452%)
entry 7171000/8215923 (87.2817%)
entry 7172000/8215923 (87.2939%)
entry 7173000/8215923 (87.3061%)
entry 7176000/8215923 (87.3426%)
entry 7182000/8215923 (87.4156%)
entry 7183000/8215923 (87.4278%)
entry 7186000/8215923 (87.4643%)
entry 7192000/8215923 (87.5373%)
entry 7203000/8215923 (87.6712%)
entry 7208000/8215923 (87.7321%)
entry 7212000/8215923 (87.7808%)
entry 7214000/8215923 (87.8051%)
entry 7219000/8215923 (87.866%)
entry 7220000/8215923 (87.8781%)
entry 7232000/8215923 (88.0242%)
entry 7234000/8215923 (88.0485%)
entry 7237000/8215923 (88.085%)
entry 7240000/8215923 (88.1216%)
entry 7242000/8215923 (88.1459%)
entry 7250000/8215923 (88.2433%)
entry 7256000/8215923 (88.3163%)
entry 7259000/8215923 (88.3528%)
entry 7260000/8215923 (88.365%)
entry 7263000/8215923 (88.4015%)
entry 7265000/8215923 (88.4259%)
entry 7271000/8215923 (88.4989%)
entry 7272000/8215923 (88.5111%)
entry 7274000/8215923 (88.5354%)
entry 7275000/8215923 (88.5476%)
entry 7282000/8215923 (88.6328%)
entry 7283000/8215923 (88.6449%)
entry 7287000/8215923 (88.6936%)
entry 7293000/8215923 (88.7667%)
entry 7296000/8215923 (88.8032%)
entry 7299000/8215923 (88.8397%)
entry 7302000/8215923 (88.8762%)
entry 7304000/8215923 (88.9005%)
entry 7308000/8215923 (88.9492%)
entry 7310000/8215923 (88.9736%)
entry 7312000/8215923 (88.9979%)
entry 7320000/8215923 (89.0953%)
entry 7322000/8215923 (89.1196%)
entry 7323000/8215923 (89.1318%)
entry 7324000/8215923 (89.144%)
entry 7326000/8215923 (89.1683%)
entry 7327000/8215923 (89.1805%)
entry 7335000/8215923 (89.2779%)
entry 7336000/8215923 (89.29%)
entry 7340000/8215923 (89.3387%)
entry 7344000/8215923 (89.3874%)
entry 7345000/8215923 (89.3996%)
entry 7352000/8215923 (89.4848%)
entry 7353000/8215923 (89.4969%)
entry 7360000/8215923 (89.5821%)
entry 7363000/8215923 (89.6187%)
entry 7368000/8215923 (89.6795%)
entry 7370000/8215923 (89.7039%)
entry 7377000/8215923 (89.7891%)
entry 7382000/8215923 (89.8499%)
entry 7385000/8215923 (89.8864%)
entry 7389000/8215923 (89.9351%)
entry 7391000/8215923 (89.9595%)
entry 7393000/8215923 (89.9838%)
entry 7396000/8215923 (90.0203%)
entry 7400000/8215923 (90.069%)
entry 7402000/8215923 (90.0933%)
entry 7405000/8215923 (90.1299%)
entry 7407000/8215923 (90.1542%)
entry 7408000/8215923 (90.1664%)
entry 7412000/8215923 (90.2151%)
entry 7417000/8215923 (90.2759%)
entry 7418000/8215923 (90.2881%)
entry 7422000/8215923 (90.3368%)
entry 7423000/8215923 (90.3489%)
entry 7427000/8215923 (90.3976%)
entry 7428000/8215923 (90.4098%)
entry 7435000/8215923 (90.495%)
entry 7438000/8215923 (90.5315%)
entry 7440000/8215923 (90.5559%)
entry 7445000/8215923 (90.6167%)
entry 7447000/8215923 (90.6411%)
entry 7453000/8215923 (90.7141%)
entry 7454000/8215923 (90.7263%)
entry 7459000/8215923 (90.7871%)
entry 7460000/8215923 (90.7993%)
entry 7471000/8215923 (90.9332%)
entry 7473000/8215923 (90.9575%)
entry 7474000/8215923 (90.9697%)
entry 7475000/8215923 (90.9819%)
entry 7477000/8215923 (91.0062%)
entry 7479000/8215923 (91.0306%)
entry 7484000/8215923 (91.0914%)
entry 7489000/8215923 (91.1523%)
entry 7491000/8215923 (91.1766%)
entry 7493000/8215923 (91.201%)
entry 7499000/8215923 (91.274%)
entry 7502000/8215923 (91.3105%)
entry 7509000/8215923 (91.3957%)
entry 7514000/8215923 (91.4566%)
entry 7522000/8215923 (91.5539%)
entry 7524000/8215923 (91.5783%)
entry 7525000/8215923 (91.5904%)
entry 7527000/8215923 (91.6148%)
entry 7530000/8215923 (91.6513%)
entry 7534000/8215923 (91.7%)
entry 7537000/8215923 (91.7365%)
entry 7540000/8215923 (91.773%)
entry 7542000/8215923 (91.7974%)
entry 7547000/8215923 (91.8582%)
entry 7552000/8215923 (91.9191%)
entry 7554000/8215923 (91.9434%)
entry 7560000/8215923 (92.0164%)
entry 7564000/8215923 (92.0651%)
entry 7565000/8215923 (92.0773%)
entry 7567000/8215923 (92.1016%)
entry 7568000/8215923 (92.1138%)
entry 7573000/8215923 (92.1747%)
entry 7584000/8215923 (92.3086%)
entry 7588000/8215923 (92.3572%)
entry 7592000/8215923 (92.4059%)
entry 7593000/8215923 (92.4181%)
entry 7594000/8215923 (92.4303%)
entry 7596000/8215923 (92.4546%)
entry 7608000/8215923 (92.6007%)
entry 7613000/8215923 (92.6615%)
entry 7618000/8215923 (92.7224%)
entry 7629000/8215923 (92.8563%)
entry 7630000/8215923 (92.8684%)
entry 7633000/8215923 (92.905%)
entry 7637000/8215923 (92.9536%)
entry 7639000/8215923 (92.978%)
entry 7644000/8215923 (93.0388%)
entry 7645000/8215923 (93.051%)
entry 7652000/8215923 (93.1362%)
entry 7653000/8215923 (93.1484%)
entry 7654000/8215923 (93.1606%)
entry 7656000/8215923 (93.1849%)
entry 7659000/8215923 (93.2214%)
entry 7660000/8215923 (93.2336%)
entry 7664000/8215923 (93.2823%)
entry 7667000/8215923 (93.3188%)
entry 7672000/8215923 (93.3796%)
entry 7677000/8215923 (93.4405%)
entry 7680000/8215923 (93.477%)
entry 7683000/8215923 (93.5135%)
entry 7698000/8215923 (93.6961%)
entry 7701000/8215923 (93.7326%)
entry 7708000/8215923 (93.8178%)
entry 7717000/8215923 (93.9274%)
entry 7718000/8215923 (93.9395%)
entry 7725000/8215923 (94.0247%)
entry 7726000/8215923 (94.0369%)
entry 7728000/8215923 (94.0612%)
entry 7729000/8215923 (94.0734%)
entry 7730000/8215923 (94.0856%)
entry 7731000/8215923 (94.0978%)
entry 7736000/8215923 (94.1586%)
entry 7740000/8215923 (94.2073%)
entry 7741000/8215923 (94.2195%)
entry 7744000/8215923 (94.256%)
entry 7747000/8215923 (94.2925%)
entry 7752000/8215923 (94.3534%)
entry 7762000/8215923 (94.4751%)
entry 7765000/8215923 (94.5116%)
entry 7770000/8215923 (94.5725%)
entry 7771000/8215923 (94.5846%)
entry 7780000/8215923 (94.6942%)
entry 7783000/8215923 (94.7307%)
entry 7787000/8215923 (94.7794%)
entry 7789000/8215923 (94.8037%)
entry 7790000/8215923 (94.8159%)
entry 7793000/8215923 (94.8524%)
entry 7805000/8215923 (94.9985%)
entry 7810000/8215923 (95.0593%)
entry 7812000/8215923 (95.0837%)
entry 7818000/8215923 (95.1567%)
entry 7819000/8215923 (95.1689%)
entry 7822000/8215923 (95.2054%)
entry 7823000/8215923 (95.2175%)
entry 7824000/8215923 (95.2297%)
entry 7826000/8215923 (95.2541%)
entry 7830000/8215923 (95.3027%)
entry 7832000/8215923 (95.3271%)
entry 7833000/8215923 (95.3393%)
entry 7837000/8215923 (95.3879%)
entry 7839000/8215923 (95.4123%)
entry 7841000/8215923 (95.4366%)
entry 7842000/8215923 (95.4488%)
entry 7845000/8215923 (95.4853%)
entry 7847000/8215923 (95.5097%)
entry 7848000/8215923 (95.5218%)
entry 7849000/8215923 (95.534%)
entry 7855000/8215923 (95.607%)
entry 7863000/8215923 (95.7044%)
entry 7868000/8215923 (95.7653%)
entry 7870000/8215923 (95.7896%)
entry 7878000/8215923 (95.887%)
entry 7879000/8215923 (95.8991%)
entry 7889000/8215923 (96.0209%)
entry 7890000/8215923 (96.033%)
entry 7893000/8215923 (96.0695%)
entry 7894000/8215923 (96.0817%)
entry 7897000/8215923 (96.1182%)
entry 7898000/8215923 (96.1304%)
entry 7901000/8215923 (96.1669%)
entry 7903000/8215923 (96.1913%)
entry 7908000/8215923 (96.2521%)
entry 7912000/8215923 (96.3008%)
entry 7917000/8215923 (96.3617%)
entry 7920000/8215923 (96.3982%)
entry 7923000/8215923 (96.4347%)
entry 7926000/8215923 (96.4712%)
entry 7928000/8215923 (96.4956%)
entry 7929000/8215923 (96.5077%)
entry 7931000/8215923 (96.5321%)
entry 7937000/8215923 (96.6051%)
entry 7938000/8215923 (96.6173%)
entry 7940000/8215923 (96.6416%)
entry 7941000/8215923 (96.6538%)
entry 7948000/8215923 (96.739%)
entry 7949000/8215923 (96.7511%)
entry 7953000/8215923 (96.7998%)
entry 7956000/8215923 (96.8364%)
entry 7958000/8215923 (96.8607%)
entry 7959000/8215923 (96.8729%)
entry 7961000/8215923 (96.8972%)
entry 7964000/8215923 (96.9337%)
entry 7966000/8215923 (96.9581%)
entry 7975000/8215923 (97.0676%)
entry 7976000/8215923 (97.0798%)
entry 7977000/8215923 (97.0919%)
entry 7999000/8215923 (97.3597%)
entry 8001000/8215923 (97.3841%)
entry 8006000/8215923 (97.4449%)
entry 8010000/8215923 (97.4936%)
entry 8013000/8215923 (97.5301%)
entry 8019000/8215923 (97.6032%)
entry 8021000/8215923 (97.6275%)
entry 8025000/8215923 (97.6762%)
entry 8026000/8215923 (97.6884%)
entry 8028000/8215923 (97.7127%)
entry 8029000/8215923 (97.7249%)
entry 8031000/8215923 (97.7492%)
entry 8034000/8215923 (97.7857%)
entry 8038000/8215923 (97.8344%)
entry 8045000/8215923 (97.9196%)
entry 8047000/8215923 (97.944%)
entry 8051000/8215923 (97.9926%)
entry 8074000/8215923 (98.2726%)
entry 8078000/8215923 (98.3213%)
entry 8079000/8215923 (98.3334%)
entry 8087000/8215923 (98.4308%)
entry 8088000/8215923 (98.443%)
entry 8092000/8215923 (98.4917%)
entry 8103000/8215923 (98.6256%)
entry 8105000/8215923 (98.6499%)
entry 8108000/8215923 (98.6864%)
entry 8109000/8215923 (98.6986%)
entry 8116000/8215923 (98.7838%)
entry 8120000/8215923 (98.8325%)
entry 8123000/8215923 (98.869%)
entry 8125000/8215923 (98.8933%)
entry 8131000/8215923 (98.9664%)
entry 8134000/8215923 (99.0029%)
entry 8141000/8215923 (99.0881%)
entry 8148000/8215923 (99.1733%)
entry 8149000/8215923 (99.1854%)
entry 8152000/8215923 (99.222%)
entry 8153000/8215923 (99.2341%)
entry 8155000/8215923 (99.2585%)
entry 8158000/8215923 (99.295%)
entry 8160000/8215923 (99.3193%)
entry 8168000/8215923 (99.4167%)
entry 8169000/8215923 (99.4289%)
entry 8176000/8215923 (99.5141%)
entry 8179000/8215923 (99.5506%)
entry 8181000/8215923 (99.5749%)
entry 8189000/8215923 (99.6723%)
entry 8197000/8215923 (99.7697%)
entry 8199000/8215923 (99.794%)
entry 8204000/8215923 (99.8549%)
entry 8206000/8215923 (99.8792%)
entry 8209000/8215923 (99.9157%)
entry 8211000/8215923 (99.9401%)
entry 8214000/8215923 (99.9766%)
all done
script done
