sphnx1054.sdcc.bnl.gov
rsyncing from /gpfs/mnt/gpfs02/sphenix/user/samfred/run25/ppg11/histmaking
running: /gpfs/mnt/gpfs02/sphenix/user/samfred/run25/ppg11/histmaking/script_data.sh 47316
LD_LIBRARY_PATH now /sphenix/user/samfred/run25/install//lib:/cvmfs/sphenix.sdcc.bnl.gov/alma9.2-gcc-14.2.0/opt/sphenix/core/gcc/14.2.0-2f0a0/x86_64-el9/lib:/cvmfs/sphenix.sdcc.bnl.gov/alma9.2-gcc-14.2.0/opt/sphenix/core/gcc/14.2.0-2f0a0/x86_64-el9/lib64:/cvmfs/sphenix.sdcc.bnl.gov/alma9.2-gcc-14.2.0/opt/sphenix/core/binutils/2.40-acaab/x86_64-el9/lib:.:/cvmfs/sphenix.sdcc.bnl.gov/alma9.2-gcc-14.2.0/release/release_new/new.10/lib64:/cvmfs/sphenix.sdcc.bnl.gov/alma9.2-gcc-14.2.0/release/release_new/new.10/lib:/cvmfs/sphenix.sdcc.bnl.gov/alma9.2-gcc-14.2.0/opt/sphenix/utils/lib:/cvmfs/sphenix.sdcc.bnl.gov/alma9.2-gcc-14.2.0/opt/sphenix/core/lib:/cvmfs/sphenix.sdcc.bnl.gov/alma9.2-gcc-14.2.0/opt/sphenix/core/root-6.32.06/lib:/cvmfs/sphenix.sdcc.bnl.gov/alma9.2-gcc-14.2.0/opt/sphenix/core/geant4.10.07.p04/lib64:/cvmfs/sphenix.sdcc.bnl.gov/alma9.2-gcc-14.2.0/opt/sphenix/core/lhapdf-5.9.1/lib:/usr/local/lib64:/usr/lib64
PATH now /sphenix/user/samfred/run25/install//bin:/cvmfs/sphenix.sdcc.bnl.gov/alma9.2-gcc-14.2.0/opt/sphenix/core/gcc/14.2.0-2f0a0/x86_64-el9/bin:/cvmfs/sphenix.sdcc.bnl.gov/alma9.2-gcc-14.2.0/opt/sphenix/core/binutils/2.40-acaab/x86_64-el9/bin:.:/cvmfs/sphenix.sdcc.bnl.gov/alma9.2-gcc-14.2.0/release/release_new/new.10/bin:/cvmfs/sphenix.sdcc.bnl.gov/alma9.2-gcc-14.2.0/opt/sphenix/utils/bin:/cvmfs/sphenix.sdcc.bnl.gov/alma9.2-gcc-14.2.0/opt/sphenix/core/bin:/cvmfs/sphenix.sdcc.bnl.gov/alma9.2-gcc-14.2.0/opt/sphenix/core/root-6.32.06/bin:/cvmfs/sphenix.sdcc.bnl.gov/alma9.2-gcc-14.2.0/opt/sphenix/core/geant4.10.07.p04/bin:/usr/local/bin:/usr/bin:/usr/local/sbin:/usr/sbin
SINGULARITY_CACHEDIR=/home/condor/local/sphnx/execute/dir_1502255
_CONDOR_CHIRP_CONFIG=/home/condor/local/sphnx/execute/dir_1502255/.chirp.config
_CONDOR_JOB_IWD=/sphenix/user/samfred/run25/ppg11/histmaking
_CONDOR_ANCESTOR_316947=1502255:1759352670:2223017729
G4ENSDFSTATEDATA=/cvmfs/sphenix.sdcc.bnl.gov/alma9.2-gcc-14.2.0/opt/sphenix/core/geant4.10.07.p04/share/Geant4-10.7.4/data/G4ENSDFSTATE2.3
_CONDOR_MACHINE_AD=/home/condor/local/sphnx/execute/dir_1502255/.machine.ad
ROOT_MAX_THREADS=1
NUMEXPR_NUM_THREADS=1
CUBACORES=1
_CHIRP_DELAYED_UPDATE_PREFIX=Chirp*
OMP_THREAD_LIMIT=1
G4PIIDATA=/cvmfs/sphenix.sdcc.bnl.gov/alma9.2-gcc-14.2.0/opt/sphenix/core/geant4.10.07.p04/share/Geant4-10.7.4/data/G4PII1.3
_CONDOR_ANCESTOR_1502255=1507851:1759352670:643580437
NO_AT_BRIDGE=1
G4_MAIN=/cvmfs/sphenix.sdcc.bnl.gov/alma9.2-gcc-14.2.0/opt/sphenix/core/geant4.10.07.p04
COMPILER_PATH=/cvmfs/sphenix.sdcc.bnl.gov/alma9.2-gcc-14.2.0/opt/sphenix/core/gcc/14.2.0-2f0a0/x86_64-el9
ROOT_INCLUDE_PATH=./:/sphenix/user/samfred/run25/install//include:/sphenix/user/samfred/run25/install//include/caloana:/sphenix/user/samfred/run25/install//include/qa_centrality:/sphenix/user/samfred/run25/install//include/mbdana:/sphenix/user/samfred/run25/install//include/centrality:/sphenix/user/samfred/run25/install//include/Event:/cvmfs/sphenix.sdcc.bnl.gov/alma9.2-gcc-14.2.0/release/release_new/new.10/include:/cvmfs/sphenix.sdcc.bnl.gov/alma9.2-gcc-14.2.0/release/release_new/new.10/include:/cvmfs/sphenix.sdcc.bnl.gov/alma9.2-gcc-14.2.0/release/release_new/new.10/include/g4mbd:/cvmfs/sphenix.sdcc.bnl.gov/alma9.2-gcc-14.2.0/release/release_new/new.10/include/fmt:/cvmfs/sphenix.sdcc.bnl.gov/alma9.2-gcc-14.2.0/release/release_new/new.10/include/ffarawobjects:/cvmfs/sphenix.sdcc.bnl.gov/alma9.2-gcc-14.2.0/release/release_new/new.10/include/JSON:/cvmfs/sphenix.sdcc.bnl.gov/alma9.2-gcc-14.2.0/release/release_new/new.10/include/calotreegen:/cvmfs/sphenix.sdcc.bnl.gov/alma9.2-gcc-14.2.0/release/release_new/new.10/include/torch:/cvmfs/sphenix.sdcc.bnl.gov/alma9.2-gcc-14.2.0/release/release_new/new.10/include/g4detectors:/cvmfs/sphenix.sdcc.bnl.gov/alma9.2-gcc-14.2.0/release/release_new/new.10/include/kineto:/cvmfs/sphenix.sdcc.bnl.gov/alma9.2-gcc-14.2.0/release/release_new/new.10/include/g4decayer:/cvmfs/sphenix.sdcc.bnl.gov/alma9.2-gcc-14.2.0/release/release_new/new.10/include/kfparticleqa:/cvmfs/sphenix.sdcc.bnl.gov/alma9.2-gcc-14.2.0/release/release_new/new.10/include/phfield:/cvmfs/sphenix.sdcc.bnl.gov/alma9.2-gcc-14.2.0/release/release_new/new.10/include/LHAPDF:/cvmfs/sphenix.sdcc.bnl.gov/alma9.2-gcc-14.2.0/release/release_new/new.10/include/readdigitalcurrents:/cvmfs/sphenix.sdcc.bnl.gov/alma9.2-gcc-14.2.0/release/release_new/new.10/include/c10:/cvmfs/sphenix.sdcc.bnl.gov/alma9.2-gcc-14.2.0/release/release_new/new.10/include/calovalid:/cvmfs/sphenix.sdcc.bnl.gov/alma9.2-gcc-14.2.0/release/release_new/new.10/include/oneapi:/cvmfs/sphenix.sdcc.bnl.gov/alma9.2-gcc-14.2.0/release/release_new/new.10/include/DDCond:/cvmfs/sphenix.sdcc.bnl.gov/alma9.2-gcc-14.2.0/release/release_new/new.10/include/g4tracking:/cvmfs/sphenix.sdcc.bnl.gov/alma9.2-gcc-14.2.0/release/release_new/new.10/include/litecaloeval:/cvmfs/sphenix.sdcc.bnl.gov/alma9.2-gcc-14.2.0/release/release_new/new.10/include/g4intt:/cvmfs/sphenix.sdcc.bnl.gov/alma9.2-gcc-14.2.0/release/release_new/new.10/include/phool:/cvmfs/sphenix.sdcc.bnl.gov/alma9.2-gcc-14.2.0/release/release_new/new.10/include/boost:/cvmfs/sphenix.sdcc.bnl.gov/alma9.2-gcc-14.2.0/release/release_new/new.10/include/Pythia8Plugins:/cvmfs/sphenix.sdcc.bnl.gov/alma9.2-gcc-14.2.0/release/release_new/new.10/include/calib_emc_pi0:/cvmfs/sphenix.sdcc.bnl.gov/alma9.2-gcc-14.2.0/release/release_new/new.10/include/hijingflipafterburner:/cvmfs/sphenix.sdcc.bnl.gov/alma9.2-gcc-14.2.0/release/release_new/new.10/include/ffaobjects:/cvmfs/sphenix.sdcc.bnl.gov/alma9.2-gcc-14.2.0/release/release_new/new.10/include/EvtGenBase:/cvmfs/sphenix.sdcc.bnl.gov/alma9.2-gcc-14.2.0/release/release_new/new.10/include/flowafterburner:/cvmfs/sphenix.sdcc.bnl.gov/alma9.2-gcc-14.2.0/release/release_new/new.10/include/google:/cvmfs/sphenix.sdcc.bnl.gov/alma9.2-gcc-14.2.0/release/release_new/new.10/include/g4tpc:/cvmfs/sphenix.sdcc.bnl.gov/alma9.2-gcc-14.2.0/release/release_new/new.10/include/caffe2:/cvmfs/sphenix.sdcc.bnl.gov/alma9.2-gcc-14.2.0/release/release_new/new.10/include/EvtGenExternal:/cvmfs/sphenix.sdcc.bnl.gov/alma9.2-gcc-14.2.0/release/release_new/new.10/include/fp16:/cvmfs/sphenix.sdcc.bnl.gov/alma9.2-gcc-14.2.0/release/release_new/new.10/include/ffamodules:/cvmfs/sphenix.sdcc.bnl.gov/alma9.2-gcc-14.2.0/release/release_new/new.10/include/uspin:/cvmfs/sphenix.sdcc.bnl.gov/alma9.2-gcc-14.2.0/release/release_new/new.10/include/Herwig:/cvmfs/sphenix.sdcc.bnl.gov/alma9.2-gcc-14.2.0/release/release_new/new.10/include/genfitexp:/cvmfs/sphenix.sdcc.bnl.gov/alma9.2-gcc-14.2.0/release/release_new/new.10/include/XML:/cvmfs/sphenix.sdcc.bnl.gov/alma9.2-gcc-14.2.0/release/release_new/new.10/include/fbgemm:/cvmfs/sphenix.sdcc.bnl.gov/alma9.2-gcc-14.2.0/release/release_new/new.10/include/DDAlign:/cvmfs/sphenix.sdcc.bnl.gov/alma9.2-gcc-14.2.0/release/release_new/new.10/include/g4mvtx:/cvmfs/sphenix.sdcc.bnl.gov/alma9.2-gcc-14.2.0/release/release_new/new.10/include/kfparticle_sphenix:/cvmfs/sphenix.sdcc.bnl.gov/alma9.2-gcc-14.2.0/release/release_new/new.10/include/fun4all:/cvmfs/sphenix.sdcc.bnl.gov/alma9.2-gcc-14.2.0/release/release_new/new.10/include/intt:/cvmfs/sphenix.sdcc.bnl.gov/alma9.2-gcc-14.2.0/release/release_new/new.10/include/eventdisplay:/cvmfs/sphenix.sdcc.bnl.gov/alma9.2-gcc-14.2.0/release/release_new/new.10/include/EvtGen:/cvmfs/sphenix.sdcc.bnl.gov/alma9.2-gcc-14.2.0/release/release_new/new.10/include/Evaluator:/cvmfs/sphenix.sdcc.bnl.gov/alma9.2-gcc-14.2.0/release/release_new/new.10/include/tpc:/cvmfs/sphenix.sdcc.bnl.gov/alma9.2-gcc-14.2.0/release/release_new/new.10/include/GenFit:/cvmfs/sphenix.sdcc.bnl.gov/alma9.2-gcc-14.2.0/release/release_new/new.10/include/prototype4:/cvmfs/sphenix.sdcc.bnl.gov/alma9.2-gcc-14.2.0/release/release_new/new.10/include/caloembedding:/cvmfs/sphenix.sdcc.bnl.gov/alma9.2-gcc-14.2.0/release/release_new/new.10/include/EvtGenModels:/cvmfs/sphenix.sdcc.bnl.gov/alma9.2-gcc-14.2.0/release/release_new/new.10/include/fastjet:/cvmfs/sphenix.sdcc.bnl.gov/alma9.2-gcc-14.2.0/release/release_new/new.10/include/DDG4:/cvmfs/sphenix.sdcc.bnl.gov/alma9.2-gcc-14.2.0/release/release_new/new.10/include/mbd:/cvmfs/sphenix.sdcc.bnl.gov/alma9.2-gcc-14.2.0/release/release_new/new.10/include/tbb:/cvmfs/sphenix.sdcc.bnl.gov/alma9.2-gcc-14.2.0/release/release_new/new.10/include/phgeom:/cvmfs/sphenix.sdcc.bnl.gov/alma9.2-gcc-14.2.0/release/release_new/new.10/include/g4epd:/cvmfs/sphenix.sdcc.bnl.gov/alma9.2-gcc-14.2.0/release/release_new/new.10/include/oncal:/cvmfs/sphenix.sdcc.bnl.gov/alma9.2-gcc-14.2.0/release/release_new/new.10/include/pybind11:/cvmfs/sphenix.sdcc.bnl.gov/alma9.2-gcc-14.2.0/release/release_new/new.10/include/tpcdistgenerator:/cvmfs/sphenix.sdcc.bnl.gov/alma9.2-gcc-14.2.0/release/release_new/new.10/include/cdbobjects:/cvmfs/sphenix.sdcc.bnl.gov/alma9.2-gcc-14.2.0/release/release_new/new.10/include/g4micromegas:/cvmfs/sphenix.sdcc.bnl.gov/alma9.2-gcc-14.2.0/release/release_new/new.10/include/g4eval:/cvmfs/sphenix.sdcc.bnl.gov/alma9.2-gcc-14.2.0/release/release_new/new.10/include/jetbackground:/cvmfs/sphenix.sdcc.bnl.gov/alma9.2-gcc-14.2.0/release/release_new/new.10/include/micromegas:/cvmfs/sphenix.sdcc.bnl.gov/alma9.2-gcc-14.2.0/release/release_new/new.10/include/hftrackefficiency:/cvmfs/sphenix.sdcc.bnl.gov/alma9.2-gcc-14.2.0/release/release_new/new.10/include/inttrawhitqa:/cvmfs/sphenix.sdcc.bnl.gov/alma9.2-gcc-14.2.0/release/release_new/new.10/include/centrality:/cvmfs/sphenix.sdcc.bnl.gov/alma9.2-gcc-14.2.0/release/release_new/new.10/include/epd:/cvmfs/sphenix.sdcc.bnl.gov/alma9.2-gcc-14.2.0/release/release_new/new.10/include/caloreco:/cvmfs/sphenix.sdcc.bnl.gov/alma9.2-gcc-14.2.0/release/release_new/new.10/include/HepMC:/cvmfs/sphenix.sdcc.bnl.gov/alma9.2-gcc-14.2.0/release/release_new/new.10/include/CLHEP:/cvmfs/sphenix.sdcc.bnl.gov/alma9.2-gcc-14.2.0/release/release_new/new.10/include/Acts:/cvmfs/sphenix.sdcc.bnl.gov/alma9.2-gcc-14.2.0/release/release_new/new.10/include/g4histos:/cvmfs/sphenix.sdcc.bnl.gov/alma9.2-gcc-14.2.0/release/release_new/new.10/include/eventplaneinfo:/cvmfs/sphenix.sdcc.bnl.gov/alma9.2-gcc-14.2.0/release/release_new/new.10/include/fillspacechargemaps:/cvmfs/sphenix.sdcc.bnl.gov/alma9.2-gcc-14.2.0/release/release_new/new.10/include/phhepmc:/cvmfs/sphenix.sdcc.bnl.gov/alma9.2-gcc-14.2.0/release/release_new/new.10/include/trackingqa:/cvmfs/sphenix.sdcc.bnl.gov/alma9.2-gcc-14.2.0/release/release_new/new.10/include/qautils:/cvmfs/sphenix.sdcc.bnl.gov/alma9.2-gcc-14.2.0/release/release_new/new.10/include/trackreco:/cvmfs/sphenix.sdcc.bnl.gov/alma9.2-gcc-14.2.0/release/release_new/new.10/include/g4ohcal:/cvmfs/sphenix.sdcc.bnl.gov/alma9.2-gcc-14.2.0/release/release_new/new.10/include/tpcdvcalib:/cvmfs/sphenix.sdcc.bnl.gov/alma9.2-gcc-14.2.0/release/release_new/new.10/include/zdcinfo:/cvmfs/sphenix.sdcc.bnl.gov/alma9.2-gcc-14.2.0/release/release_new/new.10/include/phpythia8:/cvmfs/sphenix.sdcc.bnl.gov/alma9.2-gcc-14.2.0/release/release_new/new.10/include/fun4allutils:/cvmfs/sphenix.sdcc.bnl.gov/alma9.2-gcc-14.2.0/release/release_new/new.10/include/tpcqa:/cvmfs/sphenix.sdcc.bnl.gov/alma9.2-gcc-14.2.0/release/release_new/new.10/include/Pythia8:/cvmfs/sphenix.sdcc.bnl.gov/alma9.2-gcc-14.2.0/release/release_new/new.10/include/DDRec:/cvmfs/sphenix.sdcc.bnl.gov/alma9.2-gcc-14.2.0/release/release_new/new.10/include/DDDigi:/cvmfs/sphenix.sdcc.bnl.gov/alma9.2-gcc-14.2.0/release/release_new/new.10/include/g4ihcal:/cvmfs/sphenix.sdcc.bnl.gov/alma9.2-gcc-14.2.0/release/release_new/new.10/include/frog:/cvmfs/sphenix.sdcc.bnl.gov/alma9.2-gcc-14.2.0/release/release_new/new.10/include/eigen3:/cvmfs/sphenix.sdcc.bnl.gov/alma9.2-gcc-14.2.0/release/release_new/new.10/include/tensorpipe:/cvmfs/sphenix.sdcc.bnl.gov/alma9.2-gcc-14.2.0/release/release_new/new.10/include/sphenixnpc:/cvmfs/sphenix.sdcc.bnl.gov/alma9.2-gcc-14.2.0/release/release_new/new.10/include/siscone:/cvmfs/sphenix.sdcc.bnl.gov/alma9.2-gcc-14.2.0/release/release_new/new.10/include/pmonitor:/cvmfs/sphenix.sdcc.bnl.gov/alma9.2-gcc-14.2.0/release/release_new/new.10/include/calobase:/cvmfs/sphenix.sdcc.bnl.gov/alma9.2-gcc-14.2.0/release/release_new/new.10/include/ActsExamples:/cvmfs/sphenix.sdcc.bnl.gov/alma9.2-gcc-14.2.0/release/release_new/new.10/include/g4gdml:/cvmfs/sphenix.sdcc.bnl.gov/alma9.2-gcc-14.2.0/release/release_new/new.10/include/mvtx_decoder:/cvmfs/sphenix.sdcc.bnl.gov/alma9.2-gcc-14.2.0/release/release_new/new.10/include/ROOT:/cvmfs/sphenix.sdcc.bnl.gov/alma9.2-gcc-14.2.0/release/release_new/new.10/include/phparameter:/cvmfs/sphenix.sdcc.bnl.gov/alma9.2-gcc-14.2.0/release/release_new/new.10/include/rsa:/cvmfs/sphenix.sdcc.bnl.gov/alma9.2-gcc-14.2.0/release/release_new/new.10/include/fun4allraw:/cvmfs/sphenix.sdcc.bnl.gov/alma9.2-gcc-14.2.0/release/release_new/new.10/include/trackbase_historic:/cvmfs/sphenix.sdcc.bnl.gov/alma9.2-gcc-14.2.0/release/release_new/new.10/include/g4jets:/cvmfs/sphenix.sdcc.bnl.gov/alma9.2-gcc-14.2.0/release/release_new/new.10/include/jetqa:/cvmfs/sphenix.sdcc.bnl.gov/alma9.2-gcc-14.2.0/release/release_new/new.10/include/phoolraw:/cvmfs/sphenix.sdcc.bnl.gov/alma9.2-gcc-14.2.0/release/release_new/new.10/include/g4calo:/cvmfs/sphenix.sdcc.bnl.gov/alma9.2-gcc-14.2.0/release/release_new/new.10/include/mvtxrawhitqa:/cvmfs/sphenix.sdcc.bnl.gov/alma9.2-gcc-14.2.0/release/release_new/new.10/include/HepMC3:/cvmfs/sphenix.sdcc.bnl.gov/alma9.2-gcc-14.2.0/release/release_new/new.10/include/calowaveformsim:/cvmfs/sphenix.sdcc.bnl.gov/alma9.2-gcc-14.2.0/release/release_new/new.10/include/g4caloprototype:/cvmfs/sphenix.sdcc.bnl.gov/alma9.2-gcc-14.2.0/release/release_new/new.10/include/pdbcalbase:/cvmfs/sphenix.sdcc.bnl.gov/alma9.2-gcc-14.2.0/release/release_new/new.10/include/gsl:/cvmfs/sphenix.sdcc.bnl.gov/alma9.2-gcc-14.2.0/release/release_new/new.10/include/nodedump:/cvmfs/sphenix.sdcc.bnl.gov/alma9.2-gcc-14.2.0/release/release_new/new.10/include/emcnoisytowerfinder:/cvmfs/sphenix.sdcc.bnl.gov/alma9.2-gcc-14.2.0/release/release_new/new.10/include/ActsFatras:/cvmfs/sphenix.sdcc.bnl.gov/alma9.2-gcc-14.2.0/release/release_new/new.10/include/ffarawmodules:/cvmfs/sphenix.sdcc.bnl.gov/alma9.2-gcc-14.2.0/release/release_new/new.10/include/Event:/cvmfs/sphenix.sdcc.bnl.gov/alma9.2-gcc-14.2.0/release/release_new/new.10/include/prototype3:/cvmfs/sphenix.sdcc.bnl.gov/alma9.2-gcc-14.2.0/release/release_new/new.10/include/fermimotionafterburner:/cvmfs/sphenix.sdcc.bnl.gov/alma9.2-gcc-14.2.0/release/release_new/new.10/include/Photos:/cvmfs/sphenix.sdcc.bnl.gov/alma9.2-gcc-14.2.0/release/release_new/new.10/include/xingshiftcal:/cvmfs/sphenix.sdcc.bnl.gov/alma9.2-gcc-14.2.0/release/release_new/new.10/include/trackbase:/cvmfs/sphenix.sdcc.bnl.gov/alma9.2-gcc-14.2.0/release/release_new/new.10/include/jetdstskimmer:/cvmfs/sphenix.sdcc.bnl.gov/alma9.2-gcc-14.2.0/release/release_new/new.10/include/clusteriso:/cvmfs/sphenix.sdcc.bnl.gov/alma9.2-gcc-14.2.0/release/release_new/new.10/include/asmjit:/cvmfs/sphenix.sdcc.bnl.gov/alma9.2-gcc-14.2.0/release/release_new/new.10/include/particleflowreco:/cvmfs/sphenix.sdcc.bnl.gov/alma9.2-gcc-14.2.0/release/release_new/new.10/include/tpchittrackdisplay:/cvmfs/sphenix.sdcc.bnl.gov/alma9.2-gcc-14.2.0/release/release_new/new.10/include/caloana:/cvmfs/sphenix.sdcc.bnl.gov/alma9.2-gcc-14.2.0/release/release_new/new.10/include/calotrigger:/cvmfs/sphenix.sdcc.bnl.gov/alma9.2-gcc-14.2.0/release/release_new/new.10/include/nopayloadclient:/cvmfs/sphenix.sdcc.bnl.gov/alma9.2-gcc-14.2.0/release/release_new/new.10/include/trackermillepedealignment:/cvmfs/sphenix.sdcc.bnl.gov/alma9.2-gcc-14.2.0/release/release_new/new.10/include/DD4hep:/cvmfs/sphenix.sdcc.bnl.gov/alma9.2-gcc-14.2.0/release/release_new/new.10/include/g4trackfastsim:/cvmfs/sphenix.sdcc.bnl.gov/alma9.2-gcc-14.2.0/release/release_new/new.10/include/prototype2:/cvmfs/sphenix.sdcc.bnl.gov/alma9.2-gcc-14.2.0/release/release_new/new.10/include/ATen:/cvmfs/sphenix.sdcc.bnl.gov/alma9.2-gcc-14.2.0/release/release_new/new.10/include/g4main:/cvmfs/sphenix.sdcc.bnl.gov/alma9.2-gcc-14.2.0/release/release_new/new.10/include/Tauola:/cvmfs/sphenix.sdcc.bnl.gov/alma9.2-gcc-14.2.0/release/release_new/new.10/include/inttcalib:/cvmfs/sphenix.sdcc.bnl.gov/alma9.2-gcc-14.2.0/release/release_new/new.10/include/reactionplaneafterburner:/cvmfs/sphenix.sdcc.bnl.gov/alma9.2-gcc-14.2.0/release/release_new/new.10/include/globalqa:/cvmfs/sphenix.sdcc.bnl.gov/alma9.2-gcc-14.2.0/release/release_new/new.10/include/tpccalib:/cvmfs/sphenix.sdcc.bnl.gov/alma9.2-gcc-14.2.0/release/release_new/new.10/include/DDSegmentation:/cvmfs/sphenix.sdcc.bnl.gov/alma9.2-gcc-14.2.0/release/release_new/new.10/include/decayfinder:/cvmfs/sphenix.sdcc.bnl.gov/alma9.2-gcc-14.2.0/release/release_new/new.10/include/compressclus:/cvmfs/sphenix.sdcc.bnl.gov/alma9.2-gcc-14.2.0/release/release_new/new.10/include/simqa_modules:/cvmfs/sphenix.sdcc.bnl.gov/alma9.2-gcc-14.2.0/release/release_new/new.10/include/resonancejettagging:/cvmfs/sphenix.sdcc.bnl.gov/alma9.2-gcc-14.2.0/release/release_new/new.10/include/g4centrality:/cvmfs/sphenix.sdcc.bnl.gov/alma9.2-gcc-14.2.0/release/release_new/new.10/include/mvtx:/cvmfs/sphenix.sdcc.bnl.gov/alma9.2-gcc-14.2.0/release/release_new/new.10/include/nlohmann:/cvmfs/sphenix.sdcc.bnl.gov/alma9.2-gcc-14.2.0/release/release_new/new.10/include/localpoloffmon:/cvmfs/sphenix.sdcc.bnl.gov/alma9.2-gcc-14.2.0/release/release_new/new.10/include/DDEve:/cvmfs/sphenix.sdcc.bnl.gov/alma9.2-gcc-14.2.0/release/release_new/new.10/include/Parsers:/cvmfs/sphenix.sdcc.bnl.gov/alma9.2-gcc-14.2.0/release/release_new/new.10/include/trackingdiagnostics:/cvmfs/sphenix.sdcc.bnl.gov/alma9.2-gcc-14.2.0/release/release_new/new.10/include/g4vertex:/cvmfs/sphenix.sdcc.bnl.gov/alma9.2-gcc-14.2.0/release/release_new/new.10/include/jetbase:/cvmfs/sphenix.sdcc.bnl.gov/alma9.2-gcc-14.2.0/release/release_new/new.10/include/globalvertex:/cvmfs/sphenix.sdcc.bnl.gov/alma9.2-gcc-14.2.0/release/release_new/new.10/include/phgenfit:/cvmfs/sphenix.sdcc.bnl.gov/alma9.2-gcc-14.2.0/release/release_new/new.10/include/rawbcolumi:/cvmfs/sphenix.sdcc.bnl.gov/alma9.2-gcc-14.2.0/release/release_new/new.10/include/eicsmear:/cvmfs/sphenix.sdcc.bnl.gov/alma9.2-gcc-14.2.0/release/release_new/new.10/include/mvtxcalib:/cvmfs/sphenix.sdcc.bnl.gov/alma9.2-gcc-14.2.0/release/release_new/new.10/include/tpclinelaserdiode:/cvmfs/sphenix.sdcc.bnl.gov/alma9.2-gcc-14.2.0/release/release_new/new.10/include/hepmcjettrigger:/cvmfs/sphenix.sdcc.bnl.gov/alma9.2-gcc-14.2.0/release/release_new/new.10/include/core:/cvmfs/sphenix.sdcc.bnl.gov/alma9.2-gcc-14.2.0/release/release_new/new.10/include/calo_cdb:/cvmfs/sphenix.sdcc.bnl.gov/alma9.2-gcc-14.2.0/release/release_new/new.10/include/mvtxclustershapesqa:/cvmfs/sphenix.sdcc.bnl.gov/alma9.2-gcc-14.2.0/release/release_new/new.10/include/calopacketskimmer:/cvmfs/sphenix.sdcc.bnl.gov/alma9.2-gcc-14.2.0/opt/sphenix/core/geant4.10.07.p04/include:/cvmfs/sphenix.sdcc.bnl.gov/alma9.2-gcc-14.2.0/release/release_new/new.10/rootmacros:/cvmfs/sphenix.sdcc.bnl.gov/alma9.2-gcc-14.2.0/opt/sphenix/core/include
GSEARCHPATH=.:PG:LUSTRE:RAWDATA
PWD=/gpfs/mnt/gpfs02/sphenix/user/samfred/run25/ppg11/histmaking
_CONDOR_ANCESTOR_316910=316947:1756523317:3116497063
LOGNAME=samfred
_CONDOR_JOB_AD=/home/condor/local/sphnx/execute/dir_1502255/.job.ad
MANPATH=/cvmfs/sphenix.sdcc.bnl.gov/alma9.2-gcc-14.2.0/opt/sphenix/core/gcc/14.2.0-2f0a0/x86_64-el9/share/man:/cvmfs/sphenix.sdcc.bnl.gov/alma9.2-gcc-14.2.0/opt/sphenix/core/binutils/2.40-acaab/x86_64-el9/share/man:/cvmfs/sphenix.sdcc.bnl.gov/alma9.2-gcc-14.2.0/release/release_new/new.10/share/man:/cvmfs/sphenix.sdcc.bnl.gov/alma9.2-gcc-14.2.0/opt/sphenix/utils/share/man:/cvmfs/sphenix.sdcc.bnl.gov/alma9.2-gcc-14.2.0/opt/sphenix/core/share/man:/cvmfs/sphenix.sdcc.bnl.gov/alma9.2-gcc-14.2.0/opt/sphenix/core/root-6.32.06/man:/usr/local/share/man:/usr/share/man
PYTHIA8=/cvmfs/sphenix.sdcc.bnl.gov/alma9.2-gcc-14.2.0/release/release_new/new.10/share/Pythia8
G4INCLDATA=/cvmfs/sphenix.sdcc.bnl.gov/alma9.2-gcc-14.2.0/opt/sphenix/core/geant4.10.07.p04/share/Geant4-10.7.4/data/G4INCL1.0
ORIG_PATH=/usr/local/bin:/usr/bin
CXX=/cvmfs/sphenix.sdcc.bnl.gov/alma9.2-gcc-14.2.0/opt/sphenix/core/gcc/14.2.0-2f0a0/x86_64-el9/bin/g++
G4LEDATA=/cvmfs/sphenix.sdcc.bnl.gov/alma9.2-gcc-14.2.0/opt/sphenix/core/geant4.10.07.p04/share/Geant4-10.7.4/data/G4EMLOW7.13
PYTHON_CPU_COUNT=1
OPENBLAS_NUM_THREADS=1
_CONDOR_BIN=/usr/bin
HOME=/sphenix/u/samfred
G4PARTICLEXSDATA=/cvmfs/sphenix.sdcc.bnl.gov/alma9.2-gcc-14.2.0/opt/sphenix/core/geant4.10.07.p04/share/Geant4-10.7.4/data/G4PARTICLEXS3.1.1
ONLINE_MAIN=/cvmfs/sphenix.sdcc.bnl.gov/alma9.2-gcc-14.2.0/release/release_new/new.10
CALIBRATIONROOT=/cvmfs/sphenix.sdcc.bnl.gov/alma9.2-gcc-14.2.0/release/release_new/new.10/share/calibrations
TMPDIR=/tmp
_CONDOR_SCRATCH_DIR=/home/condor/local/sphnx/execute/dir_1502255
PGUSER=phnxrc
NOPAYLOADCLIENT_CONF=/cvmfs/sphenix.sdcc.bnl.gov/alma9.2-gcc-14.2.0/opt/sphenix/core/etc/sPHENIX_newcdb.json
XERCESCROOT=/cvmfs/sphenix.sdcc.bnl.gov/alma9.2-gcc-14.2.0/opt/sphenix/core/geant4.10.07.p04
LHAPATH=/cvmfs/sphenix.sdcc.bnl.gov/alma9.2-gcc-14.2.0/opt/sphenix/core/lhapdf-5.9.1/share/lhapdf/PDFsets
G4NEUTRONHPDATA=/cvmfs/sphenix.sdcc.bnl.gov/alma9.2-gcc-14.2.0/opt/sphenix/core/geant4.10.07.p04/share/Geant4-10.7.4/data/G4NDL4.6
PYTHONPATH=.:/cvmfs/sphenix.sdcc.bnl.gov/alma9.2-gcc-14.2.0/release/release_new/new.10/lib/python3.13/site-packages:/cvmfs/sphenix.sdcc.bnl.gov/alma9.2-gcc-14.2.0/opt/sphenix/core/lib/python3.13/site-packages:/cvmfs/sphenix.sdcc.bnl.gov/alma9.2-gcc-14.2.0/opt/sphenix/core/root-6.32.06/lib
USER=samfred
_CONDOR_JOB_PIDS=
TEMP=/tmp
GOMAXPROCS=1
OFFLINE_MAIN=/cvmfs/sphenix.sdcc.bnl.gov/alma9.2-gcc-14.2.0/release/release_new/new.10
SHLVL=1
TF_NUM_THREADS=1
G4SAIDXSDATA=/cvmfs/sphenix.sdcc.bnl.gov/alma9.2-gcc-14.2.0/opt/sphenix/core/geant4.10.07.p04/share/Geant4-10.7.4/data/G4SAIDDATA2.0
APPTAINER_CACHEDIR=/home/condor/local/sphnx/execute/dir_1502255
ROOTSYS=/cvmfs/sphenix.sdcc.bnl.gov/alma9.2-gcc-14.2.0/opt/sphenix/core/root-6.32.06
BATCH_SYSTEM=HTCondor
_CONDOR_SLOT=slot1_2
LD_LIBRARY_PATH=/sphenix/user/samfred/run25/install//lib:/cvmfs/sphenix.sdcc.bnl.gov/alma9.2-gcc-14.2.0/opt/sphenix/core/gcc/14.2.0-2f0a0/x86_64-el9/lib:/cvmfs/sphenix.sdcc.bnl.gov/alma9.2-gcc-14.2.0/opt/sphenix/core/gcc/14.2.0-2f0a0/x86_64-el9/lib64:/cvmfs/sphenix.sdcc.bnl.gov/alma9.2-gcc-14.2.0/opt/sphenix/core/binutils/2.40-acaab/x86_64-el9/lib:.:/cvmfs/sphenix.sdcc.bnl.gov/alma9.2-gcc-14.2.0/release/release_new/new.10/lib64:/cvmfs/sphenix.sdcc.bnl.gov/alma9.2-gcc-14.2.0/release/release_new/new.10/lib:/cvmfs/sphenix.sdcc.bnl.gov/alma9.2-gcc-14.2.0/opt/sphenix/utils/lib:/cvmfs/sphenix.sdcc.bnl.gov/alma9.2-gcc-14.2.0/opt/sphenix/core/lib:/cvmfs/sphenix.sdcc.bnl.gov/alma9.2-gcc-14.2.0/opt/sphenix/core/root-6.32.06/lib:/cvmfs/sphenix.sdcc.bnl.gov/alma9.2-gcc-14.2.0/opt/sphenix/core/geant4.10.07.p04/lib64:/cvmfs/sphenix.sdcc.bnl.gov/alma9.2-gcc-14.2.0/opt/sphenix/core/lhapdf-5.9.1/lib:/usr/local/lib64:/usr/lib64
OPT_SPHENIX=/cvmfs/sphenix.sdcc.bnl.gov/alma9.2-gcc-14.2.0/opt/sphenix/core
TF_LOOP_PARALLEL_ITERATIONS=1
EVT_LIB=/cvmfs/sphenix.sdcc.bnl.gov/alma9.2-gcc-14.2.0/opt/sphenix/core/root-6.32.06/lib
PGHOST=sphnxdbmaster.sdcc.bnl.gov
OMP_NUM_THREADS=1
G4REALSURFACEDATA=/cvmfs/sphenix.sdcc.bnl.gov/alma9.2-gcc-14.2.0/opt/sphenix/core/geant4.10.07.p04/share/Geant4-10.7.4/data/RealSurface2.2
FC=/cvmfs/sphenix.sdcc.bnl.gov/alma9.2-gcc-14.2.0/opt/sphenix/core/gcc/14.2.0-2f0a0/x86_64-el9/bin/gfortran
G4ABLADATA=/cvmfs/sphenix.sdcc.bnl.gov/alma9.2-gcc-14.2.0/opt/sphenix/core/geant4.10.07.p04/share/Geant4-10.7.4/data/G4ABLA3.1
PARASOFT=doesnotexist
TMP=/tmp
OPT_UTILS=/cvmfs/sphenix.sdcc.bnl.gov/alma9.2-gcc-14.2.0/opt/sphenix/utils
CONFIG_SITE=/cvmfs/sphenix.sdcc.bnl.gov/alma9.2-gcc-14.2.0/opt/sphenix/core/etc/config.site
PATH=/sphenix/user/samfred/run25/install//bin:/cvmfs/sphenix.sdcc.bnl.gov/alma9.2-gcc-14.2.0/opt/sphenix/core/gcc/14.2.0-2f0a0/x86_64-el9/bin:/cvmfs/sphenix.sdcc.bnl.gov/alma9.2-gcc-14.2.0/opt/sphenix/core/binutils/2.40-acaab/x86_64-el9/bin:.:/cvmfs/sphenix.sdcc.bnl.gov/alma9.2-gcc-14.2.0/release/release_new/new.10/bin:/cvmfs/sphenix.sdcc.bnl.gov/alma9.2-gcc-14.2.0/opt/sphenix/utils/bin:/cvmfs/sphenix.sdcc.bnl.gov/alma9.2-gcc-14.2.0/opt/sphenix/core/bin:/cvmfs/sphenix.sdcc.bnl.gov/alma9.2-gcc-14.2.0/opt/sphenix/core/root-6.32.06/bin:/cvmfs/sphenix.sdcc.bnl.gov/alma9.2-gcc-14.2.0/opt/sphenix/core/geant4.10.07.p04/bin:/usr/local/bin:/usr/bin:/usr/local/sbin:/usr/sbin
G4LEVELGAMMADATA=/cvmfs/sphenix.sdcc.bnl.gov/alma9.2-gcc-14.2.0/opt/sphenix/core/geant4.10.07.p04/share/Geant4-10.7.4/data/PhotonEvaporation5.7
CC=/cvmfs/sphenix.sdcc.bnl.gov/alma9.2-gcc-14.2.0/opt/sphenix/core/gcc/14.2.0-2f0a0/x86_64-el9/bin/gcc
G4RADIOACTIVEDATA=/cvmfs/sphenix.sdcc.bnl.gov/alma9.2-gcc-14.2.0/opt/sphenix/core/geant4.10.07.p04/share/Geant4-10.7.4/data/RadioactiveDecay5.6
JULIA_NUM_THREADS=1
MKL_NUM_THREADS=1
LHAPDF_DATA_PATH=/cvmfs/sphenix.sdcc.bnl.gov/alma9.2-gcc-14.2.0/release/release_new/new.10/share/LHAPDF
XPLOAD_CONFIG_DIR=/cvmfs/sphenix.sdcc.bnl.gov/alma9.2-gcc-14.2.0/opt/sphenix/core/etc
OLDPWD=/cvmfs/sphenix.sdcc.bnl.gov/alma9.2-gcc-14.2.0/release/release_new/new.10/geant4
_=/usr/bin/printenv
runnumber...
47316
trigger...

   ------------------------------------------------------------------
  | Welcome to ROOT 6.32.06                        https://root.cern |
  | (c) 1995-2024, The ROOT Team; conception: R. Brun, F. Rademakers |
  | Built for linuxx8664gcc on Dec 13 2024, 17:23:48                 |
  | From tags/6-32-06@6-32-06                                        |
  | With g++ (GCC) 14.2.0                                            |
  | Try '.help'/'.?', '.demo', '.license', '.credits', '.quit'/'.q'  |
   ------------------------------------------------------------------


Processing data_histmaker.C(47316)...
entry 3000/6061959 (0.049489%)
entry 4000/6061959 (0.0659853%)
entry 8000/6061959 (0.131971%)
entry 12000/6061959 (0.197956%)
entry 13000/6061959 (0.214452%)
entry 14000/6061959 (0.230948%)
entry 15000/6061959 (0.247445%)
entry 20000/6061959 (0.329926%)
entry 22000/6061959 (0.362919%)
entry 25000/6061959 (0.412408%)
entry 26000/6061959 (0.428904%)
entry 29000/6061959 (0.478393%)
entry 32000/6061959 (0.527882%)
entry 34000/6061959 (0.560875%)
entry 35000/6061959 (0.577371%)
entry 38000/6061959 (0.62686%)
entry 39000/6061959 (0.643356%)
entry 41000/6061959 (0.676349%)
entry 53000/6061959 (0.874305%)
entry 61000/6061959 (1.00628%)
entry 63000/6061959 (1.03927%)
entry 70000/6061959 (1.15474%)
entry 72000/6061959 (1.18773%)
entry 73000/6061959 (1.20423%)
entry 79000/6061959 (1.30321%)
entry 84000/6061959 (1.38569%)
entry 85000/6061959 (1.40219%)
entry 94000/6061959 (1.55065%)
entry 98000/6061959 (1.61664%)
entry 102000/6061959 (1.68262%)
entry 109000/6061959 (1.7981%)
entry 113000/6061959 (1.86408%)
entry 114000/6061959 (1.88058%)
entry 118000/6061959 (1.94657%)
entry 121000/6061959 (1.99605%)
entry 125000/6061959 (2.06204%)
entry 126000/6061959 (2.07854%)
entry 131000/6061959 (2.16102%)
entry 137000/6061959 (2.26%)
entry 138000/6061959 (2.27649%)
entry 140000/6061959 (2.30948%)
entry 141000/6061959 (2.32598%)
entry 152000/6061959 (2.50744%)
entry 153000/6061959 (2.52394%)
entry 156000/6061959 (2.57343%)
entry 160000/6061959 (2.63941%)
entry 161000/6061959 (2.65591%)
entry 164000/6061959 (2.7054%)
entry 170000/6061959 (2.80437%)
entry 175000/6061959 (2.88686%)
entry 176000/6061959 (2.90335%)
entry 187000/6061959 (3.08481%)
entry 188000/6061959 (3.10131%)
entry 190000/6061959 (3.1343%)
entry 196000/6061959 (3.23328%)
entry 199000/6061959 (3.28277%)
entry 203000/6061959 (3.34875%)
entry 206000/6061959 (3.39824%)
entry 211000/6061959 (3.48072%)
entry 213000/6061959 (3.51372%)
entry 214000/6061959 (3.53021%)
entry 218000/6061959 (3.5962%)
entry 221000/6061959 (3.64569%)
entry 224000/6061959 (3.69518%)
entry 225000/6061959 (3.71167%)
entry 226000/6061959 (3.72817%)
entry 228000/6061959 (3.76116%)
entry 229000/6061959 (3.77766%)
entry 235000/6061959 (3.87663%)
entry 236000/6061959 (3.89313%)
entry 238000/6061959 (3.92612%)
entry 239000/6061959 (3.94262%)
entry 241000/6061959 (3.97561%)
entry 242000/6061959 (3.99211%)
entry 250000/6061959 (4.12408%)
entry 252000/6061959 (4.15707%)
entry 255000/6061959 (4.20656%)
entry 256000/6061959 (4.22306%)
entry 257000/6061959 (4.23955%)
entry 261000/6061959 (4.30554%)
entry 268000/6061959 (4.42101%)
entry 278000/6061959 (4.58598%)
entry 281000/6061959 (4.63547%)
entry 282000/6061959 (4.65196%)
entry 283000/6061959 (4.66846%)
entry 285000/6061959 (4.70145%)
entry 287000/6061959 (4.73444%)
entry 289000/6061959 (4.76744%)
entry 291000/6061959 (4.80043%)
entry 292000/6061959 (4.81692%)
entry 300000/6061959 (4.9489%)
entry 305000/6061959 (5.03138%)
entry 309000/6061959 (5.09736%)
entry 310000/6061959 (5.11386%)
entry 311000/6061959 (5.13035%)
entry 312000/6061959 (5.14685%)
entry 315000/6061959 (5.19634%)
entry 317000/6061959 (5.22933%)
entry 318000/6061959 (5.24583%)
entry 321000/6061959 (5.29532%)
entry 323000/6061959 (5.32831%)
entry 335000/6061959 (5.52627%)
entry 338000/6061959 (5.57576%)
entry 341000/6061959 (5.62524%)
entry 352000/6061959 (5.8067%)
entry 360000/6061959 (5.93867%)
entry 363000/6061959 (5.98816%)
entry 366000/6061959 (6.03765%)
entry 369000/6061959 (6.08714%)
entry 373000/6061959 (6.15313%)
entry 379000/6061959 (6.2521%)
entry 380000/6061959 (6.2686%)
entry 386000/6061959 (6.36758%)
entry 387000/6061959 (6.38407%)
entry 389000/6061959 (6.41707%)
entry 390000/6061959 (6.43356%)
entry 391000/6061959 (6.45006%)
entry 394000/6061959 (6.49955%)
entry 408000/6061959 (6.7305%)
entry 413000/6061959 (6.81298%)
entry 414000/6061959 (6.82948%)
entry 415000/6061959 (6.84597%)
entry 416000/6061959 (6.86247%)
entry 417000/6061959 (6.87896%)
entry 418000/6061959 (6.89546%)
entry 421000/6061959 (6.94495%)
entry 423000/6061959 (6.97794%)
entry 424000/6061959 (6.99444%)
entry 428000/6061959 (7.06042%)
entry 441000/6061959 (7.27488%)
entry 442000/6061959 (7.29137%)
entry 449000/6061959 (7.40685%)
entry 451000/6061959 (7.43984%)
entry 452000/6061959 (7.45634%)
entry 459000/6061959 (7.57181%)
entry 460000/6061959 (7.58831%)
entry 463000/6061959 (7.6378%)
entry 464000/6061959 (7.65429%)
entry 465000/6061959 (7.67079%)
entry 467000/6061959 (7.70378%)
entry 469000/6061959 (7.73677%)
entry 473000/6061959 (7.80276%)
entry 479000/6061959 (7.90174%)
entry 491000/6061959 (8.09969%)
entry 495000/6061959 (8.16568%)
entry 499000/6061959 (8.23166%)
entry 511000/6061959 (8.42962%)
entry 516000/6061959 (8.5121%)
entry 519000/6061959 (8.56159%)
entry 525000/6061959 (8.66057%)
entry 531000/6061959 (8.75954%)
entry 535000/6061959 (8.82553%)
entry 543000/6061959 (8.9575%)
entry 549000/6061959 (9.05648%)
entry 552000/6061959 (9.10597%)
entry 563000/6061959 (9.28743%)
entry 570000/6061959 (9.4029%)
entry 578000/6061959 (9.53487%)
entry 579000/6061959 (9.55137%)
entry 580000/6061959 (9.56786%)
entry 589000/6061959 (9.71633%)
entry 590000/6061959 (9.73283%)
entry 595000/6061959 (9.81531%)
entry 600000/6061959 (9.89779%)
entry 601000/6061959 (9.91429%)
entry 602000/6061959 (9.93078%)
entry 603000/6061959 (9.94728%)
entry 609000/6061959 (10.0463%)
entry 614000/6061959 (10.1287%)
entry 618000/6061959 (10.1947%)
entry 619000/6061959 (10.2112%)
entry 621000/6061959 (10.2442%)
entry 622000/6061959 (10.2607%)
entry 623000/6061959 (10.2772%)
entry 627000/6061959 (10.3432%)
entry 628000/6061959 (10.3597%)
entry 633000/6061959 (10.4422%)
entry 637000/6061959 (10.5082%)
entry 639000/6061959 (10.5411%)
entry 641000/6061959 (10.5741%)
entry 644000/6061959 (10.6236%)
entry 648000/6061959 (10.6896%)
entry 651000/6061959 (10.7391%)
entry 655000/6061959 (10.8051%)
entry 660000/6061959 (10.8876%)
entry 666000/6061959 (10.9865%)
entry 669000/6061959 (11.036%)
entry 674000/6061959 (11.1185%)
entry 675000/6061959 (11.135%)
entry 683000/6061959 (11.267%)
entry 686000/6061959 (11.3165%)
entry 687000/6061959 (11.333%)
entry 688000/6061959 (11.3495%)
entry 690000/6061959 (11.3825%)
entry 691000/6061959 (11.399%)
entry 699000/6061959 (11.5309%)
entry 700000/6061959 (11.5474%)
entry 703000/6061959 (11.5969%)
entry 705000/6061959 (11.6299%)
entry 707000/6061959 (11.6629%)
entry 709000/6061959 (11.6959%)
entry 711000/6061959 (11.7289%)
entry 714000/6061959 (11.7784%)
entry 717000/6061959 (11.8279%)
entry 725000/6061959 (11.9598%)
entry 727000/6061959 (11.9928%)
entry 731000/6061959 (12.0588%)
entry 732000/6061959 (12.0753%)
entry 733000/6061959 (12.0918%)
entry 736000/6061959 (12.1413%)
entry 738000/6061959 (12.1743%)
entry 740000/6061959 (12.2073%)
entry 748000/6061959 (12.3392%)
entry 752000/6061959 (12.4052%)
entry 755000/6061959 (12.4547%)
entry 758000/6061959 (12.5042%)
entry 762000/6061959 (12.5702%)
entry 764000/6061959 (12.6032%)
entry 766000/6061959 (12.6362%)
entry 769000/6061959 (12.6857%)
entry 772000/6061959 (12.7352%)
entry 774000/6061959 (12.7681%)
entry 778000/6061959 (12.8341%)
entry 779000/6061959 (12.8506%)
entry 780000/6061959 (12.8671%)
entry 786000/6061959 (12.9661%)
entry 791000/6061959 (13.0486%)
entry 800000/6061959 (13.1971%)
entry 801000/6061959 (13.2135%)
entry 802000/6061959 (13.23%)
entry 815000/6061959 (13.4445%)
entry 816000/6061959 (13.461%)
entry 824000/6061959 (13.593%)
entry 831000/6061959 (13.7084%)
entry 833000/6061959 (13.7414%)
entry 836000/6061959 (13.7909%)
entry 838000/6061959 (13.8239%)
entry 842000/6061959 (13.8899%)
entry 846000/6061959 (13.9559%)
entry 848000/6061959 (13.9889%)
entry 862000/6061959 (14.2198%)
entry 868000/6061959 (14.3188%)
entry 869000/6061959 (14.3353%)
entry 870000/6061959 (14.3518%)
entry 871000/6061959 (14.3683%)
entry 886000/6061959 (14.6157%)
entry 887000/6061959 (14.6322%)
entry 888000/6061959 (14.6487%)
entry 890000/6061959 (14.6817%)
entry 892000/6061959 (14.7147%)
entry 896000/6061959 (14.7807%)
entry 897000/6061959 (14.7972%)
entry 898000/6061959 (14.8137%)
entry 907000/6061959 (14.9622%)
entry 912000/6061959 (15.0446%)
entry 915000/6061959 (15.0941%)
entry 922000/6061959 (15.2096%)
entry 924000/6061959 (15.2426%)
entry 927000/6061959 (15.2921%)
entry 929000/6061959 (15.3251%)
entry 930000/6061959 (15.3416%)
entry 935000/6061959 (15.4241%)
entry 938000/6061959 (15.4735%)
entry 944000/6061959 (15.5725%)
entry 950000/6061959 (15.6715%)
entry 954000/6061959 (15.7375%)
entry 956000/6061959 (15.7705%)
entry 957000/6061959 (15.787%)
entry 958000/6061959 (15.8035%)
entry 959000/6061959 (15.82%)
entry 960000/6061959 (15.8365%)
entry 961000/6061959 (15.853%)
entry 964000/6061959 (15.9025%)
entry 966000/6061959 (15.9354%)
entry 967000/6061959 (15.9519%)
entry 969000/6061959 (15.9849%)
entry 970000/6061959 (16.0014%)
entry 975000/6061959 (16.0839%)
entry 979000/6061959 (16.1499%)
entry 984000/6061959 (16.2324%)
entry 986000/6061959 (16.2654%)
entry 991000/6061959 (16.3479%)
entry 992000/6061959 (16.3643%)
entry 993000/6061959 (16.3808%)
entry 997000/6061959 (16.4468%)
entry 998000/6061959 (16.4633%)
entry 1016000/6061959 (16.7603%)
entry 1021000/6061959 (16.8427%)
entry 1022000/6061959 (16.8592%)
entry 1025000/6061959 (16.9087%)
entry 1030000/6061959 (16.9912%)
entry 1033000/6061959 (17.0407%)
entry 1036000/6061959 (17.0902%)
entry 1038000/6061959 (17.1232%)
entry 1051000/6061959 (17.3376%)
entry 1066000/6061959 (17.5851%)
entry 1070000/6061959 (17.6511%)
entry 1071000/6061959 (17.6676%)
entry 1074000/6061959 (17.717%)
entry 1077000/6061959 (17.7665%)
entry 1081000/6061959 (17.8325%)
entry 1082000/6061959 (17.849%)
entry 1083000/6061959 (17.8655%)
entry 1084000/6061959 (17.882%)
entry 1086000/6061959 (17.915%)
entry 1087000/6061959 (17.9315%)
entry 1090000/6061959 (17.981%)
entry 1091000/6061959 (17.9975%)
entry 1097000/6061959 (18.0965%)
entry 1103000/6061959 (18.1954%)
entry 1107000/6061959 (18.2614%)
entry 1108000/6061959 (18.2779%)
entry 1111000/6061959 (18.3274%)
entry 1113000/6061959 (18.3604%)
entry 1116000/6061959 (18.4099%)
entry 1129000/6061959 (18.6243%)
entry 1130000/6061959 (18.6408%)
entry 1131000/6061959 (18.6573%)
entry 1134000/6061959 (18.7068%)
entry 1135000/6061959 (18.7233%)
entry 1139000/6061959 (18.7893%)
entry 1148000/6061959 (18.9378%)
entry 1151000/6061959 (18.9873%)
entry 1153000/6061959 (19.0203%)
entry 1161000/6061959 (19.1522%)
entry 1163000/6061959 (19.1852%)
entry 1164000/6061959 (19.2017%)
entry 1165000/6061959 (19.2182%)
entry 1166000/6061959 (19.2347%)
entry 1183000/6061959 (19.5151%)
entry 1193000/6061959 (19.6801%)
entry 1201000/6061959 (19.8121%)
entry 1203000/6061959 (19.8451%)
entry 1205000/6061959 (19.8781%)
entry 1210000/6061959 (19.9605%)
entry 1218000/6061959 (20.0925%)
entry 1222000/6061959 (20.1585%)
entry 1224000/6061959 (20.1915%)
entry 1231000/6061959 (20.307%)
entry 1236000/6061959 (20.3894%)
entry 1238000/6061959 (20.4224%)
entry 1240000/6061959 (20.4554%)
entry 1247000/6061959 (20.5709%)
entry 1248000/6061959 (20.5874%)
entry 1249000/6061959 (20.6039%)
entry 1250000/6061959 (20.6204%)
entry 1252000/6061959 (20.6534%)
entry 1253000/6061959 (20.6699%)
entry 1259000/6061959 (20.7689%)
entry 1261000/6061959 (20.8019%)
entry 1269000/6061959 (20.9338%)
entry 1275000/6061959 (21.0328%)
entry 1277000/6061959 (21.0658%)
entry 1279000/6061959 (21.0988%)
entry 1280000/6061959 (21.1153%)
entry 1287000/6061959 (21.2308%)
entry 1295000/6061959 (21.3627%)
entry 1296000/6061959 (21.3792%)
entry 1298000/6061959 (21.4122%)
entry 1302000/6061959 (21.4782%)
entry 1313000/6061959 (21.6597%)
entry 1324000/6061959 (21.8411%)
entry 1327000/6061959 (21.8906%)
entry 1329000/6061959 (21.9236%)
entry 1336000/6061959 (22.0391%)
entry 1337000/6061959 (22.0556%)
entry 1343000/6061959 (22.1546%)
entry 1353000/6061959 (22.3195%)
entry 1354000/6061959 (22.336%)
entry 1356000/6061959 (22.369%)
entry 1360000/6061959 (22.435%)
entry 1362000/6061959 (22.468%)
entry 1367000/6061959 (22.5505%)
entry 1368000/6061959 (22.567%)
entry 1370000/6061959 (22.6%)
entry 1372000/6061959 (22.6329%)
entry 1378000/6061959 (22.7319%)
entry 1380000/6061959 (22.7649%)
entry 1381000/6061959 (22.7814%)
entry 1386000/6061959 (22.8639%)
entry 1388000/6061959 (22.8969%)
entry 1390000/6061959 (22.9299%)
entry 1391000/6061959 (22.9464%)
entry 1392000/6061959 (22.9629%)
entry 1399000/6061959 (23.0783%)
entry 1400000/6061959 (23.0948%)
entry 1404000/6061959 (23.1608%)
entry 1406000/6061959 (23.1938%)
entry 1408000/6061959 (23.2268%)
entry 1409000/6061959 (23.2433%)
entry 1411000/6061959 (23.2763%)
entry 1413000/6061959 (23.3093%)
entry 1414000/6061959 (23.3258%)
entry 1415000/6061959 (23.3423%)
entry 1416000/6061959 (23.3588%)
entry 1419000/6061959 (23.4083%)
entry 1421000/6061959 (23.4413%)
entry 1426000/6061959 (23.5237%)
entry 1433000/6061959 (23.6392%)
entry 1435000/6061959 (23.6722%)
entry 1436000/6061959 (23.6887%)
entry 1437000/6061959 (23.7052%)
entry 1438000/6061959 (23.7217%)
entry 1441000/6061959 (23.7712%)
entry 1442000/6061959 (23.7877%)
entry 1443000/6061959 (23.8042%)
entry 1444000/6061959 (23.8207%)
entry 1450000/6061959 (23.9197%)
entry 1452000/6061959 (23.9527%)
entry 1453000/6061959 (23.9691%)
entry 1456000/6061959 (24.0186%)
entry 1457000/6061959 (24.0351%)
entry 1459000/6061959 (24.0681%)
entry 1461000/6061959 (24.1011%)
entry 1464000/6061959 (24.1506%)
entry 1467000/6061959 (24.2001%)
entry 1471000/6061959 (24.2661%)
entry 1474000/6061959 (24.3156%)
entry 1475000/6061959 (24.3321%)
entry 1476000/6061959 (24.3486%)
entry 1488000/6061959 (24.5465%)
entry 1498000/6061959 (24.7115%)
entry 1499000/6061959 (24.728%)
entry 1500000/6061959 (24.7445%)
entry 1506000/6061959 (24.8435%)
entry 1507000/6061959 (24.8599%)
entry 1509000/6061959 (24.8929%)
entry 1510000/6061959 (24.9094%)
entry 1515000/6061959 (24.9919%)
entry 1516000/6061959 (25.0084%)
entry 1521000/6061959 (25.0909%)
entry 1532000/6061959 (25.2724%)
entry 1534000/6061959 (25.3054%)
entry 1541000/6061959 (25.4208%)
entry 1542000/6061959 (25.4373%)
entry 1543000/6061959 (25.4538%)
entry 1546000/6061959 (25.5033%)
entry 1548000/6061959 (25.5363%)
entry 1549000/6061959 (25.5528%)
entry 1558000/6061959 (25.7013%)
entry 1561000/6061959 (25.7508%)
entry 1562000/6061959 (25.7672%)
entry 1564000/6061959 (25.8002%)
entry 1575000/6061959 (25.9817%)
entry 1578000/6061959 (26.0312%)
entry 1580000/6061959 (26.0642%)
entry 1582000/6061959 (26.0972%)
entry 1590000/6061959 (26.2291%)
entry 1592000/6061959 (26.2621%)
entry 1597000/6061959 (26.3446%)
entry 1602000/6061959 (26.4271%)
entry 1603000/6061959 (26.4436%)
entry 1605000/6061959 (26.4766%)
entry 1606000/6061959 (26.4931%)
entry 1611000/6061959 (26.5756%)
entry 1612000/6061959 (26.5921%)
entry 1614000/6061959 (26.6251%)
entry 1618000/6061959 (26.691%)
entry 1619000/6061959 (26.7075%)
entry 1622000/6061959 (26.757%)
entry 1626000/6061959 (26.823%)
entry 1627000/6061959 (26.8395%)
entry 1628000/6061959 (26.856%)
entry 1630000/6061959 (26.889%)
entry 1638000/6061959 (27.021%)
entry 1640000/6061959 (27.054%)
entry 1645000/6061959 (27.1364%)
entry 1648000/6061959 (27.1859%)
entry 1650000/6061959 (27.2189%)
entry 1651000/6061959 (27.2354%)
entry 1653000/6061959 (27.2684%)
entry 1654000/6061959 (27.2849%)
entry 1656000/6061959 (27.3179%)
entry 1657000/6061959 (27.3344%)
entry 1660000/6061959 (27.3839%)
entry 1661000/6061959 (27.4004%)
entry 1664000/6061959 (27.4499%)
entry 1675000/6061959 (27.6313%)
entry 1676000/6061959 (27.6478%)
entry 1677000/6061959 (27.6643%)
entry 1679000/6061959 (27.6973%)
entry 1681000/6061959 (27.7303%)
entry 1682000/6061959 (27.7468%)
entry 1688000/6061959 (27.8458%)
entry 1696000/6061959 (27.9778%)
entry 1698000/6061959 (28.0107%)
entry 1705000/6061959 (28.1262%)
entry 1712000/6061959 (28.2417%)
entry 1713000/6061959 (28.2582%)
entry 1722000/6061959 (28.4067%)
entry 1723000/6061959 (28.4232%)
entry 1728000/6061959 (28.5056%)
entry 1732000/6061959 (28.5716%)
entry 1733000/6061959 (28.5881%)
entry 1738000/6061959 (28.6706%)
entry 1741000/6061959 (28.7201%)
entry 1745000/6061959 (28.7861%)
entry 1749000/6061959 (28.8521%)
entry 1750000/6061959 (28.8686%)
entry 1753000/6061959 (28.918%)
entry 1760000/6061959 (29.0335%)
entry 1761000/6061959 (29.05%)
entry 1765000/6061959 (29.116%)
entry 1766000/6061959 (29.1325%)
entry 1774000/6061959 (29.2645%)
entry 1776000/6061959 (29.2975%)
entry 1779000/6061959 (29.3469%)
entry 1782000/6061959 (29.3964%)
entry 1785000/6061959 (29.4459%)
entry 1786000/6061959 (29.4624%)
entry 1793000/6061959 (29.5779%)
entry 1795000/6061959 (29.6109%)
entry 1797000/6061959 (29.6439%)
entry 1799000/6061959 (29.6769%)
entry 1801000/6061959 (29.7099%)
entry 1803000/6061959 (29.7429%)
entry 1804000/6061959 (29.7594%)
entry 1816000/6061959 (29.9573%)
entry 1820000/6061959 (30.0233%)
entry 1835000/6061959 (30.2707%)
entry 1839000/6061959 (30.3367%)
entry 1840000/6061959 (30.3532%)
entry 1844000/6061959 (30.4192%)
entry 1849000/6061959 (30.5017%)
entry 1854000/6061959 (30.5842%)
entry 1858000/6061959 (30.6502%)
entry 1866000/6061959 (30.7821%)
entry 1868000/6061959 (30.8151%)
entry 1872000/6061959 (30.8811%)
entry 1876000/6061959 (30.9471%)
entry 1884000/6061959 (31.0791%)
entry 1890000/6061959 (31.178%)
entry 1895000/6061959 (31.2605%)
entry 1896000/6061959 (31.277%)
entry 1902000/6061959 (31.376%)
entry 1907000/6061959 (31.4585%)
entry 1909000/6061959 (31.4915%)
entry 1912000/6061959 (31.541%)
entry 1915000/6061959 (31.5904%)
entry 1922000/6061959 (31.7059%)
entry 1923000/6061959 (31.7224%)
entry 1933000/6061959 (31.8874%)
entry 1936000/6061959 (31.9369%)
entry 1938000/6061959 (31.9699%)
entry 1941000/6061959 (32.0194%)
entry 1953000/6061959 (32.2173%)
entry 1955000/6061959 (32.2503%)
entry 1957000/6061959 (32.2833%)
entry 1960000/6061959 (32.3328%)
entry 1965000/6061959 (32.4153%)
entry 1970000/6061959 (32.4977%)
entry 1979000/6061959 (32.6462%)
entry 1987000/6061959 (32.7782%)
entry 1990000/6061959 (32.8277%)
entry 1995000/6061959 (32.9102%)
entry 2013000/6061959 (33.2071%)
entry 2014000/6061959 (33.2236%)
entry 2021000/6061959 (33.3391%)
entry 2027000/6061959 (33.438%)
entry 2033000/6061959 (33.537%)
entry 2037000/6061959 (33.603%)
entry 2040000/6061959 (33.6525%)
entry 2042000/6061959 (33.6855%)
entry 2045000/6061959 (33.735%)
entry 2051000/6061959 (33.8339%)
entry 2054000/6061959 (33.8834%)
entry 2063000/6061959 (34.0319%)
entry 2064000/6061959 (34.0484%)
entry 2065000/6061959 (34.0649%)
entry 2068000/6061959 (34.1144%)
entry 2073000/6061959 (34.1969%)
entry 2075000/6061959 (34.2299%)
entry 2080000/6061959 (34.3123%)
entry 2084000/6061959 (34.3783%)
entry 2092000/6061959 (34.5103%)
entry 2094000/6061959 (34.5433%)
entry 2095000/6061959 (34.5598%)
entry 2097000/6061959 (34.5928%)
entry 2104000/6061959 (34.7083%)
entry 2106000/6061959 (34.7412%)
entry 2110000/6061959 (34.8072%)
entry 2111000/6061959 (34.8237%)
entry 2112000/6061959 (34.8402%)
entry 2116000/6061959 (34.9062%)
entry 2122000/6061959 (35.0052%)
entry 2127000/6061959 (35.0877%)
entry 2133000/6061959 (35.1866%)
entry 2135000/6061959 (35.2196%)
entry 2150000/6061959 (35.4671%)
entry 2152000/6061959 (35.5001%)
entry 2157000/6061959 (35.5826%)
entry 2159000/6061959 (35.6155%)
entry 2161000/6061959 (35.6485%)
entry 2162000/6061959 (35.665%)
entry 2163000/6061959 (35.6815%)
entry 2168000/6061959 (35.764%)
entry 2169000/6061959 (35.7805%)
entry 2170000/6061959 (35.797%)
entry 2174000/6061959 (35.863%)
entry 2180000/6061959 (35.962%)
entry 2188000/6061959 (36.0939%)
entry 2195000/6061959 (36.2094%)
entry 2197000/6061959 (36.2424%)
entry 2199000/6061959 (36.2754%)
entry 2200000/6061959 (36.2919%)
entry 2203000/6061959 (36.3414%)
entry 2206000/6061959 (36.3909%)
entry 2212000/6061959 (36.4899%)
entry 2213000/6061959 (36.5064%)
entry 2214000/6061959 (36.5228%)
entry 2222000/6061959 (36.6548%)
entry 2244000/6061959 (37.0177%)
entry 2247000/6061959 (37.0672%)
entry 2248000/6061959 (37.0837%)
entry 2253000/6061959 (37.1662%)
entry 2256000/6061959 (37.2157%)
entry 2257000/6061959 (37.2322%)
entry 2263000/6061959 (37.3312%)
entry 2272000/6061959 (37.4796%)
entry 2277000/6061959 (37.5621%)
entry 2284000/6061959 (37.6776%)
entry 2285000/6061959 (37.6941%)
entry 2292000/6061959 (37.8096%)
entry 2295000/6061959 (37.859%)
entry 2303000/6061959 (37.991%)
entry 2308000/6061959 (38.0735%)
entry 2316000/6061959 (38.2055%)
entry 2318000/6061959 (38.2385%)
entry 2320000/6061959 (38.2715%)
entry 2324000/6061959 (38.3374%)
entry 2329000/6061959 (38.4199%)
entry 2332000/6061959 (38.4694%)
entry 2339000/6061959 (38.5849%)
entry 2340000/6061959 (38.6014%)
entry 2342000/6061959 (38.6344%)
entry 2344000/6061959 (38.6674%)
entry 2357000/6061959 (38.8818%)
entry 2361000/6061959 (38.9478%)
entry 2363000/6061959 (38.9808%)
entry 2364000/6061959 (38.9973%)
entry 2366000/6061959 (39.0303%)
entry 2378000/6061959 (39.2282%)
entry 2385000/6061959 (39.3437%)
entry 2392000/6061959 (39.4592%)
entry 2397000/6061959 (39.5417%)
entry 2406000/6061959 (39.6901%)
entry 2409000/6061959 (39.7396%)
entry 2412000/6061959 (39.7891%)
entry 2418000/6061959 (39.8881%)
entry 2421000/6061959 (39.9376%)
entry 2428000/6061959 (40.0531%)
entry 2433000/6061959 (40.1355%)
entry 2435000/6061959 (40.1685%)
entry 2436000/6061959 (40.185%)
entry 2441000/6061959 (40.2675%)
entry 2442000/6061959 (40.284%)
entry 2457000/6061959 (40.5315%)
entry 2458000/6061959 (40.5479%)
entry 2466000/6061959 (40.6799%)
entry 2470000/6061959 (40.7459%)
entry 2478000/6061959 (40.8779%)
entry 2480000/6061959 (40.9109%)
entry 2483000/6061959 (40.9604%)
entry 2486000/6061959 (41.0098%)
entry 2488000/6061959 (41.0428%)
entry 2492000/6061959 (41.1088%)
entry 2494000/6061959 (41.1418%)
entry 2495000/6061959 (41.1583%)
entry 2503000/6061959 (41.2903%)
entry 2505000/6061959 (41.3233%)
entry 2506000/6061959 (41.3398%)
entry 2509000/6061959 (41.3893%)
entry 2512000/6061959 (41.4387%)
entry 2515000/6061959 (41.4882%)
entry 2518000/6061959 (41.5377%)
entry 2521000/6061959 (41.5872%)
entry 2528000/6061959 (41.7027%)
entry 2533000/6061959 (41.7852%)
entry 2542000/6061959 (41.9336%)
entry 2544000/6061959 (41.9666%)
entry 2560000/6061959 (42.2306%)
entry 2568000/6061959 (42.3625%)
entry 2572000/6061959 (42.4285%)
entry 2577000/6061959 (42.511%)
entry 2578000/6061959 (42.5275%)
entry 2586000/6061959 (42.6595%)
entry 2587000/6061959 (42.676%)
entry 2592000/6061959 (42.7585%)
entry 2593000/6061959 (42.775%)
entry 2595000/6061959 (42.8079%)
entry 2598000/6061959 (42.8574%)
entry 2602000/6061959 (42.9234%)
entry 2604000/6061959 (42.9564%)
entry 2605000/6061959 (42.9729%)
entry 2607000/6061959 (43.0059%)
entry 2615000/6061959 (43.1379%)
entry 2619000/6061959 (43.2039%)
entry 2627000/6061959 (43.3358%)
entry 2628000/6061959 (43.3523%)
entry 2631000/6061959 (43.4018%)
entry 2632000/6061959 (43.4183%)
entry 2640000/6061959 (43.5503%)
entry 2647000/6061959 (43.6658%)
entry 2648000/6061959 (43.6822%)
entry 2650000/6061959 (43.7152%)
entry 2651000/6061959 (43.7317%)
entry 2652000/6061959 (43.7482%)
entry 2655000/6061959 (43.7977%)
entry 2657000/6061959 (43.8307%)
entry 2660000/6061959 (43.8802%)
entry 2673000/6061959 (44.0947%)
entry 2674000/6061959 (44.1112%)
entry 2679000/6061959 (44.1936%)
entry 2681000/6061959 (44.2266%)
entry 2685000/6061959 (44.2926%)
entry 2688000/6061959 (44.3421%)
entry 2691000/6061959 (44.3916%)
entry 2694000/6061959 (44.4411%)
entry 2697000/6061959 (44.4906%)
entry 2699000/6061959 (44.5236%)
entry 2705000/6061959 (44.6225%)
entry 2706000/6061959 (44.639%)
entry 2708000/6061959 (44.672%)
entry 2713000/6061959 (44.7545%)
entry 2719000/6061959 (44.8535%)
entry 2720000/6061959 (44.87%)
entry 2729000/6061959 (45.0184%)
entry 2732000/6061959 (45.0679%)
entry 2733000/6061959 (45.0844%)
entry 2736000/6061959 (45.1339%)
entry 2739000/6061959 (45.1834%)
entry 2740000/6061959 (45.1999%)
entry 2743000/6061959 (45.2494%)
entry 2745000/6061959 (45.2824%)
entry 2746000/6061959 (45.2989%)
entry 2748000/6061959 (45.3319%)
entry 2750000/6061959 (45.3649%)
entry 2753000/6061959 (45.4144%)
entry 2756000/6061959 (45.4639%)
entry 2767000/6061959 (45.6453%)
entry 2768000/6061959 (45.6618%)
entry 2771000/6061959 (45.7113%)
entry 2775000/6061959 (45.7773%)
entry 2776000/6061959 (45.7938%)
entry 2787000/6061959 (45.9752%)
entry 2789000/6061959 (46.0082%)
entry 2791000/6061959 (46.0412%)
entry 2793000/6061959 (46.0742%)
entry 2794000/6061959 (46.0907%)
entry 2800000/6061959 (46.1897%)
entry 2808000/6061959 (46.3217%)
entry 2811000/6061959 (46.3711%)
entry 2815000/6061959 (46.4371%)
entry 2817000/6061959 (46.4701%)
entry 2820000/6061959 (46.5196%)
entry 2825000/6061959 (46.6021%)
entry 2827000/6061959 (46.6351%)
entry 2833000/6061959 (46.7341%)
entry 2838000/6061959 (46.8165%)
entry 2842000/6061959 (46.8825%)
entry 2846000/6061959 (46.9485%)
entry 2850000/6061959 (47.0145%)
entry 2854000/6061959 (47.0805%)
entry 2863000/6061959 (47.229%)
entry 2877000/6061959 (47.4599%)
entry 2907000/6061959 (47.9548%)
entry 2908000/6061959 (47.9713%)
entry 2915000/6061959 (48.0868%)
entry 2916000/6061959 (48.1033%)
entry 2917000/6061959 (48.1198%)
entry 2919000/6061959 (48.1528%)
entry 2921000/6061959 (48.1857%)
entry 2923000/6061959 (48.2187%)
entry 2925000/6061959 (48.2517%)
entry 2929000/6061959 (48.3177%)
entry 2934000/6061959 (48.4002%)
entry 2938000/6061959 (48.4662%)
entry 2944000/6061959 (48.5652%)
entry 2946000/6061959 (48.5982%)
entry 2954000/6061959 (48.7301%)
entry 2956000/6061959 (48.7631%)
entry 2958000/6061959 (48.7961%)
entry 2960000/6061959 (48.8291%)
entry 2966000/6061959 (48.9281%)
entry 2967000/6061959 (48.9446%)
entry 2968000/6061959 (48.9611%)
entry 2971000/6061959 (49.0106%)
entry 2974000/6061959 (49.06%)
entry 2978000/6061959 (49.126%)
entry 2987000/6061959 (49.2745%)
entry 2992000/6061959 (49.357%)
entry 2995000/6061959 (49.4065%)
entry 2998000/6061959 (49.456%)
entry 2999000/6061959 (49.4725%)
entry 3000000/6061959 (49.489%)
entry 3015000/6061959 (49.7364%)
entry 3017000/6061959 (49.7694%)
entry 3018000/6061959 (49.7859%)
entry 3027000/6061959 (49.9344%)
entry 3032000/6061959 (50.0168%)
entry 3035000/6061959 (50.0663%)
entry 3037000/6061959 (50.0993%)
entry 3043000/6061959 (50.1983%)
entry 3046000/6061959 (50.2478%)
entry 3052000/6061959 (50.3468%)
entry 3058000/6061959 (50.4457%)
entry 3065000/6061959 (50.5612%)
entry 3066000/6061959 (50.5777%)
entry 3067000/6061959 (50.5942%)
entry 3071000/6061959 (50.6602%)
entry 3082000/6061959 (50.8416%)
entry 3084000/6061959 (50.8746%)
entry 3093000/6061959 (51.0231%)
entry 3094000/6061959 (51.0396%)
entry 3095000/6061959 (51.0561%)
entry 3097000/6061959 (51.0891%)
entry 3098000/6061959 (51.1056%)
entry 3102000/6061959 (51.1716%)
entry 3105000/6061959 (51.2211%)
entry 3114000/6061959 (51.3695%)
entry 3119000/6061959 (51.452%)
entry 3123000/6061959 (51.518%)
entry 3126000/6061959 (51.5675%)
entry 3128000/6061959 (51.6005%)
entry 3136000/6061959 (51.7325%)
entry 3143000/6061959 (51.8479%)
entry 3144000/6061959 (51.8644%)
entry 3146000/6061959 (51.8974%)
entry 3147000/6061959 (51.9139%)
entry 3154000/6061959 (52.0294%)
entry 3161000/6061959 (52.1449%)
entry 3162000/6061959 (52.1614%)
entry 3164000/6061959 (52.1944%)
entry 3171000/6061959 (52.3098%)
entry 3175000/6061959 (52.3758%)
entry 3177000/6061959 (52.4088%)
entry 3178000/6061959 (52.4253%)
entry 3181000/6061959 (52.4748%)
entry 3183000/6061959 (52.5078%)
entry 3185000/6061959 (52.5408%)
entry 3196000/6061959 (52.7222%)
entry 3197000/6061959 (52.7387%)
entry 3205000/6061959 (52.8707%)
entry 3206000/6061959 (52.8872%)
entry 3212000/6061959 (52.9862%)
entry 3213000/6061959 (53.0027%)
entry 3215000/6061959 (53.0357%)
entry 3220000/6061959 (53.1181%)
entry 3221000/6061959 (53.1346%)
entry 3222000/6061959 (53.1511%)
entry 3229000/6061959 (53.2666%)
entry 3233000/6061959 (53.3326%)
entry 3236000/6061959 (53.3821%)
entry 3237000/6061959 (53.3986%)
entry 3242000/6061959 (53.4811%)
entry 3251000/6061959 (53.6295%)
entry 3256000/6061959 (53.712%)
entry 3263000/6061959 (53.8275%)
entry 3267000/6061959 (53.8935%)
entry 3268000/6061959 (53.91%)
entry 3270000/6061959 (53.943%)
entry 3278000/6061959 (54.0749%)
entry 3287000/6061959 (54.2234%)
entry 3294000/6061959 (54.3389%)
entry 3297000/6061959 (54.3884%)
entry 3298000/6061959 (54.4049%)
entry 3299000/6061959 (54.4214%)
entry 3303000/6061959 (54.4873%)
entry 3305000/6061959 (54.5203%)
entry 3313000/6061959 (54.6523%)
entry 3317000/6061959 (54.7183%)
entry 3319000/6061959 (54.7513%)
entry 3324000/6061959 (54.8338%)
entry 3333000/6061959 (54.9822%)
entry 3334000/6061959 (54.9987%)
entry 3338000/6061959 (55.0647%)
entry 3340000/6061959 (55.0977%)
entry 3343000/6061959 (55.1472%)
entry 3348000/6061959 (55.2297%)
entry 3349000/6061959 (55.2462%)
entry 3354000/6061959 (55.3286%)
entry 3364000/6061959 (55.4936%)
entry 3370000/6061959 (55.5926%)
entry 3373000/6061959 (55.6421%)
entry 3376000/6061959 (55.6916%)
entry 3377000/6061959 (55.7081%)
entry 3378000/6061959 (55.7246%)
entry 3393000/6061959 (55.972%)
entry 3398000/6061959 (56.0545%)
entry 3408000/6061959 (56.2195%)
entry 3409000/6061959 (56.2359%)
entry 3411000/6061959 (56.2689%)
entry 3413000/6061959 (56.3019%)
entry 3414000/6061959 (56.3184%)
entry 3415000/6061959 (56.3349%)
entry 3416000/6061959 (56.3514%)
entry 3418000/6061959 (56.3844%)
entry 3420000/6061959 (56.4174%)
entry 3436000/6061959 (56.6813%)
entry 3446000/6061959 (56.8463%)
entry 3447000/6061959 (56.8628%)
entry 3455000/6061959 (56.9948%)
entry 3465000/6061959 (57.1597%)
entry 3474000/6061959 (57.3082%)
entry 3491000/6061959 (57.5886%)
entry 3499000/6061959 (57.7206%)
entry 3500000/6061959 (57.7371%)
entry 3502000/6061959 (57.7701%)
entry 3507000/6061959 (57.8526%)
entry 3509000/6061959 (57.8856%)
entry 3513000/6061959 (57.9516%)
entry 3517000/6061959 (58.0175%)
entry 3518000/6061959 (58.034%)
entry 3519000/6061959 (58.0505%)
entry 3521000/6061959 (58.0835%)
entry 3524000/6061959 (58.133%)
entry 3536000/6061959 (58.331%)
entry 3548000/6061959 (58.5289%)
entry 3552000/6061959 (58.5949%)
entry 3564000/6061959 (58.7929%)
entry 3565000/6061959 (58.8094%)
entry 3568000/6061959 (58.8589%)
entry 3573000/6061959 (58.9413%)
entry 3574000/6061959 (58.9578%)
entry 3578000/6061959 (59.0238%)
entry 3580000/6061959 (59.0568%)
entry 3581000/6061959 (59.0733%)
entry 3582000/6061959 (59.0898%)
entry 3583000/6061959 (59.1063%)
entry 3597000/6061959 (59.3373%)
entry 3598000/6061959 (59.3538%)
entry 3600000/6061959 (59.3867%)
entry 3605000/6061959 (59.4692%)
entry 3614000/6061959 (59.6177%)
entry 3615000/6061959 (59.6342%)
entry 3616000/6061959 (59.6507%)
entry 3617000/6061959 (59.6672%)
entry 3632000/6061959 (59.9146%)
entry 3641000/6061959 (60.0631%)
entry 3642000/6061959 (60.0796%)
entry 3644000/6061959 (60.1126%)
entry 3648000/6061959 (60.1786%)
entry 3650000/6061959 (60.2116%)
entry 3652000/6061959 (60.2446%)
entry 3654000/6061959 (60.2775%)
entry 3657000/6061959 (60.327%)
entry 3658000/6061959 (60.3435%)
entry 3660000/6061959 (60.3765%)
entry 3662000/6061959 (60.4095%)
entry 3665000/6061959 (60.459%)
entry 3672000/6061959 (60.5745%)
entry 3674000/6061959 (60.6075%)
entry 3676000/6061959 (60.6405%)
entry 3677000/6061959 (60.657%)
entry 3678000/6061959 (60.6735%)
entry 3683000/6061959 (60.7559%)
entry 3684000/6061959 (60.7724%)
entry 3689000/6061959 (60.8549%)
entry 3696000/6061959 (60.9704%)
entry 3700000/6061959 (61.0364%)
entry 3703000/6061959 (61.0859%)
entry 3708000/6061959 (61.1683%)
entry 3711000/6061959 (61.2178%)
entry 3713000/6061959 (61.2508%)
entry 3714000/6061959 (61.2673%)
entry 3718000/6061959 (61.3333%)
entry 3722000/6061959 (61.3993%)
entry 3724000/6061959 (61.4323%)
entry 3730000/6061959 (61.5313%)
entry 3734000/6061959 (61.5973%)
entry 3735000/6061959 (61.6137%)
entry 3736000/6061959 (61.6302%)
entry 3744000/6061959 (61.7622%)
entry 3748000/6061959 (61.8282%)
entry 3749000/6061959 (61.8447%)
entry 3769000/6061959 (62.1746%)
entry 3774000/6061959 (62.2571%)
entry 3775000/6061959 (62.2736%)
entry 3778000/6061959 (62.3231%)
entry 3780000/6061959 (62.3561%)
entry 3782000/6061959 (62.3891%)
entry 3787000/6061959 (62.4716%)
entry 3790000/6061959 (62.521%)
entry 3793000/6061959 (62.5705%)
entry 3797000/6061959 (62.6365%)
entry 3803000/6061959 (62.7355%)
entry 3822000/6061959 (63.0489%)
entry 3823000/6061959 (63.0654%)
entry 3828000/6061959 (63.1479%)
entry 3832000/6061959 (63.2139%)
entry 3835000/6061959 (63.2634%)
entry 3843000/6061959 (63.3953%)
entry 3848000/6061959 (63.4778%)
entry 3849000/6061959 (63.4943%)
entry 3855000/6061959 (63.5933%)
entry 3860000/6061959 (63.6758%)
entry 3865000/6061959 (63.7583%)
entry 3868000/6061959 (63.8078%)
entry 3870000/6061959 (63.8407%)
entry 3879000/6061959 (63.9892%)
entry 3881000/6061959 (64.0222%)
entry 3890000/6061959 (64.1707%)
entry 3894000/6061959 (64.2367%)
entry 3895000/6061959 (64.2532%)
entry 3896000/6061959 (64.2696%)
entry 3902000/6061959 (64.3686%)
entry 3903000/6061959 (64.3851%)
entry 3907000/6061959 (64.4511%)
entry 3910000/6061959 (64.5006%)
entry 3911000/6061959 (64.5171%)
entry 3915000/6061959 (64.5831%)
entry 3920000/6061959 (64.6656%)
entry 3921000/6061959 (64.6821%)
entry 3929000/6061959 (64.814%)
entry 3932000/6061959 (64.8635%)
entry 3933000/6061959 (64.88%)
entry 3936000/6061959 (64.9295%)
entry 3939000/6061959 (64.979%)
entry 3945000/6061959 (65.078%)
entry 3946000/6061959 (65.0945%)
entry 3950000/6061959 (65.1605%)
entry 3955000/6061959 (65.2429%)
entry 3962000/6061959 (65.3584%)
entry 3964000/6061959 (65.3914%)
entry 3966000/6061959 (65.4244%)
entry 3967000/6061959 (65.4409%)
entry 3968000/6061959 (65.4574%)
entry 3976000/6061959 (65.5894%)
entry 3983000/6061959 (65.7048%)
entry 3988000/6061959 (65.7873%)
entry 3989000/6061959 (65.8038%)
entry 3993000/6061959 (65.8698%)
entry 3996000/6061959 (65.9193%)
entry 4003000/6061959 (66.0348%)
entry 4005000/6061959 (66.0677%)
entry 4014000/6061959 (66.2162%)
entry 4017000/6061959 (66.2657%)
entry 4025000/6061959 (66.3977%)
entry 4026000/6061959 (66.4142%)
entry 4040000/6061959 (66.6451%)
entry 4045000/6061959 (66.7276%)
entry 4047000/6061959 (66.7606%)
entry 4049000/6061959 (66.7936%)
entry 4051000/6061959 (66.8266%)
entry 4056000/6061959 (66.9091%)
entry 4057000/6061959 (66.9256%)
entry 4059000/6061959 (66.9586%)
entry 4060000/6061959 (66.9751%)
entry 4064000/6061959 (67.041%)
entry 4067000/6061959 (67.0905%)
entry 4070000/6061959 (67.14%)
entry 4073000/6061959 (67.1895%)
entry 4077000/6061959 (67.2555%)
entry 4087000/6061959 (67.4204%)
entry 4095000/6061959 (67.5524%)
entry 4096000/6061959 (67.5689%)
entry 4098000/6061959 (67.6019%)
entry 4100000/6061959 (67.6349%)
entry 4101000/6061959 (67.6514%)
entry 4106000/6061959 (67.7339%)
entry 4111000/6061959 (67.8164%)
entry 4123000/6061959 (68.0143%)
entry 4130000/6061959 (68.1298%)
entry 4132000/6061959 (68.1628%)
entry 4135000/6061959 (68.2123%)
entry 4137000/6061959 (68.2453%)
entry 4138000/6061959 (68.2618%)
entry 4139000/6061959 (68.2783%)
entry 4143000/6061959 (68.3442%)
entry 4144000/6061959 (68.3607%)
entry 4154000/6061959 (68.5257%)
entry 4155000/6061959 (68.5422%)
entry 4162000/6061959 (68.6577%)
entry 4163000/6061959 (68.6742%)
entry 4167000/6061959 (68.7402%)
entry 4170000/6061959 (68.7896%)
entry 4174000/6061959 (68.8556%)
entry 4175000/6061959 (68.8721%)
entry 4178000/6061959 (68.9216%)
entry 4179000/6061959 (68.9381%)
entry 4181000/6061959 (68.9711%)
entry 4186000/6061959 (69.0536%)
entry 4187000/6061959 (69.0701%)
entry 4192000/6061959 (69.1526%)
entry 4193000/6061959 (69.1691%)
entry 4195000/6061959 (69.2021%)
entry 4199000/6061959 (69.268%)
entry 4202000/6061959 (69.3175%)
entry 4203000/6061959 (69.334%)
entry 4209000/6061959 (69.433%)
entry 4210000/6061959 (69.4495%)
entry 4211000/6061959 (69.466%)
entry 4215000/6061959 (69.532%)
entry 4216000/6061959 (69.5485%)
entry 4217000/6061959 (69.565%)
entry 4225000/6061959 (69.6969%)
entry 4226000/6061959 (69.7134%)
entry 4229000/6061959 (69.7629%)
entry 4235000/6061959 (69.8619%)
entry 4236000/6061959 (69.8784%)
entry 4239000/6061959 (69.9279%)
entry 4241000/6061959 (69.9609%)
entry 4244000/6061959 (70.0104%)
entry 4253000/6061959 (70.1588%)
entry 4256000/6061959 (70.2083%)
entry 4264000/6061959 (70.3403%)
entry 4268000/6061959 (70.4063%)
entry 4269000/6061959 (70.4228%)
entry 4271000/6061959 (70.4558%)
entry 4274000/6061959 (70.5053%)
entry 4276000/6061959 (70.5383%)
entry 4277000/6061959 (70.5548%)
entry 4283000/6061959 (70.6537%)
entry 4285000/6061959 (70.6867%)
entry 4288000/6061959 (70.7362%)
entry 4292000/6061959 (70.8022%)
entry 4295000/6061959 (70.8517%)
entry 4298000/6061959 (70.9012%)
entry 4300000/6061959 (70.9342%)
entry 4304000/6061959 (71.0002%)
entry 4306000/6061959 (71.0331%)
entry 4314000/6061959 (71.1651%)
entry 4319000/6061959 (71.2476%)
entry 4320000/6061959 (71.2641%)
entry 4326000/6061959 (71.3631%)
entry 4329000/6061959 (71.4126%)
entry 4330000/6061959 (71.4291%)
entry 4331000/6061959 (71.4455%)
entry 4333000/6061959 (71.4785%)
entry 4334000/6061959 (71.495%)
entry 4338000/6061959 (71.561%)
entry 4342000/6061959 (71.627%)
entry 4344000/6061959 (71.66%)
entry 4345000/6061959 (71.6765%)
entry 4353000/6061959 (71.8085%)
entry 4361000/6061959 (71.9404%)
entry 4363000/6061959 (71.9734%)
entry 4366000/6061959 (72.0229%)
entry 4380000/6061959 (72.2539%)
entry 4391000/6061959 (72.4353%)
entry 4401000/6061959 (72.6003%)
entry 4402000/6061959 (72.6168%)
entry 4405000/6061959 (72.6663%)
entry 4407000/6061959 (72.6993%)
entry 4410000/6061959 (72.7488%)
entry 4413000/6061959 (72.7982%)
entry 4415000/6061959 (72.8312%)
entry 4416000/6061959 (72.8477%)
entry 4417000/6061959 (72.8642%)
entry 4422000/6061959 (72.9467%)
entry 4425000/6061959 (72.9962%)
entry 4433000/6061959 (73.1282%)
entry 4435000/6061959 (73.1612%)
entry 4436000/6061959 (73.1777%)
entry 4444000/6061959 (73.3096%)
entry 4450000/6061959 (73.4086%)
entry 4456000/6061959 (73.5076%)
entry 4466000/6061959 (73.6726%)
entry 4468000/6061959 (73.7055%)
entry 4469000/6061959 (73.722%)
entry 4472000/6061959 (73.7715%)
entry 4473000/6061959 (73.788%)
entry 4477000/6061959 (73.854%)
entry 4481000/6061959 (73.92%)
entry 4484000/6061959 (73.9695%)
entry 4486000/6061959 (74.0025%)
entry 4489000/6061959 (74.052%)
entry 4494000/6061959 (74.1345%)
entry 4501000/6061959 (74.2499%)
entry 4506000/6061959 (74.3324%)
entry 4509000/6061959 (74.3819%)
entry 4510000/6061959 (74.3984%)
entry 4514000/6061959 (74.4644%)
entry 4519000/6061959 (74.5469%)
entry 4520000/6061959 (74.5634%)
entry 4521000/6061959 (74.5799%)
entry 4537000/6061959 (74.8438%)
entry 4539000/6061959 (74.8768%)
entry 4545000/6061959 (74.9758%)
entry 4549000/6061959 (75.0417%)
entry 4560000/6061959 (75.2232%)
entry 4564000/6061959 (75.2892%)
entry 4565000/6061959 (75.3057%)
entry 4572000/6061959 (75.4212%)
entry 4576000/6061959 (75.4871%)
entry 4578000/6061959 (75.5201%)
entry 4579000/6061959 (75.5366%)
entry 4580000/6061959 (75.5531%)
entry 4581000/6061959 (75.5696%)
entry 4586000/6061959 (75.6521%)
entry 4587000/6061959 (75.6686%)
entry 4589000/6061959 (75.7016%)
entry 4593000/6061959 (75.7676%)
entry 4597000/6061959 (75.8336%)
entry 4598000/6061959 (75.8501%)
entry 4599000/6061959 (75.8666%)
entry 4615000/6061959 (76.1305%)
entry 4618000/6061959 (76.18%)
entry 4625000/6061959 (76.2955%)
entry 4628000/6061959 (76.345%)
entry 4629000/6061959 (76.3615%)
entry 4633000/6061959 (76.4274%)
entry 4640000/6061959 (76.5429%)
entry 4641000/6061959 (76.5594%)
entry 4645000/6061959 (76.6254%)
entry 4647000/6061959 (76.6584%)
entry 4648000/6061959 (76.6749%)
entry 4654000/6061959 (76.7739%)
entry 4656000/6061959 (76.8069%)
entry 4659000/6061959 (76.8563%)
entry 4666000/6061959 (76.9718%)
entry 4669000/6061959 (77.0213%)
entry 4673000/6061959 (77.0873%)
entry 4685000/6061959 (77.2852%)
entry 4686000/6061959 (77.3017%)
entry 4689000/6061959 (77.3512%)
entry 4691000/6061959 (77.3842%)
entry 4692000/6061959 (77.4007%)
entry 4693000/6061959 (77.4172%)
entry 4694000/6061959 (77.4337%)
entry 4698000/6061959 (77.4997%)
entry 4707000/6061959 (77.6482%)
entry 4712000/6061959 (77.7306%)
entry 4715000/6061959 (77.7801%)
entry 4717000/6061959 (77.8131%)
entry 4721000/6061959 (77.8791%)
entry 4726000/6061959 (77.9616%)
entry 4727000/6061959 (77.9781%)
entry 4734000/6061959 (78.0936%)
entry 4737000/6061959 (78.1431%)
entry 4748000/6061959 (78.3245%)
entry 4752000/6061959 (78.3905%)
entry 4756000/6061959 (78.4565%)
entry 4759000/6061959 (78.506%)
entry 4760000/6061959 (78.5225%)
entry 4762000/6061959 (78.5555%)
entry 4765000/6061959 (78.605%)
entry 4767000/6061959 (78.6379%)
entry 4769000/6061959 (78.6709%)
entry 4775000/6061959 (78.7699%)
entry 4776000/6061959 (78.7864%)
entry 4777000/6061959 (78.8029%)
entry 4783000/6061959 (78.9019%)
entry 4788000/6061959 (78.9844%)
entry 4789000/6061959 (79.0009%)
entry 4793000/6061959 (79.0668%)
entry 4796000/6061959 (79.1163%)
entry 4800000/6061959 (79.1823%)
entry 4807000/6061959 (79.2978%)
entry 4809000/6061959 (79.3308%)
entry 4813000/6061959 (79.3968%)
entry 4817000/6061959 (79.4628%)
entry 4827000/6061959 (79.6277%)
entry 4834000/6061959 (79.7432%)
entry 4842000/6061959 (79.8752%)
entry 4843000/6061959 (79.8917%)
entry 4845000/6061959 (79.9247%)
entry 4847000/6061959 (79.9577%)
entry 4850000/6061959 (80.0071%)
entry 4864000/6061959 (80.2381%)
entry 4869000/6061959 (80.3206%)
entry 4871000/6061959 (80.3536%)
entry 4874000/6061959 (80.4031%)
entry 4879000/6061959 (80.4855%)
entry 4880000/6061959 (80.502%)
entry 4884000/6061959 (80.568%)
entry 4887000/6061959 (80.6175%)
entry 4892000/6061959 (80.7%)
entry 4894000/6061959 (80.733%)
entry 4895000/6061959 (80.7495%)
entry 4910000/6061959 (80.9969%)
entry 4914000/6061959 (81.0629%)
entry 4920000/6061959 (81.1619%)
entry 4924000/6061959 (81.2279%)
entry 4929000/6061959 (81.3103%)
entry 4930000/6061959 (81.3268%)
entry 4931000/6061959 (81.3433%)
entry 4939000/6061959 (81.4753%)
entry 4943000/6061959 (81.5413%)
entry 4950000/6061959 (81.6568%)
entry 4951000/6061959 (81.6733%)
entry 4954000/6061959 (81.7228%)
entry 4957000/6061959 (81.7722%)
entry 4960000/6061959 (81.8217%)
entry 4961000/6061959 (81.8382%)
entry 4966000/6061959 (81.9207%)
entry 4969000/6061959 (81.9702%)
entry 4970000/6061959 (81.9867%)
entry 4980000/6061959 (82.1517%)
entry 4981000/6061959 (82.1682%)
entry 4987000/6061959 (82.2671%)
entry 4988000/6061959 (82.2836%)
entry 4989000/6061959 (82.3001%)
entry 4996000/6061959 (82.4156%)
entry 5007000/6061959 (82.5971%)
entry 5013000/6061959 (82.696%)
entry 5014000/6061959 (82.7125%)
entry 5016000/6061959 (82.7455%)
entry 5019000/6061959 (82.795%)
entry 5022000/6061959 (82.8445%)
entry 5030000/6061959 (82.9765%)
entry 5031000/6061959 (82.993%)
entry 5040000/6061959 (83.1414%)
entry 5042000/6061959 (83.1744%)
entry 5044000/6061959 (83.2074%)
entry 5047000/6061959 (83.2569%)
entry 5048000/6061959 (83.2734%)
entry 5055000/6061959 (83.3889%)
entry 5060000/6061959 (83.4714%)
entry 5065000/6061959 (83.5539%)
entry 5074000/6061959 (83.7023%)
entry 5077000/6061959 (83.7518%)
entry 5080000/6061959 (83.8013%)
entry 5083000/6061959 (83.8508%)
entry 5086000/6061959 (83.9003%)
entry 5087000/6061959 (83.9168%)
entry 5090000/6061959 (83.9663%)
entry 5096000/6061959 (84.0652%)
entry 5106000/6061959 (84.2302%)
entry 5108000/6061959 (84.2632%)
entry 5113000/6061959 (84.3457%)
entry 5116000/6061959 (84.3952%)
entry 5122000/6061959 (84.4941%)
entry 5125000/6061959 (84.5436%)
entry 5131000/6061959 (84.6426%)
entry 5133000/6061959 (84.6756%)
entry 5134000/6061959 (84.6921%)
entry 5137000/6061959 (84.7416%)
entry 5139000/6061959 (84.7746%)
entry 5141000/6061959 (84.8076%)
entry 5145000/6061959 (84.8736%)
entry 5147000/6061959 (84.9065%)
entry 5148000/6061959 (84.923%)
entry 5150000/6061959 (84.956%)
entry 5151000/6061959 (84.9725%)
entry 5161000/6061959 (85.1375%)
entry 5165000/6061959 (85.2035%)
entry 5166000/6061959 (85.22%)
entry 5168000/6061959 (85.253%)
entry 5171000/6061959 (85.3025%)
entry 5173000/6061959 (85.3355%)
entry 5176000/6061959 (85.3849%)
entry 5178000/6061959 (85.4179%)
entry 5180000/6061959 (85.4509%)
entry 5186000/6061959 (85.5499%)
entry 5188000/6061959 (85.5829%)
entry 5190000/6061959 (85.6159%)
entry 5192000/6061959 (85.6489%)
entry 5196000/6061959 (85.7149%)
entry 5197000/6061959 (85.7314%)
entry 5198000/6061959 (85.7479%)
entry 5199000/6061959 (85.7644%)
entry 5205000/6061959 (85.8633%)
entry 5208000/6061959 (85.9128%)
entry 5209000/6061959 (85.9293%)
entry 5216000/6061959 (86.0448%)
entry 5222000/6061959 (86.1438%)
entry 5225000/6061959 (86.1933%)
entry 5226000/6061959 (86.2098%)
entry 5227000/6061959 (86.2262%)
entry 5229000/6061959 (86.2592%)
entry 5232000/6061959 (86.3087%)
entry 5235000/6061959 (86.3582%)
entry 5236000/6061959 (86.3747%)
entry 5237000/6061959 (86.3912%)
entry 5243000/6061959 (86.4902%)
entry 5248000/6061959 (86.5727%)
entry 5249000/6061959 (86.5892%)
entry 5251000/6061959 (86.6222%)
entry 5252000/6061959 (86.6387%)
entry 5258000/6061959 (86.7376%)
entry 5260000/6061959 (86.7706%)
entry 5261000/6061959 (86.7871%)
entry 5262000/6061959 (86.8036%)
entry 5264000/6061959 (86.8366%)
entry 5273000/6061959 (86.9851%)
entry 5274000/6061959 (87.0016%)
entry 5278000/6061959 (87.0676%)
entry 5282000/6061959 (87.1336%)
entry 5299000/6061959 (87.414%)
entry 5300000/6061959 (87.4305%)
entry 5309000/6061959 (87.5789%)
entry 5315000/6061959 (87.6779%)
entry 5316000/6061959 (87.6944%)
entry 5318000/6061959 (87.7274%)
entry 5325000/6061959 (87.8429%)
entry 5331000/6061959 (87.9419%)
entry 5339000/6061959 (88.0738%)
entry 5342000/6061959 (88.1233%)
entry 5344000/6061959 (88.1563%)
entry 5345000/6061959 (88.1728%)
entry 5353000/6061959 (88.3048%)
entry 5361000/6061959 (88.4368%)
entry 5365000/6061959 (88.5027%)
entry 5368000/6061959 (88.5522%)
entry 5369000/6061959 (88.5687%)
entry 5371000/6061959 (88.6017%)
entry 5372000/6061959 (88.6182%)
entry 5374000/6061959 (88.6512%)
entry 5378000/6061959 (88.7172%)
entry 5379000/6061959 (88.7337%)
entry 5383000/6061959 (88.7997%)
entry 5386000/6061959 (88.8492%)
entry 5390000/6061959 (88.9152%)
entry 5393000/6061959 (88.9646%)
entry 5400000/6061959 (89.0801%)
entry 5401000/6061959 (89.0966%)
entry 5407000/6061959 (89.1956%)
entry 5409000/6061959 (89.2286%)
entry 5411000/6061959 (89.2616%)
entry 5412000/6061959 (89.2781%)
entry 5413000/6061959 (89.2946%)
entry 5414000/6061959 (89.3111%)
entry 5417000/6061959 (89.3606%)
entry 5418000/6061959 (89.377%)
entry 5419000/6061959 (89.3935%)
entry 5420000/6061959 (89.41%)
entry 5424000/6061959 (89.476%)
entry 5428000/6061959 (89.542%)
entry 5430000/6061959 (89.575%)
entry 5433000/6061959 (89.6245%)
entry 5441000/6061959 (89.7565%)
entry 5449000/6061959 (89.8884%)
entry 5455000/6061959 (89.9874%)
entry 5456000/6061959 (90.0039%)
entry 5463000/6061959 (90.1194%)
entry 5468000/6061959 (90.2019%)
entry 5470000/6061959 (90.2349%)
entry 5472000/6061959 (90.2678%)
entry 5484000/6061959 (90.4658%)
entry 5487000/6061959 (90.5153%)
entry 5489000/6061959 (90.5483%)
entry 5492000/6061959 (90.5978%)
entry 5498000/6061959 (90.6968%)
entry 5499000/6061959 (90.7133%)
entry 5504000/6061959 (90.7957%)
entry 5505000/6061959 (90.8122%)
entry 5507000/6061959 (90.8452%)
entry 5515000/6061959 (90.9772%)
entry 5529000/6061959 (91.2081%)
entry 5532000/6061959 (91.2576%)
entry 5539000/6061959 (91.3731%)
entry 5541000/6061959 (91.4061%)
entry 5542000/6061959 (91.4226%)
entry 5545000/6061959 (91.4721%)
entry 5546000/6061959 (91.4886%)
entry 5549000/6061959 (91.5381%)
entry 5550000/6061959 (91.5546%)
entry 5551000/6061959 (91.5711%)
entry 5553000/6061959 (91.604%)
entry 5556000/6061959 (91.6535%)
entry 5560000/6061959 (91.7195%)
entry 5562000/6061959 (91.7525%)
entry 5564000/6061959 (91.7855%)
entry 5568000/6061959 (91.8515%)
entry 5569000/6061959 (91.868%)
entry 5570000/6061959 (91.8845%)
entry 5580000/6061959 (92.0494%)
entry 5582000/6061959 (92.0824%)
entry 5583000/6061959 (92.0989%)
entry 5586000/6061959 (92.1484%)
entry 5594000/6061959 (92.2804%)
entry 5599000/6061959 (92.3629%)
entry 5601000/6061959 (92.3959%)
entry 5604000/6061959 (92.4454%)
entry 5610000/6061959 (92.5443%)
entry 5615000/6061959 (92.6268%)
entry 5616000/6061959 (92.6433%)
entry 5619000/6061959 (92.6928%)
entry 5625000/6061959 (92.7918%)
entry 5629000/6061959 (92.8578%)
entry 5630000/6061959 (92.8743%)
entry 5632000/6061959 (92.9073%)
entry 5636000/6061959 (92.9732%)
entry 5637000/6061959 (92.9897%)
entry 5638000/6061959 (93.0062%)
entry 5648000/6061959 (93.1712%)
entry 5649000/6061959 (93.1877%)
entry 5652000/6061959 (93.2372%)
entry 5654000/6061959 (93.2702%)
entry 5670000/6061959 (93.5341%)
entry 5674000/6061959 (93.6001%)
entry 5681000/6061959 (93.7156%)
entry 5682000/6061959 (93.7321%)
entry 5686000/6061959 (93.7981%)
entry 5695000/6061959 (93.9465%)
entry 5701000/6061959 (94.0455%)
entry 5703000/6061959 (94.0785%)
entry 5706000/6061959 (94.128%)
entry 5711000/6061959 (94.2105%)
entry 5714000/6061959 (94.26%)
entry 5717000/6061959 (94.3094%)
entry 5721000/6061959 (94.3754%)
entry 5726000/6061959 (94.4579%)
entry 5730000/6061959 (94.5239%)
entry 5736000/6061959 (94.6229%)
entry 5738000/6061959 (94.6559%)
entry 5739000/6061959 (94.6724%)
entry 5754000/6061959 (94.9198%)
entry 5758000/6061959 (94.9858%)
entry 5761000/6061959 (95.0353%)
entry 5762000/6061959 (95.0518%)
entry 5763000/6061959 (95.0683%)
entry 5766000/6061959 (95.1178%)
entry 5768000/6061959 (95.1508%)
entry 5772000/6061959 (95.2167%)
entry 5779000/6061959 (95.3322%)
entry 5784000/6061959 (95.4147%)
entry 5785000/6061959 (95.4312%)
entry 5786000/6061959 (95.4477%)
entry 5789000/6061959 (95.4972%)
entry 5791000/6061959 (95.5302%)
entry 5794000/6061959 (95.5797%)
entry 5796000/6061959 (95.6127%)
entry 5797000/6061959 (95.6291%)
entry 5800000/6061959 (95.6786%)
entry 5803000/6061959 (95.7281%)
entry 5806000/6061959 (95.7776%)
entry 5809000/6061959 (95.8271%)
entry 5810000/6061959 (95.8436%)
entry 5813000/6061959 (95.8931%)
entry 5815000/6061959 (95.9261%)
entry 5825000/6061959 (96.091%)
entry 5827000/6061959 (96.124%)
entry 5830000/6061959 (96.1735%)
entry 5833000/6061959 (96.223%)
entry 5836000/6061959 (96.2725%)
entry 5843000/6061959 (96.388%)
entry 5844000/6061959 (96.4045%)
entry 5847000/6061959 (96.454%)
entry 5848000/6061959 (96.4705%)
entry 5858000/6061959 (96.6354%)
entry 5859000/6061959 (96.6519%)
entry 5863000/6061959 (96.7179%)
entry 5864000/6061959 (96.7344%)
entry 5870000/6061959 (96.8334%)
entry 5874000/6061959 (96.8994%)
entry 5878000/6061959 (96.9654%)
entry 5881000/6061959 (97.0148%)
entry 5885000/6061959 (97.0808%)
entry 5886000/6061959 (97.0973%)
entry 5889000/6061959 (97.1468%)
entry 5890000/6061959 (97.1633%)
entry 5896000/6061959 (97.2623%)
entry 5912000/6061959 (97.5262%)
entry 5914000/6061959 (97.5592%)
entry 5915000/6061959 (97.5757%)
entry 5916000/6061959 (97.5922%)
entry 5917000/6061959 (97.6087%)
entry 5920000/6061959 (97.6582%)
entry 5925000/6061959 (97.7407%)
entry 5926000/6061959 (97.7572%)
entry 5928000/6061959 (97.7902%)
entry 5934000/6061959 (97.8891%)
entry 5935000/6061959 (97.9056%)
entry 5938000/6061959 (97.9551%)
entry 5944000/6061959 (98.0541%)
entry 5947000/6061959 (98.1036%)
entry 5953000/6061959 (98.2026%)
entry 5963000/6061959 (98.3675%)
entry 5968000/6061959 (98.45%)
entry 5969000/6061959 (98.4665%)
entry 5974000/6061959 (98.549%)
entry 5980000/6061959 (98.648%)
entry 5983000/6061959 (98.6975%)
entry 5995000/6061959 (98.8954%)
entry 5997000/6061959 (98.9284%)
entry 6000000/6061959 (98.9779%)
entry 6005000/6061959 (99.0604%)
entry 6012000/6061959 (99.1759%)
entry 6016000/6061959 (99.2418%)
entry 6021000/6061959 (99.3243%)
entry 6023000/6061959 (99.3573%)
entry 6026000/6061959 (99.4068%)
entry 6041000/6061959 (99.6543%)
entry 6043000/6061959 (99.6872%)
entry 6044000/6061959 (99.7037%)
entry 6045000/6061959 (99.7202%)
entry 6048000/6061959 (99.7697%)
all done
script done
