sphnx1083.sdcc.bnl.gov
rsyncing from /gpfs/mnt/gpfs02/sphenix/user/samfred/run25/ppg11/histmaking
running: /gpfs/mnt/gpfs02/sphenix/user/samfred/run25/ppg11/histmaking/script_data.sh 47380
LD_LIBRARY_PATH now /sphenix/user/samfred/run25/install//lib:/cvmfs/sphenix.sdcc.bnl.gov/alma9.2-gcc-14.2.0/opt/sphenix/core/gcc/14.2.0-2f0a0/x86_64-el9/lib:/cvmfs/sphenix.sdcc.bnl.gov/alma9.2-gcc-14.2.0/opt/sphenix/core/gcc/14.2.0-2f0a0/x86_64-el9/lib64:/cvmfs/sphenix.sdcc.bnl.gov/alma9.2-gcc-14.2.0/opt/sphenix/core/binutils/2.40-acaab/x86_64-el9/lib:.:/cvmfs/sphenix.sdcc.bnl.gov/alma9.2-gcc-14.2.0/release/release_new/new.10/lib64:/cvmfs/sphenix.sdcc.bnl.gov/alma9.2-gcc-14.2.0/release/release_new/new.10/lib:/cvmfs/sphenix.sdcc.bnl.gov/alma9.2-gcc-14.2.0/opt/sphenix/utils/lib:/cvmfs/sphenix.sdcc.bnl.gov/alma9.2-gcc-14.2.0/opt/sphenix/core/lib:/cvmfs/sphenix.sdcc.bnl.gov/alma9.2-gcc-14.2.0/opt/sphenix/core/root-6.32.06/lib:/cvmfs/sphenix.sdcc.bnl.gov/alma9.2-gcc-14.2.0/opt/sphenix/core/geant4.10.07.p04/lib64:/cvmfs/sphenix.sdcc.bnl.gov/alma9.2-gcc-14.2.0/opt/sphenix/core/lhapdf-5.9.1/lib:/usr/local/lib64:/usr/lib64
PATH now /sphenix/user/samfred/run25/install//bin:/cvmfs/sphenix.sdcc.bnl.gov/alma9.2-gcc-14.2.0/opt/sphenix/core/gcc/14.2.0-2f0a0/x86_64-el9/bin:/cvmfs/sphenix.sdcc.bnl.gov/alma9.2-gcc-14.2.0/opt/sphenix/core/binutils/2.40-acaab/x86_64-el9/bin:.:/cvmfs/sphenix.sdcc.bnl.gov/alma9.2-gcc-14.2.0/release/release_new/new.10/bin:/cvmfs/sphenix.sdcc.bnl.gov/alma9.2-gcc-14.2.0/opt/sphenix/utils/bin:/cvmfs/sphenix.sdcc.bnl.gov/alma9.2-gcc-14.2.0/opt/sphenix/core/bin:/cvmfs/sphenix.sdcc.bnl.gov/alma9.2-gcc-14.2.0/opt/sphenix/core/root-6.32.06/bin:/cvmfs/sphenix.sdcc.bnl.gov/alma9.2-gcc-14.2.0/opt/sphenix/core/geant4.10.07.p04/bin:/usr/local/bin:/usr/bin:/usr/local/sbin:/usr/sbin
SINGULARITY_CACHEDIR=/home/condor/local/sphnx/execute/dir_2919921
_CONDOR_CHIRP_CONFIG=/home/condor/local/sphnx/execute/dir_2919921/.chirp.config
_CONDOR_JOB_IWD=/sphenix/user/samfred/run25/ppg11/histmaking
G4ENSDFSTATEDATA=/cvmfs/sphenix.sdcc.bnl.gov/alma9.2-gcc-14.2.0/opt/sphenix/core/geant4.10.07.p04/share/Geant4-10.7.4/data/G4ENSDFSTATE2.3
_CONDOR_MACHINE_AD=/home/condor/local/sphnx/execute/dir_2919921/.machine.ad
ROOT_MAX_THREADS=1
NUMEXPR_NUM_THREADS=1
CUBACORES=1
_CHIRP_DELAYED_UPDATE_PREFIX=Chirp*
OMP_THREAD_LIMIT=1
G4PIIDATA=/cvmfs/sphenix.sdcc.bnl.gov/alma9.2-gcc-14.2.0/opt/sphenix/core/geant4.10.07.p04/share/Geant4-10.7.4/data/G4PII1.3
NO_AT_BRIDGE=1
G4_MAIN=/cvmfs/sphenix.sdcc.bnl.gov/alma9.2-gcc-14.2.0/opt/sphenix/core/geant4.10.07.p04
COMPILER_PATH=/cvmfs/sphenix.sdcc.bnl.gov/alma9.2-gcc-14.2.0/opt/sphenix/core/gcc/14.2.0-2f0a0/x86_64-el9
ROOT_INCLUDE_PATH=./:/sphenix/user/samfred/run25/install//include:/sphenix/user/samfred/run25/install//include/caloana:/sphenix/user/samfred/run25/install//include/qa_centrality:/sphenix/user/samfred/run25/install//include/mbdana:/sphenix/user/samfred/run25/install//include/centrality:/sphenix/user/samfred/run25/install//include/Event:/cvmfs/sphenix.sdcc.bnl.gov/alma9.2-gcc-14.2.0/release/release_new/new.10/include:/cvmfs/sphenix.sdcc.bnl.gov/alma9.2-gcc-14.2.0/release/release_new/new.10/include:/cvmfs/sphenix.sdcc.bnl.gov/alma9.2-gcc-14.2.0/release/release_new/new.10/include/g4mbd:/cvmfs/sphenix.sdcc.bnl.gov/alma9.2-gcc-14.2.0/release/release_new/new.10/include/fmt:/cvmfs/sphenix.sdcc.bnl.gov/alma9.2-gcc-14.2.0/release/release_new/new.10/include/ffarawobjects:/cvmfs/sphenix.sdcc.bnl.gov/alma9.2-gcc-14.2.0/release/release_new/new.10/include/JSON:/cvmfs/sphenix.sdcc.bnl.gov/alma9.2-gcc-14.2.0/release/release_new/new.10/include/calotreegen:/cvmfs/sphenix.sdcc.bnl.gov/alma9.2-gcc-14.2.0/release/release_new/new.10/include/torch:/cvmfs/sphenix.sdcc.bnl.gov/alma9.2-gcc-14.2.0/release/release_new/new.10/include/g4detectors:/cvmfs/sphenix.sdcc.bnl.gov/alma9.2-gcc-14.2.0/release/release_new/new.10/include/kineto:/cvmfs/sphenix.sdcc.bnl.gov/alma9.2-gcc-14.2.0/release/release_new/new.10/include/g4decayer:/cvmfs/sphenix.sdcc.bnl.gov/alma9.2-gcc-14.2.0/release/release_new/new.10/include/kfparticleqa:/cvmfs/sphenix.sdcc.bnl.gov/alma9.2-gcc-14.2.0/release/release_new/new.10/include/phfield:/cvmfs/sphenix.sdcc.bnl.gov/alma9.2-gcc-14.2.0/release/release_new/new.10/include/LHAPDF:/cvmfs/sphenix.sdcc.bnl.gov/alma9.2-gcc-14.2.0/release/release_new/new.10/include/readdigitalcurrents:/cvmfs/sphenix.sdcc.bnl.gov/alma9.2-gcc-14.2.0/release/release_new/new.10/include/c10:/cvmfs/sphenix.sdcc.bnl.gov/alma9.2-gcc-14.2.0/release/release_new/new.10/include/calovalid:/cvmfs/sphenix.sdcc.bnl.gov/alma9.2-gcc-14.2.0/release/release_new/new.10/include/oneapi:/cvmfs/sphenix.sdcc.bnl.gov/alma9.2-gcc-14.2.0/release/release_new/new.10/include/DDCond:/cvmfs/sphenix.sdcc.bnl.gov/alma9.2-gcc-14.2.0/release/release_new/new.10/include/g4tracking:/cvmfs/sphenix.sdcc.bnl.gov/alma9.2-gcc-14.2.0/release/release_new/new.10/include/litecaloeval:/cvmfs/sphenix.sdcc.bnl.gov/alma9.2-gcc-14.2.0/release/release_new/new.10/include/g4intt:/cvmfs/sphenix.sdcc.bnl.gov/alma9.2-gcc-14.2.0/release/release_new/new.10/include/phool:/cvmfs/sphenix.sdcc.bnl.gov/alma9.2-gcc-14.2.0/release/release_new/new.10/include/boost:/cvmfs/sphenix.sdcc.bnl.gov/alma9.2-gcc-14.2.0/release/release_new/new.10/include/Pythia8Plugins:/cvmfs/sphenix.sdcc.bnl.gov/alma9.2-gcc-14.2.0/release/release_new/new.10/include/calib_emc_pi0:/cvmfs/sphenix.sdcc.bnl.gov/alma9.2-gcc-14.2.0/release/release_new/new.10/include/hijingflipafterburner:/cvmfs/sphenix.sdcc.bnl.gov/alma9.2-gcc-14.2.0/release/release_new/new.10/include/ffaobjects:/cvmfs/sphenix.sdcc.bnl.gov/alma9.2-gcc-14.2.0/release/release_new/new.10/include/EvtGenBase:/cvmfs/sphenix.sdcc.bnl.gov/alma9.2-gcc-14.2.0/release/release_new/new.10/include/flowafterburner:/cvmfs/sphenix.sdcc.bnl.gov/alma9.2-gcc-14.2.0/release/release_new/new.10/include/google:/cvmfs/sphenix.sdcc.bnl.gov/alma9.2-gcc-14.2.0/release/release_new/new.10/include/g4tpc:/cvmfs/sphenix.sdcc.bnl.gov/alma9.2-gcc-14.2.0/release/release_new/new.10/include/caffe2:/cvmfs/sphenix.sdcc.bnl.gov/alma9.2-gcc-14.2.0/release/release_new/new.10/include/EvtGenExternal:/cvmfs/sphenix.sdcc.bnl.gov/alma9.2-gcc-14.2.0/release/release_new/new.10/include/fp16:/cvmfs/sphenix.sdcc.bnl.gov/alma9.2-gcc-14.2.0/release/release_new/new.10/include/ffamodules:/cvmfs/sphenix.sdcc.bnl.gov/alma9.2-gcc-14.2.0/release/release_new/new.10/include/uspin:/cvmfs/sphenix.sdcc.bnl.gov/alma9.2-gcc-14.2.0/release/release_new/new.10/include/Herwig:/cvmfs/sphenix.sdcc.bnl.gov/alma9.2-gcc-14.2.0/release/release_new/new.10/include/genfitexp:/cvmfs/sphenix.sdcc.bnl.gov/alma9.2-gcc-14.2.0/release/release_new/new.10/include/XML:/cvmfs/sphenix.sdcc.bnl.gov/alma9.2-gcc-14.2.0/release/release_new/new.10/include/fbgemm:/cvmfs/sphenix.sdcc.bnl.gov/alma9.2-gcc-14.2.0/release/release_new/new.10/include/DDAlign:/cvmfs/sphenix.sdcc.bnl.gov/alma9.2-gcc-14.2.0/release/release_new/new.10/include/g4mvtx:/cvmfs/sphenix.sdcc.bnl.gov/alma9.2-gcc-14.2.0/release/release_new/new.10/include/kfparticle_sphenix:/cvmfs/sphenix.sdcc.bnl.gov/alma9.2-gcc-14.2.0/release/release_new/new.10/include/fun4all:/cvmfs/sphenix.sdcc.bnl.gov/alma9.2-gcc-14.2.0/release/release_new/new.10/include/intt:/cvmfs/sphenix.sdcc.bnl.gov/alma9.2-gcc-14.2.0/release/release_new/new.10/include/eventdisplay:/cvmfs/sphenix.sdcc.bnl.gov/alma9.2-gcc-14.2.0/release/release_new/new.10/include/EvtGen:/cvmfs/sphenix.sdcc.bnl.gov/alma9.2-gcc-14.2.0/release/release_new/new.10/include/Evaluator:/cvmfs/sphenix.sdcc.bnl.gov/alma9.2-gcc-14.2.0/release/release_new/new.10/include/tpc:/cvmfs/sphenix.sdcc.bnl.gov/alma9.2-gcc-14.2.0/release/release_new/new.10/include/GenFit:/cvmfs/sphenix.sdcc.bnl.gov/alma9.2-gcc-14.2.0/release/release_new/new.10/include/prototype4:/cvmfs/sphenix.sdcc.bnl.gov/alma9.2-gcc-14.2.0/release/release_new/new.10/include/caloembedding:/cvmfs/sphenix.sdcc.bnl.gov/alma9.2-gcc-14.2.0/release/release_new/new.10/include/EvtGenModels:/cvmfs/sphenix.sdcc.bnl.gov/alma9.2-gcc-14.2.0/release/release_new/new.10/include/fastjet:/cvmfs/sphenix.sdcc.bnl.gov/alma9.2-gcc-14.2.0/release/release_new/new.10/include/DDG4:/cvmfs/sphenix.sdcc.bnl.gov/alma9.2-gcc-14.2.0/release/release_new/new.10/include/mbd:/cvmfs/sphenix.sdcc.bnl.gov/alma9.2-gcc-14.2.0/release/release_new/new.10/include/tbb:/cvmfs/sphenix.sdcc.bnl.gov/alma9.2-gcc-14.2.0/release/release_new/new.10/include/phgeom:/cvmfs/sphenix.sdcc.bnl.gov/alma9.2-gcc-14.2.0/release/release_new/new.10/include/g4epd:/cvmfs/sphenix.sdcc.bnl.gov/alma9.2-gcc-14.2.0/release/release_new/new.10/include/oncal:/cvmfs/sphenix.sdcc.bnl.gov/alma9.2-gcc-14.2.0/release/release_new/new.10/include/pybind11:/cvmfs/sphenix.sdcc.bnl.gov/alma9.2-gcc-14.2.0/release/release_new/new.10/include/tpcdistgenerator:/cvmfs/sphenix.sdcc.bnl.gov/alma9.2-gcc-14.2.0/release/release_new/new.10/include/cdbobjects:/cvmfs/sphenix.sdcc.bnl.gov/alma9.2-gcc-14.2.0/release/release_new/new.10/include/g4micromegas:/cvmfs/sphenix.sdcc.bnl.gov/alma9.2-gcc-14.2.0/release/release_new/new.10/include/g4eval:/cvmfs/sphenix.sdcc.bnl.gov/alma9.2-gcc-14.2.0/release/release_new/new.10/include/jetbackground:/cvmfs/sphenix.sdcc.bnl.gov/alma9.2-gcc-14.2.0/release/release_new/new.10/include/micromegas:/cvmfs/sphenix.sdcc.bnl.gov/alma9.2-gcc-14.2.0/release/release_new/new.10/include/hftrackefficiency:/cvmfs/sphenix.sdcc.bnl.gov/alma9.2-gcc-14.2.0/release/release_new/new.10/include/inttrawhitqa:/cvmfs/sphenix.sdcc.bnl.gov/alma9.2-gcc-14.2.0/release/release_new/new.10/include/centrality:/cvmfs/sphenix.sdcc.bnl.gov/alma9.2-gcc-14.2.0/release/release_new/new.10/include/epd:/cvmfs/sphenix.sdcc.bnl.gov/alma9.2-gcc-14.2.0/release/release_new/new.10/include/caloreco:/cvmfs/sphenix.sdcc.bnl.gov/alma9.2-gcc-14.2.0/release/release_new/new.10/include/HepMC:/cvmfs/sphenix.sdcc.bnl.gov/alma9.2-gcc-14.2.0/release/release_new/new.10/include/CLHEP:/cvmfs/sphenix.sdcc.bnl.gov/alma9.2-gcc-14.2.0/release/release_new/new.10/include/Acts:/cvmfs/sphenix.sdcc.bnl.gov/alma9.2-gcc-14.2.0/release/release_new/new.10/include/g4histos:/cvmfs/sphenix.sdcc.bnl.gov/alma9.2-gcc-14.2.0/release/release_new/new.10/include/eventplaneinfo:/cvmfs/sphenix.sdcc.bnl.gov/alma9.2-gcc-14.2.0/release/release_new/new.10/include/fillspacechargemaps:/cvmfs/sphenix.sdcc.bnl.gov/alma9.2-gcc-14.2.0/release/release_new/new.10/include/phhepmc:/cvmfs/sphenix.sdcc.bnl.gov/alma9.2-gcc-14.2.0/release/release_new/new.10/include/trackingqa:/cvmfs/sphenix.sdcc.bnl.gov/alma9.2-gcc-14.2.0/release/release_new/new.10/include/qautils:/cvmfs/sphenix.sdcc.bnl.gov/alma9.2-gcc-14.2.0/release/release_new/new.10/include/trackreco:/cvmfs/sphenix.sdcc.bnl.gov/alma9.2-gcc-14.2.0/release/release_new/new.10/include/g4ohcal:/cvmfs/sphenix.sdcc.bnl.gov/alma9.2-gcc-14.2.0/release/release_new/new.10/include/tpcdvcalib:/cvmfs/sphenix.sdcc.bnl.gov/alma9.2-gcc-14.2.0/release/release_new/new.10/include/zdcinfo:/cvmfs/sphenix.sdcc.bnl.gov/alma9.2-gcc-14.2.0/release/release_new/new.10/include/phpythia8:/cvmfs/sphenix.sdcc.bnl.gov/alma9.2-gcc-14.2.0/release/release_new/new.10/include/fun4allutils:/cvmfs/sphenix.sdcc.bnl.gov/alma9.2-gcc-14.2.0/release/release_new/new.10/include/tpcqa:/cvmfs/sphenix.sdcc.bnl.gov/alma9.2-gcc-14.2.0/release/release_new/new.10/include/Pythia8:/cvmfs/sphenix.sdcc.bnl.gov/alma9.2-gcc-14.2.0/release/release_new/new.10/include/DDRec:/cvmfs/sphenix.sdcc.bnl.gov/alma9.2-gcc-14.2.0/release/release_new/new.10/include/DDDigi:/cvmfs/sphenix.sdcc.bnl.gov/alma9.2-gcc-14.2.0/release/release_new/new.10/include/g4ihcal:/cvmfs/sphenix.sdcc.bnl.gov/alma9.2-gcc-14.2.0/release/release_new/new.10/include/frog:/cvmfs/sphenix.sdcc.bnl.gov/alma9.2-gcc-14.2.0/release/release_new/new.10/include/eigen3:/cvmfs/sphenix.sdcc.bnl.gov/alma9.2-gcc-14.2.0/release/release_new/new.10/include/tensorpipe:/cvmfs/sphenix.sdcc.bnl.gov/alma9.2-gcc-14.2.0/release/release_new/new.10/include/sphenixnpc:/cvmfs/sphenix.sdcc.bnl.gov/alma9.2-gcc-14.2.0/release/release_new/new.10/include/siscone:/cvmfs/sphenix.sdcc.bnl.gov/alma9.2-gcc-14.2.0/release/release_new/new.10/include/pmonitor:/cvmfs/sphenix.sdcc.bnl.gov/alma9.2-gcc-14.2.0/release/release_new/new.10/include/calobase:/cvmfs/sphenix.sdcc.bnl.gov/alma9.2-gcc-14.2.0/release/release_new/new.10/include/ActsExamples:/cvmfs/sphenix.sdcc.bnl.gov/alma9.2-gcc-14.2.0/release/release_new/new.10/include/g4gdml:/cvmfs/sphenix.sdcc.bnl.gov/alma9.2-gcc-14.2.0/release/release_new/new.10/include/mvtx_decoder:/cvmfs/sphenix.sdcc.bnl.gov/alma9.2-gcc-14.2.0/release/release_new/new.10/include/ROOT:/cvmfs/sphenix.sdcc.bnl.gov/alma9.2-gcc-14.2.0/release/release_new/new.10/include/phparameter:/cvmfs/sphenix.sdcc.bnl.gov/alma9.2-gcc-14.2.0/release/release_new/new.10/include/rsa:/cvmfs/sphenix.sdcc.bnl.gov/alma9.2-gcc-14.2.0/release/release_new/new.10/include/fun4allraw:/cvmfs/sphenix.sdcc.bnl.gov/alma9.2-gcc-14.2.0/release/release_new/new.10/include/trackbase_historic:/cvmfs/sphenix.sdcc.bnl.gov/alma9.2-gcc-14.2.0/release/release_new/new.10/include/g4jets:/cvmfs/sphenix.sdcc.bnl.gov/alma9.2-gcc-14.2.0/release/release_new/new.10/include/jetqa:/cvmfs/sphenix.sdcc.bnl.gov/alma9.2-gcc-14.2.0/release/release_new/new.10/include/phoolraw:/cvmfs/sphenix.sdcc.bnl.gov/alma9.2-gcc-14.2.0/release/release_new/new.10/include/g4calo:/cvmfs/sphenix.sdcc.bnl.gov/alma9.2-gcc-14.2.0/release/release_new/new.10/include/mvtxrawhitqa:/cvmfs/sphenix.sdcc.bnl.gov/alma9.2-gcc-14.2.0/release/release_new/new.10/include/HepMC3:/cvmfs/sphenix.sdcc.bnl.gov/alma9.2-gcc-14.2.0/release/release_new/new.10/include/calowaveformsim:/cvmfs/sphenix.sdcc.bnl.gov/alma9.2-gcc-14.2.0/release/release_new/new.10/include/g4caloprototype:/cvmfs/sphenix.sdcc.bnl.gov/alma9.2-gcc-14.2.0/release/release_new/new.10/include/pdbcalbase:/cvmfs/sphenix.sdcc.bnl.gov/alma9.2-gcc-14.2.0/release/release_new/new.10/include/gsl:/cvmfs/sphenix.sdcc.bnl.gov/alma9.2-gcc-14.2.0/release/release_new/new.10/include/nodedump:/cvmfs/sphenix.sdcc.bnl.gov/alma9.2-gcc-14.2.0/release/release_new/new.10/include/emcnoisytowerfinder:/cvmfs/sphenix.sdcc.bnl.gov/alma9.2-gcc-14.2.0/release/release_new/new.10/include/ActsFatras:/cvmfs/sphenix.sdcc.bnl.gov/alma9.2-gcc-14.2.0/release/release_new/new.10/include/ffarawmodules:/cvmfs/sphenix.sdcc.bnl.gov/alma9.2-gcc-14.2.0/release/release_new/new.10/include/Event:/cvmfs/sphenix.sdcc.bnl.gov/alma9.2-gcc-14.2.0/release/release_new/new.10/include/prototype3:/cvmfs/sphenix.sdcc.bnl.gov/alma9.2-gcc-14.2.0/release/release_new/new.10/include/fermimotionafterburner:/cvmfs/sphenix.sdcc.bnl.gov/alma9.2-gcc-14.2.0/release/release_new/new.10/include/Photos:/cvmfs/sphenix.sdcc.bnl.gov/alma9.2-gcc-14.2.0/release/release_new/new.10/include/xingshiftcal:/cvmfs/sphenix.sdcc.bnl.gov/alma9.2-gcc-14.2.0/release/release_new/new.10/include/trackbase:/cvmfs/sphenix.sdcc.bnl.gov/alma9.2-gcc-14.2.0/release/release_new/new.10/include/jetdstskimmer:/cvmfs/sphenix.sdcc.bnl.gov/alma9.2-gcc-14.2.0/release/release_new/new.10/include/clusteriso:/cvmfs/sphenix.sdcc.bnl.gov/alma9.2-gcc-14.2.0/release/release_new/new.10/include/asmjit:/cvmfs/sphenix.sdcc.bnl.gov/alma9.2-gcc-14.2.0/release/release_new/new.10/include/particleflowreco:/cvmfs/sphenix.sdcc.bnl.gov/alma9.2-gcc-14.2.0/release/release_new/new.10/include/tpchittrackdisplay:/cvmfs/sphenix.sdcc.bnl.gov/alma9.2-gcc-14.2.0/release/release_new/new.10/include/caloana:/cvmfs/sphenix.sdcc.bnl.gov/alma9.2-gcc-14.2.0/release/release_new/new.10/include/calotrigger:/cvmfs/sphenix.sdcc.bnl.gov/alma9.2-gcc-14.2.0/release/release_new/new.10/include/nopayloadclient:/cvmfs/sphenix.sdcc.bnl.gov/alma9.2-gcc-14.2.0/release/release_new/new.10/include/trackermillepedealignment:/cvmfs/sphenix.sdcc.bnl.gov/alma9.2-gcc-14.2.0/release/release_new/new.10/include/DD4hep:/cvmfs/sphenix.sdcc.bnl.gov/alma9.2-gcc-14.2.0/release/release_new/new.10/include/g4trackfastsim:/cvmfs/sphenix.sdcc.bnl.gov/alma9.2-gcc-14.2.0/release/release_new/new.10/include/prototype2:/cvmfs/sphenix.sdcc.bnl.gov/alma9.2-gcc-14.2.0/release/release_new/new.10/include/ATen:/cvmfs/sphenix.sdcc.bnl.gov/alma9.2-gcc-14.2.0/release/release_new/new.10/include/g4main:/cvmfs/sphenix.sdcc.bnl.gov/alma9.2-gcc-14.2.0/release/release_new/new.10/include/Tauola:/cvmfs/sphenix.sdcc.bnl.gov/alma9.2-gcc-14.2.0/release/release_new/new.10/include/inttcalib:/cvmfs/sphenix.sdcc.bnl.gov/alma9.2-gcc-14.2.0/release/release_new/new.10/include/reactionplaneafterburner:/cvmfs/sphenix.sdcc.bnl.gov/alma9.2-gcc-14.2.0/release/release_new/new.10/include/globalqa:/cvmfs/sphenix.sdcc.bnl.gov/alma9.2-gcc-14.2.0/release/release_new/new.10/include/tpccalib:/cvmfs/sphenix.sdcc.bnl.gov/alma9.2-gcc-14.2.0/release/release_new/new.10/include/DDSegmentation:/cvmfs/sphenix.sdcc.bnl.gov/alma9.2-gcc-14.2.0/release/release_new/new.10/include/decayfinder:/cvmfs/sphenix.sdcc.bnl.gov/alma9.2-gcc-14.2.0/release/release_new/new.10/include/compressclus:/cvmfs/sphenix.sdcc.bnl.gov/alma9.2-gcc-14.2.0/release/release_new/new.10/include/simqa_modules:/cvmfs/sphenix.sdcc.bnl.gov/alma9.2-gcc-14.2.0/release/release_new/new.10/include/resonancejettagging:/cvmfs/sphenix.sdcc.bnl.gov/alma9.2-gcc-14.2.0/release/release_new/new.10/include/g4centrality:/cvmfs/sphenix.sdcc.bnl.gov/alma9.2-gcc-14.2.0/release/release_new/new.10/include/mvtx:/cvmfs/sphenix.sdcc.bnl.gov/alma9.2-gcc-14.2.0/release/release_new/new.10/include/nlohmann:/cvmfs/sphenix.sdcc.bnl.gov/alma9.2-gcc-14.2.0/release/release_new/new.10/include/localpoloffmon:/cvmfs/sphenix.sdcc.bnl.gov/alma9.2-gcc-14.2.0/release/release_new/new.10/include/DDEve:/cvmfs/sphenix.sdcc.bnl.gov/alma9.2-gcc-14.2.0/release/release_new/new.10/include/Parsers:/cvmfs/sphenix.sdcc.bnl.gov/alma9.2-gcc-14.2.0/release/release_new/new.10/include/trackingdiagnostics:/cvmfs/sphenix.sdcc.bnl.gov/alma9.2-gcc-14.2.0/release/release_new/new.10/include/g4vertex:/cvmfs/sphenix.sdcc.bnl.gov/alma9.2-gcc-14.2.0/release/release_new/new.10/include/jetbase:/cvmfs/sphenix.sdcc.bnl.gov/alma9.2-gcc-14.2.0/release/release_new/new.10/include/globalvertex:/cvmfs/sphenix.sdcc.bnl.gov/alma9.2-gcc-14.2.0/release/release_new/new.10/include/phgenfit:/cvmfs/sphenix.sdcc.bnl.gov/alma9.2-gcc-14.2.0/release/release_new/new.10/include/rawbcolumi:/cvmfs/sphenix.sdcc.bnl.gov/alma9.2-gcc-14.2.0/release/release_new/new.10/include/eicsmear:/cvmfs/sphenix.sdcc.bnl.gov/alma9.2-gcc-14.2.0/release/release_new/new.10/include/mvtxcalib:/cvmfs/sphenix.sdcc.bnl.gov/alma9.2-gcc-14.2.0/release/release_new/new.10/include/tpclinelaserdiode:/cvmfs/sphenix.sdcc.bnl.gov/alma9.2-gcc-14.2.0/release/release_new/new.10/include/hepmcjettrigger:/cvmfs/sphenix.sdcc.bnl.gov/alma9.2-gcc-14.2.0/release/release_new/new.10/include/core:/cvmfs/sphenix.sdcc.bnl.gov/alma9.2-gcc-14.2.0/release/release_new/new.10/include/calo_cdb:/cvmfs/sphenix.sdcc.bnl.gov/alma9.2-gcc-14.2.0/release/release_new/new.10/include/mvtxclustershapesqa:/cvmfs/sphenix.sdcc.bnl.gov/alma9.2-gcc-14.2.0/release/release_new/new.10/include/calopacketskimmer:/cvmfs/sphenix.sdcc.bnl.gov/alma9.2-gcc-14.2.0/opt/sphenix/core/geant4.10.07.p04/include:/cvmfs/sphenix.sdcc.bnl.gov/alma9.2-gcc-14.2.0/release/release_new/new.10/rootmacros:/cvmfs/sphenix.sdcc.bnl.gov/alma9.2-gcc-14.2.0/opt/sphenix/core/include
GSEARCHPATH=.:PG:LUSTRE:RAWDATA
PWD=/gpfs/mnt/gpfs02/sphenix/user/samfred/run25/ppg11/histmaking
LOGNAME=samfred
_CONDOR_JOB_AD=/home/condor/local/sphnx/execute/dir_2919921/.job.ad
MANPATH=/cvmfs/sphenix.sdcc.bnl.gov/alma9.2-gcc-14.2.0/opt/sphenix/core/gcc/14.2.0-2f0a0/x86_64-el9/share/man:/cvmfs/sphenix.sdcc.bnl.gov/alma9.2-gcc-14.2.0/opt/sphenix/core/binutils/2.40-acaab/x86_64-el9/share/man:/cvmfs/sphenix.sdcc.bnl.gov/alma9.2-gcc-14.2.0/release/release_new/new.10/share/man:/cvmfs/sphenix.sdcc.bnl.gov/alma9.2-gcc-14.2.0/opt/sphenix/utils/share/man:/cvmfs/sphenix.sdcc.bnl.gov/alma9.2-gcc-14.2.0/opt/sphenix/core/share/man:/cvmfs/sphenix.sdcc.bnl.gov/alma9.2-gcc-14.2.0/opt/sphenix/core/root-6.32.06/man:/usr/local/share/man:/usr/share/man
PYTHIA8=/cvmfs/sphenix.sdcc.bnl.gov/alma9.2-gcc-14.2.0/release/release_new/new.10/share/Pythia8
G4INCLDATA=/cvmfs/sphenix.sdcc.bnl.gov/alma9.2-gcc-14.2.0/opt/sphenix/core/geant4.10.07.p04/share/Geant4-10.7.4/data/G4INCL1.0
ORIG_PATH=/usr/local/bin:/usr/bin
CXX=/cvmfs/sphenix.sdcc.bnl.gov/alma9.2-gcc-14.2.0/opt/sphenix/core/gcc/14.2.0-2f0a0/x86_64-el9/bin/g++
G4LEDATA=/cvmfs/sphenix.sdcc.bnl.gov/alma9.2-gcc-14.2.0/opt/sphenix/core/geant4.10.07.p04/share/Geant4-10.7.4/data/G4EMLOW7.13
PYTHON_CPU_COUNT=1
OPENBLAS_NUM_THREADS=1
_CONDOR_BIN=/usr/bin
_CONDOR_ANCESTOR_323948=2919921:1759352671:1026752
_CONDOR_ANCESTOR_2919921=2926624:1759352672:4114076895
HOME=/sphenix/u/samfred
G4PARTICLEXSDATA=/cvmfs/sphenix.sdcc.bnl.gov/alma9.2-gcc-14.2.0/opt/sphenix/core/geant4.10.07.p04/share/Geant4-10.7.4/data/G4PARTICLEXS3.1.1
_CONDOR_ANCESTOR_323913=323948:1756523319:1244292906
ONLINE_MAIN=/cvmfs/sphenix.sdcc.bnl.gov/alma9.2-gcc-14.2.0/release/release_new/new.10
CALIBRATIONROOT=/cvmfs/sphenix.sdcc.bnl.gov/alma9.2-gcc-14.2.0/release/release_new/new.10/share/calibrations
TMPDIR=/tmp
_CONDOR_SCRATCH_DIR=/home/condor/local/sphnx/execute/dir_2919921
PGUSER=phnxrc
NOPAYLOADCLIENT_CONF=/cvmfs/sphenix.sdcc.bnl.gov/alma9.2-gcc-14.2.0/opt/sphenix/core/etc/sPHENIX_newcdb.json
XERCESCROOT=/cvmfs/sphenix.sdcc.bnl.gov/alma9.2-gcc-14.2.0/opt/sphenix/core/geant4.10.07.p04
LHAPATH=/cvmfs/sphenix.sdcc.bnl.gov/alma9.2-gcc-14.2.0/opt/sphenix/core/lhapdf-5.9.1/share/lhapdf/PDFsets
G4NEUTRONHPDATA=/cvmfs/sphenix.sdcc.bnl.gov/alma9.2-gcc-14.2.0/opt/sphenix/core/geant4.10.07.p04/share/Geant4-10.7.4/data/G4NDL4.6
PYTHONPATH=.:/cvmfs/sphenix.sdcc.bnl.gov/alma9.2-gcc-14.2.0/release/release_new/new.10/lib/python3.13/site-packages:/cvmfs/sphenix.sdcc.bnl.gov/alma9.2-gcc-14.2.0/opt/sphenix/core/lib/python3.13/site-packages:/cvmfs/sphenix.sdcc.bnl.gov/alma9.2-gcc-14.2.0/opt/sphenix/core/root-6.32.06/lib
USER=samfred
_CONDOR_JOB_PIDS=
TEMP=/tmp
GOMAXPROCS=1
OFFLINE_MAIN=/cvmfs/sphenix.sdcc.bnl.gov/alma9.2-gcc-14.2.0/release/release_new/new.10
SHLVL=1
TF_NUM_THREADS=1
G4SAIDXSDATA=/cvmfs/sphenix.sdcc.bnl.gov/alma9.2-gcc-14.2.0/opt/sphenix/core/geant4.10.07.p04/share/Geant4-10.7.4/data/G4SAIDDATA2.0
APPTAINER_CACHEDIR=/home/condor/local/sphnx/execute/dir_2919921
ROOTSYS=/cvmfs/sphenix.sdcc.bnl.gov/alma9.2-gcc-14.2.0/opt/sphenix/core/root-6.32.06
BATCH_SYSTEM=HTCondor
_CONDOR_SLOT=slot1_3
LD_LIBRARY_PATH=/sphenix/user/samfred/run25/install//lib:/cvmfs/sphenix.sdcc.bnl.gov/alma9.2-gcc-14.2.0/opt/sphenix/core/gcc/14.2.0-2f0a0/x86_64-el9/lib:/cvmfs/sphenix.sdcc.bnl.gov/alma9.2-gcc-14.2.0/opt/sphenix/core/gcc/14.2.0-2f0a0/x86_64-el9/lib64:/cvmfs/sphenix.sdcc.bnl.gov/alma9.2-gcc-14.2.0/opt/sphenix/core/binutils/2.40-acaab/x86_64-el9/lib:.:/cvmfs/sphenix.sdcc.bnl.gov/alma9.2-gcc-14.2.0/release/release_new/new.10/lib64:/cvmfs/sphenix.sdcc.bnl.gov/alma9.2-gcc-14.2.0/release/release_new/new.10/lib:/cvmfs/sphenix.sdcc.bnl.gov/alma9.2-gcc-14.2.0/opt/sphenix/utils/lib:/cvmfs/sphenix.sdcc.bnl.gov/alma9.2-gcc-14.2.0/opt/sphenix/core/lib:/cvmfs/sphenix.sdcc.bnl.gov/alma9.2-gcc-14.2.0/opt/sphenix/core/root-6.32.06/lib:/cvmfs/sphenix.sdcc.bnl.gov/alma9.2-gcc-14.2.0/opt/sphenix/core/geant4.10.07.p04/lib64:/cvmfs/sphenix.sdcc.bnl.gov/alma9.2-gcc-14.2.0/opt/sphenix/core/lhapdf-5.9.1/lib:/usr/local/lib64:/usr/lib64
OPT_SPHENIX=/cvmfs/sphenix.sdcc.bnl.gov/alma9.2-gcc-14.2.0/opt/sphenix/core
TF_LOOP_PARALLEL_ITERATIONS=1
EVT_LIB=/cvmfs/sphenix.sdcc.bnl.gov/alma9.2-gcc-14.2.0/opt/sphenix/core/root-6.32.06/lib
PGHOST=sphnxdbmaster.sdcc.bnl.gov
OMP_NUM_THREADS=1
G4REALSURFACEDATA=/cvmfs/sphenix.sdcc.bnl.gov/alma9.2-gcc-14.2.0/opt/sphenix/core/geant4.10.07.p04/share/Geant4-10.7.4/data/RealSurface2.2
FC=/cvmfs/sphenix.sdcc.bnl.gov/alma9.2-gcc-14.2.0/opt/sphenix/core/gcc/14.2.0-2f0a0/x86_64-el9/bin/gfortran
G4ABLADATA=/cvmfs/sphenix.sdcc.bnl.gov/alma9.2-gcc-14.2.0/opt/sphenix/core/geant4.10.07.p04/share/Geant4-10.7.4/data/G4ABLA3.1
PARASOFT=doesnotexist
TMP=/tmp
OPT_UTILS=/cvmfs/sphenix.sdcc.bnl.gov/alma9.2-gcc-14.2.0/opt/sphenix/utils
CONFIG_SITE=/cvmfs/sphenix.sdcc.bnl.gov/alma9.2-gcc-14.2.0/opt/sphenix/core/etc/config.site
PATH=/sphenix/user/samfred/run25/install//bin:/cvmfs/sphenix.sdcc.bnl.gov/alma9.2-gcc-14.2.0/opt/sphenix/core/gcc/14.2.0-2f0a0/x86_64-el9/bin:/cvmfs/sphenix.sdcc.bnl.gov/alma9.2-gcc-14.2.0/opt/sphenix/core/binutils/2.40-acaab/x86_64-el9/bin:.:/cvmfs/sphenix.sdcc.bnl.gov/alma9.2-gcc-14.2.0/release/release_new/new.10/bin:/cvmfs/sphenix.sdcc.bnl.gov/alma9.2-gcc-14.2.0/opt/sphenix/utils/bin:/cvmfs/sphenix.sdcc.bnl.gov/alma9.2-gcc-14.2.0/opt/sphenix/core/bin:/cvmfs/sphenix.sdcc.bnl.gov/alma9.2-gcc-14.2.0/opt/sphenix/core/root-6.32.06/bin:/cvmfs/sphenix.sdcc.bnl.gov/alma9.2-gcc-14.2.0/opt/sphenix/core/geant4.10.07.p04/bin:/usr/local/bin:/usr/bin:/usr/local/sbin:/usr/sbin
G4LEVELGAMMADATA=/cvmfs/sphenix.sdcc.bnl.gov/alma9.2-gcc-14.2.0/opt/sphenix/core/geant4.10.07.p04/share/Geant4-10.7.4/data/PhotonEvaporation5.7
CC=/cvmfs/sphenix.sdcc.bnl.gov/alma9.2-gcc-14.2.0/opt/sphenix/core/gcc/14.2.0-2f0a0/x86_64-el9/bin/gcc
G4RADIOACTIVEDATA=/cvmfs/sphenix.sdcc.bnl.gov/alma9.2-gcc-14.2.0/opt/sphenix/core/geant4.10.07.p04/share/Geant4-10.7.4/data/RadioactiveDecay5.6
JULIA_NUM_THREADS=1
MKL_NUM_THREADS=1
LHAPDF_DATA_PATH=/cvmfs/sphenix.sdcc.bnl.gov/alma9.2-gcc-14.2.0/release/release_new/new.10/share/LHAPDF
XPLOAD_CONFIG_DIR=/cvmfs/sphenix.sdcc.bnl.gov/alma9.2-gcc-14.2.0/opt/sphenix/core/etc
OLDPWD=/cvmfs/sphenix.sdcc.bnl.gov/alma9.2-gcc-14.2.0/release/release_new/new.10/geant4
_=/usr/bin/printenv
runnumber...
47380
trigger...

   ------------------------------------------------------------------
  | Welcome to ROOT 6.32.06                        https://root.cern |
  | (c) 1995-2024, The ROOT Team; conception: R. Brun, F. Rademakers |
  | Built for linuxx8664gcc on Dec 13 2024, 17:23:48                 |
  | From tags/6-32-06@6-32-06                                        |
  | With g++ (GCC) 14.2.0                                            |
  | Try '.help'/'.?', '.demo', '.license', '.credits', '.quit'/'.q'  |
   ------------------------------------------------------------------


Processing data_histmaker.C(47380)...
entry 2000/2255913 (0.0886559%)
entry 5000/2255913 (0.22164%)
entry 6000/2255913 (0.265968%)
entry 9000/2255913 (0.398952%)
entry 15000/2255913 (0.664919%)
entry 21000/2255913 (0.930887%)
entry 22000/2255913 (0.975215%)
entry 25000/2255913 (1.1082%)
entry 26000/2255913 (1.15253%)
entry 29000/2255913 (1.28551%)
entry 35000/2255913 (1.55148%)
entry 36000/2255913 (1.59581%)
entry 43000/2255913 (1.9061%)
entry 44000/2255913 (1.95043%)
entry 48000/2255913 (2.12774%)
entry 50000/2255913 (2.2164%)
entry 58000/2255913 (2.57102%)
entry 59000/2255913 (2.61535%)
entry 62000/2255913 (2.74833%)
entry 66000/2255913 (2.92564%)
entry 76000/2255913 (3.36892%)
entry 80000/2255913 (3.54624%)
entry 81000/2255913 (3.59056%)
entry 82000/2255913 (3.63489%)
entry 88000/2255913 (3.90086%)
entry 90000/2255913 (3.98952%)
entry 92000/2255913 (4.07817%)
entry 93000/2255913 (4.1225%)
entry 98000/2255913 (4.34414%)
entry 99000/2255913 (4.38847%)
entry 100000/2255913 (4.4328%)
entry 101000/2255913 (4.47712%)
entry 104000/2255913 (4.61011%)
entry 105000/2255913 (4.65443%)
entry 107000/2255913 (4.74309%)
entry 109000/2255913 (4.83175%)
entry 111000/2255913 (4.9204%)
entry 115000/2255913 (5.09771%)
entry 117000/2255913 (5.18637%)
entry 131000/2255913 (5.80696%)
entry 137000/2255913 (6.07293%)
entry 138000/2255913 (6.11726%)
entry 139000/2255913 (6.16159%)
entry 141000/2255913 (6.25024%)
entry 143000/2255913 (6.3389%)
entry 146000/2255913 (6.47188%)
entry 151000/2255913 (6.69352%)
entry 153000/2255913 (6.78218%)
entry 157000/2255913 (6.95949%)
entry 160000/2255913 (7.09247%)
entry 164000/2255913 (7.26978%)
entry 166000/2255913 (7.35844%)
entry 171000/2255913 (7.58008%)
entry 182000/2255913 (8.06769%)
entry 191000/2255913 (8.46664%)
entry 192000/2255913 (8.51097%)
entry 195000/2255913 (8.64395%)
entry 197000/2255913 (8.73261%)
entry 200000/2255913 (8.86559%)
entry 202000/2255913 (8.95425%)
entry 206000/2255913 (9.13156%)
entry 207000/2255913 (9.17589%)
entry 211000/2255913 (9.3532%)
entry 218000/2255913 (9.66349%)
entry 221000/2255913 (9.79648%)
entry 224000/2255913 (9.92946%)
entry 237000/2255913 (10.5057%)
entry 240000/2255913 (10.6387%)
entry 241000/2255913 (10.683%)
entry 242000/2255913 (10.7274%)
entry 244000/2255913 (10.816%)
entry 254000/2255913 (11.2593%)
entry 260000/2255913 (11.5253%)
entry 262000/2255913 (11.6139%)
entry 263000/2255913 (11.6583%)
entry 271000/2255913 (12.0129%)
entry 274000/2255913 (12.1459%)
entry 275000/2255913 (12.1902%)
entry 279000/2255913 (12.3675%)
entry 283000/2255913 (12.5448%)
entry 284000/2255913 (12.5891%)
entry 286000/2255913 (12.6778%)
entry 288000/2255913 (12.7664%)
entry 289000/2255913 (12.8108%)
entry 291000/2255913 (12.8994%)
entry 294000/2255913 (13.0324%)
entry 295000/2255913 (13.0767%)
entry 296000/2255913 (13.1211%)
entry 300000/2255913 (13.2984%)
entry 304000/2255913 (13.4757%)
entry 306000/2255913 (13.5644%)
entry 313000/2255913 (13.8746%)
entry 317000/2255913 (14.052%)
entry 323000/2255913 (14.3179%)
entry 331000/2255913 (14.6726%)
entry 336000/2255913 (14.8942%)
entry 340000/2255913 (15.0715%)
entry 343000/2255913 (15.2045%)
entry 346000/2255913 (15.3375%)
entry 347000/2255913 (15.3818%)
entry 348000/2255913 (15.4261%)
entry 350000/2255913 (15.5148%)
entry 366000/2255913 (16.224%)
entry 370000/2255913 (16.4013%)
entry 380000/2255913 (16.8446%)
entry 381000/2255913 (16.8889%)
entry 383000/2255913 (16.9776%)
entry 392000/2255913 (17.3766%)
entry 401000/2255913 (17.7755%)
entry 405000/2255913 (17.9528%)
entry 406000/2255913 (17.9971%)
entry 407000/2255913 (18.0415%)
entry 416000/2255913 (18.4404%)
entry 421000/2255913 (18.6621%)
entry 430000/2255913 (19.061%)
entry 431000/2255913 (19.1053%)
entry 434000/2255913 (19.2383%)
entry 436000/2255913 (19.327%)
entry 443000/2255913 (19.6373%)
entry 444000/2255913 (19.6816%)
entry 445000/2255913 (19.7259%)
entry 449000/2255913 (19.9033%)
entry 451000/2255913 (19.9919%)
entry 454000/2255913 (20.1249%)
entry 457000/2255913 (20.2579%)
entry 460000/2255913 (20.3909%)
entry 463000/2255913 (20.5238%)
entry 469000/2255913 (20.7898%)
entry 470000/2255913 (20.8341%)
entry 471000/2255913 (20.8785%)
entry 477000/2255913 (21.1444%)
entry 489000/2255913 (21.6764%)
entry 491000/2255913 (21.765%)
entry 492000/2255913 (21.8094%)
entry 494000/2255913 (21.898%)
entry 498000/2255913 (22.0753%)
entry 503000/2255913 (22.297%)
entry 507000/2255913 (22.4743%)
entry 514000/2255913 (22.7846%)
entry 518000/2255913 (22.9619%)
entry 519000/2255913 (23.0062%)
entry 524000/2255913 (23.2278%)
entry 527000/2255913 (23.3608%)
entry 528000/2255913 (23.4052%)
entry 529000/2255913 (23.4495%)
entry 533000/2255913 (23.6268%)
entry 534000/2255913 (23.6711%)
entry 539000/2255913 (23.8928%)
entry 543000/2255913 (24.0701%)
entry 545000/2255913 (24.1587%)
entry 554000/2255913 (24.5577%)
entry 555000/2255913 (24.602%)
entry 557000/2255913 (24.6907%)
entry 558000/2255913 (24.735%)
entry 562000/2255913 (24.9123%)
entry 564000/2255913 (25.001%)
entry 565000/2255913 (25.0453%)
entry 569000/2255913 (25.2226%)
entry 577000/2255913 (25.5772%)
entry 584000/2255913 (25.8875%)
entry 585000/2255913 (25.9319%)
entry 587000/2255913 (26.0205%)
entry 589000/2255913 (26.1092%)
entry 591000/2255913 (26.1978%)
entry 592000/2255913 (26.2421%)
entry 595000/2255913 (26.3751%)
entry 599000/2255913 (26.5524%)
entry 600000/2255913 (26.5968%)
entry 605000/2255913 (26.8184%)
entry 607000/2255913 (26.9071%)
entry 614000/2255913 (27.2174%)
entry 618000/2255913 (27.3947%)
entry 619000/2255913 (27.439%)
entry 626000/2255913 (27.7493%)
entry 627000/2255913 (27.7936%)
entry 629000/2255913 (27.8823%)
entry 632000/2255913 (28.0153%)
entry 638000/2255913 (28.2812%)
entry 639000/2255913 (28.3256%)
entry 644000/2255913 (28.5472%)
entry 652000/2255913 (28.9018%)
entry 660000/2255913 (29.2564%)
entry 663000/2255913 (29.3894%)
entry 664000/2255913 (29.4338%)
entry 671000/2255913 (29.7441%)
entry 673000/2255913 (29.8327%)
entry 674000/2255913 (29.877%)
entry 677000/2255913 (30.01%)
entry 679000/2255913 (30.0987%)
entry 680000/2255913 (30.143%)
entry 681000/2255913 (30.1873%)
entry 697000/2255913 (30.8966%)
entry 698000/2255913 (30.9409%)
entry 702000/2255913 (31.1182%)
entry 706000/2255913 (31.2955%)
entry 713000/2255913 (31.6058%)
entry 716000/2255913 (31.7388%)
entry 717000/2255913 (31.7831%)
entry 721000/2255913 (31.9605%)
entry 724000/2255913 (32.0934%)
entry 726000/2255913 (32.1821%)
entry 728000/2255913 (32.2707%)
entry 730000/2255913 (32.3594%)
entry 737000/2255913 (32.6697%)
entry 744000/2255913 (32.98%)
entry 745000/2255913 (33.0243%)
entry 746000/2255913 (33.0687%)
entry 753000/2255913 (33.3789%)
entry 754000/2255913 (33.4233%)
entry 759000/2255913 (33.6449%)
entry 763000/2255913 (33.8222%)
entry 764000/2255913 (33.8666%)
entry 765000/2255913 (33.9109%)
entry 767000/2255913 (33.9995%)
entry 770000/2255913 (34.1325%)
entry 796000/2255913 (35.285%)
entry 799000/2255913 (35.418%)
entry 801000/2255913 (35.5067%)
entry 803000/2255913 (35.5953%)
entry 807000/2255913 (35.7727%)
entry 816000/2255913 (36.1716%)
entry 821000/2255913 (36.3932%)
entry 822000/2255913 (36.4376%)
entry 824000/2255913 (36.5262%)
entry 830000/2255913 (36.7922%)
entry 836000/2255913 (37.0582%)
entry 837000/2255913 (37.1025%)
entry 839000/2255913 (37.1911%)
entry 842000/2255913 (37.3241%)
entry 843000/2255913 (37.3685%)
entry 849000/2255913 (37.6344%)
entry 856000/2255913 (37.9447%)
entry 857000/2255913 (37.9891%)
entry 858000/2255913 (38.0334%)
entry 860000/2255913 (38.122%)
entry 865000/2255913 (38.3437%)
entry 867000/2255913 (38.4323%)
entry 868000/2255913 (38.4767%)
entry 869000/2255913 (38.521%)
entry 873000/2255913 (38.6983%)
entry 875000/2255913 (38.787%)
entry 876000/2255913 (38.8313%)
entry 877000/2255913 (38.8756%)
entry 889000/2255913 (39.4075%)
entry 894000/2255913 (39.6292%)
entry 895000/2255913 (39.6735%)
entry 898000/2255913 (39.8065%)
entry 903000/2255913 (40.0281%)
entry 905000/2255913 (40.1168%)
entry 908000/2255913 (40.2498%)
entry 913000/2255913 (40.4714%)
entry 915000/2255913 (40.5601%)
entry 917000/2255913 (40.6487%)
entry 919000/2255913 (40.7374%)
entry 920000/2255913 (40.7817%)
entry 921000/2255913 (40.826%)
entry 928000/2255913 (41.1363%)
entry 931000/2255913 (41.2693%)
entry 933000/2255913 (41.358%)
entry 938000/2255913 (41.5796%)
entry 948000/2255913 (42.0229%)
entry 949000/2255913 (42.0672%)
entry 950000/2255913 (42.1116%)
entry 955000/2255913 (42.3332%)
entry 956000/2255913 (42.3775%)
entry 957000/2255913 (42.4218%)
entry 958000/2255913 (42.4662%)
entry 959000/2255913 (42.5105%)
entry 961000/2255913 (42.5992%)
entry 967000/2255913 (42.8651%)
entry 974000/2255913 (43.1754%)
entry 977000/2255913 (43.3084%)
entry 978000/2255913 (43.3527%)
entry 980000/2255913 (43.4414%)
entry 982000/2255913 (43.53%)
entry 986000/2255913 (43.7074%)
entry 989000/2255913 (43.8403%)
entry 998000/2255913 (44.2393%)
entry 1004000/2255913 (44.5053%)
entry 1014000/2255913 (44.9485%)
entry 1018000/2255913 (45.1259%)
entry 1019000/2255913 (45.1702%)
entry 1030000/2255913 (45.6578%)
entry 1033000/2255913 (45.7908%)
entry 1037000/2255913 (45.9681%)
entry 1057000/2255913 (46.8546%)
entry 1062000/2255913 (47.0763%)
entry 1066000/2255913 (47.2536%)
entry 1069000/2255913 (47.3866%)
entry 1071000/2255913 (47.4752%)
entry 1072000/2255913 (47.5196%)
entry 1074000/2255913 (47.6082%)
entry 1089000/2255913 (48.2731%)
entry 1101000/2255913 (48.8051%)
entry 1104000/2255913 (48.9381%)
entry 1108000/2255913 (49.1154%)
entry 1109000/2255913 (49.1597%)
entry 1113000/2255913 (49.337%)
entry 1119000/2255913 (49.603%)
entry 1120000/2255913 (49.6473%)
entry 1121000/2255913 (49.6916%)
entry 1126000/2255913 (49.9133%)
entry 1128000/2255913 (50.0019%)
entry 1132000/2255913 (50.1792%)
entry 1135000/2255913 (50.3122%)
entry 1137000/2255913 (50.4009%)
entry 1138000/2255913 (50.4452%)
entry 1146000/2255913 (50.7998%)
entry 1149000/2255913 (50.9328%)
entry 1152000/2255913 (51.0658%)
entry 1155000/2255913 (51.1988%)
entry 1162000/2255913 (51.5091%)
entry 1163000/2255913 (51.5534%)
entry 1165000/2255913 (51.6421%)
entry 1166000/2255913 (51.6864%)
entry 1173000/2255913 (51.9967%)
entry 1176000/2255913 (52.1297%)
entry 1177000/2255913 (52.174%)
entry 1181000/2255913 (52.3513%)
entry 1183000/2255913 (52.44%)
entry 1184000/2255913 (52.4843%)
entry 1185000/2255913 (52.5286%)
entry 1190000/2255913 (52.7503%)
entry 1195000/2255913 (52.9719%)
entry 1204000/2255913 (53.3709%)
entry 1205000/2255913 (53.4152%)
entry 1206000/2255913 (53.4595%)
entry 1207000/2255913 (53.5038%)
entry 1211000/2255913 (53.6811%)
entry 1213000/2255913 (53.7698%)
entry 1214000/2255913 (53.8141%)
entry 1221000/2255913 (54.1244%)
entry 1222000/2255913 (54.1688%)
entry 1223000/2255913 (54.2131%)
entry 1229000/2255913 (54.4791%)
entry 1231000/2255913 (54.5677%)
entry 1233000/2255913 (54.6564%)
entry 1236000/2255913 (54.7893%)
entry 1237000/2255913 (54.8337%)
entry 1239000/2255913 (54.9223%)
entry 1248000/2255913 (55.3213%)
entry 1255000/2255913 (55.6316%)
entry 1259000/2255913 (55.8089%)
entry 1262000/2255913 (55.9419%)
entry 1263000/2255913 (55.9862%)
entry 1265000/2255913 (56.0749%)
entry 1266000/2255913 (56.1192%)
entry 1269000/2255913 (56.2522%)
entry 1270000/2255913 (56.2965%)
entry 1273000/2255913 (56.4295%)
entry 1275000/2255913 (56.5181%)
entry 1276000/2255913 (56.5625%)
entry 1279000/2255913 (56.6954%)
entry 1283000/2255913 (56.8728%)
entry 1285000/2255913 (56.9614%)
entry 1286000/2255913 (57.0057%)
entry 1288000/2255913 (57.0944%)
entry 1291000/2255913 (57.2274%)
entry 1293000/2255913 (57.316%)
entry 1294000/2255913 (57.3604%)
entry 1298000/2255913 (57.5377%)
entry 1299000/2255913 (57.582%)
entry 1300000/2255913 (57.6263%)
entry 1304000/2255913 (57.8036%)
entry 1313000/2255913 (58.2026%)
entry 1316000/2255913 (58.3356%)
entry 1320000/2255913 (58.5129%)
entry 1324000/2255913 (58.6902%)
entry 1325000/2255913 (58.7345%)
entry 1329000/2255913 (58.9118%)
entry 1346000/2255913 (59.6654%)
entry 1353000/2255913 (59.9757%)
entry 1354000/2255913 (60.02%)
entry 1355000/2255913 (60.0644%)
entry 1359000/2255913 (60.2417%)
entry 1360000/2255913 (60.286%)
entry 1369000/2255913 (60.685%)
entry 1376000/2255913 (60.9953%)
entry 1380000/2255913 (61.1726%)
entry 1388000/2255913 (61.5272%)
entry 1392000/2255913 (61.7045%)
entry 1393000/2255913 (61.7488%)
entry 1394000/2255913 (61.7932%)
entry 1400000/2255913 (62.0591%)
entry 1402000/2255913 (62.1478%)
entry 1405000/2255913 (62.2808%)
entry 1407000/2255913 (62.3694%)
entry 1411000/2255913 (62.5467%)
entry 1414000/2255913 (62.6797%)
entry 1416000/2255913 (62.7684%)
entry 1419000/2255913 (62.9014%)
entry 1427000/2255913 (63.256%)
entry 1428000/2255913 (63.3003%)
entry 1430000/2255913 (63.389%)
entry 1436000/2255913 (63.6549%)
entry 1438000/2255913 (63.7436%)
entry 1443000/2255913 (63.9652%)
entry 1455000/2255913 (64.4972%)
entry 1460000/2255913 (64.7188%)
entry 1464000/2255913 (64.8961%)
entry 1467000/2255913 (65.0291%)
entry 1470000/2255913 (65.1621%)
entry 1471000/2255913 (65.2064%)
entry 1481000/2255913 (65.6497%)
entry 1489000/2255913 (66.0043%)
entry 1490000/2255913 (66.0486%)
entry 1491000/2255913 (66.093%)
entry 1496000/2255913 (66.3146%)
entry 1509000/2255913 (66.8909%)
entry 1515000/2255913 (67.1568%)
entry 1516000/2255913 (67.2012%)
entry 1522000/2255913 (67.4671%)
entry 1523000/2255913 (67.5115%)
entry 1532000/2255913 (67.9104%)
entry 1543000/2255913 (68.398%)
entry 1544000/2255913 (68.4424%)
entry 1547000/2255913 (68.5753%)
entry 1551000/2255913 (68.7527%)
entry 1557000/2255913 (69.0186%)
entry 1561000/2255913 (69.1959%)
entry 1566000/2255913 (69.4176%)
entry 1577000/2255913 (69.9052%)
entry 1581000/2255913 (70.0825%)
entry 1582000/2255913 (70.1268%)
entry 1583000/2255913 (70.1711%)
entry 1586000/2255913 (70.3041%)
entry 1599000/2255913 (70.8804%)
entry 1605000/2255913 (71.1464%)
entry 1615000/2255913 (71.5896%)
entry 1621000/2255913 (71.8556%)
entry 1623000/2255913 (71.9443%)
entry 1633000/2255913 (72.3875%)
entry 1634000/2255913 (72.4319%)
entry 1638000/2255913 (72.6092%)
entry 1639000/2255913 (72.6535%)
entry 1642000/2255913 (72.7865%)
entry 1648000/2255913 (73.0525%)
entry 1649000/2255913 (73.0968%)
entry 1653000/2255913 (73.2741%)
entry 1657000/2255913 (73.4514%)
entry 1663000/2255913 (73.7174%)
entry 1664000/2255913 (73.7617%)
entry 1673000/2255913 (74.1607%)
entry 1683000/2255913 (74.6039%)
entry 1685000/2255913 (74.6926%)
entry 1686000/2255913 (74.7369%)
entry 1691000/2255913 (74.9586%)
entry 1698000/2255913 (75.2689%)
entry 1699000/2255913 (75.3132%)
entry 1701000/2255913 (75.4018%)
entry 1705000/2255913 (75.5792%)
entry 1709000/2255913 (75.7565%)
entry 1718000/2255913 (76.1554%)
entry 1722000/2255913 (76.3327%)
entry 1727000/2255913 (76.5544%)
entry 1729000/2255913 (76.643%)
entry 1732000/2255913 (76.776%)
entry 1739000/2255913 (77.0863%)
entry 1742000/2255913 (77.2193%)
entry 1743000/2255913 (77.2636%)
entry 1749000/2255913 (77.5296%)
entry 1751000/2255913 (77.6182%)
entry 1753000/2255913 (77.7069%)
entry 1760000/2255913 (78.0172%)
entry 1771000/2255913 (78.5048%)
entry 1773000/2255913 (78.5935%)
entry 1779000/2255913 (78.8594%)
entry 1789000/2255913 (79.3027%)
entry 1791000/2255913 (79.3914%)
entry 1793000/2255913 (79.48%)
entry 1799000/2255913 (79.746%)
entry 1804000/2255913 (79.9676%)
entry 1807000/2255913 (80.1006%)
entry 1812000/2255913 (80.3222%)
entry 1814000/2255913 (80.4109%)
entry 1816000/2255913 (80.4996%)
entry 1817000/2255913 (80.5439%)
entry 1823000/2255913 (80.8099%)
entry 1824000/2255913 (80.8542%)
entry 1825000/2255913 (80.8985%)
entry 1827000/2255913 (80.9872%)
entry 1828000/2255913 (81.0315%)
entry 1830000/2255913 (81.1202%)
entry 1831000/2255913 (81.1645%)
entry 1832000/2255913 (81.2088%)
entry 1833000/2255913 (81.2531%)
entry 1834000/2255913 (81.2975%)
entry 1836000/2255913 (81.3861%)
entry 1838000/2255913 (81.4748%)
entry 1846000/2255913 (81.8294%)
entry 1847000/2255913 (81.8737%)
entry 1856000/2255913 (82.2727%)
entry 1858000/2255913 (82.3613%)
entry 1860000/2255913 (82.45%)
entry 1863000/2255913 (82.583%)
entry 1871000/2255913 (82.9376%)
entry 1873000/2255913 (83.0263%)
entry 1880000/2255913 (83.3365%)
entry 1882000/2255913 (83.4252%)
entry 1883000/2255913 (83.4695%)
entry 1886000/2255913 (83.6025%)
entry 1887000/2255913 (83.6468%)
entry 1888000/2255913 (83.6912%)
entry 1889000/2255913 (83.7355%)
entry 1890000/2255913 (83.7798%)
entry 1910000/2255913 (84.6664%)
entry 1916000/2255913 (84.9324%)
entry 1917000/2255913 (84.9767%)
entry 1920000/2255913 (85.1097%)
entry 1921000/2255913 (85.154%)
entry 1922000/2255913 (85.1983%)
entry 1925000/2255913 (85.3313%)
entry 1926000/2255913 (85.3756%)
entry 1927000/2255913 (85.42%)
entry 1933000/2255913 (85.6859%)
entry 1935000/2255913 (85.7746%)
entry 1937000/2255913 (85.8632%)
entry 1941000/2255913 (86.0406%)
entry 1943000/2255913 (86.1292%)
entry 1956000/2255913 (86.7055%)
entry 1964000/2255913 (87.0601%)
entry 1968000/2255913 (87.2374%)
entry 1973000/2255913 (87.459%)
entry 1977000/2255913 (87.6364%)
entry 1981000/2255913 (87.8137%)
entry 1982000/2255913 (87.858%)
entry 1988000/2255913 (88.124%)
entry 1999000/2255913 (88.6116%)
entry 2002000/2255913 (88.7446%)
entry 2004000/2255913 (88.8332%)
entry 2005000/2255913 (88.8775%)
entry 2013000/2255913 (89.2322%)
entry 2016000/2255913 (89.3651%)
entry 2019000/2255913 (89.4981%)
entry 2021000/2255913 (89.5868%)
entry 2023000/2255913 (89.6754%)
entry 2026000/2255913 (89.8084%)
entry 2027000/2255913 (89.8528%)
entry 2034000/2255913 (90.1631%)
entry 2036000/2255913 (90.2517%)
entry 2037000/2255913 (90.296%)
entry 2039000/2255913 (90.3847%)
entry 2044000/2255913 (90.6063%)
entry 2045000/2255913 (90.6507%)
entry 2047000/2255913 (90.7393%)
entry 2050000/2255913 (90.8723%)
entry 2056000/2255913 (91.1383%)
entry 2061000/2255913 (91.3599%)
entry 2064000/2255913 (91.4929%)
entry 2065000/2255913 (91.5372%)
entry 2069000/2255913 (91.7145%)
entry 2070000/2255913 (91.7589%)
entry 2071000/2255913 (91.8032%)
entry 2073000/2255913 (91.8918%)
entry 2074000/2255913 (91.9362%)
entry 2076000/2255913 (92.0248%)
entry 2078000/2255913 (92.1135%)
entry 2084000/2255913 (92.3795%)
entry 2087000/2255913 (92.5124%)
entry 2088000/2255913 (92.5568%)
entry 2091000/2255913 (92.6897%)
entry 2092000/2255913 (92.7341%)
entry 2093000/2255913 (92.7784%)
entry 2095000/2255913 (92.8671%)
entry 2098000/2255913 (93%)
entry 2104000/2255913 (93.266%)
entry 2112000/2255913 (93.6206%)
entry 2117000/2255913 (93.8423%)
entry 2126000/2255913 (94.2412%)
entry 2129000/2255913 (94.3742%)
entry 2131000/2255913 (94.4629%)
entry 2136000/2255913 (94.6845%)
entry 2137000/2255913 (94.7288%)
entry 2141000/2255913 (94.9061%)
entry 2142000/2255913 (94.9505%)
entry 2148000/2255913 (95.2164%)
entry 2149000/2255913 (95.2608%)
entry 2155000/2255913 (95.5267%)
entry 2157000/2255913 (95.6154%)
entry 2159000/2255913 (95.704%)
entry 2168000/2255913 (96.103%)
entry 2182000/2255913 (96.7236%)
entry 2184000/2255913 (96.8122%)
entry 2185000/2255913 (96.8566%)
entry 2191000/2255913 (97.1225%)
entry 2193000/2255913 (97.2112%)
entry 2195000/2255913 (97.2998%)
entry 2198000/2255913 (97.4328%)
entry 2200000/2255913 (97.5215%)
entry 2205000/2255913 (97.7431%)
entry 2206000/2255913 (97.7875%)
entry 2213000/2255913 (98.0978%)
entry 2218000/2255913 (98.3194%)
entry 2219000/2255913 (98.3637%)
entry 2233000/2255913 (98.9843%)
entry 2238000/2255913 (99.206%)
entry 2239000/2255913 (99.2503%)
entry 2243000/2255913 (99.4276%)
entry 2244000/2255913 (99.4719%)
all done
script done
