sphnx1184.sdcc.bnl.gov
rsyncing from /gpfs/mnt/gpfs02/sphenix/user/samfred/run25/ppg11/histmaking
running: /gpfs/mnt/gpfs02/sphenix/user/samfred/run25/ppg11/histmaking/script_data.sh 47741
LD_LIBRARY_PATH now /sphenix/user/samfred/run25/install//lib:/cvmfs/sphenix.sdcc.bnl.gov/alma9.2-gcc-14.2.0/opt/sphenix/core/gcc/14.2.0-2f0a0/x86_64-el9/lib:/cvmfs/sphenix.sdcc.bnl.gov/alma9.2-gcc-14.2.0/opt/sphenix/core/gcc/14.2.0-2f0a0/x86_64-el9/lib64:/cvmfs/sphenix.sdcc.bnl.gov/alma9.2-gcc-14.2.0/opt/sphenix/core/binutils/2.40-acaab/x86_64-el9/lib:.:/cvmfs/sphenix.sdcc.bnl.gov/alma9.2-gcc-14.2.0/release/release_new/new.10/lib64:/cvmfs/sphenix.sdcc.bnl.gov/alma9.2-gcc-14.2.0/release/release_new/new.10/lib:/cvmfs/sphenix.sdcc.bnl.gov/alma9.2-gcc-14.2.0/opt/sphenix/utils/lib:/cvmfs/sphenix.sdcc.bnl.gov/alma9.2-gcc-14.2.0/opt/sphenix/core/lib:/cvmfs/sphenix.sdcc.bnl.gov/alma9.2-gcc-14.2.0/opt/sphenix/core/root-6.32.06/lib:/cvmfs/sphenix.sdcc.bnl.gov/alma9.2-gcc-14.2.0/opt/sphenix/core/geant4.10.07.p04/lib64:/cvmfs/sphenix.sdcc.bnl.gov/alma9.2-gcc-14.2.0/opt/sphenix/core/lhapdf-5.9.1/lib:/usr/local/lib64:/usr/lib64
PATH now /sphenix/user/samfred/run25/install//bin:/cvmfs/sphenix.sdcc.bnl.gov/alma9.2-gcc-14.2.0/opt/sphenix/core/gcc/14.2.0-2f0a0/x86_64-el9/bin:/cvmfs/sphenix.sdcc.bnl.gov/alma9.2-gcc-14.2.0/opt/sphenix/core/binutils/2.40-acaab/x86_64-el9/bin:.:/cvmfs/sphenix.sdcc.bnl.gov/alma9.2-gcc-14.2.0/release/release_new/new.10/bin:/cvmfs/sphenix.sdcc.bnl.gov/alma9.2-gcc-14.2.0/opt/sphenix/utils/bin:/cvmfs/sphenix.sdcc.bnl.gov/alma9.2-gcc-14.2.0/opt/sphenix/core/bin:/cvmfs/sphenix.sdcc.bnl.gov/alma9.2-gcc-14.2.0/opt/sphenix/core/root-6.32.06/bin:/cvmfs/sphenix.sdcc.bnl.gov/alma9.2-gcc-14.2.0/opt/sphenix/core/geant4.10.07.p04/bin:/usr/local/bin:/usr/bin:/usr/local/sbin:/usr/sbin
SINGULARITY_CACHEDIR=/home/condor/local/sphnx/execute/dir_1674193
_CONDOR_CHIRP_CONFIG=/home/condor/local/sphnx/execute/dir_1674193/.chirp.config
_CONDOR_JOB_IWD=/sphenix/user/samfred/run25/ppg11/histmaking
G4ENSDFSTATEDATA=/cvmfs/sphenix.sdcc.bnl.gov/alma9.2-gcc-14.2.0/opt/sphenix/core/geant4.10.07.p04/share/Geant4-10.7.4/data/G4ENSDFSTATE2.3
_CONDOR_MACHINE_AD=/home/condor/local/sphnx/execute/dir_1674193/.machine.ad
_CONDOR_ANCESTOR_1674193=1676548:1759352680:1535388223
ROOT_MAX_THREADS=1
NUMEXPR_NUM_THREADS=1
CUBACORES=1
_CHIRP_DELAYED_UPDATE_PREFIX=Chirp*
OMP_THREAD_LIMIT=1
G4PIIDATA=/cvmfs/sphenix.sdcc.bnl.gov/alma9.2-gcc-14.2.0/opt/sphenix/core/geant4.10.07.p04/share/Geant4-10.7.4/data/G4PII1.3
NO_AT_BRIDGE=1
G4_MAIN=/cvmfs/sphenix.sdcc.bnl.gov/alma9.2-gcc-14.2.0/opt/sphenix/core/geant4.10.07.p04
COMPILER_PATH=/cvmfs/sphenix.sdcc.bnl.gov/alma9.2-gcc-14.2.0/opt/sphenix/core/gcc/14.2.0-2f0a0/x86_64-el9
ROOT_INCLUDE_PATH=./:/sphenix/user/samfred/run25/install//include:/sphenix/user/samfred/run25/install//include/caloana:/sphenix/user/samfred/run25/install//include/qa_centrality:/sphenix/user/samfred/run25/install//include/mbdana:/sphenix/user/samfred/run25/install//include/centrality:/sphenix/user/samfred/run25/install//include/Event:/cvmfs/sphenix.sdcc.bnl.gov/alma9.2-gcc-14.2.0/release/release_new/new.10/include:/cvmfs/sphenix.sdcc.bnl.gov/alma9.2-gcc-14.2.0/release/release_new/new.10/include:/cvmfs/sphenix.sdcc.bnl.gov/alma9.2-gcc-14.2.0/release/release_new/new.10/include/g4mbd:/cvmfs/sphenix.sdcc.bnl.gov/alma9.2-gcc-14.2.0/release/release_new/new.10/include/fmt:/cvmfs/sphenix.sdcc.bnl.gov/alma9.2-gcc-14.2.0/release/release_new/new.10/include/ffarawobjects:/cvmfs/sphenix.sdcc.bnl.gov/alma9.2-gcc-14.2.0/release/release_new/new.10/include/JSON:/cvmfs/sphenix.sdcc.bnl.gov/alma9.2-gcc-14.2.0/release/release_new/new.10/include/calotreegen:/cvmfs/sphenix.sdcc.bnl.gov/alma9.2-gcc-14.2.0/release/release_new/new.10/include/torch:/cvmfs/sphenix.sdcc.bnl.gov/alma9.2-gcc-14.2.0/release/release_new/new.10/include/g4detectors:/cvmfs/sphenix.sdcc.bnl.gov/alma9.2-gcc-14.2.0/release/release_new/new.10/include/kineto:/cvmfs/sphenix.sdcc.bnl.gov/alma9.2-gcc-14.2.0/release/release_new/new.10/include/g4decayer:/cvmfs/sphenix.sdcc.bnl.gov/alma9.2-gcc-14.2.0/release/release_new/new.10/include/kfparticleqa:/cvmfs/sphenix.sdcc.bnl.gov/alma9.2-gcc-14.2.0/release/release_new/new.10/include/phfield:/cvmfs/sphenix.sdcc.bnl.gov/alma9.2-gcc-14.2.0/release/release_new/new.10/include/LHAPDF:/cvmfs/sphenix.sdcc.bnl.gov/alma9.2-gcc-14.2.0/release/release_new/new.10/include/readdigitalcurrents:/cvmfs/sphenix.sdcc.bnl.gov/alma9.2-gcc-14.2.0/release/release_new/new.10/include/c10:/cvmfs/sphenix.sdcc.bnl.gov/alma9.2-gcc-14.2.0/release/release_new/new.10/include/calovalid:/cvmfs/sphenix.sdcc.bnl.gov/alma9.2-gcc-14.2.0/release/release_new/new.10/include/oneapi:/cvmfs/sphenix.sdcc.bnl.gov/alma9.2-gcc-14.2.0/release/release_new/new.10/include/DDCond:/cvmfs/sphenix.sdcc.bnl.gov/alma9.2-gcc-14.2.0/release/release_new/new.10/include/g4tracking:/cvmfs/sphenix.sdcc.bnl.gov/alma9.2-gcc-14.2.0/release/release_new/new.10/include/litecaloeval:/cvmfs/sphenix.sdcc.bnl.gov/alma9.2-gcc-14.2.0/release/release_new/new.10/include/g4intt:/cvmfs/sphenix.sdcc.bnl.gov/alma9.2-gcc-14.2.0/release/release_new/new.10/include/phool:/cvmfs/sphenix.sdcc.bnl.gov/alma9.2-gcc-14.2.0/release/release_new/new.10/include/boost:/cvmfs/sphenix.sdcc.bnl.gov/alma9.2-gcc-14.2.0/release/release_new/new.10/include/Pythia8Plugins:/cvmfs/sphenix.sdcc.bnl.gov/alma9.2-gcc-14.2.0/release/release_new/new.10/include/calib_emc_pi0:/cvmfs/sphenix.sdcc.bnl.gov/alma9.2-gcc-14.2.0/release/release_new/new.10/include/hijingflipafterburner:/cvmfs/sphenix.sdcc.bnl.gov/alma9.2-gcc-14.2.0/release/release_new/new.10/include/ffaobjects:/cvmfs/sphenix.sdcc.bnl.gov/alma9.2-gcc-14.2.0/release/release_new/new.10/include/EvtGenBase:/cvmfs/sphenix.sdcc.bnl.gov/alma9.2-gcc-14.2.0/release/release_new/new.10/include/flowafterburner:/cvmfs/sphenix.sdcc.bnl.gov/alma9.2-gcc-14.2.0/release/release_new/new.10/include/google:/cvmfs/sphenix.sdcc.bnl.gov/alma9.2-gcc-14.2.0/release/release_new/new.10/include/g4tpc:/cvmfs/sphenix.sdcc.bnl.gov/alma9.2-gcc-14.2.0/release/release_new/new.10/include/caffe2:/cvmfs/sphenix.sdcc.bnl.gov/alma9.2-gcc-14.2.0/release/release_new/new.10/include/EvtGenExternal:/cvmfs/sphenix.sdcc.bnl.gov/alma9.2-gcc-14.2.0/release/release_new/new.10/include/fp16:/cvmfs/sphenix.sdcc.bnl.gov/alma9.2-gcc-14.2.0/release/release_new/new.10/include/ffamodules:/cvmfs/sphenix.sdcc.bnl.gov/alma9.2-gcc-14.2.0/release/release_new/new.10/include/uspin:/cvmfs/sphenix.sdcc.bnl.gov/alma9.2-gcc-14.2.0/release/release_new/new.10/include/Herwig:/cvmfs/sphenix.sdcc.bnl.gov/alma9.2-gcc-14.2.0/release/release_new/new.10/include/genfitexp:/cvmfs/sphenix.sdcc.bnl.gov/alma9.2-gcc-14.2.0/release/release_new/new.10/include/XML:/cvmfs/sphenix.sdcc.bnl.gov/alma9.2-gcc-14.2.0/release/release_new/new.10/include/fbgemm:/cvmfs/sphenix.sdcc.bnl.gov/alma9.2-gcc-14.2.0/release/release_new/new.10/include/DDAlign:/cvmfs/sphenix.sdcc.bnl.gov/alma9.2-gcc-14.2.0/release/release_new/new.10/include/g4mvtx:/cvmfs/sphenix.sdcc.bnl.gov/alma9.2-gcc-14.2.0/release/release_new/new.10/include/kfparticle_sphenix:/cvmfs/sphenix.sdcc.bnl.gov/alma9.2-gcc-14.2.0/release/release_new/new.10/include/fun4all:/cvmfs/sphenix.sdcc.bnl.gov/alma9.2-gcc-14.2.0/release/release_new/new.10/include/intt:/cvmfs/sphenix.sdcc.bnl.gov/alma9.2-gcc-14.2.0/release/release_new/new.10/include/eventdisplay:/cvmfs/sphenix.sdcc.bnl.gov/alma9.2-gcc-14.2.0/release/release_new/new.10/include/EvtGen:/cvmfs/sphenix.sdcc.bnl.gov/alma9.2-gcc-14.2.0/release/release_new/new.10/include/Evaluator:/cvmfs/sphenix.sdcc.bnl.gov/alma9.2-gcc-14.2.0/release/release_new/new.10/include/tpc:/cvmfs/sphenix.sdcc.bnl.gov/alma9.2-gcc-14.2.0/release/release_new/new.10/include/GenFit:/cvmfs/sphenix.sdcc.bnl.gov/alma9.2-gcc-14.2.0/release/release_new/new.10/include/prototype4:/cvmfs/sphenix.sdcc.bnl.gov/alma9.2-gcc-14.2.0/release/release_new/new.10/include/caloembedding:/cvmfs/sphenix.sdcc.bnl.gov/alma9.2-gcc-14.2.0/release/release_new/new.10/include/EvtGenModels:/cvmfs/sphenix.sdcc.bnl.gov/alma9.2-gcc-14.2.0/release/release_new/new.10/include/fastjet:/cvmfs/sphenix.sdcc.bnl.gov/alma9.2-gcc-14.2.0/release/release_new/new.10/include/DDG4:/cvmfs/sphenix.sdcc.bnl.gov/alma9.2-gcc-14.2.0/release/release_new/new.10/include/mbd:/cvmfs/sphenix.sdcc.bnl.gov/alma9.2-gcc-14.2.0/release/release_new/new.10/include/tbb:/cvmfs/sphenix.sdcc.bnl.gov/alma9.2-gcc-14.2.0/release/release_new/new.10/include/phgeom:/cvmfs/sphenix.sdcc.bnl.gov/alma9.2-gcc-14.2.0/release/release_new/new.10/include/g4epd:/cvmfs/sphenix.sdcc.bnl.gov/alma9.2-gcc-14.2.0/release/release_new/new.10/include/oncal:/cvmfs/sphenix.sdcc.bnl.gov/alma9.2-gcc-14.2.0/release/release_new/new.10/include/pybind11:/cvmfs/sphenix.sdcc.bnl.gov/alma9.2-gcc-14.2.0/release/release_new/new.10/include/tpcdistgenerator:/cvmfs/sphenix.sdcc.bnl.gov/alma9.2-gcc-14.2.0/release/release_new/new.10/include/cdbobjects:/cvmfs/sphenix.sdcc.bnl.gov/alma9.2-gcc-14.2.0/release/release_new/new.10/include/g4micromegas:/cvmfs/sphenix.sdcc.bnl.gov/alma9.2-gcc-14.2.0/release/release_new/new.10/include/g4eval:/cvmfs/sphenix.sdcc.bnl.gov/alma9.2-gcc-14.2.0/release/release_new/new.10/include/jetbackground:/cvmfs/sphenix.sdcc.bnl.gov/alma9.2-gcc-14.2.0/release/release_new/new.10/include/micromegas:/cvmfs/sphenix.sdcc.bnl.gov/alma9.2-gcc-14.2.0/release/release_new/new.10/include/hftrackefficiency:/cvmfs/sphenix.sdcc.bnl.gov/alma9.2-gcc-14.2.0/release/release_new/new.10/include/inttrawhitqa:/cvmfs/sphenix.sdcc.bnl.gov/alma9.2-gcc-14.2.0/release/release_new/new.10/include/centrality:/cvmfs/sphenix.sdcc.bnl.gov/alma9.2-gcc-14.2.0/release/release_new/new.10/include/epd:/cvmfs/sphenix.sdcc.bnl.gov/alma9.2-gcc-14.2.0/release/release_new/new.10/include/caloreco:/cvmfs/sphenix.sdcc.bnl.gov/alma9.2-gcc-14.2.0/release/release_new/new.10/include/HepMC:/cvmfs/sphenix.sdcc.bnl.gov/alma9.2-gcc-14.2.0/release/release_new/new.10/include/CLHEP:/cvmfs/sphenix.sdcc.bnl.gov/alma9.2-gcc-14.2.0/release/release_new/new.10/include/Acts:/cvmfs/sphenix.sdcc.bnl.gov/alma9.2-gcc-14.2.0/release/release_new/new.10/include/g4histos:/cvmfs/sphenix.sdcc.bnl.gov/alma9.2-gcc-14.2.0/release/release_new/new.10/include/eventplaneinfo:/cvmfs/sphenix.sdcc.bnl.gov/alma9.2-gcc-14.2.0/release/release_new/new.10/include/fillspacechargemaps:/cvmfs/sphenix.sdcc.bnl.gov/alma9.2-gcc-14.2.0/release/release_new/new.10/include/phhepmc:/cvmfs/sphenix.sdcc.bnl.gov/alma9.2-gcc-14.2.0/release/release_new/new.10/include/trackingqa:/cvmfs/sphenix.sdcc.bnl.gov/alma9.2-gcc-14.2.0/release/release_new/new.10/include/qautils:/cvmfs/sphenix.sdcc.bnl.gov/alma9.2-gcc-14.2.0/release/release_new/new.10/include/trackreco:/cvmfs/sphenix.sdcc.bnl.gov/alma9.2-gcc-14.2.0/release/release_new/new.10/include/g4ohcal:/cvmfs/sphenix.sdcc.bnl.gov/alma9.2-gcc-14.2.0/release/release_new/new.10/include/tpcdvcalib:/cvmfs/sphenix.sdcc.bnl.gov/alma9.2-gcc-14.2.0/release/release_new/new.10/include/zdcinfo:/cvmfs/sphenix.sdcc.bnl.gov/alma9.2-gcc-14.2.0/release/release_new/new.10/include/phpythia8:/cvmfs/sphenix.sdcc.bnl.gov/alma9.2-gcc-14.2.0/release/release_new/new.10/include/fun4allutils:/cvmfs/sphenix.sdcc.bnl.gov/alma9.2-gcc-14.2.0/release/release_new/new.10/include/tpcqa:/cvmfs/sphenix.sdcc.bnl.gov/alma9.2-gcc-14.2.0/release/release_new/new.10/include/Pythia8:/cvmfs/sphenix.sdcc.bnl.gov/alma9.2-gcc-14.2.0/release/release_new/new.10/include/DDRec:/cvmfs/sphenix.sdcc.bnl.gov/alma9.2-gcc-14.2.0/release/release_new/new.10/include/DDDigi:/cvmfs/sphenix.sdcc.bnl.gov/alma9.2-gcc-14.2.0/release/release_new/new.10/include/g4ihcal:/cvmfs/sphenix.sdcc.bnl.gov/alma9.2-gcc-14.2.0/release/release_new/new.10/include/frog:/cvmfs/sphenix.sdcc.bnl.gov/alma9.2-gcc-14.2.0/release/release_new/new.10/include/eigen3:/cvmfs/sphenix.sdcc.bnl.gov/alma9.2-gcc-14.2.0/release/release_new/new.10/include/tensorpipe:/cvmfs/sphenix.sdcc.bnl.gov/alma9.2-gcc-14.2.0/release/release_new/new.10/include/sphenixnpc:/cvmfs/sphenix.sdcc.bnl.gov/alma9.2-gcc-14.2.0/release/release_new/new.10/include/siscone:/cvmfs/sphenix.sdcc.bnl.gov/alma9.2-gcc-14.2.0/release/release_new/new.10/include/pmonitor:/cvmfs/sphenix.sdcc.bnl.gov/alma9.2-gcc-14.2.0/release/release_new/new.10/include/calobase:/cvmfs/sphenix.sdcc.bnl.gov/alma9.2-gcc-14.2.0/release/release_new/new.10/include/ActsExamples:/cvmfs/sphenix.sdcc.bnl.gov/alma9.2-gcc-14.2.0/release/release_new/new.10/include/g4gdml:/cvmfs/sphenix.sdcc.bnl.gov/alma9.2-gcc-14.2.0/release/release_new/new.10/include/mvtx_decoder:/cvmfs/sphenix.sdcc.bnl.gov/alma9.2-gcc-14.2.0/release/release_new/new.10/include/ROOT:/cvmfs/sphenix.sdcc.bnl.gov/alma9.2-gcc-14.2.0/release/release_new/new.10/include/phparameter:/cvmfs/sphenix.sdcc.bnl.gov/alma9.2-gcc-14.2.0/release/release_new/new.10/include/rsa:/cvmfs/sphenix.sdcc.bnl.gov/alma9.2-gcc-14.2.0/release/release_new/new.10/include/fun4allraw:/cvmfs/sphenix.sdcc.bnl.gov/alma9.2-gcc-14.2.0/release/release_new/new.10/include/trackbase_historic:/cvmfs/sphenix.sdcc.bnl.gov/alma9.2-gcc-14.2.0/release/release_new/new.10/include/g4jets:/cvmfs/sphenix.sdcc.bnl.gov/alma9.2-gcc-14.2.0/release/release_new/new.10/include/jetqa:/cvmfs/sphenix.sdcc.bnl.gov/alma9.2-gcc-14.2.0/release/release_new/new.10/include/phoolraw:/cvmfs/sphenix.sdcc.bnl.gov/alma9.2-gcc-14.2.0/release/release_new/new.10/include/g4calo:/cvmfs/sphenix.sdcc.bnl.gov/alma9.2-gcc-14.2.0/release/release_new/new.10/include/mvtxrawhitqa:/cvmfs/sphenix.sdcc.bnl.gov/alma9.2-gcc-14.2.0/release/release_new/new.10/include/HepMC3:/cvmfs/sphenix.sdcc.bnl.gov/alma9.2-gcc-14.2.0/release/release_new/new.10/include/calowaveformsim:/cvmfs/sphenix.sdcc.bnl.gov/alma9.2-gcc-14.2.0/release/release_new/new.10/include/g4caloprototype:/cvmfs/sphenix.sdcc.bnl.gov/alma9.2-gcc-14.2.0/release/release_new/new.10/include/pdbcalbase:/cvmfs/sphenix.sdcc.bnl.gov/alma9.2-gcc-14.2.0/release/release_new/new.10/include/gsl:/cvmfs/sphenix.sdcc.bnl.gov/alma9.2-gcc-14.2.0/release/release_new/new.10/include/nodedump:/cvmfs/sphenix.sdcc.bnl.gov/alma9.2-gcc-14.2.0/release/release_new/new.10/include/emcnoisytowerfinder:/cvmfs/sphenix.sdcc.bnl.gov/alma9.2-gcc-14.2.0/release/release_new/new.10/include/ActsFatras:/cvmfs/sphenix.sdcc.bnl.gov/alma9.2-gcc-14.2.0/release/release_new/new.10/include/ffarawmodules:/cvmfs/sphenix.sdcc.bnl.gov/alma9.2-gcc-14.2.0/release/release_new/new.10/include/Event:/cvmfs/sphenix.sdcc.bnl.gov/alma9.2-gcc-14.2.0/release/release_new/new.10/include/prototype3:/cvmfs/sphenix.sdcc.bnl.gov/alma9.2-gcc-14.2.0/release/release_new/new.10/include/fermimotionafterburner:/cvmfs/sphenix.sdcc.bnl.gov/alma9.2-gcc-14.2.0/release/release_new/new.10/include/Photos:/cvmfs/sphenix.sdcc.bnl.gov/alma9.2-gcc-14.2.0/release/release_new/new.10/include/xingshiftcal:/cvmfs/sphenix.sdcc.bnl.gov/alma9.2-gcc-14.2.0/release/release_new/new.10/include/trackbase:/cvmfs/sphenix.sdcc.bnl.gov/alma9.2-gcc-14.2.0/release/release_new/new.10/include/jetdstskimmer:/cvmfs/sphenix.sdcc.bnl.gov/alma9.2-gcc-14.2.0/release/release_new/new.10/include/clusteriso:/cvmfs/sphenix.sdcc.bnl.gov/alma9.2-gcc-14.2.0/release/release_new/new.10/include/asmjit:/cvmfs/sphenix.sdcc.bnl.gov/alma9.2-gcc-14.2.0/release/release_new/new.10/include/particleflowreco:/cvmfs/sphenix.sdcc.bnl.gov/alma9.2-gcc-14.2.0/release/release_new/new.10/include/tpchittrackdisplay:/cvmfs/sphenix.sdcc.bnl.gov/alma9.2-gcc-14.2.0/release/release_new/new.10/include/caloana:/cvmfs/sphenix.sdcc.bnl.gov/alma9.2-gcc-14.2.0/release/release_new/new.10/include/calotrigger:/cvmfs/sphenix.sdcc.bnl.gov/alma9.2-gcc-14.2.0/release/release_new/new.10/include/nopayloadclient:/cvmfs/sphenix.sdcc.bnl.gov/alma9.2-gcc-14.2.0/release/release_new/new.10/include/trackermillepedealignment:/cvmfs/sphenix.sdcc.bnl.gov/alma9.2-gcc-14.2.0/release/release_new/new.10/include/DD4hep:/cvmfs/sphenix.sdcc.bnl.gov/alma9.2-gcc-14.2.0/release/release_new/new.10/include/g4trackfastsim:/cvmfs/sphenix.sdcc.bnl.gov/alma9.2-gcc-14.2.0/release/release_new/new.10/include/prototype2:/cvmfs/sphenix.sdcc.bnl.gov/alma9.2-gcc-14.2.0/release/release_new/new.10/include/ATen:/cvmfs/sphenix.sdcc.bnl.gov/alma9.2-gcc-14.2.0/release/release_new/new.10/include/g4main:/cvmfs/sphenix.sdcc.bnl.gov/alma9.2-gcc-14.2.0/release/release_new/new.10/include/Tauola:/cvmfs/sphenix.sdcc.bnl.gov/alma9.2-gcc-14.2.0/release/release_new/new.10/include/inttcalib:/cvmfs/sphenix.sdcc.bnl.gov/alma9.2-gcc-14.2.0/release/release_new/new.10/include/reactionplaneafterburner:/cvmfs/sphenix.sdcc.bnl.gov/alma9.2-gcc-14.2.0/release/release_new/new.10/include/globalqa:/cvmfs/sphenix.sdcc.bnl.gov/alma9.2-gcc-14.2.0/release/release_new/new.10/include/tpccalib:/cvmfs/sphenix.sdcc.bnl.gov/alma9.2-gcc-14.2.0/release/release_new/new.10/include/DDSegmentation:/cvmfs/sphenix.sdcc.bnl.gov/alma9.2-gcc-14.2.0/release/release_new/new.10/include/decayfinder:/cvmfs/sphenix.sdcc.bnl.gov/alma9.2-gcc-14.2.0/release/release_new/new.10/include/compressclus:/cvmfs/sphenix.sdcc.bnl.gov/alma9.2-gcc-14.2.0/release/release_new/new.10/include/simqa_modules:/cvmfs/sphenix.sdcc.bnl.gov/alma9.2-gcc-14.2.0/release/release_new/new.10/include/resonancejettagging:/cvmfs/sphenix.sdcc.bnl.gov/alma9.2-gcc-14.2.0/release/release_new/new.10/include/g4centrality:/cvmfs/sphenix.sdcc.bnl.gov/alma9.2-gcc-14.2.0/release/release_new/new.10/include/mvtx:/cvmfs/sphenix.sdcc.bnl.gov/alma9.2-gcc-14.2.0/release/release_new/new.10/include/nlohmann:/cvmfs/sphenix.sdcc.bnl.gov/alma9.2-gcc-14.2.0/release/release_new/new.10/include/localpoloffmon:/cvmfs/sphenix.sdcc.bnl.gov/alma9.2-gcc-14.2.0/release/release_new/new.10/include/DDEve:/cvmfs/sphenix.sdcc.bnl.gov/alma9.2-gcc-14.2.0/release/release_new/new.10/include/Parsers:/cvmfs/sphenix.sdcc.bnl.gov/alma9.2-gcc-14.2.0/release/release_new/new.10/include/trackingdiagnostics:/cvmfs/sphenix.sdcc.bnl.gov/alma9.2-gcc-14.2.0/release/release_new/new.10/include/g4vertex:/cvmfs/sphenix.sdcc.bnl.gov/alma9.2-gcc-14.2.0/release/release_new/new.10/include/jetbase:/cvmfs/sphenix.sdcc.bnl.gov/alma9.2-gcc-14.2.0/release/release_new/new.10/include/globalvertex:/cvmfs/sphenix.sdcc.bnl.gov/alma9.2-gcc-14.2.0/release/release_new/new.10/include/phgenfit:/cvmfs/sphenix.sdcc.bnl.gov/alma9.2-gcc-14.2.0/release/release_new/new.10/include/rawbcolumi:/cvmfs/sphenix.sdcc.bnl.gov/alma9.2-gcc-14.2.0/release/release_new/new.10/include/eicsmear:/cvmfs/sphenix.sdcc.bnl.gov/alma9.2-gcc-14.2.0/release/release_new/new.10/include/mvtxcalib:/cvmfs/sphenix.sdcc.bnl.gov/alma9.2-gcc-14.2.0/release/release_new/new.10/include/tpclinelaserdiode:/cvmfs/sphenix.sdcc.bnl.gov/alma9.2-gcc-14.2.0/release/release_new/new.10/include/hepmcjettrigger:/cvmfs/sphenix.sdcc.bnl.gov/alma9.2-gcc-14.2.0/release/release_new/new.10/include/core:/cvmfs/sphenix.sdcc.bnl.gov/alma9.2-gcc-14.2.0/release/release_new/new.10/include/calo_cdb:/cvmfs/sphenix.sdcc.bnl.gov/alma9.2-gcc-14.2.0/release/release_new/new.10/include/mvtxclustershapesqa:/cvmfs/sphenix.sdcc.bnl.gov/alma9.2-gcc-14.2.0/release/release_new/new.10/include/calopacketskimmer:/cvmfs/sphenix.sdcc.bnl.gov/alma9.2-gcc-14.2.0/opt/sphenix/core/geant4.10.07.p04/include:/cvmfs/sphenix.sdcc.bnl.gov/alma9.2-gcc-14.2.0/release/release_new/new.10/rootmacros:/cvmfs/sphenix.sdcc.bnl.gov/alma9.2-gcc-14.2.0/opt/sphenix/core/include
GSEARCHPATH=.:PG:LUSTRE:RAWDATA
PWD=/gpfs/mnt/gpfs02/sphenix/user/samfred/run25/ppg11/histmaking
LOGNAME=samfred
_CONDOR_JOB_AD=/home/condor/local/sphnx/execute/dir_1674193/.job.ad
MANPATH=/cvmfs/sphenix.sdcc.bnl.gov/alma9.2-gcc-14.2.0/opt/sphenix/core/gcc/14.2.0-2f0a0/x86_64-el9/share/man:/cvmfs/sphenix.sdcc.bnl.gov/alma9.2-gcc-14.2.0/opt/sphenix/core/binutils/2.40-acaab/x86_64-el9/share/man:/cvmfs/sphenix.sdcc.bnl.gov/alma9.2-gcc-14.2.0/release/release_new/new.10/share/man:/cvmfs/sphenix.sdcc.bnl.gov/alma9.2-gcc-14.2.0/opt/sphenix/utils/share/man:/cvmfs/sphenix.sdcc.bnl.gov/alma9.2-gcc-14.2.0/opt/sphenix/core/share/man:/cvmfs/sphenix.sdcc.bnl.gov/alma9.2-gcc-14.2.0/opt/sphenix/core/root-6.32.06/man:/usr/local/share/man:/usr/share/man
PYTHIA8=/cvmfs/sphenix.sdcc.bnl.gov/alma9.2-gcc-14.2.0/release/release_new/new.10/share/Pythia8
G4INCLDATA=/cvmfs/sphenix.sdcc.bnl.gov/alma9.2-gcc-14.2.0/opt/sphenix/core/geant4.10.07.p04/share/Geant4-10.7.4/data/G4INCL1.0
ORIG_PATH=/usr/local/bin:/usr/bin
CXX=/cvmfs/sphenix.sdcc.bnl.gov/alma9.2-gcc-14.2.0/opt/sphenix/core/gcc/14.2.0-2f0a0/x86_64-el9/bin/g++
G4LEDATA=/cvmfs/sphenix.sdcc.bnl.gov/alma9.2-gcc-14.2.0/opt/sphenix/core/geant4.10.07.p04/share/Geant4-10.7.4/data/G4EMLOW7.13
PYTHON_CPU_COUNT=1
OPENBLAS_NUM_THREADS=1
_CONDOR_BIN=/usr/bin
HOME=/sphenix/u/samfred
G4PARTICLEXSDATA=/cvmfs/sphenix.sdcc.bnl.gov/alma9.2-gcc-14.2.0/opt/sphenix/core/geant4.10.07.p04/share/Geant4-10.7.4/data/G4PARTICLEXS3.1.1
ONLINE_MAIN=/cvmfs/sphenix.sdcc.bnl.gov/alma9.2-gcc-14.2.0/release/release_new/new.10
CALIBRATIONROOT=/cvmfs/sphenix.sdcc.bnl.gov/alma9.2-gcc-14.2.0/release/release_new/new.10/share/calibrations
TMPDIR=/tmp
_CONDOR_SCRATCH_DIR=/home/condor/local/sphnx/execute/dir_1674193
PGUSER=phnxrc
NOPAYLOADCLIENT_CONF=/cvmfs/sphenix.sdcc.bnl.gov/alma9.2-gcc-14.2.0/opt/sphenix/core/etc/sPHENIX_newcdb.json
XERCESCROOT=/cvmfs/sphenix.sdcc.bnl.gov/alma9.2-gcc-14.2.0/opt/sphenix/core/geant4.10.07.p04
LHAPATH=/cvmfs/sphenix.sdcc.bnl.gov/alma9.2-gcc-14.2.0/opt/sphenix/core/lhapdf-5.9.1/share/lhapdf/PDFsets
G4NEUTRONHPDATA=/cvmfs/sphenix.sdcc.bnl.gov/alma9.2-gcc-14.2.0/opt/sphenix/core/geant4.10.07.p04/share/Geant4-10.7.4/data/G4NDL4.6
PYTHONPATH=.:/cvmfs/sphenix.sdcc.bnl.gov/alma9.2-gcc-14.2.0/release/release_new/new.10/lib/python3.13/site-packages:/cvmfs/sphenix.sdcc.bnl.gov/alma9.2-gcc-14.2.0/opt/sphenix/core/lib/python3.13/site-packages:/cvmfs/sphenix.sdcc.bnl.gov/alma9.2-gcc-14.2.0/opt/sphenix/core/root-6.32.06/lib
USER=samfred
_CONDOR_JOB_PIDS=
TEMP=/tmp
GOMAXPROCS=1
OFFLINE_MAIN=/cvmfs/sphenix.sdcc.bnl.gov/alma9.2-gcc-14.2.0/release/release_new/new.10
SHLVL=1
TF_NUM_THREADS=1
G4SAIDXSDATA=/cvmfs/sphenix.sdcc.bnl.gov/alma9.2-gcc-14.2.0/opt/sphenix/core/geant4.10.07.p04/share/Geant4-10.7.4/data/G4SAIDDATA2.0
APPTAINER_CACHEDIR=/home/condor/local/sphnx/execute/dir_1674193
ROOTSYS=/cvmfs/sphenix.sdcc.bnl.gov/alma9.2-gcc-14.2.0/opt/sphenix/core/root-6.32.06
BATCH_SYSTEM=HTCondor
_CONDOR_SLOT=slot1_8
LD_LIBRARY_PATH=/sphenix/user/samfred/run25/install//lib:/cvmfs/sphenix.sdcc.bnl.gov/alma9.2-gcc-14.2.0/opt/sphenix/core/gcc/14.2.0-2f0a0/x86_64-el9/lib:/cvmfs/sphenix.sdcc.bnl.gov/alma9.2-gcc-14.2.0/opt/sphenix/core/gcc/14.2.0-2f0a0/x86_64-el9/lib64:/cvmfs/sphenix.sdcc.bnl.gov/alma9.2-gcc-14.2.0/opt/sphenix/core/binutils/2.40-acaab/x86_64-el9/lib:.:/cvmfs/sphenix.sdcc.bnl.gov/alma9.2-gcc-14.2.0/release/release_new/new.10/lib64:/cvmfs/sphenix.sdcc.bnl.gov/alma9.2-gcc-14.2.0/release/release_new/new.10/lib:/cvmfs/sphenix.sdcc.bnl.gov/alma9.2-gcc-14.2.0/opt/sphenix/utils/lib:/cvmfs/sphenix.sdcc.bnl.gov/alma9.2-gcc-14.2.0/opt/sphenix/core/lib:/cvmfs/sphenix.sdcc.bnl.gov/alma9.2-gcc-14.2.0/opt/sphenix/core/root-6.32.06/lib:/cvmfs/sphenix.sdcc.bnl.gov/alma9.2-gcc-14.2.0/opt/sphenix/core/geant4.10.07.p04/lib64:/cvmfs/sphenix.sdcc.bnl.gov/alma9.2-gcc-14.2.0/opt/sphenix/core/lhapdf-5.9.1/lib:/usr/local/lib64:/usr/lib64
OPT_SPHENIX=/cvmfs/sphenix.sdcc.bnl.gov/alma9.2-gcc-14.2.0/opt/sphenix/core
TF_LOOP_PARALLEL_ITERATIONS=1
_CONDOR_ANCESTOR_311310=311345:1756523326:751030727
EVT_LIB=/cvmfs/sphenix.sdcc.bnl.gov/alma9.2-gcc-14.2.0/opt/sphenix/core/root-6.32.06/lib
PGHOST=sphnxdbmaster.sdcc.bnl.gov
OMP_NUM_THREADS=1
G4REALSURFACEDATA=/cvmfs/sphenix.sdcc.bnl.gov/alma9.2-gcc-14.2.0/opt/sphenix/core/geant4.10.07.p04/share/Geant4-10.7.4/data/RealSurface2.2
FC=/cvmfs/sphenix.sdcc.bnl.gov/alma9.2-gcc-14.2.0/opt/sphenix/core/gcc/14.2.0-2f0a0/x86_64-el9/bin/gfortran
G4ABLADATA=/cvmfs/sphenix.sdcc.bnl.gov/alma9.2-gcc-14.2.0/opt/sphenix/core/geant4.10.07.p04/share/Geant4-10.7.4/data/G4ABLA3.1
PARASOFT=doesnotexist
TMP=/tmp
OPT_UTILS=/cvmfs/sphenix.sdcc.bnl.gov/alma9.2-gcc-14.2.0/opt/sphenix/utils
CONFIG_SITE=/cvmfs/sphenix.sdcc.bnl.gov/alma9.2-gcc-14.2.0/opt/sphenix/core/etc/config.site
PATH=/sphenix/user/samfred/run25/install//bin:/cvmfs/sphenix.sdcc.bnl.gov/alma9.2-gcc-14.2.0/opt/sphenix/core/gcc/14.2.0-2f0a0/x86_64-el9/bin:/cvmfs/sphenix.sdcc.bnl.gov/alma9.2-gcc-14.2.0/opt/sphenix/core/binutils/2.40-acaab/x86_64-el9/bin:.:/cvmfs/sphenix.sdcc.bnl.gov/alma9.2-gcc-14.2.0/release/release_new/new.10/bin:/cvmfs/sphenix.sdcc.bnl.gov/alma9.2-gcc-14.2.0/opt/sphenix/utils/bin:/cvmfs/sphenix.sdcc.bnl.gov/alma9.2-gcc-14.2.0/opt/sphenix/core/bin:/cvmfs/sphenix.sdcc.bnl.gov/alma9.2-gcc-14.2.0/opt/sphenix/core/root-6.32.06/bin:/cvmfs/sphenix.sdcc.bnl.gov/alma9.2-gcc-14.2.0/opt/sphenix/core/geant4.10.07.p04/bin:/usr/local/bin:/usr/bin:/usr/local/sbin:/usr/sbin
G4LEVELGAMMADATA=/cvmfs/sphenix.sdcc.bnl.gov/alma9.2-gcc-14.2.0/opt/sphenix/core/geant4.10.07.p04/share/Geant4-10.7.4/data/PhotonEvaporation5.7
CC=/cvmfs/sphenix.sdcc.bnl.gov/alma9.2-gcc-14.2.0/opt/sphenix/core/gcc/14.2.0-2f0a0/x86_64-el9/bin/gcc
G4RADIOACTIVEDATA=/cvmfs/sphenix.sdcc.bnl.gov/alma9.2-gcc-14.2.0/opt/sphenix/core/geant4.10.07.p04/share/Geant4-10.7.4/data/RadioactiveDecay5.6
JULIA_NUM_THREADS=1
_CONDOR_ANCESTOR_311345=1674193:1759352680:1309051190
MKL_NUM_THREADS=1
LHAPDF_DATA_PATH=/cvmfs/sphenix.sdcc.bnl.gov/alma9.2-gcc-14.2.0/release/release_new/new.10/share/LHAPDF
XPLOAD_CONFIG_DIR=/cvmfs/sphenix.sdcc.bnl.gov/alma9.2-gcc-14.2.0/opt/sphenix/core/etc
OLDPWD=/cvmfs/sphenix.sdcc.bnl.gov/alma9.2-gcc-14.2.0/release/release_new/new.10/geant4
_=/usr/bin/printenv
runnumber...
47741
trigger...

   ------------------------------------------------------------------
  | Welcome to ROOT 6.32.06                        https://root.cern |
  | (c) 1995-2024, The ROOT Team; conception: R. Brun, F. Rademakers |
  | Built for linuxx8664gcc on Dec 13 2024, 17:23:48                 |
  | From tags/6-32-06@6-32-06                                        |
  | With g++ (GCC) 14.2.0                                            |
  | Try '.help'/'.?', '.demo', '.license', '.credits', '.quit'/'.q'  |
   ------------------------------------------------------------------


Processing data_histmaker.C(47741)...
entry 1000/2122089 (0.0471234%)
entry 2000/2122089 (0.0942468%)
entry 6000/2122089 (0.28274%)
entry 7000/2122089 (0.329864%)
entry 8000/2122089 (0.376987%)
entry 9000/2122089 (0.42411%)
entry 11000/2122089 (0.518357%)
entry 13000/2122089 (0.612604%)
entry 18000/2122089 (0.848221%)
entry 23000/2122089 (1.08384%)
entry 25000/2122089 (1.17808%)
entry 26000/2122089 (1.22521%)
entry 28000/2122089 (1.31945%)
entry 43000/2122089 (2.02631%)
entry 46000/2122089 (2.16768%)
entry 48000/2122089 (2.26192%)
entry 51000/2122089 (2.40329%)
entry 53000/2122089 (2.49754%)
entry 55000/2122089 (2.59179%)
entry 58000/2122089 (2.73316%)
entry 64000/2122089 (3.0159%)
entry 68000/2122089 (3.20439%)
entry 74000/2122089 (3.48713%)
entry 75000/2122089 (3.53425%)
entry 77000/2122089 (3.6285%)
entry 81000/2122089 (3.81699%)
entry 86000/2122089 (4.05261%)
entry 87000/2122089 (4.09973%)
entry 88000/2122089 (4.14686%)
entry 90000/2122089 (4.2411%)
entry 93000/2122089 (4.38247%)
entry 97000/2122089 (4.57097%)
entry 100000/2122089 (4.71234%)
entry 101000/2122089 (4.75946%)
entry 106000/2122089 (4.99508%)
entry 111000/2122089 (5.2307%)
entry 113000/2122089 (5.32494%)
entry 115000/2122089 (5.41919%)
entry 119000/2122089 (5.60768%)
entry 120000/2122089 (5.65481%)
entry 122000/2122089 (5.74905%)
entry 124000/2122089 (5.8433%)
entry 127000/2122089 (5.98467%)
entry 137000/2122089 (6.4559%)
entry 143000/2122089 (6.73864%)
entry 151000/2122089 (7.11563%)
entry 154000/2122089 (7.257%)
entry 156000/2122089 (7.35125%)
entry 164000/2122089 (7.72823%)
entry 180000/2122089 (8.48221%)
entry 182000/2122089 (8.57645%)
entry 184000/2122089 (8.6707%)
entry 186000/2122089 (8.76495%)
entry 187000/2122089 (8.81207%)
entry 191000/2122089 (9.00057%)
entry 193000/2122089 (9.09481%)
entry 200000/2122089 (9.42468%)
entry 201000/2122089 (9.4718%)
entry 204000/2122089 (9.61317%)
entry 206000/2122089 (9.70742%)
entry 207000/2122089 (9.75454%)
entry 218000/2122089 (10.2729%)
entry 219000/2122089 (10.32%)
entry 220000/2122089 (10.3671%)
entry 221000/2122089 (10.4143%)
entry 224000/2122089 (10.5556%)
entry 225000/2122089 (10.6028%)
entry 228000/2122089 (10.7441%)
entry 236000/2122089 (11.1211%)
entry 237000/2122089 (11.1682%)
entry 240000/2122089 (11.3096%)
entry 242000/2122089 (11.4039%)
entry 243000/2122089 (11.451%)
entry 244000/2122089 (11.4981%)
entry 245000/2122089 (11.5452%)
entry 250000/2122089 (11.7808%)
entry 252000/2122089 (11.8751%)
entry 253000/2122089 (11.9222%)
entry 255000/2122089 (12.0165%)
entry 256000/2122089 (12.0636%)
entry 257000/2122089 (12.1107%)
entry 259000/2122089 (12.205%)
entry 261000/2122089 (12.2992%)
entry 266000/2122089 (12.5348%)
entry 267000/2122089 (12.5819%)
entry 273000/2122089 (12.8647%)
entry 276000/2122089 (13.0061%)
entry 280000/2122089 (13.1945%)
entry 282000/2122089 (13.2888%)
entry 283000/2122089 (13.3359%)
entry 284000/2122089 (13.383%)
entry 291000/2122089 (13.7129%)
entry 295000/2122089 (13.9014%)
entry 296000/2122089 (13.9485%)
entry 299000/2122089 (14.0899%)
entry 300000/2122089 (14.137%)
entry 302000/2122089 (14.2313%)
entry 303000/2122089 (14.2784%)
entry 304000/2122089 (14.3255%)
entry 305000/2122089 (14.3726%)
entry 307000/2122089 (14.4669%)
entry 309000/2122089 (14.5611%)
entry 313000/2122089 (14.7496%)
entry 314000/2122089 (14.7967%)
entry 324000/2122089 (15.268%)
entry 326000/2122089 (15.3622%)
entry 327000/2122089 (15.4093%)
entry 330000/2122089 (15.5507%)
entry 335000/2122089 (15.7863%)
entry 342000/2122089 (16.1162%)
entry 345000/2122089 (16.2576%)
entry 350000/2122089 (16.4932%)
entry 351000/2122089 (16.5403%)
entry 352000/2122089 (16.5874%)
entry 353000/2122089 (16.6346%)
entry 356000/2122089 (16.7759%)
entry 358000/2122089 (16.8702%)
entry 361000/2122089 (17.0115%)
entry 365000/2122089 (17.2%)
entry 367000/2122089 (17.2943%)
entry 368000/2122089 (17.3414%)
entry 371000/2122089 (17.4828%)
entry 372000/2122089 (17.5299%)
entry 375000/2122089 (17.6713%)
entry 377000/2122089 (17.7655%)
entry 379000/2122089 (17.8598%)
entry 380000/2122089 (17.9069%)
entry 384000/2122089 (18.0954%)
entry 388000/2122089 (18.2839%)
entry 390000/2122089 (18.3781%)
entry 391000/2122089 (18.4252%)
entry 396000/2122089 (18.6609%)
entry 397000/2122089 (18.708%)
entry 398000/2122089 (18.7551%)
entry 400000/2122089 (18.8494%)
entry 402000/2122089 (18.9436%)
entry 403000/2122089 (18.9907%)
entry 409000/2122089 (19.2735%)
entry 410000/2122089 (19.3206%)
entry 417000/2122089 (19.6504%)
entry 419000/2122089 (19.7447%)
entry 422000/2122089 (19.8861%)
entry 423000/2122089 (19.9332%)
entry 427000/2122089 (20.1217%)
entry 428000/2122089 (20.1688%)
entry 430000/2122089 (20.2631%)
entry 436000/2122089 (20.5458%)
entry 438000/2122089 (20.64%)
entry 448000/2122089 (21.1113%)
entry 451000/2122089 (21.2526%)
entry 454000/2122089 (21.394%)
entry 455000/2122089 (21.4411%)
entry 456000/2122089 (21.4883%)
entry 457000/2122089 (21.5354%)
entry 458000/2122089 (21.5825%)
entry 461000/2122089 (21.7239%)
entry 464000/2122089 (21.8652%)
entry 466000/2122089 (21.9595%)
entry 467000/2122089 (22.0066%)
entry 468000/2122089 (22.0537%)
entry 469000/2122089 (22.1009%)
entry 470000/2122089 (22.148%)
entry 472000/2122089 (22.2422%)
entry 474000/2122089 (22.3365%)
entry 479000/2122089 (22.5721%)
entry 484000/2122089 (22.8077%)
entry 485000/2122089 (22.8548%)
entry 486000/2122089 (22.902%)
entry 491000/2122089 (23.1376%)
entry 493000/2122089 (23.2318%)
entry 494000/2122089 (23.2789%)
entry 500000/2122089 (23.5617%)
entry 503000/2122089 (23.7031%)
entry 504000/2122089 (23.7502%)
entry 506000/2122089 (23.8444%)
entry 507000/2122089 (23.8916%)
entry 508000/2122089 (23.9387%)
entry 515000/2122089 (24.2685%)
entry 517000/2122089 (24.3628%)
entry 518000/2122089 (24.4099%)
entry 519000/2122089 (24.457%)
entry 520000/2122089 (24.5042%)
entry 522000/2122089 (24.5984%)
entry 531000/2122089 (25.0225%)
entry 533000/2122089 (25.1168%)
entry 535000/2122089 (25.211%)
entry 538000/2122089 (25.3524%)
entry 539000/2122089 (25.3995%)
entry 542000/2122089 (25.5409%)
entry 545000/2122089 (25.6822%)
entry 550000/2122089 (25.9179%)
entry 552000/2122089 (26.0121%)
entry 556000/2122089 (26.2006%)
entry 557000/2122089 (26.2477%)
entry 560000/2122089 (26.3891%)
entry 561000/2122089 (26.4362%)
entry 566000/2122089 (26.6718%)
entry 568000/2122089 (26.7661%)
entry 574000/2122089 (27.0488%)
entry 577000/2122089 (27.1902%)
entry 578000/2122089 (27.2373%)
entry 583000/2122089 (27.4729%)
entry 584000/2122089 (27.5201%)
entry 585000/2122089 (27.5672%)
entry 586000/2122089 (27.6143%)
entry 588000/2122089 (27.7085%)
entry 589000/2122089 (27.7557%)
entry 591000/2122089 (27.8499%)
entry 595000/2122089 (28.0384%)
entry 597000/2122089 (28.1327%)
entry 598000/2122089 (28.1798%)
entry 599000/2122089 (28.2269%)
entry 600000/2122089 (28.274%)
entry 602000/2122089 (28.3683%)
entry 610000/2122089 (28.7453%)
entry 611000/2122089 (28.7924%)
entry 612000/2122089 (28.8395%)
entry 619000/2122089 (29.1694%)
entry 620000/2122089 (29.2165%)
entry 625000/2122089 (29.4521%)
entry 626000/2122089 (29.4992%)
entry 628000/2122089 (29.5935%)
entry 633000/2122089 (29.8291%)
entry 640000/2122089 (30.159%)
entry 641000/2122089 (30.2061%)
entry 646000/2122089 (30.4417%)
entry 650000/2122089 (30.6302%)
entry 654000/2122089 (30.8187%)
entry 655000/2122089 (30.8658%)
entry 658000/2122089 (31.0072%)
entry 662000/2122089 (31.1957%)
entry 664000/2122089 (31.2899%)
entry 665000/2122089 (31.337%)
entry 666000/2122089 (31.3842%)
entry 670000/2122089 (31.5727%)
entry 674000/2122089 (31.7612%)
entry 679000/2122089 (31.9968%)
entry 681000/2122089 (32.091%)
entry 686000/2122089 (32.3266%)
entry 690000/2122089 (32.5151%)
entry 691000/2122089 (32.5623%)
entry 704000/2122089 (33.1749%)
entry 710000/2122089 (33.4576%)
entry 720000/2122089 (33.9288%)
entry 722000/2122089 (34.0231%)
entry 726000/2122089 (34.2116%)
entry 727000/2122089 (34.2587%)
entry 729000/2122089 (34.3529%)
entry 732000/2122089 (34.4943%)
entry 735000/2122089 (34.6357%)
entry 737000/2122089 (34.7299%)
entry 739000/2122089 (34.8242%)
entry 740000/2122089 (34.8713%)
entry 741000/2122089 (34.9184%)
entry 748000/2122089 (35.2483%)
entry 750000/2122089 (35.3425%)
entry 752000/2122089 (35.4368%)
entry 762000/2122089 (35.908%)
entry 765000/2122089 (36.0494%)
entry 767000/2122089 (36.1436%)
entry 771000/2122089 (36.3321%)
entry 773000/2122089 (36.4264%)
entry 774000/2122089 (36.4735%)
entry 780000/2122089 (36.7562%)
entry 787000/2122089 (37.0861%)
entry 792000/2122089 (37.3217%)
entry 794000/2122089 (37.416%)
entry 795000/2122089 (37.4631%)
entry 796000/2122089 (37.5102%)
entry 797000/2122089 (37.5573%)
entry 800000/2122089 (37.6987%)
entry 802000/2122089 (37.7929%)
entry 804000/2122089 (37.8872%)
entry 805000/2122089 (37.9343%)
entry 807000/2122089 (38.0286%)
entry 809000/2122089 (38.1228%)
entry 810000/2122089 (38.1699%)
entry 812000/2122089 (38.2642%)
entry 816000/2122089 (38.4527%)
entry 819000/2122089 (38.594%)
entry 824000/2122089 (38.8297%)
entry 825000/2122089 (38.8768%)
entry 828000/2122089 (39.0182%)
entry 830000/2122089 (39.1124%)
entry 831000/2122089 (39.1595%)
entry 838000/2122089 (39.4894%)
entry 847000/2122089 (39.9135%)
entry 848000/2122089 (39.9606%)
entry 851000/2122089 (40.102%)
entry 853000/2122089 (40.1962%)
entry 855000/2122089 (40.2905%)
entry 861000/2122089 (40.5732%)
entry 864000/2122089 (40.7146%)
entry 865000/2122089 (40.7617%)
entry 871000/2122089 (41.0445%)
entry 872000/2122089 (41.0916%)
entry 878000/2122089 (41.3743%)
entry 880000/2122089 (41.4686%)
entry 881000/2122089 (41.5157%)
entry 882000/2122089 (41.5628%)
entry 884000/2122089 (41.6571%)
entry 885000/2122089 (41.7042%)
entry 888000/2122089 (41.8456%)
entry 889000/2122089 (41.8927%)
entry 890000/2122089 (41.9398%)
entry 891000/2122089 (41.9869%)
entry 894000/2122089 (42.1283%)
entry 897000/2122089 (42.2697%)
entry 899000/2122089 (42.3639%)
entry 900000/2122089 (42.411%)
entry 901000/2122089 (42.4582%)
entry 907000/2122089 (42.7409%)
entry 908000/2122089 (42.788%)
entry 913000/2122089 (43.0236%)
entry 914000/2122089 (43.0708%)
entry 925000/2122089 (43.5891%)
entry 926000/2122089 (43.6362%)
entry 928000/2122089 (43.7305%)
entry 931000/2122089 (43.8719%)
entry 934000/2122089 (44.0132%)
entry 938000/2122089 (44.2017%)
entry 946000/2122089 (44.5787%)
entry 951000/2122089 (44.8143%)
entry 952000/2122089 (44.8615%)
entry 953000/2122089 (44.9086%)
entry 956000/2122089 (45.0499%)
entry 966000/2122089 (45.5212%)
entry 970000/2122089 (45.7097%)
entry 971000/2122089 (45.7568%)
entry 972000/2122089 (45.8039%)
entry 974000/2122089 (45.8982%)
entry 976000/2122089 (45.9924%)
entry 977000/2122089 (46.0395%)
entry 978000/2122089 (46.0867%)
entry 982000/2122089 (46.2752%)
entry 984000/2122089 (46.3694%)
entry 988000/2122089 (46.5579%)
entry 995000/2122089 (46.8878%)
entry 997000/2122089 (46.982%)
entry 1005000/2122089 (47.359%)
entry 1008000/2122089 (47.5004%)
entry 1010000/2122089 (47.5946%)
entry 1012000/2122089 (47.6889%)
entry 1013000/2122089 (47.736%)
entry 1014000/2122089 (47.7831%)
entry 1015000/2122089 (47.8302%)
entry 1020000/2122089 (48.0658%)
entry 1021000/2122089 (48.113%)
entry 1023000/2122089 (48.2072%)
entry 1026000/2122089 (48.3486%)
entry 1035000/2122089 (48.7727%)
entry 1037000/2122089 (48.8669%)
entry 1042000/2122089 (49.1026%)
entry 1046000/2122089 (49.2911%)
entry 1049000/2122089 (49.4324%)
entry 1051000/2122089 (49.5267%)
entry 1055000/2122089 (49.7152%)
entry 1060000/2122089 (49.9508%)
entry 1063000/2122089 (50.0921%)
entry 1071000/2122089 (50.4691%)
entry 1073000/2122089 (50.5634%)
entry 1076000/2122089 (50.7048%)
entry 1081000/2122089 (50.9404%)
entry 1083000/2122089 (51.0346%)
entry 1084000/2122089 (51.0817%)
entry 1086000/2122089 (51.176%)
entry 1087000/2122089 (51.2231%)
entry 1090000/2122089 (51.3645%)
entry 1097000/2122089 (51.6943%)
entry 1099000/2122089 (51.7886%)
entry 1103000/2122089 (51.9771%)
entry 1104000/2122089 (52.0242%)
entry 1107000/2122089 (52.1656%)
entry 1109000/2122089 (52.2598%)
entry 1110000/2122089 (52.307%)
entry 1111000/2122089 (52.3541%)
entry 1113000/2122089 (52.4483%)
entry 1117000/2122089 (52.6368%)
entry 1118000/2122089 (52.6839%)
entry 1122000/2122089 (52.8724%)
entry 1124000/2122089 (52.9667%)
entry 1126000/2122089 (53.0609%)
entry 1128000/2122089 (53.1552%)
entry 1131000/2122089 (53.2965%)
entry 1132000/2122089 (53.3437%)
entry 1133000/2122089 (53.3908%)
entry 1143000/2122089 (53.862%)
entry 1144000/2122089 (53.9091%)
entry 1146000/2122089 (54.0034%)
entry 1150000/2122089 (54.1919%)
entry 1154000/2122089 (54.3804%)
entry 1155000/2122089 (54.4275%)
entry 1157000/2122089 (54.5217%)
entry 1164000/2122089 (54.8516%)
entry 1169000/2122089 (55.0872%)
entry 1172000/2122089 (55.2286%)
entry 1173000/2122089 (55.2757%)
entry 1179000/2122089 (55.5585%)
entry 1182000/2122089 (55.6998%)
entry 1183000/2122089 (55.747%)
entry 1184000/2122089 (55.7941%)
entry 1187000/2122089 (55.9354%)
entry 1189000/2122089 (56.0297%)
entry 1198000/2122089 (56.4538%)
entry 1202000/2122089 (56.6423%)
entry 1204000/2122089 (56.7365%)
entry 1205000/2122089 (56.7837%)
entry 1207000/2122089 (56.8779%)
entry 1208000/2122089 (56.925%)
entry 1212000/2122089 (57.1135%)
entry 1215000/2122089 (57.2549%)
entry 1219000/2122089 (57.4434%)
entry 1222000/2122089 (57.5848%)
entry 1225000/2122089 (57.7261%)
entry 1226000/2122089 (57.7733%)
entry 1232000/2122089 (58.056%)
entry 1238000/2122089 (58.3387%)
entry 1243000/2122089 (58.5744%)
entry 1245000/2122089 (58.6686%)
entry 1248000/2122089 (58.81%)
entry 1252000/2122089 (58.9985%)
entry 1258000/2122089 (59.2812%)
entry 1259000/2122089 (59.3283%)
entry 1261000/2122089 (59.4226%)
entry 1264000/2122089 (59.5639%)
entry 1265000/2122089 (59.6111%)
entry 1267000/2122089 (59.7053%)
entry 1270000/2122089 (59.8467%)
entry 1272000/2122089 (59.9409%)
entry 1275000/2122089 (60.0823%)
entry 1279000/2122089 (60.2708%)
entry 1281000/2122089 (60.365%)
entry 1282000/2122089 (60.4122%)
entry 1284000/2122089 (60.5064%)
entry 1286000/2122089 (60.6007%)
entry 1291000/2122089 (60.8363%)
entry 1296000/2122089 (61.0719%)
entry 1300000/2122089 (61.2604%)
entry 1304000/2122089 (61.4489%)
entry 1306000/2122089 (61.5431%)
entry 1314000/2122089 (61.9201%)
entry 1316000/2122089 (62.0144%)
entry 1319000/2122089 (62.1557%)
entry 1321000/2122089 (62.25%)
entry 1325000/2122089 (62.4385%)
entry 1328000/2122089 (62.5798%)
entry 1329000/2122089 (62.627%)
entry 1331000/2122089 (62.7212%)
entry 1335000/2122089 (62.9097%)
entry 1337000/2122089 (63.004%)
entry 1338000/2122089 (63.0511%)
entry 1341000/2122089 (63.1925%)
entry 1343000/2122089 (63.2867%)
entry 1344000/2122089 (63.3338%)
entry 1347000/2122089 (63.4752%)
entry 1352000/2122089 (63.7108%)
entry 1355000/2122089 (63.8522%)
entry 1357000/2122089 (63.9464%)
entry 1358000/2122089 (63.9935%)
entry 1361000/2122089 (64.1349%)
entry 1362000/2122089 (64.182%)
entry 1370000/2122089 (64.559%)
entry 1371000/2122089 (64.6061%)
entry 1372000/2122089 (64.6533%)
entry 1373000/2122089 (64.7004%)
entry 1375000/2122089 (64.7946%)
entry 1376000/2122089 (64.8418%)
entry 1379000/2122089 (64.9831%)
entry 1380000/2122089 (65.0303%)
entry 1384000/2122089 (65.2188%)
entry 1386000/2122089 (65.313%)
entry 1393000/2122089 (65.6429%)
entry 1394000/2122089 (65.69%)
entry 1396000/2122089 (65.7842%)
entry 1400000/2122089 (65.9727%)
entry 1401000/2122089 (66.0199%)
entry 1402000/2122089 (66.067%)
entry 1403000/2122089 (66.1141%)
entry 1404000/2122089 (66.1612%)
entry 1409000/2122089 (66.3968%)
entry 1411000/2122089 (66.4911%)
entry 1414000/2122089 (66.6325%)
entry 1415000/2122089 (66.6796%)
entry 1420000/2122089 (66.9152%)
entry 1422000/2122089 (67.0094%)
entry 1423000/2122089 (67.0566%)
entry 1424000/2122089 (67.1037%)
entry 1425000/2122089 (67.1508%)
entry 1426000/2122089 (67.1979%)
entry 1429000/2122089 (67.3393%)
entry 1432000/2122089 (67.4807%)
entry 1433000/2122089 (67.5278%)
entry 1437000/2122089 (67.7163%)
entry 1440000/2122089 (67.8577%)
entry 1445000/2122089 (68.0933%)
entry 1453000/2122089 (68.4703%)
entry 1456000/2122089 (68.6116%)
entry 1459000/2122089 (68.753%)
entry 1463000/2122089 (68.9415%)
entry 1465000/2122089 (69.0357%)
entry 1473000/2122089 (69.4127%)
entry 1475000/2122089 (69.507%)
entry 1478000/2122089 (69.6483%)
entry 1480000/2122089 (69.7426%)
entry 1481000/2122089 (69.7897%)
entry 1487000/2122089 (70.0725%)
entry 1489000/2122089 (70.1667%)
entry 1495000/2122089 (70.4494%)
entry 1497000/2122089 (70.5437%)
entry 1502000/2122089 (70.7793%)
entry 1506000/2122089 (70.9678%)
entry 1507000/2122089 (71.0149%)
entry 1511000/2122089 (71.2034%)
entry 1512000/2122089 (71.2505%)
entry 1514000/2122089 (71.3448%)
entry 1519000/2122089 (71.5804%)
entry 1521000/2122089 (71.6747%)
entry 1522000/2122089 (71.7218%)
entry 1524000/2122089 (71.816%)
entry 1527000/2122089 (71.9574%)
entry 1530000/2122089 (72.0988%)
entry 1531000/2122089 (72.1459%)
entry 1536000/2122089 (72.3815%)
entry 1550000/2122089 (73.0412%)
entry 1552000/2122089 (73.1355%)
entry 1553000/2122089 (73.1826%)
entry 1555000/2122089 (73.2769%)
entry 1556000/2122089 (73.324%)
entry 1558000/2122089 (73.4182%)
entry 1560000/2122089 (73.5125%)
entry 1571000/2122089 (74.0308%)
entry 1573000/2122089 (74.1251%)
entry 1575000/2122089 (74.2193%)
entry 1579000/2122089 (74.4078%)
entry 1586000/2122089 (74.7377%)
entry 1588000/2122089 (74.8319%)
entry 1590000/2122089 (74.9262%)
entry 1595000/2122089 (75.1618%)
entry 1599000/2122089 (75.3503%)
entry 1600000/2122089 (75.3974%)
entry 1602000/2122089 (75.4916%)
entry 1606000/2122089 (75.6801%)
entry 1607000/2122089 (75.7273%)
entry 1612000/2122089 (75.9629%)
entry 1616000/2122089 (76.1514%)
entry 1617000/2122089 (76.1985%)
entry 1621000/2122089 (76.387%)
entry 1626000/2122089 (76.6226%)
entry 1627000/2122089 (76.6697%)
entry 1628000/2122089 (76.7169%)
entry 1632000/2122089 (76.9054%)
entry 1635000/2122089 (77.0467%)
entry 1636000/2122089 (77.0938%)
entry 1638000/2122089 (77.1881%)
entry 1639000/2122089 (77.2352%)
entry 1641000/2122089 (77.3295%)
entry 1643000/2122089 (77.4237%)
entry 1646000/2122089 (77.5651%)
entry 1649000/2122089 (77.7065%)
entry 1654000/2122089 (77.9421%)
entry 1655000/2122089 (77.9892%)
entry 1656000/2122089 (78.0363%)
entry 1657000/2122089 (78.0834%)
entry 1667000/2122089 (78.5547%)
entry 1668000/2122089 (78.6018%)
entry 1670000/2122089 (78.696%)
entry 1674000/2122089 (78.8845%)
entry 1675000/2122089 (78.9317%)
entry 1677000/2122089 (79.0259%)
entry 1683000/2122089 (79.3086%)
entry 1684000/2122089 (79.3558%)
entry 1686000/2122089 (79.45%)
entry 1687000/2122089 (79.4971%)
entry 1688000/2122089 (79.5443%)
entry 1692000/2122089 (79.7328%)
entry 1696000/2122089 (79.9212%)
entry 1697000/2122089 (79.9684%)
entry 1700000/2122089 (80.1097%)
entry 1705000/2122089 (80.3454%)
entry 1707000/2122089 (80.4396%)
entry 1708000/2122089 (80.4867%)
entry 1712000/2122089 (80.6752%)
entry 1714000/2122089 (80.7695%)
entry 1715000/2122089 (80.8166%)
entry 1726000/2122089 (81.3349%)
entry 1729000/2122089 (81.4763%)
entry 1731000/2122089 (81.5706%)
entry 1735000/2122089 (81.7591%)
entry 1743000/2122089 (82.136%)
entry 1746000/2122089 (82.2774%)
entry 1748000/2122089 (82.3717%)
entry 1749000/2122089 (82.4188%)
entry 1750000/2122089 (82.4659%)
entry 1751000/2122089 (82.513%)
entry 1754000/2122089 (82.6544%)
entry 1755000/2122089 (82.7015%)
entry 1762000/2122089 (83.0314%)
entry 1763000/2122089 (83.0785%)
entry 1764000/2122089 (83.1256%)
entry 1767000/2122089 (83.267%)
entry 1768000/2122089 (83.3141%)
entry 1771000/2122089 (83.4555%)
entry 1773000/2122089 (83.5497%)
entry 1776000/2122089 (83.6911%)
entry 1781000/2122089 (83.9267%)
entry 1782000/2122089 (83.9739%)
entry 1789000/2122089 (84.3037%)
entry 1796000/2122089 (84.6336%)
entry 1797000/2122089 (84.6807%)
entry 1800000/2122089 (84.8221%)
entry 1802000/2122089 (84.9163%)
entry 1805000/2122089 (85.0577%)
entry 1806000/2122089 (85.1048%)
entry 1807000/2122089 (85.1519%)
entry 1810000/2122089 (85.2933%)
entry 1814000/2122089 (85.4818%)
entry 1820000/2122089 (85.7645%)
entry 1822000/2122089 (85.8588%)
entry 1824000/2122089 (85.953%)
entry 1827000/2122089 (86.0944%)
entry 1829000/2122089 (86.1887%)
entry 1831000/2122089 (86.2829%)
entry 1835000/2122089 (86.4714%)
entry 1836000/2122089 (86.5185%)
entry 1837000/2122089 (86.5656%)
entry 1841000/2122089 (86.7541%)
entry 1846000/2122089 (86.9898%)
entry 1847000/2122089 (87.0369%)
entry 1848000/2122089 (87.084%)
entry 1849000/2122089 (87.1311%)
entry 1854000/2122089 (87.3667%)
entry 1860000/2122089 (87.6495%)
entry 1861000/2122089 (87.6966%)
entry 1862000/2122089 (87.7437%)
entry 1864000/2122089 (87.838%)
entry 1868000/2122089 (88.0265%)
entry 1869000/2122089 (88.0736%)
entry 1884000/2122089 (88.7804%)
entry 1888000/2122089 (88.9689%)
entry 1889000/2122089 (89.0161%)
entry 1892000/2122089 (89.1574%)
entry 1894000/2122089 (89.2517%)
entry 1895000/2122089 (89.2988%)
entry 1897000/2122089 (89.393%)
entry 1916000/2122089 (90.2884%)
entry 1918000/2122089 (90.3826%)
entry 1919000/2122089 (90.4298%)
entry 1920000/2122089 (90.4769%)
entry 1925000/2122089 (90.7125%)
entry 1929000/2122089 (90.901%)
entry 1930000/2122089 (90.9481%)
entry 1932000/2122089 (91.0424%)
entry 1934000/2122089 (91.1366%)
entry 1935000/2122089 (91.1837%)
entry 1946000/2122089 (91.7021%)
entry 1947000/2122089 (91.7492%)
entry 1951000/2122089 (91.9377%)
entry 1952000/2122089 (91.9848%)
entry 1955000/2122089 (92.1262%)
entry 1957000/2122089 (92.2204%)
entry 1960000/2122089 (92.3618%)
entry 1962000/2122089 (92.4561%)
entry 1966000/2122089 (92.6446%)
entry 1970000/2122089 (92.8331%)
entry 1971000/2122089 (92.8802%)
entry 1972000/2122089 (92.9273%)
entry 1973000/2122089 (92.9744%)
entry 1976000/2122089 (93.1158%)
entry 1978000/2122089 (93.21%)
entry 1979000/2122089 (93.2572%)
entry 1980000/2122089 (93.3043%)
entry 1982000/2122089 (93.3985%)
entry 1984000/2122089 (93.4928%)
entry 1985000/2122089 (93.5399%)
entry 1987000/2122089 (93.6342%)
entry 1991000/2122089 (93.8226%)
entry 1993000/2122089 (93.9169%)
entry 1994000/2122089 (93.964%)
entry 1999000/2122089 (94.1996%)
entry 2001000/2122089 (94.2939%)
entry 2002000/2122089 (94.341%)
entry 2004000/2122089 (94.4352%)
entry 2008000/2122089 (94.6237%)
entry 2009000/2122089 (94.6709%)
entry 2013000/2122089 (94.8594%)
entry 2023000/2122089 (95.3306%)
entry 2027000/2122089 (95.5191%)
entry 2029000/2122089 (95.6133%)
entry 2035000/2122089 (95.8961%)
entry 2037000/2122089 (95.9903%)
entry 2038000/2122089 (96.0374%)
entry 2043000/2122089 (96.2731%)
entry 2045000/2122089 (96.3673%)
entry 2046000/2122089 (96.4144%)
entry 2048000/2122089 (96.5087%)
entry 2052000/2122089 (96.6972%)
entry 2054000/2122089 (96.7914%)
entry 2055000/2122089 (96.8385%)
entry 2063000/2122089 (97.2155%)
entry 2070000/2122089 (97.5454%)
entry 2072000/2122089 (97.6396%)
entry 2073000/2122089 (97.6868%)
entry 2074000/2122089 (97.7339%)
entry 2075000/2122089 (97.781%)
entry 2076000/2122089 (97.8281%)
entry 2082000/2122089 (98.1109%)
entry 2083000/2122089 (98.158%)
entry 2084000/2122089 (98.2051%)
entry 2087000/2122089 (98.3465%)
entry 2089000/2122089 (98.4407%)
entry 2094000/2122089 (98.6764%)
entry 2096000/2122089 (98.7706%)
entry 2100000/2122089 (98.9591%)
entry 2102000/2122089 (99.0533%)
entry 2103000/2122089 (99.1005%)
entry 2104000/2122089 (99.1476%)
entry 2105000/2122089 (99.1947%)
entry 2113000/2122089 (99.5717%)
entry 2114000/2122089 (99.6188%)
entry 2116000/2122089 (99.7131%)
entry 2121000/2122089 (99.9487%)
all done
script done
