sphnx1054.sdcc.bnl.gov
rsyncing from /gpfs/mnt/gpfs02/sphenix/user/samfred/run25/ppg11/histmaking
running: /gpfs/mnt/gpfs02/sphenix/user/samfred/run25/ppg11/histmaking/script_data.sh 47751
LD_LIBRARY_PATH now /sphenix/user/samfred/run25/install//lib:/cvmfs/sphenix.sdcc.bnl.gov/alma9.2-gcc-14.2.0/opt/sphenix/core/gcc/14.2.0-2f0a0/x86_64-el9/lib:/cvmfs/sphenix.sdcc.bnl.gov/alma9.2-gcc-14.2.0/opt/sphenix/core/gcc/14.2.0-2f0a0/x86_64-el9/lib64:/cvmfs/sphenix.sdcc.bnl.gov/alma9.2-gcc-14.2.0/opt/sphenix/core/binutils/2.40-acaab/x86_64-el9/lib:.:/cvmfs/sphenix.sdcc.bnl.gov/alma9.2-gcc-14.2.0/release/release_new/new.10/lib64:/cvmfs/sphenix.sdcc.bnl.gov/alma9.2-gcc-14.2.0/release/release_new/new.10/lib:/cvmfs/sphenix.sdcc.bnl.gov/alma9.2-gcc-14.2.0/opt/sphenix/utils/lib:/cvmfs/sphenix.sdcc.bnl.gov/alma9.2-gcc-14.2.0/opt/sphenix/core/lib:/cvmfs/sphenix.sdcc.bnl.gov/alma9.2-gcc-14.2.0/opt/sphenix/core/root-6.32.06/lib:/cvmfs/sphenix.sdcc.bnl.gov/alma9.2-gcc-14.2.0/opt/sphenix/core/geant4.10.07.p04/lib64:/cvmfs/sphenix.sdcc.bnl.gov/alma9.2-gcc-14.2.0/opt/sphenix/core/lhapdf-5.9.1/lib:/usr/local/lib64:/usr/lib64
PATH now /sphenix/user/samfred/run25/install//bin:/cvmfs/sphenix.sdcc.bnl.gov/alma9.2-gcc-14.2.0/opt/sphenix/core/gcc/14.2.0-2f0a0/x86_64-el9/bin:/cvmfs/sphenix.sdcc.bnl.gov/alma9.2-gcc-14.2.0/opt/sphenix/core/binutils/2.40-acaab/x86_64-el9/bin:.:/cvmfs/sphenix.sdcc.bnl.gov/alma9.2-gcc-14.2.0/release/release_new/new.10/bin:/cvmfs/sphenix.sdcc.bnl.gov/alma9.2-gcc-14.2.0/opt/sphenix/utils/bin:/cvmfs/sphenix.sdcc.bnl.gov/alma9.2-gcc-14.2.0/opt/sphenix/core/bin:/cvmfs/sphenix.sdcc.bnl.gov/alma9.2-gcc-14.2.0/opt/sphenix/core/root-6.32.06/bin:/cvmfs/sphenix.sdcc.bnl.gov/alma9.2-gcc-14.2.0/opt/sphenix/core/geant4.10.07.p04/bin:/usr/local/bin:/usr/bin:/usr/local/sbin:/usr/sbin
SINGULARITY_CACHEDIR=/home/condor/local/sphnx/execute/dir_1513587
_CONDOR_CHIRP_CONFIG=/home/condor/local/sphnx/execute/dir_1513587/.chirp.config
_CONDOR_JOB_IWD=/sphenix/user/samfred/run25/ppg11/histmaking
_CONDOR_ANCESTOR_316947=1513587:1759352681:2223017731
G4ENSDFSTATEDATA=/cvmfs/sphenix.sdcc.bnl.gov/alma9.2-gcc-14.2.0/opt/sphenix/core/geant4.10.07.p04/share/Geant4-10.7.4/data/G4ENSDFSTATE2.3
_CONDOR_MACHINE_AD=/home/condor/local/sphnx/execute/dir_1513587/.machine.ad
ROOT_MAX_THREADS=1
NUMEXPR_NUM_THREADS=1
CUBACORES=1
_CHIRP_DELAYED_UPDATE_PREFIX=Chirp*
OMP_THREAD_LIMIT=1
G4PIIDATA=/cvmfs/sphenix.sdcc.bnl.gov/alma9.2-gcc-14.2.0/opt/sphenix/core/geant4.10.07.p04/share/Geant4-10.7.4/data/G4PII1.3
_CONDOR_ANCESTOR_1513587=1519182:1759352681:2588128105
NO_AT_BRIDGE=1
G4_MAIN=/cvmfs/sphenix.sdcc.bnl.gov/alma9.2-gcc-14.2.0/opt/sphenix/core/geant4.10.07.p04
COMPILER_PATH=/cvmfs/sphenix.sdcc.bnl.gov/alma9.2-gcc-14.2.0/opt/sphenix/core/gcc/14.2.0-2f0a0/x86_64-el9
ROOT_INCLUDE_PATH=./:/sphenix/user/samfred/run25/install//include:/sphenix/user/samfred/run25/install//include/caloana:/sphenix/user/samfred/run25/install//include/qa_centrality:/sphenix/user/samfred/run25/install//include/mbdana:/sphenix/user/samfred/run25/install//include/centrality:/sphenix/user/samfred/run25/install//include/Event:/cvmfs/sphenix.sdcc.bnl.gov/alma9.2-gcc-14.2.0/release/release_new/new.10/include:/cvmfs/sphenix.sdcc.bnl.gov/alma9.2-gcc-14.2.0/release/release_new/new.10/include:/cvmfs/sphenix.sdcc.bnl.gov/alma9.2-gcc-14.2.0/release/release_new/new.10/include/g4mbd:/cvmfs/sphenix.sdcc.bnl.gov/alma9.2-gcc-14.2.0/release/release_new/new.10/include/fmt:/cvmfs/sphenix.sdcc.bnl.gov/alma9.2-gcc-14.2.0/release/release_new/new.10/include/ffarawobjects:/cvmfs/sphenix.sdcc.bnl.gov/alma9.2-gcc-14.2.0/release/release_new/new.10/include/JSON:/cvmfs/sphenix.sdcc.bnl.gov/alma9.2-gcc-14.2.0/release/release_new/new.10/include/calotreegen:/cvmfs/sphenix.sdcc.bnl.gov/alma9.2-gcc-14.2.0/release/release_new/new.10/include/torch:/cvmfs/sphenix.sdcc.bnl.gov/alma9.2-gcc-14.2.0/release/release_new/new.10/include/g4detectors:/cvmfs/sphenix.sdcc.bnl.gov/alma9.2-gcc-14.2.0/release/release_new/new.10/include/kineto:/cvmfs/sphenix.sdcc.bnl.gov/alma9.2-gcc-14.2.0/release/release_new/new.10/include/g4decayer:/cvmfs/sphenix.sdcc.bnl.gov/alma9.2-gcc-14.2.0/release/release_new/new.10/include/kfparticleqa:/cvmfs/sphenix.sdcc.bnl.gov/alma9.2-gcc-14.2.0/release/release_new/new.10/include/phfield:/cvmfs/sphenix.sdcc.bnl.gov/alma9.2-gcc-14.2.0/release/release_new/new.10/include/LHAPDF:/cvmfs/sphenix.sdcc.bnl.gov/alma9.2-gcc-14.2.0/release/release_new/new.10/include/readdigitalcurrents:/cvmfs/sphenix.sdcc.bnl.gov/alma9.2-gcc-14.2.0/release/release_new/new.10/include/c10:/cvmfs/sphenix.sdcc.bnl.gov/alma9.2-gcc-14.2.0/release/release_new/new.10/include/calovalid:/cvmfs/sphenix.sdcc.bnl.gov/alma9.2-gcc-14.2.0/release/release_new/new.10/include/oneapi:/cvmfs/sphenix.sdcc.bnl.gov/alma9.2-gcc-14.2.0/release/release_new/new.10/include/DDCond:/cvmfs/sphenix.sdcc.bnl.gov/alma9.2-gcc-14.2.0/release/release_new/new.10/include/g4tracking:/cvmfs/sphenix.sdcc.bnl.gov/alma9.2-gcc-14.2.0/release/release_new/new.10/include/litecaloeval:/cvmfs/sphenix.sdcc.bnl.gov/alma9.2-gcc-14.2.0/release/release_new/new.10/include/g4intt:/cvmfs/sphenix.sdcc.bnl.gov/alma9.2-gcc-14.2.0/release/release_new/new.10/include/phool:/cvmfs/sphenix.sdcc.bnl.gov/alma9.2-gcc-14.2.0/release/release_new/new.10/include/boost:/cvmfs/sphenix.sdcc.bnl.gov/alma9.2-gcc-14.2.0/release/release_new/new.10/include/Pythia8Plugins:/cvmfs/sphenix.sdcc.bnl.gov/alma9.2-gcc-14.2.0/release/release_new/new.10/include/calib_emc_pi0:/cvmfs/sphenix.sdcc.bnl.gov/alma9.2-gcc-14.2.0/release/release_new/new.10/include/hijingflipafterburner:/cvmfs/sphenix.sdcc.bnl.gov/alma9.2-gcc-14.2.0/release/release_new/new.10/include/ffaobjects:/cvmfs/sphenix.sdcc.bnl.gov/alma9.2-gcc-14.2.0/release/release_new/new.10/include/EvtGenBase:/cvmfs/sphenix.sdcc.bnl.gov/alma9.2-gcc-14.2.0/release/release_new/new.10/include/flowafterburner:/cvmfs/sphenix.sdcc.bnl.gov/alma9.2-gcc-14.2.0/release/release_new/new.10/include/google:/cvmfs/sphenix.sdcc.bnl.gov/alma9.2-gcc-14.2.0/release/release_new/new.10/include/g4tpc:/cvmfs/sphenix.sdcc.bnl.gov/alma9.2-gcc-14.2.0/release/release_new/new.10/include/caffe2:/cvmfs/sphenix.sdcc.bnl.gov/alma9.2-gcc-14.2.0/release/release_new/new.10/include/EvtGenExternal:/cvmfs/sphenix.sdcc.bnl.gov/alma9.2-gcc-14.2.0/release/release_new/new.10/include/fp16:/cvmfs/sphenix.sdcc.bnl.gov/alma9.2-gcc-14.2.0/release/release_new/new.10/include/ffamodules:/cvmfs/sphenix.sdcc.bnl.gov/alma9.2-gcc-14.2.0/release/release_new/new.10/include/uspin:/cvmfs/sphenix.sdcc.bnl.gov/alma9.2-gcc-14.2.0/release/release_new/new.10/include/Herwig:/cvmfs/sphenix.sdcc.bnl.gov/alma9.2-gcc-14.2.0/release/release_new/new.10/include/genfitexp:/cvmfs/sphenix.sdcc.bnl.gov/alma9.2-gcc-14.2.0/release/release_new/new.10/include/XML:/cvmfs/sphenix.sdcc.bnl.gov/alma9.2-gcc-14.2.0/release/release_new/new.10/include/fbgemm:/cvmfs/sphenix.sdcc.bnl.gov/alma9.2-gcc-14.2.0/release/release_new/new.10/include/DDAlign:/cvmfs/sphenix.sdcc.bnl.gov/alma9.2-gcc-14.2.0/release/release_new/new.10/include/g4mvtx:/cvmfs/sphenix.sdcc.bnl.gov/alma9.2-gcc-14.2.0/release/release_new/new.10/include/kfparticle_sphenix:/cvmfs/sphenix.sdcc.bnl.gov/alma9.2-gcc-14.2.0/release/release_new/new.10/include/fun4all:/cvmfs/sphenix.sdcc.bnl.gov/alma9.2-gcc-14.2.0/release/release_new/new.10/include/intt:/cvmfs/sphenix.sdcc.bnl.gov/alma9.2-gcc-14.2.0/release/release_new/new.10/include/eventdisplay:/cvmfs/sphenix.sdcc.bnl.gov/alma9.2-gcc-14.2.0/release/release_new/new.10/include/EvtGen:/cvmfs/sphenix.sdcc.bnl.gov/alma9.2-gcc-14.2.0/release/release_new/new.10/include/Evaluator:/cvmfs/sphenix.sdcc.bnl.gov/alma9.2-gcc-14.2.0/release/release_new/new.10/include/tpc:/cvmfs/sphenix.sdcc.bnl.gov/alma9.2-gcc-14.2.0/release/release_new/new.10/include/GenFit:/cvmfs/sphenix.sdcc.bnl.gov/alma9.2-gcc-14.2.0/release/release_new/new.10/include/prototype4:/cvmfs/sphenix.sdcc.bnl.gov/alma9.2-gcc-14.2.0/release/release_new/new.10/include/caloembedding:/cvmfs/sphenix.sdcc.bnl.gov/alma9.2-gcc-14.2.0/release/release_new/new.10/include/EvtGenModels:/cvmfs/sphenix.sdcc.bnl.gov/alma9.2-gcc-14.2.0/release/release_new/new.10/include/fastjet:/cvmfs/sphenix.sdcc.bnl.gov/alma9.2-gcc-14.2.0/release/release_new/new.10/include/DDG4:/cvmfs/sphenix.sdcc.bnl.gov/alma9.2-gcc-14.2.0/release/release_new/new.10/include/mbd:/cvmfs/sphenix.sdcc.bnl.gov/alma9.2-gcc-14.2.0/release/release_new/new.10/include/tbb:/cvmfs/sphenix.sdcc.bnl.gov/alma9.2-gcc-14.2.0/release/release_new/new.10/include/phgeom:/cvmfs/sphenix.sdcc.bnl.gov/alma9.2-gcc-14.2.0/release/release_new/new.10/include/g4epd:/cvmfs/sphenix.sdcc.bnl.gov/alma9.2-gcc-14.2.0/release/release_new/new.10/include/oncal:/cvmfs/sphenix.sdcc.bnl.gov/alma9.2-gcc-14.2.0/release/release_new/new.10/include/pybind11:/cvmfs/sphenix.sdcc.bnl.gov/alma9.2-gcc-14.2.0/release/release_new/new.10/include/tpcdistgenerator:/cvmfs/sphenix.sdcc.bnl.gov/alma9.2-gcc-14.2.0/release/release_new/new.10/include/cdbobjects:/cvmfs/sphenix.sdcc.bnl.gov/alma9.2-gcc-14.2.0/release/release_new/new.10/include/g4micromegas:/cvmfs/sphenix.sdcc.bnl.gov/alma9.2-gcc-14.2.0/release/release_new/new.10/include/g4eval:/cvmfs/sphenix.sdcc.bnl.gov/alma9.2-gcc-14.2.0/release/release_new/new.10/include/jetbackground:/cvmfs/sphenix.sdcc.bnl.gov/alma9.2-gcc-14.2.0/release/release_new/new.10/include/micromegas:/cvmfs/sphenix.sdcc.bnl.gov/alma9.2-gcc-14.2.0/release/release_new/new.10/include/hftrackefficiency:/cvmfs/sphenix.sdcc.bnl.gov/alma9.2-gcc-14.2.0/release/release_new/new.10/include/inttrawhitqa:/cvmfs/sphenix.sdcc.bnl.gov/alma9.2-gcc-14.2.0/release/release_new/new.10/include/centrality:/cvmfs/sphenix.sdcc.bnl.gov/alma9.2-gcc-14.2.0/release/release_new/new.10/include/epd:/cvmfs/sphenix.sdcc.bnl.gov/alma9.2-gcc-14.2.0/release/release_new/new.10/include/caloreco:/cvmfs/sphenix.sdcc.bnl.gov/alma9.2-gcc-14.2.0/release/release_new/new.10/include/HepMC:/cvmfs/sphenix.sdcc.bnl.gov/alma9.2-gcc-14.2.0/release/release_new/new.10/include/CLHEP:/cvmfs/sphenix.sdcc.bnl.gov/alma9.2-gcc-14.2.0/release/release_new/new.10/include/Acts:/cvmfs/sphenix.sdcc.bnl.gov/alma9.2-gcc-14.2.0/release/release_new/new.10/include/g4histos:/cvmfs/sphenix.sdcc.bnl.gov/alma9.2-gcc-14.2.0/release/release_new/new.10/include/eventplaneinfo:/cvmfs/sphenix.sdcc.bnl.gov/alma9.2-gcc-14.2.0/release/release_new/new.10/include/fillspacechargemaps:/cvmfs/sphenix.sdcc.bnl.gov/alma9.2-gcc-14.2.0/release/release_new/new.10/include/phhepmc:/cvmfs/sphenix.sdcc.bnl.gov/alma9.2-gcc-14.2.0/release/release_new/new.10/include/trackingqa:/cvmfs/sphenix.sdcc.bnl.gov/alma9.2-gcc-14.2.0/release/release_new/new.10/include/qautils:/cvmfs/sphenix.sdcc.bnl.gov/alma9.2-gcc-14.2.0/release/release_new/new.10/include/trackreco:/cvmfs/sphenix.sdcc.bnl.gov/alma9.2-gcc-14.2.0/release/release_new/new.10/include/g4ohcal:/cvmfs/sphenix.sdcc.bnl.gov/alma9.2-gcc-14.2.0/release/release_new/new.10/include/tpcdvcalib:/cvmfs/sphenix.sdcc.bnl.gov/alma9.2-gcc-14.2.0/release/release_new/new.10/include/zdcinfo:/cvmfs/sphenix.sdcc.bnl.gov/alma9.2-gcc-14.2.0/release/release_new/new.10/include/phpythia8:/cvmfs/sphenix.sdcc.bnl.gov/alma9.2-gcc-14.2.0/release/release_new/new.10/include/fun4allutils:/cvmfs/sphenix.sdcc.bnl.gov/alma9.2-gcc-14.2.0/release/release_new/new.10/include/tpcqa:/cvmfs/sphenix.sdcc.bnl.gov/alma9.2-gcc-14.2.0/release/release_new/new.10/include/Pythia8:/cvmfs/sphenix.sdcc.bnl.gov/alma9.2-gcc-14.2.0/release/release_new/new.10/include/DDRec:/cvmfs/sphenix.sdcc.bnl.gov/alma9.2-gcc-14.2.0/release/release_new/new.10/include/DDDigi:/cvmfs/sphenix.sdcc.bnl.gov/alma9.2-gcc-14.2.0/release/release_new/new.10/include/g4ihcal:/cvmfs/sphenix.sdcc.bnl.gov/alma9.2-gcc-14.2.0/release/release_new/new.10/include/frog:/cvmfs/sphenix.sdcc.bnl.gov/alma9.2-gcc-14.2.0/release/release_new/new.10/include/eigen3:/cvmfs/sphenix.sdcc.bnl.gov/alma9.2-gcc-14.2.0/release/release_new/new.10/include/tensorpipe:/cvmfs/sphenix.sdcc.bnl.gov/alma9.2-gcc-14.2.0/release/release_new/new.10/include/sphenixnpc:/cvmfs/sphenix.sdcc.bnl.gov/alma9.2-gcc-14.2.0/release/release_new/new.10/include/siscone:/cvmfs/sphenix.sdcc.bnl.gov/alma9.2-gcc-14.2.0/release/release_new/new.10/include/pmonitor:/cvmfs/sphenix.sdcc.bnl.gov/alma9.2-gcc-14.2.0/release/release_new/new.10/include/calobase:/cvmfs/sphenix.sdcc.bnl.gov/alma9.2-gcc-14.2.0/release/release_new/new.10/include/ActsExamples:/cvmfs/sphenix.sdcc.bnl.gov/alma9.2-gcc-14.2.0/release/release_new/new.10/include/g4gdml:/cvmfs/sphenix.sdcc.bnl.gov/alma9.2-gcc-14.2.0/release/release_new/new.10/include/mvtx_decoder:/cvmfs/sphenix.sdcc.bnl.gov/alma9.2-gcc-14.2.0/release/release_new/new.10/include/ROOT:/cvmfs/sphenix.sdcc.bnl.gov/alma9.2-gcc-14.2.0/release/release_new/new.10/include/phparameter:/cvmfs/sphenix.sdcc.bnl.gov/alma9.2-gcc-14.2.0/release/release_new/new.10/include/rsa:/cvmfs/sphenix.sdcc.bnl.gov/alma9.2-gcc-14.2.0/release/release_new/new.10/include/fun4allraw:/cvmfs/sphenix.sdcc.bnl.gov/alma9.2-gcc-14.2.0/release/release_new/new.10/include/trackbase_historic:/cvmfs/sphenix.sdcc.bnl.gov/alma9.2-gcc-14.2.0/release/release_new/new.10/include/g4jets:/cvmfs/sphenix.sdcc.bnl.gov/alma9.2-gcc-14.2.0/release/release_new/new.10/include/jetqa:/cvmfs/sphenix.sdcc.bnl.gov/alma9.2-gcc-14.2.0/release/release_new/new.10/include/phoolraw:/cvmfs/sphenix.sdcc.bnl.gov/alma9.2-gcc-14.2.0/release/release_new/new.10/include/g4calo:/cvmfs/sphenix.sdcc.bnl.gov/alma9.2-gcc-14.2.0/release/release_new/new.10/include/mvtxrawhitqa:/cvmfs/sphenix.sdcc.bnl.gov/alma9.2-gcc-14.2.0/release/release_new/new.10/include/HepMC3:/cvmfs/sphenix.sdcc.bnl.gov/alma9.2-gcc-14.2.0/release/release_new/new.10/include/calowaveformsim:/cvmfs/sphenix.sdcc.bnl.gov/alma9.2-gcc-14.2.0/release/release_new/new.10/include/g4caloprototype:/cvmfs/sphenix.sdcc.bnl.gov/alma9.2-gcc-14.2.0/release/release_new/new.10/include/pdbcalbase:/cvmfs/sphenix.sdcc.bnl.gov/alma9.2-gcc-14.2.0/release/release_new/new.10/include/gsl:/cvmfs/sphenix.sdcc.bnl.gov/alma9.2-gcc-14.2.0/release/release_new/new.10/include/nodedump:/cvmfs/sphenix.sdcc.bnl.gov/alma9.2-gcc-14.2.0/release/release_new/new.10/include/emcnoisytowerfinder:/cvmfs/sphenix.sdcc.bnl.gov/alma9.2-gcc-14.2.0/release/release_new/new.10/include/ActsFatras:/cvmfs/sphenix.sdcc.bnl.gov/alma9.2-gcc-14.2.0/release/release_new/new.10/include/ffarawmodules:/cvmfs/sphenix.sdcc.bnl.gov/alma9.2-gcc-14.2.0/release/release_new/new.10/include/Event:/cvmfs/sphenix.sdcc.bnl.gov/alma9.2-gcc-14.2.0/release/release_new/new.10/include/prototype3:/cvmfs/sphenix.sdcc.bnl.gov/alma9.2-gcc-14.2.0/release/release_new/new.10/include/fermimotionafterburner:/cvmfs/sphenix.sdcc.bnl.gov/alma9.2-gcc-14.2.0/release/release_new/new.10/include/Photos:/cvmfs/sphenix.sdcc.bnl.gov/alma9.2-gcc-14.2.0/release/release_new/new.10/include/xingshiftcal:/cvmfs/sphenix.sdcc.bnl.gov/alma9.2-gcc-14.2.0/release/release_new/new.10/include/trackbase:/cvmfs/sphenix.sdcc.bnl.gov/alma9.2-gcc-14.2.0/release/release_new/new.10/include/jetdstskimmer:/cvmfs/sphenix.sdcc.bnl.gov/alma9.2-gcc-14.2.0/release/release_new/new.10/include/clusteriso:/cvmfs/sphenix.sdcc.bnl.gov/alma9.2-gcc-14.2.0/release/release_new/new.10/include/asmjit:/cvmfs/sphenix.sdcc.bnl.gov/alma9.2-gcc-14.2.0/release/release_new/new.10/include/particleflowreco:/cvmfs/sphenix.sdcc.bnl.gov/alma9.2-gcc-14.2.0/release/release_new/new.10/include/tpchittrackdisplay:/cvmfs/sphenix.sdcc.bnl.gov/alma9.2-gcc-14.2.0/release/release_new/new.10/include/caloana:/cvmfs/sphenix.sdcc.bnl.gov/alma9.2-gcc-14.2.0/release/release_new/new.10/include/calotrigger:/cvmfs/sphenix.sdcc.bnl.gov/alma9.2-gcc-14.2.0/release/release_new/new.10/include/nopayloadclient:/cvmfs/sphenix.sdcc.bnl.gov/alma9.2-gcc-14.2.0/release/release_new/new.10/include/trackermillepedealignment:/cvmfs/sphenix.sdcc.bnl.gov/alma9.2-gcc-14.2.0/release/release_new/new.10/include/DD4hep:/cvmfs/sphenix.sdcc.bnl.gov/alma9.2-gcc-14.2.0/release/release_new/new.10/include/g4trackfastsim:/cvmfs/sphenix.sdcc.bnl.gov/alma9.2-gcc-14.2.0/release/release_new/new.10/include/prototype2:/cvmfs/sphenix.sdcc.bnl.gov/alma9.2-gcc-14.2.0/release/release_new/new.10/include/ATen:/cvmfs/sphenix.sdcc.bnl.gov/alma9.2-gcc-14.2.0/release/release_new/new.10/include/g4main:/cvmfs/sphenix.sdcc.bnl.gov/alma9.2-gcc-14.2.0/release/release_new/new.10/include/Tauola:/cvmfs/sphenix.sdcc.bnl.gov/alma9.2-gcc-14.2.0/release/release_new/new.10/include/inttcalib:/cvmfs/sphenix.sdcc.bnl.gov/alma9.2-gcc-14.2.0/release/release_new/new.10/include/reactionplaneafterburner:/cvmfs/sphenix.sdcc.bnl.gov/alma9.2-gcc-14.2.0/release/release_new/new.10/include/globalqa:/cvmfs/sphenix.sdcc.bnl.gov/alma9.2-gcc-14.2.0/release/release_new/new.10/include/tpccalib:/cvmfs/sphenix.sdcc.bnl.gov/alma9.2-gcc-14.2.0/release/release_new/new.10/include/DDSegmentation:/cvmfs/sphenix.sdcc.bnl.gov/alma9.2-gcc-14.2.0/release/release_new/new.10/include/decayfinder:/cvmfs/sphenix.sdcc.bnl.gov/alma9.2-gcc-14.2.0/release/release_new/new.10/include/compressclus:/cvmfs/sphenix.sdcc.bnl.gov/alma9.2-gcc-14.2.0/release/release_new/new.10/include/simqa_modules:/cvmfs/sphenix.sdcc.bnl.gov/alma9.2-gcc-14.2.0/release/release_new/new.10/include/resonancejettagging:/cvmfs/sphenix.sdcc.bnl.gov/alma9.2-gcc-14.2.0/release/release_new/new.10/include/g4centrality:/cvmfs/sphenix.sdcc.bnl.gov/alma9.2-gcc-14.2.0/release/release_new/new.10/include/mvtx:/cvmfs/sphenix.sdcc.bnl.gov/alma9.2-gcc-14.2.0/release/release_new/new.10/include/nlohmann:/cvmfs/sphenix.sdcc.bnl.gov/alma9.2-gcc-14.2.0/release/release_new/new.10/include/localpoloffmon:/cvmfs/sphenix.sdcc.bnl.gov/alma9.2-gcc-14.2.0/release/release_new/new.10/include/DDEve:/cvmfs/sphenix.sdcc.bnl.gov/alma9.2-gcc-14.2.0/release/release_new/new.10/include/Parsers:/cvmfs/sphenix.sdcc.bnl.gov/alma9.2-gcc-14.2.0/release/release_new/new.10/include/trackingdiagnostics:/cvmfs/sphenix.sdcc.bnl.gov/alma9.2-gcc-14.2.0/release/release_new/new.10/include/g4vertex:/cvmfs/sphenix.sdcc.bnl.gov/alma9.2-gcc-14.2.0/release/release_new/new.10/include/jetbase:/cvmfs/sphenix.sdcc.bnl.gov/alma9.2-gcc-14.2.0/release/release_new/new.10/include/globalvertex:/cvmfs/sphenix.sdcc.bnl.gov/alma9.2-gcc-14.2.0/release/release_new/new.10/include/phgenfit:/cvmfs/sphenix.sdcc.bnl.gov/alma9.2-gcc-14.2.0/release/release_new/new.10/include/rawbcolumi:/cvmfs/sphenix.sdcc.bnl.gov/alma9.2-gcc-14.2.0/release/release_new/new.10/include/eicsmear:/cvmfs/sphenix.sdcc.bnl.gov/alma9.2-gcc-14.2.0/release/release_new/new.10/include/mvtxcalib:/cvmfs/sphenix.sdcc.bnl.gov/alma9.2-gcc-14.2.0/release/release_new/new.10/include/tpclinelaserdiode:/cvmfs/sphenix.sdcc.bnl.gov/alma9.2-gcc-14.2.0/release/release_new/new.10/include/hepmcjettrigger:/cvmfs/sphenix.sdcc.bnl.gov/alma9.2-gcc-14.2.0/release/release_new/new.10/include/core:/cvmfs/sphenix.sdcc.bnl.gov/alma9.2-gcc-14.2.0/release/release_new/new.10/include/calo_cdb:/cvmfs/sphenix.sdcc.bnl.gov/alma9.2-gcc-14.2.0/release/release_new/new.10/include/mvtxclustershapesqa:/cvmfs/sphenix.sdcc.bnl.gov/alma9.2-gcc-14.2.0/release/release_new/new.10/include/calopacketskimmer:/cvmfs/sphenix.sdcc.bnl.gov/alma9.2-gcc-14.2.0/opt/sphenix/core/geant4.10.07.p04/include:/cvmfs/sphenix.sdcc.bnl.gov/alma9.2-gcc-14.2.0/release/release_new/new.10/rootmacros:/cvmfs/sphenix.sdcc.bnl.gov/alma9.2-gcc-14.2.0/opt/sphenix/core/include
GSEARCHPATH=.:PG:LUSTRE:RAWDATA
PWD=/gpfs/mnt/gpfs02/sphenix/user/samfred/run25/ppg11/histmaking
_CONDOR_ANCESTOR_316910=316947:1756523317:3116497063
LOGNAME=samfred
_CONDOR_JOB_AD=/home/condor/local/sphnx/execute/dir_1513587/.job.ad
MANPATH=/cvmfs/sphenix.sdcc.bnl.gov/alma9.2-gcc-14.2.0/opt/sphenix/core/gcc/14.2.0-2f0a0/x86_64-el9/share/man:/cvmfs/sphenix.sdcc.bnl.gov/alma9.2-gcc-14.2.0/opt/sphenix/core/binutils/2.40-acaab/x86_64-el9/share/man:/cvmfs/sphenix.sdcc.bnl.gov/alma9.2-gcc-14.2.0/release/release_new/new.10/share/man:/cvmfs/sphenix.sdcc.bnl.gov/alma9.2-gcc-14.2.0/opt/sphenix/utils/share/man:/cvmfs/sphenix.sdcc.bnl.gov/alma9.2-gcc-14.2.0/opt/sphenix/core/share/man:/cvmfs/sphenix.sdcc.bnl.gov/alma9.2-gcc-14.2.0/opt/sphenix/core/root-6.32.06/man:/usr/local/share/man:/usr/share/man
PYTHIA8=/cvmfs/sphenix.sdcc.bnl.gov/alma9.2-gcc-14.2.0/release/release_new/new.10/share/Pythia8
G4INCLDATA=/cvmfs/sphenix.sdcc.bnl.gov/alma9.2-gcc-14.2.0/opt/sphenix/core/geant4.10.07.p04/share/Geant4-10.7.4/data/G4INCL1.0
ORIG_PATH=/usr/local/bin:/usr/bin
CXX=/cvmfs/sphenix.sdcc.bnl.gov/alma9.2-gcc-14.2.0/opt/sphenix/core/gcc/14.2.0-2f0a0/x86_64-el9/bin/g++
G4LEDATA=/cvmfs/sphenix.sdcc.bnl.gov/alma9.2-gcc-14.2.0/opt/sphenix/core/geant4.10.07.p04/share/Geant4-10.7.4/data/G4EMLOW7.13
PYTHON_CPU_COUNT=1
OPENBLAS_NUM_THREADS=1
_CONDOR_BIN=/usr/bin
HOME=/sphenix/u/samfred
G4PARTICLEXSDATA=/cvmfs/sphenix.sdcc.bnl.gov/alma9.2-gcc-14.2.0/opt/sphenix/core/geant4.10.07.p04/share/Geant4-10.7.4/data/G4PARTICLEXS3.1.1
ONLINE_MAIN=/cvmfs/sphenix.sdcc.bnl.gov/alma9.2-gcc-14.2.0/release/release_new/new.10
CALIBRATIONROOT=/cvmfs/sphenix.sdcc.bnl.gov/alma9.2-gcc-14.2.0/release/release_new/new.10/share/calibrations
TMPDIR=/tmp
_CONDOR_SCRATCH_DIR=/home/condor/local/sphnx/execute/dir_1513587
PGUSER=phnxrc
NOPAYLOADCLIENT_CONF=/cvmfs/sphenix.sdcc.bnl.gov/alma9.2-gcc-14.2.0/opt/sphenix/core/etc/sPHENIX_newcdb.json
XERCESCROOT=/cvmfs/sphenix.sdcc.bnl.gov/alma9.2-gcc-14.2.0/opt/sphenix/core/geant4.10.07.p04
LHAPATH=/cvmfs/sphenix.sdcc.bnl.gov/alma9.2-gcc-14.2.0/opt/sphenix/core/lhapdf-5.9.1/share/lhapdf/PDFsets
G4NEUTRONHPDATA=/cvmfs/sphenix.sdcc.bnl.gov/alma9.2-gcc-14.2.0/opt/sphenix/core/geant4.10.07.p04/share/Geant4-10.7.4/data/G4NDL4.6
PYTHONPATH=.:/cvmfs/sphenix.sdcc.bnl.gov/alma9.2-gcc-14.2.0/release/release_new/new.10/lib/python3.13/site-packages:/cvmfs/sphenix.sdcc.bnl.gov/alma9.2-gcc-14.2.0/opt/sphenix/core/lib/python3.13/site-packages:/cvmfs/sphenix.sdcc.bnl.gov/alma9.2-gcc-14.2.0/opt/sphenix/core/root-6.32.06/lib
USER=samfred
_CONDOR_JOB_PIDS=
TEMP=/tmp
GOMAXPROCS=1
OFFLINE_MAIN=/cvmfs/sphenix.sdcc.bnl.gov/alma9.2-gcc-14.2.0/release/release_new/new.10
SHLVL=1
TF_NUM_THREADS=1
G4SAIDXSDATA=/cvmfs/sphenix.sdcc.bnl.gov/alma9.2-gcc-14.2.0/opt/sphenix/core/geant4.10.07.p04/share/Geant4-10.7.4/data/G4SAIDDATA2.0
APPTAINER_CACHEDIR=/home/condor/local/sphnx/execute/dir_1513587
ROOTSYS=/cvmfs/sphenix.sdcc.bnl.gov/alma9.2-gcc-14.2.0/opt/sphenix/core/root-6.32.06
BATCH_SYSTEM=HTCondor
_CONDOR_SLOT=slot1_4
LD_LIBRARY_PATH=/sphenix/user/samfred/run25/install//lib:/cvmfs/sphenix.sdcc.bnl.gov/alma9.2-gcc-14.2.0/opt/sphenix/core/gcc/14.2.0-2f0a0/x86_64-el9/lib:/cvmfs/sphenix.sdcc.bnl.gov/alma9.2-gcc-14.2.0/opt/sphenix/core/gcc/14.2.0-2f0a0/x86_64-el9/lib64:/cvmfs/sphenix.sdcc.bnl.gov/alma9.2-gcc-14.2.0/opt/sphenix/core/binutils/2.40-acaab/x86_64-el9/lib:.:/cvmfs/sphenix.sdcc.bnl.gov/alma9.2-gcc-14.2.0/release/release_new/new.10/lib64:/cvmfs/sphenix.sdcc.bnl.gov/alma9.2-gcc-14.2.0/release/release_new/new.10/lib:/cvmfs/sphenix.sdcc.bnl.gov/alma9.2-gcc-14.2.0/opt/sphenix/utils/lib:/cvmfs/sphenix.sdcc.bnl.gov/alma9.2-gcc-14.2.0/opt/sphenix/core/lib:/cvmfs/sphenix.sdcc.bnl.gov/alma9.2-gcc-14.2.0/opt/sphenix/core/root-6.32.06/lib:/cvmfs/sphenix.sdcc.bnl.gov/alma9.2-gcc-14.2.0/opt/sphenix/core/geant4.10.07.p04/lib64:/cvmfs/sphenix.sdcc.bnl.gov/alma9.2-gcc-14.2.0/opt/sphenix/core/lhapdf-5.9.1/lib:/usr/local/lib64:/usr/lib64
OPT_SPHENIX=/cvmfs/sphenix.sdcc.bnl.gov/alma9.2-gcc-14.2.0/opt/sphenix/core
TF_LOOP_PARALLEL_ITERATIONS=1
EVT_LIB=/cvmfs/sphenix.sdcc.bnl.gov/alma9.2-gcc-14.2.0/opt/sphenix/core/root-6.32.06/lib
PGHOST=sphnxdbmaster.sdcc.bnl.gov
OMP_NUM_THREADS=1
G4REALSURFACEDATA=/cvmfs/sphenix.sdcc.bnl.gov/alma9.2-gcc-14.2.0/opt/sphenix/core/geant4.10.07.p04/share/Geant4-10.7.4/data/RealSurface2.2
FC=/cvmfs/sphenix.sdcc.bnl.gov/alma9.2-gcc-14.2.0/opt/sphenix/core/gcc/14.2.0-2f0a0/x86_64-el9/bin/gfortran
G4ABLADATA=/cvmfs/sphenix.sdcc.bnl.gov/alma9.2-gcc-14.2.0/opt/sphenix/core/geant4.10.07.p04/share/Geant4-10.7.4/data/G4ABLA3.1
PARASOFT=doesnotexist
TMP=/tmp
OPT_UTILS=/cvmfs/sphenix.sdcc.bnl.gov/alma9.2-gcc-14.2.0/opt/sphenix/utils
CONFIG_SITE=/cvmfs/sphenix.sdcc.bnl.gov/alma9.2-gcc-14.2.0/opt/sphenix/core/etc/config.site
PATH=/sphenix/user/samfred/run25/install//bin:/cvmfs/sphenix.sdcc.bnl.gov/alma9.2-gcc-14.2.0/opt/sphenix/core/gcc/14.2.0-2f0a0/x86_64-el9/bin:/cvmfs/sphenix.sdcc.bnl.gov/alma9.2-gcc-14.2.0/opt/sphenix/core/binutils/2.40-acaab/x86_64-el9/bin:.:/cvmfs/sphenix.sdcc.bnl.gov/alma9.2-gcc-14.2.0/release/release_new/new.10/bin:/cvmfs/sphenix.sdcc.bnl.gov/alma9.2-gcc-14.2.0/opt/sphenix/utils/bin:/cvmfs/sphenix.sdcc.bnl.gov/alma9.2-gcc-14.2.0/opt/sphenix/core/bin:/cvmfs/sphenix.sdcc.bnl.gov/alma9.2-gcc-14.2.0/opt/sphenix/core/root-6.32.06/bin:/cvmfs/sphenix.sdcc.bnl.gov/alma9.2-gcc-14.2.0/opt/sphenix/core/geant4.10.07.p04/bin:/usr/local/bin:/usr/bin:/usr/local/sbin:/usr/sbin
G4LEVELGAMMADATA=/cvmfs/sphenix.sdcc.bnl.gov/alma9.2-gcc-14.2.0/opt/sphenix/core/geant4.10.07.p04/share/Geant4-10.7.4/data/PhotonEvaporation5.7
CC=/cvmfs/sphenix.sdcc.bnl.gov/alma9.2-gcc-14.2.0/opt/sphenix/core/gcc/14.2.0-2f0a0/x86_64-el9/bin/gcc
G4RADIOACTIVEDATA=/cvmfs/sphenix.sdcc.bnl.gov/alma9.2-gcc-14.2.0/opt/sphenix/core/geant4.10.07.p04/share/Geant4-10.7.4/data/RadioactiveDecay5.6
JULIA_NUM_THREADS=1
MKL_NUM_THREADS=1
LHAPDF_DATA_PATH=/cvmfs/sphenix.sdcc.bnl.gov/alma9.2-gcc-14.2.0/release/release_new/new.10/share/LHAPDF
XPLOAD_CONFIG_DIR=/cvmfs/sphenix.sdcc.bnl.gov/alma9.2-gcc-14.2.0/opt/sphenix/core/etc
OLDPWD=/cvmfs/sphenix.sdcc.bnl.gov/alma9.2-gcc-14.2.0/release/release_new/new.10/geant4
_=/usr/bin/printenv
runnumber...
47751
trigger...

   ------------------------------------------------------------------
  | Welcome to ROOT 6.32.06                        https://root.cern |
  | (c) 1995-2024, The ROOT Team; conception: R. Brun, F. Rademakers |
  | Built for linuxx8664gcc on Dec 13 2024, 17:23:48                 |
  | From tags/6-32-06@6-32-06                                        |
  | With g++ (GCC) 14.2.0                                            |
  | Try '.help'/'.?', '.demo', '.license', '.credits', '.quit'/'.q'  |
   ------------------------------------------------------------------


Processing data_histmaker.C(47751)...
entry 7000/2577596 (0.271571%)
entry 8000/2577596 (0.310367%)
entry 9000/2577596 (0.349163%)
entry 10000/2577596 (0.387958%)
entry 12000/2577596 (0.46555%)
entry 25000/2577596 (0.969896%)
entry 32000/2577596 (1.24147%)
entry 33000/2577596 (1.28026%)
entry 35000/2577596 (1.35785%)
entry 36000/2577596 (1.39665%)
entry 40000/2577596 (1.55183%)
entry 43000/2577596 (1.66822%)
entry 45000/2577596 (1.74581%)
entry 47000/2577596 (1.8234%)
entry 48000/2577596 (1.8622%)
entry 58000/2577596 (2.25016%)
entry 60000/2577596 (2.32775%)
entry 63000/2577596 (2.44414%)
entry 64000/2577596 (2.48293%)
entry 65000/2577596 (2.52173%)
entry 66000/2577596 (2.56053%)
entry 68000/2577596 (2.63812%)
entry 76000/2577596 (2.94848%)
entry 77000/2577596 (2.98728%)
entry 78000/2577596 (3.02608%)
entry 79000/2577596 (3.06487%)
entry 80000/2577596 (3.10367%)
entry 86000/2577596 (3.33644%)
entry 89000/2577596 (3.45283%)
entry 93000/2577596 (3.60801%)
entry 100000/2577596 (3.87958%)
entry 102000/2577596 (3.95718%)
entry 104000/2577596 (4.03477%)
entry 107000/2577596 (4.15115%)
entry 109000/2577596 (4.22875%)
entry 111000/2577596 (4.30634%)
entry 118000/2577596 (4.57791%)
entry 121000/2577596 (4.6943%)
entry 122000/2577596 (4.73309%)
entry 123000/2577596 (4.77189%)
entry 124000/2577596 (4.81068%)
entry 127000/2577596 (4.92707%)
entry 128000/2577596 (4.96587%)
entry 129000/2577596 (5.00466%)
entry 130000/2577596 (5.04346%)
entry 131000/2577596 (5.08225%)
entry 133000/2577596 (5.15985%)
entry 135000/2577596 (5.23744%)
entry 137000/2577596 (5.31503%)
entry 139000/2577596 (5.39262%)
entry 142000/2577596 (5.50901%)
entry 145000/2577596 (5.6254%)
entry 146000/2577596 (5.66419%)
entry 150000/2577596 (5.81938%)
entry 153000/2577596 (5.93576%)
entry 156000/2577596 (6.05215%)
entry 164000/2577596 (6.36252%)
entry 166000/2577596 (6.44011%)
entry 168000/2577596 (6.5177%)
entry 169000/2577596 (6.5565%)
entry 170000/2577596 (6.59529%)
entry 174000/2577596 (6.75048%)
entry 177000/2577596 (6.86686%)
entry 180000/2577596 (6.98325%)
entry 181000/2577596 (7.02205%)
entry 186000/2577596 (7.21603%)
entry 187000/2577596 (7.25482%)
entry 188000/2577596 (7.29362%)
entry 189000/2577596 (7.33241%)
entry 190000/2577596 (7.37121%)
entry 193000/2577596 (7.4876%)
entry 196000/2577596 (7.60398%)
entry 199000/2577596 (7.72037%)
entry 201000/2577596 (7.79796%)
entry 202000/2577596 (7.83676%)
entry 203000/2577596 (7.87556%)
entry 205000/2577596 (7.95315%)
entry 206000/2577596 (7.99194%)
entry 208000/2577596 (8.06953%)
entry 210000/2577596 (8.14713%)
entry 215000/2577596 (8.34111%)
entry 216000/2577596 (8.3799%)
entry 218000/2577596 (8.45749%)
entry 219000/2577596 (8.49629%)
entry 220000/2577596 (8.53508%)
entry 221000/2577596 (8.57388%)
entry 223000/2577596 (8.65147%)
entry 233000/2577596 (9.03943%)
entry 236000/2577596 (9.15582%)
entry 237000/2577596 (9.19461%)
entry 238000/2577596 (9.23341%)
entry 246000/2577596 (9.54378%)
entry 252000/2577596 (9.77655%)
entry 254000/2577596 (9.85414%)
entry 256000/2577596 (9.93173%)
entry 257000/2577596 (9.97053%)
entry 259000/2577596 (10.0481%)
entry 260000/2577596 (10.0869%)
entry 262000/2577596 (10.1645%)
entry 265000/2577596 (10.2809%)
entry 268000/2577596 (10.3973%)
entry 269000/2577596 (10.4361%)
entry 271000/2577596 (10.5137%)
entry 272000/2577596 (10.5525%)
entry 277000/2577596 (10.7464%)
entry 279000/2577596 (10.824%)
entry 283000/2577596 (10.9792%)
entry 286000/2577596 (11.0956%)
entry 289000/2577596 (11.212%)
entry 290000/2577596 (11.2508%)
entry 293000/2577596 (11.3672%)
entry 298000/2577596 (11.5612%)
entry 300000/2577596 (11.6388%)
entry 308000/2577596 (11.9491%)
entry 314000/2577596 (12.1819%)
entry 315000/2577596 (12.2207%)
entry 316000/2577596 (12.2595%)
entry 321000/2577596 (12.4535%)
entry 322000/2577596 (12.4923%)
entry 327000/2577596 (12.6862%)
entry 340000/2577596 (13.1906%)
entry 344000/2577596 (13.3458%)
entry 348000/2577596 (13.501%)
entry 349000/2577596 (13.5397%)
entry 352000/2577596 (13.6561%)
entry 353000/2577596 (13.6949%)
entry 357000/2577596 (13.8501%)
entry 358000/2577596 (13.8889%)
entry 359000/2577596 (13.9277%)
entry 360000/2577596 (13.9665%)
entry 364000/2577596 (14.1217%)
entry 365000/2577596 (14.1605%)
entry 368000/2577596 (14.2769%)
entry 370000/2577596 (14.3545%)
entry 372000/2577596 (14.4321%)
entry 374000/2577596 (14.5096%)
entry 375000/2577596 (14.5484%)
entry 376000/2577596 (14.5872%)
entry 378000/2577596 (14.6648%)
entry 380000/2577596 (14.7424%)
entry 386000/2577596 (14.9752%)
entry 388000/2577596 (15.0528%)
entry 389000/2577596 (15.0916%)
entry 391000/2577596 (15.1692%)
entry 392000/2577596 (15.208%)
entry 393000/2577596 (15.2468%)
entry 397000/2577596 (15.4019%)
entry 407000/2577596 (15.7899%)
entry 411000/2577596 (15.9451%)
entry 414000/2577596 (16.0615%)
entry 416000/2577596 (16.1391%)
entry 419000/2577596 (16.2555%)
entry 421000/2577596 (16.333%)
entry 432000/2577596 (16.7598%)
entry 435000/2577596 (16.8762%)
entry 436000/2577596 (16.915%)
entry 444000/2577596 (17.2254%)
entry 447000/2577596 (17.3417%)
entry 449000/2577596 (17.4193%)
entry 450000/2577596 (17.4581%)
entry 451000/2577596 (17.4969%)
entry 454000/2577596 (17.6133%)
entry 455000/2577596 (17.6521%)
entry 457000/2577596 (17.7297%)
entry 462000/2577596 (17.9237%)
entry 464000/2577596 (18.0013%)
entry 465000/2577596 (18.0401%)
entry 468000/2577596 (18.1565%)
entry 470000/2577596 (18.234%)
entry 472000/2577596 (18.3116%)
entry 479000/2577596 (18.5832%)
entry 489000/2577596 (18.9712%)
entry 490000/2577596 (19.01%)
entry 492000/2577596 (19.0876%)
entry 493000/2577596 (19.1263%)
entry 497000/2577596 (19.2815%)
entry 499000/2577596 (19.3591%)
entry 500000/2577596 (19.3979%)
entry 501000/2577596 (19.4367%)
entry 503000/2577596 (19.5143%)
entry 511000/2577596 (19.8247%)
entry 513000/2577596 (19.9023%)
entry 514000/2577596 (19.9411%)
entry 515000/2577596 (19.9799%)
entry 520000/2577596 (20.1738%)
entry 521000/2577596 (20.2126%)
entry 524000/2577596 (20.329%)
entry 525000/2577596 (20.3678%)
entry 532000/2577596 (20.6394%)
entry 542000/2577596 (21.0273%)
entry 543000/2577596 (21.0661%)
entry 544000/2577596 (21.1049%)
entry 545000/2577596 (21.1437%)
entry 553000/2577596 (21.4541%)
entry 558000/2577596 (21.6481%)
entry 561000/2577596 (21.7645%)
entry 562000/2577596 (21.8033%)
entry 564000/2577596 (21.8809%)
entry 568000/2577596 (22.036%)
entry 569000/2577596 (22.0748%)
entry 570000/2577596 (22.1136%)
entry 572000/2577596 (22.1912%)
entry 577000/2577596 (22.3852%)
entry 579000/2577596 (22.4628%)
entry 580000/2577596 (22.5016%)
entry 582000/2577596 (22.5792%)
entry 583000/2577596 (22.618%)
entry 586000/2577596 (22.7344%)
entry 593000/2577596 (23.0059%)
entry 594000/2577596 (23.0447%)
entry 596000/2577596 (23.1223%)
entry 598000/2577596 (23.1999%)
entry 601000/2577596 (23.3163%)
entry 602000/2577596 (23.3551%)
entry 603000/2577596 (23.3939%)
entry 604000/2577596 (23.4327%)
entry 607000/2577596 (23.5491%)
entry 608000/2577596 (23.5879%)
entry 609000/2577596 (23.6267%)
entry 610000/2577596 (23.6655%)
entry 611000/2577596 (23.7043%)
entry 612000/2577596 (23.7431%)
entry 617000/2577596 (23.937%)
entry 625000/2577596 (24.2474%)
entry 628000/2577596 (24.3638%)
entry 630000/2577596 (24.4414%)
entry 631000/2577596 (24.4802%)
entry 635000/2577596 (24.6354%)
entry 638000/2577596 (24.7517%)
entry 639000/2577596 (24.7905%)
entry 641000/2577596 (24.8681%)
entry 643000/2577596 (24.9457%)
entry 645000/2577596 (25.0233%)
entry 647000/2577596 (25.1009%)
entry 648000/2577596 (25.1397%)
entry 651000/2577596 (25.2561%)
entry 654000/2577596 (25.3725%)
entry 655000/2577596 (25.4113%)
entry 656000/2577596 (25.4501%)
entry 659000/2577596 (25.5665%)
entry 660000/2577596 (25.6053%)
entry 661000/2577596 (25.644%)
entry 666000/2577596 (25.838%)
entry 668000/2577596 (25.9156%)
entry 674000/2577596 (26.1484%)
entry 677000/2577596 (26.2648%)
entry 680000/2577596 (26.3812%)
entry 683000/2577596 (26.4976%)
entry 684000/2577596 (26.5364%)
entry 694000/2577596 (26.9243%)
entry 695000/2577596 (26.9631%)
entry 696000/2577596 (27.0019%)
entry 697000/2577596 (27.0407%)
entry 699000/2577596 (27.1183%)
entry 703000/2577596 (27.2735%)
entry 704000/2577596 (27.3123%)
entry 711000/2577596 (27.5838%)
entry 718000/2577596 (27.8554%)
entry 720000/2577596 (27.933%)
entry 725000/2577596 (28.127%)
entry 726000/2577596 (28.1658%)
entry 728000/2577596 (28.2434%)
entry 729000/2577596 (28.2822%)
entry 734000/2577596 (28.4761%)
entry 739000/2577596 (28.6701%)
entry 740000/2577596 (28.7089%)
entry 743000/2577596 (28.8253%)
entry 748000/2577596 (29.0193%)
entry 749000/2577596 (29.0581%)
entry 752000/2577596 (29.1745%)
entry 755000/2577596 (29.2909%)
entry 758000/2577596 (29.4072%)
entry 766000/2577596 (29.7176%)
entry 767000/2577596 (29.7564%)
entry 768000/2577596 (29.7952%)
entry 772000/2577596 (29.9504%)
entry 777000/2577596 (30.1444%)
entry 778000/2577596 (30.1832%)
entry 780000/2577596 (30.2608%)
entry 782000/2577596 (30.3383%)
entry 786000/2577596 (30.4935%)
entry 787000/2577596 (30.5323%)
entry 796000/2577596 (30.8815%)
entry 804000/2577596 (31.1919%)
entry 805000/2577596 (31.2306%)
entry 806000/2577596 (31.2694%)
entry 814000/2577596 (31.5798%)
entry 819000/2577596 (31.7738%)
entry 821000/2577596 (31.8514%)
entry 823000/2577596 (31.929%)
entry 827000/2577596 (32.0842%)
entry 829000/2577596 (32.1618%)
entry 837000/2577596 (32.4721%)
entry 838000/2577596 (32.5109%)
entry 848000/2577596 (32.8989%)
entry 850000/2577596 (32.9765%)
entry 851000/2577596 (33.0153%)
entry 853000/2577596 (33.0929%)
entry 855000/2577596 (33.1704%)
entry 856000/2577596 (33.2092%)
entry 865000/2577596 (33.5584%)
entry 866000/2577596 (33.5972%)
entry 867000/2577596 (33.636%)
entry 870000/2577596 (33.7524%)
entry 873000/2577596 (33.8688%)
entry 881000/2577596 (34.1791%)
entry 889000/2577596 (34.4895%)
entry 891000/2577596 (34.5671%)
entry 893000/2577596 (34.6447%)
entry 900000/2577596 (34.9163%)
entry 902000/2577596 (34.9938%)
entry 905000/2577596 (35.1102%)
entry 906000/2577596 (35.149%)
entry 910000/2577596 (35.3042%)
entry 911000/2577596 (35.343%)
entry 912000/2577596 (35.3818%)
entry 914000/2577596 (35.4594%)
entry 916000/2577596 (35.537%)
entry 918000/2577596 (35.6146%)
entry 920000/2577596 (35.6922%)
entry 923000/2577596 (35.8086%)
entry 928000/2577596 (36.0025%)
entry 929000/2577596 (36.0413%)
entry 932000/2577596 (36.1577%)
entry 938000/2577596 (36.3905%)
entry 942000/2577596 (36.5457%)
entry 945000/2577596 (36.6621%)
entry 949000/2577596 (36.8173%)
entry 958000/2577596 (37.1664%)
entry 959000/2577596 (37.2052%)
entry 961000/2577596 (37.2828%)
entry 963000/2577596 (37.3604%)
entry 970000/2577596 (37.632%)
entry 972000/2577596 (37.7096%)
entry 975000/2577596 (37.8259%)
entry 979000/2577596 (37.9811%)
entry 983000/2577596 (38.1363%)
entry 987000/2577596 (38.2915%)
entry 990000/2577596 (38.4079%)
entry 993000/2577596 (38.5243%)
entry 997000/2577596 (38.6795%)
entry 1003000/2577596 (38.9122%)
entry 1005000/2577596 (38.9898%)
entry 1010000/2577596 (39.1838%)
entry 1011000/2577596 (39.2226%)
entry 1013000/2577596 (39.3002%)
entry 1014000/2577596 (39.339%)
entry 1015000/2577596 (39.3778%)
entry 1018000/2577596 (39.4942%)
entry 1020000/2577596 (39.5718%)
entry 1022000/2577596 (39.6493%)
entry 1028000/2577596 (39.8821%)
entry 1029000/2577596 (39.9209%)
entry 1031000/2577596 (39.9985%)
entry 1032000/2577596 (40.0373%)
entry 1037000/2577596 (40.2313%)
entry 1039000/2577596 (40.3089%)
entry 1043000/2577596 (40.4641%)
entry 1046000/2577596 (40.5804%)
entry 1047000/2577596 (40.6192%)
entry 1049000/2577596 (40.6968%)
entry 1050000/2577596 (40.7356%)
entry 1054000/2577596 (40.8908%)
entry 1055000/2577596 (40.9296%)
entry 1057000/2577596 (41.0072%)
entry 1059000/2577596 (41.0848%)
entry 1060000/2577596 (41.1236%)
entry 1063000/2577596 (41.24%)
entry 1066000/2577596 (41.3564%)
entry 1067000/2577596 (41.3952%)
entry 1068000/2577596 (41.434%)
entry 1075000/2577596 (41.7055%)
entry 1077000/2577596 (41.7831%)
entry 1080000/2577596 (41.8995%)
entry 1085000/2577596 (42.0935%)
entry 1086000/2577596 (42.1323%)
entry 1087000/2577596 (42.1711%)
entry 1093000/2577596 (42.4039%)
entry 1097000/2577596 (42.559%)
entry 1098000/2577596 (42.5978%)
entry 1100000/2577596 (42.6754%)
entry 1101000/2577596 (42.7142%)
entry 1103000/2577596 (42.7918%)
entry 1104000/2577596 (42.8306%)
entry 1105000/2577596 (42.8694%)
entry 1109000/2577596 (43.0246%)
entry 1112000/2577596 (43.141%)
entry 1113000/2577596 (43.1798%)
entry 1114000/2577596 (43.2186%)
entry 1122000/2577596 (43.5289%)
entry 1126000/2577596 (43.6841%)
entry 1127000/2577596 (43.7229%)
entry 1128000/2577596 (43.7617%)
entry 1133000/2577596 (43.9557%)
entry 1134000/2577596 (43.9945%)
entry 1138000/2577596 (44.1497%)
entry 1139000/2577596 (44.1885%)
entry 1142000/2577596 (44.3048%)
entry 1145000/2577596 (44.4212%)
entry 1155000/2577596 (44.8092%)
entry 1157000/2577596 (44.8868%)
entry 1161000/2577596 (45.042%)
entry 1165000/2577596 (45.1972%)
entry 1166000/2577596 (45.2359%)
entry 1168000/2577596 (45.3135%)
entry 1169000/2577596 (45.3523%)
entry 1170000/2577596 (45.3911%)
entry 1172000/2577596 (45.4687%)
entry 1175000/2577596 (45.5851%)
entry 1177000/2577596 (45.6627%)
entry 1189000/2577596 (46.1283%)
entry 1194000/2577596 (46.3222%)
entry 1196000/2577596 (46.3998%)
entry 1200000/2577596 (46.555%)
entry 1202000/2577596 (46.6326%)
entry 1213000/2577596 (47.0594%)
entry 1218000/2577596 (47.2533%)
entry 1222000/2577596 (47.4085%)
entry 1227000/2577596 (47.6025%)
entry 1229000/2577596 (47.6801%)
entry 1232000/2577596 (47.7965%)
entry 1233000/2577596 (47.8353%)
entry 1234000/2577596 (47.8741%)
entry 1235000/2577596 (47.9129%)
entry 1244000/2577596 (48.262%)
entry 1247000/2577596 (48.3784%)
entry 1248000/2577596 (48.4172%)
entry 1253000/2577596 (48.6112%)
entry 1255000/2577596 (48.6888%)
entry 1259000/2577596 (48.844%)
entry 1265000/2577596 (49.0767%)
entry 1267000/2577596 (49.1543%)
entry 1268000/2577596 (49.1931%)
entry 1269000/2577596 (49.2319%)
entry 1270000/2577596 (49.2707%)
entry 1278000/2577596 (49.5811%)
entry 1281000/2577596 (49.6975%)
entry 1288000/2577596 (49.969%)
entry 1290000/2577596 (50.0466%)
entry 1293000/2577596 (50.163%)
entry 1297000/2577596 (50.3182%)
entry 1298000/2577596 (50.357%)
entry 1304000/2577596 (50.5898%)
entry 1305000/2577596 (50.6286%)
entry 1313000/2577596 (50.9389%)
entry 1314000/2577596 (50.9777%)
entry 1315000/2577596 (51.0165%)
entry 1323000/2577596 (51.3269%)
entry 1325000/2577596 (51.4045%)
entry 1331000/2577596 (51.6373%)
entry 1342000/2577596 (52.064%)
entry 1343000/2577596 (52.1028%)
entry 1348000/2577596 (52.2968%)
entry 1352000/2577596 (52.452%)
entry 1354000/2577596 (52.5296%)
entry 1355000/2577596 (52.5684%)
entry 1358000/2577596 (52.6847%)
entry 1359000/2577596 (52.7235%)
entry 1361000/2577596 (52.8011%)
entry 1363000/2577596 (52.8787%)
entry 1364000/2577596 (52.9175%)
entry 1366000/2577596 (52.9951%)
entry 1368000/2577596 (53.0727%)
entry 1371000/2577596 (53.1891%)
entry 1373000/2577596 (53.2667%)
entry 1374000/2577596 (53.3055%)
entry 1378000/2577596 (53.4607%)
entry 1380000/2577596 (53.5383%)
entry 1383000/2577596 (53.6546%)
entry 1389000/2577596 (53.8874%)
entry 1390000/2577596 (53.9262%)
entry 1395000/2577596 (54.1202%)
entry 1398000/2577596 (54.2366%)
entry 1401000/2577596 (54.353%)
entry 1402000/2577596 (54.3918%)
entry 1405000/2577596 (54.5082%)
entry 1410000/2577596 (54.7021%)
entry 1411000/2577596 (54.7409%)
entry 1412000/2577596 (54.7797%)
entry 1413000/2577596 (54.8185%)
entry 1421000/2577596 (55.1289%)
entry 1427000/2577596 (55.3617%)
entry 1433000/2577596 (55.5944%)
entry 1437000/2577596 (55.7496%)
entry 1443000/2577596 (55.9824%)
entry 1451000/2577596 (56.2928%)
entry 1452000/2577596 (56.3316%)
entry 1453000/2577596 (56.3704%)
entry 1461000/2577596 (56.6807%)
entry 1462000/2577596 (56.7195%)
entry 1464000/2577596 (56.7971%)
entry 1465000/2577596 (56.8359%)
entry 1467000/2577596 (56.9135%)
entry 1470000/2577596 (57.0299%)
entry 1473000/2577596 (57.1463%)
entry 1475000/2577596 (57.2239%)
entry 1480000/2577596 (57.4178%)
entry 1485000/2577596 (57.6118%)
entry 1487000/2577596 (57.6894%)
entry 1489000/2577596 (57.767%)
entry 1498000/2577596 (58.1162%)
entry 1503000/2577596 (58.3101%)
entry 1505000/2577596 (58.3877%)
entry 1506000/2577596 (58.4265%)
entry 1510000/2577596 (58.5817%)
entry 1511000/2577596 (58.6205%)
entry 1514000/2577596 (58.7369%)
entry 1520000/2577596 (58.9697%)
entry 1525000/2577596 (59.1637%)
entry 1526000/2577596 (59.2025%)
entry 1528000/2577596 (59.28%)
entry 1529000/2577596 (59.3188%)
entry 1533000/2577596 (59.474%)
entry 1540000/2577596 (59.7456%)
entry 1546000/2577596 (59.9784%)
entry 1547000/2577596 (60.0172%)
entry 1550000/2577596 (60.1336%)
entry 1553000/2577596 (60.2499%)
entry 1558000/2577596 (60.4439%)
entry 1560000/2577596 (60.5215%)
entry 1565000/2577596 (60.7155%)
entry 1567000/2577596 (60.7931%)
entry 1569000/2577596 (60.8707%)
entry 1570000/2577596 (60.9095%)
entry 1571000/2577596 (60.9483%)
entry 1573000/2577596 (61.0259%)
entry 1578000/2577596 (61.2198%)
entry 1586000/2577596 (61.5302%)
entry 1587000/2577596 (61.569%)
entry 1591000/2577596 (61.7242%)
entry 1597000/2577596 (61.957%)
entry 1598000/2577596 (61.9958%)
entry 1600000/2577596 (62.0733%)
entry 1601000/2577596 (62.1121%)
entry 1603000/2577596 (62.1897%)
entry 1608000/2577596 (62.3837%)
entry 1611000/2577596 (62.5001%)
entry 1616000/2577596 (62.6941%)
entry 1617000/2577596 (62.7329%)
entry 1620000/2577596 (62.8493%)
entry 1621000/2577596 (62.8881%)
entry 1623000/2577596 (62.9656%)
entry 1626000/2577596 (63.082%)
entry 1628000/2577596 (63.1596%)
entry 1629000/2577596 (63.1984%)
entry 1636000/2577596 (63.47%)
entry 1639000/2577596 (63.5864%)
entry 1641000/2577596 (63.664%)
entry 1644000/2577596 (63.7804%)
entry 1646000/2577596 (63.8579%)
entry 1647000/2577596 (63.8967%)
entry 1649000/2577596 (63.9743%)
entry 1670000/2577596 (64.7891%)
entry 1674000/2577596 (64.9442%)
entry 1676000/2577596 (65.0218%)
entry 1686000/2577596 (65.4098%)
entry 1688000/2577596 (65.4874%)
entry 1693000/2577596 (65.6814%)
entry 1697000/2577596 (65.8365%)
entry 1700000/2577596 (65.9529%)
entry 1702000/2577596 (66.0305%)
entry 1705000/2577596 (66.1469%)
entry 1707000/2577596 (66.2245%)
entry 1710000/2577596 (66.3409%)
entry 1719000/2577596 (66.69%)
entry 1721000/2577596 (66.7676%)
entry 1722000/2577596 (66.8064%)
entry 1734000/2577596 (67.272%)
entry 1735000/2577596 (67.3108%)
entry 1736000/2577596 (67.3496%)
entry 1741000/2577596 (67.5436%)
entry 1756000/2577596 (68.1255%)
entry 1758000/2577596 (68.2031%)
entry 1764000/2577596 (68.4359%)
entry 1771000/2577596 (68.7074%)
entry 1776000/2577596 (68.9014%)
entry 1778000/2577596 (68.979%)
entry 1785000/2577596 (69.2506%)
entry 1789000/2577596 (69.4058%)
entry 1790000/2577596 (69.4446%)
entry 1793000/2577596 (69.5609%)
entry 1803000/2577596 (69.9489%)
entry 1804000/2577596 (69.9877%)
entry 1806000/2577596 (70.0653%)
entry 1809000/2577596 (70.1817%)
entry 1810000/2577596 (70.2205%)
entry 1811000/2577596 (70.2593%)
entry 1812000/2577596 (70.2981%)
entry 1819000/2577596 (70.5696%)
entry 1826000/2577596 (70.8412%)
entry 1827000/2577596 (70.88%)
entry 1829000/2577596 (70.9576%)
entry 1832000/2577596 (71.074%)
entry 1835000/2577596 (71.1904%)
entry 1836000/2577596 (71.2292%)
entry 1838000/2577596 (71.3068%)
entry 1843000/2577596 (71.5007%)
entry 1844000/2577596 (71.5395%)
entry 1847000/2577596 (71.6559%)
entry 1851000/2577596 (71.8111%)
entry 1855000/2577596 (71.9663%)
entry 1858000/2577596 (72.0827%)
entry 1862000/2577596 (72.2379%)
entry 1864000/2577596 (72.3154%)
entry 1877000/2577596 (72.8198%)
entry 1880000/2577596 (72.9362%)
entry 1881000/2577596 (72.975%)
entry 1882000/2577596 (73.0138%)
entry 1883000/2577596 (73.0526%)
entry 1886000/2577596 (73.169%)
entry 1887000/2577596 (73.2077%)
entry 1888000/2577596 (73.2465%)
entry 1890000/2577596 (73.3241%)
entry 1891000/2577596 (73.3629%)
entry 1895000/2577596 (73.5181%)
entry 1896000/2577596 (73.5569%)
entry 1903000/2577596 (73.8285%)
entry 1905000/2577596 (73.9061%)
entry 1915000/2577596 (74.294%)
entry 1916000/2577596 (74.3328%)
entry 1918000/2577596 (74.4104%)
entry 1923000/2577596 (74.6044%)
entry 1926000/2577596 (74.7208%)
entry 1931000/2577596 (74.9148%)
entry 1935000/2577596 (75.0699%)
entry 1938000/2577596 (75.1863%)
entry 1939000/2577596 (75.2251%)
entry 1941000/2577596 (75.3027%)
entry 1942000/2577596 (75.3415%)
entry 1945000/2577596 (75.4579%)
entry 1948000/2577596 (75.5743%)
entry 1949000/2577596 (75.6131%)
entry 1951000/2577596 (75.6907%)
entry 1953000/2577596 (75.7683%)
entry 1957000/2577596 (75.9235%)
entry 1964000/2577596 (76.195%)
entry 1966000/2577596 (76.2726%)
entry 1967000/2577596 (76.3114%)
entry 1968000/2577596 (76.3502%)
entry 1969000/2577596 (76.389%)
entry 1970000/2577596 (76.4278%)
entry 1974000/2577596 (76.583%)
entry 1975000/2577596 (76.6218%)
entry 1981000/2577596 (76.8546%)
entry 1982000/2577596 (76.8934%)
entry 1987000/2577596 (77.0873%)
entry 1997000/2577596 (77.4753%)
entry 1998000/2577596 (77.5141%)
entry 1999000/2577596 (77.5529%)
entry 2004000/2577596 (77.7469%)
entry 2006000/2577596 (77.8245%)
entry 2007000/2577596 (77.8633%)
entry 2009000/2577596 (77.9408%)
entry 2011000/2577596 (78.0184%)
entry 2013000/2577596 (78.096%)
entry 2017000/2577596 (78.2512%)
entry 2022000/2577596 (78.4452%)
entry 2024000/2577596 (78.5228%)
entry 2026000/2577596 (78.6004%)
entry 2036000/2577596 (78.9883%)
entry 2037000/2577596 (79.0271%)
entry 2038000/2577596 (79.0659%)
entry 2039000/2577596 (79.1047%)
entry 2042000/2577596 (79.2211%)
entry 2043000/2577596 (79.2599%)
entry 2045000/2577596 (79.3375%)
entry 2047000/2577596 (79.4151%)
entry 2053000/2577596 (79.6479%)
entry 2058000/2577596 (79.8418%)
entry 2060000/2577596 (79.9194%)
entry 2067000/2577596 (80.191%)
entry 2075000/2577596 (80.5014%)
entry 2079000/2577596 (80.6566%)
entry 2081000/2577596 (80.7341%)
entry 2082000/2577596 (80.7729%)
entry 2085000/2577596 (80.8893%)
entry 2086000/2577596 (80.9281%)
entry 2088000/2577596 (81.0057%)
entry 2090000/2577596 (81.0833%)
entry 2092000/2577596 (81.1609%)
entry 2093000/2577596 (81.1997%)
entry 2095000/2577596 (81.2773%)
entry 2097000/2577596 (81.3549%)
entry 2102000/2577596 (81.5489%)
entry 2105000/2577596 (81.6652%)
entry 2109000/2577596 (81.8204%)
entry 2111000/2577596 (81.898%)
entry 2119000/2577596 (82.2084%)
entry 2120000/2577596 (82.2472%)
entry 2121000/2577596 (82.286%)
entry 2122000/2577596 (82.3248%)
entry 2127000/2577596 (82.5188%)
entry 2136000/2577596 (82.8679%)
entry 2139000/2577596 (82.9843%)
entry 2144000/2577596 (83.1783%)
entry 2151000/2577596 (83.4499%)
entry 2156000/2577596 (83.6438%)
entry 2161000/2577596 (83.8378%)
entry 2163000/2577596 (83.9154%)
entry 2164000/2577596 (83.9542%)
entry 2167000/2577596 (84.0706%)
entry 2168000/2577596 (84.1094%)
entry 2171000/2577596 (84.2258%)
entry 2173000/2577596 (84.3034%)
entry 2174000/2577596 (84.3422%)
entry 2178000/2577596 (84.4973%)
entry 2181000/2577596 (84.6137%)
entry 2183000/2577596 (84.6913%)
entry 2185000/2577596 (84.7689%)
entry 2187000/2577596 (84.8465%)
entry 2190000/2577596 (84.9629%)
entry 2192000/2577596 (85.0405%)
entry 2199000/2577596 (85.3121%)
entry 2200000/2577596 (85.3508%)
entry 2201000/2577596 (85.3896%)
entry 2202000/2577596 (85.4284%)
entry 2203000/2577596 (85.4672%)
entry 2204000/2577596 (85.506%)
entry 2207000/2577596 (85.6224%)
entry 2211000/2577596 (85.7776%)
entry 2212000/2577596 (85.8164%)
entry 2214000/2577596 (85.894%)
entry 2216000/2577596 (85.9716%)
entry 2219000/2577596 (86.088%)
entry 2221000/2577596 (86.1656%)
entry 2224000/2577596 (86.2819%)
entry 2225000/2577596 (86.3207%)
entry 2226000/2577596 (86.3595%)
entry 2227000/2577596 (86.3983%)
entry 2229000/2577596 (86.4759%)
entry 2231000/2577596 (86.5535%)
entry 2236000/2577596 (86.7475%)
entry 2237000/2577596 (86.7863%)
entry 2238000/2577596 (86.8251%)
entry 2241000/2577596 (86.9415%)
entry 2247000/2577596 (87.1742%)
entry 2251000/2577596 (87.3294%)
entry 2253000/2577596 (87.407%)
entry 2264000/2577596 (87.8338%)
entry 2266000/2577596 (87.9114%)
entry 2267000/2577596 (87.9502%)
entry 2268000/2577596 (87.989%)
entry 2269000/2577596 (88.0278%)
entry 2270000/2577596 (88.0666%)
entry 2280000/2577596 (88.4545%)
entry 2284000/2577596 (88.6097%)
entry 2291000/2577596 (88.8813%)
entry 2294000/2577596 (88.9977%)
entry 2296000/2577596 (89.0752%)
entry 2297000/2577596 (89.114%)
entry 2298000/2577596 (89.1528%)
entry 2304000/2577596 (89.3856%)
entry 2306000/2577596 (89.4632%)
entry 2307000/2577596 (89.502%)
entry 2308000/2577596 (89.5408%)
entry 2316000/2577596 (89.8512%)
entry 2318000/2577596 (89.9288%)
entry 2319000/2577596 (89.9675%)
entry 2321000/2577596 (90.0451%)
entry 2322000/2577596 (90.0839%)
entry 2324000/2577596 (90.1615%)
entry 2325000/2577596 (90.2003%)
entry 2326000/2577596 (90.2391%)
entry 2332000/2577596 (90.4719%)
entry 2336000/2577596 (90.6271%)
entry 2342000/2577596 (90.8599%)
entry 2347000/2577596 (91.0538%)
entry 2352000/2577596 (91.2478%)
entry 2353000/2577596 (91.2866%)
entry 2356000/2577596 (91.403%)
entry 2357000/2577596 (91.4418%)
entry 2360000/2577596 (91.5582%)
entry 2361000/2577596 (91.597%)
entry 2363000/2577596 (91.6746%)
entry 2366000/2577596 (91.791%)
entry 2375000/2577596 (92.1401%)
entry 2376000/2577596 (92.1789%)
entry 2380000/2577596 (92.3341%)
entry 2381000/2577596 (92.3729%)
entry 2382000/2577596 (92.4117%)
entry 2385000/2577596 (92.5281%)
entry 2386000/2577596 (92.5669%)
entry 2388000/2577596 (92.6445%)
entry 2391000/2577596 (92.7608%)
entry 2395000/2577596 (92.916%)
entry 2397000/2577596 (92.9936%)
entry 2398000/2577596 (93.0324%)
entry 2400000/2577596 (93.11%)
entry 2402000/2577596 (93.1876%)
entry 2403000/2577596 (93.2264%)
entry 2404000/2577596 (93.2652%)
entry 2406000/2577596 (93.3428%)
entry 2424000/2577596 (94.0411%)
entry 2425000/2577596 (94.0799%)
entry 2429000/2577596 (94.2351%)
entry 2435000/2577596 (94.4679%)
entry 2436000/2577596 (94.5067%)
entry 2442000/2577596 (94.7394%)
entry 2443000/2577596 (94.7782%)
entry 2444000/2577596 (94.817%)
entry 2447000/2577596 (94.9334%)
entry 2451000/2577596 (95.0886%)
entry 2454000/2577596 (95.205%)
entry 2458000/2577596 (95.3602%)
entry 2460000/2577596 (95.4378%)
entry 2462000/2577596 (95.5154%)
entry 2464000/2577596 (95.5929%)
entry 2469000/2577596 (95.7869%)
entry 2470000/2577596 (95.8257%)
entry 2471000/2577596 (95.8645%)
entry 2473000/2577596 (95.9421%)
entry 2474000/2577596 (95.9809%)
entry 2477000/2577596 (96.0973%)
entry 2480000/2577596 (96.2137%)
entry 2483000/2577596 (96.3301%)
entry 2484000/2577596 (96.3689%)
entry 2488000/2577596 (96.524%)
entry 2493000/2577596 (96.718%)
entry 2494000/2577596 (96.7568%)
entry 2503000/2577596 (97.106%)
entry 2507000/2577596 (97.2612%)
entry 2511000/2577596 (97.4164%)
entry 2513000/2577596 (97.4939%)
entry 2515000/2577596 (97.5715%)
entry 2517000/2577596 (97.6491%)
entry 2519000/2577596 (97.7267%)
entry 2523000/2577596 (97.8819%)
entry 2524000/2577596 (97.9207%)
entry 2529000/2577596 (98.1147%)
entry 2531000/2577596 (98.1923%)
entry 2532000/2577596 (98.2311%)
entry 2538000/2577596 (98.4638%)
entry 2542000/2577596 (98.619%)
entry 2543000/2577596 (98.6578%)
entry 2544000/2577596 (98.6966%)
entry 2545000/2577596 (98.7354%)
entry 2546000/2577596 (98.7742%)
entry 2550000/2577596 (98.9294%)
entry 2551000/2577596 (98.9682%)
entry 2553000/2577596 (99.0458%)
entry 2558000/2577596 (99.2398%)
entry 2561000/2577596 (99.3561%)
entry 2567000/2577596 (99.5889%)
entry 2572000/2577596 (99.7829%)
entry 2574000/2577596 (99.8605%)
entry 2575000/2577596 (99.8993%)
entry 2576000/2577596 (99.9381%)
entry 2577000/2577596 (99.9769%)
all done
script done
