sphnx1078.sdcc.bnl.gov
rsyncing from /gpfs/mnt/gpfs02/sphenix/user/samfred/run25/ppg11/histmaking
running: /gpfs/mnt/gpfs02/sphenix/user/samfred/run25/ppg11/histmaking/script_data.sh 47979
LD_LIBRARY_PATH now /sphenix/user/samfred/run25/install//lib:/cvmfs/sphenix.sdcc.bnl.gov/alma9.2-gcc-14.2.0/opt/sphenix/core/gcc/14.2.0-2f0a0/x86_64-el9/lib:/cvmfs/sphenix.sdcc.bnl.gov/alma9.2-gcc-14.2.0/opt/sphenix/core/gcc/14.2.0-2f0a0/x86_64-el9/lib64:/cvmfs/sphenix.sdcc.bnl.gov/alma9.2-gcc-14.2.0/opt/sphenix/core/binutils/2.40-acaab/x86_64-el9/lib:.:/cvmfs/sphenix.sdcc.bnl.gov/alma9.2-gcc-14.2.0/release/release_new/new.10/lib64:/cvmfs/sphenix.sdcc.bnl.gov/alma9.2-gcc-14.2.0/release/release_new/new.10/lib:/cvmfs/sphenix.sdcc.bnl.gov/alma9.2-gcc-14.2.0/opt/sphenix/utils/lib:/cvmfs/sphenix.sdcc.bnl.gov/alma9.2-gcc-14.2.0/opt/sphenix/core/lib:/cvmfs/sphenix.sdcc.bnl.gov/alma9.2-gcc-14.2.0/opt/sphenix/core/root-6.32.06/lib:/cvmfs/sphenix.sdcc.bnl.gov/alma9.2-gcc-14.2.0/opt/sphenix/core/geant4.10.07.p04/lib64:/cvmfs/sphenix.sdcc.bnl.gov/alma9.2-gcc-14.2.0/opt/sphenix/core/lhapdf-5.9.1/lib:/usr/local/lib64:/usr/lib64
PATH now /sphenix/user/samfred/run25/install//bin:/cvmfs/sphenix.sdcc.bnl.gov/alma9.2-gcc-14.2.0/opt/sphenix/core/gcc/14.2.0-2f0a0/x86_64-el9/bin:/cvmfs/sphenix.sdcc.bnl.gov/alma9.2-gcc-14.2.0/opt/sphenix/core/binutils/2.40-acaab/x86_64-el9/bin:.:/cvmfs/sphenix.sdcc.bnl.gov/alma9.2-gcc-14.2.0/release/release_new/new.10/bin:/cvmfs/sphenix.sdcc.bnl.gov/alma9.2-gcc-14.2.0/opt/sphenix/utils/bin:/cvmfs/sphenix.sdcc.bnl.gov/alma9.2-gcc-14.2.0/opt/sphenix/core/bin:/cvmfs/sphenix.sdcc.bnl.gov/alma9.2-gcc-14.2.0/opt/sphenix/core/root-6.32.06/bin:/cvmfs/sphenix.sdcc.bnl.gov/alma9.2-gcc-14.2.0/opt/sphenix/core/geant4.10.07.p04/bin:/usr/local/bin:/usr/bin:/usr/local/sbin:/usr/sbin
SINGULARITY_CACHEDIR=/home/condor/local/sphnx/execute/dir_4183858
_CONDOR_CHIRP_CONFIG=/home/condor/local/sphnx/execute/dir_4183858/.chirp.config
_CONDOR_JOB_IWD=/sphenix/user/samfred/run25/ppg11/histmaking
G4ENSDFSTATEDATA=/cvmfs/sphenix.sdcc.bnl.gov/alma9.2-gcc-14.2.0/opt/sphenix/core/geant4.10.07.p04/share/Geant4-10.7.4/data/G4ENSDFSTATE2.3
_CONDOR_MACHINE_AD=/home/condor/local/sphnx/execute/dir_4183858/.machine.ad
ROOT_MAX_THREADS=1
NUMEXPR_NUM_THREADS=1
CUBACORES=1
_CHIRP_DELAYED_UPDATE_PREFIX=Chirp*
OMP_THREAD_LIMIT=1
G4PIIDATA=/cvmfs/sphenix.sdcc.bnl.gov/alma9.2-gcc-14.2.0/opt/sphenix/core/geant4.10.07.p04/share/Geant4-10.7.4/data/G4PII1.3
NO_AT_BRIDGE=1
G4_MAIN=/cvmfs/sphenix.sdcc.bnl.gov/alma9.2-gcc-14.2.0/opt/sphenix/core/geant4.10.07.p04
COMPILER_PATH=/cvmfs/sphenix.sdcc.bnl.gov/alma9.2-gcc-14.2.0/opt/sphenix/core/gcc/14.2.0-2f0a0/x86_64-el9
ROOT_INCLUDE_PATH=./:/sphenix/user/samfred/run25/install//include:/sphenix/user/samfred/run25/install//include/caloana:/sphenix/user/samfred/run25/install//include/qa_centrality:/sphenix/user/samfred/run25/install//include/mbdana:/sphenix/user/samfred/run25/install//include/centrality:/sphenix/user/samfred/run25/install//include/Event:/cvmfs/sphenix.sdcc.bnl.gov/alma9.2-gcc-14.2.0/release/release_new/new.10/include:/cvmfs/sphenix.sdcc.bnl.gov/alma9.2-gcc-14.2.0/release/release_new/new.10/include:/cvmfs/sphenix.sdcc.bnl.gov/alma9.2-gcc-14.2.0/release/release_new/new.10/include/g4mbd:/cvmfs/sphenix.sdcc.bnl.gov/alma9.2-gcc-14.2.0/release/release_new/new.10/include/fmt:/cvmfs/sphenix.sdcc.bnl.gov/alma9.2-gcc-14.2.0/release/release_new/new.10/include/ffarawobjects:/cvmfs/sphenix.sdcc.bnl.gov/alma9.2-gcc-14.2.0/release/release_new/new.10/include/JSON:/cvmfs/sphenix.sdcc.bnl.gov/alma9.2-gcc-14.2.0/release/release_new/new.10/include/calotreegen:/cvmfs/sphenix.sdcc.bnl.gov/alma9.2-gcc-14.2.0/release/release_new/new.10/include/torch:/cvmfs/sphenix.sdcc.bnl.gov/alma9.2-gcc-14.2.0/release/release_new/new.10/include/g4detectors:/cvmfs/sphenix.sdcc.bnl.gov/alma9.2-gcc-14.2.0/release/release_new/new.10/include/kineto:/cvmfs/sphenix.sdcc.bnl.gov/alma9.2-gcc-14.2.0/release/release_new/new.10/include/g4decayer:/cvmfs/sphenix.sdcc.bnl.gov/alma9.2-gcc-14.2.0/release/release_new/new.10/include/kfparticleqa:/cvmfs/sphenix.sdcc.bnl.gov/alma9.2-gcc-14.2.0/release/release_new/new.10/include/phfield:/cvmfs/sphenix.sdcc.bnl.gov/alma9.2-gcc-14.2.0/release/release_new/new.10/include/LHAPDF:/cvmfs/sphenix.sdcc.bnl.gov/alma9.2-gcc-14.2.0/release/release_new/new.10/include/readdigitalcurrents:/cvmfs/sphenix.sdcc.bnl.gov/alma9.2-gcc-14.2.0/release/release_new/new.10/include/c10:/cvmfs/sphenix.sdcc.bnl.gov/alma9.2-gcc-14.2.0/release/release_new/new.10/include/calovalid:/cvmfs/sphenix.sdcc.bnl.gov/alma9.2-gcc-14.2.0/release/release_new/new.10/include/oneapi:/cvmfs/sphenix.sdcc.bnl.gov/alma9.2-gcc-14.2.0/release/release_new/new.10/include/DDCond:/cvmfs/sphenix.sdcc.bnl.gov/alma9.2-gcc-14.2.0/release/release_new/new.10/include/g4tracking:/cvmfs/sphenix.sdcc.bnl.gov/alma9.2-gcc-14.2.0/release/release_new/new.10/include/litecaloeval:/cvmfs/sphenix.sdcc.bnl.gov/alma9.2-gcc-14.2.0/release/release_new/new.10/include/g4intt:/cvmfs/sphenix.sdcc.bnl.gov/alma9.2-gcc-14.2.0/release/release_new/new.10/include/phool:/cvmfs/sphenix.sdcc.bnl.gov/alma9.2-gcc-14.2.0/release/release_new/new.10/include/boost:/cvmfs/sphenix.sdcc.bnl.gov/alma9.2-gcc-14.2.0/release/release_new/new.10/include/Pythia8Plugins:/cvmfs/sphenix.sdcc.bnl.gov/alma9.2-gcc-14.2.0/release/release_new/new.10/include/calib_emc_pi0:/cvmfs/sphenix.sdcc.bnl.gov/alma9.2-gcc-14.2.0/release/release_new/new.10/include/hijingflipafterburner:/cvmfs/sphenix.sdcc.bnl.gov/alma9.2-gcc-14.2.0/release/release_new/new.10/include/ffaobjects:/cvmfs/sphenix.sdcc.bnl.gov/alma9.2-gcc-14.2.0/release/release_new/new.10/include/EvtGenBase:/cvmfs/sphenix.sdcc.bnl.gov/alma9.2-gcc-14.2.0/release/release_new/new.10/include/flowafterburner:/cvmfs/sphenix.sdcc.bnl.gov/alma9.2-gcc-14.2.0/release/release_new/new.10/include/google:/cvmfs/sphenix.sdcc.bnl.gov/alma9.2-gcc-14.2.0/release/release_new/new.10/include/g4tpc:/cvmfs/sphenix.sdcc.bnl.gov/alma9.2-gcc-14.2.0/release/release_new/new.10/include/caffe2:/cvmfs/sphenix.sdcc.bnl.gov/alma9.2-gcc-14.2.0/release/release_new/new.10/include/EvtGenExternal:/cvmfs/sphenix.sdcc.bnl.gov/alma9.2-gcc-14.2.0/release/release_new/new.10/include/fp16:/cvmfs/sphenix.sdcc.bnl.gov/alma9.2-gcc-14.2.0/release/release_new/new.10/include/ffamodules:/cvmfs/sphenix.sdcc.bnl.gov/alma9.2-gcc-14.2.0/release/release_new/new.10/include/uspin:/cvmfs/sphenix.sdcc.bnl.gov/alma9.2-gcc-14.2.0/release/release_new/new.10/include/Herwig:/cvmfs/sphenix.sdcc.bnl.gov/alma9.2-gcc-14.2.0/release/release_new/new.10/include/genfitexp:/cvmfs/sphenix.sdcc.bnl.gov/alma9.2-gcc-14.2.0/release/release_new/new.10/include/XML:/cvmfs/sphenix.sdcc.bnl.gov/alma9.2-gcc-14.2.0/release/release_new/new.10/include/fbgemm:/cvmfs/sphenix.sdcc.bnl.gov/alma9.2-gcc-14.2.0/release/release_new/new.10/include/DDAlign:/cvmfs/sphenix.sdcc.bnl.gov/alma9.2-gcc-14.2.0/release/release_new/new.10/include/g4mvtx:/cvmfs/sphenix.sdcc.bnl.gov/alma9.2-gcc-14.2.0/release/release_new/new.10/include/kfparticle_sphenix:/cvmfs/sphenix.sdcc.bnl.gov/alma9.2-gcc-14.2.0/release/release_new/new.10/include/fun4all:/cvmfs/sphenix.sdcc.bnl.gov/alma9.2-gcc-14.2.0/release/release_new/new.10/include/intt:/cvmfs/sphenix.sdcc.bnl.gov/alma9.2-gcc-14.2.0/release/release_new/new.10/include/eventdisplay:/cvmfs/sphenix.sdcc.bnl.gov/alma9.2-gcc-14.2.0/release/release_new/new.10/include/EvtGen:/cvmfs/sphenix.sdcc.bnl.gov/alma9.2-gcc-14.2.0/release/release_new/new.10/include/Evaluator:/cvmfs/sphenix.sdcc.bnl.gov/alma9.2-gcc-14.2.0/release/release_new/new.10/include/tpc:/cvmfs/sphenix.sdcc.bnl.gov/alma9.2-gcc-14.2.0/release/release_new/new.10/include/GenFit:/cvmfs/sphenix.sdcc.bnl.gov/alma9.2-gcc-14.2.0/release/release_new/new.10/include/prototype4:/cvmfs/sphenix.sdcc.bnl.gov/alma9.2-gcc-14.2.0/release/release_new/new.10/include/caloembedding:/cvmfs/sphenix.sdcc.bnl.gov/alma9.2-gcc-14.2.0/release/release_new/new.10/include/EvtGenModels:/cvmfs/sphenix.sdcc.bnl.gov/alma9.2-gcc-14.2.0/release/release_new/new.10/include/fastjet:/cvmfs/sphenix.sdcc.bnl.gov/alma9.2-gcc-14.2.0/release/release_new/new.10/include/DDG4:/cvmfs/sphenix.sdcc.bnl.gov/alma9.2-gcc-14.2.0/release/release_new/new.10/include/mbd:/cvmfs/sphenix.sdcc.bnl.gov/alma9.2-gcc-14.2.0/release/release_new/new.10/include/tbb:/cvmfs/sphenix.sdcc.bnl.gov/alma9.2-gcc-14.2.0/release/release_new/new.10/include/phgeom:/cvmfs/sphenix.sdcc.bnl.gov/alma9.2-gcc-14.2.0/release/release_new/new.10/include/g4epd:/cvmfs/sphenix.sdcc.bnl.gov/alma9.2-gcc-14.2.0/release/release_new/new.10/include/oncal:/cvmfs/sphenix.sdcc.bnl.gov/alma9.2-gcc-14.2.0/release/release_new/new.10/include/pybind11:/cvmfs/sphenix.sdcc.bnl.gov/alma9.2-gcc-14.2.0/release/release_new/new.10/include/tpcdistgenerator:/cvmfs/sphenix.sdcc.bnl.gov/alma9.2-gcc-14.2.0/release/release_new/new.10/include/cdbobjects:/cvmfs/sphenix.sdcc.bnl.gov/alma9.2-gcc-14.2.0/release/release_new/new.10/include/g4micromegas:/cvmfs/sphenix.sdcc.bnl.gov/alma9.2-gcc-14.2.0/release/release_new/new.10/include/g4eval:/cvmfs/sphenix.sdcc.bnl.gov/alma9.2-gcc-14.2.0/release/release_new/new.10/include/jetbackground:/cvmfs/sphenix.sdcc.bnl.gov/alma9.2-gcc-14.2.0/release/release_new/new.10/include/micromegas:/cvmfs/sphenix.sdcc.bnl.gov/alma9.2-gcc-14.2.0/release/release_new/new.10/include/hftrackefficiency:/cvmfs/sphenix.sdcc.bnl.gov/alma9.2-gcc-14.2.0/release/release_new/new.10/include/inttrawhitqa:/cvmfs/sphenix.sdcc.bnl.gov/alma9.2-gcc-14.2.0/release/release_new/new.10/include/centrality:/cvmfs/sphenix.sdcc.bnl.gov/alma9.2-gcc-14.2.0/release/release_new/new.10/include/epd:/cvmfs/sphenix.sdcc.bnl.gov/alma9.2-gcc-14.2.0/release/release_new/new.10/include/caloreco:/cvmfs/sphenix.sdcc.bnl.gov/alma9.2-gcc-14.2.0/release/release_new/new.10/include/HepMC:/cvmfs/sphenix.sdcc.bnl.gov/alma9.2-gcc-14.2.0/release/release_new/new.10/include/CLHEP:/cvmfs/sphenix.sdcc.bnl.gov/alma9.2-gcc-14.2.0/release/release_new/new.10/include/Acts:/cvmfs/sphenix.sdcc.bnl.gov/alma9.2-gcc-14.2.0/release/release_new/new.10/include/g4histos:/cvmfs/sphenix.sdcc.bnl.gov/alma9.2-gcc-14.2.0/release/release_new/new.10/include/eventplaneinfo:/cvmfs/sphenix.sdcc.bnl.gov/alma9.2-gcc-14.2.0/release/release_new/new.10/include/fillspacechargemaps:/cvmfs/sphenix.sdcc.bnl.gov/alma9.2-gcc-14.2.0/release/release_new/new.10/include/phhepmc:/cvmfs/sphenix.sdcc.bnl.gov/alma9.2-gcc-14.2.0/release/release_new/new.10/include/trackingqa:/cvmfs/sphenix.sdcc.bnl.gov/alma9.2-gcc-14.2.0/release/release_new/new.10/include/qautils:/cvmfs/sphenix.sdcc.bnl.gov/alma9.2-gcc-14.2.0/release/release_new/new.10/include/trackreco:/cvmfs/sphenix.sdcc.bnl.gov/alma9.2-gcc-14.2.0/release/release_new/new.10/include/g4ohcal:/cvmfs/sphenix.sdcc.bnl.gov/alma9.2-gcc-14.2.0/release/release_new/new.10/include/tpcdvcalib:/cvmfs/sphenix.sdcc.bnl.gov/alma9.2-gcc-14.2.0/release/release_new/new.10/include/zdcinfo:/cvmfs/sphenix.sdcc.bnl.gov/alma9.2-gcc-14.2.0/release/release_new/new.10/include/phpythia8:/cvmfs/sphenix.sdcc.bnl.gov/alma9.2-gcc-14.2.0/release/release_new/new.10/include/fun4allutils:/cvmfs/sphenix.sdcc.bnl.gov/alma9.2-gcc-14.2.0/release/release_new/new.10/include/tpcqa:/cvmfs/sphenix.sdcc.bnl.gov/alma9.2-gcc-14.2.0/release/release_new/new.10/include/Pythia8:/cvmfs/sphenix.sdcc.bnl.gov/alma9.2-gcc-14.2.0/release/release_new/new.10/include/DDRec:/cvmfs/sphenix.sdcc.bnl.gov/alma9.2-gcc-14.2.0/release/release_new/new.10/include/DDDigi:/cvmfs/sphenix.sdcc.bnl.gov/alma9.2-gcc-14.2.0/release/release_new/new.10/include/g4ihcal:/cvmfs/sphenix.sdcc.bnl.gov/alma9.2-gcc-14.2.0/release/release_new/new.10/include/frog:/cvmfs/sphenix.sdcc.bnl.gov/alma9.2-gcc-14.2.0/release/release_new/new.10/include/eigen3:/cvmfs/sphenix.sdcc.bnl.gov/alma9.2-gcc-14.2.0/release/release_new/new.10/include/tensorpipe:/cvmfs/sphenix.sdcc.bnl.gov/alma9.2-gcc-14.2.0/release/release_new/new.10/include/sphenixnpc:/cvmfs/sphenix.sdcc.bnl.gov/alma9.2-gcc-14.2.0/release/release_new/new.10/include/siscone:/cvmfs/sphenix.sdcc.bnl.gov/alma9.2-gcc-14.2.0/release/release_new/new.10/include/pmonitor:/cvmfs/sphenix.sdcc.bnl.gov/alma9.2-gcc-14.2.0/release/release_new/new.10/include/calobase:/cvmfs/sphenix.sdcc.bnl.gov/alma9.2-gcc-14.2.0/release/release_new/new.10/include/ActsExamples:/cvmfs/sphenix.sdcc.bnl.gov/alma9.2-gcc-14.2.0/release/release_new/new.10/include/g4gdml:/cvmfs/sphenix.sdcc.bnl.gov/alma9.2-gcc-14.2.0/release/release_new/new.10/include/mvtx_decoder:/cvmfs/sphenix.sdcc.bnl.gov/alma9.2-gcc-14.2.0/release/release_new/new.10/include/ROOT:/cvmfs/sphenix.sdcc.bnl.gov/alma9.2-gcc-14.2.0/release/release_new/new.10/include/phparameter:/cvmfs/sphenix.sdcc.bnl.gov/alma9.2-gcc-14.2.0/release/release_new/new.10/include/rsa:/cvmfs/sphenix.sdcc.bnl.gov/alma9.2-gcc-14.2.0/release/release_new/new.10/include/fun4allraw:/cvmfs/sphenix.sdcc.bnl.gov/alma9.2-gcc-14.2.0/release/release_new/new.10/include/trackbase_historic:/cvmfs/sphenix.sdcc.bnl.gov/alma9.2-gcc-14.2.0/release/release_new/new.10/include/g4jets:/cvmfs/sphenix.sdcc.bnl.gov/alma9.2-gcc-14.2.0/release/release_new/new.10/include/jetqa:/cvmfs/sphenix.sdcc.bnl.gov/alma9.2-gcc-14.2.0/release/release_new/new.10/include/phoolraw:/cvmfs/sphenix.sdcc.bnl.gov/alma9.2-gcc-14.2.0/release/release_new/new.10/include/g4calo:/cvmfs/sphenix.sdcc.bnl.gov/alma9.2-gcc-14.2.0/release/release_new/new.10/include/mvtxrawhitqa:/cvmfs/sphenix.sdcc.bnl.gov/alma9.2-gcc-14.2.0/release/release_new/new.10/include/HepMC3:/cvmfs/sphenix.sdcc.bnl.gov/alma9.2-gcc-14.2.0/release/release_new/new.10/include/calowaveformsim:/cvmfs/sphenix.sdcc.bnl.gov/alma9.2-gcc-14.2.0/release/release_new/new.10/include/g4caloprototype:/cvmfs/sphenix.sdcc.bnl.gov/alma9.2-gcc-14.2.0/release/release_new/new.10/include/pdbcalbase:/cvmfs/sphenix.sdcc.bnl.gov/alma9.2-gcc-14.2.0/release/release_new/new.10/include/gsl:/cvmfs/sphenix.sdcc.bnl.gov/alma9.2-gcc-14.2.0/release/release_new/new.10/include/nodedump:/cvmfs/sphenix.sdcc.bnl.gov/alma9.2-gcc-14.2.0/release/release_new/new.10/include/emcnoisytowerfinder:/cvmfs/sphenix.sdcc.bnl.gov/alma9.2-gcc-14.2.0/release/release_new/new.10/include/ActsFatras:/cvmfs/sphenix.sdcc.bnl.gov/alma9.2-gcc-14.2.0/release/release_new/new.10/include/ffarawmodules:/cvmfs/sphenix.sdcc.bnl.gov/alma9.2-gcc-14.2.0/release/release_new/new.10/include/Event:/cvmfs/sphenix.sdcc.bnl.gov/alma9.2-gcc-14.2.0/release/release_new/new.10/include/prototype3:/cvmfs/sphenix.sdcc.bnl.gov/alma9.2-gcc-14.2.0/release/release_new/new.10/include/fermimotionafterburner:/cvmfs/sphenix.sdcc.bnl.gov/alma9.2-gcc-14.2.0/release/release_new/new.10/include/Photos:/cvmfs/sphenix.sdcc.bnl.gov/alma9.2-gcc-14.2.0/release/release_new/new.10/include/xingshiftcal:/cvmfs/sphenix.sdcc.bnl.gov/alma9.2-gcc-14.2.0/release/release_new/new.10/include/trackbase:/cvmfs/sphenix.sdcc.bnl.gov/alma9.2-gcc-14.2.0/release/release_new/new.10/include/jetdstskimmer:/cvmfs/sphenix.sdcc.bnl.gov/alma9.2-gcc-14.2.0/release/release_new/new.10/include/clusteriso:/cvmfs/sphenix.sdcc.bnl.gov/alma9.2-gcc-14.2.0/release/release_new/new.10/include/asmjit:/cvmfs/sphenix.sdcc.bnl.gov/alma9.2-gcc-14.2.0/release/release_new/new.10/include/particleflowreco:/cvmfs/sphenix.sdcc.bnl.gov/alma9.2-gcc-14.2.0/release/release_new/new.10/include/tpchittrackdisplay:/cvmfs/sphenix.sdcc.bnl.gov/alma9.2-gcc-14.2.0/release/release_new/new.10/include/caloana:/cvmfs/sphenix.sdcc.bnl.gov/alma9.2-gcc-14.2.0/release/release_new/new.10/include/calotrigger:/cvmfs/sphenix.sdcc.bnl.gov/alma9.2-gcc-14.2.0/release/release_new/new.10/include/nopayloadclient:/cvmfs/sphenix.sdcc.bnl.gov/alma9.2-gcc-14.2.0/release/release_new/new.10/include/trackermillepedealignment:/cvmfs/sphenix.sdcc.bnl.gov/alma9.2-gcc-14.2.0/release/release_new/new.10/include/DD4hep:/cvmfs/sphenix.sdcc.bnl.gov/alma9.2-gcc-14.2.0/release/release_new/new.10/include/g4trackfastsim:/cvmfs/sphenix.sdcc.bnl.gov/alma9.2-gcc-14.2.0/release/release_new/new.10/include/prototype2:/cvmfs/sphenix.sdcc.bnl.gov/alma9.2-gcc-14.2.0/release/release_new/new.10/include/ATen:/cvmfs/sphenix.sdcc.bnl.gov/alma9.2-gcc-14.2.0/release/release_new/new.10/include/g4main:/cvmfs/sphenix.sdcc.bnl.gov/alma9.2-gcc-14.2.0/release/release_new/new.10/include/Tauola:/cvmfs/sphenix.sdcc.bnl.gov/alma9.2-gcc-14.2.0/release/release_new/new.10/include/inttcalib:/cvmfs/sphenix.sdcc.bnl.gov/alma9.2-gcc-14.2.0/release/release_new/new.10/include/reactionplaneafterburner:/cvmfs/sphenix.sdcc.bnl.gov/alma9.2-gcc-14.2.0/release/release_new/new.10/include/globalqa:/cvmfs/sphenix.sdcc.bnl.gov/alma9.2-gcc-14.2.0/release/release_new/new.10/include/tpccalib:/cvmfs/sphenix.sdcc.bnl.gov/alma9.2-gcc-14.2.0/release/release_new/new.10/include/DDSegmentation:/cvmfs/sphenix.sdcc.bnl.gov/alma9.2-gcc-14.2.0/release/release_new/new.10/include/decayfinder:/cvmfs/sphenix.sdcc.bnl.gov/alma9.2-gcc-14.2.0/release/release_new/new.10/include/compressclus:/cvmfs/sphenix.sdcc.bnl.gov/alma9.2-gcc-14.2.0/release/release_new/new.10/include/simqa_modules:/cvmfs/sphenix.sdcc.bnl.gov/alma9.2-gcc-14.2.0/release/release_new/new.10/include/resonancejettagging:/cvmfs/sphenix.sdcc.bnl.gov/alma9.2-gcc-14.2.0/release/release_new/new.10/include/g4centrality:/cvmfs/sphenix.sdcc.bnl.gov/alma9.2-gcc-14.2.0/release/release_new/new.10/include/mvtx:/cvmfs/sphenix.sdcc.bnl.gov/alma9.2-gcc-14.2.0/release/release_new/new.10/include/nlohmann:/cvmfs/sphenix.sdcc.bnl.gov/alma9.2-gcc-14.2.0/release/release_new/new.10/include/localpoloffmon:/cvmfs/sphenix.sdcc.bnl.gov/alma9.2-gcc-14.2.0/release/release_new/new.10/include/DDEve:/cvmfs/sphenix.sdcc.bnl.gov/alma9.2-gcc-14.2.0/release/release_new/new.10/include/Parsers:/cvmfs/sphenix.sdcc.bnl.gov/alma9.2-gcc-14.2.0/release/release_new/new.10/include/trackingdiagnostics:/cvmfs/sphenix.sdcc.bnl.gov/alma9.2-gcc-14.2.0/release/release_new/new.10/include/g4vertex:/cvmfs/sphenix.sdcc.bnl.gov/alma9.2-gcc-14.2.0/release/release_new/new.10/include/jetbase:/cvmfs/sphenix.sdcc.bnl.gov/alma9.2-gcc-14.2.0/release/release_new/new.10/include/globalvertex:/cvmfs/sphenix.sdcc.bnl.gov/alma9.2-gcc-14.2.0/release/release_new/new.10/include/phgenfit:/cvmfs/sphenix.sdcc.bnl.gov/alma9.2-gcc-14.2.0/release/release_new/new.10/include/rawbcolumi:/cvmfs/sphenix.sdcc.bnl.gov/alma9.2-gcc-14.2.0/release/release_new/new.10/include/eicsmear:/cvmfs/sphenix.sdcc.bnl.gov/alma9.2-gcc-14.2.0/release/release_new/new.10/include/mvtxcalib:/cvmfs/sphenix.sdcc.bnl.gov/alma9.2-gcc-14.2.0/release/release_new/new.10/include/tpclinelaserdiode:/cvmfs/sphenix.sdcc.bnl.gov/alma9.2-gcc-14.2.0/release/release_new/new.10/include/hepmcjettrigger:/cvmfs/sphenix.sdcc.bnl.gov/alma9.2-gcc-14.2.0/release/release_new/new.10/include/core:/cvmfs/sphenix.sdcc.bnl.gov/alma9.2-gcc-14.2.0/release/release_new/new.10/include/calo_cdb:/cvmfs/sphenix.sdcc.bnl.gov/alma9.2-gcc-14.2.0/release/release_new/new.10/include/mvtxclustershapesqa:/cvmfs/sphenix.sdcc.bnl.gov/alma9.2-gcc-14.2.0/release/release_new/new.10/include/calopacketskimmer:/cvmfs/sphenix.sdcc.bnl.gov/alma9.2-gcc-14.2.0/opt/sphenix/core/geant4.10.07.p04/include:/cvmfs/sphenix.sdcc.bnl.gov/alma9.2-gcc-14.2.0/release/release_new/new.10/rootmacros:/cvmfs/sphenix.sdcc.bnl.gov/alma9.2-gcc-14.2.0/opt/sphenix/core/include
GSEARCHPATH=.:PG:LUSTRE:RAWDATA
PWD=/gpfs/mnt/gpfs02/sphenix/user/samfred/run25/ppg11/histmaking
LOGNAME=samfred
_CONDOR_JOB_AD=/home/condor/local/sphnx/execute/dir_4183858/.job.ad
MANPATH=/cvmfs/sphenix.sdcc.bnl.gov/alma9.2-gcc-14.2.0/opt/sphenix/core/gcc/14.2.0-2f0a0/x86_64-el9/share/man:/cvmfs/sphenix.sdcc.bnl.gov/alma9.2-gcc-14.2.0/opt/sphenix/core/binutils/2.40-acaab/x86_64-el9/share/man:/cvmfs/sphenix.sdcc.bnl.gov/alma9.2-gcc-14.2.0/release/release_new/new.10/share/man:/cvmfs/sphenix.sdcc.bnl.gov/alma9.2-gcc-14.2.0/opt/sphenix/utils/share/man:/cvmfs/sphenix.sdcc.bnl.gov/alma9.2-gcc-14.2.0/opt/sphenix/core/share/man:/cvmfs/sphenix.sdcc.bnl.gov/alma9.2-gcc-14.2.0/opt/sphenix/core/root-6.32.06/man:/usr/local/share/man:/usr/share/man
PYTHIA8=/cvmfs/sphenix.sdcc.bnl.gov/alma9.2-gcc-14.2.0/release/release_new/new.10/share/Pythia8
G4INCLDATA=/cvmfs/sphenix.sdcc.bnl.gov/alma9.2-gcc-14.2.0/opt/sphenix/core/geant4.10.07.p04/share/Geant4-10.7.4/data/G4INCL1.0
ORIG_PATH=/usr/local/bin:/usr/bin
CXX=/cvmfs/sphenix.sdcc.bnl.gov/alma9.2-gcc-14.2.0/opt/sphenix/core/gcc/14.2.0-2f0a0/x86_64-el9/bin/g++
G4LEDATA=/cvmfs/sphenix.sdcc.bnl.gov/alma9.2-gcc-14.2.0/opt/sphenix/core/geant4.10.07.p04/share/Geant4-10.7.4/data/G4EMLOW7.13
PYTHON_CPU_COUNT=1
OPENBLAS_NUM_THREADS=1
_CONDOR_BIN=/usr/bin
HOME=/sphenix/u/samfred
G4PARTICLEXSDATA=/cvmfs/sphenix.sdcc.bnl.gov/alma9.2-gcc-14.2.0/opt/sphenix/core/geant4.10.07.p04/share/Geant4-10.7.4/data/G4PARTICLEXS3.1.1
ONLINE_MAIN=/cvmfs/sphenix.sdcc.bnl.gov/alma9.2-gcc-14.2.0/release/release_new/new.10
CALIBRATIONROOT=/cvmfs/sphenix.sdcc.bnl.gov/alma9.2-gcc-14.2.0/release/release_new/new.10/share/calibrations
TMPDIR=/tmp
_CONDOR_SCRATCH_DIR=/home/condor/local/sphnx/execute/dir_4183858
PGUSER=phnxrc
NOPAYLOADCLIENT_CONF=/cvmfs/sphenix.sdcc.bnl.gov/alma9.2-gcc-14.2.0/opt/sphenix/core/etc/sPHENIX_newcdb.json
XERCESCROOT=/cvmfs/sphenix.sdcc.bnl.gov/alma9.2-gcc-14.2.0/opt/sphenix/core/geant4.10.07.p04
LHAPATH=/cvmfs/sphenix.sdcc.bnl.gov/alma9.2-gcc-14.2.0/opt/sphenix/core/lhapdf-5.9.1/share/lhapdf/PDFsets
_CONDOR_ANCESTOR_309336=4183858:1759352682:3463806650
G4NEUTRONHPDATA=/cvmfs/sphenix.sdcc.bnl.gov/alma9.2-gcc-14.2.0/opt/sphenix/core/geant4.10.07.p04/share/Geant4-10.7.4/data/G4NDL4.6
PYTHONPATH=.:/cvmfs/sphenix.sdcc.bnl.gov/alma9.2-gcc-14.2.0/release/release_new/new.10/lib/python3.13/site-packages:/cvmfs/sphenix.sdcc.bnl.gov/alma9.2-gcc-14.2.0/opt/sphenix/core/lib/python3.13/site-packages:/cvmfs/sphenix.sdcc.bnl.gov/alma9.2-gcc-14.2.0/opt/sphenix/core/root-6.32.06/lib
USER=samfred
_CONDOR_JOB_PIDS=
TEMP=/tmp
GOMAXPROCS=1
OFFLINE_MAIN=/cvmfs/sphenix.sdcc.bnl.gov/alma9.2-gcc-14.2.0/release/release_new/new.10
SHLVL=1
TF_NUM_THREADS=1
G4SAIDXSDATA=/cvmfs/sphenix.sdcc.bnl.gov/alma9.2-gcc-14.2.0/opt/sphenix/core/geant4.10.07.p04/share/Geant4-10.7.4/data/G4SAIDDATA2.0
APPTAINER_CACHEDIR=/home/condor/local/sphnx/execute/dir_4183858
ROOTSYS=/cvmfs/sphenix.sdcc.bnl.gov/alma9.2-gcc-14.2.0/opt/sphenix/core/root-6.32.06
BATCH_SYSTEM=HTCondor
_CONDOR_ANCESTOR_4183858=4192994:1759352682:3014121508
_CONDOR_SLOT=slot1_4
LD_LIBRARY_PATH=/sphenix/user/samfred/run25/install//lib:/cvmfs/sphenix.sdcc.bnl.gov/alma9.2-gcc-14.2.0/opt/sphenix/core/gcc/14.2.0-2f0a0/x86_64-el9/lib:/cvmfs/sphenix.sdcc.bnl.gov/alma9.2-gcc-14.2.0/opt/sphenix/core/gcc/14.2.0-2f0a0/x86_64-el9/lib64:/cvmfs/sphenix.sdcc.bnl.gov/alma9.2-gcc-14.2.0/opt/sphenix/core/binutils/2.40-acaab/x86_64-el9/lib:.:/cvmfs/sphenix.sdcc.bnl.gov/alma9.2-gcc-14.2.0/release/release_new/new.10/lib64:/cvmfs/sphenix.sdcc.bnl.gov/alma9.2-gcc-14.2.0/release/release_new/new.10/lib:/cvmfs/sphenix.sdcc.bnl.gov/alma9.2-gcc-14.2.0/opt/sphenix/utils/lib:/cvmfs/sphenix.sdcc.bnl.gov/alma9.2-gcc-14.2.0/opt/sphenix/core/lib:/cvmfs/sphenix.sdcc.bnl.gov/alma9.2-gcc-14.2.0/opt/sphenix/core/root-6.32.06/lib:/cvmfs/sphenix.sdcc.bnl.gov/alma9.2-gcc-14.2.0/opt/sphenix/core/geant4.10.07.p04/lib64:/cvmfs/sphenix.sdcc.bnl.gov/alma9.2-gcc-14.2.0/opt/sphenix/core/lhapdf-5.9.1/lib:/usr/local/lib64:/usr/lib64
_CONDOR_ANCESTOR_309301=309336:1756523318:1201647286
OPT_SPHENIX=/cvmfs/sphenix.sdcc.bnl.gov/alma9.2-gcc-14.2.0/opt/sphenix/core
TF_LOOP_PARALLEL_ITERATIONS=1
EVT_LIB=/cvmfs/sphenix.sdcc.bnl.gov/alma9.2-gcc-14.2.0/opt/sphenix/core/root-6.32.06/lib
PGHOST=sphnxdbmaster.sdcc.bnl.gov
OMP_NUM_THREADS=1
G4REALSURFACEDATA=/cvmfs/sphenix.sdcc.bnl.gov/alma9.2-gcc-14.2.0/opt/sphenix/core/geant4.10.07.p04/share/Geant4-10.7.4/data/RealSurface2.2
FC=/cvmfs/sphenix.sdcc.bnl.gov/alma9.2-gcc-14.2.0/opt/sphenix/core/gcc/14.2.0-2f0a0/x86_64-el9/bin/gfortran
G4ABLADATA=/cvmfs/sphenix.sdcc.bnl.gov/alma9.2-gcc-14.2.0/opt/sphenix/core/geant4.10.07.p04/share/Geant4-10.7.4/data/G4ABLA3.1
PARASOFT=doesnotexist
TMP=/tmp
OPT_UTILS=/cvmfs/sphenix.sdcc.bnl.gov/alma9.2-gcc-14.2.0/opt/sphenix/utils
CONFIG_SITE=/cvmfs/sphenix.sdcc.bnl.gov/alma9.2-gcc-14.2.0/opt/sphenix/core/etc/config.site
PATH=/sphenix/user/samfred/run25/install//bin:/cvmfs/sphenix.sdcc.bnl.gov/alma9.2-gcc-14.2.0/opt/sphenix/core/gcc/14.2.0-2f0a0/x86_64-el9/bin:/cvmfs/sphenix.sdcc.bnl.gov/alma9.2-gcc-14.2.0/opt/sphenix/core/binutils/2.40-acaab/x86_64-el9/bin:.:/cvmfs/sphenix.sdcc.bnl.gov/alma9.2-gcc-14.2.0/release/release_new/new.10/bin:/cvmfs/sphenix.sdcc.bnl.gov/alma9.2-gcc-14.2.0/opt/sphenix/utils/bin:/cvmfs/sphenix.sdcc.bnl.gov/alma9.2-gcc-14.2.0/opt/sphenix/core/bin:/cvmfs/sphenix.sdcc.bnl.gov/alma9.2-gcc-14.2.0/opt/sphenix/core/root-6.32.06/bin:/cvmfs/sphenix.sdcc.bnl.gov/alma9.2-gcc-14.2.0/opt/sphenix/core/geant4.10.07.p04/bin:/usr/local/bin:/usr/bin:/usr/local/sbin:/usr/sbin
G4LEVELGAMMADATA=/cvmfs/sphenix.sdcc.bnl.gov/alma9.2-gcc-14.2.0/opt/sphenix/core/geant4.10.07.p04/share/Geant4-10.7.4/data/PhotonEvaporation5.7
CC=/cvmfs/sphenix.sdcc.bnl.gov/alma9.2-gcc-14.2.0/opt/sphenix/core/gcc/14.2.0-2f0a0/x86_64-el9/bin/gcc
G4RADIOACTIVEDATA=/cvmfs/sphenix.sdcc.bnl.gov/alma9.2-gcc-14.2.0/opt/sphenix/core/geant4.10.07.p04/share/Geant4-10.7.4/data/RadioactiveDecay5.6
JULIA_NUM_THREADS=1
MKL_NUM_THREADS=1
LHAPDF_DATA_PATH=/cvmfs/sphenix.sdcc.bnl.gov/alma9.2-gcc-14.2.0/release/release_new/new.10/share/LHAPDF
XPLOAD_CONFIG_DIR=/cvmfs/sphenix.sdcc.bnl.gov/alma9.2-gcc-14.2.0/opt/sphenix/core/etc
OLDPWD=/cvmfs/sphenix.sdcc.bnl.gov/alma9.2-gcc-14.2.0/release/release_new/new.10/geant4
_=/usr/bin/printenv
runnumber...
47979
trigger...

   ------------------------------------------------------------------
  | Welcome to ROOT 6.32.06                        https://root.cern |
  | (c) 1995-2024, The ROOT Team; conception: R. Brun, F. Rademakers |
  | Built for linuxx8664gcc on Dec 13 2024, 17:23:48                 |
  | From tags/6-32-06@6-32-06                                        |
  | With g++ (GCC) 14.2.0                                            |
  | Try '.help'/'.?', '.demo', '.license', '.credits', '.quit'/'.q'  |
   ------------------------------------------------------------------


Processing data_histmaker.C(47979)...
entry 0/6733583 (0%)
entry 4000/6733583 (0.0594037%)
entry 5000/6733583 (0.0742547%)
entry 10000/6733583 (0.148509%)
entry 12000/6733583 (0.178211%)
entry 17000/6733583 (0.252466%)
entry 18000/6733583 (0.267317%)
entry 22000/6733583 (0.326721%)
entry 28000/6733583 (0.415826%)
entry 30000/6733583 (0.445528%)
entry 34000/6733583 (0.504932%)
entry 37000/6733583 (0.549485%)
entry 43000/6733583 (0.63859%)
entry 45000/6733583 (0.668292%)
entry 46000/6733583 (0.683143%)
entry 54000/6733583 (0.801951%)
entry 57000/6733583 (0.846503%)
entry 63000/6733583 (0.935609%)
entry 65000/6733583 (0.965311%)
entry 69000/6733583 (1.02471%)
entry 70000/6733583 (1.03957%)
entry 73000/6733583 (1.08412%)
entry 74000/6733583 (1.09897%)
entry 78000/6733583 (1.15837%)
entry 80000/6733583 (1.18807%)
entry 83000/6733583 (1.23263%)
entry 87000/6733583 (1.29203%)
entry 96000/6733583 (1.42569%)
entry 97000/6733583 (1.44054%)
entry 99000/6733583 (1.47024%)
entry 100000/6733583 (1.48509%)
entry 102000/6733583 (1.5148%)
entry 104000/6733583 (1.5445%)
entry 105000/6733583 (1.55935%)
entry 115000/6733583 (1.70786%)
entry 117000/6733583 (1.73756%)
entry 123000/6733583 (1.82666%)
entry 128000/6733583 (1.90092%)
entry 130000/6733583 (1.93062%)
entry 133000/6733583 (1.97517%)
entry 135000/6733583 (2.00488%)
entry 139000/6733583 (2.06428%)
entry 140000/6733583 (2.07913%)
entry 145000/6733583 (2.15339%)
entry 148000/6733583 (2.19794%)
entry 155000/6733583 (2.30189%)
entry 157000/6733583 (2.3316%)
entry 158000/6733583 (2.34645%)
entry 159000/6733583 (2.3613%)
entry 161000/6733583 (2.391%)
entry 163000/6733583 (2.4207%)
entry 166000/6733583 (2.46526%)
entry 168000/6733583 (2.49496%)
entry 172000/6733583 (2.55436%)
entry 175000/6733583 (2.59891%)
entry 182000/6733583 (2.70287%)
entry 183000/6733583 (2.71772%)
entry 184000/6733583 (2.73257%)
entry 186000/6733583 (2.76227%)
entry 187000/6733583 (2.77712%)
entry 204000/6733583 (3.02959%)
entry 212000/6733583 (3.1484%)
entry 217000/6733583 (3.22265%)
entry 221000/6733583 (3.28206%)
entry 223000/6733583 (3.31176%)
entry 226000/6733583 (3.35631%)
entry 232000/6733583 (3.44542%)
entry 236000/6733583 (3.50482%)
entry 240000/6733583 (3.56422%)
entry 246000/6733583 (3.65333%)
entry 252000/6733583 (3.74244%)
entry 259000/6733583 (3.84639%)
entry 262000/6733583 (3.89095%)
entry 265000/6733583 (3.9355%)
entry 271000/6733583 (4.0246%)
entry 276000/6733583 (4.09886%)
entry 278000/6733583 (4.12856%)
entry 279000/6733583 (4.14341%)
entry 280000/6733583 (4.15826%)
entry 281000/6733583 (4.17311%)
entry 282000/6733583 (4.18796%)
entry 284000/6733583 (4.21767%)
entry 285000/6733583 (4.23252%)
entry 290000/6733583 (4.30677%)
entry 294000/6733583 (4.36617%)
entry 296000/6733583 (4.39588%)
entry 302000/6733583 (4.48498%)
entry 305000/6733583 (4.52954%)
entry 307000/6733583 (4.55924%)
entry 308000/6733583 (4.57409%)
entry 318000/6733583 (4.7226%)
entry 320000/6733583 (4.7523%)
entry 321000/6733583 (4.76715%)
entry 323000/6733583 (4.79685%)
entry 325000/6733583 (4.82655%)
entry 326000/6733583 (4.8414%)
entry 330000/6733583 (4.90081%)
entry 334000/6733583 (4.96021%)
entry 335000/6733583 (4.97506%)
entry 336000/6733583 (4.98991%)
entry 337000/6733583 (5.00477%)
entry 340000/6733583 (5.04932%)
entry 347000/6733583 (5.15327%)
entry 349000/6733583 (5.18298%)
entry 351000/6733583 (5.21268%)
entry 373000/6733583 (5.5394%)
entry 374000/6733583 (5.55425%)
entry 375000/6733583 (5.5691%)
entry 376000/6733583 (5.58395%)
entry 378000/6733583 (5.61365%)
entry 384000/6733583 (5.70276%)
entry 387000/6733583 (5.74731%)
entry 388000/6733583 (5.76216%)
entry 389000/6733583 (5.77701%)
entry 391000/6733583 (5.80672%)
entry 393000/6733583 (5.83642%)
entry 404000/6733583 (5.99978%)
entry 409000/6733583 (6.07403%)
entry 410000/6733583 (6.08888%)
entry 411000/6733583 (6.10373%)
entry 412000/6733583 (6.11859%)
entry 420000/6733583 (6.23739%)
entry 430000/6733583 (6.3859%)
entry 432000/6733583 (6.4156%)
entry 437000/6733583 (6.48986%)
entry 439000/6733583 (6.51956%)
entry 447000/6733583 (6.63837%)
entry 449000/6733583 (6.66807%)
entry 450000/6733583 (6.68292%)
entry 456000/6733583 (6.77203%)
entry 459000/6733583 (6.81658%)
entry 460000/6733583 (6.83143%)
entry 461000/6733583 (6.84628%)
entry 467000/6733583 (6.93539%)
entry 471000/6733583 (6.99479%)
entry 475000/6733583 (7.05419%)
entry 480000/6733583 (7.12845%)
entry 484000/6733583 (7.18785%)
entry 485000/6733583 (7.2027%)
entry 486000/6733583 (7.21755%)
entry 491000/6733583 (7.29181%)
entry 499000/6733583 (7.41062%)
entry 501000/6733583 (7.44032%)
entry 503000/6733583 (7.47002%)
entry 504000/6733583 (7.48487%)
entry 507000/6733583 (7.52942%)
entry 516000/6733583 (7.66308%)
entry 518000/6733583 (7.69278%)
entry 523000/6733583 (7.76704%)
entry 525000/6733583 (7.79674%)
entry 529000/6733583 (7.85614%)
entry 532000/6733583 (7.9007%)
entry 533000/6733583 (7.91555%)
entry 541000/6733583 (8.03436%)
entry 542000/6733583 (8.04921%)
entry 558000/6733583 (8.28682%)
entry 560000/6733583 (8.31652%)
entry 561000/6733583 (8.33137%)
entry 570000/6733583 (8.46503%)
entry 572000/6733583 (8.49473%)
entry 575000/6733583 (8.53929%)
entry 579000/6733583 (8.59869%)
entry 580000/6733583 (8.61354%)
entry 584000/6733583 (8.67295%)
entry 588000/6733583 (8.73235%)
entry 590000/6733583 (8.76205%)
entry 594000/6733583 (8.82146%)
entry 596000/6733583 (8.85116%)
entry 598000/6733583 (8.88086%)
entry 608000/6733583 (9.02937%)
entry 611000/6733583 (9.07392%)
entry 612000/6733583 (9.08877%)
entry 613000/6733583 (9.10362%)
entry 616000/6733583 (9.14818%)
entry 621000/6733583 (9.22243%)
entry 622000/6733583 (9.23728%)
entry 623000/6733583 (9.25213%)
entry 626000/6733583 (9.29668%)
entry 627000/6733583 (9.31154%)
entry 628000/6733583 (9.32639%)
entry 630000/6733583 (9.35609%)
entry 633000/6733583 (9.40064%)
entry 634000/6733583 (9.41549%)
entry 635000/6733583 (9.43034%)
entry 637000/6733583 (9.46005%)
entry 639000/6733583 (9.48975%)
entry 640000/6733583 (9.5046%)
entry 642000/6733583 (9.5343%)
entry 646000/6733583 (9.5937%)
entry 649000/6733583 (9.63826%)
entry 650000/6733583 (9.65311%)
entry 654000/6733583 (9.71251%)
entry 655000/6733583 (9.72736%)
entry 656000/6733583 (9.74221%)
entry 660000/6733583 (9.80162%)
entry 663000/6733583 (9.84617%)
entry 664000/6733583 (9.86102%)
entry 665000/6733583 (9.87587%)
entry 666000/6733583 (9.89072%)
entry 669000/6733583 (9.93528%)
entry 673000/6733583 (9.99468%)
entry 674000/6733583 (10.0095%)
entry 678000/6733583 (10.0689%)
entry 679000/6733583 (10.0838%)
entry 685000/6733583 (10.1729%)
entry 686000/6733583 (10.1877%)
entry 687000/6733583 (10.2026%)
entry 693000/6733583 (10.2917%)
entry 694000/6733583 (10.3065%)
entry 696000/6733583 (10.3363%)
entry 700000/6733583 (10.3957%)
entry 710000/6733583 (10.5442%)
entry 711000/6733583 (10.559%)
entry 713000/6733583 (10.5887%)
entry 721000/6733583 (10.7075%)
entry 723000/6733583 (10.7372%)
entry 725000/6733583 (10.7669%)
entry 727000/6733583 (10.7966%)
entry 728000/6733583 (10.8115%)
entry 730000/6733583 (10.8412%)
entry 737000/6733583 (10.9451%)
entry 743000/6733583 (11.0342%)
entry 745000/6733583 (11.0639%)
entry 748000/6733583 (11.1085%)
entry 749000/6733583 (11.1234%)
entry 751000/6733583 (11.1531%)
entry 761000/6733583 (11.3016%)
entry 764000/6733583 (11.3461%)
entry 766000/6733583 (11.3758%)
entry 772000/6733583 (11.4649%)
entry 773000/6733583 (11.4798%)
entry 779000/6733583 (11.5689%)
entry 786000/6733583 (11.6728%)
entry 790000/6733583 (11.7322%)
entry 792000/6733583 (11.7619%)
entry 798000/6733583 (11.851%)
entry 801000/6733583 (11.8956%)
entry 810000/6733583 (12.0293%)
entry 816000/6733583 (12.1184%)
entry 817000/6733583 (12.1332%)
entry 823000/6733583 (12.2223%)
entry 826000/6733583 (12.2669%)
entry 837000/6733583 (12.4302%)
entry 839000/6733583 (12.4599%)
entry 841000/6733583 (12.4896%)
entry 844000/6733583 (12.5342%)
entry 846000/6733583 (12.5639%)
entry 847000/6733583 (12.5787%)
entry 849000/6733583 (12.6084%)
entry 850000/6733583 (12.6233%)
entry 852000/6733583 (12.653%)
entry 853000/6733583 (12.6678%)
entry 858000/6733583 (12.7421%)
entry 860000/6733583 (12.7718%)
entry 861000/6733583 (12.7867%)
entry 862000/6733583 (12.8015%)
entry 867000/6733583 (12.8758%)
entry 877000/6733583 (13.0243%)
entry 884000/6733583 (13.1282%)
entry 891000/6733583 (13.2322%)
entry 892000/6733583 (13.247%)
entry 893000/6733583 (13.2619%)
entry 896000/6733583 (13.3064%)
entry 899000/6733583 (13.351%)
entry 904000/6733583 (13.4252%)
entry 905000/6733583 (13.4401%)
entry 910000/6733583 (13.5144%)
entry 912000/6733583 (13.5441%)
entry 916000/6733583 (13.6035%)
entry 918000/6733583 (13.6332%)
entry 921000/6733583 (13.6777%)
entry 923000/6733583 (13.7074%)
entry 926000/6733583 (13.752%)
entry 929000/6733583 (13.7965%)
entry 930000/6733583 (13.8114%)
entry 931000/6733583 (13.8262%)
entry 935000/6733583 (13.8856%)
entry 937000/6733583 (13.9153%)
entry 944000/6733583 (14.0193%)
entry 945000/6733583 (14.0341%)
entry 946000/6733583 (14.049%)
entry 948000/6733583 (14.0787%)
entry 961000/6733583 (14.2717%)
entry 965000/6733583 (14.3312%)
entry 966000/6733583 (14.346%)
entry 969000/6733583 (14.3906%)
entry 981000/6733583 (14.5688%)
entry 983000/6733583 (14.5985%)
entry 987000/6733583 (14.6579%)
entry 990000/6733583 (14.7024%)
entry 992000/6733583 (14.7321%)
entry 994000/6733583 (14.7618%)
entry 995000/6733583 (14.7767%)
entry 997000/6733583 (14.8064%)
entry 1000000/6733583 (14.8509%)
entry 1002000/6733583 (14.8806%)
entry 1008000/6733583 (14.9697%)
entry 1017000/6733583 (15.1034%)
entry 1018000/6733583 (15.1183%)
entry 1020000/6733583 (15.148%)
entry 1025000/6733583 (15.2222%)
entry 1027000/6733583 (15.2519%)
entry 1028000/6733583 (15.2668%)
entry 1031000/6733583 (15.3113%)
entry 1032000/6733583 (15.3262%)
entry 1033000/6733583 (15.341%)
entry 1035000/6733583 (15.3707%)
entry 1037000/6733583 (15.4004%)
entry 1038000/6733583 (15.4153%)
entry 1052000/6733583 (15.6232%)
entry 1053000/6733583 (15.638%)
entry 1057000/6733583 (15.6974%)
entry 1059000/6733583 (15.7271%)
entry 1061000/6733583 (15.7568%)
entry 1065000/6733583 (15.8162%)
entry 1066000/6733583 (15.8311%)
entry 1068000/6733583 (15.8608%)
entry 1069000/6733583 (15.8756%)
entry 1071000/6733583 (15.9054%)
entry 1072000/6733583 (15.9202%)
entry 1074000/6733583 (15.9499%)
entry 1075000/6733583 (15.9648%)
entry 1080000/6733583 (16.039%)
entry 1081000/6733583 (16.0539%)
entry 1082000/6733583 (16.0687%)
entry 1085000/6733583 (16.1133%)
entry 1086000/6733583 (16.1281%)
entry 1089000/6733583 (16.1727%)
entry 1091000/6733583 (16.2024%)
entry 1095000/6733583 (16.2618%)
entry 1099000/6733583 (16.3212%)
entry 1100000/6733583 (16.336%)
entry 1112000/6733583 (16.5142%)
entry 1117000/6733583 (16.5885%)
entry 1121000/6733583 (16.6479%)
entry 1122000/6733583 (16.6627%)
entry 1139000/6733583 (16.9152%)
entry 1152000/6733583 (17.1083%)
entry 1156000/6733583 (17.1677%)
entry 1157000/6733583 (17.1825%)
entry 1159000/6733583 (17.2122%)
entry 1160000/6733583 (17.2271%)
entry 1163000/6733583 (17.2716%)
entry 1165000/6733583 (17.3013%)
entry 1166000/6733583 (17.3162%)
entry 1168000/6733583 (17.3459%)
entry 1172000/6733583 (17.4053%)
entry 1174000/6733583 (17.435%)
entry 1176000/6733583 (17.4647%)
entry 1182000/6733583 (17.5538%)
entry 1183000/6733583 (17.5687%)
entry 1184000/6733583 (17.5835%)
entry 1186000/6733583 (17.6132%)
entry 1188000/6733583 (17.6429%)
entry 1190000/6733583 (17.6726%)
entry 1195000/6733583 (17.7469%)
entry 1197000/6733583 (17.7766%)
entry 1198000/6733583 (17.7914%)
entry 1200000/6733583 (17.8211%)
entry 1205000/6733583 (17.8954%)
entry 1206000/6733583 (17.9102%)
entry 1210000/6733583 (17.9696%)
entry 1211000/6733583 (17.9845%)
entry 1215000/6733583 (18.0439%)
entry 1220000/6733583 (18.1181%)
entry 1223000/6733583 (18.1627%)
entry 1224000/6733583 (18.1775%)
entry 1231000/6733583 (18.2815%)
entry 1246000/6733583 (18.5043%)
entry 1247000/6733583 (18.5191%)
entry 1249000/6733583 (18.5488%)
entry 1252000/6733583 (18.5934%)
entry 1257000/6733583 (18.6676%)
entry 1263000/6733583 (18.7567%)
entry 1283000/6733583 (19.0537%)
entry 1284000/6733583 (19.0686%)
entry 1288000/6733583 (19.128%)
entry 1293000/6733583 (19.2023%)
entry 1296000/6733583 (19.2468%)
entry 1298000/6733583 (19.2765%)
entry 1306000/6733583 (19.3953%)
entry 1308000/6733583 (19.425%)
entry 1310000/6733583 (19.4547%)
entry 1316000/6733583 (19.5438%)
entry 1318000/6733583 (19.5735%)
entry 1319000/6733583 (19.5884%)
entry 1320000/6733583 (19.6032%)
entry 1321000/6733583 (19.6181%)
entry 1326000/6733583 (19.6923%)
entry 1328000/6733583 (19.722%)
entry 1329000/6733583 (19.7369%)
entry 1338000/6733583 (19.8706%)
entry 1339000/6733583 (19.8854%)
entry 1340000/6733583 (19.9003%)
entry 1343000/6733583 (19.9448%)
entry 1353000/6733583 (20.0933%)
entry 1358000/6733583 (20.1676%)
entry 1360000/6733583 (20.1973%)
entry 1366000/6733583 (20.2864%)
entry 1373000/6733583 (20.3903%)
entry 1375000/6733583 (20.42%)
entry 1384000/6733583 (20.5537%)
entry 1386000/6733583 (20.5834%)
entry 1387000/6733583 (20.5982%)
entry 1388000/6733583 (20.6131%)
entry 1389000/6733583 (20.6279%)
entry 1391000/6733583 (20.6576%)
entry 1395000/6733583 (20.7171%)
entry 1396000/6733583 (20.7319%)
entry 1401000/6733583 (20.8062%)
entry 1403000/6733583 (20.8359%)
entry 1418000/6733583 (21.0586%)
entry 1423000/6733583 (21.1329%)
entry 1429000/6733583 (21.222%)
entry 1432000/6733583 (21.2665%)
entry 1435000/6733583 (21.3111%)
entry 1440000/6733583 (21.3853%)
entry 1443000/6733583 (21.4299%)
entry 1444000/6733583 (21.4447%)
entry 1445000/6733583 (21.4596%)
entry 1447000/6733583 (21.4893%)
entry 1452000/6733583 (21.5636%)
entry 1459000/6733583 (21.6675%)
entry 1460000/6733583 (21.6824%)
entry 1461000/6733583 (21.6972%)
entry 1468000/6733583 (21.8012%)
entry 1470000/6733583 (21.8309%)
entry 1474000/6733583 (21.8903%)
entry 1476000/6733583 (21.92%)
entry 1479000/6733583 (21.9645%)
entry 1480000/6733583 (21.9794%)
entry 1481000/6733583 (21.9942%)
entry 1485000/6733583 (22.0536%)
entry 1487000/6733583 (22.0833%)
entry 1489000/6733583 (22.113%)
entry 1491000/6733583 (22.1427%)
entry 1493000/6733583 (22.1724%)
entry 1494000/6733583 (22.1873%)
entry 1499000/6733583 (22.2616%)
entry 1500000/6733583 (22.2764%)
entry 1502000/6733583 (22.3061%)
entry 1504000/6733583 (22.3358%)
entry 1505000/6733583 (22.3507%)
entry 1507000/6733583 (22.3804%)
entry 1511000/6733583 (22.4398%)
entry 1512000/6733583 (22.4546%)
entry 1519000/6733583 (22.5586%)
entry 1521000/6733583 (22.5883%)
entry 1522000/6733583 (22.6031%)
entry 1525000/6733583 (22.6477%)
entry 1532000/6733583 (22.7516%)
entry 1533000/6733583 (22.7665%)
entry 1535000/6733583 (22.7962%)
entry 1537000/6733583 (22.8259%)
entry 1541000/6733583 (22.8853%)
entry 1543000/6733583 (22.915%)
entry 1544000/6733583 (22.9298%)
entry 1545000/6733583 (22.9447%)
entry 1546000/6733583 (22.9595%)
entry 1551000/6733583 (23.0338%)
entry 1556000/6733583 (23.1081%)
entry 1562000/6733583 (23.1972%)
entry 1565000/6733583 (23.2417%)
entry 1566000/6733583 (23.2566%)
entry 1567000/6733583 (23.2714%)
entry 1570000/6733583 (23.316%)
entry 1571000/6733583 (23.3308%)
entry 1572000/6733583 (23.3457%)
entry 1575000/6733583 (23.3902%)
entry 1577000/6733583 (23.4199%)
entry 1579000/6733583 (23.4496%)
entry 1580000/6733583 (23.4645%)
entry 1586000/6733583 (23.5536%)
entry 1587000/6733583 (23.5684%)
entry 1594000/6733583 (23.6724%)
entry 1595000/6733583 (23.6872%)
entry 1605000/6733583 (23.8357%)
entry 1610000/6733583 (23.91%)
entry 1614000/6733583 (23.9694%)
entry 1621000/6733583 (24.0734%)
entry 1623000/6733583 (24.1031%)
entry 1628000/6733583 (24.1773%)
entry 1629000/6733583 (24.1922%)
entry 1635000/6733583 (24.2813%)
entry 1638000/6733583 (24.3258%)
entry 1640000/6733583 (24.3555%)
entry 1648000/6733583 (24.4743%)
entry 1655000/6733583 (24.5783%)
entry 1657000/6733583 (24.608%)
entry 1660000/6733583 (24.6526%)
entry 1665000/6733583 (24.7268%)
entry 1666000/6733583 (24.7417%)
entry 1667000/6733583 (24.7565%)
entry 1676000/6733583 (24.8902%)
entry 1678000/6733583 (24.9199%)
entry 1681000/6733583 (24.9644%)
entry 1683000/6733583 (24.9941%)
entry 1684000/6733583 (25.009%)
entry 1686000/6733583 (25.0387%)
entry 1687000/6733583 (25.0535%)
entry 1691000/6733583 (25.1129%)
entry 1693000/6733583 (25.1426%)
entry 1694000/6733583 (25.1575%)
entry 1701000/6733583 (25.2614%)
entry 1708000/6733583 (25.3654%)
entry 1714000/6733583 (25.4545%)
entry 1715000/6733583 (25.4694%)
entry 1719000/6733583 (25.5288%)
entry 1721000/6733583 (25.5585%)
entry 1725000/6733583 (25.6179%)
entry 1726000/6733583 (25.6327%)
entry 1737000/6733583 (25.7961%)
entry 1739000/6733583 (25.8258%)
entry 1740000/6733583 (25.8406%)
entry 1744000/6733583 (25.9%)
entry 1748000/6733583 (25.9594%)
entry 1749000/6733583 (25.9743%)
entry 1756000/6733583 (26.0782%)
entry 1757000/6733583 (26.0931%)
entry 1758000/6733583 (26.1079%)
entry 1764000/6733583 (26.197%)
entry 1765000/6733583 (26.2119%)
entry 1779000/6733583 (26.4198%)
entry 1780000/6733583 (26.4347%)
entry 1781000/6733583 (26.4495%)
entry 1782000/6733583 (26.4644%)
entry 1787000/6733583 (26.5386%)
entry 1789000/6733583 (26.5683%)
entry 1790000/6733583 (26.5832%)
entry 1791000/6733583 (26.598%)
entry 1794000/6733583 (26.6426%)
entry 1795000/6733583 (26.6574%)
entry 1797000/6733583 (26.6871%)
entry 1801000/6733583 (26.7465%)
entry 1804000/6733583 (26.7911%)
entry 1805000/6733583 (26.8059%)
entry 1808000/6733583 (26.8505%)
entry 1809000/6733583 (26.8653%)
entry 1811000/6733583 (26.895%)
entry 1816000/6733583 (26.9693%)
entry 1821000/6733583 (27.0436%)
entry 1822000/6733583 (27.0584%)
entry 1823000/6733583 (27.0733%)
entry 1825000/6733583 (27.103%)
entry 1827000/6733583 (27.1327%)
entry 1829000/6733583 (27.1624%)
entry 1831000/6733583 (27.1921%)
entry 1834000/6733583 (27.2366%)
entry 1836000/6733583 (27.2663%)
entry 1840000/6733583 (27.3257%)
entry 1850000/6733583 (27.4742%)
entry 1854000/6733583 (27.5336%)
entry 1855000/6733583 (27.5485%)
entry 1862000/6733583 (27.6524%)
entry 1863000/6733583 (27.6673%)
entry 1864000/6733583 (27.6821%)
entry 1865000/6733583 (27.697%)
entry 1869000/6733583 (27.7564%)
entry 1871000/6733583 (27.7861%)
entry 1880000/6733583 (27.9198%)
entry 1881000/6733583 (27.9346%)
entry 1887000/6733583 (28.0237%)
entry 1890000/6733583 (28.0683%)
entry 1891000/6733583 (28.0831%)
entry 1893000/6733583 (28.1128%)
entry 1899000/6733583 (28.2019%)
entry 1910000/6733583 (28.3653%)
entry 1919000/6733583 (28.4989%)
entry 1920000/6733583 (28.5138%)
entry 1923000/6733583 (28.5583%)
entry 1927000/6733583 (28.6178%)
entry 1932000/6733583 (28.692%)
entry 1935000/6733583 (28.7366%)
entry 1939000/6733583 (28.796%)
entry 1941000/6733583 (28.8257%)
entry 1942000/6733583 (28.8405%)
entry 1944000/6733583 (28.8702%)
entry 1945000/6733583 (28.8851%)
entry 1947000/6733583 (28.9148%)
entry 1952000/6733583 (28.989%)
entry 1954000/6733583 (29.0187%)
entry 1960000/6733583 (29.1078%)
entry 1967000/6733583 (29.2118%)
entry 1972000/6733583 (29.286%)
entry 1973000/6733583 (29.3009%)
entry 1976000/6733583 (29.3454%)
entry 1982000/6733583 (29.4346%)
entry 1986000/6733583 (29.494%)
entry 1988000/6733583 (29.5237%)
entry 1990000/6733583 (29.5534%)
entry 1991000/6733583 (29.5682%)
entry 2002000/6733583 (29.7316%)
entry 2003000/6733583 (29.7464%)
entry 2005000/6733583 (29.7761%)
entry 2010000/6733583 (29.8504%)
entry 2015000/6733583 (29.9246%)
entry 2016000/6733583 (29.9395%)
entry 2018000/6733583 (29.9692%)
entry 2025000/6733583 (30.0731%)
entry 2026000/6733583 (30.088%)
entry 2027000/6733583 (30.1028%)
entry 2028000/6733583 (30.1177%)
entry 2036000/6733583 (30.2365%)
entry 2039000/6733583 (30.2811%)
entry 2044000/6733583 (30.3553%)
entry 2047000/6733583 (30.3999%)
entry 2051000/6733583 (30.4593%)
entry 2052000/6733583 (30.4741%)
entry 2057000/6733583 (30.5484%)
entry 2064000/6733583 (30.6523%)
entry 2069000/6733583 (30.7266%)
entry 2072000/6733583 (30.7711%)
entry 2077000/6733583 (30.8454%)
entry 2081000/6733583 (30.9048%)
entry 2083000/6733583 (30.9345%)
entry 2085000/6733583 (30.9642%)
entry 2087000/6733583 (30.9939%)
entry 2091000/6733583 (31.0533%)
entry 2096000/6733583 (31.1276%)
entry 2100000/6733583 (31.187%)
entry 2103000/6733583 (31.2315%)
entry 2105000/6733583 (31.2612%)
entry 2111000/6733583 (31.3503%)
entry 2114000/6733583 (31.3949%)
entry 2120000/6733583 (31.484%)
entry 2121000/6733583 (31.4988%)
entry 2122000/6733583 (31.5137%)
entry 2128000/6733583 (31.6028%)
entry 2129000/6733583 (31.6176%)
entry 2138000/6733583 (31.7513%)
entry 2139000/6733583 (31.7661%)
entry 2142000/6733583 (31.8107%)
entry 2146000/6733583 (31.8701%)
entry 2147000/6733583 (31.885%)
entry 2150000/6733583 (31.9295%)
entry 2156000/6733583 (32.0186%)
entry 2157000/6733583 (32.0335%)
entry 2161000/6733583 (32.0929%)
entry 2165000/6733583 (32.1523%)
entry 2174000/6733583 (32.2859%)
entry 2177000/6733583 (32.3305%)
entry 2180000/6733583 (32.375%)
entry 2182000/6733583 (32.4047%)
entry 2183000/6733583 (32.4196%)
entry 2184000/6733583 (32.4344%)
entry 2185000/6733583 (32.4493%)
entry 2186000/6733583 (32.4641%)
entry 2189000/6733583 (32.5087%)
entry 2190000/6733583 (32.5235%)
entry 2192000/6733583 (32.5532%)
entry 2194000/6733583 (32.583%)
entry 2195000/6733583 (32.5978%)
entry 2197000/6733583 (32.6275%)
entry 2201000/6733583 (32.6869%)
entry 2204000/6733583 (32.7315%)
entry 2206000/6733583 (32.7612%)
entry 2209000/6733583 (32.8057%)
entry 2210000/6733583 (32.8206%)
entry 2212000/6733583 (32.8503%)
entry 2221000/6733583 (32.9839%)
entry 2223000/6733583 (33.0136%)
entry 2226000/6733583 (33.0582%)
entry 2236000/6733583 (33.2067%)
entry 2240000/6733583 (33.2661%)
entry 2245000/6733583 (33.3403%)
entry 2246000/6733583 (33.3552%)
entry 2249000/6733583 (33.3998%)
entry 2253000/6733583 (33.4592%)
entry 2254000/6733583 (33.474%)
entry 2256000/6733583 (33.5037%)
entry 2258000/6733583 (33.5334%)
entry 2262000/6733583 (33.5928%)
entry 2264000/6733583 (33.6225%)
entry 2265000/6733583 (33.6374%)
entry 2266000/6733583 (33.6522%)
entry 2267000/6733583 (33.6671%)
entry 2269000/6733583 (33.6968%)
entry 2271000/6733583 (33.7265%)
entry 2273000/6733583 (33.7562%)
entry 2279000/6733583 (33.8453%)
entry 2280000/6733583 (33.8601%)
entry 2282000/6733583 (33.8898%)
entry 2286000/6733583 (33.9492%)
entry 2288000/6733583 (33.9789%)
entry 2299000/6733583 (34.1423%)
entry 2302000/6733583 (34.1869%)
entry 2305000/6733583 (34.2314%)
entry 2313000/6733583 (34.3502%)
entry 2315000/6733583 (34.3799%)
entry 2323000/6733583 (34.4987%)
entry 2324000/6733583 (34.5136%)
entry 2333000/6733583 (34.6472%)
entry 2334000/6733583 (34.6621%)
entry 2337000/6733583 (34.7066%)
entry 2339000/6733583 (34.7363%)
entry 2343000/6733583 (34.7957%)
entry 2347000/6733583 (34.8551%)
entry 2349000/6733583 (34.8848%)
entry 2350000/6733583 (34.8997%)
entry 2358000/6733583 (35.0185%)
entry 2363000/6733583 (35.0928%)
entry 2365000/6733583 (35.1225%)
entry 2368000/6733583 (35.167%)
entry 2369000/6733583 (35.1819%)
entry 2371000/6733583 (35.2116%)
entry 2372000/6733583 (35.2264%)
entry 2374000/6733583 (35.2561%)
entry 2377000/6733583 (35.3007%)
entry 2379000/6733583 (35.3304%)
entry 2381000/6733583 (35.3601%)
entry 2382000/6733583 (35.3749%)
entry 2383000/6733583 (35.3898%)
entry 2387000/6733583 (35.4492%)
entry 2389000/6733583 (35.4789%)
entry 2390000/6733583 (35.4937%)
entry 2391000/6733583 (35.5086%)
entry 2394000/6733583 (35.5531%)
entry 2395000/6733583 (35.568%)
entry 2402000/6733583 (35.6719%)
entry 2403000/6733583 (35.6868%)
entry 2407000/6733583 (35.7462%)
entry 2410000/6733583 (35.7908%)
entry 2418000/6733583 (35.9096%)
entry 2421000/6733583 (35.9541%)
entry 2424000/6733583 (35.9987%)
entry 2426000/6733583 (36.0284%)
entry 2431000/6733583 (36.1026%)
entry 2432000/6733583 (36.1175%)
entry 2434000/6733583 (36.1472%)
entry 2439000/6733583 (36.2214%)
entry 2445000/6733583 (36.3105%)
entry 2446000/6733583 (36.3254%)
entry 2447000/6733583 (36.3402%)
entry 2450000/6733583 (36.3848%)
entry 2453000/6733583 (36.4293%)
entry 2454000/6733583 (36.4442%)
entry 2462000/6733583 (36.563%)
entry 2467000/6733583 (36.6373%)
entry 2468000/6733583 (36.6521%)
entry 2469000/6733583 (36.667%)
entry 2473000/6733583 (36.7264%)
entry 2475000/6733583 (36.7561%)
entry 2481000/6733583 (36.8452%)
entry 2489000/6733583 (36.964%)
entry 2497000/6733583 (37.0828%)
entry 2501000/6733583 (37.1422%)
entry 2502000/6733583 (37.157%)
entry 2506000/6733583 (37.2164%)
entry 2508000/6733583 (37.2461%)
entry 2509000/6733583 (37.261%)
entry 2510000/6733583 (37.2758%)
entry 2514000/6733583 (37.3352%)
entry 2517000/6733583 (37.3798%)
entry 2525000/6733583 (37.4986%)
entry 2526000/6733583 (37.5135%)
entry 2528000/6733583 (37.5432%)
entry 2530000/6733583 (37.5729%)
entry 2531000/6733583 (37.5877%)
entry 2534000/6733583 (37.6323%)
entry 2535000/6733583 (37.6471%)
entry 2540000/6733583 (37.7214%)
entry 2542000/6733583 (37.7511%)
entry 2548000/6733583 (37.8402%)
entry 2552000/6733583 (37.8996%)
entry 2559000/6733583 (38.0035%)
entry 2561000/6733583 (38.0332%)
entry 2564000/6733583 (38.0778%)
entry 2570000/6733583 (38.1669%)
entry 2578000/6733583 (38.2857%)
entry 2580000/6733583 (38.3154%)
entry 2587000/6733583 (38.4194%)
entry 2590000/6733583 (38.4639%)
entry 2591000/6733583 (38.4788%)
entry 2603000/6733583 (38.657%)
entry 2609000/6733583 (38.7461%)
entry 2610000/6733583 (38.7609%)
entry 2613000/6733583 (38.8055%)
entry 2614000/6733583 (38.8203%)
entry 2617000/6733583 (38.8649%)
entry 2631000/6733583 (39.0728%)
entry 2638000/6733583 (39.1768%)
entry 2641000/6733583 (39.2213%)
entry 2644000/6733583 (39.2659%)
entry 2646000/6733583 (39.2956%)
entry 2647000/6733583 (39.3104%)
entry 2648000/6733583 (39.3253%)
entry 2652000/6733583 (39.3847%)
entry 2656000/6733583 (39.4441%)
entry 2662000/6733583 (39.5332%)
entry 2663000/6733583 (39.548%)
entry 2664000/6733583 (39.5629%)
entry 2669000/6733583 (39.6371%)
entry 2670000/6733583 (39.652%)
entry 2679000/6733583 (39.7857%)
entry 2681000/6733583 (39.8154%)
entry 2684000/6733583 (39.8599%)
entry 2687000/6733583 (39.9045%)
entry 2690000/6733583 (39.949%)
entry 2691000/6733583 (39.9639%)
entry 2695000/6733583 (40.0233%)
entry 2696000/6733583 (40.0381%)
entry 2698000/6733583 (40.0678%)
entry 2703000/6733583 (40.1421%)
entry 2704000/6733583 (40.1569%)
entry 2708000/6733583 (40.2163%)
entry 2715000/6733583 (40.3203%)
entry 2720000/6733583 (40.3945%)
entry 2721000/6733583 (40.4094%)
entry 2724000/6733583 (40.4539%)
entry 2728000/6733583 (40.5133%)
entry 2730000/6733583 (40.5431%)
entry 2732000/6733583 (40.5728%)
entry 2745000/6733583 (40.7658%)
entry 2751000/6733583 (40.8549%)
entry 2754000/6733583 (40.8995%)
entry 2755000/6733583 (40.9143%)
entry 2757000/6733583 (40.944%)
entry 2761000/6733583 (41.0034%)
entry 2763000/6733583 (41.0331%)
entry 2764000/6733583 (41.048%)
entry 2765000/6733583 (41.0628%)
entry 2767000/6733583 (41.0925%)
entry 2772000/6733583 (41.1668%)
entry 2773000/6733583 (41.1816%)
entry 2774000/6733583 (41.1965%)
entry 2777000/6733583 (41.241%)
entry 2780000/6733583 (41.2856%)
entry 2781000/6733583 (41.3004%)
entry 2786000/6733583 (41.3747%)
entry 2794000/6733583 (41.4935%)
entry 2795000/6733583 (41.5084%)
entry 2804000/6733583 (41.642%)
entry 2807000/6733583 (41.6866%)
entry 2808000/6733583 (41.7014%)
entry 2811000/6733583 (41.746%)
entry 2818000/6733583 (41.8499%)
entry 2819000/6733583 (41.8648%)
entry 2821000/6733583 (41.8945%)
entry 2823000/6733583 (41.9242%)
entry 2824000/6733583 (41.939%)
entry 2826000/6733583 (41.9687%)
entry 2827000/6733583 (41.9836%)
entry 2832000/6733583 (42.0578%)
entry 2834000/6733583 (42.0875%)
entry 2835000/6733583 (42.1024%)
entry 2837000/6733583 (42.1321%)
entry 2844000/6733583 (42.2361%)
entry 2850000/6733583 (42.3252%)
entry 2851000/6733583 (42.34%)
entry 2854000/6733583 (42.3846%)
entry 2856000/6733583 (42.4143%)
entry 2864000/6733583 (42.5331%)
entry 2875000/6733583 (42.6964%)
entry 2881000/6733583 (42.7855%)
entry 2884000/6733583 (42.8301%)
entry 2887000/6733583 (42.8746%)
entry 2888000/6733583 (42.8895%)
entry 2889000/6733583 (42.9044%)
entry 2898000/6733583 (43.038%)
entry 2900000/6733583 (43.0677%)
entry 2902000/6733583 (43.0974%)
entry 2908000/6733583 (43.1865%)
entry 2911000/6733583 (43.2311%)
entry 2918000/6733583 (43.335%)
entry 2919000/6733583 (43.3499%)
entry 2920000/6733583 (43.3647%)
entry 2921000/6733583 (43.3796%)
entry 2925000/6733583 (43.439%)
entry 2931000/6733583 (43.5281%)
entry 2935000/6733583 (43.5875%)
entry 2936000/6733583 (43.6023%)
entry 2940000/6733583 (43.6617%)
entry 2946000/6733583 (43.7509%)
entry 2947000/6733583 (43.7657%)
entry 2953000/6733583 (43.8548%)
entry 2956000/6733583 (43.8994%)
entry 2963000/6733583 (44.0033%)
entry 2965000/6733583 (44.033%)
entry 2966000/6733583 (44.0479%)
entry 2968000/6733583 (44.0776%)
entry 2970000/6733583 (44.1073%)
entry 2976000/6733583 (44.1964%)
entry 2978000/6733583 (44.2261%)
entry 2979000/6733583 (44.2409%)
entry 2982000/6733583 (44.2855%)
entry 2983000/6733583 (44.3003%)
entry 2984000/6733583 (44.3152%)
entry 2990000/6733583 (44.4043%)
entry 2994000/6733583 (44.4637%)
entry 2998000/6733583 (44.5231%)
entry 2999000/6733583 (44.538%)
entry 3001000/6733583 (44.5677%)
entry 3004000/6733583 (44.6122%)
entry 3006000/6733583 (44.6419%)
entry 3013000/6733583 (44.7459%)
entry 3016000/6733583 (44.7904%)
entry 3026000/6733583 (44.9389%)
entry 3027000/6733583 (44.9538%)
entry 3035000/6733583 (45.0726%)
entry 3038000/6733583 (45.1171%)
entry 3044000/6733583 (45.2062%)
entry 3048000/6733583 (45.2656%)
entry 3049000/6733583 (45.2805%)
entry 3056000/6733583 (45.3845%)
entry 3057000/6733583 (45.3993%)
entry 3058000/6733583 (45.4142%)
entry 3062000/6733583 (45.4736%)
entry 3064000/6733583 (45.5033%)
entry 3078000/6733583 (45.7112%)
entry 3080000/6733583 (45.7409%)
entry 3082000/6733583 (45.7706%)
entry 3095000/6733583 (45.9636%)
entry 3098000/6733583 (46.0082%)
entry 3103000/6733583 (46.0824%)
entry 3104000/6733583 (46.0973%)
entry 3105000/6733583 (46.1122%)
entry 3106000/6733583 (46.127%)
entry 3107000/6733583 (46.1419%)
entry 3108000/6733583 (46.1567%)
entry 3115000/6733583 (46.2607%)
entry 3117000/6733583 (46.2904%)
entry 3120000/6733583 (46.3349%)
entry 3121000/6733583 (46.3498%)
entry 3124000/6733583 (46.3943%)
entry 3131000/6733583 (46.4983%)
entry 3141000/6733583 (46.6468%)
entry 3145000/6733583 (46.7062%)
entry 3149000/6733583 (46.7656%)
entry 3151000/6733583 (46.7953%)
entry 3153000/6733583 (46.825%)
entry 3155000/6733583 (46.8547%)
entry 3156000/6733583 (46.8695%)
entry 3160000/6733583 (46.929%)
entry 3161000/6733583 (46.9438%)
entry 3162000/6733583 (46.9587%)
entry 3166000/6733583 (47.0181%)
entry 3167000/6733583 (47.0329%)
entry 3175000/6733583 (47.1517%)
entry 3180000/6733583 (47.226%)
entry 3181000/6733583 (47.2408%)
entry 3182000/6733583 (47.2557%)
entry 3186000/6733583 (47.3151%)
entry 3192000/6733583 (47.4042%)
entry 3195000/6733583 (47.4487%)
entry 3202000/6733583 (47.5527%)
entry 3206000/6733583 (47.6121%)
entry 3209000/6733583 (47.6566%)
entry 3210000/6733583 (47.6715%)
entry 3211000/6733583 (47.6864%)
entry 3212000/6733583 (47.7012%)
entry 3215000/6733583 (47.7458%)
entry 3223000/6733583 (47.8646%)
entry 3224000/6733583 (47.8794%)
entry 3226000/6733583 (47.9091%)
entry 3231000/6733583 (47.9834%)
entry 3238000/6733583 (48.0873%)
entry 3247000/6733583 (48.221%)
entry 3248000/6733583 (48.2358%)
entry 3252000/6733583 (48.2952%)
entry 3253000/6733583 (48.3101%)
entry 3256000/6733583 (48.3546%)
entry 3258000/6733583 (48.3843%)
entry 3259000/6733583 (48.3992%)
entry 3261000/6733583 (48.4289%)
entry 3265000/6733583 (48.4883%)
entry 3273000/6733583 (48.6071%)
entry 3280000/6733583 (48.7111%)
entry 3283000/6733583 (48.7556%)
entry 3288000/6733583 (48.8299%)
entry 3293000/6733583 (48.9041%)
entry 3298000/6733583 (48.9784%)
entry 3300000/6733583 (49.0081%)
entry 3304000/6733583 (49.0675%)
entry 3313000/6733583 (49.2011%)
entry 3318000/6733583 (49.2754%)
entry 3322000/6733583 (49.3348%)
entry 3328000/6733583 (49.4239%)
entry 3329000/6733583 (49.4388%)
entry 3334000/6733583 (49.513%)
entry 3342000/6733583 (49.6318%)
entry 3345000/6733583 (49.6764%)
entry 3347000/6733583 (49.7061%)
entry 3349000/6733583 (49.7358%)
entry 3356000/6733583 (49.8397%)
entry 3358000/6733583 (49.8694%)
entry 3362000/6733583 (49.9288%)
entry 3366000/6733583 (49.9882%)
entry 3367000/6733583 (50.0031%)
entry 3369000/6733583 (50.0328%)
entry 3370000/6733583 (50.0476%)
entry 3372000/6733583 (50.0773%)
entry 3379000/6733583 (50.1813%)
entry 3384000/6733583 (50.2556%)
entry 3388000/6733583 (50.315%)
entry 3399000/6733583 (50.4783%)
entry 3402000/6733583 (50.5229%)
entry 3405000/6733583 (50.5674%)
entry 3412000/6733583 (50.6714%)
entry 3413000/6733583 (50.6862%)
entry 3414000/6733583 (50.7011%)
entry 3417000/6733583 (50.7456%)
entry 3419000/6733583 (50.7753%)
entry 3421000/6733583 (50.805%)
entry 3424000/6733583 (50.8496%)
entry 3427000/6733583 (50.8942%)
entry 3431000/6733583 (50.9536%)
entry 3432000/6733583 (50.9684%)
entry 3435000/6733583 (51.013%)
entry 3437000/6733583 (51.0427%)
entry 3441000/6733583 (51.1021%)
entry 3445000/6733583 (51.1615%)
entry 3446000/6733583 (51.1763%)
entry 3448000/6733583 (51.206%)
entry 3449000/6733583 (51.2209%)
entry 3455000/6733583 (51.31%)
entry 3456000/6733583 (51.3248%)
entry 3458000/6733583 (51.3545%)
entry 3467000/6733583 (51.4882%)
entry 3470000/6733583 (51.5327%)
entry 3471000/6733583 (51.5476%)
entry 3475000/6733583 (51.607%)
entry 3479000/6733583 (51.6664%)
entry 3480000/6733583 (51.6813%)
entry 3481000/6733583 (51.6961%)
entry 3485000/6733583 (51.7555%)
entry 3486000/6733583 (51.7704%)
entry 3487000/6733583 (51.7852%)
entry 3488000/6733583 (51.8001%)
entry 3491000/6733583 (51.8446%)
entry 3493000/6733583 (51.8743%)
entry 3497000/6733583 (51.9337%)
entry 3502000/6733583 (52.008%)
entry 3511000/6733583 (52.1416%)
entry 3512000/6733583 (52.1565%)
entry 3513000/6733583 (52.1713%)
entry 3517000/6733583 (52.2307%)
entry 3518000/6733583 (52.2456%)
entry 3521000/6733583 (52.2901%)
entry 3524000/6733583 (52.3347%)
entry 3525000/6733583 (52.3495%)
entry 3528000/6733583 (52.3941%)
entry 3530000/6733583 (52.4238%)
entry 3535000/6733583 (52.4981%)
entry 3540000/6733583 (52.5723%)
entry 3544000/6733583 (52.6317%)
entry 3546000/6733583 (52.6614%)
entry 3550000/6733583 (52.7208%)
entry 3555000/6733583 (52.7951%)
entry 3557000/6733583 (52.8248%)
entry 3559000/6733583 (52.8545%)
entry 3561000/6733583 (52.8842%)
entry 3564000/6733583 (52.9287%)
entry 3566000/6733583 (52.9584%)
entry 3569000/6733583 (53.003%)
entry 3572000/6733583 (53.0475%)
entry 3573000/6733583 (53.0624%)
entry 3574000/6733583 (53.0772%)
entry 3575000/6733583 (53.0921%)
entry 3577000/6733583 (53.1218%)
entry 3579000/6733583 (53.1515%)
entry 3582000/6733583 (53.196%)
entry 3583000/6733583 (53.2109%)
entry 3588000/6733583 (53.2852%)
entry 3592000/6733583 (53.3446%)
entry 3597000/6733583 (53.4188%)
entry 3603000/6733583 (53.5079%)
entry 3604000/6733583 (53.5228%)
entry 3605000/6733583 (53.5376%)
entry 3609000/6733583 (53.597%)
entry 3611000/6733583 (53.6267%)
entry 3617000/6733583 (53.7158%)
entry 3619000/6733583 (53.7455%)
entry 3623000/6733583 (53.8049%)
entry 3633000/6733583 (53.9534%)
entry 3639000/6733583 (54.0425%)
entry 3640000/6733583 (54.0574%)
entry 3643000/6733583 (54.102%)
entry 3644000/6733583 (54.1168%)
entry 3646000/6733583 (54.1465%)
entry 3649000/6733583 (54.1911%)
entry 3651000/6733583 (54.2208%)
entry 3653000/6733583 (54.2505%)
entry 3659000/6733583 (54.3396%)
entry 3661000/6733583 (54.3693%)
entry 3664000/6733583 (54.4138%)
entry 3669000/6733583 (54.4881%)
entry 3671000/6733583 (54.5178%)
entry 3672000/6733583 (54.5326%)
entry 3674000/6733583 (54.5623%)
entry 3677000/6733583 (54.6069%)
entry 3679000/6733583 (54.6366%)
entry 3680000/6733583 (54.6514%)
entry 3682000/6733583 (54.6811%)
entry 3685000/6733583 (54.7257%)
entry 3686000/6733583 (54.7405%)
entry 3688000/6733583 (54.7702%)
entry 3689000/6733583 (54.7851%)
entry 3690000/6733583 (54.8%)
entry 3691000/6733583 (54.8148%)
entry 3696000/6733583 (54.8891%)
entry 3697000/6733583 (54.9039%)
entry 3698000/6733583 (54.9188%)
entry 3700000/6733583 (54.9485%)
entry 3701000/6733583 (54.9633%)
entry 3705000/6733583 (55.0227%)
entry 3706000/6733583 (55.0376%)
entry 3708000/6733583 (55.0673%)
entry 3712000/6733583 (55.1267%)
entry 3716000/6733583 (55.1861%)
entry 3722000/6733583 (55.2752%)
entry 3723000/6733583 (55.29%)
entry 3726000/6733583 (55.3346%)
entry 3727000/6733583 (55.3494%)
entry 3728000/6733583 (55.3643%)
entry 3734000/6733583 (55.4534%)
entry 3735000/6733583 (55.4682%)
entry 3738000/6733583 (55.5128%)
entry 3739000/6733583 (55.5276%)
entry 3740000/6733583 (55.5425%)
entry 3741000/6733583 (55.5573%)
entry 3746000/6733583 (55.6316%)
entry 3750000/6733583 (55.691%)
entry 3751000/6733583 (55.7059%)
entry 3757000/6733583 (55.795%)
entry 3761000/6733583 (55.8544%)
entry 3764000/6733583 (55.8989%)
entry 3765000/6733583 (55.9138%)
entry 3769000/6733583 (55.9732%)
entry 3770000/6733583 (55.988%)
entry 3771000/6733583 (56.0029%)
entry 3774000/6733583 (56.0474%)
entry 3775000/6733583 (56.0623%)
entry 3778000/6733583 (56.1068%)
entry 3780000/6733583 (56.1365%)
entry 3784000/6733583 (56.1959%)
entry 3785000/6733583 (56.2108%)
entry 3792000/6733583 (56.3147%)
entry 3796000/6733583 (56.3741%)
entry 3797000/6733583 (56.389%)
entry 3800000/6733583 (56.4336%)
entry 3802000/6733583 (56.4633%)
entry 3803000/6733583 (56.4781%)
entry 3804000/6733583 (56.493%)
entry 3806000/6733583 (56.5227%)
entry 3810000/6733583 (56.5821%)
entry 3813000/6733583 (56.6266%)
entry 3815000/6733583 (56.6563%)
entry 3817000/6733583 (56.686%)
entry 3821000/6733583 (56.7454%)
entry 3825000/6733583 (56.8048%)
entry 3829000/6733583 (56.8642%)
entry 3830000/6733583 (56.8791%)
entry 3833000/6733583 (56.9236%)
entry 3834000/6733583 (56.9385%)
entry 3835000/6733583 (56.9533%)
entry 3839000/6733583 (57.0127%)
entry 3842000/6733583 (57.0573%)
entry 3844000/6733583 (57.087%)
entry 3845000/6733583 (57.1018%)
entry 3853000/6733583 (57.2206%)
entry 3858000/6733583 (57.2949%)
entry 3861000/6733583 (57.3395%)
entry 3862000/6733583 (57.3543%)
entry 3864000/6733583 (57.384%)
entry 3876000/6733583 (57.5622%)
entry 3878000/6733583 (57.5919%)
entry 3883000/6733583 (57.6662%)
entry 3888000/6733583 (57.7404%)
entry 3889000/6733583 (57.7553%)
entry 3892000/6733583 (57.7998%)
entry 3895000/6733583 (57.8444%)
entry 3897000/6733583 (57.8741%)
entry 3898000/6733583 (57.8889%)
entry 3903000/6733583 (57.9632%)
entry 3904000/6733583 (57.978%)
entry 3905000/6733583 (57.9929%)
entry 3910000/6733583 (58.0672%)
entry 3912000/6733583 (58.0969%)
entry 3918000/6733583 (58.186%)
entry 3919000/6733583 (58.2008%)
entry 3920000/6733583 (58.2157%)
entry 3922000/6733583 (58.2454%)
entry 3924000/6733583 (58.2751%)
entry 3926000/6733583 (58.3048%)
entry 3927000/6733583 (58.3196%)
entry 3929000/6733583 (58.3493%)
entry 3931000/6733583 (58.379%)
entry 3937000/6733583 (58.4681%)
entry 3939000/6733583 (58.4978%)
entry 3944000/6733583 (58.5721%)
entry 3945000/6733583 (58.5869%)
entry 3952000/6733583 (58.6909%)
entry 3954000/6733583 (58.7206%)
entry 3958000/6733583 (58.78%)
entry 3959000/6733583 (58.7949%)
entry 3964000/6733583 (58.8691%)
entry 3965000/6733583 (58.884%)
entry 3978000/6733583 (59.077%)
entry 3981000/6733583 (59.1216%)
entry 3984000/6733583 (59.1661%)
entry 3987000/6733583 (59.2107%)
entry 3992000/6733583 (59.2849%)
entry 3993000/6733583 (59.2998%)
entry 3999000/6733583 (59.3889%)
entry 4003000/6733583 (59.4483%)
entry 4006000/6733583 (59.4928%)
entry 4010000/6733583 (59.5522%)
entry 4018000/6733583 (59.6711%)
entry 4022000/6733583 (59.7305%)
entry 4026000/6733583 (59.7899%)
entry 4029000/6733583 (59.8344%)
entry 4033000/6733583 (59.8938%)
entry 4038000/6733583 (59.9681%)
entry 4039000/6733583 (59.9829%)
entry 4040000/6733583 (59.9978%)
entry 4041000/6733583 (60.0126%)
entry 4046000/6733583 (60.0869%)
entry 4047000/6733583 (60.1017%)
entry 4048000/6733583 (60.1166%)
entry 4059000/6733583 (60.2799%)
entry 4060000/6733583 (60.2948%)
entry 4061000/6733583 (60.3096%)
entry 4062000/6733583 (60.3245%)
entry 4063000/6733583 (60.3393%)
entry 4068000/6733583 (60.4136%)
entry 4069000/6733583 (60.4285%)
entry 4073000/6733583 (60.4879%)
entry 4074000/6733583 (60.5027%)
entry 4076000/6733583 (60.5324%)
entry 4077000/6733583 (60.5473%)
entry 4078000/6733583 (60.5621%)
entry 4081000/6733583 (60.6067%)
entry 4083000/6733583 (60.6364%)
entry 4090000/6733583 (60.7403%)
entry 4094000/6733583 (60.7997%)
entry 4096000/6733583 (60.8294%)
entry 4098000/6733583 (60.8591%)
entry 4099000/6733583 (60.874%)
entry 4101000/6733583 (60.9037%)
entry 4102000/6733583 (60.9185%)
entry 4106000/6733583 (60.9779%)
entry 4108000/6733583 (61.0076%)
entry 4112000/6733583 (61.067%)
entry 4121000/6733583 (61.2007%)
entry 4127000/6733583 (61.2898%)
entry 4131000/6733583 (61.3492%)
entry 4135000/6733583 (61.4086%)
entry 4136000/6733583 (61.4235%)
entry 4137000/6733583 (61.4383%)
entry 4140000/6733583 (61.4829%)
entry 4142000/6733583 (61.5126%)
entry 4146000/6733583 (61.572%)
entry 4152000/6733583 (61.6611%)
entry 4163000/6733583 (61.8244%)
entry 4166000/6733583 (61.869%)
entry 4170000/6733583 (61.9284%)
entry 4171000/6733583 (61.9432%)
entry 4172000/6733583 (61.9581%)
entry 4173000/6733583 (61.973%)
entry 4175000/6733583 (62.0027%)
entry 4178000/6733583 (62.0472%)
entry 4180000/6733583 (62.0769%)
entry 4185000/6733583 (62.1512%)
entry 4186000/6733583 (62.166%)
entry 4193000/6733583 (62.27%)
entry 4194000/6733583 (62.2848%)
entry 4198000/6733583 (62.3442%)
entry 4199000/6733583 (62.3591%)
entry 4200000/6733583 (62.3739%)
entry 4202000/6733583 (62.4036%)
entry 4206000/6733583 (62.463%)
entry 4210000/6733583 (62.5224%)
entry 4214000/6733583 (62.5818%)
entry 4219000/6733583 (62.6561%)
entry 4220000/6733583 (62.6709%)
entry 4225000/6733583 (62.7452%)
entry 4226000/6733583 (62.76%)
entry 4234000/6733583 (62.8789%)
entry 4236000/6733583 (62.9086%)
entry 4248000/6733583 (63.0868%)
entry 4249000/6733583 (63.1016%)
entry 4250000/6733583 (63.1165%)
entry 4252000/6733583 (63.1462%)
entry 4254000/6733583 (63.1759%)
entry 4257000/6733583 (63.2204%)
entry 4258000/6733583 (63.2353%)
entry 4261000/6733583 (63.2798%)
entry 4274000/6733583 (63.4729%)
entry 4278000/6733583 (63.5323%)
entry 4286000/6733583 (63.6511%)
entry 4295000/6733583 (63.7848%)
entry 4298000/6733583 (63.8293%)
entry 4306000/6733583 (63.9481%)
entry 4310000/6733583 (64.0075%)
entry 4316000/6733583 (64.0966%)
entry 4318000/6733583 (64.1263%)
entry 4320000/6733583 (64.156%)
entry 4327000/6733583 (64.26%)
entry 4329000/6733583 (64.2897%)
entry 4335000/6733583 (64.3788%)
entry 4344000/6733583 (64.5125%)
entry 4346000/6733583 (64.5422%)
entry 4348000/6733583 (64.5719%)
entry 4349000/6733583 (64.5867%)
entry 4350000/6733583 (64.6016%)
entry 4354000/6733583 (64.661%)
entry 4355000/6733583 (64.6758%)
entry 4357000/6733583 (64.7055%)
entry 4358000/6733583 (64.7204%)
entry 4363000/6733583 (64.7946%)
entry 4371000/6733583 (64.9134%)
entry 4374000/6733583 (64.958%)
entry 4378000/6733583 (65.0174%)
entry 4385000/6733583 (65.1213%)
entry 4388000/6733583 (65.1659%)
entry 4391000/6733583 (65.2105%)
entry 4394000/6733583 (65.255%)
entry 4397000/6733583 (65.2996%)
entry 4403000/6733583 (65.3887%)
entry 4405000/6733583 (65.4184%)
entry 4413000/6733583 (65.5372%)
entry 4415000/6733583 (65.5669%)
entry 4427000/6733583 (65.7451%)
entry 4428000/6733583 (65.7599%)
entry 4434000/6733583 (65.849%)
entry 4436000/6733583 (65.8787%)
entry 4437000/6733583 (65.8936%)
entry 4438000/6733583 (65.9084%)
entry 4450000/6733583 (66.0867%)
entry 4454000/6733583 (66.1461%)
entry 4456000/6733583 (66.1758%)
entry 4462000/6733583 (66.2649%)
entry 4464000/6733583 (66.2946%)
entry 4466000/6733583 (66.3243%)
entry 4468000/6733583 (66.354%)
entry 4470000/6733583 (66.3837%)
entry 4474000/6733583 (66.4431%)
entry 4479000/6733583 (66.5173%)
entry 4484000/6733583 (66.5916%)
entry 4488000/6733583 (66.651%)
entry 4491000/6733583 (66.6955%)
entry 4494000/6733583 (66.7401%)
entry 4496000/6733583 (66.7698%)
entry 4499000/6733583 (66.8144%)
entry 4501000/6733583 (66.8441%)
entry 4506000/6733583 (66.9183%)
entry 4520000/6733583 (67.1262%)
entry 4521000/6733583 (67.1411%)
entry 4523000/6733583 (67.1708%)
entry 4529000/6733583 (67.2599%)
entry 4531000/6733583 (67.2896%)
entry 4532000/6733583 (67.3044%)
entry 4541000/6733583 (67.4381%)
entry 4551000/6733583 (67.5866%)
entry 4559000/6733583 (67.7054%)
entry 4560000/6733583 (67.7203%)
entry 4563000/6733583 (67.7648%)
entry 4568000/6733583 (67.8391%)
entry 4569000/6733583 (67.8539%)
entry 4577000/6733583 (67.9727%)
entry 4578000/6733583 (67.9876%)
entry 4585000/6733583 (68.0915%)
entry 4588000/6733583 (68.1361%)
entry 4591000/6733583 (68.1806%)
entry 4598000/6733583 (68.2846%)
entry 4603000/6733583 (68.3589%)
entry 4604000/6733583 (68.3737%)
entry 4607000/6733583 (68.4183%)
entry 4611000/6733583 (68.4777%)
entry 4613000/6733583 (68.5074%)
entry 4617000/6733583 (68.5668%)
entry 4621000/6733583 (68.6262%)
entry 4628000/6733583 (68.7301%)
entry 4631000/6733583 (68.7747%)
entry 4633000/6733583 (68.8044%)
entry 4634000/6733583 (68.8192%)
entry 4638000/6733583 (68.8786%)
entry 4639000/6733583 (68.8935%)
entry 4640000/6733583 (68.9083%)
entry 4643000/6733583 (68.9529%)
entry 4646000/6733583 (68.9974%)
entry 4647000/6733583 (69.0123%)
entry 4650000/6733583 (69.0568%)
entry 4656000/6733583 (69.146%)
entry 4659000/6733583 (69.1905%)
entry 4663000/6733583 (69.2499%)
entry 4665000/6733583 (69.2796%)
entry 4666000/6733583 (69.2945%)
entry 4673000/6733583 (69.3984%)
entry 4674000/6733583 (69.4133%)
entry 4680000/6733583 (69.5024%)
entry 4687000/6733583 (69.6063%)
entry 4691000/6733583 (69.6657%)
entry 4692000/6733583 (69.6806%)
entry 4695000/6733583 (69.7251%)
entry 4699000/6733583 (69.7845%)
entry 4710000/6733583 (69.9479%)
entry 4713000/6733583 (69.9925%)
entry 4718000/6733583 (70.0667%)
entry 4719000/6733583 (70.0816%)
entry 4720000/6733583 (70.0964%)
entry 4722000/6733583 (70.1261%)
entry 4724000/6733583 (70.1558%)
entry 4725000/6733583 (70.1707%)
entry 4731000/6733583 (70.2598%)
entry 4736000/6733583 (70.334%)
entry 4738000/6733583 (70.3637%)
entry 4739000/6733583 (70.3786%)
entry 4741000/6733583 (70.4083%)
entry 4749000/6733583 (70.5271%)
entry 4751000/6733583 (70.5568%)
entry 4757000/6733583 (70.6459%)
entry 4760000/6733583 (70.6904%)
entry 4762000/6733583 (70.7201%)
entry 4767000/6733583 (70.7944%)
entry 4768000/6733583 (70.8093%)
entry 4776000/6733583 (70.9281%)
entry 4777000/6733583 (70.9429%)
entry 4782000/6733583 (71.0172%)
entry 4789000/6733583 (71.1211%)
entry 4793000/6733583 (71.1805%)
entry 4798000/6733583 (71.2548%)
entry 4800000/6733583 (71.2845%)
entry 4804000/6733583 (71.3439%)
entry 4806000/6733583 (71.3736%)
entry 4808000/6733583 (71.4033%)
entry 4811000/6733583 (71.4478%)
entry 4812000/6733583 (71.4627%)
entry 4815000/6733583 (71.5073%)
entry 4818000/6733583 (71.5518%)
entry 4819000/6733583 (71.5667%)
entry 4825000/6733583 (71.6558%)
entry 4826000/6733583 (71.6706%)
entry 4829000/6733583 (71.7152%)
entry 4830000/6733583 (71.73%)
entry 4831000/6733583 (71.7449%)
entry 4836000/6733583 (71.8191%)
entry 4837000/6733583 (71.834%)
entry 4841000/6733583 (71.8934%)
entry 4844000/6733583 (71.9379%)
entry 4845000/6733583 (71.9528%)
entry 4846000/6733583 (71.9676%)
entry 4855000/6733583 (72.1013%)
entry 4857000/6733583 (72.131%)
entry 4861000/6733583 (72.1904%)
entry 4862000/6733583 (72.2052%)
entry 4865000/6733583 (72.2498%)
entry 4867000/6733583 (72.2795%)
entry 4869000/6733583 (72.3092%)
entry 4871000/6733583 (72.3389%)
entry 4877000/6733583 (72.428%)
entry 4893000/6733583 (72.6656%)
entry 4899000/6733583 (72.7547%)
entry 4902000/6733583 (72.7993%)
entry 4904000/6733583 (72.829%)
entry 4906000/6733583 (72.8587%)
entry 4910000/6733583 (72.9181%)
entry 4911000/6733583 (72.9329%)
entry 4912000/6733583 (72.9478%)
entry 4917000/6733583 (73.022%)
entry 4918000/6733583 (73.0369%)
entry 4928000/6733583 (73.1854%)
entry 4929000/6733583 (73.2003%)
entry 4933000/6733583 (73.2597%)
entry 4937000/6733583 (73.3191%)
entry 4938000/6733583 (73.3339%)
entry 4941000/6733583 (73.3785%)
entry 4948000/6733583 (73.4824%)
entry 4951000/6733583 (73.527%)
entry 4955000/6733583 (73.5864%)
entry 4962000/6733583 (73.6903%)
entry 4966000/6733583 (73.7497%)
entry 4969000/6733583 (73.7943%)
entry 4970000/6733583 (73.8091%)
entry 4974000/6733583 (73.8685%)
entry 4976000/6733583 (73.8982%)
entry 4988000/6733583 (74.0765%)
entry 4992000/6733583 (74.1359%)
entry 5004000/6733583 (74.3141%)
entry 5015000/6733583 (74.4774%)
entry 5021000/6733583 (74.5665%)
entry 5023000/6733583 (74.5962%)
entry 5032000/6733583 (74.7299%)
entry 5035000/6733583 (74.7745%)
entry 5036000/6733583 (74.7893%)
entry 5044000/6733583 (74.9081%)
entry 5055000/6733583 (75.0715%)
entry 5057000/6733583 (75.1012%)
entry 5062000/6733583 (75.1754%)
entry 5066000/6733583 (75.2348%)
entry 5067000/6733583 (75.2497%)
entry 5069000/6733583 (75.2794%)
entry 5070000/6733583 (75.2942%)
entry 5074000/6733583 (75.3536%)
entry 5076000/6733583 (75.3833%)
entry 5081000/6733583 (75.4576%)
entry 5082000/6733583 (75.4725%)
entry 5083000/6733583 (75.4873%)
entry 5086000/6733583 (75.5319%)
entry 5088000/6733583 (75.5616%)
entry 5089000/6733583 (75.5764%)
entry 5091000/6733583 (75.6061%)
entry 5098000/6733583 (75.7101%)
entry 5100000/6733583 (75.7398%)
entry 5103000/6733583 (75.7843%)
entry 5105000/6733583 (75.814%)
entry 5111000/6733583 (75.9031%)
entry 5127000/6733583 (76.1407%)
entry 5129000/6733583 (76.1704%)
entry 5131000/6733583 (76.2001%)
entry 5135000/6733583 (76.2595%)
entry 5138000/6733583 (76.3041%)
entry 5142000/6733583 (76.3635%)
entry 5146000/6733583 (76.4229%)
entry 5147000/6733583 (76.4378%)
entry 5150000/6733583 (76.4823%)
entry 5151000/6733583 (76.4972%)
entry 5164000/6733583 (76.6902%)
entry 5167000/6733583 (76.7348%)
entry 5168000/6733583 (76.7496%)
entry 5170000/6733583 (76.7793%)
entry 5177000/6733583 (76.8833%)
entry 5179000/6733583 (76.913%)
entry 5180000/6733583 (76.9278%)
entry 5184000/6733583 (76.9872%)
entry 5187000/6733583 (77.0318%)
entry 5190000/6733583 (77.0764%)
entry 5199000/6733583 (77.21%)
entry 5203000/6733583 (77.2694%)
entry 5204000/6733583 (77.2843%)
entry 5211000/6733583 (77.3882%)
entry 5216000/6733583 (77.4625%)
entry 5224000/6733583 (77.5813%)
entry 5229000/6733583 (77.6555%)
entry 5236000/6733583 (77.7595%)
entry 5240000/6733583 (77.8189%)
entry 5242000/6733583 (77.8486%)
entry 5243000/6733583 (77.8634%)
entry 5244000/6733583 (77.8783%)
entry 5252000/6733583 (77.9971%)
entry 5253000/6733583 (78.012%)
entry 5256000/6733583 (78.0565%)
entry 5261000/6733583 (78.1308%)
entry 5264000/6733583 (78.1753%)
entry 5265000/6733583 (78.1902%)
entry 5266000/6733583 (78.205%)
entry 5267000/6733583 (78.2199%)
entry 5268000/6733583 (78.2347%)
entry 5279000/6733583 (78.3981%)
entry 5282000/6733583 (78.4426%)
entry 5287000/6733583 (78.5169%)
entry 5292000/6733583 (78.5911%)
entry 5294000/6733583 (78.6208%)
entry 5296000/6733583 (78.6505%)
entry 5300000/6733583 (78.71%)
entry 5301000/6733583 (78.7248%)
entry 5302000/6733583 (78.7397%)
entry 5310000/6733583 (78.8585%)
entry 5312000/6733583 (78.8882%)
entry 5313000/6733583 (78.903%)
entry 5314000/6733583 (78.9179%)
entry 5315000/6733583 (78.9327%)
entry 5320000/6733583 (79.007%)
entry 5323000/6733583 (79.0515%)
entry 5324000/6733583 (79.0664%)
entry 5334000/6733583 (79.2149%)
entry 5337000/6733583 (79.2594%)
entry 5348000/6733583 (79.4228%)
entry 5349000/6733583 (79.4376%)
entry 5362000/6733583 (79.6307%)
entry 5365000/6733583 (79.6753%)
entry 5366000/6733583 (79.6901%)
entry 5367000/6733583 (79.705%)
entry 5370000/6733583 (79.7495%)
entry 5373000/6733583 (79.7941%)
entry 5374000/6733583 (79.8089%)
entry 5376000/6733583 (79.8386%)
entry 5379000/6733583 (79.8832%)
entry 5389000/6733583 (80.0317%)
entry 5391000/6733583 (80.0614%)
entry 5392000/6733583 (80.0762%)
entry 5402000/6733583 (80.2247%)
entry 5406000/6733583 (80.2842%)
entry 5408000/6733583 (80.3139%)
entry 5412000/6733583 (80.3733%)
entry 5416000/6733583 (80.4327%)
entry 5422000/6733583 (80.5218%)
entry 5423000/6733583 (80.5366%)
entry 5434000/6733583 (80.7%)
entry 5436000/6733583 (80.7297%)
entry 5437000/6733583 (80.7445%)
entry 5444000/6733583 (80.8485%)
entry 5445000/6733583 (80.8633%)
entry 5448000/6733583 (80.9079%)
entry 5449000/6733583 (80.9227%)
entry 5453000/6733583 (80.9821%)
entry 5461000/6733583 (81.101%)
entry 5470000/6733583 (81.2346%)
entry 5472000/6733583 (81.2643%)
entry 5481000/6733583 (81.398%)
entry 5485000/6733583 (81.4574%)
entry 5487000/6733583 (81.4871%)
entry 5491000/6733583 (81.5465%)
entry 5494000/6733583 (81.591%)
entry 5495000/6733583 (81.6059%)
entry 5497000/6733583 (81.6356%)
entry 5500000/6733583 (81.6801%)
entry 5501000/6733583 (81.695%)
entry 5503000/6733583 (81.7247%)
entry 5506000/6733583 (81.7692%)
entry 5515000/6733583 (81.9029%)
entry 5531000/6733583 (82.1405%)
entry 5541000/6733583 (82.289%)
entry 5542000/6733583 (82.3039%)
entry 5548000/6733583 (82.393%)
entry 5551000/6733583 (82.4375%)
entry 5553000/6733583 (82.4672%)
entry 5554000/6733583 (82.4821%)
entry 5555000/6733583 (82.4969%)
entry 5556000/6733583 (82.5118%)
entry 5559000/6733583 (82.5563%)
entry 5566000/6733583 (82.6603%)
entry 5567000/6733583 (82.6752%)
entry 5569000/6733583 (82.7049%)
entry 5572000/6733583 (82.7494%)
entry 5573000/6733583 (82.7643%)
entry 5579000/6733583 (82.8534%)
entry 5580000/6733583 (82.8682%)
entry 5587000/6733583 (82.9722%)
entry 5591000/6733583 (83.0316%)
entry 5593000/6733583 (83.0613%)
entry 5598000/6733583 (83.1355%)
entry 5602000/6733583 (83.1949%)
entry 5607000/6733583 (83.2692%)
entry 5610000/6733583 (83.3137%)
entry 5611000/6733583 (83.3286%)
entry 5619000/6733583 (83.4474%)
entry 5621000/6733583 (83.4771%)
entry 5626000/6733583 (83.5514%)
entry 5634000/6733583 (83.6702%)
entry 5638000/6733583 (83.7296%)
entry 5640000/6733583 (83.7593%)
entry 5646000/6733583 (83.8484%)
entry 5650000/6733583 (83.9078%)
entry 5651000/6733583 (83.9226%)
entry 5656000/6733583 (83.9969%)
entry 5657000/6733583 (84.0117%)
entry 5658000/6733583 (84.0266%)
entry 5662000/6733583 (84.086%)
entry 5665000/6733583 (84.1305%)
entry 5666000/6733583 (84.1454%)
entry 5667000/6733583 (84.1602%)
entry 5668000/6733583 (84.1751%)
entry 5669000/6733583 (84.1899%)
entry 5670000/6733583 (84.2048%)
entry 5672000/6733583 (84.2345%)
entry 5673000/6733583 (84.2494%)
entry 5674000/6733583 (84.2642%)
entry 5675000/6733583 (84.2791%)
entry 5676000/6733583 (84.2939%)
entry 5682000/6733583 (84.383%)
entry 5683000/6733583 (84.3979%)
entry 5686000/6733583 (84.4424%)
entry 5687000/6733583 (84.4573%)
entry 5688000/6733583 (84.4721%)
entry 5698000/6733583 (84.6206%)
entry 5699000/6733583 (84.6355%)
entry 5701000/6733583 (84.6652%)
entry 5705000/6733583 (84.7246%)
entry 5709000/6733583 (84.784%)
entry 5710000/6733583 (84.7988%)
entry 5712000/6733583 (84.8285%)
entry 5717000/6733583 (84.9028%)
entry 5727000/6733583 (85.0513%)
entry 5731000/6733583 (85.1107%)
entry 5734000/6733583 (85.1553%)
entry 5737000/6733583 (85.1998%)
entry 5744000/6733583 (85.3038%)
entry 5745000/6733583 (85.3186%)
entry 5747000/6733583 (85.3483%)
entry 5749000/6733583 (85.378%)
entry 5759000/6733583 (85.5265%)
entry 5766000/6733583 (85.6305%)
entry 5771000/6733583 (85.7047%)
entry 5773000/6733583 (85.7344%)
entry 5775000/6733583 (85.7641%)
entry 5780000/6733583 (85.8384%)
entry 5782000/6733583 (85.8681%)
entry 5783000/6733583 (85.883%)
entry 5785000/6733583 (85.9127%)
entry 5786000/6733583 (85.9275%)
entry 5789000/6733583 (85.9721%)
entry 5798000/6733583 (86.1057%)
entry 5807000/6733583 (86.2394%)
entry 5809000/6733583 (86.2691%)
entry 5822000/6733583 (86.4621%)
entry 5824000/6733583 (86.4918%)
entry 5826000/6733583 (86.5215%)
entry 5827000/6733583 (86.5364%)
entry 5835000/6733583 (86.6552%)
entry 5837000/6733583 (86.6849%)
entry 5841000/6733583 (86.7443%)
entry 5845000/6733583 (86.8037%)
entry 5855000/6733583 (86.9522%)
entry 5856000/6733583 (86.9671%)
entry 5863000/6733583 (87.071%)
entry 5865000/6733583 (87.1007%)
entry 5868000/6733583 (87.1453%)
entry 5870000/6733583 (87.175%)
entry 5871000/6733583 (87.1898%)
entry 5873000/6733583 (87.2195%)
entry 5874000/6733583 (87.2344%)
entry 5880000/6733583 (87.3235%)
entry 5882000/6733583 (87.3532%)
entry 5884000/6733583 (87.3829%)
entry 5891000/6733583 (87.4869%)
entry 5892000/6733583 (87.5017%)
entry 5897000/6733583 (87.576%)
entry 5904000/6733583 (87.6799%)
entry 5906000/6733583 (87.7096%)
entry 5907000/6733583 (87.7245%)
entry 5908000/6733583 (87.7393%)
entry 5918000/6733583 (87.8878%)
entry 5919000/6733583 (87.9027%)
entry 5921000/6733583 (87.9324%)
entry 5922000/6733583 (87.9472%)
entry 5927000/6733583 (88.0215%)
entry 5930000/6733583 (88.066%)
entry 5941000/6733583 (88.2294%)
entry 5943000/6733583 (88.2591%)
entry 5944000/6733583 (88.274%)
entry 5947000/6733583 (88.3185%)
entry 5950000/6733583 (88.3631%)
entry 5952000/6733583 (88.3928%)
entry 5953000/6733583 (88.4076%)
entry 5954000/6733583 (88.4225%)
entry 5957000/6733583 (88.467%)
entry 5961000/6733583 (88.5264%)
entry 5962000/6733583 (88.5413%)
entry 5963000/6733583 (88.5561%)
entry 5964000/6733583 (88.571%)
entry 5965000/6733583 (88.5858%)
entry 5971000/6733583 (88.6749%)
entry 5973000/6733583 (88.7046%)
entry 5975000/6733583 (88.7343%)
entry 5977000/6733583 (88.764%)
entry 5978000/6733583 (88.7789%)
entry 5980000/6733583 (88.8086%)
entry 5985000/6733583 (88.8828%)
entry 5986000/6733583 (88.8977%)
entry 5993000/6733583 (89.0016%)
entry 6007000/6733583 (89.2096%)
entry 6008000/6733583 (89.2244%)
entry 6011000/6733583 (89.269%)
entry 6017000/6733583 (89.3581%)
entry 6031000/6733583 (89.566%)
entry 6035000/6733583 (89.6254%)
entry 6041000/6733583 (89.7145%)
entry 6044000/6733583 (89.759%)
entry 6047000/6733583 (89.8036%)
entry 6050000/6733583 (89.8482%)
entry 6055000/6733583 (89.9224%)
entry 6059000/6733583 (89.9818%)
entry 6060000/6733583 (89.9967%)
entry 6064000/6733583 (90.0561%)
entry 6074000/6733583 (90.2046%)
entry 6077000/6733583 (90.2491%)
entry 6079000/6733583 (90.2788%)
entry 6082000/6733583 (90.3234%)
entry 6084000/6733583 (90.3531%)
entry 6086000/6733583 (90.3828%)
entry 6088000/6733583 (90.4125%)
entry 6096000/6733583 (90.5313%)
entry 6101000/6733583 (90.6056%)
entry 6105000/6733583 (90.665%)
entry 6114000/6733583 (90.7986%)
entry 6117000/6733583 (90.8432%)
entry 6122000/6733583 (90.9174%)
entry 6125000/6733583 (90.962%)
entry 6126000/6733583 (90.9768%)
entry 6128000/6733583 (91.0065%)
entry 6129000/6733583 (91.0214%)
entry 6135000/6733583 (91.1105%)
entry 6136000/6733583 (91.1253%)
entry 6143000/6733583 (91.2293%)
entry 6151000/6733583 (91.3481%)
entry 6153000/6733583 (91.3778%)
entry 6154000/6733583 (91.3926%)
entry 6156000/6733583 (91.4224%)
entry 6161000/6733583 (91.4966%)
entry 6162000/6733583 (91.5115%)
entry 6165000/6733583 (91.556%)
entry 6169000/6733583 (91.6154%)
entry 6172000/6733583 (91.66%)
entry 6173000/6733583 (91.6748%)
entry 6175000/6733583 (91.7045%)
entry 6179000/6733583 (91.7639%)
entry 6184000/6733583 (91.8382%)
entry 6186000/6733583 (91.8679%)
entry 6191000/6733583 (91.9421%)
entry 6195000/6733583 (92.0015%)
entry 6196000/6733583 (92.0164%)
entry 6197000/6733583 (92.0312%)
entry 6203000/6733583 (92.1203%)
entry 6204000/6733583 (92.1352%)
entry 6206000/6733583 (92.1649%)
entry 6212000/6733583 (92.254%)
entry 6213000/6733583 (92.2689%)
entry 6216000/6733583 (92.3134%)
entry 6217000/6733583 (92.3283%)
entry 6218000/6733583 (92.3431%)
entry 6222000/6733583 (92.4025%)
entry 6227000/6733583 (92.4768%)
entry 6235000/6733583 (92.5956%)
entry 6238000/6733583 (92.6401%)
entry 6240000/6733583 (92.6698%)
entry 6241000/6733583 (92.6847%)
entry 6251000/6733583 (92.8332%)
entry 6257000/6733583 (92.9223%)
entry 6258000/6733583 (92.9371%)
entry 6260000/6733583 (92.9668%)
entry 6261000/6733583 (92.9817%)
entry 6262000/6733583 (92.9965%)
entry 6264000/6733583 (93.0263%)
entry 6267000/6733583 (93.0708%)
entry 6269000/6733583 (93.1005%)
entry 6271000/6733583 (93.1302%)
entry 6274000/6733583 (93.1748%)
entry 6279000/6733583 (93.249%)
entry 6287000/6733583 (93.3678%)
entry 6290000/6733583 (93.4124%)
entry 6293000/6733583 (93.4569%)
entry 6294000/6733583 (93.4718%)
entry 6298000/6733583 (93.5312%)
entry 6299000/6733583 (93.546%)
entry 6300000/6733583 (93.5609%)
entry 6303000/6733583 (93.6054%)
entry 6308000/6733583 (93.6797%)
entry 6309000/6733583 (93.6945%)
entry 6310000/6733583 (93.7094%)
entry 6313000/6733583 (93.754%)
entry 6314000/6733583 (93.7688%)
entry 6317000/6733583 (93.8134%)
entry 6320000/6733583 (93.8579%)
entry 6325000/6733583 (93.9322%)
entry 6327000/6733583 (93.9619%)
entry 6329000/6733583 (93.9916%)
entry 6330000/6733583 (94.0064%)
entry 6332000/6733583 (94.0361%)
entry 6335000/6733583 (94.0807%)
entry 6336000/6733583 (94.0955%)
entry 6338000/6733583 (94.1252%)
entry 6339000/6733583 (94.1401%)
entry 6341000/6733583 (94.1698%)
entry 6345000/6733583 (94.2292%)
entry 6346000/6733583 (94.244%)
entry 6357000/6733583 (94.4074%)
entry 6361000/6733583 (94.4668%)
entry 6362000/6733583 (94.4816%)
entry 6373000/6733583 (94.645%)
entry 6375000/6733583 (94.6747%)
entry 6376000/6733583 (94.6896%)
entry 6385000/6733583 (94.8232%)
entry 6386000/6733583 (94.8381%)
entry 6388000/6733583 (94.8678%)
entry 6389000/6733583 (94.8826%)
entry 6394000/6733583 (94.9569%)
entry 6395000/6733583 (94.9717%)
entry 6397000/6733583 (95.0014%)
entry 6402000/6733583 (95.0757%)
entry 6403000/6733583 (95.0905%)
entry 6407000/6733583 (95.1499%)
entry 6412000/6733583 (95.2242%)
entry 6425000/6733583 (95.4173%)
entry 6426000/6733583 (95.4321%)
entry 6427000/6733583 (95.447%)
entry 6440000/6733583 (95.64%)
entry 6442000/6733583 (95.6697%)
entry 6458000/6733583 (95.9073%)
entry 6459000/6733583 (95.9222%)
entry 6460000/6733583 (95.937%)
entry 6462000/6733583 (95.9667%)
entry 6469000/6733583 (96.0707%)
entry 6470000/6733583 (96.0855%)
entry 6475000/6733583 (96.1598%)
entry 6476000/6733583 (96.1747%)
entry 6481000/6733583 (96.2489%)
entry 6482000/6733583 (96.2638%)
entry 6484000/6733583 (96.2935%)
entry 6487000/6733583 (96.338%)
entry 6495000/6733583 (96.4568%)
entry 6498000/6733583 (96.5014%)
entry 6502000/6733583 (96.5608%)
entry 6503000/6733583 (96.5756%)
entry 6505000/6733583 (96.6053%)
entry 6507000/6733583 (96.635%)
entry 6508000/6733583 (96.6499%)
entry 6512000/6733583 (96.7093%)
entry 6515000/6733583 (96.7538%)
entry 6518000/6733583 (96.7984%)
entry 6520000/6733583 (96.8281%)
entry 6529000/6733583 (96.9617%)
entry 6532000/6733583 (97.0063%)
entry 6535000/6733583 (97.0509%)
entry 6538000/6733583 (97.0954%)
entry 6544000/6733583 (97.1845%)
entry 6547000/6733583 (97.2291%)
entry 6552000/6733583 (97.3033%)
entry 6558000/6733583 (97.3924%)
entry 6560000/6733583 (97.4221%)
entry 6568000/6733583 (97.5409%)
entry 6571000/6733583 (97.5855%)
entry 6574000/6733583 (97.63%)
entry 6578000/6733583 (97.6894%)
entry 6581000/6733583 (97.734%)
entry 6582000/6733583 (97.7489%)
entry 6591000/6733583 (97.8825%)
entry 6592000/6733583 (97.8974%)
entry 6594000/6733583 (97.9271%)
entry 6595000/6733583 (97.9419%)
entry 6601000/6733583 (98.031%)
entry 6602000/6733583 (98.0459%)
entry 6604000/6733583 (98.0756%)
entry 6608000/6733583 (98.135%)
entry 6618000/6733583 (98.2835%)
entry 6624000/6733583 (98.3726%)
entry 6637000/6733583 (98.5656%)
entry 6639000/6733583 (98.5954%)
entry 6642000/6733583 (98.6399%)
entry 6646000/6733583 (98.6993%)
entry 6652000/6733583 (98.7884%)
entry 6655000/6733583 (98.833%)
entry 6658000/6733583 (98.8775%)
entry 6661000/6733583 (98.9221%)
entry 6665000/6733583 (98.9815%)
entry 6666000/6733583 (98.9963%)
entry 6675000/6733583 (99.13%)
entry 6681000/6733583 (99.2191%)
entry 6686000/6733583 (99.2933%)
entry 6691000/6733583 (99.3676%)
entry 6692000/6733583 (99.3825%)
entry 6695000/6733583 (99.427%)
entry 6696000/6733583 (99.4419%)
entry 6699000/6733583 (99.4864%)
entry 6703000/6733583 (99.5458%)
entry 6707000/6733583 (99.6052%)
entry 6709000/6733583 (99.6349%)
entry 6711000/6733583 (99.6646%)
entry 6714000/6733583 (99.7092%)
entry 6717000/6733583 (99.7537%)
entry 6718000/6733583 (99.7686%)
entry 6720000/6733583 (99.7983%)
entry 6721000/6733583 (99.8131%)
entry 6726000/6733583 (99.8874%)
entry 6730000/6733583 (99.9468%)
all done
script done
