sphnx1074.sdcc.bnl.gov
rsyncing from /gpfs/mnt/gpfs02/sphenix/user/samfred/run25/ppg11/histmaking
running: /gpfs/mnt/gpfs02/sphenix/user/samfred/run25/ppg11/histmaking/script_data.sh 48259
LD_LIBRARY_PATH now /sphenix/user/samfred/run25/install//lib:/cvmfs/sphenix.sdcc.bnl.gov/alma9.2-gcc-14.2.0/opt/sphenix/core/gcc/14.2.0-2f0a0/x86_64-el9/lib:/cvmfs/sphenix.sdcc.bnl.gov/alma9.2-gcc-14.2.0/opt/sphenix/core/gcc/14.2.0-2f0a0/x86_64-el9/lib64:/cvmfs/sphenix.sdcc.bnl.gov/alma9.2-gcc-14.2.0/opt/sphenix/core/binutils/2.40-acaab/x86_64-el9/lib:.:/cvmfs/sphenix.sdcc.bnl.gov/alma9.2-gcc-14.2.0/release/release_new/new.10/lib64:/cvmfs/sphenix.sdcc.bnl.gov/alma9.2-gcc-14.2.0/release/release_new/new.10/lib:/cvmfs/sphenix.sdcc.bnl.gov/alma9.2-gcc-14.2.0/opt/sphenix/utils/lib:/cvmfs/sphenix.sdcc.bnl.gov/alma9.2-gcc-14.2.0/opt/sphenix/core/lib:/cvmfs/sphenix.sdcc.bnl.gov/alma9.2-gcc-14.2.0/opt/sphenix/core/root-6.32.06/lib:/cvmfs/sphenix.sdcc.bnl.gov/alma9.2-gcc-14.2.0/opt/sphenix/core/geant4.10.07.p04/lib64:/cvmfs/sphenix.sdcc.bnl.gov/alma9.2-gcc-14.2.0/opt/sphenix/core/lhapdf-5.9.1/lib:/usr/local/lib64:/usr/lib64
PATH now /sphenix/user/samfred/run25/install//bin:/cvmfs/sphenix.sdcc.bnl.gov/alma9.2-gcc-14.2.0/opt/sphenix/core/gcc/14.2.0-2f0a0/x86_64-el9/bin:/cvmfs/sphenix.sdcc.bnl.gov/alma9.2-gcc-14.2.0/opt/sphenix/core/binutils/2.40-acaab/x86_64-el9/bin:.:/cvmfs/sphenix.sdcc.bnl.gov/alma9.2-gcc-14.2.0/release/release_new/new.10/bin:/cvmfs/sphenix.sdcc.bnl.gov/alma9.2-gcc-14.2.0/opt/sphenix/utils/bin:/cvmfs/sphenix.sdcc.bnl.gov/alma9.2-gcc-14.2.0/opt/sphenix/core/bin:/cvmfs/sphenix.sdcc.bnl.gov/alma9.2-gcc-14.2.0/opt/sphenix/core/root-6.32.06/bin:/cvmfs/sphenix.sdcc.bnl.gov/alma9.2-gcc-14.2.0/opt/sphenix/core/geant4.10.07.p04/bin:/usr/local/bin:/usr/bin:/usr/local/sbin:/usr/sbin
SINGULARITY_CACHEDIR=/home/condor/local/sphnx/execute/dir_4187595
_CONDOR_CHIRP_CONFIG=/home/condor/local/sphnx/execute/dir_4187595/.chirp.config
_CONDOR_JOB_IWD=/sphenix/user/samfred/run25/ppg11/histmaking
G4ENSDFSTATEDATA=/cvmfs/sphenix.sdcc.bnl.gov/alma9.2-gcc-14.2.0/opt/sphenix/core/geant4.10.07.p04/share/Geant4-10.7.4/data/G4ENSDFSTATE2.3
_CONDOR_MACHINE_AD=/home/condor/local/sphnx/execute/dir_4187595/.machine.ad
ROOT_MAX_THREADS=1
NUMEXPR_NUM_THREADS=1
CUBACORES=1
_CHIRP_DELAYED_UPDATE_PREFIX=Chirp*
OMP_THREAD_LIMIT=1
G4PIIDATA=/cvmfs/sphenix.sdcc.bnl.gov/alma9.2-gcc-14.2.0/opt/sphenix/core/geant4.10.07.p04/share/Geant4-10.7.4/data/G4PII1.3
NO_AT_BRIDGE=1
G4_MAIN=/cvmfs/sphenix.sdcc.bnl.gov/alma9.2-gcc-14.2.0/opt/sphenix/core/geant4.10.07.p04
COMPILER_PATH=/cvmfs/sphenix.sdcc.bnl.gov/alma9.2-gcc-14.2.0/opt/sphenix/core/gcc/14.2.0-2f0a0/x86_64-el9
_CONDOR_ANCESTOR_4187595=4189969:1759352686:2604002849
ROOT_INCLUDE_PATH=./:/sphenix/user/samfred/run25/install//include:/sphenix/user/samfred/run25/install//include/caloana:/sphenix/user/samfred/run25/install//include/qa_centrality:/sphenix/user/samfred/run25/install//include/mbdana:/sphenix/user/samfred/run25/install//include/centrality:/sphenix/user/samfred/run25/install//include/Event:/cvmfs/sphenix.sdcc.bnl.gov/alma9.2-gcc-14.2.0/release/release_new/new.10/include:/cvmfs/sphenix.sdcc.bnl.gov/alma9.2-gcc-14.2.0/release/release_new/new.10/include:/cvmfs/sphenix.sdcc.bnl.gov/alma9.2-gcc-14.2.0/release/release_new/new.10/include/g4mbd:/cvmfs/sphenix.sdcc.bnl.gov/alma9.2-gcc-14.2.0/release/release_new/new.10/include/fmt:/cvmfs/sphenix.sdcc.bnl.gov/alma9.2-gcc-14.2.0/release/release_new/new.10/include/ffarawobjects:/cvmfs/sphenix.sdcc.bnl.gov/alma9.2-gcc-14.2.0/release/release_new/new.10/include/JSON:/cvmfs/sphenix.sdcc.bnl.gov/alma9.2-gcc-14.2.0/release/release_new/new.10/include/calotreegen:/cvmfs/sphenix.sdcc.bnl.gov/alma9.2-gcc-14.2.0/release/release_new/new.10/include/torch:/cvmfs/sphenix.sdcc.bnl.gov/alma9.2-gcc-14.2.0/release/release_new/new.10/include/g4detectors:/cvmfs/sphenix.sdcc.bnl.gov/alma9.2-gcc-14.2.0/release/release_new/new.10/include/kineto:/cvmfs/sphenix.sdcc.bnl.gov/alma9.2-gcc-14.2.0/release/release_new/new.10/include/g4decayer:/cvmfs/sphenix.sdcc.bnl.gov/alma9.2-gcc-14.2.0/release/release_new/new.10/include/kfparticleqa:/cvmfs/sphenix.sdcc.bnl.gov/alma9.2-gcc-14.2.0/release/release_new/new.10/include/phfield:/cvmfs/sphenix.sdcc.bnl.gov/alma9.2-gcc-14.2.0/release/release_new/new.10/include/LHAPDF:/cvmfs/sphenix.sdcc.bnl.gov/alma9.2-gcc-14.2.0/release/release_new/new.10/include/readdigitalcurrents:/cvmfs/sphenix.sdcc.bnl.gov/alma9.2-gcc-14.2.0/release/release_new/new.10/include/c10:/cvmfs/sphenix.sdcc.bnl.gov/alma9.2-gcc-14.2.0/release/release_new/new.10/include/calovalid:/cvmfs/sphenix.sdcc.bnl.gov/alma9.2-gcc-14.2.0/release/release_new/new.10/include/oneapi:/cvmfs/sphenix.sdcc.bnl.gov/alma9.2-gcc-14.2.0/release/release_new/new.10/include/DDCond:/cvmfs/sphenix.sdcc.bnl.gov/alma9.2-gcc-14.2.0/release/release_new/new.10/include/g4tracking:/cvmfs/sphenix.sdcc.bnl.gov/alma9.2-gcc-14.2.0/release/release_new/new.10/include/litecaloeval:/cvmfs/sphenix.sdcc.bnl.gov/alma9.2-gcc-14.2.0/release/release_new/new.10/include/g4intt:/cvmfs/sphenix.sdcc.bnl.gov/alma9.2-gcc-14.2.0/release/release_new/new.10/include/phool:/cvmfs/sphenix.sdcc.bnl.gov/alma9.2-gcc-14.2.0/release/release_new/new.10/include/boost:/cvmfs/sphenix.sdcc.bnl.gov/alma9.2-gcc-14.2.0/release/release_new/new.10/include/Pythia8Plugins:/cvmfs/sphenix.sdcc.bnl.gov/alma9.2-gcc-14.2.0/release/release_new/new.10/include/calib_emc_pi0:/cvmfs/sphenix.sdcc.bnl.gov/alma9.2-gcc-14.2.0/release/release_new/new.10/include/hijingflipafterburner:/cvmfs/sphenix.sdcc.bnl.gov/alma9.2-gcc-14.2.0/release/release_new/new.10/include/ffaobjects:/cvmfs/sphenix.sdcc.bnl.gov/alma9.2-gcc-14.2.0/release/release_new/new.10/include/EvtGenBase:/cvmfs/sphenix.sdcc.bnl.gov/alma9.2-gcc-14.2.0/release/release_new/new.10/include/flowafterburner:/cvmfs/sphenix.sdcc.bnl.gov/alma9.2-gcc-14.2.0/release/release_new/new.10/include/google:/cvmfs/sphenix.sdcc.bnl.gov/alma9.2-gcc-14.2.0/release/release_new/new.10/include/g4tpc:/cvmfs/sphenix.sdcc.bnl.gov/alma9.2-gcc-14.2.0/release/release_new/new.10/include/caffe2:/cvmfs/sphenix.sdcc.bnl.gov/alma9.2-gcc-14.2.0/release/release_new/new.10/include/EvtGenExternal:/cvmfs/sphenix.sdcc.bnl.gov/alma9.2-gcc-14.2.0/release/release_new/new.10/include/fp16:/cvmfs/sphenix.sdcc.bnl.gov/alma9.2-gcc-14.2.0/release/release_new/new.10/include/ffamodules:/cvmfs/sphenix.sdcc.bnl.gov/alma9.2-gcc-14.2.0/release/release_new/new.10/include/uspin:/cvmfs/sphenix.sdcc.bnl.gov/alma9.2-gcc-14.2.0/release/release_new/new.10/include/Herwig:/cvmfs/sphenix.sdcc.bnl.gov/alma9.2-gcc-14.2.0/release/release_new/new.10/include/genfitexp:/cvmfs/sphenix.sdcc.bnl.gov/alma9.2-gcc-14.2.0/release/release_new/new.10/include/XML:/cvmfs/sphenix.sdcc.bnl.gov/alma9.2-gcc-14.2.0/release/release_new/new.10/include/fbgemm:/cvmfs/sphenix.sdcc.bnl.gov/alma9.2-gcc-14.2.0/release/release_new/new.10/include/DDAlign:/cvmfs/sphenix.sdcc.bnl.gov/alma9.2-gcc-14.2.0/release/release_new/new.10/include/g4mvtx:/cvmfs/sphenix.sdcc.bnl.gov/alma9.2-gcc-14.2.0/release/release_new/new.10/include/kfparticle_sphenix:/cvmfs/sphenix.sdcc.bnl.gov/alma9.2-gcc-14.2.0/release/release_new/new.10/include/fun4all:/cvmfs/sphenix.sdcc.bnl.gov/alma9.2-gcc-14.2.0/release/release_new/new.10/include/intt:/cvmfs/sphenix.sdcc.bnl.gov/alma9.2-gcc-14.2.0/release/release_new/new.10/include/eventdisplay:/cvmfs/sphenix.sdcc.bnl.gov/alma9.2-gcc-14.2.0/release/release_new/new.10/include/EvtGen:/cvmfs/sphenix.sdcc.bnl.gov/alma9.2-gcc-14.2.0/release/release_new/new.10/include/Evaluator:/cvmfs/sphenix.sdcc.bnl.gov/alma9.2-gcc-14.2.0/release/release_new/new.10/include/tpc:/cvmfs/sphenix.sdcc.bnl.gov/alma9.2-gcc-14.2.0/release/release_new/new.10/include/GenFit:/cvmfs/sphenix.sdcc.bnl.gov/alma9.2-gcc-14.2.0/release/release_new/new.10/include/prototype4:/cvmfs/sphenix.sdcc.bnl.gov/alma9.2-gcc-14.2.0/release/release_new/new.10/include/caloembedding:/cvmfs/sphenix.sdcc.bnl.gov/alma9.2-gcc-14.2.0/release/release_new/new.10/include/EvtGenModels:/cvmfs/sphenix.sdcc.bnl.gov/alma9.2-gcc-14.2.0/release/release_new/new.10/include/fastjet:/cvmfs/sphenix.sdcc.bnl.gov/alma9.2-gcc-14.2.0/release/release_new/new.10/include/DDG4:/cvmfs/sphenix.sdcc.bnl.gov/alma9.2-gcc-14.2.0/release/release_new/new.10/include/mbd:/cvmfs/sphenix.sdcc.bnl.gov/alma9.2-gcc-14.2.0/release/release_new/new.10/include/tbb:/cvmfs/sphenix.sdcc.bnl.gov/alma9.2-gcc-14.2.0/release/release_new/new.10/include/phgeom:/cvmfs/sphenix.sdcc.bnl.gov/alma9.2-gcc-14.2.0/release/release_new/new.10/include/g4epd:/cvmfs/sphenix.sdcc.bnl.gov/alma9.2-gcc-14.2.0/release/release_new/new.10/include/oncal:/cvmfs/sphenix.sdcc.bnl.gov/alma9.2-gcc-14.2.0/release/release_new/new.10/include/pybind11:/cvmfs/sphenix.sdcc.bnl.gov/alma9.2-gcc-14.2.0/release/release_new/new.10/include/tpcdistgenerator:/cvmfs/sphenix.sdcc.bnl.gov/alma9.2-gcc-14.2.0/release/release_new/new.10/include/cdbobjects:/cvmfs/sphenix.sdcc.bnl.gov/alma9.2-gcc-14.2.0/release/release_new/new.10/include/g4micromegas:/cvmfs/sphenix.sdcc.bnl.gov/alma9.2-gcc-14.2.0/release/release_new/new.10/include/g4eval:/cvmfs/sphenix.sdcc.bnl.gov/alma9.2-gcc-14.2.0/release/release_new/new.10/include/jetbackground:/cvmfs/sphenix.sdcc.bnl.gov/alma9.2-gcc-14.2.0/release/release_new/new.10/include/micromegas:/cvmfs/sphenix.sdcc.bnl.gov/alma9.2-gcc-14.2.0/release/release_new/new.10/include/hftrackefficiency:/cvmfs/sphenix.sdcc.bnl.gov/alma9.2-gcc-14.2.0/release/release_new/new.10/include/inttrawhitqa:/cvmfs/sphenix.sdcc.bnl.gov/alma9.2-gcc-14.2.0/release/release_new/new.10/include/centrality:/cvmfs/sphenix.sdcc.bnl.gov/alma9.2-gcc-14.2.0/release/release_new/new.10/include/epd:/cvmfs/sphenix.sdcc.bnl.gov/alma9.2-gcc-14.2.0/release/release_new/new.10/include/caloreco:/cvmfs/sphenix.sdcc.bnl.gov/alma9.2-gcc-14.2.0/release/release_new/new.10/include/HepMC:/cvmfs/sphenix.sdcc.bnl.gov/alma9.2-gcc-14.2.0/release/release_new/new.10/include/CLHEP:/cvmfs/sphenix.sdcc.bnl.gov/alma9.2-gcc-14.2.0/release/release_new/new.10/include/Acts:/cvmfs/sphenix.sdcc.bnl.gov/alma9.2-gcc-14.2.0/release/release_new/new.10/include/g4histos:/cvmfs/sphenix.sdcc.bnl.gov/alma9.2-gcc-14.2.0/release/release_new/new.10/include/eventplaneinfo:/cvmfs/sphenix.sdcc.bnl.gov/alma9.2-gcc-14.2.0/release/release_new/new.10/include/fillspacechargemaps:/cvmfs/sphenix.sdcc.bnl.gov/alma9.2-gcc-14.2.0/release/release_new/new.10/include/phhepmc:/cvmfs/sphenix.sdcc.bnl.gov/alma9.2-gcc-14.2.0/release/release_new/new.10/include/trackingqa:/cvmfs/sphenix.sdcc.bnl.gov/alma9.2-gcc-14.2.0/release/release_new/new.10/include/qautils:/cvmfs/sphenix.sdcc.bnl.gov/alma9.2-gcc-14.2.0/release/release_new/new.10/include/trackreco:/cvmfs/sphenix.sdcc.bnl.gov/alma9.2-gcc-14.2.0/release/release_new/new.10/include/g4ohcal:/cvmfs/sphenix.sdcc.bnl.gov/alma9.2-gcc-14.2.0/release/release_new/new.10/include/tpcdvcalib:/cvmfs/sphenix.sdcc.bnl.gov/alma9.2-gcc-14.2.0/release/release_new/new.10/include/zdcinfo:/cvmfs/sphenix.sdcc.bnl.gov/alma9.2-gcc-14.2.0/release/release_new/new.10/include/phpythia8:/cvmfs/sphenix.sdcc.bnl.gov/alma9.2-gcc-14.2.0/release/release_new/new.10/include/fun4allutils:/cvmfs/sphenix.sdcc.bnl.gov/alma9.2-gcc-14.2.0/release/release_new/new.10/include/tpcqa:/cvmfs/sphenix.sdcc.bnl.gov/alma9.2-gcc-14.2.0/release/release_new/new.10/include/Pythia8:/cvmfs/sphenix.sdcc.bnl.gov/alma9.2-gcc-14.2.0/release/release_new/new.10/include/DDRec:/cvmfs/sphenix.sdcc.bnl.gov/alma9.2-gcc-14.2.0/release/release_new/new.10/include/DDDigi:/cvmfs/sphenix.sdcc.bnl.gov/alma9.2-gcc-14.2.0/release/release_new/new.10/include/g4ihcal:/cvmfs/sphenix.sdcc.bnl.gov/alma9.2-gcc-14.2.0/release/release_new/new.10/include/frog:/cvmfs/sphenix.sdcc.bnl.gov/alma9.2-gcc-14.2.0/release/release_new/new.10/include/eigen3:/cvmfs/sphenix.sdcc.bnl.gov/alma9.2-gcc-14.2.0/release/release_new/new.10/include/tensorpipe:/cvmfs/sphenix.sdcc.bnl.gov/alma9.2-gcc-14.2.0/release/release_new/new.10/include/sphenixnpc:/cvmfs/sphenix.sdcc.bnl.gov/alma9.2-gcc-14.2.0/release/release_new/new.10/include/siscone:/cvmfs/sphenix.sdcc.bnl.gov/alma9.2-gcc-14.2.0/release/release_new/new.10/include/pmonitor:/cvmfs/sphenix.sdcc.bnl.gov/alma9.2-gcc-14.2.0/release/release_new/new.10/include/calobase:/cvmfs/sphenix.sdcc.bnl.gov/alma9.2-gcc-14.2.0/release/release_new/new.10/include/ActsExamples:/cvmfs/sphenix.sdcc.bnl.gov/alma9.2-gcc-14.2.0/release/release_new/new.10/include/g4gdml:/cvmfs/sphenix.sdcc.bnl.gov/alma9.2-gcc-14.2.0/release/release_new/new.10/include/mvtx_decoder:/cvmfs/sphenix.sdcc.bnl.gov/alma9.2-gcc-14.2.0/release/release_new/new.10/include/ROOT:/cvmfs/sphenix.sdcc.bnl.gov/alma9.2-gcc-14.2.0/release/release_new/new.10/include/phparameter:/cvmfs/sphenix.sdcc.bnl.gov/alma9.2-gcc-14.2.0/release/release_new/new.10/include/rsa:/cvmfs/sphenix.sdcc.bnl.gov/alma9.2-gcc-14.2.0/release/release_new/new.10/include/fun4allraw:/cvmfs/sphenix.sdcc.bnl.gov/alma9.2-gcc-14.2.0/release/release_new/new.10/include/trackbase_historic:/cvmfs/sphenix.sdcc.bnl.gov/alma9.2-gcc-14.2.0/release/release_new/new.10/include/g4jets:/cvmfs/sphenix.sdcc.bnl.gov/alma9.2-gcc-14.2.0/release/release_new/new.10/include/jetqa:/cvmfs/sphenix.sdcc.bnl.gov/alma9.2-gcc-14.2.0/release/release_new/new.10/include/phoolraw:/cvmfs/sphenix.sdcc.bnl.gov/alma9.2-gcc-14.2.0/release/release_new/new.10/include/g4calo:/cvmfs/sphenix.sdcc.bnl.gov/alma9.2-gcc-14.2.0/release/release_new/new.10/include/mvtxrawhitqa:/cvmfs/sphenix.sdcc.bnl.gov/alma9.2-gcc-14.2.0/release/release_new/new.10/include/HepMC3:/cvmfs/sphenix.sdcc.bnl.gov/alma9.2-gcc-14.2.0/release/release_new/new.10/include/calowaveformsim:/cvmfs/sphenix.sdcc.bnl.gov/alma9.2-gcc-14.2.0/release/release_new/new.10/include/g4caloprototype:/cvmfs/sphenix.sdcc.bnl.gov/alma9.2-gcc-14.2.0/release/release_new/new.10/include/pdbcalbase:/cvmfs/sphenix.sdcc.bnl.gov/alma9.2-gcc-14.2.0/release/release_new/new.10/include/gsl:/cvmfs/sphenix.sdcc.bnl.gov/alma9.2-gcc-14.2.0/release/release_new/new.10/include/nodedump:/cvmfs/sphenix.sdcc.bnl.gov/alma9.2-gcc-14.2.0/release/release_new/new.10/include/emcnoisytowerfinder:/cvmfs/sphenix.sdcc.bnl.gov/alma9.2-gcc-14.2.0/release/release_new/new.10/include/ActsFatras:/cvmfs/sphenix.sdcc.bnl.gov/alma9.2-gcc-14.2.0/release/release_new/new.10/include/ffarawmodules:/cvmfs/sphenix.sdcc.bnl.gov/alma9.2-gcc-14.2.0/release/release_new/new.10/include/Event:/cvmfs/sphenix.sdcc.bnl.gov/alma9.2-gcc-14.2.0/release/release_new/new.10/include/prototype3:/cvmfs/sphenix.sdcc.bnl.gov/alma9.2-gcc-14.2.0/release/release_new/new.10/include/fermimotionafterburner:/cvmfs/sphenix.sdcc.bnl.gov/alma9.2-gcc-14.2.0/release/release_new/new.10/include/Photos:/cvmfs/sphenix.sdcc.bnl.gov/alma9.2-gcc-14.2.0/release/release_new/new.10/include/xingshiftcal:/cvmfs/sphenix.sdcc.bnl.gov/alma9.2-gcc-14.2.0/release/release_new/new.10/include/trackbase:/cvmfs/sphenix.sdcc.bnl.gov/alma9.2-gcc-14.2.0/release/release_new/new.10/include/jetdstskimmer:/cvmfs/sphenix.sdcc.bnl.gov/alma9.2-gcc-14.2.0/release/release_new/new.10/include/clusteriso:/cvmfs/sphenix.sdcc.bnl.gov/alma9.2-gcc-14.2.0/release/release_new/new.10/include/asmjit:/cvmfs/sphenix.sdcc.bnl.gov/alma9.2-gcc-14.2.0/release/release_new/new.10/include/particleflowreco:/cvmfs/sphenix.sdcc.bnl.gov/alma9.2-gcc-14.2.0/release/release_new/new.10/include/tpchittrackdisplay:/cvmfs/sphenix.sdcc.bnl.gov/alma9.2-gcc-14.2.0/release/release_new/new.10/include/caloana:/cvmfs/sphenix.sdcc.bnl.gov/alma9.2-gcc-14.2.0/release/release_new/new.10/include/calotrigger:/cvmfs/sphenix.sdcc.bnl.gov/alma9.2-gcc-14.2.0/release/release_new/new.10/include/nopayloadclient:/cvmfs/sphenix.sdcc.bnl.gov/alma9.2-gcc-14.2.0/release/release_new/new.10/include/trackermillepedealignment:/cvmfs/sphenix.sdcc.bnl.gov/alma9.2-gcc-14.2.0/release/release_new/new.10/include/DD4hep:/cvmfs/sphenix.sdcc.bnl.gov/alma9.2-gcc-14.2.0/release/release_new/new.10/include/g4trackfastsim:/cvmfs/sphenix.sdcc.bnl.gov/alma9.2-gcc-14.2.0/release/release_new/new.10/include/prototype2:/cvmfs/sphenix.sdcc.bnl.gov/alma9.2-gcc-14.2.0/release/release_new/new.10/include/ATen:/cvmfs/sphenix.sdcc.bnl.gov/alma9.2-gcc-14.2.0/release/release_new/new.10/include/g4main:/cvmfs/sphenix.sdcc.bnl.gov/alma9.2-gcc-14.2.0/release/release_new/new.10/include/Tauola:/cvmfs/sphenix.sdcc.bnl.gov/alma9.2-gcc-14.2.0/release/release_new/new.10/include/inttcalib:/cvmfs/sphenix.sdcc.bnl.gov/alma9.2-gcc-14.2.0/release/release_new/new.10/include/reactionplaneafterburner:/cvmfs/sphenix.sdcc.bnl.gov/alma9.2-gcc-14.2.0/release/release_new/new.10/include/globalqa:/cvmfs/sphenix.sdcc.bnl.gov/alma9.2-gcc-14.2.0/release/release_new/new.10/include/tpccalib:/cvmfs/sphenix.sdcc.bnl.gov/alma9.2-gcc-14.2.0/release/release_new/new.10/include/DDSegmentation:/cvmfs/sphenix.sdcc.bnl.gov/alma9.2-gcc-14.2.0/release/release_new/new.10/include/decayfinder:/cvmfs/sphenix.sdcc.bnl.gov/alma9.2-gcc-14.2.0/release/release_new/new.10/include/compressclus:/cvmfs/sphenix.sdcc.bnl.gov/alma9.2-gcc-14.2.0/release/release_new/new.10/include/simqa_modules:/cvmfs/sphenix.sdcc.bnl.gov/alma9.2-gcc-14.2.0/release/release_new/new.10/include/resonancejettagging:/cvmfs/sphenix.sdcc.bnl.gov/alma9.2-gcc-14.2.0/release/release_new/new.10/include/g4centrality:/cvmfs/sphenix.sdcc.bnl.gov/alma9.2-gcc-14.2.0/release/release_new/new.10/include/mvtx:/cvmfs/sphenix.sdcc.bnl.gov/alma9.2-gcc-14.2.0/release/release_new/new.10/include/nlohmann:/cvmfs/sphenix.sdcc.bnl.gov/alma9.2-gcc-14.2.0/release/release_new/new.10/include/localpoloffmon:/cvmfs/sphenix.sdcc.bnl.gov/alma9.2-gcc-14.2.0/release/release_new/new.10/include/DDEve:/cvmfs/sphenix.sdcc.bnl.gov/alma9.2-gcc-14.2.0/release/release_new/new.10/include/Parsers:/cvmfs/sphenix.sdcc.bnl.gov/alma9.2-gcc-14.2.0/release/release_new/new.10/include/trackingdiagnostics:/cvmfs/sphenix.sdcc.bnl.gov/alma9.2-gcc-14.2.0/release/release_new/new.10/include/g4vertex:/cvmfs/sphenix.sdcc.bnl.gov/alma9.2-gcc-14.2.0/release/release_new/new.10/include/jetbase:/cvmfs/sphenix.sdcc.bnl.gov/alma9.2-gcc-14.2.0/release/release_new/new.10/include/globalvertex:/cvmfs/sphenix.sdcc.bnl.gov/alma9.2-gcc-14.2.0/release/release_new/new.10/include/phgenfit:/cvmfs/sphenix.sdcc.bnl.gov/alma9.2-gcc-14.2.0/release/release_new/new.10/include/rawbcolumi:/cvmfs/sphenix.sdcc.bnl.gov/alma9.2-gcc-14.2.0/release/release_new/new.10/include/eicsmear:/cvmfs/sphenix.sdcc.bnl.gov/alma9.2-gcc-14.2.0/release/release_new/new.10/include/mvtxcalib:/cvmfs/sphenix.sdcc.bnl.gov/alma9.2-gcc-14.2.0/release/release_new/new.10/include/tpclinelaserdiode:/cvmfs/sphenix.sdcc.bnl.gov/alma9.2-gcc-14.2.0/release/release_new/new.10/include/hepmcjettrigger:/cvmfs/sphenix.sdcc.bnl.gov/alma9.2-gcc-14.2.0/release/release_new/new.10/include/core:/cvmfs/sphenix.sdcc.bnl.gov/alma9.2-gcc-14.2.0/release/release_new/new.10/include/calo_cdb:/cvmfs/sphenix.sdcc.bnl.gov/alma9.2-gcc-14.2.0/release/release_new/new.10/include/mvtxclustershapesqa:/cvmfs/sphenix.sdcc.bnl.gov/alma9.2-gcc-14.2.0/release/release_new/new.10/include/calopacketskimmer:/cvmfs/sphenix.sdcc.bnl.gov/alma9.2-gcc-14.2.0/opt/sphenix/core/geant4.10.07.p04/include:/cvmfs/sphenix.sdcc.bnl.gov/alma9.2-gcc-14.2.0/release/release_new/new.10/rootmacros:/cvmfs/sphenix.sdcc.bnl.gov/alma9.2-gcc-14.2.0/opt/sphenix/core/include
GSEARCHPATH=.:PG:LUSTRE:RAWDATA
PWD=/gpfs/mnt/gpfs02/sphenix/user/samfred/run25/ppg11/histmaking
LOGNAME=samfred
_CONDOR_JOB_AD=/home/condor/local/sphnx/execute/dir_4187595/.job.ad
MANPATH=/cvmfs/sphenix.sdcc.bnl.gov/alma9.2-gcc-14.2.0/opt/sphenix/core/gcc/14.2.0-2f0a0/x86_64-el9/share/man:/cvmfs/sphenix.sdcc.bnl.gov/alma9.2-gcc-14.2.0/opt/sphenix/core/binutils/2.40-acaab/x86_64-el9/share/man:/cvmfs/sphenix.sdcc.bnl.gov/alma9.2-gcc-14.2.0/release/release_new/new.10/share/man:/cvmfs/sphenix.sdcc.bnl.gov/alma9.2-gcc-14.2.0/opt/sphenix/utils/share/man:/cvmfs/sphenix.sdcc.bnl.gov/alma9.2-gcc-14.2.0/opt/sphenix/core/share/man:/cvmfs/sphenix.sdcc.bnl.gov/alma9.2-gcc-14.2.0/opt/sphenix/core/root-6.32.06/man:/usr/local/share/man:/usr/share/man
PYTHIA8=/cvmfs/sphenix.sdcc.bnl.gov/alma9.2-gcc-14.2.0/release/release_new/new.10/share/Pythia8
G4INCLDATA=/cvmfs/sphenix.sdcc.bnl.gov/alma9.2-gcc-14.2.0/opt/sphenix/core/geant4.10.07.p04/share/Geant4-10.7.4/data/G4INCL1.0
ORIG_PATH=/usr/local/bin:/usr/bin
CXX=/cvmfs/sphenix.sdcc.bnl.gov/alma9.2-gcc-14.2.0/opt/sphenix/core/gcc/14.2.0-2f0a0/x86_64-el9/bin/g++
G4LEDATA=/cvmfs/sphenix.sdcc.bnl.gov/alma9.2-gcc-14.2.0/opt/sphenix/core/geant4.10.07.p04/share/Geant4-10.7.4/data/G4EMLOW7.13
PYTHON_CPU_COUNT=1
OPENBLAS_NUM_THREADS=1
_CONDOR_BIN=/usr/bin
_CONDOR_ANCESTOR_313595=4187595:1759352686:1407796715
HOME=/sphenix/u/samfred
G4PARTICLEXSDATA=/cvmfs/sphenix.sdcc.bnl.gov/alma9.2-gcc-14.2.0/opt/sphenix/core/geant4.10.07.p04/share/Geant4-10.7.4/data/G4PARTICLEXS3.1.1
_CONDOR_ANCESTOR_313560=313595:1756523318:3925620801
ONLINE_MAIN=/cvmfs/sphenix.sdcc.bnl.gov/alma9.2-gcc-14.2.0/release/release_new/new.10
CALIBRATIONROOT=/cvmfs/sphenix.sdcc.bnl.gov/alma9.2-gcc-14.2.0/release/release_new/new.10/share/calibrations
TMPDIR=/tmp
_CONDOR_SCRATCH_DIR=/home/condor/local/sphnx/execute/dir_4187595
PGUSER=phnxrc
NOPAYLOADCLIENT_CONF=/cvmfs/sphenix.sdcc.bnl.gov/alma9.2-gcc-14.2.0/opt/sphenix/core/etc/sPHENIX_newcdb.json
XERCESCROOT=/cvmfs/sphenix.sdcc.bnl.gov/alma9.2-gcc-14.2.0/opt/sphenix/core/geant4.10.07.p04
LHAPATH=/cvmfs/sphenix.sdcc.bnl.gov/alma9.2-gcc-14.2.0/opt/sphenix/core/lhapdf-5.9.1/share/lhapdf/PDFsets
G4NEUTRONHPDATA=/cvmfs/sphenix.sdcc.bnl.gov/alma9.2-gcc-14.2.0/opt/sphenix/core/geant4.10.07.p04/share/Geant4-10.7.4/data/G4NDL4.6
PYTHONPATH=.:/cvmfs/sphenix.sdcc.bnl.gov/alma9.2-gcc-14.2.0/release/release_new/new.10/lib/python3.13/site-packages:/cvmfs/sphenix.sdcc.bnl.gov/alma9.2-gcc-14.2.0/opt/sphenix/core/lib/python3.13/site-packages:/cvmfs/sphenix.sdcc.bnl.gov/alma9.2-gcc-14.2.0/opt/sphenix/core/root-6.32.06/lib
USER=samfred
_CONDOR_JOB_PIDS=
TEMP=/tmp
GOMAXPROCS=1
OFFLINE_MAIN=/cvmfs/sphenix.sdcc.bnl.gov/alma9.2-gcc-14.2.0/release/release_new/new.10
SHLVL=1
TF_NUM_THREADS=1
G4SAIDXSDATA=/cvmfs/sphenix.sdcc.bnl.gov/alma9.2-gcc-14.2.0/opt/sphenix/core/geant4.10.07.p04/share/Geant4-10.7.4/data/G4SAIDDATA2.0
APPTAINER_CACHEDIR=/home/condor/local/sphnx/execute/dir_4187595
ROOTSYS=/cvmfs/sphenix.sdcc.bnl.gov/alma9.2-gcc-14.2.0/opt/sphenix/core/root-6.32.06
BATCH_SYSTEM=HTCondor
_CONDOR_SLOT=slot1_8
LD_LIBRARY_PATH=/sphenix/user/samfred/run25/install//lib:/cvmfs/sphenix.sdcc.bnl.gov/alma9.2-gcc-14.2.0/opt/sphenix/core/gcc/14.2.0-2f0a0/x86_64-el9/lib:/cvmfs/sphenix.sdcc.bnl.gov/alma9.2-gcc-14.2.0/opt/sphenix/core/gcc/14.2.0-2f0a0/x86_64-el9/lib64:/cvmfs/sphenix.sdcc.bnl.gov/alma9.2-gcc-14.2.0/opt/sphenix/core/binutils/2.40-acaab/x86_64-el9/lib:.:/cvmfs/sphenix.sdcc.bnl.gov/alma9.2-gcc-14.2.0/release/release_new/new.10/lib64:/cvmfs/sphenix.sdcc.bnl.gov/alma9.2-gcc-14.2.0/release/release_new/new.10/lib:/cvmfs/sphenix.sdcc.bnl.gov/alma9.2-gcc-14.2.0/opt/sphenix/utils/lib:/cvmfs/sphenix.sdcc.bnl.gov/alma9.2-gcc-14.2.0/opt/sphenix/core/lib:/cvmfs/sphenix.sdcc.bnl.gov/alma9.2-gcc-14.2.0/opt/sphenix/core/root-6.32.06/lib:/cvmfs/sphenix.sdcc.bnl.gov/alma9.2-gcc-14.2.0/opt/sphenix/core/geant4.10.07.p04/lib64:/cvmfs/sphenix.sdcc.bnl.gov/alma9.2-gcc-14.2.0/opt/sphenix/core/lhapdf-5.9.1/lib:/usr/local/lib64:/usr/lib64
OPT_SPHENIX=/cvmfs/sphenix.sdcc.bnl.gov/alma9.2-gcc-14.2.0/opt/sphenix/core
TF_LOOP_PARALLEL_ITERATIONS=1
EVT_LIB=/cvmfs/sphenix.sdcc.bnl.gov/alma9.2-gcc-14.2.0/opt/sphenix/core/root-6.32.06/lib
PGHOST=sphnxdbmaster.sdcc.bnl.gov
OMP_NUM_THREADS=1
G4REALSURFACEDATA=/cvmfs/sphenix.sdcc.bnl.gov/alma9.2-gcc-14.2.0/opt/sphenix/core/geant4.10.07.p04/share/Geant4-10.7.4/data/RealSurface2.2
FC=/cvmfs/sphenix.sdcc.bnl.gov/alma9.2-gcc-14.2.0/opt/sphenix/core/gcc/14.2.0-2f0a0/x86_64-el9/bin/gfortran
G4ABLADATA=/cvmfs/sphenix.sdcc.bnl.gov/alma9.2-gcc-14.2.0/opt/sphenix/core/geant4.10.07.p04/share/Geant4-10.7.4/data/G4ABLA3.1
PARASOFT=doesnotexist
TMP=/tmp
OPT_UTILS=/cvmfs/sphenix.sdcc.bnl.gov/alma9.2-gcc-14.2.0/opt/sphenix/utils
CONFIG_SITE=/cvmfs/sphenix.sdcc.bnl.gov/alma9.2-gcc-14.2.0/opt/sphenix/core/etc/config.site
PATH=/sphenix/user/samfred/run25/install//bin:/cvmfs/sphenix.sdcc.bnl.gov/alma9.2-gcc-14.2.0/opt/sphenix/core/gcc/14.2.0-2f0a0/x86_64-el9/bin:/cvmfs/sphenix.sdcc.bnl.gov/alma9.2-gcc-14.2.0/opt/sphenix/core/binutils/2.40-acaab/x86_64-el9/bin:.:/cvmfs/sphenix.sdcc.bnl.gov/alma9.2-gcc-14.2.0/release/release_new/new.10/bin:/cvmfs/sphenix.sdcc.bnl.gov/alma9.2-gcc-14.2.0/opt/sphenix/utils/bin:/cvmfs/sphenix.sdcc.bnl.gov/alma9.2-gcc-14.2.0/opt/sphenix/core/bin:/cvmfs/sphenix.sdcc.bnl.gov/alma9.2-gcc-14.2.0/opt/sphenix/core/root-6.32.06/bin:/cvmfs/sphenix.sdcc.bnl.gov/alma9.2-gcc-14.2.0/opt/sphenix/core/geant4.10.07.p04/bin:/usr/local/bin:/usr/bin:/usr/local/sbin:/usr/sbin
G4LEVELGAMMADATA=/cvmfs/sphenix.sdcc.bnl.gov/alma9.2-gcc-14.2.0/opt/sphenix/core/geant4.10.07.p04/share/Geant4-10.7.4/data/PhotonEvaporation5.7
CC=/cvmfs/sphenix.sdcc.bnl.gov/alma9.2-gcc-14.2.0/opt/sphenix/core/gcc/14.2.0-2f0a0/x86_64-el9/bin/gcc
G4RADIOACTIVEDATA=/cvmfs/sphenix.sdcc.bnl.gov/alma9.2-gcc-14.2.0/opt/sphenix/core/geant4.10.07.p04/share/Geant4-10.7.4/data/RadioactiveDecay5.6
JULIA_NUM_THREADS=1
MKL_NUM_THREADS=1
LHAPDF_DATA_PATH=/cvmfs/sphenix.sdcc.bnl.gov/alma9.2-gcc-14.2.0/release/release_new/new.10/share/LHAPDF
XPLOAD_CONFIG_DIR=/cvmfs/sphenix.sdcc.bnl.gov/alma9.2-gcc-14.2.0/opt/sphenix/core/etc
OLDPWD=/cvmfs/sphenix.sdcc.bnl.gov/alma9.2-gcc-14.2.0/release/release_new/new.10/geant4
_=/usr/bin/printenv
runnumber...
48259
trigger...

   ------------------------------------------------------------------
  | Welcome to ROOT 6.32.06                        https://root.cern |
  | (c) 1995-2024, The ROOT Team; conception: R. Brun, F. Rademakers |
  | Built for linuxx8664gcc on Dec 13 2024, 17:23:48                 |
  | From tags/6-32-06@6-32-06                                        |
  | With g++ (GCC) 14.2.0                                            |
  | Try '.help'/'.?', '.demo', '.license', '.credits', '.quit'/'.q'  |
   ------------------------------------------------------------------


Processing data_histmaker.C(48259)...
entry 0/4058296 (0%)
entry 3000/4058296 (0.0739227%)
entry 4000/4058296 (0.0985635%)
entry 6000/4058296 (0.147845%)
entry 8000/4058296 (0.197127%)
entry 10000/4058296 (0.246409%)
entry 12000/4058296 (0.295691%)
entry 18000/4058296 (0.443536%)
entry 25000/4058296 (0.616022%)
entry 26000/4058296 (0.640663%)
entry 33000/4058296 (0.813149%)
entry 39000/4058296 (0.960995%)
entry 47000/4058296 (1.15812%)
entry 53000/4058296 (1.30597%)
entry 55000/4058296 (1.35525%)
entry 58000/4058296 (1.42917%)
entry 61000/4058296 (1.50309%)
entry 62000/4058296 (1.52773%)
entry 63000/4058296 (1.55238%)
entry 65000/4058296 (1.60166%)
entry 68000/4058296 (1.67558%)
entry 69000/4058296 (1.70022%)
entry 70000/4058296 (1.72486%)
entry 76000/4058296 (1.87271%)
entry 77000/4058296 (1.89735%)
entry 80000/4058296 (1.97127%)
entry 81000/4058296 (1.99591%)
entry 83000/4058296 (2.04519%)
entry 85000/4058296 (2.09448%)
entry 86000/4058296 (2.11912%)
entry 87000/4058296 (2.14376%)
entry 88000/4058296 (2.1684%)
entry 95000/4058296 (2.34088%)
entry 105000/4058296 (2.58729%)
entry 107000/4058296 (2.63657%)
entry 111000/4058296 (2.73514%)
entry 117000/4058296 (2.88298%)
entry 118000/4058296 (2.90762%)
entry 119000/4058296 (2.93227%)
entry 125000/4058296 (3.08011%)
entry 126000/4058296 (3.10475%)
entry 130000/4058296 (3.20331%)
entry 132000/4058296 (3.2526%)
entry 135000/4058296 (3.32652%)
entry 137000/4058296 (3.3758%)
entry 142000/4058296 (3.49901%)
entry 144000/4058296 (3.54829%)
entry 146000/4058296 (3.59757%)
entry 154000/4058296 (3.7947%)
entry 160000/4058296 (3.94254%)
entry 161000/4058296 (3.96718%)
entry 169000/4058296 (4.16431%)
entry 171000/4058296 (4.21359%)
entry 179000/4058296 (4.41072%)
entry 182000/4058296 (4.48464%)
entry 184000/4058296 (4.53392%)
entry 186000/4058296 (4.5832%)
entry 190000/4058296 (4.68177%)
entry 194000/4058296 (4.78033%)
entry 196000/4058296 (4.82961%)
entry 202000/4058296 (4.97746%)
entry 205000/4058296 (5.05138%)
entry 211000/4058296 (5.19923%)
entry 218000/4058296 (5.37171%)
entry 219000/4058296 (5.39635%)
entry 226000/4058296 (5.56884%)
entry 232000/4058296 (5.71669%)
entry 235000/4058296 (5.79061%)
entry 236000/4058296 (5.81525%)
entry 238000/4058296 (5.86453%)
entry 240000/4058296 (5.91381%)
entry 248000/4058296 (6.11094%)
entry 250000/4058296 (6.16022%)
entry 251000/4058296 (6.18486%)
entry 252000/4058296 (6.2095%)
entry 253000/4058296 (6.23414%)
entry 255000/4058296 (6.28343%)
entry 258000/4058296 (6.35735%)
entry 259000/4058296 (6.38199%)
entry 264000/4058296 (6.50519%)
entry 268000/4058296 (6.60376%)
entry 269000/4058296 (6.6284%)
entry 270000/4058296 (6.65304%)
entry 271000/4058296 (6.67768%)
entry 275000/4058296 (6.77624%)
entry 278000/4058296 (6.85017%)
entry 280000/4058296 (6.89945%)
entry 287000/4058296 (7.07193%)
entry 289000/4058296 (7.12122%)
entry 290000/4058296 (7.14586%)
entry 292000/4058296 (7.19514%)
entry 293000/4058296 (7.21978%)
entry 294000/4058296 (7.24442%)
entry 295000/4058296 (7.26906%)
entry 302000/4058296 (7.44155%)
entry 303000/4058296 (7.46619%)
entry 305000/4058296 (7.51547%)
entry 307000/4058296 (7.56475%)
entry 316000/4058296 (7.78652%)
entry 317000/4058296 (7.81116%)
entry 319000/4058296 (7.86044%)
entry 320000/4058296 (7.88508%)
entry 322000/4058296 (7.93436%)
entry 323000/4058296 (7.95901%)
entry 325000/4058296 (8.00829%)
entry 326000/4058296 (8.03293%)
entry 328000/4058296 (8.08221%)
entry 329000/4058296 (8.10685%)
entry 332000/4058296 (8.18077%)
entry 333000/4058296 (8.20541%)
entry 335000/4058296 (8.2547%)
entry 336000/4058296 (8.27934%)
entry 341000/4058296 (8.40254%)
entry 343000/4058296 (8.45182%)
entry 346000/4058296 (8.52575%)
entry 350000/4058296 (8.62431%)
entry 353000/4058296 (8.69823%)
entry 354000/4058296 (8.72287%)
entry 357000/4058296 (8.7968%)
entry 360000/4058296 (8.87072%)
entry 362000/4058296 (8.92%)
entry 364000/4058296 (8.96928%)
entry 378000/4058296 (9.31425%)
entry 381000/4058296 (9.38818%)
entry 382000/4058296 (9.41282%)
entry 389000/4058296 (9.5853%)
entry 392000/4058296 (9.65923%)
entry 394000/4058296 (9.70851%)
entry 399000/4058296 (9.83171%)
entry 404000/4058296 (9.95492%)
entry 405000/4058296 (9.97956%)
entry 408000/4058296 (10.0535%)
entry 413000/4058296 (10.1767%)
entry 414000/4058296 (10.2013%)
entry 417000/4058296 (10.2752%)
entry 418000/4058296 (10.2999%)
entry 419000/4058296 (10.3245%)
entry 422000/4058296 (10.3985%)
entry 427000/4058296 (10.5217%)
entry 429000/4058296 (10.5709%)
entry 430000/4058296 (10.5956%)
entry 432000/4058296 (10.6449%)
entry 436000/4058296 (10.7434%)
entry 437000/4058296 (10.7681%)
entry 438000/4058296 (10.7927%)
entry 439000/4058296 (10.8173%)
entry 445000/4058296 (10.9652%)
entry 447000/4058296 (11.0145%)
entry 448000/4058296 (11.0391%)
entry 452000/4058296 (11.1377%)
entry 453000/4058296 (11.1623%)
entry 455000/4058296 (11.2116%)
entry 462000/4058296 (11.3841%)
entry 463000/4058296 (11.4087%)
entry 468000/4058296 (11.5319%)
entry 469000/4058296 (11.5566%)
entry 473000/4058296 (11.6551%)
entry 475000/4058296 (11.7044%)
entry 476000/4058296 (11.7291%)
entry 480000/4058296 (11.8276%)
entry 481000/4058296 (11.8523%)
entry 484000/4058296 (11.9262%)
entry 486000/4058296 (11.9755%)
entry 491000/4058296 (12.0987%)
entry 492000/4058296 (12.1233%)
entry 496000/4058296 (12.2219%)
entry 498000/4058296 (12.2712%)
entry 499000/4058296 (12.2958%)
entry 500000/4058296 (12.3204%)
entry 501000/4058296 (12.3451%)
entry 504000/4058296 (12.419%)
entry 506000/4058296 (12.4683%)
entry 513000/4058296 (12.6408%)
entry 519000/4058296 (12.7886%)
entry 523000/4058296 (12.8872%)
entry 527000/4058296 (12.9857%)
entry 528000/4058296 (13.0104%)
entry 530000/4058296 (13.0597%)
entry 531000/4058296 (13.0843%)
entry 534000/4058296 (13.1582%)
entry 535000/4058296 (13.1829%)
entry 538000/4058296 (13.2568%)
entry 539000/4058296 (13.2814%)
entry 543000/4058296 (13.38%)
entry 550000/4058296 (13.5525%)
entry 554000/4058296 (13.651%)
entry 558000/4058296 (13.7496%)
entry 559000/4058296 (13.7743%)
entry 569000/4058296 (14.0207%)
entry 570000/4058296 (14.0453%)
entry 571000/4058296 (14.0699%)
entry 573000/4058296 (14.1192%)
entry 576000/4058296 (14.1931%)
entry 580000/4058296 (14.2917%)
entry 581000/4058296 (14.3164%)
entry 586000/4058296 (14.4396%)
entry 592000/4058296 (14.5874%)
entry 598000/4058296 (14.7352%)
entry 602000/4058296 (14.8338%)
entry 603000/4058296 (14.8585%)
entry 604000/4058296 (14.8831%)
entry 605000/4058296 (14.9077%)
entry 607000/4058296 (14.957%)
entry 611000/4058296 (15.0556%)
entry 614000/4058296 (15.1295%)
entry 619000/4058296 (15.2527%)
entry 620000/4058296 (15.2773%)
entry 622000/4058296 (15.3266%)
entry 624000/4058296 (15.3759%)
entry 630000/4058296 (15.5238%)
entry 635000/4058296 (15.647%)
entry 643000/4058296 (15.8441%)
entry 644000/4058296 (15.8687%)
entry 645000/4058296 (15.8934%)
entry 649000/4058296 (15.9919%)
entry 651000/4058296 (16.0412%)
entry 654000/4058296 (16.1151%)
entry 662000/4058296 (16.3123%)
entry 664000/4058296 (16.3615%)
entry 665000/4058296 (16.3862%)
entry 666000/4058296 (16.4108%)
entry 669000/4058296 (16.4848%)
entry 671000/4058296 (16.534%)
entry 673000/4058296 (16.5833%)
entry 675000/4058296 (16.6326%)
entry 677000/4058296 (16.6819%)
entry 680000/4058296 (16.7558%)
entry 683000/4058296 (16.8297%)
entry 687000/4058296 (16.9283%)
entry 688000/4058296 (16.9529%)
entry 689000/4058296 (16.9776%)
entry 692000/4058296 (17.0515%)
entry 694000/4058296 (17.1008%)
entry 701000/4058296 (17.2733%)
entry 703000/4058296 (17.3225%)
entry 707000/4058296 (17.4211%)
entry 709000/4058296 (17.4704%)
entry 712000/4058296 (17.5443%)
entry 714000/4058296 (17.5936%)
entry 715000/4058296 (17.6182%)
entry 718000/4058296 (17.6922%)
entry 720000/4058296 (17.7414%)
entry 724000/4058296 (17.84%)
entry 725000/4058296 (17.8646%)
entry 726000/4058296 (17.8893%)
entry 727000/4058296 (17.9139%)
entry 733000/4058296 (18.0618%)
entry 734000/4058296 (18.0864%)
entry 740000/4058296 (18.2343%)
entry 741000/4058296 (18.2589%)
entry 748000/4058296 (18.4314%)
entry 750000/4058296 (18.4807%)
entry 753000/4058296 (18.5546%)
entry 755000/4058296 (18.6039%)
entry 756000/4058296 (18.6285%)
entry 758000/4058296 (18.6778%)
entry 759000/4058296 (18.7024%)
entry 764000/4058296 (18.8256%)
entry 765000/4058296 (18.8503%)
entry 772000/4058296 (19.0228%)
entry 773000/4058296 (19.0474%)
entry 777000/4058296 (19.146%)
entry 778000/4058296 (19.1706%)
entry 781000/4058296 (19.2445%)
entry 783000/4058296 (19.2938%)
entry 788000/4058296 (19.417%)
entry 789000/4058296 (19.4417%)
entry 792000/4058296 (19.5156%)
entry 795000/4058296 (19.5895%)
entry 796000/4058296 (19.6141%)
entry 800000/4058296 (19.7127%)
entry 801000/4058296 (19.7373%)
entry 804000/4058296 (19.8113%)
entry 807000/4058296 (19.8852%)
entry 808000/4058296 (19.9098%)
entry 815000/4058296 (20.0823%)
entry 817000/4058296 (20.1316%)
entry 819000/4058296 (20.1809%)
entry 820000/4058296 (20.2055%)
entry 828000/4058296 (20.4027%)
entry 830000/4058296 (20.4519%)
entry 838000/4058296 (20.6491%)
entry 842000/4058296 (20.7476%)
entry 844000/4058296 (20.7969%)
entry 854000/4058296 (21.0433%)
entry 857000/4058296 (21.1172%)
entry 864000/4058296 (21.2897%)
entry 866000/4058296 (21.339%)
entry 870000/4058296 (21.4376%)
entry 874000/4058296 (21.5361%)
entry 876000/4058296 (21.5854%)
entry 877000/4058296 (21.6101%)
entry 878000/4058296 (21.6347%)
entry 879000/4058296 (21.6593%)
entry 880000/4058296 (21.684%)
entry 886000/4058296 (21.8318%)
entry 887000/4058296 (21.8565%)
entry 888000/4058296 (21.8811%)
entry 889000/4058296 (21.9057%)
entry 897000/4058296 (22.1029%)
entry 898000/4058296 (22.1275%)
entry 899000/4058296 (22.1522%)
entry 912000/4058296 (22.4725%)
entry 914000/4058296 (22.5218%)
entry 922000/4058296 (22.7189%)
entry 923000/4058296 (22.7435%)
entry 927000/4058296 (22.8421%)
entry 929000/4058296 (22.8914%)
entry 930000/4058296 (22.916%)
entry 931000/4058296 (22.9407%)
entry 934000/4058296 (23.0146%)
entry 939000/4058296 (23.1378%)
entry 941000/4058296 (23.1871%)
entry 943000/4058296 (23.2364%)
entry 945000/4058296 (23.2856%)
entry 946000/4058296 (23.3103%)
entry 948000/4058296 (23.3596%)
entry 956000/4058296 (23.5567%)
entry 957000/4058296 (23.5813%)
entry 961000/4058296 (23.6799%)
entry 964000/4058296 (23.7538%)
entry 965000/4058296 (23.7785%)
entry 967000/4058296 (23.8277%)
entry 968000/4058296 (23.8524%)
entry 970000/4058296 (23.9017%)
entry 972000/4058296 (23.9509%)
entry 980000/4058296 (24.1481%)
entry 981000/4058296 (24.1727%)
entry 986000/4058296 (24.2959%)
entry 988000/4058296 (24.3452%)
entry 989000/4058296 (24.3698%)
entry 990000/4058296 (24.3945%)
entry 993000/4058296 (24.4684%)
entry 995000/4058296 (24.5177%)
entry 997000/4058296 (24.567%)
entry 1002000/4058296 (24.6902%)
entry 1003000/4058296 (24.7148%)
entry 1007000/4058296 (24.8134%)
entry 1008000/4058296 (24.838%)
entry 1014000/4058296 (24.9859%)
entry 1017000/4058296 (25.0598%)
entry 1018000/4058296 (25.0844%)
entry 1021000/4058296 (25.1583%)
entry 1026000/4058296 (25.2815%)
entry 1030000/4058296 (25.3801%)
entry 1031000/4058296 (25.4048%)
entry 1035000/4058296 (25.5033%)
entry 1036000/4058296 (25.528%)
entry 1037000/4058296 (25.5526%)
entry 1044000/4058296 (25.7251%)
entry 1047000/4058296 (25.799%)
entry 1049000/4058296 (25.8483%)
entry 1055000/4058296 (25.9961%)
entry 1060000/4058296 (26.1193%)
entry 1066000/4058296 (26.2672%)
entry 1068000/4058296 (26.3165%)
entry 1070000/4058296 (26.3657%)
entry 1079000/4058296 (26.5875%)
entry 1086000/4058296 (26.76%)
entry 1088000/4058296 (26.8093%)
entry 1096000/4058296 (27.0064%)
entry 1099000/4058296 (27.0803%)
entry 1101000/4058296 (27.1296%)
entry 1103000/4058296 (27.1789%)
entry 1106000/4058296 (27.2528%)
entry 1108000/4058296 (27.3021%)
entry 1112000/4058296 (27.4007%)
entry 1114000/4058296 (27.4499%)
entry 1115000/4058296 (27.4746%)
entry 1117000/4058296 (27.5239%)
entry 1120000/4058296 (27.5978%)
entry 1125000/4058296 (27.721%)
entry 1128000/4058296 (27.7949%)
entry 1131000/4058296 (27.8688%)
entry 1132000/4058296 (27.8935%)
entry 1135000/4058296 (27.9674%)
entry 1143000/4058296 (28.1645%)
entry 1144000/4058296 (28.1892%)
entry 1145000/4058296 (28.2138%)
entry 1152000/4058296 (28.3863%)
entry 1157000/4058296 (28.5095%)
entry 1158000/4058296 (28.5341%)
entry 1159000/4058296 (28.5588%)
entry 1168000/4058296 (28.7806%)
entry 1171000/4058296 (28.8545%)
entry 1173000/4058296 (28.9038%)
entry 1174000/4058296 (28.9284%)
entry 1175000/4058296 (28.953%)
entry 1186000/4058296 (29.2241%)
entry 1187000/4058296 (29.2487%)
entry 1195000/4058296 (29.4459%)
entry 1197000/4058296 (29.4951%)
entry 1198000/4058296 (29.5198%)
entry 1200000/4058296 (29.5691%)
entry 1201000/4058296 (29.5937%)
entry 1203000/4058296 (29.643%)
entry 1212000/4058296 (29.8648%)
entry 1217000/4058296 (29.988%)
entry 1220000/4058296 (30.0619%)
entry 1226000/4058296 (30.2097%)
entry 1229000/4058296 (30.2836%)
entry 1241000/4058296 (30.5793%)
entry 1242000/4058296 (30.604%)
entry 1250000/4058296 (30.8011%)
entry 1259000/4058296 (31.0229%)
entry 1260000/4058296 (31.0475%)
entry 1263000/4058296 (31.1214%)
entry 1268000/4058296 (31.2446%)
entry 1271000/4058296 (31.3186%)
entry 1276000/4058296 (31.4418%)
entry 1280000/4058296 (31.5403%)
entry 1282000/4058296 (31.5896%)
entry 1290000/4058296 (31.7867%)
entry 1291000/4058296 (31.8114%)
entry 1294000/4058296 (31.8853%)
entry 1313000/4058296 (32.3535%)
entry 1314000/4058296 (32.3781%)
entry 1319000/4058296 (32.5013%)
entry 1328000/4058296 (32.7231%)
entry 1334000/4058296 (32.8709%)
entry 1335000/4058296 (32.8956%)
entry 1337000/4058296 (32.9449%)
entry 1339000/4058296 (32.9941%)
entry 1340000/4058296 (33.0188%)
entry 1342000/4058296 (33.0681%)
entry 1348000/4058296 (33.2159%)
entry 1356000/4058296 (33.413%)
entry 1358000/4058296 (33.4623%)
entry 1360000/4058296 (33.5116%)
entry 1362000/4058296 (33.5609%)
entry 1364000/4058296 (33.6102%)
entry 1366000/4058296 (33.6594%)
entry 1367000/4058296 (33.6841%)
entry 1369000/4058296 (33.7334%)
entry 1372000/4058296 (33.8073%)
entry 1377000/4058296 (33.9305%)
entry 1379000/4058296 (33.9798%)
entry 1382000/4058296 (34.0537%)
entry 1384000/4058296 (34.103%)
entry 1388000/4058296 (34.2015%)
entry 1391000/4058296 (34.2755%)
entry 1394000/4058296 (34.3494%)
entry 1396000/4058296 (34.3987%)
entry 1398000/4058296 (34.448%)
entry 1401000/4058296 (34.5219%)
entry 1402000/4058296 (34.5465%)
entry 1406000/4058296 (34.6451%)
entry 1408000/4058296 (34.6944%)
entry 1416000/4058296 (34.8915%)
entry 1424000/4058296 (35.0886%)
entry 1425000/4058296 (35.1133%)
entry 1427000/4058296 (35.1625%)
entry 1428000/4058296 (35.1872%)
entry 1429000/4058296 (35.2118%)
entry 1436000/4058296 (35.3843%)
entry 1458000/4058296 (35.9264%)
entry 1466000/4058296 (36.1235%)
entry 1468000/4058296 (36.1728%)
entry 1469000/4058296 (36.1975%)
entry 1474000/4058296 (36.3207%)
entry 1475000/4058296 (36.3453%)
entry 1480000/4058296 (36.4685%)
entry 1481000/4058296 (36.4931%)
entry 1482000/4058296 (36.5178%)
entry 1484000/4058296 (36.5671%)
entry 1485000/4058296 (36.5917%)
entry 1487000/4058296 (36.641%)
entry 1489000/4058296 (36.6903%)
entry 1491000/4058296 (36.7396%)
entry 1493000/4058296 (36.7888%)
entry 1496000/4058296 (36.8628%)
entry 1497000/4058296 (36.8874%)
entry 1498000/4058296 (36.912%)
entry 1499000/4058296 (36.9367%)
entry 1500000/4058296 (36.9613%)
entry 1502000/4058296 (37.0106%)
entry 1503000/4058296 (37.0352%)
entry 1507000/4058296 (37.1338%)
entry 1508000/4058296 (37.1585%)
entry 1512000/4058296 (37.257%)
entry 1517000/4058296 (37.3802%)
entry 1519000/4058296 (37.4295%)
entry 1520000/4058296 (37.4541%)
entry 1524000/4058296 (37.5527%)
entry 1527000/4058296 (37.6266%)
entry 1530000/4058296 (37.7006%)
entry 1532000/4058296 (37.7498%)
entry 1533000/4058296 (37.7745%)
entry 1534000/4058296 (37.7991%)
entry 1537000/4058296 (37.873%)
entry 1541000/4058296 (37.9716%)
entry 1546000/4058296 (38.0948%)
entry 1547000/4058296 (38.1194%)
entry 1550000/4058296 (38.1934%)
entry 1556000/4058296 (38.3412%)
entry 1559000/4058296 (38.4151%)
entry 1562000/4058296 (38.4891%)
entry 1579000/4058296 (38.908%)
entry 1580000/4058296 (38.9326%)
entry 1584000/4058296 (39.0312%)
entry 1589000/4058296 (39.1544%)
entry 1590000/4058296 (39.179%)
entry 1593000/4058296 (39.2529%)
entry 1594000/4058296 (39.2776%)
entry 1596000/4058296 (39.3268%)
entry 1597000/4058296 (39.3515%)
entry 1604000/4058296 (39.524%)
entry 1608000/4058296 (39.6225%)
entry 1614000/4058296 (39.7704%)
entry 1617000/4058296 (39.8443%)
entry 1622000/4058296 (39.9675%)
entry 1628000/4058296 (40.1154%)
entry 1629000/4058296 (40.14%)
entry 1630000/4058296 (40.1646%)
entry 1637000/4058296 (40.3371%)
entry 1640000/4058296 (40.411%)
entry 1641000/4058296 (40.4357%)
entry 1642000/4058296 (40.4603%)
entry 1648000/4058296 (40.6082%)
entry 1649000/4058296 (40.6328%)
entry 1653000/4058296 (40.7314%)
entry 1655000/4058296 (40.7807%)
entry 1658000/4058296 (40.8546%)
entry 1659000/4058296 (40.8792%)
entry 1662000/4058296 (40.9531%)
entry 1664000/4058296 (41.0024%)
entry 1665000/4058296 (41.0271%)
entry 1670000/4058296 (41.1503%)
entry 1671000/4058296 (41.1749%)
entry 1673000/4058296 (41.2242%)
entry 1677000/4058296 (41.3228%)
entry 1678000/4058296 (41.3474%)
entry 1688000/4058296 (41.5938%)
entry 1690000/4058296 (41.6431%)
entry 1693000/4058296 (41.717%)
entry 1694000/4058296 (41.7417%)
entry 1697000/4058296 (41.8156%)
entry 1699000/4058296 (41.8649%)
entry 1703000/4058296 (41.9634%)
entry 1704000/4058296 (41.9881%)
entry 1710000/4058296 (42.1359%)
entry 1711000/4058296 (42.1606%)
entry 1715000/4058296 (42.2591%)
entry 1716000/4058296 (42.2838%)
entry 1720000/4058296 (42.3823%)
entry 1721000/4058296 (42.407%)
entry 1723000/4058296 (42.4562%)
entry 1726000/4058296 (42.5302%)
entry 1730000/4058296 (42.6287%)
entry 1731000/4058296 (42.6534%)
entry 1733000/4058296 (42.7027%)
entry 1737000/4058296 (42.8012%)
entry 1738000/4058296 (42.8259%)
entry 1741000/4058296 (42.8998%)
entry 1745000/4058296 (42.9983%)
entry 1748000/4058296 (43.0723%)
entry 1751000/4058296 (43.1462%)
entry 1752000/4058296 (43.1708%)
entry 1763000/4058296 (43.4419%)
entry 1765000/4058296 (43.4912%)
entry 1767000/4058296 (43.5404%)
entry 1769000/4058296 (43.5897%)
entry 1772000/4058296 (43.6636%)
entry 1774000/4058296 (43.7129%)
entry 1776000/4058296 (43.7622%)
entry 1779000/4058296 (43.8361%)
entry 1783000/4058296 (43.9347%)
entry 1787000/4058296 (44.0333%)
entry 1788000/4058296 (44.0579%)
entry 1790000/4058296 (44.1072%)
entry 1795000/4058296 (44.2304%)
entry 1799000/4058296 (44.3289%)
entry 1800000/4058296 (44.3536%)
entry 1804000/4058296 (44.4522%)
entry 1807000/4058296 (44.5261%)
entry 1809000/4058296 (44.5754%)
entry 1813000/4058296 (44.6739%)
entry 1814000/4058296 (44.6986%)
entry 1816000/4058296 (44.7478%)
entry 1820000/4058296 (44.8464%)
entry 1826000/4058296 (44.9943%)
entry 1827000/4058296 (45.0189%)
entry 1834000/4058296 (45.1914%)
entry 1835000/4058296 (45.216%)
entry 1836000/4058296 (45.2407%)
entry 1846000/4058296 (45.4871%)
entry 1848000/4058296 (45.5364%)
entry 1850000/4058296 (45.5856%)
entry 1855000/4058296 (45.7088%)
entry 1866000/4058296 (45.9799%)
entry 1871000/4058296 (46.1031%)
entry 1873000/4058296 (46.1524%)
entry 1883000/4058296 (46.3988%)
entry 1886000/4058296 (46.4727%)
entry 1888000/4058296 (46.522%)
entry 1889000/4058296 (46.5466%)
entry 1895000/4058296 (46.6945%)
entry 1897000/4058296 (46.7438%)
entry 1898000/4058296 (46.7684%)
entry 1900000/4058296 (46.8177%)
entry 1903000/4058296 (46.8916%)
entry 1904000/4058296 (46.9162%)
entry 1911000/4058296 (47.0887%)
entry 1912000/4058296 (47.1134%)
entry 1916000/4058296 (47.2119%)
entry 1920000/4058296 (47.3105%)
entry 1922000/4058296 (47.3598%)
entry 1924000/4058296 (47.4091%)
entry 1931000/4058296 (47.5815%)
entry 1933000/4058296 (47.6308%)
entry 1938000/4058296 (47.754%)
entry 1943000/4058296 (47.8772%)
entry 1951000/4058296 (48.0744%)
entry 1953000/4058296 (48.1236%)
entry 1954000/4058296 (48.1483%)
entry 1960000/4058296 (48.2961%)
entry 1961000/4058296 (48.3208%)
entry 1962000/4058296 (48.3454%)
entry 1963000/4058296 (48.3701%)
entry 1966000/4058296 (48.444%)
entry 1970000/4058296 (48.5425%)
entry 1980000/4058296 (48.7889%)
entry 1983000/4058296 (48.8629%)
entry 1985000/4058296 (48.9122%)
entry 1999000/4058296 (49.2571%)
entry 2002000/4058296 (49.331%)
entry 2004000/4058296 (49.3803%)
entry 2012000/4058296 (49.5775%)
entry 2015000/4058296 (49.6514%)
entry 2017000/4058296 (49.7007%)
entry 2021000/4058296 (49.7992%)
entry 2030000/4058296 (50.021%)
entry 2034000/4058296 (50.1196%)
entry 2037000/4058296 (50.1935%)
entry 2040000/4058296 (50.2674%)
entry 2046000/4058296 (50.4152%)
entry 2048000/4058296 (50.4645%)
entry 2052000/4058296 (50.5631%)
entry 2056000/4058296 (50.6617%)
entry 2059000/4058296 (50.7356%)
entry 2063000/4058296 (50.8341%)
entry 2065000/4058296 (50.8834%)
entry 2070000/4058296 (51.0066%)
entry 2072000/4058296 (51.0559%)
entry 2073000/4058296 (51.0806%)
entry 2074000/4058296 (51.1052%)
entry 2075000/4058296 (51.1298%)
entry 2076000/4058296 (51.1545%)
entry 2078000/4058296 (51.2038%)
entry 2083000/4058296 (51.327%)
entry 2085000/4058296 (51.3762%)
entry 2087000/4058296 (51.4255%)
entry 2088000/4058296 (51.4502%)
entry 2095000/4058296 (51.6227%)
entry 2096000/4058296 (51.6473%)
entry 2098000/4058296 (51.6966%)
entry 2102000/4058296 (51.7951%)
entry 2104000/4058296 (51.8444%)
entry 2105000/4058296 (51.8691%)
entry 2107000/4058296 (51.9183%)
entry 2108000/4058296 (51.943%)
entry 2109000/4058296 (51.9676%)
entry 2112000/4058296 (52.0415%)
entry 2113000/4058296 (52.0662%)
entry 2116000/4058296 (52.1401%)
entry 2122000/4058296 (52.288%)
entry 2125000/4058296 (52.3619%)
entry 2126000/4058296 (52.3865%)
entry 2133000/4058296 (52.559%)
entry 2135000/4058296 (52.6083%)
entry 2139000/4058296 (52.7068%)
entry 2143000/4058296 (52.8054%)
entry 2146000/4058296 (52.8793%)
entry 2147000/4058296 (52.904%)
entry 2151000/4058296 (53.0025%)
entry 2159000/4058296 (53.1997%)
entry 2161000/4058296 (53.2489%)
entry 2164000/4058296 (53.3229%)
entry 2169000/4058296 (53.4461%)
entry 2171000/4058296 (53.4954%)
entry 2173000/4058296 (53.5446%)
entry 2176000/4058296 (53.6186%)
entry 2177000/4058296 (53.6432%)
entry 2178000/4058296 (53.6678%)
entry 2180000/4058296 (53.7171%)
entry 2181000/4058296 (53.7418%)
entry 2182000/4058296 (53.7664%)
entry 2193000/4058296 (54.0375%)
entry 2195000/4058296 (54.0867%)
entry 2196000/4058296 (54.1114%)
entry 2197000/4058296 (54.136%)
entry 2205000/4058296 (54.3332%)
entry 2209000/4058296 (54.4317%)
entry 2211000/4058296 (54.481%)
entry 2215000/4058296 (54.5796%)
entry 2228000/4058296 (54.8999%)
entry 2230000/4058296 (54.9492%)
entry 2234000/4058296 (55.0477%)
entry 2235000/4058296 (55.0724%)
entry 2242000/4058296 (55.2449%)
entry 2244000/4058296 (55.2941%)
entry 2245000/4058296 (55.3188%)
entry 2250000/4058296 (55.442%)
entry 2257000/4058296 (55.6145%)
entry 2266000/4058296 (55.8362%)
entry 2271000/4058296 (55.9594%)
entry 2272000/4058296 (55.9841%)
entry 2273000/4058296 (56.0087%)
entry 2278000/4058296 (56.1319%)
entry 2284000/4058296 (56.2798%)
entry 2296000/4058296 (56.5755%)
entry 2297000/4058296 (56.6001%)
entry 2298000/4058296 (56.6248%)
entry 2300000/4058296 (56.674%)
entry 2306000/4058296 (56.8219%)
entry 2307000/4058296 (56.8465%)
entry 2308000/4058296 (56.8712%)
entry 2309000/4058296 (56.8958%)
entry 2312000/4058296 (56.9697%)
entry 2315000/4058296 (57.0436%)
entry 2317000/4058296 (57.0929%)
entry 2323000/4058296 (57.2408%)
entry 2326000/4058296 (57.3147%)
entry 2331000/4058296 (57.4379%)
entry 2335000/4058296 (57.5365%)
entry 2338000/4058296 (57.6104%)
entry 2343000/4058296 (57.7336%)
entry 2345000/4058296 (57.7829%)
entry 2346000/4058296 (57.8075%)
entry 2348000/4058296 (57.8568%)
entry 2352000/4058296 (57.9554%)
entry 2354000/4058296 (58.0046%)
entry 2360000/4058296 (58.1525%)
entry 2361000/4058296 (58.1771%)
entry 2364000/4058296 (58.251%)
entry 2365000/4058296 (58.2757%)
entry 2366000/4058296 (58.3003%)
entry 2370000/4058296 (58.3989%)
entry 2371000/4058296 (58.4235%)
entry 2374000/4058296 (58.4975%)
entry 2376000/4058296 (58.5467%)
entry 2377000/4058296 (58.5714%)
entry 2385000/4058296 (58.7685%)
entry 2389000/4058296 (58.8671%)
entry 2392000/4058296 (58.941%)
entry 2394000/4058296 (58.9903%)
entry 2400000/4058296 (59.1381%)
entry 2403000/4058296 (59.212%)
entry 2405000/4058296 (59.2613%)
entry 2409000/4058296 (59.3599%)
entry 2411000/4058296 (59.4092%)
entry 2414000/4058296 (59.4831%)
entry 2417000/4058296 (59.557%)
entry 2420000/4058296 (59.6309%)
entry 2422000/4058296 (59.6802%)
entry 2432000/4058296 (59.9266%)
entry 2434000/4058296 (59.9759%)
entry 2436000/4058296 (60.0252%)
entry 2438000/4058296 (60.0745%)
entry 2439000/4058296 (60.0991%)
entry 2443000/4058296 (60.1977%)
entry 2446000/4058296 (60.2716%)
entry 2447000/4058296 (60.2962%)
entry 2449000/4058296 (60.3455%)
entry 2456000/4058296 (60.518%)
entry 2461000/4058296 (60.6412%)
entry 2464000/4058296 (60.7151%)
entry 2465000/4058296 (60.7398%)
entry 2466000/4058296 (60.7644%)
entry 2467000/4058296 (60.7891%)
entry 2470000/4058296 (60.863%)
entry 2473000/4058296 (60.9369%)
entry 2476000/4058296 (61.0108%)
entry 2478000/4058296 (61.0601%)
entry 2483000/4058296 (61.1833%)
entry 2486000/4058296 (61.2572%)
entry 2489000/4058296 (61.3312%)
entry 2491000/4058296 (61.3804%)
entry 2492000/4058296 (61.4051%)
entry 2499000/4058296 (61.5776%)
entry 2501000/4058296 (61.6269%)
entry 2502000/4058296 (61.6515%)
entry 2507000/4058296 (61.7747%)
entry 2514000/4058296 (61.9472%)
entry 2516000/4058296 (61.9965%)
entry 2529000/4058296 (62.3168%)
entry 2533000/4058296 (62.4154%)
entry 2536000/4058296 (62.4893%)
entry 2537000/4058296 (62.5139%)
entry 2541000/4058296 (62.6125%)
entry 2543000/4058296 (62.6618%)
entry 2544000/4058296 (62.6864%)
entry 2551000/4058296 (62.8589%)
entry 2559000/4058296 (63.056%)
entry 2562000/4058296 (63.1299%)
entry 2563000/4058296 (63.1546%)
entry 2564000/4058296 (63.1792%)
entry 2565000/4058296 (63.2039%)
entry 2566000/4058296 (63.2285%)
entry 2569000/4058296 (63.3024%)
entry 2576000/4058296 (63.4749%)
entry 2578000/4058296 (63.5242%)
entry 2582000/4058296 (63.6228%)
entry 2583000/4058296 (63.6474%)
entry 2585000/4058296 (63.6967%)
entry 2587000/4058296 (63.746%)
entry 2591000/4058296 (63.8445%)
entry 2594000/4058296 (63.9185%)
entry 2595000/4058296 (63.9431%)
entry 2597000/4058296 (63.9924%)
entry 2599000/4058296 (64.0417%)
entry 2603000/4058296 (64.1402%)
entry 2613000/4058296 (64.3866%)
entry 2615000/4058296 (64.4359%)
entry 2616000/4058296 (64.4606%)
entry 2622000/4058296 (64.6084%)
entry 2629000/4058296 (64.7809%)
entry 2630000/4058296 (64.8055%)
entry 2638000/4058296 (65.0027%)
entry 2639000/4058296 (65.0273%)
entry 2641000/4058296 (65.0766%)
entry 2643000/4058296 (65.1259%)
entry 2644000/4058296 (65.1505%)
entry 2645000/4058296 (65.1751%)
entry 2647000/4058296 (65.2244%)
entry 2648000/4058296 (65.2491%)
entry 2652000/4058296 (65.3476%)
entry 2657000/4058296 (65.4708%)
entry 2658000/4058296 (65.4955%)
entry 2659000/4058296 (65.5201%)
entry 2665000/4058296 (65.668%)
entry 2672000/4058296 (65.8404%)
entry 2675000/4058296 (65.9144%)
entry 2677000/4058296 (65.9636%)
entry 2678000/4058296 (65.9883%)
entry 2682000/4058296 (66.0869%)
entry 2683000/4058296 (66.1115%)
entry 2688000/4058296 (66.2347%)
entry 2692000/4058296 (66.3333%)
entry 2695000/4058296 (66.4072%)
entry 2699000/4058296 (66.5057%)
entry 2703000/4058296 (66.6043%)
entry 2705000/4058296 (66.6536%)
entry 2721000/4058296 (67.0478%)
entry 2722000/4058296 (67.0725%)
entry 2726000/4058296 (67.171%)
entry 2728000/4058296 (67.2203%)
entry 2730000/4058296 (67.2696%)
entry 2732000/4058296 (67.3189%)
entry 2737000/4058296 (67.4421%)
entry 2739000/4058296 (67.4914%)
entry 2745000/4058296 (67.6392%)
entry 2747000/4058296 (67.6885%)
entry 2749000/4058296 (67.7378%)
entry 2751000/4058296 (67.7871%)
entry 2753000/4058296 (67.8364%)
entry 2760000/4058296 (68.0088%)
entry 2763000/4058296 (68.0828%)
entry 2766000/4058296 (68.1567%)
entry 2771000/4058296 (68.2799%)
entry 2779000/4058296 (68.477%)
entry 2782000/4058296 (68.5509%)
entry 2783000/4058296 (68.5756%)
entry 2784000/4058296 (68.6002%)
entry 2785000/4058296 (68.6249%)
entry 2793000/4058296 (68.822%)
entry 2794000/4058296 (68.8466%)
entry 2799000/4058296 (68.9698%)
entry 2801000/4058296 (69.0191%)
entry 2810000/4058296 (69.2409%)
entry 2811000/4058296 (69.2655%)
entry 2812000/4058296 (69.2902%)
entry 2813000/4058296 (69.3148%)
entry 2815000/4058296 (69.3641%)
entry 2816000/4058296 (69.3887%)
entry 2819000/4058296 (69.4627%)
entry 2822000/4058296 (69.5366%)
entry 2831000/4058296 (69.7583%)
entry 2833000/4058296 (69.8076%)
entry 2836000/4058296 (69.8815%)
entry 2837000/4058296 (69.9062%)
entry 2839000/4058296 (69.9555%)
entry 2841000/4058296 (70.0047%)
entry 2842000/4058296 (70.0294%)
entry 2843000/4058296 (70.054%)
entry 2850000/4058296 (70.2265%)
entry 2853000/4058296 (70.3004%)
entry 2856000/4058296 (70.3744%)
entry 2859000/4058296 (70.4483%)
entry 2864000/4058296 (70.5715%)
entry 2867000/4058296 (70.6454%)
entry 2869000/4058296 (70.6947%)
entry 2876000/4058296 (70.8672%)
entry 2878000/4058296 (70.9165%)
entry 2880000/4058296 (70.9657%)
entry 2881000/4058296 (70.9904%)
entry 2882000/4058296 (71.015%)
entry 2884000/4058296 (71.0643%)
entry 2887000/4058296 (71.1382%)
entry 2888000/4058296 (71.1629%)
entry 2891000/4058296 (71.2368%)
entry 2892000/4058296 (71.2614%)
entry 2894000/4058296 (71.3107%)
entry 2904000/4058296 (71.5571%)
entry 2910000/4058296 (71.705%)
entry 2911000/4058296 (71.7296%)
entry 2915000/4058296 (71.8282%)
entry 2916000/4058296 (71.8528%)
entry 2917000/4058296 (71.8775%)
entry 2918000/4058296 (71.9021%)
entry 2921000/4058296 (71.976%)
entry 2923000/4058296 (72.0253%)
entry 2927000/4058296 (72.1239%)
entry 2928000/4058296 (72.1485%)
entry 2934000/4058296 (72.2964%)
entry 2937000/4058296 (72.3703%)
entry 2945000/4058296 (72.5674%)
entry 2946000/4058296 (72.592%)
entry 2950000/4058296 (72.6906%)
entry 2951000/4058296 (72.7152%)
entry 2953000/4058296 (72.7645%)
entry 2955000/4058296 (72.8138%)
entry 2957000/4058296 (72.8631%)
entry 2960000/4058296 (72.937%)
entry 2968000/4058296 (73.1341%)
entry 2973000/4058296 (73.2573%)
entry 2975000/4058296 (73.3066%)
entry 2977000/4058296 (73.3559%)
entry 2981000/4058296 (73.4545%)
entry 2986000/4058296 (73.5777%)
entry 2987000/4058296 (73.6023%)
entry 2989000/4058296 (73.6516%)
entry 2991000/4058296 (73.7009%)
entry 2992000/4058296 (73.7255%)
entry 2996000/4058296 (73.8241%)
entry 3001000/4058296 (73.9473%)
entry 3003000/4058296 (73.9966%)
entry 3006000/4058296 (74.0705%)
entry 3012000/4058296 (74.2183%)
entry 3014000/4058296 (74.2676%)
entry 3016000/4058296 (74.3169%)
entry 3021000/4058296 (74.4401%)
entry 3022000/4058296 (74.4648%)
entry 3035000/4058296 (74.7851%)
entry 3036000/4058296 (74.8097%)
entry 3037000/4058296 (74.8344%)
entry 3038000/4058296 (74.859%)
entry 3039000/4058296 (74.8836%)
entry 3044000/4058296 (75.0068%)
entry 3047000/4058296 (75.0808%)
entry 3050000/4058296 (75.1547%)
entry 3051000/4058296 (75.1793%)
entry 3056000/4058296 (75.3025%)
entry 3057000/4058296 (75.3272%)
entry 3059000/4058296 (75.3765%)
entry 3060000/4058296 (75.4011%)
entry 3067000/4058296 (75.5736%)
entry 3070000/4058296 (75.6475%)
entry 3071000/4058296 (75.6722%)
entry 3078000/4058296 (75.8446%)
entry 3079000/4058296 (75.8693%)
entry 3084000/4058296 (75.9925%)
entry 3086000/4058296 (76.0418%)
entry 3089000/4058296 (76.1157%)
entry 3091000/4058296 (76.165%)
entry 3097000/4058296 (76.3128%)
entry 3103000/4058296 (76.4607%)
entry 3106000/4058296 (76.5346%)
entry 3108000/4058296 (76.5839%)
entry 3109000/4058296 (76.6085%)
entry 3121000/4058296 (76.9042%)
entry 3124000/4058296 (76.9781%)
entry 3130000/4058296 (77.126%)
entry 3134000/4058296 (77.2245%)
entry 3135000/4058296 (77.2492%)
entry 3137000/4058296 (77.2985%)
entry 3141000/4058296 (77.397%)
entry 3142000/4058296 (77.4217%)
entry 3143000/4058296 (77.4463%)
entry 3145000/4058296 (77.4956%)
entry 3146000/4058296 (77.5202%)
entry 3153000/4058296 (77.6927%)
entry 3155000/4058296 (77.742%)
entry 3160000/4058296 (77.8652%)
entry 3161000/4058296 (77.8898%)
entry 3163000/4058296 (77.9391%)
entry 3164000/4058296 (77.9638%)
entry 3165000/4058296 (77.9884%)
entry 3166000/4058296 (78.013%)
entry 3170000/4058296 (78.1116%)
entry 3172000/4058296 (78.1609%)
entry 3177000/4058296 (78.2841%)
entry 3182000/4058296 (78.4073%)
entry 3191000/4058296 (78.6291%)
entry 3192000/4058296 (78.6537%)
entry 3199000/4058296 (78.8262%)
entry 3201000/4058296 (78.8755%)
entry 3207000/4058296 (79.0233%)
entry 3208000/4058296 (79.048%)
entry 3212000/4058296 (79.1465%)
entry 3213000/4058296 (79.1712%)
entry 3218000/4058296 (79.2944%)
entry 3219000/4058296 (79.319%)
entry 3222000/4058296 (79.3929%)
entry 3226000/4058296 (79.4915%)
entry 3237000/4058296 (79.7625%)
entry 3238000/4058296 (79.7872%)
entry 3243000/4058296 (79.9104%)
entry 3244000/4058296 (79.935%)
entry 3245000/4058296 (79.9597%)
entry 3249000/4058296 (80.0582%)
entry 3251000/4058296 (80.1075%)
entry 3252000/4058296 (80.1322%)
entry 3253000/4058296 (80.1568%)
entry 3261000/4058296 (80.3539%)
entry 3268000/4058296 (80.5264%)
entry 3272000/4058296 (80.625%)
entry 3273000/4058296 (80.6496%)
entry 3274000/4058296 (80.6743%)
entry 3279000/4058296 (80.7975%)
entry 3284000/4058296 (80.9207%)
entry 3286000/4058296 (80.9699%)
entry 3287000/4058296 (80.9946%)
entry 3296000/4058296 (81.2164%)
entry 3297000/4058296 (81.241%)
entry 3299000/4058296 (81.2903%)
entry 3300000/4058296 (81.3149%)
entry 3316000/4058296 (81.7092%)
entry 3318000/4058296 (81.7585%)
entry 3328000/4058296 (82.0049%)
entry 3329000/4058296 (82.0295%)
entry 3330000/4058296 (82.0541%)
entry 3332000/4058296 (82.1034%)
entry 3333000/4058296 (82.1281%)
entry 3339000/4058296 (82.2759%)
entry 3342000/4058296 (82.3498%)
entry 3352000/4058296 (82.5962%)
entry 3355000/4058296 (82.6702%)
entry 3356000/4058296 (82.6948%)
entry 3360000/4058296 (82.7934%)
entry 3361000/4058296 (82.818%)
entry 3362000/4058296 (82.8427%)
entry 3370000/4058296 (83.0398%)
entry 3375000/4058296 (83.163%)
entry 3380000/4058296 (83.2862%)
entry 3382000/4058296 (83.3355%)
entry 3387000/4058296 (83.4587%)
entry 3392000/4058296 (83.5819%)
entry 3395000/4058296 (83.6558%)
entry 3397000/4058296 (83.7051%)
entry 3398000/4058296 (83.7297%)
entry 3406000/4058296 (83.9269%)
entry 3408000/4058296 (83.9761%)
entry 3414000/4058296 (84.124%)
entry 3418000/4058296 (84.2225%)
entry 3424000/4058296 (84.3704%)
entry 3428000/4058296 (84.4689%)
entry 3433000/4058296 (84.5922%)
entry 3434000/4058296 (84.6168%)
entry 3443000/4058296 (84.8386%)
entry 3445000/4058296 (84.8878%)
entry 3449000/4058296 (84.9864%)
entry 3450000/4058296 (85.011%)
entry 3453000/4058296 (85.085%)
entry 3454000/4058296 (85.1096%)
entry 3456000/4058296 (85.1589%)
entry 3457000/4058296 (85.1835%)
entry 3464000/4058296 (85.356%)
entry 3472000/4058296 (85.5532%)
entry 3476000/4058296 (85.6517%)
entry 3478000/4058296 (85.701%)
entry 3480000/4058296 (85.7503%)
entry 3485000/4058296 (85.8735%)
entry 3493000/4058296 (86.0706%)
entry 3495000/4058296 (86.1199%)
entry 3500000/4058296 (86.2431%)
entry 3507000/4058296 (86.4156%)
entry 3514000/4058296 (86.5881%)
entry 3520000/4058296 (86.7359%)
entry 3522000/4058296 (86.7852%)
entry 3524000/4058296 (86.8345%)
entry 3538000/4058296 (87.1794%)
entry 3539000/4058296 (87.2041%)
entry 3543000/4058296 (87.3026%)
entry 3549000/4058296 (87.4505%)
entry 3555000/4058296 (87.5983%)
entry 3560000/4058296 (87.7215%)
entry 3568000/4058296 (87.9187%)
entry 3571000/4058296 (87.9926%)
entry 3574000/4058296 (88.0665%)
entry 3577000/4058296 (88.1404%)
entry 3578000/4058296 (88.1651%)
entry 3585000/4058296 (88.3376%)
entry 3586000/4058296 (88.3622%)
entry 3587000/4058296 (88.3869%)
entry 3598000/4058296 (88.6579%)
entry 3599000/4058296 (88.6825%)
entry 3600000/4058296 (88.7072%)
entry 3603000/4058296 (88.7811%)
entry 3604000/4058296 (88.8057%)
entry 3606000/4058296 (88.855%)
entry 3607000/4058296 (88.8797%)
entry 3611000/4058296 (88.9782%)
entry 3612000/4058296 (89.0029%)
entry 3615000/4058296 (89.0768%)
entry 3618000/4058296 (89.1507%)
entry 3623000/4058296 (89.2739%)
entry 3626000/4058296 (89.3478%)
entry 3627000/4058296 (89.3725%)
entry 3629000/4058296 (89.4218%)
entry 3633000/4058296 (89.5203%)
entry 3638000/4058296 (89.6435%)
entry 3650000/4058296 (89.9392%)
entry 3652000/4058296 (89.9885%)
entry 3660000/4058296 (90.1856%)
entry 3667000/4058296 (90.3581%)
entry 3670000/4058296 (90.432%)
entry 3673000/4058296 (90.506%)
entry 3677000/4058296 (90.6045%)
entry 3682000/4058296 (90.7277%)
entry 3684000/4058296 (90.777%)
entry 3687000/4058296 (90.8509%)
entry 3688000/4058296 (90.8756%)
entry 3691000/4058296 (90.9495%)
entry 3693000/4058296 (90.9988%)
entry 3697000/4058296 (91.0973%)
entry 3698000/4058296 (91.122%)
entry 3700000/4058296 (91.1713%)
entry 3703000/4058296 (91.2452%)
entry 3704000/4058296 (91.2698%)
entry 3711000/4058296 (91.4423%)
entry 3714000/4058296 (91.5162%)
entry 3715000/4058296 (91.5409%)
entry 3718000/4058296 (91.6148%)
entry 3720000/4058296 (91.6641%)
entry 3721000/4058296 (91.6887%)
entry 3722000/4058296 (91.7134%)
entry 3723000/4058296 (91.738%)
entry 3727000/4058296 (91.8366%)
entry 3728000/4058296 (91.8612%)
entry 3734000/4058296 (92.0091%)
entry 3735000/4058296 (92.0337%)
entry 3737000/4058296 (92.083%)
entry 3738000/4058296 (92.1076%)
entry 3740000/4058296 (92.1569%)
entry 3741000/4058296 (92.1815%)
entry 3742000/4058296 (92.2062%)
entry 3744000/4058296 (92.2555%)
entry 3749000/4058296 (92.3787%)
entry 3756000/4058296 (92.5512%)
entry 3761000/4058296 (92.6744%)
entry 3767000/4058296 (92.8222%)
entry 3770000/4058296 (92.8961%)
entry 3771000/4058296 (92.9208%)
entry 3777000/4058296 (93.0686%)
entry 3783000/4058296 (93.2165%)
entry 3786000/4058296 (93.2904%)
entry 3789000/4058296 (93.3643%)
entry 3791000/4058296 (93.4136%)
entry 3794000/4058296 (93.4875%)
entry 3795000/4058296 (93.5122%)
entry 3802000/4058296 (93.6846%)
entry 3814000/4058296 (93.9803%)
entry 3815000/4058296 (94.005%)
entry 3819000/4058296 (94.1035%)
entry 3820000/4058296 (94.1282%)
entry 3823000/4058296 (94.2021%)
entry 3831000/4058296 (94.3992%)
entry 3834000/4058296 (94.4731%)
entry 3845000/4058296 (94.7442%)
entry 3847000/4058296 (94.7935%)
entry 3853000/4058296 (94.9413%)
entry 3854000/4058296 (94.966%)
entry 3856000/4058296 (95.0152%)
entry 3859000/4058296 (95.0892%)
entry 3860000/4058296 (95.1138%)
entry 3867000/4058296 (95.2863%)
entry 3868000/4058296 (95.3109%)
entry 3869000/4058296 (95.3356%)
entry 3872000/4058296 (95.4095%)
entry 3874000/4058296 (95.4588%)
entry 3875000/4058296 (95.4834%)
entry 3877000/4058296 (95.5327%)
entry 3884000/4058296 (95.7052%)
entry 3891000/4058296 (95.8777%)
entry 3898000/4058296 (96.0502%)
entry 3900000/4058296 (96.0994%)
entry 3912000/4058296 (96.3951%)
entry 3917000/4058296 (96.5183%)
entry 3920000/4058296 (96.5923%)
entry 3921000/4058296 (96.6169%)
entry 3922000/4058296 (96.6415%)
entry 3923000/4058296 (96.6662%)
entry 3929000/4058296 (96.814%)
entry 3932000/4058296 (96.888%)
entry 3933000/4058296 (96.9126%)
entry 3938000/4058296 (97.0358%)
entry 3939000/4058296 (97.0604%)
entry 3941000/4058296 (97.1097%)
entry 3944000/4058296 (97.1836%)
entry 3946000/4058296 (97.2329%)
entry 3954000/4058296 (97.4301%)
entry 3955000/4058296 (97.4547%)
entry 3960000/4058296 (97.5779%)
entry 3964000/4058296 (97.6765%)
entry 3965000/4058296 (97.7011%)
entry 3967000/4058296 (97.7504%)
entry 3970000/4058296 (97.8243%)
entry 3972000/4058296 (97.8736%)
entry 3973000/4058296 (97.8982%)
entry 3976000/4058296 (97.9722%)
entry 3977000/4058296 (97.9968%)
entry 3978000/4058296 (98.0214%)
entry 3979000/4058296 (98.0461%)
entry 3984000/4058296 (98.1693%)
entry 3986000/4058296 (98.2186%)
entry 3991000/4058296 (98.3418%)
entry 3992000/4058296 (98.3664%)
entry 3993000/4058296 (98.3911%)
entry 3995000/4058296 (98.4403%)
entry 3997000/4058296 (98.4896%)
entry 3998000/4058296 (98.5143%)
entry 4004000/4058296 (98.6621%)
entry 4007000/4058296 (98.736%)
entry 4016000/4058296 (98.9578%)
entry 4020000/4058296 (99.0564%)
entry 4022000/4058296 (99.1056%)
entry 4027000/4058296 (99.2288%)
entry 4028000/4058296 (99.2535%)
entry 4029000/4058296 (99.2781%)
entry 4031000/4058296 (99.3274%)
entry 4034000/4058296 (99.4013%)
entry 4036000/4058296 (99.4506%)
entry 4038000/4058296 (99.4999%)
entry 4043000/4058296 (99.6231%)
entry 4048000/4058296 (99.7463%)
entry 4050000/4058296 (99.7956%)
entry 4053000/4058296 (99.8695%)
entry 4054000/4058296 (99.8941%)
entry 4057000/4058296 (99.9681%)
all done
script done
