sphnx1020.sdcc.bnl.gov
rsyncing from /gpfs/mnt/gpfs02/sphenix/user/samfred/run25/ppg11/histmaking
running: /gpfs/mnt/gpfs02/sphenix/user/samfred/run25/ppg11/histmaking/script_data.sh 48398
LD_LIBRARY_PATH now /sphenix/user/samfred/run25/install//lib:/cvmfs/sphenix.sdcc.bnl.gov/alma9.2-gcc-14.2.0/opt/sphenix/core/gcc/14.2.0-2f0a0/x86_64-el9/lib:/cvmfs/sphenix.sdcc.bnl.gov/alma9.2-gcc-14.2.0/opt/sphenix/core/gcc/14.2.0-2f0a0/x86_64-el9/lib64:/cvmfs/sphenix.sdcc.bnl.gov/alma9.2-gcc-14.2.0/opt/sphenix/core/binutils/2.40-acaab/x86_64-el9/lib:.:/cvmfs/sphenix.sdcc.bnl.gov/alma9.2-gcc-14.2.0/release/release_new/new.10/lib64:/cvmfs/sphenix.sdcc.bnl.gov/alma9.2-gcc-14.2.0/release/release_new/new.10/lib:/cvmfs/sphenix.sdcc.bnl.gov/alma9.2-gcc-14.2.0/opt/sphenix/utils/lib:/cvmfs/sphenix.sdcc.bnl.gov/alma9.2-gcc-14.2.0/opt/sphenix/core/lib:/cvmfs/sphenix.sdcc.bnl.gov/alma9.2-gcc-14.2.0/opt/sphenix/core/root-6.32.06/lib:/cvmfs/sphenix.sdcc.bnl.gov/alma9.2-gcc-14.2.0/opt/sphenix/core/geant4.10.07.p04/lib64:/cvmfs/sphenix.sdcc.bnl.gov/alma9.2-gcc-14.2.0/opt/sphenix/core/lhapdf-5.9.1/lib:/usr/local/lib64:/usr/lib64
PATH now /sphenix/user/samfred/run25/install//bin:/cvmfs/sphenix.sdcc.bnl.gov/alma9.2-gcc-14.2.0/opt/sphenix/core/gcc/14.2.0-2f0a0/x86_64-el9/bin:/cvmfs/sphenix.sdcc.bnl.gov/alma9.2-gcc-14.2.0/opt/sphenix/core/binutils/2.40-acaab/x86_64-el9/bin:.:/cvmfs/sphenix.sdcc.bnl.gov/alma9.2-gcc-14.2.0/release/release_new/new.10/bin:/cvmfs/sphenix.sdcc.bnl.gov/alma9.2-gcc-14.2.0/opt/sphenix/utils/bin:/cvmfs/sphenix.sdcc.bnl.gov/alma9.2-gcc-14.2.0/opt/sphenix/core/bin:/cvmfs/sphenix.sdcc.bnl.gov/alma9.2-gcc-14.2.0/opt/sphenix/core/root-6.32.06/bin:/cvmfs/sphenix.sdcc.bnl.gov/alma9.2-gcc-14.2.0/opt/sphenix/core/geant4.10.07.p04/bin:/usr/local/bin:/usr/bin:/usr/local/sbin:/usr/sbin
SINGULARITY_CACHEDIR=/home/condor/local/sphnx/execute/dir_1741327
_CONDOR_CHIRP_CONFIG=/home/condor/local/sphnx/execute/dir_1741327/.chirp.config
_CONDOR_JOB_IWD=/sphenix/user/samfred/run25/ppg11/histmaking
G4ENSDFSTATEDATA=/cvmfs/sphenix.sdcc.bnl.gov/alma9.2-gcc-14.2.0/opt/sphenix/core/geant4.10.07.p04/share/Geant4-10.7.4/data/G4ENSDFSTATE2.3
_CONDOR_MACHINE_AD=/home/condor/local/sphnx/execute/dir_1741327/.machine.ad
ROOT_MAX_THREADS=1
NUMEXPR_NUM_THREADS=1
CUBACORES=1
_CHIRP_DELAYED_UPDATE_PREFIX=Chirp*
OMP_THREAD_LIMIT=1
G4PIIDATA=/cvmfs/sphenix.sdcc.bnl.gov/alma9.2-gcc-14.2.0/opt/sphenix/core/geant4.10.07.p04/share/Geant4-10.7.4/data/G4PII1.3
NO_AT_BRIDGE=1
G4_MAIN=/cvmfs/sphenix.sdcc.bnl.gov/alma9.2-gcc-14.2.0/opt/sphenix/core/geant4.10.07.p04
COMPILER_PATH=/cvmfs/sphenix.sdcc.bnl.gov/alma9.2-gcc-14.2.0/opt/sphenix/core/gcc/14.2.0-2f0a0/x86_64-el9
ROOT_INCLUDE_PATH=./:/sphenix/user/samfred/run25/install//include:/sphenix/user/samfred/run25/install//include/caloana:/sphenix/user/samfred/run25/install//include/qa_centrality:/sphenix/user/samfred/run25/install//include/mbdana:/sphenix/user/samfred/run25/install//include/centrality:/sphenix/user/samfred/run25/install//include/Event:/cvmfs/sphenix.sdcc.bnl.gov/alma9.2-gcc-14.2.0/release/release_new/new.10/include:/cvmfs/sphenix.sdcc.bnl.gov/alma9.2-gcc-14.2.0/release/release_new/new.10/include:/cvmfs/sphenix.sdcc.bnl.gov/alma9.2-gcc-14.2.0/release/release_new/new.10/include/g4mbd:/cvmfs/sphenix.sdcc.bnl.gov/alma9.2-gcc-14.2.0/release/release_new/new.10/include/fmt:/cvmfs/sphenix.sdcc.bnl.gov/alma9.2-gcc-14.2.0/release/release_new/new.10/include/ffarawobjects:/cvmfs/sphenix.sdcc.bnl.gov/alma9.2-gcc-14.2.0/release/release_new/new.10/include/JSON:/cvmfs/sphenix.sdcc.bnl.gov/alma9.2-gcc-14.2.0/release/release_new/new.10/include/calotreegen:/cvmfs/sphenix.sdcc.bnl.gov/alma9.2-gcc-14.2.0/release/release_new/new.10/include/torch:/cvmfs/sphenix.sdcc.bnl.gov/alma9.2-gcc-14.2.0/release/release_new/new.10/include/g4detectors:/cvmfs/sphenix.sdcc.bnl.gov/alma9.2-gcc-14.2.0/release/release_new/new.10/include/kineto:/cvmfs/sphenix.sdcc.bnl.gov/alma9.2-gcc-14.2.0/release/release_new/new.10/include/g4decayer:/cvmfs/sphenix.sdcc.bnl.gov/alma9.2-gcc-14.2.0/release/release_new/new.10/include/kfparticleqa:/cvmfs/sphenix.sdcc.bnl.gov/alma9.2-gcc-14.2.0/release/release_new/new.10/include/phfield:/cvmfs/sphenix.sdcc.bnl.gov/alma9.2-gcc-14.2.0/release/release_new/new.10/include/LHAPDF:/cvmfs/sphenix.sdcc.bnl.gov/alma9.2-gcc-14.2.0/release/release_new/new.10/include/readdigitalcurrents:/cvmfs/sphenix.sdcc.bnl.gov/alma9.2-gcc-14.2.0/release/release_new/new.10/include/c10:/cvmfs/sphenix.sdcc.bnl.gov/alma9.2-gcc-14.2.0/release/release_new/new.10/include/calovalid:/cvmfs/sphenix.sdcc.bnl.gov/alma9.2-gcc-14.2.0/release/release_new/new.10/include/oneapi:/cvmfs/sphenix.sdcc.bnl.gov/alma9.2-gcc-14.2.0/release/release_new/new.10/include/DDCond:/cvmfs/sphenix.sdcc.bnl.gov/alma9.2-gcc-14.2.0/release/release_new/new.10/include/g4tracking:/cvmfs/sphenix.sdcc.bnl.gov/alma9.2-gcc-14.2.0/release/release_new/new.10/include/litecaloeval:/cvmfs/sphenix.sdcc.bnl.gov/alma9.2-gcc-14.2.0/release/release_new/new.10/include/g4intt:/cvmfs/sphenix.sdcc.bnl.gov/alma9.2-gcc-14.2.0/release/release_new/new.10/include/phool:/cvmfs/sphenix.sdcc.bnl.gov/alma9.2-gcc-14.2.0/release/release_new/new.10/include/boost:/cvmfs/sphenix.sdcc.bnl.gov/alma9.2-gcc-14.2.0/release/release_new/new.10/include/Pythia8Plugins:/cvmfs/sphenix.sdcc.bnl.gov/alma9.2-gcc-14.2.0/release/release_new/new.10/include/calib_emc_pi0:/cvmfs/sphenix.sdcc.bnl.gov/alma9.2-gcc-14.2.0/release/release_new/new.10/include/hijingflipafterburner:/cvmfs/sphenix.sdcc.bnl.gov/alma9.2-gcc-14.2.0/release/release_new/new.10/include/ffaobjects:/cvmfs/sphenix.sdcc.bnl.gov/alma9.2-gcc-14.2.0/release/release_new/new.10/include/EvtGenBase:/cvmfs/sphenix.sdcc.bnl.gov/alma9.2-gcc-14.2.0/release/release_new/new.10/include/flowafterburner:/cvmfs/sphenix.sdcc.bnl.gov/alma9.2-gcc-14.2.0/release/release_new/new.10/include/google:/cvmfs/sphenix.sdcc.bnl.gov/alma9.2-gcc-14.2.0/release/release_new/new.10/include/g4tpc:/cvmfs/sphenix.sdcc.bnl.gov/alma9.2-gcc-14.2.0/release/release_new/new.10/include/caffe2:/cvmfs/sphenix.sdcc.bnl.gov/alma9.2-gcc-14.2.0/release/release_new/new.10/include/EvtGenExternal:/cvmfs/sphenix.sdcc.bnl.gov/alma9.2-gcc-14.2.0/release/release_new/new.10/include/fp16:/cvmfs/sphenix.sdcc.bnl.gov/alma9.2-gcc-14.2.0/release/release_new/new.10/include/ffamodules:/cvmfs/sphenix.sdcc.bnl.gov/alma9.2-gcc-14.2.0/release/release_new/new.10/include/uspin:/cvmfs/sphenix.sdcc.bnl.gov/alma9.2-gcc-14.2.0/release/release_new/new.10/include/Herwig:/cvmfs/sphenix.sdcc.bnl.gov/alma9.2-gcc-14.2.0/release/release_new/new.10/include/genfitexp:/cvmfs/sphenix.sdcc.bnl.gov/alma9.2-gcc-14.2.0/release/release_new/new.10/include/XML:/cvmfs/sphenix.sdcc.bnl.gov/alma9.2-gcc-14.2.0/release/release_new/new.10/include/fbgemm:/cvmfs/sphenix.sdcc.bnl.gov/alma9.2-gcc-14.2.0/release/release_new/new.10/include/DDAlign:/cvmfs/sphenix.sdcc.bnl.gov/alma9.2-gcc-14.2.0/release/release_new/new.10/include/g4mvtx:/cvmfs/sphenix.sdcc.bnl.gov/alma9.2-gcc-14.2.0/release/release_new/new.10/include/kfparticle_sphenix:/cvmfs/sphenix.sdcc.bnl.gov/alma9.2-gcc-14.2.0/release/release_new/new.10/include/fun4all:/cvmfs/sphenix.sdcc.bnl.gov/alma9.2-gcc-14.2.0/release/release_new/new.10/include/intt:/cvmfs/sphenix.sdcc.bnl.gov/alma9.2-gcc-14.2.0/release/release_new/new.10/include/eventdisplay:/cvmfs/sphenix.sdcc.bnl.gov/alma9.2-gcc-14.2.0/release/release_new/new.10/include/EvtGen:/cvmfs/sphenix.sdcc.bnl.gov/alma9.2-gcc-14.2.0/release/release_new/new.10/include/Evaluator:/cvmfs/sphenix.sdcc.bnl.gov/alma9.2-gcc-14.2.0/release/release_new/new.10/include/tpc:/cvmfs/sphenix.sdcc.bnl.gov/alma9.2-gcc-14.2.0/release/release_new/new.10/include/GenFit:/cvmfs/sphenix.sdcc.bnl.gov/alma9.2-gcc-14.2.0/release/release_new/new.10/include/prototype4:/cvmfs/sphenix.sdcc.bnl.gov/alma9.2-gcc-14.2.0/release/release_new/new.10/include/caloembedding:/cvmfs/sphenix.sdcc.bnl.gov/alma9.2-gcc-14.2.0/release/release_new/new.10/include/EvtGenModels:/cvmfs/sphenix.sdcc.bnl.gov/alma9.2-gcc-14.2.0/release/release_new/new.10/include/fastjet:/cvmfs/sphenix.sdcc.bnl.gov/alma9.2-gcc-14.2.0/release/release_new/new.10/include/DDG4:/cvmfs/sphenix.sdcc.bnl.gov/alma9.2-gcc-14.2.0/release/release_new/new.10/include/mbd:/cvmfs/sphenix.sdcc.bnl.gov/alma9.2-gcc-14.2.0/release/release_new/new.10/include/tbb:/cvmfs/sphenix.sdcc.bnl.gov/alma9.2-gcc-14.2.0/release/release_new/new.10/include/phgeom:/cvmfs/sphenix.sdcc.bnl.gov/alma9.2-gcc-14.2.0/release/release_new/new.10/include/g4epd:/cvmfs/sphenix.sdcc.bnl.gov/alma9.2-gcc-14.2.0/release/release_new/new.10/include/oncal:/cvmfs/sphenix.sdcc.bnl.gov/alma9.2-gcc-14.2.0/release/release_new/new.10/include/pybind11:/cvmfs/sphenix.sdcc.bnl.gov/alma9.2-gcc-14.2.0/release/release_new/new.10/include/tpcdistgenerator:/cvmfs/sphenix.sdcc.bnl.gov/alma9.2-gcc-14.2.0/release/release_new/new.10/include/cdbobjects:/cvmfs/sphenix.sdcc.bnl.gov/alma9.2-gcc-14.2.0/release/release_new/new.10/include/g4micromegas:/cvmfs/sphenix.sdcc.bnl.gov/alma9.2-gcc-14.2.0/release/release_new/new.10/include/g4eval:/cvmfs/sphenix.sdcc.bnl.gov/alma9.2-gcc-14.2.0/release/release_new/new.10/include/jetbackground:/cvmfs/sphenix.sdcc.bnl.gov/alma9.2-gcc-14.2.0/release/release_new/new.10/include/micromegas:/cvmfs/sphenix.sdcc.bnl.gov/alma9.2-gcc-14.2.0/release/release_new/new.10/include/hftrackefficiency:/cvmfs/sphenix.sdcc.bnl.gov/alma9.2-gcc-14.2.0/release/release_new/new.10/include/inttrawhitqa:/cvmfs/sphenix.sdcc.bnl.gov/alma9.2-gcc-14.2.0/release/release_new/new.10/include/centrality:/cvmfs/sphenix.sdcc.bnl.gov/alma9.2-gcc-14.2.0/release/release_new/new.10/include/epd:/cvmfs/sphenix.sdcc.bnl.gov/alma9.2-gcc-14.2.0/release/release_new/new.10/include/caloreco:/cvmfs/sphenix.sdcc.bnl.gov/alma9.2-gcc-14.2.0/release/release_new/new.10/include/HepMC:/cvmfs/sphenix.sdcc.bnl.gov/alma9.2-gcc-14.2.0/release/release_new/new.10/include/CLHEP:/cvmfs/sphenix.sdcc.bnl.gov/alma9.2-gcc-14.2.0/release/release_new/new.10/include/Acts:/cvmfs/sphenix.sdcc.bnl.gov/alma9.2-gcc-14.2.0/release/release_new/new.10/include/g4histos:/cvmfs/sphenix.sdcc.bnl.gov/alma9.2-gcc-14.2.0/release/release_new/new.10/include/eventplaneinfo:/cvmfs/sphenix.sdcc.bnl.gov/alma9.2-gcc-14.2.0/release/release_new/new.10/include/fillspacechargemaps:/cvmfs/sphenix.sdcc.bnl.gov/alma9.2-gcc-14.2.0/release/release_new/new.10/include/phhepmc:/cvmfs/sphenix.sdcc.bnl.gov/alma9.2-gcc-14.2.0/release/release_new/new.10/include/trackingqa:/cvmfs/sphenix.sdcc.bnl.gov/alma9.2-gcc-14.2.0/release/release_new/new.10/include/qautils:/cvmfs/sphenix.sdcc.bnl.gov/alma9.2-gcc-14.2.0/release/release_new/new.10/include/trackreco:/cvmfs/sphenix.sdcc.bnl.gov/alma9.2-gcc-14.2.0/release/release_new/new.10/include/g4ohcal:/cvmfs/sphenix.sdcc.bnl.gov/alma9.2-gcc-14.2.0/release/release_new/new.10/include/tpcdvcalib:/cvmfs/sphenix.sdcc.bnl.gov/alma9.2-gcc-14.2.0/release/release_new/new.10/include/zdcinfo:/cvmfs/sphenix.sdcc.bnl.gov/alma9.2-gcc-14.2.0/release/release_new/new.10/include/phpythia8:/cvmfs/sphenix.sdcc.bnl.gov/alma9.2-gcc-14.2.0/release/release_new/new.10/include/fun4allutils:/cvmfs/sphenix.sdcc.bnl.gov/alma9.2-gcc-14.2.0/release/release_new/new.10/include/tpcqa:/cvmfs/sphenix.sdcc.bnl.gov/alma9.2-gcc-14.2.0/release/release_new/new.10/include/Pythia8:/cvmfs/sphenix.sdcc.bnl.gov/alma9.2-gcc-14.2.0/release/release_new/new.10/include/DDRec:/cvmfs/sphenix.sdcc.bnl.gov/alma9.2-gcc-14.2.0/release/release_new/new.10/include/DDDigi:/cvmfs/sphenix.sdcc.bnl.gov/alma9.2-gcc-14.2.0/release/release_new/new.10/include/g4ihcal:/cvmfs/sphenix.sdcc.bnl.gov/alma9.2-gcc-14.2.0/release/release_new/new.10/include/frog:/cvmfs/sphenix.sdcc.bnl.gov/alma9.2-gcc-14.2.0/release/release_new/new.10/include/eigen3:/cvmfs/sphenix.sdcc.bnl.gov/alma9.2-gcc-14.2.0/release/release_new/new.10/include/tensorpipe:/cvmfs/sphenix.sdcc.bnl.gov/alma9.2-gcc-14.2.0/release/release_new/new.10/include/sphenixnpc:/cvmfs/sphenix.sdcc.bnl.gov/alma9.2-gcc-14.2.0/release/release_new/new.10/include/siscone:/cvmfs/sphenix.sdcc.bnl.gov/alma9.2-gcc-14.2.0/release/release_new/new.10/include/pmonitor:/cvmfs/sphenix.sdcc.bnl.gov/alma9.2-gcc-14.2.0/release/release_new/new.10/include/calobase:/cvmfs/sphenix.sdcc.bnl.gov/alma9.2-gcc-14.2.0/release/release_new/new.10/include/ActsExamples:/cvmfs/sphenix.sdcc.bnl.gov/alma9.2-gcc-14.2.0/release/release_new/new.10/include/g4gdml:/cvmfs/sphenix.sdcc.bnl.gov/alma9.2-gcc-14.2.0/release/release_new/new.10/include/mvtx_decoder:/cvmfs/sphenix.sdcc.bnl.gov/alma9.2-gcc-14.2.0/release/release_new/new.10/include/ROOT:/cvmfs/sphenix.sdcc.bnl.gov/alma9.2-gcc-14.2.0/release/release_new/new.10/include/phparameter:/cvmfs/sphenix.sdcc.bnl.gov/alma9.2-gcc-14.2.0/release/release_new/new.10/include/rsa:/cvmfs/sphenix.sdcc.bnl.gov/alma9.2-gcc-14.2.0/release/release_new/new.10/include/fun4allraw:/cvmfs/sphenix.sdcc.bnl.gov/alma9.2-gcc-14.2.0/release/release_new/new.10/include/trackbase_historic:/cvmfs/sphenix.sdcc.bnl.gov/alma9.2-gcc-14.2.0/release/release_new/new.10/include/g4jets:/cvmfs/sphenix.sdcc.bnl.gov/alma9.2-gcc-14.2.0/release/release_new/new.10/include/jetqa:/cvmfs/sphenix.sdcc.bnl.gov/alma9.2-gcc-14.2.0/release/release_new/new.10/include/phoolraw:/cvmfs/sphenix.sdcc.bnl.gov/alma9.2-gcc-14.2.0/release/release_new/new.10/include/g4calo:/cvmfs/sphenix.sdcc.bnl.gov/alma9.2-gcc-14.2.0/release/release_new/new.10/include/mvtxrawhitqa:/cvmfs/sphenix.sdcc.bnl.gov/alma9.2-gcc-14.2.0/release/release_new/new.10/include/HepMC3:/cvmfs/sphenix.sdcc.bnl.gov/alma9.2-gcc-14.2.0/release/release_new/new.10/include/calowaveformsim:/cvmfs/sphenix.sdcc.bnl.gov/alma9.2-gcc-14.2.0/release/release_new/new.10/include/g4caloprototype:/cvmfs/sphenix.sdcc.bnl.gov/alma9.2-gcc-14.2.0/release/release_new/new.10/include/pdbcalbase:/cvmfs/sphenix.sdcc.bnl.gov/alma9.2-gcc-14.2.0/release/release_new/new.10/include/gsl:/cvmfs/sphenix.sdcc.bnl.gov/alma9.2-gcc-14.2.0/release/release_new/new.10/include/nodedump:/cvmfs/sphenix.sdcc.bnl.gov/alma9.2-gcc-14.2.0/release/release_new/new.10/include/emcnoisytowerfinder:/cvmfs/sphenix.sdcc.bnl.gov/alma9.2-gcc-14.2.0/release/release_new/new.10/include/ActsFatras:/cvmfs/sphenix.sdcc.bnl.gov/alma9.2-gcc-14.2.0/release/release_new/new.10/include/ffarawmodules:/cvmfs/sphenix.sdcc.bnl.gov/alma9.2-gcc-14.2.0/release/release_new/new.10/include/Event:/cvmfs/sphenix.sdcc.bnl.gov/alma9.2-gcc-14.2.0/release/release_new/new.10/include/prototype3:/cvmfs/sphenix.sdcc.bnl.gov/alma9.2-gcc-14.2.0/release/release_new/new.10/include/fermimotionafterburner:/cvmfs/sphenix.sdcc.bnl.gov/alma9.2-gcc-14.2.0/release/release_new/new.10/include/Photos:/cvmfs/sphenix.sdcc.bnl.gov/alma9.2-gcc-14.2.0/release/release_new/new.10/include/xingshiftcal:/cvmfs/sphenix.sdcc.bnl.gov/alma9.2-gcc-14.2.0/release/release_new/new.10/include/trackbase:/cvmfs/sphenix.sdcc.bnl.gov/alma9.2-gcc-14.2.0/release/release_new/new.10/include/jetdstskimmer:/cvmfs/sphenix.sdcc.bnl.gov/alma9.2-gcc-14.2.0/release/release_new/new.10/include/clusteriso:/cvmfs/sphenix.sdcc.bnl.gov/alma9.2-gcc-14.2.0/release/release_new/new.10/include/asmjit:/cvmfs/sphenix.sdcc.bnl.gov/alma9.2-gcc-14.2.0/release/release_new/new.10/include/particleflowreco:/cvmfs/sphenix.sdcc.bnl.gov/alma9.2-gcc-14.2.0/release/release_new/new.10/include/tpchittrackdisplay:/cvmfs/sphenix.sdcc.bnl.gov/alma9.2-gcc-14.2.0/release/release_new/new.10/include/caloana:/cvmfs/sphenix.sdcc.bnl.gov/alma9.2-gcc-14.2.0/release/release_new/new.10/include/calotrigger:/cvmfs/sphenix.sdcc.bnl.gov/alma9.2-gcc-14.2.0/release/release_new/new.10/include/nopayloadclient:/cvmfs/sphenix.sdcc.bnl.gov/alma9.2-gcc-14.2.0/release/release_new/new.10/include/trackermillepedealignment:/cvmfs/sphenix.sdcc.bnl.gov/alma9.2-gcc-14.2.0/release/release_new/new.10/include/DD4hep:/cvmfs/sphenix.sdcc.bnl.gov/alma9.2-gcc-14.2.0/release/release_new/new.10/include/g4trackfastsim:/cvmfs/sphenix.sdcc.bnl.gov/alma9.2-gcc-14.2.0/release/release_new/new.10/include/prototype2:/cvmfs/sphenix.sdcc.bnl.gov/alma9.2-gcc-14.2.0/release/release_new/new.10/include/ATen:/cvmfs/sphenix.sdcc.bnl.gov/alma9.2-gcc-14.2.0/release/release_new/new.10/include/g4main:/cvmfs/sphenix.sdcc.bnl.gov/alma9.2-gcc-14.2.0/release/release_new/new.10/include/Tauola:/cvmfs/sphenix.sdcc.bnl.gov/alma9.2-gcc-14.2.0/release/release_new/new.10/include/inttcalib:/cvmfs/sphenix.sdcc.bnl.gov/alma9.2-gcc-14.2.0/release/release_new/new.10/include/reactionplaneafterburner:/cvmfs/sphenix.sdcc.bnl.gov/alma9.2-gcc-14.2.0/release/release_new/new.10/include/globalqa:/cvmfs/sphenix.sdcc.bnl.gov/alma9.2-gcc-14.2.0/release/release_new/new.10/include/tpccalib:/cvmfs/sphenix.sdcc.bnl.gov/alma9.2-gcc-14.2.0/release/release_new/new.10/include/DDSegmentation:/cvmfs/sphenix.sdcc.bnl.gov/alma9.2-gcc-14.2.0/release/release_new/new.10/include/decayfinder:/cvmfs/sphenix.sdcc.bnl.gov/alma9.2-gcc-14.2.0/release/release_new/new.10/include/compressclus:/cvmfs/sphenix.sdcc.bnl.gov/alma9.2-gcc-14.2.0/release/release_new/new.10/include/simqa_modules:/cvmfs/sphenix.sdcc.bnl.gov/alma9.2-gcc-14.2.0/release/release_new/new.10/include/resonancejettagging:/cvmfs/sphenix.sdcc.bnl.gov/alma9.2-gcc-14.2.0/release/release_new/new.10/include/g4centrality:/cvmfs/sphenix.sdcc.bnl.gov/alma9.2-gcc-14.2.0/release/release_new/new.10/include/mvtx:/cvmfs/sphenix.sdcc.bnl.gov/alma9.2-gcc-14.2.0/release/release_new/new.10/include/nlohmann:/cvmfs/sphenix.sdcc.bnl.gov/alma9.2-gcc-14.2.0/release/release_new/new.10/include/localpoloffmon:/cvmfs/sphenix.sdcc.bnl.gov/alma9.2-gcc-14.2.0/release/release_new/new.10/include/DDEve:/cvmfs/sphenix.sdcc.bnl.gov/alma9.2-gcc-14.2.0/release/release_new/new.10/include/Parsers:/cvmfs/sphenix.sdcc.bnl.gov/alma9.2-gcc-14.2.0/release/release_new/new.10/include/trackingdiagnostics:/cvmfs/sphenix.sdcc.bnl.gov/alma9.2-gcc-14.2.0/release/release_new/new.10/include/g4vertex:/cvmfs/sphenix.sdcc.bnl.gov/alma9.2-gcc-14.2.0/release/release_new/new.10/include/jetbase:/cvmfs/sphenix.sdcc.bnl.gov/alma9.2-gcc-14.2.0/release/release_new/new.10/include/globalvertex:/cvmfs/sphenix.sdcc.bnl.gov/alma9.2-gcc-14.2.0/release/release_new/new.10/include/phgenfit:/cvmfs/sphenix.sdcc.bnl.gov/alma9.2-gcc-14.2.0/release/release_new/new.10/include/rawbcolumi:/cvmfs/sphenix.sdcc.bnl.gov/alma9.2-gcc-14.2.0/release/release_new/new.10/include/eicsmear:/cvmfs/sphenix.sdcc.bnl.gov/alma9.2-gcc-14.2.0/release/release_new/new.10/include/mvtxcalib:/cvmfs/sphenix.sdcc.bnl.gov/alma9.2-gcc-14.2.0/release/release_new/new.10/include/tpclinelaserdiode:/cvmfs/sphenix.sdcc.bnl.gov/alma9.2-gcc-14.2.0/release/release_new/new.10/include/hepmcjettrigger:/cvmfs/sphenix.sdcc.bnl.gov/alma9.2-gcc-14.2.0/release/release_new/new.10/include/core:/cvmfs/sphenix.sdcc.bnl.gov/alma9.2-gcc-14.2.0/release/release_new/new.10/include/calo_cdb:/cvmfs/sphenix.sdcc.bnl.gov/alma9.2-gcc-14.2.0/release/release_new/new.10/include/mvtxclustershapesqa:/cvmfs/sphenix.sdcc.bnl.gov/alma9.2-gcc-14.2.0/release/release_new/new.10/include/calopacketskimmer:/cvmfs/sphenix.sdcc.bnl.gov/alma9.2-gcc-14.2.0/opt/sphenix/core/geant4.10.07.p04/include:/cvmfs/sphenix.sdcc.bnl.gov/alma9.2-gcc-14.2.0/release/release_new/new.10/rootmacros:/cvmfs/sphenix.sdcc.bnl.gov/alma9.2-gcc-14.2.0/opt/sphenix/core/include
GSEARCHPATH=.:PG:LUSTRE:RAWDATA
PWD=/gpfs/mnt/gpfs02/sphenix/user/samfred/run25/ppg11/histmaking
LOGNAME=samfred
_CONDOR_JOB_AD=/home/condor/local/sphnx/execute/dir_1741327/.job.ad
MANPATH=/cvmfs/sphenix.sdcc.bnl.gov/alma9.2-gcc-14.2.0/opt/sphenix/core/gcc/14.2.0-2f0a0/x86_64-el9/share/man:/cvmfs/sphenix.sdcc.bnl.gov/alma9.2-gcc-14.2.0/opt/sphenix/core/binutils/2.40-acaab/x86_64-el9/share/man:/cvmfs/sphenix.sdcc.bnl.gov/alma9.2-gcc-14.2.0/release/release_new/new.10/share/man:/cvmfs/sphenix.sdcc.bnl.gov/alma9.2-gcc-14.2.0/opt/sphenix/utils/share/man:/cvmfs/sphenix.sdcc.bnl.gov/alma9.2-gcc-14.2.0/opt/sphenix/core/share/man:/cvmfs/sphenix.sdcc.bnl.gov/alma9.2-gcc-14.2.0/opt/sphenix/core/root-6.32.06/man:/usr/local/share/man:/usr/share/man
PYTHIA8=/cvmfs/sphenix.sdcc.bnl.gov/alma9.2-gcc-14.2.0/release/release_new/new.10/share/Pythia8
G4INCLDATA=/cvmfs/sphenix.sdcc.bnl.gov/alma9.2-gcc-14.2.0/opt/sphenix/core/geant4.10.07.p04/share/Geant4-10.7.4/data/G4INCL1.0
ORIG_PATH=/usr/local/bin:/usr/bin
CXX=/cvmfs/sphenix.sdcc.bnl.gov/alma9.2-gcc-14.2.0/opt/sphenix/core/gcc/14.2.0-2f0a0/x86_64-el9/bin/g++
G4LEDATA=/cvmfs/sphenix.sdcc.bnl.gov/alma9.2-gcc-14.2.0/opt/sphenix/core/geant4.10.07.p04/share/Geant4-10.7.4/data/G4EMLOW7.13
PYTHON_CPU_COUNT=1
OPENBLAS_NUM_THREADS=1
_CONDOR_BIN=/usr/bin
HOME=/sphenix/u/samfred
G4PARTICLEXSDATA=/cvmfs/sphenix.sdcc.bnl.gov/alma9.2-gcc-14.2.0/opt/sphenix/core/geant4.10.07.p04/share/Geant4-10.7.4/data/G4PARTICLEXS3.1.1
ONLINE_MAIN=/cvmfs/sphenix.sdcc.bnl.gov/alma9.2-gcc-14.2.0/release/release_new/new.10
CALIBRATIONROOT=/cvmfs/sphenix.sdcc.bnl.gov/alma9.2-gcc-14.2.0/release/release_new/new.10/share/calibrations
TMPDIR=/tmp
_CONDOR_SCRATCH_DIR=/home/condor/local/sphnx/execute/dir_1741327
PGUSER=phnxrc
NOPAYLOADCLIENT_CONF=/cvmfs/sphenix.sdcc.bnl.gov/alma9.2-gcc-14.2.0/opt/sphenix/core/etc/sPHENIX_newcdb.json
_CONDOR_ANCESTOR_1741327=1741793:1759352688:451010421
XERCESCROOT=/cvmfs/sphenix.sdcc.bnl.gov/alma9.2-gcc-14.2.0/opt/sphenix/core/geant4.10.07.p04
LHAPATH=/cvmfs/sphenix.sdcc.bnl.gov/alma9.2-gcc-14.2.0/opt/sphenix/core/lhapdf-5.9.1/share/lhapdf/PDFsets
_CONDOR_ANCESTOR_309121=1741327:1759352688:829669727
G4NEUTRONHPDATA=/cvmfs/sphenix.sdcc.bnl.gov/alma9.2-gcc-14.2.0/opt/sphenix/core/geant4.10.07.p04/share/Geant4-10.7.4/data/G4NDL4.6
PYTHONPATH=.:/cvmfs/sphenix.sdcc.bnl.gov/alma9.2-gcc-14.2.0/release/release_new/new.10/lib/python3.13/site-packages:/cvmfs/sphenix.sdcc.bnl.gov/alma9.2-gcc-14.2.0/opt/sphenix/core/lib/python3.13/site-packages:/cvmfs/sphenix.sdcc.bnl.gov/alma9.2-gcc-14.2.0/opt/sphenix/core/root-6.32.06/lib
USER=samfred
_CONDOR_JOB_PIDS=
TEMP=/tmp
GOMAXPROCS=1
OFFLINE_MAIN=/cvmfs/sphenix.sdcc.bnl.gov/alma9.2-gcc-14.2.0/release/release_new/new.10
SHLVL=1
TF_NUM_THREADS=1
G4SAIDXSDATA=/cvmfs/sphenix.sdcc.bnl.gov/alma9.2-gcc-14.2.0/opt/sphenix/core/geant4.10.07.p04/share/Geant4-10.7.4/data/G4SAIDDATA2.0
APPTAINER_CACHEDIR=/home/condor/local/sphnx/execute/dir_1741327
ROOTSYS=/cvmfs/sphenix.sdcc.bnl.gov/alma9.2-gcc-14.2.0/opt/sphenix/core/root-6.32.06
BATCH_SYSTEM=HTCondor
_CONDOR_SLOT=slot1_9
LD_LIBRARY_PATH=/sphenix/user/samfred/run25/install//lib:/cvmfs/sphenix.sdcc.bnl.gov/alma9.2-gcc-14.2.0/opt/sphenix/core/gcc/14.2.0-2f0a0/x86_64-el9/lib:/cvmfs/sphenix.sdcc.bnl.gov/alma9.2-gcc-14.2.0/opt/sphenix/core/gcc/14.2.0-2f0a0/x86_64-el9/lib64:/cvmfs/sphenix.sdcc.bnl.gov/alma9.2-gcc-14.2.0/opt/sphenix/core/binutils/2.40-acaab/x86_64-el9/lib:.:/cvmfs/sphenix.sdcc.bnl.gov/alma9.2-gcc-14.2.0/release/release_new/new.10/lib64:/cvmfs/sphenix.sdcc.bnl.gov/alma9.2-gcc-14.2.0/release/release_new/new.10/lib:/cvmfs/sphenix.sdcc.bnl.gov/alma9.2-gcc-14.2.0/opt/sphenix/utils/lib:/cvmfs/sphenix.sdcc.bnl.gov/alma9.2-gcc-14.2.0/opt/sphenix/core/lib:/cvmfs/sphenix.sdcc.bnl.gov/alma9.2-gcc-14.2.0/opt/sphenix/core/root-6.32.06/lib:/cvmfs/sphenix.sdcc.bnl.gov/alma9.2-gcc-14.2.0/opt/sphenix/core/geant4.10.07.p04/lib64:/cvmfs/sphenix.sdcc.bnl.gov/alma9.2-gcc-14.2.0/opt/sphenix/core/lhapdf-5.9.1/lib:/usr/local/lib64:/usr/lib64
OPT_SPHENIX=/cvmfs/sphenix.sdcc.bnl.gov/alma9.2-gcc-14.2.0/opt/sphenix/core
TF_LOOP_PARALLEL_ITERATIONS=1
EVT_LIB=/cvmfs/sphenix.sdcc.bnl.gov/alma9.2-gcc-14.2.0/opt/sphenix/core/root-6.32.06/lib
PGHOST=sphnxdbmaster.sdcc.bnl.gov
OMP_NUM_THREADS=1
G4REALSURFACEDATA=/cvmfs/sphenix.sdcc.bnl.gov/alma9.2-gcc-14.2.0/opt/sphenix/core/geant4.10.07.p04/share/Geant4-10.7.4/data/RealSurface2.2
FC=/cvmfs/sphenix.sdcc.bnl.gov/alma9.2-gcc-14.2.0/opt/sphenix/core/gcc/14.2.0-2f0a0/x86_64-el9/bin/gfortran
G4ABLADATA=/cvmfs/sphenix.sdcc.bnl.gov/alma9.2-gcc-14.2.0/opt/sphenix/core/geant4.10.07.p04/share/Geant4-10.7.4/data/G4ABLA3.1
PARASOFT=doesnotexist
TMP=/tmp
OPT_UTILS=/cvmfs/sphenix.sdcc.bnl.gov/alma9.2-gcc-14.2.0/opt/sphenix/utils
CONFIG_SITE=/cvmfs/sphenix.sdcc.bnl.gov/alma9.2-gcc-14.2.0/opt/sphenix/core/etc/config.site
PATH=/sphenix/user/samfred/run25/install//bin:/cvmfs/sphenix.sdcc.bnl.gov/alma9.2-gcc-14.2.0/opt/sphenix/core/gcc/14.2.0-2f0a0/x86_64-el9/bin:/cvmfs/sphenix.sdcc.bnl.gov/alma9.2-gcc-14.2.0/opt/sphenix/core/binutils/2.40-acaab/x86_64-el9/bin:.:/cvmfs/sphenix.sdcc.bnl.gov/alma9.2-gcc-14.2.0/release/release_new/new.10/bin:/cvmfs/sphenix.sdcc.bnl.gov/alma9.2-gcc-14.2.0/opt/sphenix/utils/bin:/cvmfs/sphenix.sdcc.bnl.gov/alma9.2-gcc-14.2.0/opt/sphenix/core/bin:/cvmfs/sphenix.sdcc.bnl.gov/alma9.2-gcc-14.2.0/opt/sphenix/core/root-6.32.06/bin:/cvmfs/sphenix.sdcc.bnl.gov/alma9.2-gcc-14.2.0/opt/sphenix/core/geant4.10.07.p04/bin:/usr/local/bin:/usr/bin:/usr/local/sbin:/usr/sbin
G4LEVELGAMMADATA=/cvmfs/sphenix.sdcc.bnl.gov/alma9.2-gcc-14.2.0/opt/sphenix/core/geant4.10.07.p04/share/Geant4-10.7.4/data/PhotonEvaporation5.7
_CONDOR_ANCESTOR_309086=309121:1756523314:106114711
CC=/cvmfs/sphenix.sdcc.bnl.gov/alma9.2-gcc-14.2.0/opt/sphenix/core/gcc/14.2.0-2f0a0/x86_64-el9/bin/gcc
G4RADIOACTIVEDATA=/cvmfs/sphenix.sdcc.bnl.gov/alma9.2-gcc-14.2.0/opt/sphenix/core/geant4.10.07.p04/share/Geant4-10.7.4/data/RadioactiveDecay5.6
JULIA_NUM_THREADS=1
MKL_NUM_THREADS=1
LHAPDF_DATA_PATH=/cvmfs/sphenix.sdcc.bnl.gov/alma9.2-gcc-14.2.0/release/release_new/new.10/share/LHAPDF
XPLOAD_CONFIG_DIR=/cvmfs/sphenix.sdcc.bnl.gov/alma9.2-gcc-14.2.0/opt/sphenix/core/etc
OLDPWD=/cvmfs/sphenix.sdcc.bnl.gov/alma9.2-gcc-14.2.0/release/release_new/new.10/geant4
_=/usr/bin/printenv
runnumber...
48398
trigger...

   ------------------------------------------------------------------
  | Welcome to ROOT 6.32.06                        https://root.cern |
  | (c) 1995-2024, The ROOT Team; conception: R. Brun, F. Rademakers |
  | Built for linuxx8664gcc on Dec 13 2024, 17:23:48                 |
  | From tags/6-32-06@6-32-06                                        |
  | With g++ (GCC) 14.2.0                                            |
  | Try '.help'/'.?', '.demo', '.license', '.credits', '.quit'/'.q'  |
   ------------------------------------------------------------------


Processing data_histmaker.C(48398)...
entry 5000/3342233 (0.149601%)
entry 10000/3342233 (0.299201%)
entry 11000/3342233 (0.329121%)
entry 17000/3342233 (0.508642%)
entry 18000/3342233 (0.538562%)
entry 23000/3342233 (0.688163%)
entry 25000/3342233 (0.748003%)
entry 27000/3342233 (0.807843%)
entry 30000/3342233 (0.897603%)
entry 33000/3342233 (0.987364%)
entry 34000/3342233 (1.01728%)
entry 37000/3342233 (1.10704%)
entry 38000/3342233 (1.13696%)
entry 45000/3342233 (1.34641%)
entry 48000/3342233 (1.43617%)
entry 51000/3342233 (1.52593%)
entry 53000/3342233 (1.58577%)
entry 56000/3342233 (1.67553%)
entry 58000/3342233 (1.73537%)
entry 61000/3342233 (1.82513%)
entry 64000/3342233 (1.91489%)
entry 66000/3342233 (1.97473%)
entry 67000/3342233 (2.00465%)
entry 74000/3342233 (2.21409%)
entry 77000/3342233 (2.30385%)
entry 78000/3342233 (2.33377%)
entry 80000/3342233 (2.39361%)
entry 83000/3342233 (2.48337%)
entry 84000/3342233 (2.51329%)
entry 91000/3342233 (2.72273%)
entry 92000/3342233 (2.75265%)
entry 93000/3342233 (2.78257%)
entry 100000/3342233 (2.99201%)
entry 102000/3342233 (3.05185%)
entry 107000/3342233 (3.20145%)
entry 108000/3342233 (3.23137%)
entry 112000/3342233 (3.35105%)
entry 114000/3342233 (3.41089%)
entry 118000/3342233 (3.53057%)
entry 119000/3342233 (3.56049%)
entry 120000/3342233 (3.59041%)
entry 122000/3342233 (3.65025%)
entry 125000/3342233 (3.74001%)
entry 126000/3342233 (3.76993%)
entry 133000/3342233 (3.97938%)
entry 137000/3342233 (4.09906%)
entry 138000/3342233 (4.12898%)
entry 142000/3342233 (4.24866%)
entry 145000/3342233 (4.33842%)
entry 147000/3342233 (4.39826%)
entry 155000/3342233 (4.63762%)
entry 156000/3342233 (4.66754%)
entry 159000/3342233 (4.7573%)
entry 163000/3342233 (4.87698%)
entry 164000/3342233 (4.9069%)
entry 166000/3342233 (4.96674%)
entry 174000/3342233 (5.2061%)
entry 175000/3342233 (5.23602%)
entry 179000/3342233 (5.3557%)
entry 180000/3342233 (5.38562%)
entry 183000/3342233 (5.47538%)
entry 188000/3342233 (5.62498%)
entry 191000/3342233 (5.71474%)
entry 192000/3342233 (5.74466%)
entry 193000/3342233 (5.77458%)
entry 195000/3342233 (5.83442%)
entry 198000/3342233 (5.92418%)
entry 200000/3342233 (5.98402%)
entry 201000/3342233 (6.01394%)
entry 207000/3342233 (6.19346%)
entry 208000/3342233 (6.22338%)
entry 212000/3342233 (6.34306%)
entry 213000/3342233 (6.37298%)
entry 215000/3342233 (6.43283%)
entry 218000/3342233 (6.52259%)
entry 221000/3342233 (6.61235%)
entry 223000/3342233 (6.67219%)
entry 226000/3342233 (6.76195%)
entry 227000/3342233 (6.79187%)
entry 230000/3342233 (6.88163%)
entry 231000/3342233 (6.91155%)
entry 236000/3342233 (7.06115%)
entry 242000/3342233 (7.24067%)
entry 244000/3342233 (7.30051%)
entry 246000/3342233 (7.36035%)
entry 247000/3342233 (7.39027%)
entry 252000/3342233 (7.53987%)
entry 257000/3342233 (7.68947%)
entry 258000/3342233 (7.71939%)
entry 259000/3342233 (7.74931%)
entry 260000/3342233 (7.77923%)
entry 261000/3342233 (7.80915%)
entry 267000/3342233 (7.98867%)
entry 268000/3342233 (8.01859%)
entry 269000/3342233 (8.04851%)
entry 270000/3342233 (8.07843%)
entry 276000/3342233 (8.25795%)
entry 278000/3342233 (8.31779%)
entry 279000/3342233 (8.34771%)
entry 285000/3342233 (8.52723%)
entry 287000/3342233 (8.58707%)
entry 292000/3342233 (8.73667%)
entry 294000/3342233 (8.79651%)
entry 297000/3342233 (8.88627%)
entry 298000/3342233 (8.91619%)
entry 300000/3342233 (8.97603%)
entry 305000/3342233 (9.12564%)
entry 306000/3342233 (9.15556%)
entry 313000/3342233 (9.365%)
entry 315000/3342233 (9.42484%)
entry 317000/3342233 (9.48468%)
entry 318000/3342233 (9.5146%)
entry 320000/3342233 (9.57444%)
entry 323000/3342233 (9.6642%)
entry 324000/3342233 (9.69412%)
entry 325000/3342233 (9.72404%)
entry 326000/3342233 (9.75396%)
entry 330000/3342233 (9.87364%)
entry 338000/3342233 (10.113%)
entry 339000/3342233 (10.1429%)
entry 340000/3342233 (10.1728%)
entry 343000/3342233 (10.2626%)
entry 350000/3342233 (10.472%)
entry 351000/3342233 (10.502%)
entry 352000/3342233 (10.5319%)
entry 354000/3342233 (10.5917%)
entry 355000/3342233 (10.6216%)
entry 356000/3342233 (10.6516%)
entry 358000/3342233 (10.7114%)
entry 359000/3342233 (10.7413%)
entry 361000/3342233 (10.8012%)
entry 363000/3342233 (10.861%)
entry 368000/3342233 (11.0106%)
entry 369000/3342233 (11.0405%)
entry 370000/3342233 (11.0704%)
entry 372000/3342233 (11.1303%)
entry 374000/3342233 (11.1901%)
entry 376000/3342233 (11.25%)
entry 378000/3342233 (11.3098%)
entry 380000/3342233 (11.3696%)
entry 381000/3342233 (11.3996%)
entry 383000/3342233 (11.4594%)
entry 387000/3342233 (11.5791%)
entry 389000/3342233 (11.6389%)
entry 391000/3342233 (11.6988%)
entry 392000/3342233 (11.7287%)
entry 393000/3342233 (11.7586%)
entry 394000/3342233 (11.7885%)
entry 401000/3342233 (11.998%)
entry 403000/3342233 (12.0578%)
entry 407000/3342233 (12.1775%)
entry 409000/3342233 (12.2373%)
entry 411000/3342233 (12.2972%)
entry 412000/3342233 (12.3271%)
entry 414000/3342233 (12.3869%)
entry 417000/3342233 (12.4767%)
entry 419000/3342233 (12.5365%)
entry 424000/3342233 (12.6861%)
entry 426000/3342233 (12.746%)
entry 428000/3342233 (12.8058%)
entry 429000/3342233 (12.8357%)
entry 431000/3342233 (12.8956%)
entry 434000/3342233 (12.9853%)
entry 435000/3342233 (13.0153%)
entry 436000/3342233 (13.0452%)
entry 443000/3342233 (13.2546%)
entry 445000/3342233 (13.3145%)
entry 450000/3342233 (13.4641%)
entry 454000/3342233 (13.5837%)
entry 455000/3342233 (13.6137%)
entry 458000/3342233 (13.7034%)
entry 459000/3342233 (13.7333%)
entry 461000/3342233 (13.7932%)
entry 462000/3342233 (13.8231%)
entry 464000/3342233 (13.8829%)
entry 465000/3342233 (13.9129%)
entry 466000/3342233 (13.9428%)
entry 467000/3342233 (13.9727%)
entry 469000/3342233 (14.0325%)
entry 470000/3342233 (14.0625%)
entry 471000/3342233 (14.0924%)
entry 473000/3342233 (14.1522%)
entry 476000/3342233 (14.242%)
entry 478000/3342233 (14.3018%)
entry 480000/3342233 (14.3617%)
entry 487000/3342233 (14.5711%)
entry 489000/3342233 (14.6309%)
entry 490000/3342233 (14.6609%)
entry 491000/3342233 (14.6908%)
entry 494000/3342233 (14.7805%)
entry 500000/3342233 (14.9601%)
entry 510000/3342233 (15.2593%)
entry 512000/3342233 (15.3191%)
entry 514000/3342233 (15.3789%)
entry 517000/3342233 (15.4687%)
entry 518000/3342233 (15.4986%)
entry 519000/3342233 (15.5285%)
entry 522000/3342233 (15.6183%)
entry 523000/3342233 (15.6482%)
entry 528000/3342233 (15.7978%)
entry 530000/3342233 (15.8577%)
entry 532000/3342233 (15.9175%)
entry 533000/3342233 (15.9474%)
entry 536000/3342233 (16.0372%)
entry 540000/3342233 (16.1569%)
entry 543000/3342233 (16.2466%)
entry 544000/3342233 (16.2765%)
entry 552000/3342233 (16.5159%)
entry 553000/3342233 (16.5458%)
entry 554000/3342233 (16.5757%)
entry 556000/3342233 (16.6356%)
entry 561000/3342233 (16.7852%)
entry 564000/3342233 (16.8749%)
entry 565000/3342233 (16.9049%)
entry 571000/3342233 (17.0844%)
entry 573000/3342233 (17.1442%)
entry 575000/3342233 (17.2041%)
entry 576000/3342233 (17.234%)
entry 577000/3342233 (17.2639%)
entry 580000/3342233 (17.3537%)
entry 582000/3342233 (17.4135%)
entry 587000/3342233 (17.5631%)
entry 589000/3342233 (17.6229%)
entry 595000/3342233 (17.8025%)
entry 596000/3342233 (17.8324%)
entry 604000/3342233 (18.0717%)
entry 606000/3342233 (18.1316%)
entry 608000/3342233 (18.1914%)
entry 611000/3342233 (18.2812%)
entry 612000/3342233 (18.3111%)
entry 615000/3342233 (18.4009%)
entry 617000/3342233 (18.4607%)
entry 628000/3342233 (18.7898%)
entry 630000/3342233 (18.8497%)
entry 632000/3342233 (18.9095%)
entry 633000/3342233 (18.9394%)
entry 634000/3342233 (18.9694%)
entry 639000/3342233 (19.119%)
entry 640000/3342233 (19.1489%)
entry 641000/3342233 (19.1788%)
entry 642000/3342233 (19.2087%)
entry 643000/3342233 (19.2386%)
entry 644000/3342233 (19.2686%)
entry 645000/3342233 (19.2985%)
entry 647000/3342233 (19.3583%)
entry 648000/3342233 (19.3882%)
entry 651000/3342233 (19.478%)
entry 652000/3342233 (19.5079%)
entry 653000/3342233 (19.5378%)
entry 654000/3342233 (19.5678%)
entry 656000/3342233 (19.6276%)
entry 661000/3342233 (19.7772%)
entry 662000/3342233 (19.8071%)
entry 663000/3342233 (19.837%)
entry 677000/3342233 (20.2559%)
entry 678000/3342233 (20.2858%)
entry 681000/3342233 (20.3756%)
entry 682000/3342233 (20.4055%)
entry 685000/3342233 (20.4953%)
entry 688000/3342233 (20.585%)
entry 689000/3342233 (20.615%)
entry 692000/3342233 (20.7047%)
entry 696000/3342233 (20.8244%)
entry 698000/3342233 (20.8842%)
entry 699000/3342233 (20.9142%)
entry 700000/3342233 (20.9441%)
entry 702000/3342233 (21.0039%)
entry 706000/3342233 (21.1236%)
entry 707000/3342233 (21.1535%)
entry 708000/3342233 (21.1834%)
entry 714000/3342233 (21.363%)
entry 715000/3342233 (21.3929%)
entry 716000/3342233 (21.4228%)
entry 717000/3342233 (21.4527%)
entry 719000/3342233 (21.5126%)
entry 722000/3342233 (21.6023%)
entry 724000/3342233 (21.6622%)
entry 730000/3342233 (21.8417%)
entry 735000/3342233 (21.9913%)
entry 740000/3342233 (22.1409%)
entry 743000/3342233 (22.2306%)
entry 745000/3342233 (22.2905%)
entry 747000/3342233 (22.3503%)
entry 749000/3342233 (22.4102%)
entry 754000/3342233 (22.5598%)
entry 757000/3342233 (22.6495%)
entry 762000/3342233 (22.7991%)
entry 767000/3342233 (22.9487%)
entry 768000/3342233 (22.9787%)
entry 776000/3342233 (23.218%)
entry 777000/3342233 (23.2479%)
entry 779000/3342233 (23.3078%)
entry 782000/3342233 (23.3975%)
entry 788000/3342233 (23.5771%)
entry 789000/3342233 (23.607%)
entry 792000/3342233 (23.6967%)
entry 795000/3342233 (23.7865%)
entry 798000/3342233 (23.8763%)
entry 799000/3342233 (23.9062%)
entry 800000/3342233 (23.9361%)
entry 803000/3342233 (24.0259%)
entry 812000/3342233 (24.2951%)
entry 814000/3342233 (24.355%)
entry 818000/3342233 (24.4747%)
entry 825000/3342233 (24.6841%)
entry 826000/3342233 (24.714%)
entry 827000/3342233 (24.7439%)
entry 829000/3342233 (24.8038%)
entry 830000/3342233 (24.8337%)
entry 833000/3342233 (24.9235%)
entry 834000/3342233 (24.9534%)
entry 836000/3342233 (25.0132%)
entry 837000/3342233 (25.0431%)
entry 838000/3342233 (25.0731%)
entry 839000/3342233 (25.103%)
entry 840000/3342233 (25.1329%)
entry 845000/3342233 (25.2825%)
entry 846000/3342233 (25.3124%)
entry 847000/3342233 (25.3423%)
entry 850000/3342233 (25.4321%)
entry 851000/3342233 (25.462%)
entry 852000/3342233 (25.4919%)
entry 855000/3342233 (25.5817%)
entry 856000/3342233 (25.6116%)
entry 857000/3342233 (25.6415%)
entry 860000/3342233 (25.7313%)
entry 861000/3342233 (25.7612%)
entry 862000/3342233 (25.7911%)
entry 863000/3342233 (25.8211%)
entry 868000/3342233 (25.9707%)
entry 869000/3342233 (26.0006%)
entry 870000/3342233 (26.0305%)
entry 877000/3342233 (26.2399%)
entry 879000/3342233 (26.2998%)
entry 880000/3342233 (26.3297%)
entry 881000/3342233 (26.3596%)
entry 882000/3342233 (26.3895%)
entry 886000/3342233 (26.5092%)
entry 889000/3342233 (26.599%)
entry 892000/3342233 (26.6887%)
entry 893000/3342233 (26.7187%)
entry 894000/3342233 (26.7486%)
entry 896000/3342233 (26.8084%)
entry 899000/3342233 (26.8982%)
entry 901000/3342233 (26.958%)
entry 903000/3342233 (27.0179%)
entry 912000/3342233 (27.2871%)
entry 914000/3342233 (27.347%)
entry 921000/3342233 (27.5564%)
entry 927000/3342233 (27.7359%)
entry 934000/3342233 (27.9454%)
entry 935000/3342233 (27.9753%)
entry 936000/3342233 (28.0052%)
entry 937000/3342233 (28.0351%)
entry 938000/3342233 (28.0651%)
entry 940000/3342233 (28.1249%)
entry 942000/3342233 (28.1848%)
entry 944000/3342233 (28.2446%)
entry 945000/3342233 (28.2745%)
entry 948000/3342233 (28.3643%)
entry 949000/3342233 (28.3942%)
entry 952000/3342233 (28.484%)
entry 953000/3342233 (28.5139%)
entry 956000/3342233 (28.6036%)
entry 958000/3342233 (28.6635%)
entry 963000/3342233 (28.8131%)
entry 964000/3342233 (28.843%)
entry 965000/3342233 (28.8729%)
entry 966000/3342233 (28.9028%)
entry 969000/3342233 (28.9926%)
entry 973000/3342233 (29.1123%)
entry 976000/3342233 (29.202%)
entry 983000/3342233 (29.4115%)
entry 984000/3342233 (29.4414%)
entry 986000/3342233 (29.5012%)
entry 987000/3342233 (29.5312%)
entry 989000/3342233 (29.591%)
entry 990000/3342233 (29.6209%)
entry 995000/3342233 (29.7705%)
entry 998000/3342233 (29.8603%)
entry 1000000/3342233 (29.9201%)
entry 1004000/3342233 (30.0398%)
entry 1005000/3342233 (30.0697%)
entry 1006000/3342233 (30.0996%)
entry 1007000/3342233 (30.1296%)
entry 1008000/3342233 (30.1595%)
entry 1009000/3342233 (30.1894%)
entry 1011000/3342233 (30.2492%)
entry 1013000/3342233 (30.3091%)
entry 1014000/3342233 (30.339%)
entry 1015000/3342233 (30.3689%)
entry 1019000/3342233 (30.4886%)
entry 1021000/3342233 (30.5484%)
entry 1023000/3342233 (30.6083%)
entry 1024000/3342233 (30.6382%)
entry 1025000/3342233 (30.6681%)
entry 1035000/3342233 (30.9673%)
entry 1039000/3342233 (31.087%)
entry 1041000/3342233 (31.1468%)
entry 1042000/3342233 (31.1768%)
entry 1043000/3342233 (31.2067%)
entry 1045000/3342233 (31.2665%)
entry 1052000/3342233 (31.476%)
entry 1057000/3342233 (31.6256%)
entry 1060000/3342233 (31.7153%)
entry 1063000/3342233 (31.8051%)
entry 1064000/3342233 (31.835%)
entry 1067000/3342233 (31.9248%)
entry 1072000/3342233 (32.0744%)
entry 1073000/3342233 (32.1043%)
entry 1076000/3342233 (32.194%)
entry 1085000/3342233 (32.4633%)
entry 1086000/3342233 (32.4932%)
entry 1087000/3342233 (32.5232%)
entry 1094000/3342233 (32.7326%)
entry 1095000/3342233 (32.7625%)
entry 1097000/3342233 (32.8224%)
entry 1099000/3342233 (32.8822%)
entry 1100000/3342233 (32.9121%)
entry 1102000/3342233 (32.972%)
entry 1103000/3342233 (33.0019%)
entry 1107000/3342233 (33.1216%)
entry 1108000/3342233 (33.1515%)
entry 1113000/3342233 (33.3011%)
entry 1115000/3342233 (33.3609%)
entry 1118000/3342233 (33.4507%)
entry 1142000/3342233 (34.1688%)
entry 1145000/3342233 (34.2585%)
entry 1147000/3342233 (34.3184%)
entry 1148000/3342233 (34.3483%)
entry 1153000/3342233 (34.4979%)
entry 1155000/3342233 (34.5577%)
entry 1158000/3342233 (34.6475%)
entry 1161000/3342233 (34.7373%)
entry 1166000/3342233 (34.8869%)
entry 1167000/3342233 (34.9168%)
entry 1172000/3342233 (35.0664%)
entry 1178000/3342233 (35.2459%)
entry 1179000/3342233 (35.2758%)
entry 1190000/3342233 (35.6049%)
entry 1191000/3342233 (35.6349%)
entry 1192000/3342233 (35.6648%)
entry 1193000/3342233 (35.6947%)
entry 1196000/3342233 (35.7845%)
entry 1197000/3342233 (35.8144%)
entry 1205000/3342233 (36.0537%)
entry 1207000/3342233 (36.1136%)
entry 1209000/3342233 (36.1734%)
entry 1211000/3342233 (36.2333%)
entry 1212000/3342233 (36.2632%)
entry 1214000/3342233 (36.323%)
entry 1225000/3342233 (36.6521%)
entry 1226000/3342233 (36.6821%)
entry 1227000/3342233 (36.712%)
entry 1228000/3342233 (36.7419%)
entry 1232000/3342233 (36.8616%)
entry 1233000/3342233 (36.8915%)
entry 1235000/3342233 (36.9513%)
entry 1236000/3342233 (36.9813%)
entry 1240000/3342233 (37.1009%)
entry 1242000/3342233 (37.1608%)
entry 1247000/3342233 (37.3104%)
entry 1252000/3342233 (37.46%)
entry 1254000/3342233 (37.5198%)
entry 1258000/3342233 (37.6395%)
entry 1260000/3342233 (37.6993%)
entry 1264000/3342233 (37.819%)
entry 1267000/3342233 (37.9088%)
entry 1272000/3342233 (38.0584%)
entry 1274000/3342233 (38.1182%)
entry 1277000/3342233 (38.208%)
entry 1280000/3342233 (38.2977%)
entry 1281000/3342233 (38.3277%)
entry 1283000/3342233 (38.3875%)
entry 1284000/3342233 (38.4174%)
entry 1293000/3342233 (38.6867%)
entry 1294000/3342233 (38.7166%)
entry 1298000/3342233 (38.8363%)
entry 1301000/3342233 (38.9261%)
entry 1303000/3342233 (38.9859%)
entry 1306000/3342233 (39.0757%)
entry 1310000/3342233 (39.1954%)
entry 1315000/3342233 (39.345%)
entry 1316000/3342233 (39.3749%)
entry 1318000/3342233 (39.4347%)
entry 1324000/3342233 (39.6142%)
entry 1326000/3342233 (39.6741%)
entry 1327000/3342233 (39.704%)
entry 1328000/3342233 (39.7339%)
entry 1337000/3342233 (40.0032%)
entry 1338000/3342233 (40.0331%)
entry 1340000/3342233 (40.093%)
entry 1344000/3342233 (40.2126%)
entry 1348000/3342233 (40.3323%)
entry 1351000/3342233 (40.4221%)
entry 1355000/3342233 (40.5418%)
entry 1359000/3342233 (40.6614%)
entry 1360000/3342233 (40.6914%)
entry 1368000/3342233 (40.9307%)
entry 1371000/3342233 (41.0205%)
entry 1374000/3342233 (41.1102%)
entry 1375000/3342233 (41.1402%)
entry 1378000/3342233 (41.2299%)
entry 1380000/3342233 (41.2898%)
entry 1385000/3342233 (41.4394%)
entry 1388000/3342233 (41.5291%)
entry 1391000/3342233 (41.6189%)
entry 1396000/3342233 (41.7685%)
entry 1399000/3342233 (41.8582%)
entry 1400000/3342233 (41.8882%)
entry 1401000/3342233 (41.9181%)
entry 1403000/3342233 (41.9779%)
entry 1404000/3342233 (42.0078%)
entry 1405000/3342233 (42.0378%)
entry 1412000/3342233 (42.2472%)
entry 1413000/3342233 (42.2771%)
entry 1414000/3342233 (42.307%)
entry 1418000/3342233 (42.4267%)
entry 1420000/3342233 (42.4866%)
entry 1422000/3342233 (42.5464%)
entry 1423000/3342233 (42.5763%)
entry 1427000/3342233 (42.696%)
entry 1428000/3342233 (42.7259%)
entry 1431000/3342233 (42.8157%)
entry 1435000/3342233 (42.9354%)
entry 1438000/3342233 (43.0251%)
entry 1440000/3342233 (43.085%)
entry 1442000/3342233 (43.1448%)
entry 1448000/3342233 (43.3243%)
entry 1450000/3342233 (43.3842%)
entry 1453000/3342233 (43.4739%)
entry 1455000/3342233 (43.5338%)
entry 1456000/3342233 (43.5637%)
entry 1459000/3342233 (43.6534%)
entry 1462000/3342233 (43.7432%)
entry 1465000/3342233 (43.833%)
entry 1468000/3342233 (43.9227%)
entry 1470000/3342233 (43.9826%)
entry 1471000/3342233 (44.0125%)
entry 1474000/3342233 (44.1023%)
entry 1480000/3342233 (44.2818%)
entry 1482000/3342233 (44.3416%)
entry 1483000/3342233 (44.3715%)
entry 1488000/3342233 (44.5211%)
entry 1489000/3342233 (44.5511%)
entry 1495000/3342233 (44.7306%)
entry 1496000/3342233 (44.7605%)
entry 1498000/3342233 (44.8203%)
entry 1499000/3342233 (44.8503%)
entry 1500000/3342233 (44.8802%)
entry 1504000/3342233 (44.9999%)
entry 1506000/3342233 (45.0597%)
entry 1513000/3342233 (45.2691%)
entry 1520000/3342233 (45.4786%)
entry 1522000/3342233 (45.5384%)
entry 1527000/3342233 (45.688%)
entry 1528000/3342233 (45.7179%)
entry 1532000/3342233 (45.8376%)
entry 1533000/3342233 (45.8675%)
entry 1534000/3342233 (45.8975%)
entry 1541000/3342233 (46.1069%)
entry 1544000/3342233 (46.1967%)
entry 1546000/3342233 (46.2565%)
entry 1547000/3342233 (46.2864%)
entry 1548000/3342233 (46.3163%)
entry 1549000/3342233 (46.3463%)
entry 1553000/3342233 (46.4659%)
entry 1556000/3342233 (46.5557%)
entry 1557000/3342233 (46.5856%)
entry 1558000/3342233 (46.6155%)
entry 1565000/3342233 (46.825%)
entry 1571000/3342233 (47.0045%)
entry 1573000/3342233 (47.0643%)
entry 1574000/3342233 (47.0943%)
entry 1575000/3342233 (47.1242%)
entry 1579000/3342233 (47.2439%)
entry 1581000/3342233 (47.3037%)
entry 1585000/3342233 (47.4234%)
entry 1589000/3342233 (47.5431%)
entry 1591000/3342233 (47.6029%)
entry 1594000/3342233 (47.6927%)
entry 1596000/3342233 (47.7525%)
entry 1599000/3342233 (47.8423%)
entry 1602000/3342233 (47.932%)
entry 1604000/3342233 (47.9919%)
entry 1605000/3342233 (48.0218%)
entry 1609000/3342233 (48.1415%)
entry 1612000/3342233 (48.2312%)
entry 1613000/3342233 (48.2611%)
entry 1616000/3342233 (48.3509%)
entry 1618000/3342233 (48.4107%)
entry 1619000/3342233 (48.4407%)
entry 1620000/3342233 (48.4706%)
entry 1622000/3342233 (48.5304%)
entry 1623000/3342233 (48.5603%)
entry 1624000/3342233 (48.5903%)
entry 1625000/3342233 (48.6202%)
entry 1626000/3342233 (48.6501%)
entry 1627000/3342233 (48.68%)
entry 1628000/3342233 (48.7099%)
entry 1636000/3342233 (48.9493%)
entry 1638000/3342233 (49.0092%)
entry 1641000/3342233 (49.0989%)
entry 1642000/3342233 (49.1288%)
entry 1644000/3342233 (49.1887%)
entry 1654000/3342233 (49.4879%)
entry 1657000/3342233 (49.5776%)
entry 1658000/3342233 (49.6076%)
entry 1660000/3342233 (49.6674%)
entry 1662000/3342233 (49.7272%)
entry 1667000/3342233 (49.8768%)
entry 1669000/3342233 (49.9367%)
entry 1670000/3342233 (49.9666%)
entry 1672000/3342233 (50.0264%)
entry 1674000/3342233 (50.0863%)
entry 1679000/3342233 (50.2359%)
entry 1680000/3342233 (50.2658%)
entry 1681000/3342233 (50.2957%)
entry 1682000/3342233 (50.3256%)
entry 1685000/3342233 (50.4154%)
entry 1688000/3342233 (50.5052%)
entry 1693000/3342233 (50.6548%)
entry 1705000/3342233 (51.0138%)
entry 1707000/3342233 (51.0736%)
entry 1708000/3342233 (51.1036%)
entry 1709000/3342233 (51.1335%)
entry 1711000/3342233 (51.1933%)
entry 1715000/3342233 (51.313%)
entry 1717000/3342233 (51.3728%)
entry 1720000/3342233 (51.4626%)
entry 1721000/3342233 (51.4925%)
entry 1723000/3342233 (51.5524%)
entry 1725000/3342233 (51.6122%)
entry 1730000/3342233 (51.7618%)
entry 1731000/3342233 (51.7917%)
entry 1732000/3342233 (51.8216%)
entry 1733000/3342233 (51.8516%)
entry 1734000/3342233 (51.8815%)
entry 1736000/3342233 (51.9413%)
entry 1738000/3342233 (52.0012%)
entry 1742000/3342233 (52.1208%)
entry 1743000/3342233 (52.1508%)
entry 1744000/3342233 (52.1807%)
entry 1747000/3342233 (52.2704%)
entry 1748000/3342233 (52.3004%)
entry 1749000/3342233 (52.3303%)
entry 1754000/3342233 (52.4799%)
entry 1756000/3342233 (52.5397%)
entry 1757000/3342233 (52.5696%)
entry 1759000/3342233 (52.6295%)
entry 1772000/3342233 (53.0184%)
entry 1782000/3342233 (53.3176%)
entry 1786000/3342233 (53.4373%)
entry 1789000/3342233 (53.5271%)
entry 1790000/3342233 (53.557%)
entry 1791000/3342233 (53.5869%)
entry 1795000/3342233 (53.7066%)
entry 1797000/3342233 (53.7664%)
entry 1798000/3342233 (53.7964%)
entry 1800000/3342233 (53.8562%)
entry 1803000/3342233 (53.946%)
entry 1805000/3342233 (54.0058%)
entry 1806000/3342233 (54.0357%)
entry 1807000/3342233 (54.0657%)
entry 1813000/3342233 (54.2452%)
entry 1815000/3342233 (54.305%)
entry 1820000/3342233 (54.4546%)
entry 1823000/3342233 (54.5444%)
entry 1826000/3342233 (54.6341%)
entry 1829000/3342233 (54.7239%)
entry 1833000/3342233 (54.8436%)
entry 1839000/3342233 (55.0231%)
entry 1841000/3342233 (55.0829%)
entry 1842000/3342233 (55.1129%)
entry 1847000/3342233 (55.2625%)
entry 1849000/3342233 (55.3223%)
entry 1851000/3342233 (55.3821%)
entry 1852000/3342233 (55.4121%)
entry 1855000/3342233 (55.5018%)
entry 1856000/3342233 (55.5317%)
entry 1858000/3342233 (55.5916%)
entry 1862000/3342233 (55.7113%)
entry 1869000/3342233 (55.9207%)
entry 1870000/3342233 (55.9506%)
entry 1871000/3342233 (55.9805%)
entry 1872000/3342233 (56.0105%)
entry 1874000/3342233 (56.0703%)
entry 1877000/3342233 (56.1601%)
entry 1883000/3342233 (56.3396%)
entry 1888000/3342233 (56.4892%)
entry 1889000/3342233 (56.5191%)
entry 1890000/3342233 (56.549%)
entry 1893000/3342233 (56.6388%)
entry 1894000/3342233 (56.6687%)
entry 1896000/3342233 (56.7285%)
entry 1900000/3342233 (56.8482%)
entry 1901000/3342233 (56.8781%)
entry 1902000/3342233 (56.9081%)
entry 1904000/3342233 (56.9679%)
entry 1905000/3342233 (56.9978%)
entry 1907000/3342233 (57.0577%)
entry 1908000/3342233 (57.0876%)
entry 1911000/3342233 (57.1773%)
entry 1912000/3342233 (57.2073%)
entry 1914000/3342233 (57.2671%)
entry 1919000/3342233 (57.4167%)
entry 1924000/3342233 (57.5663%)
entry 1925000/3342233 (57.5962%)
entry 1927000/3342233 (57.6561%)
entry 1928000/3342233 (57.686%)
entry 1936000/3342233 (57.9253%)
entry 1937000/3342233 (57.9553%)
entry 1938000/3342233 (57.9852%)
entry 1941000/3342233 (58.0749%)
entry 1944000/3342233 (58.1647%)
entry 1952000/3342233 (58.4041%)
entry 1955000/3342233 (58.4938%)
entry 1957000/3342233 (58.5537%)
entry 1958000/3342233 (58.5836%)
entry 1959000/3342233 (58.6135%)
entry 1963000/3342233 (58.7332%)
entry 1964000/3342233 (58.7631%)
entry 1967000/3342233 (58.8529%)
entry 1969000/3342233 (58.9127%)
entry 1971000/3342233 (58.9725%)
entry 1972000/3342233 (59.0025%)
entry 1973000/3342233 (59.0324%)
entry 1978000/3342233 (59.182%)
entry 1979000/3342233 (59.2119%)
entry 1980000/3342233 (59.2418%)
entry 1984000/3342233 (59.3615%)
entry 1988000/3342233 (59.4812%)
entry 1989000/3342233 (59.5111%)
entry 1994000/3342233 (59.6607%)
entry 1996000/3342233 (59.7206%)
entry 1999000/3342233 (59.8103%)
entry 2001000/3342233 (59.8702%)
entry 2002000/3342233 (59.9001%)
entry 2003000/3342233 (59.93%)
entry 2004000/3342233 (59.9599%)
entry 2009000/3342233 (60.1095%)
entry 2011000/3342233 (60.1694%)
entry 2020000/3342233 (60.4386%)
entry 2030000/3342233 (60.7378%)
entry 2033000/3342233 (60.8276%)
entry 2038000/3342233 (60.9772%)
entry 2039000/3342233 (61.0071%)
entry 2040000/3342233 (61.037%)
entry 2041000/3342233 (61.067%)
entry 2046000/3342233 (61.2166%)
entry 2047000/3342233 (61.2465%)
entry 2052000/3342233 (61.3961%)
entry 2056000/3342233 (61.5158%)
entry 2058000/3342233 (61.5756%)
entry 2059000/3342233 (61.6055%)
entry 2062000/3342233 (61.6953%)
entry 2063000/3342233 (61.7252%)
entry 2064000/3342233 (61.7551%)
entry 2068000/3342233 (61.8748%)
entry 2069000/3342233 (61.9047%)
entry 2072000/3342233 (61.9945%)
entry 2078000/3342233 (62.174%)
entry 2080000/3342233 (62.2338%)
entry 2083000/3342233 (62.3236%)
entry 2085000/3342233 (62.3834%)
entry 2086000/3342233 (62.4134%)
entry 2088000/3342233 (62.4732%)
entry 2091000/3342233 (62.563%)
entry 2095000/3342233 (62.6826%)
entry 2104000/3342233 (62.9519%)
entry 2117000/3342233 (63.3409%)
entry 2126000/3342233 (63.6102%)
entry 2133000/3342233 (63.8196%)
entry 2140000/3342233 (64.029%)
entry 2145000/3342233 (64.1787%)
entry 2146000/3342233 (64.2086%)
entry 2151000/3342233 (64.3582%)
entry 2152000/3342233 (64.3881%)
entry 2156000/3342233 (64.5078%)
entry 2158000/3342233 (64.5676%)
entry 2159000/3342233 (64.5975%)
entry 2161000/3342233 (64.6574%)
entry 2163000/3342233 (64.7172%)
entry 2169000/3342233 (64.8967%)
entry 2171000/3342233 (64.9566%)
entry 2178000/3342233 (65.166%)
entry 2190000/3342233 (65.5251%)
entry 2191000/3342233 (65.555%)
entry 2193000/3342233 (65.6148%)
entry 2194000/3342233 (65.6447%)
entry 2195000/3342233 (65.6747%)
entry 2202000/3342233 (65.8841%)
entry 2205000/3342233 (65.9739%)
entry 2206000/3342233 (66.0038%)
entry 2208000/3342233 (66.0636%)
entry 2210000/3342233 (66.1235%)
entry 2211000/3342233 (66.1534%)
entry 2212000/3342233 (66.1833%)
entry 2213000/3342233 (66.2132%)
entry 2214000/3342233 (66.2431%)
entry 2218000/3342233 (66.3628%)
entry 2222000/3342233 (66.4825%)
entry 2224000/3342233 (66.5423%)
entry 2225000/3342233 (66.5723%)
entry 2229000/3342233 (66.6919%)
entry 2231000/3342233 (66.7518%)
entry 2235000/3342233 (66.8715%)
entry 2240000/3342233 (67.0211%)
entry 2241000/3342233 (67.051%)
entry 2243000/3342233 (67.1108%)
entry 2246000/3342233 (67.2006%)
entry 2247000/3342233 (67.2305%)
entry 2251000/3342233 (67.3502%)
entry 2254000/3342233 (67.4399%)
entry 2258000/3342233 (67.5596%)
entry 2260000/3342233 (67.6195%)
entry 2261000/3342233 (67.6494%)
entry 2263000/3342233 (67.7092%)
entry 2266000/3342233 (67.799%)
entry 2267000/3342233 (67.8289%)
entry 2268000/3342233 (67.8588%)
entry 2270000/3342233 (67.9187%)
entry 2273000/3342233 (68.0084%)
entry 2276000/3342233 (68.0982%)
entry 2280000/3342233 (68.2179%)
entry 2281000/3342233 (68.2478%)
entry 2282000/3342233 (68.2777%)
entry 2286000/3342233 (68.3974%)
entry 2291000/3342233 (68.547%)
entry 2293000/3342233 (68.6068%)
entry 2294000/3342233 (68.6367%)
entry 2299000/3342233 (68.7863%)
entry 2302000/3342233 (68.8761%)
entry 2305000/3342233 (68.9659%)
entry 2307000/3342233 (69.0257%)
entry 2309000/3342233 (69.0856%)
entry 2312000/3342233 (69.1753%)
entry 2317000/3342233 (69.3249%)
entry 2318000/3342233 (69.3548%)
entry 2322000/3342233 (69.4745%)
entry 2324000/3342233 (69.5343%)
entry 2327000/3342233 (69.6241%)
entry 2328000/3342233 (69.654%)
entry 2332000/3342233 (69.7737%)
entry 2335000/3342233 (69.8635%)
entry 2339000/3342233 (69.9832%)
entry 2340000/3342233 (70.0131%)
entry 2342000/3342233 (70.0729%)
entry 2345000/3342233 (70.1627%)
entry 2352000/3342233 (70.3721%)
entry 2353000/3342233 (70.402%)
entry 2356000/3342233 (70.4918%)
entry 2357000/3342233 (70.5217%)
entry 2365000/3342233 (70.7611%)
entry 2368000/3342233 (70.8508%)
entry 2371000/3342233 (70.9406%)
entry 2372000/3342233 (70.9705%)
entry 2373000/3342233 (71.0004%)
entry 2374000/3342233 (71.0304%)
entry 2375000/3342233 (71.0603%)
entry 2377000/3342233 (71.1201%)
entry 2378000/3342233 (71.15%)
entry 2383000/3342233 (71.2996%)
entry 2384000/3342233 (71.3296%)
entry 2385000/3342233 (71.3595%)
entry 2388000/3342233 (71.4492%)
entry 2389000/3342233 (71.4792%)
entry 2393000/3342233 (71.5988%)
entry 2395000/3342233 (71.6587%)
entry 2398000/3342233 (71.7484%)
entry 2399000/3342233 (71.7784%)
entry 2401000/3342233 (71.8382%)
entry 2402000/3342233 (71.8681%)
entry 2403000/3342233 (71.898%)
entry 2404000/3342233 (71.928%)
entry 2405000/3342233 (71.9579%)
entry 2406000/3342233 (71.9878%)
entry 2409000/3342233 (72.0776%)
entry 2411000/3342233 (72.1374%)
entry 2412000/3342233 (72.1673%)
entry 2413000/3342233 (72.1972%)
entry 2416000/3342233 (72.287%)
entry 2417000/3342233 (72.3169%)
entry 2425000/3342233 (72.5563%)
entry 2426000/3342233 (72.5862%)
entry 2427000/3342233 (72.6161%)
entry 2430000/3342233 (72.7059%)
entry 2431000/3342233 (72.7358%)
entry 2434000/3342233 (72.8256%)
entry 2440000/3342233 (73.0051%)
entry 2441000/3342233 (73.035%)
entry 2448000/3342233 (73.2444%)
entry 2449000/3342233 (73.2744%)
entry 2454000/3342233 (73.424%)
entry 2455000/3342233 (73.4539%)
entry 2457000/3342233 (73.5137%)
entry 2468000/3342233 (73.8428%)
entry 2469000/3342233 (73.8728%)
entry 2470000/3342233 (73.9027%)
entry 2472000/3342233 (73.9625%)
entry 2474000/3342233 (74.0224%)
entry 2475000/3342233 (74.0523%)
entry 2476000/3342233 (74.0822%)
entry 2480000/3342233 (74.2019%)
entry 2481000/3342233 (74.2318%)
entry 2482000/3342233 (74.2617%)
entry 2487000/3342233 (74.4113%)
entry 2488000/3342233 (74.4412%)
entry 2489000/3342233 (74.4712%)
entry 2491000/3342233 (74.531%)
entry 2493000/3342233 (74.5908%)
entry 2494000/3342233 (74.6208%)
entry 2497000/3342233 (74.7105%)
entry 2507000/3342233 (75.0097%)
entry 2520000/3342233 (75.3987%)
entry 2522000/3342233 (75.4585%)
entry 2526000/3342233 (75.5782%)
entry 2529000/3342233 (75.668%)
entry 2532000/3342233 (75.7577%)
entry 2534000/3342233 (75.8176%)
entry 2541000/3342233 (76.027%)
entry 2543000/3342233 (76.0869%)
entry 2544000/3342233 (76.1168%)
entry 2545000/3342233 (76.1467%)
entry 2548000/3342233 (76.2365%)
entry 2549000/3342233 (76.2664%)
entry 2550000/3342233 (76.2963%)
entry 2554000/3342233 (76.416%)
entry 2559000/3342233 (76.5656%)
entry 2560000/3342233 (76.5955%)
entry 2561000/3342233 (76.6254%)
entry 2563000/3342233 (76.6853%)
entry 2564000/3342233 (76.7152%)
entry 2567000/3342233 (76.8049%)
entry 2569000/3342233 (76.8648%)
entry 2576000/3342233 (77.0742%)
entry 2578000/3342233 (77.1341%)
entry 2579000/3342233 (77.164%)
entry 2588000/3342233 (77.4333%)
entry 2589000/3342233 (77.4632%)
entry 2590000/3342233 (77.4931%)
entry 2592000/3342233 (77.5529%)
entry 2594000/3342233 (77.6128%)
entry 2595000/3342233 (77.6427%)
entry 2596000/3342233 (77.6726%)
entry 2597000/3342233 (77.7025%)
entry 2602000/3342233 (77.8521%)
entry 2604000/3342233 (77.912%)
entry 2606000/3342233 (77.9718%)
entry 2608000/3342233 (78.0317%)
entry 2609000/3342233 (78.0616%)
entry 2610000/3342233 (78.0915%)
entry 2616000/3342233 (78.271%)
entry 2619000/3342233 (78.3608%)
entry 2621000/3342233 (78.4206%)
entry 2625000/3342233 (78.5403%)
entry 2626000/3342233 (78.5702%)
entry 2628000/3342233 (78.6301%)
entry 2631000/3342233 (78.7198%)
entry 2635000/3342233 (78.8395%)
entry 2636000/3342233 (78.8694%)
entry 2639000/3342233 (78.9592%)
entry 2642000/3342233 (79.0489%)
entry 2646000/3342233 (79.1686%)
entry 2649000/3342233 (79.2584%)
entry 2652000/3342233 (79.3481%)
entry 2654000/3342233 (79.408%)
entry 2657000/3342233 (79.4977%)
entry 2663000/3342233 (79.6773%)
entry 2667000/3342233 (79.797%)
entry 2675000/3342233 (80.0363%)
entry 2679000/3342233 (80.156%)
entry 2681000/3342233 (80.2158%)
entry 2682000/3342233 (80.2458%)
entry 2686000/3342233 (80.3654%)
entry 2690000/3342233 (80.4851%)
entry 2692000/3342233 (80.545%)
entry 2694000/3342233 (80.6048%)
entry 2700000/3342233 (80.7843%)
entry 2701000/3342233 (80.8142%)
entry 2703000/3342233 (80.8741%)
entry 2705000/3342233 (80.9339%)
entry 2709000/3342233 (81.0536%)
entry 2711000/3342233 (81.1134%)
entry 2713000/3342233 (81.1733%)
entry 2714000/3342233 (81.2032%)
entry 2715000/3342233 (81.2331%)
entry 2719000/3342233 (81.3528%)
entry 2720000/3342233 (81.3827%)
entry 2721000/3342233 (81.4126%)
entry 2722000/3342233 (81.4426%)
entry 2725000/3342233 (81.5323%)
entry 2732000/3342233 (81.7418%)
entry 2744000/3342233 (82.1008%)
entry 2745000/3342233 (82.1307%)
entry 2749000/3342233 (82.2504%)
entry 2751000/3342233 (82.3102%)
entry 2753000/3342233 (82.3701%)
entry 2755000/3342233 (82.4299%)
entry 2757000/3342233 (82.4898%)
entry 2758000/3342233 (82.5197%)
entry 2762000/3342233 (82.6394%)
entry 2772000/3342233 (82.9386%)
entry 2774000/3342233 (82.9984%)
entry 2775000/3342233 (83.0283%)
entry 2778000/3342233 (83.1181%)
entry 2783000/3342233 (83.2677%)
entry 2784000/3342233 (83.2976%)
entry 2786000/3342233 (83.3574%)
entry 2792000/3342233 (83.537%)
entry 2793000/3342233 (83.5669%)
entry 2794000/3342233 (83.5968%)
entry 2796000/3342233 (83.6566%)
entry 2800000/3342233 (83.7763%)
entry 2804000/3342233 (83.896%)
entry 2809000/3342233 (84.0456%)
entry 2810000/3342233 (84.0755%)
entry 2811000/3342233 (84.1054%)
entry 2812000/3342233 (84.1354%)
entry 2815000/3342233 (84.2251%)
entry 2816000/3342233 (84.255%)
entry 2817000/3342233 (84.285%)
entry 2820000/3342233 (84.3747%)
entry 2821000/3342233 (84.4046%)
entry 2826000/3342233 (84.5542%)
entry 2827000/3342233 (84.5842%)
entry 2830000/3342233 (84.6739%)
entry 2833000/3342233 (84.7637%)
entry 2842000/3342233 (85.033%)
entry 2847000/3342233 (85.1826%)
entry 2854000/3342233 (85.392%)
entry 2855000/3342233 (85.4219%)
entry 2856000/3342233 (85.4519%)
entry 2858000/3342233 (85.5117%)
entry 2862000/3342233 (85.6314%)
entry 2863000/3342233 (85.6613%)
entry 2866000/3342233 (85.7511%)
entry 2868000/3342233 (85.8109%)
entry 2872000/3342233 (85.9306%)
entry 2875000/3342233 (86.0203%)
entry 2879000/3342233 (86.14%)
entry 2881000/3342233 (86.1999%)
entry 2882000/3342233 (86.2298%)
entry 2886000/3342233 (86.3495%)
entry 2887000/3342233 (86.3794%)
entry 2889000/3342233 (86.4392%)
entry 2890000/3342233 (86.4691%)
entry 2891000/3342233 (86.4991%)
entry 2892000/3342233 (86.529%)
entry 2896000/3342233 (86.6487%)
entry 2899000/3342233 (86.7384%)
entry 2903000/3342233 (86.8581%)
entry 2905000/3342233 (86.9179%)
entry 2907000/3342233 (86.9778%)
entry 2911000/3342233 (87.0975%)
entry 2915000/3342233 (87.2171%)
entry 2919000/3342233 (87.3368%)
entry 2920000/3342233 (87.3667%)
entry 2924000/3342233 (87.4864%)
entry 2925000/3342233 (87.5163%)
entry 2927000/3342233 (87.5762%)
entry 2929000/3342233 (87.636%)
entry 2934000/3342233 (87.7856%)
entry 2939000/3342233 (87.9352%)
entry 2940000/3342233 (87.9651%)
entry 2941000/3342233 (87.9951%)
entry 2942000/3342233 (88.025%)
entry 2943000/3342233 (88.0549%)
entry 2953000/3342233 (88.3541%)
entry 2955000/3342233 (88.4139%)
entry 2956000/3342233 (88.4439%)
entry 2957000/3342233 (88.4738%)
entry 2961000/3342233 (88.5935%)
entry 2962000/3342233 (88.6234%)
entry 2963000/3342233 (88.6533%)
entry 2965000/3342233 (88.7131%)
entry 2966000/3342233 (88.7431%)
entry 2969000/3342233 (88.8328%)
entry 2970000/3342233 (88.8627%)
entry 2971000/3342233 (88.8927%)
entry 2975000/3342233 (89.0123%)
entry 2977000/3342233 (89.0722%)
entry 2980000/3342233 (89.1619%)
entry 2982000/3342233 (89.2218%)
entry 2989000/3342233 (89.4312%)
entry 2993000/3342233 (89.5509%)
entry 2998000/3342233 (89.7005%)
entry 3003000/3342233 (89.8501%)
entry 3008000/3342233 (89.9997%)
entry 3010000/3342233 (90.0595%)
entry 3012000/3342233 (90.1194%)
entry 3014000/3342233 (90.1792%)
entry 3015000/3342233 (90.2092%)
entry 3020000/3342233 (90.3588%)
entry 3022000/3342233 (90.4186%)
entry 3027000/3342233 (90.5682%)
entry 3031000/3342233 (90.6879%)
entry 3032000/3342233 (90.7178%)
entry 3035000/3342233 (90.8076%)
entry 3037000/3342233 (90.8674%)
entry 3041000/3342233 (90.9871%)
entry 3043000/3342233 (91.0469%)
entry 3045000/3342233 (91.1068%)
entry 3049000/3342233 (91.2264%)
entry 3054000/3342233 (91.376%)
entry 3055000/3342233 (91.406%)
entry 3057000/3342233 (91.4658%)
entry 3058000/3342233 (91.4957%)
entry 3067000/3342233 (91.765%)
entry 3071000/3342233 (91.8847%)
entry 3075000/3342233 (92.0044%)
entry 3080000/3342233 (92.154%)
entry 3081000/3342233 (92.1839%)
entry 3082000/3342233 (92.2138%)
entry 3083000/3342233 (92.2437%)
entry 3087000/3342233 (92.3634%)
entry 3089000/3342233 (92.4232%)
entry 3091000/3342233 (92.4831%)
entry 3093000/3342233 (92.5429%)
entry 3094000/3342233 (92.5728%)
entry 3096000/3342233 (92.6327%)
entry 3098000/3342233 (92.6925%)
entry 3099000/3342233 (92.7224%)
entry 3103000/3342233 (92.8421%)
entry 3104000/3342233 (92.872%)
entry 3109000/3342233 (93.0216%)
entry 3112000/3342233 (93.1114%)
entry 3116000/3342233 (93.2311%)
entry 3120000/3342233 (93.3508%)
entry 3121000/3342233 (93.3807%)
entry 3122000/3342233 (93.4106%)
entry 3123000/3342233 (93.4405%)
entry 3125000/3342233 (93.5004%)
entry 3129000/3342233 (93.62%)
entry 3132000/3342233 (93.7098%)
entry 3134000/3342233 (93.7696%)
entry 3140000/3342233 (93.9492%)
entry 3142000/3342233 (94.009%)
entry 3144000/3342233 (94.0688%)
entry 3145000/3342233 (94.0988%)
entry 3147000/3342233 (94.1586%)
entry 3149000/3342233 (94.2184%)
entry 3150000/3342233 (94.2484%)
entry 3153000/3342233 (94.3381%)
entry 3159000/3342233 (94.5176%)
entry 3162000/3342233 (94.6074%)
entry 3164000/3342233 (94.6672%)
entry 3165000/3342233 (94.6972%)
entry 3168000/3342233 (94.7869%)
entry 3172000/3342233 (94.9066%)
entry 3173000/3342233 (94.9365%)
entry 3176000/3342233 (95.0263%)
entry 3177000/3342233 (95.0562%)
entry 3179000/3342233 (95.116%)
entry 3182000/3342233 (95.2058%)
entry 3183000/3342233 (95.2357%)
entry 3184000/3342233 (95.2657%)
entry 3185000/3342233 (95.2956%)
entry 3191000/3342233 (95.4751%)
entry 3192000/3342233 (95.505%)
entry 3196000/3342233 (95.6247%)
entry 3200000/3342233 (95.7444%)
entry 3203000/3342233 (95.8341%)
entry 3205000/3342233 (95.894%)
entry 3206000/3342233 (95.9239%)
entry 3208000/3342233 (95.9837%)
entry 3209000/3342233 (96.0137%)
entry 3210000/3342233 (96.0436%)
entry 3211000/3342233 (96.0735%)
entry 3213000/3342233 (96.1333%)
entry 3214000/3342233 (96.1633%)
entry 3215000/3342233 (96.1932%)
entry 3217000/3342233 (96.253%)
entry 3218000/3342233 (96.2829%)
entry 3219000/3342233 (96.3129%)
entry 3222000/3342233 (96.4026%)
entry 3224000/3342233 (96.4625%)
entry 3225000/3342233 (96.4924%)
entry 3227000/3342233 (96.5522%)
entry 3230000/3342233 (96.642%)
entry 3236000/3342233 (96.8215%)
entry 3241000/3342233 (96.9711%)
entry 3242000/3342233 (97.001%)
entry 3243000/3342233 (97.0309%)
entry 3245000/3342233 (97.0908%)
entry 3246000/3342233 (97.1207%)
entry 3250000/3342233 (97.2404%)
entry 3251000/3342233 (97.2703%)
entry 3252000/3342233 (97.3002%)
entry 3255000/3342233 (97.39%)
entry 3259000/3342233 (97.5097%)
entry 3262000/3342233 (97.5994%)
entry 3265000/3342233 (97.6892%)
entry 3272000/3342233 (97.8986%)
entry 3274000/3342233 (97.9585%)
entry 3277000/3342233 (98.0482%)
entry 3281000/3342233 (98.1679%)
entry 3282000/3342233 (98.1978%)
entry 3284000/3342233 (98.2577%)
entry 3288000/3342233 (98.3773%)
entry 3296000/3342233 (98.6167%)
entry 3297000/3342233 (98.6466%)
entry 3301000/3342233 (98.7663%)
entry 3302000/3342233 (98.7962%)
entry 3308000/3342233 (98.9757%)
entry 3311000/3342233 (99.0655%)
entry 3314000/3342233 (99.1553%)
entry 3320000/3342233 (99.3348%)
entry 3321000/3342233 (99.3647%)
entry 3322000/3342233 (99.3946%)
entry 3324000/3342233 (99.4545%)
entry 3325000/3342233 (99.4844%)
entry 3326000/3342233 (99.5143%)
entry 3329000/3342233 (99.6041%)
entry 3330000/3342233 (99.634%)
entry 3336000/3342233 (99.8135%)
entry 3340000/3342233 (99.9332%)
entry 3341000/3342233 (99.9631%)
entry 3342000/3342233 (99.993%)
all done
script done
