sphnx1037.sdcc.bnl.gov
rsyncing from /gpfs/mnt/gpfs02/sphenix/user/samfred/run25/ppg11/histmaking
running: /gpfs/mnt/gpfs02/sphenix/user/samfred/run25/ppg11/histmaking/script_data.sh 48455
LD_LIBRARY_PATH now /sphenix/user/samfred/run25/install//lib:/cvmfs/sphenix.sdcc.bnl.gov/alma9.2-gcc-14.2.0/opt/sphenix/core/gcc/14.2.0-2f0a0/x86_64-el9/lib:/cvmfs/sphenix.sdcc.bnl.gov/alma9.2-gcc-14.2.0/opt/sphenix/core/gcc/14.2.0-2f0a0/x86_64-el9/lib64:/cvmfs/sphenix.sdcc.bnl.gov/alma9.2-gcc-14.2.0/opt/sphenix/core/binutils/2.40-acaab/x86_64-el9/lib:.:/cvmfs/sphenix.sdcc.bnl.gov/alma9.2-gcc-14.2.0/release/release_new/new.10/lib64:/cvmfs/sphenix.sdcc.bnl.gov/alma9.2-gcc-14.2.0/release/release_new/new.10/lib:/cvmfs/sphenix.sdcc.bnl.gov/alma9.2-gcc-14.2.0/opt/sphenix/utils/lib:/cvmfs/sphenix.sdcc.bnl.gov/alma9.2-gcc-14.2.0/opt/sphenix/core/lib:/cvmfs/sphenix.sdcc.bnl.gov/alma9.2-gcc-14.2.0/opt/sphenix/core/root-6.32.06/lib:/cvmfs/sphenix.sdcc.bnl.gov/alma9.2-gcc-14.2.0/opt/sphenix/core/geant4.10.07.p04/lib64:/cvmfs/sphenix.sdcc.bnl.gov/alma9.2-gcc-14.2.0/opt/sphenix/core/lhapdf-5.9.1/lib:/usr/local/lib64:/usr/lib64
PATH now /sphenix/user/samfred/run25/install//bin:/cvmfs/sphenix.sdcc.bnl.gov/alma9.2-gcc-14.2.0/opt/sphenix/core/gcc/14.2.0-2f0a0/x86_64-el9/bin:/cvmfs/sphenix.sdcc.bnl.gov/alma9.2-gcc-14.2.0/opt/sphenix/core/binutils/2.40-acaab/x86_64-el9/bin:.:/cvmfs/sphenix.sdcc.bnl.gov/alma9.2-gcc-14.2.0/release/release_new/new.10/bin:/cvmfs/sphenix.sdcc.bnl.gov/alma9.2-gcc-14.2.0/opt/sphenix/utils/bin:/cvmfs/sphenix.sdcc.bnl.gov/alma9.2-gcc-14.2.0/opt/sphenix/core/bin:/cvmfs/sphenix.sdcc.bnl.gov/alma9.2-gcc-14.2.0/opt/sphenix/core/root-6.32.06/bin:/cvmfs/sphenix.sdcc.bnl.gov/alma9.2-gcc-14.2.0/opt/sphenix/core/geant4.10.07.p04/bin:/usr/local/bin:/usr/bin:/usr/local/sbin:/usr/sbin
SINGULARITY_CACHEDIR=/home/condor/local/sphnx/execute/dir_144253
_CONDOR_CHIRP_CONFIG=/home/condor/local/sphnx/execute/dir_144253/.chirp.config
_CONDOR_JOB_IWD=/sphenix/user/samfred/run25/ppg11/histmaking
G4ENSDFSTATEDATA=/cvmfs/sphenix.sdcc.bnl.gov/alma9.2-gcc-14.2.0/opt/sphenix/core/geant4.10.07.p04/share/Geant4-10.7.4/data/G4ENSDFSTATE2.3
_CONDOR_MACHINE_AD=/home/condor/local/sphnx/execute/dir_144253/.machine.ad
ROOT_MAX_THREADS=1
NUMEXPR_NUM_THREADS=1
CUBACORES=1
_CHIRP_DELAYED_UPDATE_PREFIX=Chirp*
OMP_THREAD_LIMIT=1
_CONDOR_ANCESTOR_144253=153136:1759352689:2444725403
G4PIIDATA=/cvmfs/sphenix.sdcc.bnl.gov/alma9.2-gcc-14.2.0/opt/sphenix/core/geant4.10.07.p04/share/Geant4-10.7.4/data/G4PII1.3
NO_AT_BRIDGE=1
G4_MAIN=/cvmfs/sphenix.sdcc.bnl.gov/alma9.2-gcc-14.2.0/opt/sphenix/core/geant4.10.07.p04
COMPILER_PATH=/cvmfs/sphenix.sdcc.bnl.gov/alma9.2-gcc-14.2.0/opt/sphenix/core/gcc/14.2.0-2f0a0/x86_64-el9
ROOT_INCLUDE_PATH=./:/sphenix/user/samfred/run25/install//include:/sphenix/user/samfred/run25/install//include/caloana:/sphenix/user/samfred/run25/install//include/qa_centrality:/sphenix/user/samfred/run25/install//include/mbdana:/sphenix/user/samfred/run25/install//include/centrality:/sphenix/user/samfred/run25/install//include/Event:/cvmfs/sphenix.sdcc.bnl.gov/alma9.2-gcc-14.2.0/release/release_new/new.10/include:/cvmfs/sphenix.sdcc.bnl.gov/alma9.2-gcc-14.2.0/release/release_new/new.10/include:/cvmfs/sphenix.sdcc.bnl.gov/alma9.2-gcc-14.2.0/release/release_new/new.10/include/g4mbd:/cvmfs/sphenix.sdcc.bnl.gov/alma9.2-gcc-14.2.0/release/release_new/new.10/include/fmt:/cvmfs/sphenix.sdcc.bnl.gov/alma9.2-gcc-14.2.0/release/release_new/new.10/include/ffarawobjects:/cvmfs/sphenix.sdcc.bnl.gov/alma9.2-gcc-14.2.0/release/release_new/new.10/include/JSON:/cvmfs/sphenix.sdcc.bnl.gov/alma9.2-gcc-14.2.0/release/release_new/new.10/include/calotreegen:/cvmfs/sphenix.sdcc.bnl.gov/alma9.2-gcc-14.2.0/release/release_new/new.10/include/torch:/cvmfs/sphenix.sdcc.bnl.gov/alma9.2-gcc-14.2.0/release/release_new/new.10/include/g4detectors:/cvmfs/sphenix.sdcc.bnl.gov/alma9.2-gcc-14.2.0/release/release_new/new.10/include/kineto:/cvmfs/sphenix.sdcc.bnl.gov/alma9.2-gcc-14.2.0/release/release_new/new.10/include/g4decayer:/cvmfs/sphenix.sdcc.bnl.gov/alma9.2-gcc-14.2.0/release/release_new/new.10/include/kfparticleqa:/cvmfs/sphenix.sdcc.bnl.gov/alma9.2-gcc-14.2.0/release/release_new/new.10/include/phfield:/cvmfs/sphenix.sdcc.bnl.gov/alma9.2-gcc-14.2.0/release/release_new/new.10/include/LHAPDF:/cvmfs/sphenix.sdcc.bnl.gov/alma9.2-gcc-14.2.0/release/release_new/new.10/include/readdigitalcurrents:/cvmfs/sphenix.sdcc.bnl.gov/alma9.2-gcc-14.2.0/release/release_new/new.10/include/c10:/cvmfs/sphenix.sdcc.bnl.gov/alma9.2-gcc-14.2.0/release/release_new/new.10/include/calovalid:/cvmfs/sphenix.sdcc.bnl.gov/alma9.2-gcc-14.2.0/release/release_new/new.10/include/oneapi:/cvmfs/sphenix.sdcc.bnl.gov/alma9.2-gcc-14.2.0/release/release_new/new.10/include/DDCond:/cvmfs/sphenix.sdcc.bnl.gov/alma9.2-gcc-14.2.0/release/release_new/new.10/include/g4tracking:/cvmfs/sphenix.sdcc.bnl.gov/alma9.2-gcc-14.2.0/release/release_new/new.10/include/litecaloeval:/cvmfs/sphenix.sdcc.bnl.gov/alma9.2-gcc-14.2.0/release/release_new/new.10/include/g4intt:/cvmfs/sphenix.sdcc.bnl.gov/alma9.2-gcc-14.2.0/release/release_new/new.10/include/phool:/cvmfs/sphenix.sdcc.bnl.gov/alma9.2-gcc-14.2.0/release/release_new/new.10/include/boost:/cvmfs/sphenix.sdcc.bnl.gov/alma9.2-gcc-14.2.0/release/release_new/new.10/include/Pythia8Plugins:/cvmfs/sphenix.sdcc.bnl.gov/alma9.2-gcc-14.2.0/release/release_new/new.10/include/calib_emc_pi0:/cvmfs/sphenix.sdcc.bnl.gov/alma9.2-gcc-14.2.0/release/release_new/new.10/include/hijingflipafterburner:/cvmfs/sphenix.sdcc.bnl.gov/alma9.2-gcc-14.2.0/release/release_new/new.10/include/ffaobjects:/cvmfs/sphenix.sdcc.bnl.gov/alma9.2-gcc-14.2.0/release/release_new/new.10/include/EvtGenBase:/cvmfs/sphenix.sdcc.bnl.gov/alma9.2-gcc-14.2.0/release/release_new/new.10/include/flowafterburner:/cvmfs/sphenix.sdcc.bnl.gov/alma9.2-gcc-14.2.0/release/release_new/new.10/include/google:/cvmfs/sphenix.sdcc.bnl.gov/alma9.2-gcc-14.2.0/release/release_new/new.10/include/g4tpc:/cvmfs/sphenix.sdcc.bnl.gov/alma9.2-gcc-14.2.0/release/release_new/new.10/include/caffe2:/cvmfs/sphenix.sdcc.bnl.gov/alma9.2-gcc-14.2.0/release/release_new/new.10/include/EvtGenExternal:/cvmfs/sphenix.sdcc.bnl.gov/alma9.2-gcc-14.2.0/release/release_new/new.10/include/fp16:/cvmfs/sphenix.sdcc.bnl.gov/alma9.2-gcc-14.2.0/release/release_new/new.10/include/ffamodules:/cvmfs/sphenix.sdcc.bnl.gov/alma9.2-gcc-14.2.0/release/release_new/new.10/include/uspin:/cvmfs/sphenix.sdcc.bnl.gov/alma9.2-gcc-14.2.0/release/release_new/new.10/include/Herwig:/cvmfs/sphenix.sdcc.bnl.gov/alma9.2-gcc-14.2.0/release/release_new/new.10/include/genfitexp:/cvmfs/sphenix.sdcc.bnl.gov/alma9.2-gcc-14.2.0/release/release_new/new.10/include/XML:/cvmfs/sphenix.sdcc.bnl.gov/alma9.2-gcc-14.2.0/release/release_new/new.10/include/fbgemm:/cvmfs/sphenix.sdcc.bnl.gov/alma9.2-gcc-14.2.0/release/release_new/new.10/include/DDAlign:/cvmfs/sphenix.sdcc.bnl.gov/alma9.2-gcc-14.2.0/release/release_new/new.10/include/g4mvtx:/cvmfs/sphenix.sdcc.bnl.gov/alma9.2-gcc-14.2.0/release/release_new/new.10/include/kfparticle_sphenix:/cvmfs/sphenix.sdcc.bnl.gov/alma9.2-gcc-14.2.0/release/release_new/new.10/include/fun4all:/cvmfs/sphenix.sdcc.bnl.gov/alma9.2-gcc-14.2.0/release/release_new/new.10/include/intt:/cvmfs/sphenix.sdcc.bnl.gov/alma9.2-gcc-14.2.0/release/release_new/new.10/include/eventdisplay:/cvmfs/sphenix.sdcc.bnl.gov/alma9.2-gcc-14.2.0/release/release_new/new.10/include/EvtGen:/cvmfs/sphenix.sdcc.bnl.gov/alma9.2-gcc-14.2.0/release/release_new/new.10/include/Evaluator:/cvmfs/sphenix.sdcc.bnl.gov/alma9.2-gcc-14.2.0/release/release_new/new.10/include/tpc:/cvmfs/sphenix.sdcc.bnl.gov/alma9.2-gcc-14.2.0/release/release_new/new.10/include/GenFit:/cvmfs/sphenix.sdcc.bnl.gov/alma9.2-gcc-14.2.0/release/release_new/new.10/include/prototype4:/cvmfs/sphenix.sdcc.bnl.gov/alma9.2-gcc-14.2.0/release/release_new/new.10/include/caloembedding:/cvmfs/sphenix.sdcc.bnl.gov/alma9.2-gcc-14.2.0/release/release_new/new.10/include/EvtGenModels:/cvmfs/sphenix.sdcc.bnl.gov/alma9.2-gcc-14.2.0/release/release_new/new.10/include/fastjet:/cvmfs/sphenix.sdcc.bnl.gov/alma9.2-gcc-14.2.0/release/release_new/new.10/include/DDG4:/cvmfs/sphenix.sdcc.bnl.gov/alma9.2-gcc-14.2.0/release/release_new/new.10/include/mbd:/cvmfs/sphenix.sdcc.bnl.gov/alma9.2-gcc-14.2.0/release/release_new/new.10/include/tbb:/cvmfs/sphenix.sdcc.bnl.gov/alma9.2-gcc-14.2.0/release/release_new/new.10/include/phgeom:/cvmfs/sphenix.sdcc.bnl.gov/alma9.2-gcc-14.2.0/release/release_new/new.10/include/g4epd:/cvmfs/sphenix.sdcc.bnl.gov/alma9.2-gcc-14.2.0/release/release_new/new.10/include/oncal:/cvmfs/sphenix.sdcc.bnl.gov/alma9.2-gcc-14.2.0/release/release_new/new.10/include/pybind11:/cvmfs/sphenix.sdcc.bnl.gov/alma9.2-gcc-14.2.0/release/release_new/new.10/include/tpcdistgenerator:/cvmfs/sphenix.sdcc.bnl.gov/alma9.2-gcc-14.2.0/release/release_new/new.10/include/cdbobjects:/cvmfs/sphenix.sdcc.bnl.gov/alma9.2-gcc-14.2.0/release/release_new/new.10/include/g4micromegas:/cvmfs/sphenix.sdcc.bnl.gov/alma9.2-gcc-14.2.0/release/release_new/new.10/include/g4eval:/cvmfs/sphenix.sdcc.bnl.gov/alma9.2-gcc-14.2.0/release/release_new/new.10/include/jetbackground:/cvmfs/sphenix.sdcc.bnl.gov/alma9.2-gcc-14.2.0/release/release_new/new.10/include/micromegas:/cvmfs/sphenix.sdcc.bnl.gov/alma9.2-gcc-14.2.0/release/release_new/new.10/include/hftrackefficiency:/cvmfs/sphenix.sdcc.bnl.gov/alma9.2-gcc-14.2.0/release/release_new/new.10/include/inttrawhitqa:/cvmfs/sphenix.sdcc.bnl.gov/alma9.2-gcc-14.2.0/release/release_new/new.10/include/centrality:/cvmfs/sphenix.sdcc.bnl.gov/alma9.2-gcc-14.2.0/release/release_new/new.10/include/epd:/cvmfs/sphenix.sdcc.bnl.gov/alma9.2-gcc-14.2.0/release/release_new/new.10/include/caloreco:/cvmfs/sphenix.sdcc.bnl.gov/alma9.2-gcc-14.2.0/release/release_new/new.10/include/HepMC:/cvmfs/sphenix.sdcc.bnl.gov/alma9.2-gcc-14.2.0/release/release_new/new.10/include/CLHEP:/cvmfs/sphenix.sdcc.bnl.gov/alma9.2-gcc-14.2.0/release/release_new/new.10/include/Acts:/cvmfs/sphenix.sdcc.bnl.gov/alma9.2-gcc-14.2.0/release/release_new/new.10/include/g4histos:/cvmfs/sphenix.sdcc.bnl.gov/alma9.2-gcc-14.2.0/release/release_new/new.10/include/eventplaneinfo:/cvmfs/sphenix.sdcc.bnl.gov/alma9.2-gcc-14.2.0/release/release_new/new.10/include/fillspacechargemaps:/cvmfs/sphenix.sdcc.bnl.gov/alma9.2-gcc-14.2.0/release/release_new/new.10/include/phhepmc:/cvmfs/sphenix.sdcc.bnl.gov/alma9.2-gcc-14.2.0/release/release_new/new.10/include/trackingqa:/cvmfs/sphenix.sdcc.bnl.gov/alma9.2-gcc-14.2.0/release/release_new/new.10/include/qautils:/cvmfs/sphenix.sdcc.bnl.gov/alma9.2-gcc-14.2.0/release/release_new/new.10/include/trackreco:/cvmfs/sphenix.sdcc.bnl.gov/alma9.2-gcc-14.2.0/release/release_new/new.10/include/g4ohcal:/cvmfs/sphenix.sdcc.bnl.gov/alma9.2-gcc-14.2.0/release/release_new/new.10/include/tpcdvcalib:/cvmfs/sphenix.sdcc.bnl.gov/alma9.2-gcc-14.2.0/release/release_new/new.10/include/zdcinfo:/cvmfs/sphenix.sdcc.bnl.gov/alma9.2-gcc-14.2.0/release/release_new/new.10/include/phpythia8:/cvmfs/sphenix.sdcc.bnl.gov/alma9.2-gcc-14.2.0/release/release_new/new.10/include/fun4allutils:/cvmfs/sphenix.sdcc.bnl.gov/alma9.2-gcc-14.2.0/release/release_new/new.10/include/tpcqa:/cvmfs/sphenix.sdcc.bnl.gov/alma9.2-gcc-14.2.0/release/release_new/new.10/include/Pythia8:/cvmfs/sphenix.sdcc.bnl.gov/alma9.2-gcc-14.2.0/release/release_new/new.10/include/DDRec:/cvmfs/sphenix.sdcc.bnl.gov/alma9.2-gcc-14.2.0/release/release_new/new.10/include/DDDigi:/cvmfs/sphenix.sdcc.bnl.gov/alma9.2-gcc-14.2.0/release/release_new/new.10/include/g4ihcal:/cvmfs/sphenix.sdcc.bnl.gov/alma9.2-gcc-14.2.0/release/release_new/new.10/include/frog:/cvmfs/sphenix.sdcc.bnl.gov/alma9.2-gcc-14.2.0/release/release_new/new.10/include/eigen3:/cvmfs/sphenix.sdcc.bnl.gov/alma9.2-gcc-14.2.0/release/release_new/new.10/include/tensorpipe:/cvmfs/sphenix.sdcc.bnl.gov/alma9.2-gcc-14.2.0/release/release_new/new.10/include/sphenixnpc:/cvmfs/sphenix.sdcc.bnl.gov/alma9.2-gcc-14.2.0/release/release_new/new.10/include/siscone:/cvmfs/sphenix.sdcc.bnl.gov/alma9.2-gcc-14.2.0/release/release_new/new.10/include/pmonitor:/cvmfs/sphenix.sdcc.bnl.gov/alma9.2-gcc-14.2.0/release/release_new/new.10/include/calobase:/cvmfs/sphenix.sdcc.bnl.gov/alma9.2-gcc-14.2.0/release/release_new/new.10/include/ActsExamples:/cvmfs/sphenix.sdcc.bnl.gov/alma9.2-gcc-14.2.0/release/release_new/new.10/include/g4gdml:/cvmfs/sphenix.sdcc.bnl.gov/alma9.2-gcc-14.2.0/release/release_new/new.10/include/mvtx_decoder:/cvmfs/sphenix.sdcc.bnl.gov/alma9.2-gcc-14.2.0/release/release_new/new.10/include/ROOT:/cvmfs/sphenix.sdcc.bnl.gov/alma9.2-gcc-14.2.0/release/release_new/new.10/include/phparameter:/cvmfs/sphenix.sdcc.bnl.gov/alma9.2-gcc-14.2.0/release/release_new/new.10/include/rsa:/cvmfs/sphenix.sdcc.bnl.gov/alma9.2-gcc-14.2.0/release/release_new/new.10/include/fun4allraw:/cvmfs/sphenix.sdcc.bnl.gov/alma9.2-gcc-14.2.0/release/release_new/new.10/include/trackbase_historic:/cvmfs/sphenix.sdcc.bnl.gov/alma9.2-gcc-14.2.0/release/release_new/new.10/include/g4jets:/cvmfs/sphenix.sdcc.bnl.gov/alma9.2-gcc-14.2.0/release/release_new/new.10/include/jetqa:/cvmfs/sphenix.sdcc.bnl.gov/alma9.2-gcc-14.2.0/release/release_new/new.10/include/phoolraw:/cvmfs/sphenix.sdcc.bnl.gov/alma9.2-gcc-14.2.0/release/release_new/new.10/include/g4calo:/cvmfs/sphenix.sdcc.bnl.gov/alma9.2-gcc-14.2.0/release/release_new/new.10/include/mvtxrawhitqa:/cvmfs/sphenix.sdcc.bnl.gov/alma9.2-gcc-14.2.0/release/release_new/new.10/include/HepMC3:/cvmfs/sphenix.sdcc.bnl.gov/alma9.2-gcc-14.2.0/release/release_new/new.10/include/calowaveformsim:/cvmfs/sphenix.sdcc.bnl.gov/alma9.2-gcc-14.2.0/release/release_new/new.10/include/g4caloprototype:/cvmfs/sphenix.sdcc.bnl.gov/alma9.2-gcc-14.2.0/release/release_new/new.10/include/pdbcalbase:/cvmfs/sphenix.sdcc.bnl.gov/alma9.2-gcc-14.2.0/release/release_new/new.10/include/gsl:/cvmfs/sphenix.sdcc.bnl.gov/alma9.2-gcc-14.2.0/release/release_new/new.10/include/nodedump:/cvmfs/sphenix.sdcc.bnl.gov/alma9.2-gcc-14.2.0/release/release_new/new.10/include/emcnoisytowerfinder:/cvmfs/sphenix.sdcc.bnl.gov/alma9.2-gcc-14.2.0/release/release_new/new.10/include/ActsFatras:/cvmfs/sphenix.sdcc.bnl.gov/alma9.2-gcc-14.2.0/release/release_new/new.10/include/ffarawmodules:/cvmfs/sphenix.sdcc.bnl.gov/alma9.2-gcc-14.2.0/release/release_new/new.10/include/Event:/cvmfs/sphenix.sdcc.bnl.gov/alma9.2-gcc-14.2.0/release/release_new/new.10/include/prototype3:/cvmfs/sphenix.sdcc.bnl.gov/alma9.2-gcc-14.2.0/release/release_new/new.10/include/fermimotionafterburner:/cvmfs/sphenix.sdcc.bnl.gov/alma9.2-gcc-14.2.0/release/release_new/new.10/include/Photos:/cvmfs/sphenix.sdcc.bnl.gov/alma9.2-gcc-14.2.0/release/release_new/new.10/include/xingshiftcal:/cvmfs/sphenix.sdcc.bnl.gov/alma9.2-gcc-14.2.0/release/release_new/new.10/include/trackbase:/cvmfs/sphenix.sdcc.bnl.gov/alma9.2-gcc-14.2.0/release/release_new/new.10/include/jetdstskimmer:/cvmfs/sphenix.sdcc.bnl.gov/alma9.2-gcc-14.2.0/release/release_new/new.10/include/clusteriso:/cvmfs/sphenix.sdcc.bnl.gov/alma9.2-gcc-14.2.0/release/release_new/new.10/include/asmjit:/cvmfs/sphenix.sdcc.bnl.gov/alma9.2-gcc-14.2.0/release/release_new/new.10/include/particleflowreco:/cvmfs/sphenix.sdcc.bnl.gov/alma9.2-gcc-14.2.0/release/release_new/new.10/include/tpchittrackdisplay:/cvmfs/sphenix.sdcc.bnl.gov/alma9.2-gcc-14.2.0/release/release_new/new.10/include/caloana:/cvmfs/sphenix.sdcc.bnl.gov/alma9.2-gcc-14.2.0/release/release_new/new.10/include/calotrigger:/cvmfs/sphenix.sdcc.bnl.gov/alma9.2-gcc-14.2.0/release/release_new/new.10/include/nopayloadclient:/cvmfs/sphenix.sdcc.bnl.gov/alma9.2-gcc-14.2.0/release/release_new/new.10/include/trackermillepedealignment:/cvmfs/sphenix.sdcc.bnl.gov/alma9.2-gcc-14.2.0/release/release_new/new.10/include/DD4hep:/cvmfs/sphenix.sdcc.bnl.gov/alma9.2-gcc-14.2.0/release/release_new/new.10/include/g4trackfastsim:/cvmfs/sphenix.sdcc.bnl.gov/alma9.2-gcc-14.2.0/release/release_new/new.10/include/prototype2:/cvmfs/sphenix.sdcc.bnl.gov/alma9.2-gcc-14.2.0/release/release_new/new.10/include/ATen:/cvmfs/sphenix.sdcc.bnl.gov/alma9.2-gcc-14.2.0/release/release_new/new.10/include/g4main:/cvmfs/sphenix.sdcc.bnl.gov/alma9.2-gcc-14.2.0/release/release_new/new.10/include/Tauola:/cvmfs/sphenix.sdcc.bnl.gov/alma9.2-gcc-14.2.0/release/release_new/new.10/include/inttcalib:/cvmfs/sphenix.sdcc.bnl.gov/alma9.2-gcc-14.2.0/release/release_new/new.10/include/reactionplaneafterburner:/cvmfs/sphenix.sdcc.bnl.gov/alma9.2-gcc-14.2.0/release/release_new/new.10/include/globalqa:/cvmfs/sphenix.sdcc.bnl.gov/alma9.2-gcc-14.2.0/release/release_new/new.10/include/tpccalib:/cvmfs/sphenix.sdcc.bnl.gov/alma9.2-gcc-14.2.0/release/release_new/new.10/include/DDSegmentation:/cvmfs/sphenix.sdcc.bnl.gov/alma9.2-gcc-14.2.0/release/release_new/new.10/include/decayfinder:/cvmfs/sphenix.sdcc.bnl.gov/alma9.2-gcc-14.2.0/release/release_new/new.10/include/compressclus:/cvmfs/sphenix.sdcc.bnl.gov/alma9.2-gcc-14.2.0/release/release_new/new.10/include/simqa_modules:/cvmfs/sphenix.sdcc.bnl.gov/alma9.2-gcc-14.2.0/release/release_new/new.10/include/resonancejettagging:/cvmfs/sphenix.sdcc.bnl.gov/alma9.2-gcc-14.2.0/release/release_new/new.10/include/g4centrality:/cvmfs/sphenix.sdcc.bnl.gov/alma9.2-gcc-14.2.0/release/release_new/new.10/include/mvtx:/cvmfs/sphenix.sdcc.bnl.gov/alma9.2-gcc-14.2.0/release/release_new/new.10/include/nlohmann:/cvmfs/sphenix.sdcc.bnl.gov/alma9.2-gcc-14.2.0/release/release_new/new.10/include/localpoloffmon:/cvmfs/sphenix.sdcc.bnl.gov/alma9.2-gcc-14.2.0/release/release_new/new.10/include/DDEve:/cvmfs/sphenix.sdcc.bnl.gov/alma9.2-gcc-14.2.0/release/release_new/new.10/include/Parsers:/cvmfs/sphenix.sdcc.bnl.gov/alma9.2-gcc-14.2.0/release/release_new/new.10/include/trackingdiagnostics:/cvmfs/sphenix.sdcc.bnl.gov/alma9.2-gcc-14.2.0/release/release_new/new.10/include/g4vertex:/cvmfs/sphenix.sdcc.bnl.gov/alma9.2-gcc-14.2.0/release/release_new/new.10/include/jetbase:/cvmfs/sphenix.sdcc.bnl.gov/alma9.2-gcc-14.2.0/release/release_new/new.10/include/globalvertex:/cvmfs/sphenix.sdcc.bnl.gov/alma9.2-gcc-14.2.0/release/release_new/new.10/include/phgenfit:/cvmfs/sphenix.sdcc.bnl.gov/alma9.2-gcc-14.2.0/release/release_new/new.10/include/rawbcolumi:/cvmfs/sphenix.sdcc.bnl.gov/alma9.2-gcc-14.2.0/release/release_new/new.10/include/eicsmear:/cvmfs/sphenix.sdcc.bnl.gov/alma9.2-gcc-14.2.0/release/release_new/new.10/include/mvtxcalib:/cvmfs/sphenix.sdcc.bnl.gov/alma9.2-gcc-14.2.0/release/release_new/new.10/include/tpclinelaserdiode:/cvmfs/sphenix.sdcc.bnl.gov/alma9.2-gcc-14.2.0/release/release_new/new.10/include/hepmcjettrigger:/cvmfs/sphenix.sdcc.bnl.gov/alma9.2-gcc-14.2.0/release/release_new/new.10/include/core:/cvmfs/sphenix.sdcc.bnl.gov/alma9.2-gcc-14.2.0/release/release_new/new.10/include/calo_cdb:/cvmfs/sphenix.sdcc.bnl.gov/alma9.2-gcc-14.2.0/release/release_new/new.10/include/mvtxclustershapesqa:/cvmfs/sphenix.sdcc.bnl.gov/alma9.2-gcc-14.2.0/release/release_new/new.10/include/calopacketskimmer:/cvmfs/sphenix.sdcc.bnl.gov/alma9.2-gcc-14.2.0/opt/sphenix/core/geant4.10.07.p04/include:/cvmfs/sphenix.sdcc.bnl.gov/alma9.2-gcc-14.2.0/release/release_new/new.10/rootmacros:/cvmfs/sphenix.sdcc.bnl.gov/alma9.2-gcc-14.2.0/opt/sphenix/core/include
GSEARCHPATH=.:PG:LUSTRE:RAWDATA
PWD=/gpfs/mnt/gpfs02/sphenix/user/samfred/run25/ppg11/histmaking
LOGNAME=samfred
_CONDOR_JOB_AD=/home/condor/local/sphnx/execute/dir_144253/.job.ad
MANPATH=/cvmfs/sphenix.sdcc.bnl.gov/alma9.2-gcc-14.2.0/opt/sphenix/core/gcc/14.2.0-2f0a0/x86_64-el9/share/man:/cvmfs/sphenix.sdcc.bnl.gov/alma9.2-gcc-14.2.0/opt/sphenix/core/binutils/2.40-acaab/x86_64-el9/share/man:/cvmfs/sphenix.sdcc.bnl.gov/alma9.2-gcc-14.2.0/release/release_new/new.10/share/man:/cvmfs/sphenix.sdcc.bnl.gov/alma9.2-gcc-14.2.0/opt/sphenix/utils/share/man:/cvmfs/sphenix.sdcc.bnl.gov/alma9.2-gcc-14.2.0/opt/sphenix/core/share/man:/cvmfs/sphenix.sdcc.bnl.gov/alma9.2-gcc-14.2.0/opt/sphenix/core/root-6.32.06/man:/usr/local/share/man:/usr/share/man
PYTHIA8=/cvmfs/sphenix.sdcc.bnl.gov/alma9.2-gcc-14.2.0/release/release_new/new.10/share/Pythia8
G4INCLDATA=/cvmfs/sphenix.sdcc.bnl.gov/alma9.2-gcc-14.2.0/opt/sphenix/core/geant4.10.07.p04/share/Geant4-10.7.4/data/G4INCL1.0
ORIG_PATH=/usr/local/bin:/usr/bin
CXX=/cvmfs/sphenix.sdcc.bnl.gov/alma9.2-gcc-14.2.0/opt/sphenix/core/gcc/14.2.0-2f0a0/x86_64-el9/bin/g++
G4LEDATA=/cvmfs/sphenix.sdcc.bnl.gov/alma9.2-gcc-14.2.0/opt/sphenix/core/geant4.10.07.p04/share/Geant4-10.7.4/data/G4EMLOW7.13
PYTHON_CPU_COUNT=1
OPENBLAS_NUM_THREADS=1
_CONDOR_BIN=/usr/bin
HOME=/sphenix/u/samfred
G4PARTICLEXSDATA=/cvmfs/sphenix.sdcc.bnl.gov/alma9.2-gcc-14.2.0/opt/sphenix/core/geant4.10.07.p04/share/Geant4-10.7.4/data/G4PARTICLEXS3.1.1
ONLINE_MAIN=/cvmfs/sphenix.sdcc.bnl.gov/alma9.2-gcc-14.2.0/release/release_new/new.10
CALIBRATIONROOT=/cvmfs/sphenix.sdcc.bnl.gov/alma9.2-gcc-14.2.0/release/release_new/new.10/share/calibrations
TMPDIR=/tmp
_CONDOR_SCRATCH_DIR=/home/condor/local/sphnx/execute/dir_144253
PGUSER=phnxrc
NOPAYLOADCLIENT_CONF=/cvmfs/sphenix.sdcc.bnl.gov/alma9.2-gcc-14.2.0/opt/sphenix/core/etc/sPHENIX_newcdb.json
XERCESCROOT=/cvmfs/sphenix.sdcc.bnl.gov/alma9.2-gcc-14.2.0/opt/sphenix/core/geant4.10.07.p04
LHAPATH=/cvmfs/sphenix.sdcc.bnl.gov/alma9.2-gcc-14.2.0/opt/sphenix/core/lhapdf-5.9.1/share/lhapdf/PDFsets
G4NEUTRONHPDATA=/cvmfs/sphenix.sdcc.bnl.gov/alma9.2-gcc-14.2.0/opt/sphenix/core/geant4.10.07.p04/share/Geant4-10.7.4/data/G4NDL4.6
PYTHONPATH=.:/cvmfs/sphenix.sdcc.bnl.gov/alma9.2-gcc-14.2.0/release/release_new/new.10/lib/python3.13/site-packages:/cvmfs/sphenix.sdcc.bnl.gov/alma9.2-gcc-14.2.0/opt/sphenix/core/lib/python3.13/site-packages:/cvmfs/sphenix.sdcc.bnl.gov/alma9.2-gcc-14.2.0/opt/sphenix/core/root-6.32.06/lib
USER=samfred
_CONDOR_JOB_PIDS=
TEMP=/tmp
GOMAXPROCS=1
OFFLINE_MAIN=/cvmfs/sphenix.sdcc.bnl.gov/alma9.2-gcc-14.2.0/release/release_new/new.10
SHLVL=1
TF_NUM_THREADS=1
G4SAIDXSDATA=/cvmfs/sphenix.sdcc.bnl.gov/alma9.2-gcc-14.2.0/opt/sphenix/core/geant4.10.07.p04/share/Geant4-10.7.4/data/G4SAIDDATA2.0
APPTAINER_CACHEDIR=/home/condor/local/sphnx/execute/dir_144253
ROOTSYS=/cvmfs/sphenix.sdcc.bnl.gov/alma9.2-gcc-14.2.0/opt/sphenix/core/root-6.32.06
BATCH_SYSTEM=HTCondor
_CONDOR_ANCESTOR_301365=144253:1759352688:393824897
_CONDOR_SLOT=slot1_10
LD_LIBRARY_PATH=/sphenix/user/samfred/run25/install//lib:/cvmfs/sphenix.sdcc.bnl.gov/alma9.2-gcc-14.2.0/opt/sphenix/core/gcc/14.2.0-2f0a0/x86_64-el9/lib:/cvmfs/sphenix.sdcc.bnl.gov/alma9.2-gcc-14.2.0/opt/sphenix/core/gcc/14.2.0-2f0a0/x86_64-el9/lib64:/cvmfs/sphenix.sdcc.bnl.gov/alma9.2-gcc-14.2.0/opt/sphenix/core/binutils/2.40-acaab/x86_64-el9/lib:.:/cvmfs/sphenix.sdcc.bnl.gov/alma9.2-gcc-14.2.0/release/release_new/new.10/lib64:/cvmfs/sphenix.sdcc.bnl.gov/alma9.2-gcc-14.2.0/release/release_new/new.10/lib:/cvmfs/sphenix.sdcc.bnl.gov/alma9.2-gcc-14.2.0/opt/sphenix/utils/lib:/cvmfs/sphenix.sdcc.bnl.gov/alma9.2-gcc-14.2.0/opt/sphenix/core/lib:/cvmfs/sphenix.sdcc.bnl.gov/alma9.2-gcc-14.2.0/opt/sphenix/core/root-6.32.06/lib:/cvmfs/sphenix.sdcc.bnl.gov/alma9.2-gcc-14.2.0/opt/sphenix/core/geant4.10.07.p04/lib64:/cvmfs/sphenix.sdcc.bnl.gov/alma9.2-gcc-14.2.0/opt/sphenix/core/lhapdf-5.9.1/lib:/usr/local/lib64:/usr/lib64
OPT_SPHENIX=/cvmfs/sphenix.sdcc.bnl.gov/alma9.2-gcc-14.2.0/opt/sphenix/core
TF_LOOP_PARALLEL_ITERATIONS=1
EVT_LIB=/cvmfs/sphenix.sdcc.bnl.gov/alma9.2-gcc-14.2.0/opt/sphenix/core/root-6.32.06/lib
PGHOST=sphnxdbmaster.sdcc.bnl.gov
OMP_NUM_THREADS=1
G4REALSURFACEDATA=/cvmfs/sphenix.sdcc.bnl.gov/alma9.2-gcc-14.2.0/opt/sphenix/core/geant4.10.07.p04/share/Geant4-10.7.4/data/RealSurface2.2
FC=/cvmfs/sphenix.sdcc.bnl.gov/alma9.2-gcc-14.2.0/opt/sphenix/core/gcc/14.2.0-2f0a0/x86_64-el9/bin/gfortran
G4ABLADATA=/cvmfs/sphenix.sdcc.bnl.gov/alma9.2-gcc-14.2.0/opt/sphenix/core/geant4.10.07.p04/share/Geant4-10.7.4/data/G4ABLA3.1
_CONDOR_ANCESTOR_301330=301365:1756523315:738364075
PARASOFT=doesnotexist
TMP=/tmp
OPT_UTILS=/cvmfs/sphenix.sdcc.bnl.gov/alma9.2-gcc-14.2.0/opt/sphenix/utils
CONFIG_SITE=/cvmfs/sphenix.sdcc.bnl.gov/alma9.2-gcc-14.2.0/opt/sphenix/core/etc/config.site
PATH=/sphenix/user/samfred/run25/install//bin:/cvmfs/sphenix.sdcc.bnl.gov/alma9.2-gcc-14.2.0/opt/sphenix/core/gcc/14.2.0-2f0a0/x86_64-el9/bin:/cvmfs/sphenix.sdcc.bnl.gov/alma9.2-gcc-14.2.0/opt/sphenix/core/binutils/2.40-acaab/x86_64-el9/bin:.:/cvmfs/sphenix.sdcc.bnl.gov/alma9.2-gcc-14.2.0/release/release_new/new.10/bin:/cvmfs/sphenix.sdcc.bnl.gov/alma9.2-gcc-14.2.0/opt/sphenix/utils/bin:/cvmfs/sphenix.sdcc.bnl.gov/alma9.2-gcc-14.2.0/opt/sphenix/core/bin:/cvmfs/sphenix.sdcc.bnl.gov/alma9.2-gcc-14.2.0/opt/sphenix/core/root-6.32.06/bin:/cvmfs/sphenix.sdcc.bnl.gov/alma9.2-gcc-14.2.0/opt/sphenix/core/geant4.10.07.p04/bin:/usr/local/bin:/usr/bin:/usr/local/sbin:/usr/sbin
G4LEVELGAMMADATA=/cvmfs/sphenix.sdcc.bnl.gov/alma9.2-gcc-14.2.0/opt/sphenix/core/geant4.10.07.p04/share/Geant4-10.7.4/data/PhotonEvaporation5.7
CC=/cvmfs/sphenix.sdcc.bnl.gov/alma9.2-gcc-14.2.0/opt/sphenix/core/gcc/14.2.0-2f0a0/x86_64-el9/bin/gcc
G4RADIOACTIVEDATA=/cvmfs/sphenix.sdcc.bnl.gov/alma9.2-gcc-14.2.0/opt/sphenix/core/geant4.10.07.p04/share/Geant4-10.7.4/data/RadioactiveDecay5.6
JULIA_NUM_THREADS=1
MKL_NUM_THREADS=1
LHAPDF_DATA_PATH=/cvmfs/sphenix.sdcc.bnl.gov/alma9.2-gcc-14.2.0/release/release_new/new.10/share/LHAPDF
XPLOAD_CONFIG_DIR=/cvmfs/sphenix.sdcc.bnl.gov/alma9.2-gcc-14.2.0/opt/sphenix/core/etc
OLDPWD=/cvmfs/sphenix.sdcc.bnl.gov/alma9.2-gcc-14.2.0/release/release_new/new.10/geant4
_=/usr/bin/printenv
runnumber...
48455
trigger...

   ------------------------------------------------------------------
  | Welcome to ROOT 6.32.06                        https://root.cern |
  | (c) 1995-2024, The ROOT Team; conception: R. Brun, F. Rademakers |
  | Built for linuxx8664gcc on Dec 13 2024, 17:23:48                 |
  | From tags/6-32-06@6-32-06                                        |
  | With g++ (GCC) 14.2.0                                            |
  | Try '.help'/'.?', '.demo', '.license', '.credits', '.quit'/'.q'  |
   ------------------------------------------------------------------


Processing data_histmaker.C(48455)...
entry 5000/5940181 (0.0841725%)
entry 8000/5940181 (0.134676%)
entry 9000/5940181 (0.151511%)
entry 14000/5940181 (0.235683%)
entry 26000/5940181 (0.437697%)
entry 27000/5940181 (0.454532%)
entry 30000/5940181 (0.505035%)
entry 31000/5940181 (0.52187%)
entry 32000/5940181 (0.538704%)
entry 34000/5940181 (0.572373%)
entry 38000/5940181 (0.639711%)
entry 41000/5940181 (0.690215%)
entry 47000/5940181 (0.791222%)
entry 48000/5940181 (0.808056%)
entry 54000/5940181 (0.909063%)
entry 61000/5940181 (1.0269%)
entry 62000/5940181 (1.04374%)
entry 63000/5940181 (1.06057%)
entry 65000/5940181 (1.09424%)
entry 69000/5940181 (1.16158%)
entry 78000/5940181 (1.31309%)
entry 79000/5940181 (1.32993%)
entry 80000/5940181 (1.34676%)
entry 84000/5940181 (1.4141%)
entry 87000/5940181 (1.4646%)
entry 93000/5940181 (1.56561%)
entry 94000/5940181 (1.58244%)
entry 99000/5940181 (1.66662%)
entry 100000/5940181 (1.68345%)
entry 102000/5940181 (1.71712%)
entry 103000/5940181 (1.73395%)
entry 117000/5940181 (1.96964%)
entry 118000/5940181 (1.98647%)
entry 123000/5940181 (2.07064%)
entry 124000/5940181 (2.08748%)
entry 126000/5940181 (2.12115%)
entry 128000/5940181 (2.15482%)
entry 129000/5940181 (2.17165%)
entry 130000/5940181 (2.18849%)
entry 132000/5940181 (2.22215%)
entry 134000/5940181 (2.25582%)
entry 138000/5940181 (2.32316%)
entry 140000/5940181 (2.35683%)
entry 146000/5940181 (2.45784%)
entry 148000/5940181 (2.49151%)
entry 149000/5940181 (2.50834%)
entry 155000/5940181 (2.60935%)
entry 157000/5940181 (2.64302%)
entry 159000/5940181 (2.67669%)
entry 160000/5940181 (2.69352%)
entry 162000/5940181 (2.72719%)
entry 171000/5940181 (2.8787%)
entry 172000/5940181 (2.89553%)
entry 175000/5940181 (2.94604%)
entry 176000/5940181 (2.96287%)
entry 177000/5940181 (2.97971%)
entry 178000/5940181 (2.99654%)
entry 180000/5940181 (3.03021%)
entry 183000/5940181 (3.08071%)
entry 185000/5940181 (3.11438%)
entry 186000/5940181 (3.13122%)
entry 190000/5940181 (3.19856%)
entry 195000/5940181 (3.28273%)
entry 196000/5940181 (3.29956%)
entry 197000/5940181 (3.3164%)
entry 198000/5940181 (3.33323%)
entry 208000/5940181 (3.50158%)
entry 209000/5940181 (3.51841%)
entry 210000/5940181 (3.53525%)
entry 211000/5940181 (3.55208%)
entry 213000/5940181 (3.58575%)
entry 214000/5940181 (3.60258%)
entry 220000/5940181 (3.70359%)
entry 224000/5940181 (3.77093%)
entry 225000/5940181 (3.78776%)
entry 227000/5940181 (3.82143%)
entry 228000/5940181 (3.83827%)
entry 229000/5940181 (3.8551%)
entry 231000/5940181 (3.88877%)
entry 234000/5940181 (3.93927%)
entry 236000/5940181 (3.97294%)
entry 237000/5940181 (3.98978%)
entry 239000/5940181 (4.02345%)
entry 241000/5940181 (4.05712%)
entry 248000/5940181 (4.17496%)
entry 252000/5940181 (4.2423%)
entry 256000/5940181 (4.30963%)
entry 257000/5940181 (4.32647%)
entry 258000/5940181 (4.3433%)
entry 259000/5940181 (4.36014%)
entry 262000/5940181 (4.41064%)
entry 263000/5940181 (4.42747%)
entry 264000/5940181 (4.44431%)
entry 265000/5940181 (4.46114%)
entry 267000/5940181 (4.49481%)
entry 268000/5940181 (4.51165%)
entry 271000/5940181 (4.56215%)
entry 277000/5940181 (4.66316%)
entry 280000/5940181 (4.71366%)
entry 282000/5940181 (4.74733%)
entry 283000/5940181 (4.76416%)
entry 287000/5940181 (4.8315%)
entry 292000/5940181 (4.91568%)
entry 299000/5940181 (5.03352%)
entry 305000/5940181 (5.13452%)
entry 310000/5940181 (5.2187%)
entry 311000/5940181 (5.23553%)
entry 312000/5940181 (5.25237%)
entry 313000/5940181 (5.2692%)
entry 314000/5940181 (5.28603%)
entry 315000/5940181 (5.30287%)
entry 316000/5940181 (5.3197%)
entry 318000/5940181 (5.35337%)
entry 321000/5940181 (5.40388%)
entry 322000/5940181 (5.42071%)
entry 325000/5940181 (5.47121%)
entry 327000/5940181 (5.50488%)
entry 329000/5940181 (5.53855%)
entry 330000/5940181 (5.55539%)
entry 333000/5940181 (5.60589%)
entry 334000/5940181 (5.62272%)
entry 337000/5940181 (5.67323%)
entry 338000/5940181 (5.69006%)
entry 350000/5940181 (5.89208%)
entry 354000/5940181 (5.95941%)
entry 355000/5940181 (5.97625%)
entry 356000/5940181 (5.99308%)
entry 362000/5940181 (6.09409%)
entry 365000/5940181 (6.14459%)
entry 368000/5940181 (6.1951%)
entry 370000/5940181 (6.22877%)
entry 372000/5940181 (6.26244%)
entry 374000/5940181 (6.2961%)
entry 375000/5940181 (6.31294%)
entry 380000/5940181 (6.39711%)
entry 385000/5940181 (6.48128%)
entry 386000/5940181 (6.49812%)
entry 392000/5940181 (6.59913%)
entry 393000/5940181 (6.61596%)
entry 395000/5940181 (6.64963%)
entry 397000/5940181 (6.6833%)
entry 398000/5940181 (6.70013%)
entry 399000/5940181 (6.71697%)
entry 404000/5940181 (6.80114%)
entry 411000/5940181 (6.91898%)
entry 417000/5940181 (7.01999%)
entry 418000/5940181 (7.03682%)
entry 425000/5940181 (7.15466%)
entry 428000/5940181 (7.20517%)
entry 433000/5940181 (7.28934%)
entry 434000/5940181 (7.30617%)
entry 435000/5940181 (7.32301%)
entry 436000/5940181 (7.33984%)
entry 441000/5940181 (7.42402%)
entry 443000/5940181 (7.45769%)
entry 445000/5940181 (7.49135%)
entry 448000/5940181 (7.54186%)
entry 455000/5940181 (7.6597%)
entry 462000/5940181 (7.77754%)
entry 469000/5940181 (7.89538%)
entry 473000/5940181 (7.96272%)
entry 479000/5940181 (8.06373%)
entry 480000/5940181 (8.08056%)
entry 481000/5940181 (8.0974%)
entry 482000/5940181 (8.11423%)
entry 487000/5940181 (8.1984%)
entry 488000/5940181 (8.21524%)
entry 491000/5940181 (8.26574%)
entry 497000/5940181 (8.36675%)
entry 498000/5940181 (8.38358%)
entry 499000/5940181 (8.40042%)
entry 502000/5940181 (8.45092%)
entry 503000/5940181 (8.46776%)
entry 510000/5940181 (8.5856%)
entry 519000/5940181 (8.73711%)
entry 520000/5940181 (8.75394%)
entry 521000/5940181 (8.77078%)
entry 523000/5940181 (8.80445%)
entry 525000/5940181 (8.83811%)
entry 527000/5940181 (8.87178%)
entry 529000/5940181 (8.90545%)
entry 530000/5940181 (8.92229%)
entry 532000/5940181 (8.95596%)
entry 533000/5940181 (8.97279%)
entry 537000/5940181 (9.04013%)
entry 539000/5940181 (9.0738%)
entry 540000/5940181 (9.09063%)
entry 542000/5940181 (9.1243%)
entry 553000/5940181 (9.30948%)
entry 556000/5940181 (9.35998%)
entry 559000/5940181 (9.41049%)
entry 561000/5940181 (9.44416%)
entry 564000/5940181 (9.49466%)
entry 566000/5940181 (9.52833%)
entry 568000/5940181 (9.562%)
entry 570000/5940181 (9.59567%)
entry 572000/5940181 (9.62934%)
entry 574000/5940181 (9.66301%)
entry 585000/5940181 (9.84818%)
entry 586000/5940181 (9.86502%)
entry 588000/5940181 (9.89869%)
entry 590000/5940181 (9.93236%)
entry 591000/5940181 (9.94919%)
entry 593000/5940181 (9.98286%)
entry 594000/5940181 (9.9997%)
entry 597000/5940181 (10.0502%)
entry 605000/5940181 (10.1849%)
entry 609000/5940181 (10.2522%)
entry 610000/5940181 (10.269%)
entry 617000/5940181 (10.3869%)
entry 621000/5940181 (10.4542%)
entry 626000/5940181 (10.5384%)
entry 628000/5940181 (10.5721%)
entry 632000/5940181 (10.6394%)
entry 640000/5940181 (10.7741%)
entry 642000/5940181 (10.8078%)
entry 643000/5940181 (10.8246%)
entry 644000/5940181 (10.8414%)
entry 650000/5940181 (10.9424%)
entry 654000/5940181 (11.0098%)
entry 656000/5940181 (11.0434%)
entry 659000/5940181 (11.0939%)
entry 661000/5940181 (11.1276%)
entry 668000/5940181 (11.2454%)
entry 677000/5940181 (11.397%)
entry 684000/5940181 (11.5148%)
entry 687000/5940181 (11.5653%)
entry 689000/5940181 (11.599%)
entry 690000/5940181 (11.6158%)
entry 693000/5940181 (11.6663%)
entry 699000/5940181 (11.7673%)
entry 701000/5940181 (11.801%)
entry 705000/5940181 (11.8683%)
entry 707000/5940181 (11.902%)
entry 708000/5940181 (11.9188%)
entry 711000/5940181 (11.9693%)
entry 712000/5940181 (11.9862%)
entry 715000/5940181 (12.0367%)
entry 719000/5940181 (12.104%)
entry 720000/5940181 (12.1208%)
entry 733000/5940181 (12.3397%)
entry 734000/5940181 (12.3565%)
entry 739000/5940181 (12.4407%)
entry 742000/5940181 (12.4912%)
entry 748000/5940181 (12.5922%)
entry 749000/5940181 (12.609%)
entry 754000/5940181 (12.6932%)
entry 762000/5940181 (12.8279%)
entry 764000/5940181 (12.8616%)
entry 767000/5940181 (12.9121%)
entry 771000/5940181 (12.9794%)
entry 773000/5940181 (13.0131%)
entry 778000/5940181 (13.0972%)
entry 782000/5940181 (13.1646%)
entry 784000/5940181 (13.1983%)
entry 785000/5940181 (13.2151%)
entry 786000/5940181 (13.2319%)
entry 789000/5940181 (13.2824%)
entry 790000/5940181 (13.2993%)
entry 795000/5940181 (13.3834%)
entry 796000/5940181 (13.4003%)
entry 797000/5940181 (13.4171%)
entry 801000/5940181 (13.4844%)
entry 804000/5940181 (13.5349%)
entry 806000/5940181 (13.5686%)
entry 810000/5940181 (13.6359%)
entry 813000/5940181 (13.6865%)
entry 817000/5940181 (13.7538%)
entry 818000/5940181 (13.7706%)
entry 824000/5940181 (13.8716%)
entry 827000/5940181 (13.9221%)
entry 830000/5940181 (13.9726%)
entry 833000/5940181 (14.0231%)
entry 834000/5940181 (14.04%)
entry 835000/5940181 (14.0568%)
entry 836000/5940181 (14.0736%)
entry 840000/5940181 (14.141%)
entry 841000/5940181 (14.1578%)
entry 847000/5940181 (14.2588%)
entry 853000/5940181 (14.3598%)
entry 855000/5940181 (14.3935%)
entry 856000/5940181 (14.4103%)
entry 859000/5940181 (14.4608%)
entry 860000/5940181 (14.4777%)
entry 867000/5940181 (14.5955%)
entry 869000/5940181 (14.6292%)
entry 870000/5940181 (14.646%)
entry 873000/5940181 (14.6965%)
entry 875000/5940181 (14.7302%)
entry 878000/5940181 (14.7807%)
entry 893000/5940181 (15.0332%)
entry 894000/5940181 (15.05%)
entry 895000/5940181 (15.0669%)
entry 896000/5940181 (15.0837%)
entry 897000/5940181 (15.1006%)
entry 902000/5940181 (15.1847%)
entry 904000/5940181 (15.2184%)
entry 906000/5940181 (15.2521%)
entry 908000/5940181 (15.2857%)
entry 911000/5940181 (15.3362%)
entry 914000/5940181 (15.3867%)
entry 916000/5940181 (15.4204%)
entry 917000/5940181 (15.4372%)
entry 920000/5940181 (15.4877%)
entry 924000/5940181 (15.5551%)
entry 930000/5940181 (15.6561%)
entry 931000/5940181 (15.6729%)
entry 932000/5940181 (15.6898%)
entry 934000/5940181 (15.7234%)
entry 938000/5940181 (15.7908%)
entry 940000/5940181 (15.8244%)
entry 943000/5940181 (15.8749%)
entry 944000/5940181 (15.8918%)
entry 945000/5940181 (15.9086%)
entry 949000/5940181 (15.9759%)
entry 954000/5940181 (16.0601%)
entry 959000/5940181 (16.1443%)
entry 960000/5940181 (16.1611%)
entry 962000/5940181 (16.1948%)
entry 967000/5940181 (16.279%)
entry 970000/5940181 (16.3295%)
entry 972000/5940181 (16.3631%)
entry 977000/5940181 (16.4473%)
entry 978000/5940181 (16.4641%)
entry 979000/5940181 (16.481%)
entry 980000/5940181 (16.4978%)
entry 981000/5940181 (16.5146%)
entry 985000/5940181 (16.582%)
entry 986000/5940181 (16.5988%)
entry 989000/5940181 (16.6493%)
entry 996000/5940181 (16.7672%)
entry 999000/5940181 (16.8177%)
entry 1001000/5940181 (16.8513%)
entry 1003000/5940181 (16.885%)
entry 1005000/5940181 (16.9187%)
entry 1007000/5940181 (16.9523%)
entry 1009000/5940181 (16.986%)
entry 1010000/5940181 (17.0028%)
entry 1016000/5940181 (17.1039%)
entry 1019000/5940181 (17.1544%)
entry 1021000/5940181 (17.188%)
entry 1025000/5940181 (17.2554%)
entry 1028000/5940181 (17.3059%)
entry 1032000/5940181 (17.3732%)
entry 1036000/5940181 (17.4405%)
entry 1042000/5940181 (17.5416%)
entry 1044000/5940181 (17.5752%)
entry 1045000/5940181 (17.5921%)
entry 1046000/5940181 (17.6089%)
entry 1049000/5940181 (17.6594%)
entry 1052000/5940181 (17.7099%)
entry 1053000/5940181 (17.7267%)
entry 1057000/5940181 (17.7941%)
entry 1058000/5940181 (17.8109%)
entry 1059000/5940181 (17.8277%)
entry 1060000/5940181 (17.8446%)
entry 1061000/5940181 (17.8614%)
entry 1063000/5940181 (17.8951%)
entry 1065000/5940181 (17.9287%)
entry 1066000/5940181 (17.9456%)
entry 1071000/5940181 (18.0298%)
entry 1074000/5940181 (18.0803%)
entry 1075000/5940181 (18.0971%)
entry 1076000/5940181 (18.1139%)
entry 1078000/5940181 (18.1476%)
entry 1080000/5940181 (18.1813%)
entry 1081000/5940181 (18.1981%)
entry 1083000/5940181 (18.2318%)
entry 1084000/5940181 (18.2486%)
entry 1085000/5940181 (18.2654%)
entry 1089000/5940181 (18.3328%)
entry 1093000/5940181 (18.4001%)
entry 1094000/5940181 (18.4169%)
entry 1096000/5940181 (18.4506%)
entry 1097000/5940181 (18.4675%)
entry 1099000/5940181 (18.5011%)
entry 1100000/5940181 (18.518%)
entry 1105000/5940181 (18.6021%)
entry 1107000/5940181 (18.6358%)
entry 1111000/5940181 (18.7031%)
entry 1119000/5940181 (18.8378%)
entry 1126000/5940181 (18.9557%)
entry 1127000/5940181 (18.9725%)
entry 1130000/5940181 (19.023%)
entry 1131000/5940181 (19.0398%)
entry 1138000/5940181 (19.1577%)
entry 1139000/5940181 (19.1745%)
entry 1143000/5940181 (19.2418%)
entry 1144000/5940181 (19.2587%)
entry 1145000/5940181 (19.2755%)
entry 1148000/5940181 (19.326%)
entry 1151000/5940181 (19.3765%)
entry 1155000/5940181 (19.4439%)
entry 1157000/5940181 (19.4775%)
entry 1158000/5940181 (19.4944%)
entry 1165000/5940181 (19.6122%)
entry 1173000/5940181 (19.7469%)
entry 1183000/5940181 (19.9152%)
entry 1185000/5940181 (19.9489%)
entry 1190000/5940181 (20.0331%)
entry 1197000/5940181 (20.1509%)
entry 1199000/5940181 (20.1846%)
entry 1200000/5940181 (20.2014%)
entry 1201000/5940181 (20.2182%)
entry 1204000/5940181 (20.2687%)
entry 1211000/5940181 (20.3866%)
entry 1218000/5940181 (20.5044%)
entry 1220000/5940181 (20.5381%)
entry 1221000/5940181 (20.5549%)
entry 1222000/5940181 (20.5718%)
entry 1224000/5940181 (20.6054%)
entry 1226000/5940181 (20.6391%)
entry 1229000/5940181 (20.6896%)
entry 1232000/5940181 (20.7401%)
entry 1240000/5940181 (20.8748%)
entry 1247000/5940181 (20.9926%)
entry 1249000/5940181 (21.0263%)
entry 1251000/5940181 (21.06%)
entry 1254000/5940181 (21.1105%)
entry 1257000/5940181 (21.161%)
entry 1259000/5940181 (21.1946%)
entry 1261000/5940181 (21.2283%)
entry 1265000/5940181 (21.2956%)
entry 1267000/5940181 (21.3293%)
entry 1269000/5940181 (21.363%)
entry 1270000/5940181 (21.3798%)
entry 1273000/5940181 (21.4303%)
entry 1277000/5940181 (21.4977%)
entry 1278000/5940181 (21.5145%)
entry 1279000/5940181 (21.5313%)
entry 1283000/5940181 (21.5987%)
entry 1287000/5940181 (21.666%)
entry 1289000/5940181 (21.6997%)
entry 1290000/5940181 (21.7165%)
entry 1291000/5940181 (21.7333%)
entry 1292000/5940181 (21.7502%)
entry 1296000/5940181 (21.8175%)
entry 1297000/5940181 (21.8344%)
entry 1298000/5940181 (21.8512%)
entry 1299000/5940181 (21.868%)
entry 1302000/5940181 (21.9185%)
entry 1303000/5940181 (21.9354%)
entry 1307000/5940181 (22.0027%)
entry 1309000/5940181 (22.0364%)
entry 1311000/5940181 (22.07%)
entry 1312000/5940181 (22.0869%)
entry 1314000/5940181 (22.1205%)
entry 1318000/5940181 (22.1879%)
entry 1321000/5940181 (22.2384%)
entry 1324000/5940181 (22.2889%)
entry 1326000/5940181 (22.3226%)
entry 1330000/5940181 (22.3899%)
entry 1340000/5940181 (22.5582%)
entry 1347000/5940181 (22.6761%)
entry 1349000/5940181 (22.7097%)
entry 1352000/5940181 (22.7602%)
entry 1355000/5940181 (22.8108%)
entry 1365000/5940181 (22.9791%)
entry 1366000/5940181 (22.9959%)
entry 1367000/5940181 (23.0128%)
entry 1368000/5940181 (23.0296%)
entry 1372000/5940181 (23.0969%)
entry 1373000/5940181 (23.1138%)
entry 1376000/5940181 (23.1643%)
entry 1380000/5940181 (23.2316%)
entry 1381000/5940181 (23.2485%)
entry 1382000/5940181 (23.2653%)
entry 1386000/5940181 (23.3326%)
entry 1387000/5940181 (23.3495%)
entry 1390000/5940181 (23.4%)
entry 1393000/5940181 (23.4505%)
entry 1397000/5940181 (23.5178%)
entry 1398000/5940181 (23.5346%)
entry 1402000/5940181 (23.602%)
entry 1403000/5940181 (23.6188%)
entry 1405000/5940181 (23.6525%)
entry 1408000/5940181 (23.703%)
entry 1415000/5940181 (23.8208%)
entry 1427000/5940181 (24.0228%)
entry 1433000/5940181 (24.1238%)
entry 1438000/5940181 (24.208%)
entry 1440000/5940181 (24.2417%)
entry 1447000/5940181 (24.3595%)
entry 1452000/5940181 (24.4437%)
entry 1456000/5940181 (24.511%)
entry 1460000/5940181 (24.5784%)
entry 1472000/5940181 (24.7804%)
entry 1473000/5940181 (24.7972%)
entry 1474000/5940181 (24.8141%)
entry 1475000/5940181 (24.8309%)
entry 1483000/5940181 (24.9656%)
entry 1485000/5940181 (24.9992%)
entry 1487000/5940181 (25.0329%)
entry 1488000/5940181 (25.0497%)
entry 1489000/5940181 (25.0666%)
entry 1490000/5940181 (25.0834%)
entry 1492000/5940181 (25.1171%)
entry 1496000/5940181 (25.1844%)
entry 1500000/5940181 (25.2518%)
entry 1501000/5940181 (25.2686%)
entry 1502000/5940181 (25.2854%)
entry 1503000/5940181 (25.3023%)
entry 1506000/5940181 (25.3528%)
entry 1507000/5940181 (25.3696%)
entry 1511000/5940181 (25.4369%)
entry 1513000/5940181 (25.4706%)
entry 1516000/5940181 (25.5211%)
entry 1518000/5940181 (25.5548%)
entry 1520000/5940181 (25.5884%)
entry 1526000/5940181 (25.6895%)
entry 1532000/5940181 (25.7905%)
entry 1533000/5940181 (25.8073%)
entry 1537000/5940181 (25.8746%)
entry 1541000/5940181 (25.942%)
entry 1546000/5940181 (26.0261%)
entry 1553000/5940181 (26.144%)
entry 1554000/5940181 (26.1608%)
entry 1555000/5940181 (26.1777%)
entry 1558000/5940181 (26.2282%)
entry 1559000/5940181 (26.245%)
entry 1563000/5940181 (26.3123%)
entry 1564000/5940181 (26.3292%)
entry 1566000/5940181 (26.3628%)
entry 1567000/5940181 (26.3797%)
entry 1568000/5940181 (26.3965%)
entry 1571000/5940181 (26.447%)
entry 1573000/5940181 (26.4807%)
entry 1575000/5940181 (26.5143%)
entry 1576000/5940181 (26.5312%)
entry 1585000/5940181 (26.6827%)
entry 1593000/5940181 (26.8174%)
entry 1594000/5940181 (26.8342%)
entry 1598000/5940181 (26.9015%)
entry 1608000/5940181 (27.0699%)
entry 1612000/5940181 (27.1372%)
entry 1615000/5940181 (27.1877%)
entry 1618000/5940181 (27.2382%)
entry 1623000/5940181 (27.3224%)
entry 1630000/5940181 (27.4402%)
entry 1632000/5940181 (27.4739%)
entry 1635000/5940181 (27.5244%)
entry 1636000/5940181 (27.5412%)
entry 1639000/5940181 (27.5918%)
entry 1655000/5940181 (27.8611%)
entry 1656000/5940181 (27.8779%)
entry 1661000/5940181 (27.9621%)
entry 1665000/5940181 (28.0294%)
entry 1671000/5940181 (28.1305%)
entry 1672000/5940181 (28.1473%)
entry 1673000/5940181 (28.1641%)
entry 1674000/5940181 (28.181%)
entry 1678000/5940181 (28.2483%)
entry 1686000/5940181 (28.383%)
entry 1691000/5940181 (28.4671%)
entry 1701000/5940181 (28.6355%)
entry 1702000/5940181 (28.6523%)
entry 1703000/5940181 (28.6692%)
entry 1706000/5940181 (28.7197%)
entry 1707000/5940181 (28.7365%)
entry 1714000/5940181 (28.8543%)
entry 1718000/5940181 (28.9217%)
entry 1720000/5940181 (28.9553%)
entry 1721000/5940181 (28.9722%)
entry 1726000/5940181 (29.0564%)
entry 1727000/5940181 (29.0732%)
entry 1728000/5940181 (29.09%)
entry 1729000/5940181 (29.1069%)
entry 1738000/5940181 (29.2584%)
entry 1740000/5940181 (29.292%)
entry 1741000/5940181 (29.3089%)
entry 1746000/5940181 (29.393%)
entry 1748000/5940181 (29.4267%)
entry 1750000/5940181 (29.4604%)
entry 1751000/5940181 (29.4772%)
entry 1752000/5940181 (29.4941%)
entry 1753000/5940181 (29.5109%)
entry 1759000/5940181 (29.6119%)
entry 1760000/5940181 (29.6287%)
entry 1763000/5940181 (29.6792%)
entry 1770000/5940181 (29.7971%)
entry 1774000/5940181 (29.8644%)
entry 1775000/5940181 (29.8812%)
entry 1785000/5940181 (30.0496%)
entry 1788000/5940181 (30.1001%)
entry 1793000/5940181 (30.1843%)
entry 1795000/5940181 (30.2179%)
entry 1798000/5940181 (30.2684%)
entry 1800000/5940181 (30.3021%)
entry 1802000/5940181 (30.3358%)
entry 1804000/5940181 (30.3694%)
entry 1806000/5940181 (30.4031%)
entry 1808000/5940181 (30.4368%)
entry 1812000/5940181 (30.5041%)
entry 1813000/5940181 (30.521%)
entry 1815000/5940181 (30.5546%)
entry 1820000/5940181 (30.6388%)
entry 1826000/5940181 (30.7398%)
entry 1830000/5940181 (30.8071%)
entry 1833000/5940181 (30.8576%)
entry 1835000/5940181 (30.8913%)
entry 1836000/5940181 (30.9081%)
entry 1837000/5940181 (30.925%)
entry 1838000/5940181 (30.9418%)
entry 1839000/5940181 (30.9587%)
entry 1843000/5940181 (31.026%)
entry 1849000/5940181 (31.127%)
entry 1851000/5940181 (31.1607%)
entry 1853000/5940181 (31.1943%)
entry 1854000/5940181 (31.2112%)
entry 1856000/5940181 (31.2448%)
entry 1860000/5940181 (31.3122%)
entry 1862000/5940181 (31.3458%)
entry 1863000/5940181 (31.3627%)
entry 1865000/5940181 (31.3964%)
entry 1869000/5940181 (31.4637%)
entry 1870000/5940181 (31.4805%)
entry 1871000/5940181 (31.4974%)
entry 1873000/5940181 (31.531%)
entry 1883000/5940181 (31.6994%)
entry 1885000/5940181 (31.733%)
entry 1886000/5940181 (31.7499%)
entry 1891000/5940181 (31.834%)
entry 1892000/5940181 (31.8509%)
entry 1896000/5940181 (31.9182%)
entry 1903000/5940181 (32.0361%)
entry 1906000/5940181 (32.0866%)
entry 1909000/5940181 (32.1371%)
entry 1910000/5940181 (32.1539%)
entry 1911000/5940181 (32.1707%)
entry 1917000/5940181 (32.2717%)
entry 1918000/5940181 (32.2886%)
entry 1919000/5940181 (32.3054%)
entry 1921000/5940181 (32.3391%)
entry 1922000/5940181 (32.3559%)
entry 1925000/5940181 (32.4064%)
entry 1927000/5940181 (32.4401%)
entry 1932000/5940181 (32.5243%)
entry 1933000/5940181 (32.5411%)
entry 1934000/5940181 (32.5579%)
entry 1938000/5940181 (32.6253%)
entry 1940000/5940181 (32.6589%)
entry 1944000/5940181 (32.7263%)
entry 1948000/5940181 (32.7936%)
entry 1950000/5940181 (32.8273%)
entry 1951000/5940181 (32.8441%)
entry 1952000/5940181 (32.861%)
entry 1953000/5940181 (32.8778%)
entry 1954000/5940181 (32.8946%)
entry 1955000/5940181 (32.9115%)
entry 1958000/5940181 (32.962%)
entry 1960000/5940181 (32.9956%)
entry 1961000/5940181 (33.0125%)
entry 1962000/5940181 (33.0293%)
entry 1963000/5940181 (33.0461%)
entry 1965000/5940181 (33.0798%)
entry 1968000/5940181 (33.1303%)
entry 1969000/5940181 (33.1471%)
entry 1971000/5940181 (33.1808%)
entry 1973000/5940181 (33.2145%)
entry 1983000/5940181 (33.3828%)
entry 1985000/5940181 (33.4165%)
entry 1986000/5940181 (33.4333%)
entry 1990000/5940181 (33.5007%)
entry 1992000/5940181 (33.5343%)
entry 1996000/5940181 (33.6017%)
entry 2002000/5940181 (33.7027%)
entry 2006000/5940181 (33.77%)
entry 2012000/5940181 (33.871%)
entry 2013000/5940181 (33.8879%)
entry 2018000/5940181 (33.972%)
entry 2020000/5940181 (34.0057%)
entry 2023000/5940181 (34.0562%)
entry 2024000/5940181 (34.073%)
entry 2027000/5940181 (34.1235%)
entry 2029000/5940181 (34.1572%)
entry 2032000/5940181 (34.2077%)
entry 2033000/5940181 (34.2245%)
entry 2034000/5940181 (34.2414%)
entry 2037000/5940181 (34.2919%)
entry 2039000/5940181 (34.3256%)
entry 2042000/5940181 (34.3761%)
entry 2044000/5940181 (34.4097%)
entry 2046000/5940181 (34.4434%)
entry 2047000/5940181 (34.4602%)
entry 2048000/5940181 (34.4771%)
entry 2050000/5940181 (34.5107%)
entry 2051000/5940181 (34.5276%)
entry 2057000/5940181 (34.6286%)
entry 2058000/5940181 (34.6454%)
entry 2060000/5940181 (34.6791%)
entry 2065000/5940181 (34.7632%)
entry 2068000/5940181 (34.8138%)
entry 2072000/5940181 (34.8811%)
entry 2073000/5940181 (34.8979%)
entry 2074000/5940181 (34.9148%)
entry 2075000/5940181 (34.9316%)
entry 2076000/5940181 (34.9484%)
entry 2078000/5940181 (34.9821%)
entry 2079000/5940181 (34.9989%)
entry 2081000/5940181 (35.0326%)
entry 2083000/5940181 (35.0663%)
entry 2086000/5940181 (35.1168%)
entry 2088000/5940181 (35.1504%)
entry 2089000/5940181 (35.1673%)
entry 2093000/5940181 (35.2346%)
entry 2096000/5940181 (35.2851%)
entry 2097000/5940181 (35.302%)
entry 2101000/5940181 (35.3693%)
entry 2106000/5940181 (35.4535%)
entry 2107000/5940181 (35.4703%)
entry 2109000/5940181 (35.504%)
entry 2114000/5940181 (35.5881%)
entry 2116000/5940181 (35.6218%)
entry 2118000/5940181 (35.6555%)
entry 2119000/5940181 (35.6723%)
entry 2121000/5940181 (35.706%)
entry 2123000/5940181 (35.7397%)
entry 2126000/5940181 (35.7902%)
entry 2127000/5940181 (35.807%)
entry 2128000/5940181 (35.8238%)
entry 2129000/5940181 (35.8407%)
entry 2131000/5940181 (35.8743%)
entry 2132000/5940181 (35.8912%)
entry 2133000/5940181 (35.908%)
entry 2135000/5940181 (35.9417%)
entry 2138000/5940181 (35.9922%)
entry 2152000/5940181 (36.2279%)
entry 2153000/5940181 (36.2447%)
entry 2155000/5940181 (36.2784%)
entry 2158000/5940181 (36.3289%)
entry 2160000/5940181 (36.3625%)
entry 2163000/5940181 (36.413%)
entry 2164000/5940181 (36.4299%)
entry 2165000/5940181 (36.4467%)
entry 2168000/5940181 (36.4972%)
entry 2169000/5940181 (36.514%)
entry 2174000/5940181 (36.5982%)
entry 2175000/5940181 (36.615%)
entry 2176000/5940181 (36.6319%)
entry 2177000/5940181 (36.6487%)
entry 2186000/5940181 (36.8002%)
entry 2190000/5940181 (36.8676%)
entry 2196000/5940181 (36.9686%)
entry 2199000/5940181 (37.0191%)
entry 2202000/5940181 (37.0696%)
entry 2208000/5940181 (37.1706%)
entry 2212000/5940181 (37.2379%)
entry 2213000/5940181 (37.2548%)
entry 2214000/5940181 (37.2716%)
entry 2223000/5940181 (37.4231%)
entry 2227000/5940181 (37.4904%)
entry 2231000/5940181 (37.5578%)
entry 2234000/5940181 (37.6083%)
entry 2237000/5940181 (37.6588%)
entry 2242000/5940181 (37.743%)
entry 2253000/5940181 (37.9281%)
entry 2257000/5940181 (37.9955%)
entry 2259000/5940181 (38.0291%)
entry 2260000/5940181 (38.046%)
entry 2268000/5940181 (38.1807%)
entry 2274000/5940181 (38.2817%)
entry 2276000/5940181 (38.3153%)
entry 2283000/5940181 (38.4332%)
entry 2288000/5940181 (38.5173%)
entry 2292000/5940181 (38.5847%)
entry 2294000/5940181 (38.6184%)
entry 2295000/5940181 (38.6352%)
entry 2297000/5940181 (38.6689%)
entry 2298000/5940181 (38.6857%)
entry 2299000/5940181 (38.7025%)
entry 2303000/5940181 (38.7699%)
entry 2310000/5940181 (38.8877%)
entry 2312000/5940181 (38.9214%)
entry 2315000/5940181 (38.9719%)
entry 2317000/5940181 (39.0055%)
entry 2323000/5940181 (39.1066%)
entry 2324000/5940181 (39.1234%)
entry 2326000/5940181 (39.1571%)
entry 2328000/5940181 (39.1907%)
entry 2330000/5940181 (39.2244%)
entry 2336000/5940181 (39.3254%)
entry 2337000/5940181 (39.3422%)
entry 2339000/5940181 (39.3759%)
entry 2342000/5940181 (39.4264%)
entry 2345000/5940181 (39.4769%)
entry 2346000/5940181 (39.4937%)
entry 2347000/5940181 (39.5106%)
entry 2350000/5940181 (39.5611%)
entry 2353000/5940181 (39.6116%)
entry 2363000/5940181 (39.7799%)
entry 2367000/5940181 (39.8473%)
entry 2370000/5940181 (39.8978%)
entry 2371000/5940181 (39.9146%)
entry 2372000/5940181 (39.9314%)
entry 2373000/5940181 (39.9483%)
entry 2376000/5940181 (39.9988%)
entry 2377000/5940181 (40.0156%)
entry 2378000/5940181 (40.0324%)
entry 2386000/5940181 (40.1671%)
entry 2388000/5940181 (40.2008%)
entry 2390000/5940181 (40.2345%)
entry 2393000/5940181 (40.285%)
entry 2394000/5940181 (40.3018%)
entry 2396000/5940181 (40.3355%)
entry 2397000/5940181 (40.3523%)
entry 2400000/5940181 (40.4028%)
entry 2409000/5940181 (40.5543%)
entry 2411000/5940181 (40.588%)
entry 2412000/5940181 (40.6048%)
entry 2415000/5940181 (40.6553%)
entry 2429000/5940181 (40.891%)
entry 2434000/5940181 (40.9752%)
entry 2435000/5940181 (40.992%)
entry 2436000/5940181 (41.0089%)
entry 2437000/5940181 (41.0257%)
entry 2438000/5940181 (41.0425%)
entry 2441000/5940181 (41.093%)
entry 2445000/5940181 (41.1604%)
entry 2448000/5940181 (41.2109%)
entry 2451000/5940181 (41.2614%)
entry 2452000/5940181 (41.2782%)
entry 2455000/5940181 (41.3287%)
entry 2460000/5940181 (41.4129%)
entry 2462000/5940181 (41.4465%)
entry 2463000/5940181 (41.4634%)
entry 2464000/5940181 (41.4802%)
entry 2467000/5940181 (41.5307%)
entry 2474000/5940181 (41.6486%)
entry 2477000/5940181 (41.6991%)
entry 2489000/5940181 (41.9011%)
entry 2490000/5940181 (41.9179%)
entry 2493000/5940181 (41.9684%)
entry 2495000/5940181 (42.0021%)
entry 2496000/5940181 (42.0189%)
entry 2501000/5940181 (42.1031%)
entry 2502000/5940181 (42.1199%)
entry 2503000/5940181 (42.1368%)
entry 2507000/5940181 (42.2041%)
entry 2508000/5940181 (42.2209%)
entry 2509000/5940181 (42.2378%)
entry 2515000/5940181 (42.3388%)
entry 2519000/5940181 (42.4061%)
entry 2521000/5940181 (42.4398%)
entry 2522000/5940181 (42.4566%)
entry 2531000/5940181 (42.6081%)
entry 2533000/5940181 (42.6418%)
entry 2536000/5940181 (42.6923%)
entry 2539000/5940181 (42.7428%)
entry 2541000/5940181 (42.7765%)
entry 2544000/5940181 (42.827%)
entry 2546000/5940181 (42.8606%)
entry 2552000/5940181 (42.9617%)
entry 2555000/5940181 (43.0122%)
entry 2558000/5940181 (43.0627%)
entry 2563000/5940181 (43.1468%)
entry 2565000/5940181 (43.1805%)
entry 2566000/5940181 (43.1973%)
entry 2570000/5940181 (43.2647%)
entry 2577000/5940181 (43.3825%)
entry 2579000/5940181 (43.4162%)
entry 2582000/5940181 (43.4667%)
entry 2588000/5940181 (43.5677%)
entry 2589000/5940181 (43.5845%)
entry 2593000/5940181 (43.6519%)
entry 2600000/5940181 (43.7697%)
entry 2601000/5940181 (43.7865%)
entry 2604000/5940181 (43.837%)
entry 2608000/5940181 (43.9044%)
entry 2609000/5940181 (43.9212%)
entry 2613000/5940181 (43.9886%)
entry 2615000/5940181 (44.0222%)
entry 2619000/5940181 (44.0896%)
entry 2623000/5940181 (44.1569%)
entry 2625000/5940181 (44.1906%)
entry 2626000/5940181 (44.2074%)
entry 2627000/5940181 (44.2242%)
entry 2628000/5940181 (44.2411%)
entry 2632000/5940181 (44.3084%)
entry 2633000/5940181 (44.3252%)
entry 2634000/5940181 (44.3421%)
entry 2639000/5940181 (44.4263%)
entry 2640000/5940181 (44.4431%)
entry 2641000/5940181 (44.4599%)
entry 2647000/5940181 (44.5609%)
entry 2648000/5940181 (44.5778%)
entry 2650000/5940181 (44.6114%)
entry 2651000/5940181 (44.6283%)
entry 2663000/5940181 (44.8303%)
entry 2664000/5940181 (44.8471%)
entry 2665000/5940181 (44.864%)
entry 2666000/5940181 (44.8808%)
entry 2671000/5940181 (44.965%)
entry 2672000/5940181 (44.9818%)
entry 2675000/5940181 (45.0323%)
entry 2679000/5940181 (45.0996%)
entry 2682000/5940181 (45.1501%)
entry 2684000/5940181 (45.1838%)
entry 2685000/5940181 (45.2006%)
entry 2686000/5940181 (45.2175%)
entry 2687000/5940181 (45.2343%)
entry 2693000/5940181 (45.3353%)
entry 2695000/5940181 (45.369%)
entry 2698000/5940181 (45.4195%)
entry 2699000/5940181 (45.4363%)
entry 2701000/5940181 (45.47%)
entry 2702000/5940181 (45.4868%)
entry 2703000/5940181 (45.5037%)
entry 2708000/5940181 (45.5878%)
entry 2711000/5940181 (45.6383%)
entry 2712000/5940181 (45.6552%)
entry 2714000/5940181 (45.6888%)
entry 2721000/5940181 (45.8067%)
entry 2722000/5940181 (45.8235%)
entry 2725000/5940181 (45.874%)
entry 2728000/5940181 (45.9245%)
entry 2732000/5940181 (45.9919%)
entry 2733000/5940181 (46.0087%)
entry 2735000/5940181 (46.0424%)
entry 2736000/5940181 (46.0592%)
entry 2737000/5940181 (46.076%)
entry 2739000/5940181 (46.1097%)
entry 2740000/5940181 (46.1265%)
entry 2741000/5940181 (46.1434%)
entry 2745000/5940181 (46.2107%)
entry 2748000/5940181 (46.2612%)
entry 2753000/5940181 (46.3454%)
entry 2761000/5940181 (46.4801%)
entry 2763000/5940181 (46.5137%)
entry 2764000/5940181 (46.5306%)
entry 2765000/5940181 (46.5474%)
entry 2767000/5940181 (46.5811%)
entry 2768000/5940181 (46.5979%)
entry 2770000/5940181 (46.6316%)
entry 2771000/5940181 (46.6484%)
entry 2772000/5940181 (46.6652%)
entry 2783000/5940181 (46.8504%)
entry 2785000/5940181 (46.8841%)
entry 2788000/5940181 (46.9346%)
entry 2792000/5940181 (47.0019%)
entry 2795000/5940181 (47.0524%)
entry 2797000/5940181 (47.0861%)
entry 2800000/5940181 (47.1366%)
entry 2807000/5940181 (47.2545%)
entry 2817000/5940181 (47.4228%)
entry 2821000/5940181 (47.4901%)
entry 2822000/5940181 (47.507%)
entry 2824000/5940181 (47.5406%)
entry 2828000/5940181 (47.608%)
entry 2831000/5940181 (47.6585%)
entry 2832000/5940181 (47.6753%)
entry 2837000/5940181 (47.7595%)
entry 2838000/5940181 (47.7763%)
entry 2839000/5940181 (47.7932%)
entry 2842000/5940181 (47.8437%)
entry 2844000/5940181 (47.8773%)
entry 2846000/5940181 (47.911%)
entry 2847000/5940181 (47.9278%)
entry 2850000/5940181 (47.9783%)
entry 2854000/5940181 (48.0457%)
entry 2855000/5940181 (48.0625%)
entry 2856000/5940181 (48.0793%)
entry 2858000/5940181 (48.113%)
entry 2859000/5940181 (48.1298%)
entry 2861000/5940181 (48.1635%)
entry 2862000/5940181 (48.1804%)
entry 2865000/5940181 (48.2309%)
entry 2870000/5940181 (48.315%)
entry 2873000/5940181 (48.3655%)
entry 2874000/5940181 (48.3824%)
entry 2877000/5940181 (48.4329%)
entry 2882000/5940181 (48.517%)
entry 2884000/5940181 (48.5507%)
entry 2890000/5940181 (48.6517%)
entry 2893000/5940181 (48.7022%)
entry 2899000/5940181 (48.8032%)
entry 2901000/5940181 (48.8369%)
entry 2902000/5940181 (48.8537%)
entry 2903000/5940181 (48.8706%)
entry 2907000/5940181 (48.9379%)
entry 2911000/5940181 (49.0052%)
entry 2916000/5940181 (49.0894%)
entry 2918000/5940181 (49.1231%)
entry 2922000/5940181 (49.1904%)
entry 2925000/5940181 (49.2409%)
entry 2926000/5940181 (49.2578%)
entry 2930000/5940181 (49.3251%)
entry 2934000/5940181 (49.3924%)
entry 2939000/5940181 (49.4766%)
entry 2940000/5940181 (49.4934%)
entry 2945000/5940181 (49.5776%)
entry 2947000/5940181 (49.6113%)
entry 2950000/5940181 (49.6618%)
entry 2953000/5940181 (49.7123%)
entry 2954000/5940181 (49.7291%)
entry 2956000/5940181 (49.7628%)
entry 2959000/5940181 (49.8133%)
entry 2960000/5940181 (49.8301%)
entry 2974000/5940181 (50.0658%)
entry 2975000/5940181 (50.0826%)
entry 2977000/5940181 (50.1163%)
entry 2978000/5940181 (50.1332%)
entry 2981000/5940181 (50.1837%)
entry 2983000/5940181 (50.2173%)
entry 2985000/5940181 (50.251%)
entry 2986000/5940181 (50.2678%)
entry 2988000/5940181 (50.3015%)
entry 2990000/5940181 (50.3352%)
entry 2991000/5940181 (50.352%)
entry 2993000/5940181 (50.3857%)
entry 2994000/5940181 (50.4025%)
entry 2995000/5940181 (50.4193%)
entry 2997000/5940181 (50.453%)
entry 3003000/5940181 (50.554%)
entry 3006000/5940181 (50.6045%)
entry 3007000/5940181 (50.6214%)
entry 3009000/5940181 (50.655%)
entry 3015000/5940181 (50.756%)
entry 3017000/5940181 (50.7897%)
entry 3018000/5940181 (50.8065%)
entry 3025000/5940181 (50.9244%)
entry 3032000/5940181 (51.0422%)
entry 3034000/5940181 (51.0759%)
entry 3040000/5940181 (51.1769%)
entry 3044000/5940181 (51.2442%)
entry 3045000/5940181 (51.2611%)
entry 3046000/5940181 (51.2779%)
entry 3048000/5940181 (51.3116%)
entry 3050000/5940181 (51.3452%)
entry 3052000/5940181 (51.3789%)
entry 3053000/5940181 (51.3957%)
entry 3057000/5940181 (51.4631%)
entry 3060000/5940181 (51.5136%)
entry 3065000/5940181 (51.5978%)
entry 3069000/5940181 (51.6651%)
entry 3074000/5940181 (51.7493%)
entry 3077000/5940181 (51.7998%)
entry 3081000/5940181 (51.8671%)
entry 3085000/5940181 (51.9344%)
entry 3086000/5940181 (51.9513%)
entry 3087000/5940181 (51.9681%)
entry 3088000/5940181 (51.9849%)
entry 3089000/5940181 (52.0018%)
entry 3090000/5940181 (52.0186%)
entry 3092000/5940181 (52.0523%)
entry 3095000/5940181 (52.1028%)
entry 3101000/5940181 (52.2038%)
entry 3104000/5940181 (52.2543%)
entry 3109000/5940181 (52.3385%)
entry 3112000/5940181 (52.389%)
entry 3113000/5940181 (52.4058%)
entry 3116000/5940181 (52.4563%)
entry 3119000/5940181 (52.5068%)
entry 3121000/5940181 (52.5405%)
entry 3123000/5940181 (52.5742%)
entry 3124000/5940181 (52.591%)
entry 3125000/5940181 (52.6078%)
entry 3126000/5940181 (52.6247%)
entry 3128000/5940181 (52.6583%)
entry 3129000/5940181 (52.6752%)
entry 3134000/5940181 (52.7593%)
entry 3139000/5940181 (52.8435%)
entry 3140000/5940181 (52.8603%)
entry 3145000/5940181 (52.9445%)
entry 3147000/5940181 (52.9782%)
entry 3149000/5940181 (53.0119%)
entry 3150000/5940181 (53.0287%)
entry 3154000/5940181 (53.096%)
entry 3157000/5940181 (53.1465%)
entry 3158000/5940181 (53.1634%)
entry 3161000/5940181 (53.2139%)
entry 3164000/5940181 (53.2644%)
entry 3174000/5940181 (53.4327%)
entry 3176000/5940181 (53.4664%)
entry 3184000/5940181 (53.6011%)
entry 3186000/5940181 (53.6347%)
entry 3188000/5940181 (53.6684%)
entry 3189000/5940181 (53.6852%)
entry 3192000/5940181 (53.7357%)
entry 3194000/5940181 (53.7694%)
entry 3196000/5940181 (53.8031%)
entry 3197000/5940181 (53.8199%)
entry 3198000/5940181 (53.8367%)
entry 3199000/5940181 (53.8536%)
entry 3201000/5940181 (53.8872%)
entry 3202000/5940181 (53.9041%)
entry 3203000/5940181 (53.9209%)
entry 3205000/5940181 (53.9546%)
entry 3206000/5940181 (53.9714%)
entry 3210000/5940181 (54.0388%)
entry 3212000/5940181 (54.0724%)
entry 3223000/5940181 (54.2576%)
entry 3226000/5940181 (54.3081%)
entry 3228000/5940181 (54.3418%)
entry 3229000/5940181 (54.3586%)
entry 3232000/5940181 (54.4091%)
entry 3233000/5940181 (54.4259%)
entry 3237000/5940181 (54.4933%)
entry 3239000/5940181 (54.527%)
entry 3242000/5940181 (54.5775%)
entry 3246000/5940181 (54.6448%)
entry 3248000/5940181 (54.6785%)
entry 3249000/5940181 (54.6953%)
entry 3250000/5940181 (54.7121%)
entry 3251000/5940181 (54.729%)
entry 3254000/5940181 (54.7795%)
entry 3257000/5940181 (54.83%)
entry 3259000/5940181 (54.8636%)
entry 3260000/5940181 (54.8805%)
entry 3263000/5940181 (54.931%)
entry 3264000/5940181 (54.9478%)
entry 3267000/5940181 (54.9983%)
entry 3272000/5940181 (55.0825%)
entry 3276000/5940181 (55.1498%)
entry 3279000/5940181 (55.2003%)
entry 3280000/5940181 (55.2172%)
entry 3284000/5940181 (55.2845%)
entry 3285000/5940181 (55.3013%)
entry 3289000/5940181 (55.3687%)
entry 3298000/5940181 (55.5202%)
entry 3299000/5940181 (55.537%)
entry 3300000/5940181 (55.5539%)
entry 3304000/5940181 (55.6212%)
entry 3307000/5940181 (55.6717%)
entry 3309000/5940181 (55.7054%)
entry 3313000/5940181 (55.7727%)
entry 3324000/5940181 (55.9579%)
entry 3326000/5940181 (55.9916%)
entry 3335000/5940181 (56.1431%)
entry 3340000/5940181 (56.2272%)
entry 3341000/5940181 (56.2441%)
entry 3343000/5940181 (56.2777%)
entry 3344000/5940181 (56.2946%)
entry 3347000/5940181 (56.3451%)
entry 3349000/5940181 (56.3788%)
entry 3351000/5940181 (56.4124%)
entry 3352000/5940181 (56.4293%)
entry 3354000/5940181 (56.4629%)
entry 3358000/5940181 (56.5303%)
entry 3360000/5940181 (56.5639%)
entry 3361000/5940181 (56.5808%)
entry 3363000/5940181 (56.6144%)
entry 3366000/5940181 (56.6649%)
entry 3367000/5940181 (56.6818%)
entry 3369000/5940181 (56.7154%)
entry 3370000/5940181 (56.7323%)
entry 3374000/5940181 (56.7996%)
entry 3375000/5940181 (56.8165%)
entry 3378000/5940181 (56.867%)
entry 3381000/5940181 (56.9175%)
entry 3386000/5940181 (57.0016%)
entry 3390000/5940181 (57.069%)
entry 3394000/5940181 (57.1363%)
entry 3396000/5940181 (57.17%)
entry 3399000/5940181 (57.2205%)
entry 3402000/5940181 (57.271%)
entry 3405000/5940181 (57.3215%)
entry 3406000/5940181 (57.3383%)
entry 3407000/5940181 (57.3552%)
entry 3408000/5940181 (57.372%)
entry 3409000/5940181 (57.3888%)
entry 3410000/5940181 (57.4057%)
entry 3411000/5940181 (57.4225%)
entry 3412000/5940181 (57.4393%)
entry 3417000/5940181 (57.5235%)
entry 3421000/5940181 (57.5908%)
entry 3423000/5940181 (57.6245%)
entry 3425000/5940181 (57.6582%)
entry 3427000/5940181 (57.6918%)
entry 3431000/5940181 (57.7592%)
entry 3433000/5940181 (57.7929%)
entry 3434000/5940181 (57.8097%)
entry 3436000/5940181 (57.8434%)
entry 3438000/5940181 (57.877%)
entry 3439000/5940181 (57.8939%)
entry 3440000/5940181 (57.9107%)
entry 3444000/5940181 (57.978%)
entry 3446000/5940181 (58.0117%)
entry 3447000/5940181 (58.0285%)
entry 3449000/5940181 (58.0622%)
entry 3450000/5940181 (58.079%)
entry 3451000/5940181 (58.0959%)
entry 3453000/5940181 (58.1295%)
entry 3456000/5940181 (58.18%)
entry 3457000/5940181 (58.1969%)
entry 3462000/5940181 (58.2811%)
entry 3470000/5940181 (58.4157%)
entry 3471000/5940181 (58.4326%)
entry 3474000/5940181 (58.4831%)
entry 3475000/5940181 (58.4999%)
entry 3479000/5940181 (58.5672%)
entry 3480000/5940181 (58.5841%)
entry 3481000/5940181 (58.6009%)
entry 3483000/5940181 (58.6346%)
entry 3485000/5940181 (58.6682%)
entry 3490000/5940181 (58.7524%)
entry 3497000/5940181 (58.8703%)
entry 3499000/5940181 (58.9039%)
entry 3502000/5940181 (58.9544%)
entry 3505000/5940181 (59.0049%)
entry 3513000/5940181 (59.1396%)
entry 3518000/5940181 (59.2238%)
entry 3519000/5940181 (59.2406%)
entry 3520000/5940181 (59.2575%)
entry 3521000/5940181 (59.2743%)
entry 3526000/5940181 (59.3585%)
entry 3528000/5940181 (59.3921%)
entry 3529000/5940181 (59.409%)
entry 3531000/5940181 (59.4426%)
entry 3532000/5940181 (59.4595%)
entry 3535000/5940181 (59.51%)
entry 3536000/5940181 (59.5268%)
entry 3538000/5940181 (59.5605%)
entry 3540000/5940181 (59.5941%)
entry 3546000/5940181 (59.6951%)
entry 3554000/5940181 (59.8298%)
entry 3556000/5940181 (59.8635%)
entry 3558000/5940181 (59.8972%)
entry 3559000/5940181 (59.914%)
entry 3563000/5940181 (59.9813%)
entry 3565000/5940181 (60.015%)
entry 3572000/5940181 (60.1328%)
entry 3573000/5940181 (60.1497%)
entry 3574000/5940181 (60.1665%)
entry 3577000/5940181 (60.217%)
entry 3579000/5940181 (60.2507%)
entry 3581000/5940181 (60.2844%)
entry 3590000/5940181 (60.4359%)
entry 3597000/5940181 (60.5537%)
entry 3598000/5940181 (60.5705%)
entry 3599000/5940181 (60.5874%)
entry 3601000/5940181 (60.621%)
entry 3608000/5940181 (60.7389%)
entry 3615000/5940181 (60.8567%)
entry 3616000/5940181 (60.8736%)
entry 3619000/5940181 (60.9241%)
entry 3629000/5940181 (61.0924%)
entry 3630000/5940181 (61.1093%)
entry 3631000/5940181 (61.1261%)
entry 3632000/5940181 (61.1429%)
entry 3633000/5940181 (61.1598%)
entry 3635000/5940181 (61.1934%)
entry 3636000/5940181 (61.2103%)
entry 3640000/5940181 (61.2776%)
entry 3647000/5940181 (61.3954%)
entry 3651000/5940181 (61.4628%)
entry 3655000/5940181 (61.5301%)
entry 3656000/5940181 (61.5469%)
entry 3658000/5940181 (61.5806%)
entry 3659000/5940181 (61.5974%)
entry 3660000/5940181 (61.6143%)
entry 3666000/5940181 (61.7153%)
entry 3668000/5940181 (61.749%)
entry 3675000/5940181 (61.8668%)
entry 3679000/5940181 (61.9341%)
entry 3680000/5940181 (61.951%)
entry 3682000/5940181 (61.9846%)
entry 3683000/5940181 (62.0015%)
entry 3689000/5940181 (62.1025%)
entry 3691000/5940181 (62.1362%)
entry 3693000/5940181 (62.1698%)
entry 3698000/5940181 (62.254%)
entry 3700000/5940181 (62.2877%)
entry 3703000/5940181 (62.3382%)
entry 3706000/5940181 (62.3887%)
entry 3714000/5940181 (62.5233%)
entry 3720000/5940181 (62.6244%)
entry 3724000/5940181 (62.6917%)
entry 3733000/5940181 (62.8432%)
entry 3741000/5940181 (62.9779%)
entry 3742000/5940181 (62.9947%)
entry 3743000/5940181 (63.0116%)
entry 3748000/5940181 (63.0957%)
entry 3749000/5940181 (63.1126%)
entry 3752000/5940181 (63.1631%)
entry 3754000/5940181 (63.1967%)
entry 3757000/5940181 (63.2472%)
entry 3763000/5940181 (63.3482%)
entry 3766000/5940181 (63.3987%)
entry 3768000/5940181 (63.4324%)
entry 3770000/5940181 (63.4661%)
entry 3771000/5940181 (63.4829%)
entry 3772000/5940181 (63.4997%)
entry 3774000/5940181 (63.5334%)
entry 3778000/5940181 (63.6008%)
entry 3779000/5940181 (63.6176%)
entry 3784000/5940181 (63.7018%)
entry 3789000/5940181 (63.7859%)
entry 3791000/5940181 (63.8196%)
entry 3794000/5940181 (63.8701%)
entry 3801000/5940181 (63.9879%)
entry 3807000/5940181 (64.089%)
entry 3808000/5940181 (64.1058%)
entry 3810000/5940181 (64.1395%)
entry 3814000/5940181 (64.2068%)
entry 3815000/5940181 (64.2236%)
entry 3816000/5940181 (64.2405%)
entry 3819000/5940181 (64.291%)
entry 3822000/5940181 (64.3415%)
entry 3824000/5940181 (64.3751%)
entry 3826000/5940181 (64.4088%)
entry 3830000/5940181 (64.4762%)
entry 3831000/5940181 (64.493%)
entry 3833000/5940181 (64.5267%)
entry 3835000/5940181 (64.5603%)
entry 3836000/5940181 (64.5772%)
entry 3838000/5940181 (64.6108%)
entry 3839000/5940181 (64.6277%)
entry 3840000/5940181 (64.6445%)
entry 3841000/5940181 (64.6613%)
entry 3842000/5940181 (64.6782%)
entry 3844000/5940181 (64.7118%)
entry 3846000/5940181 (64.7455%)
entry 3849000/5940181 (64.796%)
entry 3857000/5940181 (64.9307%)
entry 3860000/5940181 (64.9812%)
entry 3865000/5940181 (65.0654%)
entry 3866000/5940181 (65.0822%)
entry 3868000/5940181 (65.1159%)
entry 3869000/5940181 (65.1327%)
entry 3870000/5940181 (65.1495%)
entry 3872000/5940181 (65.1832%)
entry 3873000/5940181 (65.2%)
entry 3875000/5940181 (65.2337%)
entry 3878000/5940181 (65.2842%)
entry 3879000/5940181 (65.301%)
entry 3880000/5940181 (65.3179%)
entry 3882000/5940181 (65.3515%)
entry 3884000/5940181 (65.3852%)
entry 3886000/5940181 (65.4189%)
entry 3887000/5940181 (65.4357%)
entry 3889000/5940181 (65.4694%)
entry 3890000/5940181 (65.4862%)
entry 3892000/5940181 (65.5199%)
entry 3894000/5940181 (65.5536%)
entry 3898000/5940181 (65.6209%)
entry 3899000/5940181 (65.6377%)
entry 3902000/5940181 (65.6882%)
entry 3904000/5940181 (65.7219%)
entry 3905000/5940181 (65.7387%)
entry 3906000/5940181 (65.7556%)
entry 3907000/5940181 (65.7724%)
entry 3917000/5940181 (65.9407%)
entry 3918000/5940181 (65.9576%)
entry 3920000/5940181 (65.9913%)
entry 3921000/5940181 (66.0081%)
entry 3924000/5940181 (66.0586%)
entry 3928000/5940181 (66.1259%)
entry 3930000/5940181 (66.1596%)
entry 3934000/5940181 (66.2269%)
entry 3935000/5940181 (66.2438%)
entry 3936000/5940181 (66.2606%)
entry 3943000/5940181 (66.3785%)
entry 3950000/5940181 (66.4963%)
entry 3956000/5940181 (66.5973%)
entry 3957000/5940181 (66.6141%)
entry 3966000/5940181 (66.7656%)
entry 3969000/5940181 (66.8161%)
entry 3975000/5940181 (66.9172%)
entry 3979000/5940181 (66.9845%)
entry 3981000/5940181 (67.0182%)
entry 3986000/5940181 (67.1023%)
entry 3987000/5940181 (67.1192%)
entry 3990000/5940181 (67.1697%)
entry 3993000/5940181 (67.2202%)
entry 3994000/5940181 (67.237%)
entry 3997000/5940181 (67.2875%)
entry 4003000/5940181 (67.3885%)
entry 4006000/5940181 (67.439%)
entry 4007000/5940181 (67.4559%)
entry 4010000/5940181 (67.5064%)
entry 4012000/5940181 (67.54%)
entry 4013000/5940181 (67.5569%)
entry 4017000/5940181 (67.6242%)
entry 4027000/5940181 (67.7925%)
entry 4029000/5940181 (67.8262%)
entry 4036000/5940181 (67.9441%)
entry 4039000/5940181 (67.9946%)
entry 4040000/5940181 (68.0114%)
entry 4043000/5940181 (68.0619%)
entry 4045000/5940181 (68.0956%)
entry 4050000/5940181 (68.1797%)
entry 4057000/5940181 (68.2976%)
entry 4060000/5940181 (68.3481%)
entry 4063000/5940181 (68.3986%)
entry 4064000/5940181 (68.4154%)
entry 4065000/5940181 (68.4323%)
entry 4068000/5940181 (68.4828%)
entry 4075000/5940181 (68.6006%)
entry 4078000/5940181 (68.6511%)
entry 4082000/5940181 (68.7184%)
entry 4083000/5940181 (68.7353%)
entry 4086000/5940181 (68.7858%)
entry 4090000/5940181 (68.8531%)
entry 4091000/5940181 (68.87%)
entry 4092000/5940181 (68.8868%)
entry 4094000/5940181 (68.9205%)
entry 4095000/5940181 (68.9373%)
entry 4098000/5940181 (68.9878%)
entry 4099000/5940181 (69.0046%)
entry 4101000/5940181 (69.0383%)
entry 4109000/5940181 (69.173%)
entry 4115000/5940181 (69.274%)
entry 4116000/5940181 (69.2908%)
entry 4118000/5940181 (69.3245%)
entry 4124000/5940181 (69.4255%)
entry 4125000/5940181 (69.4423%)
entry 4126000/5940181 (69.4592%)
entry 4128000/5940181 (69.4928%)
entry 4136000/5940181 (69.6275%)
entry 4137000/5940181 (69.6443%)
entry 4138000/5940181 (69.6612%)
entry 4142000/5940181 (69.7285%)
entry 4144000/5940181 (69.7622%)
entry 4145000/5940181 (69.779%)
entry 4147000/5940181 (69.8127%)
entry 4149000/5940181 (69.8464%)
entry 4160000/5940181 (70.0315%)
entry 4161000/5940181 (70.0484%)
entry 4166000/5940181 (70.1325%)
entry 4169000/5940181 (70.183%)
entry 4177000/5940181 (70.3177%)
entry 4179000/5940181 (70.3514%)
entry 4181000/5940181 (70.3851%)
entry 4182000/5940181 (70.4019%)
entry 4185000/5940181 (70.4524%)
entry 4189000/5940181 (70.5197%)
entry 4200000/5940181 (70.7049%)
entry 4201000/5940181 (70.7218%)
entry 4207000/5940181 (70.8228%)
entry 4209000/5940181 (70.8564%)
entry 4210000/5940181 (70.8733%)
entry 4211000/5940181 (70.8901%)
entry 4217000/5940181 (70.9911%)
entry 4219000/5940181 (71.0248%)
entry 4220000/5940181 (71.0416%)
entry 4221000/5940181 (71.0584%)
entry 4222000/5940181 (71.0753%)
entry 4225000/5940181 (71.1258%)
entry 4226000/5940181 (71.1426%)
entry 4228000/5940181 (71.1763%)
entry 4229000/5940181 (71.1931%)
entry 4232000/5940181 (71.2436%)
entry 4237000/5940181 (71.3278%)
entry 4239000/5940181 (71.3615%)
entry 4242000/5940181 (71.412%)
entry 4243000/5940181 (71.4288%)
entry 4248000/5940181 (71.513%)
entry 4249000/5940181 (71.5298%)
entry 4253000/5940181 (71.5971%)
entry 4254000/5940181 (71.614%)
entry 4255000/5940181 (71.6308%)
entry 4256000/5940181 (71.6477%)
entry 4258000/5940181 (71.6813%)
entry 4260000/5940181 (71.715%)
entry 4266000/5940181 (71.816%)
entry 4267000/5940181 (71.8328%)
entry 4271000/5940181 (71.9002%)
entry 4274000/5940181 (71.9507%)
entry 4276000/5940181 (71.9843%)
entry 4278000/5940181 (72.018%)
entry 4279000/5940181 (72.0348%)
entry 4280000/5940181 (72.0517%)
entry 4284000/5940181 (72.119%)
entry 4291000/5940181 (72.2369%)
entry 4292000/5940181 (72.2537%)
entry 4293000/5940181 (72.2705%)
entry 4295000/5940181 (72.3042%)
entry 4296000/5940181 (72.321%)
entry 4297000/5940181 (72.3379%)
entry 4302000/5940181 (72.422%)
entry 4304000/5940181 (72.4557%)
entry 4305000/5940181 (72.4725%)
entry 4307000/5940181 (72.5062%)
entry 4313000/5940181 (72.6072%)
entry 4314000/5940181 (72.6241%)
entry 4316000/5940181 (72.6577%)
entry 4318000/5940181 (72.6914%)
entry 4322000/5940181 (72.7587%)
entry 4324000/5940181 (72.7924%)
entry 4326000/5940181 (72.8261%)
entry 4329000/5940181 (72.8766%)
entry 4331000/5940181 (72.9102%)
entry 4335000/5940181 (72.9776%)
entry 4338000/5940181 (73.0281%)
entry 4339000/5940181 (73.0449%)
entry 4344000/5940181 (73.1291%)
entry 4345000/5940181 (73.1459%)
entry 4346000/5940181 (73.1628%)
entry 4348000/5940181 (73.1964%)
entry 4349000/5940181 (73.2133%)
entry 4350000/5940181 (73.2301%)
entry 4351000/5940181 (73.2469%)
entry 4352000/5940181 (73.2638%)
entry 4361000/5940181 (73.4153%)
entry 4362000/5940181 (73.4321%)
entry 4365000/5940181 (73.4826%)
entry 4368000/5940181 (73.5331%)
entry 4369000/5940181 (73.55%)
entry 4373000/5940181 (73.6173%)
entry 4379000/5940181 (73.7183%)
entry 4381000/5940181 (73.752%)
entry 4382000/5940181 (73.7688%)
entry 4383000/5940181 (73.7856%)
entry 4386000/5940181 (73.8361%)
entry 4388000/5940181 (73.8698%)
entry 4393000/5940181 (73.954%)
entry 4396000/5940181 (74.0045%)
entry 4403000/5940181 (74.1223%)
entry 4405000/5940181 (74.156%)
entry 4407000/5940181 (74.1897%)
entry 4411000/5940181 (74.257%)
entry 4417000/5940181 (74.358%)
entry 4422000/5940181 (74.4422%)
entry 4427000/5940181 (74.5263%)
entry 4428000/5940181 (74.5432%)
entry 4431000/5940181 (74.5937%)
entry 4432000/5940181 (74.6105%)
entry 4436000/5940181 (74.6779%)
entry 4437000/5940181 (74.6947%)
entry 4438000/5940181 (74.7115%)
entry 4440000/5940181 (74.7452%)
entry 4443000/5940181 (74.7957%)
entry 4444000/5940181 (74.8125%)
entry 4449000/5940181 (74.8967%)
entry 4450000/5940181 (74.9135%)
entry 4451000/5940181 (74.9304%)
entry 4452000/5940181 (74.9472%)
entry 4456000/5940181 (75.0145%)
entry 4458000/5940181 (75.0482%)
entry 4464000/5940181 (75.1492%)
entry 4471000/5940181 (75.2671%)
entry 4476000/5940181 (75.3512%)
entry 4479000/5940181 (75.4017%)
entry 4484000/5940181 (75.4859%)
entry 4491000/5940181 (75.6038%)
entry 4492000/5940181 (75.6206%)
entry 4500000/5940181 (75.7553%)
entry 4501000/5940181 (75.7721%)
entry 4503000/5940181 (75.8058%)
entry 4505000/5940181 (75.8394%)
entry 4509000/5940181 (75.9068%)
entry 4511000/5940181 (75.9404%)
entry 4512000/5940181 (75.9573%)
entry 4513000/5940181 (75.9741%)
entry 4515000/5940181 (76.0078%)
entry 4517000/5940181 (76.0415%)
entry 4520000/5940181 (76.092%)
entry 4523000/5940181 (76.1425%)
entry 4525000/5940181 (76.1761%)
entry 4528000/5940181 (76.2266%)
entry 4529000/5940181 (76.2435%)
entry 4530000/5940181 (76.2603%)
entry 4532000/5940181 (76.294%)
entry 4533000/5940181 (76.3108%)
entry 4536000/5940181 (76.3613%)
entry 4539000/5940181 (76.4118%)
entry 4542000/5940181 (76.4623%)
entry 4543000/5940181 (76.4791%)
entry 4546000/5940181 (76.5297%)
entry 4550000/5940181 (76.597%)
entry 4552000/5940181 (76.6307%)
entry 4554000/5940181 (76.6643%)
entry 4560000/5940181 (76.7653%)
entry 4562000/5940181 (76.799%)
entry 4565000/5940181 (76.8495%)
entry 4567000/5940181 (76.8832%)
entry 4569000/5940181 (76.9168%)
entry 4570000/5940181 (76.9337%)
entry 4571000/5940181 (76.9505%)
entry 4573000/5940181 (76.9842%)
entry 4579000/5940181 (77.0852%)
entry 4581000/5940181 (77.1189%)
entry 4584000/5940181 (77.1694%)
entry 4586000/5940181 (77.203%)
entry 4589000/5940181 (77.2535%)
entry 4590000/5940181 (77.2704%)
entry 4591000/5940181 (77.2872%)
entry 4594000/5940181 (77.3377%)
entry 4603000/5940181 (77.4892%)
entry 4604000/5940181 (77.5061%)
entry 4612000/5940181 (77.6407%)
entry 4614000/5940181 (77.6744%)
entry 4616000/5940181 (77.7081%)
entry 4617000/5940181 (77.7249%)
entry 4618000/5940181 (77.7417%)
entry 4621000/5940181 (77.7922%)
entry 4622000/5940181 (77.8091%)
entry 4625000/5940181 (77.8596%)
entry 4630000/5940181 (77.9438%)
entry 4631000/5940181 (77.9606%)
entry 4632000/5940181 (77.9774%)
entry 4634000/5940181 (78.0111%)
entry 4637000/5940181 (78.0616%)
entry 4640000/5940181 (78.1121%)
entry 4642000/5940181 (78.1458%)
entry 4644000/5940181 (78.1794%)
entry 4647000/5940181 (78.2299%)
entry 4648000/5940181 (78.2468%)
entry 4652000/5940181 (78.3141%)
entry 4655000/5940181 (78.3646%)
entry 4659000/5940181 (78.432%)
entry 4663000/5940181 (78.4993%)
entry 4664000/5940181 (78.5161%)
entry 4666000/5940181 (78.5498%)
entry 4669000/5940181 (78.6003%)
entry 4673000/5940181 (78.6676%)
entry 4684000/5940181 (78.8528%)
entry 4685000/5940181 (78.8697%)
entry 4687000/5940181 (78.9033%)
entry 4688000/5940181 (78.9202%)
entry 4691000/5940181 (78.9707%)
entry 4693000/5940181 (79.0043%)
entry 4697000/5940181 (79.0717%)
entry 4702000/5940181 (79.1558%)
entry 4705000/5940181 (79.2063%)
entry 4706000/5940181 (79.2232%)
entry 4711000/5940181 (79.3073%)
entry 4714000/5940181 (79.3579%)
entry 4715000/5940181 (79.3747%)
entry 4717000/5940181 (79.4084%)
entry 4720000/5940181 (79.4589%)
entry 4722000/5940181 (79.4925%)
entry 4725000/5940181 (79.543%)
entry 4727000/5940181 (79.5767%)
entry 4728000/5940181 (79.5935%)
entry 4730000/5940181 (79.6272%)
entry 4732000/5940181 (79.6609%)
entry 4733000/5940181 (79.6777%)
entry 4736000/5940181 (79.7282%)
entry 4739000/5940181 (79.7787%)
entry 4740000/5940181 (79.7955%)
entry 4749000/5940181 (79.9471%)
entry 4757000/5940181 (80.0817%)
entry 4758000/5940181 (80.0986%)
entry 4759000/5940181 (80.1154%)
entry 4762000/5940181 (80.1659%)
entry 4765000/5940181 (80.2164%)
entry 4766000/5940181 (80.2332%)
entry 4768000/5940181 (80.2669%)
entry 4772000/5940181 (80.3343%)
entry 4778000/5940181 (80.4353%)
entry 4782000/5940181 (80.5026%)
entry 4788000/5940181 (80.6036%)
entry 4789000/5940181 (80.6204%)
entry 4790000/5940181 (80.6373%)
entry 4791000/5940181 (80.6541%)
entry 4797000/5940181 (80.7551%)
entry 4799000/5940181 (80.7888%)
entry 4801000/5940181 (80.8225%)
entry 4802000/5940181 (80.8393%)
entry 4803000/5940181 (80.8561%)
entry 4805000/5940181 (80.8898%)
entry 4806000/5940181 (80.9066%)
entry 4808000/5940181 (80.9403%)
entry 4809000/5940181 (80.9571%)
entry 4810000/5940181 (80.974%)
entry 4812000/5940181 (81.0076%)
entry 4814000/5940181 (81.0413%)
entry 4815000/5940181 (81.0581%)
entry 4823000/5940181 (81.1928%)
entry 4832000/5940181 (81.3443%)
entry 4834000/5940181 (81.378%)
entry 4835000/5940181 (81.3948%)
entry 4839000/5940181 (81.4622%)
entry 4841000/5940181 (81.4958%)
entry 4844000/5940181 (81.5463%)
entry 4845000/5940181 (81.5632%)
entry 4847000/5940181 (81.5968%)
entry 4849000/5940181 (81.6305%)
entry 4850000/5940181 (81.6473%)
entry 4854000/5940181 (81.7147%)
entry 4855000/5940181 (81.7315%)
entry 4858000/5940181 (81.782%)
entry 4859000/5940181 (81.7989%)
entry 4860000/5940181 (81.8157%)
entry 4861000/5940181 (81.8325%)
entry 4865000/5940181 (81.8999%)
entry 4867000/5940181 (81.9335%)
entry 4876000/5940181 (82.085%)
entry 4877000/5940181 (82.1019%)
entry 4879000/5940181 (82.1355%)
entry 4880000/5940181 (82.1524%)
entry 4882000/5940181 (82.186%)
entry 4883000/5940181 (82.2029%)
entry 4888000/5940181 (82.2871%)
entry 4892000/5940181 (82.3544%)
entry 4894000/5940181 (82.3881%)
entry 4901000/5940181 (82.5059%)
entry 4906000/5940181 (82.5901%)
entry 4908000/5940181 (82.6237%)
entry 4911000/5940181 (82.6742%)
entry 4916000/5940181 (82.7584%)
entry 4919000/5940181 (82.8089%)
entry 4920000/5940181 (82.8258%)
entry 4922000/5940181 (82.8594%)
entry 4923000/5940181 (82.8763%)
entry 4925000/5940181 (82.9099%)
entry 4929000/5940181 (82.9773%)
entry 4930000/5940181 (82.9941%)
entry 4932000/5940181 (83.0278%)
entry 4938000/5940181 (83.1288%)
entry 4941000/5940181 (83.1793%)
entry 4947000/5940181 (83.2803%)
entry 4954000/5940181 (83.3981%)
entry 4959000/5940181 (83.4823%)
entry 4964000/5940181 (83.5665%)
entry 4965000/5940181 (83.5833%)
entry 4969000/5940181 (83.6506%)
entry 4970000/5940181 (83.6675%)
entry 4971000/5940181 (83.6843%)
entry 4974000/5940181 (83.7348%)
entry 4976000/5940181 (83.7685%)
entry 4977000/5940181 (83.7853%)
entry 4978000/5940181 (83.8022%)
entry 4981000/5940181 (83.8527%)
entry 4982000/5940181 (83.8695%)
entry 4984000/5940181 (83.9032%)
entry 4991000/5940181 (84.021%)
entry 4992000/5940181 (84.0378%)
entry 4994000/5940181 (84.0715%)
entry 4995000/5940181 (84.0883%)
entry 4996000/5940181 (84.1052%)
entry 4998000/5940181 (84.1389%)
entry 5000000/5940181 (84.1725%)
entry 5001000/5940181 (84.1894%)
entry 5005000/5940181 (84.2567%)
entry 5007000/5940181 (84.2904%)
entry 5010000/5940181 (84.3409%)
entry 5011000/5940181 (84.3577%)
entry 5018000/5940181 (84.4755%)
entry 5023000/5940181 (84.5597%)
entry 5024000/5940181 (84.5765%)
entry 5027000/5940181 (84.6271%)
entry 5037000/5940181 (84.7954%)
entry 5038000/5940181 (84.8122%)
entry 5044000/5940181 (84.9132%)
entry 5045000/5940181 (84.9301%)
entry 5046000/5940181 (84.9469%)
entry 5056000/5940181 (85.1153%)
entry 5059000/5940181 (85.1658%)
entry 5060000/5940181 (85.1826%)
entry 5067000/5940181 (85.3004%)
entry 5070000/5940181 (85.3509%)
entry 5073000/5940181 (85.4014%)
entry 5075000/5940181 (85.4351%)
entry 5079000/5940181 (85.5024%)
entry 5083000/5940181 (85.5698%)
entry 5084000/5940181 (85.5866%)
entry 5090000/5940181 (85.6876%)
entry 5096000/5940181 (85.7886%)
entry 5097000/5940181 (85.8055%)
entry 5098000/5940181 (85.8223%)
entry 5107000/5940181 (85.9738%)
entry 5114000/5940181 (86.0917%)
entry 5116000/5940181 (86.1253%)
entry 5117000/5940181 (86.1422%)
entry 5119000/5940181 (86.1758%)
entry 5120000/5940181 (86.1927%)
entry 5126000/5940181 (86.2937%)
entry 5132000/5940181 (86.3947%)
entry 5139000/5940181 (86.5125%)
entry 5151000/5940181 (86.7145%)
entry 5158000/5940181 (86.8324%)
entry 5160000/5940181 (86.866%)
entry 5169000/5940181 (87.0175%)
entry 5177000/5940181 (87.1522%)
entry 5185000/5940181 (87.2869%)
entry 5187000/5940181 (87.3206%)
entry 5192000/5940181 (87.4047%)
entry 5196000/5940181 (87.4721%)
entry 5198000/5940181 (87.5058%)
entry 5203000/5940181 (87.5899%)
entry 5205000/5940181 (87.6236%)
entry 5212000/5940181 (87.7414%)
entry 5214000/5940181 (87.7751%)
entry 5215000/5940181 (87.7919%)
entry 5218000/5940181 (87.8424%)
entry 5219000/5940181 (87.8593%)
entry 5228000/5940181 (88.0108%)
entry 5230000/5940181 (88.0445%)
entry 5231000/5940181 (88.0613%)
entry 5236000/5940181 (88.1455%)
entry 5242000/5940181 (88.2465%)
entry 5243000/5940181 (88.2633%)
entry 5248000/5940181 (88.3475%)
entry 5249000/5940181 (88.3643%)
entry 5252000/5940181 (88.4148%)
entry 5253000/5940181 (88.4317%)
entry 5255000/5940181 (88.4653%)
entry 5257000/5940181 (88.499%)
entry 5259000/5940181 (88.5327%)
entry 5260000/5940181 (88.5495%)
entry 5263000/5940181 (88.6%)
entry 5273000/5940181 (88.7683%)
entry 5276000/5940181 (88.8188%)
entry 5278000/5940181 (88.8525%)
entry 5279000/5940181 (88.8693%)
entry 5285000/5940181 (88.9704%)
entry 5293000/5940181 (89.105%)
entry 5294000/5940181 (89.1219%)
entry 5295000/5940181 (89.1387%)
entry 5300000/5940181 (89.2229%)
entry 5304000/5940181 (89.2902%)
entry 5306000/5940181 (89.3239%)
entry 5309000/5940181 (89.3744%)
entry 5313000/5940181 (89.4417%)
entry 5315000/5940181 (89.4754%)
entry 5317000/5940181 (89.5091%)
entry 5323000/5940181 (89.6101%)
entry 5324000/5940181 (89.6269%)
entry 5325000/5940181 (89.6437%)
entry 5328000/5940181 (89.6942%)
entry 5330000/5940181 (89.7279%)
entry 5331000/5940181 (89.7447%)
entry 5332000/5940181 (89.7616%)
entry 5335000/5940181 (89.8121%)
entry 5339000/5940181 (89.8794%)
entry 5341000/5940181 (89.9131%)
entry 5342000/5940181 (89.9299%)
entry 5348000/5940181 (90.0309%)
entry 5350000/5940181 (90.0646%)
entry 5361000/5940181 (90.2498%)
entry 5362000/5940181 (90.2666%)
entry 5368000/5940181 (90.3676%)
entry 5381000/5940181 (90.5865%)
entry 5382000/5940181 (90.6033%)
entry 5384000/5940181 (90.637%)
entry 5386000/5940181 (90.6706%)
entry 5397000/5940181 (90.8558%)
entry 5399000/5940181 (90.8895%)
entry 5400000/5940181 (90.9063%)
entry 5401000/5940181 (90.9232%)
entry 5404000/5940181 (90.9737%)
entry 5405000/5940181 (90.9905%)
entry 5412000/5940181 (91.1083%)
entry 5413000/5940181 (91.1252%)
entry 5415000/5940181 (91.1588%)
entry 5417000/5940181 (91.1925%)
entry 5418000/5940181 (91.2093%)
entry 5419000/5940181 (91.2262%)
entry 5421000/5940181 (91.2598%)
entry 5425000/5940181 (91.3272%)
entry 5428000/5940181 (91.3777%)
entry 5430000/5940181 (91.4114%)
entry 5432000/5940181 (91.445%)
entry 5433000/5940181 (91.4619%)
entry 5435000/5940181 (91.4955%)
entry 5436000/5940181 (91.5124%)
entry 5445000/5940181 (91.6639%)
entry 5447000/5940181 (91.6975%)
entry 5448000/5940181 (91.7144%)
entry 5449000/5940181 (91.7312%)
entry 5456000/5940181 (91.8491%)
entry 5461000/5940181 (91.9332%)
entry 5462000/5940181 (91.9501%)
entry 5465000/5940181 (92.0006%)
entry 5469000/5940181 (92.0679%)
entry 5471000/5940181 (92.1016%)
entry 5472000/5940181 (92.1184%)
entry 5474000/5940181 (92.1521%)
entry 5475000/5940181 (92.1689%)
entry 5477000/5940181 (92.2026%)
entry 5481000/5940181 (92.2699%)
entry 5482000/5940181 (92.2867%)
entry 5485000/5940181 (92.3373%)
entry 5489000/5940181 (92.4046%)
entry 5498000/5940181 (92.5561%)
entry 5500000/5940181 (92.5898%)
entry 5501000/5940181 (92.6066%)
entry 5507000/5940181 (92.7076%)
entry 5508000/5940181 (92.7244%)
entry 5521000/5940181 (92.9433%)
entry 5522000/5940181 (92.9601%)
entry 5524000/5940181 (92.9938%)
entry 5526000/5940181 (93.0275%)
entry 5529000/5940181 (93.078%)
entry 5534000/5940181 (93.1621%)
entry 5535000/5940181 (93.179%)
entry 5540000/5940181 (93.2631%)
entry 5541000/5940181 (93.28%)
entry 5542000/5940181 (93.2968%)
entry 5545000/5940181 (93.3473%)
entry 5548000/5940181 (93.3978%)
entry 5554000/5940181 (93.4988%)
entry 5555000/5940181 (93.5157%)
entry 5556000/5940181 (93.5325%)
entry 5561000/5940181 (93.6167%)
entry 5563000/5940181 (93.6503%)
entry 5564000/5940181 (93.6672%)
entry 5567000/5940181 (93.7177%)
entry 5572000/5940181 (93.8019%)
entry 5573000/5940181 (93.8187%)
entry 5574000/5940181 (93.8355%)
entry 5578000/5940181 (93.9029%)
entry 5579000/5940181 (93.9197%)
entry 5581000/5940181 (93.9534%)
entry 5586000/5940181 (94.0375%)
entry 5593000/5940181 (94.1554%)
entry 5594000/5940181 (94.1722%)
entry 5596000/5940181 (94.2059%)
entry 5598000/5940181 (94.2396%)
entry 5602000/5940181 (94.3069%)
entry 5604000/5940181 (94.3406%)
entry 5605000/5940181 (94.3574%)
entry 5608000/5940181 (94.4079%)
entry 5609000/5940181 (94.4247%)
entry 5611000/5940181 (94.4584%)
entry 5614000/5940181 (94.5089%)
entry 5617000/5940181 (94.5594%)
entry 5618000/5940181 (94.5762%)
entry 5622000/5940181 (94.6436%)
entry 5624000/5940181 (94.6773%)
entry 5634000/5940181 (94.8456%)
entry 5636000/5940181 (94.8793%)
entry 5640000/5940181 (94.9466%)
entry 5648000/5940181 (95.0813%)
entry 5649000/5940181 (95.0981%)
entry 5653000/5940181 (95.1654%)
entry 5654000/5940181 (95.1823%)
entry 5655000/5940181 (95.1991%)
entry 5659000/5940181 (95.2665%)
entry 5662000/5940181 (95.317%)
entry 5665000/5940181 (95.3675%)
entry 5666000/5940181 (95.3843%)
entry 5667000/5940181 (95.4011%)
entry 5671000/5940181 (95.4685%)
entry 5672000/5940181 (95.4853%)
entry 5676000/5940181 (95.5526%)
entry 5677000/5940181 (95.5695%)
entry 5682000/5940181 (95.6537%)
entry 5684000/5940181 (95.6873%)
entry 5685000/5940181 (95.7042%)
entry 5690000/5940181 (95.7883%)
entry 5695000/5940181 (95.8725%)
entry 5701000/5940181 (95.9735%)
entry 5709000/5940181 (96.1082%)
entry 5710000/5940181 (96.125%)
entry 5714000/5940181 (96.1924%)
entry 5717000/5940181 (96.2429%)
entry 5718000/5940181 (96.2597%)
entry 5720000/5940181 (96.2934%)
entry 5722000/5940181 (96.327%)
entry 5723000/5940181 (96.3439%)
entry 5726000/5940181 (96.3944%)
entry 5730000/5940181 (96.4617%)
entry 5732000/5940181 (96.4954%)
entry 5734000/5940181 (96.529%)
entry 5736000/5940181 (96.5627%)
entry 5737000/5940181 (96.5795%)
entry 5739000/5940181 (96.6132%)
entry 5741000/5940181 (96.6469%)
entry 5750000/5940181 (96.7984%)
entry 5753000/5940181 (96.8489%)
entry 5755000/5940181 (96.8826%)
entry 5757000/5940181 (96.9162%)
entry 5759000/5940181 (96.9499%)
entry 5763000/5940181 (97.0172%)
entry 5764000/5940181 (97.0341%)
entry 5768000/5940181 (97.1014%)
entry 5777000/5940181 (97.2529%)
entry 5780000/5940181 (97.3034%)
entry 5781000/5940181 (97.3203%)
entry 5784000/5940181 (97.3708%)
entry 5786000/5940181 (97.4044%)
entry 5788000/5940181 (97.4381%)
entry 5790000/5940181 (97.4718%)
entry 5792000/5940181 (97.5054%)
entry 5794000/5940181 (97.5391%)
entry 5798000/5940181 (97.6065%)
entry 5802000/5940181 (97.6738%)
entry 5804000/5940181 (97.7075%)
entry 5805000/5940181 (97.7243%)
entry 5807000/5940181 (97.758%)
entry 5811000/5940181 (97.8253%)
entry 5816000/5940181 (97.9095%)
entry 5819000/5940181 (97.96%)
entry 5821000/5940181 (97.9936%)
entry 5823000/5940181 (98.0273%)
entry 5825000/5940181 (98.061%)
entry 5826000/5940181 (98.0778%)
entry 5827000/5940181 (98.0947%)
entry 5828000/5940181 (98.1115%)
entry 5836000/5940181 (98.2462%)
entry 5841000/5940181 (98.3303%)
entry 5844000/5940181 (98.3808%)
entry 5846000/5940181 (98.4145%)
entry 5848000/5940181 (98.4482%)
entry 5850000/5940181 (98.4818%)
entry 5857000/5940181 (98.5997%)
entry 5859000/5940181 (98.6334%)
entry 5861000/5940181 (98.667%)
entry 5864000/5940181 (98.7175%)
entry 5868000/5940181 (98.7849%)
entry 5873000/5940181 (98.869%)
entry 5879000/5940181 (98.97%)
entry 5886000/5940181 (99.0879%)
entry 5887000/5940181 (99.1047%)
entry 5889000/5940181 (99.1384%)
entry 5890000/5940181 (99.1552%)
entry 5892000/5940181 (99.1889%)
entry 5893000/5940181 (99.2057%)
entry 5901000/5940181 (99.3404%)
entry 5905000/5940181 (99.4077%)
entry 5911000/5940181 (99.5088%)
entry 5912000/5940181 (99.5256%)
entry 5915000/5940181 (99.5761%)
entry 5917000/5940181 (99.6098%)
entry 5920000/5940181 (99.6603%)
entry 5921000/5940181 (99.6771%)
entry 5923000/5940181 (99.7108%)
entry 5925000/5940181 (99.7444%)
entry 5926000/5940181 (99.7613%)
entry 5927000/5940181 (99.7781%)
entry 5928000/5940181 (99.7949%)
entry 5930000/5940181 (99.8286%)
entry 5933000/5940181 (99.8791%)
entry 5934000/5940181 (99.8959%)
entry 5938000/5940181 (99.9633%)
entry 5940000/5940181 (99.997%)
all done
script done
