sphnx1028.sdcc.bnl.gov
rsyncing from /gpfs/mnt/gpfs02/sphenix/user/samfred/run25/ppg11/histmaking
running: /gpfs/mnt/gpfs02/sphenix/user/samfred/run25/ppg11/histmaking/script_data.sh 48514
LD_LIBRARY_PATH now /sphenix/user/samfred/run25/install//lib:/cvmfs/sphenix.sdcc.bnl.gov/alma9.2-gcc-14.2.0/opt/sphenix/core/gcc/14.2.0-2f0a0/x86_64-el9/lib:/cvmfs/sphenix.sdcc.bnl.gov/alma9.2-gcc-14.2.0/opt/sphenix/core/gcc/14.2.0-2f0a0/x86_64-el9/lib64:/cvmfs/sphenix.sdcc.bnl.gov/alma9.2-gcc-14.2.0/opt/sphenix/core/binutils/2.40-acaab/x86_64-el9/lib:.:/cvmfs/sphenix.sdcc.bnl.gov/alma9.2-gcc-14.2.0/release/release_new/new.10/lib64:/cvmfs/sphenix.sdcc.bnl.gov/alma9.2-gcc-14.2.0/release/release_new/new.10/lib:/cvmfs/sphenix.sdcc.bnl.gov/alma9.2-gcc-14.2.0/opt/sphenix/utils/lib:/cvmfs/sphenix.sdcc.bnl.gov/alma9.2-gcc-14.2.0/opt/sphenix/core/lib:/cvmfs/sphenix.sdcc.bnl.gov/alma9.2-gcc-14.2.0/opt/sphenix/core/root-6.32.06/lib:/cvmfs/sphenix.sdcc.bnl.gov/alma9.2-gcc-14.2.0/opt/sphenix/core/geant4.10.07.p04/lib64:/cvmfs/sphenix.sdcc.bnl.gov/alma9.2-gcc-14.2.0/opt/sphenix/core/lhapdf-5.9.1/lib:/usr/local/lib64:/usr/lib64
PATH now /sphenix/user/samfred/run25/install//bin:/cvmfs/sphenix.sdcc.bnl.gov/alma9.2-gcc-14.2.0/opt/sphenix/core/gcc/14.2.0-2f0a0/x86_64-el9/bin:/cvmfs/sphenix.sdcc.bnl.gov/alma9.2-gcc-14.2.0/opt/sphenix/core/binutils/2.40-acaab/x86_64-el9/bin:.:/cvmfs/sphenix.sdcc.bnl.gov/alma9.2-gcc-14.2.0/release/release_new/new.10/bin:/cvmfs/sphenix.sdcc.bnl.gov/alma9.2-gcc-14.2.0/opt/sphenix/utils/bin:/cvmfs/sphenix.sdcc.bnl.gov/alma9.2-gcc-14.2.0/opt/sphenix/core/bin:/cvmfs/sphenix.sdcc.bnl.gov/alma9.2-gcc-14.2.0/opt/sphenix/core/root-6.32.06/bin:/cvmfs/sphenix.sdcc.bnl.gov/alma9.2-gcc-14.2.0/opt/sphenix/core/geant4.10.07.p04/bin:/usr/local/bin:/usr/bin:/usr/local/sbin:/usr/sbin
SINGULARITY_CACHEDIR=/home/condor/local/sphnx/execute/dir_2430002
_CONDOR_ANCESTOR_317652=317699:1756523315:1303912541
_CONDOR_CHIRP_CONFIG=/home/condor/local/sphnx/execute/dir_2430002/.chirp.config
_CONDOR_JOB_IWD=/sphenix/user/samfred/run25/ppg11/histmaking
G4ENSDFSTATEDATA=/cvmfs/sphenix.sdcc.bnl.gov/alma9.2-gcc-14.2.0/opt/sphenix/core/geant4.10.07.p04/share/Geant4-10.7.4/data/G4ENSDFSTATE2.3
_CONDOR_MACHINE_AD=/home/condor/local/sphnx/execute/dir_2430002/.machine.ad
ROOT_MAX_THREADS=1
NUMEXPR_NUM_THREADS=1
CUBACORES=1
_CHIRP_DELAYED_UPDATE_PREFIX=Chirp*
OMP_THREAD_LIMIT=1
G4PIIDATA=/cvmfs/sphenix.sdcc.bnl.gov/alma9.2-gcc-14.2.0/opt/sphenix/core/geant4.10.07.p04/share/Geant4-10.7.4/data/G4PII1.3
NO_AT_BRIDGE=1
G4_MAIN=/cvmfs/sphenix.sdcc.bnl.gov/alma9.2-gcc-14.2.0/opt/sphenix/core/geant4.10.07.p04
COMPILER_PATH=/cvmfs/sphenix.sdcc.bnl.gov/alma9.2-gcc-14.2.0/opt/sphenix/core/gcc/14.2.0-2f0a0/x86_64-el9
ROOT_INCLUDE_PATH=./:/sphenix/user/samfred/run25/install//include:/sphenix/user/samfred/run25/install//include/caloana:/sphenix/user/samfred/run25/install//include/qa_centrality:/sphenix/user/samfred/run25/install//include/mbdana:/sphenix/user/samfred/run25/install//include/centrality:/sphenix/user/samfred/run25/install//include/Event:/cvmfs/sphenix.sdcc.bnl.gov/alma9.2-gcc-14.2.0/release/release_new/new.10/include:/cvmfs/sphenix.sdcc.bnl.gov/alma9.2-gcc-14.2.0/release/release_new/new.10/include:/cvmfs/sphenix.sdcc.bnl.gov/alma9.2-gcc-14.2.0/release/release_new/new.10/include/g4mbd:/cvmfs/sphenix.sdcc.bnl.gov/alma9.2-gcc-14.2.0/release/release_new/new.10/include/fmt:/cvmfs/sphenix.sdcc.bnl.gov/alma9.2-gcc-14.2.0/release/release_new/new.10/include/ffarawobjects:/cvmfs/sphenix.sdcc.bnl.gov/alma9.2-gcc-14.2.0/release/release_new/new.10/include/JSON:/cvmfs/sphenix.sdcc.bnl.gov/alma9.2-gcc-14.2.0/release/release_new/new.10/include/calotreegen:/cvmfs/sphenix.sdcc.bnl.gov/alma9.2-gcc-14.2.0/release/release_new/new.10/include/torch:/cvmfs/sphenix.sdcc.bnl.gov/alma9.2-gcc-14.2.0/release/release_new/new.10/include/g4detectors:/cvmfs/sphenix.sdcc.bnl.gov/alma9.2-gcc-14.2.0/release/release_new/new.10/include/kineto:/cvmfs/sphenix.sdcc.bnl.gov/alma9.2-gcc-14.2.0/release/release_new/new.10/include/g4decayer:/cvmfs/sphenix.sdcc.bnl.gov/alma9.2-gcc-14.2.0/release/release_new/new.10/include/kfparticleqa:/cvmfs/sphenix.sdcc.bnl.gov/alma9.2-gcc-14.2.0/release/release_new/new.10/include/phfield:/cvmfs/sphenix.sdcc.bnl.gov/alma9.2-gcc-14.2.0/release/release_new/new.10/include/LHAPDF:/cvmfs/sphenix.sdcc.bnl.gov/alma9.2-gcc-14.2.0/release/release_new/new.10/include/readdigitalcurrents:/cvmfs/sphenix.sdcc.bnl.gov/alma9.2-gcc-14.2.0/release/release_new/new.10/include/c10:/cvmfs/sphenix.sdcc.bnl.gov/alma9.2-gcc-14.2.0/release/release_new/new.10/include/calovalid:/cvmfs/sphenix.sdcc.bnl.gov/alma9.2-gcc-14.2.0/release/release_new/new.10/include/oneapi:/cvmfs/sphenix.sdcc.bnl.gov/alma9.2-gcc-14.2.0/release/release_new/new.10/include/DDCond:/cvmfs/sphenix.sdcc.bnl.gov/alma9.2-gcc-14.2.0/release/release_new/new.10/include/g4tracking:/cvmfs/sphenix.sdcc.bnl.gov/alma9.2-gcc-14.2.0/release/release_new/new.10/include/litecaloeval:/cvmfs/sphenix.sdcc.bnl.gov/alma9.2-gcc-14.2.0/release/release_new/new.10/include/g4intt:/cvmfs/sphenix.sdcc.bnl.gov/alma9.2-gcc-14.2.0/release/release_new/new.10/include/phool:/cvmfs/sphenix.sdcc.bnl.gov/alma9.2-gcc-14.2.0/release/release_new/new.10/include/boost:/cvmfs/sphenix.sdcc.bnl.gov/alma9.2-gcc-14.2.0/release/release_new/new.10/include/Pythia8Plugins:/cvmfs/sphenix.sdcc.bnl.gov/alma9.2-gcc-14.2.0/release/release_new/new.10/include/calib_emc_pi0:/cvmfs/sphenix.sdcc.bnl.gov/alma9.2-gcc-14.2.0/release/release_new/new.10/include/hijingflipafterburner:/cvmfs/sphenix.sdcc.bnl.gov/alma9.2-gcc-14.2.0/release/release_new/new.10/include/ffaobjects:/cvmfs/sphenix.sdcc.bnl.gov/alma9.2-gcc-14.2.0/release/release_new/new.10/include/EvtGenBase:/cvmfs/sphenix.sdcc.bnl.gov/alma9.2-gcc-14.2.0/release/release_new/new.10/include/flowafterburner:/cvmfs/sphenix.sdcc.bnl.gov/alma9.2-gcc-14.2.0/release/release_new/new.10/include/google:/cvmfs/sphenix.sdcc.bnl.gov/alma9.2-gcc-14.2.0/release/release_new/new.10/include/g4tpc:/cvmfs/sphenix.sdcc.bnl.gov/alma9.2-gcc-14.2.0/release/release_new/new.10/include/caffe2:/cvmfs/sphenix.sdcc.bnl.gov/alma9.2-gcc-14.2.0/release/release_new/new.10/include/EvtGenExternal:/cvmfs/sphenix.sdcc.bnl.gov/alma9.2-gcc-14.2.0/release/release_new/new.10/include/fp16:/cvmfs/sphenix.sdcc.bnl.gov/alma9.2-gcc-14.2.0/release/release_new/new.10/include/ffamodules:/cvmfs/sphenix.sdcc.bnl.gov/alma9.2-gcc-14.2.0/release/release_new/new.10/include/uspin:/cvmfs/sphenix.sdcc.bnl.gov/alma9.2-gcc-14.2.0/release/release_new/new.10/include/Herwig:/cvmfs/sphenix.sdcc.bnl.gov/alma9.2-gcc-14.2.0/release/release_new/new.10/include/genfitexp:/cvmfs/sphenix.sdcc.bnl.gov/alma9.2-gcc-14.2.0/release/release_new/new.10/include/XML:/cvmfs/sphenix.sdcc.bnl.gov/alma9.2-gcc-14.2.0/release/release_new/new.10/include/fbgemm:/cvmfs/sphenix.sdcc.bnl.gov/alma9.2-gcc-14.2.0/release/release_new/new.10/include/DDAlign:/cvmfs/sphenix.sdcc.bnl.gov/alma9.2-gcc-14.2.0/release/release_new/new.10/include/g4mvtx:/cvmfs/sphenix.sdcc.bnl.gov/alma9.2-gcc-14.2.0/release/release_new/new.10/include/kfparticle_sphenix:/cvmfs/sphenix.sdcc.bnl.gov/alma9.2-gcc-14.2.0/release/release_new/new.10/include/fun4all:/cvmfs/sphenix.sdcc.bnl.gov/alma9.2-gcc-14.2.0/release/release_new/new.10/include/intt:/cvmfs/sphenix.sdcc.bnl.gov/alma9.2-gcc-14.2.0/release/release_new/new.10/include/eventdisplay:/cvmfs/sphenix.sdcc.bnl.gov/alma9.2-gcc-14.2.0/release/release_new/new.10/include/EvtGen:/cvmfs/sphenix.sdcc.bnl.gov/alma9.2-gcc-14.2.0/release/release_new/new.10/include/Evaluator:/cvmfs/sphenix.sdcc.bnl.gov/alma9.2-gcc-14.2.0/release/release_new/new.10/include/tpc:/cvmfs/sphenix.sdcc.bnl.gov/alma9.2-gcc-14.2.0/release/release_new/new.10/include/GenFit:/cvmfs/sphenix.sdcc.bnl.gov/alma9.2-gcc-14.2.0/release/release_new/new.10/include/prototype4:/cvmfs/sphenix.sdcc.bnl.gov/alma9.2-gcc-14.2.0/release/release_new/new.10/include/caloembedding:/cvmfs/sphenix.sdcc.bnl.gov/alma9.2-gcc-14.2.0/release/release_new/new.10/include/EvtGenModels:/cvmfs/sphenix.sdcc.bnl.gov/alma9.2-gcc-14.2.0/release/release_new/new.10/include/fastjet:/cvmfs/sphenix.sdcc.bnl.gov/alma9.2-gcc-14.2.0/release/release_new/new.10/include/DDG4:/cvmfs/sphenix.sdcc.bnl.gov/alma9.2-gcc-14.2.0/release/release_new/new.10/include/mbd:/cvmfs/sphenix.sdcc.bnl.gov/alma9.2-gcc-14.2.0/release/release_new/new.10/include/tbb:/cvmfs/sphenix.sdcc.bnl.gov/alma9.2-gcc-14.2.0/release/release_new/new.10/include/phgeom:/cvmfs/sphenix.sdcc.bnl.gov/alma9.2-gcc-14.2.0/release/release_new/new.10/include/g4epd:/cvmfs/sphenix.sdcc.bnl.gov/alma9.2-gcc-14.2.0/release/release_new/new.10/include/oncal:/cvmfs/sphenix.sdcc.bnl.gov/alma9.2-gcc-14.2.0/release/release_new/new.10/include/pybind11:/cvmfs/sphenix.sdcc.bnl.gov/alma9.2-gcc-14.2.0/release/release_new/new.10/include/tpcdistgenerator:/cvmfs/sphenix.sdcc.bnl.gov/alma9.2-gcc-14.2.0/release/release_new/new.10/include/cdbobjects:/cvmfs/sphenix.sdcc.bnl.gov/alma9.2-gcc-14.2.0/release/release_new/new.10/include/g4micromegas:/cvmfs/sphenix.sdcc.bnl.gov/alma9.2-gcc-14.2.0/release/release_new/new.10/include/g4eval:/cvmfs/sphenix.sdcc.bnl.gov/alma9.2-gcc-14.2.0/release/release_new/new.10/include/jetbackground:/cvmfs/sphenix.sdcc.bnl.gov/alma9.2-gcc-14.2.0/release/release_new/new.10/include/micromegas:/cvmfs/sphenix.sdcc.bnl.gov/alma9.2-gcc-14.2.0/release/release_new/new.10/include/hftrackefficiency:/cvmfs/sphenix.sdcc.bnl.gov/alma9.2-gcc-14.2.0/release/release_new/new.10/include/inttrawhitqa:/cvmfs/sphenix.sdcc.bnl.gov/alma9.2-gcc-14.2.0/release/release_new/new.10/include/centrality:/cvmfs/sphenix.sdcc.bnl.gov/alma9.2-gcc-14.2.0/release/release_new/new.10/include/epd:/cvmfs/sphenix.sdcc.bnl.gov/alma9.2-gcc-14.2.0/release/release_new/new.10/include/caloreco:/cvmfs/sphenix.sdcc.bnl.gov/alma9.2-gcc-14.2.0/release/release_new/new.10/include/HepMC:/cvmfs/sphenix.sdcc.bnl.gov/alma9.2-gcc-14.2.0/release/release_new/new.10/include/CLHEP:/cvmfs/sphenix.sdcc.bnl.gov/alma9.2-gcc-14.2.0/release/release_new/new.10/include/Acts:/cvmfs/sphenix.sdcc.bnl.gov/alma9.2-gcc-14.2.0/release/release_new/new.10/include/g4histos:/cvmfs/sphenix.sdcc.bnl.gov/alma9.2-gcc-14.2.0/release/release_new/new.10/include/eventplaneinfo:/cvmfs/sphenix.sdcc.bnl.gov/alma9.2-gcc-14.2.0/release/release_new/new.10/include/fillspacechargemaps:/cvmfs/sphenix.sdcc.bnl.gov/alma9.2-gcc-14.2.0/release/release_new/new.10/include/phhepmc:/cvmfs/sphenix.sdcc.bnl.gov/alma9.2-gcc-14.2.0/release/release_new/new.10/include/trackingqa:/cvmfs/sphenix.sdcc.bnl.gov/alma9.2-gcc-14.2.0/release/release_new/new.10/include/qautils:/cvmfs/sphenix.sdcc.bnl.gov/alma9.2-gcc-14.2.0/release/release_new/new.10/include/trackreco:/cvmfs/sphenix.sdcc.bnl.gov/alma9.2-gcc-14.2.0/release/release_new/new.10/include/g4ohcal:/cvmfs/sphenix.sdcc.bnl.gov/alma9.2-gcc-14.2.0/release/release_new/new.10/include/tpcdvcalib:/cvmfs/sphenix.sdcc.bnl.gov/alma9.2-gcc-14.2.0/release/release_new/new.10/include/zdcinfo:/cvmfs/sphenix.sdcc.bnl.gov/alma9.2-gcc-14.2.0/release/release_new/new.10/include/phpythia8:/cvmfs/sphenix.sdcc.bnl.gov/alma9.2-gcc-14.2.0/release/release_new/new.10/include/fun4allutils:/cvmfs/sphenix.sdcc.bnl.gov/alma9.2-gcc-14.2.0/release/release_new/new.10/include/tpcqa:/cvmfs/sphenix.sdcc.bnl.gov/alma9.2-gcc-14.2.0/release/release_new/new.10/include/Pythia8:/cvmfs/sphenix.sdcc.bnl.gov/alma9.2-gcc-14.2.0/release/release_new/new.10/include/DDRec:/cvmfs/sphenix.sdcc.bnl.gov/alma9.2-gcc-14.2.0/release/release_new/new.10/include/DDDigi:/cvmfs/sphenix.sdcc.bnl.gov/alma9.2-gcc-14.2.0/release/release_new/new.10/include/g4ihcal:/cvmfs/sphenix.sdcc.bnl.gov/alma9.2-gcc-14.2.0/release/release_new/new.10/include/frog:/cvmfs/sphenix.sdcc.bnl.gov/alma9.2-gcc-14.2.0/release/release_new/new.10/include/eigen3:/cvmfs/sphenix.sdcc.bnl.gov/alma9.2-gcc-14.2.0/release/release_new/new.10/include/tensorpipe:/cvmfs/sphenix.sdcc.bnl.gov/alma9.2-gcc-14.2.0/release/release_new/new.10/include/sphenixnpc:/cvmfs/sphenix.sdcc.bnl.gov/alma9.2-gcc-14.2.0/release/release_new/new.10/include/siscone:/cvmfs/sphenix.sdcc.bnl.gov/alma9.2-gcc-14.2.0/release/release_new/new.10/include/pmonitor:/cvmfs/sphenix.sdcc.bnl.gov/alma9.2-gcc-14.2.0/release/release_new/new.10/include/calobase:/cvmfs/sphenix.sdcc.bnl.gov/alma9.2-gcc-14.2.0/release/release_new/new.10/include/ActsExamples:/cvmfs/sphenix.sdcc.bnl.gov/alma9.2-gcc-14.2.0/release/release_new/new.10/include/g4gdml:/cvmfs/sphenix.sdcc.bnl.gov/alma9.2-gcc-14.2.0/release/release_new/new.10/include/mvtx_decoder:/cvmfs/sphenix.sdcc.bnl.gov/alma9.2-gcc-14.2.0/release/release_new/new.10/include/ROOT:/cvmfs/sphenix.sdcc.bnl.gov/alma9.2-gcc-14.2.0/release/release_new/new.10/include/phparameter:/cvmfs/sphenix.sdcc.bnl.gov/alma9.2-gcc-14.2.0/release/release_new/new.10/include/rsa:/cvmfs/sphenix.sdcc.bnl.gov/alma9.2-gcc-14.2.0/release/release_new/new.10/include/fun4allraw:/cvmfs/sphenix.sdcc.bnl.gov/alma9.2-gcc-14.2.0/release/release_new/new.10/include/trackbase_historic:/cvmfs/sphenix.sdcc.bnl.gov/alma9.2-gcc-14.2.0/release/release_new/new.10/include/g4jets:/cvmfs/sphenix.sdcc.bnl.gov/alma9.2-gcc-14.2.0/release/release_new/new.10/include/jetqa:/cvmfs/sphenix.sdcc.bnl.gov/alma9.2-gcc-14.2.0/release/release_new/new.10/include/phoolraw:/cvmfs/sphenix.sdcc.bnl.gov/alma9.2-gcc-14.2.0/release/release_new/new.10/include/g4calo:/cvmfs/sphenix.sdcc.bnl.gov/alma9.2-gcc-14.2.0/release/release_new/new.10/include/mvtxrawhitqa:/cvmfs/sphenix.sdcc.bnl.gov/alma9.2-gcc-14.2.0/release/release_new/new.10/include/HepMC3:/cvmfs/sphenix.sdcc.bnl.gov/alma9.2-gcc-14.2.0/release/release_new/new.10/include/calowaveformsim:/cvmfs/sphenix.sdcc.bnl.gov/alma9.2-gcc-14.2.0/release/release_new/new.10/include/g4caloprototype:/cvmfs/sphenix.sdcc.bnl.gov/alma9.2-gcc-14.2.0/release/release_new/new.10/include/pdbcalbase:/cvmfs/sphenix.sdcc.bnl.gov/alma9.2-gcc-14.2.0/release/release_new/new.10/include/gsl:/cvmfs/sphenix.sdcc.bnl.gov/alma9.2-gcc-14.2.0/release/release_new/new.10/include/nodedump:/cvmfs/sphenix.sdcc.bnl.gov/alma9.2-gcc-14.2.0/release/release_new/new.10/include/emcnoisytowerfinder:/cvmfs/sphenix.sdcc.bnl.gov/alma9.2-gcc-14.2.0/release/release_new/new.10/include/ActsFatras:/cvmfs/sphenix.sdcc.bnl.gov/alma9.2-gcc-14.2.0/release/release_new/new.10/include/ffarawmodules:/cvmfs/sphenix.sdcc.bnl.gov/alma9.2-gcc-14.2.0/release/release_new/new.10/include/Event:/cvmfs/sphenix.sdcc.bnl.gov/alma9.2-gcc-14.2.0/release/release_new/new.10/include/prototype3:/cvmfs/sphenix.sdcc.bnl.gov/alma9.2-gcc-14.2.0/release/release_new/new.10/include/fermimotionafterburner:/cvmfs/sphenix.sdcc.bnl.gov/alma9.2-gcc-14.2.0/release/release_new/new.10/include/Photos:/cvmfs/sphenix.sdcc.bnl.gov/alma9.2-gcc-14.2.0/release/release_new/new.10/include/xingshiftcal:/cvmfs/sphenix.sdcc.bnl.gov/alma9.2-gcc-14.2.0/release/release_new/new.10/include/trackbase:/cvmfs/sphenix.sdcc.bnl.gov/alma9.2-gcc-14.2.0/release/release_new/new.10/include/jetdstskimmer:/cvmfs/sphenix.sdcc.bnl.gov/alma9.2-gcc-14.2.0/release/release_new/new.10/include/clusteriso:/cvmfs/sphenix.sdcc.bnl.gov/alma9.2-gcc-14.2.0/release/release_new/new.10/include/asmjit:/cvmfs/sphenix.sdcc.bnl.gov/alma9.2-gcc-14.2.0/release/release_new/new.10/include/particleflowreco:/cvmfs/sphenix.sdcc.bnl.gov/alma9.2-gcc-14.2.0/release/release_new/new.10/include/tpchittrackdisplay:/cvmfs/sphenix.sdcc.bnl.gov/alma9.2-gcc-14.2.0/release/release_new/new.10/include/caloana:/cvmfs/sphenix.sdcc.bnl.gov/alma9.2-gcc-14.2.0/release/release_new/new.10/include/calotrigger:/cvmfs/sphenix.sdcc.bnl.gov/alma9.2-gcc-14.2.0/release/release_new/new.10/include/nopayloadclient:/cvmfs/sphenix.sdcc.bnl.gov/alma9.2-gcc-14.2.0/release/release_new/new.10/include/trackermillepedealignment:/cvmfs/sphenix.sdcc.bnl.gov/alma9.2-gcc-14.2.0/release/release_new/new.10/include/DD4hep:/cvmfs/sphenix.sdcc.bnl.gov/alma9.2-gcc-14.2.0/release/release_new/new.10/include/g4trackfastsim:/cvmfs/sphenix.sdcc.bnl.gov/alma9.2-gcc-14.2.0/release/release_new/new.10/include/prototype2:/cvmfs/sphenix.sdcc.bnl.gov/alma9.2-gcc-14.2.0/release/release_new/new.10/include/ATen:/cvmfs/sphenix.sdcc.bnl.gov/alma9.2-gcc-14.2.0/release/release_new/new.10/include/g4main:/cvmfs/sphenix.sdcc.bnl.gov/alma9.2-gcc-14.2.0/release/release_new/new.10/include/Tauola:/cvmfs/sphenix.sdcc.bnl.gov/alma9.2-gcc-14.2.0/release/release_new/new.10/include/inttcalib:/cvmfs/sphenix.sdcc.bnl.gov/alma9.2-gcc-14.2.0/release/release_new/new.10/include/reactionplaneafterburner:/cvmfs/sphenix.sdcc.bnl.gov/alma9.2-gcc-14.2.0/release/release_new/new.10/include/globalqa:/cvmfs/sphenix.sdcc.bnl.gov/alma9.2-gcc-14.2.0/release/release_new/new.10/include/tpccalib:/cvmfs/sphenix.sdcc.bnl.gov/alma9.2-gcc-14.2.0/release/release_new/new.10/include/DDSegmentation:/cvmfs/sphenix.sdcc.bnl.gov/alma9.2-gcc-14.2.0/release/release_new/new.10/include/decayfinder:/cvmfs/sphenix.sdcc.bnl.gov/alma9.2-gcc-14.2.0/release/release_new/new.10/include/compressclus:/cvmfs/sphenix.sdcc.bnl.gov/alma9.2-gcc-14.2.0/release/release_new/new.10/include/simqa_modules:/cvmfs/sphenix.sdcc.bnl.gov/alma9.2-gcc-14.2.0/release/release_new/new.10/include/resonancejettagging:/cvmfs/sphenix.sdcc.bnl.gov/alma9.2-gcc-14.2.0/release/release_new/new.10/include/g4centrality:/cvmfs/sphenix.sdcc.bnl.gov/alma9.2-gcc-14.2.0/release/release_new/new.10/include/mvtx:/cvmfs/sphenix.sdcc.bnl.gov/alma9.2-gcc-14.2.0/release/release_new/new.10/include/nlohmann:/cvmfs/sphenix.sdcc.bnl.gov/alma9.2-gcc-14.2.0/release/release_new/new.10/include/localpoloffmon:/cvmfs/sphenix.sdcc.bnl.gov/alma9.2-gcc-14.2.0/release/release_new/new.10/include/DDEve:/cvmfs/sphenix.sdcc.bnl.gov/alma9.2-gcc-14.2.0/release/release_new/new.10/include/Parsers:/cvmfs/sphenix.sdcc.bnl.gov/alma9.2-gcc-14.2.0/release/release_new/new.10/include/trackingdiagnostics:/cvmfs/sphenix.sdcc.bnl.gov/alma9.2-gcc-14.2.0/release/release_new/new.10/include/g4vertex:/cvmfs/sphenix.sdcc.bnl.gov/alma9.2-gcc-14.2.0/release/release_new/new.10/include/jetbase:/cvmfs/sphenix.sdcc.bnl.gov/alma9.2-gcc-14.2.0/release/release_new/new.10/include/globalvertex:/cvmfs/sphenix.sdcc.bnl.gov/alma9.2-gcc-14.2.0/release/release_new/new.10/include/phgenfit:/cvmfs/sphenix.sdcc.bnl.gov/alma9.2-gcc-14.2.0/release/release_new/new.10/include/rawbcolumi:/cvmfs/sphenix.sdcc.bnl.gov/alma9.2-gcc-14.2.0/release/release_new/new.10/include/eicsmear:/cvmfs/sphenix.sdcc.bnl.gov/alma9.2-gcc-14.2.0/release/release_new/new.10/include/mvtxcalib:/cvmfs/sphenix.sdcc.bnl.gov/alma9.2-gcc-14.2.0/release/release_new/new.10/include/tpclinelaserdiode:/cvmfs/sphenix.sdcc.bnl.gov/alma9.2-gcc-14.2.0/release/release_new/new.10/include/hepmcjettrigger:/cvmfs/sphenix.sdcc.bnl.gov/alma9.2-gcc-14.2.0/release/release_new/new.10/include/core:/cvmfs/sphenix.sdcc.bnl.gov/alma9.2-gcc-14.2.0/release/release_new/new.10/include/calo_cdb:/cvmfs/sphenix.sdcc.bnl.gov/alma9.2-gcc-14.2.0/release/release_new/new.10/include/mvtxclustershapesqa:/cvmfs/sphenix.sdcc.bnl.gov/alma9.2-gcc-14.2.0/release/release_new/new.10/include/calopacketskimmer:/cvmfs/sphenix.sdcc.bnl.gov/alma9.2-gcc-14.2.0/opt/sphenix/core/geant4.10.07.p04/include:/cvmfs/sphenix.sdcc.bnl.gov/alma9.2-gcc-14.2.0/release/release_new/new.10/rootmacros:/cvmfs/sphenix.sdcc.bnl.gov/alma9.2-gcc-14.2.0/opt/sphenix/core/include
GSEARCHPATH=.:PG:LUSTRE:RAWDATA
PWD=/gpfs/mnt/gpfs02/sphenix/user/samfred/run25/ppg11/histmaking
LOGNAME=samfred
_CONDOR_JOB_AD=/home/condor/local/sphnx/execute/dir_2430002/.job.ad
MANPATH=/cvmfs/sphenix.sdcc.bnl.gov/alma9.2-gcc-14.2.0/opt/sphenix/core/gcc/14.2.0-2f0a0/x86_64-el9/share/man:/cvmfs/sphenix.sdcc.bnl.gov/alma9.2-gcc-14.2.0/opt/sphenix/core/binutils/2.40-acaab/x86_64-el9/share/man:/cvmfs/sphenix.sdcc.bnl.gov/alma9.2-gcc-14.2.0/release/release_new/new.10/share/man:/cvmfs/sphenix.sdcc.bnl.gov/alma9.2-gcc-14.2.0/opt/sphenix/utils/share/man:/cvmfs/sphenix.sdcc.bnl.gov/alma9.2-gcc-14.2.0/opt/sphenix/core/share/man:/cvmfs/sphenix.sdcc.bnl.gov/alma9.2-gcc-14.2.0/opt/sphenix/core/root-6.32.06/man:/usr/local/share/man:/usr/share/man
PYTHIA8=/cvmfs/sphenix.sdcc.bnl.gov/alma9.2-gcc-14.2.0/release/release_new/new.10/share/Pythia8
G4INCLDATA=/cvmfs/sphenix.sdcc.bnl.gov/alma9.2-gcc-14.2.0/opt/sphenix/core/geant4.10.07.p04/share/Geant4-10.7.4/data/G4INCL1.0
ORIG_PATH=/usr/local/bin:/usr/bin
CXX=/cvmfs/sphenix.sdcc.bnl.gov/alma9.2-gcc-14.2.0/opt/sphenix/core/gcc/14.2.0-2f0a0/x86_64-el9/bin/g++
G4LEDATA=/cvmfs/sphenix.sdcc.bnl.gov/alma9.2-gcc-14.2.0/opt/sphenix/core/geant4.10.07.p04/share/Geant4-10.7.4/data/G4EMLOW7.13
PYTHON_CPU_COUNT=1
OPENBLAS_NUM_THREADS=1
_CONDOR_BIN=/usr/bin
HOME=/sphenix/u/samfred
G4PARTICLEXSDATA=/cvmfs/sphenix.sdcc.bnl.gov/alma9.2-gcc-14.2.0/opt/sphenix/core/geant4.10.07.p04/share/Geant4-10.7.4/data/G4PARTICLEXS3.1.1
ONLINE_MAIN=/cvmfs/sphenix.sdcc.bnl.gov/alma9.2-gcc-14.2.0/release/release_new/new.10
CALIBRATIONROOT=/cvmfs/sphenix.sdcc.bnl.gov/alma9.2-gcc-14.2.0/release/release_new/new.10/share/calibrations
TMPDIR=/tmp
_CONDOR_SCRATCH_DIR=/home/condor/local/sphnx/execute/dir_2430002
PGUSER=phnxrc
NOPAYLOADCLIENT_CONF=/cvmfs/sphenix.sdcc.bnl.gov/alma9.2-gcc-14.2.0/opt/sphenix/core/etc/sPHENIX_newcdb.json
XERCESCROOT=/cvmfs/sphenix.sdcc.bnl.gov/alma9.2-gcc-14.2.0/opt/sphenix/core/geant4.10.07.p04
LHAPATH=/cvmfs/sphenix.sdcc.bnl.gov/alma9.2-gcc-14.2.0/opt/sphenix/core/lhapdf-5.9.1/share/lhapdf/PDFsets
G4NEUTRONHPDATA=/cvmfs/sphenix.sdcc.bnl.gov/alma9.2-gcc-14.2.0/opt/sphenix/core/geant4.10.07.p04/share/Geant4-10.7.4/data/G4NDL4.6
PYTHONPATH=.:/cvmfs/sphenix.sdcc.bnl.gov/alma9.2-gcc-14.2.0/release/release_new/new.10/lib/python3.13/site-packages:/cvmfs/sphenix.sdcc.bnl.gov/alma9.2-gcc-14.2.0/opt/sphenix/core/lib/python3.13/site-packages:/cvmfs/sphenix.sdcc.bnl.gov/alma9.2-gcc-14.2.0/opt/sphenix/core/root-6.32.06/lib
USER=samfred
_CONDOR_JOB_PIDS=
TEMP=/tmp
GOMAXPROCS=1
OFFLINE_MAIN=/cvmfs/sphenix.sdcc.bnl.gov/alma9.2-gcc-14.2.0/release/release_new/new.10
SHLVL=1
TF_NUM_THREADS=1
G4SAIDXSDATA=/cvmfs/sphenix.sdcc.bnl.gov/alma9.2-gcc-14.2.0/opt/sphenix/core/geant4.10.07.p04/share/Geant4-10.7.4/data/G4SAIDDATA2.0
APPTAINER_CACHEDIR=/home/condor/local/sphnx/execute/dir_2430002
ROOTSYS=/cvmfs/sphenix.sdcc.bnl.gov/alma9.2-gcc-14.2.0/opt/sphenix/core/root-6.32.06
BATCH_SYSTEM=HTCondor
_CONDOR_SLOT=slot1_10
LD_LIBRARY_PATH=/sphenix/user/samfred/run25/install//lib:/cvmfs/sphenix.sdcc.bnl.gov/alma9.2-gcc-14.2.0/opt/sphenix/core/gcc/14.2.0-2f0a0/x86_64-el9/lib:/cvmfs/sphenix.sdcc.bnl.gov/alma9.2-gcc-14.2.0/opt/sphenix/core/gcc/14.2.0-2f0a0/x86_64-el9/lib64:/cvmfs/sphenix.sdcc.bnl.gov/alma9.2-gcc-14.2.0/opt/sphenix/core/binutils/2.40-acaab/x86_64-el9/lib:.:/cvmfs/sphenix.sdcc.bnl.gov/alma9.2-gcc-14.2.0/release/release_new/new.10/lib64:/cvmfs/sphenix.sdcc.bnl.gov/alma9.2-gcc-14.2.0/release/release_new/new.10/lib:/cvmfs/sphenix.sdcc.bnl.gov/alma9.2-gcc-14.2.0/opt/sphenix/utils/lib:/cvmfs/sphenix.sdcc.bnl.gov/alma9.2-gcc-14.2.0/opt/sphenix/core/lib:/cvmfs/sphenix.sdcc.bnl.gov/alma9.2-gcc-14.2.0/opt/sphenix/core/root-6.32.06/lib:/cvmfs/sphenix.sdcc.bnl.gov/alma9.2-gcc-14.2.0/opt/sphenix/core/geant4.10.07.p04/lib64:/cvmfs/sphenix.sdcc.bnl.gov/alma9.2-gcc-14.2.0/opt/sphenix/core/lhapdf-5.9.1/lib:/usr/local/lib64:/usr/lib64
OPT_SPHENIX=/cvmfs/sphenix.sdcc.bnl.gov/alma9.2-gcc-14.2.0/opt/sphenix/core
TF_LOOP_PARALLEL_ITERATIONS=1
_CONDOR_ANCESTOR_317699=2430002:1759352689:2446911800
_CONDOR_ANCESTOR_2430002=2431255:1759352689:2573404452
EVT_LIB=/cvmfs/sphenix.sdcc.bnl.gov/alma9.2-gcc-14.2.0/opt/sphenix/core/root-6.32.06/lib
PGHOST=sphnxdbmaster.sdcc.bnl.gov
OMP_NUM_THREADS=1
G4REALSURFACEDATA=/cvmfs/sphenix.sdcc.bnl.gov/alma9.2-gcc-14.2.0/opt/sphenix/core/geant4.10.07.p04/share/Geant4-10.7.4/data/RealSurface2.2
FC=/cvmfs/sphenix.sdcc.bnl.gov/alma9.2-gcc-14.2.0/opt/sphenix/core/gcc/14.2.0-2f0a0/x86_64-el9/bin/gfortran
G4ABLADATA=/cvmfs/sphenix.sdcc.bnl.gov/alma9.2-gcc-14.2.0/opt/sphenix/core/geant4.10.07.p04/share/Geant4-10.7.4/data/G4ABLA3.1
PARASOFT=doesnotexist
TMP=/tmp
OPT_UTILS=/cvmfs/sphenix.sdcc.bnl.gov/alma9.2-gcc-14.2.0/opt/sphenix/utils
CONFIG_SITE=/cvmfs/sphenix.sdcc.bnl.gov/alma9.2-gcc-14.2.0/opt/sphenix/core/etc/config.site
PATH=/sphenix/user/samfred/run25/install//bin:/cvmfs/sphenix.sdcc.bnl.gov/alma9.2-gcc-14.2.0/opt/sphenix/core/gcc/14.2.0-2f0a0/x86_64-el9/bin:/cvmfs/sphenix.sdcc.bnl.gov/alma9.2-gcc-14.2.0/opt/sphenix/core/binutils/2.40-acaab/x86_64-el9/bin:.:/cvmfs/sphenix.sdcc.bnl.gov/alma9.2-gcc-14.2.0/release/release_new/new.10/bin:/cvmfs/sphenix.sdcc.bnl.gov/alma9.2-gcc-14.2.0/opt/sphenix/utils/bin:/cvmfs/sphenix.sdcc.bnl.gov/alma9.2-gcc-14.2.0/opt/sphenix/core/bin:/cvmfs/sphenix.sdcc.bnl.gov/alma9.2-gcc-14.2.0/opt/sphenix/core/root-6.32.06/bin:/cvmfs/sphenix.sdcc.bnl.gov/alma9.2-gcc-14.2.0/opt/sphenix/core/geant4.10.07.p04/bin:/usr/local/bin:/usr/bin:/usr/local/sbin:/usr/sbin
G4LEVELGAMMADATA=/cvmfs/sphenix.sdcc.bnl.gov/alma9.2-gcc-14.2.0/opt/sphenix/core/geant4.10.07.p04/share/Geant4-10.7.4/data/PhotonEvaporation5.7
CC=/cvmfs/sphenix.sdcc.bnl.gov/alma9.2-gcc-14.2.0/opt/sphenix/core/gcc/14.2.0-2f0a0/x86_64-el9/bin/gcc
G4RADIOACTIVEDATA=/cvmfs/sphenix.sdcc.bnl.gov/alma9.2-gcc-14.2.0/opt/sphenix/core/geant4.10.07.p04/share/Geant4-10.7.4/data/RadioactiveDecay5.6
JULIA_NUM_THREADS=1
MKL_NUM_THREADS=1
LHAPDF_DATA_PATH=/cvmfs/sphenix.sdcc.bnl.gov/alma9.2-gcc-14.2.0/release/release_new/new.10/share/LHAPDF
XPLOAD_CONFIG_DIR=/cvmfs/sphenix.sdcc.bnl.gov/alma9.2-gcc-14.2.0/opt/sphenix/core/etc
OLDPWD=/cvmfs/sphenix.sdcc.bnl.gov/alma9.2-gcc-14.2.0/release/release_new/new.10/geant4
_=/usr/bin/printenv
runnumber...
48514
trigger...

   ------------------------------------------------------------------
  | Welcome to ROOT 6.32.06                        https://root.cern |
  | (c) 1995-2024, The ROOT Team; conception: R. Brun, F. Rademakers |
  | Built for linuxx8664gcc on Dec 13 2024, 17:23:48                 |
  | From tags/6-32-06@6-32-06                                        |
  | With g++ (GCC) 14.2.0                                            |
  | Try '.help'/'.?', '.demo', '.license', '.credits', '.quit'/'.q'  |
   ------------------------------------------------------------------


Processing data_histmaker.C(48514)...
entry 5000/5608394 (0.0891521%)
entry 6000/5608394 (0.106983%)
entry 7000/5608394 (0.124813%)
entry 10000/5608394 (0.178304%)
entry 17000/5608394 (0.303117%)
entry 20000/5608394 (0.356608%)
entry 21000/5608394 (0.374439%)
entry 23000/5608394 (0.4101%)
entry 24000/5608394 (0.42793%)
entry 25000/5608394 (0.44576%)
entry 29000/5608394 (0.517082%)
entry 30000/5608394 (0.534912%)
entry 31000/5608394 (0.552743%)
entry 35000/5608394 (0.624065%)
entry 36000/5608394 (0.641895%)
entry 37000/5608394 (0.659725%)
entry 42000/5608394 (0.748878%)
entry 46000/5608394 (0.820199%)
entry 48000/5608394 (0.85586%)
entry 50000/5608394 (0.891521%)
entry 52000/5608394 (0.927182%)
entry 58000/5608394 (1.03416%)
entry 59000/5608394 (1.05199%)
entry 71000/5608394 (1.26596%)
entry 76000/5608394 (1.35511%)
entry 79000/5608394 (1.4086%)
entry 86000/5608394 (1.53342%)
entry 87000/5608394 (1.55125%)
entry 88000/5608394 (1.56908%)
entry 95000/5608394 (1.69389%)
entry 99000/5608394 (1.76521%)
entry 100000/5608394 (1.78304%)
entry 103000/5608394 (1.83653%)
entry 104000/5608394 (1.85436%)
entry 106000/5608394 (1.89002%)
entry 107000/5608394 (1.90785%)
entry 108000/5608394 (1.92568%)
entry 113000/5608394 (2.01484%)
entry 115000/5608394 (2.0505%)
entry 128000/5608394 (2.28229%)
entry 130000/5608394 (2.31795%)
entry 132000/5608394 (2.35361%)
entry 133000/5608394 (2.37145%)
entry 134000/5608394 (2.38928%)
entry 139000/5608394 (2.47843%)
entry 144000/5608394 (2.56758%)
entry 148000/5608394 (2.6389%)
entry 150000/5608394 (2.67456%)
entry 154000/5608394 (2.74588%)
entry 155000/5608394 (2.76371%)
entry 157000/5608394 (2.79938%)
entry 160000/5608394 (2.85287%)
entry 162000/5608394 (2.88853%)
entry 164000/5608394 (2.92419%)
entry 168000/5608394 (2.99551%)
entry 170000/5608394 (3.03117%)
entry 173000/5608394 (3.08466%)
entry 177000/5608394 (3.15598%)
entry 178000/5608394 (3.17381%)
entry 180000/5608394 (3.20948%)
entry 182000/5608394 (3.24514%)
entry 183000/5608394 (3.26297%)
entry 185000/5608394 (3.29863%)
entry 187000/5608394 (3.33429%)
entry 188000/5608394 (3.35212%)
entry 190000/5608394 (3.38778%)
entry 191000/5608394 (3.40561%)
entry 197000/5608394 (3.51259%)
entry 198000/5608394 (3.53042%)
entry 204000/5608394 (3.63741%)
entry 205000/5608394 (3.65524%)
entry 209000/5608394 (3.72656%)
entry 217000/5608394 (3.8692%)
entry 219000/5608394 (3.90486%)
entry 220000/5608394 (3.92269%)
entry 223000/5608394 (3.97618%)
entry 229000/5608394 (4.08317%)
entry 231000/5608394 (4.11883%)
entry 232000/5608394 (4.13666%)
entry 233000/5608394 (4.15449%)
entry 234000/5608394 (4.17232%)
entry 238000/5608394 (4.24364%)
entry 239000/5608394 (4.26147%)
entry 240000/5608394 (4.2793%)
entry 248000/5608394 (4.42194%)
entry 256000/5608394 (4.56459%)
entry 257000/5608394 (4.58242%)
entry 261000/5608394 (4.65374%)
entry 262000/5608394 (4.67157%)
entry 263000/5608394 (4.6894%)
entry 264000/5608394 (4.70723%)
entry 265000/5608394 (4.72506%)
entry 271000/5608394 (4.83204%)
entry 272000/5608394 (4.84987%)
entry 274000/5608394 (4.88553%)
entry 280000/5608394 (4.99252%)
entry 282000/5608394 (5.02818%)
entry 285000/5608394 (5.08167%)
entry 288000/5608394 (5.13516%)
entry 290000/5608394 (5.17082%)
entry 291000/5608394 (5.18865%)
entry 292000/5608394 (5.20648%)
entry 293000/5608394 (5.22431%)
entry 296000/5608394 (5.2778%)
entry 303000/5608394 (5.40262%)
entry 304000/5608394 (5.42045%)
entry 311000/5608394 (5.54526%)
entry 327000/5608394 (5.83055%)
entry 337000/5608394 (6.00885%)
entry 338000/5608394 (6.02668%)
entry 340000/5608394 (6.06234%)
entry 341000/5608394 (6.08017%)
entry 346000/5608394 (6.16932%)
entry 353000/5608394 (6.29414%)
entry 355000/5608394 (6.3298%)
entry 357000/5608394 (6.36546%)
entry 362000/5608394 (6.45461%)
entry 364000/5608394 (6.49027%)
entry 372000/5608394 (6.63292%)
entry 374000/5608394 (6.66858%)
entry 385000/5608394 (6.86471%)
entry 388000/5608394 (6.9182%)
entry 398000/5608394 (7.09651%)
entry 402000/5608394 (7.16783%)
entry 405000/5608394 (7.22132%)
entry 410000/5608394 (7.31047%)
entry 411000/5608394 (7.3283%)
entry 414000/5608394 (7.38179%)
entry 416000/5608394 (7.41745%)
entry 419000/5608394 (7.47094%)
entry 420000/5608394 (7.48877%)
entry 425000/5608394 (7.57793%)
entry 426000/5608394 (7.59576%)
entry 429000/5608394 (7.64925%)
entry 430000/5608394 (7.66708%)
entry 432000/5608394 (7.70274%)
entry 433000/5608394 (7.72057%)
entry 434000/5608394 (7.7384%)
entry 436000/5608394 (7.77406%)
entry 444000/5608394 (7.9167%)
entry 446000/5608394 (7.95237%)
entry 447000/5608394 (7.9702%)
entry 448000/5608394 (7.98803%)
entry 452000/5608394 (8.05935%)
entry 457000/5608394 (8.1485%)
entry 464000/5608394 (8.27331%)
entry 467000/5608394 (8.3268%)
entry 469000/5608394 (8.36247%)
entry 472000/5608394 (8.41596%)
entry 479000/5608394 (8.54077%)
entry 483000/5608394 (8.61209%)
entry 486000/5608394 (8.66558%)
entry 489000/5608394 (8.71907%)
entry 490000/5608394 (8.7369%)
entry 495000/5608394 (8.82606%)
entry 497000/5608394 (8.86172%)
entry 498000/5608394 (8.87955%)
entry 499000/5608394 (8.89738%)
entry 501000/5608394 (8.93304%)
entry 503000/5608394 (8.9687%)
entry 505000/5608394 (9.00436%)
entry 507000/5608394 (9.04002%)
entry 517000/5608394 (9.21833%)
entry 521000/5608394 (9.28965%)
entry 523000/5608394 (9.32531%)
entry 525000/5608394 (9.36097%)
entry 526000/5608394 (9.3788%)
entry 532000/5608394 (9.48578%)
entry 535000/5608394 (9.53927%)
entry 541000/5608394 (9.64626%)
entry 542000/5608394 (9.66409%)
entry 546000/5608394 (9.73541%)
entry 548000/5608394 (9.77107%)
entry 552000/5608394 (9.84239%)
entry 553000/5608394 (9.86022%)
entry 559000/5608394 (9.9672%)
entry 563000/5608394 (10.0385%)
entry 572000/5608394 (10.199%)
entry 573000/5608394 (10.2168%)
entry 576000/5608394 (10.2703%)
entry 580000/5608394 (10.3416%)
entry 581000/5608394 (10.3595%)
entry 584000/5608394 (10.413%)
entry 586000/5608394 (10.4486%)
entry 587000/5608394 (10.4665%)
entry 589000/5608394 (10.5021%)
entry 595000/5608394 (10.6091%)
entry 598000/5608394 (10.6626%)
entry 601000/5608394 (10.7161%)
entry 604000/5608394 (10.7696%)
entry 605000/5608394 (10.7874%)
entry 607000/5608394 (10.8231%)
entry 608000/5608394 (10.8409%)
entry 610000/5608394 (10.8766%)
entry 614000/5608394 (10.9479%)
entry 616000/5608394 (10.9835%)
entry 617000/5608394 (11.0014%)
entry 618000/5608394 (11.0192%)
entry 620000/5608394 (11.0549%)
entry 621000/5608394 (11.0727%)
entry 624000/5608394 (11.1262%)
entry 627000/5608394 (11.1797%)
entry 629000/5608394 (11.2153%)
entry 633000/5608394 (11.2867%)
entry 635000/5608394 (11.3223%)
entry 638000/5608394 (11.3758%)
entry 639000/5608394 (11.3936%)
entry 644000/5608394 (11.4828%)
entry 645000/5608394 (11.5006%)
entry 649000/5608394 (11.5719%)
entry 651000/5608394 (11.6076%)
entry 652000/5608394 (11.6254%)
entry 655000/5608394 (11.6789%)
entry 660000/5608394 (11.7681%)
entry 661000/5608394 (11.7859%)
entry 664000/5608394 (11.8394%)
entry 671000/5608394 (11.9642%)
entry 672000/5608394 (11.982%)
entry 673000/5608394 (11.9999%)
entry 675000/5608394 (12.0355%)
entry 676000/5608394 (12.0534%)
entry 678000/5608394 (12.089%)
entry 682000/5608394 (12.1603%)
entry 686000/5608394 (12.2317%)
entry 688000/5608394 (12.2673%)
entry 690000/5608394 (12.303%)
entry 691000/5608394 (12.3208%)
entry 694000/5608394 (12.3743%)
entry 697000/5608394 (12.4278%)
entry 698000/5608394 (12.4456%)
entry 700000/5608394 (12.4813%)
entry 706000/5608394 (12.5883%)
entry 711000/5608394 (12.6774%)
entry 714000/5608394 (12.7309%)
entry 718000/5608394 (12.8022%)
entry 720000/5608394 (12.8379%)
entry 730000/5608394 (13.0162%)
entry 731000/5608394 (13.034%)
entry 738000/5608394 (13.1588%)
entry 740000/5608394 (13.1945%)
entry 752000/5608394 (13.4085%)
entry 753000/5608394 (13.4263%)
entry 754000/5608394 (13.4441%)
entry 756000/5608394 (13.4798%)
entry 760000/5608394 (13.5511%)
entry 764000/5608394 (13.6224%)
entry 765000/5608394 (13.6403%)
entry 770000/5608394 (13.7294%)
entry 772000/5608394 (13.7651%)
entry 774000/5608394 (13.8007%)
entry 775000/5608394 (13.8186%)
entry 776000/5608394 (13.8364%)
entry 777000/5608394 (13.8542%)
entry 786000/5608394 (14.0147%)
entry 787000/5608394 (14.0325%)
entry 789000/5608394 (14.0682%)
entry 793000/5608394 (14.1395%)
entry 802000/5608394 (14.3%)
entry 803000/5608394 (14.3178%)
entry 805000/5608394 (14.3535%)
entry 807000/5608394 (14.3891%)
entry 810000/5608394 (14.4426%)
entry 813000/5608394 (14.4961%)
entry 814000/5608394 (14.514%)
entry 816000/5608394 (14.5496%)
entry 818000/5608394 (14.5853%)
entry 823000/5608394 (14.6744%)
entry 827000/5608394 (14.7458%)
entry 830000/5608394 (14.7992%)
entry 831000/5608394 (14.8171%)
entry 834000/5608394 (14.8706%)
entry 837000/5608394 (14.9241%)
entry 838000/5608394 (14.9419%)
entry 842000/5608394 (15.0132%)
entry 843000/5608394 (15.031%)
entry 845000/5608394 (15.0667%)
entry 846000/5608394 (15.0845%)
entry 847000/5608394 (15.1024%)
entry 849000/5608394 (15.138%)
entry 850000/5608394 (15.1559%)
entry 853000/5608394 (15.2093%)
entry 856000/5608394 (15.2628%)
entry 857000/5608394 (15.2807%)
entry 859000/5608394 (15.3163%)
entry 860000/5608394 (15.3342%)
entry 861000/5608394 (15.352%)
entry 864000/5608394 (15.4055%)
entry 870000/5608394 (15.5125%)
entry 872000/5608394 (15.5481%)
entry 873000/5608394 (15.566%)
entry 874000/5608394 (15.5838%)
entry 881000/5608394 (15.7086%)
entry 882000/5608394 (15.7264%)
entry 889000/5608394 (15.8512%)
entry 895000/5608394 (15.9582%)
entry 897000/5608394 (15.9939%)
entry 898000/5608394 (16.0117%)
entry 900000/5608394 (16.0474%)
entry 902000/5608394 (16.083%)
entry 903000/5608394 (16.1009%)
entry 904000/5608394 (16.1187%)
entry 905000/5608394 (16.1365%)
entry 914000/5608394 (16.297%)
entry 919000/5608394 (16.3862%)
entry 921000/5608394 (16.4218%)
entry 922000/5608394 (16.4396%)
entry 925000/5608394 (16.4931%)
entry 926000/5608394 (16.511%)
entry 933000/5608394 (16.6358%)
entry 934000/5608394 (16.6536%)
entry 939000/5608394 (16.7428%)
entry 943000/5608394 (16.8141%)
entry 944000/5608394 (16.8319%)
entry 945000/5608394 (16.8497%)
entry 952000/5608394 (16.9746%)
entry 953000/5608394 (16.9924%)
entry 959000/5608394 (17.0994%)
entry 961000/5608394 (17.135%)
entry 964000/5608394 (17.1885%)
entry 967000/5608394 (17.242%)
entry 971000/5608394 (17.3133%)
entry 978000/5608394 (17.4381%)
entry 983000/5608394 (17.5273%)
entry 985000/5608394 (17.563%)
entry 988000/5608394 (17.6165%)
entry 996000/5608394 (17.7591%)
entry 997000/5608394 (17.7769%)
entry 999000/5608394 (17.8126%)
entry 1003000/5608394 (17.8839%)
entry 1006000/5608394 (17.9374%)
entry 1007000/5608394 (17.9552%)
entry 1016000/5608394 (18.1157%)
entry 1018000/5608394 (18.1514%)
entry 1020000/5608394 (18.187%)
entry 1021000/5608394 (18.2049%)
entry 1022000/5608394 (18.2227%)
entry 1023000/5608394 (18.2405%)
entry 1027000/5608394 (18.3118%)
entry 1028000/5608394 (18.3297%)
entry 1032000/5608394 (18.401%)
entry 1037000/5608394 (18.4901%)
entry 1041000/5608394 (18.5615%)
entry 1042000/5608394 (18.5793%)
entry 1043000/5608394 (18.5971%)
entry 1045000/5608394 (18.6328%)
entry 1046000/5608394 (18.6506%)
entry 1053000/5608394 (18.7754%)
entry 1054000/5608394 (18.7933%)
entry 1055000/5608394 (18.8111%)
entry 1059000/5608394 (18.8824%)
entry 1060000/5608394 (18.9002%)
entry 1061000/5608394 (18.9181%)
entry 1068000/5608394 (19.0429%)
entry 1070000/5608394 (19.0785%)
entry 1073000/5608394 (19.132%)
entry 1078000/5608394 (19.2212%)
entry 1080000/5608394 (19.2568%)
entry 1088000/5608394 (19.3995%)
entry 1090000/5608394 (19.4352%)
entry 1095000/5608394 (19.5243%)
entry 1097000/5608394 (19.56%)
entry 1099000/5608394 (19.5956%)
entry 1100000/5608394 (19.6135%)
entry 1101000/5608394 (19.6313%)
entry 1111000/5608394 (19.8096%)
entry 1114000/5608394 (19.8631%)
entry 1121000/5608394 (19.9879%)
entry 1122000/5608394 (20.0057%)
entry 1123000/5608394 (20.0236%)
entry 1124000/5608394 (20.0414%)
entry 1125000/5608394 (20.0592%)
entry 1126000/5608394 (20.077%)
entry 1129000/5608394 (20.1305%)
entry 1130000/5608394 (20.1484%)
entry 1131000/5608394 (20.1662%)
entry 1132000/5608394 (20.184%)
entry 1133000/5608394 (20.2019%)
entry 1136000/5608394 (20.2554%)
entry 1137000/5608394 (20.2732%)
entry 1139000/5608394 (20.3088%)
entry 1140000/5608394 (20.3267%)
entry 1142000/5608394 (20.3623%)
entry 1147000/5608394 (20.4515%)
entry 1153000/5608394 (20.5585%)
entry 1160000/5608394 (20.6833%)
entry 1164000/5608394 (20.7546%)
entry 1165000/5608394 (20.7724%)
entry 1167000/5608394 (20.8081%)
entry 1168000/5608394 (20.8259%)
entry 1170000/5608394 (20.8616%)
entry 1172000/5608394 (20.8972%)
entry 1174000/5608394 (20.9329%)
entry 1175000/5608394 (20.9507%)
entry 1176000/5608394 (20.9686%)
entry 1178000/5608394 (21.0042%)
entry 1182000/5608394 (21.0756%)
entry 1183000/5608394 (21.0934%)
entry 1187000/5608394 (21.1647%)
entry 1188000/5608394 (21.1825%)
entry 1193000/5608394 (21.2717%)
entry 1194000/5608394 (21.2895%)
entry 1197000/5608394 (21.343%)
entry 1199000/5608394 (21.3787%)
entry 1206000/5608394 (21.5035%)
entry 1207000/5608394 (21.5213%)
entry 1212000/5608394 (21.6105%)
entry 1215000/5608394 (21.664%)
entry 1216000/5608394 (21.6818%)
entry 1217000/5608394 (21.6996%)
entry 1221000/5608394 (21.7709%)
entry 1223000/5608394 (21.8066%)
entry 1224000/5608394 (21.8244%)
entry 1225000/5608394 (21.8423%)
entry 1227000/5608394 (21.8779%)
entry 1229000/5608394 (21.9136%)
entry 1233000/5608394 (21.9849%)
entry 1235000/5608394 (22.0206%)
entry 1240000/5608394 (22.1097%)
entry 1241000/5608394 (22.1275%)
entry 1242000/5608394 (22.1454%)
entry 1243000/5608394 (22.1632%)
entry 1245000/5608394 (22.1989%)
entry 1246000/5608394 (22.2167%)
entry 1247000/5608394 (22.2345%)
entry 1251000/5608394 (22.3059%)
entry 1252000/5608394 (22.3237%)
entry 1256000/5608394 (22.395%)
entry 1257000/5608394 (22.4128%)
entry 1258000/5608394 (22.4307%)
entry 1259000/5608394 (22.4485%)
entry 1260000/5608394 (22.4663%)
entry 1262000/5608394 (22.502%)
entry 1271000/5608394 (22.6625%)
entry 1272000/5608394 (22.6803%)
entry 1277000/5608394 (22.7694%)
entry 1278000/5608394 (22.7873%)
entry 1279000/5608394 (22.8051%)
entry 1280000/5608394 (22.8229%)
entry 1282000/5608394 (22.8586%)
entry 1283000/5608394 (22.8764%)
entry 1289000/5608394 (22.9834%)
entry 1290000/5608394 (23.0012%)
entry 1295000/5608394 (23.0904%)
entry 1297000/5608394 (23.126%)
entry 1298000/5608394 (23.1439%)
entry 1301000/5608394 (23.1974%)
entry 1304000/5608394 (23.2509%)
entry 1307000/5608394 (23.3044%)
entry 1309000/5608394 (23.34%)
entry 1314000/5608394 (23.4292%)
entry 1318000/5608394 (23.5005%)
entry 1319000/5608394 (23.5183%)
entry 1322000/5608394 (23.5718%)
entry 1323000/5608394 (23.5896%)
entry 1327000/5608394 (23.661%)
entry 1330000/5608394 (23.7145%)
entry 1332000/5608394 (23.7501%)
entry 1333000/5608394 (23.7679%)
entry 1335000/5608394 (23.8036%)
entry 1337000/5608394 (23.8393%)
entry 1342000/5608394 (23.9284%)
entry 1343000/5608394 (23.9462%)
entry 1347000/5608394 (24.0176%)
entry 1351000/5608394 (24.0889%)
entry 1354000/5608394 (24.1424%)
entry 1357000/5608394 (24.1959%)
entry 1358000/5608394 (24.2137%)
entry 1360000/5608394 (24.2494%)
entry 1371000/5608394 (24.4455%)
entry 1372000/5608394 (24.4633%)
entry 1375000/5608394 (24.5168%)
entry 1377000/5608394 (24.5525%)
entry 1387000/5608394 (24.7308%)
entry 1388000/5608394 (24.7486%)
entry 1392000/5608394 (24.8199%)
entry 1394000/5608394 (24.8556%)
entry 1396000/5608394 (24.8913%)
entry 1397000/5608394 (24.9091%)
entry 1400000/5608394 (24.9626%)
entry 1406000/5608394 (25.0696%)
entry 1408000/5608394 (25.1052%)
entry 1414000/5608394 (25.2122%)
entry 1418000/5608394 (25.2835%)
entry 1419000/5608394 (25.3014%)
entry 1421000/5608394 (25.337%)
entry 1423000/5608394 (25.3727%)
entry 1424000/5608394 (25.3905%)
entry 1426000/5608394 (25.4262%)
entry 1428000/5608394 (25.4618%)
entry 1429000/5608394 (25.4797%)
entry 1431000/5608394 (25.5153%)
entry 1432000/5608394 (25.5332%)
entry 1434000/5608394 (25.5688%)
entry 1435000/5608394 (25.5866%)
entry 1440000/5608394 (25.6758%)
entry 1451000/5608394 (25.8719%)
entry 1456000/5608394 (25.9611%)
entry 1457000/5608394 (25.9789%)
entry 1472000/5608394 (26.2464%)
entry 1478000/5608394 (26.3534%)
entry 1479000/5608394 (26.3712%)
entry 1481000/5608394 (26.4068%)
entry 1484000/5608394 (26.4603%)
entry 1488000/5608394 (26.5317%)
entry 1490000/5608394 (26.5673%)
entry 1493000/5608394 (26.6208%)
entry 1495000/5608394 (26.6565%)
entry 1497000/5608394 (26.6921%)
entry 1498000/5608394 (26.71%)
entry 1501000/5608394 (26.7635%)
entry 1502000/5608394 (26.7813%)
entry 1505000/5608394 (26.8348%)
entry 1509000/5608394 (26.9061%)
entry 1514000/5608394 (26.9953%)
entry 1518000/5608394 (27.0666%)
entry 1519000/5608394 (27.0844%)
entry 1520000/5608394 (27.1022%)
entry 1524000/5608394 (27.1736%)
entry 1525000/5608394 (27.1914%)
entry 1527000/5608394 (27.227%)
entry 1530000/5608394 (27.2805%)
entry 1533000/5608394 (27.334%)
entry 1534000/5608394 (27.3519%)
entry 1535000/5608394 (27.3697%)
entry 1536000/5608394 (27.3875%)
entry 1538000/5608394 (27.4232%)
entry 1541000/5608394 (27.4767%)
entry 1546000/5608394 (27.5658%)
entry 1547000/5608394 (27.5837%)
entry 1552000/5608394 (27.6728%)
entry 1553000/5608394 (27.6906%)
entry 1556000/5608394 (27.7441%)
entry 1564000/5608394 (27.8868%)
entry 1569000/5608394 (27.9759%)
entry 1571000/5608394 (28.0116%)
entry 1575000/5608394 (28.0829%)
entry 1576000/5608394 (28.1007%)
entry 1577000/5608394 (28.1186%)
entry 1578000/5608394 (28.1364%)
entry 1586000/5608394 (28.279%)
entry 1588000/5608394 (28.3147%)
entry 1590000/5608394 (28.3504%)
entry 1591000/5608394 (28.3682%)
entry 1594000/5608394 (28.4217%)
entry 1595000/5608394 (28.4395%)
entry 1599000/5608394 (28.5108%)
entry 1600000/5608394 (28.5287%)
entry 1601000/5608394 (28.5465%)
entry 1602000/5608394 (28.5643%)
entry 1610000/5608394 (28.707%)
entry 1613000/5608394 (28.7605%)
entry 1621000/5608394 (28.9031%)
entry 1622000/5608394 (28.9209%)
entry 1623000/5608394 (28.9388%)
entry 1626000/5608394 (28.9923%)
entry 1627000/5608394 (29.0101%)
entry 1639000/5608394 (29.2241%)
entry 1644000/5608394 (29.3132%)
entry 1648000/5608394 (29.3845%)
entry 1651000/5608394 (29.438%)
entry 1653000/5608394 (29.4737%)
entry 1656000/5608394 (29.5272%)
entry 1657000/5608394 (29.545%)
entry 1670000/5608394 (29.7768%)
entry 1671000/5608394 (29.7946%)
entry 1673000/5608394 (29.8303%)
entry 1675000/5608394 (29.8659%)
entry 1677000/5608394 (29.9016%)
entry 1681000/5608394 (29.9729%)
entry 1686000/5608394 (30.0621%)
entry 1687000/5608394 (30.0799%)
entry 1688000/5608394 (30.0977%)
entry 1689000/5608394 (30.1156%)
entry 1690000/5608394 (30.1334%)
entry 1691000/5608394 (30.1512%)
entry 1694000/5608394 (30.2047%)
entry 1696000/5608394 (30.2404%)
entry 1697000/5608394 (30.2582%)
entry 1699000/5608394 (30.2939%)
entry 1701000/5608394 (30.3295%)
entry 1704000/5608394 (30.383%)
entry 1708000/5608394 (30.4544%)
entry 1709000/5608394 (30.4722%)
entry 1712000/5608394 (30.5257%)
entry 1713000/5608394 (30.5435%)
entry 1717000/5608394 (30.6148%)
entry 1725000/5608394 (30.7575%)
entry 1728000/5608394 (30.811%)
entry 1732000/5608394 (30.8823%)
entry 1736000/5608394 (30.9536%)
entry 1737000/5608394 (30.9714%)
entry 1739000/5608394 (31.0071%)
entry 1740000/5608394 (31.0249%)
entry 1741000/5608394 (31.0428%)
entry 1742000/5608394 (31.0606%)
entry 1745000/5608394 (31.1141%)
entry 1749000/5608394 (31.1854%)
entry 1750000/5608394 (31.2032%)
entry 1751000/5608394 (31.2211%)
entry 1754000/5608394 (31.2746%)
entry 1757000/5608394 (31.328%)
entry 1760000/5608394 (31.3815%)
entry 1767000/5608394 (31.5063%)
entry 1770000/5608394 (31.5598%)
entry 1771000/5608394 (31.5777%)
entry 1775000/5608394 (31.649%)
entry 1776000/5608394 (31.6668%)
entry 1777000/5608394 (31.6846%)
entry 1779000/5608394 (31.7203%)
entry 1781000/5608394 (31.756%)
entry 1783000/5608394 (31.7916%)
entry 1785000/5608394 (31.8273%)
entry 1786000/5608394 (31.8451%)
entry 1787000/5608394 (31.863%)
entry 1789000/5608394 (31.8986%)
entry 1792000/5608394 (31.9521%)
entry 1794000/5608394 (31.9878%)
entry 1795000/5608394 (32.0056%)
entry 1814000/5608394 (32.3444%)
entry 1820000/5608394 (32.4514%)
entry 1825000/5608394 (32.5405%)
entry 1826000/5608394 (32.5583%)
entry 1829000/5608394 (32.6118%)
entry 1837000/5608394 (32.7545%)
entry 1840000/5608394 (32.808%)
entry 1842000/5608394 (32.8436%)
entry 1844000/5608394 (32.8793%)
entry 1850000/5608394 (32.9863%)
entry 1851000/5608394 (33.0041%)
entry 1852000/5608394 (33.0219%)
entry 1858000/5608394 (33.1289%)
entry 1859000/5608394 (33.1467%)
entry 1864000/5608394 (33.2359%)
entry 1866000/5608394 (33.2716%)
entry 1871000/5608394 (33.3607%)
entry 1873000/5608394 (33.3964%)
entry 1877000/5608394 (33.4677%)
entry 1879000/5608394 (33.5034%)
entry 1880000/5608394 (33.5212%)
entry 1882000/5608394 (33.5568%)
entry 1883000/5608394 (33.5747%)
entry 1884000/5608394 (33.5925%)
entry 1885000/5608394 (33.6103%)
entry 1896000/5608394 (33.8065%)
entry 1900000/5608394 (33.8778%)
entry 1904000/5608394 (33.9491%)
entry 1907000/5608394 (34.0026%)
entry 1908000/5608394 (34.0204%)
entry 1910000/5608394 (34.0561%)
entry 1911000/5608394 (34.0739%)
entry 1918000/5608394 (34.1987%)
entry 1919000/5608394 (34.2166%)
entry 1922000/5608394 (34.2701%)
entry 1931000/5608394 (34.4305%)
entry 1932000/5608394 (34.4484%)
entry 1935000/5608394 (34.5019%)
entry 1938000/5608394 (34.5553%)
entry 1944000/5608394 (34.6623%)
entry 1949000/5608394 (34.7515%)
entry 1950000/5608394 (34.7693%)
entry 1951000/5608394 (34.7871%)
entry 1955000/5608394 (34.8585%)
entry 1960000/5608394 (34.9476%)
entry 1961000/5608394 (34.9654%)
entry 1966000/5608394 (35.0546%)
entry 1969000/5608394 (35.1081%)
entry 1971000/5608394 (35.1438%)
entry 1972000/5608394 (35.1616%)
entry 1973000/5608394 (35.1794%)
entry 1980000/5608394 (35.3042%)
entry 1982000/5608394 (35.3399%)
entry 1986000/5608394 (35.4112%)
entry 1987000/5608394 (35.429%)
entry 1990000/5608394 (35.4825%)
entry 1997000/5608394 (35.6073%)
entry 1999000/5608394 (35.643%)
entry 2003000/5608394 (35.7143%)
entry 2004000/5608394 (35.7322%)
entry 2007000/5608394 (35.7856%)
entry 2008000/5608394 (35.8035%)
entry 2009000/5608394 (35.8213%)
entry 2016000/5608394 (35.9461%)
entry 2019000/5608394 (35.9996%)
entry 2023000/5608394 (36.0709%)
entry 2025000/5608394 (36.1066%)
entry 2026000/5608394 (36.1244%)
entry 2034000/5608394 (36.2671%)
entry 2039000/5608394 (36.3562%)
entry 2044000/5608394 (36.4454%)
entry 2045000/5608394 (36.4632%)
entry 2046000/5608394 (36.481%)
entry 2047000/5608394 (36.4989%)
entry 2052000/5608394 (36.588%)
entry 2053000/5608394 (36.6058%)
entry 2054000/5608394 (36.6237%)
entry 2055000/5608394 (36.6415%)
entry 2058000/5608394 (36.695%)
entry 2061000/5608394 (36.7485%)
entry 2062000/5608394 (36.7663%)
entry 2063000/5608394 (36.7841%)
entry 2064000/5608394 (36.802%)
entry 2065000/5608394 (36.8198%)
entry 2071000/5608394 (36.9268%)
entry 2075000/5608394 (36.9981%)
entry 2076000/5608394 (37.0159%)
entry 2078000/5608394 (37.0516%)
entry 2080000/5608394 (37.0873%)
entry 2081000/5608394 (37.1051%)
entry 2082000/5608394 (37.1229%)
entry 2087000/5608394 (37.2121%)
entry 2090000/5608394 (37.2656%)
entry 2095000/5608394 (37.3547%)
entry 2097000/5608394 (37.3904%)
entry 2109000/5608394 (37.6043%)
entry 2115000/5608394 (37.7113%)
entry 2116000/5608394 (37.7292%)
entry 2118000/5608394 (37.7648%)
entry 2121000/5608394 (37.8183%)
entry 2122000/5608394 (37.8361%)
entry 2123000/5608394 (37.854%)
entry 2125000/5608394 (37.8896%)
entry 2126000/5608394 (37.9075%)
entry 2127000/5608394 (37.9253%)
entry 2130000/5608394 (37.9788%)
entry 2133000/5608394 (38.0323%)
entry 2135000/5608394 (38.0679%)
entry 2139000/5608394 (38.1393%)
entry 2143000/5608394 (38.2106%)
entry 2145000/5608394 (38.2462%)
entry 2149000/5608394 (38.3176%)
entry 2150000/5608394 (38.3354%)
entry 2157000/5608394 (38.4602%)
entry 2158000/5608394 (38.478%)
entry 2159000/5608394 (38.4959%)
entry 2163000/5608394 (38.5672%)
entry 2166000/5608394 (38.6207%)
entry 2171000/5608394 (38.7098%)
entry 2173000/5608394 (38.7455%)
entry 2175000/5608394 (38.7812%)
entry 2178000/5608394 (38.8346%)
entry 2179000/5608394 (38.8525%)
entry 2180000/5608394 (38.8703%)
entry 2181000/5608394 (38.8881%)
entry 2182000/5608394 (38.906%)
entry 2188000/5608394 (39.013%)
entry 2189000/5608394 (39.0308%)
entry 2190000/5608394 (39.0486%)
entry 2194000/5608394 (39.1199%)
entry 2196000/5608394 (39.1556%)
entry 2198000/5608394 (39.1913%)
entry 2200000/5608394 (39.2269%)
entry 2201000/5608394 (39.2447%)
entry 2207000/5608394 (39.3517%)
entry 2208000/5608394 (39.3696%)
entry 2211000/5608394 (39.4231%)
entry 2212000/5608394 (39.4409%)
entry 2222000/5608394 (39.6192%)
entry 2225000/5608394 (39.6727%)
entry 2231000/5608394 (39.7797%)
entry 2232000/5608394 (39.7975%)
entry 2237000/5608394 (39.8866%)
entry 2241000/5608394 (39.958%)
entry 2243000/5608394 (39.9936%)
entry 2244000/5608394 (40.0115%)
entry 2252000/5608394 (40.1541%)
entry 2253000/5608394 (40.1719%)
entry 2255000/5608394 (40.2076%)
entry 2260000/5608394 (40.2967%)
entry 2263000/5608394 (40.3502%)
entry 2266000/5608394 (40.4037%)
entry 2269000/5608394 (40.4572%)
entry 2274000/5608394 (40.5464%)
entry 2277000/5608394 (40.5999%)
entry 2278000/5608394 (40.6177%)
entry 2280000/5608394 (40.6533%)
entry 2282000/5608394 (40.689%)
entry 2285000/5608394 (40.7425%)
entry 2287000/5608394 (40.7782%)
entry 2288000/5608394 (40.796%)
entry 2291000/5608394 (40.8495%)
entry 2292000/5608394 (40.8673%)
entry 2295000/5608394 (40.9208%)
entry 2298000/5608394 (40.9743%)
entry 2300000/5608394 (41.01%)
entry 2303000/5608394 (41.0634%)
entry 2306000/5608394 (41.1169%)
entry 2314000/5608394 (41.2596%)
entry 2318000/5608394 (41.3309%)
entry 2322000/5608394 (41.4022%)
entry 2324000/5608394 (41.4379%)
entry 2327000/5608394 (41.4914%)
entry 2331000/5608394 (41.5627%)
entry 2334000/5608394 (41.6162%)
entry 2341000/5608394 (41.741%)
entry 2342000/5608394 (41.7588%)
entry 2344000/5608394 (41.7945%)
entry 2348000/5608394 (41.8658%)
entry 2356000/5608394 (42.0085%)
entry 2364000/5608394 (42.1511%)
entry 2366000/5608394 (42.1868%)
entry 2370000/5608394 (42.2581%)
entry 2376000/5608394 (42.3651%)
entry 2377000/5608394 (42.3829%)
entry 2378000/5608394 (42.4007%)
entry 2386000/5608394 (42.5434%)
entry 2387000/5608394 (42.5612%)
entry 2391000/5608394 (42.6325%)
entry 2395000/5608394 (42.7038%)
entry 2400000/5608394 (42.793%)
entry 2410000/5608394 (42.9713%)
entry 2413000/5608394 (43.0248%)
entry 2414000/5608394 (43.0426%)
entry 2417000/5608394 (43.0961%)
entry 2421000/5608394 (43.1674%)
entry 2426000/5608394 (43.2566%)
entry 2427000/5608394 (43.2744%)
entry 2431000/5608394 (43.3457%)
entry 2435000/5608394 (43.4171%)
entry 2437000/5608394 (43.4527%)
entry 2439000/5608394 (43.4884%)
entry 2440000/5608394 (43.5062%)
entry 2442000/5608394 (43.5419%)
entry 2447000/5608394 (43.631%)
entry 2450000/5608394 (43.6845%)
entry 2451000/5608394 (43.7023%)
entry 2453000/5608394 (43.738%)
entry 2455000/5608394 (43.7737%)
entry 2457000/5608394 (43.8093%)
entry 2462000/5608394 (43.8985%)
entry 2463000/5608394 (43.9163%)
entry 2464000/5608394 (43.9341%)
entry 2465000/5608394 (43.952%)
entry 2466000/5608394 (43.9698%)
entry 2469000/5608394 (44.0233%)
entry 2470000/5608394 (44.0411%)
entry 2476000/5608394 (44.1481%)
entry 2478000/5608394 (44.1838%)
entry 2479000/5608394 (44.2016%)
entry 2480000/5608394 (44.2194%)
entry 2483000/5608394 (44.2729%)
entry 2485000/5608394 (44.3086%)
entry 2486000/5608394 (44.3264%)
entry 2488000/5608394 (44.3621%)
entry 2490000/5608394 (44.3977%)
entry 2494000/5608394 (44.4691%)
entry 2496000/5608394 (44.5047%)
entry 2498000/5608394 (44.5404%)
entry 2499000/5608394 (44.5582%)
entry 2501000/5608394 (44.5939%)
entry 2503000/5608394 (44.6295%)
entry 2505000/5608394 (44.6652%)
entry 2508000/5608394 (44.7187%)
entry 2509000/5608394 (44.7365%)
entry 2512000/5608394 (44.79%)
entry 2519000/5608394 (44.9148%)
entry 2520000/5608394 (44.9326%)
entry 2522000/5608394 (44.9683%)
entry 2525000/5608394 (45.0218%)
entry 2527000/5608394 (45.0575%)
entry 2531000/5608394 (45.1288%)
entry 2536000/5608394 (45.2179%)
entry 2538000/5608394 (45.2536%)
entry 2542000/5608394 (45.3249%)
entry 2544000/5608394 (45.3606%)
entry 2553000/5608394 (45.5211%)
entry 2556000/5608394 (45.5745%)
entry 2562000/5608394 (45.6815%)
entry 2566000/5608394 (45.7528%)
entry 2567000/5608394 (45.7707%)
entry 2570000/5608394 (45.8242%)
entry 2571000/5608394 (45.842%)
entry 2572000/5608394 (45.8598%)
entry 2573000/5608394 (45.8777%)
entry 2575000/5608394 (45.9133%)
entry 2577000/5608394 (45.949%)
entry 2578000/5608394 (45.9668%)
entry 2579000/5608394 (45.9846%)
entry 2582000/5608394 (46.0381%)
entry 2589000/5608394 (46.1629%)
entry 2592000/5608394 (46.2164%)
entry 2594000/5608394 (46.2521%)
entry 2596000/5608394 (46.2878%)
entry 2598000/5608394 (46.3234%)
entry 2602000/5608394 (46.3947%)
entry 2608000/5608394 (46.5017%)
entry 2609000/5608394 (46.5196%)
entry 2614000/5608394 (46.6087%)
entry 2617000/5608394 (46.6622%)
entry 2618000/5608394 (46.68%)
entry 2621000/5608394 (46.7335%)
entry 2622000/5608394 (46.7514%)
entry 2625000/5608394 (46.8048%)
entry 2627000/5608394 (46.8405%)
entry 2630000/5608394 (46.894%)
entry 2632000/5608394 (46.9297%)
entry 2633000/5608394 (46.9475%)
entry 2642000/5608394 (47.108%)
entry 2644000/5608394 (47.1436%)
entry 2647000/5608394 (47.1971%)
entry 2648000/5608394 (47.2149%)
entry 2657000/5608394 (47.3754%)
entry 2658000/5608394 (47.3932%)
entry 2662000/5608394 (47.4646%)
entry 2664000/5608394 (47.5002%)
entry 2666000/5608394 (47.5359%)
entry 2667000/5608394 (47.5537%)
entry 2668000/5608394 (47.5716%)
entry 2674000/5608394 (47.6785%)
entry 2675000/5608394 (47.6964%)
entry 2679000/5608394 (47.7677%)
entry 2681000/5608394 (47.8033%)
entry 2682000/5608394 (47.8212%)
entry 2688000/5608394 (47.9282%)
entry 2690000/5608394 (47.9638%)
entry 2693000/5608394 (48.0173%)
entry 2695000/5608394 (48.053%)
entry 2698000/5608394 (48.1065%)
entry 2699000/5608394 (48.1243%)
entry 2705000/5608394 (48.2313%)
entry 2713000/5608394 (48.3739%)
entry 2714000/5608394 (48.3918%)
entry 2718000/5608394 (48.4631%)
entry 2724000/5608394 (48.5701%)
entry 2725000/5608394 (48.5879%)
entry 2732000/5608394 (48.7127%)
entry 2734000/5608394 (48.7484%)
entry 2736000/5608394 (48.784%)
entry 2742000/5608394 (48.891%)
entry 2744000/5608394 (48.9267%)
entry 2746000/5608394 (48.9623%)
entry 2749000/5608394 (49.0158%)
entry 2751000/5608394 (49.0515%)
entry 2752000/5608394 (49.0693%)
entry 2753000/5608394 (49.0871%)
entry 2756000/5608394 (49.1406%)
entry 2761000/5608394 (49.2298%)
entry 2764000/5608394 (49.2833%)
entry 2767000/5608394 (49.3368%)
entry 2771000/5608394 (49.4081%)
entry 2773000/5608394 (49.4437%)
entry 2774000/5608394 (49.4616%)
entry 2776000/5608394 (49.4972%)
entry 2778000/5608394 (49.5329%)
entry 2781000/5608394 (49.5864%)
entry 2782000/5608394 (49.6042%)
entry 2784000/5608394 (49.6399%)
entry 2790000/5608394 (49.7469%)
entry 2792000/5608394 (49.7825%)
entry 2796000/5608394 (49.8538%)
entry 2798000/5608394 (49.8895%)
entry 2800000/5608394 (49.9252%)
entry 2809000/5608394 (50.0856%)
entry 2811000/5608394 (50.1213%)
entry 2813000/5608394 (50.157%)
entry 2815000/5608394 (50.1926%)
entry 2817000/5608394 (50.2283%)
entry 2819000/5608394 (50.2639%)
entry 2820000/5608394 (50.2818%)
entry 2829000/5608394 (50.4422%)
entry 2830000/5608394 (50.4601%)
entry 2832000/5608394 (50.4957%)
entry 2834000/5608394 (50.5314%)
entry 2835000/5608394 (50.5492%)
entry 2838000/5608394 (50.6027%)
entry 2843000/5608394 (50.6919%)
entry 2844000/5608394 (50.7097%)
entry 2846000/5608394 (50.7454%)
entry 2847000/5608394 (50.7632%)
entry 2856000/5608394 (50.9237%)
entry 2858000/5608394 (50.9593%)
entry 2860000/5608394 (50.995%)
entry 2862000/5608394 (51.0307%)
entry 2863000/5608394 (51.0485%)
entry 2864000/5608394 (51.0663%)
entry 2865000/5608394 (51.0841%)
entry 2866000/5608394 (51.102%)
entry 2867000/5608394 (51.1198%)
entry 2873000/5608394 (51.2268%)
entry 2877000/5608394 (51.2981%)
entry 2879000/5608394 (51.3338%)
entry 2884000/5608394 (51.4229%)
entry 2888000/5608394 (51.4942%)
entry 2889000/5608394 (51.5121%)
entry 2890000/5608394 (51.5299%)
entry 2892000/5608394 (51.5656%)
entry 2895000/5608394 (51.6191%)
entry 2898000/5608394 (51.6725%)
entry 2904000/5608394 (51.7795%)
entry 2909000/5608394 (51.8687%)
entry 2911000/5608394 (51.9043%)
entry 2912000/5608394 (51.9222%)
entry 2914000/5608394 (51.9578%)
entry 2917000/5608394 (52.0113%)
entry 2922000/5608394 (52.1005%)
entry 2923000/5608394 (52.1183%)
entry 2926000/5608394 (52.1718%)
entry 2933000/5608394 (52.2966%)
entry 2939000/5608394 (52.4036%)
entry 2940000/5608394 (52.4214%)
entry 2941000/5608394 (52.4393%)
entry 2945000/5608394 (52.5106%)
entry 2949000/5608394 (52.5819%)
entry 2950000/5608394 (52.5997%)
entry 2951000/5608394 (52.6176%)
entry 2957000/5608394 (52.7245%)
entry 2963000/5608394 (52.8315%)
entry 2964000/5608394 (52.8494%)
entry 2966000/5608394 (52.885%)
entry 2968000/5608394 (52.9207%)
entry 2969000/5608394 (52.9385%)
entry 2974000/5608394 (53.0277%)
entry 2978000/5608394 (53.099%)
entry 2980000/5608394 (53.1346%)
entry 2983000/5608394 (53.1881%)
entry 2984000/5608394 (53.206%)
entry 2990000/5608394 (53.3129%)
entry 2991000/5608394 (53.3308%)
entry 2994000/5608394 (53.3843%)
entry 2996000/5608394 (53.4199%)
entry 2997000/5608394 (53.4378%)
entry 3007000/5608394 (53.6161%)
entry 3013000/5608394 (53.723%)
entry 3016000/5608394 (53.7765%)
entry 3017000/5608394 (53.7944%)
entry 3018000/5608394 (53.8122%)
entry 3020000/5608394 (53.8479%)
entry 3025000/5608394 (53.937%)
entry 3026000/5608394 (53.9548%)
entry 3027000/5608394 (53.9727%)
entry 3028000/5608394 (53.9905%)
entry 3029000/5608394 (54.0083%)
entry 3040000/5608394 (54.2045%)
entry 3044000/5608394 (54.2758%)
entry 3047000/5608394 (54.3293%)
entry 3050000/5608394 (54.3828%)
entry 3051000/5608394 (54.4006%)
entry 3052000/5608394 (54.4184%)
entry 3054000/5608394 (54.4541%)
entry 3056000/5608394 (54.4897%)
entry 3057000/5608394 (54.5076%)
entry 3058000/5608394 (54.5254%)
entry 3059000/5608394 (54.5432%)
entry 3064000/5608394 (54.6324%)
entry 3065000/5608394 (54.6502%)
entry 3069000/5608394 (54.7215%)
entry 3071000/5608394 (54.7572%)
entry 3072000/5608394 (54.775%)
entry 3076000/5608394 (54.8464%)
entry 3077000/5608394 (54.8642%)
entry 3078000/5608394 (54.882%)
entry 3091000/5608394 (55.1138%)
entry 3096000/5608394 (55.203%)
entry 3098000/5608394 (55.2386%)
entry 3103000/5608394 (55.3278%)
entry 3104000/5608394 (55.3456%)
entry 3106000/5608394 (55.3813%)
entry 3108000/5608394 (55.4169%)
entry 3112000/5608394 (55.4883%)
entry 3113000/5608394 (55.5061%)
entry 3114000/5608394 (55.5239%)
entry 3115000/5608394 (55.5417%)
entry 3116000/5608394 (55.5596%)
entry 3119000/5608394 (55.6131%)
entry 3120000/5608394 (55.6309%)
entry 3122000/5608394 (55.6666%)
entry 3128000/5608394 (55.7735%)
entry 3132000/5608394 (55.8449%)
entry 3135000/5608394 (55.8984%)
entry 3149000/5608394 (56.148%)
entry 3151000/5608394 (56.1836%)
entry 3154000/5608394 (56.2371%)
entry 3156000/5608394 (56.2728%)
entry 3163000/5608394 (56.3976%)
entry 3170000/5608394 (56.5224%)
entry 3171000/5608394 (56.5403%)
entry 3173000/5608394 (56.5759%)
entry 3177000/5608394 (56.6472%)
entry 3179000/5608394 (56.6829%)
entry 3180000/5608394 (56.7007%)
entry 3181000/5608394 (56.7186%)
entry 3183000/5608394 (56.7542%)
entry 3186000/5608394 (56.8077%)
entry 3188000/5608394 (56.8434%)
entry 3191000/5608394 (56.8969%)
entry 3193000/5608394 (56.9325%)
entry 3195000/5608394 (56.9682%)
entry 3199000/5608394 (57.0395%)
entry 3201000/5608394 (57.0752%)
entry 3203000/5608394 (57.1108%)
entry 3207000/5608394 (57.1821%)
entry 3209000/5608394 (57.2178%)
entry 3218000/5608394 (57.3783%)
entry 3221000/5608394 (57.4318%)
entry 3224000/5608394 (57.4853%)
entry 3225000/5608394 (57.5031%)
entry 3228000/5608394 (57.5566%)
entry 3232000/5608394 (57.6279%)
entry 3233000/5608394 (57.6457%)
entry 3234000/5608394 (57.6636%)
entry 3236000/5608394 (57.6992%)
entry 3238000/5608394 (57.7349%)
entry 3239000/5608394 (57.7527%)
entry 3242000/5608394 (57.8062%)
entry 3244000/5608394 (57.8419%)
entry 3248000/5608394 (57.9132%)
entry 3250000/5608394 (57.9489%)
entry 3252000/5608394 (57.9845%)
entry 3254000/5608394 (58.0202%)
entry 3255000/5608394 (58.038%)
entry 3257000/5608394 (58.0737%)
entry 3258000/5608394 (58.0915%)
entry 3259000/5608394 (58.1093%)
entry 3260000/5608394 (58.1272%)
entry 3270000/5608394 (58.3055%)
entry 3273000/5608394 (58.359%)
entry 3278000/5608394 (58.4481%)
entry 3281000/5608394 (58.5016%)
entry 3282000/5608394 (58.5194%)
entry 3283000/5608394 (58.5373%)
entry 3294000/5608394 (58.7334%)
entry 3295000/5608394 (58.7512%)
entry 3297000/5608394 (58.7869%)
entry 3300000/5608394 (58.8404%)
entry 3303000/5608394 (58.8939%)
entry 3309000/5608394 (59.0008%)
entry 3318000/5608394 (59.1613%)
entry 3319000/5608394 (59.1792%)
entry 3321000/5608394 (59.2148%)
entry 3322000/5608394 (59.2326%)
entry 3325000/5608394 (59.2861%)
entry 3326000/5608394 (59.304%)
entry 3331000/5608394 (59.3931%)
entry 3333000/5608394 (59.4288%)
entry 3334000/5608394 (59.4466%)
entry 3337000/5608394 (59.5001%)
entry 3338000/5608394 (59.5179%)
entry 3340000/5608394 (59.5536%)
entry 3341000/5608394 (59.5714%)
entry 3344000/5608394 (59.6249%)
entry 3346000/5608394 (59.6606%)
entry 3349000/5608394 (59.7141%)
entry 3350000/5608394 (59.7319%)
entry 3354000/5608394 (59.8032%)
entry 3360000/5608394 (59.9102%)
entry 3361000/5608394 (59.928%)
entry 3362000/5608394 (59.9459%)
entry 3363000/5608394 (59.9637%)
entry 3365000/5608394 (59.9994%)
entry 3367000/5608394 (60.035%)
entry 3371000/5608394 (60.1063%)
entry 3373000/5608394 (60.142%)
entry 3378000/5608394 (60.2311%)
entry 3379000/5608394 (60.249%)
entry 3380000/5608394 (60.2668%)
entry 3381000/5608394 (60.2846%)
entry 3382000/5608394 (60.3025%)
entry 3383000/5608394 (60.3203%)
entry 3385000/5608394 (60.356%)
entry 3392000/5608394 (60.4808%)
entry 3397000/5608394 (60.5699%)
entry 3399000/5608394 (60.6056%)
entry 3400000/5608394 (60.6234%)
entry 3402000/5608394 (60.6591%)
entry 3403000/5608394 (60.6769%)
entry 3405000/5608394 (60.7126%)
entry 3406000/5608394 (60.7304%)
entry 3407000/5608394 (60.7482%)
entry 3410000/5608394 (60.8017%)
entry 3415000/5608394 (60.8909%)
entry 3416000/5608394 (60.9087%)
entry 3420000/5608394 (60.98%)
entry 3421000/5608394 (60.9979%)
entry 3424000/5608394 (61.0513%)
entry 3428000/5608394 (61.1227%)
entry 3429000/5608394 (61.1405%)
entry 3431000/5608394 (61.1762%)
entry 3444000/5608394 (61.408%)
entry 3445000/5608394 (61.4258%)
entry 3452000/5608394 (61.5506%)
entry 3453000/5608394 (61.5684%)
entry 3458000/5608394 (61.6576%)
entry 3464000/5608394 (61.7646%)
entry 3467000/5608394 (61.8181%)
entry 3470000/5608394 (61.8715%)
entry 3471000/5608394 (61.8894%)
entry 3472000/5608394 (61.9072%)
entry 3475000/5608394 (61.9607%)
entry 3476000/5608394 (61.9785%)
entry 3477000/5608394 (61.9964%)
entry 3479000/5608394 (62.032%)
entry 3480000/5608394 (62.0498%)
entry 3482000/5608394 (62.0855%)
entry 3486000/5608394 (62.1568%)
entry 3490000/5608394 (62.2282%)
entry 3492000/5608394 (62.2638%)
entry 3499000/5608394 (62.3886%)
entry 3500000/5608394 (62.4065%)
entry 3501000/5608394 (62.4243%)
entry 3503000/5608394 (62.4599%)
entry 3505000/5608394 (62.4956%)
entry 3508000/5608394 (62.5491%)
entry 3514000/5608394 (62.6561%)
entry 3516000/5608394 (62.6917%)
entry 3518000/5608394 (62.7274%)
entry 3522000/5608394 (62.7987%)
entry 3523000/5608394 (62.8166%)
entry 3524000/5608394 (62.8344%)
entry 3526000/5608394 (62.87%)
entry 3528000/5608394 (62.9057%)
entry 3531000/5608394 (62.9592%)
entry 3536000/5608394 (63.0484%)
entry 3539000/5608394 (63.1018%)
entry 3542000/5608394 (63.1553%)
entry 3546000/5608394 (63.2267%)
entry 3547000/5608394 (63.2445%)
entry 3550000/5608394 (63.298%)
entry 3551000/5608394 (63.3158%)
entry 3553000/5608394 (63.3515%)
entry 3556000/5608394 (63.405%)
entry 3559000/5608394 (63.4585%)
entry 3560000/5608394 (63.4763%)
entry 3561000/5608394 (63.4941%)
entry 3564000/5608394 (63.5476%)
entry 3567000/5608394 (63.6011%)
entry 3568000/5608394 (63.6189%)
entry 3572000/5608394 (63.6902%)
entry 3578000/5608394 (63.7972%)
entry 3587000/5608394 (63.9577%)
entry 3590000/5608394 (64.0112%)
entry 3591000/5608394 (64.029%)
entry 3595000/5608394 (64.1003%)
entry 3598000/5608394 (64.1538%)
entry 3599000/5608394 (64.1717%)
entry 3601000/5608394 (64.2073%)
entry 3602000/5608394 (64.2252%)
entry 3604000/5608394 (64.2608%)
entry 3621000/5608394 (64.5639%)
entry 3626000/5608394 (64.6531%)
entry 3631000/5608394 (64.7422%)
entry 3634000/5608394 (64.7957%)
entry 3636000/5608394 (64.8314%)
entry 3641000/5608394 (64.9205%)
entry 3644000/5608394 (64.974%)
entry 3646000/5608394 (65.0097%)
entry 3648000/5608394 (65.0454%)
entry 3649000/5608394 (65.0632%)
entry 3650000/5608394 (65.081%)
entry 3651000/5608394 (65.0989%)
entry 3655000/5608394 (65.1702%)
entry 3656000/5608394 (65.188%)
entry 3660000/5608394 (65.2593%)
entry 3661000/5608394 (65.2772%)
entry 3663000/5608394 (65.3128%)
entry 3664000/5608394 (65.3306%)
entry 3668000/5608394 (65.402%)
entry 3670000/5608394 (65.4376%)
entry 3671000/5608394 (65.4555%)
entry 3673000/5608394 (65.4911%)
entry 3674000/5608394 (65.5089%)
entry 3685000/5608394 (65.7051%)
entry 3686000/5608394 (65.7229%)
entry 3687000/5608394 (65.7407%)
entry 3691000/5608394 (65.8121%)
entry 3701000/5608394 (65.9904%)
entry 3708000/5608394 (66.1152%)
entry 3709000/5608394 (66.133%)
entry 3711000/5608394 (66.1687%)
entry 3712000/5608394 (66.1865%)
entry 3715000/5608394 (66.24%)
entry 3717000/5608394 (66.2757%)
entry 3718000/5608394 (66.2935%)
entry 3724000/5608394 (66.4005%)
entry 3730000/5608394 (66.5075%)
entry 3736000/5608394 (66.6144%)
entry 3738000/5608394 (66.6501%)
entry 3741000/5608394 (66.7036%)
entry 3742000/5608394 (66.7214%)
entry 3743000/5608394 (66.7392%)
entry 3744000/5608394 (66.7571%)
entry 3745000/5608394 (66.7749%)
entry 3748000/5608394 (66.8284%)
entry 3751000/5608394 (66.8819%)
entry 3755000/5608394 (66.9532%)
entry 3761000/5608394 (67.0602%)
entry 3767000/5608394 (67.1672%)
entry 3771000/5608394 (67.2385%)
entry 3773000/5608394 (67.2742%)
entry 3774000/5608394 (67.292%)
entry 3775000/5608394 (67.3098%)
entry 3780000/5608394 (67.399%)
entry 3785000/5608394 (67.4881%)
entry 3787000/5608394 (67.5238%)
entry 3788000/5608394 (67.5416%)
entry 3792000/5608394 (67.6129%)
entry 3798000/5608394 (67.7199%)
entry 3802000/5608394 (67.7912%)
entry 3805000/5608394 (67.8447%)
entry 3808000/5608394 (67.8982%)
entry 3809000/5608394 (67.9161%)
entry 3812000/5608394 (67.9695%)
entry 3816000/5608394 (68.0409%)
entry 3818000/5608394 (68.0765%)
entry 3823000/5608394 (68.1657%)
entry 3826000/5608394 (68.2192%)
entry 3830000/5608394 (68.2905%)
entry 3836000/5608394 (68.3975%)
entry 3843000/5608394 (68.5223%)
entry 3846000/5608394 (68.5758%)
entry 3848000/5608394 (68.6114%)
entry 3850000/5608394 (68.6471%)
entry 3852000/5608394 (68.6828%)
entry 3856000/5608394 (68.7541%)
entry 3862000/5608394 (68.8611%)
entry 3866000/5608394 (68.9324%)
entry 3870000/5608394 (69.0037%)
entry 3872000/5608394 (69.0394%)
entry 3873000/5608394 (69.0572%)
entry 3877000/5608394 (69.1285%)
entry 3881000/5608394 (69.1998%)
entry 3882000/5608394 (69.2177%)
entry 3891000/5608394 (69.3781%)
entry 3894000/5608394 (69.4316%)
entry 3895000/5608394 (69.4495%)
entry 3897000/5608394 (69.4851%)
entry 3899000/5608394 (69.5208%)
entry 3900000/5608394 (69.5386%)
entry 3903000/5608394 (69.5921%)
entry 3908000/5608394 (69.6813%)
entry 3911000/5608394 (69.7348%)
entry 3912000/5608394 (69.7526%)
entry 3913000/5608394 (69.7704%)
entry 3914000/5608394 (69.7882%)
entry 3916000/5608394 (69.8239%)
entry 3917000/5608394 (69.8417%)
entry 3919000/5608394 (69.8774%)
entry 3921000/5608394 (69.9131%)
entry 3923000/5608394 (69.9487%)
entry 3925000/5608394 (69.9844%)
entry 3926000/5608394 (70.0022%)
entry 3927000/5608394 (70.02%)
entry 3929000/5608394 (70.0557%)
entry 3931000/5608394 (70.0914%)
entry 3932000/5608394 (70.1092%)
entry 3935000/5608394 (70.1627%)
entry 3949000/5608394 (70.4123%)
entry 3950000/5608394 (70.4301%)
entry 3951000/5608394 (70.448%)
entry 3957000/5608394 (70.555%)
entry 3958000/5608394 (70.5728%)
entry 3966000/5608394 (70.7154%)
entry 3968000/5608394 (70.7511%)
entry 3969000/5608394 (70.7689%)
entry 3972000/5608394 (70.8224%)
entry 3976000/5608394 (70.8937%)
entry 3977000/5608394 (70.9116%)
entry 3982000/5608394 (71.0007%)
entry 3985000/5608394 (71.0542%)
entry 3986000/5608394 (71.072%)
entry 3992000/5608394 (71.179%)
entry 3993000/5608394 (71.1969%)
entry 3996000/5608394 (71.2503%)
entry 4001000/5608394 (71.3395%)
entry 4007000/5608394 (71.4465%)
entry 4010000/5608394 (71.5%)
entry 4013000/5608394 (71.5535%)
entry 4014000/5608394 (71.5713%)
entry 4018000/5608394 (71.6426%)
entry 4019000/5608394 (71.6604%)
entry 4020000/5608394 (71.6783%)
entry 4021000/5608394 (71.6961%)
entry 4033000/5608394 (71.9101%)
entry 4034000/5608394 (71.9279%)
entry 4037000/5608394 (71.9814%)
entry 4039000/5608394 (72.017%)
entry 4040000/5608394 (72.0349%)
entry 4043000/5608394 (72.0884%)
entry 4045000/5608394 (72.124%)
entry 4046000/5608394 (72.1419%)
entry 4047000/5608394 (72.1597%)
entry 4049000/5608394 (72.1954%)
entry 4050000/5608394 (72.2132%)
entry 4053000/5608394 (72.2667%)
entry 4063000/5608394 (72.445%)
entry 4066000/5608394 (72.4985%)
entry 4069000/5608394 (72.552%)
entry 4073000/5608394 (72.6233%)
entry 4077000/5608394 (72.6946%)
entry 4078000/5608394 (72.7124%)
entry 4080000/5608394 (72.7481%)
entry 4082000/5608394 (72.7838%)
entry 4084000/5608394 (72.8194%)
entry 4085000/5608394 (72.8373%)
entry 4087000/5608394 (72.8729%)
entry 4088000/5608394 (72.8907%)
entry 4101000/5608394 (73.1225%)
entry 4103000/5608394 (73.1582%)
entry 4106000/5608394 (73.2117%)
entry 4112000/5608394 (73.3187%)
entry 4115000/5608394 (73.3722%)
entry 4116000/5608394 (73.39%)
entry 4118000/5608394 (73.4257%)
entry 4124000/5608394 (73.5326%)
entry 4128000/5608394 (73.604%)
entry 4133000/5608394 (73.6931%)
entry 4134000/5608394 (73.7109%)
entry 4139000/5608394 (73.8001%)
entry 4140000/5608394 (73.8179%)
entry 4142000/5608394 (73.8536%)
entry 4146000/5608394 (73.9249%)
entry 4151000/5608394 (74.0141%)
entry 4160000/5608394 (74.1745%)
entry 4161000/5608394 (74.1924%)
entry 4162000/5608394 (74.2102%)
entry 4165000/5608394 (74.2637%)
entry 4167000/5608394 (74.2993%)
entry 4168000/5608394 (74.3172%)
entry 4171000/5608394 (74.3707%)
entry 4174000/5608394 (74.4242%)
entry 4175000/5608394 (74.442%)
entry 4176000/5608394 (74.4598%)
entry 4177000/5608394 (74.4776%)
entry 4178000/5608394 (74.4955%)
entry 4182000/5608394 (74.5668%)
entry 4183000/5608394 (74.5846%)
entry 4188000/5608394 (74.6738%)
entry 4192000/5608394 (74.7451%)
entry 4195000/5608394 (74.7986%)
entry 4197000/5608394 (74.8343%)
entry 4206000/5608394 (74.9947%)
entry 4207000/5608394 (75.0126%)
entry 4209000/5608394 (75.0482%)
entry 4214000/5608394 (75.1374%)
entry 4215000/5608394 (75.1552%)
entry 4216000/5608394 (75.173%)
entry 4219000/5608394 (75.2265%)
entry 4220000/5608394 (75.2444%)
entry 4221000/5608394 (75.2622%)
entry 4222000/5608394 (75.28%)
entry 4223000/5608394 (75.2979%)
entry 4224000/5608394 (75.3157%)
entry 4226000/5608394 (75.3513%)
entry 4227000/5608394 (75.3692%)
entry 4234000/5608394 (75.494%)
entry 4235000/5608394 (75.5118%)
entry 4236000/5608394 (75.5296%)
entry 4241000/5608394 (75.6188%)
entry 4242000/5608394 (75.6366%)
entry 4252000/5608394 (75.8149%)
entry 4254000/5608394 (75.8506%)
entry 4256000/5608394 (75.8862%)
entry 4257000/5608394 (75.9041%)
entry 4259000/5608394 (75.9397%)
entry 4260000/5608394 (75.9576%)
entry 4261000/5608394 (75.9754%)
entry 4265000/5608394 (76.0467%)
entry 4267000/5608394 (76.0824%)
entry 4273000/5608394 (76.1894%)
entry 4277000/5608394 (76.2607%)
entry 4278000/5608394 (76.2785%)
entry 4279000/5608394 (76.2964%)
entry 4283000/5608394 (76.3677%)
entry 4286000/5608394 (76.4212%)
entry 4290000/5608394 (76.4925%)
entry 4294000/5608394 (76.5638%)
entry 4302000/5608394 (76.7065%)
entry 4304000/5608394 (76.7421%)
entry 4306000/5608394 (76.7778%)
entry 4313000/5608394 (76.9026%)
entry 4316000/5608394 (76.9561%)
entry 4317000/5608394 (76.9739%)
entry 4319000/5608394 (77.0096%)
entry 4322000/5608394 (77.0631%)
entry 4326000/5608394 (77.1344%)
entry 4327000/5608394 (77.1522%)
entry 4332000/5608394 (77.2414%)
entry 4335000/5608394 (77.2949%)
entry 4336000/5608394 (77.3127%)
entry 4340000/5608394 (77.384%)
entry 4343000/5608394 (77.4375%)
entry 4349000/5608394 (77.5445%)
entry 4350000/5608394 (77.5623%)
entry 4354000/5608394 (77.6336%)
entry 4358000/5608394 (77.705%)
entry 4360000/5608394 (77.7406%)
entry 4365000/5608394 (77.8298%)
entry 4371000/5608394 (77.9368%)
entry 4374000/5608394 (77.9902%)
entry 4379000/5608394 (78.0794%)
entry 4383000/5608394 (78.1507%)
entry 4384000/5608394 (78.1685%)
entry 4387000/5608394 (78.222%)
entry 4388000/5608394 (78.2399%)
entry 4390000/5608394 (78.2755%)
entry 4391000/5608394 (78.2934%)
entry 4392000/5608394 (78.3112%)
entry 4394000/5608394 (78.3468%)
entry 4396000/5608394 (78.3825%)
entry 4400000/5608394 (78.4538%)
entry 4406000/5608394 (78.5608%)
entry 4408000/5608394 (78.5965%)
entry 4413000/5608394 (78.6856%)
entry 4414000/5608394 (78.7035%)
entry 4419000/5608394 (78.7926%)
entry 4423000/5608394 (78.8639%)
entry 4425000/5608394 (78.8996%)
entry 4426000/5608394 (78.9174%)
entry 4432000/5608394 (79.0244%)
entry 4433000/5608394 (79.0422%)
entry 4434000/5608394 (79.0601%)
entry 4437000/5608394 (79.1136%)
entry 4442000/5608394 (79.2027%)
entry 4443000/5608394 (79.2205%)
entry 4444000/5608394 (79.2384%)
entry 4447000/5608394 (79.2919%)
entry 4449000/5608394 (79.3275%)
entry 4455000/5608394 (79.4345%)
entry 4457000/5608394 (79.4702%)
entry 4458000/5608394 (79.488%)
entry 4460000/5608394 (79.5237%)
entry 4461000/5608394 (79.5415%)
entry 4473000/5608394 (79.7554%)
entry 4475000/5608394 (79.7911%)
entry 4481000/5608394 (79.8981%)
entry 4496000/5608394 (80.1656%)
entry 4504000/5608394 (80.3082%)
entry 4505000/5608394 (80.326%)
entry 4508000/5608394 (80.3795%)
entry 4516000/5608394 (80.5222%)
entry 4517000/5608394 (80.54%)
entry 4520000/5608394 (80.5935%)
entry 4525000/5608394 (80.6826%)
entry 4526000/5608394 (80.7005%)
entry 4528000/5608394 (80.7361%)
entry 4536000/5608394 (80.8788%)
entry 4537000/5608394 (80.8966%)
entry 4539000/5608394 (80.9323%)
entry 4540000/5608394 (80.9501%)
entry 4547000/5608394 (81.0749%)
entry 4549000/5608394 (81.1106%)
entry 4551000/5608394 (81.1462%)
entry 4556000/5608394 (81.2354%)
entry 4558000/5608394 (81.271%)
entry 4559000/5608394 (81.2889%)
entry 4560000/5608394 (81.3067%)
entry 4566000/5608394 (81.4137%)
entry 4570000/5608394 (81.485%)
entry 4575000/5608394 (81.5742%)
entry 4578000/5608394 (81.6276%)
entry 4580000/5608394 (81.6633%)
entry 4583000/5608394 (81.7168%)
entry 4584000/5608394 (81.7346%)
entry 4587000/5608394 (81.7881%)
entry 4595000/5608394 (81.9308%)
entry 4598000/5608394 (81.9843%)
entry 4599000/5608394 (82.0021%)
entry 4610000/5608394 (82.1982%)
entry 4611000/5608394 (82.216%)
entry 4613000/5608394 (82.2517%)
entry 4614000/5608394 (82.2695%)
entry 4615000/5608394 (82.2874%)
entry 4616000/5608394 (82.3052%)
entry 4619000/5608394 (82.3587%)
entry 4620000/5608394 (82.3765%)
entry 4623000/5608394 (82.43%)
entry 4624000/5608394 (82.4478%)
entry 4629000/5608394 (82.537%)
entry 4630000/5608394 (82.5548%)
entry 4635000/5608394 (82.644%)
entry 4637000/5608394 (82.6796%)
entry 4639000/5608394 (82.7153%)
entry 4640000/5608394 (82.7331%)
entry 4644000/5608394 (82.8045%)
entry 4645000/5608394 (82.8223%)
entry 4646000/5608394 (82.8401%)
entry 4648000/5608394 (82.8758%)
entry 4649000/5608394 (82.8936%)
entry 4655000/5608394 (83.0006%)
entry 4657000/5608394 (83.0362%)
entry 4670000/5608394 (83.268%)
entry 4672000/5608394 (83.3037%)
entry 4673000/5608394 (83.3215%)
entry 4676000/5608394 (83.375%)
entry 4678000/5608394 (83.4107%)
entry 4683000/5608394 (83.4998%)
entry 4684000/5608394 (83.5177%)
entry 4685000/5608394 (83.5355%)
entry 4686000/5608394 (83.5533%)
entry 4690000/5608394 (83.6247%)
entry 4692000/5608394 (83.6603%)
entry 4693000/5608394 (83.6781%)
entry 4697000/5608394 (83.7495%)
entry 4701000/5608394 (83.8208%)
entry 4704000/5608394 (83.8743%)
entry 4706000/5608394 (83.9099%)
entry 4707000/5608394 (83.9278%)
entry 4713000/5608394 (84.0348%)
entry 4721000/5608394 (84.1774%)
entry 4725000/5608394 (84.2487%)
entry 4730000/5608394 (84.3379%)
entry 4735000/5608394 (84.427%)
entry 4736000/5608394 (84.4449%)
entry 4738000/5608394 (84.4805%)
entry 4741000/5608394 (84.534%)
entry 4742000/5608394 (84.5518%)
entry 4744000/5608394 (84.5875%)
entry 4746000/5608394 (84.6232%)
entry 4748000/5608394 (84.6588%)
entry 4751000/5608394 (84.7123%)
entry 4752000/5608394 (84.7301%)
entry 4754000/5608394 (84.7658%)
entry 4756000/5608394 (84.8015%)
entry 4759000/5608394 (84.8549%)
entry 4760000/5608394 (84.8728%)
entry 4764000/5608394 (84.9441%)
entry 4772000/5608394 (85.0867%)
entry 4773000/5608394 (85.1046%)
entry 4774000/5608394 (85.1224%)
entry 4775000/5608394 (85.1402%)
entry 4776000/5608394 (85.1581%)
entry 4777000/5608394 (85.1759%)
entry 4778000/5608394 (85.1937%)
entry 4779000/5608394 (85.2116%)
entry 4782000/5608394 (85.2651%)
entry 4784000/5608394 (85.3007%)
entry 4786000/5608394 (85.3364%)
entry 4787000/5608394 (85.3542%)
entry 4789000/5608394 (85.3899%)
entry 4790000/5608394 (85.4077%)
entry 4791000/5608394 (85.4255%)
entry 4796000/5608394 (85.5147%)
entry 4808000/5608394 (85.7286%)
entry 4811000/5608394 (85.7821%)
entry 4817000/5608394 (85.8891%)
entry 4819000/5608394 (85.9248%)
entry 4820000/5608394 (85.9426%)
entry 4821000/5608394 (85.9604%)
entry 4822000/5608394 (85.9783%)
entry 4823000/5608394 (85.9961%)
entry 4828000/5608394 (86.0852%)
entry 4833000/5608394 (86.1744%)
entry 4837000/5608394 (86.2457%)
entry 4838000/5608394 (86.2636%)
entry 4840000/5608394 (86.2992%)
entry 4844000/5608394 (86.3705%)
entry 4846000/5608394 (86.4062%)
entry 4850000/5608394 (86.4775%)
entry 4852000/5608394 (86.5132%)
entry 4853000/5608394 (86.531%)
entry 4854000/5608394 (86.5488%)
entry 4856000/5608394 (86.5845%)
entry 4858000/5608394 (86.6202%)
entry 4863000/5608394 (86.7093%)
entry 4864000/5608394 (86.7271%)
entry 4865000/5608394 (86.745%)
entry 4868000/5608394 (86.7985%)
entry 4870000/5608394 (86.8341%)
entry 4871000/5608394 (86.852%)
entry 4872000/5608394 (86.8698%)
entry 4873000/5608394 (86.8876%)
entry 4876000/5608394 (86.9411%)
entry 4877000/5608394 (86.9589%)
entry 4878000/5608394 (86.9768%)
entry 4881000/5608394 (87.0303%)
entry 4883000/5608394 (87.0659%)
entry 4884000/5608394 (87.0838%)
entry 4890000/5608394 (87.1907%)
entry 4894000/5608394 (87.2621%)
entry 4895000/5608394 (87.2799%)
entry 4898000/5608394 (87.3334%)
entry 4915000/5608394 (87.6365%)
entry 4916000/5608394 (87.6543%)
entry 4917000/5608394 (87.6722%)
entry 4919000/5608394 (87.7078%)
entry 4920000/5608394 (87.7257%)
entry 4925000/5608394 (87.8148%)
entry 4938000/5608394 (88.0466%)
entry 4944000/5608394 (88.1536%)
entry 4949000/5608394 (88.2427%)
entry 4951000/5608394 (88.2784%)
entry 4953000/5608394 (88.3141%)
entry 4955000/5608394 (88.3497%)
entry 4956000/5608394 (88.3675%)
entry 4958000/5608394 (88.4032%)
entry 4960000/5608394 (88.4389%)
entry 4961000/5608394 (88.4567%)
entry 4963000/5608394 (88.4924%)
entry 4968000/5608394 (88.5815%)
entry 4969000/5608394 (88.5993%)
entry 4977000/5608394 (88.742%)
entry 4978000/5608394 (88.7598%)
entry 4979000/5608394 (88.7776%)
entry 4980000/5608394 (88.7955%)
entry 4982000/5608394 (88.8311%)
entry 4987000/5608394 (88.9203%)
entry 4990000/5608394 (88.9738%)
entry 4992000/5608394 (89.0094%)
entry 4993000/5608394 (89.0273%)
entry 4998000/5608394 (89.1164%)
entry 5000000/5608394 (89.1521%)
entry 5001000/5608394 (89.1699%)
entry 5003000/5608394 (89.2056%)
entry 5005000/5608394 (89.2412%)
entry 5008000/5608394 (89.2947%)
entry 5009000/5608394 (89.3126%)
entry 5012000/5608394 (89.366%)
entry 5015000/5608394 (89.4195%)
entry 5019000/5608394 (89.4909%)
entry 5020000/5608394 (89.5087%)
entry 5032000/5608394 (89.7227%)
entry 5033000/5608394 (89.7405%)
entry 5038000/5608394 (89.8296%)
entry 5040000/5608394 (89.8653%)
entry 5042000/5608394 (89.901%)
entry 5043000/5608394 (89.9188%)
entry 5044000/5608394 (89.9366%)
entry 5047000/5608394 (89.9901%)
entry 5054000/5608394 (90.1149%)
entry 5059000/5608394 (90.2041%)
entry 5063000/5608394 (90.2754%)
entry 5067000/5608394 (90.3467%)
entry 5070000/5608394 (90.4002%)
entry 5072000/5608394 (90.4359%)
entry 5076000/5608394 (90.5072%)
entry 5077000/5608394 (90.525%)
entry 5078000/5608394 (90.5429%)
entry 5079000/5608394 (90.5607%)
entry 5082000/5608394 (90.6142%)
entry 5084000/5608394 (90.6498%)
entry 5086000/5608394 (90.6855%)
entry 5090000/5608394 (90.7568%)
entry 5091000/5608394 (90.7746%)
entry 5096000/5608394 (90.8638%)
entry 5098000/5608394 (90.8995%)
entry 5102000/5608394 (90.9708%)
entry 5109000/5608394 (91.0956%)
entry 5110000/5608394 (91.1134%)
entry 5111000/5608394 (91.1313%)
entry 5112000/5608394 (91.1491%)
entry 5117000/5608394 (91.2382%)
entry 5126000/5608394 (91.3987%)
entry 5129000/5608394 (91.4522%)
entry 5130000/5608394 (91.47%)
entry 5134000/5608394 (91.5414%)
entry 5140000/5608394 (91.6483%)
entry 5142000/5608394 (91.684%)
entry 5145000/5608394 (91.7375%)
entry 5147000/5608394 (91.7732%)
entry 5151000/5608394 (91.8445%)
entry 5152000/5608394 (91.8623%)
entry 5154000/5608394 (91.898%)
entry 5156000/5608394 (91.9336%)
entry 5159000/5608394 (91.9871%)
entry 5166000/5608394 (92.1119%)
entry 5169000/5608394 (92.1654%)
entry 5171000/5608394 (92.2011%)
entry 5173000/5608394 (92.2367%)
entry 5178000/5608394 (92.3259%)
entry 5180000/5608394 (92.3616%)
entry 5181000/5608394 (92.3794%)
entry 5182000/5608394 (92.3972%)
entry 5186000/5608394 (92.4685%)
entry 5187000/5608394 (92.4864%)
entry 5194000/5608394 (92.6112%)
entry 5204000/5608394 (92.7895%)
entry 5205000/5608394 (92.8073%)
entry 5207000/5608394 (92.843%)
entry 5209000/5608394 (92.8786%)
entry 5210000/5608394 (92.8965%)
entry 5218000/5608394 (93.0391%)
entry 5222000/5608394 (93.1104%)
entry 5223000/5608394 (93.1283%)
entry 5225000/5608394 (93.1639%)
entry 5231000/5608394 (93.2709%)
entry 5232000/5608394 (93.2887%)
entry 5234000/5608394 (93.3244%)
entry 5236000/5608394 (93.3601%)
entry 5237000/5608394 (93.3779%)
entry 5240000/5608394 (93.4314%)
entry 5242000/5608394 (93.467%)
entry 5254000/5608394 (93.681%)
entry 5255000/5608394 (93.6988%)
entry 5257000/5608394 (93.7345%)
entry 5264000/5608394 (93.8593%)
entry 5265000/5608394 (93.8771%)
entry 5270000/5608394 (93.9663%)
entry 5271000/5608394 (93.9841%)
entry 5273000/5608394 (94.0198%)
entry 5274000/5608394 (94.0376%)
entry 5275000/5608394 (94.0554%)
entry 5284000/5608394 (94.2159%)
entry 5287000/5608394 (94.2694%)
entry 5291000/5608394 (94.3407%)
entry 5296000/5608394 (94.4299%)
entry 5298000/5608394 (94.4655%)
entry 5299000/5608394 (94.4834%)
entry 5301000/5608394 (94.519%)
entry 5302000/5608394 (94.5369%)
entry 5303000/5608394 (94.5547%)
entry 5308000/5608394 (94.6438%)
entry 5311000/5608394 (94.6973%)
entry 5313000/5608394 (94.733%)
entry 5317000/5608394 (94.8043%)
entry 5318000/5608394 (94.8222%)
entry 5321000/5608394 (94.8756%)
entry 5325000/5608394 (94.947%)
entry 5326000/5608394 (94.9648%)
entry 5332000/5608394 (95.0718%)
entry 5334000/5608394 (95.1074%)
entry 5340000/5608394 (95.2144%)
entry 5343000/5608394 (95.2679%)
entry 5354000/5608394 (95.4641%)
entry 5355000/5608394 (95.4819%)
entry 5357000/5608394 (95.5175%)
entry 5358000/5608394 (95.5354%)
entry 5359000/5608394 (95.5532%)
entry 5367000/5608394 (95.6958%)
entry 5373000/5608394 (95.8028%)
entry 5375000/5608394 (95.8385%)
entry 5377000/5608394 (95.8741%)
entry 5384000/5608394 (95.999%)
entry 5386000/5608394 (96.0346%)
entry 5388000/5608394 (96.0703%)
entry 5397000/5608394 (96.2308%)
entry 5400000/5608394 (96.2842%)
entry 5407000/5608394 (96.4091%)
entry 5411000/5608394 (96.4804%)
entry 5412000/5608394 (96.4982%)
entry 5413000/5608394 (96.516%)
entry 5417000/5608394 (96.5874%)
entry 5419000/5608394 (96.623%)
entry 5420000/5608394 (96.6409%)
entry 5425000/5608394 (96.73%)
entry 5427000/5608394 (96.7657%)
entry 5428000/5608394 (96.7835%)
entry 5430000/5608394 (96.8192%)
entry 5434000/5608394 (96.8905%)
entry 5436000/5608394 (96.9261%)
entry 5439000/5608394 (96.9796%)
entry 5440000/5608394 (96.9975%)
entry 5443000/5608394 (97.051%)
entry 5452000/5608394 (97.2114%)
entry 5459000/5608394 (97.3362%)
entry 5464000/5608394 (97.4254%)
entry 5468000/5608394 (97.4967%)
entry 5470000/5608394 (97.5324%)
entry 5474000/5608394 (97.6037%)
entry 5478000/5608394 (97.675%)
entry 5483000/5608394 (97.7642%)
entry 5484000/5608394 (97.782%)
entry 5485000/5608394 (97.7998%)
entry 5486000/5608394 (97.8177%)
entry 5488000/5608394 (97.8533%)
entry 5489000/5608394 (97.8712%)
entry 5492000/5608394 (97.9246%)
entry 5493000/5608394 (97.9425%)
entry 5495000/5608394 (97.9781%)
entry 5496000/5608394 (97.996%)
entry 5498000/5608394 (98.0316%)
entry 5499000/5608394 (98.0495%)
entry 5500000/5608394 (98.0673%)
entry 5501000/5608394 (98.0851%)
entry 5505000/5608394 (98.1564%)
entry 5506000/5608394 (98.1743%)
entry 5509000/5608394 (98.2278%)
entry 5510000/5608394 (98.2456%)
entry 5511000/5608394 (98.2634%)
entry 5516000/5608394 (98.3526%)
entry 5518000/5608394 (98.3882%)
entry 5522000/5608394 (98.4596%)
entry 5525000/5608394 (98.513%)
entry 5528000/5608394 (98.5665%)
entry 5529000/5608394 (98.5844%)
entry 5543000/5608394 (98.834%)
entry 5545000/5608394 (98.8697%)
entry 5546000/5608394 (98.8875%)
entry 5547000/5608394 (98.9053%)
entry 5554000/5608394 (99.0301%)
entry 5558000/5608394 (99.1015%)
entry 5559000/5608394 (99.1193%)
entry 5562000/5608394 (99.1728%)
entry 5567000/5608394 (99.2619%)
entry 5569000/5608394 (99.2976%)
entry 5570000/5608394 (99.3154%)
entry 5571000/5608394 (99.3333%)
entry 5572000/5608394 (99.3511%)
entry 5573000/5608394 (99.3689%)
entry 5575000/5608394 (99.4046%)
entry 5576000/5608394 (99.4224%)
entry 5581000/5608394 (99.5116%)
entry 5582000/5608394 (99.5294%)
entry 5585000/5608394 (99.5829%)
entry 5595000/5608394 (99.7612%)
entry 5596000/5608394 (99.779%)
entry 5599000/5608394 (99.8325%)
entry 5601000/5608394 (99.8682%)
entry 5602000/5608394 (99.886%)
entry 5605000/5608394 (99.9395%)
entry 5607000/5608394 (99.9751%)
all done
script done
