sphnx1098.sdcc.bnl.gov
rsyncing from /gpfs/mnt/gpfs02/sphenix/user/samfred/run25/ppg11/histmaking
running: /gpfs/mnt/gpfs02/sphenix/user/samfred/run25/ppg11/histmaking/script_data.sh 48524
LD_LIBRARY_PATH now /sphenix/user/samfred/run25/install//lib:/cvmfs/sphenix.sdcc.bnl.gov/alma9.2-gcc-14.2.0/opt/sphenix/core/gcc/14.2.0-2f0a0/x86_64-el9/lib:/cvmfs/sphenix.sdcc.bnl.gov/alma9.2-gcc-14.2.0/opt/sphenix/core/gcc/14.2.0-2f0a0/x86_64-el9/lib64:/cvmfs/sphenix.sdcc.bnl.gov/alma9.2-gcc-14.2.0/opt/sphenix/core/binutils/2.40-acaab/x86_64-el9/lib:.:/cvmfs/sphenix.sdcc.bnl.gov/alma9.2-gcc-14.2.0/release/release_new/new.10/lib64:/cvmfs/sphenix.sdcc.bnl.gov/alma9.2-gcc-14.2.0/release/release_new/new.10/lib:/cvmfs/sphenix.sdcc.bnl.gov/alma9.2-gcc-14.2.0/opt/sphenix/utils/lib:/cvmfs/sphenix.sdcc.bnl.gov/alma9.2-gcc-14.2.0/opt/sphenix/core/lib:/cvmfs/sphenix.sdcc.bnl.gov/alma9.2-gcc-14.2.0/opt/sphenix/core/root-6.32.06/lib:/cvmfs/sphenix.sdcc.bnl.gov/alma9.2-gcc-14.2.0/opt/sphenix/core/geant4.10.07.p04/lib64:/cvmfs/sphenix.sdcc.bnl.gov/alma9.2-gcc-14.2.0/opt/sphenix/core/lhapdf-5.9.1/lib:/usr/local/lib64:/usr/lib64
PATH now /sphenix/user/samfred/run25/install//bin:/cvmfs/sphenix.sdcc.bnl.gov/alma9.2-gcc-14.2.0/opt/sphenix/core/gcc/14.2.0-2f0a0/x86_64-el9/bin:/cvmfs/sphenix.sdcc.bnl.gov/alma9.2-gcc-14.2.0/opt/sphenix/core/binutils/2.40-acaab/x86_64-el9/bin:.:/cvmfs/sphenix.sdcc.bnl.gov/alma9.2-gcc-14.2.0/release/release_new/new.10/bin:/cvmfs/sphenix.sdcc.bnl.gov/alma9.2-gcc-14.2.0/opt/sphenix/utils/bin:/cvmfs/sphenix.sdcc.bnl.gov/alma9.2-gcc-14.2.0/opt/sphenix/core/bin:/cvmfs/sphenix.sdcc.bnl.gov/alma9.2-gcc-14.2.0/opt/sphenix/core/root-6.32.06/bin:/cvmfs/sphenix.sdcc.bnl.gov/alma9.2-gcc-14.2.0/opt/sphenix/core/geant4.10.07.p04/bin:/usr/local/bin:/usr/bin:/usr/local/sbin:/usr/sbin
SINGULARITY_CACHEDIR=/home/condor/local/sphnx/execute/dir_522006
_CONDOR_CHIRP_CONFIG=/home/condor/local/sphnx/execute/dir_522006/.chirp.config
_CONDOR_JOB_IWD=/sphenix/user/samfred/run25/ppg11/histmaking
_CONDOR_ANCESTOR_28101=28144:1756527017:2066962374
G4ENSDFSTATEDATA=/cvmfs/sphenix.sdcc.bnl.gov/alma9.2-gcc-14.2.0/opt/sphenix/core/geant4.10.07.p04/share/Geant4-10.7.4/data/G4ENSDFSTATE2.3
_CONDOR_MACHINE_AD=/home/condor/local/sphnx/execute/dir_522006/.machine.ad
ROOT_MAX_THREADS=1
NUMEXPR_NUM_THREADS=1
CUBACORES=1
_CHIRP_DELAYED_UPDATE_PREFIX=Chirp*
OMP_THREAD_LIMIT=1
G4PIIDATA=/cvmfs/sphenix.sdcc.bnl.gov/alma9.2-gcc-14.2.0/opt/sphenix/core/geant4.10.07.p04/share/Geant4-10.7.4/data/G4PII1.3
_CONDOR_ANCESTOR_522006=523244:1759352689:3212520344
NO_AT_BRIDGE=1
G4_MAIN=/cvmfs/sphenix.sdcc.bnl.gov/alma9.2-gcc-14.2.0/opt/sphenix/core/geant4.10.07.p04
COMPILER_PATH=/cvmfs/sphenix.sdcc.bnl.gov/alma9.2-gcc-14.2.0/opt/sphenix/core/gcc/14.2.0-2f0a0/x86_64-el9
ROOT_INCLUDE_PATH=./:/sphenix/user/samfred/run25/install//include:/sphenix/user/samfred/run25/install//include/caloana:/sphenix/user/samfred/run25/install//include/qa_centrality:/sphenix/user/samfred/run25/install//include/mbdana:/sphenix/user/samfred/run25/install//include/centrality:/sphenix/user/samfred/run25/install//include/Event:/cvmfs/sphenix.sdcc.bnl.gov/alma9.2-gcc-14.2.0/release/release_new/new.10/include:/cvmfs/sphenix.sdcc.bnl.gov/alma9.2-gcc-14.2.0/release/release_new/new.10/include:/cvmfs/sphenix.sdcc.bnl.gov/alma9.2-gcc-14.2.0/release/release_new/new.10/include/g4mbd:/cvmfs/sphenix.sdcc.bnl.gov/alma9.2-gcc-14.2.0/release/release_new/new.10/include/fmt:/cvmfs/sphenix.sdcc.bnl.gov/alma9.2-gcc-14.2.0/release/release_new/new.10/include/ffarawobjects:/cvmfs/sphenix.sdcc.bnl.gov/alma9.2-gcc-14.2.0/release/release_new/new.10/include/JSON:/cvmfs/sphenix.sdcc.bnl.gov/alma9.2-gcc-14.2.0/release/release_new/new.10/include/calotreegen:/cvmfs/sphenix.sdcc.bnl.gov/alma9.2-gcc-14.2.0/release/release_new/new.10/include/torch:/cvmfs/sphenix.sdcc.bnl.gov/alma9.2-gcc-14.2.0/release/release_new/new.10/include/g4detectors:/cvmfs/sphenix.sdcc.bnl.gov/alma9.2-gcc-14.2.0/release/release_new/new.10/include/kineto:/cvmfs/sphenix.sdcc.bnl.gov/alma9.2-gcc-14.2.0/release/release_new/new.10/include/g4decayer:/cvmfs/sphenix.sdcc.bnl.gov/alma9.2-gcc-14.2.0/release/release_new/new.10/include/kfparticleqa:/cvmfs/sphenix.sdcc.bnl.gov/alma9.2-gcc-14.2.0/release/release_new/new.10/include/phfield:/cvmfs/sphenix.sdcc.bnl.gov/alma9.2-gcc-14.2.0/release/release_new/new.10/include/LHAPDF:/cvmfs/sphenix.sdcc.bnl.gov/alma9.2-gcc-14.2.0/release/release_new/new.10/include/readdigitalcurrents:/cvmfs/sphenix.sdcc.bnl.gov/alma9.2-gcc-14.2.0/release/release_new/new.10/include/c10:/cvmfs/sphenix.sdcc.bnl.gov/alma9.2-gcc-14.2.0/release/release_new/new.10/include/calovalid:/cvmfs/sphenix.sdcc.bnl.gov/alma9.2-gcc-14.2.0/release/release_new/new.10/include/oneapi:/cvmfs/sphenix.sdcc.bnl.gov/alma9.2-gcc-14.2.0/release/release_new/new.10/include/DDCond:/cvmfs/sphenix.sdcc.bnl.gov/alma9.2-gcc-14.2.0/release/release_new/new.10/include/g4tracking:/cvmfs/sphenix.sdcc.bnl.gov/alma9.2-gcc-14.2.0/release/release_new/new.10/include/litecaloeval:/cvmfs/sphenix.sdcc.bnl.gov/alma9.2-gcc-14.2.0/release/release_new/new.10/include/g4intt:/cvmfs/sphenix.sdcc.bnl.gov/alma9.2-gcc-14.2.0/release/release_new/new.10/include/phool:/cvmfs/sphenix.sdcc.bnl.gov/alma9.2-gcc-14.2.0/release/release_new/new.10/include/boost:/cvmfs/sphenix.sdcc.bnl.gov/alma9.2-gcc-14.2.0/release/release_new/new.10/include/Pythia8Plugins:/cvmfs/sphenix.sdcc.bnl.gov/alma9.2-gcc-14.2.0/release/release_new/new.10/include/calib_emc_pi0:/cvmfs/sphenix.sdcc.bnl.gov/alma9.2-gcc-14.2.0/release/release_new/new.10/include/hijingflipafterburner:/cvmfs/sphenix.sdcc.bnl.gov/alma9.2-gcc-14.2.0/release/release_new/new.10/include/ffaobjects:/cvmfs/sphenix.sdcc.bnl.gov/alma9.2-gcc-14.2.0/release/release_new/new.10/include/EvtGenBase:/cvmfs/sphenix.sdcc.bnl.gov/alma9.2-gcc-14.2.0/release/release_new/new.10/include/flowafterburner:/cvmfs/sphenix.sdcc.bnl.gov/alma9.2-gcc-14.2.0/release/release_new/new.10/include/google:/cvmfs/sphenix.sdcc.bnl.gov/alma9.2-gcc-14.2.0/release/release_new/new.10/include/g4tpc:/cvmfs/sphenix.sdcc.bnl.gov/alma9.2-gcc-14.2.0/release/release_new/new.10/include/caffe2:/cvmfs/sphenix.sdcc.bnl.gov/alma9.2-gcc-14.2.0/release/release_new/new.10/include/EvtGenExternal:/cvmfs/sphenix.sdcc.bnl.gov/alma9.2-gcc-14.2.0/release/release_new/new.10/include/fp16:/cvmfs/sphenix.sdcc.bnl.gov/alma9.2-gcc-14.2.0/release/release_new/new.10/include/ffamodules:/cvmfs/sphenix.sdcc.bnl.gov/alma9.2-gcc-14.2.0/release/release_new/new.10/include/uspin:/cvmfs/sphenix.sdcc.bnl.gov/alma9.2-gcc-14.2.0/release/release_new/new.10/include/Herwig:/cvmfs/sphenix.sdcc.bnl.gov/alma9.2-gcc-14.2.0/release/release_new/new.10/include/genfitexp:/cvmfs/sphenix.sdcc.bnl.gov/alma9.2-gcc-14.2.0/release/release_new/new.10/include/XML:/cvmfs/sphenix.sdcc.bnl.gov/alma9.2-gcc-14.2.0/release/release_new/new.10/include/fbgemm:/cvmfs/sphenix.sdcc.bnl.gov/alma9.2-gcc-14.2.0/release/release_new/new.10/include/DDAlign:/cvmfs/sphenix.sdcc.bnl.gov/alma9.2-gcc-14.2.0/release/release_new/new.10/include/g4mvtx:/cvmfs/sphenix.sdcc.bnl.gov/alma9.2-gcc-14.2.0/release/release_new/new.10/include/kfparticle_sphenix:/cvmfs/sphenix.sdcc.bnl.gov/alma9.2-gcc-14.2.0/release/release_new/new.10/include/fun4all:/cvmfs/sphenix.sdcc.bnl.gov/alma9.2-gcc-14.2.0/release/release_new/new.10/include/intt:/cvmfs/sphenix.sdcc.bnl.gov/alma9.2-gcc-14.2.0/release/release_new/new.10/include/eventdisplay:/cvmfs/sphenix.sdcc.bnl.gov/alma9.2-gcc-14.2.0/release/release_new/new.10/include/EvtGen:/cvmfs/sphenix.sdcc.bnl.gov/alma9.2-gcc-14.2.0/release/release_new/new.10/include/Evaluator:/cvmfs/sphenix.sdcc.bnl.gov/alma9.2-gcc-14.2.0/release/release_new/new.10/include/tpc:/cvmfs/sphenix.sdcc.bnl.gov/alma9.2-gcc-14.2.0/release/release_new/new.10/include/GenFit:/cvmfs/sphenix.sdcc.bnl.gov/alma9.2-gcc-14.2.0/release/release_new/new.10/include/prototype4:/cvmfs/sphenix.sdcc.bnl.gov/alma9.2-gcc-14.2.0/release/release_new/new.10/include/caloembedding:/cvmfs/sphenix.sdcc.bnl.gov/alma9.2-gcc-14.2.0/release/release_new/new.10/include/EvtGenModels:/cvmfs/sphenix.sdcc.bnl.gov/alma9.2-gcc-14.2.0/release/release_new/new.10/include/fastjet:/cvmfs/sphenix.sdcc.bnl.gov/alma9.2-gcc-14.2.0/release/release_new/new.10/include/DDG4:/cvmfs/sphenix.sdcc.bnl.gov/alma9.2-gcc-14.2.0/release/release_new/new.10/include/mbd:/cvmfs/sphenix.sdcc.bnl.gov/alma9.2-gcc-14.2.0/release/release_new/new.10/include/tbb:/cvmfs/sphenix.sdcc.bnl.gov/alma9.2-gcc-14.2.0/release/release_new/new.10/include/phgeom:/cvmfs/sphenix.sdcc.bnl.gov/alma9.2-gcc-14.2.0/release/release_new/new.10/include/g4epd:/cvmfs/sphenix.sdcc.bnl.gov/alma9.2-gcc-14.2.0/release/release_new/new.10/include/oncal:/cvmfs/sphenix.sdcc.bnl.gov/alma9.2-gcc-14.2.0/release/release_new/new.10/include/pybind11:/cvmfs/sphenix.sdcc.bnl.gov/alma9.2-gcc-14.2.0/release/release_new/new.10/include/tpcdistgenerator:/cvmfs/sphenix.sdcc.bnl.gov/alma9.2-gcc-14.2.0/release/release_new/new.10/include/cdbobjects:/cvmfs/sphenix.sdcc.bnl.gov/alma9.2-gcc-14.2.0/release/release_new/new.10/include/g4micromegas:/cvmfs/sphenix.sdcc.bnl.gov/alma9.2-gcc-14.2.0/release/release_new/new.10/include/g4eval:/cvmfs/sphenix.sdcc.bnl.gov/alma9.2-gcc-14.2.0/release/release_new/new.10/include/jetbackground:/cvmfs/sphenix.sdcc.bnl.gov/alma9.2-gcc-14.2.0/release/release_new/new.10/include/micromegas:/cvmfs/sphenix.sdcc.bnl.gov/alma9.2-gcc-14.2.0/release/release_new/new.10/include/hftrackefficiency:/cvmfs/sphenix.sdcc.bnl.gov/alma9.2-gcc-14.2.0/release/release_new/new.10/include/inttrawhitqa:/cvmfs/sphenix.sdcc.bnl.gov/alma9.2-gcc-14.2.0/release/release_new/new.10/include/centrality:/cvmfs/sphenix.sdcc.bnl.gov/alma9.2-gcc-14.2.0/release/release_new/new.10/include/epd:/cvmfs/sphenix.sdcc.bnl.gov/alma9.2-gcc-14.2.0/release/release_new/new.10/include/caloreco:/cvmfs/sphenix.sdcc.bnl.gov/alma9.2-gcc-14.2.0/release/release_new/new.10/include/HepMC:/cvmfs/sphenix.sdcc.bnl.gov/alma9.2-gcc-14.2.0/release/release_new/new.10/include/CLHEP:/cvmfs/sphenix.sdcc.bnl.gov/alma9.2-gcc-14.2.0/release/release_new/new.10/include/Acts:/cvmfs/sphenix.sdcc.bnl.gov/alma9.2-gcc-14.2.0/release/release_new/new.10/include/g4histos:/cvmfs/sphenix.sdcc.bnl.gov/alma9.2-gcc-14.2.0/release/release_new/new.10/include/eventplaneinfo:/cvmfs/sphenix.sdcc.bnl.gov/alma9.2-gcc-14.2.0/release/release_new/new.10/include/fillspacechargemaps:/cvmfs/sphenix.sdcc.bnl.gov/alma9.2-gcc-14.2.0/release/release_new/new.10/include/phhepmc:/cvmfs/sphenix.sdcc.bnl.gov/alma9.2-gcc-14.2.0/release/release_new/new.10/include/trackingqa:/cvmfs/sphenix.sdcc.bnl.gov/alma9.2-gcc-14.2.0/release/release_new/new.10/include/qautils:/cvmfs/sphenix.sdcc.bnl.gov/alma9.2-gcc-14.2.0/release/release_new/new.10/include/trackreco:/cvmfs/sphenix.sdcc.bnl.gov/alma9.2-gcc-14.2.0/release/release_new/new.10/include/g4ohcal:/cvmfs/sphenix.sdcc.bnl.gov/alma9.2-gcc-14.2.0/release/release_new/new.10/include/tpcdvcalib:/cvmfs/sphenix.sdcc.bnl.gov/alma9.2-gcc-14.2.0/release/release_new/new.10/include/zdcinfo:/cvmfs/sphenix.sdcc.bnl.gov/alma9.2-gcc-14.2.0/release/release_new/new.10/include/phpythia8:/cvmfs/sphenix.sdcc.bnl.gov/alma9.2-gcc-14.2.0/release/release_new/new.10/include/fun4allutils:/cvmfs/sphenix.sdcc.bnl.gov/alma9.2-gcc-14.2.0/release/release_new/new.10/include/tpcqa:/cvmfs/sphenix.sdcc.bnl.gov/alma9.2-gcc-14.2.0/release/release_new/new.10/include/Pythia8:/cvmfs/sphenix.sdcc.bnl.gov/alma9.2-gcc-14.2.0/release/release_new/new.10/include/DDRec:/cvmfs/sphenix.sdcc.bnl.gov/alma9.2-gcc-14.2.0/release/release_new/new.10/include/DDDigi:/cvmfs/sphenix.sdcc.bnl.gov/alma9.2-gcc-14.2.0/release/release_new/new.10/include/g4ihcal:/cvmfs/sphenix.sdcc.bnl.gov/alma9.2-gcc-14.2.0/release/release_new/new.10/include/frog:/cvmfs/sphenix.sdcc.bnl.gov/alma9.2-gcc-14.2.0/release/release_new/new.10/include/eigen3:/cvmfs/sphenix.sdcc.bnl.gov/alma9.2-gcc-14.2.0/release/release_new/new.10/include/tensorpipe:/cvmfs/sphenix.sdcc.bnl.gov/alma9.2-gcc-14.2.0/release/release_new/new.10/include/sphenixnpc:/cvmfs/sphenix.sdcc.bnl.gov/alma9.2-gcc-14.2.0/release/release_new/new.10/include/siscone:/cvmfs/sphenix.sdcc.bnl.gov/alma9.2-gcc-14.2.0/release/release_new/new.10/include/pmonitor:/cvmfs/sphenix.sdcc.bnl.gov/alma9.2-gcc-14.2.0/release/release_new/new.10/include/calobase:/cvmfs/sphenix.sdcc.bnl.gov/alma9.2-gcc-14.2.0/release/release_new/new.10/include/ActsExamples:/cvmfs/sphenix.sdcc.bnl.gov/alma9.2-gcc-14.2.0/release/release_new/new.10/include/g4gdml:/cvmfs/sphenix.sdcc.bnl.gov/alma9.2-gcc-14.2.0/release/release_new/new.10/include/mvtx_decoder:/cvmfs/sphenix.sdcc.bnl.gov/alma9.2-gcc-14.2.0/release/release_new/new.10/include/ROOT:/cvmfs/sphenix.sdcc.bnl.gov/alma9.2-gcc-14.2.0/release/release_new/new.10/include/phparameter:/cvmfs/sphenix.sdcc.bnl.gov/alma9.2-gcc-14.2.0/release/release_new/new.10/include/rsa:/cvmfs/sphenix.sdcc.bnl.gov/alma9.2-gcc-14.2.0/release/release_new/new.10/include/fun4allraw:/cvmfs/sphenix.sdcc.bnl.gov/alma9.2-gcc-14.2.0/release/release_new/new.10/include/trackbase_historic:/cvmfs/sphenix.sdcc.bnl.gov/alma9.2-gcc-14.2.0/release/release_new/new.10/include/g4jets:/cvmfs/sphenix.sdcc.bnl.gov/alma9.2-gcc-14.2.0/release/release_new/new.10/include/jetqa:/cvmfs/sphenix.sdcc.bnl.gov/alma9.2-gcc-14.2.0/release/release_new/new.10/include/phoolraw:/cvmfs/sphenix.sdcc.bnl.gov/alma9.2-gcc-14.2.0/release/release_new/new.10/include/g4calo:/cvmfs/sphenix.sdcc.bnl.gov/alma9.2-gcc-14.2.0/release/release_new/new.10/include/mvtxrawhitqa:/cvmfs/sphenix.sdcc.bnl.gov/alma9.2-gcc-14.2.0/release/release_new/new.10/include/HepMC3:/cvmfs/sphenix.sdcc.bnl.gov/alma9.2-gcc-14.2.0/release/release_new/new.10/include/calowaveformsim:/cvmfs/sphenix.sdcc.bnl.gov/alma9.2-gcc-14.2.0/release/release_new/new.10/include/g4caloprototype:/cvmfs/sphenix.sdcc.bnl.gov/alma9.2-gcc-14.2.0/release/release_new/new.10/include/pdbcalbase:/cvmfs/sphenix.sdcc.bnl.gov/alma9.2-gcc-14.2.0/release/release_new/new.10/include/gsl:/cvmfs/sphenix.sdcc.bnl.gov/alma9.2-gcc-14.2.0/release/release_new/new.10/include/nodedump:/cvmfs/sphenix.sdcc.bnl.gov/alma9.2-gcc-14.2.0/release/release_new/new.10/include/emcnoisytowerfinder:/cvmfs/sphenix.sdcc.bnl.gov/alma9.2-gcc-14.2.0/release/release_new/new.10/include/ActsFatras:/cvmfs/sphenix.sdcc.bnl.gov/alma9.2-gcc-14.2.0/release/release_new/new.10/include/ffarawmodules:/cvmfs/sphenix.sdcc.bnl.gov/alma9.2-gcc-14.2.0/release/release_new/new.10/include/Event:/cvmfs/sphenix.sdcc.bnl.gov/alma9.2-gcc-14.2.0/release/release_new/new.10/include/prototype3:/cvmfs/sphenix.sdcc.bnl.gov/alma9.2-gcc-14.2.0/release/release_new/new.10/include/fermimotionafterburner:/cvmfs/sphenix.sdcc.bnl.gov/alma9.2-gcc-14.2.0/release/release_new/new.10/include/Photos:/cvmfs/sphenix.sdcc.bnl.gov/alma9.2-gcc-14.2.0/release/release_new/new.10/include/xingshiftcal:/cvmfs/sphenix.sdcc.bnl.gov/alma9.2-gcc-14.2.0/release/release_new/new.10/include/trackbase:/cvmfs/sphenix.sdcc.bnl.gov/alma9.2-gcc-14.2.0/release/release_new/new.10/include/jetdstskimmer:/cvmfs/sphenix.sdcc.bnl.gov/alma9.2-gcc-14.2.0/release/release_new/new.10/include/clusteriso:/cvmfs/sphenix.sdcc.bnl.gov/alma9.2-gcc-14.2.0/release/release_new/new.10/include/asmjit:/cvmfs/sphenix.sdcc.bnl.gov/alma9.2-gcc-14.2.0/release/release_new/new.10/include/particleflowreco:/cvmfs/sphenix.sdcc.bnl.gov/alma9.2-gcc-14.2.0/release/release_new/new.10/include/tpchittrackdisplay:/cvmfs/sphenix.sdcc.bnl.gov/alma9.2-gcc-14.2.0/release/release_new/new.10/include/caloana:/cvmfs/sphenix.sdcc.bnl.gov/alma9.2-gcc-14.2.0/release/release_new/new.10/include/calotrigger:/cvmfs/sphenix.sdcc.bnl.gov/alma9.2-gcc-14.2.0/release/release_new/new.10/include/nopayloadclient:/cvmfs/sphenix.sdcc.bnl.gov/alma9.2-gcc-14.2.0/release/release_new/new.10/include/trackermillepedealignment:/cvmfs/sphenix.sdcc.bnl.gov/alma9.2-gcc-14.2.0/release/release_new/new.10/include/DD4hep:/cvmfs/sphenix.sdcc.bnl.gov/alma9.2-gcc-14.2.0/release/release_new/new.10/include/g4trackfastsim:/cvmfs/sphenix.sdcc.bnl.gov/alma9.2-gcc-14.2.0/release/release_new/new.10/include/prototype2:/cvmfs/sphenix.sdcc.bnl.gov/alma9.2-gcc-14.2.0/release/release_new/new.10/include/ATen:/cvmfs/sphenix.sdcc.bnl.gov/alma9.2-gcc-14.2.0/release/release_new/new.10/include/g4main:/cvmfs/sphenix.sdcc.bnl.gov/alma9.2-gcc-14.2.0/release/release_new/new.10/include/Tauola:/cvmfs/sphenix.sdcc.bnl.gov/alma9.2-gcc-14.2.0/release/release_new/new.10/include/inttcalib:/cvmfs/sphenix.sdcc.bnl.gov/alma9.2-gcc-14.2.0/release/release_new/new.10/include/reactionplaneafterburner:/cvmfs/sphenix.sdcc.bnl.gov/alma9.2-gcc-14.2.0/release/release_new/new.10/include/globalqa:/cvmfs/sphenix.sdcc.bnl.gov/alma9.2-gcc-14.2.0/release/release_new/new.10/include/tpccalib:/cvmfs/sphenix.sdcc.bnl.gov/alma9.2-gcc-14.2.0/release/release_new/new.10/include/DDSegmentation:/cvmfs/sphenix.sdcc.bnl.gov/alma9.2-gcc-14.2.0/release/release_new/new.10/include/decayfinder:/cvmfs/sphenix.sdcc.bnl.gov/alma9.2-gcc-14.2.0/release/release_new/new.10/include/compressclus:/cvmfs/sphenix.sdcc.bnl.gov/alma9.2-gcc-14.2.0/release/release_new/new.10/include/simqa_modules:/cvmfs/sphenix.sdcc.bnl.gov/alma9.2-gcc-14.2.0/release/release_new/new.10/include/resonancejettagging:/cvmfs/sphenix.sdcc.bnl.gov/alma9.2-gcc-14.2.0/release/release_new/new.10/include/g4centrality:/cvmfs/sphenix.sdcc.bnl.gov/alma9.2-gcc-14.2.0/release/release_new/new.10/include/mvtx:/cvmfs/sphenix.sdcc.bnl.gov/alma9.2-gcc-14.2.0/release/release_new/new.10/include/nlohmann:/cvmfs/sphenix.sdcc.bnl.gov/alma9.2-gcc-14.2.0/release/release_new/new.10/include/localpoloffmon:/cvmfs/sphenix.sdcc.bnl.gov/alma9.2-gcc-14.2.0/release/release_new/new.10/include/DDEve:/cvmfs/sphenix.sdcc.bnl.gov/alma9.2-gcc-14.2.0/release/release_new/new.10/include/Parsers:/cvmfs/sphenix.sdcc.bnl.gov/alma9.2-gcc-14.2.0/release/release_new/new.10/include/trackingdiagnostics:/cvmfs/sphenix.sdcc.bnl.gov/alma9.2-gcc-14.2.0/release/release_new/new.10/include/g4vertex:/cvmfs/sphenix.sdcc.bnl.gov/alma9.2-gcc-14.2.0/release/release_new/new.10/include/jetbase:/cvmfs/sphenix.sdcc.bnl.gov/alma9.2-gcc-14.2.0/release/release_new/new.10/include/globalvertex:/cvmfs/sphenix.sdcc.bnl.gov/alma9.2-gcc-14.2.0/release/release_new/new.10/include/phgenfit:/cvmfs/sphenix.sdcc.bnl.gov/alma9.2-gcc-14.2.0/release/release_new/new.10/include/rawbcolumi:/cvmfs/sphenix.sdcc.bnl.gov/alma9.2-gcc-14.2.0/release/release_new/new.10/include/eicsmear:/cvmfs/sphenix.sdcc.bnl.gov/alma9.2-gcc-14.2.0/release/release_new/new.10/include/mvtxcalib:/cvmfs/sphenix.sdcc.bnl.gov/alma9.2-gcc-14.2.0/release/release_new/new.10/include/tpclinelaserdiode:/cvmfs/sphenix.sdcc.bnl.gov/alma9.2-gcc-14.2.0/release/release_new/new.10/include/hepmcjettrigger:/cvmfs/sphenix.sdcc.bnl.gov/alma9.2-gcc-14.2.0/release/release_new/new.10/include/core:/cvmfs/sphenix.sdcc.bnl.gov/alma9.2-gcc-14.2.0/release/release_new/new.10/include/calo_cdb:/cvmfs/sphenix.sdcc.bnl.gov/alma9.2-gcc-14.2.0/release/release_new/new.10/include/mvtxclustershapesqa:/cvmfs/sphenix.sdcc.bnl.gov/alma9.2-gcc-14.2.0/release/release_new/new.10/include/calopacketskimmer:/cvmfs/sphenix.sdcc.bnl.gov/alma9.2-gcc-14.2.0/opt/sphenix/core/geant4.10.07.p04/include:/cvmfs/sphenix.sdcc.bnl.gov/alma9.2-gcc-14.2.0/release/release_new/new.10/rootmacros:/cvmfs/sphenix.sdcc.bnl.gov/alma9.2-gcc-14.2.0/opt/sphenix/core/include
GSEARCHPATH=.:PG:LUSTRE:RAWDATA
PWD=/gpfs/mnt/gpfs02/sphenix/user/samfred/run25/ppg11/histmaking
LOGNAME=samfred
_CONDOR_JOB_AD=/home/condor/local/sphnx/execute/dir_522006/.job.ad
MANPATH=/cvmfs/sphenix.sdcc.bnl.gov/alma9.2-gcc-14.2.0/opt/sphenix/core/gcc/14.2.0-2f0a0/x86_64-el9/share/man:/cvmfs/sphenix.sdcc.bnl.gov/alma9.2-gcc-14.2.0/opt/sphenix/core/binutils/2.40-acaab/x86_64-el9/share/man:/cvmfs/sphenix.sdcc.bnl.gov/alma9.2-gcc-14.2.0/release/release_new/new.10/share/man:/cvmfs/sphenix.sdcc.bnl.gov/alma9.2-gcc-14.2.0/opt/sphenix/utils/share/man:/cvmfs/sphenix.sdcc.bnl.gov/alma9.2-gcc-14.2.0/opt/sphenix/core/share/man:/cvmfs/sphenix.sdcc.bnl.gov/alma9.2-gcc-14.2.0/opt/sphenix/core/root-6.32.06/man:/usr/local/share/man:/usr/share/man
PYTHIA8=/cvmfs/sphenix.sdcc.bnl.gov/alma9.2-gcc-14.2.0/release/release_new/new.10/share/Pythia8
G4INCLDATA=/cvmfs/sphenix.sdcc.bnl.gov/alma9.2-gcc-14.2.0/opt/sphenix/core/geant4.10.07.p04/share/Geant4-10.7.4/data/G4INCL1.0
ORIG_PATH=/usr/local/bin:/usr/bin
CXX=/cvmfs/sphenix.sdcc.bnl.gov/alma9.2-gcc-14.2.0/opt/sphenix/core/gcc/14.2.0-2f0a0/x86_64-el9/bin/g++
G4LEDATA=/cvmfs/sphenix.sdcc.bnl.gov/alma9.2-gcc-14.2.0/opt/sphenix/core/geant4.10.07.p04/share/Geant4-10.7.4/data/G4EMLOW7.13
PYTHON_CPU_COUNT=1
OPENBLAS_NUM_THREADS=1
_CONDOR_BIN=/usr/bin
HOME=/sphenix/u/samfred
G4PARTICLEXSDATA=/cvmfs/sphenix.sdcc.bnl.gov/alma9.2-gcc-14.2.0/opt/sphenix/core/geant4.10.07.p04/share/Geant4-10.7.4/data/G4PARTICLEXS3.1.1
ONLINE_MAIN=/cvmfs/sphenix.sdcc.bnl.gov/alma9.2-gcc-14.2.0/release/release_new/new.10
CALIBRATIONROOT=/cvmfs/sphenix.sdcc.bnl.gov/alma9.2-gcc-14.2.0/release/release_new/new.10/share/calibrations
TMPDIR=/tmp
_CONDOR_SCRATCH_DIR=/home/condor/local/sphnx/execute/dir_522006
PGUSER=phnxrc
_CONDOR_ANCESTOR_28144=522006:1759352689:3816688599
NOPAYLOADCLIENT_CONF=/cvmfs/sphenix.sdcc.bnl.gov/alma9.2-gcc-14.2.0/opt/sphenix/core/etc/sPHENIX_newcdb.json
XERCESCROOT=/cvmfs/sphenix.sdcc.bnl.gov/alma9.2-gcc-14.2.0/opt/sphenix/core/geant4.10.07.p04
LHAPATH=/cvmfs/sphenix.sdcc.bnl.gov/alma9.2-gcc-14.2.0/opt/sphenix/core/lhapdf-5.9.1/share/lhapdf/PDFsets
G4NEUTRONHPDATA=/cvmfs/sphenix.sdcc.bnl.gov/alma9.2-gcc-14.2.0/opt/sphenix/core/geant4.10.07.p04/share/Geant4-10.7.4/data/G4NDL4.6
PYTHONPATH=.:/cvmfs/sphenix.sdcc.bnl.gov/alma9.2-gcc-14.2.0/release/release_new/new.10/lib/python3.13/site-packages:/cvmfs/sphenix.sdcc.bnl.gov/alma9.2-gcc-14.2.0/opt/sphenix/core/lib/python3.13/site-packages:/cvmfs/sphenix.sdcc.bnl.gov/alma9.2-gcc-14.2.0/opt/sphenix/core/root-6.32.06/lib
USER=samfred
_CONDOR_JOB_PIDS=
TEMP=/tmp
GOMAXPROCS=1
OFFLINE_MAIN=/cvmfs/sphenix.sdcc.bnl.gov/alma9.2-gcc-14.2.0/release/release_new/new.10
SHLVL=1
TF_NUM_THREADS=1
G4SAIDXSDATA=/cvmfs/sphenix.sdcc.bnl.gov/alma9.2-gcc-14.2.0/opt/sphenix/core/geant4.10.07.p04/share/Geant4-10.7.4/data/G4SAIDDATA2.0
APPTAINER_CACHEDIR=/home/condor/local/sphnx/execute/dir_522006
ROOTSYS=/cvmfs/sphenix.sdcc.bnl.gov/alma9.2-gcc-14.2.0/opt/sphenix/core/root-6.32.06
BATCH_SYSTEM=HTCondor
_CONDOR_SLOT=slot1_18
LD_LIBRARY_PATH=/sphenix/user/samfred/run25/install//lib:/cvmfs/sphenix.sdcc.bnl.gov/alma9.2-gcc-14.2.0/opt/sphenix/core/gcc/14.2.0-2f0a0/x86_64-el9/lib:/cvmfs/sphenix.sdcc.bnl.gov/alma9.2-gcc-14.2.0/opt/sphenix/core/gcc/14.2.0-2f0a0/x86_64-el9/lib64:/cvmfs/sphenix.sdcc.bnl.gov/alma9.2-gcc-14.2.0/opt/sphenix/core/binutils/2.40-acaab/x86_64-el9/lib:.:/cvmfs/sphenix.sdcc.bnl.gov/alma9.2-gcc-14.2.0/release/release_new/new.10/lib64:/cvmfs/sphenix.sdcc.bnl.gov/alma9.2-gcc-14.2.0/release/release_new/new.10/lib:/cvmfs/sphenix.sdcc.bnl.gov/alma9.2-gcc-14.2.0/opt/sphenix/utils/lib:/cvmfs/sphenix.sdcc.bnl.gov/alma9.2-gcc-14.2.0/opt/sphenix/core/lib:/cvmfs/sphenix.sdcc.bnl.gov/alma9.2-gcc-14.2.0/opt/sphenix/core/root-6.32.06/lib:/cvmfs/sphenix.sdcc.bnl.gov/alma9.2-gcc-14.2.0/opt/sphenix/core/geant4.10.07.p04/lib64:/cvmfs/sphenix.sdcc.bnl.gov/alma9.2-gcc-14.2.0/opt/sphenix/core/lhapdf-5.9.1/lib:/usr/local/lib64:/usr/lib64
OPT_SPHENIX=/cvmfs/sphenix.sdcc.bnl.gov/alma9.2-gcc-14.2.0/opt/sphenix/core
TF_LOOP_PARALLEL_ITERATIONS=1
EVT_LIB=/cvmfs/sphenix.sdcc.bnl.gov/alma9.2-gcc-14.2.0/opt/sphenix/core/root-6.32.06/lib
PGHOST=sphnxdbmaster.sdcc.bnl.gov
OMP_NUM_THREADS=1
G4REALSURFACEDATA=/cvmfs/sphenix.sdcc.bnl.gov/alma9.2-gcc-14.2.0/opt/sphenix/core/geant4.10.07.p04/share/Geant4-10.7.4/data/RealSurface2.2
FC=/cvmfs/sphenix.sdcc.bnl.gov/alma9.2-gcc-14.2.0/opt/sphenix/core/gcc/14.2.0-2f0a0/x86_64-el9/bin/gfortran
G4ABLADATA=/cvmfs/sphenix.sdcc.bnl.gov/alma9.2-gcc-14.2.0/opt/sphenix/core/geant4.10.07.p04/share/Geant4-10.7.4/data/G4ABLA3.1
PARASOFT=doesnotexist
TMP=/tmp
OPT_UTILS=/cvmfs/sphenix.sdcc.bnl.gov/alma9.2-gcc-14.2.0/opt/sphenix/utils
CONFIG_SITE=/cvmfs/sphenix.sdcc.bnl.gov/alma9.2-gcc-14.2.0/opt/sphenix/core/etc/config.site
PATH=/sphenix/user/samfred/run25/install//bin:/cvmfs/sphenix.sdcc.bnl.gov/alma9.2-gcc-14.2.0/opt/sphenix/core/gcc/14.2.0-2f0a0/x86_64-el9/bin:/cvmfs/sphenix.sdcc.bnl.gov/alma9.2-gcc-14.2.0/opt/sphenix/core/binutils/2.40-acaab/x86_64-el9/bin:.:/cvmfs/sphenix.sdcc.bnl.gov/alma9.2-gcc-14.2.0/release/release_new/new.10/bin:/cvmfs/sphenix.sdcc.bnl.gov/alma9.2-gcc-14.2.0/opt/sphenix/utils/bin:/cvmfs/sphenix.sdcc.bnl.gov/alma9.2-gcc-14.2.0/opt/sphenix/core/bin:/cvmfs/sphenix.sdcc.bnl.gov/alma9.2-gcc-14.2.0/opt/sphenix/core/root-6.32.06/bin:/cvmfs/sphenix.sdcc.bnl.gov/alma9.2-gcc-14.2.0/opt/sphenix/core/geant4.10.07.p04/bin:/usr/local/bin:/usr/bin:/usr/local/sbin:/usr/sbin
G4LEVELGAMMADATA=/cvmfs/sphenix.sdcc.bnl.gov/alma9.2-gcc-14.2.0/opt/sphenix/core/geant4.10.07.p04/share/Geant4-10.7.4/data/PhotonEvaporation5.7
CC=/cvmfs/sphenix.sdcc.bnl.gov/alma9.2-gcc-14.2.0/opt/sphenix/core/gcc/14.2.0-2f0a0/x86_64-el9/bin/gcc
G4RADIOACTIVEDATA=/cvmfs/sphenix.sdcc.bnl.gov/alma9.2-gcc-14.2.0/opt/sphenix/core/geant4.10.07.p04/share/Geant4-10.7.4/data/RadioactiveDecay5.6
JULIA_NUM_THREADS=1
MKL_NUM_THREADS=1
LHAPDF_DATA_PATH=/cvmfs/sphenix.sdcc.bnl.gov/alma9.2-gcc-14.2.0/release/release_new/new.10/share/LHAPDF
XPLOAD_CONFIG_DIR=/cvmfs/sphenix.sdcc.bnl.gov/alma9.2-gcc-14.2.0/opt/sphenix/core/etc
OLDPWD=/cvmfs/sphenix.sdcc.bnl.gov/alma9.2-gcc-14.2.0/release/release_new/new.10/geant4
_=/usr/bin/printenv
runnumber...
48524
trigger...

   ------------------------------------------------------------------
  | Welcome to ROOT 6.32.06                        https://root.cern |
  | (c) 1995-2024, The ROOT Team; conception: R. Brun, F. Rademakers |
  | Built for linuxx8664gcc on Dec 13 2024, 17:23:48                 |
  | From tags/6-32-06@6-32-06                                        |
  | With g++ (GCC) 14.2.0                                            |
  | Try '.help'/'.?', '.demo', '.license', '.credits', '.quit'/'.q'  |
   ------------------------------------------------------------------


Processing data_histmaker.C(48524)...
entry 1000/1649010 (0.0606424%)
entry 10000/1649010 (0.606424%)
entry 12000/1649010 (0.727709%)
entry 14000/1649010 (0.848994%)
entry 21000/1649010 (1.27349%)
entry 23000/1649010 (1.39478%)
entry 25000/1649010 (1.51606%)
entry 26000/1649010 (1.5767%)
entry 29000/1649010 (1.75863%)
entry 40000/1649010 (2.4257%)
entry 45000/1649010 (2.72891%)
entry 46000/1649010 (2.78955%)
entry 52000/1649010 (3.15341%)
entry 57000/1649010 (3.45662%)
entry 62000/1649010 (3.75983%)
entry 65000/1649010 (3.94176%)
entry 70000/1649010 (4.24497%)
entry 71000/1649010 (4.30561%)
entry 72000/1649010 (4.36626%)
entry 76000/1649010 (4.60883%)
entry 77000/1649010 (4.66947%)
entry 79000/1649010 (4.79075%)
entry 80000/1649010 (4.8514%)
entry 81000/1649010 (4.91204%)
entry 82000/1649010 (4.97268%)
entry 83000/1649010 (5.03332%)
entry 84000/1649010 (5.09397%)
entry 86000/1649010 (5.21525%)
entry 87000/1649010 (5.27589%)
entry 94000/1649010 (5.70039%)
entry 95000/1649010 (5.76103%)
entry 96000/1649010 (5.82167%)
entry 97000/1649010 (5.88232%)
entry 100000/1649010 (6.06424%)
entry 101000/1649010 (6.12489%)
entry 103000/1649010 (6.24617%)
entry 106000/1649010 (6.4281%)
entry 113000/1649010 (6.8526%)
entry 116000/1649010 (7.03452%)
entry 120000/1649010 (7.27709%)
entry 121000/1649010 (7.33774%)
entry 129000/1649010 (7.82288%)
entry 131000/1649010 (7.94416%)
entry 137000/1649010 (8.30802%)
entry 139000/1649010 (8.4293%)
entry 141000/1649010 (8.55059%)
entry 143000/1649010 (8.67187%)
entry 158000/1649010 (9.58151%)
entry 159000/1649010 (9.64215%)
entry 161000/1649010 (9.76343%)
entry 162000/1649010 (9.82408%)
entry 166000/1649010 (10.0666%)
entry 169000/1649010 (10.2486%)
entry 170000/1649010 (10.3092%)
entry 176000/1649010 (10.6731%)
entry 177000/1649010 (10.7337%)
entry 179000/1649010 (10.855%)
entry 180000/1649010 (10.9156%)
entry 184000/1649010 (11.1582%)
entry 185000/1649010 (11.2189%)
entry 187000/1649010 (11.3401%)
entry 188000/1649010 (11.4008%)
entry 192000/1649010 (11.6433%)
entry 193000/1649010 (11.704%)
entry 194000/1649010 (11.7646%)
entry 199000/1649010 (12.0678%)
entry 200000/1649010 (12.1285%)
entry 204000/1649010 (12.3711%)
entry 209000/1649010 (12.6743%)
entry 214000/1649010 (12.9775%)
entry 218000/1649010 (13.2201%)
entry 222000/1649010 (13.4626%)
entry 231000/1649010 (14.0084%)
entry 236000/1649010 (14.3116%)
entry 238000/1649010 (14.4329%)
entry 244000/1649010 (14.7968%)
entry 254000/1649010 (15.4032%)
entry 255000/1649010 (15.4638%)
entry 259000/1649010 (15.7064%)
entry 261000/1649010 (15.8277%)
entry 268000/1649010 (16.2522%)
entry 270000/1649010 (16.3735%)
entry 271000/1649010 (16.4341%)
entry 276000/1649010 (16.7373%)
entry 278000/1649010 (16.8586%)
entry 279000/1649010 (16.9192%)
entry 280000/1649010 (16.9799%)
entry 283000/1649010 (17.1618%)
entry 289000/1649010 (17.5257%)
entry 291000/1649010 (17.647%)
entry 293000/1649010 (17.7682%)
entry 297000/1649010 (18.0108%)
entry 299000/1649010 (18.1321%)
entry 301000/1649010 (18.2534%)
entry 304000/1649010 (18.4353%)
entry 305000/1649010 (18.4959%)
entry 308000/1649010 (18.6779%)
entry 309000/1649010 (18.7385%)
entry 311000/1649010 (18.8598%)
entry 314000/1649010 (19.0417%)
entry 315000/1649010 (19.1024%)
entry 317000/1649010 (19.2237%)
entry 319000/1649010 (19.3449%)
entry 321000/1649010 (19.4662%)
entry 327000/1649010 (19.8301%)
entry 330000/1649010 (20.012%)
entry 333000/1649010 (20.1939%)
entry 334000/1649010 (20.2546%)
entry 344000/1649010 (20.861%)
entry 349000/1649010 (21.1642%)
entry 350000/1649010 (21.2249%)
entry 351000/1649010 (21.2855%)
entry 352000/1649010 (21.3461%)
entry 353000/1649010 (21.4068%)
entry 356000/1649010 (21.5887%)
entry 361000/1649010 (21.8919%)
entry 363000/1649010 (22.0132%)
entry 364000/1649010 (22.0739%)
entry 366000/1649010 (22.1951%)
entry 373000/1649010 (22.6196%)
entry 374000/1649010 (22.6803%)
entry 375000/1649010 (22.7409%)
entry 378000/1649010 (22.9228%)
entry 381000/1649010 (23.1048%)
entry 386000/1649010 (23.408%)
entry 390000/1649010 (23.6506%)
entry 391000/1649010 (23.7112%)
entry 395000/1649010 (23.9538%)
entry 396000/1649010 (24.0144%)
entry 399000/1649010 (24.1963%)
entry 401000/1649010 (24.3176%)
entry 402000/1649010 (24.3783%)
entry 405000/1649010 (24.5602%)
entry 422000/1649010 (25.5911%)
entry 428000/1649010 (25.955%)
entry 429000/1649010 (26.0156%)
entry 436000/1649010 (26.4401%)
entry 437000/1649010 (26.5007%)
entry 438000/1649010 (26.5614%)
entry 442000/1649010 (26.804%)
entry 443000/1649010 (26.8646%)
entry 444000/1649010 (26.9252%)
entry 446000/1649010 (27.0465%)
entry 447000/1649010 (27.1072%)
entry 453000/1649010 (27.471%)
entry 457000/1649010 (27.7136%)
entry 459000/1649010 (27.8349%)
entry 463000/1649010 (28.0775%)
entry 464000/1649010 (28.1381%)
entry 465000/1649010 (28.1987%)
entry 468000/1649010 (28.3807%)
entry 473000/1649010 (28.6839%)
entry 475000/1649010 (28.8052%)
entry 476000/1649010 (28.8658%)
entry 480000/1649010 (29.1084%)
entry 482000/1649010 (29.2297%)
entry 487000/1649010 (29.5329%)
entry 490000/1649010 (29.7148%)
entry 492000/1649010 (29.8361%)
entry 497000/1649010 (30.1393%)
entry 506000/1649010 (30.6851%)
entry 517000/1649010 (31.3521%)
entry 524000/1649010 (31.7766%)
entry 529000/1649010 (32.0799%)
entry 530000/1649010 (32.1405%)
entry 532000/1649010 (32.2618%)
entry 536000/1649010 (32.5043%)
entry 537000/1649010 (32.565%)
entry 538000/1649010 (32.6256%)
entry 544000/1649010 (32.9895%)
entry 546000/1649010 (33.1108%)
entry 547000/1649010 (33.1714%)
entry 549000/1649010 (33.2927%)
entry 555000/1649010 (33.6566%)
entry 557000/1649010 (33.7778%)
entry 558000/1649010 (33.8385%)
entry 560000/1649010 (33.9598%)
entry 566000/1649010 (34.3236%)
entry 567000/1649010 (34.3843%)
entry 569000/1649010 (34.5056%)
entry 572000/1649010 (34.6875%)
entry 573000/1649010 (34.7481%)
entry 577000/1649010 (34.9907%)
entry 582000/1649010 (35.2939%)
entry 587000/1649010 (35.5971%)
entry 588000/1649010 (35.6578%)
entry 589000/1649010 (35.7184%)
entry 590000/1649010 (35.779%)
entry 592000/1649010 (35.9003%)
entry 594000/1649010 (36.0216%)
entry 595000/1649010 (36.0823%)
entry 604000/1649010 (36.628%)
entry 607000/1649010 (36.81%)
entry 608000/1649010 (36.8706%)
entry 611000/1649010 (37.0525%)
entry 612000/1649010 (37.1132%)
entry 613000/1649010 (37.1738%)
entry 618000/1649010 (37.477%)
entry 623000/1649010 (37.7802%)
entry 630000/1649010 (38.2047%)
entry 631000/1649010 (38.2654%)
entry 636000/1649010 (38.5686%)
entry 641000/1649010 (38.8718%)
entry 647000/1649010 (39.2357%)
entry 650000/1649010 (39.4176%)
entry 653000/1649010 (39.5995%)
entry 655000/1649010 (39.7208%)
entry 659000/1649010 (39.9634%)
entry 663000/1649010 (40.2059%)
entry 664000/1649010 (40.2666%)
entry 665000/1649010 (40.3272%)
entry 666000/1649010 (40.3879%)
entry 667000/1649010 (40.4485%)
entry 668000/1649010 (40.5092%)
entry 670000/1649010 (40.6304%)
entry 672000/1649010 (40.7517%)
entry 673000/1649010 (40.8124%)
entry 676000/1649010 (40.9943%)
entry 678000/1649010 (41.1156%)
entry 680000/1649010 (41.2369%)
entry 681000/1649010 (41.2975%)
entry 683000/1649010 (41.4188%)
entry 684000/1649010 (41.4794%)
entry 685000/1649010 (41.5401%)
entry 690000/1649010 (41.8433%)
entry 691000/1649010 (41.9039%)
entry 692000/1649010 (41.9646%)
entry 694000/1649010 (42.0859%)
entry 697000/1649010 (42.2678%)
entry 700000/1649010 (42.4497%)
entry 702000/1649010 (42.571%)
entry 706000/1649010 (42.8136%)
entry 710000/1649010 (43.0561%)
entry 714000/1649010 (43.2987%)
entry 718000/1649010 (43.5413%)
entry 720000/1649010 (43.6626%)
entry 723000/1649010 (43.8445%)
entry 725000/1649010 (43.9658%)
entry 726000/1649010 (44.0264%)
entry 727000/1649010 (44.0871%)
entry 729000/1649010 (44.2083%)
entry 733000/1649010 (44.4509%)
entry 741000/1649010 (44.9361%)
entry 742000/1649010 (44.9967%)
entry 745000/1649010 (45.1786%)
entry 749000/1649010 (45.4212%)
entry 750000/1649010 (45.4818%)
entry 753000/1649010 (45.6638%)
entry 754000/1649010 (45.7244%)
entry 761000/1649010 (46.1489%)
entry 763000/1649010 (46.2702%)
entry 768000/1649010 (46.5734%)
entry 770000/1649010 (46.6947%)
entry 775000/1649010 (46.9979%)
entry 780000/1649010 (47.3011%)
entry 791000/1649010 (47.9682%)
entry 796000/1649010 (48.2714%)
entry 797000/1649010 (48.332%)
entry 799000/1649010 (48.4533%)
entry 801000/1649010 (48.5746%)
entry 802000/1649010 (48.6352%)
entry 803000/1649010 (48.6959%)
entry 806000/1649010 (48.8778%)
entry 810000/1649010 (49.1204%)
entry 812000/1649010 (49.2417%)
entry 814000/1649010 (49.363%)
entry 815000/1649010 (49.4236%)
entry 821000/1649010 (49.7874%)
entry 824000/1649010 (49.9694%)
entry 826000/1649010 (50.0907%)
entry 829000/1649010 (50.2726%)
entry 830000/1649010 (50.3332%)
entry 831000/1649010 (50.3939%)
entry 833000/1649010 (50.5152%)
entry 839000/1649010 (50.879%)
entry 841000/1649010 (51.0003%)
entry 846000/1649010 (51.3035%)
entry 850000/1649010 (51.5461%)
entry 851000/1649010 (51.6067%)
entry 854000/1649010 (51.7886%)
entry 858000/1649010 (52.0312%)
entry 860000/1649010 (52.1525%)
entry 861000/1649010 (52.2131%)
entry 862000/1649010 (52.2738%)
entry 863000/1649010 (52.3344%)
entry 864000/1649010 (52.3951%)
entry 867000/1649010 (52.577%)
entry 873000/1649010 (52.9409%)
entry 875000/1649010 (53.0621%)
entry 876000/1649010 (53.1228%)
entry 878000/1649010 (53.2441%)
entry 880000/1649010 (53.3653%)
entry 890000/1649010 (53.9718%)
entry 892000/1649010 (54.0931%)
entry 895000/1649010 (54.275%)
entry 903000/1649010 (54.7601%)
entry 905000/1649010 (54.8814%)
entry 908000/1649010 (55.0633%)
entry 912000/1649010 (55.3059%)
entry 916000/1649010 (55.5485%)
entry 923000/1649010 (55.973%)
entry 929000/1649010 (56.3368%)
entry 931000/1649010 (56.4581%)
entry 932000/1649010 (56.5188%)
entry 933000/1649010 (56.5794%)
entry 935000/1649010 (56.7007%)
entry 937000/1649010 (56.822%)
entry 939000/1649010 (56.9433%)
entry 940000/1649010 (57.0039%)
entry 943000/1649010 (57.1858%)
entry 944000/1649010 (57.2465%)
entry 945000/1649010 (57.3071%)
entry 946000/1649010 (57.3678%)
entry 949000/1649010 (57.5497%)
entry 951000/1649010 (57.671%)
entry 957000/1649010 (58.0348%)
entry 960000/1649010 (58.2168%)
entry 961000/1649010 (58.2774%)
entry 963000/1649010 (58.3987%)
entry 967000/1649010 (58.6412%)
entry 969000/1649010 (58.7625%)
entry 970000/1649010 (58.8232%)
entry 979000/1649010 (59.369%)
entry 980000/1649010 (59.4296%)
entry 985000/1649010 (59.7328%)
entry 986000/1649010 (59.7935%)
entry 987000/1649010 (59.8541%)
entry 990000/1649010 (60.036%)
entry 993000/1649010 (60.2179%)
entry 997000/1649010 (60.4605%)
entry 998000/1649010 (60.5212%)
entry 1002000/1649010 (60.7637%)
entry 1003000/1649010 (60.8244%)
entry 1005000/1649010 (60.9457%)
entry 1007000/1649010 (61.0669%)
entry 1008000/1649010 (61.1276%)
entry 1009000/1649010 (61.1882%)
entry 1015000/1649010 (61.5521%)
entry 1020000/1649010 (61.8553%)
entry 1030000/1649010 (62.4617%)
entry 1034000/1649010 (62.7043%)
entry 1035000/1649010 (62.7649%)
entry 1037000/1649010 (62.8862%)
entry 1041000/1649010 (63.1288%)
entry 1042000/1649010 (63.1894%)
entry 1046000/1649010 (63.432%)
entry 1051000/1649010 (63.7352%)
entry 1056000/1649010 (64.0384%)
entry 1060000/1649010 (64.281%)
entry 1061000/1649010 (64.3416%)
entry 1062000/1649010 (64.4023%)
entry 1064000/1649010 (64.5236%)
entry 1073000/1649010 (65.0693%)
entry 1076000/1649010 (65.2513%)
entry 1080000/1649010 (65.4938%)
entry 1084000/1649010 (65.7364%)
entry 1085000/1649010 (65.7971%)
entry 1094000/1649010 (66.3428%)
entry 1097000/1649010 (66.5248%)
entry 1102000/1649010 (66.828%)
entry 1106000/1649010 (67.0705%)
entry 1107000/1649010 (67.1312%)
entry 1109000/1649010 (67.2525%)
entry 1112000/1649010 (67.4344%)
entry 1113000/1649010 (67.495%)
entry 1121000/1649010 (67.9802%)
entry 1124000/1649010 (68.1621%)
entry 1131000/1649010 (68.5866%)
entry 1133000/1649010 (68.7079%)
entry 1134000/1649010 (68.7685%)
entry 1135000/1649010 (68.8292%)
entry 1137000/1649010 (68.9505%)
entry 1144000/1649010 (69.375%)
entry 1148000/1649010 (69.6175%)
entry 1149000/1649010 (69.6782%)
entry 1151000/1649010 (69.7995%)
entry 1153000/1649010 (69.9207%)
entry 1154000/1649010 (69.9814%)
entry 1155000/1649010 (70.042%)
entry 1159000/1649010 (70.2846%)
entry 1161000/1649010 (70.4059%)
entry 1163000/1649010 (70.5272%)
entry 1170000/1649010 (70.9517%)
entry 1176000/1649010 (71.3155%)
entry 1177000/1649010 (71.3762%)
entry 1178000/1649010 (71.4368%)
entry 1181000/1649010 (71.6187%)
entry 1186000/1649010 (71.9219%)
entry 1190000/1649010 (72.1645%)
entry 1192000/1649010 (72.2858%)
entry 1193000/1649010 (72.3464%)
entry 1194000/1649010 (72.4071%)
entry 1198000/1649010 (72.6497%)
entry 1207000/1649010 (73.1954%)
entry 1218000/1649010 (73.8625%)
entry 1219000/1649010 (73.9231%)
entry 1224000/1649010 (74.2264%)
entry 1229000/1649010 (74.5296%)
entry 1231000/1649010 (74.6509%)
entry 1233000/1649010 (74.7721%)
entry 1234000/1649010 (74.8328%)
entry 1235000/1649010 (74.8934%)
entry 1238000/1649010 (75.0753%)
entry 1241000/1649010 (75.2573%)
entry 1242000/1649010 (75.3179%)
entry 1243000/1649010 (75.3786%)
entry 1246000/1649010 (75.5605%)
entry 1248000/1649010 (75.6818%)
entry 1250000/1649010 (75.8031%)
entry 1252000/1649010 (75.9243%)
entry 1255000/1649010 (76.1063%)
entry 1258000/1649010 (76.2882%)
entry 1259000/1649010 (76.3488%)
entry 1260000/1649010 (76.4095%)
entry 1261000/1649010 (76.4701%)
entry 1262000/1649010 (76.5308%)
entry 1263000/1649010 (76.5914%)
entry 1265000/1649010 (76.7127%)
entry 1266000/1649010 (76.7733%)
entry 1269000/1649010 (76.9553%)
entry 1270000/1649010 (77.0159%)
entry 1271000/1649010 (77.0765%)
entry 1272000/1649010 (77.1372%)
entry 1273000/1649010 (77.1978%)
entry 1280000/1649010 (77.6223%)
entry 1281000/1649010 (77.683%)
entry 1283000/1649010 (77.8043%)
entry 1284000/1649010 (77.8649%)
entry 1286000/1649010 (77.9862%)
entry 1289000/1649010 (78.1681%)
entry 1291000/1649010 (78.2894%)
entry 1295000/1649010 (78.532%)
entry 1297000/1649010 (78.6533%)
entry 1298000/1649010 (78.7139%)
entry 1300000/1649010 (78.8352%)
entry 1303000/1649010 (79.0171%)
entry 1304000/1649010 (79.0778%)
entry 1307000/1649010 (79.2597%)
entry 1308000/1649010 (79.3203%)
entry 1312000/1649010 (79.5629%)
entry 1316000/1649010 (79.8055%)
entry 1318000/1649010 (79.9267%)
entry 1319000/1649010 (79.9874%)
entry 1321000/1649010 (80.1087%)
entry 1323000/1649010 (80.23%)
entry 1327000/1649010 (80.4725%)
entry 1339000/1649010 (81.2002%)
entry 1340000/1649010 (81.2609%)
entry 1341000/1649010 (81.3215%)
entry 1344000/1649010 (81.5034%)
entry 1346000/1649010 (81.6247%)
entry 1348000/1649010 (81.746%)
entry 1349000/1649010 (81.8067%)
entry 1356000/1649010 (82.2312%)
entry 1360000/1649010 (82.4737%)
entry 1370000/1649010 (83.0801%)
entry 1371000/1649010 (83.1408%)
entry 1373000/1649010 (83.2621%)
entry 1374000/1649010 (83.3227%)
entry 1378000/1649010 (83.5653%)
entry 1382000/1649010 (83.8079%)
entry 1386000/1649010 (84.0504%)
entry 1390000/1649010 (84.293%)
entry 1393000/1649010 (84.4749%)
entry 1394000/1649010 (84.5356%)
entry 1396000/1649010 (84.6569%)
entry 1399000/1649010 (84.8388%)
entry 1407000/1649010 (85.3239%)
entry 1408000/1649010 (85.3846%)
entry 1409000/1649010 (85.4452%)
entry 1411000/1649010 (85.5665%)
entry 1416000/1649010 (85.8697%)
entry 1420000/1649010 (86.1123%)
entry 1421000/1649010 (86.1729%)
entry 1426000/1649010 (86.4761%)
entry 1429000/1649010 (86.6581%)
entry 1433000/1649010 (86.9006%)
entry 1434000/1649010 (86.9613%)
entry 1435000/1649010 (87.0219%)
entry 1436000/1649010 (87.0826%)
entry 1439000/1649010 (87.2645%)
entry 1441000/1649010 (87.3858%)
entry 1442000/1649010 (87.4464%)
entry 1448000/1649010 (87.8103%)
entry 1453000/1649010 (88.1135%)
entry 1455000/1649010 (88.2348%)
entry 1460000/1649010 (88.538%)
entry 1461000/1649010 (88.5986%)
entry 1463000/1649010 (88.7199%)
entry 1472000/1649010 (89.2657%)
entry 1476000/1649010 (89.5083%)
entry 1480000/1649010 (89.7508%)
entry 1481000/1649010 (89.8115%)
entry 1482000/1649010 (89.8721%)
entry 1489000/1649010 (90.2966%)
entry 1490000/1649010 (90.3572%)
entry 1491000/1649010 (90.4179%)
entry 1496000/1649010 (90.7211%)
entry 1501000/1649010 (91.0243%)
entry 1503000/1649010 (91.1456%)
entry 1505000/1649010 (91.2669%)
entry 1506000/1649010 (91.3275%)
entry 1507000/1649010 (91.3882%)
entry 1508000/1649010 (91.4488%)
entry 1518000/1649010 (92.0552%)
entry 1521000/1649010 (92.2372%)
entry 1522000/1649010 (92.2978%)
entry 1530000/1649010 (92.7829%)
entry 1535000/1649010 (93.0862%)
entry 1537000/1649010 (93.2074%)
entry 1539000/1649010 (93.3287%)
entry 1540000/1649010 (93.3894%)
entry 1545000/1649010 (93.6926%)
entry 1546000/1649010 (93.7532%)
entry 1548000/1649010 (93.8745%)
entry 1550000/1649010 (93.9958%)
entry 1555000/1649010 (94.299%)
entry 1558000/1649010 (94.4809%)
entry 1559000/1649010 (94.5416%)
entry 1566000/1649010 (94.9661%)
entry 1576000/1649010 (95.5725%)
entry 1579000/1649010 (95.7544%)
entry 1582000/1649010 (95.9364%)
entry 1583000/1649010 (95.997%)
entry 1585000/1649010 (96.1183%)
entry 1593000/1649010 (96.6034%)
entry 1594000/1649010 (96.6641%)
entry 1595000/1649010 (96.7247%)
entry 1596000/1649010 (96.7853%)
entry 1599000/1649010 (96.9673%)
entry 1601000/1649010 (97.0886%)
entry 1624000/1649010 (98.4833%)
entry 1629000/1649010 (98.7865%)
entry 1636000/1649010 (99.211%)
entry 1638000/1649010 (99.3323%)
entry 1642000/1649010 (99.5749%)
entry 1646000/1649010 (99.8175%)
entry 1649000/1649010 (99.9994%)
all done
script done
