sphnx1106.sdcc.bnl.gov
rsyncing from /gpfs/mnt/gpfs02/sphenix/user/samfred/run25/ppg11/histmaking
running: /gpfs/mnt/gpfs02/sphenix/user/samfred/run25/ppg11/histmaking/script_data.sh 48656
LD_LIBRARY_PATH now /sphenix/user/samfred/run25/install//lib:/cvmfs/sphenix.sdcc.bnl.gov/alma9.2-gcc-14.2.0/opt/sphenix/core/gcc/14.2.0-2f0a0/x86_64-el9/lib:/cvmfs/sphenix.sdcc.bnl.gov/alma9.2-gcc-14.2.0/opt/sphenix/core/gcc/14.2.0-2f0a0/x86_64-el9/lib64:/cvmfs/sphenix.sdcc.bnl.gov/alma9.2-gcc-14.2.0/opt/sphenix/core/binutils/2.40-acaab/x86_64-el9/lib:.:/cvmfs/sphenix.sdcc.bnl.gov/alma9.2-gcc-14.2.0/release/release_new/new.10/lib64:/cvmfs/sphenix.sdcc.bnl.gov/alma9.2-gcc-14.2.0/release/release_new/new.10/lib:/cvmfs/sphenix.sdcc.bnl.gov/alma9.2-gcc-14.2.0/opt/sphenix/utils/lib:/cvmfs/sphenix.sdcc.bnl.gov/alma9.2-gcc-14.2.0/opt/sphenix/core/lib:/cvmfs/sphenix.sdcc.bnl.gov/alma9.2-gcc-14.2.0/opt/sphenix/core/root-6.32.06/lib:/cvmfs/sphenix.sdcc.bnl.gov/alma9.2-gcc-14.2.0/opt/sphenix/core/geant4.10.07.p04/lib64:/cvmfs/sphenix.sdcc.bnl.gov/alma9.2-gcc-14.2.0/opt/sphenix/core/lhapdf-5.9.1/lib:/usr/local/lib64:/usr/lib64
PATH now /sphenix/user/samfred/run25/install//bin:/cvmfs/sphenix.sdcc.bnl.gov/alma9.2-gcc-14.2.0/opt/sphenix/core/gcc/14.2.0-2f0a0/x86_64-el9/bin:/cvmfs/sphenix.sdcc.bnl.gov/alma9.2-gcc-14.2.0/opt/sphenix/core/binutils/2.40-acaab/x86_64-el9/bin:.:/cvmfs/sphenix.sdcc.bnl.gov/alma9.2-gcc-14.2.0/release/release_new/new.10/bin:/cvmfs/sphenix.sdcc.bnl.gov/alma9.2-gcc-14.2.0/opt/sphenix/utils/bin:/cvmfs/sphenix.sdcc.bnl.gov/alma9.2-gcc-14.2.0/opt/sphenix/core/bin:/cvmfs/sphenix.sdcc.bnl.gov/alma9.2-gcc-14.2.0/opt/sphenix/core/root-6.32.06/bin:/cvmfs/sphenix.sdcc.bnl.gov/alma9.2-gcc-14.2.0/opt/sphenix/core/geant4.10.07.p04/bin:/usr/local/bin:/usr/bin:/usr/local/sbin:/usr/sbin
SINGULARITY_CACHEDIR=/home/condor/local/sphnx/execute/dir_2588719
_CONDOR_CHIRP_CONFIG=/home/condor/local/sphnx/execute/dir_2588719/.chirp.config
_CONDOR_JOB_IWD=/sphenix/user/samfred/run25/ppg11/histmaking
G4ENSDFSTATEDATA=/cvmfs/sphenix.sdcc.bnl.gov/alma9.2-gcc-14.2.0/opt/sphenix/core/geant4.10.07.p04/share/Geant4-10.7.4/data/G4ENSDFSTATE2.3
_CONDOR_MACHINE_AD=/home/condor/local/sphnx/execute/dir_2588719/.machine.ad
ROOT_MAX_THREADS=1
NUMEXPR_NUM_THREADS=1
CUBACORES=1
_CHIRP_DELAYED_UPDATE_PREFIX=Chirp*
OMP_THREAD_LIMIT=1
G4PIIDATA=/cvmfs/sphenix.sdcc.bnl.gov/alma9.2-gcc-14.2.0/opt/sphenix/core/geant4.10.07.p04/share/Geant4-10.7.4/data/G4PII1.3
NO_AT_BRIDGE=1
G4_MAIN=/cvmfs/sphenix.sdcc.bnl.gov/alma9.2-gcc-14.2.0/opt/sphenix/core/geant4.10.07.p04
COMPILER_PATH=/cvmfs/sphenix.sdcc.bnl.gov/alma9.2-gcc-14.2.0/opt/sphenix/core/gcc/14.2.0-2f0a0/x86_64-el9
ROOT_INCLUDE_PATH=./:/sphenix/user/samfred/run25/install//include:/sphenix/user/samfred/run25/install//include/caloana:/sphenix/user/samfred/run25/install//include/qa_centrality:/sphenix/user/samfred/run25/install//include/mbdana:/sphenix/user/samfred/run25/install//include/centrality:/sphenix/user/samfred/run25/install//include/Event:/cvmfs/sphenix.sdcc.bnl.gov/alma9.2-gcc-14.2.0/release/release_new/new.10/include:/cvmfs/sphenix.sdcc.bnl.gov/alma9.2-gcc-14.2.0/release/release_new/new.10/include:/cvmfs/sphenix.sdcc.bnl.gov/alma9.2-gcc-14.2.0/release/release_new/new.10/include/g4mbd:/cvmfs/sphenix.sdcc.bnl.gov/alma9.2-gcc-14.2.0/release/release_new/new.10/include/fmt:/cvmfs/sphenix.sdcc.bnl.gov/alma9.2-gcc-14.2.0/release/release_new/new.10/include/ffarawobjects:/cvmfs/sphenix.sdcc.bnl.gov/alma9.2-gcc-14.2.0/release/release_new/new.10/include/JSON:/cvmfs/sphenix.sdcc.bnl.gov/alma9.2-gcc-14.2.0/release/release_new/new.10/include/calotreegen:/cvmfs/sphenix.sdcc.bnl.gov/alma9.2-gcc-14.2.0/release/release_new/new.10/include/torch:/cvmfs/sphenix.sdcc.bnl.gov/alma9.2-gcc-14.2.0/release/release_new/new.10/include/g4detectors:/cvmfs/sphenix.sdcc.bnl.gov/alma9.2-gcc-14.2.0/release/release_new/new.10/include/kineto:/cvmfs/sphenix.sdcc.bnl.gov/alma9.2-gcc-14.2.0/release/release_new/new.10/include/g4decayer:/cvmfs/sphenix.sdcc.bnl.gov/alma9.2-gcc-14.2.0/release/release_new/new.10/include/kfparticleqa:/cvmfs/sphenix.sdcc.bnl.gov/alma9.2-gcc-14.2.0/release/release_new/new.10/include/phfield:/cvmfs/sphenix.sdcc.bnl.gov/alma9.2-gcc-14.2.0/release/release_new/new.10/include/LHAPDF:/cvmfs/sphenix.sdcc.bnl.gov/alma9.2-gcc-14.2.0/release/release_new/new.10/include/readdigitalcurrents:/cvmfs/sphenix.sdcc.bnl.gov/alma9.2-gcc-14.2.0/release/release_new/new.10/include/c10:/cvmfs/sphenix.sdcc.bnl.gov/alma9.2-gcc-14.2.0/release/release_new/new.10/include/calovalid:/cvmfs/sphenix.sdcc.bnl.gov/alma9.2-gcc-14.2.0/release/release_new/new.10/include/oneapi:/cvmfs/sphenix.sdcc.bnl.gov/alma9.2-gcc-14.2.0/release/release_new/new.10/include/DDCond:/cvmfs/sphenix.sdcc.bnl.gov/alma9.2-gcc-14.2.0/release/release_new/new.10/include/g4tracking:/cvmfs/sphenix.sdcc.bnl.gov/alma9.2-gcc-14.2.0/release/release_new/new.10/include/litecaloeval:/cvmfs/sphenix.sdcc.bnl.gov/alma9.2-gcc-14.2.0/release/release_new/new.10/include/g4intt:/cvmfs/sphenix.sdcc.bnl.gov/alma9.2-gcc-14.2.0/release/release_new/new.10/include/phool:/cvmfs/sphenix.sdcc.bnl.gov/alma9.2-gcc-14.2.0/release/release_new/new.10/include/boost:/cvmfs/sphenix.sdcc.bnl.gov/alma9.2-gcc-14.2.0/release/release_new/new.10/include/Pythia8Plugins:/cvmfs/sphenix.sdcc.bnl.gov/alma9.2-gcc-14.2.0/release/release_new/new.10/include/calib_emc_pi0:/cvmfs/sphenix.sdcc.bnl.gov/alma9.2-gcc-14.2.0/release/release_new/new.10/include/hijingflipafterburner:/cvmfs/sphenix.sdcc.bnl.gov/alma9.2-gcc-14.2.0/release/release_new/new.10/include/ffaobjects:/cvmfs/sphenix.sdcc.bnl.gov/alma9.2-gcc-14.2.0/release/release_new/new.10/include/EvtGenBase:/cvmfs/sphenix.sdcc.bnl.gov/alma9.2-gcc-14.2.0/release/release_new/new.10/include/flowafterburner:/cvmfs/sphenix.sdcc.bnl.gov/alma9.2-gcc-14.2.0/release/release_new/new.10/include/google:/cvmfs/sphenix.sdcc.bnl.gov/alma9.2-gcc-14.2.0/release/release_new/new.10/include/g4tpc:/cvmfs/sphenix.sdcc.bnl.gov/alma9.2-gcc-14.2.0/release/release_new/new.10/include/caffe2:/cvmfs/sphenix.sdcc.bnl.gov/alma9.2-gcc-14.2.0/release/release_new/new.10/include/EvtGenExternal:/cvmfs/sphenix.sdcc.bnl.gov/alma9.2-gcc-14.2.0/release/release_new/new.10/include/fp16:/cvmfs/sphenix.sdcc.bnl.gov/alma9.2-gcc-14.2.0/release/release_new/new.10/include/ffamodules:/cvmfs/sphenix.sdcc.bnl.gov/alma9.2-gcc-14.2.0/release/release_new/new.10/include/uspin:/cvmfs/sphenix.sdcc.bnl.gov/alma9.2-gcc-14.2.0/release/release_new/new.10/include/Herwig:/cvmfs/sphenix.sdcc.bnl.gov/alma9.2-gcc-14.2.0/release/release_new/new.10/include/genfitexp:/cvmfs/sphenix.sdcc.bnl.gov/alma9.2-gcc-14.2.0/release/release_new/new.10/include/XML:/cvmfs/sphenix.sdcc.bnl.gov/alma9.2-gcc-14.2.0/release/release_new/new.10/include/fbgemm:/cvmfs/sphenix.sdcc.bnl.gov/alma9.2-gcc-14.2.0/release/release_new/new.10/include/DDAlign:/cvmfs/sphenix.sdcc.bnl.gov/alma9.2-gcc-14.2.0/release/release_new/new.10/include/g4mvtx:/cvmfs/sphenix.sdcc.bnl.gov/alma9.2-gcc-14.2.0/release/release_new/new.10/include/kfparticle_sphenix:/cvmfs/sphenix.sdcc.bnl.gov/alma9.2-gcc-14.2.0/release/release_new/new.10/include/fun4all:/cvmfs/sphenix.sdcc.bnl.gov/alma9.2-gcc-14.2.0/release/release_new/new.10/include/intt:/cvmfs/sphenix.sdcc.bnl.gov/alma9.2-gcc-14.2.0/release/release_new/new.10/include/eventdisplay:/cvmfs/sphenix.sdcc.bnl.gov/alma9.2-gcc-14.2.0/release/release_new/new.10/include/EvtGen:/cvmfs/sphenix.sdcc.bnl.gov/alma9.2-gcc-14.2.0/release/release_new/new.10/include/Evaluator:/cvmfs/sphenix.sdcc.bnl.gov/alma9.2-gcc-14.2.0/release/release_new/new.10/include/tpc:/cvmfs/sphenix.sdcc.bnl.gov/alma9.2-gcc-14.2.0/release/release_new/new.10/include/GenFit:/cvmfs/sphenix.sdcc.bnl.gov/alma9.2-gcc-14.2.0/release/release_new/new.10/include/prototype4:/cvmfs/sphenix.sdcc.bnl.gov/alma9.2-gcc-14.2.0/release/release_new/new.10/include/caloembedding:/cvmfs/sphenix.sdcc.bnl.gov/alma9.2-gcc-14.2.0/release/release_new/new.10/include/EvtGenModels:/cvmfs/sphenix.sdcc.bnl.gov/alma9.2-gcc-14.2.0/release/release_new/new.10/include/fastjet:/cvmfs/sphenix.sdcc.bnl.gov/alma9.2-gcc-14.2.0/release/release_new/new.10/include/DDG4:/cvmfs/sphenix.sdcc.bnl.gov/alma9.2-gcc-14.2.0/release/release_new/new.10/include/mbd:/cvmfs/sphenix.sdcc.bnl.gov/alma9.2-gcc-14.2.0/release/release_new/new.10/include/tbb:/cvmfs/sphenix.sdcc.bnl.gov/alma9.2-gcc-14.2.0/release/release_new/new.10/include/phgeom:/cvmfs/sphenix.sdcc.bnl.gov/alma9.2-gcc-14.2.0/release/release_new/new.10/include/g4epd:/cvmfs/sphenix.sdcc.bnl.gov/alma9.2-gcc-14.2.0/release/release_new/new.10/include/oncal:/cvmfs/sphenix.sdcc.bnl.gov/alma9.2-gcc-14.2.0/release/release_new/new.10/include/pybind11:/cvmfs/sphenix.sdcc.bnl.gov/alma9.2-gcc-14.2.0/release/release_new/new.10/include/tpcdistgenerator:/cvmfs/sphenix.sdcc.bnl.gov/alma9.2-gcc-14.2.0/release/release_new/new.10/include/cdbobjects:/cvmfs/sphenix.sdcc.bnl.gov/alma9.2-gcc-14.2.0/release/release_new/new.10/include/g4micromegas:/cvmfs/sphenix.sdcc.bnl.gov/alma9.2-gcc-14.2.0/release/release_new/new.10/include/g4eval:/cvmfs/sphenix.sdcc.bnl.gov/alma9.2-gcc-14.2.0/release/release_new/new.10/include/jetbackground:/cvmfs/sphenix.sdcc.bnl.gov/alma9.2-gcc-14.2.0/release/release_new/new.10/include/micromegas:/cvmfs/sphenix.sdcc.bnl.gov/alma9.2-gcc-14.2.0/release/release_new/new.10/include/hftrackefficiency:/cvmfs/sphenix.sdcc.bnl.gov/alma9.2-gcc-14.2.0/release/release_new/new.10/include/inttrawhitqa:/cvmfs/sphenix.sdcc.bnl.gov/alma9.2-gcc-14.2.0/release/release_new/new.10/include/centrality:/cvmfs/sphenix.sdcc.bnl.gov/alma9.2-gcc-14.2.0/release/release_new/new.10/include/epd:/cvmfs/sphenix.sdcc.bnl.gov/alma9.2-gcc-14.2.0/release/release_new/new.10/include/caloreco:/cvmfs/sphenix.sdcc.bnl.gov/alma9.2-gcc-14.2.0/release/release_new/new.10/include/HepMC:/cvmfs/sphenix.sdcc.bnl.gov/alma9.2-gcc-14.2.0/release/release_new/new.10/include/CLHEP:/cvmfs/sphenix.sdcc.bnl.gov/alma9.2-gcc-14.2.0/release/release_new/new.10/include/Acts:/cvmfs/sphenix.sdcc.bnl.gov/alma9.2-gcc-14.2.0/release/release_new/new.10/include/g4histos:/cvmfs/sphenix.sdcc.bnl.gov/alma9.2-gcc-14.2.0/release/release_new/new.10/include/eventplaneinfo:/cvmfs/sphenix.sdcc.bnl.gov/alma9.2-gcc-14.2.0/release/release_new/new.10/include/fillspacechargemaps:/cvmfs/sphenix.sdcc.bnl.gov/alma9.2-gcc-14.2.0/release/release_new/new.10/include/phhepmc:/cvmfs/sphenix.sdcc.bnl.gov/alma9.2-gcc-14.2.0/release/release_new/new.10/include/trackingqa:/cvmfs/sphenix.sdcc.bnl.gov/alma9.2-gcc-14.2.0/release/release_new/new.10/include/qautils:/cvmfs/sphenix.sdcc.bnl.gov/alma9.2-gcc-14.2.0/release/release_new/new.10/include/trackreco:/cvmfs/sphenix.sdcc.bnl.gov/alma9.2-gcc-14.2.0/release/release_new/new.10/include/g4ohcal:/cvmfs/sphenix.sdcc.bnl.gov/alma9.2-gcc-14.2.0/release/release_new/new.10/include/tpcdvcalib:/cvmfs/sphenix.sdcc.bnl.gov/alma9.2-gcc-14.2.0/release/release_new/new.10/include/zdcinfo:/cvmfs/sphenix.sdcc.bnl.gov/alma9.2-gcc-14.2.0/release/release_new/new.10/include/phpythia8:/cvmfs/sphenix.sdcc.bnl.gov/alma9.2-gcc-14.2.0/release/release_new/new.10/include/fun4allutils:/cvmfs/sphenix.sdcc.bnl.gov/alma9.2-gcc-14.2.0/release/release_new/new.10/include/tpcqa:/cvmfs/sphenix.sdcc.bnl.gov/alma9.2-gcc-14.2.0/release/release_new/new.10/include/Pythia8:/cvmfs/sphenix.sdcc.bnl.gov/alma9.2-gcc-14.2.0/release/release_new/new.10/include/DDRec:/cvmfs/sphenix.sdcc.bnl.gov/alma9.2-gcc-14.2.0/release/release_new/new.10/include/DDDigi:/cvmfs/sphenix.sdcc.bnl.gov/alma9.2-gcc-14.2.0/release/release_new/new.10/include/g4ihcal:/cvmfs/sphenix.sdcc.bnl.gov/alma9.2-gcc-14.2.0/release/release_new/new.10/include/frog:/cvmfs/sphenix.sdcc.bnl.gov/alma9.2-gcc-14.2.0/release/release_new/new.10/include/eigen3:/cvmfs/sphenix.sdcc.bnl.gov/alma9.2-gcc-14.2.0/release/release_new/new.10/include/tensorpipe:/cvmfs/sphenix.sdcc.bnl.gov/alma9.2-gcc-14.2.0/release/release_new/new.10/include/sphenixnpc:/cvmfs/sphenix.sdcc.bnl.gov/alma9.2-gcc-14.2.0/release/release_new/new.10/include/siscone:/cvmfs/sphenix.sdcc.bnl.gov/alma9.2-gcc-14.2.0/release/release_new/new.10/include/pmonitor:/cvmfs/sphenix.sdcc.bnl.gov/alma9.2-gcc-14.2.0/release/release_new/new.10/include/calobase:/cvmfs/sphenix.sdcc.bnl.gov/alma9.2-gcc-14.2.0/release/release_new/new.10/include/ActsExamples:/cvmfs/sphenix.sdcc.bnl.gov/alma9.2-gcc-14.2.0/release/release_new/new.10/include/g4gdml:/cvmfs/sphenix.sdcc.bnl.gov/alma9.2-gcc-14.2.0/release/release_new/new.10/include/mvtx_decoder:/cvmfs/sphenix.sdcc.bnl.gov/alma9.2-gcc-14.2.0/release/release_new/new.10/include/ROOT:/cvmfs/sphenix.sdcc.bnl.gov/alma9.2-gcc-14.2.0/release/release_new/new.10/include/phparameter:/cvmfs/sphenix.sdcc.bnl.gov/alma9.2-gcc-14.2.0/release/release_new/new.10/include/rsa:/cvmfs/sphenix.sdcc.bnl.gov/alma9.2-gcc-14.2.0/release/release_new/new.10/include/fun4allraw:/cvmfs/sphenix.sdcc.bnl.gov/alma9.2-gcc-14.2.0/release/release_new/new.10/include/trackbase_historic:/cvmfs/sphenix.sdcc.bnl.gov/alma9.2-gcc-14.2.0/release/release_new/new.10/include/g4jets:/cvmfs/sphenix.sdcc.bnl.gov/alma9.2-gcc-14.2.0/release/release_new/new.10/include/jetqa:/cvmfs/sphenix.sdcc.bnl.gov/alma9.2-gcc-14.2.0/release/release_new/new.10/include/phoolraw:/cvmfs/sphenix.sdcc.bnl.gov/alma9.2-gcc-14.2.0/release/release_new/new.10/include/g4calo:/cvmfs/sphenix.sdcc.bnl.gov/alma9.2-gcc-14.2.0/release/release_new/new.10/include/mvtxrawhitqa:/cvmfs/sphenix.sdcc.bnl.gov/alma9.2-gcc-14.2.0/release/release_new/new.10/include/HepMC3:/cvmfs/sphenix.sdcc.bnl.gov/alma9.2-gcc-14.2.0/release/release_new/new.10/include/calowaveformsim:/cvmfs/sphenix.sdcc.bnl.gov/alma9.2-gcc-14.2.0/release/release_new/new.10/include/g4caloprototype:/cvmfs/sphenix.sdcc.bnl.gov/alma9.2-gcc-14.2.0/release/release_new/new.10/include/pdbcalbase:/cvmfs/sphenix.sdcc.bnl.gov/alma9.2-gcc-14.2.0/release/release_new/new.10/include/gsl:/cvmfs/sphenix.sdcc.bnl.gov/alma9.2-gcc-14.2.0/release/release_new/new.10/include/nodedump:/cvmfs/sphenix.sdcc.bnl.gov/alma9.2-gcc-14.2.0/release/release_new/new.10/include/emcnoisytowerfinder:/cvmfs/sphenix.sdcc.bnl.gov/alma9.2-gcc-14.2.0/release/release_new/new.10/include/ActsFatras:/cvmfs/sphenix.sdcc.bnl.gov/alma9.2-gcc-14.2.0/release/release_new/new.10/include/ffarawmodules:/cvmfs/sphenix.sdcc.bnl.gov/alma9.2-gcc-14.2.0/release/release_new/new.10/include/Event:/cvmfs/sphenix.sdcc.bnl.gov/alma9.2-gcc-14.2.0/release/release_new/new.10/include/prototype3:/cvmfs/sphenix.sdcc.bnl.gov/alma9.2-gcc-14.2.0/release/release_new/new.10/include/fermimotionafterburner:/cvmfs/sphenix.sdcc.bnl.gov/alma9.2-gcc-14.2.0/release/release_new/new.10/include/Photos:/cvmfs/sphenix.sdcc.bnl.gov/alma9.2-gcc-14.2.0/release/release_new/new.10/include/xingshiftcal:/cvmfs/sphenix.sdcc.bnl.gov/alma9.2-gcc-14.2.0/release/release_new/new.10/include/trackbase:/cvmfs/sphenix.sdcc.bnl.gov/alma9.2-gcc-14.2.0/release/release_new/new.10/include/jetdstskimmer:/cvmfs/sphenix.sdcc.bnl.gov/alma9.2-gcc-14.2.0/release/release_new/new.10/include/clusteriso:/cvmfs/sphenix.sdcc.bnl.gov/alma9.2-gcc-14.2.0/release/release_new/new.10/include/asmjit:/cvmfs/sphenix.sdcc.bnl.gov/alma9.2-gcc-14.2.0/release/release_new/new.10/include/particleflowreco:/cvmfs/sphenix.sdcc.bnl.gov/alma9.2-gcc-14.2.0/release/release_new/new.10/include/tpchittrackdisplay:/cvmfs/sphenix.sdcc.bnl.gov/alma9.2-gcc-14.2.0/release/release_new/new.10/include/caloana:/cvmfs/sphenix.sdcc.bnl.gov/alma9.2-gcc-14.2.0/release/release_new/new.10/include/calotrigger:/cvmfs/sphenix.sdcc.bnl.gov/alma9.2-gcc-14.2.0/release/release_new/new.10/include/nopayloadclient:/cvmfs/sphenix.sdcc.bnl.gov/alma9.2-gcc-14.2.0/release/release_new/new.10/include/trackermillepedealignment:/cvmfs/sphenix.sdcc.bnl.gov/alma9.2-gcc-14.2.0/release/release_new/new.10/include/DD4hep:/cvmfs/sphenix.sdcc.bnl.gov/alma9.2-gcc-14.2.0/release/release_new/new.10/include/g4trackfastsim:/cvmfs/sphenix.sdcc.bnl.gov/alma9.2-gcc-14.2.0/release/release_new/new.10/include/prototype2:/cvmfs/sphenix.sdcc.bnl.gov/alma9.2-gcc-14.2.0/release/release_new/new.10/include/ATen:/cvmfs/sphenix.sdcc.bnl.gov/alma9.2-gcc-14.2.0/release/release_new/new.10/include/g4main:/cvmfs/sphenix.sdcc.bnl.gov/alma9.2-gcc-14.2.0/release/release_new/new.10/include/Tauola:/cvmfs/sphenix.sdcc.bnl.gov/alma9.2-gcc-14.2.0/release/release_new/new.10/include/inttcalib:/cvmfs/sphenix.sdcc.bnl.gov/alma9.2-gcc-14.2.0/release/release_new/new.10/include/reactionplaneafterburner:/cvmfs/sphenix.sdcc.bnl.gov/alma9.2-gcc-14.2.0/release/release_new/new.10/include/globalqa:/cvmfs/sphenix.sdcc.bnl.gov/alma9.2-gcc-14.2.0/release/release_new/new.10/include/tpccalib:/cvmfs/sphenix.sdcc.bnl.gov/alma9.2-gcc-14.2.0/release/release_new/new.10/include/DDSegmentation:/cvmfs/sphenix.sdcc.bnl.gov/alma9.2-gcc-14.2.0/release/release_new/new.10/include/decayfinder:/cvmfs/sphenix.sdcc.bnl.gov/alma9.2-gcc-14.2.0/release/release_new/new.10/include/compressclus:/cvmfs/sphenix.sdcc.bnl.gov/alma9.2-gcc-14.2.0/release/release_new/new.10/include/simqa_modules:/cvmfs/sphenix.sdcc.bnl.gov/alma9.2-gcc-14.2.0/release/release_new/new.10/include/resonancejettagging:/cvmfs/sphenix.sdcc.bnl.gov/alma9.2-gcc-14.2.0/release/release_new/new.10/include/g4centrality:/cvmfs/sphenix.sdcc.bnl.gov/alma9.2-gcc-14.2.0/release/release_new/new.10/include/mvtx:/cvmfs/sphenix.sdcc.bnl.gov/alma9.2-gcc-14.2.0/release/release_new/new.10/include/nlohmann:/cvmfs/sphenix.sdcc.bnl.gov/alma9.2-gcc-14.2.0/release/release_new/new.10/include/localpoloffmon:/cvmfs/sphenix.sdcc.bnl.gov/alma9.2-gcc-14.2.0/release/release_new/new.10/include/DDEve:/cvmfs/sphenix.sdcc.bnl.gov/alma9.2-gcc-14.2.0/release/release_new/new.10/include/Parsers:/cvmfs/sphenix.sdcc.bnl.gov/alma9.2-gcc-14.2.0/release/release_new/new.10/include/trackingdiagnostics:/cvmfs/sphenix.sdcc.bnl.gov/alma9.2-gcc-14.2.0/release/release_new/new.10/include/g4vertex:/cvmfs/sphenix.sdcc.bnl.gov/alma9.2-gcc-14.2.0/release/release_new/new.10/include/jetbase:/cvmfs/sphenix.sdcc.bnl.gov/alma9.2-gcc-14.2.0/release/release_new/new.10/include/globalvertex:/cvmfs/sphenix.sdcc.bnl.gov/alma9.2-gcc-14.2.0/release/release_new/new.10/include/phgenfit:/cvmfs/sphenix.sdcc.bnl.gov/alma9.2-gcc-14.2.0/release/release_new/new.10/include/rawbcolumi:/cvmfs/sphenix.sdcc.bnl.gov/alma9.2-gcc-14.2.0/release/release_new/new.10/include/eicsmear:/cvmfs/sphenix.sdcc.bnl.gov/alma9.2-gcc-14.2.0/release/release_new/new.10/include/mvtxcalib:/cvmfs/sphenix.sdcc.bnl.gov/alma9.2-gcc-14.2.0/release/release_new/new.10/include/tpclinelaserdiode:/cvmfs/sphenix.sdcc.bnl.gov/alma9.2-gcc-14.2.0/release/release_new/new.10/include/hepmcjettrigger:/cvmfs/sphenix.sdcc.bnl.gov/alma9.2-gcc-14.2.0/release/release_new/new.10/include/core:/cvmfs/sphenix.sdcc.bnl.gov/alma9.2-gcc-14.2.0/release/release_new/new.10/include/calo_cdb:/cvmfs/sphenix.sdcc.bnl.gov/alma9.2-gcc-14.2.0/release/release_new/new.10/include/mvtxclustershapesqa:/cvmfs/sphenix.sdcc.bnl.gov/alma9.2-gcc-14.2.0/release/release_new/new.10/include/calopacketskimmer:/cvmfs/sphenix.sdcc.bnl.gov/alma9.2-gcc-14.2.0/opt/sphenix/core/geant4.10.07.p04/include:/cvmfs/sphenix.sdcc.bnl.gov/alma9.2-gcc-14.2.0/release/release_new/new.10/rootmacros:/cvmfs/sphenix.sdcc.bnl.gov/alma9.2-gcc-14.2.0/opt/sphenix/core/include
_CONDOR_ANCESTOR_2588719=2588828:1759352690:3956483605
GSEARCHPATH=.:PG:LUSTRE:RAWDATA
PWD=/gpfs/mnt/gpfs02/sphenix/user/samfred/run25/ppg11/histmaking
LOGNAME=samfred
_CONDOR_JOB_AD=/home/condor/local/sphnx/execute/dir_2588719/.job.ad
MANPATH=/cvmfs/sphenix.sdcc.bnl.gov/alma9.2-gcc-14.2.0/opt/sphenix/core/gcc/14.2.0-2f0a0/x86_64-el9/share/man:/cvmfs/sphenix.sdcc.bnl.gov/alma9.2-gcc-14.2.0/opt/sphenix/core/binutils/2.40-acaab/x86_64-el9/share/man:/cvmfs/sphenix.sdcc.bnl.gov/alma9.2-gcc-14.2.0/release/release_new/new.10/share/man:/cvmfs/sphenix.sdcc.bnl.gov/alma9.2-gcc-14.2.0/opt/sphenix/utils/share/man:/cvmfs/sphenix.sdcc.bnl.gov/alma9.2-gcc-14.2.0/opt/sphenix/core/share/man:/cvmfs/sphenix.sdcc.bnl.gov/alma9.2-gcc-14.2.0/opt/sphenix/core/root-6.32.06/man:/usr/local/share/man:/usr/share/man
PYTHIA8=/cvmfs/sphenix.sdcc.bnl.gov/alma9.2-gcc-14.2.0/release/release_new/new.10/share/Pythia8
G4INCLDATA=/cvmfs/sphenix.sdcc.bnl.gov/alma9.2-gcc-14.2.0/opt/sphenix/core/geant4.10.07.p04/share/Geant4-10.7.4/data/G4INCL1.0
ORIG_PATH=/usr/local/bin:/usr/bin
CXX=/cvmfs/sphenix.sdcc.bnl.gov/alma9.2-gcc-14.2.0/opt/sphenix/core/gcc/14.2.0-2f0a0/x86_64-el9/bin/g++
G4LEDATA=/cvmfs/sphenix.sdcc.bnl.gov/alma9.2-gcc-14.2.0/opt/sphenix/core/geant4.10.07.p04/share/Geant4-10.7.4/data/G4EMLOW7.13
PYTHON_CPU_COUNT=1
OPENBLAS_NUM_THREADS=1
_CONDOR_BIN=/usr/bin
HOME=/sphenix/u/samfred
G4PARTICLEXSDATA=/cvmfs/sphenix.sdcc.bnl.gov/alma9.2-gcc-14.2.0/opt/sphenix/core/geant4.10.07.p04/share/Geant4-10.7.4/data/G4PARTICLEXS3.1.1
_CONDOR_ANCESTOR_316271=2588719:1759352690:3529559951
ONLINE_MAIN=/cvmfs/sphenix.sdcc.bnl.gov/alma9.2-gcc-14.2.0/release/release_new/new.10
CALIBRATIONROOT=/cvmfs/sphenix.sdcc.bnl.gov/alma9.2-gcc-14.2.0/release/release_new/new.10/share/calibrations
TMPDIR=/tmp
_CONDOR_SCRATCH_DIR=/home/condor/local/sphnx/execute/dir_2588719
PGUSER=phnxrc
NOPAYLOADCLIENT_CONF=/cvmfs/sphenix.sdcc.bnl.gov/alma9.2-gcc-14.2.0/opt/sphenix/core/etc/sPHENIX_newcdb.json
XERCESCROOT=/cvmfs/sphenix.sdcc.bnl.gov/alma9.2-gcc-14.2.0/opt/sphenix/core/geant4.10.07.p04
LHAPATH=/cvmfs/sphenix.sdcc.bnl.gov/alma9.2-gcc-14.2.0/opt/sphenix/core/lhapdf-5.9.1/share/lhapdf/PDFsets
G4NEUTRONHPDATA=/cvmfs/sphenix.sdcc.bnl.gov/alma9.2-gcc-14.2.0/opt/sphenix/core/geant4.10.07.p04/share/Geant4-10.7.4/data/G4NDL4.6
PYTHONPATH=.:/cvmfs/sphenix.sdcc.bnl.gov/alma9.2-gcc-14.2.0/release/release_new/new.10/lib/python3.13/site-packages:/cvmfs/sphenix.sdcc.bnl.gov/alma9.2-gcc-14.2.0/opt/sphenix/core/lib/python3.13/site-packages:/cvmfs/sphenix.sdcc.bnl.gov/alma9.2-gcc-14.2.0/opt/sphenix/core/root-6.32.06/lib
USER=samfred
_CONDOR_JOB_PIDS=
TEMP=/tmp
GOMAXPROCS=1
OFFLINE_MAIN=/cvmfs/sphenix.sdcc.bnl.gov/alma9.2-gcc-14.2.0/release/release_new/new.10
SHLVL=1
TF_NUM_THREADS=1
G4SAIDXSDATA=/cvmfs/sphenix.sdcc.bnl.gov/alma9.2-gcc-14.2.0/opt/sphenix/core/geant4.10.07.p04/share/Geant4-10.7.4/data/G4SAIDDATA2.0
APPTAINER_CACHEDIR=/home/condor/local/sphnx/execute/dir_2588719
ROOTSYS=/cvmfs/sphenix.sdcc.bnl.gov/alma9.2-gcc-14.2.0/opt/sphenix/core/root-6.32.06
BATCH_SYSTEM=HTCondor
_CONDOR_SLOT=slot1_12
LD_LIBRARY_PATH=/sphenix/user/samfred/run25/install//lib:/cvmfs/sphenix.sdcc.bnl.gov/alma9.2-gcc-14.2.0/opt/sphenix/core/gcc/14.2.0-2f0a0/x86_64-el9/lib:/cvmfs/sphenix.sdcc.bnl.gov/alma9.2-gcc-14.2.0/opt/sphenix/core/gcc/14.2.0-2f0a0/x86_64-el9/lib64:/cvmfs/sphenix.sdcc.bnl.gov/alma9.2-gcc-14.2.0/opt/sphenix/core/binutils/2.40-acaab/x86_64-el9/lib:.:/cvmfs/sphenix.sdcc.bnl.gov/alma9.2-gcc-14.2.0/release/release_new/new.10/lib64:/cvmfs/sphenix.sdcc.bnl.gov/alma9.2-gcc-14.2.0/release/release_new/new.10/lib:/cvmfs/sphenix.sdcc.bnl.gov/alma9.2-gcc-14.2.0/opt/sphenix/utils/lib:/cvmfs/sphenix.sdcc.bnl.gov/alma9.2-gcc-14.2.0/opt/sphenix/core/lib:/cvmfs/sphenix.sdcc.bnl.gov/alma9.2-gcc-14.2.0/opt/sphenix/core/root-6.32.06/lib:/cvmfs/sphenix.sdcc.bnl.gov/alma9.2-gcc-14.2.0/opt/sphenix/core/geant4.10.07.p04/lib64:/cvmfs/sphenix.sdcc.bnl.gov/alma9.2-gcc-14.2.0/opt/sphenix/core/lhapdf-5.9.1/lib:/usr/local/lib64:/usr/lib64
OPT_SPHENIX=/cvmfs/sphenix.sdcc.bnl.gov/alma9.2-gcc-14.2.0/opt/sphenix/core
TF_LOOP_PARALLEL_ITERATIONS=1
EVT_LIB=/cvmfs/sphenix.sdcc.bnl.gov/alma9.2-gcc-14.2.0/opt/sphenix/core/root-6.32.06/lib
PGHOST=sphnxdbmaster.sdcc.bnl.gov
OMP_NUM_THREADS=1
G4REALSURFACEDATA=/cvmfs/sphenix.sdcc.bnl.gov/alma9.2-gcc-14.2.0/opt/sphenix/core/geant4.10.07.p04/share/Geant4-10.7.4/data/RealSurface2.2
FC=/cvmfs/sphenix.sdcc.bnl.gov/alma9.2-gcc-14.2.0/opt/sphenix/core/gcc/14.2.0-2f0a0/x86_64-el9/bin/gfortran
G4ABLADATA=/cvmfs/sphenix.sdcc.bnl.gov/alma9.2-gcc-14.2.0/opt/sphenix/core/geant4.10.07.p04/share/Geant4-10.7.4/data/G4ABLA3.1
PARASOFT=doesnotexist
TMP=/tmp
OPT_UTILS=/cvmfs/sphenix.sdcc.bnl.gov/alma9.2-gcc-14.2.0/opt/sphenix/utils
CONFIG_SITE=/cvmfs/sphenix.sdcc.bnl.gov/alma9.2-gcc-14.2.0/opt/sphenix/core/etc/config.site
PATH=/sphenix/user/samfred/run25/install//bin:/cvmfs/sphenix.sdcc.bnl.gov/alma9.2-gcc-14.2.0/opt/sphenix/core/gcc/14.2.0-2f0a0/x86_64-el9/bin:/cvmfs/sphenix.sdcc.bnl.gov/alma9.2-gcc-14.2.0/opt/sphenix/core/binutils/2.40-acaab/x86_64-el9/bin:.:/cvmfs/sphenix.sdcc.bnl.gov/alma9.2-gcc-14.2.0/release/release_new/new.10/bin:/cvmfs/sphenix.sdcc.bnl.gov/alma9.2-gcc-14.2.0/opt/sphenix/utils/bin:/cvmfs/sphenix.sdcc.bnl.gov/alma9.2-gcc-14.2.0/opt/sphenix/core/bin:/cvmfs/sphenix.sdcc.bnl.gov/alma9.2-gcc-14.2.0/opt/sphenix/core/root-6.32.06/bin:/cvmfs/sphenix.sdcc.bnl.gov/alma9.2-gcc-14.2.0/opt/sphenix/core/geant4.10.07.p04/bin:/usr/local/bin:/usr/bin:/usr/local/sbin:/usr/sbin
G4LEVELGAMMADATA=/cvmfs/sphenix.sdcc.bnl.gov/alma9.2-gcc-14.2.0/opt/sphenix/core/geant4.10.07.p04/share/Geant4-10.7.4/data/PhotonEvaporation5.7
CC=/cvmfs/sphenix.sdcc.bnl.gov/alma9.2-gcc-14.2.0/opt/sphenix/core/gcc/14.2.0-2f0a0/x86_64-el9/bin/gcc
G4RADIOACTIVEDATA=/cvmfs/sphenix.sdcc.bnl.gov/alma9.2-gcc-14.2.0/opt/sphenix/core/geant4.10.07.p04/share/Geant4-10.7.4/data/RadioactiveDecay5.6
JULIA_NUM_THREADS=1
MKL_NUM_THREADS=1
LHAPDF_DATA_PATH=/cvmfs/sphenix.sdcc.bnl.gov/alma9.2-gcc-14.2.0/release/release_new/new.10/share/LHAPDF
_CONDOR_ANCESTOR_316236=316271:1756523320:4276746005
XPLOAD_CONFIG_DIR=/cvmfs/sphenix.sdcc.bnl.gov/alma9.2-gcc-14.2.0/opt/sphenix/core/etc
OLDPWD=/cvmfs/sphenix.sdcc.bnl.gov/alma9.2-gcc-14.2.0/release/release_new/new.10/geant4
_=/usr/bin/printenv
runnumber...
48656
trigger...

   ------------------------------------------------------------------
  | Welcome to ROOT 6.32.06                        https://root.cern |
  | (c) 1995-2024, The ROOT Team; conception: R. Brun, F. Rademakers |
  | Built for linuxx8664gcc on Dec 13 2024, 17:23:48                 |
  | From tags/6-32-06@6-32-06                                        |
  | With g++ (GCC) 14.2.0                                            |
  | Try '.help'/'.?', '.demo', '.license', '.credits', '.quit'/'.q'  |
   ------------------------------------------------------------------


Processing data_histmaker.C(48656)...
entry 0/2595621 (0%)
entry 5000/2595621 (0.192632%)
entry 11000/2595621 (0.423791%)
entry 12000/2595621 (0.462317%)
entry 16000/2595621 (0.616423%)
entry 22000/2595621 (0.847581%)
entry 24000/2595621 (0.924634%)
entry 25000/2595621 (0.963161%)
entry 26000/2595621 (1.00169%)
entry 27000/2595621 (1.04021%)
entry 36000/2595621 (1.38695%)
entry 39000/2595621 (1.50253%)
entry 40000/2595621 (1.54106%)
entry 42000/2595621 (1.61811%)
entry 43000/2595621 (1.65664%)
entry 44000/2595621 (1.69516%)
entry 47000/2595621 (1.81074%)
entry 48000/2595621 (1.84927%)
entry 49000/2595621 (1.88779%)
entry 52000/2595621 (2.00337%)
entry 58000/2595621 (2.23453%)
entry 59000/2595621 (2.27306%)
entry 65000/2595621 (2.50422%)
entry 67000/2595621 (2.58127%)
entry 70000/2595621 (2.69685%)
entry 77000/2595621 (2.96653%)
entry 78000/2595621 (3.00506%)
entry 79000/2595621 (3.04359%)
entry 84000/2595621 (3.23622%)
entry 91000/2595621 (3.5059%)
entry 95000/2595621 (3.66001%)
entry 98000/2595621 (3.77559%)
entry 106000/2595621 (4.0838%)
entry 107000/2595621 (4.12233%)
entry 108000/2595621 (4.16085%)
entry 109000/2595621 (4.19938%)
entry 110000/2595621 (4.23791%)
entry 111000/2595621 (4.27643%)
entry 112000/2595621 (4.31496%)
entry 113000/2595621 (4.35349%)
entry 116000/2595621 (4.46907%)
entry 122000/2595621 (4.70022%)
entry 123000/2595621 (4.73875%)
entry 125000/2595621 (4.8158%)
entry 126000/2595621 (4.85433%)
entry 129000/2595621 (4.96991%)
entry 130000/2595621 (5.00844%)
entry 132000/2595621 (5.08549%)
entry 133000/2595621 (5.12401%)
entry 134000/2595621 (5.16254%)
entry 142000/2595621 (5.47075%)
entry 143000/2595621 (5.50928%)
entry 144000/2595621 (5.54781%)
entry 151000/2595621 (5.81749%)
entry 158000/2595621 (6.08718%)
entry 159000/2595621 (6.1257%)
entry 160000/2595621 (6.16423%)
entry 163000/2595621 (6.27981%)
entry 166000/2595621 (6.39539%)
entry 168000/2595621 (6.47244%)
entry 169000/2595621 (6.51097%)
entry 177000/2595621 (6.81918%)
entry 178000/2595621 (6.8577%)
entry 181000/2595621 (6.97328%)
entry 182000/2595621 (7.01181%)
entry 185000/2595621 (7.12739%)
entry 186000/2595621 (7.16592%)
entry 191000/2595621 (7.35855%)
entry 192000/2595621 (7.39707%)
entry 195000/2595621 (7.51265%)
entry 200000/2595621 (7.70529%)
entry 201000/2595621 (7.74381%)
entry 203000/2595621 (7.82086%)
entry 207000/2595621 (7.97497%)
entry 208000/2595621 (8.0135%)
entry 210000/2595621 (8.09055%)
entry 211000/2595621 (8.12908%)
entry 214000/2595621 (8.24466%)
entry 216000/2595621 (8.32171%)
entry 225000/2595621 (8.66845%)
entry 226000/2595621 (8.70697%)
entry 229000/2595621 (8.82255%)
entry 230000/2595621 (8.86108%)
entry 234000/2595621 (9.01518%)
entry 238000/2595621 (9.16929%)
entry 241000/2595621 (9.28487%)
entry 242000/2595621 (9.3234%)
entry 248000/2595621 (9.55455%)
entry 249000/2595621 (9.59308%)
entry 251000/2595621 (9.67013%)
entry 253000/2595621 (9.74719%)
entry 256000/2595621 (9.86276%)
entry 259000/2595621 (9.97834%)
entry 261000/2595621 (10.0554%)
entry 265000/2595621 (10.2095%)
entry 278000/2595621 (10.7103%)
entry 290000/2595621 (11.1727%)
entry 291000/2595621 (11.2112%)
entry 296000/2595621 (11.4038%)
entry 297000/2595621 (11.4423%)
entry 300000/2595621 (11.5579%)
entry 308000/2595621 (11.8661%)
entry 309000/2595621 (11.9047%)
entry 310000/2595621 (11.9432%)
entry 312000/2595621 (12.0202%)
entry 315000/2595621 (12.1358%)
entry 319000/2595621 (12.2899%)
entry 320000/2595621 (12.3285%)
entry 321000/2595621 (12.367%)
entry 327000/2595621 (12.5981%)
entry 332000/2595621 (12.7908%)
entry 336000/2595621 (12.9449%)
entry 354000/2595621 (13.6384%)
entry 358000/2595621 (13.7925%)
entry 360000/2595621 (13.8695%)
entry 362000/2595621 (13.9466%)
entry 363000/2595621 (13.9851%)
entry 368000/2595621 (14.1777%)
entry 369000/2595621 (14.2163%)
entry 370000/2595621 (14.2548%)
entry 371000/2595621 (14.2933%)
entry 372000/2595621 (14.3318%)
entry 373000/2595621 (14.3704%)
entry 376000/2595621 (14.4859%)
entry 381000/2595621 (14.6786%)
entry 382000/2595621 (14.7171%)
entry 383000/2595621 (14.7556%)
entry 386000/2595621 (14.8712%)
entry 387000/2595621 (14.9097%)
entry 388000/2595621 (14.9483%)
entry 390000/2595621 (15.0253%)
entry 391000/2595621 (15.0638%)
entry 393000/2595621 (15.1409%)
entry 394000/2595621 (15.1794%)
entry 397000/2595621 (15.295%)
entry 405000/2595621 (15.6032%)
entry 407000/2595621 (15.6803%)
entry 408000/2595621 (15.7188%)
entry 410000/2595621 (15.7958%)
entry 414000/2595621 (15.9499%)
entry 423000/2595621 (16.2967%)
entry 427000/2595621 (16.4508%)
entry 430000/2595621 (16.5664%)
entry 431000/2595621 (16.6049%)
entry 433000/2595621 (16.6819%)
entry 434000/2595621 (16.7205%)
entry 441000/2595621 (16.9902%)
entry 442000/2595621 (17.0287%)
entry 443000/2595621 (17.0672%)
entry 446000/2595621 (17.1828%)
entry 449000/2595621 (17.2984%)
entry 451000/2595621 (17.3754%)
entry 453000/2595621 (17.4525%)
entry 455000/2595621 (17.5295%)
entry 456000/2595621 (17.5681%)
entry 457000/2595621 (17.6066%)
entry 459000/2595621 (17.6836%)
entry 461000/2595621 (17.7607%)
entry 462000/2595621 (17.7992%)
entry 469000/2595621 (18.0689%)
entry 470000/2595621 (18.1074%)
entry 479000/2595621 (18.4542%)
entry 481000/2595621 (18.5312%)
entry 493000/2595621 (18.9935%)
entry 495000/2595621 (19.0706%)
entry 496000/2595621 (19.1091%)
entry 497000/2595621 (19.1476%)
entry 498000/2595621 (19.1862%)
entry 503000/2595621 (19.3788%)
entry 504000/2595621 (19.4173%)
entry 505000/2595621 (19.4558%)
entry 507000/2595621 (19.5329%)
entry 509000/2595621 (19.61%)
entry 510000/2595621 (19.6485%)
entry 514000/2595621 (19.8026%)
entry 519000/2595621 (19.9952%)
entry 520000/2595621 (20.0337%)
entry 522000/2595621 (20.1108%)
entry 524000/2595621 (20.1878%)
entry 529000/2595621 (20.3805%)
entry 534000/2595621 (20.5731%)
entry 537000/2595621 (20.6887%)
entry 553000/2595621 (21.3051%)
entry 554000/2595621 (21.3436%)
entry 555000/2595621 (21.3822%)
entry 556000/2595621 (21.4207%)
entry 558000/2595621 (21.4977%)
entry 560000/2595621 (21.5748%)
entry 564000/2595621 (21.7289%)
entry 565000/2595621 (21.7674%)
entry 566000/2595621 (21.806%)
entry 570000/2595621 (21.9601%)
entry 573000/2595621 (22.0756%)
entry 575000/2595621 (22.1527%)
entry 578000/2595621 (22.2683%)
entry 579000/2595621 (22.3068%)
entry 582000/2595621 (22.4224%)
entry 584000/2595621 (22.4994%)
entry 585000/2595621 (22.538%)
entry 587000/2595621 (22.615%)
entry 589000/2595621 (22.6921%)
entry 592000/2595621 (22.8076%)
entry 598000/2595621 (23.0388%)
entry 606000/2595621 (23.347%)
entry 607000/2595621 (23.3855%)
entry 611000/2595621 (23.5396%)
entry 613000/2595621 (23.6167%)
entry 614000/2595621 (23.6552%)
entry 621000/2595621 (23.9249%)
entry 622000/2595621 (23.9634%)
entry 624000/2595621 (24.0405%)
entry 629000/2595621 (24.2331%)
entry 630000/2595621 (24.2716%)
entry 636000/2595621 (24.5028%)
entry 642000/2595621 (24.734%)
entry 646000/2595621 (24.8881%)
entry 649000/2595621 (25.0037%)
entry 652000/2595621 (25.1192%)
entry 657000/2595621 (25.3119%)
entry 659000/2595621 (25.3889%)
entry 662000/2595621 (25.5045%)
entry 669000/2595621 (25.7742%)
entry 671000/2595621 (25.8512%)
entry 677000/2595621 (26.0824%)
entry 681000/2595621 (26.2365%)
entry 683000/2595621 (26.3135%)
entry 690000/2595621 (26.5832%)
entry 700000/2595621 (26.9685%)
entry 702000/2595621 (27.0456%)
entry 703000/2595621 (27.0841%)
entry 708000/2595621 (27.2767%)
entry 712000/2595621 (27.4308%)
entry 713000/2595621 (27.4693%)
entry 718000/2595621 (27.662%)
entry 722000/2595621 (27.8161%)
entry 724000/2595621 (27.8931%)
entry 727000/2595621 (28.0087%)
entry 728000/2595621 (28.0472%)
entry 730000/2595621 (28.1243%)
entry 734000/2595621 (28.2784%)
entry 736000/2595621 (28.3554%)
entry 739000/2595621 (28.471%)
entry 742000/2595621 (28.5866%)
entry 743000/2595621 (28.6251%)
entry 744000/2595621 (28.6637%)
entry 745000/2595621 (28.7022%)
entry 753000/2595621 (29.0104%)
entry 754000/2595621 (29.0489%)
entry 755000/2595621 (29.0875%)
entry 756000/2595621 (29.126%)
entry 759000/2595621 (29.2416%)
entry 761000/2595621 (29.3186%)
entry 765000/2595621 (29.4727%)
entry 770000/2595621 (29.6653%)
entry 773000/2595621 (29.7809%)
entry 779000/2595621 (30.0121%)
entry 780000/2595621 (30.0506%)
entry 783000/2595621 (30.1662%)
entry 791000/2595621 (30.4744%)
entry 792000/2595621 (30.5129%)
entry 795000/2595621 (30.6285%)
entry 802000/2595621 (30.8982%)
entry 803000/2595621 (30.9367%)
entry 804000/2595621 (30.9752%)
entry 805000/2595621 (31.0138%)
entry 810000/2595621 (31.2064%)
entry 811000/2595621 (31.2449%)
entry 812000/2595621 (31.2835%)
entry 814000/2595621 (31.3605%)
entry 819000/2595621 (31.5531%)
entry 823000/2595621 (31.7072%)
entry 831000/2595621 (32.0155%)
entry 832000/2595621 (32.054%)
entry 834000/2595621 (32.131%)
entry 835000/2595621 (32.1696%)
entry 836000/2595621 (32.2081%)
entry 837000/2595621 (32.2466%)
entry 838000/2595621 (32.2851%)
entry 839000/2595621 (32.3237%)
entry 844000/2595621 (32.5163%)
entry 847000/2595621 (32.6319%)
entry 848000/2595621 (32.6704%)
entry 853000/2595621 (32.863%)
entry 854000/2595621 (32.9016%)
entry 856000/2595621 (32.9786%)
entry 858000/2595621 (33.0557%)
entry 863000/2595621 (33.2483%)
entry 864000/2595621 (33.2868%)
entry 865000/2595621 (33.3254%)
entry 870000/2595621 (33.518%)
entry 872000/2595621 (33.595%)
entry 882000/2595621 (33.9803%)
entry 883000/2595621 (34.0188%)
entry 890000/2595621 (34.2885%)
entry 891000/2595621 (34.327%)
entry 892000/2595621 (34.3656%)
entry 893000/2595621 (34.4041%)
entry 896000/2595621 (34.5197%)
entry 897000/2595621 (34.5582%)
entry 904000/2595621 (34.8279%)
entry 906000/2595621 (34.9049%)
entry 907000/2595621 (34.9435%)
entry 909000/2595621 (35.0205%)
entry 914000/2595621 (35.2132%)
entry 917000/2595621 (35.3287%)
entry 918000/2595621 (35.3673%)
entry 919000/2595621 (35.4058%)
entry 921000/2595621 (35.4828%)
entry 923000/2595621 (35.5599%)
entry 924000/2595621 (35.5984%)
entry 925000/2595621 (35.6369%)
entry 926000/2595621 (35.6755%)
entry 928000/2595621 (35.7525%)
entry 929000/2595621 (35.791%)
entry 935000/2595621 (36.0222%)
entry 938000/2595621 (36.1378%)
entry 939000/2595621 (36.1763%)
entry 943000/2595621 (36.3304%)
entry 945000/2595621 (36.4075%)
entry 953000/2595621 (36.7157%)
entry 956000/2595621 (36.8313%)
entry 962000/2595621 (37.0624%)
entry 965000/2595621 (37.178%)
entry 967000/2595621 (37.2551%)
entry 968000/2595621 (37.2936%)
entry 975000/2595621 (37.5633%)
entry 978000/2595621 (37.6788%)
entry 982000/2595621 (37.833%)
entry 983000/2595621 (37.8715%)
entry 993000/2595621 (38.2567%)
entry 994000/2595621 (38.2953%)
entry 997000/2595621 (38.4108%)
entry 1000000/2595621 (38.5264%)
entry 1006000/2595621 (38.7576%)
entry 1009000/2595621 (38.8732%)
entry 1014000/2595621 (39.0658%)
entry 1015000/2595621 (39.1043%)
entry 1020000/2595621 (39.297%)
entry 1022000/2595621 (39.374%)
entry 1023000/2595621 (39.4125%)
entry 1024000/2595621 (39.4511%)
entry 1026000/2595621 (39.5281%)
entry 1030000/2595621 (39.6822%)
entry 1038000/2595621 (39.9904%)
entry 1041000/2595621 (40.106%)
entry 1043000/2595621 (40.1831%)
entry 1046000/2595621 (40.2986%)
entry 1049000/2595621 (40.4142%)
entry 1050000/2595621 (40.4527%)
entry 1051000/2595621 (40.4913%)
entry 1055000/2595621 (40.6454%)
entry 1056000/2595621 (40.6839%)
entry 1059000/2595621 (40.7995%)
entry 1061000/2595621 (40.8765%)
entry 1063000/2595621 (40.9536%)
entry 1067000/2595621 (41.1077%)
entry 1072000/2595621 (41.3003%)
entry 1074000/2595621 (41.3774%)
entry 1078000/2595621 (41.5315%)
entry 1081000/2595621 (41.6471%)
entry 1082000/2595621 (41.6856%)
entry 1084000/2595621 (41.7626%)
entry 1085000/2595621 (41.8012%)
entry 1086000/2595621 (41.8397%)
entry 1089000/2595621 (41.9553%)
entry 1093000/2595621 (42.1094%)
entry 1098000/2595621 (42.302%)
entry 1103000/2595621 (42.4946%)
entry 1105000/2595621 (42.5717%)
entry 1111000/2595621 (42.8029%)
entry 1117000/2595621 (43.034%)
entry 1119000/2595621 (43.1111%)
entry 1121000/2595621 (43.1881%)
entry 1122000/2595621 (43.2267%)
entry 1123000/2595621 (43.2652%)
entry 1125000/2595621 (43.3422%)
entry 1133000/2595621 (43.6504%)
entry 1134000/2595621 (43.689%)
entry 1136000/2595621 (43.766%)
entry 1137000/2595621 (43.8045%)
entry 1138000/2595621 (43.8431%)
entry 1139000/2595621 (43.8816%)
entry 1148000/2595621 (44.2283%)
entry 1150000/2595621 (44.3054%)
entry 1151000/2595621 (44.3439%)
entry 1154000/2595621 (44.4595%)
entry 1159000/2595621 (44.6521%)
entry 1160000/2595621 (44.6907%)
entry 1164000/2595621 (44.8448%)
entry 1165000/2595621 (44.8833%)
entry 1168000/2595621 (44.9989%)
entry 1170000/2595621 (45.0759%)
entry 1178000/2595621 (45.3841%)
entry 1180000/2595621 (45.4612%)
entry 1182000/2595621 (45.5382%)
entry 1187000/2595621 (45.7309%)
entry 1188000/2595621 (45.7694%)
entry 1194000/2595621 (46.0006%)
entry 1195000/2595621 (46.0391%)
entry 1198000/2595621 (46.1547%)
entry 1200000/2595621 (46.2317%)
entry 1206000/2595621 (46.4629%)
entry 1208000/2595621 (46.5399%)
entry 1210000/2595621 (46.617%)
entry 1212000/2595621 (46.694%)
entry 1216000/2595621 (46.8481%)
entry 1220000/2595621 (47.0022%)
entry 1223000/2595621 (47.1178%)
entry 1226000/2595621 (47.2334%)
entry 1228000/2595621 (47.3105%)
entry 1238000/2595621 (47.6957%)
entry 1243000/2595621 (47.8883%)
entry 1246000/2595621 (48.0039%)
entry 1247000/2595621 (48.0425%)
entry 1248000/2595621 (48.081%)
entry 1249000/2595621 (48.1195%)
entry 1253000/2595621 (48.2736%)
entry 1257000/2595621 (48.4277%)
entry 1260000/2595621 (48.5433%)
entry 1263000/2595621 (48.6589%)
entry 1265000/2595621 (48.7359%)
entry 1269000/2595621 (48.89%)
entry 1271000/2595621 (48.9671%)
entry 1278000/2595621 (49.2368%)
entry 1279000/2595621 (49.2753%)
entry 1280000/2595621 (49.3138%)
entry 1282000/2595621 (49.3909%)
entry 1283000/2595621 (49.4294%)
entry 1284000/2595621 (49.4679%)
entry 1288000/2595621 (49.622%)
entry 1289000/2595621 (49.6606%)
entry 1290000/2595621 (49.6991%)
entry 1292000/2595621 (49.7761%)
entry 1295000/2595621 (49.8917%)
entry 1297000/2595621 (49.9688%)
entry 1303000/2595621 (50.1999%)
entry 1312000/2595621 (50.5467%)
entry 1319000/2595621 (50.8164%)
entry 1321000/2595621 (50.8934%)
entry 1325000/2595621 (51.0475%)
entry 1327000/2595621 (51.1246%)
entry 1330000/2595621 (51.2401%)
entry 1331000/2595621 (51.2787%)
entry 1333000/2595621 (51.3557%)
entry 1344000/2595621 (51.7795%)
entry 1349000/2595621 (51.9722%)
entry 1352000/2595621 (52.0877%)
entry 1365000/2595621 (52.5886%)
entry 1366000/2595621 (52.6271%)
entry 1367000/2595621 (52.6656%)
entry 1370000/2595621 (52.7812%)
entry 1372000/2595621 (52.8583%)
entry 1374000/2595621 (52.9353%)
entry 1379000/2595621 (53.1279%)
entry 1381000/2595621 (53.205%)
entry 1384000/2595621 (53.3206%)
entry 1390000/2595621 (53.5517%)
entry 1392000/2595621 (53.6288%)
entry 1396000/2595621 (53.7829%)
entry 1397000/2595621 (53.8214%)
entry 1399000/2595621 (53.8985%)
entry 1402000/2595621 (54.0141%)
entry 1404000/2595621 (54.0911%)
entry 1407000/2595621 (54.2067%)
entry 1416000/2595621 (54.5534%)
entry 1422000/2595621 (54.7846%)
entry 1426000/2595621 (54.9387%)
entry 1429000/2595621 (55.0543%)
entry 1435000/2595621 (55.2854%)
entry 1437000/2595621 (55.3625%)
entry 1440000/2595621 (55.4781%)
entry 1446000/2595621 (55.7092%)
entry 1448000/2595621 (55.7863%)
entry 1453000/2595621 (55.9789%)
entry 1457000/2595621 (56.133%)
entry 1458000/2595621 (56.1715%)
entry 1460000/2595621 (56.2486%)
entry 1461000/2595621 (56.2871%)
entry 1466000/2595621 (56.4797%)
entry 1468000/2595621 (56.5568%)
entry 1470000/2595621 (56.6338%)
entry 1472000/2595621 (56.7109%)
entry 1474000/2595621 (56.7879%)
entry 1475000/2595621 (56.8265%)
entry 1476000/2595621 (56.865%)
entry 1484000/2595621 (57.1732%)
entry 1491000/2595621 (57.4429%)
entry 1495000/2595621 (57.597%)
entry 1499000/2595621 (57.7511%)
entry 1504000/2595621 (57.9437%)
entry 1505000/2595621 (57.9823%)
entry 1509000/2595621 (58.1364%)
entry 1510000/2595621 (58.1749%)
entry 1514000/2595621 (58.329%)
entry 1517000/2595621 (58.4446%)
entry 1519000/2595621 (58.5216%)
entry 1521000/2595621 (58.5987%)
entry 1525000/2595621 (58.7528%)
entry 1529000/2595621 (58.9069%)
entry 1532000/2595621 (59.0225%)
entry 1538000/2595621 (59.2536%)
entry 1543000/2595621 (59.4463%)
entry 1545000/2595621 (59.5233%)
entry 1546000/2595621 (59.5619%)
entry 1547000/2595621 (59.6004%)
entry 1548000/2595621 (59.6389%)
entry 1551000/2595621 (59.7545%)
entry 1561000/2595621 (60.1398%)
entry 1564000/2595621 (60.2553%)
entry 1567000/2595621 (60.3709%)
entry 1568000/2595621 (60.4094%)
entry 1570000/2595621 (60.4865%)
entry 1571000/2595621 (60.525%)
entry 1576000/2595621 (60.7176%)
entry 1583000/2595621 (60.9873%)
entry 1584000/2595621 (61.0259%)
entry 1587000/2595621 (61.1414%)
entry 1588000/2595621 (61.18%)
entry 1590000/2595621 (61.257%)
entry 1597000/2595621 (61.5267%)
entry 1599000/2595621 (61.6038%)
entry 1612000/2595621 (62.1046%)
entry 1614000/2595621 (62.1817%)
entry 1615000/2595621 (62.2202%)
entry 1616000/2595621 (62.2587%)
entry 1618000/2595621 (62.3358%)
entry 1623000/2595621 (62.5284%)
entry 1624000/2595621 (62.5669%)
entry 1632000/2595621 (62.8751%)
entry 1633000/2595621 (62.9137%)
entry 1636000/2595621 (63.0292%)
entry 1647000/2595621 (63.453%)
entry 1648000/2595621 (63.4915%)
entry 1655000/2595621 (63.7612%)
entry 1669000/2595621 (64.3006%)
entry 1670000/2595621 (64.3391%)
entry 1672000/2595621 (64.4162%)
entry 1674000/2595621 (64.4932%)
entry 1676000/2595621 (64.5703%)
entry 1678000/2595621 (64.6473%)
entry 1680000/2595621 (64.7244%)
entry 1683000/2595621 (64.84%)
entry 1688000/2595621 (65.0326%)
entry 1691000/2595621 (65.1482%)
entry 1700000/2595621 (65.4949%)
entry 1703000/2595621 (65.6105%)
entry 1711000/2595621 (65.9187%)
entry 1712000/2595621 (65.9572%)
entry 1718000/2595621 (66.1884%)
entry 1721000/2595621 (66.304%)
entry 1723000/2595621 (66.381%)
entry 1724000/2595621 (66.4196%)
entry 1730000/2595621 (66.6507%)
entry 1734000/2595621 (66.8048%)
entry 1737000/2595621 (66.9204%)
entry 1738000/2595621 (66.9589%)
entry 1739000/2595621 (66.9975%)
entry 1741000/2595621 (67.0745%)
entry 1747000/2595621 (67.3057%)
entry 1748000/2595621 (67.3442%)
entry 1750000/2595621 (67.4212%)
entry 1752000/2595621 (67.4983%)
entry 1757000/2595621 (67.6909%)
entry 1764000/2595621 (67.9606%)
entry 1766000/2595621 (68.0377%)
entry 1767000/2595621 (68.0762%)
entry 1769000/2595621 (68.1533%)
entry 1770000/2595621 (68.1918%)
entry 1771000/2595621 (68.2303%)
entry 1773000/2595621 (68.3074%)
entry 1774000/2595621 (68.3459%)
entry 1775000/2595621 (68.3844%)
entry 1778000/2595621 (68.5%)
entry 1780000/2595621 (68.577%)
entry 1787000/2595621 (68.8467%)
entry 1792000/2595621 (69.0394%)
entry 1793000/2595621 (69.0779%)
entry 1795000/2595621 (69.1549%)
entry 1799000/2595621 (69.309%)
entry 1801000/2595621 (69.3861%)
entry 1804000/2595621 (69.5017%)
entry 1805000/2595621 (69.5402%)
entry 1809000/2595621 (69.6943%)
entry 1816000/2595621 (69.964%)
entry 1818000/2595621 (70.041%)
entry 1820000/2595621 (70.1181%)
entry 1822000/2595621 (70.1952%)
entry 1824000/2595621 (70.2722%)
entry 1827000/2595621 (70.3878%)
entry 1828000/2595621 (70.4263%)
entry 1831000/2595621 (70.5419%)
entry 1833000/2595621 (70.6189%)
entry 1836000/2595621 (70.7345%)
entry 1839000/2595621 (70.8501%)
entry 1844000/2595621 (71.0427%)
entry 1854000/2595621 (71.428%)
entry 1855000/2595621 (71.4665%)
entry 1857000/2595621 (71.5436%)
entry 1865000/2595621 (71.8518%)
entry 1873000/2595621 (72.16%)
entry 1879000/2595621 (72.3912%)
entry 1881000/2595621 (72.4682%)
entry 1882000/2595621 (72.5067%)
entry 1884000/2595621 (72.5838%)
entry 1890000/2595621 (72.8149%)
entry 1895000/2595621 (73.0076%)
entry 1896000/2595621 (73.0461%)
entry 1900000/2595621 (73.2002%)
entry 1904000/2595621 (73.3543%)
entry 1905000/2595621 (73.3928%)
entry 1910000/2595621 (73.5855%)
entry 1913000/2595621 (73.7011%)
entry 1914000/2595621 (73.7396%)
entry 1915000/2595621 (73.7781%)
entry 1916000/2595621 (73.8166%)
entry 1918000/2595621 (73.8937%)
entry 1919000/2595621 (73.9322%)
entry 1922000/2595621 (74.0478%)
entry 1924000/2595621 (74.1248%)
entry 1925000/2595621 (74.1634%)
entry 1927000/2595621 (74.2404%)
entry 1931000/2595621 (74.3945%)
entry 1932000/2595621 (74.4331%)
entry 1935000/2595621 (74.5486%)
entry 1937000/2595621 (74.6257%)
entry 1941000/2595621 (74.7798%)
entry 1943000/2595621 (74.8568%)
entry 1944000/2595621 (74.8954%)
entry 1945000/2595621 (74.9339%)
entry 1947000/2595621 (75.0109%)
entry 1949000/2595621 (75.088%)
entry 1954000/2595621 (75.2806%)
entry 1957000/2595621 (75.3962%)
entry 1960000/2595621 (75.5118%)
entry 1961000/2595621 (75.5503%)
entry 1962000/2595621 (75.5888%)
entry 1965000/2595621 (75.7044%)
entry 1966000/2595621 (75.743%)
entry 1967000/2595621 (75.7815%)
entry 1969000/2595621 (75.8585%)
entry 1974000/2595621 (76.0512%)
entry 1975000/2595621 (76.0897%)
entry 1980000/2595621 (76.2823%)
entry 1982000/2595621 (76.3594%)
entry 1986000/2595621 (76.5135%)
entry 1995000/2595621 (76.8602%)
entry 1996000/2595621 (76.8987%)
entry 2000000/2595621 (77.0528%)
entry 2001000/2595621 (77.0914%)
entry 2003000/2595621 (77.1684%)
entry 2006000/2595621 (77.284%)
entry 2007000/2595621 (77.3225%)
entry 2010000/2595621 (77.4381%)
entry 2011000/2595621 (77.4766%)
entry 2016000/2595621 (77.6693%)
entry 2017000/2595621 (77.7078%)
entry 2020000/2595621 (77.8234%)
entry 2022000/2595621 (77.9004%)
entry 2023000/2595621 (77.939%)
entry 2024000/2595621 (77.9775%)
entry 2027000/2595621 (78.0931%)
entry 2033000/2595621 (78.3242%)
entry 2034000/2595621 (78.3628%)
entry 2036000/2595621 (78.4398%)
entry 2037000/2595621 (78.4783%)
entry 2044000/2595621 (78.748%)
entry 2045000/2595621 (78.7865%)
entry 2046000/2595621 (78.8251%)
entry 2049000/2595621 (78.9406%)
entry 2050000/2595621 (78.9792%)
entry 2051000/2595621 (79.0177%)
entry 2052000/2595621 (79.0562%)
entry 2059000/2595621 (79.3259%)
entry 2066000/2595621 (79.5956%)
entry 2068000/2595621 (79.6726%)
entry 2071000/2595621 (79.7882%)
entry 2075000/2595621 (79.9423%)
entry 2082000/2595621 (80.212%)
entry 2083000/2595621 (80.2505%)
entry 2084000/2595621 (80.2891%)
entry 2085000/2595621 (80.3276%)
entry 2086000/2595621 (80.3661%)
entry 2092000/2595621 (80.5973%)
entry 2104000/2595621 (81.0596%)
entry 2108000/2595621 (81.2137%)
entry 2115000/2595621 (81.4834%)
entry 2117000/2595621 (81.5604%)
entry 2121000/2595621 (81.7145%)
entry 2124000/2595621 (81.8301%)
entry 2126000/2595621 (81.9072%)
entry 2131000/2595621 (82.0998%)
entry 2134000/2595621 (82.2154%)
entry 2138000/2595621 (82.3695%)
entry 2139000/2595621 (82.408%)
entry 2140000/2595621 (82.4466%)
entry 2141000/2595621 (82.4851%)
entry 2144000/2595621 (82.6007%)
entry 2145000/2595621 (82.6392%)
entry 2149000/2595621 (82.7933%)
entry 2155000/2595621 (83.0244%)
entry 2158000/2595621 (83.14%)
entry 2160000/2595621 (83.2171%)
entry 2161000/2595621 (83.2556%)
entry 2162000/2595621 (83.2941%)
entry 2163000/2595621 (83.3327%)
entry 2165000/2595621 (83.4097%)
entry 2167000/2595621 (83.4868%)
entry 2173000/2595621 (83.7179%)
entry 2174000/2595621 (83.7564%)
entry 2178000/2595621 (83.9106%)
entry 2179000/2595621 (83.9491%)
entry 2180000/2595621 (83.9876%)
entry 2181000/2595621 (84.0261%)
entry 2183000/2595621 (84.1032%)
entry 2188000/2595621 (84.2958%)
entry 2193000/2595621 (84.4885%)
entry 2198000/2595621 (84.6811%)
entry 2200000/2595621 (84.7581%)
entry 2201000/2595621 (84.7967%)
entry 2207000/2595621 (85.0278%)
entry 2212000/2595621 (85.2205%)
entry 2215000/2595621 (85.336%)
entry 2219000/2595621 (85.4901%)
entry 2223000/2595621 (85.6442%)
entry 2230000/2595621 (85.9139%)
entry 2231000/2595621 (85.9525%)
entry 2234000/2595621 (86.068%)
entry 2237000/2595621 (86.1836%)
entry 2239000/2595621 (86.2607%)
entry 2243000/2595621 (86.4148%)
entry 2246000/2595621 (86.5304%)
entry 2248000/2595621 (86.6074%)
entry 2253000/2595621 (86.8%)
entry 2254000/2595621 (86.8386%)
entry 2257000/2595621 (86.9541%)
entry 2258000/2595621 (86.9927%)
entry 2259000/2595621 (87.0312%)
entry 2264000/2595621 (87.2238%)
entry 2265000/2595621 (87.2624%)
entry 2271000/2595621 (87.4935%)
entry 2276000/2595621 (87.6861%)
entry 2277000/2595621 (87.7247%)
entry 2286000/2595621 (88.0714%)
entry 2287000/2595621 (88.1099%)
entry 2290000/2595621 (88.2255%)
entry 2295000/2595621 (88.4181%)
entry 2297000/2595621 (88.4952%)
entry 2300000/2595621 (88.6108%)
entry 2303000/2595621 (88.7264%)
entry 2306000/2595621 (88.8419%)
entry 2307000/2595621 (88.8805%)
entry 2311000/2595621 (89.0346%)
entry 2312000/2595621 (89.0731%)
entry 2318000/2595621 (89.3043%)
entry 2321000/2595621 (89.4198%)
entry 2322000/2595621 (89.4584%)
entry 2323000/2595621 (89.4969%)
entry 2326000/2595621 (89.6125%)
entry 2330000/2595621 (89.7666%)
entry 2331000/2595621 (89.8051%)
entry 2336000/2595621 (89.9977%)
entry 2340000/2595621 (90.1518%)
entry 2344000/2595621 (90.3059%)
entry 2347000/2595621 (90.4215%)
entry 2348000/2595621 (90.4601%)
entry 2358000/2595621 (90.8453%)
entry 2359000/2595621 (90.8838%)
entry 2361000/2595621 (90.9609%)
entry 2365000/2595621 (91.115%)
entry 2366000/2595621 (91.1535%)
entry 2367000/2595621 (91.192%)
entry 2371000/2595621 (91.3462%)
entry 2377000/2595621 (91.5773%)
entry 2378000/2595621 (91.6158%)
entry 2380000/2595621 (91.6929%)
entry 2381000/2595621 (91.7314%)
entry 2382000/2595621 (91.7699%)
entry 2384000/2595621 (91.847%)
entry 2387000/2595621 (91.9626%)
entry 2390000/2595621 (92.0782%)
entry 2402000/2595621 (92.5405%)
entry 2404000/2595621 (92.6175%)
entry 2405000/2595621 (92.6561%)
entry 2408000/2595621 (92.7716%)
entry 2410000/2595621 (92.8487%)
entry 2413000/2595621 (92.9643%)
entry 2426000/2595621 (93.4651%)
entry 2430000/2595621 (93.6192%)
entry 2434000/2595621 (93.7733%)
entry 2435000/2595621 (93.8118%)
entry 2436000/2595621 (93.8504%)
entry 2438000/2595621 (93.9274%)
entry 2441000/2595621 (94.043%)
entry 2442000/2595621 (94.0815%)
entry 2448000/2595621 (94.3127%)
entry 2449000/2595621 (94.3512%)
entry 2451000/2595621 (94.4283%)
entry 2454000/2595621 (94.5439%)
entry 2457000/2595621 (94.6594%)
entry 2458000/2595621 (94.698%)
entry 2464000/2595621 (94.9291%)
entry 2465000/2595621 (94.9676%)
entry 2468000/2595621 (95.0832%)
entry 2473000/2595621 (95.2758%)
entry 2480000/2595621 (95.5455%)
entry 2484000/2595621 (95.6996%)
entry 2486000/2595621 (95.7767%)
entry 2494000/2595621 (96.0849%)
entry 2496000/2595621 (96.162%)
entry 2502000/2595621 (96.3931%)
entry 2507000/2595621 (96.5858%)
entry 2514000/2595621 (96.8554%)
entry 2515000/2595621 (96.894%)
entry 2519000/2595621 (97.0481%)
entry 2521000/2595621 (97.1251%)
entry 2525000/2595621 (97.2792%)
entry 2529000/2595621 (97.4333%)
entry 2533000/2595621 (97.5874%)
entry 2536000/2595621 (97.703%)
entry 2540000/2595621 (97.8571%)
entry 2544000/2595621 (98.0112%)
entry 2546000/2595621 (98.0883%)
entry 2547000/2595621 (98.1268%)
entry 2551000/2595621 (98.2809%)
entry 2552000/2595621 (98.3194%)
entry 2554000/2595621 (98.3965%)
entry 2558000/2595621 (98.5506%)
entry 2561000/2595621 (98.6662%)
entry 2562000/2595621 (98.7047%)
entry 2566000/2595621 (98.8588%)
entry 2569000/2595621 (98.9744%)
entry 2570000/2595621 (99.0129%)
entry 2574000/2595621 (99.167%)
entry 2576000/2595621 (99.2441%)
entry 2577000/2595621 (99.2826%)
entry 2581000/2595621 (99.4367%)
entry 2582000/2595621 (99.4752%)
entry 2585000/2595621 (99.5908%)
entry 2589000/2595621 (99.7449%)
entry 2590000/2595621 (99.7834%)
entry 2593000/2595621 (99.899%)
all done
script done
