sphnx1150.sdcc.bnl.gov
rsyncing from /gpfs/mnt/gpfs02/sphenix/user/samfred/run25/ppg11/histmaking
running: /gpfs/mnt/gpfs02/sphenix/user/samfred/run25/ppg11/histmaking/script_data.sh 48736
LD_LIBRARY_PATH now /sphenix/user/samfred/run25/install//lib:/cvmfs/sphenix.sdcc.bnl.gov/alma9.2-gcc-14.2.0/opt/sphenix/core/gcc/14.2.0-2f0a0/x86_64-el9/lib:/cvmfs/sphenix.sdcc.bnl.gov/alma9.2-gcc-14.2.0/opt/sphenix/core/gcc/14.2.0-2f0a0/x86_64-el9/lib64:/cvmfs/sphenix.sdcc.bnl.gov/alma9.2-gcc-14.2.0/opt/sphenix/core/binutils/2.40-acaab/x86_64-el9/lib:.:/cvmfs/sphenix.sdcc.bnl.gov/alma9.2-gcc-14.2.0/release/release_new/new.10/lib64:/cvmfs/sphenix.sdcc.bnl.gov/alma9.2-gcc-14.2.0/release/release_new/new.10/lib:/cvmfs/sphenix.sdcc.bnl.gov/alma9.2-gcc-14.2.0/opt/sphenix/utils/lib:/cvmfs/sphenix.sdcc.bnl.gov/alma9.2-gcc-14.2.0/opt/sphenix/core/lib:/cvmfs/sphenix.sdcc.bnl.gov/alma9.2-gcc-14.2.0/opt/sphenix/core/root-6.32.06/lib:/cvmfs/sphenix.sdcc.bnl.gov/alma9.2-gcc-14.2.0/opt/sphenix/core/geant4.10.07.p04/lib64:/cvmfs/sphenix.sdcc.bnl.gov/alma9.2-gcc-14.2.0/opt/sphenix/core/lhapdf-5.9.1/lib:/usr/local/lib64:/usr/lib64
PATH now /sphenix/user/samfred/run25/install//bin:/cvmfs/sphenix.sdcc.bnl.gov/alma9.2-gcc-14.2.0/opt/sphenix/core/gcc/14.2.0-2f0a0/x86_64-el9/bin:/cvmfs/sphenix.sdcc.bnl.gov/alma9.2-gcc-14.2.0/opt/sphenix/core/binutils/2.40-acaab/x86_64-el9/bin:.:/cvmfs/sphenix.sdcc.bnl.gov/alma9.2-gcc-14.2.0/release/release_new/new.10/bin:/cvmfs/sphenix.sdcc.bnl.gov/alma9.2-gcc-14.2.0/opt/sphenix/utils/bin:/cvmfs/sphenix.sdcc.bnl.gov/alma9.2-gcc-14.2.0/opt/sphenix/core/bin:/cvmfs/sphenix.sdcc.bnl.gov/alma9.2-gcc-14.2.0/opt/sphenix/core/root-6.32.06/bin:/cvmfs/sphenix.sdcc.bnl.gov/alma9.2-gcc-14.2.0/opt/sphenix/core/geant4.10.07.p04/bin:/usr/local/bin:/usr/bin:/usr/local/sbin:/usr/sbin
SINGULARITY_CACHEDIR=/home/condor/local/sphnx/execute/dir_2784459
_CONDOR_CHIRP_CONFIG=/home/condor/local/sphnx/execute/dir_2784459/.chirp.config
_CONDOR_JOB_IWD=/sphenix/user/samfred/run25/ppg11/histmaking
G4ENSDFSTATEDATA=/cvmfs/sphenix.sdcc.bnl.gov/alma9.2-gcc-14.2.0/opt/sphenix/core/geant4.10.07.p04/share/Geant4-10.7.4/data/G4ENSDFSTATE2.3
_CONDOR_MACHINE_AD=/home/condor/local/sphnx/execute/dir_2784459/.machine.ad
ROOT_MAX_THREADS=1
NUMEXPR_NUM_THREADS=1
CUBACORES=1
_CHIRP_DELAYED_UPDATE_PREFIX=Chirp*
OMP_THREAD_LIMIT=1
G4PIIDATA=/cvmfs/sphenix.sdcc.bnl.gov/alma9.2-gcc-14.2.0/opt/sphenix/core/geant4.10.07.p04/share/Geant4-10.7.4/data/G4PII1.3
NO_AT_BRIDGE=1
G4_MAIN=/cvmfs/sphenix.sdcc.bnl.gov/alma9.2-gcc-14.2.0/opt/sphenix/core/geant4.10.07.p04
COMPILER_PATH=/cvmfs/sphenix.sdcc.bnl.gov/alma9.2-gcc-14.2.0/opt/sphenix/core/gcc/14.2.0-2f0a0/x86_64-el9
ROOT_INCLUDE_PATH=./:/sphenix/user/samfred/run25/install//include:/sphenix/user/samfred/run25/install//include/caloana:/sphenix/user/samfred/run25/install//include/qa_centrality:/sphenix/user/samfred/run25/install//include/mbdana:/sphenix/user/samfred/run25/install//include/centrality:/sphenix/user/samfred/run25/install//include/Event:/cvmfs/sphenix.sdcc.bnl.gov/alma9.2-gcc-14.2.0/release/release_new/new.10/include:/cvmfs/sphenix.sdcc.bnl.gov/alma9.2-gcc-14.2.0/release/release_new/new.10/include:/cvmfs/sphenix.sdcc.bnl.gov/alma9.2-gcc-14.2.0/release/release_new/new.10/include/g4mbd:/cvmfs/sphenix.sdcc.bnl.gov/alma9.2-gcc-14.2.0/release/release_new/new.10/include/fmt:/cvmfs/sphenix.sdcc.bnl.gov/alma9.2-gcc-14.2.0/release/release_new/new.10/include/ffarawobjects:/cvmfs/sphenix.sdcc.bnl.gov/alma9.2-gcc-14.2.0/release/release_new/new.10/include/JSON:/cvmfs/sphenix.sdcc.bnl.gov/alma9.2-gcc-14.2.0/release/release_new/new.10/include/calotreegen:/cvmfs/sphenix.sdcc.bnl.gov/alma9.2-gcc-14.2.0/release/release_new/new.10/include/torch:/cvmfs/sphenix.sdcc.bnl.gov/alma9.2-gcc-14.2.0/release/release_new/new.10/include/g4detectors:/cvmfs/sphenix.sdcc.bnl.gov/alma9.2-gcc-14.2.0/release/release_new/new.10/include/kineto:/cvmfs/sphenix.sdcc.bnl.gov/alma9.2-gcc-14.2.0/release/release_new/new.10/include/g4decayer:/cvmfs/sphenix.sdcc.bnl.gov/alma9.2-gcc-14.2.0/release/release_new/new.10/include/kfparticleqa:/cvmfs/sphenix.sdcc.bnl.gov/alma9.2-gcc-14.2.0/release/release_new/new.10/include/phfield:/cvmfs/sphenix.sdcc.bnl.gov/alma9.2-gcc-14.2.0/release/release_new/new.10/include/LHAPDF:/cvmfs/sphenix.sdcc.bnl.gov/alma9.2-gcc-14.2.0/release/release_new/new.10/include/readdigitalcurrents:/cvmfs/sphenix.sdcc.bnl.gov/alma9.2-gcc-14.2.0/release/release_new/new.10/include/c10:/cvmfs/sphenix.sdcc.bnl.gov/alma9.2-gcc-14.2.0/release/release_new/new.10/include/calovalid:/cvmfs/sphenix.sdcc.bnl.gov/alma9.2-gcc-14.2.0/release/release_new/new.10/include/oneapi:/cvmfs/sphenix.sdcc.bnl.gov/alma9.2-gcc-14.2.0/release/release_new/new.10/include/DDCond:/cvmfs/sphenix.sdcc.bnl.gov/alma9.2-gcc-14.2.0/release/release_new/new.10/include/g4tracking:/cvmfs/sphenix.sdcc.bnl.gov/alma9.2-gcc-14.2.0/release/release_new/new.10/include/litecaloeval:/cvmfs/sphenix.sdcc.bnl.gov/alma9.2-gcc-14.2.0/release/release_new/new.10/include/g4intt:/cvmfs/sphenix.sdcc.bnl.gov/alma9.2-gcc-14.2.0/release/release_new/new.10/include/phool:/cvmfs/sphenix.sdcc.bnl.gov/alma9.2-gcc-14.2.0/release/release_new/new.10/include/boost:/cvmfs/sphenix.sdcc.bnl.gov/alma9.2-gcc-14.2.0/release/release_new/new.10/include/Pythia8Plugins:/cvmfs/sphenix.sdcc.bnl.gov/alma9.2-gcc-14.2.0/release/release_new/new.10/include/calib_emc_pi0:/cvmfs/sphenix.sdcc.bnl.gov/alma9.2-gcc-14.2.0/release/release_new/new.10/include/hijingflipafterburner:/cvmfs/sphenix.sdcc.bnl.gov/alma9.2-gcc-14.2.0/release/release_new/new.10/include/ffaobjects:/cvmfs/sphenix.sdcc.bnl.gov/alma9.2-gcc-14.2.0/release/release_new/new.10/include/EvtGenBase:/cvmfs/sphenix.sdcc.bnl.gov/alma9.2-gcc-14.2.0/release/release_new/new.10/include/flowafterburner:/cvmfs/sphenix.sdcc.bnl.gov/alma9.2-gcc-14.2.0/release/release_new/new.10/include/google:/cvmfs/sphenix.sdcc.bnl.gov/alma9.2-gcc-14.2.0/release/release_new/new.10/include/g4tpc:/cvmfs/sphenix.sdcc.bnl.gov/alma9.2-gcc-14.2.0/release/release_new/new.10/include/caffe2:/cvmfs/sphenix.sdcc.bnl.gov/alma9.2-gcc-14.2.0/release/release_new/new.10/include/EvtGenExternal:/cvmfs/sphenix.sdcc.bnl.gov/alma9.2-gcc-14.2.0/release/release_new/new.10/include/fp16:/cvmfs/sphenix.sdcc.bnl.gov/alma9.2-gcc-14.2.0/release/release_new/new.10/include/ffamodules:/cvmfs/sphenix.sdcc.bnl.gov/alma9.2-gcc-14.2.0/release/release_new/new.10/include/uspin:/cvmfs/sphenix.sdcc.bnl.gov/alma9.2-gcc-14.2.0/release/release_new/new.10/include/Herwig:/cvmfs/sphenix.sdcc.bnl.gov/alma9.2-gcc-14.2.0/release/release_new/new.10/include/genfitexp:/cvmfs/sphenix.sdcc.bnl.gov/alma9.2-gcc-14.2.0/release/release_new/new.10/include/XML:/cvmfs/sphenix.sdcc.bnl.gov/alma9.2-gcc-14.2.0/release/release_new/new.10/include/fbgemm:/cvmfs/sphenix.sdcc.bnl.gov/alma9.2-gcc-14.2.0/release/release_new/new.10/include/DDAlign:/cvmfs/sphenix.sdcc.bnl.gov/alma9.2-gcc-14.2.0/release/release_new/new.10/include/g4mvtx:/cvmfs/sphenix.sdcc.bnl.gov/alma9.2-gcc-14.2.0/release/release_new/new.10/include/kfparticle_sphenix:/cvmfs/sphenix.sdcc.bnl.gov/alma9.2-gcc-14.2.0/release/release_new/new.10/include/fun4all:/cvmfs/sphenix.sdcc.bnl.gov/alma9.2-gcc-14.2.0/release/release_new/new.10/include/intt:/cvmfs/sphenix.sdcc.bnl.gov/alma9.2-gcc-14.2.0/release/release_new/new.10/include/eventdisplay:/cvmfs/sphenix.sdcc.bnl.gov/alma9.2-gcc-14.2.0/release/release_new/new.10/include/EvtGen:/cvmfs/sphenix.sdcc.bnl.gov/alma9.2-gcc-14.2.0/release/release_new/new.10/include/Evaluator:/cvmfs/sphenix.sdcc.bnl.gov/alma9.2-gcc-14.2.0/release/release_new/new.10/include/tpc:/cvmfs/sphenix.sdcc.bnl.gov/alma9.2-gcc-14.2.0/release/release_new/new.10/include/GenFit:/cvmfs/sphenix.sdcc.bnl.gov/alma9.2-gcc-14.2.0/release/release_new/new.10/include/prototype4:/cvmfs/sphenix.sdcc.bnl.gov/alma9.2-gcc-14.2.0/release/release_new/new.10/include/caloembedding:/cvmfs/sphenix.sdcc.bnl.gov/alma9.2-gcc-14.2.0/release/release_new/new.10/include/EvtGenModels:/cvmfs/sphenix.sdcc.bnl.gov/alma9.2-gcc-14.2.0/release/release_new/new.10/include/fastjet:/cvmfs/sphenix.sdcc.bnl.gov/alma9.2-gcc-14.2.0/release/release_new/new.10/include/DDG4:/cvmfs/sphenix.sdcc.bnl.gov/alma9.2-gcc-14.2.0/release/release_new/new.10/include/mbd:/cvmfs/sphenix.sdcc.bnl.gov/alma9.2-gcc-14.2.0/release/release_new/new.10/include/tbb:/cvmfs/sphenix.sdcc.bnl.gov/alma9.2-gcc-14.2.0/release/release_new/new.10/include/phgeom:/cvmfs/sphenix.sdcc.bnl.gov/alma9.2-gcc-14.2.0/release/release_new/new.10/include/g4epd:/cvmfs/sphenix.sdcc.bnl.gov/alma9.2-gcc-14.2.0/release/release_new/new.10/include/oncal:/cvmfs/sphenix.sdcc.bnl.gov/alma9.2-gcc-14.2.0/release/release_new/new.10/include/pybind11:/cvmfs/sphenix.sdcc.bnl.gov/alma9.2-gcc-14.2.0/release/release_new/new.10/include/tpcdistgenerator:/cvmfs/sphenix.sdcc.bnl.gov/alma9.2-gcc-14.2.0/release/release_new/new.10/include/cdbobjects:/cvmfs/sphenix.sdcc.bnl.gov/alma9.2-gcc-14.2.0/release/release_new/new.10/include/g4micromegas:/cvmfs/sphenix.sdcc.bnl.gov/alma9.2-gcc-14.2.0/release/release_new/new.10/include/g4eval:/cvmfs/sphenix.sdcc.bnl.gov/alma9.2-gcc-14.2.0/release/release_new/new.10/include/jetbackground:/cvmfs/sphenix.sdcc.bnl.gov/alma9.2-gcc-14.2.0/release/release_new/new.10/include/micromegas:/cvmfs/sphenix.sdcc.bnl.gov/alma9.2-gcc-14.2.0/release/release_new/new.10/include/hftrackefficiency:/cvmfs/sphenix.sdcc.bnl.gov/alma9.2-gcc-14.2.0/release/release_new/new.10/include/inttrawhitqa:/cvmfs/sphenix.sdcc.bnl.gov/alma9.2-gcc-14.2.0/release/release_new/new.10/include/centrality:/cvmfs/sphenix.sdcc.bnl.gov/alma9.2-gcc-14.2.0/release/release_new/new.10/include/epd:/cvmfs/sphenix.sdcc.bnl.gov/alma9.2-gcc-14.2.0/release/release_new/new.10/include/caloreco:/cvmfs/sphenix.sdcc.bnl.gov/alma9.2-gcc-14.2.0/release/release_new/new.10/include/HepMC:/cvmfs/sphenix.sdcc.bnl.gov/alma9.2-gcc-14.2.0/release/release_new/new.10/include/CLHEP:/cvmfs/sphenix.sdcc.bnl.gov/alma9.2-gcc-14.2.0/release/release_new/new.10/include/Acts:/cvmfs/sphenix.sdcc.bnl.gov/alma9.2-gcc-14.2.0/release/release_new/new.10/include/g4histos:/cvmfs/sphenix.sdcc.bnl.gov/alma9.2-gcc-14.2.0/release/release_new/new.10/include/eventplaneinfo:/cvmfs/sphenix.sdcc.bnl.gov/alma9.2-gcc-14.2.0/release/release_new/new.10/include/fillspacechargemaps:/cvmfs/sphenix.sdcc.bnl.gov/alma9.2-gcc-14.2.0/release/release_new/new.10/include/phhepmc:/cvmfs/sphenix.sdcc.bnl.gov/alma9.2-gcc-14.2.0/release/release_new/new.10/include/trackingqa:/cvmfs/sphenix.sdcc.bnl.gov/alma9.2-gcc-14.2.0/release/release_new/new.10/include/qautils:/cvmfs/sphenix.sdcc.bnl.gov/alma9.2-gcc-14.2.0/release/release_new/new.10/include/trackreco:/cvmfs/sphenix.sdcc.bnl.gov/alma9.2-gcc-14.2.0/release/release_new/new.10/include/g4ohcal:/cvmfs/sphenix.sdcc.bnl.gov/alma9.2-gcc-14.2.0/release/release_new/new.10/include/tpcdvcalib:/cvmfs/sphenix.sdcc.bnl.gov/alma9.2-gcc-14.2.0/release/release_new/new.10/include/zdcinfo:/cvmfs/sphenix.sdcc.bnl.gov/alma9.2-gcc-14.2.0/release/release_new/new.10/include/phpythia8:/cvmfs/sphenix.sdcc.bnl.gov/alma9.2-gcc-14.2.0/release/release_new/new.10/include/fun4allutils:/cvmfs/sphenix.sdcc.bnl.gov/alma9.2-gcc-14.2.0/release/release_new/new.10/include/tpcqa:/cvmfs/sphenix.sdcc.bnl.gov/alma9.2-gcc-14.2.0/release/release_new/new.10/include/Pythia8:/cvmfs/sphenix.sdcc.bnl.gov/alma9.2-gcc-14.2.0/release/release_new/new.10/include/DDRec:/cvmfs/sphenix.sdcc.bnl.gov/alma9.2-gcc-14.2.0/release/release_new/new.10/include/DDDigi:/cvmfs/sphenix.sdcc.bnl.gov/alma9.2-gcc-14.2.0/release/release_new/new.10/include/g4ihcal:/cvmfs/sphenix.sdcc.bnl.gov/alma9.2-gcc-14.2.0/release/release_new/new.10/include/frog:/cvmfs/sphenix.sdcc.bnl.gov/alma9.2-gcc-14.2.0/release/release_new/new.10/include/eigen3:/cvmfs/sphenix.sdcc.bnl.gov/alma9.2-gcc-14.2.0/release/release_new/new.10/include/tensorpipe:/cvmfs/sphenix.sdcc.bnl.gov/alma9.2-gcc-14.2.0/release/release_new/new.10/include/sphenixnpc:/cvmfs/sphenix.sdcc.bnl.gov/alma9.2-gcc-14.2.0/release/release_new/new.10/include/siscone:/cvmfs/sphenix.sdcc.bnl.gov/alma9.2-gcc-14.2.0/release/release_new/new.10/include/pmonitor:/cvmfs/sphenix.sdcc.bnl.gov/alma9.2-gcc-14.2.0/release/release_new/new.10/include/calobase:/cvmfs/sphenix.sdcc.bnl.gov/alma9.2-gcc-14.2.0/release/release_new/new.10/include/ActsExamples:/cvmfs/sphenix.sdcc.bnl.gov/alma9.2-gcc-14.2.0/release/release_new/new.10/include/g4gdml:/cvmfs/sphenix.sdcc.bnl.gov/alma9.2-gcc-14.2.0/release/release_new/new.10/include/mvtx_decoder:/cvmfs/sphenix.sdcc.bnl.gov/alma9.2-gcc-14.2.0/release/release_new/new.10/include/ROOT:/cvmfs/sphenix.sdcc.bnl.gov/alma9.2-gcc-14.2.0/release/release_new/new.10/include/phparameter:/cvmfs/sphenix.sdcc.bnl.gov/alma9.2-gcc-14.2.0/release/release_new/new.10/include/rsa:/cvmfs/sphenix.sdcc.bnl.gov/alma9.2-gcc-14.2.0/release/release_new/new.10/include/fun4allraw:/cvmfs/sphenix.sdcc.bnl.gov/alma9.2-gcc-14.2.0/release/release_new/new.10/include/trackbase_historic:/cvmfs/sphenix.sdcc.bnl.gov/alma9.2-gcc-14.2.0/release/release_new/new.10/include/g4jets:/cvmfs/sphenix.sdcc.bnl.gov/alma9.2-gcc-14.2.0/release/release_new/new.10/include/jetqa:/cvmfs/sphenix.sdcc.bnl.gov/alma9.2-gcc-14.2.0/release/release_new/new.10/include/phoolraw:/cvmfs/sphenix.sdcc.bnl.gov/alma9.2-gcc-14.2.0/release/release_new/new.10/include/g4calo:/cvmfs/sphenix.sdcc.bnl.gov/alma9.2-gcc-14.2.0/release/release_new/new.10/include/mvtxrawhitqa:/cvmfs/sphenix.sdcc.bnl.gov/alma9.2-gcc-14.2.0/release/release_new/new.10/include/HepMC3:/cvmfs/sphenix.sdcc.bnl.gov/alma9.2-gcc-14.2.0/release/release_new/new.10/include/calowaveformsim:/cvmfs/sphenix.sdcc.bnl.gov/alma9.2-gcc-14.2.0/release/release_new/new.10/include/g4caloprototype:/cvmfs/sphenix.sdcc.bnl.gov/alma9.2-gcc-14.2.0/release/release_new/new.10/include/pdbcalbase:/cvmfs/sphenix.sdcc.bnl.gov/alma9.2-gcc-14.2.0/release/release_new/new.10/include/gsl:/cvmfs/sphenix.sdcc.bnl.gov/alma9.2-gcc-14.2.0/release/release_new/new.10/include/nodedump:/cvmfs/sphenix.sdcc.bnl.gov/alma9.2-gcc-14.2.0/release/release_new/new.10/include/emcnoisytowerfinder:/cvmfs/sphenix.sdcc.bnl.gov/alma9.2-gcc-14.2.0/release/release_new/new.10/include/ActsFatras:/cvmfs/sphenix.sdcc.bnl.gov/alma9.2-gcc-14.2.0/release/release_new/new.10/include/ffarawmodules:/cvmfs/sphenix.sdcc.bnl.gov/alma9.2-gcc-14.2.0/release/release_new/new.10/include/Event:/cvmfs/sphenix.sdcc.bnl.gov/alma9.2-gcc-14.2.0/release/release_new/new.10/include/prototype3:/cvmfs/sphenix.sdcc.bnl.gov/alma9.2-gcc-14.2.0/release/release_new/new.10/include/fermimotionafterburner:/cvmfs/sphenix.sdcc.bnl.gov/alma9.2-gcc-14.2.0/release/release_new/new.10/include/Photos:/cvmfs/sphenix.sdcc.bnl.gov/alma9.2-gcc-14.2.0/release/release_new/new.10/include/xingshiftcal:/cvmfs/sphenix.sdcc.bnl.gov/alma9.2-gcc-14.2.0/release/release_new/new.10/include/trackbase:/cvmfs/sphenix.sdcc.bnl.gov/alma9.2-gcc-14.2.0/release/release_new/new.10/include/jetdstskimmer:/cvmfs/sphenix.sdcc.bnl.gov/alma9.2-gcc-14.2.0/release/release_new/new.10/include/clusteriso:/cvmfs/sphenix.sdcc.bnl.gov/alma9.2-gcc-14.2.0/release/release_new/new.10/include/asmjit:/cvmfs/sphenix.sdcc.bnl.gov/alma9.2-gcc-14.2.0/release/release_new/new.10/include/particleflowreco:/cvmfs/sphenix.sdcc.bnl.gov/alma9.2-gcc-14.2.0/release/release_new/new.10/include/tpchittrackdisplay:/cvmfs/sphenix.sdcc.bnl.gov/alma9.2-gcc-14.2.0/release/release_new/new.10/include/caloana:/cvmfs/sphenix.sdcc.bnl.gov/alma9.2-gcc-14.2.0/release/release_new/new.10/include/calotrigger:/cvmfs/sphenix.sdcc.bnl.gov/alma9.2-gcc-14.2.0/release/release_new/new.10/include/nopayloadclient:/cvmfs/sphenix.sdcc.bnl.gov/alma9.2-gcc-14.2.0/release/release_new/new.10/include/trackermillepedealignment:/cvmfs/sphenix.sdcc.bnl.gov/alma9.2-gcc-14.2.0/release/release_new/new.10/include/DD4hep:/cvmfs/sphenix.sdcc.bnl.gov/alma9.2-gcc-14.2.0/release/release_new/new.10/include/g4trackfastsim:/cvmfs/sphenix.sdcc.bnl.gov/alma9.2-gcc-14.2.0/release/release_new/new.10/include/prototype2:/cvmfs/sphenix.sdcc.bnl.gov/alma9.2-gcc-14.2.0/release/release_new/new.10/include/ATen:/cvmfs/sphenix.sdcc.bnl.gov/alma9.2-gcc-14.2.0/release/release_new/new.10/include/g4main:/cvmfs/sphenix.sdcc.bnl.gov/alma9.2-gcc-14.2.0/release/release_new/new.10/include/Tauola:/cvmfs/sphenix.sdcc.bnl.gov/alma9.2-gcc-14.2.0/release/release_new/new.10/include/inttcalib:/cvmfs/sphenix.sdcc.bnl.gov/alma9.2-gcc-14.2.0/release/release_new/new.10/include/reactionplaneafterburner:/cvmfs/sphenix.sdcc.bnl.gov/alma9.2-gcc-14.2.0/release/release_new/new.10/include/globalqa:/cvmfs/sphenix.sdcc.bnl.gov/alma9.2-gcc-14.2.0/release/release_new/new.10/include/tpccalib:/cvmfs/sphenix.sdcc.bnl.gov/alma9.2-gcc-14.2.0/release/release_new/new.10/include/DDSegmentation:/cvmfs/sphenix.sdcc.bnl.gov/alma9.2-gcc-14.2.0/release/release_new/new.10/include/decayfinder:/cvmfs/sphenix.sdcc.bnl.gov/alma9.2-gcc-14.2.0/release/release_new/new.10/include/compressclus:/cvmfs/sphenix.sdcc.bnl.gov/alma9.2-gcc-14.2.0/release/release_new/new.10/include/simqa_modules:/cvmfs/sphenix.sdcc.bnl.gov/alma9.2-gcc-14.2.0/release/release_new/new.10/include/resonancejettagging:/cvmfs/sphenix.sdcc.bnl.gov/alma9.2-gcc-14.2.0/release/release_new/new.10/include/g4centrality:/cvmfs/sphenix.sdcc.bnl.gov/alma9.2-gcc-14.2.0/release/release_new/new.10/include/mvtx:/cvmfs/sphenix.sdcc.bnl.gov/alma9.2-gcc-14.2.0/release/release_new/new.10/include/nlohmann:/cvmfs/sphenix.sdcc.bnl.gov/alma9.2-gcc-14.2.0/release/release_new/new.10/include/localpoloffmon:/cvmfs/sphenix.sdcc.bnl.gov/alma9.2-gcc-14.2.0/release/release_new/new.10/include/DDEve:/cvmfs/sphenix.sdcc.bnl.gov/alma9.2-gcc-14.2.0/release/release_new/new.10/include/Parsers:/cvmfs/sphenix.sdcc.bnl.gov/alma9.2-gcc-14.2.0/release/release_new/new.10/include/trackingdiagnostics:/cvmfs/sphenix.sdcc.bnl.gov/alma9.2-gcc-14.2.0/release/release_new/new.10/include/g4vertex:/cvmfs/sphenix.sdcc.bnl.gov/alma9.2-gcc-14.2.0/release/release_new/new.10/include/jetbase:/cvmfs/sphenix.sdcc.bnl.gov/alma9.2-gcc-14.2.0/release/release_new/new.10/include/globalvertex:/cvmfs/sphenix.sdcc.bnl.gov/alma9.2-gcc-14.2.0/release/release_new/new.10/include/phgenfit:/cvmfs/sphenix.sdcc.bnl.gov/alma9.2-gcc-14.2.0/release/release_new/new.10/include/rawbcolumi:/cvmfs/sphenix.sdcc.bnl.gov/alma9.2-gcc-14.2.0/release/release_new/new.10/include/eicsmear:/cvmfs/sphenix.sdcc.bnl.gov/alma9.2-gcc-14.2.0/release/release_new/new.10/include/mvtxcalib:/cvmfs/sphenix.sdcc.bnl.gov/alma9.2-gcc-14.2.0/release/release_new/new.10/include/tpclinelaserdiode:/cvmfs/sphenix.sdcc.bnl.gov/alma9.2-gcc-14.2.0/release/release_new/new.10/include/hepmcjettrigger:/cvmfs/sphenix.sdcc.bnl.gov/alma9.2-gcc-14.2.0/release/release_new/new.10/include/core:/cvmfs/sphenix.sdcc.bnl.gov/alma9.2-gcc-14.2.0/release/release_new/new.10/include/calo_cdb:/cvmfs/sphenix.sdcc.bnl.gov/alma9.2-gcc-14.2.0/release/release_new/new.10/include/mvtxclustershapesqa:/cvmfs/sphenix.sdcc.bnl.gov/alma9.2-gcc-14.2.0/release/release_new/new.10/include/calopacketskimmer:/cvmfs/sphenix.sdcc.bnl.gov/alma9.2-gcc-14.2.0/opt/sphenix/core/geant4.10.07.p04/include:/cvmfs/sphenix.sdcc.bnl.gov/alma9.2-gcc-14.2.0/release/release_new/new.10/rootmacros:/cvmfs/sphenix.sdcc.bnl.gov/alma9.2-gcc-14.2.0/opt/sphenix/core/include
GSEARCHPATH=.:PG:LUSTRE:RAWDATA
PWD=/gpfs/mnt/gpfs02/sphenix/user/samfred/run25/ppg11/histmaking
LOGNAME=samfred
_CONDOR_JOB_AD=/home/condor/local/sphnx/execute/dir_2784459/.job.ad
MANPATH=/cvmfs/sphenix.sdcc.bnl.gov/alma9.2-gcc-14.2.0/opt/sphenix/core/gcc/14.2.0-2f0a0/x86_64-el9/share/man:/cvmfs/sphenix.sdcc.bnl.gov/alma9.2-gcc-14.2.0/opt/sphenix/core/binutils/2.40-acaab/x86_64-el9/share/man:/cvmfs/sphenix.sdcc.bnl.gov/alma9.2-gcc-14.2.0/release/release_new/new.10/share/man:/cvmfs/sphenix.sdcc.bnl.gov/alma9.2-gcc-14.2.0/opt/sphenix/utils/share/man:/cvmfs/sphenix.sdcc.bnl.gov/alma9.2-gcc-14.2.0/opt/sphenix/core/share/man:/cvmfs/sphenix.sdcc.bnl.gov/alma9.2-gcc-14.2.0/opt/sphenix/core/root-6.32.06/man:/usr/local/share/man:/usr/share/man
PYTHIA8=/cvmfs/sphenix.sdcc.bnl.gov/alma9.2-gcc-14.2.0/release/release_new/new.10/share/Pythia8
G4INCLDATA=/cvmfs/sphenix.sdcc.bnl.gov/alma9.2-gcc-14.2.0/opt/sphenix/core/geant4.10.07.p04/share/Geant4-10.7.4/data/G4INCL1.0
ORIG_PATH=/usr/local/bin:/usr/bin
CXX=/cvmfs/sphenix.sdcc.bnl.gov/alma9.2-gcc-14.2.0/opt/sphenix/core/gcc/14.2.0-2f0a0/x86_64-el9/bin/g++
G4LEDATA=/cvmfs/sphenix.sdcc.bnl.gov/alma9.2-gcc-14.2.0/opt/sphenix/core/geant4.10.07.p04/share/Geant4-10.7.4/data/G4EMLOW7.13
PYTHON_CPU_COUNT=1
OPENBLAS_NUM_THREADS=1
_CONDOR_BIN=/usr/bin
HOME=/sphenix/u/samfred
G4PARTICLEXSDATA=/cvmfs/sphenix.sdcc.bnl.gov/alma9.2-gcc-14.2.0/opt/sphenix/core/geant4.10.07.p04/share/Geant4-10.7.4/data/G4PARTICLEXS3.1.1
ONLINE_MAIN=/cvmfs/sphenix.sdcc.bnl.gov/alma9.2-gcc-14.2.0/release/release_new/new.10
CALIBRATIONROOT=/cvmfs/sphenix.sdcc.bnl.gov/alma9.2-gcc-14.2.0/release/release_new/new.10/share/calibrations
TMPDIR=/tmp
_CONDOR_SCRATCH_DIR=/home/condor/local/sphnx/execute/dir_2784459
PGUSER=phnxrc
NOPAYLOADCLIENT_CONF=/cvmfs/sphenix.sdcc.bnl.gov/alma9.2-gcc-14.2.0/opt/sphenix/core/etc/sPHENIX_newcdb.json
XERCESCROOT=/cvmfs/sphenix.sdcc.bnl.gov/alma9.2-gcc-14.2.0/opt/sphenix/core/geant4.10.07.p04
LHAPATH=/cvmfs/sphenix.sdcc.bnl.gov/alma9.2-gcc-14.2.0/opt/sphenix/core/lhapdf-5.9.1/share/lhapdf/PDFsets
G4NEUTRONHPDATA=/cvmfs/sphenix.sdcc.bnl.gov/alma9.2-gcc-14.2.0/opt/sphenix/core/geant4.10.07.p04/share/Geant4-10.7.4/data/G4NDL4.6
PYTHONPATH=.:/cvmfs/sphenix.sdcc.bnl.gov/alma9.2-gcc-14.2.0/release/release_new/new.10/lib/python3.13/site-packages:/cvmfs/sphenix.sdcc.bnl.gov/alma9.2-gcc-14.2.0/opt/sphenix/core/lib/python3.13/site-packages:/cvmfs/sphenix.sdcc.bnl.gov/alma9.2-gcc-14.2.0/opt/sphenix/core/root-6.32.06/lib
USER=samfred
_CONDOR_JOB_PIDS=
_CONDOR_ANCESTOR_290010=2784459:1759352691:611292440
TEMP=/tmp
GOMAXPROCS=1
OFFLINE_MAIN=/cvmfs/sphenix.sdcc.bnl.gov/alma9.2-gcc-14.2.0/release/release_new/new.10
SHLVL=1
TF_NUM_THREADS=1
G4SAIDXSDATA=/cvmfs/sphenix.sdcc.bnl.gov/alma9.2-gcc-14.2.0/opt/sphenix/core/geant4.10.07.p04/share/Geant4-10.7.4/data/G4SAIDDATA2.0
APPTAINER_CACHEDIR=/home/condor/local/sphnx/execute/dir_2784459
ROOTSYS=/cvmfs/sphenix.sdcc.bnl.gov/alma9.2-gcc-14.2.0/opt/sphenix/core/root-6.32.06
BATCH_SYSTEM=HTCondor
_CONDOR_SLOT=slot1_17
LD_LIBRARY_PATH=/sphenix/user/samfred/run25/install//lib:/cvmfs/sphenix.sdcc.bnl.gov/alma9.2-gcc-14.2.0/opt/sphenix/core/gcc/14.2.0-2f0a0/x86_64-el9/lib:/cvmfs/sphenix.sdcc.bnl.gov/alma9.2-gcc-14.2.0/opt/sphenix/core/gcc/14.2.0-2f0a0/x86_64-el9/lib64:/cvmfs/sphenix.sdcc.bnl.gov/alma9.2-gcc-14.2.0/opt/sphenix/core/binutils/2.40-acaab/x86_64-el9/lib:.:/cvmfs/sphenix.sdcc.bnl.gov/alma9.2-gcc-14.2.0/release/release_new/new.10/lib64:/cvmfs/sphenix.sdcc.bnl.gov/alma9.2-gcc-14.2.0/release/release_new/new.10/lib:/cvmfs/sphenix.sdcc.bnl.gov/alma9.2-gcc-14.2.0/opt/sphenix/utils/lib:/cvmfs/sphenix.sdcc.bnl.gov/alma9.2-gcc-14.2.0/opt/sphenix/core/lib:/cvmfs/sphenix.sdcc.bnl.gov/alma9.2-gcc-14.2.0/opt/sphenix/core/root-6.32.06/lib:/cvmfs/sphenix.sdcc.bnl.gov/alma9.2-gcc-14.2.0/opt/sphenix/core/geant4.10.07.p04/lib64:/cvmfs/sphenix.sdcc.bnl.gov/alma9.2-gcc-14.2.0/opt/sphenix/core/lhapdf-5.9.1/lib:/usr/local/lib64:/usr/lib64
OPT_SPHENIX=/cvmfs/sphenix.sdcc.bnl.gov/alma9.2-gcc-14.2.0/opt/sphenix/core
TF_LOOP_PARALLEL_ITERATIONS=1
_CONDOR_ANCESTOR_289974=290010:1756523324:2304223535
EVT_LIB=/cvmfs/sphenix.sdcc.bnl.gov/alma9.2-gcc-14.2.0/opt/sphenix/core/root-6.32.06/lib
PGHOST=sphnxdbmaster.sdcc.bnl.gov
OMP_NUM_THREADS=1
G4REALSURFACEDATA=/cvmfs/sphenix.sdcc.bnl.gov/alma9.2-gcc-14.2.0/opt/sphenix/core/geant4.10.07.p04/share/Geant4-10.7.4/data/RealSurface2.2
FC=/cvmfs/sphenix.sdcc.bnl.gov/alma9.2-gcc-14.2.0/opt/sphenix/core/gcc/14.2.0-2f0a0/x86_64-el9/bin/gfortran
G4ABLADATA=/cvmfs/sphenix.sdcc.bnl.gov/alma9.2-gcc-14.2.0/opt/sphenix/core/geant4.10.07.p04/share/Geant4-10.7.4/data/G4ABLA3.1
PARASOFT=doesnotexist
TMP=/tmp
OPT_UTILS=/cvmfs/sphenix.sdcc.bnl.gov/alma9.2-gcc-14.2.0/opt/sphenix/utils
CONFIG_SITE=/cvmfs/sphenix.sdcc.bnl.gov/alma9.2-gcc-14.2.0/opt/sphenix/core/etc/config.site
PATH=/sphenix/user/samfred/run25/install//bin:/cvmfs/sphenix.sdcc.bnl.gov/alma9.2-gcc-14.2.0/opt/sphenix/core/gcc/14.2.0-2f0a0/x86_64-el9/bin:/cvmfs/sphenix.sdcc.bnl.gov/alma9.2-gcc-14.2.0/opt/sphenix/core/binutils/2.40-acaab/x86_64-el9/bin:.:/cvmfs/sphenix.sdcc.bnl.gov/alma9.2-gcc-14.2.0/release/release_new/new.10/bin:/cvmfs/sphenix.sdcc.bnl.gov/alma9.2-gcc-14.2.0/opt/sphenix/utils/bin:/cvmfs/sphenix.sdcc.bnl.gov/alma9.2-gcc-14.2.0/opt/sphenix/core/bin:/cvmfs/sphenix.sdcc.bnl.gov/alma9.2-gcc-14.2.0/opt/sphenix/core/root-6.32.06/bin:/cvmfs/sphenix.sdcc.bnl.gov/alma9.2-gcc-14.2.0/opt/sphenix/core/geant4.10.07.p04/bin:/usr/local/bin:/usr/bin:/usr/local/sbin:/usr/sbin
G4LEVELGAMMADATA=/cvmfs/sphenix.sdcc.bnl.gov/alma9.2-gcc-14.2.0/opt/sphenix/core/geant4.10.07.p04/share/Geant4-10.7.4/data/PhotonEvaporation5.7
CC=/cvmfs/sphenix.sdcc.bnl.gov/alma9.2-gcc-14.2.0/opt/sphenix/core/gcc/14.2.0-2f0a0/x86_64-el9/bin/gcc
G4RADIOACTIVEDATA=/cvmfs/sphenix.sdcc.bnl.gov/alma9.2-gcc-14.2.0/opt/sphenix/core/geant4.10.07.p04/share/Geant4-10.7.4/data/RadioactiveDecay5.6
JULIA_NUM_THREADS=1
MKL_NUM_THREADS=1
_CONDOR_ANCESTOR_2784459=2794832:1759352691:971890977
LHAPDF_DATA_PATH=/cvmfs/sphenix.sdcc.bnl.gov/alma9.2-gcc-14.2.0/release/release_new/new.10/share/LHAPDF
XPLOAD_CONFIG_DIR=/cvmfs/sphenix.sdcc.bnl.gov/alma9.2-gcc-14.2.0/opt/sphenix/core/etc
OLDPWD=/cvmfs/sphenix.sdcc.bnl.gov/alma9.2-gcc-14.2.0/release/release_new/new.10/geant4
_=/usr/bin/printenv
runnumber...
48736
trigger...

   ------------------------------------------------------------------
  | Welcome to ROOT 6.32.06                        https://root.cern |
  | (c) 1995-2024, The ROOT Team; conception: R. Brun, F. Rademakers |
  | Built for linuxx8664gcc on Dec 13 2024, 17:23:48                 |
  | From tags/6-32-06@6-32-06                                        |
  | With g++ (GCC) 14.2.0                                            |
  | Try '.help'/'.?', '.demo', '.license', '.credits', '.quit'/'.q'  |
   ------------------------------------------------------------------


Processing data_histmaker.C(48736)...
entry 6000/3644415 (0.164635%)
entry 11000/3644415 (0.301832%)
entry 13000/3644415 (0.35671%)
entry 14000/3644415 (0.384149%)
entry 15000/3644415 (0.411589%)
entry 17000/3644415 (0.466467%)
entry 23000/3644415 (0.631103%)
entry 25000/3644415 (0.685981%)
entry 27000/3644415 (0.74086%)
entry 28000/3644415 (0.768299%)
entry 31000/3644415 (0.850617%)
entry 32000/3644415 (0.878056%)
entry 35000/3644415 (0.960374%)
entry 36000/3644415 (0.987813%)
entry 37000/3644415 (1.01525%)
entry 40000/3644415 (1.09757%)
entry 41000/3644415 (1.12501%)
entry 42000/3644415 (1.15245%)
entry 43000/3644415 (1.17989%)
entry 46000/3644415 (1.26221%)
entry 49000/3644415 (1.34452%)
entry 53000/3644415 (1.45428%)
entry 56000/3644415 (1.5366%)
entry 60000/3644415 (1.64635%)
entry 62000/3644415 (1.70123%)
entry 63000/3644415 (1.72867%)
entry 65000/3644415 (1.78355%)
entry 70000/3644415 (1.92075%)
entry 71000/3644415 (1.94819%)
entry 72000/3644415 (1.97563%)
entry 75000/3644415 (2.05794%)
entry 76000/3644415 (2.08538%)
entry 81000/3644415 (2.22258%)
entry 85000/3644415 (2.33234%)
entry 86000/3644415 (2.35978%)
entry 87000/3644415 (2.38721%)
entry 90000/3644415 (2.46953%)
entry 92000/3644415 (2.52441%)
entry 93000/3644415 (2.55185%)
entry 95000/3644415 (2.60673%)
entry 100000/3644415 (2.74392%)
entry 102000/3644415 (2.7988%)
entry 103000/3644415 (2.82624%)
entry 104000/3644415 (2.85368%)
entry 108000/3644415 (2.96344%)
entry 116000/3644415 (3.18295%)
entry 117000/3644415 (3.21039%)
entry 118000/3644415 (3.23783%)
entry 119000/3644415 (3.26527%)
entry 126000/3644415 (3.45735%)
entry 132000/3644415 (3.62198%)
entry 133000/3644415 (3.64942%)
entry 134000/3644415 (3.67686%)
entry 136000/3644415 (3.73174%)
entry 142000/3644415 (3.89637%)
entry 143000/3644415 (3.92381%)
entry 148000/3644415 (4.06101%)
entry 150000/3644415 (4.11589%)
entry 154000/3644415 (4.22564%)
entry 157000/3644415 (4.30796%)
entry 158000/3644415 (4.3354%)
entry 168000/3644415 (4.60979%)
entry 171000/3644415 (4.69211%)
entry 172000/3644415 (4.71955%)
entry 175000/3644415 (4.80187%)
entry 177000/3644415 (4.85675%)
entry 186000/3644415 (5.1037%)
entry 187000/3644415 (5.13114%)
entry 189000/3644415 (5.18602%)
entry 191000/3644415 (5.2409%)
entry 192000/3644415 (5.26834%)
entry 197000/3644415 (5.40553%)
entry 199000/3644415 (5.46041%)
entry 201000/3644415 (5.51529%)
entry 202000/3644415 (5.54273%)
entry 205000/3644415 (5.62505%)
entry 209000/3644415 (5.7348%)
entry 213000/3644415 (5.84456%)
entry 214000/3644415 (5.872%)
entry 215000/3644415 (5.89944%)
entry 220000/3644415 (6.03663%)
entry 223000/3644415 (6.11895%)
entry 225000/3644415 (6.17383%)
entry 226000/3644415 (6.20127%)
entry 227000/3644415 (6.22871%)
entry 228000/3644415 (6.25615%)
entry 229000/3644415 (6.28359%)
entry 232000/3644415 (6.3659%)
entry 234000/3644415 (6.42078%)
entry 244000/3644415 (6.69518%)
entry 245000/3644415 (6.72262%)
entry 246000/3644415 (6.75005%)
entry 247000/3644415 (6.77749%)
entry 249000/3644415 (6.83237%)
entry 250000/3644415 (6.85981%)
entry 255000/3644415 (6.99701%)
entry 257000/3644415 (7.05189%)
entry 260000/3644415 (7.1342%)
entry 261000/3644415 (7.16164%)
entry 263000/3644415 (7.21652%)
entry 265000/3644415 (7.2714%)
entry 266000/3644415 (7.29884%)
entry 270000/3644415 (7.4086%)
entry 272000/3644415 (7.46347%)
entry 273000/3644415 (7.49091%)
entry 274000/3644415 (7.51835%)
entry 278000/3644415 (7.62811%)
entry 279000/3644415 (7.65555%)
entry 280000/3644415 (7.68299%)
entry 281000/3644415 (7.71043%)
entry 282000/3644415 (7.73787%)
entry 284000/3644415 (7.79275%)
entry 285000/3644415 (7.82019%)
entry 291000/3644415 (7.98482%)
entry 294000/3644415 (8.06714%)
entry 295000/3644415 (8.09458%)
entry 297000/3644415 (8.14946%)
entry 299000/3644415 (8.20433%)
entry 301000/3644415 (8.25921%)
entry 304000/3644415 (8.34153%)
entry 307000/3644415 (8.42385%)
entry 308000/3644415 (8.45129%)
entry 315000/3644415 (8.64336%)
entry 321000/3644415 (8.808%)
entry 323000/3644415 (8.86288%)
entry 325000/3644415 (8.91775%)
entry 326000/3644415 (8.94519%)
entry 329000/3644415 (9.02751%)
entry 333000/3644415 (9.13727%)
entry 335000/3644415 (9.19215%)
entry 336000/3644415 (9.21959%)
entry 340000/3644415 (9.32934%)
entry 341000/3644415 (9.35678%)
entry 347000/3644415 (9.52142%)
entry 351000/3644415 (9.63118%)
entry 354000/3644415 (9.71349%)
entry 355000/3644415 (9.74093%)
entry 356000/3644415 (9.76837%)
entry 358000/3644415 (9.82325%)
entry 360000/3644415 (9.87813%)
entry 365000/3644415 (10.0153%)
entry 370000/3644415 (10.1525%)
entry 378000/3644415 (10.372%)
entry 382000/3644415 (10.4818%)
entry 384000/3644415 (10.5367%)
entry 386000/3644415 (10.5915%)
entry 392000/3644415 (10.7562%)
entry 396000/3644415 (10.8659%)
entry 404000/3644415 (11.0855%)
entry 405000/3644415 (11.1129%)
entry 408000/3644415 (11.1952%)
entry 409000/3644415 (11.2227%)
entry 411000/3644415 (11.2775%)
entry 413000/3644415 (11.3324%)
entry 415000/3644415 (11.3873%)
entry 417000/3644415 (11.4422%)
entry 421000/3644415 (11.5519%)
entry 427000/3644415 (11.7166%)
entry 428000/3644415 (11.744%)
entry 429000/3644415 (11.7714%)
entry 432000/3644415 (11.8538%)
entry 433000/3644415 (11.8812%)
entry 434000/3644415 (11.9086%)
entry 435000/3644415 (11.9361%)
entry 438000/3644415 (12.0184%)
entry 443000/3644415 (12.1556%)
entry 444000/3644415 (12.183%)
entry 449000/3644415 (12.3202%)
entry 451000/3644415 (12.3751%)
entry 452000/3644415 (12.4025%)
entry 454000/3644415 (12.4574%)
entry 460000/3644415 (12.6221%)
entry 462000/3644415 (12.6769%)
entry 463000/3644415 (12.7044%)
entry 467000/3644415 (12.8141%)
entry 468000/3644415 (12.8416%)
entry 473000/3644415 (12.9788%)
entry 475000/3644415 (13.0336%)
entry 479000/3644415 (13.1434%)
entry 480000/3644415 (13.1708%)
entry 481000/3644415 (13.1983%)
entry 489000/3644415 (13.4178%)
entry 491000/3644415 (13.4727%)
entry 494000/3644415 (13.555%)
entry 496000/3644415 (13.6099%)
entry 499000/3644415 (13.6922%)
entry 506000/3644415 (13.8843%)
entry 509000/3644415 (13.9666%)
entry 510000/3644415 (13.994%)
entry 512000/3644415 (14.0489%)
entry 514000/3644415 (14.1038%)
entry 516000/3644415 (14.1587%)
entry 517000/3644415 (14.1861%)
entry 520000/3644415 (14.2684%)
entry 522000/3644415 (14.3233%)
entry 524000/3644415 (14.3782%)
entry 525000/3644415 (14.4056%)
entry 526000/3644415 (14.433%)
entry 529000/3644415 (14.5154%)
entry 535000/3644415 (14.68%)
entry 537000/3644415 (14.7349%)
entry 539000/3644415 (14.7898%)
entry 540000/3644415 (14.8172%)
entry 543000/3644415 (14.8995%)
entry 544000/3644415 (14.9269%)
entry 545000/3644415 (14.9544%)
entry 546000/3644415 (14.9818%)
entry 551000/3644415 (15.119%)
entry 553000/3644415 (15.1739%)
entry 556000/3644415 (15.2562%)
entry 557000/3644415 (15.2837%)
entry 559000/3644415 (15.3385%)
entry 560000/3644415 (15.366%)
entry 562000/3644415 (15.4209%)
entry 566000/3644415 (15.5306%)
entry 567000/3644415 (15.5581%)
entry 574000/3644415 (15.7501%)
entry 575000/3644415 (15.7776%)
entry 576000/3644415 (15.805%)
entry 578000/3644415 (15.8599%)
entry 579000/3644415 (15.8873%)
entry 585000/3644415 (16.052%)
entry 586000/3644415 (16.0794%)
entry 588000/3644415 (16.1343%)
entry 593000/3644415 (16.2715%)
entry 594000/3644415 (16.2989%)
entry 595000/3644415 (16.3264%)
entry 597000/3644415 (16.3812%)
entry 604000/3644415 (16.5733%)
entry 605000/3644415 (16.6007%)
entry 610000/3644415 (16.7379%)
entry 612000/3644415 (16.7928%)
entry 615000/3644415 (16.8751%)
entry 619000/3644415 (16.9849%)
entry 620000/3644415 (17.0123%)
entry 621000/3644415 (17.0398%)
entry 623000/3644415 (17.0947%)
entry 624000/3644415 (17.1221%)
entry 632000/3644415 (17.3416%)
entry 634000/3644415 (17.3965%)
entry 635000/3644415 (17.4239%)
entry 636000/3644415 (17.4514%)
entry 638000/3644415 (17.5062%)
entry 639000/3644415 (17.5337%)
entry 641000/3644415 (17.5886%)
entry 642000/3644415 (17.616%)
entry 646000/3644415 (17.7258%)
entry 647000/3644415 (17.7532%)
entry 651000/3644415 (17.8629%)
entry 653000/3644415 (17.9178%)
entry 654000/3644415 (17.9453%)
entry 656000/3644415 (18.0001%)
entry 660000/3644415 (18.1099%)
entry 661000/3644415 (18.1373%)
entry 662000/3644415 (18.1648%)
entry 664000/3644415 (18.2197%)
entry 665000/3644415 (18.2471%)
entry 666000/3644415 (18.2745%)
entry 669000/3644415 (18.3569%)
entry 671000/3644415 (18.4117%)
entry 673000/3644415 (18.4666%)
entry 676000/3644415 (18.5489%)
entry 679000/3644415 (18.6312%)
entry 681000/3644415 (18.6861%)
entry 684000/3644415 (18.7684%)
entry 685000/3644415 (18.7959%)
entry 686000/3644415 (18.8233%)
entry 687000/3644415 (18.8508%)
entry 693000/3644415 (19.0154%)
entry 694000/3644415 (19.0428%)
entry 695000/3644415 (19.0703%)
entry 700000/3644415 (19.2075%)
entry 705000/3644415 (19.3447%)
entry 708000/3644415 (19.427%)
entry 709000/3644415 (19.4544%)
entry 712000/3644415 (19.5367%)
entry 713000/3644415 (19.5642%)
entry 720000/3644415 (19.7563%)
entry 731000/3644415 (20.0581%)
entry 733000/3644415 (20.113%)
entry 734000/3644415 (20.1404%)
entry 735000/3644415 (20.1678%)
entry 736000/3644415 (20.1953%)
entry 737000/3644415 (20.2227%)
entry 740000/3644415 (20.305%)
entry 741000/3644415 (20.3325%)
entry 746000/3644415 (20.4697%)
entry 749000/3644415 (20.552%)
entry 750000/3644415 (20.5794%)
entry 751000/3644415 (20.6069%)
entry 756000/3644415 (20.7441%)
entry 757000/3644415 (20.7715%)
entry 759000/3644415 (20.8264%)
entry 763000/3644415 (20.9361%)
entry 767000/3644415 (21.0459%)
entry 768000/3644415 (21.0733%)
entry 770000/3644415 (21.1282%)
entry 771000/3644415 (21.1557%)
entry 772000/3644415 (21.1831%)
entry 774000/3644415 (21.238%)
entry 776000/3644415 (21.2929%)
entry 778000/3644415 (21.3477%)
entry 779000/3644415 (21.3752%)
entry 780000/3644415 (21.4026%)
entry 783000/3644415 (21.4849%)
entry 785000/3644415 (21.5398%)
entry 786000/3644415 (21.5672%)
entry 789000/3644415 (21.6496%)
entry 791000/3644415 (21.7044%)
entry 796000/3644415 (21.8416%)
entry 801000/3644415 (21.9788%)
entry 802000/3644415 (22.0063%)
entry 803000/3644415 (22.0337%)
entry 804000/3644415 (22.0612%)
entry 806000/3644415 (22.116%)
entry 807000/3644415 (22.1435%)
entry 811000/3644415 (22.2532%)
entry 813000/3644415 (22.3081%)
entry 816000/3644415 (22.3904%)
entry 824000/3644415 (22.6099%)
entry 826000/3644415 (22.6648%)
entry 828000/3644415 (22.7197%)
entry 830000/3644415 (22.7746%)
entry 832000/3644415 (22.8295%)
entry 833000/3644415 (22.8569%)
entry 835000/3644415 (22.9118%)
entry 842000/3644415 (23.1038%)
entry 847000/3644415 (23.241%)
entry 848000/3644415 (23.2685%)
entry 849000/3644415 (23.2959%)
entry 850000/3644415 (23.3234%)
entry 851000/3644415 (23.3508%)
entry 852000/3644415 (23.3782%)
entry 854000/3644415 (23.4331%)
entry 857000/3644415 (23.5154%)
entry 858000/3644415 (23.5429%)
entry 861000/3644415 (23.6252%)
entry 862000/3644415 (23.6526%)
entry 864000/3644415 (23.7075%)
entry 870000/3644415 (23.8721%)
entry 880000/3644415 (24.1465%)
entry 881000/3644415 (24.174%)
entry 883000/3644415 (24.2289%)
entry 884000/3644415 (24.2563%)
entry 885000/3644415 (24.2837%)
entry 890000/3644415 (24.4209%)
entry 891000/3644415 (24.4484%)
entry 893000/3644415 (24.5032%)
entry 896000/3644415 (24.5856%)
entry 897000/3644415 (24.613%)
entry 899000/3644415 (24.6679%)
entry 903000/3644415 (24.7776%)
entry 907000/3644415 (24.8874%)
entry 908000/3644415 (24.9148%)
entry 910000/3644415 (24.9697%)
entry 912000/3644415 (25.0246%)
entry 914000/3644415 (25.0795%)
entry 916000/3644415 (25.1343%)
entry 917000/3644415 (25.1618%)
entry 921000/3644415 (25.2715%)
entry 923000/3644415 (25.3264%)
entry 925000/3644415 (25.3813%)
entry 926000/3644415 (25.4087%)
entry 933000/3644415 (25.6008%)
entry 946000/3644415 (25.9575%)
entry 947000/3644415 (25.985%)
entry 948000/3644415 (26.0124%)
entry 952000/3644415 (26.1222%)
entry 953000/3644415 (26.1496%)
entry 954000/3644415 (26.177%)
entry 956000/3644415 (26.2319%)
entry 957000/3644415 (26.2594%)
entry 961000/3644415 (26.3691%)
entry 964000/3644415 (26.4514%)
entry 965000/3644415 (26.4789%)
entry 966000/3644415 (26.5063%)
entry 968000/3644415 (26.5612%)
entry 972000/3644415 (26.6709%)
entry 975000/3644415 (26.7533%)
entry 976000/3644415 (26.7807%)
entry 977000/3644415 (26.8081%)
entry 978000/3644415 (26.8356%)
entry 979000/3644415 (26.863%)
entry 991000/3644415 (27.1923%)
entry 993000/3644415 (27.2472%)
entry 994000/3644415 (27.2746%)
entry 1001000/3644415 (27.4667%)
entry 1002000/3644415 (27.4941%)
entry 1003000/3644415 (27.5216%)
entry 1006000/3644415 (27.6039%)
entry 1011000/3644415 (27.7411%)
entry 1014000/3644415 (27.8234%)
entry 1017000/3644415 (27.9057%)
entry 1018000/3644415 (27.9332%)
entry 1020000/3644415 (27.988%)
entry 1024000/3644415 (28.0978%)
entry 1028000/3644415 (28.2075%)
entry 1029000/3644415 (28.235%)
entry 1033000/3644415 (28.3447%)
entry 1035000/3644415 (28.3996%)
entry 1044000/3644415 (28.6466%)
entry 1046000/3644415 (28.7015%)
entry 1047000/3644415 (28.7289%)
entry 1049000/3644415 (28.7838%)
entry 1052000/3644415 (28.8661%)
entry 1053000/3644415 (28.8935%)
entry 1054000/3644415 (28.921%)
entry 1056000/3644415 (28.9758%)
entry 1057000/3644415 (29.0033%)
entry 1059000/3644415 (29.0582%)
entry 1063000/3644415 (29.1679%)
entry 1066000/3644415 (29.2502%)
entry 1072000/3644415 (29.4149%)
entry 1078000/3644415 (29.5795%)
entry 1084000/3644415 (29.7441%)
entry 1085000/3644415 (29.7716%)
entry 1086000/3644415 (29.799%)
entry 1087000/3644415 (29.8265%)
entry 1092000/3644415 (29.9637%)
entry 1093000/3644415 (29.9911%)
entry 1096000/3644415 (30.0734%)
entry 1098000/3644415 (30.1283%)
entry 1102000/3644415 (30.2381%)
entry 1103000/3644415 (30.2655%)
entry 1105000/3644415 (30.3204%)
entry 1106000/3644415 (30.3478%)
entry 1108000/3644415 (30.4027%)
entry 1109000/3644415 (30.4301%)
entry 1111000/3644415 (30.485%)
entry 1112000/3644415 (30.5124%)
entry 1116000/3644415 (30.6222%)
entry 1117000/3644415 (30.6496%)
entry 1118000/3644415 (30.6771%)
entry 1119000/3644415 (30.7045%)
entry 1123000/3644415 (30.8143%)
entry 1124000/3644415 (30.8417%)
entry 1125000/3644415 (30.8692%)
entry 1128000/3644415 (30.9515%)
entry 1133000/3644415 (31.0887%)
entry 1136000/3644415 (31.171%)
entry 1139000/3644415 (31.2533%)
entry 1143000/3644415 (31.3631%)
entry 1144000/3644415 (31.3905%)
entry 1146000/3644415 (31.4454%)
entry 1147000/3644415 (31.4728%)
entry 1148000/3644415 (31.5003%)
entry 1149000/3644415 (31.5277%)
entry 1153000/3644415 (31.6375%)
entry 1155000/3644415 (31.6923%)
entry 1160000/3644415 (31.8295%)
entry 1170000/3644415 (32.1039%)
entry 1172000/3644415 (32.1588%)
entry 1173000/3644415 (32.1862%)
entry 1175000/3644415 (32.2411%)
entry 1177000/3644415 (32.296%)
entry 1180000/3644415 (32.3783%)
entry 1182000/3644415 (32.4332%)
entry 1195000/3644415 (32.7899%)
entry 1199000/3644415 (32.8997%)
entry 1200000/3644415 (32.9271%)
entry 1201000/3644415 (32.9545%)
entry 1202000/3644415 (32.982%)
entry 1207000/3644415 (33.1192%)
entry 1210000/3644415 (33.2015%)
entry 1214000/3644415 (33.3112%)
entry 1215000/3644415 (33.3387%)
entry 1219000/3644415 (33.4484%)
entry 1222000/3644415 (33.5308%)
entry 1224000/3644415 (33.5856%)
entry 1225000/3644415 (33.6131%)
entry 1226000/3644415 (33.6405%)
entry 1228000/3644415 (33.6954%)
entry 1232000/3644415 (33.8051%)
entry 1235000/3644415 (33.8875%)
entry 1236000/3644415 (33.9149%)
entry 1239000/3644415 (33.9972%)
entry 1242000/3644415 (34.0795%)
entry 1244000/3644415 (34.1344%)
entry 1245000/3644415 (34.1619%)
entry 1246000/3644415 (34.1893%)
entry 1247000/3644415 (34.2167%)
entry 1250000/3644415 (34.2991%)
entry 1251000/3644415 (34.3265%)
entry 1253000/3644415 (34.3814%)
entry 1255000/3644415 (34.4363%)
entry 1257000/3644415 (34.4911%)
entry 1258000/3644415 (34.5186%)
entry 1261000/3644415 (34.6009%)
entry 1262000/3644415 (34.6283%)
entry 1264000/3644415 (34.6832%)
entry 1265000/3644415 (34.7106%)
entry 1271000/3644415 (34.8753%)
entry 1272000/3644415 (34.9027%)
entry 1274000/3644415 (34.9576%)
entry 1276000/3644415 (35.0125%)
entry 1280000/3644415 (35.1222%)
entry 1282000/3644415 (35.1771%)
entry 1286000/3644415 (35.2869%)
entry 1287000/3644415 (35.3143%)
entry 1291000/3644415 (35.4241%)
entry 1301000/3644415 (35.6985%)
entry 1305000/3644415 (35.8082%)
entry 1307000/3644415 (35.8631%)
entry 1312000/3644415 (36.0003%)
entry 1313000/3644415 (36.0277%)
entry 1314000/3644415 (36.0552%)
entry 1316000/3644415 (36.11%)
entry 1317000/3644415 (36.1375%)
entry 1318000/3644415 (36.1649%)
entry 1322000/3644415 (36.2747%)
entry 1323000/3644415 (36.3021%)
entry 1328000/3644415 (36.4393%)
entry 1329000/3644415 (36.4668%)
entry 1332000/3644415 (36.5491%)
entry 1334000/3644415 (36.604%)
entry 1338000/3644415 (36.7137%)
entry 1339000/3644415 (36.7411%)
entry 1344000/3644415 (36.8783%)
entry 1350000/3644415 (37.043%)
entry 1353000/3644415 (37.1253%)
entry 1354000/3644415 (37.1527%)
entry 1361000/3644415 (37.3448%)
entry 1367000/3644415 (37.5095%)
entry 1368000/3644415 (37.5369%)
entry 1372000/3644415 (37.6466%)
entry 1387000/3644415 (38.0582%)
entry 1388000/3644415 (38.0857%)
entry 1389000/3644415 (38.1131%)
entry 1397000/3644415 (38.3326%)
entry 1398000/3644415 (38.3601%)
entry 1401000/3644415 (38.4424%)
entry 1402000/3644415 (38.4698%)
entry 1405000/3644415 (38.5521%)
entry 1407000/3644415 (38.607%)
entry 1411000/3644415 (38.7168%)
entry 1413000/3644415 (38.7717%)
entry 1416000/3644415 (38.854%)
entry 1417000/3644415 (38.8814%)
entry 1421000/3644415 (38.9912%)
entry 1424000/3644415 (39.0735%)
entry 1425000/3644415 (39.1009%)
entry 1427000/3644415 (39.1558%)
entry 1428000/3644415 (39.1832%)
entry 1429000/3644415 (39.2107%)
entry 1432000/3644415 (39.293%)
entry 1433000/3644415 (39.3204%)
entry 1439000/3644415 (39.4851%)
entry 1440000/3644415 (39.5125%)
entry 1442000/3644415 (39.5674%)
entry 1446000/3644415 (39.6771%)
entry 1447000/3644415 (39.7046%)
entry 1451000/3644415 (39.8143%)
entry 1454000/3644415 (39.8967%)
entry 1459000/3644415 (40.0339%)
entry 1462000/3644415 (40.1162%)
entry 1463000/3644415 (40.1436%)
entry 1465000/3644415 (40.1985%)
entry 1467000/3644415 (40.2534%)
entry 1468000/3644415 (40.2808%)
entry 1469000/3644415 (40.3083%)
entry 1470000/3644415 (40.3357%)
entry 1471000/3644415 (40.3631%)
entry 1474000/3644415 (40.4454%)
entry 1475000/3644415 (40.4729%)
entry 1476000/3644415 (40.5003%)
entry 1489000/3644415 (40.857%)
entry 1490000/3644415 (40.8845%)
entry 1491000/3644415 (40.9119%)
entry 1497000/3644415 (41.0766%)
entry 1499000/3644415 (41.1314%)
entry 1500000/3644415 (41.1589%)
entry 1501000/3644415 (41.1863%)
entry 1507000/3644415 (41.3509%)
entry 1515000/3644415 (41.5705%)
entry 1516000/3644415 (41.5979%)
entry 1520000/3644415 (41.7077%)
entry 1522000/3644415 (41.7625%)
entry 1523000/3644415 (41.79%)
entry 1524000/3644415 (41.8174%)
entry 1525000/3644415 (41.8449%)
entry 1529000/3644415 (41.9546%)
entry 1530000/3644415 (41.982%)
entry 1531000/3644415 (42.0095%)
entry 1532000/3644415 (42.0369%)
entry 1533000/3644415 (42.0644%)
entry 1541000/3644415 (42.2839%)
entry 1544000/3644415 (42.3662%)
entry 1545000/3644415 (42.3936%)
entry 1546000/3644415 (42.4211%)
entry 1547000/3644415 (42.4485%)
entry 1549000/3644415 (42.5034%)
entry 1551000/3644415 (42.5583%)
entry 1557000/3644415 (42.7229%)
entry 1561000/3644415 (42.8327%)
entry 1564000/3644415 (42.915%)
entry 1566000/3644415 (42.9699%)
entry 1568000/3644415 (43.0247%)
entry 1572000/3644415 (43.1345%)
entry 1573000/3644415 (43.1619%)
entry 1576000/3644415 (43.2443%)
entry 1585000/3644415 (43.4912%)
entry 1588000/3644415 (43.5735%)
entry 1589000/3644415 (43.601%)
entry 1590000/3644415 (43.6284%)
entry 1594000/3644415 (43.7382%)
entry 1596000/3644415 (43.793%)
entry 1599000/3644415 (43.8754%)
entry 1601000/3644415 (43.9302%)
entry 1609000/3644415 (44.1497%)
entry 1611000/3644415 (44.2046%)
entry 1612000/3644415 (44.2321%)
entry 1613000/3644415 (44.2595%)
entry 1616000/3644415 (44.3418%)
entry 1618000/3644415 (44.3967%)
entry 1625000/3644415 (44.5888%)
entry 1628000/3644415 (44.6711%)
entry 1629000/3644415 (44.6985%)
entry 1630000/3644415 (44.726%)
entry 1631000/3644415 (44.7534%)
entry 1637000/3644415 (44.918%)
entry 1640000/3644415 (45.0004%)
entry 1641000/3644415 (45.0278%)
entry 1646000/3644415 (45.165%)
entry 1650000/3644415 (45.2748%)
entry 1652000/3644415 (45.3296%)
entry 1655000/3644415 (45.412%)
entry 1659000/3644415 (45.5217%)
entry 1660000/3644415 (45.5491%)
entry 1664000/3644415 (45.6589%)
entry 1665000/3644415 (45.6863%)
entry 1667000/3644415 (45.7412%)
entry 1669000/3644415 (45.7961%)
entry 1671000/3644415 (45.851%)
entry 1675000/3644415 (45.9607%)
entry 1677000/3644415 (46.0156%)
entry 1680000/3644415 (46.0979%)
entry 1681000/3644415 (46.1254%)
entry 1683000/3644415 (46.1803%)
entry 1684000/3644415 (46.2077%)
entry 1686000/3644415 (46.2626%)
entry 1688000/3644415 (46.3174%)
entry 1689000/3644415 (46.3449%)
entry 1690000/3644415 (46.3723%)
entry 1693000/3644415 (46.4546%)
entry 1694000/3644415 (46.4821%)
entry 1695000/3644415 (46.5095%)
entry 1696000/3644415 (46.537%)
entry 1697000/3644415 (46.5644%)
entry 1702000/3644415 (46.7016%)
entry 1703000/3644415 (46.729%)
entry 1705000/3644415 (46.7839%)
entry 1707000/3644415 (46.8388%)
entry 1709000/3644415 (46.8937%)
entry 1710000/3644415 (46.9211%)
entry 1712000/3644415 (46.976%)
entry 1717000/3644415 (47.1132%)
entry 1719000/3644415 (47.1681%)
entry 1721000/3644415 (47.2229%)
entry 1722000/3644415 (47.2504%)
entry 1723000/3644415 (47.2778%)
entry 1724000/3644415 (47.3053%)
entry 1727000/3644415 (47.3876%)
entry 1731000/3644415 (47.4973%)
entry 1732000/3644415 (47.5248%)
entry 1735000/3644415 (47.6071%)
entry 1736000/3644415 (47.6345%)
entry 1737000/3644415 (47.662%)
entry 1740000/3644415 (47.7443%)
entry 1745000/3644415 (47.8815%)
entry 1748000/3644415 (47.9638%)
entry 1749000/3644415 (47.9912%)
entry 1750000/3644415 (48.0187%)
entry 1754000/3644415 (48.1284%)
entry 1757000/3644415 (48.2108%)
entry 1758000/3644415 (48.2382%)
entry 1759000/3644415 (48.2656%)
entry 1761000/3644415 (48.3205%)
entry 1764000/3644415 (48.4028%)
entry 1769000/3644415 (48.54%)
entry 1782000/3644415 (48.8967%)
entry 1789000/3644415 (49.0888%)
entry 1793000/3644415 (49.1986%)
entry 1798000/3644415 (49.3358%)
entry 1799000/3644415 (49.3632%)
entry 1802000/3644415 (49.4455%)
entry 1803000/3644415 (49.473%)
entry 1810000/3644415 (49.665%)
entry 1814000/3644415 (49.7748%)
entry 1822000/3644415 (49.9943%)
entry 1825000/3644415 (50.0766%)
entry 1826000/3644415 (50.1041%)
entry 1827000/3644415 (50.1315%)
entry 1828000/3644415 (50.1589%)
entry 1837000/3644415 (50.4059%)
entry 1838000/3644415 (50.4333%)
entry 1841000/3644415 (50.5157%)
entry 1843000/3644415 (50.5705%)
entry 1849000/3644415 (50.7352%)
entry 1851000/3644415 (50.79%)
entry 1856000/3644415 (50.9272%)
entry 1857000/3644415 (50.9547%)
entry 1858000/3644415 (50.9821%)
entry 1862000/3644415 (51.0919%)
entry 1864000/3644415 (51.1468%)
entry 1865000/3644415 (51.1742%)
entry 1867000/3644415 (51.2291%)
entry 1869000/3644415 (51.2839%)
entry 1870000/3644415 (51.3114%)
entry 1871000/3644415 (51.3388%)
entry 1873000/3644415 (51.3937%)
entry 1874000/3644415 (51.4211%)
entry 1875000/3644415 (51.4486%)
entry 1880000/3644415 (51.5858%)
entry 1882000/3644415 (51.6407%)
entry 1883000/3644415 (51.6681%)
entry 1887000/3644415 (51.7779%)
entry 1888000/3644415 (51.8053%)
entry 1892000/3644415 (51.9151%)
entry 1893000/3644415 (51.9425%)
entry 1894000/3644415 (51.9699%)
entry 1895000/3644415 (51.9974%)
entry 1896000/3644415 (52.0248%)
entry 1897000/3644415 (52.0522%)
entry 1905000/3644415 (52.2718%)
entry 1908000/3644415 (52.3541%)
entry 1913000/3644415 (52.4913%)
entry 1915000/3644415 (52.5462%)
entry 1920000/3644415 (52.6834%)
entry 1921000/3644415 (52.7108%)
entry 1922000/3644415 (52.7382%)
entry 1925000/3644415 (52.8206%)
entry 1929000/3644415 (52.9303%)
entry 1930000/3644415 (52.9577%)
entry 1934000/3644415 (53.0675%)
entry 1935000/3644415 (53.0949%)
entry 1942000/3644415 (53.287%)
entry 1946000/3644415 (53.3968%)
entry 1949000/3644415 (53.4791%)
entry 1951000/3644415 (53.534%)
entry 1954000/3644415 (53.6163%)
entry 1956000/3644415 (53.6712%)
entry 1957000/3644415 (53.6986%)
entry 1963000/3644415 (53.8632%)
entry 1964000/3644415 (53.8907%)
entry 1965000/3644415 (53.9181%)
entry 1970000/3644415 (54.0553%)
entry 1972000/3644415 (54.1102%)
entry 1976000/3644415 (54.2199%)
entry 1979000/3644415 (54.3023%)
entry 1981000/3644415 (54.3571%)
entry 1985000/3644415 (54.4669%)
entry 1986000/3644415 (54.4943%)
entry 1987000/3644415 (54.5218%)
entry 1990000/3644415 (54.6041%)
entry 1991000/3644415 (54.6315%)
entry 1992000/3644415 (54.659%)
entry 1995000/3644415 (54.7413%)
entry 1996000/3644415 (54.7687%)
entry 2004000/3644415 (54.9882%)
entry 2005000/3644415 (55.0157%)
entry 2006000/3644415 (55.0431%)
entry 2007000/3644415 (55.0706%)
entry 2008000/3644415 (55.098%)
entry 2009000/3644415 (55.1254%)
entry 2011000/3644415 (55.1803%)
entry 2013000/3644415 (55.2352%)
entry 2015000/3644415 (55.2901%)
entry 2018000/3644415 (55.3724%)
entry 2019000/3644415 (55.3998%)
entry 2021000/3644415 (55.4547%)
entry 2022000/3644415 (55.4822%)
entry 2025000/3644415 (55.5645%)
entry 2026000/3644415 (55.5919%)
entry 2031000/3644415 (55.7291%)
entry 2033000/3644415 (55.784%)
entry 2036000/3644415 (55.8663%)
entry 2040000/3644415 (55.9761%)
entry 2041000/3644415 (56.0035%)
entry 2042000/3644415 (56.0309%)
entry 2043000/3644415 (56.0584%)
entry 2046000/3644415 (56.1407%)
entry 2047000/3644415 (56.1681%)
entry 2049000/3644415 (56.223%)
entry 2060000/3644415 (56.5248%)
entry 2061000/3644415 (56.5523%)
entry 2063000/3644415 (56.6072%)
entry 2066000/3644415 (56.6895%)
entry 2069000/3644415 (56.7718%)
entry 2070000/3644415 (56.7992%)
entry 2072000/3644415 (56.8541%)
entry 2073000/3644415 (56.8816%)
entry 2078000/3644415 (57.0188%)
entry 2079000/3644415 (57.0462%)
entry 2081000/3644415 (57.1011%)
entry 2083000/3644415 (57.1559%)
entry 2087000/3644415 (57.2657%)
entry 2092000/3644415 (57.4029%)
entry 2096000/3644415 (57.5127%)
entry 2097000/3644415 (57.5401%)
entry 2098000/3644415 (57.5675%)
entry 2099000/3644415 (57.595%)
entry 2100000/3644415 (57.6224%)
entry 2102000/3644415 (57.6773%)
entry 2103000/3644415 (57.7047%)
entry 2109000/3644415 (57.8694%)
entry 2115000/3644415 (58.034%)
entry 2120000/3644415 (58.1712%)
entry 2122000/3644415 (58.2261%)
entry 2125000/3644415 (58.3084%)
entry 2127000/3644415 (58.3633%)
entry 2128000/3644415 (58.3907%)
entry 2129000/3644415 (58.4182%)
entry 2131000/3644415 (58.473%)
entry 2132000/3644415 (58.5005%)
entry 2136000/3644415 (58.6102%)
entry 2138000/3644415 (58.6651%)
entry 2142000/3644415 (58.7749%)
entry 2149000/3644415 (58.9669%)
entry 2150000/3644415 (58.9944%)
entry 2156000/3644415 (59.159%)
entry 2157000/3644415 (59.1865%)
entry 2158000/3644415 (59.2139%)
entry 2165000/3644415 (59.406%)
entry 2166000/3644415 (59.4334%)
entry 2167000/3644415 (59.4608%)
entry 2172000/3644415 (59.598%)
entry 2173000/3644415 (59.6255%)
entry 2174000/3644415 (59.6529%)
entry 2185000/3644415 (59.9548%)
entry 2187000/3644415 (60.0096%)
entry 2196000/3644415 (60.2566%)
entry 2202000/3644415 (60.4212%)
entry 2203000/3644415 (60.4487%)
entry 2204000/3644415 (60.4761%)
entry 2205000/3644415 (60.5035%)
entry 2206000/3644415 (60.531%)
entry 2207000/3644415 (60.5584%)
entry 2212000/3644415 (60.6956%)
entry 2214000/3644415 (60.7505%)
entry 2215000/3644415 (60.7779%)
entry 2218000/3644415 (60.8602%)
entry 2219000/3644415 (60.8877%)
entry 2222000/3644415 (60.97%)
entry 2225000/3644415 (61.0523%)
entry 2226000/3644415 (61.0798%)
entry 2228000/3644415 (61.1346%)
entry 2231000/3644415 (61.217%)
entry 2232000/3644415 (61.2444%)
entry 2242000/3644415 (61.5188%)
entry 2245000/3644415 (61.6011%)
entry 2249000/3644415 (61.7109%)
entry 2252000/3644415 (61.7932%)
entry 2256000/3644415 (61.9029%)
entry 2258000/3644415 (61.9578%)
entry 2266000/3644415 (62.1773%)
entry 2268000/3644415 (62.2322%)
entry 2272000/3644415 (62.342%)
entry 2273000/3644415 (62.3694%)
entry 2274000/3644415 (62.3968%)
entry 2275000/3644415 (62.4243%)
entry 2276000/3644415 (62.4517%)
entry 2277000/3644415 (62.4792%)
entry 2278000/3644415 (62.5066%)
entry 2283000/3644415 (62.6438%)
entry 2284000/3644415 (62.6712%)
entry 2285000/3644415 (62.6987%)
entry 2286000/3644415 (62.7261%)
entry 2290000/3644415 (62.8359%)
entry 2295000/3644415 (62.9731%)
entry 2298000/3644415 (63.0554%)
entry 2299000/3644415 (63.0828%)
entry 2302000/3644415 (63.1651%)
entry 2308000/3644415 (63.3298%)
entry 2309000/3644415 (63.3572%)
entry 2310000/3644415 (63.3847%)
entry 2319000/3644415 (63.6316%)
entry 2321000/3644415 (63.6865%)
entry 2325000/3644415 (63.7962%)
entry 2326000/3644415 (63.8237%)
entry 2328000/3644415 (63.8786%)
entry 2329000/3644415 (63.906%)
entry 2337000/3644415 (64.1255%)
entry 2338000/3644415 (64.153%)
entry 2339000/3644415 (64.1804%)
entry 2341000/3644415 (64.2353%)
entry 2343000/3644415 (64.2902%)
entry 2346000/3644415 (64.3725%)
entry 2352000/3644415 (64.5371%)
entry 2353000/3644415 (64.5645%)
entry 2355000/3644415 (64.6194%)
entry 2360000/3644415 (64.7566%)
entry 2361000/3644415 (64.7841%)
entry 2363000/3644415 (64.8389%)
entry 2365000/3644415 (64.8938%)
entry 2366000/3644415 (64.9213%)
entry 2367000/3644415 (64.9487%)
entry 2369000/3644415 (65.0036%)
entry 2371000/3644415 (65.0585%)
entry 2372000/3644415 (65.0859%)
entry 2373000/3644415 (65.1133%)
entry 2375000/3644415 (65.1682%)
entry 2382000/3644415 (65.3603%)
entry 2386000/3644415 (65.47%)
entry 2387000/3644415 (65.4975%)
entry 2395000/3644415 (65.717%)
entry 2397000/3644415 (65.7719%)
entry 2398000/3644415 (65.7993%)
entry 2399000/3644415 (65.8267%)
entry 2400000/3644415 (65.8542%)
entry 2401000/3644415 (65.8816%)
entry 2403000/3644415 (65.9365%)
entry 2410000/3644415 (66.1286%)
entry 2413000/3644415 (66.2109%)
entry 2416000/3644415 (66.2932%)
entry 2417000/3644415 (66.3207%)
entry 2418000/3644415 (66.3481%)
entry 2419000/3644415 (66.3755%)
entry 2426000/3644415 (66.5676%)
entry 2427000/3644415 (66.595%)
entry 2428000/3644415 (66.6225%)
entry 2430000/3644415 (66.6774%)
entry 2432000/3644415 (66.7322%)
entry 2435000/3644415 (66.8146%)
entry 2436000/3644415 (66.842%)
entry 2438000/3644415 (66.8969%)
entry 2439000/3644415 (66.9243%)
entry 2440000/3644415 (66.9518%)
entry 2441000/3644415 (66.9792%)
entry 2447000/3644415 (67.1438%)
entry 2449000/3644415 (67.1987%)
entry 2450000/3644415 (67.2262%)
entry 2451000/3644415 (67.2536%)
entry 2455000/3644415 (67.3634%)
entry 2465000/3644415 (67.6377%)
entry 2468000/3644415 (67.7201%)
entry 2469000/3644415 (67.7475%)
entry 2470000/3644415 (67.7749%)
entry 2473000/3644415 (67.8573%)
entry 2476000/3644415 (67.9396%)
entry 2477000/3644415 (67.967%)
entry 2482000/3644415 (68.1042%)
entry 2484000/3644415 (68.1591%)
entry 2485000/3644415 (68.1865%)
entry 2486000/3644415 (68.214%)
entry 2488000/3644415 (68.2688%)
entry 2493000/3644415 (68.406%)
entry 2497000/3644415 (68.5158%)
entry 2499000/3644415 (68.5707%)
entry 2501000/3644415 (68.6256%)
entry 2505000/3644415 (68.7353%)
entry 2506000/3644415 (68.7627%)
entry 2508000/3644415 (68.8176%)
entry 2511000/3644415 (68.8999%)
entry 2513000/3644415 (68.9548%)
entry 2514000/3644415 (68.9823%)
entry 2516000/3644415 (69.0371%)
entry 2517000/3644415 (69.0646%)
entry 2521000/3644415 (69.1743%)
entry 2524000/3644415 (69.2567%)
entry 2525000/3644415 (69.2841%)
entry 2526000/3644415 (69.3115%)
entry 2530000/3644415 (69.4213%)
entry 2532000/3644415 (69.4762%)
entry 2533000/3644415 (69.5036%)
entry 2535000/3644415 (69.5585%)
entry 2537000/3644415 (69.6134%)
entry 2539000/3644415 (69.6682%)
entry 2540000/3644415 (69.6957%)
entry 2543000/3644415 (69.778%)
entry 2547000/3644415 (69.8878%)
entry 2548000/3644415 (69.9152%)
entry 2549000/3644415 (69.9426%)
entry 2550000/3644415 (69.9701%)
entry 2552000/3644415 (70.025%)
entry 2554000/3644415 (70.0798%)
entry 2555000/3644415 (70.1073%)
entry 2558000/3644415 (70.1896%)
entry 2560000/3644415 (70.2445%)
entry 2570000/3644415 (70.5189%)
entry 2571000/3644415 (70.5463%)
entry 2581000/3644415 (70.8207%)
entry 2582000/3644415 (70.8481%)
entry 2584000/3644415 (70.903%)
entry 2592000/3644415 (71.1225%)
entry 2594000/3644415 (71.1774%)
entry 2595000/3644415 (71.2048%)
entry 2597000/3644415 (71.2597%)
entry 2602000/3644415 (71.3969%)
entry 2606000/3644415 (71.5067%)
entry 2609000/3644415 (71.589%)
entry 2611000/3644415 (71.6439%)
entry 2617000/3644415 (71.8085%)
entry 2618000/3644415 (71.8359%)
entry 2619000/3644415 (71.8634%)
entry 2620000/3644415 (71.8908%)
entry 2621000/3644415 (71.9183%)
entry 2629000/3644415 (72.1378%)
entry 2630000/3644415 (72.1652%)
entry 2632000/3644415 (72.2201%)
entry 2637000/3644415 (72.3573%)
entry 2639000/3644415 (72.4122%)
entry 2648000/3644415 (72.6591%)
entry 2662000/3644415 (73.0433%)
entry 2664000/3644415 (73.0982%)
entry 2665000/3644415 (73.1256%)
entry 2667000/3644415 (73.1805%)
entry 2669000/3644415 (73.2353%)
entry 2672000/3644415 (73.3177%)
entry 2674000/3644415 (73.3725%)
entry 2675000/3644415 (73.4%)
entry 2677000/3644415 (73.4549%)
entry 2680000/3644415 (73.5372%)
entry 2681000/3644415 (73.5646%)
entry 2682000/3644415 (73.5921%)
entry 2683000/3644415 (73.6195%)
entry 2684000/3644415 (73.6469%)
entry 2685000/3644415 (73.6744%)
entry 2686000/3644415 (73.7018%)
entry 2689000/3644415 (73.7841%)
entry 2690000/3644415 (73.8116%)
entry 2693000/3644415 (73.8939%)
entry 2694000/3644415 (73.9213%)
entry 2698000/3644415 (74.0311%)
entry 2705000/3644415 (74.2232%)
entry 2706000/3644415 (74.2506%)
entry 2713000/3644415 (74.4427%)
entry 2714000/3644415 (74.4701%)
entry 2716000/3644415 (74.525%)
entry 2717000/3644415 (74.5524%)
entry 2718000/3644415 (74.5799%)
entry 2719000/3644415 (74.6073%)
entry 2721000/3644415 (74.6622%)
entry 2724000/3644415 (74.7445%)
entry 2726000/3644415 (74.7994%)
entry 2733000/3644415 (74.9915%)
entry 2734000/3644415 (75.0189%)
entry 2735000/3644415 (75.0463%)
entry 2736000/3644415 (75.0738%)
entry 2740000/3644415 (75.1835%)
entry 2744000/3644415 (75.2933%)
entry 2745000/3644415 (75.3207%)
entry 2748000/3644415 (75.403%)
entry 2753000/3644415 (75.5402%)
entry 2757000/3644415 (75.65%)
entry 2758000/3644415 (75.6774%)
entry 2759000/3644415 (75.7049%)
entry 2762000/3644415 (75.7872%)
entry 2767000/3644415 (75.9244%)
entry 2771000/3644415 (76.0342%)
entry 2772000/3644415 (76.0616%)
entry 2774000/3644415 (76.1165%)
entry 2776000/3644415 (76.1713%)
entry 2777000/3644415 (76.1988%)
entry 2784000/3644415 (76.3909%)
entry 2787000/3644415 (76.4732%)
entry 2788000/3644415 (76.5006%)
entry 2790000/3644415 (76.5555%)
entry 2794000/3644415 (76.6653%)
entry 2795000/3644415 (76.6927%)
entry 2797000/3644415 (76.7476%)
entry 2798000/3644415 (76.775%)
entry 2802000/3644415 (76.8848%)
entry 2803000/3644415 (76.9122%)
entry 2804000/3644415 (76.9396%)
entry 2806000/3644415 (76.9945%)
entry 2807000/3644415 (77.022%)
entry 2808000/3644415 (77.0494%)
entry 2809000/3644415 (77.0768%)
entry 2811000/3644415 (77.1317%)
entry 2815000/3644415 (77.2415%)
entry 2816000/3644415 (77.2689%)
entry 2817000/3644415 (77.2964%)
entry 2818000/3644415 (77.3238%)
entry 2825000/3644415 (77.5159%)
entry 2830000/3644415 (77.6531%)
entry 2832000/3644415 (77.7079%)
entry 2834000/3644415 (77.7628%)
entry 2836000/3644415 (77.8177%)
entry 2839000/3644415 (77.9%)
entry 2840000/3644415 (77.9275%)
entry 2841000/3644415 (77.9549%)
entry 2843000/3644415 (78.0098%)
entry 2844000/3644415 (78.0372%)
entry 2845000/3644415 (78.0647%)
entry 2848000/3644415 (78.147%)
entry 2849000/3644415 (78.1744%)
entry 2851000/3644415 (78.2293%)
entry 2857000/3644415 (78.3939%)
entry 2860000/3644415 (78.4762%)
entry 2861000/3644415 (78.5037%)
entry 2870000/3644415 (78.7506%)
entry 2873000/3644415 (78.833%)
entry 2874000/3644415 (78.8604%)
entry 2875000/3644415 (78.8878%)
entry 2877000/3644415 (78.9427%)
entry 2878000/3644415 (78.9702%)
entry 2879000/3644415 (78.9976%)
entry 2881000/3644415 (79.0525%)
entry 2883000/3644415 (79.1073%)
entry 2884000/3644415 (79.1348%)
entry 2887000/3644415 (79.2171%)
entry 2888000/3644415 (79.2445%)
entry 2890000/3644415 (79.2994%)
entry 2891000/3644415 (79.3269%)
entry 2897000/3644415 (79.4915%)
entry 2898000/3644415 (79.5189%)
entry 2899000/3644415 (79.5464%)
entry 2903000/3644415 (79.6561%)
entry 2904000/3644415 (79.6836%)
entry 2905000/3644415 (79.711%)
entry 2906000/3644415 (79.7385%)
entry 2907000/3644415 (79.7659%)
entry 2910000/3644415 (79.8482%)
entry 2914000/3644415 (79.958%)
entry 2916000/3644415 (80.0128%)
entry 2919000/3644415 (80.0952%)
entry 2922000/3644415 (80.1775%)
entry 2926000/3644415 (80.2872%)
entry 2927000/3644415 (80.3147%)
entry 2928000/3644415 (80.3421%)
entry 2930000/3644415 (80.397%)
entry 2932000/3644415 (80.4519%)
entry 2933000/3644415 (80.4793%)
entry 2935000/3644415 (80.5342%)
entry 2936000/3644415 (80.5616%)
entry 2937000/3644415 (80.5891%)
entry 2940000/3644415 (80.6714%)
entry 2941000/3644415 (80.6988%)
entry 2942000/3644415 (80.7263%)
entry 2943000/3644415 (80.7537%)
entry 2945000/3644415 (80.8086%)
entry 2946000/3644415 (80.836%)
entry 2947000/3644415 (80.8635%)
entry 2950000/3644415 (80.9458%)
entry 2952000/3644415 (81.0007%)
entry 2955000/3644415 (81.083%)
entry 2960000/3644415 (81.2202%)
entry 2961000/3644415 (81.2476%)
entry 2963000/3644415 (81.3025%)
entry 2965000/3644415 (81.3574%)
entry 2966000/3644415 (81.3848%)
entry 2967000/3644415 (81.4122%)
entry 2979000/3644415 (81.7415%)
entry 2983000/3644415 (81.8513%)
entry 2987000/3644415 (81.961%)
entry 2988000/3644415 (81.9885%)
entry 2989000/3644415 (82.0159%)
entry 2990000/3644415 (82.0433%)
entry 2991000/3644415 (82.0708%)
entry 2992000/3644415 (82.0982%)
entry 2993000/3644415 (82.1257%)
entry 2997000/3644415 (82.2354%)
entry 3000000/3644415 (82.3177%)
entry 3003000/3644415 (82.4001%)
entry 3004000/3644415 (82.4275%)
entry 3006000/3644415 (82.4824%)
entry 3011000/3644415 (82.6196%)
entry 3012000/3644415 (82.647%)
entry 3014000/3644415 (82.7019%)
entry 3022000/3644415 (82.9214%)
entry 3023000/3644415 (82.9488%)
entry 3031000/3644415 (83.1684%)
entry 3037000/3644415 (83.333%)
entry 3040000/3644415 (83.4153%)
entry 3042000/3644415 (83.4702%)
entry 3046000/3644415 (83.5799%)
entry 3049000/3644415 (83.6623%)
entry 3050000/3644415 (83.6897%)
entry 3052000/3644415 (83.7446%)
entry 3059000/3644415 (83.9367%)
entry 3061000/3644415 (83.9915%)
entry 3064000/3644415 (84.0738%)
entry 3065000/3644415 (84.1013%)
entry 3069000/3644415 (84.211%)
entry 3077000/3644415 (84.4306%)
entry 3081000/3644415 (84.5403%)
entry 3082000/3644415 (84.5678%)
entry 3085000/3644415 (84.6501%)
entry 3088000/3644415 (84.7324%)
entry 3091000/3644415 (84.8147%)
entry 3092000/3644415 (84.8422%)
entry 3094000/3644415 (84.897%)
entry 3096000/3644415 (84.9519%)
entry 3097000/3644415 (84.9793%)
entry 3099000/3644415 (85.0342%)
entry 3100000/3644415 (85.0617%)
entry 3102000/3644415 (85.1165%)
entry 3103000/3644415 (85.144%)
entry 3104000/3644415 (85.1714%)
entry 3106000/3644415 (85.2263%)
entry 3110000/3644415 (85.3361%)
entry 3112000/3644415 (85.3909%)
entry 3121000/3644415 (85.6379%)
entry 3123000/3644415 (85.6928%)
entry 3124000/3644415 (85.7202%)
entry 3125000/3644415 (85.7476%)
entry 3130000/3644415 (85.8848%)
entry 3131000/3644415 (85.9123%)
entry 3138000/3644415 (86.1044%)
entry 3141000/3644415 (86.1867%)
entry 3142000/3644415 (86.2141%)
entry 3143000/3644415 (86.2415%)
entry 3145000/3644415 (86.2964%)
entry 3148000/3644415 (86.3787%)
entry 3150000/3644415 (86.4336%)
entry 3151000/3644415 (86.4611%)
entry 3156000/3644415 (86.5983%)
entry 3158000/3644415 (86.6531%)
entry 3163000/3644415 (86.7903%)
entry 3165000/3644415 (86.8452%)
entry 3167000/3644415 (86.9001%)
entry 3169000/3644415 (86.955%)
entry 3172000/3644415 (87.0373%)
entry 3173000/3644415 (87.0647%)
entry 3175000/3644415 (87.1196%)
entry 3176000/3644415 (87.147%)
entry 3182000/3644415 (87.3117%)
entry 3185000/3644415 (87.394%)
entry 3190000/3644415 (87.5312%)
entry 3191000/3644415 (87.5586%)
entry 3192000/3644415 (87.5861%)
entry 3193000/3644415 (87.6135%)
entry 3194000/3644415 (87.641%)
entry 3195000/3644415 (87.6684%)
entry 3196000/3644415 (87.6958%)
entry 3197000/3644415 (87.7233%)
entry 3204000/3644415 (87.9153%)
entry 3205000/3644415 (87.9428%)
entry 3210000/3644415 (88.08%)
entry 3220000/3644415 (88.3544%)
entry 3221000/3644415 (88.3818%)
entry 3223000/3644415 (88.4367%)
entry 3228000/3644415 (88.5739%)
entry 3229000/3644415 (88.6013%)
entry 3231000/3644415 (88.6562%)
entry 3235000/3644415 (88.766%)
entry 3237000/3644415 (88.8208%)
entry 3239000/3644415 (88.8757%)
entry 3241000/3644415 (88.9306%)
entry 3242000/3644415 (88.958%)
entry 3246000/3644415 (89.0678%)
entry 3248000/3644415 (89.1227%)
entry 3250000/3644415 (89.1775%)
entry 3252000/3644415 (89.2324%)
entry 3254000/3644415 (89.2873%)
entry 3256000/3644415 (89.3422%)
entry 3258000/3644415 (89.3971%)
entry 3263000/3644415 (89.5343%)
entry 3271000/3644415 (89.7538%)
entry 3273000/3644415 (89.8087%)
entry 3274000/3644415 (89.8361%)
entry 3278000/3644415 (89.9458%)
entry 3279000/3644415 (89.9733%)
entry 3280000/3644415 (90.0007%)
entry 3283000/3644415 (90.083%)
entry 3286000/3644415 (90.1654%)
entry 3290000/3644415 (90.2751%)
entry 3293000/3644415 (90.3574%)
entry 3294000/3644415 (90.3849%)
entry 3297000/3644415 (90.4672%)
entry 3298000/3644415 (90.4946%)
entry 3303000/3644415 (90.6318%)
entry 3308000/3644415 (90.769%)
entry 3310000/3644415 (90.8239%)
entry 3315000/3644415 (90.9611%)
entry 3316000/3644415 (90.9885%)
entry 3317000/3644415 (91.016%)
entry 3320000/3644415 (91.0983%)
entry 3322000/3644415 (91.1532%)
entry 3325000/3644415 (91.2355%)
entry 3329000/3644415 (91.3453%)
entry 3336000/3644415 (91.5373%)
entry 3338000/3644415 (91.5922%)
entry 3339000/3644415 (91.6196%)
entry 3340000/3644415 (91.6471%)
entry 3342000/3644415 (91.702%)
entry 3343000/3644415 (91.7294%)
entry 3351000/3644415 (91.9489%)
entry 3353000/3644415 (92.0038%)
entry 3355000/3644415 (92.0587%)
entry 3358000/3644415 (92.141%)
entry 3366000/3644415 (92.3605%)
entry 3368000/3644415 (92.4154%)
entry 3374000/3644415 (92.58%)
entry 3378000/3644415 (92.6898%)
entry 3380000/3644415 (92.7447%)
entry 3386000/3644415 (92.9093%)
entry 3392000/3644415 (93.0739%)
entry 3394000/3644415 (93.1288%)
entry 3397000/3644415 (93.2111%)
entry 3400000/3644415 (93.2934%)
entry 3402000/3644415 (93.3483%)
entry 3403000/3644415 (93.3758%)
entry 3407000/3644415 (93.4855%)
entry 3409000/3644415 (93.5404%)
entry 3412000/3644415 (93.6227%)
entry 3415000/3644415 (93.705%)
entry 3416000/3644415 (93.7325%)
entry 3425000/3644415 (93.9794%)
entry 3427000/3644415 (94.0343%)
entry 3428000/3644415 (94.0617%)
entry 3431000/3644415 (94.1441%)
entry 3436000/3644415 (94.2813%)
entry 3441000/3644415 (94.4184%)
entry 3442000/3644415 (94.4459%)
entry 3446000/3644415 (94.5556%)
entry 3447000/3644415 (94.5831%)
entry 3448000/3644415 (94.6105%)
entry 3450000/3644415 (94.6654%)
entry 3451000/3644415 (94.6928%)
entry 3454000/3644415 (94.7752%)
entry 3460000/3644415 (94.9398%)
entry 3461000/3644415 (94.9672%)
entry 3464000/3644415 (95.0495%)
entry 3466000/3644415 (95.1044%)
entry 3467000/3644415 (95.1319%)
entry 3468000/3644415 (95.1593%)
entry 3470000/3644415 (95.2142%)
entry 3471000/3644415 (95.2416%)
entry 3477000/3644415 (95.4063%)
entry 3479000/3644415 (95.4611%)
entry 3489000/3644415 (95.7355%)
entry 3492000/3644415 (95.8178%)
entry 3494000/3644415 (95.8727%)
entry 3495000/3644415 (95.9002%)
entry 3496000/3644415 (95.9276%)
entry 3497000/3644415 (95.955%)
entry 3498000/3644415 (95.9825%)
entry 3499000/3644415 (96.0099%)
entry 3500000/3644415 (96.0374%)
entry 3503000/3644415 (96.1197%)
entry 3504000/3644415 (96.1471%)
entry 3505000/3644415 (96.1746%)
entry 3508000/3644415 (96.2569%)
entry 3515000/3644415 (96.449%)
entry 3517000/3644415 (96.5038%)
entry 3520000/3644415 (96.5861%)
entry 3522000/3644415 (96.641%)
entry 3524000/3644415 (96.6959%)
entry 3526000/3644415 (96.7508%)
entry 3529000/3644415 (96.8331%)
entry 3532000/3644415 (96.9154%)
entry 3533000/3644415 (96.9429%)
entry 3536000/3644415 (97.0252%)
entry 3537000/3644415 (97.0526%)
entry 3539000/3644415 (97.1075%)
entry 3540000/3644415 (97.1349%)
entry 3541000/3644415 (97.1624%)
entry 3543000/3644415 (97.2172%)
entry 3544000/3644415 (97.2447%)
entry 3547000/3644415 (97.327%)
entry 3548000/3644415 (97.3544%)
entry 3550000/3644415 (97.4093%)
entry 3556000/3644415 (97.574%)
entry 3557000/3644415 (97.6014%)
entry 3560000/3644415 (97.6837%)
entry 3561000/3644415 (97.7112%)
entry 3562000/3644415 (97.7386%)
entry 3563000/3644415 (97.766%)
entry 3564000/3644415 (97.7935%)
entry 3568000/3644415 (97.9032%)
entry 3571000/3644415 (97.9855%)
entry 3575000/3644415 (98.0953%)
entry 3581000/3644415 (98.2599%)
entry 3586000/3644415 (98.3971%)
entry 3587000/3644415 (98.4246%)
entry 3589000/3644415 (98.4795%)
entry 3592000/3644415 (98.5618%)
entry 3593000/3644415 (98.5892%)
entry 3597000/3644415 (98.699%)
entry 3598000/3644415 (98.7264%)
entry 3607000/3644415 (98.9734%)
entry 3609000/3644415 (99.0282%)
entry 3614000/3644415 (99.1654%)
entry 3617000/3644415 (99.2478%)
entry 3619000/3644415 (99.3026%)
entry 3620000/3644415 (99.3301%)
entry 3623000/3644415 (99.4124%)
entry 3625000/3644415 (99.4673%)
entry 3626000/3644415 (99.4947%)
entry 3628000/3644415 (99.5496%)
entry 3630000/3644415 (99.6045%)
entry 3632000/3644415 (99.6593%)
entry 3634000/3644415 (99.7142%)
entry 3635000/3644415 (99.7417%)
entry 3637000/3644415 (99.7965%)
entry 3640000/3644415 (99.8789%)
entry 3641000/3644415 (99.9063%)
all done
script done
