sphnx1009.sdcc.bnl.gov
rsyncing from /gpfs/mnt/gpfs02/sphenix/user/samfred/run25/ppg11/histmaking
running: /gpfs/mnt/gpfs02/sphenix/user/samfred/run25/ppg11/histmaking/script_data.sh 48830
LD_LIBRARY_PATH now /sphenix/user/samfred/run25/install//lib:/cvmfs/sphenix.sdcc.bnl.gov/alma9.2-gcc-14.2.0/opt/sphenix/core/gcc/14.2.0-2f0a0/x86_64-el9/lib:/cvmfs/sphenix.sdcc.bnl.gov/alma9.2-gcc-14.2.0/opt/sphenix/core/gcc/14.2.0-2f0a0/x86_64-el9/lib64:/cvmfs/sphenix.sdcc.bnl.gov/alma9.2-gcc-14.2.0/opt/sphenix/core/binutils/2.40-acaab/x86_64-el9/lib:.:/cvmfs/sphenix.sdcc.bnl.gov/alma9.2-gcc-14.2.0/release/release_new/new.10/lib64:/cvmfs/sphenix.sdcc.bnl.gov/alma9.2-gcc-14.2.0/release/release_new/new.10/lib:/cvmfs/sphenix.sdcc.bnl.gov/alma9.2-gcc-14.2.0/opt/sphenix/utils/lib:/cvmfs/sphenix.sdcc.bnl.gov/alma9.2-gcc-14.2.0/opt/sphenix/core/lib:/cvmfs/sphenix.sdcc.bnl.gov/alma9.2-gcc-14.2.0/opt/sphenix/core/root-6.32.06/lib:/cvmfs/sphenix.sdcc.bnl.gov/alma9.2-gcc-14.2.0/opt/sphenix/core/geant4.10.07.p04/lib64:/cvmfs/sphenix.sdcc.bnl.gov/alma9.2-gcc-14.2.0/opt/sphenix/core/lhapdf-5.9.1/lib:/usr/local/lib64:/usr/lib64
PATH now /sphenix/user/samfred/run25/install//bin:/cvmfs/sphenix.sdcc.bnl.gov/alma9.2-gcc-14.2.0/opt/sphenix/core/gcc/14.2.0-2f0a0/x86_64-el9/bin:/cvmfs/sphenix.sdcc.bnl.gov/alma9.2-gcc-14.2.0/opt/sphenix/core/binutils/2.40-acaab/x86_64-el9/bin:.:/cvmfs/sphenix.sdcc.bnl.gov/alma9.2-gcc-14.2.0/release/release_new/new.10/bin:/cvmfs/sphenix.sdcc.bnl.gov/alma9.2-gcc-14.2.0/opt/sphenix/utils/bin:/cvmfs/sphenix.sdcc.bnl.gov/alma9.2-gcc-14.2.0/opt/sphenix/core/bin:/cvmfs/sphenix.sdcc.bnl.gov/alma9.2-gcc-14.2.0/opt/sphenix/core/root-6.32.06/bin:/cvmfs/sphenix.sdcc.bnl.gov/alma9.2-gcc-14.2.0/opt/sphenix/core/geant4.10.07.p04/bin:/usr/local/bin:/usr/bin:/usr/local/sbin:/usr/sbin
SINGULARITY_CACHEDIR=/home/condor/local/sphnx/execute/dir_410223
_CONDOR_CHIRP_CONFIG=/home/condor/local/sphnx/execute/dir_410223/.chirp.config
_CONDOR_JOB_IWD=/sphenix/user/samfred/run25/ppg11/histmaking
G4ENSDFSTATEDATA=/cvmfs/sphenix.sdcc.bnl.gov/alma9.2-gcc-14.2.0/opt/sphenix/core/geant4.10.07.p04/share/Geant4-10.7.4/data/G4ENSDFSTATE2.3
_CONDOR_MACHINE_AD=/home/condor/local/sphnx/execute/dir_410223/.machine.ad
ROOT_MAX_THREADS=1
NUMEXPR_NUM_THREADS=1
CUBACORES=1
_CHIRP_DELAYED_UPDATE_PREFIX=Chirp*
_CONDOR_ANCESTOR_351205=351240:1756523313:1673139430
OMP_THREAD_LIMIT=1
G4PIIDATA=/cvmfs/sphenix.sdcc.bnl.gov/alma9.2-gcc-14.2.0/opt/sphenix/core/geant4.10.07.p04/share/Geant4-10.7.4/data/G4PII1.3
NO_AT_BRIDGE=1
G4_MAIN=/cvmfs/sphenix.sdcc.bnl.gov/alma9.2-gcc-14.2.0/opt/sphenix/core/geant4.10.07.p04
COMPILER_PATH=/cvmfs/sphenix.sdcc.bnl.gov/alma9.2-gcc-14.2.0/opt/sphenix/core/gcc/14.2.0-2f0a0/x86_64-el9
ROOT_INCLUDE_PATH=./:/sphenix/user/samfred/run25/install//include:/sphenix/user/samfred/run25/install//include/caloana:/sphenix/user/samfred/run25/install//include/qa_centrality:/sphenix/user/samfred/run25/install//include/mbdana:/sphenix/user/samfred/run25/install//include/centrality:/sphenix/user/samfred/run25/install//include/Event:/cvmfs/sphenix.sdcc.bnl.gov/alma9.2-gcc-14.2.0/release/release_new/new.10/include:/cvmfs/sphenix.sdcc.bnl.gov/alma9.2-gcc-14.2.0/release/release_new/new.10/include:/cvmfs/sphenix.sdcc.bnl.gov/alma9.2-gcc-14.2.0/release/release_new/new.10/include/g4mbd:/cvmfs/sphenix.sdcc.bnl.gov/alma9.2-gcc-14.2.0/release/release_new/new.10/include/fmt:/cvmfs/sphenix.sdcc.bnl.gov/alma9.2-gcc-14.2.0/release/release_new/new.10/include/ffarawobjects:/cvmfs/sphenix.sdcc.bnl.gov/alma9.2-gcc-14.2.0/release/release_new/new.10/include/JSON:/cvmfs/sphenix.sdcc.bnl.gov/alma9.2-gcc-14.2.0/release/release_new/new.10/include/calotreegen:/cvmfs/sphenix.sdcc.bnl.gov/alma9.2-gcc-14.2.0/release/release_new/new.10/include/torch:/cvmfs/sphenix.sdcc.bnl.gov/alma9.2-gcc-14.2.0/release/release_new/new.10/include/g4detectors:/cvmfs/sphenix.sdcc.bnl.gov/alma9.2-gcc-14.2.0/release/release_new/new.10/include/kineto:/cvmfs/sphenix.sdcc.bnl.gov/alma9.2-gcc-14.2.0/release/release_new/new.10/include/g4decayer:/cvmfs/sphenix.sdcc.bnl.gov/alma9.2-gcc-14.2.0/release/release_new/new.10/include/kfparticleqa:/cvmfs/sphenix.sdcc.bnl.gov/alma9.2-gcc-14.2.0/release/release_new/new.10/include/phfield:/cvmfs/sphenix.sdcc.bnl.gov/alma9.2-gcc-14.2.0/release/release_new/new.10/include/LHAPDF:/cvmfs/sphenix.sdcc.bnl.gov/alma9.2-gcc-14.2.0/release/release_new/new.10/include/readdigitalcurrents:/cvmfs/sphenix.sdcc.bnl.gov/alma9.2-gcc-14.2.0/release/release_new/new.10/include/c10:/cvmfs/sphenix.sdcc.bnl.gov/alma9.2-gcc-14.2.0/release/release_new/new.10/include/calovalid:/cvmfs/sphenix.sdcc.bnl.gov/alma9.2-gcc-14.2.0/release/release_new/new.10/include/oneapi:/cvmfs/sphenix.sdcc.bnl.gov/alma9.2-gcc-14.2.0/release/release_new/new.10/include/DDCond:/cvmfs/sphenix.sdcc.bnl.gov/alma9.2-gcc-14.2.0/release/release_new/new.10/include/g4tracking:/cvmfs/sphenix.sdcc.bnl.gov/alma9.2-gcc-14.2.0/release/release_new/new.10/include/litecaloeval:/cvmfs/sphenix.sdcc.bnl.gov/alma9.2-gcc-14.2.0/release/release_new/new.10/include/g4intt:/cvmfs/sphenix.sdcc.bnl.gov/alma9.2-gcc-14.2.0/release/release_new/new.10/include/phool:/cvmfs/sphenix.sdcc.bnl.gov/alma9.2-gcc-14.2.0/release/release_new/new.10/include/boost:/cvmfs/sphenix.sdcc.bnl.gov/alma9.2-gcc-14.2.0/release/release_new/new.10/include/Pythia8Plugins:/cvmfs/sphenix.sdcc.bnl.gov/alma9.2-gcc-14.2.0/release/release_new/new.10/include/calib_emc_pi0:/cvmfs/sphenix.sdcc.bnl.gov/alma9.2-gcc-14.2.0/release/release_new/new.10/include/hijingflipafterburner:/cvmfs/sphenix.sdcc.bnl.gov/alma9.2-gcc-14.2.0/release/release_new/new.10/include/ffaobjects:/cvmfs/sphenix.sdcc.bnl.gov/alma9.2-gcc-14.2.0/release/release_new/new.10/include/EvtGenBase:/cvmfs/sphenix.sdcc.bnl.gov/alma9.2-gcc-14.2.0/release/release_new/new.10/include/flowafterburner:/cvmfs/sphenix.sdcc.bnl.gov/alma9.2-gcc-14.2.0/release/release_new/new.10/include/google:/cvmfs/sphenix.sdcc.bnl.gov/alma9.2-gcc-14.2.0/release/release_new/new.10/include/g4tpc:/cvmfs/sphenix.sdcc.bnl.gov/alma9.2-gcc-14.2.0/release/release_new/new.10/include/caffe2:/cvmfs/sphenix.sdcc.bnl.gov/alma9.2-gcc-14.2.0/release/release_new/new.10/include/EvtGenExternal:/cvmfs/sphenix.sdcc.bnl.gov/alma9.2-gcc-14.2.0/release/release_new/new.10/include/fp16:/cvmfs/sphenix.sdcc.bnl.gov/alma9.2-gcc-14.2.0/release/release_new/new.10/include/ffamodules:/cvmfs/sphenix.sdcc.bnl.gov/alma9.2-gcc-14.2.0/release/release_new/new.10/include/uspin:/cvmfs/sphenix.sdcc.bnl.gov/alma9.2-gcc-14.2.0/release/release_new/new.10/include/Herwig:/cvmfs/sphenix.sdcc.bnl.gov/alma9.2-gcc-14.2.0/release/release_new/new.10/include/genfitexp:/cvmfs/sphenix.sdcc.bnl.gov/alma9.2-gcc-14.2.0/release/release_new/new.10/include/XML:/cvmfs/sphenix.sdcc.bnl.gov/alma9.2-gcc-14.2.0/release/release_new/new.10/include/fbgemm:/cvmfs/sphenix.sdcc.bnl.gov/alma9.2-gcc-14.2.0/release/release_new/new.10/include/DDAlign:/cvmfs/sphenix.sdcc.bnl.gov/alma9.2-gcc-14.2.0/release/release_new/new.10/include/g4mvtx:/cvmfs/sphenix.sdcc.bnl.gov/alma9.2-gcc-14.2.0/release/release_new/new.10/include/kfparticle_sphenix:/cvmfs/sphenix.sdcc.bnl.gov/alma9.2-gcc-14.2.0/release/release_new/new.10/include/fun4all:/cvmfs/sphenix.sdcc.bnl.gov/alma9.2-gcc-14.2.0/release/release_new/new.10/include/intt:/cvmfs/sphenix.sdcc.bnl.gov/alma9.2-gcc-14.2.0/release/release_new/new.10/include/eventdisplay:/cvmfs/sphenix.sdcc.bnl.gov/alma9.2-gcc-14.2.0/release/release_new/new.10/include/EvtGen:/cvmfs/sphenix.sdcc.bnl.gov/alma9.2-gcc-14.2.0/release/release_new/new.10/include/Evaluator:/cvmfs/sphenix.sdcc.bnl.gov/alma9.2-gcc-14.2.0/release/release_new/new.10/include/tpc:/cvmfs/sphenix.sdcc.bnl.gov/alma9.2-gcc-14.2.0/release/release_new/new.10/include/GenFit:/cvmfs/sphenix.sdcc.bnl.gov/alma9.2-gcc-14.2.0/release/release_new/new.10/include/prototype4:/cvmfs/sphenix.sdcc.bnl.gov/alma9.2-gcc-14.2.0/release/release_new/new.10/include/caloembedding:/cvmfs/sphenix.sdcc.bnl.gov/alma9.2-gcc-14.2.0/release/release_new/new.10/include/EvtGenModels:/cvmfs/sphenix.sdcc.bnl.gov/alma9.2-gcc-14.2.0/release/release_new/new.10/include/fastjet:/cvmfs/sphenix.sdcc.bnl.gov/alma9.2-gcc-14.2.0/release/release_new/new.10/include/DDG4:/cvmfs/sphenix.sdcc.bnl.gov/alma9.2-gcc-14.2.0/release/release_new/new.10/include/mbd:/cvmfs/sphenix.sdcc.bnl.gov/alma9.2-gcc-14.2.0/release/release_new/new.10/include/tbb:/cvmfs/sphenix.sdcc.bnl.gov/alma9.2-gcc-14.2.0/release/release_new/new.10/include/phgeom:/cvmfs/sphenix.sdcc.bnl.gov/alma9.2-gcc-14.2.0/release/release_new/new.10/include/g4epd:/cvmfs/sphenix.sdcc.bnl.gov/alma9.2-gcc-14.2.0/release/release_new/new.10/include/oncal:/cvmfs/sphenix.sdcc.bnl.gov/alma9.2-gcc-14.2.0/release/release_new/new.10/include/pybind11:/cvmfs/sphenix.sdcc.bnl.gov/alma9.2-gcc-14.2.0/release/release_new/new.10/include/tpcdistgenerator:/cvmfs/sphenix.sdcc.bnl.gov/alma9.2-gcc-14.2.0/release/release_new/new.10/include/cdbobjects:/cvmfs/sphenix.sdcc.bnl.gov/alma9.2-gcc-14.2.0/release/release_new/new.10/include/g4micromegas:/cvmfs/sphenix.sdcc.bnl.gov/alma9.2-gcc-14.2.0/release/release_new/new.10/include/g4eval:/cvmfs/sphenix.sdcc.bnl.gov/alma9.2-gcc-14.2.0/release/release_new/new.10/include/jetbackground:/cvmfs/sphenix.sdcc.bnl.gov/alma9.2-gcc-14.2.0/release/release_new/new.10/include/micromegas:/cvmfs/sphenix.sdcc.bnl.gov/alma9.2-gcc-14.2.0/release/release_new/new.10/include/hftrackefficiency:/cvmfs/sphenix.sdcc.bnl.gov/alma9.2-gcc-14.2.0/release/release_new/new.10/include/inttrawhitqa:/cvmfs/sphenix.sdcc.bnl.gov/alma9.2-gcc-14.2.0/release/release_new/new.10/include/centrality:/cvmfs/sphenix.sdcc.bnl.gov/alma9.2-gcc-14.2.0/release/release_new/new.10/include/epd:/cvmfs/sphenix.sdcc.bnl.gov/alma9.2-gcc-14.2.0/release/release_new/new.10/include/caloreco:/cvmfs/sphenix.sdcc.bnl.gov/alma9.2-gcc-14.2.0/release/release_new/new.10/include/HepMC:/cvmfs/sphenix.sdcc.bnl.gov/alma9.2-gcc-14.2.0/release/release_new/new.10/include/CLHEP:/cvmfs/sphenix.sdcc.bnl.gov/alma9.2-gcc-14.2.0/release/release_new/new.10/include/Acts:/cvmfs/sphenix.sdcc.bnl.gov/alma9.2-gcc-14.2.0/release/release_new/new.10/include/g4histos:/cvmfs/sphenix.sdcc.bnl.gov/alma9.2-gcc-14.2.0/release/release_new/new.10/include/eventplaneinfo:/cvmfs/sphenix.sdcc.bnl.gov/alma9.2-gcc-14.2.0/release/release_new/new.10/include/fillspacechargemaps:/cvmfs/sphenix.sdcc.bnl.gov/alma9.2-gcc-14.2.0/release/release_new/new.10/include/phhepmc:/cvmfs/sphenix.sdcc.bnl.gov/alma9.2-gcc-14.2.0/release/release_new/new.10/include/trackingqa:/cvmfs/sphenix.sdcc.bnl.gov/alma9.2-gcc-14.2.0/release/release_new/new.10/include/qautils:/cvmfs/sphenix.sdcc.bnl.gov/alma9.2-gcc-14.2.0/release/release_new/new.10/include/trackreco:/cvmfs/sphenix.sdcc.bnl.gov/alma9.2-gcc-14.2.0/release/release_new/new.10/include/g4ohcal:/cvmfs/sphenix.sdcc.bnl.gov/alma9.2-gcc-14.2.0/release/release_new/new.10/include/tpcdvcalib:/cvmfs/sphenix.sdcc.bnl.gov/alma9.2-gcc-14.2.0/release/release_new/new.10/include/zdcinfo:/cvmfs/sphenix.sdcc.bnl.gov/alma9.2-gcc-14.2.0/release/release_new/new.10/include/phpythia8:/cvmfs/sphenix.sdcc.bnl.gov/alma9.2-gcc-14.2.0/release/release_new/new.10/include/fun4allutils:/cvmfs/sphenix.sdcc.bnl.gov/alma9.2-gcc-14.2.0/release/release_new/new.10/include/tpcqa:/cvmfs/sphenix.sdcc.bnl.gov/alma9.2-gcc-14.2.0/release/release_new/new.10/include/Pythia8:/cvmfs/sphenix.sdcc.bnl.gov/alma9.2-gcc-14.2.0/release/release_new/new.10/include/DDRec:/cvmfs/sphenix.sdcc.bnl.gov/alma9.2-gcc-14.2.0/release/release_new/new.10/include/DDDigi:/cvmfs/sphenix.sdcc.bnl.gov/alma9.2-gcc-14.2.0/release/release_new/new.10/include/g4ihcal:/cvmfs/sphenix.sdcc.bnl.gov/alma9.2-gcc-14.2.0/release/release_new/new.10/include/frog:/cvmfs/sphenix.sdcc.bnl.gov/alma9.2-gcc-14.2.0/release/release_new/new.10/include/eigen3:/cvmfs/sphenix.sdcc.bnl.gov/alma9.2-gcc-14.2.0/release/release_new/new.10/include/tensorpipe:/cvmfs/sphenix.sdcc.bnl.gov/alma9.2-gcc-14.2.0/release/release_new/new.10/include/sphenixnpc:/cvmfs/sphenix.sdcc.bnl.gov/alma9.2-gcc-14.2.0/release/release_new/new.10/include/siscone:/cvmfs/sphenix.sdcc.bnl.gov/alma9.2-gcc-14.2.0/release/release_new/new.10/include/pmonitor:/cvmfs/sphenix.sdcc.bnl.gov/alma9.2-gcc-14.2.0/release/release_new/new.10/include/calobase:/cvmfs/sphenix.sdcc.bnl.gov/alma9.2-gcc-14.2.0/release/release_new/new.10/include/ActsExamples:/cvmfs/sphenix.sdcc.bnl.gov/alma9.2-gcc-14.2.0/release/release_new/new.10/include/g4gdml:/cvmfs/sphenix.sdcc.bnl.gov/alma9.2-gcc-14.2.0/release/release_new/new.10/include/mvtx_decoder:/cvmfs/sphenix.sdcc.bnl.gov/alma9.2-gcc-14.2.0/release/release_new/new.10/include/ROOT:/cvmfs/sphenix.sdcc.bnl.gov/alma9.2-gcc-14.2.0/release/release_new/new.10/include/phparameter:/cvmfs/sphenix.sdcc.bnl.gov/alma9.2-gcc-14.2.0/release/release_new/new.10/include/rsa:/cvmfs/sphenix.sdcc.bnl.gov/alma9.2-gcc-14.2.0/release/release_new/new.10/include/fun4allraw:/cvmfs/sphenix.sdcc.bnl.gov/alma9.2-gcc-14.2.0/release/release_new/new.10/include/trackbase_historic:/cvmfs/sphenix.sdcc.bnl.gov/alma9.2-gcc-14.2.0/release/release_new/new.10/include/g4jets:/cvmfs/sphenix.sdcc.bnl.gov/alma9.2-gcc-14.2.0/release/release_new/new.10/include/jetqa:/cvmfs/sphenix.sdcc.bnl.gov/alma9.2-gcc-14.2.0/release/release_new/new.10/include/phoolraw:/cvmfs/sphenix.sdcc.bnl.gov/alma9.2-gcc-14.2.0/release/release_new/new.10/include/g4calo:/cvmfs/sphenix.sdcc.bnl.gov/alma9.2-gcc-14.2.0/release/release_new/new.10/include/mvtxrawhitqa:/cvmfs/sphenix.sdcc.bnl.gov/alma9.2-gcc-14.2.0/release/release_new/new.10/include/HepMC3:/cvmfs/sphenix.sdcc.bnl.gov/alma9.2-gcc-14.2.0/release/release_new/new.10/include/calowaveformsim:/cvmfs/sphenix.sdcc.bnl.gov/alma9.2-gcc-14.2.0/release/release_new/new.10/include/g4caloprototype:/cvmfs/sphenix.sdcc.bnl.gov/alma9.2-gcc-14.2.0/release/release_new/new.10/include/pdbcalbase:/cvmfs/sphenix.sdcc.bnl.gov/alma9.2-gcc-14.2.0/release/release_new/new.10/include/gsl:/cvmfs/sphenix.sdcc.bnl.gov/alma9.2-gcc-14.2.0/release/release_new/new.10/include/nodedump:/cvmfs/sphenix.sdcc.bnl.gov/alma9.2-gcc-14.2.0/release/release_new/new.10/include/emcnoisytowerfinder:/cvmfs/sphenix.sdcc.bnl.gov/alma9.2-gcc-14.2.0/release/release_new/new.10/include/ActsFatras:/cvmfs/sphenix.sdcc.bnl.gov/alma9.2-gcc-14.2.0/release/release_new/new.10/include/ffarawmodules:/cvmfs/sphenix.sdcc.bnl.gov/alma9.2-gcc-14.2.0/release/release_new/new.10/include/Event:/cvmfs/sphenix.sdcc.bnl.gov/alma9.2-gcc-14.2.0/release/release_new/new.10/include/prototype3:/cvmfs/sphenix.sdcc.bnl.gov/alma9.2-gcc-14.2.0/release/release_new/new.10/include/fermimotionafterburner:/cvmfs/sphenix.sdcc.bnl.gov/alma9.2-gcc-14.2.0/release/release_new/new.10/include/Photos:/cvmfs/sphenix.sdcc.bnl.gov/alma9.2-gcc-14.2.0/release/release_new/new.10/include/xingshiftcal:/cvmfs/sphenix.sdcc.bnl.gov/alma9.2-gcc-14.2.0/release/release_new/new.10/include/trackbase:/cvmfs/sphenix.sdcc.bnl.gov/alma9.2-gcc-14.2.0/release/release_new/new.10/include/jetdstskimmer:/cvmfs/sphenix.sdcc.bnl.gov/alma9.2-gcc-14.2.0/release/release_new/new.10/include/clusteriso:/cvmfs/sphenix.sdcc.bnl.gov/alma9.2-gcc-14.2.0/release/release_new/new.10/include/asmjit:/cvmfs/sphenix.sdcc.bnl.gov/alma9.2-gcc-14.2.0/release/release_new/new.10/include/particleflowreco:/cvmfs/sphenix.sdcc.bnl.gov/alma9.2-gcc-14.2.0/release/release_new/new.10/include/tpchittrackdisplay:/cvmfs/sphenix.sdcc.bnl.gov/alma9.2-gcc-14.2.0/release/release_new/new.10/include/caloana:/cvmfs/sphenix.sdcc.bnl.gov/alma9.2-gcc-14.2.0/release/release_new/new.10/include/calotrigger:/cvmfs/sphenix.sdcc.bnl.gov/alma9.2-gcc-14.2.0/release/release_new/new.10/include/nopayloadclient:/cvmfs/sphenix.sdcc.bnl.gov/alma9.2-gcc-14.2.0/release/release_new/new.10/include/trackermillepedealignment:/cvmfs/sphenix.sdcc.bnl.gov/alma9.2-gcc-14.2.0/release/release_new/new.10/include/DD4hep:/cvmfs/sphenix.sdcc.bnl.gov/alma9.2-gcc-14.2.0/release/release_new/new.10/include/g4trackfastsim:/cvmfs/sphenix.sdcc.bnl.gov/alma9.2-gcc-14.2.0/release/release_new/new.10/include/prototype2:/cvmfs/sphenix.sdcc.bnl.gov/alma9.2-gcc-14.2.0/release/release_new/new.10/include/ATen:/cvmfs/sphenix.sdcc.bnl.gov/alma9.2-gcc-14.2.0/release/release_new/new.10/include/g4main:/cvmfs/sphenix.sdcc.bnl.gov/alma9.2-gcc-14.2.0/release/release_new/new.10/include/Tauola:/cvmfs/sphenix.sdcc.bnl.gov/alma9.2-gcc-14.2.0/release/release_new/new.10/include/inttcalib:/cvmfs/sphenix.sdcc.bnl.gov/alma9.2-gcc-14.2.0/release/release_new/new.10/include/reactionplaneafterburner:/cvmfs/sphenix.sdcc.bnl.gov/alma9.2-gcc-14.2.0/release/release_new/new.10/include/globalqa:/cvmfs/sphenix.sdcc.bnl.gov/alma9.2-gcc-14.2.0/release/release_new/new.10/include/tpccalib:/cvmfs/sphenix.sdcc.bnl.gov/alma9.2-gcc-14.2.0/release/release_new/new.10/include/DDSegmentation:/cvmfs/sphenix.sdcc.bnl.gov/alma9.2-gcc-14.2.0/release/release_new/new.10/include/decayfinder:/cvmfs/sphenix.sdcc.bnl.gov/alma9.2-gcc-14.2.0/release/release_new/new.10/include/compressclus:/cvmfs/sphenix.sdcc.bnl.gov/alma9.2-gcc-14.2.0/release/release_new/new.10/include/simqa_modules:/cvmfs/sphenix.sdcc.bnl.gov/alma9.2-gcc-14.2.0/release/release_new/new.10/include/resonancejettagging:/cvmfs/sphenix.sdcc.bnl.gov/alma9.2-gcc-14.2.0/release/release_new/new.10/include/g4centrality:/cvmfs/sphenix.sdcc.bnl.gov/alma9.2-gcc-14.2.0/release/release_new/new.10/include/mvtx:/cvmfs/sphenix.sdcc.bnl.gov/alma9.2-gcc-14.2.0/release/release_new/new.10/include/nlohmann:/cvmfs/sphenix.sdcc.bnl.gov/alma9.2-gcc-14.2.0/release/release_new/new.10/include/localpoloffmon:/cvmfs/sphenix.sdcc.bnl.gov/alma9.2-gcc-14.2.0/release/release_new/new.10/include/DDEve:/cvmfs/sphenix.sdcc.bnl.gov/alma9.2-gcc-14.2.0/release/release_new/new.10/include/Parsers:/cvmfs/sphenix.sdcc.bnl.gov/alma9.2-gcc-14.2.0/release/release_new/new.10/include/trackingdiagnostics:/cvmfs/sphenix.sdcc.bnl.gov/alma9.2-gcc-14.2.0/release/release_new/new.10/include/g4vertex:/cvmfs/sphenix.sdcc.bnl.gov/alma9.2-gcc-14.2.0/release/release_new/new.10/include/jetbase:/cvmfs/sphenix.sdcc.bnl.gov/alma9.2-gcc-14.2.0/release/release_new/new.10/include/globalvertex:/cvmfs/sphenix.sdcc.bnl.gov/alma9.2-gcc-14.2.0/release/release_new/new.10/include/phgenfit:/cvmfs/sphenix.sdcc.bnl.gov/alma9.2-gcc-14.2.0/release/release_new/new.10/include/rawbcolumi:/cvmfs/sphenix.sdcc.bnl.gov/alma9.2-gcc-14.2.0/release/release_new/new.10/include/eicsmear:/cvmfs/sphenix.sdcc.bnl.gov/alma9.2-gcc-14.2.0/release/release_new/new.10/include/mvtxcalib:/cvmfs/sphenix.sdcc.bnl.gov/alma9.2-gcc-14.2.0/release/release_new/new.10/include/tpclinelaserdiode:/cvmfs/sphenix.sdcc.bnl.gov/alma9.2-gcc-14.2.0/release/release_new/new.10/include/hepmcjettrigger:/cvmfs/sphenix.sdcc.bnl.gov/alma9.2-gcc-14.2.0/release/release_new/new.10/include/core:/cvmfs/sphenix.sdcc.bnl.gov/alma9.2-gcc-14.2.0/release/release_new/new.10/include/calo_cdb:/cvmfs/sphenix.sdcc.bnl.gov/alma9.2-gcc-14.2.0/release/release_new/new.10/include/mvtxclustershapesqa:/cvmfs/sphenix.sdcc.bnl.gov/alma9.2-gcc-14.2.0/release/release_new/new.10/include/calopacketskimmer:/cvmfs/sphenix.sdcc.bnl.gov/alma9.2-gcc-14.2.0/opt/sphenix/core/geant4.10.07.p04/include:/cvmfs/sphenix.sdcc.bnl.gov/alma9.2-gcc-14.2.0/release/release_new/new.10/rootmacros:/cvmfs/sphenix.sdcc.bnl.gov/alma9.2-gcc-14.2.0/opt/sphenix/core/include
GSEARCHPATH=.:PG:LUSTRE:RAWDATA
PWD=/gpfs/mnt/gpfs02/sphenix/user/samfred/run25/ppg11/histmaking
LOGNAME=samfred
_CONDOR_JOB_AD=/home/condor/local/sphnx/execute/dir_410223/.job.ad
MANPATH=/cvmfs/sphenix.sdcc.bnl.gov/alma9.2-gcc-14.2.0/opt/sphenix/core/gcc/14.2.0-2f0a0/x86_64-el9/share/man:/cvmfs/sphenix.sdcc.bnl.gov/alma9.2-gcc-14.2.0/opt/sphenix/core/binutils/2.40-acaab/x86_64-el9/share/man:/cvmfs/sphenix.sdcc.bnl.gov/alma9.2-gcc-14.2.0/release/release_new/new.10/share/man:/cvmfs/sphenix.sdcc.bnl.gov/alma9.2-gcc-14.2.0/opt/sphenix/utils/share/man:/cvmfs/sphenix.sdcc.bnl.gov/alma9.2-gcc-14.2.0/opt/sphenix/core/share/man:/cvmfs/sphenix.sdcc.bnl.gov/alma9.2-gcc-14.2.0/opt/sphenix/core/root-6.32.06/man:/usr/local/share/man:/usr/share/man
PYTHIA8=/cvmfs/sphenix.sdcc.bnl.gov/alma9.2-gcc-14.2.0/release/release_new/new.10/share/Pythia8
G4INCLDATA=/cvmfs/sphenix.sdcc.bnl.gov/alma9.2-gcc-14.2.0/opt/sphenix/core/geant4.10.07.p04/share/Geant4-10.7.4/data/G4INCL1.0
ORIG_PATH=/usr/local/bin:/usr/bin
CXX=/cvmfs/sphenix.sdcc.bnl.gov/alma9.2-gcc-14.2.0/opt/sphenix/core/gcc/14.2.0-2f0a0/x86_64-el9/bin/g++
G4LEDATA=/cvmfs/sphenix.sdcc.bnl.gov/alma9.2-gcc-14.2.0/opt/sphenix/core/geant4.10.07.p04/share/Geant4-10.7.4/data/G4EMLOW7.13
PYTHON_CPU_COUNT=1
OPENBLAS_NUM_THREADS=1
_CONDOR_BIN=/usr/bin
HOME=/sphenix/u/samfred
G4PARTICLEXSDATA=/cvmfs/sphenix.sdcc.bnl.gov/alma9.2-gcc-14.2.0/opt/sphenix/core/geant4.10.07.p04/share/Geant4-10.7.4/data/G4PARTICLEXS3.1.1
ONLINE_MAIN=/cvmfs/sphenix.sdcc.bnl.gov/alma9.2-gcc-14.2.0/release/release_new/new.10
CALIBRATIONROOT=/cvmfs/sphenix.sdcc.bnl.gov/alma9.2-gcc-14.2.0/release/release_new/new.10/share/calibrations
TMPDIR=/tmp
_CONDOR_SCRATCH_DIR=/home/condor/local/sphnx/execute/dir_410223
PGUSER=phnxrc
NOPAYLOADCLIENT_CONF=/cvmfs/sphenix.sdcc.bnl.gov/alma9.2-gcc-14.2.0/opt/sphenix/core/etc/sPHENIX_newcdb.json
XERCESCROOT=/cvmfs/sphenix.sdcc.bnl.gov/alma9.2-gcc-14.2.0/opt/sphenix/core/geant4.10.07.p04
LHAPATH=/cvmfs/sphenix.sdcc.bnl.gov/alma9.2-gcc-14.2.0/opt/sphenix/core/lhapdf-5.9.1/share/lhapdf/PDFsets
G4NEUTRONHPDATA=/cvmfs/sphenix.sdcc.bnl.gov/alma9.2-gcc-14.2.0/opt/sphenix/core/geant4.10.07.p04/share/Geant4-10.7.4/data/G4NDL4.6
PYTHONPATH=.:/cvmfs/sphenix.sdcc.bnl.gov/alma9.2-gcc-14.2.0/release/release_new/new.10/lib/python3.13/site-packages:/cvmfs/sphenix.sdcc.bnl.gov/alma9.2-gcc-14.2.0/opt/sphenix/core/lib/python3.13/site-packages:/cvmfs/sphenix.sdcc.bnl.gov/alma9.2-gcc-14.2.0/opt/sphenix/core/root-6.32.06/lib
USER=samfred
_CONDOR_JOB_PIDS=
TEMP=/tmp
GOMAXPROCS=1
_CONDOR_ANCESTOR_351240=410223:1759352692:1866940929
OFFLINE_MAIN=/cvmfs/sphenix.sdcc.bnl.gov/alma9.2-gcc-14.2.0/release/release_new/new.10
SHLVL=1
TF_NUM_THREADS=1
G4SAIDXSDATA=/cvmfs/sphenix.sdcc.bnl.gov/alma9.2-gcc-14.2.0/opt/sphenix/core/geant4.10.07.p04/share/Geant4-10.7.4/data/G4SAIDDATA2.0
APPTAINER_CACHEDIR=/home/condor/local/sphnx/execute/dir_410223
ROOTSYS=/cvmfs/sphenix.sdcc.bnl.gov/alma9.2-gcc-14.2.0/opt/sphenix/core/root-6.32.06
BATCH_SYSTEM=HTCondor
_CONDOR_SLOT=slot1_13
LD_LIBRARY_PATH=/sphenix/user/samfred/run25/install//lib:/cvmfs/sphenix.sdcc.bnl.gov/alma9.2-gcc-14.2.0/opt/sphenix/core/gcc/14.2.0-2f0a0/x86_64-el9/lib:/cvmfs/sphenix.sdcc.bnl.gov/alma9.2-gcc-14.2.0/opt/sphenix/core/gcc/14.2.0-2f0a0/x86_64-el9/lib64:/cvmfs/sphenix.sdcc.bnl.gov/alma9.2-gcc-14.2.0/opt/sphenix/core/binutils/2.40-acaab/x86_64-el9/lib:.:/cvmfs/sphenix.sdcc.bnl.gov/alma9.2-gcc-14.2.0/release/release_new/new.10/lib64:/cvmfs/sphenix.sdcc.bnl.gov/alma9.2-gcc-14.2.0/release/release_new/new.10/lib:/cvmfs/sphenix.sdcc.bnl.gov/alma9.2-gcc-14.2.0/opt/sphenix/utils/lib:/cvmfs/sphenix.sdcc.bnl.gov/alma9.2-gcc-14.2.0/opt/sphenix/core/lib:/cvmfs/sphenix.sdcc.bnl.gov/alma9.2-gcc-14.2.0/opt/sphenix/core/root-6.32.06/lib:/cvmfs/sphenix.sdcc.bnl.gov/alma9.2-gcc-14.2.0/opt/sphenix/core/geant4.10.07.p04/lib64:/cvmfs/sphenix.sdcc.bnl.gov/alma9.2-gcc-14.2.0/opt/sphenix/core/lhapdf-5.9.1/lib:/usr/local/lib64:/usr/lib64
OPT_SPHENIX=/cvmfs/sphenix.sdcc.bnl.gov/alma9.2-gcc-14.2.0/opt/sphenix/core
TF_LOOP_PARALLEL_ITERATIONS=1
EVT_LIB=/cvmfs/sphenix.sdcc.bnl.gov/alma9.2-gcc-14.2.0/opt/sphenix/core/root-6.32.06/lib
PGHOST=sphnxdbmaster.sdcc.bnl.gov
OMP_NUM_THREADS=1
G4REALSURFACEDATA=/cvmfs/sphenix.sdcc.bnl.gov/alma9.2-gcc-14.2.0/opt/sphenix/core/geant4.10.07.p04/share/Geant4-10.7.4/data/RealSurface2.2
FC=/cvmfs/sphenix.sdcc.bnl.gov/alma9.2-gcc-14.2.0/opt/sphenix/core/gcc/14.2.0-2f0a0/x86_64-el9/bin/gfortran
G4ABLADATA=/cvmfs/sphenix.sdcc.bnl.gov/alma9.2-gcc-14.2.0/opt/sphenix/core/geant4.10.07.p04/share/Geant4-10.7.4/data/G4ABLA3.1
PARASOFT=doesnotexist
TMP=/tmp
OPT_UTILS=/cvmfs/sphenix.sdcc.bnl.gov/alma9.2-gcc-14.2.0/opt/sphenix/utils
CONFIG_SITE=/cvmfs/sphenix.sdcc.bnl.gov/alma9.2-gcc-14.2.0/opt/sphenix/core/etc/config.site
PATH=/sphenix/user/samfred/run25/install//bin:/cvmfs/sphenix.sdcc.bnl.gov/alma9.2-gcc-14.2.0/opt/sphenix/core/gcc/14.2.0-2f0a0/x86_64-el9/bin:/cvmfs/sphenix.sdcc.bnl.gov/alma9.2-gcc-14.2.0/opt/sphenix/core/binutils/2.40-acaab/x86_64-el9/bin:.:/cvmfs/sphenix.sdcc.bnl.gov/alma9.2-gcc-14.2.0/release/release_new/new.10/bin:/cvmfs/sphenix.sdcc.bnl.gov/alma9.2-gcc-14.2.0/opt/sphenix/utils/bin:/cvmfs/sphenix.sdcc.bnl.gov/alma9.2-gcc-14.2.0/opt/sphenix/core/bin:/cvmfs/sphenix.sdcc.bnl.gov/alma9.2-gcc-14.2.0/opt/sphenix/core/root-6.32.06/bin:/cvmfs/sphenix.sdcc.bnl.gov/alma9.2-gcc-14.2.0/opt/sphenix/core/geant4.10.07.p04/bin:/usr/local/bin:/usr/bin:/usr/local/sbin:/usr/sbin
G4LEVELGAMMADATA=/cvmfs/sphenix.sdcc.bnl.gov/alma9.2-gcc-14.2.0/opt/sphenix/core/geant4.10.07.p04/share/Geant4-10.7.4/data/PhotonEvaporation5.7
CC=/cvmfs/sphenix.sdcc.bnl.gov/alma9.2-gcc-14.2.0/opt/sphenix/core/gcc/14.2.0-2f0a0/x86_64-el9/bin/gcc
G4RADIOACTIVEDATA=/cvmfs/sphenix.sdcc.bnl.gov/alma9.2-gcc-14.2.0/opt/sphenix/core/geant4.10.07.p04/share/Geant4-10.7.4/data/RadioactiveDecay5.6
JULIA_NUM_THREADS=1
MKL_NUM_THREADS=1
LHAPDF_DATA_PATH=/cvmfs/sphenix.sdcc.bnl.gov/alma9.2-gcc-14.2.0/release/release_new/new.10/share/LHAPDF
XPLOAD_CONFIG_DIR=/cvmfs/sphenix.sdcc.bnl.gov/alma9.2-gcc-14.2.0/opt/sphenix/core/etc
_CONDOR_ANCESTOR_410223=418260:1759352692:988557653
OLDPWD=/cvmfs/sphenix.sdcc.bnl.gov/alma9.2-gcc-14.2.0/release/release_new/new.10/geant4
_=/usr/bin/printenv
runnumber...
48830
trigger...

   ------------------------------------------------------------------
  | Welcome to ROOT 6.32.06                        https://root.cern |
  | (c) 1995-2024, The ROOT Team; conception: R. Brun, F. Rademakers |
  | Built for linuxx8664gcc on Dec 13 2024, 17:23:48                 |
  | From tags/6-32-06@6-32-06                                        |
  | With g++ (GCC) 14.2.0                                            |
  | Try '.help'/'.?', '.demo', '.license', '.credits', '.quit'/'.q'  |
   ------------------------------------------------------------------


Processing data_histmaker.C(48830)...
entry 0/2894349 (0%)
entry 7000/2894349 (0.241851%)
entry 8000/2894349 (0.276401%)
entry 12000/2894349 (0.414601%)
entry 14000/2894349 (0.483701%)
entry 22000/2894349 (0.760102%)
entry 29000/2894349 (1.00195%)
entry 37000/2894349 (1.27835%)
entry 43000/2894349 (1.48565%)
entry 44000/2894349 (1.5202%)
entry 46000/2894349 (1.5893%)
entry 48000/2894349 (1.6584%)
entry 53000/2894349 (1.83115%)
entry 60000/2894349 (2.07301%)
entry 66000/2894349 (2.28031%)
entry 70000/2894349 (2.41851%)
entry 72000/2894349 (2.48761%)
entry 73000/2894349 (2.52216%)
entry 74000/2894349 (2.55671%)
entry 76000/2894349 (2.62581%)
entry 77000/2894349 (2.66036%)
entry 79000/2894349 (2.72946%)
entry 80000/2894349 (2.76401%)
entry 83000/2894349 (2.86766%)
entry 85000/2894349 (2.93676%)
entry 87000/2894349 (3.00586%)
entry 91000/2894349 (3.14406%)
entry 93000/2894349 (3.21316%)
entry 97000/2894349 (3.35136%)
entry 99000/2894349 (3.42046%)
entry 100000/2894349 (3.45501%)
entry 105000/2894349 (3.62776%)
entry 106000/2894349 (3.66231%)
entry 109000/2894349 (3.76596%)
entry 110000/2894349 (3.80051%)
entry 114000/2894349 (3.93871%)
entry 117000/2894349 (4.04236%)
entry 119000/2894349 (4.11146%)
entry 122000/2894349 (4.21511%)
entry 123000/2894349 (4.24966%)
entry 124000/2894349 (4.28421%)
entry 128000/2894349 (4.42241%)
entry 134000/2894349 (4.62971%)
entry 138000/2894349 (4.76791%)
entry 142000/2894349 (4.90611%)
entry 144000/2894349 (4.97521%)
entry 149000/2894349 (5.14796%)
entry 150000/2894349 (5.18251%)
entry 152000/2894349 (5.25161%)
entry 159000/2894349 (5.49346%)
entry 160000/2894349 (5.52801%)
entry 161000/2894349 (5.56256%)
entry 166000/2894349 (5.73531%)
entry 167000/2894349 (5.76986%)
entry 168000/2894349 (5.80441%)
entry 174000/2894349 (6.01171%)
entry 176000/2894349 (6.08081%)
entry 177000/2894349 (6.11536%)
entry 179000/2894349 (6.18447%)
entry 180000/2894349 (6.21901%)
entry 182000/2894349 (6.28811%)
entry 183000/2894349 (6.32267%)
entry 184000/2894349 (6.35722%)
entry 187000/2894349 (6.46087%)
entry 188000/2894349 (6.49542%)
entry 193000/2894349 (6.66817%)
entry 194000/2894349 (6.70272%)
entry 198000/2894349 (6.84092%)
entry 200000/2894349 (6.91002%)
entry 201000/2894349 (6.94457%)
entry 202000/2894349 (6.97912%)
entry 204000/2894349 (7.04822%)
entry 207000/2894349 (7.15187%)
entry 209000/2894349 (7.22097%)
entry 214000/2894349 (7.39372%)
entry 215000/2894349 (7.42827%)
entry 217000/2894349 (7.49737%)
entry 218000/2894349 (7.53192%)
entry 226000/2894349 (7.80832%)
entry 234000/2894349 (8.08472%)
entry 239000/2894349 (8.25747%)
entry 243000/2894349 (8.39567%)
entry 246000/2894349 (8.49932%)
entry 249000/2894349 (8.60297%)
entry 250000/2894349 (8.63752%)
entry 253000/2894349 (8.74117%)
entry 254000/2894349 (8.77572%)
entry 255000/2894349 (8.81027%)
entry 256000/2894349 (8.84482%)
entry 259000/2894349 (8.94847%)
entry 263000/2894349 (9.08667%)
entry 265000/2894349 (9.15577%)
entry 267000/2894349 (9.22487%)
entry 270000/2894349 (9.32852%)
entry 271000/2894349 (9.36307%)
entry 272000/2894349 (9.39762%)
entry 274000/2894349 (9.46672%)
entry 275000/2894349 (9.50127%)
entry 278000/2894349 (9.60492%)
entry 280000/2894349 (9.67402%)
entry 281000/2894349 (9.70857%)
entry 282000/2894349 (9.74312%)
entry 288000/2894349 (9.95042%)
entry 290000/2894349 (10.0195%)
entry 292000/2894349 (10.0886%)
entry 298000/2894349 (10.2959%)
entry 300000/2894349 (10.365%)
entry 302000/2894349 (10.4341%)
entry 303000/2894349 (10.4687%)
entry 305000/2894349 (10.5378%)
entry 307000/2894349 (10.6069%)
entry 309000/2894349 (10.676%)
entry 319000/2894349 (11.0215%)
entry 320000/2894349 (11.056%)
entry 322000/2894349 (11.1251%)
entry 324000/2894349 (11.1942%)
entry 327000/2894349 (11.2979%)
entry 330000/2894349 (11.4015%)
entry 331000/2894349 (11.4361%)
entry 332000/2894349 (11.4706%)
entry 334000/2894349 (11.5397%)
entry 336000/2894349 (11.6088%)
entry 338000/2894349 (11.6779%)
entry 339000/2894349 (11.7125%)
entry 344000/2894349 (11.8852%)
entry 345000/2894349 (11.9198%)
entry 346000/2894349 (11.9543%)
entry 348000/2894349 (12.0234%)
entry 353000/2894349 (12.1962%)
entry 355000/2894349 (12.2653%)
entry 358000/2894349 (12.3689%)
entry 363000/2894349 (12.5417%)
entry 367000/2894349 (12.6799%)
entry 370000/2894349 (12.7835%)
entry 371000/2894349 (12.8181%)
entry 372000/2894349 (12.8526%)
entry 374000/2894349 (12.9217%)
entry 377000/2894349 (13.0254%)
entry 378000/2894349 (13.0599%)
entry 379000/2894349 (13.0945%)
entry 388000/2894349 (13.4054%)
entry 390000/2894349 (13.4745%)
entry 392000/2894349 (13.5436%)
entry 397000/2894349 (13.7164%)
entry 400000/2894349 (13.82%)
entry 401000/2894349 (13.8546%)
entry 404000/2894349 (13.9582%)
entry 406000/2894349 (14.0273%)
entry 419000/2894349 (14.4765%)
entry 421000/2894349 (14.5456%)
entry 432000/2894349 (14.9256%)
entry 434000/2894349 (14.9947%)
entry 435000/2894349 (15.0293%)
entry 437000/2894349 (15.0984%)
entry 440000/2894349 (15.202%)
entry 442000/2894349 (15.2711%)
entry 443000/2894349 (15.3057%)
entry 444000/2894349 (15.3402%)
entry 446000/2894349 (15.4093%)
entry 447000/2894349 (15.4439%)
entry 448000/2894349 (15.4784%)
entry 449000/2894349 (15.513%)
entry 450000/2894349 (15.5475%)
entry 454000/2894349 (15.6857%)
entry 455000/2894349 (15.7203%)
entry 460000/2894349 (15.893%)
entry 466000/2894349 (16.1003%)
entry 467000/2894349 (16.1349%)
entry 475000/2894349 (16.4113%)
entry 476000/2894349 (16.4458%)
entry 485000/2894349 (16.7568%)
entry 487000/2894349 (16.8259%)
entry 488000/2894349 (16.8604%)
entry 490000/2894349 (16.9295%)
entry 495000/2894349 (17.1023%)
entry 503000/2894349 (17.3787%)
entry 504000/2894349 (17.4132%)
entry 505000/2894349 (17.4478%)
entry 507000/2894349 (17.5169%)
entry 508000/2894349 (17.5514%)
entry 509000/2894349 (17.586%)
entry 510000/2894349 (17.6205%)
entry 512000/2894349 (17.6896%)
entry 513000/2894349 (17.7242%)
entry 514000/2894349 (17.7587%)
entry 517000/2894349 (17.8624%)
entry 519000/2894349 (17.9315%)
entry 522000/2894349 (18.0351%)
entry 525000/2894349 (18.1388%)
entry 539000/2894349 (18.6225%)
entry 541000/2894349 (18.6916%)
entry 542000/2894349 (18.7261%)
entry 545000/2894349 (18.8298%)
entry 548000/2894349 (18.9334%)
entry 556000/2894349 (19.2098%)
entry 558000/2894349 (19.2789%)
entry 559000/2894349 (19.3135%)
entry 561000/2894349 (19.3826%)
entry 563000/2894349 (19.4517%)
entry 567000/2894349 (19.5899%)
entry 571000/2894349 (19.7281%)
entry 573000/2894349 (19.7972%)
entry 575000/2894349 (19.8663%)
entry 579000/2894349 (20.0045%)
entry 581000/2894349 (20.0736%)
entry 589000/2894349 (20.35%)
entry 592000/2894349 (20.4536%)
entry 594000/2894349 (20.5227%)
entry 599000/2894349 (20.6955%)
entry 600000/2894349 (20.73%)
entry 604000/2894349 (20.8683%)
entry 605000/2894349 (20.9028%)
entry 608000/2894349 (21.0065%)
entry 612000/2894349 (21.1447%)
entry 616000/2894349 (21.2829%)
entry 623000/2894349 (21.5247%)
entry 624000/2894349 (21.5593%)
entry 625000/2894349 (21.5938%)
entry 627000/2894349 (21.6629%)
entry 628000/2894349 (21.6975%)
entry 629000/2894349 (21.732%)
entry 632000/2894349 (21.8357%)
entry 633000/2894349 (21.8702%)
entry 635000/2894349 (21.9393%)
entry 641000/2894349 (22.1466%)
entry 645000/2894349 (22.2848%)
entry 647000/2894349 (22.3539%)
entry 654000/2894349 (22.5958%)
entry 656000/2894349 (22.6649%)
entry 658000/2894349 (22.734%)
entry 659000/2894349 (22.7685%)
entry 660000/2894349 (22.8031%)
entry 662000/2894349 (22.8722%)
entry 663000/2894349 (22.9067%)
entry 669000/2894349 (23.114%)
entry 673000/2894349 (23.2522%)
entry 676000/2894349 (23.3559%)
entry 679000/2894349 (23.4595%)
entry 680000/2894349 (23.4941%)
entry 683000/2894349 (23.5977%)
entry 690000/2894349 (23.8396%)
entry 692000/2894349 (23.9087%)
entry 695000/2894349 (24.0123%)
entry 697000/2894349 (24.0814%)
entry 702000/2894349 (24.2542%)
entry 705000/2894349 (24.3578%)
entry 706000/2894349 (24.3924%)
entry 707000/2894349 (24.4269%)
entry 715000/2894349 (24.7033%)
entry 721000/2894349 (24.9106%)
entry 728000/2894349 (25.1525%)
entry 729000/2894349 (25.187%)
entry 730000/2894349 (25.2216%)
entry 731000/2894349 (25.2561%)
entry 735000/2894349 (25.3943%)
entry 737000/2894349 (25.4634%)
entry 741000/2894349 (25.6016%)
entry 744000/2894349 (25.7053%)
entry 747000/2894349 (25.8089%)
entry 749000/2894349 (25.878%)
entry 751000/2894349 (25.9471%)
entry 752000/2894349 (25.9817%)
entry 756000/2894349 (26.1199%)
entry 757000/2894349 (26.1544%)
entry 759000/2894349 (26.2235%)
entry 765000/2894349 (26.4308%)
entry 776000/2894349 (26.8109%)
entry 777000/2894349 (26.8454%)
entry 778000/2894349 (26.88%)
entry 785000/2894349 (27.1218%)
entry 787000/2894349 (27.1909%)
entry 792000/2894349 (27.3637%)
entry 796000/2894349 (27.5019%)
entry 798000/2894349 (27.571%)
entry 802000/2894349 (27.7092%)
entry 803000/2894349 (27.7437%)
entry 807000/2894349 (27.8819%)
entry 808000/2894349 (27.9165%)
entry 810000/2894349 (27.9856%)
entry 812000/2894349 (28.0547%)
entry 815000/2894349 (28.1583%)
entry 818000/2894349 (28.262%)
entry 819000/2894349 (28.2965%)
entry 824000/2894349 (28.4693%)
entry 826000/2894349 (28.5384%)
entry 828000/2894349 (28.6075%)
entry 832000/2894349 (28.7457%)
entry 833000/2894349 (28.7802%)
entry 834000/2894349 (28.8148%)
entry 840000/2894349 (29.0221%)
entry 841000/2894349 (29.0566%)
entry 843000/2894349 (29.1257%)
entry 856000/2894349 (29.5749%)
entry 862000/2894349 (29.7822%)
entry 865000/2894349 (29.8858%)
entry 869000/2894349 (30.024%)
entry 871000/2894349 (30.0931%)
entry 875000/2894349 (30.2313%)
entry 876000/2894349 (30.2659%)
entry 877000/2894349 (30.3004%)
entry 879000/2894349 (30.3695%)
entry 881000/2894349 (30.4386%)
entry 883000/2894349 (30.5077%)
entry 884000/2894349 (30.5423%)
entry 886000/2894349 (30.6114%)
entry 893000/2894349 (30.8532%)
entry 897000/2894349 (30.9914%)
entry 907000/2894349 (31.3369%)
entry 910000/2894349 (31.4406%)
entry 916000/2894349 (31.6479%)
entry 917000/2894349 (31.6824%)
entry 918000/2894349 (31.717%)
entry 920000/2894349 (31.7861%)
entry 927000/2894349 (32.0279%)
entry 934000/2894349 (32.2698%)
entry 939000/2894349 (32.4425%)
entry 943000/2894349 (32.5807%)
entry 944000/2894349 (32.6153%)
entry 946000/2894349 (32.6844%)
entry 952000/2894349 (32.8917%)
entry 953000/2894349 (32.9262%)
entry 955000/2894349 (32.9953%)
entry 956000/2894349 (33.0299%)
entry 958000/2894349 (33.099%)
entry 960000/2894349 (33.1681%)
entry 964000/2894349 (33.3063%)
entry 968000/2894349 (33.4445%)
entry 970000/2894349 (33.5136%)
entry 975000/2894349 (33.6863%)
entry 977000/2894349 (33.7554%)
entry 981000/2894349 (33.8936%)
entry 986000/2894349 (34.0664%)
entry 989000/2894349 (34.17%)
entry 991000/2894349 (34.2391%)
entry 992000/2894349 (34.2737%)
entry 993000/2894349 (34.3082%)
entry 994000/2894349 (34.3428%)
entry 995000/2894349 (34.3773%)
entry 997000/2894349 (34.4464%)
entry 998000/2894349 (34.481%)
entry 1000000/2894349 (34.5501%)
entry 1003000/2894349 (34.6537%)
entry 1005000/2894349 (34.7228%)
entry 1006000/2894349 (34.7574%)
entry 1007000/2894349 (34.7919%)
entry 1008000/2894349 (34.8265%)
entry 1011000/2894349 (34.9301%)
entry 1012000/2894349 (34.9647%)
entry 1013000/2894349 (34.9992%)
entry 1015000/2894349 (35.0683%)
entry 1016000/2894349 (35.1029%)
entry 1019000/2894349 (35.2065%)
entry 1021000/2894349 (35.2756%)
entry 1022000/2894349 (35.3102%)
entry 1023000/2894349 (35.3447%)
entry 1028000/2894349 (35.5175%)
entry 1029000/2894349 (35.552%)
entry 1032000/2894349 (35.6557%)
entry 1033000/2894349 (35.6902%)
entry 1035000/2894349 (35.7593%)
entry 1038000/2894349 (35.863%)
entry 1039000/2894349 (35.8975%)
entry 1040000/2894349 (35.9321%)
entry 1041000/2894349 (35.9666%)
entry 1042000/2894349 (36.0012%)
entry 1044000/2894349 (36.0703%)
entry 1045000/2894349 (36.1048%)
entry 1048000/2894349 (36.2085%)
entry 1050000/2894349 (36.2776%)
entry 1052000/2894349 (36.3467%)
entry 1053000/2894349 (36.3812%)
entry 1062000/2894349 (36.6922%)
entry 1063000/2894349 (36.7267%)
entry 1067000/2894349 (36.8649%)
entry 1069000/2894349 (36.934%)
entry 1071000/2894349 (37.0031%)
entry 1073000/2894349 (37.0722%)
entry 1076000/2894349 (37.1759%)
entry 1080000/2894349 (37.3141%)
entry 1082000/2894349 (37.3832%)
entry 1086000/2894349 (37.5214%)
entry 1089000/2894349 (37.625%)
entry 1090000/2894349 (37.6596%)
entry 1091000/2894349 (37.6941%)
entry 1093000/2894349 (37.7632%)
entry 1094000/2894349 (37.7978%)
entry 1098000/2894349 (37.936%)
entry 1100000/2894349 (38.0051%)
entry 1105000/2894349 (38.1778%)
entry 1106000/2894349 (38.2124%)
entry 1109000/2894349 (38.316%)
entry 1110000/2894349 (38.3506%)
entry 1115000/2894349 (38.5233%)
entry 1118000/2894349 (38.627%)
entry 1132000/2894349 (39.1107%)
entry 1133000/2894349 (39.1452%)
entry 1135000/2894349 (39.2143%)
entry 1137000/2894349 (39.2834%)
entry 1141000/2894349 (39.4216%)
entry 1142000/2894349 (39.4562%)
entry 1143000/2894349 (39.4907%)
entry 1145000/2894349 (39.5598%)
entry 1151000/2894349 (39.7671%)
entry 1153000/2894349 (39.8362%)
entry 1155000/2894349 (39.9053%)
entry 1161000/2894349 (40.1126%)
entry 1169000/2894349 (40.389%)
entry 1170000/2894349 (40.4236%)
entry 1173000/2894349 (40.5272%)
entry 1174000/2894349 (40.5618%)
entry 1176000/2894349 (40.6309%)
entry 1186000/2894349 (40.9764%)
entry 1187000/2894349 (41.0109%)
entry 1194000/2894349 (41.2528%)
entry 1197000/2894349 (41.3565%)
entry 1199000/2894349 (41.4255%)
entry 1204000/2894349 (41.5983%)
entry 1205000/2894349 (41.6329%)
entry 1209000/2894349 (41.7711%)
entry 1210000/2894349 (41.8056%)
entry 1213000/2894349 (41.9093%)
entry 1216000/2894349 (42.0129%)
entry 1219000/2894349 (42.1166%)
entry 1221000/2894349 (42.1857%)
entry 1232000/2894349 (42.5657%)
entry 1233000/2894349 (42.6003%)
entry 1234000/2894349 (42.6348%)
entry 1241000/2894349 (42.8767%)
entry 1245000/2894349 (43.0149%)
entry 1250000/2894349 (43.1876%)
entry 1261000/2894349 (43.5677%)
entry 1262000/2894349 (43.6022%)
entry 1266000/2894349 (43.7404%)
entry 1280000/2894349 (44.2241%)
entry 1286000/2894349 (44.4314%)
entry 1289000/2894349 (44.5351%)
entry 1291000/2894349 (44.6042%)
entry 1294000/2894349 (44.7078%)
entry 1295000/2894349 (44.7424%)
entry 1298000/2894349 (44.846%)
entry 1299000/2894349 (44.8806%)
entry 1302000/2894349 (44.9842%)
entry 1304000/2894349 (45.0533%)
entry 1307000/2894349 (45.157%)
entry 1309000/2894349 (45.2261%)
entry 1311000/2894349 (45.2952%)
entry 1319000/2894349 (45.5716%)
entry 1322000/2894349 (45.6752%)
entry 1323000/2894349 (45.7098%)
entry 1329000/2894349 (45.9171%)
entry 1330000/2894349 (45.9516%)
entry 1332000/2894349 (46.0207%)
entry 1334000/2894349 (46.0898%)
entry 1337000/2894349 (46.1935%)
entry 1338000/2894349 (46.228%)
entry 1348000/2894349 (46.5735%)
entry 1349000/2894349 (46.6081%)
entry 1353000/2894349 (46.7463%)
entry 1356000/2894349 (46.8499%)
entry 1359000/2894349 (46.9536%)
entry 1360000/2894349 (46.9881%)
entry 1361000/2894349 (47.0227%)
entry 1362000/2894349 (47.0572%)
entry 1363000/2894349 (47.0918%)
entry 1366000/2894349 (47.1954%)
entry 1368000/2894349 (47.2645%)
entry 1370000/2894349 (47.3336%)
entry 1373000/2894349 (47.4373%)
entry 1377000/2894349 (47.5755%)
entry 1379000/2894349 (47.6446%)
entry 1381000/2894349 (47.7137%)
entry 1384000/2894349 (47.8173%)
entry 1385000/2894349 (47.8519%)
entry 1389000/2894349 (47.9901%)
entry 1390000/2894349 (48.0246%)
entry 1394000/2894349 (48.1628%)
entry 1396000/2894349 (48.2319%)
entry 1397000/2894349 (48.2665%)
entry 1404000/2894349 (48.5083%)
entry 1406000/2894349 (48.5774%)
entry 1407000/2894349 (48.612%)
entry 1410000/2894349 (48.7156%)
entry 1411000/2894349 (48.7502%)
entry 1418000/2894349 (48.992%)
entry 1420000/2894349 (49.0611%)
entry 1421000/2894349 (49.0957%)
entry 1423000/2894349 (49.1648%)
entry 1425000/2894349 (49.2339%)
entry 1426000/2894349 (49.2684%)
entry 1427000/2894349 (49.303%)
entry 1432000/2894349 (49.4757%)
entry 1434000/2894349 (49.5448%)
entry 1435000/2894349 (49.5794%)
entry 1436000/2894349 (49.6139%)
entry 1439000/2894349 (49.7176%)
entry 1440000/2894349 (49.7521%)
entry 1445000/2894349 (49.9249%)
entry 1446000/2894349 (49.9594%)
entry 1450000/2894349 (50.0976%)
entry 1454000/2894349 (50.2358%)
entry 1458000/2894349 (50.374%)
entry 1460000/2894349 (50.4431%)
entry 1462000/2894349 (50.5122%)
entry 1463000/2894349 (50.5468%)
entry 1464000/2894349 (50.5813%)
entry 1467000/2894349 (50.685%)
entry 1468000/2894349 (50.7195%)
entry 1471000/2894349 (50.8232%)
entry 1477000/2894349 (51.0305%)
entry 1482000/2894349 (51.2032%)
entry 1488000/2894349 (51.4105%)
entry 1492000/2894349 (51.5487%)
entry 1493000/2894349 (51.5833%)
entry 1497000/2894349 (51.7215%)
entry 1501000/2894349 (51.8597%)
entry 1502000/2894349 (51.8942%)
entry 1503000/2894349 (51.9288%)
entry 1505000/2894349 (51.9979%)
entry 1506000/2894349 (52.0324%)
entry 1517000/2894349 (52.4125%)
entry 1518000/2894349 (52.447%)
entry 1521000/2894349 (52.5507%)
entry 1526000/2894349 (52.7234%)
entry 1530000/2894349 (52.8616%)
entry 1531000/2894349 (52.8962%)
entry 1533000/2894349 (52.9653%)
entry 1538000/2894349 (53.138%)
entry 1542000/2894349 (53.2762%)
entry 1543000/2894349 (53.3108%)
entry 1545000/2894349 (53.3799%)
entry 1547000/2894349 (53.449%)
entry 1550000/2894349 (53.5526%)
entry 1551000/2894349 (53.5872%)
entry 1558000/2894349 (53.829%)
entry 1561000/2894349 (53.9327%)
entry 1576000/2894349 (54.4509%)
entry 1577000/2894349 (54.4855%)
entry 1581000/2894349 (54.6237%)
entry 1584000/2894349 (54.7273%)
entry 1587000/2894349 (54.831%)
entry 1592000/2894349 (55.0037%)
entry 1593000/2894349 (55.0383%)
entry 1594000/2894349 (55.0728%)
entry 1600000/2894349 (55.2801%)
entry 1603000/2894349 (55.3838%)
entry 1605000/2894349 (55.4529%)
entry 1606000/2894349 (55.4874%)
entry 1608000/2894349 (55.5565%)
entry 1610000/2894349 (55.6256%)
entry 1612000/2894349 (55.6947%)
entry 1615000/2894349 (55.7984%)
entry 1616000/2894349 (55.8329%)
entry 1618000/2894349 (55.902%)
entry 1619000/2894349 (55.9366%)
entry 1634000/2894349 (56.4548%)
entry 1638000/2894349 (56.593%)
entry 1649000/2894349 (56.9731%)
entry 1650000/2894349 (57.0076%)
entry 1652000/2894349 (57.0767%)
entry 1657000/2894349 (57.2495%)
entry 1660000/2894349 (57.3531%)
entry 1661000/2894349 (57.3877%)
entry 1664000/2894349 (57.4913%)
entry 1666000/2894349 (57.5604%)
entry 1669000/2894349 (57.6641%)
entry 1679000/2894349 (58.0096%)
entry 1684000/2894349 (58.1823%)
entry 1687000/2894349 (58.286%)
entry 1688000/2894349 (58.3205%)
entry 1697000/2894349 (58.6315%)
entry 1702000/2894349 (58.8042%)
entry 1704000/2894349 (58.8733%)
entry 1709000/2894349 (59.0461%)
entry 1710000/2894349 (59.0806%)
entry 1711000/2894349 (59.1152%)
entry 1715000/2894349 (59.2534%)
entry 1716000/2894349 (59.2879%)
entry 1721000/2894349 (59.4607%)
entry 1722000/2894349 (59.4952%)
entry 1724000/2894349 (59.5643%)
entry 1726000/2894349 (59.6334%)
entry 1727000/2894349 (59.668%)
entry 1728000/2894349 (59.7025%)
entry 1729000/2894349 (59.7371%)
entry 1732000/2894349 (59.8407%)
entry 1738000/2894349 (60.048%)
entry 1740000/2894349 (60.1171%)
entry 1742000/2894349 (60.1862%)
entry 1743000/2894349 (60.2208%)
entry 1745000/2894349 (60.2899%)
entry 1749000/2894349 (60.4281%)
entry 1756000/2894349 (60.6699%)
entry 1757000/2894349 (60.7045%)
entry 1759000/2894349 (60.7736%)
entry 1760000/2894349 (60.8081%)
entry 1763000/2894349 (60.9118%)
entry 1766000/2894349 (61.0154%)
entry 1770000/2894349 (61.1537%)
entry 1773000/2894349 (61.2573%)
entry 1774000/2894349 (61.2918%)
entry 1779000/2894349 (61.4646%)
entry 1780000/2894349 (61.4991%)
entry 1787000/2894349 (61.741%)
entry 1788000/2894349 (61.7755%)
entry 1790000/2894349 (61.8446%)
entry 1795000/2894349 (62.0174%)
entry 1796000/2894349 (62.052%)
entry 1798000/2894349 (62.1211%)
entry 1801000/2894349 (62.2247%)
entry 1803000/2894349 (62.2938%)
entry 1804000/2894349 (62.3284%)
entry 1809000/2894349 (62.5011%)
entry 1810000/2894349 (62.5356%)
entry 1812000/2894349 (62.6047%)
entry 1813000/2894349 (62.6393%)
entry 1814000/2894349 (62.6738%)
entry 1815000/2894349 (62.7084%)
entry 1819000/2894349 (62.8466%)
entry 1823000/2894349 (62.9848%)
entry 1824000/2894349 (63.0194%)
entry 1827000/2894349 (63.123%)
entry 1835000/2894349 (63.3994%)
entry 1837000/2894349 (63.4685%)
entry 1838000/2894349 (63.5031%)
entry 1846000/2894349 (63.7795%)
entry 1847000/2894349 (63.814%)
entry 1852000/2894349 (63.9868%)
entry 1853000/2894349 (64.0213%)
entry 1861000/2894349 (64.2977%)
entry 1863000/2894349 (64.3668%)
entry 1867000/2894349 (64.505%)
entry 1870000/2894349 (64.6087%)
entry 1871000/2894349 (64.6432%)
entry 1873000/2894349 (64.7123%)
entry 1878000/2894349 (64.8851%)
entry 1883000/2894349 (65.0578%)
entry 1884000/2894349 (65.0924%)
entry 1885000/2894349 (65.1269%)
entry 1886000/2894349 (65.1615%)
entry 1888000/2894349 (65.2306%)
entry 1890000/2894349 (65.2997%)
entry 1892000/2894349 (65.3688%)
entry 1893000/2894349 (65.4033%)
entry 1898000/2894349 (65.5761%)
entry 1910000/2894349 (65.9907%)
entry 1912000/2894349 (66.0598%)
entry 1914000/2894349 (66.1289%)
entry 1915000/2894349 (66.1634%)
entry 1919000/2894349 (66.3016%)
entry 1928000/2894349 (66.6126%)
entry 1929000/2894349 (66.6471%)
entry 1931000/2894349 (66.7162%)
entry 1932000/2894349 (66.7508%)
entry 1938000/2894349 (66.9581%)
entry 1946000/2894349 (67.2345%)
entry 1947000/2894349 (67.269%)
entry 1948000/2894349 (67.3036%)
entry 1949000/2894349 (67.3381%)
entry 1951000/2894349 (67.4072%)
entry 1955000/2894349 (67.5454%)
entry 1959000/2894349 (67.6836%)
entry 1962000/2894349 (67.7873%)
entry 1965000/2894349 (67.8909%)
entry 1969000/2894349 (68.0291%)
entry 1972000/2894349 (68.1328%)
entry 1978000/2894349 (68.3401%)
entry 1979000/2894349 (68.3746%)
entry 1982000/2894349 (68.4783%)
entry 1985000/2894349 (68.5819%)
entry 1993000/2894349 (68.8583%)
entry 1995000/2894349 (68.9274%)
entry 1997000/2894349 (68.9965%)
entry 1999000/2894349 (69.0656%)
entry 2001000/2894349 (69.1347%)
entry 2002000/2894349 (69.1693%)
entry 2003000/2894349 (69.2038%)
entry 2004000/2894349 (69.2384%)
entry 2005000/2894349 (69.2729%)
entry 2013000/2894349 (69.5493%)
entry 2015000/2894349 (69.6184%)
entry 2017000/2894349 (69.6875%)
entry 2018000/2894349 (69.7221%)
entry 2021000/2894349 (69.8257%)
entry 2022000/2894349 (69.8603%)
entry 2023000/2894349 (69.8948%)
entry 2032000/2894349 (70.2058%)
entry 2034000/2894349 (70.2749%)
entry 2037000/2894349 (70.3785%)
entry 2039000/2894349 (70.4476%)
entry 2044000/2894349 (70.6204%)
entry 2051000/2894349 (70.8622%)
entry 2052000/2894349 (70.8968%)
entry 2056000/2894349 (71.035%)
entry 2059000/2894349 (71.1386%)
entry 2060000/2894349 (71.1732%)
entry 2061000/2894349 (71.2077%)
entry 2064000/2894349 (71.3114%)
entry 2067000/2894349 (71.415%)
entry 2069000/2894349 (71.4841%)
entry 2077000/2894349 (71.7605%)
entry 2080000/2894349 (71.8642%)
entry 2083000/2894349 (71.9678%)
entry 2084000/2894349 (72.0024%)
entry 2086000/2894349 (72.0715%)
entry 2089000/2894349 (72.1751%)
entry 2092000/2894349 (72.2788%)
entry 2096000/2894349 (72.417%)
entry 2098000/2894349 (72.4861%)
entry 2099000/2894349 (72.5206%)
entry 2100000/2894349 (72.5552%)
entry 2101000/2894349 (72.5897%)
entry 2103000/2894349 (72.6588%)
entry 2108000/2894349 (72.8316%)
entry 2110000/2894349 (72.9007%)
entry 2112000/2894349 (72.9698%)
entry 2113000/2894349 (73.0043%)
entry 2118000/2894349 (73.1771%)
entry 2121000/2894349 (73.2807%)
entry 2128000/2894349 (73.5226%)
entry 2130000/2894349 (73.5917%)
entry 2133000/2894349 (73.6953%)
entry 2134000/2894349 (73.7299%)
entry 2139000/2894349 (73.9026%)
entry 2142000/2894349 (74.0063%)
entry 2143000/2894349 (74.0408%)
entry 2145000/2894349 (74.1099%)
entry 2147000/2894349 (74.179%)
entry 2151000/2894349 (74.3172%)
entry 2152000/2894349 (74.3518%)
entry 2159000/2894349 (74.5936%)
entry 2162000/2894349 (74.6973%)
entry 2164000/2894349 (74.7664%)
entry 2166000/2894349 (74.8355%)
entry 2170000/2894349 (74.9737%)
entry 2175000/2894349 (75.1464%)
entry 2180000/2894349 (75.3192%)
entry 2182000/2894349 (75.3883%)
entry 2187000/2894349 (75.561%)
entry 2190000/2894349 (75.6647%)
entry 2194000/2894349 (75.8029%)
entry 2197000/2894349 (75.9065%)
entry 2204000/2894349 (76.1484%)
entry 2205000/2894349 (76.1829%)
entry 2207000/2894349 (76.252%)
entry 2210000/2894349 (76.3557%)
entry 2212000/2894349 (76.4248%)
entry 2214000/2894349 (76.4939%)
entry 2217000/2894349 (76.5975%)
entry 2219000/2894349 (76.6666%)
entry 2225000/2894349 (76.8739%)
entry 2228000/2894349 (76.9776%)
entry 2229000/2894349 (77.0121%)
entry 2232000/2894349 (77.1158%)
entry 2234000/2894349 (77.1849%)
entry 2236000/2894349 (77.254%)
entry 2241000/2894349 (77.4267%)
entry 2243000/2894349 (77.4958%)
entry 2247000/2894349 (77.634%)
entry 2248000/2894349 (77.6686%)
entry 2249000/2894349 (77.7031%)
entry 2257000/2894349 (77.9795%)
entry 2260000/2894349 (78.0832%)
entry 2261000/2894349 (78.1177%)
entry 2262000/2894349 (78.1523%)
entry 2263000/2894349 (78.1868%)
entry 2266000/2894349 (78.2905%)
entry 2267000/2894349 (78.325%)
entry 2268000/2894349 (78.3596%)
entry 2271000/2894349 (78.4632%)
entry 2275000/2894349 (78.6014%)
entry 2278000/2894349 (78.7051%)
entry 2281000/2894349 (78.8087%)
entry 2283000/2894349 (78.8778%)
entry 2287000/2894349 (79.016%)
entry 2288000/2894349 (79.0506%)
entry 2290000/2894349 (79.1197%)
entry 2292000/2894349 (79.1888%)
entry 2294000/2894349 (79.2579%)
entry 2296000/2894349 (79.327%)
entry 2300000/2894349 (79.4652%)
entry 2302000/2894349 (79.5343%)
entry 2306000/2894349 (79.6725%)
entry 2308000/2894349 (79.7416%)
entry 2309000/2894349 (79.7761%)
entry 2310000/2894349 (79.8107%)
entry 2312000/2894349 (79.8798%)
entry 2313000/2894349 (79.9143%)
entry 2314000/2894349 (79.9489%)
entry 2316000/2894349 (80.018%)
entry 2321000/2894349 (80.1907%)
entry 2323000/2894349 (80.2598%)
entry 2337000/2894349 (80.7435%)
entry 2338000/2894349 (80.7781%)
entry 2339000/2894349 (80.8126%)
entry 2341000/2894349 (80.8817%)
entry 2342000/2894349 (80.9163%)
entry 2347000/2894349 (81.089%)
entry 2356000/2894349 (81.4%)
entry 2361000/2894349 (81.5727%)
entry 2362000/2894349 (81.6073%)
entry 2363000/2894349 (81.6418%)
entry 2366000/2894349 (81.7455%)
entry 2368000/2894349 (81.8146%)
entry 2369000/2894349 (81.8491%)
entry 2374000/2894349 (82.0219%)
entry 2375000/2894349 (82.0565%)
entry 2379000/2894349 (82.1947%)
entry 2380000/2894349 (82.2292%)
entry 2381000/2894349 (82.2637%)
entry 2385000/2894349 (82.4019%)
entry 2386000/2894349 (82.4365%)
entry 2387000/2894349 (82.471%)
entry 2391000/2894349 (82.6092%)
entry 2394000/2894349 (82.7129%)
entry 2396000/2894349 (82.782%)
entry 2397000/2894349 (82.8166%)
entry 2399000/2894349 (82.8857%)
entry 2400000/2894349 (82.9202%)
entry 2401000/2894349 (82.9548%)
entry 2405000/2894349 (83.093%)
entry 2407000/2894349 (83.1621%)
entry 2408000/2894349 (83.1966%)
entry 2413000/2894349 (83.3694%)
entry 2414000/2894349 (83.4039%)
entry 2415000/2894349 (83.4385%)
entry 2416000/2894349 (83.473%)
entry 2417000/2894349 (83.5075%)
entry 2418000/2894349 (83.5421%)
entry 2420000/2894349 (83.6112%)
entry 2425000/2894349 (83.784%)
entry 2426000/2894349 (83.8185%)
entry 2432000/2894349 (84.0258%)
entry 2439000/2894349 (84.2677%)
entry 2440000/2894349 (84.3022%)
entry 2441000/2894349 (84.3368%)
entry 2442000/2894349 (84.3713%)
entry 2446000/2894349 (84.5095%)
entry 2448000/2894349 (84.5786%)
entry 2451000/2894349 (84.6823%)
entry 2454000/2894349 (84.7859%)
entry 2457000/2894349 (84.8896%)
entry 2458000/2894349 (84.9241%)
entry 2461000/2894349 (85.0278%)
entry 2465000/2894349 (85.166%)
entry 2466000/2894349 (85.2005%)
entry 2467000/2894349 (85.2351%)
entry 2471000/2894349 (85.3733%)
entry 2474000/2894349 (85.4769%)
entry 2477000/2894349 (85.5806%)
entry 2479000/2894349 (85.6497%)
entry 2480000/2894349 (85.6842%)
entry 2481000/2894349 (85.7188%)
entry 2483000/2894349 (85.7879%)
entry 2484000/2894349 (85.8224%)
entry 2485000/2894349 (85.857%)
entry 2486000/2894349 (85.8915%)
entry 2487000/2894349 (85.9261%)
entry 2501000/2894349 (86.4098%)
entry 2506000/2894349 (86.5825%)
entry 2508000/2894349 (86.6516%)
entry 2509000/2894349 (86.6862%)
entry 2510000/2894349 (86.7207%)
entry 2513000/2894349 (86.8244%)
entry 2514000/2894349 (86.8589%)
entry 2519000/2894349 (87.0317%)
entry 2520000/2894349 (87.0662%)
entry 2523000/2894349 (87.1699%)
entry 2525000/2894349 (87.239%)
entry 2526000/2894349 (87.2735%)
entry 2533000/2894349 (87.5154%)
entry 2534000/2894349 (87.5499%)
entry 2535000/2894349 (87.5845%)
entry 2537000/2894349 (87.6536%)
entry 2538000/2894349 (87.6881%)
entry 2549000/2894349 (88.0682%)
entry 2551000/2894349 (88.1373%)
entry 2552000/2894349 (88.1718%)
entry 2557000/2894349 (88.3446%)
entry 2558000/2894349 (88.3791%)
entry 2560000/2894349 (88.4482%)
entry 2561000/2894349 (88.4828%)
entry 2565000/2894349 (88.621%)
entry 2569000/2894349 (88.7592%)
entry 2571000/2894349 (88.8283%)
entry 2573000/2894349 (88.8974%)
entry 2575000/2894349 (88.9665%)
entry 2576000/2894349 (89.001%)
entry 2578000/2894349 (89.0701%)
entry 2581000/2894349 (89.1738%)
entry 2582000/2894349 (89.2083%)
entry 2590000/2894349 (89.4847%)
entry 2595000/2894349 (89.6575%)
entry 2597000/2894349 (89.7266%)
entry 2602000/2894349 (89.8993%)
entry 2603000/2894349 (89.9339%)
entry 2609000/2894349 (90.1412%)
entry 2610000/2894349 (90.1757%)
entry 2611000/2894349 (90.2103%)
entry 2613000/2894349 (90.2794%)
entry 2615000/2894349 (90.3485%)
entry 2616000/2894349 (90.383%)
entry 2617000/2894349 (90.4176%)
entry 2618000/2894349 (90.4521%)
entry 2619000/2894349 (90.4867%)
entry 2621000/2894349 (90.5558%)
entry 2624000/2894349 (90.6594%)
entry 2628000/2894349 (90.7976%)
entry 2631000/2894349 (90.9013%)
entry 2632000/2894349 (90.9358%)
entry 2633000/2894349 (90.9704%)
entry 2636000/2894349 (91.074%)
entry 2642000/2894349 (91.2813%)
entry 2644000/2894349 (91.3504%)
entry 2645000/2894349 (91.385%)
entry 2646000/2894349 (91.4195%)
entry 2648000/2894349 (91.4886%)
entry 2650000/2894349 (91.5577%)
entry 2651000/2894349 (91.5923%)
entry 2652000/2894349 (91.6268%)
entry 2654000/2894349 (91.6959%)
entry 2656000/2894349 (91.765%)
entry 2657000/2894349 (91.7996%)
entry 2658000/2894349 (91.8341%)
entry 2660000/2894349 (91.9032%)
entry 2662000/2894349 (91.9723%)
entry 2663000/2894349 (92.0069%)
entry 2664000/2894349 (92.0414%)
entry 2672000/2894349 (92.3178%)
entry 2675000/2894349 (92.4215%)
entry 2676000/2894349 (92.456%)
entry 2683000/2894349 (92.6979%)
entry 2684000/2894349 (92.7324%)
entry 2685000/2894349 (92.767%)
entry 2687000/2894349 (92.8361%)
entry 2691000/2894349 (92.9743%)
entry 2692000/2894349 (93.0088%)
entry 2693000/2894349 (93.0434%)
entry 2696000/2894349 (93.147%)
entry 2697000/2894349 (93.1816%)
entry 2698000/2894349 (93.2161%)
entry 2702000/2894349 (93.3543%)
entry 2703000/2894349 (93.3889%)
entry 2707000/2894349 (93.5271%)
entry 2711000/2894349 (93.6653%)
entry 2714000/2894349 (93.7689%)
entry 2717000/2894349 (93.8726%)
entry 2720000/2894349 (93.9762%)
entry 2724000/2894349 (94.1144%)
entry 2725000/2894349 (94.149%)
entry 2726000/2894349 (94.1835%)
entry 2730000/2894349 (94.3217%)
entry 2734000/2894349 (94.4599%)
entry 2736000/2894349 (94.529%)
entry 2738000/2894349 (94.5981%)
entry 2741000/2894349 (94.7018%)
entry 2747000/2894349 (94.9091%)
entry 2749000/2894349 (94.9782%)
entry 2750000/2894349 (95.0127%)
entry 2755000/2894349 (95.1855%)
entry 2761000/2894349 (95.3928%)
entry 2764000/2894349 (95.4964%)
entry 2765000/2894349 (95.531%)
entry 2769000/2894349 (95.6692%)
entry 2770000/2894349 (95.7037%)
entry 2771000/2894349 (95.7383%)
entry 2778000/2894349 (95.9801%)
entry 2780000/2894349 (96.0492%)
entry 2786000/2894349 (96.2565%)
entry 2801000/2894349 (96.7748%)
entry 2803000/2894349 (96.8439%)
entry 2807000/2894349 (96.9821%)
entry 2814000/2894349 (97.2239%)
entry 2820000/2894349 (97.4312%)
entry 2823000/2894349 (97.5349%)
entry 2836000/2894349 (97.984%)
entry 2840000/2894349 (98.1222%)
entry 2841000/2894349 (98.1568%)
entry 2842000/2894349 (98.1913%)
entry 2844000/2894349 (98.2604%)
entry 2846000/2894349 (98.3295%)
entry 2850000/2894349 (98.4677%)
entry 2852000/2894349 (98.5368%)
entry 2853000/2894349 (98.5714%)
entry 2854000/2894349 (98.6059%)
entry 2855000/2894349 (98.6405%)
entry 2857000/2894349 (98.7096%)
entry 2878000/2894349 (99.4351%)
entry 2885000/2894349 (99.677%)
entry 2886000/2894349 (99.7115%)
entry 2887000/2894349 (99.7461%)
entry 2888000/2894349 (99.7806%)
entry 2890000/2894349 (99.8497%)
entry 2893000/2894349 (99.9534%)
all done
script done
