sphnx1113.sdcc.bnl.gov
rsyncing from /gpfs/mnt/gpfs02/sphenix/user/samfred/run25/ppg11/histmaking
running: /gpfs/mnt/gpfs02/sphenix/user/samfred/run25/ppg11/histmaking/script_data.sh 48883
LD_LIBRARY_PATH now /sphenix/user/samfred/run25/install//lib:/cvmfs/sphenix.sdcc.bnl.gov/alma9.2-gcc-14.2.0/opt/sphenix/core/gcc/14.2.0-2f0a0/x86_64-el9/lib:/cvmfs/sphenix.sdcc.bnl.gov/alma9.2-gcc-14.2.0/opt/sphenix/core/gcc/14.2.0-2f0a0/x86_64-el9/lib64:/cvmfs/sphenix.sdcc.bnl.gov/alma9.2-gcc-14.2.0/opt/sphenix/core/binutils/2.40-acaab/x86_64-el9/lib:.:/cvmfs/sphenix.sdcc.bnl.gov/alma9.2-gcc-14.2.0/release/release_new/new.10/lib64:/cvmfs/sphenix.sdcc.bnl.gov/alma9.2-gcc-14.2.0/release/release_new/new.10/lib:/cvmfs/sphenix.sdcc.bnl.gov/alma9.2-gcc-14.2.0/opt/sphenix/utils/lib:/cvmfs/sphenix.sdcc.bnl.gov/alma9.2-gcc-14.2.0/opt/sphenix/core/lib:/cvmfs/sphenix.sdcc.bnl.gov/alma9.2-gcc-14.2.0/opt/sphenix/core/root-6.32.06/lib:/cvmfs/sphenix.sdcc.bnl.gov/alma9.2-gcc-14.2.0/opt/sphenix/core/geant4.10.07.p04/lib64:/cvmfs/sphenix.sdcc.bnl.gov/alma9.2-gcc-14.2.0/opt/sphenix/core/lhapdf-5.9.1/lib:/usr/local/lib64:/usr/lib64
PATH now /sphenix/user/samfred/run25/install//bin:/cvmfs/sphenix.sdcc.bnl.gov/alma9.2-gcc-14.2.0/opt/sphenix/core/gcc/14.2.0-2f0a0/x86_64-el9/bin:/cvmfs/sphenix.sdcc.bnl.gov/alma9.2-gcc-14.2.0/opt/sphenix/core/binutils/2.40-acaab/x86_64-el9/bin:.:/cvmfs/sphenix.sdcc.bnl.gov/alma9.2-gcc-14.2.0/release/release_new/new.10/bin:/cvmfs/sphenix.sdcc.bnl.gov/alma9.2-gcc-14.2.0/opt/sphenix/utils/bin:/cvmfs/sphenix.sdcc.bnl.gov/alma9.2-gcc-14.2.0/opt/sphenix/core/bin:/cvmfs/sphenix.sdcc.bnl.gov/alma9.2-gcc-14.2.0/opt/sphenix/core/root-6.32.06/bin:/cvmfs/sphenix.sdcc.bnl.gov/alma9.2-gcc-14.2.0/opt/sphenix/core/geant4.10.07.p04/bin:/usr/local/bin:/usr/bin:/usr/local/sbin:/usr/sbin
SINGULARITY_CACHEDIR=/home/condor/local/sphnx/execute/dir_1974325
_CONDOR_CHIRP_CONFIG=/home/condor/local/sphnx/execute/dir_1974325/.chirp.config
_CONDOR_JOB_IWD=/sphenix/user/samfred/run25/ppg11/histmaking
G4ENSDFSTATEDATA=/cvmfs/sphenix.sdcc.bnl.gov/alma9.2-gcc-14.2.0/opt/sphenix/core/geant4.10.07.p04/share/Geant4-10.7.4/data/G4ENSDFSTATE2.3
_CONDOR_MACHINE_AD=/home/condor/local/sphnx/execute/dir_1974325/.machine.ad
ROOT_MAX_THREADS=1
NUMEXPR_NUM_THREADS=1
CUBACORES=1
_CHIRP_DELAYED_UPDATE_PREFIX=Chirp*
OMP_THREAD_LIMIT=1
G4PIIDATA=/cvmfs/sphenix.sdcc.bnl.gov/alma9.2-gcc-14.2.0/opt/sphenix/core/geant4.10.07.p04/share/Geant4-10.7.4/data/G4PII1.3
NO_AT_BRIDGE=1
G4_MAIN=/cvmfs/sphenix.sdcc.bnl.gov/alma9.2-gcc-14.2.0/opt/sphenix/core/geant4.10.07.p04
COMPILER_PATH=/cvmfs/sphenix.sdcc.bnl.gov/alma9.2-gcc-14.2.0/opt/sphenix/core/gcc/14.2.0-2f0a0/x86_64-el9
ROOT_INCLUDE_PATH=./:/sphenix/user/samfred/run25/install//include:/sphenix/user/samfred/run25/install//include/caloana:/sphenix/user/samfred/run25/install//include/qa_centrality:/sphenix/user/samfred/run25/install//include/mbdana:/sphenix/user/samfred/run25/install//include/centrality:/sphenix/user/samfred/run25/install//include/Event:/cvmfs/sphenix.sdcc.bnl.gov/alma9.2-gcc-14.2.0/release/release_new/new.10/include:/cvmfs/sphenix.sdcc.bnl.gov/alma9.2-gcc-14.2.0/release/release_new/new.10/include:/cvmfs/sphenix.sdcc.bnl.gov/alma9.2-gcc-14.2.0/release/release_new/new.10/include/g4mbd:/cvmfs/sphenix.sdcc.bnl.gov/alma9.2-gcc-14.2.0/release/release_new/new.10/include/fmt:/cvmfs/sphenix.sdcc.bnl.gov/alma9.2-gcc-14.2.0/release/release_new/new.10/include/ffarawobjects:/cvmfs/sphenix.sdcc.bnl.gov/alma9.2-gcc-14.2.0/release/release_new/new.10/include/JSON:/cvmfs/sphenix.sdcc.bnl.gov/alma9.2-gcc-14.2.0/release/release_new/new.10/include/calotreegen:/cvmfs/sphenix.sdcc.bnl.gov/alma9.2-gcc-14.2.0/release/release_new/new.10/include/torch:/cvmfs/sphenix.sdcc.bnl.gov/alma9.2-gcc-14.2.0/release/release_new/new.10/include/g4detectors:/cvmfs/sphenix.sdcc.bnl.gov/alma9.2-gcc-14.2.0/release/release_new/new.10/include/kineto:/cvmfs/sphenix.sdcc.bnl.gov/alma9.2-gcc-14.2.0/release/release_new/new.10/include/g4decayer:/cvmfs/sphenix.sdcc.bnl.gov/alma9.2-gcc-14.2.0/release/release_new/new.10/include/kfparticleqa:/cvmfs/sphenix.sdcc.bnl.gov/alma9.2-gcc-14.2.0/release/release_new/new.10/include/phfield:/cvmfs/sphenix.sdcc.bnl.gov/alma9.2-gcc-14.2.0/release/release_new/new.10/include/LHAPDF:/cvmfs/sphenix.sdcc.bnl.gov/alma9.2-gcc-14.2.0/release/release_new/new.10/include/readdigitalcurrents:/cvmfs/sphenix.sdcc.bnl.gov/alma9.2-gcc-14.2.0/release/release_new/new.10/include/c10:/cvmfs/sphenix.sdcc.bnl.gov/alma9.2-gcc-14.2.0/release/release_new/new.10/include/calovalid:/cvmfs/sphenix.sdcc.bnl.gov/alma9.2-gcc-14.2.0/release/release_new/new.10/include/oneapi:/cvmfs/sphenix.sdcc.bnl.gov/alma9.2-gcc-14.2.0/release/release_new/new.10/include/DDCond:/cvmfs/sphenix.sdcc.bnl.gov/alma9.2-gcc-14.2.0/release/release_new/new.10/include/g4tracking:/cvmfs/sphenix.sdcc.bnl.gov/alma9.2-gcc-14.2.0/release/release_new/new.10/include/litecaloeval:/cvmfs/sphenix.sdcc.bnl.gov/alma9.2-gcc-14.2.0/release/release_new/new.10/include/g4intt:/cvmfs/sphenix.sdcc.bnl.gov/alma9.2-gcc-14.2.0/release/release_new/new.10/include/phool:/cvmfs/sphenix.sdcc.bnl.gov/alma9.2-gcc-14.2.0/release/release_new/new.10/include/boost:/cvmfs/sphenix.sdcc.bnl.gov/alma9.2-gcc-14.2.0/release/release_new/new.10/include/Pythia8Plugins:/cvmfs/sphenix.sdcc.bnl.gov/alma9.2-gcc-14.2.0/release/release_new/new.10/include/calib_emc_pi0:/cvmfs/sphenix.sdcc.bnl.gov/alma9.2-gcc-14.2.0/release/release_new/new.10/include/hijingflipafterburner:/cvmfs/sphenix.sdcc.bnl.gov/alma9.2-gcc-14.2.0/release/release_new/new.10/include/ffaobjects:/cvmfs/sphenix.sdcc.bnl.gov/alma9.2-gcc-14.2.0/release/release_new/new.10/include/EvtGenBase:/cvmfs/sphenix.sdcc.bnl.gov/alma9.2-gcc-14.2.0/release/release_new/new.10/include/flowafterburner:/cvmfs/sphenix.sdcc.bnl.gov/alma9.2-gcc-14.2.0/release/release_new/new.10/include/google:/cvmfs/sphenix.sdcc.bnl.gov/alma9.2-gcc-14.2.0/release/release_new/new.10/include/g4tpc:/cvmfs/sphenix.sdcc.bnl.gov/alma9.2-gcc-14.2.0/release/release_new/new.10/include/caffe2:/cvmfs/sphenix.sdcc.bnl.gov/alma9.2-gcc-14.2.0/release/release_new/new.10/include/EvtGenExternal:/cvmfs/sphenix.sdcc.bnl.gov/alma9.2-gcc-14.2.0/release/release_new/new.10/include/fp16:/cvmfs/sphenix.sdcc.bnl.gov/alma9.2-gcc-14.2.0/release/release_new/new.10/include/ffamodules:/cvmfs/sphenix.sdcc.bnl.gov/alma9.2-gcc-14.2.0/release/release_new/new.10/include/uspin:/cvmfs/sphenix.sdcc.bnl.gov/alma9.2-gcc-14.2.0/release/release_new/new.10/include/Herwig:/cvmfs/sphenix.sdcc.bnl.gov/alma9.2-gcc-14.2.0/release/release_new/new.10/include/genfitexp:/cvmfs/sphenix.sdcc.bnl.gov/alma9.2-gcc-14.2.0/release/release_new/new.10/include/XML:/cvmfs/sphenix.sdcc.bnl.gov/alma9.2-gcc-14.2.0/release/release_new/new.10/include/fbgemm:/cvmfs/sphenix.sdcc.bnl.gov/alma9.2-gcc-14.2.0/release/release_new/new.10/include/DDAlign:/cvmfs/sphenix.sdcc.bnl.gov/alma9.2-gcc-14.2.0/release/release_new/new.10/include/g4mvtx:/cvmfs/sphenix.sdcc.bnl.gov/alma9.2-gcc-14.2.0/release/release_new/new.10/include/kfparticle_sphenix:/cvmfs/sphenix.sdcc.bnl.gov/alma9.2-gcc-14.2.0/release/release_new/new.10/include/fun4all:/cvmfs/sphenix.sdcc.bnl.gov/alma9.2-gcc-14.2.0/release/release_new/new.10/include/intt:/cvmfs/sphenix.sdcc.bnl.gov/alma9.2-gcc-14.2.0/release/release_new/new.10/include/eventdisplay:/cvmfs/sphenix.sdcc.bnl.gov/alma9.2-gcc-14.2.0/release/release_new/new.10/include/EvtGen:/cvmfs/sphenix.sdcc.bnl.gov/alma9.2-gcc-14.2.0/release/release_new/new.10/include/Evaluator:/cvmfs/sphenix.sdcc.bnl.gov/alma9.2-gcc-14.2.0/release/release_new/new.10/include/tpc:/cvmfs/sphenix.sdcc.bnl.gov/alma9.2-gcc-14.2.0/release/release_new/new.10/include/GenFit:/cvmfs/sphenix.sdcc.bnl.gov/alma9.2-gcc-14.2.0/release/release_new/new.10/include/prototype4:/cvmfs/sphenix.sdcc.bnl.gov/alma9.2-gcc-14.2.0/release/release_new/new.10/include/caloembedding:/cvmfs/sphenix.sdcc.bnl.gov/alma9.2-gcc-14.2.0/release/release_new/new.10/include/EvtGenModels:/cvmfs/sphenix.sdcc.bnl.gov/alma9.2-gcc-14.2.0/release/release_new/new.10/include/fastjet:/cvmfs/sphenix.sdcc.bnl.gov/alma9.2-gcc-14.2.0/release/release_new/new.10/include/DDG4:/cvmfs/sphenix.sdcc.bnl.gov/alma9.2-gcc-14.2.0/release/release_new/new.10/include/mbd:/cvmfs/sphenix.sdcc.bnl.gov/alma9.2-gcc-14.2.0/release/release_new/new.10/include/tbb:/cvmfs/sphenix.sdcc.bnl.gov/alma9.2-gcc-14.2.0/release/release_new/new.10/include/phgeom:/cvmfs/sphenix.sdcc.bnl.gov/alma9.2-gcc-14.2.0/release/release_new/new.10/include/g4epd:/cvmfs/sphenix.sdcc.bnl.gov/alma9.2-gcc-14.2.0/release/release_new/new.10/include/oncal:/cvmfs/sphenix.sdcc.bnl.gov/alma9.2-gcc-14.2.0/release/release_new/new.10/include/pybind11:/cvmfs/sphenix.sdcc.bnl.gov/alma9.2-gcc-14.2.0/release/release_new/new.10/include/tpcdistgenerator:/cvmfs/sphenix.sdcc.bnl.gov/alma9.2-gcc-14.2.0/release/release_new/new.10/include/cdbobjects:/cvmfs/sphenix.sdcc.bnl.gov/alma9.2-gcc-14.2.0/release/release_new/new.10/include/g4micromegas:/cvmfs/sphenix.sdcc.bnl.gov/alma9.2-gcc-14.2.0/release/release_new/new.10/include/g4eval:/cvmfs/sphenix.sdcc.bnl.gov/alma9.2-gcc-14.2.0/release/release_new/new.10/include/jetbackground:/cvmfs/sphenix.sdcc.bnl.gov/alma9.2-gcc-14.2.0/release/release_new/new.10/include/micromegas:/cvmfs/sphenix.sdcc.bnl.gov/alma9.2-gcc-14.2.0/release/release_new/new.10/include/hftrackefficiency:/cvmfs/sphenix.sdcc.bnl.gov/alma9.2-gcc-14.2.0/release/release_new/new.10/include/inttrawhitqa:/cvmfs/sphenix.sdcc.bnl.gov/alma9.2-gcc-14.2.0/release/release_new/new.10/include/centrality:/cvmfs/sphenix.sdcc.bnl.gov/alma9.2-gcc-14.2.0/release/release_new/new.10/include/epd:/cvmfs/sphenix.sdcc.bnl.gov/alma9.2-gcc-14.2.0/release/release_new/new.10/include/caloreco:/cvmfs/sphenix.sdcc.bnl.gov/alma9.2-gcc-14.2.0/release/release_new/new.10/include/HepMC:/cvmfs/sphenix.sdcc.bnl.gov/alma9.2-gcc-14.2.0/release/release_new/new.10/include/CLHEP:/cvmfs/sphenix.sdcc.bnl.gov/alma9.2-gcc-14.2.0/release/release_new/new.10/include/Acts:/cvmfs/sphenix.sdcc.bnl.gov/alma9.2-gcc-14.2.0/release/release_new/new.10/include/g4histos:/cvmfs/sphenix.sdcc.bnl.gov/alma9.2-gcc-14.2.0/release/release_new/new.10/include/eventplaneinfo:/cvmfs/sphenix.sdcc.bnl.gov/alma9.2-gcc-14.2.0/release/release_new/new.10/include/fillspacechargemaps:/cvmfs/sphenix.sdcc.bnl.gov/alma9.2-gcc-14.2.0/release/release_new/new.10/include/phhepmc:/cvmfs/sphenix.sdcc.bnl.gov/alma9.2-gcc-14.2.0/release/release_new/new.10/include/trackingqa:/cvmfs/sphenix.sdcc.bnl.gov/alma9.2-gcc-14.2.0/release/release_new/new.10/include/qautils:/cvmfs/sphenix.sdcc.bnl.gov/alma9.2-gcc-14.2.0/release/release_new/new.10/include/trackreco:/cvmfs/sphenix.sdcc.bnl.gov/alma9.2-gcc-14.2.0/release/release_new/new.10/include/g4ohcal:/cvmfs/sphenix.sdcc.bnl.gov/alma9.2-gcc-14.2.0/release/release_new/new.10/include/tpcdvcalib:/cvmfs/sphenix.sdcc.bnl.gov/alma9.2-gcc-14.2.0/release/release_new/new.10/include/zdcinfo:/cvmfs/sphenix.sdcc.bnl.gov/alma9.2-gcc-14.2.0/release/release_new/new.10/include/phpythia8:/cvmfs/sphenix.sdcc.bnl.gov/alma9.2-gcc-14.2.0/release/release_new/new.10/include/fun4allutils:/cvmfs/sphenix.sdcc.bnl.gov/alma9.2-gcc-14.2.0/release/release_new/new.10/include/tpcqa:/cvmfs/sphenix.sdcc.bnl.gov/alma9.2-gcc-14.2.0/release/release_new/new.10/include/Pythia8:/cvmfs/sphenix.sdcc.bnl.gov/alma9.2-gcc-14.2.0/release/release_new/new.10/include/DDRec:/cvmfs/sphenix.sdcc.bnl.gov/alma9.2-gcc-14.2.0/release/release_new/new.10/include/DDDigi:/cvmfs/sphenix.sdcc.bnl.gov/alma9.2-gcc-14.2.0/release/release_new/new.10/include/g4ihcal:/cvmfs/sphenix.sdcc.bnl.gov/alma9.2-gcc-14.2.0/release/release_new/new.10/include/frog:/cvmfs/sphenix.sdcc.bnl.gov/alma9.2-gcc-14.2.0/release/release_new/new.10/include/eigen3:/cvmfs/sphenix.sdcc.bnl.gov/alma9.2-gcc-14.2.0/release/release_new/new.10/include/tensorpipe:/cvmfs/sphenix.sdcc.bnl.gov/alma9.2-gcc-14.2.0/release/release_new/new.10/include/sphenixnpc:/cvmfs/sphenix.sdcc.bnl.gov/alma9.2-gcc-14.2.0/release/release_new/new.10/include/siscone:/cvmfs/sphenix.sdcc.bnl.gov/alma9.2-gcc-14.2.0/release/release_new/new.10/include/pmonitor:/cvmfs/sphenix.sdcc.bnl.gov/alma9.2-gcc-14.2.0/release/release_new/new.10/include/calobase:/cvmfs/sphenix.sdcc.bnl.gov/alma9.2-gcc-14.2.0/release/release_new/new.10/include/ActsExamples:/cvmfs/sphenix.sdcc.bnl.gov/alma9.2-gcc-14.2.0/release/release_new/new.10/include/g4gdml:/cvmfs/sphenix.sdcc.bnl.gov/alma9.2-gcc-14.2.0/release/release_new/new.10/include/mvtx_decoder:/cvmfs/sphenix.sdcc.bnl.gov/alma9.2-gcc-14.2.0/release/release_new/new.10/include/ROOT:/cvmfs/sphenix.sdcc.bnl.gov/alma9.2-gcc-14.2.0/release/release_new/new.10/include/phparameter:/cvmfs/sphenix.sdcc.bnl.gov/alma9.2-gcc-14.2.0/release/release_new/new.10/include/rsa:/cvmfs/sphenix.sdcc.bnl.gov/alma9.2-gcc-14.2.0/release/release_new/new.10/include/fun4allraw:/cvmfs/sphenix.sdcc.bnl.gov/alma9.2-gcc-14.2.0/release/release_new/new.10/include/trackbase_historic:/cvmfs/sphenix.sdcc.bnl.gov/alma9.2-gcc-14.2.0/release/release_new/new.10/include/g4jets:/cvmfs/sphenix.sdcc.bnl.gov/alma9.2-gcc-14.2.0/release/release_new/new.10/include/jetqa:/cvmfs/sphenix.sdcc.bnl.gov/alma9.2-gcc-14.2.0/release/release_new/new.10/include/phoolraw:/cvmfs/sphenix.sdcc.bnl.gov/alma9.2-gcc-14.2.0/release/release_new/new.10/include/g4calo:/cvmfs/sphenix.sdcc.bnl.gov/alma9.2-gcc-14.2.0/release/release_new/new.10/include/mvtxrawhitqa:/cvmfs/sphenix.sdcc.bnl.gov/alma9.2-gcc-14.2.0/release/release_new/new.10/include/HepMC3:/cvmfs/sphenix.sdcc.bnl.gov/alma9.2-gcc-14.2.0/release/release_new/new.10/include/calowaveformsim:/cvmfs/sphenix.sdcc.bnl.gov/alma9.2-gcc-14.2.0/release/release_new/new.10/include/g4caloprototype:/cvmfs/sphenix.sdcc.bnl.gov/alma9.2-gcc-14.2.0/release/release_new/new.10/include/pdbcalbase:/cvmfs/sphenix.sdcc.bnl.gov/alma9.2-gcc-14.2.0/release/release_new/new.10/include/gsl:/cvmfs/sphenix.sdcc.bnl.gov/alma9.2-gcc-14.2.0/release/release_new/new.10/include/nodedump:/cvmfs/sphenix.sdcc.bnl.gov/alma9.2-gcc-14.2.0/release/release_new/new.10/include/emcnoisytowerfinder:/cvmfs/sphenix.sdcc.bnl.gov/alma9.2-gcc-14.2.0/release/release_new/new.10/include/ActsFatras:/cvmfs/sphenix.sdcc.bnl.gov/alma9.2-gcc-14.2.0/release/release_new/new.10/include/ffarawmodules:/cvmfs/sphenix.sdcc.bnl.gov/alma9.2-gcc-14.2.0/release/release_new/new.10/include/Event:/cvmfs/sphenix.sdcc.bnl.gov/alma9.2-gcc-14.2.0/release/release_new/new.10/include/prototype3:/cvmfs/sphenix.sdcc.bnl.gov/alma9.2-gcc-14.2.0/release/release_new/new.10/include/fermimotionafterburner:/cvmfs/sphenix.sdcc.bnl.gov/alma9.2-gcc-14.2.0/release/release_new/new.10/include/Photos:/cvmfs/sphenix.sdcc.bnl.gov/alma9.2-gcc-14.2.0/release/release_new/new.10/include/xingshiftcal:/cvmfs/sphenix.sdcc.bnl.gov/alma9.2-gcc-14.2.0/release/release_new/new.10/include/trackbase:/cvmfs/sphenix.sdcc.bnl.gov/alma9.2-gcc-14.2.0/release/release_new/new.10/include/jetdstskimmer:/cvmfs/sphenix.sdcc.bnl.gov/alma9.2-gcc-14.2.0/release/release_new/new.10/include/clusteriso:/cvmfs/sphenix.sdcc.bnl.gov/alma9.2-gcc-14.2.0/release/release_new/new.10/include/asmjit:/cvmfs/sphenix.sdcc.bnl.gov/alma9.2-gcc-14.2.0/release/release_new/new.10/include/particleflowreco:/cvmfs/sphenix.sdcc.bnl.gov/alma9.2-gcc-14.2.0/release/release_new/new.10/include/tpchittrackdisplay:/cvmfs/sphenix.sdcc.bnl.gov/alma9.2-gcc-14.2.0/release/release_new/new.10/include/caloana:/cvmfs/sphenix.sdcc.bnl.gov/alma9.2-gcc-14.2.0/release/release_new/new.10/include/calotrigger:/cvmfs/sphenix.sdcc.bnl.gov/alma9.2-gcc-14.2.0/release/release_new/new.10/include/nopayloadclient:/cvmfs/sphenix.sdcc.bnl.gov/alma9.2-gcc-14.2.0/release/release_new/new.10/include/trackermillepedealignment:/cvmfs/sphenix.sdcc.bnl.gov/alma9.2-gcc-14.2.0/release/release_new/new.10/include/DD4hep:/cvmfs/sphenix.sdcc.bnl.gov/alma9.2-gcc-14.2.0/release/release_new/new.10/include/g4trackfastsim:/cvmfs/sphenix.sdcc.bnl.gov/alma9.2-gcc-14.2.0/release/release_new/new.10/include/prototype2:/cvmfs/sphenix.sdcc.bnl.gov/alma9.2-gcc-14.2.0/release/release_new/new.10/include/ATen:/cvmfs/sphenix.sdcc.bnl.gov/alma9.2-gcc-14.2.0/release/release_new/new.10/include/g4main:/cvmfs/sphenix.sdcc.bnl.gov/alma9.2-gcc-14.2.0/release/release_new/new.10/include/Tauola:/cvmfs/sphenix.sdcc.bnl.gov/alma9.2-gcc-14.2.0/release/release_new/new.10/include/inttcalib:/cvmfs/sphenix.sdcc.bnl.gov/alma9.2-gcc-14.2.0/release/release_new/new.10/include/reactionplaneafterburner:/cvmfs/sphenix.sdcc.bnl.gov/alma9.2-gcc-14.2.0/release/release_new/new.10/include/globalqa:/cvmfs/sphenix.sdcc.bnl.gov/alma9.2-gcc-14.2.0/release/release_new/new.10/include/tpccalib:/cvmfs/sphenix.sdcc.bnl.gov/alma9.2-gcc-14.2.0/release/release_new/new.10/include/DDSegmentation:/cvmfs/sphenix.sdcc.bnl.gov/alma9.2-gcc-14.2.0/release/release_new/new.10/include/decayfinder:/cvmfs/sphenix.sdcc.bnl.gov/alma9.2-gcc-14.2.0/release/release_new/new.10/include/compressclus:/cvmfs/sphenix.sdcc.bnl.gov/alma9.2-gcc-14.2.0/release/release_new/new.10/include/simqa_modules:/cvmfs/sphenix.sdcc.bnl.gov/alma9.2-gcc-14.2.0/release/release_new/new.10/include/resonancejettagging:/cvmfs/sphenix.sdcc.bnl.gov/alma9.2-gcc-14.2.0/release/release_new/new.10/include/g4centrality:/cvmfs/sphenix.sdcc.bnl.gov/alma9.2-gcc-14.2.0/release/release_new/new.10/include/mvtx:/cvmfs/sphenix.sdcc.bnl.gov/alma9.2-gcc-14.2.0/release/release_new/new.10/include/nlohmann:/cvmfs/sphenix.sdcc.bnl.gov/alma9.2-gcc-14.2.0/release/release_new/new.10/include/localpoloffmon:/cvmfs/sphenix.sdcc.bnl.gov/alma9.2-gcc-14.2.0/release/release_new/new.10/include/DDEve:/cvmfs/sphenix.sdcc.bnl.gov/alma9.2-gcc-14.2.0/release/release_new/new.10/include/Parsers:/cvmfs/sphenix.sdcc.bnl.gov/alma9.2-gcc-14.2.0/release/release_new/new.10/include/trackingdiagnostics:/cvmfs/sphenix.sdcc.bnl.gov/alma9.2-gcc-14.2.0/release/release_new/new.10/include/g4vertex:/cvmfs/sphenix.sdcc.bnl.gov/alma9.2-gcc-14.2.0/release/release_new/new.10/include/jetbase:/cvmfs/sphenix.sdcc.bnl.gov/alma9.2-gcc-14.2.0/release/release_new/new.10/include/globalvertex:/cvmfs/sphenix.sdcc.bnl.gov/alma9.2-gcc-14.2.0/release/release_new/new.10/include/phgenfit:/cvmfs/sphenix.sdcc.bnl.gov/alma9.2-gcc-14.2.0/release/release_new/new.10/include/rawbcolumi:/cvmfs/sphenix.sdcc.bnl.gov/alma9.2-gcc-14.2.0/release/release_new/new.10/include/eicsmear:/cvmfs/sphenix.sdcc.bnl.gov/alma9.2-gcc-14.2.0/release/release_new/new.10/include/mvtxcalib:/cvmfs/sphenix.sdcc.bnl.gov/alma9.2-gcc-14.2.0/release/release_new/new.10/include/tpclinelaserdiode:/cvmfs/sphenix.sdcc.bnl.gov/alma9.2-gcc-14.2.0/release/release_new/new.10/include/hepmcjettrigger:/cvmfs/sphenix.sdcc.bnl.gov/alma9.2-gcc-14.2.0/release/release_new/new.10/include/core:/cvmfs/sphenix.sdcc.bnl.gov/alma9.2-gcc-14.2.0/release/release_new/new.10/include/calo_cdb:/cvmfs/sphenix.sdcc.bnl.gov/alma9.2-gcc-14.2.0/release/release_new/new.10/include/mvtxclustershapesqa:/cvmfs/sphenix.sdcc.bnl.gov/alma9.2-gcc-14.2.0/release/release_new/new.10/include/calopacketskimmer:/cvmfs/sphenix.sdcc.bnl.gov/alma9.2-gcc-14.2.0/opt/sphenix/core/geant4.10.07.p04/include:/cvmfs/sphenix.sdcc.bnl.gov/alma9.2-gcc-14.2.0/release/release_new/new.10/rootmacros:/cvmfs/sphenix.sdcc.bnl.gov/alma9.2-gcc-14.2.0/opt/sphenix/core/include
GSEARCHPATH=.:PG:LUSTRE:RAWDATA
PWD=/gpfs/mnt/gpfs02/sphenix/user/samfred/run25/ppg11/histmaking
LOGNAME=samfred
_CONDOR_JOB_AD=/home/condor/local/sphnx/execute/dir_1974325/.job.ad
MANPATH=/cvmfs/sphenix.sdcc.bnl.gov/alma9.2-gcc-14.2.0/opt/sphenix/core/gcc/14.2.0-2f0a0/x86_64-el9/share/man:/cvmfs/sphenix.sdcc.bnl.gov/alma9.2-gcc-14.2.0/opt/sphenix/core/binutils/2.40-acaab/x86_64-el9/share/man:/cvmfs/sphenix.sdcc.bnl.gov/alma9.2-gcc-14.2.0/release/release_new/new.10/share/man:/cvmfs/sphenix.sdcc.bnl.gov/alma9.2-gcc-14.2.0/opt/sphenix/utils/share/man:/cvmfs/sphenix.sdcc.bnl.gov/alma9.2-gcc-14.2.0/opt/sphenix/core/share/man:/cvmfs/sphenix.sdcc.bnl.gov/alma9.2-gcc-14.2.0/opt/sphenix/core/root-6.32.06/man:/usr/local/share/man:/usr/share/man
PYTHIA8=/cvmfs/sphenix.sdcc.bnl.gov/alma9.2-gcc-14.2.0/release/release_new/new.10/share/Pythia8
G4INCLDATA=/cvmfs/sphenix.sdcc.bnl.gov/alma9.2-gcc-14.2.0/opt/sphenix/core/geant4.10.07.p04/share/Geant4-10.7.4/data/G4INCL1.0
ORIG_PATH=/usr/local/bin:/usr/bin
CXX=/cvmfs/sphenix.sdcc.bnl.gov/alma9.2-gcc-14.2.0/opt/sphenix/core/gcc/14.2.0-2f0a0/x86_64-el9/bin/g++
G4LEDATA=/cvmfs/sphenix.sdcc.bnl.gov/alma9.2-gcc-14.2.0/opt/sphenix/core/geant4.10.07.p04/share/Geant4-10.7.4/data/G4EMLOW7.13
PYTHON_CPU_COUNT=1
OPENBLAS_NUM_THREADS=1
_CONDOR_BIN=/usr/bin
HOME=/sphenix/u/samfred
G4PARTICLEXSDATA=/cvmfs/sphenix.sdcc.bnl.gov/alma9.2-gcc-14.2.0/opt/sphenix/core/geant4.10.07.p04/share/Geant4-10.7.4/data/G4PARTICLEXS3.1.1
ONLINE_MAIN=/cvmfs/sphenix.sdcc.bnl.gov/alma9.2-gcc-14.2.0/release/release_new/new.10
CALIBRATIONROOT=/cvmfs/sphenix.sdcc.bnl.gov/alma9.2-gcc-14.2.0/release/release_new/new.10/share/calibrations
TMPDIR=/tmp
_CONDOR_SCRATCH_DIR=/home/condor/local/sphnx/execute/dir_1974325
PGUSER=phnxrc
NOPAYLOADCLIENT_CONF=/cvmfs/sphenix.sdcc.bnl.gov/alma9.2-gcc-14.2.0/opt/sphenix/core/etc/sPHENIX_newcdb.json
XERCESCROOT=/cvmfs/sphenix.sdcc.bnl.gov/alma9.2-gcc-14.2.0/opt/sphenix/core/geant4.10.07.p04
LHAPATH=/cvmfs/sphenix.sdcc.bnl.gov/alma9.2-gcc-14.2.0/opt/sphenix/core/lhapdf-5.9.1/share/lhapdf/PDFsets
G4NEUTRONHPDATA=/cvmfs/sphenix.sdcc.bnl.gov/alma9.2-gcc-14.2.0/opt/sphenix/core/geant4.10.07.p04/share/Geant4-10.7.4/data/G4NDL4.6
PYTHONPATH=.:/cvmfs/sphenix.sdcc.bnl.gov/alma9.2-gcc-14.2.0/release/release_new/new.10/lib/python3.13/site-packages:/cvmfs/sphenix.sdcc.bnl.gov/alma9.2-gcc-14.2.0/opt/sphenix/core/lib/python3.13/site-packages:/cvmfs/sphenix.sdcc.bnl.gov/alma9.2-gcc-14.2.0/opt/sphenix/core/root-6.32.06/lib
USER=samfred
_CONDOR_ANCESTOR_26173=26218:1756527017:3130080382
_CONDOR_JOB_PIDS=
_CONDOR_ANCESTOR_1974325=1979432:1759352693:1572095027
TEMP=/tmp
GOMAXPROCS=1
OFFLINE_MAIN=/cvmfs/sphenix.sdcc.bnl.gov/alma9.2-gcc-14.2.0/release/release_new/new.10
SHLVL=1
TF_NUM_THREADS=1
G4SAIDXSDATA=/cvmfs/sphenix.sdcc.bnl.gov/alma9.2-gcc-14.2.0/opt/sphenix/core/geant4.10.07.p04/share/Geant4-10.7.4/data/G4SAIDDATA2.0
APPTAINER_CACHEDIR=/home/condor/local/sphnx/execute/dir_1974325
ROOTSYS=/cvmfs/sphenix.sdcc.bnl.gov/alma9.2-gcc-14.2.0/opt/sphenix/core/root-6.32.06
BATCH_SYSTEM=HTCondor
_CONDOR_SLOT=slot1_16
LD_LIBRARY_PATH=/sphenix/user/samfred/run25/install//lib:/cvmfs/sphenix.sdcc.bnl.gov/alma9.2-gcc-14.2.0/opt/sphenix/core/gcc/14.2.0-2f0a0/x86_64-el9/lib:/cvmfs/sphenix.sdcc.bnl.gov/alma9.2-gcc-14.2.0/opt/sphenix/core/gcc/14.2.0-2f0a0/x86_64-el9/lib64:/cvmfs/sphenix.sdcc.bnl.gov/alma9.2-gcc-14.2.0/opt/sphenix/core/binutils/2.40-acaab/x86_64-el9/lib:.:/cvmfs/sphenix.sdcc.bnl.gov/alma9.2-gcc-14.2.0/release/release_new/new.10/lib64:/cvmfs/sphenix.sdcc.bnl.gov/alma9.2-gcc-14.2.0/release/release_new/new.10/lib:/cvmfs/sphenix.sdcc.bnl.gov/alma9.2-gcc-14.2.0/opt/sphenix/utils/lib:/cvmfs/sphenix.sdcc.bnl.gov/alma9.2-gcc-14.2.0/opt/sphenix/core/lib:/cvmfs/sphenix.sdcc.bnl.gov/alma9.2-gcc-14.2.0/opt/sphenix/core/root-6.32.06/lib:/cvmfs/sphenix.sdcc.bnl.gov/alma9.2-gcc-14.2.0/opt/sphenix/core/geant4.10.07.p04/lib64:/cvmfs/sphenix.sdcc.bnl.gov/alma9.2-gcc-14.2.0/opt/sphenix/core/lhapdf-5.9.1/lib:/usr/local/lib64:/usr/lib64
OPT_SPHENIX=/cvmfs/sphenix.sdcc.bnl.gov/alma9.2-gcc-14.2.0/opt/sphenix/core
TF_LOOP_PARALLEL_ITERATIONS=1
EVT_LIB=/cvmfs/sphenix.sdcc.bnl.gov/alma9.2-gcc-14.2.0/opt/sphenix/core/root-6.32.06/lib
PGHOST=sphnxdbmaster.sdcc.bnl.gov
OMP_NUM_THREADS=1
G4REALSURFACEDATA=/cvmfs/sphenix.sdcc.bnl.gov/alma9.2-gcc-14.2.0/opt/sphenix/core/geant4.10.07.p04/share/Geant4-10.7.4/data/RealSurface2.2
FC=/cvmfs/sphenix.sdcc.bnl.gov/alma9.2-gcc-14.2.0/opt/sphenix/core/gcc/14.2.0-2f0a0/x86_64-el9/bin/gfortran
G4ABLADATA=/cvmfs/sphenix.sdcc.bnl.gov/alma9.2-gcc-14.2.0/opt/sphenix/core/geant4.10.07.p04/share/Geant4-10.7.4/data/G4ABLA3.1
_CONDOR_ANCESTOR_26218=1974325:1759352693:296182392
PARASOFT=doesnotexist
TMP=/tmp
OPT_UTILS=/cvmfs/sphenix.sdcc.bnl.gov/alma9.2-gcc-14.2.0/opt/sphenix/utils
CONFIG_SITE=/cvmfs/sphenix.sdcc.bnl.gov/alma9.2-gcc-14.2.0/opt/sphenix/core/etc/config.site
PATH=/sphenix/user/samfred/run25/install//bin:/cvmfs/sphenix.sdcc.bnl.gov/alma9.2-gcc-14.2.0/opt/sphenix/core/gcc/14.2.0-2f0a0/x86_64-el9/bin:/cvmfs/sphenix.sdcc.bnl.gov/alma9.2-gcc-14.2.0/opt/sphenix/core/binutils/2.40-acaab/x86_64-el9/bin:.:/cvmfs/sphenix.sdcc.bnl.gov/alma9.2-gcc-14.2.0/release/release_new/new.10/bin:/cvmfs/sphenix.sdcc.bnl.gov/alma9.2-gcc-14.2.0/opt/sphenix/utils/bin:/cvmfs/sphenix.sdcc.bnl.gov/alma9.2-gcc-14.2.0/opt/sphenix/core/bin:/cvmfs/sphenix.sdcc.bnl.gov/alma9.2-gcc-14.2.0/opt/sphenix/core/root-6.32.06/bin:/cvmfs/sphenix.sdcc.bnl.gov/alma9.2-gcc-14.2.0/opt/sphenix/core/geant4.10.07.p04/bin:/usr/local/bin:/usr/bin:/usr/local/sbin:/usr/sbin
G4LEVELGAMMADATA=/cvmfs/sphenix.sdcc.bnl.gov/alma9.2-gcc-14.2.0/opt/sphenix/core/geant4.10.07.p04/share/Geant4-10.7.4/data/PhotonEvaporation5.7
CC=/cvmfs/sphenix.sdcc.bnl.gov/alma9.2-gcc-14.2.0/opt/sphenix/core/gcc/14.2.0-2f0a0/x86_64-el9/bin/gcc
G4RADIOACTIVEDATA=/cvmfs/sphenix.sdcc.bnl.gov/alma9.2-gcc-14.2.0/opt/sphenix/core/geant4.10.07.p04/share/Geant4-10.7.4/data/RadioactiveDecay5.6
JULIA_NUM_THREADS=1
MKL_NUM_THREADS=1
LHAPDF_DATA_PATH=/cvmfs/sphenix.sdcc.bnl.gov/alma9.2-gcc-14.2.0/release/release_new/new.10/share/LHAPDF
XPLOAD_CONFIG_DIR=/cvmfs/sphenix.sdcc.bnl.gov/alma9.2-gcc-14.2.0/opt/sphenix/core/etc
OLDPWD=/cvmfs/sphenix.sdcc.bnl.gov/alma9.2-gcc-14.2.0/release/release_new/new.10/geant4
_=/usr/bin/printenv
runnumber...
48883
trigger...

   ------------------------------------------------------------------
  | Welcome to ROOT 6.32.06                        https://root.cern |
  | (c) 1995-2024, The ROOT Team; conception: R. Brun, F. Rademakers |
  | Built for linuxx8664gcc on Dec 13 2024, 17:23:48                 |
  | From tags/6-32-06@6-32-06                                        |
  | With g++ (GCC) 14.2.0                                            |
  | Try '.help'/'.?', '.demo', '.license', '.credits', '.quit'/'.q'  |
   ------------------------------------------------------------------


Processing data_histmaker.C(48883)...
entry 4000/2980481 (0.134207%)
entry 6000/2980481 (0.20131%)
entry 10000/2980481 (0.335516%)
entry 13000/2980481 (0.436171%)
entry 14000/2980481 (0.469723%)
entry 15000/2980481 (0.503274%)
entry 17000/2980481 (0.570378%)
entry 19000/2980481 (0.637481%)
entry 20000/2980481 (0.671033%)
entry 21000/2980481 (0.704584%)
entry 22000/2980481 (0.738136%)
entry 23000/2980481 (0.771688%)
entry 25000/2980481 (0.838791%)
entry 28000/2980481 (0.939446%)
entry 29000/2980481 (0.972997%)
entry 30000/2980481 (1.00655%)
entry 33000/2980481 (1.1072%)
entry 34000/2980481 (1.14076%)
entry 37000/2980481 (1.24141%)
entry 39000/2980481 (1.30851%)
entry 41000/2980481 (1.37562%)
entry 45000/2980481 (1.50982%)
entry 48000/2980481 (1.61048%)
entry 50000/2980481 (1.67758%)
entry 53000/2980481 (1.77824%)
entry 55000/2980481 (1.84534%)
entry 59000/2980481 (1.97955%)
entry 61000/2980481 (2.04665%)
entry 67000/2980481 (2.24796%)
entry 68000/2980481 (2.28151%)
entry 70000/2980481 (2.34861%)
entry 73000/2980481 (2.44927%)
entry 81000/2980481 (2.71768%)
entry 82000/2980481 (2.75123%)
entry 84000/2980481 (2.81834%)
entry 87000/2980481 (2.91899%)
entry 88000/2980481 (2.95254%)
entry 90000/2980481 (3.01965%)
entry 95000/2980481 (3.1874%)
entry 98000/2980481 (3.28806%)
entry 102000/2980481 (3.42227%)
entry 103000/2980481 (3.45582%)
entry 105000/2980481 (3.52292%)
entry 111000/2980481 (3.72423%)
entry 112000/2980481 (3.75778%)
entry 113000/2980481 (3.79133%)
entry 114000/2980481 (3.82489%)
entry 115000/2980481 (3.85844%)
entry 116000/2980481 (3.89199%)
entry 123000/2980481 (4.12685%)
entry 128000/2980481 (4.29461%)
entry 130000/2980481 (4.36171%)
entry 131000/2980481 (4.39526%)
entry 132000/2980481 (4.42882%)
entry 135000/2980481 (4.52947%)
entry 136000/2980481 (4.56302%)
entry 138000/2980481 (4.63013%)
entry 141000/2980481 (4.73078%)
entry 143000/2980481 (4.79788%)
entry 145000/2980481 (4.86499%)
entry 151000/2980481 (5.0663%)
entry 156000/2980481 (5.23405%)
entry 157000/2980481 (5.26761%)
entry 160000/2980481 (5.36826%)
entry 164000/2980481 (5.50247%)
entry 168000/2980481 (5.63667%)
entry 172000/2980481 (5.77088%)
entry 173000/2980481 (5.80443%)
entry 178000/2980481 (5.97219%)
entry 179000/2980481 (6.00574%)
entry 184000/2980481 (6.1735%)
entry 185000/2980481 (6.20705%)
entry 188000/2980481 (6.30771%)
entry 190000/2980481 (6.37481%)
entry 192000/2980481 (6.44191%)
entry 194000/2980481 (6.50902%)
entry 199000/2980481 (6.67677%)
entry 201000/2980481 (6.74388%)
entry 203000/2980481 (6.81098%)
entry 207000/2980481 (6.94519%)
entry 211000/2980481 (7.07939%)
entry 213000/2980481 (7.1465%)
entry 215000/2980481 (7.2136%)
entry 219000/2980481 (7.34781%)
entry 221000/2980481 (7.41491%)
entry 223000/2980481 (7.48201%)
entry 225000/2980481 (7.54912%)
entry 233000/2980481 (7.81753%)
entry 234000/2980481 (7.85108%)
entry 235000/2980481 (7.88463%)
entry 239000/2980481 (8.01884%)
entry 241000/2980481 (8.08594%)
entry 246000/2980481 (8.2537%)
entry 252000/2980481 (8.45501%)
entry 253000/2980481 (8.48856%)
entry 260000/2980481 (8.72342%)
entry 261000/2980481 (8.75698%)
entry 264000/2980481 (8.85763%)
entry 267000/2980481 (8.95829%)
entry 271000/2980481 (9.09249%)
entry 278000/2980481 (9.32735%)
entry 283000/2980481 (9.49511%)
entry 284000/2980481 (9.52866%)
entry 286000/2980481 (9.59577%)
entry 287000/2980481 (9.62932%)
entry 293000/2980481 (9.83063%)
entry 294000/2980481 (9.86418%)
entry 296000/2980481 (9.93128%)
entry 298000/2980481 (9.99839%)
entry 301000/2980481 (10.099%)
entry 302000/2980481 (10.1326%)
entry 305000/2980481 (10.2332%)
entry 310000/2980481 (10.401%)
entry 312000/2980481 (10.4681%)
entry 314000/2980481 (10.5352%)
entry 316000/2980481 (10.6023%)
entry 317000/2980481 (10.6359%)
entry 318000/2980481 (10.6694%)
entry 322000/2980481 (10.8036%)
entry 323000/2980481 (10.8372%)
entry 329000/2980481 (11.0385%)
entry 338000/2980481 (11.3405%)
entry 348000/2980481 (11.676%)
entry 354000/2980481 (11.8773%)
entry 356000/2980481 (11.9444%)
entry 359000/2980481 (12.045%)
entry 360000/2980481 (12.0786%)
entry 365000/2980481 (12.2463%)
entry 377000/2980481 (12.649%)
entry 380000/2980481 (12.7496%)
entry 382000/2980481 (12.8167%)
entry 383000/2980481 (12.8503%)
entry 385000/2980481 (12.9174%)
entry 387000/2980481 (12.9845%)
entry 389000/2980481 (13.0516%)
entry 393000/2980481 (13.1858%)
entry 394000/2980481 (13.2193%)
entry 396000/2980481 (13.2864%)
entry 397000/2980481 (13.32%)
entry 398000/2980481 (13.3535%)
entry 403000/2980481 (13.5213%)
entry 404000/2980481 (13.5549%)
entry 408000/2980481 (13.6891%)
entry 410000/2980481 (13.7562%)
entry 411000/2980481 (13.7897%)
entry 414000/2980481 (13.8904%)
entry 418000/2980481 (14.0246%)
entry 420000/2980481 (14.0917%)
entry 423000/2980481 (14.1923%)
entry 424000/2980481 (14.2259%)
entry 430000/2980481 (14.4272%)
entry 436000/2980481 (14.6285%)
entry 439000/2980481 (14.7292%)
entry 441000/2980481 (14.7963%)
entry 445000/2980481 (14.9305%)
entry 450000/2980481 (15.0982%)
entry 451000/2980481 (15.1318%)
entry 452000/2980481 (15.1653%)
entry 453000/2980481 (15.1989%)
entry 454000/2980481 (15.2324%)
entry 457000/2980481 (15.3331%)
entry 465000/2980481 (15.6015%)
entry 466000/2980481 (15.6351%)
entry 470000/2980481 (15.7693%)
entry 473000/2980481 (15.8699%)
entry 477000/2980481 (16.0041%)
entry 479000/2980481 (16.0712%)
entry 481000/2980481 (16.1383%)
entry 487000/2980481 (16.3396%)
entry 488000/2980481 (16.3732%)
entry 489000/2980481 (16.4067%)
entry 497000/2980481 (16.6752%)
entry 498000/2980481 (16.7087%)
entry 502000/2980481 (16.8429%)
entry 505000/2980481 (16.9436%)
entry 506000/2980481 (16.9771%)
entry 509000/2980481 (17.0778%)
entry 511000/2980481 (17.1449%)
entry 512000/2980481 (17.1784%)
entry 514000/2980481 (17.2455%)
entry 516000/2980481 (17.3126%)
entry 517000/2980481 (17.3462%)
entry 518000/2980481 (17.3797%)
entry 519000/2980481 (17.4133%)
entry 520000/2980481 (17.4468%)
entry 522000/2980481 (17.514%)
entry 523000/2980481 (17.5475%)
entry 524000/2980481 (17.5811%)
entry 525000/2980481 (17.6146%)
entry 526000/2980481 (17.6482%)
entry 527000/2980481 (17.6817%)
entry 528000/2980481 (17.7153%)
entry 535000/2980481 (17.9501%)
entry 536000/2980481 (17.9837%)
entry 537000/2980481 (18.0172%)
entry 538000/2980481 (18.0508%)
entry 539000/2980481 (18.0843%)
entry 541000/2980481 (18.1514%)
entry 542000/2980481 (18.185%)
entry 545000/2980481 (18.2856%)
entry 547000/2980481 (18.3527%)
entry 549000/2980481 (18.4198%)
entry 551000/2980481 (18.4869%)
entry 553000/2980481 (18.5541%)
entry 558000/2980481 (18.7218%)
entry 561000/2980481 (18.8225%)
entry 562000/2980481 (18.856%)
entry 563000/2980481 (18.8896%)
entry 564000/2980481 (18.9231%)
entry 569000/2980481 (19.0909%)
entry 571000/2980481 (19.158%)
entry 572000/2980481 (19.1915%)
entry 575000/2980481 (19.2922%)
entry 580000/2980481 (19.4599%)
entry 581000/2980481 (19.4935%)
entry 583000/2980481 (19.5606%)
entry 586000/2980481 (19.6613%)
entry 591000/2980481 (19.829%)
entry 592000/2980481 (19.8626%)
entry 594000/2980481 (19.9297%)
entry 596000/2980481 (19.9968%)
entry 598000/2980481 (20.0639%)
entry 600000/2980481 (20.131%)
entry 606000/2980481 (20.3323%)
entry 607000/2980481 (20.3658%)
entry 610000/2980481 (20.4665%)
entry 611000/2980481 (20.5%)
entry 614000/2980481 (20.6007%)
entry 615000/2980481 (20.6343%)
entry 617000/2980481 (20.7014%)
entry 618000/2980481 (20.7349%)
entry 620000/2980481 (20.802%)
entry 621000/2980481 (20.8356%)
entry 622000/2980481 (20.8691%)
entry 625000/2980481 (20.9698%)
entry 628000/2980481 (21.0704%)
entry 630000/2980481 (21.1375%)
entry 634000/2980481 (21.2717%)
entry 637000/2980481 (21.3724%)
entry 638000/2980481 (21.4059%)
entry 640000/2980481 (21.473%)
entry 642000/2980481 (21.5401%)
entry 646000/2980481 (21.6744%)
entry 650000/2980481 (21.8086%)
entry 655000/2980481 (21.9763%)
entry 657000/2980481 (22.0434%)
entry 658000/2980481 (22.077%)
entry 659000/2980481 (22.1105%)
entry 661000/2980481 (22.1776%)
entry 663000/2980481 (22.2447%)
entry 665000/2980481 (22.3118%)
entry 669000/2980481 (22.446%)
entry 670000/2980481 (22.4796%)
entry 676000/2980481 (22.6809%)
entry 677000/2980481 (22.7145%)
entry 680000/2980481 (22.8151%)
entry 684000/2980481 (22.9493%)
entry 687000/2980481 (23.05%)
entry 691000/2980481 (23.1842%)
entry 692000/2980481 (23.2177%)
entry 694000/2980481 (23.2848%)
entry 696000/2980481 (23.3519%)
entry 698000/2980481 (23.419%)
entry 702000/2980481 (23.5532%)
entry 706000/2980481 (23.6875%)
entry 707000/2980481 (23.721%)
entry 711000/2980481 (23.8552%)
entry 714000/2980481 (23.9559%)
entry 715000/2980481 (23.9894%)
entry 718000/2980481 (24.0901%)
entry 719000/2980481 (24.1236%)
entry 721000/2980481 (24.1907%)
entry 724000/2980481 (24.2914%)
entry 727000/2980481 (24.392%)
entry 728000/2980481 (24.4256%)
entry 729000/2980481 (24.4591%)
entry 733000/2980481 (24.5933%)
entry 735000/2980481 (24.6604%)
entry 736000/2980481 (24.694%)
entry 738000/2980481 (24.7611%)
entry 740000/2980481 (24.8282%)
entry 741000/2980481 (24.8618%)
entry 742000/2980481 (24.8953%)
entry 746000/2980481 (25.0295%)
entry 751000/2980481 (25.1973%)
entry 753000/2980481 (25.2644%)
entry 754000/2980481 (25.2979%)
entry 756000/2980481 (25.365%)
entry 761000/2980481 (25.5328%)
entry 764000/2980481 (25.6334%)
entry 766000/2980481 (25.7005%)
entry 768000/2980481 (25.7677%)
entry 769000/2980481 (25.8012%)
entry 779000/2980481 (26.1367%)
entry 780000/2980481 (26.1703%)
entry 781000/2980481 (26.2038%)
entry 783000/2980481 (26.2709%)
entry 784000/2980481 (26.3045%)
entry 787000/2980481 (26.4051%)
entry 791000/2980481 (26.5393%)
entry 792000/2980481 (26.5729%)
entry 793000/2980481 (26.6064%)
entry 794000/2980481 (26.64%)
entry 797000/2980481 (26.7406%)
entry 798000/2980481 (26.7742%)
entry 799000/2980481 (26.8078%)
entry 800000/2980481 (26.8413%)
entry 804000/2980481 (26.9755%)
entry 805000/2980481 (27.0091%)
entry 810000/2980481 (27.1768%)
entry 813000/2980481 (27.2775%)
entry 818000/2980481 (27.4452%)
entry 822000/2980481 (27.5794%)
entry 823000/2980481 (27.613%)
entry 828000/2980481 (27.7808%)
entry 830000/2980481 (27.8479%)
entry 834000/2980481 (27.9821%)
entry 837000/2980481 (28.0827%)
entry 838000/2980481 (28.1163%)
entry 843000/2980481 (28.284%)
entry 846000/2980481 (28.3847%)
entry 849000/2980481 (28.4853%)
entry 851000/2980481 (28.5524%)
entry 853000/2980481 (28.6195%)
entry 859000/2980481 (28.8209%)
entry 860000/2980481 (28.8544%)
entry 867000/2980481 (29.0893%)
entry 869000/2980481 (29.1564%)
entry 870000/2980481 (29.1899%)
entry 873000/2980481 (29.2906%)
entry 875000/2980481 (29.3577%)
entry 885000/2980481 (29.6932%)
entry 894000/2980481 (29.9952%)
entry 895000/2980481 (30.0287%)
entry 898000/2980481 (30.1294%)
entry 899000/2980481 (30.1629%)
entry 904000/2980481 (30.3307%)
entry 907000/2980481 (30.4313%)
entry 908000/2980481 (30.4649%)
entry 909000/2980481 (30.4984%)
entry 911000/2980481 (30.5655%)
entry 912000/2980481 (30.5991%)
entry 913000/2980481 (30.6326%)
entry 914000/2980481 (30.6662%)
entry 918000/2980481 (30.8004%)
entry 919000/2980481 (30.834%)
entry 926000/2980481 (31.0688%)
entry 928000/2980481 (31.1359%)
entry 929000/2980481 (31.1695%)
entry 931000/2980481 (31.2366%)
entry 935000/2980481 (31.3708%)
entry 936000/2980481 (31.4043%)
entry 938000/2980481 (31.4714%)
entry 942000/2980481 (31.6056%)
entry 945000/2980481 (31.7063%)
entry 946000/2980481 (31.7398%)
entry 953000/2980481 (31.9747%)
entry 954000/2980481 (32.0083%)
entry 957000/2980481 (32.1089%)
entry 958000/2980481 (32.1425%)
entry 961000/2980481 (32.2431%)
entry 963000/2980481 (32.3102%)
entry 968000/2980481 (32.478%)
entry 974000/2980481 (32.6793%)
entry 976000/2980481 (32.7464%)
entry 978000/2980481 (32.8135%)
entry 981000/2980481 (32.9141%)
entry 983000/2980481 (32.9813%)
entry 991000/2980481 (33.2497%)
entry 992000/2980481 (33.2832%)
entry 995000/2980481 (33.3839%)
entry 997000/2980481 (33.451%)
entry 999000/2980481 (33.5181%)
entry 1004000/2980481 (33.6858%)
entry 1006000/2980481 (33.7529%)
entry 1009000/2980481 (33.8536%)
entry 1010000/2980481 (33.8871%)
entry 1012000/2980481 (33.9543%)
entry 1017000/2980481 (34.122%)
entry 1018000/2980481 (34.1556%)
entry 1019000/2980481 (34.1891%)
entry 1021000/2980481 (34.2562%)
entry 1030000/2980481 (34.5582%)
entry 1035000/2980481 (34.7259%)
entry 1039000/2980481 (34.8601%)
entry 1043000/2980481 (34.9944%)
entry 1044000/2980481 (35.0279%)
entry 1046000/2980481 (35.095%)
entry 1048000/2980481 (35.1621%)
entry 1053000/2980481 (35.3299%)
entry 1054000/2980481 (35.3634%)
entry 1056000/2980481 (35.4305%)
entry 1059000/2980481 (35.5312%)
entry 1063000/2980481 (35.6654%)
entry 1066000/2980481 (35.766%)
entry 1068000/2980481 (35.8331%)
entry 1070000/2980481 (35.9002%)
entry 1073000/2980481 (36.0009%)
entry 1075000/2980481 (36.068%)
entry 1076000/2980481 (36.1016%)
entry 1082000/2980481 (36.3029%)
entry 1083000/2980481 (36.3364%)
entry 1085000/2980481 (36.4035%)
entry 1087000/2980481 (36.4706%)
entry 1094000/2980481 (36.7055%)
entry 1095000/2980481 (36.739%)
entry 1101000/2980481 (36.9403%)
entry 1102000/2980481 (36.9739%)
entry 1105000/2980481 (37.0746%)
entry 1106000/2980481 (37.1081%)
entry 1108000/2980481 (37.1752%)
entry 1109000/2980481 (37.2088%)
entry 1110000/2980481 (37.2423%)
entry 1112000/2980481 (37.3094%)
entry 1114000/2980481 (37.3765%)
entry 1116000/2980481 (37.4436%)
entry 1117000/2980481 (37.4772%)
entry 1120000/2980481 (37.5778%)
entry 1122000/2980481 (37.6449%)
entry 1128000/2980481 (37.8462%)
entry 1134000/2980481 (38.0475%)
entry 1137000/2980481 (38.1482%)
entry 1139000/2980481 (38.2153%)
entry 1141000/2980481 (38.2824%)
entry 1143000/2980481 (38.3495%)
entry 1144000/2980481 (38.3831%)
entry 1147000/2980481 (38.4837%)
entry 1151000/2980481 (38.6179%)
entry 1153000/2980481 (38.685%)
entry 1162000/2980481 (38.987%)
entry 1165000/2980481 (39.0877%)
entry 1166000/2980481 (39.1212%)
entry 1170000/2980481 (39.2554%)
entry 1172000/2980481 (39.3225%)
entry 1173000/2980481 (39.3561%)
entry 1175000/2980481 (39.4232%)
entry 1178000/2980481 (39.5238%)
entry 1179000/2980481 (39.5574%)
entry 1183000/2980481 (39.6916%)
entry 1184000/2980481 (39.7251%)
entry 1185000/2980481 (39.7587%)
entry 1189000/2980481 (39.8929%)
entry 1190000/2980481 (39.9264%)
entry 1193000/2980481 (40.0271%)
entry 1196000/2980481 (40.1278%)
entry 1198000/2980481 (40.1949%)
entry 1199000/2980481 (40.2284%)
entry 1203000/2980481 (40.3626%)
entry 1206000/2980481 (40.4633%)
entry 1209000/2980481 (40.5639%)
entry 1215000/2980481 (40.7652%)
entry 1218000/2980481 (40.8659%)
entry 1219000/2980481 (40.8994%)
entry 1220000/2980481 (40.933%)
entry 1226000/2980481 (41.1343%)
entry 1228000/2980481 (41.2014%)
entry 1230000/2980481 (41.2685%)
entry 1233000/2980481 (41.3692%)
entry 1237000/2980481 (41.5034%)
entry 1241000/2980481 (41.6376%)
entry 1242000/2980481 (41.6711%)
entry 1244000/2980481 (41.7382%)
entry 1248000/2980481 (41.8724%)
entry 1252000/2980481 (42.0066%)
entry 1254000/2980481 (42.0737%)
entry 1255000/2980481 (42.1073%)
entry 1256000/2980481 (42.1409%)
entry 1257000/2980481 (42.1744%)
entry 1262000/2980481 (42.3422%)
entry 1264000/2980481 (42.4093%)
entry 1270000/2980481 (42.6106%)
entry 1274000/2980481 (42.7448%)
entry 1282000/2980481 (43.0132%)
entry 1283000/2980481 (43.0467%)
entry 1285000/2980481 (43.1138%)
entry 1289000/2980481 (43.2481%)
entry 1290000/2980481 (43.2816%)
entry 1291000/2980481 (43.3152%)
entry 1292000/2980481 (43.3487%)
entry 1293000/2980481 (43.3823%)
entry 1296000/2980481 (43.4829%)
entry 1297000/2980481 (43.5165%)
entry 1304000/2980481 (43.7513%)
entry 1305000/2980481 (43.7849%)
entry 1309000/2980481 (43.9191%)
entry 1311000/2980481 (43.9862%)
entry 1312000/2980481 (44.0197%)
entry 1313000/2980481 (44.0533%)
entry 1319000/2980481 (44.2546%)
entry 1324000/2980481 (44.4224%)
entry 1330000/2980481 (44.6237%)
entry 1333000/2980481 (44.7243%)
entry 1339000/2980481 (44.9256%)
entry 1343000/2980481 (45.0598%)
entry 1344000/2980481 (45.0934%)
entry 1346000/2980481 (45.1605%)
entry 1348000/2980481 (45.2276%)
entry 1349000/2980481 (45.2612%)
entry 1352000/2980481 (45.3618%)
entry 1353000/2980481 (45.3954%)
entry 1357000/2980481 (45.5296%)
entry 1358000/2980481 (45.5631%)
entry 1359000/2980481 (45.5967%)
entry 1364000/2980481 (45.7644%)
entry 1366000/2980481 (45.8315%)
entry 1373000/2980481 (46.0664%)
entry 1377000/2980481 (46.2006%)
entry 1379000/2980481 (46.2677%)
entry 1382000/2980481 (46.3684%)
entry 1384000/2980481 (46.4355%)
entry 1388000/2980481 (46.5697%)
entry 1391000/2980481 (46.6703%)
entry 1396000/2980481 (46.8381%)
entry 1397000/2980481 (46.8716%)
entry 1412000/2980481 (47.3749%)
entry 1413000/2980481 (47.4085%)
entry 1414000/2980481 (47.442%)
entry 1418000/2980481 (47.5762%)
entry 1419000/2980481 (47.6098%)
entry 1421000/2980481 (47.6769%)
entry 1422000/2980481 (47.7104%)
entry 1425000/2980481 (47.8111%)
entry 1427000/2980481 (47.8782%)
entry 1429000/2980481 (47.9453%)
entry 1431000/2980481 (48.0124%)
entry 1432000/2980481 (48.0459%)
entry 1433000/2980481 (48.0795%)
entry 1434000/2980481 (48.113%)
entry 1438000/2980481 (48.2472%)
entry 1440000/2980481 (48.3143%)
entry 1441000/2980481 (48.3479%)
entry 1444000/2980481 (48.4486%)
entry 1445000/2980481 (48.4821%)
entry 1451000/2980481 (48.6834%)
entry 1453000/2980481 (48.7505%)
entry 1454000/2980481 (48.7841%)
entry 1457000/2980481 (48.8847%)
entry 1459000/2980481 (48.9518%)
entry 1462000/2980481 (49.0525%)
entry 1465000/2980481 (49.1531%)
entry 1470000/2980481 (49.3209%)
entry 1473000/2980481 (49.4216%)
entry 1477000/2980481 (49.5558%)
entry 1478000/2980481 (49.5893%)
entry 1479000/2980481 (49.6229%)
entry 1481000/2980481 (49.69%)
entry 1482000/2980481 (49.7235%)
entry 1483000/2980481 (49.7571%)
entry 1488000/2980481 (49.9248%)
entry 1489000/2980481 (49.9584%)
entry 1490000/2980481 (49.9919%)
entry 1491000/2980481 (50.0255%)
entry 1494000/2980481 (50.1261%)
entry 1495000/2980481 (50.1597%)
entry 1496000/2980481 (50.1932%)
entry 1499000/2980481 (50.2939%)
entry 1504000/2980481 (50.4617%)
entry 1505000/2980481 (50.4952%)
entry 1507000/2980481 (50.5623%)
entry 1508000/2980481 (50.5959%)
entry 1517000/2980481 (50.8978%)
entry 1518000/2980481 (50.9314%)
entry 1520000/2980481 (50.9985%)
entry 1522000/2980481 (51.0656%)
entry 1525000/2980481 (51.1662%)
entry 1528000/2980481 (51.2669%)
entry 1530000/2980481 (51.334%)
entry 1531000/2980481 (51.3675%)
entry 1533000/2980481 (51.4346%)
entry 1538000/2980481 (51.6024%)
entry 1544000/2980481 (51.8037%)
entry 1546000/2980481 (51.8708%)
entry 1551000/2980481 (52.0386%)
entry 1556000/2980481 (52.2063%)
entry 1557000/2980481 (52.2399%)
entry 1558000/2980481 (52.2734%)
entry 1559000/2980481 (52.307%)
entry 1560000/2980481 (52.3405%)
entry 1561000/2980481 (52.3741%)
entry 1563000/2980481 (52.4412%)
entry 1566000/2980481 (52.5419%)
entry 1568000/2980481 (52.609%)
entry 1569000/2980481 (52.6425%)
entry 1571000/2980481 (52.7096%)
entry 1572000/2980481 (52.7432%)
entry 1573000/2980481 (52.7767%)
entry 1575000/2980481 (52.8438%)
entry 1577000/2980481 (52.9109%)
entry 1578000/2980481 (52.9445%)
entry 1581000/2980481 (53.0451%)
entry 1585000/2980481 (53.1793%)
entry 1592000/2980481 (53.4142%)
entry 1593000/2980481 (53.4477%)
entry 1595000/2980481 (53.5149%)
entry 1597000/2980481 (53.582%)
entry 1601000/2980481 (53.7162%)
entry 1604000/2980481 (53.8168%)
entry 1605000/2980481 (53.8504%)
entry 1607000/2980481 (53.9175%)
entry 1611000/2980481 (54.0517%)
entry 1612000/2980481 (54.0852%)
entry 1616000/2980481 (54.2194%)
entry 1620000/2980481 (54.3536%)
entry 1621000/2980481 (54.3872%)
entry 1623000/2980481 (54.4543%)
entry 1624000/2980481 (54.4878%)
entry 1626000/2980481 (54.555%)
entry 1628000/2980481 (54.6221%)
entry 1637000/2980481 (54.924%)
entry 1638000/2980481 (54.9576%)
entry 1640000/2980481 (55.0247%)
entry 1642000/2980481 (55.0918%)
entry 1646000/2980481 (55.226%)
entry 1647000/2980481 (55.2595%)
entry 1650000/2980481 (55.3602%)
entry 1652000/2980481 (55.4273%)
entry 1653000/2980481 (55.4608%)
entry 1656000/2980481 (55.5615%)
entry 1657000/2980481 (55.5951%)
entry 1660000/2980481 (55.6957%)
entry 1661000/2980481 (55.7293%)
entry 1666000/2980481 (55.897%)
entry 1668000/2980481 (55.9641%)
entry 1669000/2980481 (55.9977%)
entry 1670000/2980481 (56.0312%)
entry 1672000/2980481 (56.0983%)
entry 1675000/2980481 (56.199%)
entry 1679000/2980481 (56.3332%)
entry 1680000/2980481 (56.3667%)
entry 1681000/2980481 (56.4003%)
entry 1695000/2980481 (56.87%)
entry 1697000/2980481 (56.9371%)
entry 1699000/2980481 (57.0042%)
entry 1700000/2980481 (57.0378%)
entry 1702000/2980481 (57.1049%)
entry 1703000/2980481 (57.1384%)
entry 1704000/2980481 (57.172%)
entry 1709000/2980481 (57.3397%)
entry 1715000/2980481 (57.541%)
entry 1716000/2980481 (57.5746%)
entry 1718000/2980481 (57.6417%)
entry 1720000/2980481 (57.7088%)
entry 1723000/2980481 (57.8095%)
entry 1725000/2980481 (57.8766%)
entry 1726000/2980481 (57.9101%)
entry 1729000/2980481 (58.0108%)
entry 1730000/2980481 (58.0443%)
entry 1732000/2980481 (58.1114%)
entry 1737000/2980481 (58.2792%)
entry 1738000/2980481 (58.3127%)
entry 1739000/2980481 (58.3463%)
entry 1741000/2980481 (58.4134%)
entry 1744000/2980481 (58.514%)
entry 1745000/2980481 (58.5476%)
entry 1746000/2980481 (58.5811%)
entry 1747000/2980481 (58.6147%)
entry 1749000/2980481 (58.6818%)
entry 1750000/2980481 (58.7154%)
entry 1756000/2980481 (58.9167%)
entry 1758000/2980481 (58.9838%)
entry 1769000/2980481 (59.3528%)
entry 1770000/2980481 (59.3864%)
entry 1771000/2980481 (59.4199%)
entry 1775000/2980481 (59.5541%)
entry 1782000/2980481 (59.789%)
entry 1788000/2980481 (59.9903%)
entry 1791000/2980481 (60.091%)
entry 1792000/2980481 (60.1245%)
entry 1800000/2980481 (60.3929%)
entry 1802000/2980481 (60.46%)
entry 1803000/2980481 (60.4936%)
entry 1809000/2980481 (60.6949%)
entry 1811000/2980481 (60.762%)
entry 1818000/2980481 (60.9969%)
entry 1821000/2980481 (61.0975%)
entry 1824000/2980481 (61.1982%)
entry 1831000/2980481 (61.433%)
entry 1832000/2980481 (61.4666%)
entry 1833000/2980481 (61.5001%)
entry 1835000/2980481 (61.5672%)
entry 1842000/2980481 (61.8021%)
entry 1845000/2980481 (61.9028%)
entry 1848000/2980481 (62.0034%)
entry 1850000/2980481 (62.0705%)
entry 1853000/2980481 (62.1712%)
entry 1856000/2980481 (62.2718%)
entry 1859000/2980481 (62.3725%)
entry 1862000/2980481 (62.4731%)
entry 1866000/2980481 (62.6073%)
entry 1867000/2980481 (62.6409%)
entry 1869000/2980481 (62.708%)
entry 1870000/2980481 (62.7415%)
entry 1876000/2980481 (62.9429%)
entry 1878000/2980481 (63.01%)
entry 1879000/2980481 (63.0435%)
entry 1880000/2980481 (63.0771%)
entry 1882000/2980481 (63.1442%)
entry 1883000/2980481 (63.1777%)
entry 1885000/2980481 (63.2448%)
entry 1888000/2980481 (63.3455%)
entry 1890000/2980481 (63.4126%)
entry 1891000/2980481 (63.4461%)
entry 1893000/2980481 (63.5132%)
entry 1897000/2980481 (63.6474%)
entry 1900000/2980481 (63.7481%)
entry 1904000/2980481 (63.8823%)
entry 1905000/2980481 (63.9159%)
entry 1908000/2980481 (64.0165%)
entry 1912000/2980481 (64.1507%)
entry 1917000/2980481 (64.3185%)
entry 1922000/2980481 (64.4862%)
entry 1925000/2980481 (64.5869%)
entry 1927000/2980481 (64.654%)
entry 1935000/2980481 (64.9224%)
entry 1938000/2980481 (65.0231%)
entry 1940000/2980481 (65.0902%)
entry 1941000/2980481 (65.1237%)
entry 1946000/2980481 (65.2915%)
entry 1948000/2980481 (65.3586%)
entry 1953000/2980481 (65.5263%)
entry 1956000/2980481 (65.627%)
entry 1957000/2980481 (65.6605%)
entry 1958000/2980481 (65.6941%)
entry 1960000/2980481 (65.7612%)
entry 1964000/2980481 (65.8954%)
entry 1971000/2980481 (66.1303%)
entry 1972000/2980481 (66.1638%)
entry 1973000/2980481 (66.1974%)
entry 1976000/2980481 (66.298%)
entry 1979000/2980481 (66.3987%)
entry 1989000/2980481 (66.7342%)
entry 1992000/2980481 (66.8348%)
entry 1998000/2980481 (67.0362%)
entry 2001000/2980481 (67.1368%)
entry 2003000/2980481 (67.2039%)
entry 2004000/2980481 (67.2375%)
entry 2005000/2980481 (67.271%)
entry 2009000/2980481 (67.4052%)
entry 2010000/2980481 (67.4388%)
entry 2011000/2980481 (67.4723%)
entry 2013000/2980481 (67.5394%)
entry 2018000/2980481 (67.7072%)
entry 2024000/2980481 (67.9085%)
entry 2026000/2980481 (67.9756%)
entry 2028000/2980481 (68.0427%)
entry 2030000/2980481 (68.1098%)
entry 2032000/2980481 (68.1769%)
entry 2035000/2980481 (68.2776%)
entry 2038000/2980481 (68.3782%)
entry 2039000/2980481 (68.4118%)
entry 2041000/2980481 (68.4789%)
entry 2042000/2980481 (68.5124%)
entry 2043000/2980481 (68.546%)
entry 2044000/2980481 (68.5795%)
entry 2046000/2980481 (68.6466%)
entry 2052000/2980481 (68.8479%)
entry 2053000/2980481 (68.8815%)
entry 2055000/2980481 (68.9486%)
entry 2059000/2980481 (69.0828%)
entry 2062000/2980481 (69.1835%)
entry 2063000/2980481 (69.217%)
entry 2064000/2980481 (69.2506%)
entry 2066000/2980481 (69.3177%)
entry 2067000/2980481 (69.3512%)
entry 2069000/2980481 (69.4183%)
entry 2070000/2980481 (69.4519%)
entry 2071000/2980481 (69.4854%)
entry 2073000/2980481 (69.5525%)
entry 2075000/2980481 (69.6196%)
entry 2078000/2980481 (69.7203%)
entry 2079000/2980481 (69.7538%)
entry 2080000/2980481 (69.7874%)
entry 2083000/2980481 (69.888%)
entry 2089000/2980481 (70.0894%)
entry 2096000/2980481 (70.3242%)
entry 2098000/2980481 (70.3913%)
entry 2099000/2980481 (70.4249%)
entry 2104000/2980481 (70.5926%)
entry 2108000/2980481 (70.7268%)
entry 2113000/2980481 (70.8946%)
entry 2121000/2980481 (71.163%)
entry 2122000/2980481 (71.1966%)
entry 2124000/2980481 (71.2637%)
entry 2125000/2980481 (71.2972%)
entry 2126000/2980481 (71.3308%)
entry 2130000/2980481 (71.465%)
entry 2133000/2980481 (71.5656%)
entry 2135000/2980481 (71.6327%)
entry 2140000/2980481 (71.8005%)
entry 2141000/2980481 (71.834%)
entry 2143000/2980481 (71.9011%)
entry 2145000/2980481 (71.9683%)
entry 2146000/2980481 (72.0018%)
entry 2147000/2980481 (72.0354%)
entry 2148000/2980481 (72.0689%)
entry 2150000/2980481 (72.136%)
entry 2151000/2980481 (72.1696%)
entry 2152000/2980481 (72.2031%)
entry 2154000/2980481 (72.2702%)
entry 2155000/2980481 (72.3038%)
entry 2160000/2980481 (72.4715%)
entry 2161000/2980481 (72.5051%)
entry 2164000/2980481 (72.6057%)
entry 2169000/2980481 (72.7735%)
entry 2171000/2980481 (72.8406%)
entry 2172000/2980481 (72.8741%)
entry 2174000/2980481 (72.9412%)
entry 2176000/2980481 (73.0084%)
entry 2177000/2980481 (73.0419%)
entry 2182000/2980481 (73.2097%)
entry 2183000/2980481 (73.2432%)
entry 2187000/2980481 (73.3774%)
entry 2188000/2980481 (73.411%)
entry 2189000/2980481 (73.4445%)
entry 2193000/2980481 (73.5787%)
entry 2194000/2980481 (73.6123%)
entry 2195000/2980481 (73.6458%)
entry 2196000/2980481 (73.6794%)
entry 2203000/2980481 (73.9142%)
entry 2205000/2980481 (73.9813%)
entry 2210000/2980481 (74.1491%)
entry 2214000/2980481 (74.2833%)
entry 2216000/2980481 (74.3504%)
entry 2224000/2980481 (74.6188%)
entry 2228000/2980481 (74.753%)
entry 2230000/2980481 (74.8201%)
entry 2232000/2980481 (74.8872%)
entry 2233000/2980481 (74.9208%)
entry 2235000/2980481 (74.9879%)
entry 2237000/2980481 (75.055%)
entry 2240000/2980481 (75.1557%)
entry 2241000/2980481 (75.1892%)
entry 2242000/2980481 (75.2228%)
entry 2245000/2980481 (75.3234%)
entry 2246000/2980481 (75.357%)
entry 2247000/2980481 (75.3905%)
entry 2250000/2980481 (75.4912%)
entry 2252000/2980481 (75.5583%)
entry 2256000/2980481 (75.6925%)
entry 2259000/2980481 (75.7931%)
entry 2261000/2980481 (75.8602%)
entry 2265000/2980481 (75.9944%)
entry 2267000/2980481 (76.0615%)
entry 2268000/2980481 (76.0951%)
entry 2270000/2980481 (76.1622%)
entry 2273000/2980481 (76.2629%)
entry 2274000/2980481 (76.2964%)
entry 2275000/2980481 (76.33%)
entry 2277000/2980481 (76.3971%)
entry 2281000/2980481 (76.5313%)
entry 2282000/2980481 (76.5648%)
entry 2284000/2980481 (76.6319%)
entry 2286000/2980481 (76.699%)
entry 2291000/2980481 (76.8668%)
entry 2296000/2980481 (77.0345%)
entry 2309000/2980481 (77.4707%)
entry 2318000/2980481 (77.7727%)
entry 2327000/2980481 (78.0746%)
entry 2328000/2980481 (78.1082%)
entry 2331000/2980481 (78.2089%)
entry 2334000/2980481 (78.3095%)
entry 2335000/2980481 (78.3431%)
entry 2336000/2980481 (78.3766%)
entry 2339000/2980481 (78.4773%)
entry 2342000/2980481 (78.5779%)
entry 2343000/2980481 (78.6115%)
entry 2344000/2980481 (78.645%)
entry 2345000/2980481 (78.6786%)
entry 2347000/2980481 (78.7457%)
entry 2348000/2980481 (78.7792%)
entry 2350000/2980481 (78.8463%)
entry 2352000/2980481 (78.9134%)
entry 2353000/2980481 (78.947%)
entry 2357000/2980481 (79.0812%)
entry 2359000/2980481 (79.1483%)
entry 2366000/2980481 (79.3832%)
entry 2370000/2980481 (79.5174%)
entry 2372000/2980481 (79.5845%)
entry 2373000/2980481 (79.618%)
entry 2376000/2980481 (79.7187%)
entry 2379000/2980481 (79.8193%)
entry 2387000/2980481 (80.0877%)
entry 2388000/2980481 (80.1213%)
entry 2389000/2980481 (80.1548%)
entry 2390000/2980481 (80.1884%)
entry 2391000/2980481 (80.222%)
entry 2394000/2980481 (80.3226%)
entry 2397000/2980481 (80.4233%)
entry 2399000/2980481 (80.4904%)
entry 2402000/2980481 (80.591%)
entry 2403000/2980481 (80.6246%)
entry 2405000/2980481 (80.6917%)
entry 2407000/2980481 (80.7588%)
entry 2408000/2980481 (80.7923%)
entry 2410000/2980481 (80.8594%)
entry 2415000/2980481 (81.0272%)
entry 2417000/2980481 (81.0943%)
entry 2423000/2980481 (81.2956%)
entry 2428000/2980481 (81.4634%)
entry 2430000/2980481 (81.5305%)
entry 2433000/2980481 (81.6311%)
entry 2438000/2980481 (81.7989%)
entry 2439000/2980481 (81.8324%)
entry 2440000/2980481 (81.866%)
entry 2441000/2980481 (81.8995%)
entry 2442000/2980481 (81.9331%)
entry 2444000/2980481 (82.0002%)
entry 2446000/2980481 (82.0673%)
entry 2448000/2980481 (82.1344%)
entry 2449000/2980481 (82.1679%)
entry 2450000/2980481 (82.2015%)
entry 2451000/2980481 (82.2351%)
entry 2452000/2980481 (82.2686%)
entry 2454000/2980481 (82.3357%)
entry 2457000/2980481 (82.4364%)
entry 2465000/2980481 (82.7048%)
entry 2467000/2980481 (82.7719%)
entry 2470000/2980481 (82.8725%)
entry 2472000/2980481 (82.9396%)
entry 2473000/2980481 (82.9732%)
entry 2474000/2980481 (83.0067%)
entry 2476000/2980481 (83.0738%)
entry 2477000/2980481 (83.1074%)
entry 2478000/2980481 (83.1409%)
entry 2479000/2980481 (83.1745%)
entry 2483000/2980481 (83.3087%)
entry 2484000/2980481 (83.3423%)
entry 2486000/2980481 (83.4094%)
entry 2487000/2980481 (83.4429%)
entry 2488000/2980481 (83.4765%)
entry 2489000/2980481 (83.51%)
entry 2491000/2980481 (83.5771%)
entry 2493000/2980481 (83.6442%)
entry 2496000/2980481 (83.7449%)
entry 2498000/2980481 (83.812%)
entry 2501000/2980481 (83.9126%)
entry 2502000/2980481 (83.9462%)
entry 2503000/2980481 (83.9797%)
entry 2505000/2980481 (84.0468%)
entry 2506000/2980481 (84.0804%)
entry 2508000/2980481 (84.1475%)
entry 2509000/2980481 (84.181%)
entry 2510000/2980481 (84.2146%)
entry 2513000/2980481 (84.3153%)
entry 2514000/2980481 (84.3488%)
entry 2525000/2980481 (84.7179%)
entry 2526000/2980481 (84.7514%)
entry 2527000/2980481 (84.785%)
entry 2528000/2980481 (84.8185%)
entry 2534000/2980481 (85.0198%)
entry 2538000/2980481 (85.154%)
entry 2539000/2980481 (85.1876%)
entry 2540000/2980481 (85.2211%)
entry 2541000/2980481 (85.2547%)
entry 2542000/2980481 (85.2882%)
entry 2543000/2980481 (85.3218%)
entry 2546000/2980481 (85.4225%)
entry 2547000/2980481 (85.456%)
entry 2548000/2980481 (85.4896%)
entry 2551000/2980481 (85.5902%)
entry 2552000/2980481 (85.6238%)
entry 2555000/2980481 (85.7244%)
entry 2556000/2980481 (85.758%)
entry 2557000/2980481 (85.7915%)
entry 2558000/2980481 (85.8251%)
entry 2559000/2980481 (85.8586%)
entry 2562000/2980481 (85.9593%)
entry 2565000/2980481 (86.0599%)
entry 2566000/2980481 (86.0935%)
entry 2567000/2980481 (86.127%)
entry 2571000/2980481 (86.2612%)
entry 2572000/2980481 (86.2948%)
entry 2574000/2980481 (86.3619%)
entry 2578000/2980481 (86.4961%)
entry 2580000/2980481 (86.5632%)
entry 2584000/2980481 (86.6974%)
entry 2599000/2980481 (87.2007%)
entry 2602000/2980481 (87.3013%)
entry 2605000/2980481 (87.402%)
entry 2608000/2980481 (87.5027%)
entry 2610000/2980481 (87.5698%)
entry 2611000/2980481 (87.6033%)
entry 2613000/2980481 (87.6704%)
entry 2615000/2980481 (87.7375%)
entry 2620000/2980481 (87.9053%)
entry 2621000/2980481 (87.9388%)
entry 2624000/2980481 (88.0395%)
entry 2633000/2980481 (88.3414%)
entry 2634000/2980481 (88.375%)
entry 2636000/2980481 (88.4421%)
entry 2637000/2980481 (88.4757%)
entry 2638000/2980481 (88.5092%)
entry 2639000/2980481 (88.5428%)
entry 2642000/2980481 (88.6434%)
entry 2645000/2980481 (88.7441%)
entry 2647000/2980481 (88.8112%)
entry 2654000/2980481 (89.046%)
entry 2655000/2980481 (89.0796%)
entry 2656000/2980481 (89.1131%)
entry 2657000/2980481 (89.1467%)
entry 2659000/2980481 (89.2138%)
entry 2661000/2980481 (89.2809%)
entry 2665000/2980481 (89.4151%)
entry 2666000/2980481 (89.4486%)
entry 2670000/2980481 (89.5829%)
entry 2673000/2980481 (89.6835%)
entry 2674000/2980481 (89.7171%)
entry 2679000/2980481 (89.8848%)
entry 2681000/2980481 (89.9519%)
entry 2682000/2980481 (89.9855%)
entry 2684000/2980481 (90.0526%)
entry 2687000/2980481 (90.1532%)
entry 2689000/2980481 (90.2203%)
entry 2692000/2980481 (90.321%)
entry 2697000/2980481 (90.4887%)
entry 2701000/2980481 (90.623%)
entry 2702000/2980481 (90.6565%)
entry 2709000/2980481 (90.8914%)
entry 2716000/2980481 (91.1262%)
entry 2717000/2980481 (91.1598%)
entry 2718000/2980481 (91.1933%)
entry 2719000/2980481 (91.2269%)
entry 2720000/2980481 (91.2604%)
entry 2725000/2980481 (91.4282%)
entry 2729000/2980481 (91.5624%)
entry 2730000/2980481 (91.596%)
entry 2732000/2980481 (91.6631%)
entry 2735000/2980481 (91.7637%)
entry 2736000/2980481 (91.7973%)
entry 2740000/2980481 (91.9315%)
entry 2743000/2980481 (92.0321%)
entry 2744000/2980481 (92.0657%)
entry 2750000/2980481 (92.267%)
entry 2753000/2980481 (92.3676%)
entry 2759000/2980481 (92.569%)
entry 2760000/2980481 (92.6025%)
entry 2761000/2980481 (92.6361%)
entry 2762000/2980481 (92.6696%)
entry 2764000/2980481 (92.7367%)
entry 2770000/2980481 (92.938%)
entry 2771000/2980481 (92.9716%)
entry 2772000/2980481 (93.0051%)
entry 2773000/2980481 (93.0387%)
entry 2774000/2980481 (93.0722%)
entry 2777000/2980481 (93.1729%)
entry 2779000/2980481 (93.24%)
entry 2780000/2980481 (93.2735%)
entry 2781000/2980481 (93.3071%)
entry 2782000/2980481 (93.3406%)
entry 2785000/2980481 (93.4413%)
entry 2789000/2980481 (93.5755%)
entry 2792000/2980481 (93.6762%)
entry 2800000/2980481 (93.9446%)
entry 2805000/2980481 (94.1123%)
entry 2806000/2980481 (94.1459%)
entry 2817000/2980481 (94.5149%)
entry 2819000/2980481 (94.5821%)
entry 2825000/2980481 (94.7834%)
entry 2829000/2980481 (94.9176%)
entry 2831000/2980481 (94.9847%)
entry 2832000/2980481 (95.0182%)
entry 2836000/2980481 (95.1524%)
entry 2837000/2980481 (95.186%)
entry 2838000/2980481 (95.2195%)
entry 2839000/2980481 (95.2531%)
entry 2840000/2980481 (95.2866%)
entry 2842000/2980481 (95.3537%)
entry 2844000/2980481 (95.4208%)
entry 2847000/2980481 (95.5215%)
entry 2849000/2980481 (95.5886%)
entry 2852000/2980481 (95.6893%)
entry 2853000/2980481 (95.7228%)
entry 2854000/2980481 (95.7564%)
entry 2858000/2980481 (95.8906%)
entry 2862000/2980481 (96.0248%)
entry 2863000/2980481 (96.0583%)
entry 2864000/2980481 (96.0919%)
entry 2867000/2980481 (96.1925%)
entry 2869000/2980481 (96.2596%)
entry 2871000/2980481 (96.3267%)
entry 2874000/2980481 (96.4274%)
entry 2880000/2980481 (96.6287%)
entry 2881000/2980481 (96.6622%)
entry 2884000/2980481 (96.7629%)
entry 2885000/2980481 (96.7965%)
entry 2886000/2980481 (96.83%)
entry 2887000/2980481 (96.8636%)
entry 2889000/2980481 (96.9307%)
entry 2890000/2980481 (96.9642%)
entry 2891000/2980481 (96.9978%)
entry 2893000/2980481 (97.0649%)
entry 2898000/2980481 (97.2326%)
entry 2906000/2980481 (97.501%)
entry 2912000/2980481 (97.7023%)
entry 2914000/2980481 (97.7695%)
entry 2916000/2980481 (97.8366%)
entry 2919000/2980481 (97.9372%)
entry 2924000/2980481 (98.105%)
entry 2926000/2980481 (98.1721%)
entry 2930000/2980481 (98.3063%)
entry 2932000/2980481 (98.3734%)
entry 2936000/2980481 (98.5076%)
entry 2939000/2980481 (98.6082%)
entry 2942000/2980481 (98.7089%)
entry 2947000/2980481 (98.8767%)
entry 2948000/2980481 (98.9102%)
entry 2951000/2980481 (99.0109%)
entry 2952000/2980481 (99.0444%)
entry 2959000/2980481 (99.2793%)
entry 2960000/2980481 (99.3128%)
entry 2961000/2980481 (99.3464%)
entry 2963000/2980481 (99.4135%)
entry 2965000/2980481 (99.4806%)
entry 2970000/2980481 (99.6483%)
entry 2974000/2980481 (99.7826%)
entry 2976000/2980481 (99.8497%)
entry 2980000/2980481 (99.9839%)
all done
script done
