sphnx1154.sdcc.bnl.gov
rsyncing from /gpfs/mnt/gpfs02/sphenix/user/samfred/run25/ppg11/histmaking
running: /gpfs/mnt/gpfs02/sphenix/user/samfred/run25/ppg11/histmaking/script_data.sh 48894
LD_LIBRARY_PATH now /sphenix/user/samfred/run25/install//lib:/cvmfs/sphenix.sdcc.bnl.gov/alma9.2-gcc-14.2.0/opt/sphenix/core/gcc/14.2.0-2f0a0/x86_64-el9/lib:/cvmfs/sphenix.sdcc.bnl.gov/alma9.2-gcc-14.2.0/opt/sphenix/core/gcc/14.2.0-2f0a0/x86_64-el9/lib64:/cvmfs/sphenix.sdcc.bnl.gov/alma9.2-gcc-14.2.0/opt/sphenix/core/binutils/2.40-acaab/x86_64-el9/lib:.:/cvmfs/sphenix.sdcc.bnl.gov/alma9.2-gcc-14.2.0/release/release_new/new.10/lib64:/cvmfs/sphenix.sdcc.bnl.gov/alma9.2-gcc-14.2.0/release/release_new/new.10/lib:/cvmfs/sphenix.sdcc.bnl.gov/alma9.2-gcc-14.2.0/opt/sphenix/utils/lib:/cvmfs/sphenix.sdcc.bnl.gov/alma9.2-gcc-14.2.0/opt/sphenix/core/lib:/cvmfs/sphenix.sdcc.bnl.gov/alma9.2-gcc-14.2.0/opt/sphenix/core/root-6.32.06/lib:/cvmfs/sphenix.sdcc.bnl.gov/alma9.2-gcc-14.2.0/opt/sphenix/core/geant4.10.07.p04/lib64:/cvmfs/sphenix.sdcc.bnl.gov/alma9.2-gcc-14.2.0/opt/sphenix/core/lhapdf-5.9.1/lib:/usr/local/lib64:/usr/lib64
PATH now /sphenix/user/samfred/run25/install//bin:/cvmfs/sphenix.sdcc.bnl.gov/alma9.2-gcc-14.2.0/opt/sphenix/core/gcc/14.2.0-2f0a0/x86_64-el9/bin:/cvmfs/sphenix.sdcc.bnl.gov/alma9.2-gcc-14.2.0/opt/sphenix/core/binutils/2.40-acaab/x86_64-el9/bin:.:/cvmfs/sphenix.sdcc.bnl.gov/alma9.2-gcc-14.2.0/release/release_new/new.10/bin:/cvmfs/sphenix.sdcc.bnl.gov/alma9.2-gcc-14.2.0/opt/sphenix/utils/bin:/cvmfs/sphenix.sdcc.bnl.gov/alma9.2-gcc-14.2.0/opt/sphenix/core/bin:/cvmfs/sphenix.sdcc.bnl.gov/alma9.2-gcc-14.2.0/opt/sphenix/core/root-6.32.06/bin:/cvmfs/sphenix.sdcc.bnl.gov/alma9.2-gcc-14.2.0/opt/sphenix/core/geant4.10.07.p04/bin:/usr/local/bin:/usr/bin:/usr/local/sbin:/usr/sbin
SINGULARITY_CACHEDIR=/home/condor/local/sphnx/execute/dir_2511174
_CONDOR_CHIRP_CONFIG=/home/condor/local/sphnx/execute/dir_2511174/.chirp.config
_CONDOR_JOB_IWD=/sphenix/user/samfred/run25/ppg11/histmaking
G4ENSDFSTATEDATA=/cvmfs/sphenix.sdcc.bnl.gov/alma9.2-gcc-14.2.0/opt/sphenix/core/geant4.10.07.p04/share/Geant4-10.7.4/data/G4ENSDFSTATE2.3
_CONDOR_MACHINE_AD=/home/condor/local/sphnx/execute/dir_2511174/.machine.ad
ROOT_MAX_THREADS=1
NUMEXPR_NUM_THREADS=1
_CONDOR_ANCESTOR_2511174=2512414:1759352693:1031069320
CUBACORES=1
_CHIRP_DELAYED_UPDATE_PREFIX=Chirp*
OMP_THREAD_LIMIT=1
G4PIIDATA=/cvmfs/sphenix.sdcc.bnl.gov/alma9.2-gcc-14.2.0/opt/sphenix/core/geant4.10.07.p04/share/Geant4-10.7.4/data/G4PII1.3
NO_AT_BRIDGE=1
G4_MAIN=/cvmfs/sphenix.sdcc.bnl.gov/alma9.2-gcc-14.2.0/opt/sphenix/core/geant4.10.07.p04
COMPILER_PATH=/cvmfs/sphenix.sdcc.bnl.gov/alma9.2-gcc-14.2.0/opt/sphenix/core/gcc/14.2.0-2f0a0/x86_64-el9
ROOT_INCLUDE_PATH=./:/sphenix/user/samfred/run25/install//include:/sphenix/user/samfred/run25/install//include/caloana:/sphenix/user/samfred/run25/install//include/qa_centrality:/sphenix/user/samfred/run25/install//include/mbdana:/sphenix/user/samfred/run25/install//include/centrality:/sphenix/user/samfred/run25/install//include/Event:/cvmfs/sphenix.sdcc.bnl.gov/alma9.2-gcc-14.2.0/release/release_new/new.10/include:/cvmfs/sphenix.sdcc.bnl.gov/alma9.2-gcc-14.2.0/release/release_new/new.10/include:/cvmfs/sphenix.sdcc.bnl.gov/alma9.2-gcc-14.2.0/release/release_new/new.10/include/g4mbd:/cvmfs/sphenix.sdcc.bnl.gov/alma9.2-gcc-14.2.0/release/release_new/new.10/include/fmt:/cvmfs/sphenix.sdcc.bnl.gov/alma9.2-gcc-14.2.0/release/release_new/new.10/include/ffarawobjects:/cvmfs/sphenix.sdcc.bnl.gov/alma9.2-gcc-14.2.0/release/release_new/new.10/include/JSON:/cvmfs/sphenix.sdcc.bnl.gov/alma9.2-gcc-14.2.0/release/release_new/new.10/include/calotreegen:/cvmfs/sphenix.sdcc.bnl.gov/alma9.2-gcc-14.2.0/release/release_new/new.10/include/torch:/cvmfs/sphenix.sdcc.bnl.gov/alma9.2-gcc-14.2.0/release/release_new/new.10/include/g4detectors:/cvmfs/sphenix.sdcc.bnl.gov/alma9.2-gcc-14.2.0/release/release_new/new.10/include/kineto:/cvmfs/sphenix.sdcc.bnl.gov/alma9.2-gcc-14.2.0/release/release_new/new.10/include/g4decayer:/cvmfs/sphenix.sdcc.bnl.gov/alma9.2-gcc-14.2.0/release/release_new/new.10/include/kfparticleqa:/cvmfs/sphenix.sdcc.bnl.gov/alma9.2-gcc-14.2.0/release/release_new/new.10/include/phfield:/cvmfs/sphenix.sdcc.bnl.gov/alma9.2-gcc-14.2.0/release/release_new/new.10/include/LHAPDF:/cvmfs/sphenix.sdcc.bnl.gov/alma9.2-gcc-14.2.0/release/release_new/new.10/include/readdigitalcurrents:/cvmfs/sphenix.sdcc.bnl.gov/alma9.2-gcc-14.2.0/release/release_new/new.10/include/c10:/cvmfs/sphenix.sdcc.bnl.gov/alma9.2-gcc-14.2.0/release/release_new/new.10/include/calovalid:/cvmfs/sphenix.sdcc.bnl.gov/alma9.2-gcc-14.2.0/release/release_new/new.10/include/oneapi:/cvmfs/sphenix.sdcc.bnl.gov/alma9.2-gcc-14.2.0/release/release_new/new.10/include/DDCond:/cvmfs/sphenix.sdcc.bnl.gov/alma9.2-gcc-14.2.0/release/release_new/new.10/include/g4tracking:/cvmfs/sphenix.sdcc.bnl.gov/alma9.2-gcc-14.2.0/release/release_new/new.10/include/litecaloeval:/cvmfs/sphenix.sdcc.bnl.gov/alma9.2-gcc-14.2.0/release/release_new/new.10/include/g4intt:/cvmfs/sphenix.sdcc.bnl.gov/alma9.2-gcc-14.2.0/release/release_new/new.10/include/phool:/cvmfs/sphenix.sdcc.bnl.gov/alma9.2-gcc-14.2.0/release/release_new/new.10/include/boost:/cvmfs/sphenix.sdcc.bnl.gov/alma9.2-gcc-14.2.0/release/release_new/new.10/include/Pythia8Plugins:/cvmfs/sphenix.sdcc.bnl.gov/alma9.2-gcc-14.2.0/release/release_new/new.10/include/calib_emc_pi0:/cvmfs/sphenix.sdcc.bnl.gov/alma9.2-gcc-14.2.0/release/release_new/new.10/include/hijingflipafterburner:/cvmfs/sphenix.sdcc.bnl.gov/alma9.2-gcc-14.2.0/release/release_new/new.10/include/ffaobjects:/cvmfs/sphenix.sdcc.bnl.gov/alma9.2-gcc-14.2.0/release/release_new/new.10/include/EvtGenBase:/cvmfs/sphenix.sdcc.bnl.gov/alma9.2-gcc-14.2.0/release/release_new/new.10/include/flowafterburner:/cvmfs/sphenix.sdcc.bnl.gov/alma9.2-gcc-14.2.0/release/release_new/new.10/include/google:/cvmfs/sphenix.sdcc.bnl.gov/alma9.2-gcc-14.2.0/release/release_new/new.10/include/g4tpc:/cvmfs/sphenix.sdcc.bnl.gov/alma9.2-gcc-14.2.0/release/release_new/new.10/include/caffe2:/cvmfs/sphenix.sdcc.bnl.gov/alma9.2-gcc-14.2.0/release/release_new/new.10/include/EvtGenExternal:/cvmfs/sphenix.sdcc.bnl.gov/alma9.2-gcc-14.2.0/release/release_new/new.10/include/fp16:/cvmfs/sphenix.sdcc.bnl.gov/alma9.2-gcc-14.2.0/release/release_new/new.10/include/ffamodules:/cvmfs/sphenix.sdcc.bnl.gov/alma9.2-gcc-14.2.0/release/release_new/new.10/include/uspin:/cvmfs/sphenix.sdcc.bnl.gov/alma9.2-gcc-14.2.0/release/release_new/new.10/include/Herwig:/cvmfs/sphenix.sdcc.bnl.gov/alma9.2-gcc-14.2.0/release/release_new/new.10/include/genfitexp:/cvmfs/sphenix.sdcc.bnl.gov/alma9.2-gcc-14.2.0/release/release_new/new.10/include/XML:/cvmfs/sphenix.sdcc.bnl.gov/alma9.2-gcc-14.2.0/release/release_new/new.10/include/fbgemm:/cvmfs/sphenix.sdcc.bnl.gov/alma9.2-gcc-14.2.0/release/release_new/new.10/include/DDAlign:/cvmfs/sphenix.sdcc.bnl.gov/alma9.2-gcc-14.2.0/release/release_new/new.10/include/g4mvtx:/cvmfs/sphenix.sdcc.bnl.gov/alma9.2-gcc-14.2.0/release/release_new/new.10/include/kfparticle_sphenix:/cvmfs/sphenix.sdcc.bnl.gov/alma9.2-gcc-14.2.0/release/release_new/new.10/include/fun4all:/cvmfs/sphenix.sdcc.bnl.gov/alma9.2-gcc-14.2.0/release/release_new/new.10/include/intt:/cvmfs/sphenix.sdcc.bnl.gov/alma9.2-gcc-14.2.0/release/release_new/new.10/include/eventdisplay:/cvmfs/sphenix.sdcc.bnl.gov/alma9.2-gcc-14.2.0/release/release_new/new.10/include/EvtGen:/cvmfs/sphenix.sdcc.bnl.gov/alma9.2-gcc-14.2.0/release/release_new/new.10/include/Evaluator:/cvmfs/sphenix.sdcc.bnl.gov/alma9.2-gcc-14.2.0/release/release_new/new.10/include/tpc:/cvmfs/sphenix.sdcc.bnl.gov/alma9.2-gcc-14.2.0/release/release_new/new.10/include/GenFit:/cvmfs/sphenix.sdcc.bnl.gov/alma9.2-gcc-14.2.0/release/release_new/new.10/include/prototype4:/cvmfs/sphenix.sdcc.bnl.gov/alma9.2-gcc-14.2.0/release/release_new/new.10/include/caloembedding:/cvmfs/sphenix.sdcc.bnl.gov/alma9.2-gcc-14.2.0/release/release_new/new.10/include/EvtGenModels:/cvmfs/sphenix.sdcc.bnl.gov/alma9.2-gcc-14.2.0/release/release_new/new.10/include/fastjet:/cvmfs/sphenix.sdcc.bnl.gov/alma9.2-gcc-14.2.0/release/release_new/new.10/include/DDG4:/cvmfs/sphenix.sdcc.bnl.gov/alma9.2-gcc-14.2.0/release/release_new/new.10/include/mbd:/cvmfs/sphenix.sdcc.bnl.gov/alma9.2-gcc-14.2.0/release/release_new/new.10/include/tbb:/cvmfs/sphenix.sdcc.bnl.gov/alma9.2-gcc-14.2.0/release/release_new/new.10/include/phgeom:/cvmfs/sphenix.sdcc.bnl.gov/alma9.2-gcc-14.2.0/release/release_new/new.10/include/g4epd:/cvmfs/sphenix.sdcc.bnl.gov/alma9.2-gcc-14.2.0/release/release_new/new.10/include/oncal:/cvmfs/sphenix.sdcc.bnl.gov/alma9.2-gcc-14.2.0/release/release_new/new.10/include/pybind11:/cvmfs/sphenix.sdcc.bnl.gov/alma9.2-gcc-14.2.0/release/release_new/new.10/include/tpcdistgenerator:/cvmfs/sphenix.sdcc.bnl.gov/alma9.2-gcc-14.2.0/release/release_new/new.10/include/cdbobjects:/cvmfs/sphenix.sdcc.bnl.gov/alma9.2-gcc-14.2.0/release/release_new/new.10/include/g4micromegas:/cvmfs/sphenix.sdcc.bnl.gov/alma9.2-gcc-14.2.0/release/release_new/new.10/include/g4eval:/cvmfs/sphenix.sdcc.bnl.gov/alma9.2-gcc-14.2.0/release/release_new/new.10/include/jetbackground:/cvmfs/sphenix.sdcc.bnl.gov/alma9.2-gcc-14.2.0/release/release_new/new.10/include/micromegas:/cvmfs/sphenix.sdcc.bnl.gov/alma9.2-gcc-14.2.0/release/release_new/new.10/include/hftrackefficiency:/cvmfs/sphenix.sdcc.bnl.gov/alma9.2-gcc-14.2.0/release/release_new/new.10/include/inttrawhitqa:/cvmfs/sphenix.sdcc.bnl.gov/alma9.2-gcc-14.2.0/release/release_new/new.10/include/centrality:/cvmfs/sphenix.sdcc.bnl.gov/alma9.2-gcc-14.2.0/release/release_new/new.10/include/epd:/cvmfs/sphenix.sdcc.bnl.gov/alma9.2-gcc-14.2.0/release/release_new/new.10/include/caloreco:/cvmfs/sphenix.sdcc.bnl.gov/alma9.2-gcc-14.2.0/release/release_new/new.10/include/HepMC:/cvmfs/sphenix.sdcc.bnl.gov/alma9.2-gcc-14.2.0/release/release_new/new.10/include/CLHEP:/cvmfs/sphenix.sdcc.bnl.gov/alma9.2-gcc-14.2.0/release/release_new/new.10/include/Acts:/cvmfs/sphenix.sdcc.bnl.gov/alma9.2-gcc-14.2.0/release/release_new/new.10/include/g4histos:/cvmfs/sphenix.sdcc.bnl.gov/alma9.2-gcc-14.2.0/release/release_new/new.10/include/eventplaneinfo:/cvmfs/sphenix.sdcc.bnl.gov/alma9.2-gcc-14.2.0/release/release_new/new.10/include/fillspacechargemaps:/cvmfs/sphenix.sdcc.bnl.gov/alma9.2-gcc-14.2.0/release/release_new/new.10/include/phhepmc:/cvmfs/sphenix.sdcc.bnl.gov/alma9.2-gcc-14.2.0/release/release_new/new.10/include/trackingqa:/cvmfs/sphenix.sdcc.bnl.gov/alma9.2-gcc-14.2.0/release/release_new/new.10/include/qautils:/cvmfs/sphenix.sdcc.bnl.gov/alma9.2-gcc-14.2.0/release/release_new/new.10/include/trackreco:/cvmfs/sphenix.sdcc.bnl.gov/alma9.2-gcc-14.2.0/release/release_new/new.10/include/g4ohcal:/cvmfs/sphenix.sdcc.bnl.gov/alma9.2-gcc-14.2.0/release/release_new/new.10/include/tpcdvcalib:/cvmfs/sphenix.sdcc.bnl.gov/alma9.2-gcc-14.2.0/release/release_new/new.10/include/zdcinfo:/cvmfs/sphenix.sdcc.bnl.gov/alma9.2-gcc-14.2.0/release/release_new/new.10/include/phpythia8:/cvmfs/sphenix.sdcc.bnl.gov/alma9.2-gcc-14.2.0/release/release_new/new.10/include/fun4allutils:/cvmfs/sphenix.sdcc.bnl.gov/alma9.2-gcc-14.2.0/release/release_new/new.10/include/tpcqa:/cvmfs/sphenix.sdcc.bnl.gov/alma9.2-gcc-14.2.0/release/release_new/new.10/include/Pythia8:/cvmfs/sphenix.sdcc.bnl.gov/alma9.2-gcc-14.2.0/release/release_new/new.10/include/DDRec:/cvmfs/sphenix.sdcc.bnl.gov/alma9.2-gcc-14.2.0/release/release_new/new.10/include/DDDigi:/cvmfs/sphenix.sdcc.bnl.gov/alma9.2-gcc-14.2.0/release/release_new/new.10/include/g4ihcal:/cvmfs/sphenix.sdcc.bnl.gov/alma9.2-gcc-14.2.0/release/release_new/new.10/include/frog:/cvmfs/sphenix.sdcc.bnl.gov/alma9.2-gcc-14.2.0/release/release_new/new.10/include/eigen3:/cvmfs/sphenix.sdcc.bnl.gov/alma9.2-gcc-14.2.0/release/release_new/new.10/include/tensorpipe:/cvmfs/sphenix.sdcc.bnl.gov/alma9.2-gcc-14.2.0/release/release_new/new.10/include/sphenixnpc:/cvmfs/sphenix.sdcc.bnl.gov/alma9.2-gcc-14.2.0/release/release_new/new.10/include/siscone:/cvmfs/sphenix.sdcc.bnl.gov/alma9.2-gcc-14.2.0/release/release_new/new.10/include/pmonitor:/cvmfs/sphenix.sdcc.bnl.gov/alma9.2-gcc-14.2.0/release/release_new/new.10/include/calobase:/cvmfs/sphenix.sdcc.bnl.gov/alma9.2-gcc-14.2.0/release/release_new/new.10/include/ActsExamples:/cvmfs/sphenix.sdcc.bnl.gov/alma9.2-gcc-14.2.0/release/release_new/new.10/include/g4gdml:/cvmfs/sphenix.sdcc.bnl.gov/alma9.2-gcc-14.2.0/release/release_new/new.10/include/mvtx_decoder:/cvmfs/sphenix.sdcc.bnl.gov/alma9.2-gcc-14.2.0/release/release_new/new.10/include/ROOT:/cvmfs/sphenix.sdcc.bnl.gov/alma9.2-gcc-14.2.0/release/release_new/new.10/include/phparameter:/cvmfs/sphenix.sdcc.bnl.gov/alma9.2-gcc-14.2.0/release/release_new/new.10/include/rsa:/cvmfs/sphenix.sdcc.bnl.gov/alma9.2-gcc-14.2.0/release/release_new/new.10/include/fun4allraw:/cvmfs/sphenix.sdcc.bnl.gov/alma9.2-gcc-14.2.0/release/release_new/new.10/include/trackbase_historic:/cvmfs/sphenix.sdcc.bnl.gov/alma9.2-gcc-14.2.0/release/release_new/new.10/include/g4jets:/cvmfs/sphenix.sdcc.bnl.gov/alma9.2-gcc-14.2.0/release/release_new/new.10/include/jetqa:/cvmfs/sphenix.sdcc.bnl.gov/alma9.2-gcc-14.2.0/release/release_new/new.10/include/phoolraw:/cvmfs/sphenix.sdcc.bnl.gov/alma9.2-gcc-14.2.0/release/release_new/new.10/include/g4calo:/cvmfs/sphenix.sdcc.bnl.gov/alma9.2-gcc-14.2.0/release/release_new/new.10/include/mvtxrawhitqa:/cvmfs/sphenix.sdcc.bnl.gov/alma9.2-gcc-14.2.0/release/release_new/new.10/include/HepMC3:/cvmfs/sphenix.sdcc.bnl.gov/alma9.2-gcc-14.2.0/release/release_new/new.10/include/calowaveformsim:/cvmfs/sphenix.sdcc.bnl.gov/alma9.2-gcc-14.2.0/release/release_new/new.10/include/g4caloprototype:/cvmfs/sphenix.sdcc.bnl.gov/alma9.2-gcc-14.2.0/release/release_new/new.10/include/pdbcalbase:/cvmfs/sphenix.sdcc.bnl.gov/alma9.2-gcc-14.2.0/release/release_new/new.10/include/gsl:/cvmfs/sphenix.sdcc.bnl.gov/alma9.2-gcc-14.2.0/release/release_new/new.10/include/nodedump:/cvmfs/sphenix.sdcc.bnl.gov/alma9.2-gcc-14.2.0/release/release_new/new.10/include/emcnoisytowerfinder:/cvmfs/sphenix.sdcc.bnl.gov/alma9.2-gcc-14.2.0/release/release_new/new.10/include/ActsFatras:/cvmfs/sphenix.sdcc.bnl.gov/alma9.2-gcc-14.2.0/release/release_new/new.10/include/ffarawmodules:/cvmfs/sphenix.sdcc.bnl.gov/alma9.2-gcc-14.2.0/release/release_new/new.10/include/Event:/cvmfs/sphenix.sdcc.bnl.gov/alma9.2-gcc-14.2.0/release/release_new/new.10/include/prototype3:/cvmfs/sphenix.sdcc.bnl.gov/alma9.2-gcc-14.2.0/release/release_new/new.10/include/fermimotionafterburner:/cvmfs/sphenix.sdcc.bnl.gov/alma9.2-gcc-14.2.0/release/release_new/new.10/include/Photos:/cvmfs/sphenix.sdcc.bnl.gov/alma9.2-gcc-14.2.0/release/release_new/new.10/include/xingshiftcal:/cvmfs/sphenix.sdcc.bnl.gov/alma9.2-gcc-14.2.0/release/release_new/new.10/include/trackbase:/cvmfs/sphenix.sdcc.bnl.gov/alma9.2-gcc-14.2.0/release/release_new/new.10/include/jetdstskimmer:/cvmfs/sphenix.sdcc.bnl.gov/alma9.2-gcc-14.2.0/release/release_new/new.10/include/clusteriso:/cvmfs/sphenix.sdcc.bnl.gov/alma9.2-gcc-14.2.0/release/release_new/new.10/include/asmjit:/cvmfs/sphenix.sdcc.bnl.gov/alma9.2-gcc-14.2.0/release/release_new/new.10/include/particleflowreco:/cvmfs/sphenix.sdcc.bnl.gov/alma9.2-gcc-14.2.0/release/release_new/new.10/include/tpchittrackdisplay:/cvmfs/sphenix.sdcc.bnl.gov/alma9.2-gcc-14.2.0/release/release_new/new.10/include/caloana:/cvmfs/sphenix.sdcc.bnl.gov/alma9.2-gcc-14.2.0/release/release_new/new.10/include/calotrigger:/cvmfs/sphenix.sdcc.bnl.gov/alma9.2-gcc-14.2.0/release/release_new/new.10/include/nopayloadclient:/cvmfs/sphenix.sdcc.bnl.gov/alma9.2-gcc-14.2.0/release/release_new/new.10/include/trackermillepedealignment:/cvmfs/sphenix.sdcc.bnl.gov/alma9.2-gcc-14.2.0/release/release_new/new.10/include/DD4hep:/cvmfs/sphenix.sdcc.bnl.gov/alma9.2-gcc-14.2.0/release/release_new/new.10/include/g4trackfastsim:/cvmfs/sphenix.sdcc.bnl.gov/alma9.2-gcc-14.2.0/release/release_new/new.10/include/prototype2:/cvmfs/sphenix.sdcc.bnl.gov/alma9.2-gcc-14.2.0/release/release_new/new.10/include/ATen:/cvmfs/sphenix.sdcc.bnl.gov/alma9.2-gcc-14.2.0/release/release_new/new.10/include/g4main:/cvmfs/sphenix.sdcc.bnl.gov/alma9.2-gcc-14.2.0/release/release_new/new.10/include/Tauola:/cvmfs/sphenix.sdcc.bnl.gov/alma9.2-gcc-14.2.0/release/release_new/new.10/include/inttcalib:/cvmfs/sphenix.sdcc.bnl.gov/alma9.2-gcc-14.2.0/release/release_new/new.10/include/reactionplaneafterburner:/cvmfs/sphenix.sdcc.bnl.gov/alma9.2-gcc-14.2.0/release/release_new/new.10/include/globalqa:/cvmfs/sphenix.sdcc.bnl.gov/alma9.2-gcc-14.2.0/release/release_new/new.10/include/tpccalib:/cvmfs/sphenix.sdcc.bnl.gov/alma9.2-gcc-14.2.0/release/release_new/new.10/include/DDSegmentation:/cvmfs/sphenix.sdcc.bnl.gov/alma9.2-gcc-14.2.0/release/release_new/new.10/include/decayfinder:/cvmfs/sphenix.sdcc.bnl.gov/alma9.2-gcc-14.2.0/release/release_new/new.10/include/compressclus:/cvmfs/sphenix.sdcc.bnl.gov/alma9.2-gcc-14.2.0/release/release_new/new.10/include/simqa_modules:/cvmfs/sphenix.sdcc.bnl.gov/alma9.2-gcc-14.2.0/release/release_new/new.10/include/resonancejettagging:/cvmfs/sphenix.sdcc.bnl.gov/alma9.2-gcc-14.2.0/release/release_new/new.10/include/g4centrality:/cvmfs/sphenix.sdcc.bnl.gov/alma9.2-gcc-14.2.0/release/release_new/new.10/include/mvtx:/cvmfs/sphenix.sdcc.bnl.gov/alma9.2-gcc-14.2.0/release/release_new/new.10/include/nlohmann:/cvmfs/sphenix.sdcc.bnl.gov/alma9.2-gcc-14.2.0/release/release_new/new.10/include/localpoloffmon:/cvmfs/sphenix.sdcc.bnl.gov/alma9.2-gcc-14.2.0/release/release_new/new.10/include/DDEve:/cvmfs/sphenix.sdcc.bnl.gov/alma9.2-gcc-14.2.0/release/release_new/new.10/include/Parsers:/cvmfs/sphenix.sdcc.bnl.gov/alma9.2-gcc-14.2.0/release/release_new/new.10/include/trackingdiagnostics:/cvmfs/sphenix.sdcc.bnl.gov/alma9.2-gcc-14.2.0/release/release_new/new.10/include/g4vertex:/cvmfs/sphenix.sdcc.bnl.gov/alma9.2-gcc-14.2.0/release/release_new/new.10/include/jetbase:/cvmfs/sphenix.sdcc.bnl.gov/alma9.2-gcc-14.2.0/release/release_new/new.10/include/globalvertex:/cvmfs/sphenix.sdcc.bnl.gov/alma9.2-gcc-14.2.0/release/release_new/new.10/include/phgenfit:/cvmfs/sphenix.sdcc.bnl.gov/alma9.2-gcc-14.2.0/release/release_new/new.10/include/rawbcolumi:/cvmfs/sphenix.sdcc.bnl.gov/alma9.2-gcc-14.2.0/release/release_new/new.10/include/eicsmear:/cvmfs/sphenix.sdcc.bnl.gov/alma9.2-gcc-14.2.0/release/release_new/new.10/include/mvtxcalib:/cvmfs/sphenix.sdcc.bnl.gov/alma9.2-gcc-14.2.0/release/release_new/new.10/include/tpclinelaserdiode:/cvmfs/sphenix.sdcc.bnl.gov/alma9.2-gcc-14.2.0/release/release_new/new.10/include/hepmcjettrigger:/cvmfs/sphenix.sdcc.bnl.gov/alma9.2-gcc-14.2.0/release/release_new/new.10/include/core:/cvmfs/sphenix.sdcc.bnl.gov/alma9.2-gcc-14.2.0/release/release_new/new.10/include/calo_cdb:/cvmfs/sphenix.sdcc.bnl.gov/alma9.2-gcc-14.2.0/release/release_new/new.10/include/mvtxclustershapesqa:/cvmfs/sphenix.sdcc.bnl.gov/alma9.2-gcc-14.2.0/release/release_new/new.10/include/calopacketskimmer:/cvmfs/sphenix.sdcc.bnl.gov/alma9.2-gcc-14.2.0/opt/sphenix/core/geant4.10.07.p04/include:/cvmfs/sphenix.sdcc.bnl.gov/alma9.2-gcc-14.2.0/release/release_new/new.10/rootmacros:/cvmfs/sphenix.sdcc.bnl.gov/alma9.2-gcc-14.2.0/opt/sphenix/core/include
GSEARCHPATH=.:PG:LUSTRE:RAWDATA
PWD=/gpfs/mnt/gpfs02/sphenix/user/samfred/run25/ppg11/histmaking
LOGNAME=samfred
_CONDOR_JOB_AD=/home/condor/local/sphnx/execute/dir_2511174/.job.ad
MANPATH=/cvmfs/sphenix.sdcc.bnl.gov/alma9.2-gcc-14.2.0/opt/sphenix/core/gcc/14.2.0-2f0a0/x86_64-el9/share/man:/cvmfs/sphenix.sdcc.bnl.gov/alma9.2-gcc-14.2.0/opt/sphenix/core/binutils/2.40-acaab/x86_64-el9/share/man:/cvmfs/sphenix.sdcc.bnl.gov/alma9.2-gcc-14.2.0/release/release_new/new.10/share/man:/cvmfs/sphenix.sdcc.bnl.gov/alma9.2-gcc-14.2.0/opt/sphenix/utils/share/man:/cvmfs/sphenix.sdcc.bnl.gov/alma9.2-gcc-14.2.0/opt/sphenix/core/share/man:/cvmfs/sphenix.sdcc.bnl.gov/alma9.2-gcc-14.2.0/opt/sphenix/core/root-6.32.06/man:/usr/local/share/man:/usr/share/man
PYTHIA8=/cvmfs/sphenix.sdcc.bnl.gov/alma9.2-gcc-14.2.0/release/release_new/new.10/share/Pythia8
G4INCLDATA=/cvmfs/sphenix.sdcc.bnl.gov/alma9.2-gcc-14.2.0/opt/sphenix/core/geant4.10.07.p04/share/Geant4-10.7.4/data/G4INCL1.0
ORIG_PATH=/usr/local/bin:/usr/bin
CXX=/cvmfs/sphenix.sdcc.bnl.gov/alma9.2-gcc-14.2.0/opt/sphenix/core/gcc/14.2.0-2f0a0/x86_64-el9/bin/g++
G4LEDATA=/cvmfs/sphenix.sdcc.bnl.gov/alma9.2-gcc-14.2.0/opt/sphenix/core/geant4.10.07.p04/share/Geant4-10.7.4/data/G4EMLOW7.13
PYTHON_CPU_COUNT=1
OPENBLAS_NUM_THREADS=1
_CONDOR_BIN=/usr/bin
HOME=/sphenix/u/samfred
G4PARTICLEXSDATA=/cvmfs/sphenix.sdcc.bnl.gov/alma9.2-gcc-14.2.0/opt/sphenix/core/geant4.10.07.p04/share/Geant4-10.7.4/data/G4PARTICLEXS3.1.1
ONLINE_MAIN=/cvmfs/sphenix.sdcc.bnl.gov/alma9.2-gcc-14.2.0/release/release_new/new.10
CALIBRATIONROOT=/cvmfs/sphenix.sdcc.bnl.gov/alma9.2-gcc-14.2.0/release/release_new/new.10/share/calibrations
TMPDIR=/tmp
_CONDOR_SCRATCH_DIR=/home/condor/local/sphnx/execute/dir_2511174
PGUSER=phnxrc
NOPAYLOADCLIENT_CONF=/cvmfs/sphenix.sdcc.bnl.gov/alma9.2-gcc-14.2.0/opt/sphenix/core/etc/sPHENIX_newcdb.json
XERCESCROOT=/cvmfs/sphenix.sdcc.bnl.gov/alma9.2-gcc-14.2.0/opt/sphenix/core/geant4.10.07.p04
LHAPATH=/cvmfs/sphenix.sdcc.bnl.gov/alma9.2-gcc-14.2.0/opt/sphenix/core/lhapdf-5.9.1/share/lhapdf/PDFsets
G4NEUTRONHPDATA=/cvmfs/sphenix.sdcc.bnl.gov/alma9.2-gcc-14.2.0/opt/sphenix/core/geant4.10.07.p04/share/Geant4-10.7.4/data/G4NDL4.6
PYTHONPATH=.:/cvmfs/sphenix.sdcc.bnl.gov/alma9.2-gcc-14.2.0/release/release_new/new.10/lib/python3.13/site-packages:/cvmfs/sphenix.sdcc.bnl.gov/alma9.2-gcc-14.2.0/opt/sphenix/core/lib/python3.13/site-packages:/cvmfs/sphenix.sdcc.bnl.gov/alma9.2-gcc-14.2.0/opt/sphenix/core/root-6.32.06/lib
USER=samfred
_CONDOR_JOB_PIDS=
TEMP=/tmp
GOMAXPROCS=1
OFFLINE_MAIN=/cvmfs/sphenix.sdcc.bnl.gov/alma9.2-gcc-14.2.0/release/release_new/new.10
SHLVL=1
TF_NUM_THREADS=1
G4SAIDXSDATA=/cvmfs/sphenix.sdcc.bnl.gov/alma9.2-gcc-14.2.0/opt/sphenix/core/geant4.10.07.p04/share/Geant4-10.7.4/data/G4SAIDDATA2.0
APPTAINER_CACHEDIR=/home/condor/local/sphnx/execute/dir_2511174
_CONDOR_ANCESTOR_282513=2511174:1759352693:4147734353
ROOTSYS=/cvmfs/sphenix.sdcc.bnl.gov/alma9.2-gcc-14.2.0/opt/sphenix/core/root-6.32.06
BATCH_SYSTEM=HTCondor
_CONDOR_SLOT=slot1_14
LD_LIBRARY_PATH=/sphenix/user/samfred/run25/install//lib:/cvmfs/sphenix.sdcc.bnl.gov/alma9.2-gcc-14.2.0/opt/sphenix/core/gcc/14.2.0-2f0a0/x86_64-el9/lib:/cvmfs/sphenix.sdcc.bnl.gov/alma9.2-gcc-14.2.0/opt/sphenix/core/gcc/14.2.0-2f0a0/x86_64-el9/lib64:/cvmfs/sphenix.sdcc.bnl.gov/alma9.2-gcc-14.2.0/opt/sphenix/core/binutils/2.40-acaab/x86_64-el9/lib:.:/cvmfs/sphenix.sdcc.bnl.gov/alma9.2-gcc-14.2.0/release/release_new/new.10/lib64:/cvmfs/sphenix.sdcc.bnl.gov/alma9.2-gcc-14.2.0/release/release_new/new.10/lib:/cvmfs/sphenix.sdcc.bnl.gov/alma9.2-gcc-14.2.0/opt/sphenix/utils/lib:/cvmfs/sphenix.sdcc.bnl.gov/alma9.2-gcc-14.2.0/opt/sphenix/core/lib:/cvmfs/sphenix.sdcc.bnl.gov/alma9.2-gcc-14.2.0/opt/sphenix/core/root-6.32.06/lib:/cvmfs/sphenix.sdcc.bnl.gov/alma9.2-gcc-14.2.0/opt/sphenix/core/geant4.10.07.p04/lib64:/cvmfs/sphenix.sdcc.bnl.gov/alma9.2-gcc-14.2.0/opt/sphenix/core/lhapdf-5.9.1/lib:/usr/local/lib64:/usr/lib64
OPT_SPHENIX=/cvmfs/sphenix.sdcc.bnl.gov/alma9.2-gcc-14.2.0/opt/sphenix/core
TF_LOOP_PARALLEL_ITERATIONS=1
EVT_LIB=/cvmfs/sphenix.sdcc.bnl.gov/alma9.2-gcc-14.2.0/opt/sphenix/core/root-6.32.06/lib
PGHOST=sphnxdbmaster.sdcc.bnl.gov
OMP_NUM_THREADS=1
G4REALSURFACEDATA=/cvmfs/sphenix.sdcc.bnl.gov/alma9.2-gcc-14.2.0/opt/sphenix/core/geant4.10.07.p04/share/Geant4-10.7.4/data/RealSurface2.2
FC=/cvmfs/sphenix.sdcc.bnl.gov/alma9.2-gcc-14.2.0/opt/sphenix/core/gcc/14.2.0-2f0a0/x86_64-el9/bin/gfortran
G4ABLADATA=/cvmfs/sphenix.sdcc.bnl.gov/alma9.2-gcc-14.2.0/opt/sphenix/core/geant4.10.07.p04/share/Geant4-10.7.4/data/G4ABLA3.1
_CONDOR_ANCESTOR_282478=282513:1756523324:2463409703
PARASOFT=doesnotexist
TMP=/tmp
OPT_UTILS=/cvmfs/sphenix.sdcc.bnl.gov/alma9.2-gcc-14.2.0/opt/sphenix/utils
CONFIG_SITE=/cvmfs/sphenix.sdcc.bnl.gov/alma9.2-gcc-14.2.0/opt/sphenix/core/etc/config.site
PATH=/sphenix/user/samfred/run25/install//bin:/cvmfs/sphenix.sdcc.bnl.gov/alma9.2-gcc-14.2.0/opt/sphenix/core/gcc/14.2.0-2f0a0/x86_64-el9/bin:/cvmfs/sphenix.sdcc.bnl.gov/alma9.2-gcc-14.2.0/opt/sphenix/core/binutils/2.40-acaab/x86_64-el9/bin:.:/cvmfs/sphenix.sdcc.bnl.gov/alma9.2-gcc-14.2.0/release/release_new/new.10/bin:/cvmfs/sphenix.sdcc.bnl.gov/alma9.2-gcc-14.2.0/opt/sphenix/utils/bin:/cvmfs/sphenix.sdcc.bnl.gov/alma9.2-gcc-14.2.0/opt/sphenix/core/bin:/cvmfs/sphenix.sdcc.bnl.gov/alma9.2-gcc-14.2.0/opt/sphenix/core/root-6.32.06/bin:/cvmfs/sphenix.sdcc.bnl.gov/alma9.2-gcc-14.2.0/opt/sphenix/core/geant4.10.07.p04/bin:/usr/local/bin:/usr/bin:/usr/local/sbin:/usr/sbin
G4LEVELGAMMADATA=/cvmfs/sphenix.sdcc.bnl.gov/alma9.2-gcc-14.2.0/opt/sphenix/core/geant4.10.07.p04/share/Geant4-10.7.4/data/PhotonEvaporation5.7
CC=/cvmfs/sphenix.sdcc.bnl.gov/alma9.2-gcc-14.2.0/opt/sphenix/core/gcc/14.2.0-2f0a0/x86_64-el9/bin/gcc
G4RADIOACTIVEDATA=/cvmfs/sphenix.sdcc.bnl.gov/alma9.2-gcc-14.2.0/opt/sphenix/core/geant4.10.07.p04/share/Geant4-10.7.4/data/RadioactiveDecay5.6
JULIA_NUM_THREADS=1
MKL_NUM_THREADS=1
LHAPDF_DATA_PATH=/cvmfs/sphenix.sdcc.bnl.gov/alma9.2-gcc-14.2.0/release/release_new/new.10/share/LHAPDF
XPLOAD_CONFIG_DIR=/cvmfs/sphenix.sdcc.bnl.gov/alma9.2-gcc-14.2.0/opt/sphenix/core/etc
OLDPWD=/cvmfs/sphenix.sdcc.bnl.gov/alma9.2-gcc-14.2.0/release/release_new/new.10/geant4
_=/usr/bin/printenv
runnumber...
48894
trigger...

   ------------------------------------------------------------------
  | Welcome to ROOT 6.32.06                        https://root.cern |
  | (c) 1995-2024, The ROOT Team; conception: R. Brun, F. Rademakers |
  | Built for linuxx8664gcc on Dec 13 2024, 17:23:48                 |
  | From tags/6-32-06@6-32-06                                        |
  | With g++ (GCC) 14.2.0                                            |
  | Try '.help'/'.?', '.demo', '.license', '.credits', '.quit'/'.q'  |
   ------------------------------------------------------------------


Processing data_histmaker.C(48894)...
entry 0/2426521 (0%)
entry 1000/2426521 (0.0412113%)
entry 2000/2426521 (0.0824225%)
entry 9000/2426521 (0.370901%)
entry 11000/2426521 (0.453324%)
entry 12000/2426521 (0.494535%)
entry 16000/2426521 (0.65938%)
entry 21000/2426521 (0.865437%)
entry 23000/2426521 (0.947859%)
entry 25000/2426521 (1.03028%)
entry 28000/2426521 (1.15392%)
entry 31000/2426521 (1.27755%)
entry 36000/2426521 (1.48361%)
entry 37000/2426521 (1.52482%)
entry 44000/2426521 (1.8133%)
entry 45000/2426521 (1.85451%)
entry 48000/2426521 (1.97814%)
entry 51000/2426521 (2.10177%)
entry 52000/2426521 (2.14299%)
entry 54000/2426521 (2.22541%)
entry 56000/2426521 (2.30783%)
entry 57000/2426521 (2.34904%)
entry 60000/2426521 (2.47268%)
entry 69000/2426521 (2.84358%)
entry 71000/2426521 (2.926%)
entry 73000/2426521 (3.00842%)
entry 78000/2426521 (3.21448%)
entry 82000/2426521 (3.37932%)
entry 83000/2426521 (3.42054%)
entry 88000/2426521 (3.62659%)
entry 89000/2426521 (3.6678%)
entry 91000/2426521 (3.75023%)
entry 92000/2426521 (3.79144%)
entry 95000/2426521 (3.91507%)
entry 97000/2426521 (3.99749%)
entry 99000/2426521 (4.07992%)
entry 100000/2426521 (4.12113%)
entry 101000/2426521 (4.16234%)
entry 104000/2426521 (4.28597%)
entry 106000/2426521 (4.36839%)
entry 107000/2426521 (4.40961%)
entry 109000/2426521 (4.49203%)
entry 112000/2426521 (4.61566%)
entry 115000/2426521 (4.7393%)
entry 122000/2426521 (5.02777%)
entry 123000/2426521 (5.06899%)
entry 127000/2426521 (5.23383%)
entry 128000/2426521 (5.27504%)
entry 131000/2426521 (5.39868%)
entry 135000/2426521 (5.56352%)
entry 138000/2426521 (5.68715%)
entry 139000/2426521 (5.72837%)
entry 140000/2426521 (5.76958%)
entry 142000/2426521 (5.852%)
entry 143000/2426521 (5.89321%)
entry 150000/2426521 (6.18169%)
entry 151000/2426521 (6.2229%)
entry 154000/2426521 (6.34653%)
entry 159000/2426521 (6.55259%)
entry 166000/2426521 (6.84107%)
entry 169000/2426521 (6.9647%)
entry 170000/2426521 (7.00592%)
entry 173000/2426521 (7.12955%)
entry 174000/2426521 (7.17076%)
entry 176000/2426521 (7.25318%)
entry 178000/2426521 (7.33561%)
entry 179000/2426521 (7.37682%)
entry 180000/2426521 (7.41803%)
entry 182000/2426521 (7.50045%)
entry 187000/2426521 (7.70651%)
entry 188000/2426521 (7.74772%)
entry 189000/2426521 (7.78893%)
entry 190000/2426521 (7.83014%)
entry 191000/2426521 (7.87135%)
entry 197000/2426521 (8.11862%)
entry 201000/2426521 (8.28346%)
entry 204000/2426521 (8.4071%)
entry 211000/2426521 (8.69558%)
entry 212000/2426521 (8.73679%)
entry 216000/2426521 (8.90163%)
entry 220000/2426521 (9.06648%)
entry 223000/2426521 (9.19011%)
entry 224000/2426521 (9.23132%)
entry 225000/2426521 (9.27253%)
entry 226000/2426521 (9.31375%)
entry 227000/2426521 (9.35496%)
entry 231000/2426521 (9.5198%)
entry 233000/2426521 (9.60222%)
entry 234000/2426521 (9.64344%)
entry 236000/2426521 (9.72586%)
entry 237000/2426521 (9.76707%)
entry 238000/2426521 (9.80828%)
entry 240000/2426521 (9.8907%)
entry 246000/2426521 (10.138%)
entry 247000/2426521 (10.1792%)
entry 249000/2426521 (10.2616%)
entry 250000/2426521 (10.3028%)
entry 252000/2426521 (10.3852%)
entry 253000/2426521 (10.4264%)
entry 254000/2426521 (10.4677%)
entry 260000/2426521 (10.7149%)
entry 262000/2426521 (10.7974%)
entry 263000/2426521 (10.8386%)
entry 264000/2426521 (10.8798%)
entry 271000/2426521 (11.1683%)
entry 272000/2426521 (11.2095%)
entry 276000/2426521 (11.3743%)
entry 279000/2426521 (11.4979%)
entry 280000/2426521 (11.5392%)
entry 281000/2426521 (11.5804%)
entry 282000/2426521 (11.6216%)
entry 285000/2426521 (11.7452%)
entry 288000/2426521 (11.8688%)
entry 290000/2426521 (11.9513%)
entry 296000/2426521 (12.1985%)
entry 298000/2426521 (12.281%)
entry 303000/2426521 (12.487%)
entry 306000/2426521 (12.6106%)
entry 309000/2426521 (12.7343%)
entry 310000/2426521 (12.7755%)
entry 311000/2426521 (12.8167%)
entry 312000/2426521 (12.8579%)
entry 318000/2426521 (13.1052%)
entry 319000/2426521 (13.1464%)
entry 320000/2426521 (13.1876%)
entry 322000/2426521 (13.27%)
entry 323000/2426521 (13.3112%)
entry 328000/2426521 (13.5173%)
entry 329000/2426521 (13.5585%)
entry 332000/2426521 (13.6821%)
entry 335000/2426521 (13.8058%)
entry 338000/2426521 (13.9294%)
entry 339000/2426521 (13.9706%)
entry 340000/2426521 (14.0118%)
entry 341000/2426521 (14.053%)
entry 345000/2426521 (14.2179%)
entry 348000/2426521 (14.3415%)
entry 350000/2426521 (14.4239%)
entry 355000/2426521 (14.63%)
entry 360000/2426521 (14.8361%)
entry 362000/2426521 (14.9185%)
entry 364000/2426521 (15.0009%)
entry 366000/2426521 (15.0833%)
entry 369000/2426521 (15.207%)
entry 374000/2426521 (15.413%)
entry 377000/2426521 (15.5366%)
entry 380000/2426521 (15.6603%)
entry 381000/2426521 (15.7015%)
entry 382000/2426521 (15.7427%)
entry 383000/2426521 (15.7839%)
entry 384000/2426521 (15.8251%)
entry 385000/2426521 (15.8663%)
entry 388000/2426521 (15.99%)
entry 391000/2426521 (16.1136%)
entry 392000/2426521 (16.1548%)
entry 403000/2426521 (16.6081%)
entry 406000/2426521 (16.7318%)
entry 407000/2426521 (16.773%)
entry 409000/2426521 (16.8554%)
entry 413000/2426521 (17.0203%)
entry 415000/2426521 (17.1027%)
entry 416000/2426521 (17.1439%)
entry 417000/2426521 (17.1851%)
entry 420000/2426521 (17.3087%)
entry 424000/2426521 (17.4736%)
entry 426000/2426521 (17.556%)
entry 429000/2426521 (17.6796%)
entry 431000/2426521 (17.7621%)
entry 432000/2426521 (17.8033%)
entry 436000/2426521 (17.9681%)
entry 437000/2426521 (18.0093%)
entry 438000/2426521 (18.0505%)
entry 439000/2426521 (18.0917%)
entry 440000/2426521 (18.133%)
entry 441000/2426521 (18.1742%)
entry 443000/2426521 (18.2566%)
entry 444000/2426521 (18.2978%)
entry 445000/2426521 (18.339%)
entry 448000/2426521 (18.4626%)
entry 449000/2426521 (18.5039%)
entry 451000/2426521 (18.5863%)
entry 452000/2426521 (18.6275%)
entry 455000/2426521 (18.7511%)
entry 461000/2426521 (18.9984%)
entry 462000/2426521 (19.0396%)
entry 463000/2426521 (19.0808%)
entry 468000/2426521 (19.2869%)
entry 472000/2426521 (19.4517%)
entry 474000/2426521 (19.5341%)
entry 477000/2426521 (19.6578%)
entry 483000/2426521 (19.905%)
entry 486000/2426521 (20.0287%)
entry 488000/2426521 (20.1111%)
entry 490000/2426521 (20.1935%)
entry 493000/2426521 (20.3172%)
entry 498000/2426521 (20.5232%)
entry 499000/2426521 (20.5644%)
entry 502000/2426521 (20.6881%)
entry 503000/2426521 (20.7293%)
entry 504000/2426521 (20.7705%)
entry 506000/2426521 (20.8529%)
entry 511000/2426521 (21.059%)
entry 512000/2426521 (21.1002%)
entry 515000/2426521 (21.2238%)
entry 517000/2426521 (21.3062%)
entry 519000/2426521 (21.3886%)
entry 524000/2426521 (21.5947%)
entry 525000/2426521 (21.6359%)
entry 526000/2426521 (21.6771%)
entry 527000/2426521 (21.7183%)
entry 532000/2426521 (21.9244%)
entry 534000/2426521 (22.0068%)
entry 536000/2426521 (22.0892%)
entry 539000/2426521 (22.2129%)
entry 540000/2426521 (22.2541%)
entry 544000/2426521 (22.4189%)
entry 545000/2426521 (22.4601%)
entry 546000/2426521 (22.5014%)
entry 551000/2426521 (22.7074%)
entry 560000/2426521 (23.0783%)
entry 565000/2426521 (23.2844%)
entry 570000/2426521 (23.4904%)
entry 572000/2426521 (23.5728%)
entry 573000/2426521 (23.6141%)
entry 575000/2426521 (23.6965%)
entry 576000/2426521 (23.7377%)
entry 579000/2426521 (23.8613%)
entry 581000/2426521 (23.9437%)
entry 583000/2426521 (24.0262%)
entry 585000/2426521 (24.1086%)
entry 592000/2426521 (24.3971%)
entry 599000/2426521 (24.6855%)
entry 604000/2426521 (24.8916%)
entry 605000/2426521 (24.9328%)
entry 606000/2426521 (24.974%)
entry 607000/2426521 (25.0152%)
entry 608000/2426521 (25.0564%)
entry 611000/2426521 (25.1801%)
entry 612000/2426521 (25.2213%)
entry 613000/2426521 (25.2625%)
entry 620000/2426521 (25.551%)
entry 621000/2426521 (25.5922%)
entry 625000/2426521 (25.757%)
entry 626000/2426521 (25.7983%)
entry 628000/2426521 (25.8807%)
entry 630000/2426521 (25.9631%)
entry 632000/2426521 (26.0455%)
entry 633000/2426521 (26.0867%)
entry 635000/2426521 (26.1692%)
entry 637000/2426521 (26.2516%)
entry 639000/2426521 (26.334%)
entry 640000/2426521 (26.3752%)
entry 642000/2426521 (26.4576%)
entry 643000/2426521 (26.4988%)
entry 651000/2426521 (26.8285%)
entry 654000/2426521 (26.9522%)
entry 660000/2426521 (27.1994%)
entry 662000/2426521 (27.2819%)
entry 663000/2426521 (27.3231%)
entry 664000/2426521 (27.3643%)
entry 665000/2426521 (27.4055%)
entry 666000/2426521 (27.4467%)
entry 673000/2426521 (27.7352%)
entry 674000/2426521 (27.7764%)
entry 675000/2426521 (27.8176%)
entry 676000/2426521 (27.8588%)
entry 677000/2426521 (27.9%)
entry 678000/2426521 (27.9412%)
entry 681000/2426521 (28.0649%)
entry 683000/2426521 (28.1473%)
entry 684000/2426521 (28.1885%)
entry 688000/2426521 (28.3534%)
entry 689000/2426521 (28.3946%)
entry 691000/2426521 (28.477%)
entry 700000/2426521 (28.8479%)
entry 703000/2426521 (28.9715%)
entry 707000/2426521 (29.1364%)
entry 709000/2426521 (29.2188%)
entry 710000/2426521 (29.26%)
entry 712000/2426521 (29.3424%)
entry 721000/2426521 (29.7133%)
entry 724000/2426521 (29.837%)
entry 725000/2426521 (29.8782%)
entry 727000/2426521 (29.9606%)
entry 728000/2426521 (30.0018%)
entry 734000/2426521 (30.2491%)
entry 735000/2426521 (30.2903%)
entry 736000/2426521 (30.3315%)
entry 737000/2426521 (30.3727%)
entry 739000/2426521 (30.4551%)
entry 744000/2426521 (30.6612%)
entry 747000/2426521 (30.7848%)
entry 749000/2426521 (30.8672%)
entry 755000/2426521 (31.1145%)
entry 758000/2426521 (31.2381%)
entry 759000/2426521 (31.2793%)
entry 761000/2426521 (31.3618%)
entry 765000/2426521 (31.5266%)
entry 767000/2426521 (31.609%)
entry 769000/2426521 (31.6915%)
entry 773000/2426521 (31.8563%)
entry 781000/2426521 (32.186%)
entry 785000/2426521 (32.3508%)
entry 790000/2426521 (32.5569%)
entry 791000/2426521 (32.5981%)
entry 796000/2426521 (32.8042%)
entry 798000/2426521 (32.8866%)
entry 799000/2426521 (32.9278%)
entry 807000/2426521 (33.2575%)
entry 808000/2426521 (33.2987%)
entry 810000/2426521 (33.3811%)
entry 814000/2426521 (33.546%)
entry 821000/2426521 (33.8344%)
entry 822000/2426521 (33.8757%)
entry 826000/2426521 (34.0405%)
entry 830000/2426521 (34.2054%)
entry 832000/2426521 (34.2878%)
entry 836000/2426521 (34.4526%)
entry 839000/2426521 (34.5763%)
entry 844000/2426521 (34.7823%)
entry 845000/2426521 (34.8235%)
entry 851000/2426521 (35.0708%)
entry 857000/2426521 (35.3181%)
entry 861000/2426521 (35.4829%)
entry 864000/2426521 (35.6065%)
entry 872000/2426521 (35.9362%)
entry 875000/2426521 (36.0599%)
entry 878000/2426521 (36.1835%)
entry 879000/2426521 (36.2247%)
entry 889000/2426521 (36.6368%)
entry 892000/2426521 (36.7604%)
entry 898000/2426521 (37.0077%)
entry 899000/2426521 (37.0489%)
entry 902000/2426521 (37.1726%)
entry 904000/2426521 (37.255%)
entry 906000/2426521 (37.3374%)
entry 915000/2426521 (37.7083%)
entry 919000/2426521 (37.8732%)
entry 923000/2426521 (38.038%)
entry 927000/2426521 (38.2028%)
entry 929000/2426521 (38.2853%)
entry 933000/2426521 (38.4501%)
entry 935000/2426521 (38.5325%)
entry 936000/2426521 (38.5737%)
entry 937000/2426521 (38.615%)
entry 938000/2426521 (38.6562%)
entry 940000/2426521 (38.7386%)
entry 943000/2426521 (38.8622%)
entry 945000/2426521 (38.9446%)
entry 947000/2426521 (39.0271%)
entry 948000/2426521 (39.0683%)
entry 949000/2426521 (39.1095%)
entry 951000/2426521 (39.1919%)
entry 953000/2426521 (39.2743%)
entry 958000/2426521 (39.4804%)
entry 966000/2426521 (39.8101%)
entry 967000/2426521 (39.8513%)
entry 969000/2426521 (39.9337%)
entry 970000/2426521 (39.9749%)
entry 973000/2426521 (40.0986%)
entry 974000/2426521 (40.1398%)
entry 975000/2426521 (40.181%)
entry 978000/2426521 (40.3046%)
entry 979000/2426521 (40.3458%)
entry 982000/2426521 (40.4695%)
entry 985000/2426521 (40.5931%)
entry 988000/2426521 (40.7167%)
entry 994000/2426521 (40.964%)
entry 998000/2426521 (41.1288%)
entry 999000/2426521 (41.1701%)
entry 1000000/2426521 (41.2113%)
entry 1002000/2426521 (41.2937%)
entry 1006000/2426521 (41.4585%)
entry 1007000/2426521 (41.4997%)
entry 1013000/2426521 (41.747%)
entry 1015000/2426521 (41.8294%)
entry 1018000/2426521 (41.9531%)
entry 1022000/2426521 (42.1179%)
entry 1025000/2426521 (42.2415%)
entry 1026000/2426521 (42.2828%)
entry 1029000/2426521 (42.4064%)
entry 1030000/2426521 (42.4476%)
entry 1033000/2426521 (42.5712%)
entry 1036000/2426521 (42.6949%)
entry 1038000/2426521 (42.7773%)
entry 1039000/2426521 (42.8185%)
entry 1040000/2426521 (42.8597%)
entry 1044000/2426521 (43.0246%)
entry 1045000/2426521 (43.0658%)
entry 1046000/2426521 (43.107%)
entry 1053000/2426521 (43.3955%)
entry 1055000/2426521 (43.4779%)
entry 1058000/2426521 (43.6015%)
entry 1059000/2426521 (43.6427%)
entry 1060000/2426521 (43.6839%)
entry 1061000/2426521 (43.7252%)
entry 1062000/2426521 (43.7664%)
entry 1066000/2426521 (43.9312%)
entry 1067000/2426521 (43.9724%)
entry 1068000/2426521 (44.0136%)
entry 1069000/2426521 (44.0548%)
entry 1075000/2426521 (44.3021%)
entry 1077000/2426521 (44.3845%)
entry 1078000/2426521 (44.4257%)
entry 1083000/2426521 (44.6318%)
entry 1084000/2426521 (44.673%)
entry 1089000/2426521 (44.8791%)
entry 1090000/2426521 (44.9203%)
entry 1092000/2426521 (45.0027%)
entry 1096000/2426521 (45.1675%)
entry 1097000/2426521 (45.2088%)
entry 1099000/2426521 (45.2912%)
entry 1103000/2426521 (45.456%)
entry 1104000/2426521 (45.4972%)
entry 1106000/2426521 (45.5797%)
entry 1107000/2426521 (45.6209%)
entry 1108000/2426521 (45.6621%)
entry 1111000/2426521 (45.7857%)
entry 1114000/2426521 (45.9093%)
entry 1117000/2426521 (46.033%)
entry 1119000/2426521 (46.1154%)
entry 1121000/2426521 (46.1978%)
entry 1122000/2426521 (46.239%)
entry 1123000/2426521 (46.2802%)
entry 1124000/2426521 (46.3215%)
entry 1127000/2426521 (46.4451%)
entry 1131000/2426521 (46.6099%)
entry 1133000/2426521 (46.6924%)
entry 1136000/2426521 (46.816%)
entry 1137000/2426521 (46.8572%)
entry 1141000/2426521 (47.0221%)
entry 1143000/2426521 (47.1045%)
entry 1145000/2426521 (47.1869%)
entry 1148000/2426521 (47.3105%)
entry 1149000/2426521 (47.3517%)
entry 1150000/2426521 (47.393%)
entry 1152000/2426521 (47.4754%)
entry 1154000/2426521 (47.5578%)
entry 1155000/2426521 (47.599%)
entry 1156000/2426521 (47.6402%)
entry 1157000/2426521 (47.6814%)
entry 1158000/2426521 (47.7226%)
entry 1159000/2426521 (47.7639%)
entry 1160000/2426521 (47.8051%)
entry 1162000/2426521 (47.8875%)
entry 1163000/2426521 (47.9287%)
entry 1164000/2426521 (47.9699%)
entry 1165000/2426521 (48.0111%)
entry 1167000/2426521 (48.0935%)
entry 1168000/2426521 (48.1348%)
entry 1172000/2426521 (48.2996%)
entry 1175000/2426521 (48.4232%)
entry 1180000/2426521 (48.6293%)
entry 1183000/2426521 (48.7529%)
entry 1184000/2426521 (48.7941%)
entry 1187000/2426521 (48.9178%)
entry 1189000/2426521 (49.0002%)
entry 1190000/2426521 (49.0414%)
entry 1192000/2426521 (49.1238%)
entry 1195000/2426521 (49.2475%)
entry 1196000/2426521 (49.2887%)
entry 1198000/2426521 (49.3711%)
entry 1200000/2426521 (49.4535%)
entry 1201000/2426521 (49.4947%)
entry 1202000/2426521 (49.5359%)
entry 1204000/2426521 (49.6184%)
entry 1207000/2426521 (49.742%)
entry 1208000/2426521 (49.7832%)
entry 1214000/2426521 (50.0305%)
entry 1215000/2426521 (50.0717%)
entry 1216000/2426521 (50.1129%)
entry 1218000/2426521 (50.1953%)
entry 1219000/2426521 (50.2365%)
entry 1222000/2426521 (50.3602%)
entry 1224000/2426521 (50.4426%)
entry 1226000/2426521 (50.525%)
entry 1228000/2426521 (50.6074%)
entry 1230000/2426521 (50.6899%)
entry 1233000/2426521 (50.8135%)
entry 1234000/2426521 (50.8547%)
entry 1236000/2426521 (50.9371%)
entry 1240000/2426521 (51.102%)
entry 1245000/2426521 (51.308%)
entry 1247000/2426521 (51.3904%)
entry 1248000/2426521 (51.4317%)
entry 1251000/2426521 (51.5553%)
entry 1252000/2426521 (51.5965%)
entry 1254000/2426521 (51.6789%)
entry 1256000/2426521 (51.7613%)
entry 1258000/2426521 (51.8438%)
entry 1259000/2426521 (51.885%)
entry 1261000/2426521 (51.9674%)
entry 1262000/2426521 (52.0086%)
entry 1264000/2426521 (52.091%)
entry 1275000/2426521 (52.5444%)
entry 1281000/2426521 (52.7916%)
entry 1284000/2426521 (52.9153%)
entry 1289000/2426521 (53.1213%)
entry 1291000/2426521 (53.2037%)
entry 1292000/2426521 (53.245%)
entry 1295000/2426521 (53.3686%)
entry 1299000/2426521 (53.5334%)
entry 1300000/2426521 (53.5746%)
entry 1301000/2426521 (53.6159%)
entry 1303000/2426521 (53.6983%)
entry 1304000/2426521 (53.7395%)
entry 1306000/2426521 (53.8219%)
entry 1309000/2426521 (53.9455%)
entry 1311000/2426521 (54.028%)
entry 1316000/2426521 (54.234%)
entry 1319000/2426521 (54.3577%)
entry 1320000/2426521 (54.3989%)
entry 1321000/2426521 (54.4401%)
entry 1322000/2426521 (54.4813%)
entry 1323000/2426521 (54.5225%)
entry 1326000/2426521 (54.6461%)
entry 1336000/2426521 (55.0583%)
entry 1338000/2426521 (55.1407%)
entry 1340000/2426521 (55.2231%)
entry 1342000/2426521 (55.3055%)
entry 1343000/2426521 (55.3467%)
entry 1344000/2426521 (55.3879%)
entry 1346000/2426521 (55.4704%)
entry 1348000/2426521 (55.5528%)
entry 1353000/2426521 (55.7588%)
entry 1358000/2426521 (55.9649%)
entry 1361000/2426521 (56.0885%)
entry 1364000/2426521 (56.2122%)
entry 1365000/2426521 (56.2534%)
entry 1368000/2426521 (56.377%)
entry 1372000/2426521 (56.5419%)
entry 1376000/2426521 (56.7067%)
entry 1379000/2426521 (56.8303%)
entry 1380000/2426521 (56.8715%)
entry 1381000/2426521 (56.9128%)
entry 1384000/2426521 (57.0364%)
entry 1389000/2426521 (57.2424%)
entry 1391000/2426521 (57.3249%)
entry 1395000/2426521 (57.4897%)
entry 1398000/2426521 (57.6133%)
entry 1400000/2426521 (57.6958%)
entry 1401000/2426521 (57.737%)
entry 1402000/2426521 (57.7782%)
entry 1404000/2426521 (57.8606%)
entry 1405000/2426521 (57.9018%)
entry 1407000/2426521 (57.9843%)
entry 1409000/2426521 (58.0667%)
entry 1419000/2426521 (58.4788%)
entry 1420000/2426521 (58.52%)
entry 1425000/2426521 (58.7261%)
entry 1429000/2426521 (58.8909%)
entry 1431000/2426521 (58.9733%)
entry 1433000/2426521 (59.0557%)
entry 1435000/2426521 (59.1382%)
entry 1438000/2426521 (59.2618%)
entry 1440000/2426521 (59.3442%)
entry 1444000/2426521 (59.5091%)
entry 1446000/2426521 (59.5915%)
entry 1448000/2426521 (59.6739%)
entry 1454000/2426521 (59.9212%)
entry 1456000/2426521 (60.0036%)
entry 1459000/2426521 (60.1272%)
entry 1462000/2426521 (60.2509%)
entry 1463000/2426521 (60.2921%)
entry 1465000/2426521 (60.3745%)
entry 1469000/2426521 (60.5393%)
entry 1475000/2426521 (60.7866%)
entry 1477000/2426521 (60.869%)
entry 1478000/2426521 (60.9102%)
entry 1480000/2426521 (60.9927%)
entry 1481000/2426521 (61.0339%)
entry 1484000/2426521 (61.1575%)
entry 1485000/2426521 (61.1987%)
entry 1490000/2426521 (61.4048%)
entry 1497000/2426521 (61.6933%)
entry 1498000/2426521 (61.7345%)
entry 1501000/2426521 (61.8581%)
entry 1503000/2426521 (61.9405%)
entry 1504000/2426521 (61.9817%)
entry 1509000/2426521 (62.1878%)
entry 1511000/2426521 (62.2702%)
entry 1513000/2426521 (62.3526%)
entry 1515000/2426521 (62.4351%)
entry 1521000/2426521 (62.6823%)
entry 1523000/2426521 (62.7648%)
entry 1525000/2426521 (62.8472%)
entry 1527000/2426521 (62.9296%)
entry 1529000/2426521 (63.012%)
entry 1530000/2426521 (63.0532%)
entry 1531000/2426521 (63.0944%)
entry 1532000/2426521 (63.1357%)
entry 1536000/2426521 (63.3005%)
entry 1540000/2426521 (63.4654%)
entry 1541000/2426521 (63.5066%)
entry 1542000/2426521 (63.5478%)
entry 1545000/2426521 (63.6714%)
entry 1546000/2426521 (63.7126%)
entry 1548000/2426521 (63.795%)
entry 1550000/2426521 (63.8775%)
entry 1558000/2426521 (64.2071%)
entry 1559000/2426521 (64.2484%)
entry 1560000/2426521 (64.2896%)
entry 1561000/2426521 (64.3308%)
entry 1563000/2426521 (64.4132%)
entry 1565000/2426521 (64.4956%)
entry 1569000/2426521 (64.6605%)
entry 1571000/2426521 (64.7429%)
entry 1573000/2426521 (64.8253%)
entry 1576000/2426521 (64.949%)
entry 1577000/2426521 (64.9902%)
entry 1579000/2426521 (65.0726%)
entry 1584000/2426521 (65.2786%)
entry 1588000/2426521 (65.4435%)
entry 1591000/2426521 (65.5671%)
entry 1595000/2426521 (65.732%)
entry 1598000/2426521 (65.8556%)
entry 1601000/2426521 (65.9792%)
entry 1608000/2426521 (66.2677%)
entry 1615000/2426521 (66.5562%)
entry 1616000/2426521 (66.5974%)
entry 1619000/2426521 (66.721%)
entry 1623000/2426521 (66.8859%)
entry 1624000/2426521 (66.9271%)
entry 1625000/2426521 (66.9683%)
entry 1630000/2426521 (67.1744%)
entry 1631000/2426521 (67.2156%)
entry 1636000/2426521 (67.4216%)
entry 1642000/2426521 (67.6689%)
entry 1643000/2426521 (67.7101%)
entry 1644000/2426521 (67.7513%)
entry 1645000/2426521 (67.7925%)
entry 1648000/2426521 (67.9162%)
entry 1652000/2426521 (68.081%)
entry 1653000/2426521 (68.1222%)
entry 1656000/2426521 (68.2459%)
entry 1657000/2426521 (68.2871%)
entry 1661000/2426521 (68.4519%)
entry 1663000/2426521 (68.5343%)
entry 1667000/2426521 (68.6992%)
entry 1668000/2426521 (68.7404%)
entry 1671000/2426521 (68.864%)
entry 1675000/2426521 (69.0289%)
entry 1677000/2426521 (69.1113%)
entry 1682000/2426521 (69.3173%)
entry 1687000/2426521 (69.5234%)
entry 1689000/2426521 (69.6058%)
entry 1693000/2426521 (69.7707%)
entry 1698000/2426521 (69.9767%)
entry 1705000/2426521 (70.2652%)
entry 1708000/2426521 (70.3888%)
entry 1711000/2426521 (70.5125%)
entry 1712000/2426521 (70.5537%)
entry 1713000/2426521 (70.5949%)
entry 1717000/2426521 (70.7597%)
entry 1718000/2426521 (70.801%)
entry 1721000/2426521 (70.9246%)
entry 1723000/2426521 (71.007%)
entry 1724000/2426521 (71.0482%)
entry 1725000/2426521 (71.0894%)
entry 1728000/2426521 (71.2131%)
entry 1729000/2426521 (71.2543%)
entry 1735000/2426521 (71.5015%)
entry 1738000/2426521 (71.6252%)
entry 1739000/2426521 (71.6664%)
entry 1740000/2426521 (71.7076%)
entry 1744000/2426521 (71.8724%)
entry 1749000/2426521 (72.0785%)
entry 1753000/2426521 (72.2433%)
entry 1754000/2426521 (72.2846%)
entry 1758000/2426521 (72.4494%)
entry 1761000/2426521 (72.573%)
entry 1764000/2426521 (72.6967%)
entry 1765000/2426521 (72.7379%)
entry 1768000/2426521 (72.8615%)
entry 1770000/2426521 (72.9439%)
entry 1773000/2426521 (73.0676%)
entry 1775000/2426521 (73.15%)
entry 1776000/2426521 (73.1912%)
entry 1782000/2426521 (73.4385%)
entry 1783000/2426521 (73.4797%)
entry 1784000/2426521 (73.5209%)
entry 1786000/2426521 (73.6033%)
entry 1788000/2426521 (73.6857%)
entry 1795000/2426521 (73.9742%)
entry 1797000/2426521 (74.0566%)
entry 1799000/2426521 (74.1391%)
entry 1802000/2426521 (74.2627%)
entry 1803000/2426521 (74.3039%)
entry 1804000/2426521 (74.3451%)
entry 1806000/2426521 (74.4275%)
entry 1815000/2426521 (74.7984%)
entry 1819000/2426521 (74.9633%)
entry 1820000/2426521 (75.0045%)
entry 1821000/2426521 (75.0457%)
entry 1823000/2426521 (75.1281%)
entry 1824000/2426521 (75.1693%)
entry 1825000/2426521 (75.2106%)
entry 1827000/2426521 (75.293%)
entry 1831000/2426521 (75.4578%)
entry 1832000/2426521 (75.499%)
entry 1833000/2426521 (75.5403%)
entry 1834000/2426521 (75.5815%)
entry 1838000/2426521 (75.7463%)
entry 1843000/2426521 (75.9524%)
entry 1851000/2426521 (76.2821%)
entry 1853000/2426521 (76.3645%)
entry 1854000/2426521 (76.4057%)
entry 1860000/2426521 (76.653%)
entry 1862000/2426521 (76.7354%)
entry 1863000/2426521 (76.7766%)
entry 1865000/2426521 (76.859%)
entry 1866000/2426521 (76.9002%)
entry 1867000/2426521 (76.9414%)
entry 1869000/2426521 (77.0239%)
entry 1871000/2426521 (77.1063%)
entry 1874000/2426521 (77.2299%)
entry 1875000/2426521 (77.2711%)
entry 1883000/2426521 (77.6008%)
entry 1890000/2426521 (77.8893%)
entry 1894000/2426521 (78.0541%)
entry 1897000/2426521 (78.1778%)
entry 1902000/2426521 (78.3838%)
entry 1904000/2426521 (78.4662%)
entry 1907000/2426521 (78.5899%)
entry 1910000/2426521 (78.7135%)
entry 1914000/2426521 (78.8784%)
entry 1921000/2426521 (79.1668%)
entry 1922000/2426521 (79.2081%)
entry 1924000/2426521 (79.2905%)
entry 1926000/2426521 (79.3729%)
entry 1928000/2426521 (79.4553%)
entry 1930000/2426521 (79.5377%)
entry 1931000/2426521 (79.579%)
entry 1932000/2426521 (79.6202%)
entry 1937000/2426521 (79.8262%)
entry 1941000/2426521 (79.9911%)
entry 1944000/2426521 (80.1147%)
entry 1945000/2426521 (80.1559%)
entry 1949000/2426521 (80.3208%)
entry 1954000/2426521 (80.5268%)
entry 1958000/2426521 (80.6917%)
entry 1960000/2426521 (80.7741%)
entry 1965000/2426521 (80.9801%)
entry 1966000/2426521 (81.0213%)
entry 1967000/2426521 (81.0626%)
entry 1972000/2426521 (81.2686%)
entry 1978000/2426521 (81.5159%)
entry 1979000/2426521 (81.5571%)
entry 1986000/2426521 (81.8456%)
entry 1988000/2426521 (81.928%)
entry 1989000/2426521 (81.9692%)
entry 1990000/2426521 (82.0104%)
entry 1991000/2426521 (82.0516%)
entry 1992000/2426521 (82.0928%)
entry 1997000/2426521 (82.2989%)
entry 1999000/2426521 (82.3813%)
entry 2004000/2426521 (82.5874%)
entry 2007000/2426521 (82.711%)
entry 2008000/2426521 (82.7522%)
entry 2009000/2426521 (82.7934%)
entry 2010000/2426521 (82.8346%)
entry 2011000/2426521 (82.8759%)
entry 2022000/2426521 (83.3292%)
entry 2025000/2426521 (83.4528%)
entry 2026000/2426521 (83.494%)
entry 2028000/2426521 (83.5764%)
entry 2029000/2426521 (83.6177%)
entry 2031000/2426521 (83.7001%)
entry 2034000/2426521 (83.8237%)
entry 2037000/2426521 (83.9473%)
entry 2042000/2426521 (84.1534%)
entry 2044000/2426521 (84.2358%)
entry 2046000/2426521 (84.3183%)
entry 2047000/2426521 (84.3595%)
entry 2048000/2426521 (84.4007%)
entry 2049000/2426521 (84.4419%)
entry 2055000/2426521 (84.6892%)
entry 2061000/2426521 (84.9364%)
entry 2065000/2426521 (85.1013%)
entry 2068000/2426521 (85.2249%)
entry 2069000/2426521 (85.2661%)
entry 2072000/2426521 (85.3897%)
entry 2073000/2426521 (85.4309%)
entry 2075000/2426521 (85.5134%)
entry 2077000/2426521 (85.5958%)
entry 2078000/2426521 (85.637%)
entry 2086000/2426521 (85.9667%)
entry 2087000/2426521 (86.0079%)
entry 2088000/2426521 (86.0491%)
entry 2089000/2426521 (86.0903%)
entry 2093000/2426521 (86.2552%)
entry 2094000/2426521 (86.2964%)
entry 2098000/2426521 (86.4612%)
entry 2099000/2426521 (86.5024%)
entry 2100000/2426521 (86.5437%)
entry 2102000/2426521 (86.6261%)
entry 2104000/2426521 (86.7085%)
entry 2106000/2426521 (86.7909%)
entry 2107000/2426521 (86.8321%)
entry 2108000/2426521 (86.8733%)
entry 2109000/2426521 (86.9146%)
entry 2117000/2426521 (87.2442%)
entry 2120000/2426521 (87.3679%)
entry 2124000/2426521 (87.5327%)
entry 2125000/2426521 (87.5739%)
entry 2128000/2426521 (87.6976%)
entry 2129000/2426521 (87.7388%)
entry 2130000/2426521 (87.78%)
entry 2133000/2426521 (87.9036%)
entry 2136000/2426521 (88.0273%)
entry 2138000/2426521 (88.1097%)
entry 2139000/2426521 (88.1509%)
entry 2141000/2426521 (88.2333%)
entry 2142000/2426521 (88.2745%)
entry 2144000/2426521 (88.357%)
entry 2147000/2426521 (88.4806%)
entry 2153000/2426521 (88.7279%)
entry 2156000/2426521 (88.8515%)
entry 2157000/2426521 (88.8927%)
entry 2161000/2426521 (89.0575%)
entry 2162000/2426521 (89.0988%)
entry 2164000/2426521 (89.1812%)
entry 2167000/2426521 (89.3048%)
entry 2170000/2426521 (89.4284%)
entry 2171000/2426521 (89.4697%)
entry 2172000/2426521 (89.5109%)
entry 2173000/2426521 (89.5521%)
entry 2174000/2426521 (89.5933%)
entry 2176000/2426521 (89.6757%)
entry 2178000/2426521 (89.7581%)
entry 2179000/2426521 (89.7993%)
entry 2181000/2426521 (89.8818%)
entry 2185000/2426521 (90.0466%)
entry 2189000/2426521 (90.2115%)
entry 2192000/2426521 (90.3351%)
entry 2193000/2426521 (90.3763%)
entry 2194000/2426521 (90.4175%)
entry 2195000/2426521 (90.4587%)
entry 2196000/2426521 (90.4999%)
entry 2197000/2426521 (90.5411%)
entry 2203000/2426521 (90.7884%)
entry 2208000/2426521 (90.9945%)
entry 2212000/2426521 (91.1593%)
entry 2214000/2426521 (91.2417%)
entry 2215000/2426521 (91.283%)
entry 2216000/2426521 (91.3242%)
entry 2218000/2426521 (91.4066%)
entry 2222000/2426521 (91.5714%)
entry 2223000/2426521 (91.6126%)
entry 2228000/2426521 (91.8187%)
entry 2234000/2426521 (92.066%)
entry 2237000/2426521 (92.1896%)
entry 2238000/2426521 (92.2308%)
entry 2241000/2426521 (92.3544%)
entry 2242000/2426521 (92.3957%)
entry 2243000/2426521 (92.4369%)
entry 2249000/2426521 (92.6841%)
entry 2254000/2426521 (92.8902%)
entry 2256000/2426521 (92.9726%)
entry 2259000/2426521 (93.0963%)
entry 2260000/2426521 (93.1375%)
entry 2261000/2426521 (93.1787%)
entry 2262000/2426521 (93.2199%)
entry 2264000/2426521 (93.3023%)
entry 2266000/2426521 (93.3847%)
entry 2269000/2426521 (93.5084%)
entry 2278000/2426521 (93.8793%)
entry 2285000/2426521 (94.1677%)
entry 2290000/2426521 (94.3738%)
entry 2299000/2426521 (94.7447%)
entry 2300000/2426521 (94.7859%)
entry 2301000/2426521 (94.8271%)
entry 2304000/2426521 (94.9508%)
entry 2306000/2426521 (95.0332%)
entry 2307000/2426521 (95.0744%)
entry 2312000/2426521 (95.2804%)
entry 2313000/2426521 (95.3217%)
entry 2314000/2426521 (95.3629%)
entry 2316000/2426521 (95.4453%)
entry 2317000/2426521 (95.4865%)
entry 2318000/2426521 (95.5277%)
entry 2319000/2426521 (95.5689%)
entry 2324000/2426521 (95.775%)
entry 2325000/2426521 (95.8162%)
entry 2327000/2426521 (95.8986%)
entry 2328000/2426521 (95.9398%)
entry 2329000/2426521 (95.981%)
entry 2332000/2426521 (96.1047%)
entry 2333000/2426521 (96.1459%)
entry 2334000/2426521 (96.1871%)
entry 2337000/2426521 (96.3107%)
entry 2339000/2426521 (96.3932%)
entry 2341000/2426521 (96.4756%)
entry 2348000/2426521 (96.7641%)
entry 2356000/2426521 (97.0937%)
entry 2357000/2426521 (97.135%)
entry 2359000/2426521 (97.2174%)
entry 2360000/2426521 (97.2586%)
entry 2363000/2426521 (97.3822%)
entry 2366000/2426521 (97.5059%)
entry 2367000/2426521 (97.5471%)
entry 2368000/2426521 (97.5883%)
entry 2369000/2426521 (97.6295%)
entry 2370000/2426521 (97.6707%)
entry 2376000/2426521 (97.918%)
entry 2378000/2426521 (98.0004%)
entry 2379000/2426521 (98.0416%)
entry 2380000/2426521 (98.0828%)
entry 2381000/2426521 (98.124%)
entry 2389000/2426521 (98.4537%)
entry 2393000/2426521 (98.6186%)
entry 2395000/2426521 (98.701%)
entry 2399000/2426521 (98.8658%)
entry 2406000/2426521 (99.1543%)
entry 2407000/2426521 (99.1955%)
entry 2408000/2426521 (99.2367%)
entry 2411000/2426521 (99.3604%)
entry 2412000/2426521 (99.4016%)
entry 2415000/2426521 (99.5252%)
entry 2419000/2426521 (99.69%)
entry 2420000/2426521 (99.7313%)
entry 2422000/2426521 (99.8137%)
entry 2425000/2426521 (99.9373%)
entry 2426000/2426521 (99.9785%)
all done
script done
