sphnx1034.sdcc.bnl.gov
rsyncing from /gpfs/mnt/gpfs02/sphenix/user/samfred/run25/ppg11/histmaking
running: /gpfs/mnt/gpfs02/sphenix/user/samfred/run25/ppg11/histmaking/script_data.sh 48900
LD_LIBRARY_PATH now /sphenix/user/samfred/run25/install//lib:/cvmfs/sphenix.sdcc.bnl.gov/alma9.2-gcc-14.2.0/opt/sphenix/core/gcc/14.2.0-2f0a0/x86_64-el9/lib:/cvmfs/sphenix.sdcc.bnl.gov/alma9.2-gcc-14.2.0/opt/sphenix/core/gcc/14.2.0-2f0a0/x86_64-el9/lib64:/cvmfs/sphenix.sdcc.bnl.gov/alma9.2-gcc-14.2.0/opt/sphenix/core/binutils/2.40-acaab/x86_64-el9/lib:.:/cvmfs/sphenix.sdcc.bnl.gov/alma9.2-gcc-14.2.0/release/release_new/new.10/lib64:/cvmfs/sphenix.sdcc.bnl.gov/alma9.2-gcc-14.2.0/release/release_new/new.10/lib:/cvmfs/sphenix.sdcc.bnl.gov/alma9.2-gcc-14.2.0/opt/sphenix/utils/lib:/cvmfs/sphenix.sdcc.bnl.gov/alma9.2-gcc-14.2.0/opt/sphenix/core/lib:/cvmfs/sphenix.sdcc.bnl.gov/alma9.2-gcc-14.2.0/opt/sphenix/core/root-6.32.06/lib:/cvmfs/sphenix.sdcc.bnl.gov/alma9.2-gcc-14.2.0/opt/sphenix/core/geant4.10.07.p04/lib64:/cvmfs/sphenix.sdcc.bnl.gov/alma9.2-gcc-14.2.0/opt/sphenix/core/lhapdf-5.9.1/lib:/usr/local/lib64:/usr/lib64
PATH now /sphenix/user/samfred/run25/install//bin:/cvmfs/sphenix.sdcc.bnl.gov/alma9.2-gcc-14.2.0/opt/sphenix/core/gcc/14.2.0-2f0a0/x86_64-el9/bin:/cvmfs/sphenix.sdcc.bnl.gov/alma9.2-gcc-14.2.0/opt/sphenix/core/binutils/2.40-acaab/x86_64-el9/bin:.:/cvmfs/sphenix.sdcc.bnl.gov/alma9.2-gcc-14.2.0/release/release_new/new.10/bin:/cvmfs/sphenix.sdcc.bnl.gov/alma9.2-gcc-14.2.0/opt/sphenix/utils/bin:/cvmfs/sphenix.sdcc.bnl.gov/alma9.2-gcc-14.2.0/opt/sphenix/core/bin:/cvmfs/sphenix.sdcc.bnl.gov/alma9.2-gcc-14.2.0/opt/sphenix/core/root-6.32.06/bin:/cvmfs/sphenix.sdcc.bnl.gov/alma9.2-gcc-14.2.0/opt/sphenix/core/geant4.10.07.p04/bin:/usr/local/bin:/usr/bin:/usr/local/sbin:/usr/sbin
SINGULARITY_CACHEDIR=/home/condor/local/sphnx/execute/dir_1625128
_CONDOR_CHIRP_CONFIG=/home/condor/local/sphnx/execute/dir_1625128/.chirp.config
_CONDOR_JOB_IWD=/sphenix/user/samfred/run25/ppg11/histmaking
G4ENSDFSTATEDATA=/cvmfs/sphenix.sdcc.bnl.gov/alma9.2-gcc-14.2.0/opt/sphenix/core/geant4.10.07.p04/share/Geant4-10.7.4/data/G4ENSDFSTATE2.3
_CONDOR_MACHINE_AD=/home/condor/local/sphnx/execute/dir_1625128/.machine.ad
ROOT_MAX_THREADS=1
NUMEXPR_NUM_THREADS=1
CUBACORES=1
_CHIRP_DELAYED_UPDATE_PREFIX=Chirp*
OMP_THREAD_LIMIT=1
G4PIIDATA=/cvmfs/sphenix.sdcc.bnl.gov/alma9.2-gcc-14.2.0/opt/sphenix/core/geant4.10.07.p04/share/Geant4-10.7.4/data/G4PII1.3
NO_AT_BRIDGE=1
G4_MAIN=/cvmfs/sphenix.sdcc.bnl.gov/alma9.2-gcc-14.2.0/opt/sphenix/core/geant4.10.07.p04
COMPILER_PATH=/cvmfs/sphenix.sdcc.bnl.gov/alma9.2-gcc-14.2.0/opt/sphenix/core/gcc/14.2.0-2f0a0/x86_64-el9
ROOT_INCLUDE_PATH=./:/sphenix/user/samfred/run25/install//include:/sphenix/user/samfred/run25/install//include/caloana:/sphenix/user/samfred/run25/install//include/qa_centrality:/sphenix/user/samfred/run25/install//include/mbdana:/sphenix/user/samfred/run25/install//include/centrality:/sphenix/user/samfred/run25/install//include/Event:/cvmfs/sphenix.sdcc.bnl.gov/alma9.2-gcc-14.2.0/release/release_new/new.10/include:/cvmfs/sphenix.sdcc.bnl.gov/alma9.2-gcc-14.2.0/release/release_new/new.10/include:/cvmfs/sphenix.sdcc.bnl.gov/alma9.2-gcc-14.2.0/release/release_new/new.10/include/g4mbd:/cvmfs/sphenix.sdcc.bnl.gov/alma9.2-gcc-14.2.0/release/release_new/new.10/include/fmt:/cvmfs/sphenix.sdcc.bnl.gov/alma9.2-gcc-14.2.0/release/release_new/new.10/include/ffarawobjects:/cvmfs/sphenix.sdcc.bnl.gov/alma9.2-gcc-14.2.0/release/release_new/new.10/include/JSON:/cvmfs/sphenix.sdcc.bnl.gov/alma9.2-gcc-14.2.0/release/release_new/new.10/include/calotreegen:/cvmfs/sphenix.sdcc.bnl.gov/alma9.2-gcc-14.2.0/release/release_new/new.10/include/torch:/cvmfs/sphenix.sdcc.bnl.gov/alma9.2-gcc-14.2.0/release/release_new/new.10/include/g4detectors:/cvmfs/sphenix.sdcc.bnl.gov/alma9.2-gcc-14.2.0/release/release_new/new.10/include/kineto:/cvmfs/sphenix.sdcc.bnl.gov/alma9.2-gcc-14.2.0/release/release_new/new.10/include/g4decayer:/cvmfs/sphenix.sdcc.bnl.gov/alma9.2-gcc-14.2.0/release/release_new/new.10/include/kfparticleqa:/cvmfs/sphenix.sdcc.bnl.gov/alma9.2-gcc-14.2.0/release/release_new/new.10/include/phfield:/cvmfs/sphenix.sdcc.bnl.gov/alma9.2-gcc-14.2.0/release/release_new/new.10/include/LHAPDF:/cvmfs/sphenix.sdcc.bnl.gov/alma9.2-gcc-14.2.0/release/release_new/new.10/include/readdigitalcurrents:/cvmfs/sphenix.sdcc.bnl.gov/alma9.2-gcc-14.2.0/release/release_new/new.10/include/c10:/cvmfs/sphenix.sdcc.bnl.gov/alma9.2-gcc-14.2.0/release/release_new/new.10/include/calovalid:/cvmfs/sphenix.sdcc.bnl.gov/alma9.2-gcc-14.2.0/release/release_new/new.10/include/oneapi:/cvmfs/sphenix.sdcc.bnl.gov/alma9.2-gcc-14.2.0/release/release_new/new.10/include/DDCond:/cvmfs/sphenix.sdcc.bnl.gov/alma9.2-gcc-14.2.0/release/release_new/new.10/include/g4tracking:/cvmfs/sphenix.sdcc.bnl.gov/alma9.2-gcc-14.2.0/release/release_new/new.10/include/litecaloeval:/cvmfs/sphenix.sdcc.bnl.gov/alma9.2-gcc-14.2.0/release/release_new/new.10/include/g4intt:/cvmfs/sphenix.sdcc.bnl.gov/alma9.2-gcc-14.2.0/release/release_new/new.10/include/phool:/cvmfs/sphenix.sdcc.bnl.gov/alma9.2-gcc-14.2.0/release/release_new/new.10/include/boost:/cvmfs/sphenix.sdcc.bnl.gov/alma9.2-gcc-14.2.0/release/release_new/new.10/include/Pythia8Plugins:/cvmfs/sphenix.sdcc.bnl.gov/alma9.2-gcc-14.2.0/release/release_new/new.10/include/calib_emc_pi0:/cvmfs/sphenix.sdcc.bnl.gov/alma9.2-gcc-14.2.0/release/release_new/new.10/include/hijingflipafterburner:/cvmfs/sphenix.sdcc.bnl.gov/alma9.2-gcc-14.2.0/release/release_new/new.10/include/ffaobjects:/cvmfs/sphenix.sdcc.bnl.gov/alma9.2-gcc-14.2.0/release/release_new/new.10/include/EvtGenBase:/cvmfs/sphenix.sdcc.bnl.gov/alma9.2-gcc-14.2.0/release/release_new/new.10/include/flowafterburner:/cvmfs/sphenix.sdcc.bnl.gov/alma9.2-gcc-14.2.0/release/release_new/new.10/include/google:/cvmfs/sphenix.sdcc.bnl.gov/alma9.2-gcc-14.2.0/release/release_new/new.10/include/g4tpc:/cvmfs/sphenix.sdcc.bnl.gov/alma9.2-gcc-14.2.0/release/release_new/new.10/include/caffe2:/cvmfs/sphenix.sdcc.bnl.gov/alma9.2-gcc-14.2.0/release/release_new/new.10/include/EvtGenExternal:/cvmfs/sphenix.sdcc.bnl.gov/alma9.2-gcc-14.2.0/release/release_new/new.10/include/fp16:/cvmfs/sphenix.sdcc.bnl.gov/alma9.2-gcc-14.2.0/release/release_new/new.10/include/ffamodules:/cvmfs/sphenix.sdcc.bnl.gov/alma9.2-gcc-14.2.0/release/release_new/new.10/include/uspin:/cvmfs/sphenix.sdcc.bnl.gov/alma9.2-gcc-14.2.0/release/release_new/new.10/include/Herwig:/cvmfs/sphenix.sdcc.bnl.gov/alma9.2-gcc-14.2.0/release/release_new/new.10/include/genfitexp:/cvmfs/sphenix.sdcc.bnl.gov/alma9.2-gcc-14.2.0/release/release_new/new.10/include/XML:/cvmfs/sphenix.sdcc.bnl.gov/alma9.2-gcc-14.2.0/release/release_new/new.10/include/fbgemm:/cvmfs/sphenix.sdcc.bnl.gov/alma9.2-gcc-14.2.0/release/release_new/new.10/include/DDAlign:/cvmfs/sphenix.sdcc.bnl.gov/alma9.2-gcc-14.2.0/release/release_new/new.10/include/g4mvtx:/cvmfs/sphenix.sdcc.bnl.gov/alma9.2-gcc-14.2.0/release/release_new/new.10/include/kfparticle_sphenix:/cvmfs/sphenix.sdcc.bnl.gov/alma9.2-gcc-14.2.0/release/release_new/new.10/include/fun4all:/cvmfs/sphenix.sdcc.bnl.gov/alma9.2-gcc-14.2.0/release/release_new/new.10/include/intt:/cvmfs/sphenix.sdcc.bnl.gov/alma9.2-gcc-14.2.0/release/release_new/new.10/include/eventdisplay:/cvmfs/sphenix.sdcc.bnl.gov/alma9.2-gcc-14.2.0/release/release_new/new.10/include/EvtGen:/cvmfs/sphenix.sdcc.bnl.gov/alma9.2-gcc-14.2.0/release/release_new/new.10/include/Evaluator:/cvmfs/sphenix.sdcc.bnl.gov/alma9.2-gcc-14.2.0/release/release_new/new.10/include/tpc:/cvmfs/sphenix.sdcc.bnl.gov/alma9.2-gcc-14.2.0/release/release_new/new.10/include/GenFit:/cvmfs/sphenix.sdcc.bnl.gov/alma9.2-gcc-14.2.0/release/release_new/new.10/include/prototype4:/cvmfs/sphenix.sdcc.bnl.gov/alma9.2-gcc-14.2.0/release/release_new/new.10/include/caloembedding:/cvmfs/sphenix.sdcc.bnl.gov/alma9.2-gcc-14.2.0/release/release_new/new.10/include/EvtGenModels:/cvmfs/sphenix.sdcc.bnl.gov/alma9.2-gcc-14.2.0/release/release_new/new.10/include/fastjet:/cvmfs/sphenix.sdcc.bnl.gov/alma9.2-gcc-14.2.0/release/release_new/new.10/include/DDG4:/cvmfs/sphenix.sdcc.bnl.gov/alma9.2-gcc-14.2.0/release/release_new/new.10/include/mbd:/cvmfs/sphenix.sdcc.bnl.gov/alma9.2-gcc-14.2.0/release/release_new/new.10/include/tbb:/cvmfs/sphenix.sdcc.bnl.gov/alma9.2-gcc-14.2.0/release/release_new/new.10/include/phgeom:/cvmfs/sphenix.sdcc.bnl.gov/alma9.2-gcc-14.2.0/release/release_new/new.10/include/g4epd:/cvmfs/sphenix.sdcc.bnl.gov/alma9.2-gcc-14.2.0/release/release_new/new.10/include/oncal:/cvmfs/sphenix.sdcc.bnl.gov/alma9.2-gcc-14.2.0/release/release_new/new.10/include/pybind11:/cvmfs/sphenix.sdcc.bnl.gov/alma9.2-gcc-14.2.0/release/release_new/new.10/include/tpcdistgenerator:/cvmfs/sphenix.sdcc.bnl.gov/alma9.2-gcc-14.2.0/release/release_new/new.10/include/cdbobjects:/cvmfs/sphenix.sdcc.bnl.gov/alma9.2-gcc-14.2.0/release/release_new/new.10/include/g4micromegas:/cvmfs/sphenix.sdcc.bnl.gov/alma9.2-gcc-14.2.0/release/release_new/new.10/include/g4eval:/cvmfs/sphenix.sdcc.bnl.gov/alma9.2-gcc-14.2.0/release/release_new/new.10/include/jetbackground:/cvmfs/sphenix.sdcc.bnl.gov/alma9.2-gcc-14.2.0/release/release_new/new.10/include/micromegas:/cvmfs/sphenix.sdcc.bnl.gov/alma9.2-gcc-14.2.0/release/release_new/new.10/include/hftrackefficiency:/cvmfs/sphenix.sdcc.bnl.gov/alma9.2-gcc-14.2.0/release/release_new/new.10/include/inttrawhitqa:/cvmfs/sphenix.sdcc.bnl.gov/alma9.2-gcc-14.2.0/release/release_new/new.10/include/centrality:/cvmfs/sphenix.sdcc.bnl.gov/alma9.2-gcc-14.2.0/release/release_new/new.10/include/epd:/cvmfs/sphenix.sdcc.bnl.gov/alma9.2-gcc-14.2.0/release/release_new/new.10/include/caloreco:/cvmfs/sphenix.sdcc.bnl.gov/alma9.2-gcc-14.2.0/release/release_new/new.10/include/HepMC:/cvmfs/sphenix.sdcc.bnl.gov/alma9.2-gcc-14.2.0/release/release_new/new.10/include/CLHEP:/cvmfs/sphenix.sdcc.bnl.gov/alma9.2-gcc-14.2.0/release/release_new/new.10/include/Acts:/cvmfs/sphenix.sdcc.bnl.gov/alma9.2-gcc-14.2.0/release/release_new/new.10/include/g4histos:/cvmfs/sphenix.sdcc.bnl.gov/alma9.2-gcc-14.2.0/release/release_new/new.10/include/eventplaneinfo:/cvmfs/sphenix.sdcc.bnl.gov/alma9.2-gcc-14.2.0/release/release_new/new.10/include/fillspacechargemaps:/cvmfs/sphenix.sdcc.bnl.gov/alma9.2-gcc-14.2.0/release/release_new/new.10/include/phhepmc:/cvmfs/sphenix.sdcc.bnl.gov/alma9.2-gcc-14.2.0/release/release_new/new.10/include/trackingqa:/cvmfs/sphenix.sdcc.bnl.gov/alma9.2-gcc-14.2.0/release/release_new/new.10/include/qautils:/cvmfs/sphenix.sdcc.bnl.gov/alma9.2-gcc-14.2.0/release/release_new/new.10/include/trackreco:/cvmfs/sphenix.sdcc.bnl.gov/alma9.2-gcc-14.2.0/release/release_new/new.10/include/g4ohcal:/cvmfs/sphenix.sdcc.bnl.gov/alma9.2-gcc-14.2.0/release/release_new/new.10/include/tpcdvcalib:/cvmfs/sphenix.sdcc.bnl.gov/alma9.2-gcc-14.2.0/release/release_new/new.10/include/zdcinfo:/cvmfs/sphenix.sdcc.bnl.gov/alma9.2-gcc-14.2.0/release/release_new/new.10/include/phpythia8:/cvmfs/sphenix.sdcc.bnl.gov/alma9.2-gcc-14.2.0/release/release_new/new.10/include/fun4allutils:/cvmfs/sphenix.sdcc.bnl.gov/alma9.2-gcc-14.2.0/release/release_new/new.10/include/tpcqa:/cvmfs/sphenix.sdcc.bnl.gov/alma9.2-gcc-14.2.0/release/release_new/new.10/include/Pythia8:/cvmfs/sphenix.sdcc.bnl.gov/alma9.2-gcc-14.2.0/release/release_new/new.10/include/DDRec:/cvmfs/sphenix.sdcc.bnl.gov/alma9.2-gcc-14.2.0/release/release_new/new.10/include/DDDigi:/cvmfs/sphenix.sdcc.bnl.gov/alma9.2-gcc-14.2.0/release/release_new/new.10/include/g4ihcal:/cvmfs/sphenix.sdcc.bnl.gov/alma9.2-gcc-14.2.0/release/release_new/new.10/include/frog:/cvmfs/sphenix.sdcc.bnl.gov/alma9.2-gcc-14.2.0/release/release_new/new.10/include/eigen3:/cvmfs/sphenix.sdcc.bnl.gov/alma9.2-gcc-14.2.0/release/release_new/new.10/include/tensorpipe:/cvmfs/sphenix.sdcc.bnl.gov/alma9.2-gcc-14.2.0/release/release_new/new.10/include/sphenixnpc:/cvmfs/sphenix.sdcc.bnl.gov/alma9.2-gcc-14.2.0/release/release_new/new.10/include/siscone:/cvmfs/sphenix.sdcc.bnl.gov/alma9.2-gcc-14.2.0/release/release_new/new.10/include/pmonitor:/cvmfs/sphenix.sdcc.bnl.gov/alma9.2-gcc-14.2.0/release/release_new/new.10/include/calobase:/cvmfs/sphenix.sdcc.bnl.gov/alma9.2-gcc-14.2.0/release/release_new/new.10/include/ActsExamples:/cvmfs/sphenix.sdcc.bnl.gov/alma9.2-gcc-14.2.0/release/release_new/new.10/include/g4gdml:/cvmfs/sphenix.sdcc.bnl.gov/alma9.2-gcc-14.2.0/release/release_new/new.10/include/mvtx_decoder:/cvmfs/sphenix.sdcc.bnl.gov/alma9.2-gcc-14.2.0/release/release_new/new.10/include/ROOT:/cvmfs/sphenix.sdcc.bnl.gov/alma9.2-gcc-14.2.0/release/release_new/new.10/include/phparameter:/cvmfs/sphenix.sdcc.bnl.gov/alma9.2-gcc-14.2.0/release/release_new/new.10/include/rsa:/cvmfs/sphenix.sdcc.bnl.gov/alma9.2-gcc-14.2.0/release/release_new/new.10/include/fun4allraw:/cvmfs/sphenix.sdcc.bnl.gov/alma9.2-gcc-14.2.0/release/release_new/new.10/include/trackbase_historic:/cvmfs/sphenix.sdcc.bnl.gov/alma9.2-gcc-14.2.0/release/release_new/new.10/include/g4jets:/cvmfs/sphenix.sdcc.bnl.gov/alma9.2-gcc-14.2.0/release/release_new/new.10/include/jetqa:/cvmfs/sphenix.sdcc.bnl.gov/alma9.2-gcc-14.2.0/release/release_new/new.10/include/phoolraw:/cvmfs/sphenix.sdcc.bnl.gov/alma9.2-gcc-14.2.0/release/release_new/new.10/include/g4calo:/cvmfs/sphenix.sdcc.bnl.gov/alma9.2-gcc-14.2.0/release/release_new/new.10/include/mvtxrawhitqa:/cvmfs/sphenix.sdcc.bnl.gov/alma9.2-gcc-14.2.0/release/release_new/new.10/include/HepMC3:/cvmfs/sphenix.sdcc.bnl.gov/alma9.2-gcc-14.2.0/release/release_new/new.10/include/calowaveformsim:/cvmfs/sphenix.sdcc.bnl.gov/alma9.2-gcc-14.2.0/release/release_new/new.10/include/g4caloprototype:/cvmfs/sphenix.sdcc.bnl.gov/alma9.2-gcc-14.2.0/release/release_new/new.10/include/pdbcalbase:/cvmfs/sphenix.sdcc.bnl.gov/alma9.2-gcc-14.2.0/release/release_new/new.10/include/gsl:/cvmfs/sphenix.sdcc.bnl.gov/alma9.2-gcc-14.2.0/release/release_new/new.10/include/nodedump:/cvmfs/sphenix.sdcc.bnl.gov/alma9.2-gcc-14.2.0/release/release_new/new.10/include/emcnoisytowerfinder:/cvmfs/sphenix.sdcc.bnl.gov/alma9.2-gcc-14.2.0/release/release_new/new.10/include/ActsFatras:/cvmfs/sphenix.sdcc.bnl.gov/alma9.2-gcc-14.2.0/release/release_new/new.10/include/ffarawmodules:/cvmfs/sphenix.sdcc.bnl.gov/alma9.2-gcc-14.2.0/release/release_new/new.10/include/Event:/cvmfs/sphenix.sdcc.bnl.gov/alma9.2-gcc-14.2.0/release/release_new/new.10/include/prototype3:/cvmfs/sphenix.sdcc.bnl.gov/alma9.2-gcc-14.2.0/release/release_new/new.10/include/fermimotionafterburner:/cvmfs/sphenix.sdcc.bnl.gov/alma9.2-gcc-14.2.0/release/release_new/new.10/include/Photos:/cvmfs/sphenix.sdcc.bnl.gov/alma9.2-gcc-14.2.0/release/release_new/new.10/include/xingshiftcal:/cvmfs/sphenix.sdcc.bnl.gov/alma9.2-gcc-14.2.0/release/release_new/new.10/include/trackbase:/cvmfs/sphenix.sdcc.bnl.gov/alma9.2-gcc-14.2.0/release/release_new/new.10/include/jetdstskimmer:/cvmfs/sphenix.sdcc.bnl.gov/alma9.2-gcc-14.2.0/release/release_new/new.10/include/clusteriso:/cvmfs/sphenix.sdcc.bnl.gov/alma9.2-gcc-14.2.0/release/release_new/new.10/include/asmjit:/cvmfs/sphenix.sdcc.bnl.gov/alma9.2-gcc-14.2.0/release/release_new/new.10/include/particleflowreco:/cvmfs/sphenix.sdcc.bnl.gov/alma9.2-gcc-14.2.0/release/release_new/new.10/include/tpchittrackdisplay:/cvmfs/sphenix.sdcc.bnl.gov/alma9.2-gcc-14.2.0/release/release_new/new.10/include/caloana:/cvmfs/sphenix.sdcc.bnl.gov/alma9.2-gcc-14.2.0/release/release_new/new.10/include/calotrigger:/cvmfs/sphenix.sdcc.bnl.gov/alma9.2-gcc-14.2.0/release/release_new/new.10/include/nopayloadclient:/cvmfs/sphenix.sdcc.bnl.gov/alma9.2-gcc-14.2.0/release/release_new/new.10/include/trackermillepedealignment:/cvmfs/sphenix.sdcc.bnl.gov/alma9.2-gcc-14.2.0/release/release_new/new.10/include/DD4hep:/cvmfs/sphenix.sdcc.bnl.gov/alma9.2-gcc-14.2.0/release/release_new/new.10/include/g4trackfastsim:/cvmfs/sphenix.sdcc.bnl.gov/alma9.2-gcc-14.2.0/release/release_new/new.10/include/prototype2:/cvmfs/sphenix.sdcc.bnl.gov/alma9.2-gcc-14.2.0/release/release_new/new.10/include/ATen:/cvmfs/sphenix.sdcc.bnl.gov/alma9.2-gcc-14.2.0/release/release_new/new.10/include/g4main:/cvmfs/sphenix.sdcc.bnl.gov/alma9.2-gcc-14.2.0/release/release_new/new.10/include/Tauola:/cvmfs/sphenix.sdcc.bnl.gov/alma9.2-gcc-14.2.0/release/release_new/new.10/include/inttcalib:/cvmfs/sphenix.sdcc.bnl.gov/alma9.2-gcc-14.2.0/release/release_new/new.10/include/reactionplaneafterburner:/cvmfs/sphenix.sdcc.bnl.gov/alma9.2-gcc-14.2.0/release/release_new/new.10/include/globalqa:/cvmfs/sphenix.sdcc.bnl.gov/alma9.2-gcc-14.2.0/release/release_new/new.10/include/tpccalib:/cvmfs/sphenix.sdcc.bnl.gov/alma9.2-gcc-14.2.0/release/release_new/new.10/include/DDSegmentation:/cvmfs/sphenix.sdcc.bnl.gov/alma9.2-gcc-14.2.0/release/release_new/new.10/include/decayfinder:/cvmfs/sphenix.sdcc.bnl.gov/alma9.2-gcc-14.2.0/release/release_new/new.10/include/compressclus:/cvmfs/sphenix.sdcc.bnl.gov/alma9.2-gcc-14.2.0/release/release_new/new.10/include/simqa_modules:/cvmfs/sphenix.sdcc.bnl.gov/alma9.2-gcc-14.2.0/release/release_new/new.10/include/resonancejettagging:/cvmfs/sphenix.sdcc.bnl.gov/alma9.2-gcc-14.2.0/release/release_new/new.10/include/g4centrality:/cvmfs/sphenix.sdcc.bnl.gov/alma9.2-gcc-14.2.0/release/release_new/new.10/include/mvtx:/cvmfs/sphenix.sdcc.bnl.gov/alma9.2-gcc-14.2.0/release/release_new/new.10/include/nlohmann:/cvmfs/sphenix.sdcc.bnl.gov/alma9.2-gcc-14.2.0/release/release_new/new.10/include/localpoloffmon:/cvmfs/sphenix.sdcc.bnl.gov/alma9.2-gcc-14.2.0/release/release_new/new.10/include/DDEve:/cvmfs/sphenix.sdcc.bnl.gov/alma9.2-gcc-14.2.0/release/release_new/new.10/include/Parsers:/cvmfs/sphenix.sdcc.bnl.gov/alma9.2-gcc-14.2.0/release/release_new/new.10/include/trackingdiagnostics:/cvmfs/sphenix.sdcc.bnl.gov/alma9.2-gcc-14.2.0/release/release_new/new.10/include/g4vertex:/cvmfs/sphenix.sdcc.bnl.gov/alma9.2-gcc-14.2.0/release/release_new/new.10/include/jetbase:/cvmfs/sphenix.sdcc.bnl.gov/alma9.2-gcc-14.2.0/release/release_new/new.10/include/globalvertex:/cvmfs/sphenix.sdcc.bnl.gov/alma9.2-gcc-14.2.0/release/release_new/new.10/include/phgenfit:/cvmfs/sphenix.sdcc.bnl.gov/alma9.2-gcc-14.2.0/release/release_new/new.10/include/rawbcolumi:/cvmfs/sphenix.sdcc.bnl.gov/alma9.2-gcc-14.2.0/release/release_new/new.10/include/eicsmear:/cvmfs/sphenix.sdcc.bnl.gov/alma9.2-gcc-14.2.0/release/release_new/new.10/include/mvtxcalib:/cvmfs/sphenix.sdcc.bnl.gov/alma9.2-gcc-14.2.0/release/release_new/new.10/include/tpclinelaserdiode:/cvmfs/sphenix.sdcc.bnl.gov/alma9.2-gcc-14.2.0/release/release_new/new.10/include/hepmcjettrigger:/cvmfs/sphenix.sdcc.bnl.gov/alma9.2-gcc-14.2.0/release/release_new/new.10/include/core:/cvmfs/sphenix.sdcc.bnl.gov/alma9.2-gcc-14.2.0/release/release_new/new.10/include/calo_cdb:/cvmfs/sphenix.sdcc.bnl.gov/alma9.2-gcc-14.2.0/release/release_new/new.10/include/mvtxclustershapesqa:/cvmfs/sphenix.sdcc.bnl.gov/alma9.2-gcc-14.2.0/release/release_new/new.10/include/calopacketskimmer:/cvmfs/sphenix.sdcc.bnl.gov/alma9.2-gcc-14.2.0/opt/sphenix/core/geant4.10.07.p04/include:/cvmfs/sphenix.sdcc.bnl.gov/alma9.2-gcc-14.2.0/release/release_new/new.10/rootmacros:/cvmfs/sphenix.sdcc.bnl.gov/alma9.2-gcc-14.2.0/opt/sphenix/core/include
GSEARCHPATH=.:PG:LUSTRE:RAWDATA
PWD=/gpfs/mnt/gpfs02/sphenix/user/samfred/run25/ppg11/histmaking
LOGNAME=samfred
_CONDOR_JOB_AD=/home/condor/local/sphnx/execute/dir_1625128/.job.ad
MANPATH=/cvmfs/sphenix.sdcc.bnl.gov/alma9.2-gcc-14.2.0/opt/sphenix/core/gcc/14.2.0-2f0a0/x86_64-el9/share/man:/cvmfs/sphenix.sdcc.bnl.gov/alma9.2-gcc-14.2.0/opt/sphenix/core/binutils/2.40-acaab/x86_64-el9/share/man:/cvmfs/sphenix.sdcc.bnl.gov/alma9.2-gcc-14.2.0/release/release_new/new.10/share/man:/cvmfs/sphenix.sdcc.bnl.gov/alma9.2-gcc-14.2.0/opt/sphenix/utils/share/man:/cvmfs/sphenix.sdcc.bnl.gov/alma9.2-gcc-14.2.0/opt/sphenix/core/share/man:/cvmfs/sphenix.sdcc.bnl.gov/alma9.2-gcc-14.2.0/opt/sphenix/core/root-6.32.06/man:/usr/local/share/man:/usr/share/man
PYTHIA8=/cvmfs/sphenix.sdcc.bnl.gov/alma9.2-gcc-14.2.0/release/release_new/new.10/share/Pythia8
G4INCLDATA=/cvmfs/sphenix.sdcc.bnl.gov/alma9.2-gcc-14.2.0/opt/sphenix/core/geant4.10.07.p04/share/Geant4-10.7.4/data/G4INCL1.0
ORIG_PATH=/usr/local/bin:/usr/bin
CXX=/cvmfs/sphenix.sdcc.bnl.gov/alma9.2-gcc-14.2.0/opt/sphenix/core/gcc/14.2.0-2f0a0/x86_64-el9/bin/g++
G4LEDATA=/cvmfs/sphenix.sdcc.bnl.gov/alma9.2-gcc-14.2.0/opt/sphenix/core/geant4.10.07.p04/share/Geant4-10.7.4/data/G4EMLOW7.13
PYTHON_CPU_COUNT=1
OPENBLAS_NUM_THREADS=1
_CONDOR_BIN=/usr/bin
HOME=/sphenix/u/samfred
G4PARTICLEXSDATA=/cvmfs/sphenix.sdcc.bnl.gov/alma9.2-gcc-14.2.0/opt/sphenix/core/geant4.10.07.p04/share/Geant4-10.7.4/data/G4PARTICLEXS3.1.1
ONLINE_MAIN=/cvmfs/sphenix.sdcc.bnl.gov/alma9.2-gcc-14.2.0/release/release_new/new.10
CALIBRATIONROOT=/cvmfs/sphenix.sdcc.bnl.gov/alma9.2-gcc-14.2.0/release/release_new/new.10/share/calibrations
TMPDIR=/tmp
_CONDOR_SCRATCH_DIR=/home/condor/local/sphnx/execute/dir_1625128
PGUSER=phnxrc
NOPAYLOADCLIENT_CONF=/cvmfs/sphenix.sdcc.bnl.gov/alma9.2-gcc-14.2.0/opt/sphenix/core/etc/sPHENIX_newcdb.json
_CONDOR_ANCESTOR_1625128=1629658:1759352693:2757250802
XERCESCROOT=/cvmfs/sphenix.sdcc.bnl.gov/alma9.2-gcc-14.2.0/opt/sphenix/core/geant4.10.07.p04
LHAPATH=/cvmfs/sphenix.sdcc.bnl.gov/alma9.2-gcc-14.2.0/opt/sphenix/core/lhapdf-5.9.1/share/lhapdf/PDFsets
_CONDOR_ANCESTOR_345104=345139:1756523315:450496953
G4NEUTRONHPDATA=/cvmfs/sphenix.sdcc.bnl.gov/alma9.2-gcc-14.2.0/opt/sphenix/core/geant4.10.07.p04/share/Geant4-10.7.4/data/G4NDL4.6
PYTHONPATH=.:/cvmfs/sphenix.sdcc.bnl.gov/alma9.2-gcc-14.2.0/release/release_new/new.10/lib/python3.13/site-packages:/cvmfs/sphenix.sdcc.bnl.gov/alma9.2-gcc-14.2.0/opt/sphenix/core/lib/python3.13/site-packages:/cvmfs/sphenix.sdcc.bnl.gov/alma9.2-gcc-14.2.0/opt/sphenix/core/root-6.32.06/lib
USER=samfred
_CONDOR_JOB_PIDS=
TEMP=/tmp
GOMAXPROCS=1
OFFLINE_MAIN=/cvmfs/sphenix.sdcc.bnl.gov/alma9.2-gcc-14.2.0/release/release_new/new.10
SHLVL=1
TF_NUM_THREADS=1
G4SAIDXSDATA=/cvmfs/sphenix.sdcc.bnl.gov/alma9.2-gcc-14.2.0/opt/sphenix/core/geant4.10.07.p04/share/Geant4-10.7.4/data/G4SAIDDATA2.0
APPTAINER_CACHEDIR=/home/condor/local/sphnx/execute/dir_1625128
ROOTSYS=/cvmfs/sphenix.sdcc.bnl.gov/alma9.2-gcc-14.2.0/opt/sphenix/core/root-6.32.06
BATCH_SYSTEM=HTCondor
_CONDOR_SLOT=slot1_21
LD_LIBRARY_PATH=/sphenix/user/samfred/run25/install//lib:/cvmfs/sphenix.sdcc.bnl.gov/alma9.2-gcc-14.2.0/opt/sphenix/core/gcc/14.2.0-2f0a0/x86_64-el9/lib:/cvmfs/sphenix.sdcc.bnl.gov/alma9.2-gcc-14.2.0/opt/sphenix/core/gcc/14.2.0-2f0a0/x86_64-el9/lib64:/cvmfs/sphenix.sdcc.bnl.gov/alma9.2-gcc-14.2.0/opt/sphenix/core/binutils/2.40-acaab/x86_64-el9/lib:.:/cvmfs/sphenix.sdcc.bnl.gov/alma9.2-gcc-14.2.0/release/release_new/new.10/lib64:/cvmfs/sphenix.sdcc.bnl.gov/alma9.2-gcc-14.2.0/release/release_new/new.10/lib:/cvmfs/sphenix.sdcc.bnl.gov/alma9.2-gcc-14.2.0/opt/sphenix/utils/lib:/cvmfs/sphenix.sdcc.bnl.gov/alma9.2-gcc-14.2.0/opt/sphenix/core/lib:/cvmfs/sphenix.sdcc.bnl.gov/alma9.2-gcc-14.2.0/opt/sphenix/core/root-6.32.06/lib:/cvmfs/sphenix.sdcc.bnl.gov/alma9.2-gcc-14.2.0/opt/sphenix/core/geant4.10.07.p04/lib64:/cvmfs/sphenix.sdcc.bnl.gov/alma9.2-gcc-14.2.0/opt/sphenix/core/lhapdf-5.9.1/lib:/usr/local/lib64:/usr/lib64
OPT_SPHENIX=/cvmfs/sphenix.sdcc.bnl.gov/alma9.2-gcc-14.2.0/opt/sphenix/core
TF_LOOP_PARALLEL_ITERATIONS=1
EVT_LIB=/cvmfs/sphenix.sdcc.bnl.gov/alma9.2-gcc-14.2.0/opt/sphenix/core/root-6.32.06/lib
PGHOST=sphnxdbmaster.sdcc.bnl.gov
OMP_NUM_THREADS=1
G4REALSURFACEDATA=/cvmfs/sphenix.sdcc.bnl.gov/alma9.2-gcc-14.2.0/opt/sphenix/core/geant4.10.07.p04/share/Geant4-10.7.4/data/RealSurface2.2
FC=/cvmfs/sphenix.sdcc.bnl.gov/alma9.2-gcc-14.2.0/opt/sphenix/core/gcc/14.2.0-2f0a0/x86_64-el9/bin/gfortran
G4ABLADATA=/cvmfs/sphenix.sdcc.bnl.gov/alma9.2-gcc-14.2.0/opt/sphenix/core/geant4.10.07.p04/share/Geant4-10.7.4/data/G4ABLA3.1
PARASOFT=doesnotexist
TMP=/tmp
OPT_UTILS=/cvmfs/sphenix.sdcc.bnl.gov/alma9.2-gcc-14.2.0/opt/sphenix/utils
CONFIG_SITE=/cvmfs/sphenix.sdcc.bnl.gov/alma9.2-gcc-14.2.0/opt/sphenix/core/etc/config.site
PATH=/sphenix/user/samfred/run25/install//bin:/cvmfs/sphenix.sdcc.bnl.gov/alma9.2-gcc-14.2.0/opt/sphenix/core/gcc/14.2.0-2f0a0/x86_64-el9/bin:/cvmfs/sphenix.sdcc.bnl.gov/alma9.2-gcc-14.2.0/opt/sphenix/core/binutils/2.40-acaab/x86_64-el9/bin:.:/cvmfs/sphenix.sdcc.bnl.gov/alma9.2-gcc-14.2.0/release/release_new/new.10/bin:/cvmfs/sphenix.sdcc.bnl.gov/alma9.2-gcc-14.2.0/opt/sphenix/utils/bin:/cvmfs/sphenix.sdcc.bnl.gov/alma9.2-gcc-14.2.0/opt/sphenix/core/bin:/cvmfs/sphenix.sdcc.bnl.gov/alma9.2-gcc-14.2.0/opt/sphenix/core/root-6.32.06/bin:/cvmfs/sphenix.sdcc.bnl.gov/alma9.2-gcc-14.2.0/opt/sphenix/core/geant4.10.07.p04/bin:/usr/local/bin:/usr/bin:/usr/local/sbin:/usr/sbin
G4LEVELGAMMADATA=/cvmfs/sphenix.sdcc.bnl.gov/alma9.2-gcc-14.2.0/opt/sphenix/core/geant4.10.07.p04/share/Geant4-10.7.4/data/PhotonEvaporation5.7
CC=/cvmfs/sphenix.sdcc.bnl.gov/alma9.2-gcc-14.2.0/opt/sphenix/core/gcc/14.2.0-2f0a0/x86_64-el9/bin/gcc
G4RADIOACTIVEDATA=/cvmfs/sphenix.sdcc.bnl.gov/alma9.2-gcc-14.2.0/opt/sphenix/core/geant4.10.07.p04/share/Geant4-10.7.4/data/RadioactiveDecay5.6
JULIA_NUM_THREADS=1
MKL_NUM_THREADS=1
_CONDOR_ANCESTOR_345139=1625128:1759352693:4128434201
LHAPDF_DATA_PATH=/cvmfs/sphenix.sdcc.bnl.gov/alma9.2-gcc-14.2.0/release/release_new/new.10/share/LHAPDF
XPLOAD_CONFIG_DIR=/cvmfs/sphenix.sdcc.bnl.gov/alma9.2-gcc-14.2.0/opt/sphenix/core/etc
OLDPWD=/cvmfs/sphenix.sdcc.bnl.gov/alma9.2-gcc-14.2.0/release/release_new/new.10/geant4
_=/usr/bin/printenv
runnumber...
48900
trigger...

   ------------------------------------------------------------------
  | Welcome to ROOT 6.32.06                        https://root.cern |
  | (c) 1995-2024, The ROOT Team; conception: R. Brun, F. Rademakers |
  | Built for linuxx8664gcc on Dec 13 2024, 17:23:48                 |
  | From tags/6-32-06@6-32-06                                        |
  | With g++ (GCC) 14.2.0                                            |
  | Try '.help'/'.?', '.demo', '.license', '.credits', '.quit'/'.q'  |
   ------------------------------------------------------------------


Processing data_histmaker.C(48900)...
entry 0/3708414 (0%)
entry 1000/3708414 (0.0269657%)
entry 2000/3708414 (0.0539314%)
entry 4000/3708414 (0.107863%)
entry 6000/3708414 (0.161794%)
entry 10000/3708414 (0.269657%)
entry 11000/3708414 (0.296623%)
entry 12000/3708414 (0.323588%)
entry 13000/3708414 (0.350554%)
entry 16000/3708414 (0.431451%)
entry 23000/3708414 (0.620211%)
entry 25000/3708414 (0.674143%)
entry 26000/3708414 (0.701108%)
entry 27000/3708414 (0.728074%)
entry 29000/3708414 (0.782005%)
entry 30000/3708414 (0.808971%)
entry 31000/3708414 (0.835937%)
entry 32000/3708414 (0.862903%)
entry 35000/3708414 (0.9438%)
entry 38000/3708414 (1.0247%)
entry 40000/3708414 (1.07863%)
entry 41000/3708414 (1.10559%)
entry 42000/3708414 (1.13256%)
entry 45000/3708414 (1.21346%)
entry 46000/3708414 (1.24042%)
entry 49000/3708414 (1.32132%)
entry 53000/3708414 (1.42918%)
entry 57000/3708414 (1.53705%)
entry 59000/3708414 (1.59098%)
entry 62000/3708414 (1.67187%)
entry 63000/3708414 (1.69884%)
entry 64000/3708414 (1.72581%)
entry 67000/3708414 (1.8067%)
entry 68000/3708414 (1.83367%)
entry 69000/3708414 (1.86063%)
entry 70000/3708414 (1.8876%)
entry 71000/3708414 (1.91457%)
entry 74000/3708414 (1.99546%)
entry 75000/3708414 (2.02243%)
entry 76000/3708414 (2.04939%)
entry 77000/3708414 (2.07636%)
entry 78000/3708414 (2.10332%)
entry 79000/3708414 (2.13029%)
entry 90000/3708414 (2.42691%)
entry 99000/3708414 (2.6696%)
entry 100000/3708414 (2.69657%)
entry 101000/3708414 (2.72354%)
entry 102000/3708414 (2.7505%)
entry 105000/3708414 (2.8314%)
entry 106000/3708414 (2.85836%)
entry 108000/3708414 (2.9123%)
entry 109000/3708414 (2.93926%)
entry 111000/3708414 (2.99319%)
entry 112000/3708414 (3.02016%)
entry 119000/3708414 (3.20892%)
entry 123000/3708414 (3.31678%)
entry 125000/3708414 (3.37071%)
entry 126000/3708414 (3.39768%)
entry 128000/3708414 (3.45161%)
entry 135000/3708414 (3.64037%)
entry 140000/3708414 (3.7752%)
entry 149000/3708414 (4.01789%)
entry 151000/3708414 (4.07182%)
entry 152000/3708414 (4.09879%)
entry 155000/3708414 (4.17968%)
entry 156000/3708414 (4.20665%)
entry 157000/3708414 (4.23362%)
entry 158000/3708414 (4.26058%)
entry 160000/3708414 (4.31451%)
entry 161000/3708414 (4.34148%)
entry 163000/3708414 (4.39541%)
entry 165000/3708414 (4.44934%)
entry 169000/3708414 (4.5572%)
entry 173000/3708414 (4.66507%)
entry 174000/3708414 (4.69203%)
entry 175000/3708414 (4.719%)
entry 176000/3708414 (4.74596%)
entry 178000/3708414 (4.7999%)
entry 179000/3708414 (4.82686%)
entry 180000/3708414 (4.85383%)
entry 181000/3708414 (4.88079%)
entry 183000/3708414 (4.93472%)
entry 188000/3708414 (5.06955%)
entry 190000/3708414 (5.12348%)
entry 194000/3708414 (5.23135%)
entry 197000/3708414 (5.31224%)
entry 199000/3708414 (5.36618%)
entry 201000/3708414 (5.42011%)
entry 203000/3708414 (5.47404%)
entry 206000/3708414 (5.55494%)
entry 210000/3708414 (5.6628%)
entry 211000/3708414 (5.68976%)
entry 215000/3708414 (5.79763%)
entry 217000/3708414 (5.85156%)
entry 222000/3708414 (5.98639%)
entry 224000/3708414 (6.04032%)
entry 233000/3708414 (6.28301%)
entry 235000/3708414 (6.33694%)
entry 236000/3708414 (6.36391%)
entry 246000/3708414 (6.63356%)
entry 247000/3708414 (6.66053%)
entry 248000/3708414 (6.6875%)
entry 249000/3708414 (6.71446%)
entry 254000/3708414 (6.84929%)
entry 255000/3708414 (6.87625%)
entry 258000/3708414 (6.95715%)
entry 260000/3708414 (7.01108%)
entry 262000/3708414 (7.06501%)
entry 263000/3708414 (7.09198%)
entry 268000/3708414 (7.22681%)
entry 269000/3708414 (7.25378%)
entry 276000/3708414 (7.44253%)
entry 277000/3708414 (7.4695%)
entry 278000/3708414 (7.49647%)
entry 283000/3708414 (7.63129%)
entry 285000/3708414 (7.68523%)
entry 288000/3708414 (7.76612%)
entry 294000/3708414 (7.92792%)
entry 298000/3708414 (8.03578%)
entry 302000/3708414 (8.14364%)
entry 304000/3708414 (8.19757%)
entry 306000/3708414 (8.25151%)
entry 309000/3708414 (8.3324%)
entry 313000/3708414 (8.44027%)
entry 318000/3708414 (8.57509%)
entry 323000/3708414 (8.70992%)
entry 324000/3708414 (8.73689%)
entry 329000/3708414 (8.87172%)
entry 330000/3708414 (8.89868%)
entry 331000/3708414 (8.92565%)
entry 332000/3708414 (8.95261%)
entry 333000/3708414 (8.97958%)
entry 337000/3708414 (9.08744%)
entry 338000/3708414 (9.11441%)
entry 340000/3708414 (9.16834%)
entry 341000/3708414 (9.19531%)
entry 342000/3708414 (9.22227%)
entry 348000/3708414 (9.38407%)
entry 353000/3708414 (9.51889%)
entry 356000/3708414 (9.59979%)
entry 362000/3708414 (9.76159%)
entry 370000/3708414 (9.97731%)
entry 375000/3708414 (10.1121%)
entry 380000/3708414 (10.247%)
entry 384000/3708414 (10.3548%)
entry 386000/3708414 (10.4088%)
entry 389000/3708414 (10.4897%)
entry 391000/3708414 (10.5436%)
entry 403000/3708414 (10.8672%)
entry 407000/3708414 (10.975%)
entry 408000/3708414 (11.002%)
entry 412000/3708414 (11.1099%)
entry 413000/3708414 (11.1368%)
entry 417000/3708414 (11.2447%)
entry 422000/3708414 (11.3795%)
entry 424000/3708414 (11.4335%)
entry 427000/3708414 (11.5144%)
entry 429000/3708414 (11.5683%)
entry 432000/3708414 (11.6492%)
entry 433000/3708414 (11.6762%)
entry 435000/3708414 (11.7301%)
entry 438000/3708414 (11.811%)
entry 441000/3708414 (11.8919%)
entry 442000/3708414 (11.9188%)
entry 443000/3708414 (11.9458%)
entry 451000/3708414 (12.1615%)
entry 453000/3708414 (12.2155%)
entry 460000/3708414 (12.4042%)
entry 463000/3708414 (12.4851%)
entry 465000/3708414 (12.5391%)
entry 467000/3708414 (12.593%)
entry 468000/3708414 (12.6199%)
entry 469000/3708414 (12.6469%)
entry 470000/3708414 (12.6739%)
entry 471000/3708414 (12.7008%)
entry 473000/3708414 (12.7548%)
entry 475000/3708414 (12.8087%)
entry 477000/3708414 (12.8626%)
entry 478000/3708414 (12.8896%)
entry 486000/3708414 (13.1053%)
entry 492000/3708414 (13.2671%)
entry 494000/3708414 (13.3211%)
entry 495000/3708414 (13.348%)
entry 497000/3708414 (13.402%)
entry 504000/3708414 (13.5907%)
entry 509000/3708414 (13.7255%)
entry 510000/3708414 (13.7525%)
entry 515000/3708414 (13.8873%)
entry 516000/3708414 (13.9143%)
entry 517000/3708414 (13.9413%)
entry 519000/3708414 (13.9952%)
entry 522000/3708414 (14.0761%)
entry 525000/3708414 (14.157%)
entry 528000/3708414 (14.2379%)
entry 538000/3708414 (14.5076%)
entry 539000/3708414 (14.5345%)
entry 543000/3708414 (14.6424%)
entry 544000/3708414 (14.6693%)
entry 546000/3708414 (14.7233%)
entry 547000/3708414 (14.7502%)
entry 552000/3708414 (14.8851%)
entry 555000/3708414 (14.966%)
entry 559000/3708414 (15.0738%)
entry 560000/3708414 (15.1008%)
entry 561000/3708414 (15.1278%)
entry 562000/3708414 (15.1547%)
entry 565000/3708414 (15.2356%)
entry 566000/3708414 (15.2626%)
entry 567000/3708414 (15.2896%)
entry 568000/3708414 (15.3165%)
entry 570000/3708414 (15.3705%)
entry 574000/3708414 (15.4783%)
entry 577000/3708414 (15.5592%)
entry 580000/3708414 (15.6401%)
entry 581000/3708414 (15.6671%)
entry 582000/3708414 (15.694%)
entry 585000/3708414 (15.7749%)
entry 588000/3708414 (15.8558%)
entry 594000/3708414 (16.0176%)
entry 600000/3708414 (16.1794%)
entry 601000/3708414 (16.2064%)
entry 604000/3708414 (16.2873%)
entry 605000/3708414 (16.3143%)
entry 610000/3708414 (16.4491%)
entry 611000/3708414 (16.476%)
entry 615000/3708414 (16.5839%)
entry 618000/3708414 (16.6648%)
entry 620000/3708414 (16.7187%)
entry 621000/3708414 (16.7457%)
entry 622000/3708414 (16.7727%)
entry 623000/3708414 (16.7996%)
entry 625000/3708414 (16.8536%)
entry 627000/3708414 (16.9075%)
entry 636000/3708414 (17.1502%)
entry 641000/3708414 (17.285%)
entry 642000/3708414 (17.312%)
entry 643000/3708414 (17.3389%)
entry 645000/3708414 (17.3929%)
entry 651000/3708414 (17.5547%)
entry 653000/3708414 (17.6086%)
entry 654000/3708414 (17.6356%)
entry 656000/3708414 (17.6895%)
entry 657000/3708414 (17.7165%)
entry 659000/3708414 (17.7704%)
entry 663000/3708414 (17.8783%)
entry 664000/3708414 (17.9052%)
entry 665000/3708414 (17.9322%)
entry 667000/3708414 (17.9861%)
entry 668000/3708414 (18.0131%)
entry 673000/3708414 (18.1479%)
entry 674000/3708414 (18.1749%)
entry 675000/3708414 (18.2019%)
entry 676000/3708414 (18.2288%)
entry 680000/3708414 (18.3367%)
entry 684000/3708414 (18.4445%)
entry 686000/3708414 (18.4985%)
entry 687000/3708414 (18.5254%)
entry 690000/3708414 (18.6063%)
entry 691000/3708414 (18.6333%)
entry 692000/3708414 (18.6603%)
entry 696000/3708414 (18.7681%)
entry 698000/3708414 (18.8221%)
entry 699000/3708414 (18.849%)
entry 705000/3708414 (19.0108%)
entry 707000/3708414 (19.0648%)
entry 708000/3708414 (19.0917%)
entry 713000/3708414 (19.2265%)
entry 717000/3708414 (19.3344%)
entry 719000/3708414 (19.3883%)
entry 720000/3708414 (19.4153%)
entry 721000/3708414 (19.4423%)
entry 723000/3708414 (19.4962%)
entry 724000/3708414 (19.5232%)
entry 726000/3708414 (19.5771%)
entry 729000/3708414 (19.658%)
entry 736000/3708414 (19.8468%)
entry 737000/3708414 (19.8737%)
entry 739000/3708414 (19.9277%)
entry 741000/3708414 (19.9816%)
entry 742000/3708414 (20.0086%)
entry 746000/3708414 (20.1164%)
entry 755000/3708414 (20.3591%)
entry 759000/3708414 (20.467%)
entry 760000/3708414 (20.4939%)
entry 764000/3708414 (20.6018%)
entry 767000/3708414 (20.6827%)
entry 768000/3708414 (20.7097%)
entry 774000/3708414 (20.8715%)
entry 776000/3708414 (20.9254%)
entry 778000/3708414 (20.9793%)
entry 781000/3708414 (21.0602%)
entry 784000/3708414 (21.1411%)
entry 785000/3708414 (21.1681%)
entry 786000/3708414 (21.195%)
entry 787000/3708414 (21.222%)
entry 792000/3708414 (21.3568%)
entry 793000/3708414 (21.3838%)
entry 794000/3708414 (21.4108%)
entry 795000/3708414 (21.4377%)
entry 797000/3708414 (21.4917%)
entry 799000/3708414 (21.5456%)
entry 800000/3708414 (21.5726%)
entry 803000/3708414 (21.6535%)
entry 804000/3708414 (21.6804%)
entry 806000/3708414 (21.7344%)
entry 807000/3708414 (21.7613%)
entry 811000/3708414 (21.8692%)
entry 812000/3708414 (21.8962%)
entry 815000/3708414 (21.9771%)
entry 816000/3708414 (22.004%)
entry 819000/3708414 (22.0849%)
entry 820000/3708414 (22.1119%)
entry 821000/3708414 (22.1388%)
entry 824000/3708414 (22.2197%)
entry 825000/3708414 (22.2467%)
entry 831000/3708414 (22.4085%)
entry 832000/3708414 (22.4355%)
entry 833000/3708414 (22.4624%)
entry 836000/3708414 (22.5433%)
entry 840000/3708414 (22.6512%)
entry 841000/3708414 (22.6782%)
entry 842000/3708414 (22.7051%)
entry 844000/3708414 (22.7591%)
entry 845000/3708414 (22.786%)
entry 847000/3708414 (22.84%)
entry 850000/3708414 (22.9208%)
entry 852000/3708414 (22.9748%)
entry 854000/3708414 (23.0287%)
entry 856000/3708414 (23.0826%)
entry 858000/3708414 (23.1366%)
entry 861000/3708414 (23.2175%)
entry 866000/3708414 (23.3523%)
entry 871000/3708414 (23.4871%)
entry 872000/3708414 (23.5141%)
entry 880000/3708414 (23.7298%)
entry 886000/3708414 (23.8916%)
entry 893000/3708414 (24.0804%)
entry 896000/3708414 (24.1613%)
entry 897000/3708414 (24.1882%)
entry 906000/3708414 (24.4309%)
entry 907000/3708414 (24.4579%)
entry 908000/3708414 (24.4849%)
entry 910000/3708414 (24.5388%)
entry 912000/3708414 (24.5927%)
entry 915000/3708414 (24.6736%)
entry 920000/3708414 (24.8084%)
entry 921000/3708414 (24.8354%)
entry 923000/3708414 (24.8893%)
entry 924000/3708414 (24.9163%)
entry 925000/3708414 (24.9433%)
entry 931000/3708414 (25.1051%)
entry 932000/3708414 (25.132%)
entry 933000/3708414 (25.159%)
entry 934000/3708414 (25.186%)
entry 935000/3708414 (25.2129%)
entry 937000/3708414 (25.2669%)
entry 941000/3708414 (25.3747%)
entry 942000/3708414 (25.4017%)
entry 943000/3708414 (25.4287%)
entry 946000/3708414 (25.5096%)
entry 947000/3708414 (25.5365%)
entry 948000/3708414 (25.5635%)
entry 949000/3708414 (25.5905%)
entry 953000/3708414 (25.6983%)
entry 954000/3708414 (25.7253%)
entry 956000/3708414 (25.7792%)
entry 958000/3708414 (25.8331%)
entry 960000/3708414 (25.8871%)
entry 961000/3708414 (25.914%)
entry 963000/3708414 (25.968%)
entry 968000/3708414 (26.1028%)
entry 977000/3708414 (26.3455%)
entry 978000/3708414 (26.3725%)
entry 981000/3708414 (26.4534%)
entry 983000/3708414 (26.5073%)
entry 985000/3708414 (26.5612%)
entry 990000/3708414 (26.696%)
entry 992000/3708414 (26.75%)
entry 996000/3708414 (26.8578%)
entry 1005000/3708414 (27.1005%)
entry 1006000/3708414 (27.1275%)
entry 1007000/3708414 (27.1545%)
entry 1008000/3708414 (27.1814%)
entry 1009000/3708414 (27.2084%)
entry 1011000/3708414 (27.2623%)
entry 1013000/3708414 (27.3163%)
entry 1015000/3708414 (27.3702%)
entry 1018000/3708414 (27.4511%)
entry 1021000/3708414 (27.532%)
entry 1024000/3708414 (27.6129%)
entry 1032000/3708414 (27.8286%)
entry 1034000/3708414 (27.8825%)
entry 1038000/3708414 (27.9904%)
entry 1039000/3708414 (28.0174%)
entry 1040000/3708414 (28.0443%)
entry 1041000/3708414 (28.0713%)
entry 1044000/3708414 (28.1522%)
entry 1045000/3708414 (28.1792%)
entry 1052000/3708414 (28.3679%)
entry 1055000/3708414 (28.4488%)
entry 1056000/3708414 (28.4758%)
entry 1057000/3708414 (28.5028%)
entry 1058000/3708414 (28.5297%)
entry 1059000/3708414 (28.5567%)
entry 1062000/3708414 (28.6376%)
entry 1064000/3708414 (28.6915%)
entry 1065000/3708414 (28.7185%)
entry 1072000/3708414 (28.9072%)
entry 1080000/3708414 (29.123%)
entry 1081000/3708414 (29.1499%)
entry 1086000/3708414 (29.2848%)
entry 1087000/3708414 (29.3117%)
entry 1092000/3708414 (29.4466%)
entry 1093000/3708414 (29.4735%)
entry 1095000/3708414 (29.5274%)
entry 1096000/3708414 (29.5544%)
entry 1100000/3708414 (29.6623%)
entry 1103000/3708414 (29.7432%)
entry 1105000/3708414 (29.7971%)
entry 1107000/3708414 (29.851%)
entry 1109000/3708414 (29.905%)
entry 1112000/3708414 (29.9859%)
entry 1116000/3708414 (30.0937%)
entry 1117000/3708414 (30.1207%)
entry 1123000/3708414 (30.2825%)
entry 1124000/3708414 (30.3095%)
entry 1134000/3708414 (30.5791%)
entry 1137000/3708414 (30.66%)
entry 1138000/3708414 (30.687%)
entry 1139000/3708414 (30.7139%)
entry 1142000/3708414 (30.7948%)
entry 1143000/3708414 (30.8218%)
entry 1145000/3708414 (30.8757%)
entry 1147000/3708414 (30.9297%)
entry 1150000/3708414 (31.0106%)
entry 1156000/3708414 (31.1724%)
entry 1160000/3708414 (31.2802%)
entry 1164000/3708414 (31.3881%)
entry 1165000/3708414 (31.415%)
entry 1168000/3708414 (31.4959%)
entry 1169000/3708414 (31.5229%)
entry 1171000/3708414 (31.5768%)
entry 1173000/3708414 (31.6308%)
entry 1177000/3708414 (31.7386%)
entry 1179000/3708414 (31.7926%)
entry 1182000/3708414 (31.8735%)
entry 1184000/3708414 (31.9274%)
entry 1187000/3708414 (32.0083%)
entry 1190000/3708414 (32.0892%)
entry 1191000/3708414 (32.1162%)
entry 1192000/3708414 (32.1431%)
entry 1193000/3708414 (32.1701%)
entry 1197000/3708414 (32.278%)
entry 1209000/3708414 (32.6015%)
entry 1210000/3708414 (32.6285%)
entry 1215000/3708414 (32.7633%)
entry 1220000/3708414 (32.8982%)
entry 1221000/3708414 (32.9251%)
entry 1224000/3708414 (33.006%)
entry 1227000/3708414 (33.0869%)
entry 1229000/3708414 (33.1409%)
entry 1238000/3708414 (33.3835%)
entry 1242000/3708414 (33.4914%)
entry 1244000/3708414 (33.5453%)
entry 1245000/3708414 (33.5723%)
entry 1246000/3708414 (33.5993%)
entry 1247000/3708414 (33.6262%)
entry 1248000/3708414 (33.6532%)
entry 1250000/3708414 (33.7071%)
entry 1255000/3708414 (33.842%)
entry 1257000/3708414 (33.8959%)
entry 1264000/3708414 (34.0847%)
entry 1265000/3708414 (34.1116%)
entry 1268000/3708414 (34.1925%)
entry 1269000/3708414 (34.2195%)
entry 1273000/3708414 (34.3273%)
entry 1274000/3708414 (34.3543%)
entry 1277000/3708414 (34.4352%)
entry 1279000/3708414 (34.4891%)
entry 1285000/3708414 (34.6509%)
entry 1287000/3708414 (34.7049%)
entry 1290000/3708414 (34.7858%)
entry 1291000/3708414 (34.8127%)
entry 1292000/3708414 (34.8397%)
entry 1295000/3708414 (34.9206%)
entry 1297000/3708414 (34.9745%)
entry 1300000/3708414 (35.0554%)
entry 1304000/3708414 (35.1633%)
entry 1305000/3708414 (35.1902%)
entry 1306000/3708414 (35.2172%)
entry 1309000/3708414 (35.2981%)
entry 1310000/3708414 (35.3251%)
entry 1322000/3708414 (35.6487%)
entry 1324000/3708414 (35.7026%)
entry 1329000/3708414 (35.8374%)
entry 1330000/3708414 (35.8644%)
entry 1334000/3708414 (35.9723%)
entry 1335000/3708414 (35.9992%)
entry 1339000/3708414 (36.1071%)
entry 1347000/3708414 (36.3228%)
entry 1359000/3708414 (36.6464%)
entry 1363000/3708414 (36.7543%)
entry 1366000/3708414 (36.8352%)
entry 1367000/3708414 (36.8621%)
entry 1369000/3708414 (36.9161%)
entry 1370000/3708414 (36.943%)
entry 1373000/3708414 (37.0239%)
entry 1374000/3708414 (37.0509%)
entry 1375000/3708414 (37.0778%)
entry 1378000/3708414 (37.1587%)
entry 1379000/3708414 (37.1857%)
entry 1383000/3708414 (37.2936%)
entry 1385000/3708414 (37.3475%)
entry 1390000/3708414 (37.4823%)
entry 1393000/3708414 (37.5632%)
entry 1394000/3708414 (37.5902%)
entry 1401000/3708414 (37.779%)
entry 1406000/3708414 (37.9138%)
entry 1407000/3708414 (37.9407%)
entry 1409000/3708414 (37.9947%)
entry 1410000/3708414 (38.0216%)
entry 1412000/3708414 (38.0756%)
entry 1414000/3708414 (38.1295%)
entry 1415000/3708414 (38.1565%)
entry 1416000/3708414 (38.1834%)
entry 1417000/3708414 (38.2104%)
entry 1418000/3708414 (38.2374%)
entry 1424000/3708414 (38.3992%)
entry 1430000/3708414 (38.561%)
entry 1433000/3708414 (38.6419%)
entry 1434000/3708414 (38.6688%)
entry 1437000/3708414 (38.7497%)
entry 1447000/3708414 (39.0194%)
entry 1449000/3708414 (39.0733%)
entry 1456000/3708414 (39.2621%)
entry 1458000/3708414 (39.316%)
entry 1461000/3708414 (39.3969%)
entry 1462000/3708414 (39.4239%)
entry 1463000/3708414 (39.4508%)
entry 1465000/3708414 (39.5048%)
entry 1466000/3708414 (39.5317%)
entry 1467000/3708414 (39.5587%)
entry 1469000/3708414 (39.6126%)
entry 1470000/3708414 (39.6396%)
entry 1472000/3708414 (39.6935%)
entry 1477000/3708414 (39.8283%)
entry 1478000/3708414 (39.8553%)
entry 1480000/3708414 (39.9092%)
entry 1481000/3708414 (39.9362%)
entry 1482000/3708414 (39.9632%)
entry 1488000/3708414 (40.125%)
entry 1491000/3708414 (40.2059%)
entry 1492000/3708414 (40.2328%)
entry 1494000/3708414 (40.2868%)
entry 1498000/3708414 (40.3946%)
entry 1499000/3708414 (40.4216%)
entry 1501000/3708414 (40.4755%)
entry 1502000/3708414 (40.5025%)
entry 1503000/3708414 (40.5295%)
entry 1504000/3708414 (40.5564%)
entry 1507000/3708414 (40.6373%)
entry 1508000/3708414 (40.6643%)
entry 1510000/3708414 (40.7182%)
entry 1513000/3708414 (40.7991%)
entry 1516000/3708414 (40.88%)
entry 1518000/3708414 (40.9339%)
entry 1519000/3708414 (40.9609%)
entry 1520000/3708414 (40.9879%)
entry 1521000/3708414 (41.0148%)
entry 1523000/3708414 (41.0688%)
entry 1524000/3708414 (41.0957%)
entry 1526000/3708414 (41.1497%)
entry 1527000/3708414 (41.1766%)
entry 1528000/3708414 (41.2036%)
entry 1529000/3708414 (41.2306%)
entry 1530000/3708414 (41.2575%)
entry 1531000/3708414 (41.2845%)
entry 1537000/3708414 (41.4463%)
entry 1538000/3708414 (41.4733%)
entry 1539000/3708414 (41.5002%)
entry 1541000/3708414 (41.5542%)
entry 1543000/3708414 (41.6081%)
entry 1547000/3708414 (41.7159%)
entry 1548000/3708414 (41.7429%)
entry 1549000/3708414 (41.7699%)
entry 1550000/3708414 (41.7968%)
entry 1551000/3708414 (41.8238%)
entry 1553000/3708414 (41.8777%)
entry 1555000/3708414 (41.9317%)
entry 1560000/3708414 (42.0665%)
entry 1563000/3708414 (42.1474%)
entry 1565000/3708414 (42.2013%)
entry 1566000/3708414 (42.2283%)
entry 1570000/3708414 (42.3362%)
entry 1575000/3708414 (42.471%)
entry 1577000/3708414 (42.5249%)
entry 1578000/3708414 (42.5519%)
entry 1580000/3708414 (42.6058%)
entry 1581000/3708414 (42.6328%)
entry 1582000/3708414 (42.6597%)
entry 1588000/3708414 (42.8215%)
entry 1589000/3708414 (42.8485%)
entry 1590000/3708414 (42.8755%)
entry 1592000/3708414 (42.9294%)
entry 1593000/3708414 (42.9564%)
entry 1599000/3708414 (43.1182%)
entry 1601000/3708414 (43.1721%)
entry 1602000/3708414 (43.1991%)
entry 1603000/3708414 (43.226%)
entry 1605000/3708414 (43.28%)
entry 1608000/3708414 (43.3609%)
entry 1610000/3708414 (43.4148%)
entry 1612000/3708414 (43.4687%)
entry 1615000/3708414 (43.5496%)
entry 1617000/3708414 (43.6035%)
entry 1618000/3708414 (43.6305%)
entry 1623000/3708414 (43.7653%)
entry 1626000/3708414 (43.8462%)
entry 1627000/3708414 (43.8732%)
entry 1629000/3708414 (43.9271%)
entry 1635000/3708414 (44.0889%)
entry 1640000/3708414 (44.2238%)
entry 1641000/3708414 (44.2507%)
entry 1642000/3708414 (44.2777%)
entry 1643000/3708414 (44.3047%)
entry 1644000/3708414 (44.3316%)
entry 1646000/3708414 (44.3856%)
entry 1655000/3708414 (44.6282%)
entry 1658000/3708414 (44.7091%)
entry 1661000/3708414 (44.79%)
entry 1662000/3708414 (44.817%)
entry 1663000/3708414 (44.844%)
entry 1668000/3708414 (44.9788%)
entry 1672000/3708414 (45.0867%)
entry 1679000/3708414 (45.2754%)
entry 1689000/3708414 (45.5451%)
entry 1691000/3708414 (45.599%)
entry 1692000/3708414 (45.626%)
entry 1697000/3708414 (45.7608%)
entry 1704000/3708414 (45.9496%)
entry 1707000/3708414 (46.0305%)
entry 1709000/3708414 (46.0844%)
entry 1711000/3708414 (46.1383%)
entry 1716000/3708414 (46.2732%)
entry 1722000/3708414 (46.4349%)
entry 1723000/3708414 (46.4619%)
entry 1724000/3708414 (46.4889%)
entry 1727000/3708414 (46.5698%)
entry 1728000/3708414 (46.5967%)
entry 1731000/3708414 (46.6776%)
entry 1732000/3708414 (46.7046%)
entry 1733000/3708414 (46.7316%)
entry 1734000/3708414 (46.7585%)
entry 1736000/3708414 (46.8125%)
entry 1737000/3708414 (46.8394%)
entry 1738000/3708414 (46.8664%)
entry 1743000/3708414 (47.0012%)
entry 1747000/3708414 (47.1091%)
entry 1748000/3708414 (47.1361%)
entry 1754000/3708414 (47.2978%)
entry 1755000/3708414 (47.3248%)
entry 1756000/3708414 (47.3518%)
entry 1757000/3708414 (47.3787%)
entry 1760000/3708414 (47.4596%)
entry 1763000/3708414 (47.5405%)
entry 1765000/3708414 (47.5945%)
entry 1766000/3708414 (47.6214%)
entry 1768000/3708414 (47.6754%)
entry 1770000/3708414 (47.7293%)
entry 1771000/3708414 (47.7563%)
entry 1777000/3708414 (47.9181%)
entry 1779000/3708414 (47.972%)
entry 1783000/3708414 (48.0799%)
entry 1794000/3708414 (48.3765%)
entry 1796000/3708414 (48.4304%)
entry 1805000/3708414 (48.6731%)
entry 1807000/3708414 (48.727%)
entry 1811000/3708414 (48.8349%)
entry 1812000/3708414 (48.8619%)
entry 1813000/3708414 (48.8888%)
entry 1814000/3708414 (48.9158%)
entry 1815000/3708414 (48.9428%)
entry 1817000/3708414 (48.9967%)
entry 1818000/3708414 (49.0237%)
entry 1819000/3708414 (49.0506%)
entry 1821000/3708414 (49.1046%)
entry 1824000/3708414 (49.1854%)
entry 1825000/3708414 (49.2124%)
entry 1833000/3708414 (49.4281%)
entry 1834000/3708414 (49.4551%)
entry 1838000/3708414 (49.563%)
entry 1839000/3708414 (49.5899%)
entry 1841000/3708414 (49.6439%)
entry 1842000/3708414 (49.6708%)
entry 1846000/3708414 (49.7787%)
entry 1848000/3708414 (49.8326%)
entry 1851000/3708414 (49.9135%)
entry 1853000/3708414 (49.9675%)
entry 1857000/3708414 (50.0753%)
entry 1859000/3708414 (50.1292%)
entry 1860000/3708414 (50.1562%)
entry 1861000/3708414 (50.1832%)
entry 1866000/3708414 (50.318%)
entry 1867000/3708414 (50.345%)
entry 1873000/3708414 (50.5068%)
entry 1877000/3708414 (50.6146%)
entry 1886000/3708414 (50.8573%)
entry 1888000/3708414 (50.9113%)
entry 1896000/3708414 (51.127%)
entry 1899000/3708414 (51.2079%)
entry 1901000/3708414 (51.2618%)
entry 1905000/3708414 (51.3697%)
entry 1912000/3708414 (51.5584%)
entry 1919000/3708414 (51.7472%)
entry 1925000/3708414 (51.909%)
entry 1927000/3708414 (51.9629%)
entry 1928000/3708414 (51.9899%)
entry 1929000/3708414 (52.0168%)
entry 1931000/3708414 (52.0708%)
entry 1935000/3708414 (52.1786%)
entry 1938000/3708414 (52.2595%)
entry 1940000/3708414 (52.3135%)
entry 1941000/3708414 (52.3404%)
entry 1946000/3708414 (52.4753%)
entry 1947000/3708414 (52.5022%)
entry 1953000/3708414 (52.664%)
entry 1954000/3708414 (52.691%)
entry 1958000/3708414 (52.7988%)
entry 1959000/3708414 (52.8258%)
entry 1961000/3708414 (52.8798%)
entry 1963000/3708414 (52.9337%)
entry 1964000/3708414 (52.9606%)
entry 1965000/3708414 (52.9876%)
entry 1971000/3708414 (53.1494%)
entry 1972000/3708414 (53.1764%)
entry 1974000/3708414 (53.2303%)
entry 1976000/3708414 (53.2842%)
entry 1978000/3708414 (53.3382%)
entry 1981000/3708414 (53.4191%)
entry 1982000/3708414 (53.446%)
entry 1986000/3708414 (53.5539%)
entry 1990000/3708414 (53.6618%)
entry 1991000/3708414 (53.6887%)
entry 1992000/3708414 (53.7157%)
entry 1993000/3708414 (53.7427%)
entry 1996000/3708414 (53.8235%)
entry 2001000/3708414 (53.9584%)
entry 2008000/3708414 (54.1471%)
entry 2011000/3708414 (54.228%)
entry 2014000/3708414 (54.3089%)
entry 2020000/3708414 (54.4707%)
entry 2021000/3708414 (54.4977%)
entry 2022000/3708414 (54.5247%)
entry 2023000/3708414 (54.5516%)
entry 2024000/3708414 (54.5786%)
entry 2026000/3708414 (54.6325%)
entry 2027000/3708414 (54.6595%)
entry 2029000/3708414 (54.7134%)
entry 2034000/3708414 (54.8482%)
entry 2035000/3708414 (54.8752%)
entry 2039000/3708414 (54.9831%)
entry 2041000/3708414 (55.037%)
entry 2045000/3708414 (55.1449%)
entry 2049000/3708414 (55.2527%)
entry 2050000/3708414 (55.2797%)
entry 2052000/3708414 (55.3336%)
entry 2053000/3708414 (55.3606%)
entry 2054000/3708414 (55.3876%)
entry 2057000/3708414 (55.4685%)
entry 2058000/3708414 (55.4954%)
entry 2061000/3708414 (55.5763%)
entry 2063000/3708414 (55.6302%)
entry 2065000/3708414 (55.6842%)
entry 2068000/3708414 (55.7651%)
entry 2069000/3708414 (55.792%)
entry 2071000/3708414 (55.846%)
entry 2072000/3708414 (55.8729%)
entry 2073000/3708414 (55.8999%)
entry 2074000/3708414 (55.9269%)
entry 2077000/3708414 (56.0078%)
entry 2078000/3708414 (56.0347%)
entry 2081000/3708414 (56.1156%)
entry 2085000/3708414 (56.2235%)
entry 2086000/3708414 (56.2505%)
entry 2089000/3708414 (56.3314%)
entry 2090000/3708414 (56.3583%)
entry 2093000/3708414 (56.4392%)
entry 2095000/3708414 (56.4932%)
entry 2104000/3708414 (56.7358%)
entry 2105000/3708414 (56.7628%)
entry 2110000/3708414 (56.8976%)
entry 2112000/3708414 (56.9516%)
entry 2114000/3708414 (57.0055%)
entry 2119000/3708414 (57.1403%)
entry 2122000/3708414 (57.2212%)
entry 2123000/3708414 (57.2482%)
entry 2124000/3708414 (57.2752%)
entry 2132000/3708414 (57.4909%)
entry 2140000/3708414 (57.7066%)
entry 2143000/3708414 (57.7875%)
entry 2148000/3708414 (57.9223%)
entry 2150000/3708414 (57.9763%)
entry 2152000/3708414 (58.0302%)
entry 2154000/3708414 (58.0841%)
entry 2156000/3708414 (58.1381%)
entry 2158000/3708414 (58.192%)
entry 2159000/3708414 (58.219%)
entry 2160000/3708414 (58.2459%)
entry 2161000/3708414 (58.2729%)
entry 2162000/3708414 (58.2999%)
entry 2165000/3708414 (58.3808%)
entry 2166000/3708414 (58.4077%)
entry 2167000/3708414 (58.4347%)
entry 2171000/3708414 (58.5425%)
entry 2172000/3708414 (58.5695%)
entry 2173000/3708414 (58.5965%)
entry 2175000/3708414 (58.6504%)
entry 2176000/3708414 (58.6774%)
entry 2181000/3708414 (58.8122%)
entry 2182000/3708414 (58.8392%)
entry 2184000/3708414 (58.8931%)
entry 2189000/3708414 (59.0279%)
entry 2190000/3708414 (59.0549%)
entry 2193000/3708414 (59.1358%)
entry 2197000/3708414 (59.2437%)
entry 2204000/3708414 (59.4324%)
entry 2206000/3708414 (59.4863%)
entry 2209000/3708414 (59.5672%)
entry 2214000/3708414 (59.7021%)
entry 2220000/3708414 (59.8639%)
entry 2224000/3708414 (59.9717%)
entry 2228000/3708414 (60.0796%)
entry 2229000/3708414 (60.1066%)
entry 2231000/3708414 (60.1605%)
entry 2232000/3708414 (60.1875%)
entry 2234000/3708414 (60.2414%)
entry 2240000/3708414 (60.4032%)
entry 2241000/3708414 (60.4301%)
entry 2242000/3708414 (60.4571%)
entry 2243000/3708414 (60.4841%)
entry 2244000/3708414 (60.511%)
entry 2246000/3708414 (60.565%)
entry 2247000/3708414 (60.5919%)
entry 2249000/3708414 (60.6459%)
entry 2250000/3708414 (60.6728%)
entry 2254000/3708414 (60.7807%)
entry 2255000/3708414 (60.8077%)
entry 2256000/3708414 (60.8346%)
entry 2257000/3708414 (60.8616%)
entry 2263000/3708414 (61.0234%)
entry 2265000/3708414 (61.0773%)
entry 2269000/3708414 (61.1852%)
entry 2273000/3708414 (61.293%)
entry 2274000/3708414 (61.32%)
entry 2280000/3708414 (61.4818%)
entry 2281000/3708414 (61.5088%)
entry 2283000/3708414 (61.5627%)
entry 2284000/3708414 (61.5897%)
entry 2287000/3708414 (61.6706%)
entry 2293000/3708414 (61.8324%)
entry 2294000/3708414 (61.8593%)
entry 2295000/3708414 (61.8863%)
entry 2298000/3708414 (61.9672%)
entry 2300000/3708414 (62.0211%)
entry 2305000/3708414 (62.156%)
entry 2307000/3708414 (62.2099%)
entry 2312000/3708414 (62.3447%)
entry 2314000/3708414 (62.3986%)
entry 2318000/3708414 (62.5065%)
entry 2321000/3708414 (62.5874%)
entry 2324000/3708414 (62.6683%)
entry 2327000/3708414 (62.7492%)
entry 2336000/3708414 (62.9919%)
entry 2337000/3708414 (63.0189%)
entry 2339000/3708414 (63.0728%)
entry 2340000/3708414 (63.0998%)
entry 2342000/3708414 (63.1537%)
entry 2344000/3708414 (63.2076%)
entry 2347000/3708414 (63.2885%)
entry 2348000/3708414 (63.3155%)
entry 2349000/3708414 (63.3424%)
entry 2352000/3708414 (63.4233%)
entry 2356000/3708414 (63.5312%)
entry 2360000/3708414 (63.6391%)
entry 2361000/3708414 (63.666%)
entry 2363000/3708414 (63.72%)
entry 2367000/3708414 (63.8278%)
entry 2368000/3708414 (63.8548%)
entry 2369000/3708414 (63.8818%)
entry 2376000/3708414 (64.0705%)
entry 2377000/3708414 (64.0975%)
entry 2378000/3708414 (64.1244%)
entry 2381000/3708414 (64.2053%)
entry 2385000/3708414 (64.3132%)
entry 2386000/3708414 (64.3402%)
entry 2391000/3708414 (64.475%)
entry 2393000/3708414 (64.5289%)
entry 2394000/3708414 (64.5559%)
entry 2395000/3708414 (64.5829%)
entry 2396000/3708414 (64.6098%)
entry 2397000/3708414 (64.6368%)
entry 2398000/3708414 (64.6638%)
entry 2399000/3708414 (64.6907%)
entry 2405000/3708414 (64.8525%)
entry 2408000/3708414 (64.9334%)
entry 2418000/3708414 (65.2031%)
entry 2424000/3708414 (65.3649%)
entry 2425000/3708414 (65.3918%)
entry 2426000/3708414 (65.4188%)
entry 2427000/3708414 (65.4458%)
entry 2428000/3708414 (65.4727%)
entry 2431000/3708414 (65.5536%)
entry 2433000/3708414 (65.6076%)
entry 2440000/3708414 (65.7963%)
entry 2446000/3708414 (65.9581%)
entry 2451000/3708414 (66.0929%)
entry 2453000/3708414 (66.1469%)
entry 2460000/3708414 (66.3356%)
entry 2465000/3708414 (66.4705%)
entry 2470000/3708414 (66.6053%)
entry 2476000/3708414 (66.7671%)
entry 2477000/3708414 (66.794%)
entry 2481000/3708414 (66.9019%)
entry 2482000/3708414 (66.9289%)
entry 2484000/3708414 (66.9828%)
entry 2485000/3708414 (67.0098%)
entry 2489000/3708414 (67.1176%)
entry 2490000/3708414 (67.1446%)
entry 2493000/3708414 (67.2255%)
entry 2496000/3708414 (67.3064%)
entry 2500000/3708414 (67.4143%)
entry 2501000/3708414 (67.4412%)
entry 2511000/3708414 (67.7109%)
entry 2514000/3708414 (67.7918%)
entry 2516000/3708414 (67.8457%)
entry 2523000/3708414 (68.0345%)
entry 2526000/3708414 (68.1154%)
entry 2529000/3708414 (68.1963%)
entry 2531000/3708414 (68.2502%)
entry 2533000/3708414 (68.3041%)
entry 2535000/3708414 (68.3581%)
entry 2537000/3708414 (68.412%)
entry 2538000/3708414 (68.439%)
entry 2540000/3708414 (68.4929%)
entry 2545000/3708414 (68.6277%)
entry 2555000/3708414 (68.8974%)
entry 2557000/3708414 (68.9513%)
entry 2559000/3708414 (69.0052%)
entry 2560000/3708414 (69.0322%)
entry 2561000/3708414 (69.0592%)
entry 2562000/3708414 (69.0861%)
entry 2570000/3708414 (69.3019%)
entry 2572000/3708414 (69.3558%)
entry 2574000/3708414 (69.4097%)
entry 2577000/3708414 (69.4906%)
entry 2583000/3708414 (69.6524%)
entry 2587000/3708414 (69.7603%)
entry 2593000/3708414 (69.9221%)
entry 2596000/3708414 (70.003%)
entry 2597000/3708414 (70.0299%)
entry 2598000/3708414 (70.0569%)
entry 2605000/3708414 (70.2457%)
entry 2611000/3708414 (70.4075%)
entry 2612000/3708414 (70.4344%)
entry 2614000/3708414 (70.4884%)
entry 2615000/3708414 (70.5153%)
entry 2617000/3708414 (70.5693%)
entry 2619000/3708414 (70.6232%)
entry 2626000/3708414 (70.8119%)
entry 2629000/3708414 (70.8928%)
entry 2633000/3708414 (71.0007%)
entry 2634000/3708414 (71.0277%)
entry 2636000/3708414 (71.0816%)
entry 2637000/3708414 (71.1086%)
entry 2639000/3708414 (71.1625%)
entry 2640000/3708414 (71.1895%)
entry 2642000/3708414 (71.2434%)
entry 2646000/3708414 (71.3513%)
entry 2647000/3708414 (71.3782%)
entry 2656000/3708414 (71.6209%)
entry 2658000/3708414 (71.6748%)
entry 2660000/3708414 (71.7288%)
entry 2661000/3708414 (71.7557%)
entry 2662000/3708414 (71.7827%)
entry 2665000/3708414 (71.8636%)
entry 2666000/3708414 (71.8906%)
entry 2669000/3708414 (71.9715%)
entry 2670000/3708414 (71.9984%)
entry 2673000/3708414 (72.0793%)
entry 2674000/3708414 (72.1063%)
entry 2675000/3708414 (72.1333%)
entry 2677000/3708414 (72.1872%)
entry 2682000/3708414 (72.322%)
entry 2688000/3708414 (72.4838%)
entry 2689000/3708414 (72.5108%)
entry 2693000/3708414 (72.6186%)
entry 2697000/3708414 (72.7265%)
entry 2703000/3708414 (72.8883%)
entry 2705000/3708414 (72.9422%)
entry 2707000/3708414 (72.9962%)
entry 2713000/3708414 (73.158%)
entry 2714000/3708414 (73.1849%)
entry 2715000/3708414 (73.2119%)
entry 2718000/3708414 (73.2928%)
entry 2720000/3708414 (73.3467%)
entry 2722000/3708414 (73.4007%)
entry 2723000/3708414 (73.4276%)
entry 2727000/3708414 (73.5355%)
entry 2729000/3708414 (73.5894%)
entry 2733000/3708414 (73.6973%)
entry 2734000/3708414 (73.7242%)
entry 2738000/3708414 (73.8321%)
entry 2739000/3708414 (73.8591%)
entry 2744000/3708414 (73.9939%)
entry 2745000/3708414 (74.0209%)
entry 2746000/3708414 (74.0478%)
entry 2749000/3708414 (74.1287%)
entry 2750000/3708414 (74.1557%)
entry 2753000/3708414 (74.2366%)
entry 2754000/3708414 (74.2636%)
entry 2755000/3708414 (74.2905%)
entry 2756000/3708414 (74.3175%)
entry 2759000/3708414 (74.3984%)
entry 2760000/3708414 (74.4253%)
entry 2765000/3708414 (74.5602%)
entry 2766000/3708414 (74.5871%)
entry 2767000/3708414 (74.6141%)
entry 2768000/3708414 (74.6411%)
entry 2779000/3708414 (74.9377%)
entry 2780000/3708414 (74.9647%)
entry 2785000/3708414 (75.0995%)
entry 2788000/3708414 (75.1804%)
entry 2790000/3708414 (75.2343%)
entry 2791000/3708414 (75.2613%)
entry 2799000/3708414 (75.477%)
entry 2802000/3708414 (75.5579%)
entry 2803000/3708414 (75.5849%)
entry 2805000/3708414 (75.6388%)
entry 2806000/3708414 (75.6658%)
entry 2807000/3708414 (75.6927%)
entry 2812000/3708414 (75.8276%)
entry 2814000/3708414 (75.8815%)
entry 2819000/3708414 (76.0163%)
entry 2825000/3708414 (76.1781%)
entry 2826000/3708414 (76.2051%)
entry 2827000/3708414 (76.2321%)
entry 2829000/3708414 (76.286%)
entry 2831000/3708414 (76.3399%)
entry 2837000/3708414 (76.5017%)
entry 2838000/3708414 (76.5287%)
entry 2839000/3708414 (76.5556%)
entry 2845000/3708414 (76.7174%)
entry 2847000/3708414 (76.7714%)
entry 2848000/3708414 (76.7983%)
entry 2849000/3708414 (76.8253%)
entry 2850000/3708414 (76.8523%)
entry 2854000/3708414 (76.9601%)
entry 2858000/3708414 (77.068%)
entry 2861000/3708414 (77.1489%)
entry 2866000/3708414 (77.2837%)
entry 2867000/3708414 (77.3107%)
entry 2876000/3708414 (77.5534%)
entry 2877000/3708414 (77.5803%)
entry 2878000/3708414 (77.6073%)
entry 2879000/3708414 (77.6343%)
entry 2881000/3708414 (77.6882%)
entry 2896000/3708414 (78.0927%)
entry 2898000/3708414 (78.1466%)
entry 2899000/3708414 (78.1736%)
entry 2901000/3708414 (78.2275%)
entry 2902000/3708414 (78.2545%)
entry 2905000/3708414 (78.3354%)
entry 2915000/3708414 (78.605%)
entry 2920000/3708414 (78.7399%)
entry 2924000/3708414 (78.8477%)
entry 2926000/3708414 (78.9017%)
entry 2927000/3708414 (78.9286%)
entry 2928000/3708414 (78.9556%)
entry 2930000/3708414 (79.0095%)
entry 2931000/3708414 (79.0365%)
entry 2938000/3708414 (79.2252%)
entry 2939000/3708414 (79.2522%)
entry 2940000/3708414 (79.2792%)
entry 2941000/3708414 (79.3061%)
entry 2946000/3708414 (79.441%)
entry 2951000/3708414 (79.5758%)
entry 2953000/3708414 (79.6297%)
entry 2955000/3708414 (79.6837%)
entry 2956000/3708414 (79.7106%)
entry 2958000/3708414 (79.7646%)
entry 2960000/3708414 (79.8185%)
entry 2964000/3708414 (79.9264%)
entry 2966000/3708414 (79.9803%)
entry 2967000/3708414 (80.0072%)
entry 2971000/3708414 (80.1151%)
entry 2973000/3708414 (80.169%)
entry 2974000/3708414 (80.196%)
entry 2975000/3708414 (80.223%)
entry 2978000/3708414 (80.3039%)
entry 2984000/3708414 (80.4657%)
entry 2985000/3708414 (80.4926%)
entry 2986000/3708414 (80.5196%)
entry 2992000/3708414 (80.6814%)
entry 2993000/3708414 (80.7084%)
entry 2996000/3708414 (80.7893%)
entry 2998000/3708414 (80.8432%)
entry 3001000/3708414 (80.9241%)
entry 3002000/3708414 (80.951%)
entry 3003000/3708414 (80.978%)
entry 3005000/3708414 (81.0319%)
entry 3006000/3708414 (81.0589%)
entry 3014000/3708414 (81.2746%)
entry 3018000/3708414 (81.3825%)
entry 3022000/3708414 (81.4904%)
entry 3025000/3708414 (81.5713%)
entry 3031000/3708414 (81.7331%)
entry 3035000/3708414 (81.8409%)
entry 3038000/3708414 (81.9218%)
entry 3039000/3708414 (81.9488%)
entry 3044000/3708414 (82.0836%)
entry 3048000/3708414 (82.1915%)
entry 3049000/3708414 (82.2184%)
entry 3051000/3708414 (82.2724%)
entry 3052000/3708414 (82.2993%)
entry 3053000/3708414 (82.3263%)
entry 3057000/3708414 (82.4342%)
entry 3058000/3708414 (82.4611%)
entry 3062000/3708414 (82.569%)
entry 3066000/3708414 (82.6769%)
entry 3068000/3708414 (82.7308%)
entry 3069000/3708414 (82.7578%)
entry 3073000/3708414 (82.8656%)
entry 3076000/3708414 (82.9465%)
entry 3078000/3708414 (83.0004%)
entry 3079000/3708414 (83.0274%)
entry 3086000/3708414 (83.2162%)
entry 3089000/3708414 (83.2971%)
entry 3092000/3708414 (83.378%)
entry 3096000/3708414 (83.4858%)
entry 3097000/3708414 (83.5128%)
entry 3099000/3708414 (83.5667%)
entry 3103000/3708414 (83.6746%)
entry 3104000/3708414 (83.7016%)
entry 3105000/3708414 (83.7285%)
entry 3106000/3708414 (83.7555%)
entry 3115000/3708414 (83.9982%)
entry 3128000/3708414 (84.3487%)
entry 3132000/3708414 (84.4566%)
entry 3134000/3708414 (84.5105%)
entry 3137000/3708414 (84.5914%)
entry 3141000/3708414 (84.6993%)
entry 3142000/3708414 (84.7262%)
entry 3144000/3708414 (84.7802%)
entry 3151000/3708414 (84.9689%)
entry 3157000/3708414 (85.1307%)
entry 3158000/3708414 (85.1577%)
entry 3160000/3708414 (85.2116%)
entry 3164000/3708414 (85.3195%)
entry 3165000/3708414 (85.3465%)
entry 3166000/3708414 (85.3734%)
entry 3171000/3708414 (85.5083%)
entry 3173000/3708414 (85.5622%)
entry 3176000/3708414 (85.6431%)
entry 3178000/3708414 (85.697%)
entry 3179000/3708414 (85.724%)
entry 3182000/3708414 (85.8049%)
entry 3198000/3708414 (86.2363%)
entry 3206000/3708414 (86.4521%)
entry 3208000/3708414 (86.506%)
entry 3210000/3708414 (86.5599%)
entry 3212000/3708414 (86.6138%)
entry 3213000/3708414 (86.6408%)
entry 3217000/3708414 (86.7487%)
entry 3219000/3708414 (86.8026%)
entry 3222000/3708414 (86.8835%)
entry 3223000/3708414 (86.9105%)
entry 3224000/3708414 (86.9374%)
entry 3226000/3708414 (86.9914%)
entry 3227000/3708414 (87.0183%)
entry 3231000/3708414 (87.1262%)
entry 3232000/3708414 (87.1532%)
entry 3233000/3708414 (87.1801%)
entry 3235000/3708414 (87.2341%)
entry 3242000/3708414 (87.4228%)
entry 3243000/3708414 (87.4498%)
entry 3247000/3708414 (87.5576%)
entry 3250000/3708414 (87.6385%)
entry 3251000/3708414 (87.6655%)
entry 3253000/3708414 (87.7194%)
entry 3254000/3708414 (87.7464%)
entry 3256000/3708414 (87.8003%)
entry 3260000/3708414 (87.9082%)
entry 3261000/3708414 (87.9352%)
entry 3266000/3708414 (88.07%)
entry 3271000/3708414 (88.2048%)
entry 3272000/3708414 (88.2318%)
entry 3274000/3708414 (88.2857%)
entry 3279000/3708414 (88.4205%)
entry 3280000/3708414 (88.4475%)
entry 3287000/3708414 (88.6363%)
entry 3289000/3708414 (88.6902%)
entry 3294000/3708414 (88.825%)
entry 3296000/3708414 (88.879%)
entry 3304000/3708414 (89.0947%)
entry 3306000/3708414 (89.1486%)
entry 3312000/3708414 (89.3104%)
entry 3314000/3708414 (89.3643%)
entry 3316000/3708414 (89.4183%)
entry 3317000/3708414 (89.4452%)
entry 3318000/3708414 (89.4722%)
entry 3325000/3708414 (89.661%)
entry 3327000/3708414 (89.7149%)
entry 3328000/3708414 (89.7419%)
entry 3329000/3708414 (89.7688%)
entry 3330000/3708414 (89.7958%)
entry 3337000/3708414 (89.9846%)
entry 3338000/3708414 (90.0115%)
entry 3339000/3708414 (90.0385%)
entry 3347000/3708414 (90.2542%)
entry 3348000/3708414 (90.2812%)
entry 3349000/3708414 (90.3081%)
entry 3351000/3708414 (90.3621%)
entry 3354000/3708414 (90.443%)
entry 3358000/3708414 (90.5508%)
entry 3360000/3708414 (90.6048%)
entry 3362000/3708414 (90.6587%)
entry 3363000/3708414 (90.6857%)
entry 3366000/3708414 (90.7666%)
entry 3367000/3708414 (90.7935%)
entry 3370000/3708414 (90.8744%)
entry 3374000/3708414 (90.9823%)
entry 3375000/3708414 (91.0093%)
entry 3377000/3708414 (91.0632%)
entry 3383000/3708414 (91.225%)
entry 3386000/3708414 (91.3059%)
entry 3389000/3708414 (91.3868%)
entry 3394000/3708414 (91.5216%)
entry 3395000/3708414 (91.5486%)
entry 3399000/3708414 (91.6564%)
entry 3403000/3708414 (91.7643%)
entry 3409000/3708414 (91.9261%)
entry 3412000/3708414 (92.007%)
entry 3417000/3708414 (92.1418%)
entry 3418000/3708414 (92.1688%)
entry 3420000/3708414 (92.2227%)
entry 3421000/3708414 (92.2497%)
entry 3424000/3708414 (92.3306%)
entry 3425000/3708414 (92.3575%)
entry 3426000/3708414 (92.3845%)
entry 3428000/3708414 (92.4384%)
entry 3432000/3708414 (92.5463%)
entry 3433000/3708414 (92.5733%)
entry 3438000/3708414 (92.7081%)
entry 3440000/3708414 (92.762%)
entry 3443000/3708414 (92.8429%)
entry 3444000/3708414 (92.8699%)
entry 3447000/3708414 (92.9508%)
entry 3448000/3708414 (92.9778%)
entry 3449000/3708414 (93.0047%)
entry 3450000/3708414 (93.0317%)
entry 3451000/3708414 (93.0587%)
entry 3461000/3708414 (93.3283%)
entry 3462000/3708414 (93.3553%)
entry 3463000/3708414 (93.3822%)
entry 3465000/3708414 (93.4362%)
entry 3466000/3708414 (93.4631%)
entry 3468000/3708414 (93.5171%)
entry 3469000/3708414 (93.544%)
entry 3470000/3708414 (93.571%)
entry 3474000/3708414 (93.6789%)
entry 3475000/3708414 (93.7058%)
entry 3476000/3708414 (93.7328%)
entry 3477000/3708414 (93.7598%)
entry 3478000/3708414 (93.7867%)
entry 3482000/3708414 (93.8946%)
entry 3484000/3708414 (93.9485%)
entry 3489000/3708414 (94.0833%)
entry 3492000/3708414 (94.1642%)
entry 3495000/3708414 (94.2451%)
entry 3497000/3708414 (94.2991%)
entry 3498000/3708414 (94.326%)
entry 3499000/3708414 (94.353%)
entry 3501000/3708414 (94.4069%)
entry 3502000/3708414 (94.4339%)
entry 3503000/3708414 (94.4609%)
entry 3507000/3708414 (94.5687%)
entry 3509000/3708414 (94.6227%)
entry 3510000/3708414 (94.6496%)
entry 3512000/3708414 (94.7036%)
entry 3515000/3708414 (94.7845%)
entry 3520000/3708414 (94.9193%)
entry 3521000/3708414 (94.9462%)
entry 3524000/3708414 (95.0271%)
entry 3527000/3708414 (95.108%)
entry 3528000/3708414 (95.135%)
entry 3529000/3708414 (95.162%)
entry 3531000/3708414 (95.2159%)
entry 3534000/3708414 (95.2968%)
entry 3537000/3708414 (95.3777%)
entry 3538000/3708414 (95.4047%)
entry 3545000/3708414 (95.5934%)
entry 3546000/3708414 (95.6204%)
entry 3550000/3708414 (95.7283%)
entry 3551000/3708414 (95.7552%)
entry 3554000/3708414 (95.8361%)
entry 3557000/3708414 (95.917%)
entry 3559000/3708414 (95.9709%)
entry 3560000/3708414 (95.9979%)
entry 3562000/3708414 (96.0518%)
entry 3564000/3708414 (96.1058%)
entry 3567000/3708414 (96.1867%)
entry 3574000/3708414 (96.3754%)
entry 3575000/3708414 (96.4024%)
entry 3577000/3708414 (96.4563%)
entry 3578000/3708414 (96.4833%)
entry 3581000/3708414 (96.5642%)
entry 3582000/3708414 (96.5912%)
entry 3585000/3708414 (96.6721%)
entry 3586000/3708414 (96.699%)
entry 3589000/3708414 (96.7799%)
entry 3594000/3708414 (96.9147%)
entry 3596000/3708414 (96.9687%)
entry 3599000/3708414 (97.0496%)
entry 3601000/3708414 (97.1035%)
entry 3605000/3708414 (97.2114%)
entry 3608000/3708414 (97.2923%)
entry 3609000/3708414 (97.3192%)
entry 3610000/3708414 (97.3462%)
entry 3611000/3708414 (97.3732%)
entry 3616000/3708414 (97.508%)
entry 3621000/3708414 (97.6428%)
entry 3625000/3708414 (97.7507%)
entry 3629000/3708414 (97.8585%)
entry 3631000/3708414 (97.9125%)
entry 3635000/3708414 (98.0203%)
entry 3636000/3708414 (98.0473%)
entry 3637000/3708414 (98.0743%)
entry 3638000/3708414 (98.1012%)
entry 3640000/3708414 (98.1552%)
entry 3644000/3708414 (98.263%)
entry 3647000/3708414 (98.3439%)
entry 3652000/3708414 (98.4788%)
entry 3655000/3708414 (98.5597%)
entry 3656000/3708414 (98.5866%)
entry 3659000/3708414 (98.6675%)
entry 3662000/3708414 (98.7484%)
entry 3670000/3708414 (98.9641%)
entry 3672000/3708414 (99.0181%)
entry 3673000/3708414 (99.045%)
entry 3674000/3708414 (99.072%)
entry 3676000/3708414 (99.1259%)
entry 3677000/3708414 (99.1529%)
entry 3680000/3708414 (99.2338%)
entry 3682000/3708414 (99.2877%)
entry 3684000/3708414 (99.3417%)
entry 3687000/3708414 (99.4226%)
entry 3688000/3708414 (99.4495%)
entry 3690000/3708414 (99.5035%)
entry 3691000/3708414 (99.5304%)
entry 3693000/3708414 (99.5844%)
entry 3697000/3708414 (99.6922%)
entry 3699000/3708414 (99.7461%)
entry 3703000/3708414 (99.854%)
entry 3705000/3708414 (99.9079%)
entry 3706000/3708414 (99.9349%)
entry 3708000/3708414 (99.9888%)
all done
script done
