sphnx1113.sdcc.bnl.gov
rsyncing from /gpfs/mnt/gpfs02/sphenix/user/samfred/run25/ppg11/histmaking
running: /gpfs/mnt/gpfs02/sphenix/user/samfred/run25/ppg11/histmaking/script_data.sh 49230
LD_LIBRARY_PATH now /sphenix/user/samfred/run25/install//lib:/cvmfs/sphenix.sdcc.bnl.gov/alma9.2-gcc-14.2.0/opt/sphenix/core/gcc/14.2.0-2f0a0/x86_64-el9/lib:/cvmfs/sphenix.sdcc.bnl.gov/alma9.2-gcc-14.2.0/opt/sphenix/core/gcc/14.2.0-2f0a0/x86_64-el9/lib64:/cvmfs/sphenix.sdcc.bnl.gov/alma9.2-gcc-14.2.0/opt/sphenix/core/binutils/2.40-acaab/x86_64-el9/lib:.:/cvmfs/sphenix.sdcc.bnl.gov/alma9.2-gcc-14.2.0/release/release_new/new.10/lib64:/cvmfs/sphenix.sdcc.bnl.gov/alma9.2-gcc-14.2.0/release/release_new/new.10/lib:/cvmfs/sphenix.sdcc.bnl.gov/alma9.2-gcc-14.2.0/opt/sphenix/utils/lib:/cvmfs/sphenix.sdcc.bnl.gov/alma9.2-gcc-14.2.0/opt/sphenix/core/lib:/cvmfs/sphenix.sdcc.bnl.gov/alma9.2-gcc-14.2.0/opt/sphenix/core/root-6.32.06/lib:/cvmfs/sphenix.sdcc.bnl.gov/alma9.2-gcc-14.2.0/opt/sphenix/core/geant4.10.07.p04/lib64:/cvmfs/sphenix.sdcc.bnl.gov/alma9.2-gcc-14.2.0/opt/sphenix/core/lhapdf-5.9.1/lib:/usr/local/lib64:/usr/lib64
PATH now /sphenix/user/samfred/run25/install//bin:/cvmfs/sphenix.sdcc.bnl.gov/alma9.2-gcc-14.2.0/opt/sphenix/core/gcc/14.2.0-2f0a0/x86_64-el9/bin:/cvmfs/sphenix.sdcc.bnl.gov/alma9.2-gcc-14.2.0/opt/sphenix/core/binutils/2.40-acaab/x86_64-el9/bin:.:/cvmfs/sphenix.sdcc.bnl.gov/alma9.2-gcc-14.2.0/release/release_new/new.10/bin:/cvmfs/sphenix.sdcc.bnl.gov/alma9.2-gcc-14.2.0/opt/sphenix/utils/bin:/cvmfs/sphenix.sdcc.bnl.gov/alma9.2-gcc-14.2.0/opt/sphenix/core/bin:/cvmfs/sphenix.sdcc.bnl.gov/alma9.2-gcc-14.2.0/opt/sphenix/core/root-6.32.06/bin:/cvmfs/sphenix.sdcc.bnl.gov/alma9.2-gcc-14.2.0/opt/sphenix/core/geant4.10.07.p04/bin:/usr/local/bin:/usr/bin:/usr/local/sbin:/usr/sbin
SINGULARITY_CACHEDIR=/home/condor/local/sphnx/execute/dir_1979529
_CONDOR_CHIRP_CONFIG=/home/condor/local/sphnx/execute/dir_1979529/.chirp.config
_CONDOR_JOB_IWD=/sphenix/user/samfred/run25/ppg11/histmaking
G4ENSDFSTATEDATA=/cvmfs/sphenix.sdcc.bnl.gov/alma9.2-gcc-14.2.0/opt/sphenix/core/geant4.10.07.p04/share/Geant4-10.7.4/data/G4ENSDFSTATE2.3
_CONDOR_MACHINE_AD=/home/condor/local/sphnx/execute/dir_1979529/.machine.ad
ROOT_MAX_THREADS=1
_CONDOR_ANCESTOR_1979529=1983041:1759352700:964201943
NUMEXPR_NUM_THREADS=1
CUBACORES=1
_CHIRP_DELAYED_UPDATE_PREFIX=Chirp*
OMP_THREAD_LIMIT=1
G4PIIDATA=/cvmfs/sphenix.sdcc.bnl.gov/alma9.2-gcc-14.2.0/opt/sphenix/core/geant4.10.07.p04/share/Geant4-10.7.4/data/G4PII1.3
NO_AT_BRIDGE=1
G4_MAIN=/cvmfs/sphenix.sdcc.bnl.gov/alma9.2-gcc-14.2.0/opt/sphenix/core/geant4.10.07.p04
COMPILER_PATH=/cvmfs/sphenix.sdcc.bnl.gov/alma9.2-gcc-14.2.0/opt/sphenix/core/gcc/14.2.0-2f0a0/x86_64-el9
ROOT_INCLUDE_PATH=./:/sphenix/user/samfred/run25/install//include:/sphenix/user/samfred/run25/install//include/caloana:/sphenix/user/samfred/run25/install//include/qa_centrality:/sphenix/user/samfred/run25/install//include/mbdana:/sphenix/user/samfred/run25/install//include/centrality:/sphenix/user/samfred/run25/install//include/Event:/cvmfs/sphenix.sdcc.bnl.gov/alma9.2-gcc-14.2.0/release/release_new/new.10/include:/cvmfs/sphenix.sdcc.bnl.gov/alma9.2-gcc-14.2.0/release/release_new/new.10/include:/cvmfs/sphenix.sdcc.bnl.gov/alma9.2-gcc-14.2.0/release/release_new/new.10/include/g4mbd:/cvmfs/sphenix.sdcc.bnl.gov/alma9.2-gcc-14.2.0/release/release_new/new.10/include/fmt:/cvmfs/sphenix.sdcc.bnl.gov/alma9.2-gcc-14.2.0/release/release_new/new.10/include/ffarawobjects:/cvmfs/sphenix.sdcc.bnl.gov/alma9.2-gcc-14.2.0/release/release_new/new.10/include/JSON:/cvmfs/sphenix.sdcc.bnl.gov/alma9.2-gcc-14.2.0/release/release_new/new.10/include/calotreegen:/cvmfs/sphenix.sdcc.bnl.gov/alma9.2-gcc-14.2.0/release/release_new/new.10/include/torch:/cvmfs/sphenix.sdcc.bnl.gov/alma9.2-gcc-14.2.0/release/release_new/new.10/include/g4detectors:/cvmfs/sphenix.sdcc.bnl.gov/alma9.2-gcc-14.2.0/release/release_new/new.10/include/kineto:/cvmfs/sphenix.sdcc.bnl.gov/alma9.2-gcc-14.2.0/release/release_new/new.10/include/g4decayer:/cvmfs/sphenix.sdcc.bnl.gov/alma9.2-gcc-14.2.0/release/release_new/new.10/include/kfparticleqa:/cvmfs/sphenix.sdcc.bnl.gov/alma9.2-gcc-14.2.0/release/release_new/new.10/include/phfield:/cvmfs/sphenix.sdcc.bnl.gov/alma9.2-gcc-14.2.0/release/release_new/new.10/include/LHAPDF:/cvmfs/sphenix.sdcc.bnl.gov/alma9.2-gcc-14.2.0/release/release_new/new.10/include/readdigitalcurrents:/cvmfs/sphenix.sdcc.bnl.gov/alma9.2-gcc-14.2.0/release/release_new/new.10/include/c10:/cvmfs/sphenix.sdcc.bnl.gov/alma9.2-gcc-14.2.0/release/release_new/new.10/include/calovalid:/cvmfs/sphenix.sdcc.bnl.gov/alma9.2-gcc-14.2.0/release/release_new/new.10/include/oneapi:/cvmfs/sphenix.sdcc.bnl.gov/alma9.2-gcc-14.2.0/release/release_new/new.10/include/DDCond:/cvmfs/sphenix.sdcc.bnl.gov/alma9.2-gcc-14.2.0/release/release_new/new.10/include/g4tracking:/cvmfs/sphenix.sdcc.bnl.gov/alma9.2-gcc-14.2.0/release/release_new/new.10/include/litecaloeval:/cvmfs/sphenix.sdcc.bnl.gov/alma9.2-gcc-14.2.0/release/release_new/new.10/include/g4intt:/cvmfs/sphenix.sdcc.bnl.gov/alma9.2-gcc-14.2.0/release/release_new/new.10/include/phool:/cvmfs/sphenix.sdcc.bnl.gov/alma9.2-gcc-14.2.0/release/release_new/new.10/include/boost:/cvmfs/sphenix.sdcc.bnl.gov/alma9.2-gcc-14.2.0/release/release_new/new.10/include/Pythia8Plugins:/cvmfs/sphenix.sdcc.bnl.gov/alma9.2-gcc-14.2.0/release/release_new/new.10/include/calib_emc_pi0:/cvmfs/sphenix.sdcc.bnl.gov/alma9.2-gcc-14.2.0/release/release_new/new.10/include/hijingflipafterburner:/cvmfs/sphenix.sdcc.bnl.gov/alma9.2-gcc-14.2.0/release/release_new/new.10/include/ffaobjects:/cvmfs/sphenix.sdcc.bnl.gov/alma9.2-gcc-14.2.0/release/release_new/new.10/include/EvtGenBase:/cvmfs/sphenix.sdcc.bnl.gov/alma9.2-gcc-14.2.0/release/release_new/new.10/include/flowafterburner:/cvmfs/sphenix.sdcc.bnl.gov/alma9.2-gcc-14.2.0/release/release_new/new.10/include/google:/cvmfs/sphenix.sdcc.bnl.gov/alma9.2-gcc-14.2.0/release/release_new/new.10/include/g4tpc:/cvmfs/sphenix.sdcc.bnl.gov/alma9.2-gcc-14.2.0/release/release_new/new.10/include/caffe2:/cvmfs/sphenix.sdcc.bnl.gov/alma9.2-gcc-14.2.0/release/release_new/new.10/include/EvtGenExternal:/cvmfs/sphenix.sdcc.bnl.gov/alma9.2-gcc-14.2.0/release/release_new/new.10/include/fp16:/cvmfs/sphenix.sdcc.bnl.gov/alma9.2-gcc-14.2.0/release/release_new/new.10/include/ffamodules:/cvmfs/sphenix.sdcc.bnl.gov/alma9.2-gcc-14.2.0/release/release_new/new.10/include/uspin:/cvmfs/sphenix.sdcc.bnl.gov/alma9.2-gcc-14.2.0/release/release_new/new.10/include/Herwig:/cvmfs/sphenix.sdcc.bnl.gov/alma9.2-gcc-14.2.0/release/release_new/new.10/include/genfitexp:/cvmfs/sphenix.sdcc.bnl.gov/alma9.2-gcc-14.2.0/release/release_new/new.10/include/XML:/cvmfs/sphenix.sdcc.bnl.gov/alma9.2-gcc-14.2.0/release/release_new/new.10/include/fbgemm:/cvmfs/sphenix.sdcc.bnl.gov/alma9.2-gcc-14.2.0/release/release_new/new.10/include/DDAlign:/cvmfs/sphenix.sdcc.bnl.gov/alma9.2-gcc-14.2.0/release/release_new/new.10/include/g4mvtx:/cvmfs/sphenix.sdcc.bnl.gov/alma9.2-gcc-14.2.0/release/release_new/new.10/include/kfparticle_sphenix:/cvmfs/sphenix.sdcc.bnl.gov/alma9.2-gcc-14.2.0/release/release_new/new.10/include/fun4all:/cvmfs/sphenix.sdcc.bnl.gov/alma9.2-gcc-14.2.0/release/release_new/new.10/include/intt:/cvmfs/sphenix.sdcc.bnl.gov/alma9.2-gcc-14.2.0/release/release_new/new.10/include/eventdisplay:/cvmfs/sphenix.sdcc.bnl.gov/alma9.2-gcc-14.2.0/release/release_new/new.10/include/EvtGen:/cvmfs/sphenix.sdcc.bnl.gov/alma9.2-gcc-14.2.0/release/release_new/new.10/include/Evaluator:/cvmfs/sphenix.sdcc.bnl.gov/alma9.2-gcc-14.2.0/release/release_new/new.10/include/tpc:/cvmfs/sphenix.sdcc.bnl.gov/alma9.2-gcc-14.2.0/release/release_new/new.10/include/GenFit:/cvmfs/sphenix.sdcc.bnl.gov/alma9.2-gcc-14.2.0/release/release_new/new.10/include/prototype4:/cvmfs/sphenix.sdcc.bnl.gov/alma9.2-gcc-14.2.0/release/release_new/new.10/include/caloembedding:/cvmfs/sphenix.sdcc.bnl.gov/alma9.2-gcc-14.2.0/release/release_new/new.10/include/EvtGenModels:/cvmfs/sphenix.sdcc.bnl.gov/alma9.2-gcc-14.2.0/release/release_new/new.10/include/fastjet:/cvmfs/sphenix.sdcc.bnl.gov/alma9.2-gcc-14.2.0/release/release_new/new.10/include/DDG4:/cvmfs/sphenix.sdcc.bnl.gov/alma9.2-gcc-14.2.0/release/release_new/new.10/include/mbd:/cvmfs/sphenix.sdcc.bnl.gov/alma9.2-gcc-14.2.0/release/release_new/new.10/include/tbb:/cvmfs/sphenix.sdcc.bnl.gov/alma9.2-gcc-14.2.0/release/release_new/new.10/include/phgeom:/cvmfs/sphenix.sdcc.bnl.gov/alma9.2-gcc-14.2.0/release/release_new/new.10/include/g4epd:/cvmfs/sphenix.sdcc.bnl.gov/alma9.2-gcc-14.2.0/release/release_new/new.10/include/oncal:/cvmfs/sphenix.sdcc.bnl.gov/alma9.2-gcc-14.2.0/release/release_new/new.10/include/pybind11:/cvmfs/sphenix.sdcc.bnl.gov/alma9.2-gcc-14.2.0/release/release_new/new.10/include/tpcdistgenerator:/cvmfs/sphenix.sdcc.bnl.gov/alma9.2-gcc-14.2.0/release/release_new/new.10/include/cdbobjects:/cvmfs/sphenix.sdcc.bnl.gov/alma9.2-gcc-14.2.0/release/release_new/new.10/include/g4micromegas:/cvmfs/sphenix.sdcc.bnl.gov/alma9.2-gcc-14.2.0/release/release_new/new.10/include/g4eval:/cvmfs/sphenix.sdcc.bnl.gov/alma9.2-gcc-14.2.0/release/release_new/new.10/include/jetbackground:/cvmfs/sphenix.sdcc.bnl.gov/alma9.2-gcc-14.2.0/release/release_new/new.10/include/micromegas:/cvmfs/sphenix.sdcc.bnl.gov/alma9.2-gcc-14.2.0/release/release_new/new.10/include/hftrackefficiency:/cvmfs/sphenix.sdcc.bnl.gov/alma9.2-gcc-14.2.0/release/release_new/new.10/include/inttrawhitqa:/cvmfs/sphenix.sdcc.bnl.gov/alma9.2-gcc-14.2.0/release/release_new/new.10/include/centrality:/cvmfs/sphenix.sdcc.bnl.gov/alma9.2-gcc-14.2.0/release/release_new/new.10/include/epd:/cvmfs/sphenix.sdcc.bnl.gov/alma9.2-gcc-14.2.0/release/release_new/new.10/include/caloreco:/cvmfs/sphenix.sdcc.bnl.gov/alma9.2-gcc-14.2.0/release/release_new/new.10/include/HepMC:/cvmfs/sphenix.sdcc.bnl.gov/alma9.2-gcc-14.2.0/release/release_new/new.10/include/CLHEP:/cvmfs/sphenix.sdcc.bnl.gov/alma9.2-gcc-14.2.0/release/release_new/new.10/include/Acts:/cvmfs/sphenix.sdcc.bnl.gov/alma9.2-gcc-14.2.0/release/release_new/new.10/include/g4histos:/cvmfs/sphenix.sdcc.bnl.gov/alma9.2-gcc-14.2.0/release/release_new/new.10/include/eventplaneinfo:/cvmfs/sphenix.sdcc.bnl.gov/alma9.2-gcc-14.2.0/release/release_new/new.10/include/fillspacechargemaps:/cvmfs/sphenix.sdcc.bnl.gov/alma9.2-gcc-14.2.0/release/release_new/new.10/include/phhepmc:/cvmfs/sphenix.sdcc.bnl.gov/alma9.2-gcc-14.2.0/release/release_new/new.10/include/trackingqa:/cvmfs/sphenix.sdcc.bnl.gov/alma9.2-gcc-14.2.0/release/release_new/new.10/include/qautils:/cvmfs/sphenix.sdcc.bnl.gov/alma9.2-gcc-14.2.0/release/release_new/new.10/include/trackreco:/cvmfs/sphenix.sdcc.bnl.gov/alma9.2-gcc-14.2.0/release/release_new/new.10/include/g4ohcal:/cvmfs/sphenix.sdcc.bnl.gov/alma9.2-gcc-14.2.0/release/release_new/new.10/include/tpcdvcalib:/cvmfs/sphenix.sdcc.bnl.gov/alma9.2-gcc-14.2.0/release/release_new/new.10/include/zdcinfo:/cvmfs/sphenix.sdcc.bnl.gov/alma9.2-gcc-14.2.0/release/release_new/new.10/include/phpythia8:/cvmfs/sphenix.sdcc.bnl.gov/alma9.2-gcc-14.2.0/release/release_new/new.10/include/fun4allutils:/cvmfs/sphenix.sdcc.bnl.gov/alma9.2-gcc-14.2.0/release/release_new/new.10/include/tpcqa:/cvmfs/sphenix.sdcc.bnl.gov/alma9.2-gcc-14.2.0/release/release_new/new.10/include/Pythia8:/cvmfs/sphenix.sdcc.bnl.gov/alma9.2-gcc-14.2.0/release/release_new/new.10/include/DDRec:/cvmfs/sphenix.sdcc.bnl.gov/alma9.2-gcc-14.2.0/release/release_new/new.10/include/DDDigi:/cvmfs/sphenix.sdcc.bnl.gov/alma9.2-gcc-14.2.0/release/release_new/new.10/include/g4ihcal:/cvmfs/sphenix.sdcc.bnl.gov/alma9.2-gcc-14.2.0/release/release_new/new.10/include/frog:/cvmfs/sphenix.sdcc.bnl.gov/alma9.2-gcc-14.2.0/release/release_new/new.10/include/eigen3:/cvmfs/sphenix.sdcc.bnl.gov/alma9.2-gcc-14.2.0/release/release_new/new.10/include/tensorpipe:/cvmfs/sphenix.sdcc.bnl.gov/alma9.2-gcc-14.2.0/release/release_new/new.10/include/sphenixnpc:/cvmfs/sphenix.sdcc.bnl.gov/alma9.2-gcc-14.2.0/release/release_new/new.10/include/siscone:/cvmfs/sphenix.sdcc.bnl.gov/alma9.2-gcc-14.2.0/release/release_new/new.10/include/pmonitor:/cvmfs/sphenix.sdcc.bnl.gov/alma9.2-gcc-14.2.0/release/release_new/new.10/include/calobase:/cvmfs/sphenix.sdcc.bnl.gov/alma9.2-gcc-14.2.0/release/release_new/new.10/include/ActsExamples:/cvmfs/sphenix.sdcc.bnl.gov/alma9.2-gcc-14.2.0/release/release_new/new.10/include/g4gdml:/cvmfs/sphenix.sdcc.bnl.gov/alma9.2-gcc-14.2.0/release/release_new/new.10/include/mvtx_decoder:/cvmfs/sphenix.sdcc.bnl.gov/alma9.2-gcc-14.2.0/release/release_new/new.10/include/ROOT:/cvmfs/sphenix.sdcc.bnl.gov/alma9.2-gcc-14.2.0/release/release_new/new.10/include/phparameter:/cvmfs/sphenix.sdcc.bnl.gov/alma9.2-gcc-14.2.0/release/release_new/new.10/include/rsa:/cvmfs/sphenix.sdcc.bnl.gov/alma9.2-gcc-14.2.0/release/release_new/new.10/include/fun4allraw:/cvmfs/sphenix.sdcc.bnl.gov/alma9.2-gcc-14.2.0/release/release_new/new.10/include/trackbase_historic:/cvmfs/sphenix.sdcc.bnl.gov/alma9.2-gcc-14.2.0/release/release_new/new.10/include/g4jets:/cvmfs/sphenix.sdcc.bnl.gov/alma9.2-gcc-14.2.0/release/release_new/new.10/include/jetqa:/cvmfs/sphenix.sdcc.bnl.gov/alma9.2-gcc-14.2.0/release/release_new/new.10/include/phoolraw:/cvmfs/sphenix.sdcc.bnl.gov/alma9.2-gcc-14.2.0/release/release_new/new.10/include/g4calo:/cvmfs/sphenix.sdcc.bnl.gov/alma9.2-gcc-14.2.0/release/release_new/new.10/include/mvtxrawhitqa:/cvmfs/sphenix.sdcc.bnl.gov/alma9.2-gcc-14.2.0/release/release_new/new.10/include/HepMC3:/cvmfs/sphenix.sdcc.bnl.gov/alma9.2-gcc-14.2.0/release/release_new/new.10/include/calowaveformsim:/cvmfs/sphenix.sdcc.bnl.gov/alma9.2-gcc-14.2.0/release/release_new/new.10/include/g4caloprototype:/cvmfs/sphenix.sdcc.bnl.gov/alma9.2-gcc-14.2.0/release/release_new/new.10/include/pdbcalbase:/cvmfs/sphenix.sdcc.bnl.gov/alma9.2-gcc-14.2.0/release/release_new/new.10/include/gsl:/cvmfs/sphenix.sdcc.bnl.gov/alma9.2-gcc-14.2.0/release/release_new/new.10/include/nodedump:/cvmfs/sphenix.sdcc.bnl.gov/alma9.2-gcc-14.2.0/release/release_new/new.10/include/emcnoisytowerfinder:/cvmfs/sphenix.sdcc.bnl.gov/alma9.2-gcc-14.2.0/release/release_new/new.10/include/ActsFatras:/cvmfs/sphenix.sdcc.bnl.gov/alma9.2-gcc-14.2.0/release/release_new/new.10/include/ffarawmodules:/cvmfs/sphenix.sdcc.bnl.gov/alma9.2-gcc-14.2.0/release/release_new/new.10/include/Event:/cvmfs/sphenix.sdcc.bnl.gov/alma9.2-gcc-14.2.0/release/release_new/new.10/include/prototype3:/cvmfs/sphenix.sdcc.bnl.gov/alma9.2-gcc-14.2.0/release/release_new/new.10/include/fermimotionafterburner:/cvmfs/sphenix.sdcc.bnl.gov/alma9.2-gcc-14.2.0/release/release_new/new.10/include/Photos:/cvmfs/sphenix.sdcc.bnl.gov/alma9.2-gcc-14.2.0/release/release_new/new.10/include/xingshiftcal:/cvmfs/sphenix.sdcc.bnl.gov/alma9.2-gcc-14.2.0/release/release_new/new.10/include/trackbase:/cvmfs/sphenix.sdcc.bnl.gov/alma9.2-gcc-14.2.0/release/release_new/new.10/include/jetdstskimmer:/cvmfs/sphenix.sdcc.bnl.gov/alma9.2-gcc-14.2.0/release/release_new/new.10/include/clusteriso:/cvmfs/sphenix.sdcc.bnl.gov/alma9.2-gcc-14.2.0/release/release_new/new.10/include/asmjit:/cvmfs/sphenix.sdcc.bnl.gov/alma9.2-gcc-14.2.0/release/release_new/new.10/include/particleflowreco:/cvmfs/sphenix.sdcc.bnl.gov/alma9.2-gcc-14.2.0/release/release_new/new.10/include/tpchittrackdisplay:/cvmfs/sphenix.sdcc.bnl.gov/alma9.2-gcc-14.2.0/release/release_new/new.10/include/caloana:/cvmfs/sphenix.sdcc.bnl.gov/alma9.2-gcc-14.2.0/release/release_new/new.10/include/calotrigger:/cvmfs/sphenix.sdcc.bnl.gov/alma9.2-gcc-14.2.0/release/release_new/new.10/include/nopayloadclient:/cvmfs/sphenix.sdcc.bnl.gov/alma9.2-gcc-14.2.0/release/release_new/new.10/include/trackermillepedealignment:/cvmfs/sphenix.sdcc.bnl.gov/alma9.2-gcc-14.2.0/release/release_new/new.10/include/DD4hep:/cvmfs/sphenix.sdcc.bnl.gov/alma9.2-gcc-14.2.0/release/release_new/new.10/include/g4trackfastsim:/cvmfs/sphenix.sdcc.bnl.gov/alma9.2-gcc-14.2.0/release/release_new/new.10/include/prototype2:/cvmfs/sphenix.sdcc.bnl.gov/alma9.2-gcc-14.2.0/release/release_new/new.10/include/ATen:/cvmfs/sphenix.sdcc.bnl.gov/alma9.2-gcc-14.2.0/release/release_new/new.10/include/g4main:/cvmfs/sphenix.sdcc.bnl.gov/alma9.2-gcc-14.2.0/release/release_new/new.10/include/Tauola:/cvmfs/sphenix.sdcc.bnl.gov/alma9.2-gcc-14.2.0/release/release_new/new.10/include/inttcalib:/cvmfs/sphenix.sdcc.bnl.gov/alma9.2-gcc-14.2.0/release/release_new/new.10/include/reactionplaneafterburner:/cvmfs/sphenix.sdcc.bnl.gov/alma9.2-gcc-14.2.0/release/release_new/new.10/include/globalqa:/cvmfs/sphenix.sdcc.bnl.gov/alma9.2-gcc-14.2.0/release/release_new/new.10/include/tpccalib:/cvmfs/sphenix.sdcc.bnl.gov/alma9.2-gcc-14.2.0/release/release_new/new.10/include/DDSegmentation:/cvmfs/sphenix.sdcc.bnl.gov/alma9.2-gcc-14.2.0/release/release_new/new.10/include/decayfinder:/cvmfs/sphenix.sdcc.bnl.gov/alma9.2-gcc-14.2.0/release/release_new/new.10/include/compressclus:/cvmfs/sphenix.sdcc.bnl.gov/alma9.2-gcc-14.2.0/release/release_new/new.10/include/simqa_modules:/cvmfs/sphenix.sdcc.bnl.gov/alma9.2-gcc-14.2.0/release/release_new/new.10/include/resonancejettagging:/cvmfs/sphenix.sdcc.bnl.gov/alma9.2-gcc-14.2.0/release/release_new/new.10/include/g4centrality:/cvmfs/sphenix.sdcc.bnl.gov/alma9.2-gcc-14.2.0/release/release_new/new.10/include/mvtx:/cvmfs/sphenix.sdcc.bnl.gov/alma9.2-gcc-14.2.0/release/release_new/new.10/include/nlohmann:/cvmfs/sphenix.sdcc.bnl.gov/alma9.2-gcc-14.2.0/release/release_new/new.10/include/localpoloffmon:/cvmfs/sphenix.sdcc.bnl.gov/alma9.2-gcc-14.2.0/release/release_new/new.10/include/DDEve:/cvmfs/sphenix.sdcc.bnl.gov/alma9.2-gcc-14.2.0/release/release_new/new.10/include/Parsers:/cvmfs/sphenix.sdcc.bnl.gov/alma9.2-gcc-14.2.0/release/release_new/new.10/include/trackingdiagnostics:/cvmfs/sphenix.sdcc.bnl.gov/alma9.2-gcc-14.2.0/release/release_new/new.10/include/g4vertex:/cvmfs/sphenix.sdcc.bnl.gov/alma9.2-gcc-14.2.0/release/release_new/new.10/include/jetbase:/cvmfs/sphenix.sdcc.bnl.gov/alma9.2-gcc-14.2.0/release/release_new/new.10/include/globalvertex:/cvmfs/sphenix.sdcc.bnl.gov/alma9.2-gcc-14.2.0/release/release_new/new.10/include/phgenfit:/cvmfs/sphenix.sdcc.bnl.gov/alma9.2-gcc-14.2.0/release/release_new/new.10/include/rawbcolumi:/cvmfs/sphenix.sdcc.bnl.gov/alma9.2-gcc-14.2.0/release/release_new/new.10/include/eicsmear:/cvmfs/sphenix.sdcc.bnl.gov/alma9.2-gcc-14.2.0/release/release_new/new.10/include/mvtxcalib:/cvmfs/sphenix.sdcc.bnl.gov/alma9.2-gcc-14.2.0/release/release_new/new.10/include/tpclinelaserdiode:/cvmfs/sphenix.sdcc.bnl.gov/alma9.2-gcc-14.2.0/release/release_new/new.10/include/hepmcjettrigger:/cvmfs/sphenix.sdcc.bnl.gov/alma9.2-gcc-14.2.0/release/release_new/new.10/include/core:/cvmfs/sphenix.sdcc.bnl.gov/alma9.2-gcc-14.2.0/release/release_new/new.10/include/calo_cdb:/cvmfs/sphenix.sdcc.bnl.gov/alma9.2-gcc-14.2.0/release/release_new/new.10/include/mvtxclustershapesqa:/cvmfs/sphenix.sdcc.bnl.gov/alma9.2-gcc-14.2.0/release/release_new/new.10/include/calopacketskimmer:/cvmfs/sphenix.sdcc.bnl.gov/alma9.2-gcc-14.2.0/opt/sphenix/core/geant4.10.07.p04/include:/cvmfs/sphenix.sdcc.bnl.gov/alma9.2-gcc-14.2.0/release/release_new/new.10/rootmacros:/cvmfs/sphenix.sdcc.bnl.gov/alma9.2-gcc-14.2.0/opt/sphenix/core/include
GSEARCHPATH=.:PG:LUSTRE:RAWDATA
PWD=/gpfs/mnt/gpfs02/sphenix/user/samfred/run25/ppg11/histmaking
LOGNAME=samfred
_CONDOR_JOB_AD=/home/condor/local/sphnx/execute/dir_1979529/.job.ad
MANPATH=/cvmfs/sphenix.sdcc.bnl.gov/alma9.2-gcc-14.2.0/opt/sphenix/core/gcc/14.2.0-2f0a0/x86_64-el9/share/man:/cvmfs/sphenix.sdcc.bnl.gov/alma9.2-gcc-14.2.0/opt/sphenix/core/binutils/2.40-acaab/x86_64-el9/share/man:/cvmfs/sphenix.sdcc.bnl.gov/alma9.2-gcc-14.2.0/release/release_new/new.10/share/man:/cvmfs/sphenix.sdcc.bnl.gov/alma9.2-gcc-14.2.0/opt/sphenix/utils/share/man:/cvmfs/sphenix.sdcc.bnl.gov/alma9.2-gcc-14.2.0/opt/sphenix/core/share/man:/cvmfs/sphenix.sdcc.bnl.gov/alma9.2-gcc-14.2.0/opt/sphenix/core/root-6.32.06/man:/usr/local/share/man:/usr/share/man
PYTHIA8=/cvmfs/sphenix.sdcc.bnl.gov/alma9.2-gcc-14.2.0/release/release_new/new.10/share/Pythia8
G4INCLDATA=/cvmfs/sphenix.sdcc.bnl.gov/alma9.2-gcc-14.2.0/opt/sphenix/core/geant4.10.07.p04/share/Geant4-10.7.4/data/G4INCL1.0
ORIG_PATH=/usr/local/bin:/usr/bin
CXX=/cvmfs/sphenix.sdcc.bnl.gov/alma9.2-gcc-14.2.0/opt/sphenix/core/gcc/14.2.0-2f0a0/x86_64-el9/bin/g++
G4LEDATA=/cvmfs/sphenix.sdcc.bnl.gov/alma9.2-gcc-14.2.0/opt/sphenix/core/geant4.10.07.p04/share/Geant4-10.7.4/data/G4EMLOW7.13
PYTHON_CPU_COUNT=1
OPENBLAS_NUM_THREADS=1
_CONDOR_BIN=/usr/bin
HOME=/sphenix/u/samfred
G4PARTICLEXSDATA=/cvmfs/sphenix.sdcc.bnl.gov/alma9.2-gcc-14.2.0/opt/sphenix/core/geant4.10.07.p04/share/Geant4-10.7.4/data/G4PARTICLEXS3.1.1
ONLINE_MAIN=/cvmfs/sphenix.sdcc.bnl.gov/alma9.2-gcc-14.2.0/release/release_new/new.10
CALIBRATIONROOT=/cvmfs/sphenix.sdcc.bnl.gov/alma9.2-gcc-14.2.0/release/release_new/new.10/share/calibrations
TMPDIR=/tmp
_CONDOR_SCRATCH_DIR=/home/condor/local/sphnx/execute/dir_1979529
PGUSER=phnxrc
NOPAYLOADCLIENT_CONF=/cvmfs/sphenix.sdcc.bnl.gov/alma9.2-gcc-14.2.0/opt/sphenix/core/etc/sPHENIX_newcdb.json
XERCESCROOT=/cvmfs/sphenix.sdcc.bnl.gov/alma9.2-gcc-14.2.0/opt/sphenix/core/geant4.10.07.p04
LHAPATH=/cvmfs/sphenix.sdcc.bnl.gov/alma9.2-gcc-14.2.0/opt/sphenix/core/lhapdf-5.9.1/share/lhapdf/PDFsets
G4NEUTRONHPDATA=/cvmfs/sphenix.sdcc.bnl.gov/alma9.2-gcc-14.2.0/opt/sphenix/core/geant4.10.07.p04/share/Geant4-10.7.4/data/G4NDL4.6
PYTHONPATH=.:/cvmfs/sphenix.sdcc.bnl.gov/alma9.2-gcc-14.2.0/release/release_new/new.10/lib/python3.13/site-packages:/cvmfs/sphenix.sdcc.bnl.gov/alma9.2-gcc-14.2.0/opt/sphenix/core/lib/python3.13/site-packages:/cvmfs/sphenix.sdcc.bnl.gov/alma9.2-gcc-14.2.0/opt/sphenix/core/root-6.32.06/lib
USER=samfred
_CONDOR_ANCESTOR_26173=26218:1756527017:3130080382
_CONDOR_JOB_PIDS=
TEMP=/tmp
GOMAXPROCS=1
OFFLINE_MAIN=/cvmfs/sphenix.sdcc.bnl.gov/alma9.2-gcc-14.2.0/release/release_new/new.10
SHLVL=1
TF_NUM_THREADS=1
G4SAIDXSDATA=/cvmfs/sphenix.sdcc.bnl.gov/alma9.2-gcc-14.2.0/opt/sphenix/core/geant4.10.07.p04/share/Geant4-10.7.4/data/G4SAIDDATA2.0
APPTAINER_CACHEDIR=/home/condor/local/sphnx/execute/dir_1979529
ROOTSYS=/cvmfs/sphenix.sdcc.bnl.gov/alma9.2-gcc-14.2.0/opt/sphenix/core/root-6.32.06
BATCH_SYSTEM=HTCondor
_CONDOR_SLOT=slot1_18
LD_LIBRARY_PATH=/sphenix/user/samfred/run25/install//lib:/cvmfs/sphenix.sdcc.bnl.gov/alma9.2-gcc-14.2.0/opt/sphenix/core/gcc/14.2.0-2f0a0/x86_64-el9/lib:/cvmfs/sphenix.sdcc.bnl.gov/alma9.2-gcc-14.2.0/opt/sphenix/core/gcc/14.2.0-2f0a0/x86_64-el9/lib64:/cvmfs/sphenix.sdcc.bnl.gov/alma9.2-gcc-14.2.0/opt/sphenix/core/binutils/2.40-acaab/x86_64-el9/lib:.:/cvmfs/sphenix.sdcc.bnl.gov/alma9.2-gcc-14.2.0/release/release_new/new.10/lib64:/cvmfs/sphenix.sdcc.bnl.gov/alma9.2-gcc-14.2.0/release/release_new/new.10/lib:/cvmfs/sphenix.sdcc.bnl.gov/alma9.2-gcc-14.2.0/opt/sphenix/utils/lib:/cvmfs/sphenix.sdcc.bnl.gov/alma9.2-gcc-14.2.0/opt/sphenix/core/lib:/cvmfs/sphenix.sdcc.bnl.gov/alma9.2-gcc-14.2.0/opt/sphenix/core/root-6.32.06/lib:/cvmfs/sphenix.sdcc.bnl.gov/alma9.2-gcc-14.2.0/opt/sphenix/core/geant4.10.07.p04/lib64:/cvmfs/sphenix.sdcc.bnl.gov/alma9.2-gcc-14.2.0/opt/sphenix/core/lhapdf-5.9.1/lib:/usr/local/lib64:/usr/lib64
OPT_SPHENIX=/cvmfs/sphenix.sdcc.bnl.gov/alma9.2-gcc-14.2.0/opt/sphenix/core
TF_LOOP_PARALLEL_ITERATIONS=1
EVT_LIB=/cvmfs/sphenix.sdcc.bnl.gov/alma9.2-gcc-14.2.0/opt/sphenix/core/root-6.32.06/lib
PGHOST=sphnxdbmaster.sdcc.bnl.gov
OMP_NUM_THREADS=1
G4REALSURFACEDATA=/cvmfs/sphenix.sdcc.bnl.gov/alma9.2-gcc-14.2.0/opt/sphenix/core/geant4.10.07.p04/share/Geant4-10.7.4/data/RealSurface2.2
FC=/cvmfs/sphenix.sdcc.bnl.gov/alma9.2-gcc-14.2.0/opt/sphenix/core/gcc/14.2.0-2f0a0/x86_64-el9/bin/gfortran
G4ABLADATA=/cvmfs/sphenix.sdcc.bnl.gov/alma9.2-gcc-14.2.0/opt/sphenix/core/geant4.10.07.p04/share/Geant4-10.7.4/data/G4ABLA3.1
_CONDOR_ANCESTOR_26218=1979529:1759352700:296182394
PARASOFT=doesnotexist
TMP=/tmp
OPT_UTILS=/cvmfs/sphenix.sdcc.bnl.gov/alma9.2-gcc-14.2.0/opt/sphenix/utils
CONFIG_SITE=/cvmfs/sphenix.sdcc.bnl.gov/alma9.2-gcc-14.2.0/opt/sphenix/core/etc/config.site
PATH=/sphenix/user/samfred/run25/install//bin:/cvmfs/sphenix.sdcc.bnl.gov/alma9.2-gcc-14.2.0/opt/sphenix/core/gcc/14.2.0-2f0a0/x86_64-el9/bin:/cvmfs/sphenix.sdcc.bnl.gov/alma9.2-gcc-14.2.0/opt/sphenix/core/binutils/2.40-acaab/x86_64-el9/bin:.:/cvmfs/sphenix.sdcc.bnl.gov/alma9.2-gcc-14.2.0/release/release_new/new.10/bin:/cvmfs/sphenix.sdcc.bnl.gov/alma9.2-gcc-14.2.0/opt/sphenix/utils/bin:/cvmfs/sphenix.sdcc.bnl.gov/alma9.2-gcc-14.2.0/opt/sphenix/core/bin:/cvmfs/sphenix.sdcc.bnl.gov/alma9.2-gcc-14.2.0/opt/sphenix/core/root-6.32.06/bin:/cvmfs/sphenix.sdcc.bnl.gov/alma9.2-gcc-14.2.0/opt/sphenix/core/geant4.10.07.p04/bin:/usr/local/bin:/usr/bin:/usr/local/sbin:/usr/sbin
G4LEVELGAMMADATA=/cvmfs/sphenix.sdcc.bnl.gov/alma9.2-gcc-14.2.0/opt/sphenix/core/geant4.10.07.p04/share/Geant4-10.7.4/data/PhotonEvaporation5.7
CC=/cvmfs/sphenix.sdcc.bnl.gov/alma9.2-gcc-14.2.0/opt/sphenix/core/gcc/14.2.0-2f0a0/x86_64-el9/bin/gcc
G4RADIOACTIVEDATA=/cvmfs/sphenix.sdcc.bnl.gov/alma9.2-gcc-14.2.0/opt/sphenix/core/geant4.10.07.p04/share/Geant4-10.7.4/data/RadioactiveDecay5.6
JULIA_NUM_THREADS=1
MKL_NUM_THREADS=1
LHAPDF_DATA_PATH=/cvmfs/sphenix.sdcc.bnl.gov/alma9.2-gcc-14.2.0/release/release_new/new.10/share/LHAPDF
XPLOAD_CONFIG_DIR=/cvmfs/sphenix.sdcc.bnl.gov/alma9.2-gcc-14.2.0/opt/sphenix/core/etc
OLDPWD=/cvmfs/sphenix.sdcc.bnl.gov/alma9.2-gcc-14.2.0/release/release_new/new.10/geant4
_=/usr/bin/printenv
runnumber...
49230
trigger...

   ------------------------------------------------------------------
  | Welcome to ROOT 6.32.06                        https://root.cern |
  | (c) 1995-2024, The ROOT Team; conception: R. Brun, F. Rademakers |
  | Built for linuxx8664gcc on Dec 13 2024, 17:23:48                 |
  | From tags/6-32-06@6-32-06                                        |
  | With g++ (GCC) 14.2.0                                            |
  | Try '.help'/'.?', '.demo', '.license', '.credits', '.quit'/'.q'  |
   ------------------------------------------------------------------


Processing data_histmaker.C(49230)...
entry 4000/4254627 (0.0940153%)
entry 7000/4254627 (0.164527%)
entry 15000/4254627 (0.352557%)
entry 16000/4254627 (0.376061%)
entry 18000/4254627 (0.423069%)
entry 19000/4254627 (0.446573%)
entry 20000/4254627 (0.470076%)
entry 21000/4254627 (0.49358%)
entry 28000/4254627 (0.658107%)
entry 29000/4254627 (0.681611%)
entry 31000/4254627 (0.728618%)
entry 32000/4254627 (0.752122%)
entry 34000/4254627 (0.79913%)
entry 35000/4254627 (0.822634%)
entry 36000/4254627 (0.846138%)
entry 38000/4254627 (0.893145%)
entry 40000/4254627 (0.940153%)
entry 41000/4254627 (0.963657%)
entry 43000/4254627 (1.01066%)
entry 44000/4254627 (1.03417%)
entry 49000/4254627 (1.15169%)
entry 50000/4254627 (1.17519%)
entry 58000/4254627 (1.36322%)
entry 59000/4254627 (1.38673%)
entry 60000/4254627 (1.41023%)
entry 63000/4254627 (1.48074%)
entry 69000/4254627 (1.62176%)
entry 70000/4254627 (1.64527%)
entry 72000/4254627 (1.69228%)
entry 82000/4254627 (1.92731%)
entry 84000/4254627 (1.97432%)
entry 92000/4254627 (2.16235%)
entry 95000/4254627 (2.23286%)
entry 96000/4254627 (2.25637%)
entry 106000/4254627 (2.49141%)
entry 107000/4254627 (2.51491%)
entry 111000/4254627 (2.60892%)
entry 115000/4254627 (2.70294%)
entry 118000/4254627 (2.77345%)
entry 119000/4254627 (2.79695%)
entry 121000/4254627 (2.84396%)
entry 122000/4254627 (2.86747%)
entry 130000/4254627 (3.0555%)
entry 136000/4254627 (3.19652%)
entry 137000/4254627 (3.22002%)
entry 141000/4254627 (3.31404%)
entry 142000/4254627 (3.33754%)
entry 146000/4254627 (3.43156%)
entry 148000/4254627 (3.47857%)
entry 151000/4254627 (3.54908%)
entry 152000/4254627 (3.57258%)
entry 153000/4254627 (3.59608%)
entry 155000/4254627 (3.64309%)
entry 158000/4254627 (3.7136%)
entry 161000/4254627 (3.78412%)
entry 163000/4254627 (3.83112%)
entry 165000/4254627 (3.87813%)
entry 167000/4254627 (3.92514%)
entry 171000/4254627 (4.01915%)
entry 173000/4254627 (4.06616%)
entry 174000/4254627 (4.08967%)
entry 175000/4254627 (4.11317%)
entry 179000/4254627 (4.20718%)
entry 180000/4254627 (4.23069%)
entry 186000/4254627 (4.37171%)
entry 188000/4254627 (4.41872%)
entry 196000/4254627 (4.60675%)
entry 199000/4254627 (4.67726%)
entry 207000/4254627 (4.86529%)
entry 210000/4254627 (4.9358%)
entry 211000/4254627 (4.95931%)
entry 214000/4254627 (5.02982%)
entry 218000/4254627 (5.12383%)
entry 222000/4254627 (5.21785%)
entry 223000/4254627 (5.24135%)
entry 225000/4254627 (5.28836%)
entry 227000/4254627 (5.33537%)
entry 228000/4254627 (5.35887%)
entry 229000/4254627 (5.38238%)
entry 231000/4254627 (5.42938%)
entry 235000/4254627 (5.5234%)
entry 240000/4254627 (5.64092%)
entry 243000/4254627 (5.71143%)
entry 245000/4254627 (5.75844%)
entry 247000/4254627 (5.80544%)
entry 249000/4254627 (5.85245%)
entry 255000/4254627 (5.99348%)
entry 264000/4254627 (6.20501%)
entry 267000/4254627 (6.27552%)
entry 269000/4254627 (6.32253%)
entry 270000/4254627 (6.34603%)
entry 275000/4254627 (6.46355%)
entry 277000/4254627 (6.51056%)
entry 281000/4254627 (6.60457%)
entry 282000/4254627 (6.62808%)
entry 290000/4254627 (6.81611%)
entry 295000/4254627 (6.93363%)
entry 296000/4254627 (6.95713%)
entry 297000/4254627 (6.98064%)
entry 301000/4254627 (7.07465%)
entry 303000/4254627 (7.12166%)
entry 304000/4254627 (7.14516%)
entry 306000/4254627 (7.19217%)
entry 308000/4254627 (7.23918%)
entry 310000/4254627 (7.28619%)
entry 312000/4254627 (7.33319%)
entry 313000/4254627 (7.3567%)
entry 316000/4254627 (7.42721%)
entry 317000/4254627 (7.45071%)
entry 324000/4254627 (7.61524%)
entry 325000/4254627 (7.63874%)
entry 326000/4254627 (7.66225%)
entry 329000/4254627 (7.73276%)
entry 330000/4254627 (7.75626%)
entry 331000/4254627 (7.77977%)
entry 333000/4254627 (7.82677%)
entry 337000/4254627 (7.92079%)
entry 344000/4254627 (8.08531%)
entry 345000/4254627 (8.10882%)
entry 346000/4254627 (8.13232%)
entry 348000/4254627 (8.17933%)
entry 358000/4254627 (8.41437%)
entry 359000/4254627 (8.43787%)
entry 372000/4254627 (8.74342%)
entry 373000/4254627 (8.76693%)
entry 374000/4254627 (8.79043%)
entry 377000/4254627 (8.86094%)
entry 383000/4254627 (9.00196%)
entry 384000/4254627 (9.02547%)
entry 408000/4254627 (9.58956%)
entry 409000/4254627 (9.61306%)
entry 410000/4254627 (9.63657%)
entry 412000/4254627 (9.68357%)
entry 413000/4254627 (9.70708%)
entry 417000/4254627 (9.80109%)
entry 418000/4254627 (9.8246%)
entry 422000/4254627 (9.91861%)
entry 426000/4254627 (10.0126%)
entry 428000/4254627 (10.0596%)
entry 432000/4254627 (10.1537%)
entry 434000/4254627 (10.2007%)
entry 436000/4254627 (10.2477%)
entry 437000/4254627 (10.2712%)
entry 438000/4254627 (10.2947%)
entry 439000/4254627 (10.3182%)
entry 440000/4254627 (10.3417%)
entry 442000/4254627 (10.3887%)
entry 444000/4254627 (10.4357%)
entry 448000/4254627 (10.5297%)
entry 449000/4254627 (10.5532%)
entry 453000/4254627 (10.6472%)
entry 454000/4254627 (10.6707%)
entry 456000/4254627 (10.7177%)
entry 459000/4254627 (10.7883%)
entry 461000/4254627 (10.8353%)
entry 462000/4254627 (10.8588%)
entry 463000/4254627 (10.8823%)
entry 464000/4254627 (10.9058%)
entry 466000/4254627 (10.9528%)
entry 467000/4254627 (10.9763%)
entry 468000/4254627 (10.9998%)
entry 471000/4254627 (11.0703%)
entry 474000/4254627 (11.1408%)
entry 475000/4254627 (11.1643%)
entry 476000/4254627 (11.1878%)
entry 479000/4254627 (11.2583%)
entry 480000/4254627 (11.2818%)
entry 481000/4254627 (11.3053%)
entry 483000/4254627 (11.3523%)
entry 484000/4254627 (11.3759%)
entry 493000/4254627 (11.5874%)
entry 494000/4254627 (11.6109%)
entry 496000/4254627 (11.6579%)
entry 497000/4254627 (11.6814%)
entry 500000/4254627 (11.7519%)
entry 505000/4254627 (11.8694%)
entry 509000/4254627 (11.9634%)
entry 510000/4254627 (11.987%)
entry 513000/4254627 (12.0575%)
entry 519000/4254627 (12.1985%)
entry 522000/4254627 (12.269%)
entry 527000/4254627 (12.3865%)
entry 531000/4254627 (12.4805%)
entry 532000/4254627 (12.504%)
entry 533000/4254627 (12.5275%)
entry 536000/4254627 (12.598%)
entry 537000/4254627 (12.6216%)
entry 539000/4254627 (12.6686%)
entry 542000/4254627 (12.7391%)
entry 543000/4254627 (12.7626%)
entry 545000/4254627 (12.8096%)
entry 547000/4254627 (12.8566%)
entry 549000/4254627 (12.9036%)
entry 550000/4254627 (12.9271%)
entry 557000/4254627 (13.0916%)
entry 566000/4254627 (13.3032%)
entry 570000/4254627 (13.3972%)
entry 573000/4254627 (13.4677%)
entry 575000/4254627 (13.5147%)
entry 579000/4254627 (13.6087%)
entry 583000/4254627 (13.7027%)
entry 587000/4254627 (13.7967%)
entry 589000/4254627 (13.8438%)
entry 590000/4254627 (13.8673%)
entry 591000/4254627 (13.8908%)
entry 595000/4254627 (13.9848%)
entry 596000/4254627 (14.0083%)
entry 601000/4254627 (14.1258%)
entry 603000/4254627 (14.1728%)
entry 605000/4254627 (14.2198%)
entry 606000/4254627 (14.2433%)
entry 607000/4254627 (14.2668%)
entry 608000/4254627 (14.2903%)
entry 615000/4254627 (14.4549%)
entry 618000/4254627 (14.5254%)
entry 628000/4254627 (14.7604%)
entry 629000/4254627 (14.7839%)
entry 633000/4254627 (14.8779%)
entry 639000/4254627 (15.0189%)
entry 640000/4254627 (15.0424%)
entry 643000/4254627 (15.113%)
entry 645000/4254627 (15.16%)
entry 655000/4254627 (15.395%)
entry 656000/4254627 (15.4185%)
entry 667000/4254627 (15.677%)
entry 671000/4254627 (15.7711%)
entry 674000/4254627 (15.8416%)
entry 676000/4254627 (15.8886%)
entry 683000/4254627 (16.0531%)
entry 684000/4254627 (16.0766%)
entry 686000/4254627 (16.1236%)
entry 687000/4254627 (16.1471%)
entry 688000/4254627 (16.1706%)
entry 689000/4254627 (16.1941%)
entry 693000/4254627 (16.2881%)
entry 697000/4254627 (16.3822%)
entry 699000/4254627 (16.4292%)
entry 704000/4254627 (16.5467%)
entry 708000/4254627 (16.6407%)
entry 709000/4254627 (16.6642%)
entry 712000/4254627 (16.7347%)
entry 716000/4254627 (16.8287%)
entry 721000/4254627 (16.9463%)
entry 723000/4254627 (16.9933%)
entry 727000/4254627 (17.0873%)
entry 729000/4254627 (17.1343%)
entry 734000/4254627 (17.2518%)
entry 735000/4254627 (17.2753%)
entry 737000/4254627 (17.3223%)
entry 745000/4254627 (17.5103%)
entry 753000/4254627 (17.6984%)
entry 755000/4254627 (17.7454%)
entry 759000/4254627 (17.8394%)
entry 761000/4254627 (17.8864%)
entry 762000/4254627 (17.9099%)
entry 765000/4254627 (17.9804%)
entry 769000/4254627 (18.0744%)
entry 770000/4254627 (18.0979%)
entry 771000/4254627 (18.1214%)
entry 772000/4254627 (18.145%)
entry 773000/4254627 (18.1685%)
entry 774000/4254627 (18.192%)
entry 776000/4254627 (18.239%)
entry 780000/4254627 (18.333%)
entry 782000/4254627 (18.38%)
entry 786000/4254627 (18.474%)
entry 787000/4254627 (18.4975%)
entry 788000/4254627 (18.521%)
entry 789000/4254627 (18.5445%)
entry 792000/4254627 (18.615%)
entry 793000/4254627 (18.6385%)
entry 796000/4254627 (18.709%)
entry 797000/4254627 (18.7325%)
entry 799000/4254627 (18.7796%)
entry 801000/4254627 (18.8266%)
entry 804000/4254627 (18.8971%)
entry 820000/4254627 (19.2731%)
entry 824000/4254627 (19.3671%)
entry 826000/4254627 (19.4142%)
entry 827000/4254627 (19.4377%)
entry 831000/4254627 (19.5317%)
entry 834000/4254627 (19.6022%)
entry 838000/4254627 (19.6962%)
entry 841000/4254627 (19.7667%)
entry 848000/4254627 (19.9312%)
entry 849000/4254627 (19.9547%)
entry 850000/4254627 (19.9782%)
entry 855000/4254627 (20.0958%)
entry 863000/4254627 (20.2838%)
entry 866000/4254627 (20.3543%)
entry 868000/4254627 (20.4013%)
entry 869000/4254627 (20.4248%)
entry 870000/4254627 (20.4483%)
entry 878000/4254627 (20.6364%)
entry 882000/4254627 (20.7304%)
entry 885000/4254627 (20.8009%)
entry 889000/4254627 (20.8949%)
entry 891000/4254627 (20.9419%)
entry 893000/4254627 (20.9889%)
entry 896000/4254627 (21.0594%)
entry 897000/4254627 (21.0829%)
entry 898000/4254627 (21.1064%)
entry 901000/4254627 (21.1769%)
entry 902000/4254627 (21.2004%)
entry 903000/4254627 (21.224%)
entry 907000/4254627 (21.318%)
entry 908000/4254627 (21.3415%)
entry 911000/4254627 (21.412%)
entry 914000/4254627 (21.4825%)
entry 917000/4254627 (21.553%)
entry 918000/4254627 (21.5765%)
entry 920000/4254627 (21.6235%)
entry 922000/4254627 (21.6705%)
entry 923000/4254627 (21.694%)
entry 930000/4254627 (21.8586%)
entry 934000/4254627 (21.9526%)
entry 936000/4254627 (21.9996%)
entry 941000/4254627 (22.1171%)
entry 946000/4254627 (22.2346%)
entry 947000/4254627 (22.2581%)
entry 948000/4254627 (22.2816%)
entry 949000/4254627 (22.3051%)
entry 952000/4254627 (22.3756%)
entry 953000/4254627 (22.3991%)
entry 958000/4254627 (22.5167%)
entry 959000/4254627 (22.5402%)
entry 963000/4254627 (22.6342%)
entry 964000/4254627 (22.6577%)
entry 968000/4254627 (22.7517%)
entry 969000/4254627 (22.7752%)
entry 970000/4254627 (22.7987%)
entry 975000/4254627 (22.9162%)
entry 976000/4254627 (22.9397%)
entry 980000/4254627 (23.0337%)
entry 981000/4254627 (23.0573%)
entry 984000/4254627 (23.1278%)
entry 989000/4254627 (23.2453%)
entry 990000/4254627 (23.2688%)
entry 993000/4254627 (23.3393%)
entry 999000/4254627 (23.4803%)
entry 1002000/4254627 (23.5508%)
entry 1013000/4254627 (23.8094%)
entry 1024000/4254627 (24.0679%)
entry 1027000/4254627 (24.1384%)
entry 1032000/4254627 (24.2559%)
entry 1033000/4254627 (24.2794%)
entry 1036000/4254627 (24.35%)
entry 1038000/4254627 (24.397%)
entry 1039000/4254627 (24.4205%)
entry 1047000/4254627 (24.6085%)
entry 1052000/4254627 (24.726%)
entry 1055000/4254627 (24.7965%)
entry 1056000/4254627 (24.82%)
entry 1059000/4254627 (24.8905%)
entry 1060000/4254627 (24.9141%)
entry 1065000/4254627 (25.0316%)
entry 1066000/4254627 (25.0551%)
entry 1068000/4254627 (25.1021%)
entry 1069000/4254627 (25.1256%)
entry 1073000/4254627 (25.2196%)
entry 1080000/4254627 (25.3841%)
entry 1083000/4254627 (25.4546%)
entry 1084000/4254627 (25.4781%)
entry 1088000/4254627 (25.5722%)
entry 1096000/4254627 (25.7602%)
entry 1098000/4254627 (25.8072%)
entry 1099000/4254627 (25.8307%)
entry 1101000/4254627 (25.8777%)
entry 1102000/4254627 (25.9012%)
entry 1103000/4254627 (25.9247%)
entry 1109000/4254627 (26.0657%)
entry 1111000/4254627 (26.1127%)
entry 1112000/4254627 (26.1363%)
entry 1116000/4254627 (26.2303%)
entry 1122000/4254627 (26.3713%)
entry 1125000/4254627 (26.4418%)
entry 1127000/4254627 (26.4888%)
entry 1130000/4254627 (26.5593%)
entry 1131000/4254627 (26.5828%)
entry 1134000/4254627 (26.6533%)
entry 1140000/4254627 (26.7944%)
entry 1141000/4254627 (26.8179%)
entry 1142000/4254627 (26.8414%)
entry 1146000/4254627 (26.9354%)
entry 1149000/4254627 (27.0059%)
entry 1150000/4254627 (27.0294%)
entry 1151000/4254627 (27.0529%)
entry 1152000/4254627 (27.0764%)
entry 1153000/4254627 (27.0999%)
entry 1156000/4254627 (27.1704%)
entry 1157000/4254627 (27.1939%)
entry 1161000/4254627 (27.2879%)
entry 1163000/4254627 (27.3349%)
entry 1166000/4254627 (27.4055%)
entry 1168000/4254627 (27.4525%)
entry 1172000/4254627 (27.5465%)
entry 1177000/4254627 (27.664%)
entry 1180000/4254627 (27.7345%)
entry 1181000/4254627 (27.758%)
entry 1184000/4254627 (27.8285%)
entry 1185000/4254627 (27.852%)
entry 1189000/4254627 (27.946%)
entry 1194000/4254627 (28.0636%)
entry 1196000/4254627 (28.1106%)
entry 1197000/4254627 (28.1341%)
entry 1199000/4254627 (28.1811%)
entry 1203000/4254627 (28.2751%)
entry 1204000/4254627 (28.2986%)
entry 1205000/4254627 (28.3221%)
entry 1207000/4254627 (28.3691%)
entry 1212000/4254627 (28.4866%)
entry 1214000/4254627 (28.5336%)
entry 1216000/4254627 (28.5806%)
entry 1219000/4254627 (28.6512%)
entry 1229000/4254627 (28.8862%)
entry 1232000/4254627 (28.9567%)
entry 1241000/4254627 (29.1682%)
entry 1242000/4254627 (29.1917%)
entry 1246000/4254627 (29.2858%)
entry 1247000/4254627 (29.3093%)
entry 1248000/4254627 (29.3328%)
entry 1251000/4254627 (29.4033%)
entry 1252000/4254627 (29.4268%)
entry 1253000/4254627 (29.4503%)
entry 1254000/4254627 (29.4738%)
entry 1255000/4254627 (29.4973%)
entry 1257000/4254627 (29.5443%)
entry 1263000/4254627 (29.6853%)
entry 1264000/4254627 (29.7088%)
entry 1267000/4254627 (29.7793%)
entry 1270000/4254627 (29.8499%)
entry 1273000/4254627 (29.9204%)
entry 1277000/4254627 (30.0144%)
entry 1282000/4254627 (30.1319%)
entry 1286000/4254627 (30.2259%)
entry 1289000/4254627 (30.2964%)
entry 1290000/4254627 (30.3199%)
entry 1291000/4254627 (30.3434%)
entry 1294000/4254627 (30.4139%)
entry 1296000/4254627 (30.461%)
entry 1299000/4254627 (30.5315%)
entry 1300000/4254627 (30.555%)
entry 1301000/4254627 (30.5785%)
entry 1308000/4254627 (30.743%)
entry 1309000/4254627 (30.7665%)
entry 1311000/4254627 (30.8135%)
entry 1314000/4254627 (30.884%)
entry 1315000/4254627 (30.9075%)
entry 1323000/4254627 (31.0956%)
entry 1326000/4254627 (31.1661%)
entry 1328000/4254627 (31.2131%)
entry 1330000/4254627 (31.2601%)
entry 1331000/4254627 (31.2836%)
entry 1332000/4254627 (31.3071%)
entry 1334000/4254627 (31.3541%)
entry 1336000/4254627 (31.4011%)
entry 1338000/4254627 (31.4481%)
entry 1344000/4254627 (31.5891%)
entry 1345000/4254627 (31.6126%)
entry 1346000/4254627 (31.6361%)
entry 1349000/4254627 (31.7067%)
entry 1351000/4254627 (31.7537%)
entry 1352000/4254627 (31.7772%)
entry 1354000/4254627 (31.8242%)
entry 1356000/4254627 (31.8712%)
entry 1361000/4254627 (31.9887%)
entry 1363000/4254627 (32.0357%)
entry 1375000/4254627 (32.3178%)
entry 1376000/4254627 (32.3413%)
entry 1378000/4254627 (32.3883%)
entry 1381000/4254627 (32.4588%)
entry 1382000/4254627 (32.4823%)
entry 1383000/4254627 (32.5058%)
entry 1385000/4254627 (32.5528%)
entry 1386000/4254627 (32.5763%)
entry 1390000/4254627 (32.6703%)
entry 1391000/4254627 (32.6938%)
entry 1393000/4254627 (32.7408%)
entry 1394000/4254627 (32.7643%)
entry 1399000/4254627 (32.8818%)
entry 1400000/4254627 (32.9054%)
entry 1403000/4254627 (32.9759%)
entry 1404000/4254627 (32.9994%)
entry 1405000/4254627 (33.0229%)
entry 1410000/4254627 (33.1404%)
entry 1411000/4254627 (33.1639%)
entry 1420000/4254627 (33.3754%)
entry 1422000/4254627 (33.4224%)
entry 1423000/4254627 (33.4459%)
entry 1428000/4254627 (33.5635%)
entry 1429000/4254627 (33.587%)
entry 1430000/4254627 (33.6105%)
entry 1431000/4254627 (33.634%)
entry 1434000/4254627 (33.7045%)
entry 1438000/4254627 (33.7985%)
entry 1441000/4254627 (33.869%)
entry 1443000/4254627 (33.916%)
entry 1444000/4254627 (33.9395%)
entry 1447000/4254627 (34.01%)
entry 1448000/4254627 (34.0335%)
entry 1449000/4254627 (34.057%)
entry 1451000/4254627 (34.104%)
entry 1453000/4254627 (34.1511%)
entry 1458000/4254627 (34.2686%)
entry 1460000/4254627 (34.3156%)
entry 1463000/4254627 (34.3861%)
entry 1466000/4254627 (34.4566%)
entry 1467000/4254627 (34.4801%)
entry 1474000/4254627 (34.6446%)
entry 1475000/4254627 (34.6681%)
entry 1478000/4254627 (34.7387%)
entry 1481000/4254627 (34.8092%)
entry 1482000/4254627 (34.8327%)
entry 1486000/4254627 (34.9267%)
entry 1487000/4254627 (34.9502%)
entry 1488000/4254627 (34.9737%)
entry 1489000/4254627 (34.9972%)
entry 1494000/4254627 (35.1147%)
entry 1501000/4254627 (35.2792%)
entry 1503000/4254627 (35.3262%)
entry 1508000/4254627 (35.4438%)
entry 1510000/4254627 (35.4908%)
entry 1511000/4254627 (35.5143%)
entry 1515000/4254627 (35.6083%)
entry 1520000/4254627 (35.7258%)
entry 1521000/4254627 (35.7493%)
entry 1525000/4254627 (35.8433%)
entry 1530000/4254627 (35.9609%)
entry 1532000/4254627 (36.0079%)
entry 1535000/4254627 (36.0784%)
entry 1538000/4254627 (36.1489%)
entry 1541000/4254627 (36.2194%)
entry 1545000/4254627 (36.3134%)
entry 1546000/4254627 (36.3369%)
entry 1555000/4254627 (36.5484%)
entry 1558000/4254627 (36.619%)
entry 1566000/4254627 (36.807%)
entry 1567000/4254627 (36.8305%)
entry 1571000/4254627 (36.9245%)
entry 1573000/4254627 (36.9715%)
entry 1574000/4254627 (36.995%)
entry 1575000/4254627 (37.0185%)
entry 1584000/4254627 (37.2301%)
entry 1592000/4254627 (37.4181%)
entry 1594000/4254627 (37.4651%)
entry 1596000/4254627 (37.5121%)
entry 1598000/4254627 (37.5591%)
entry 1605000/4254627 (37.7236%)
entry 1607000/4254627 (37.7706%)
entry 1612000/4254627 (37.8882%)
entry 1613000/4254627 (37.9117%)
entry 1614000/4254627 (37.9352%)
entry 1617000/4254627 (38.0057%)
entry 1620000/4254627 (38.0762%)
entry 1621000/4254627 (38.0997%)
entry 1622000/4254627 (38.1232%)
entry 1626000/4254627 (38.2172%)
entry 1628000/4254627 (38.2642%)
entry 1631000/4254627 (38.3347%)
entry 1633000/4254627 (38.3817%)
entry 1634000/4254627 (38.4052%)
entry 1636000/4254627 (38.4523%)
entry 1645000/4254627 (38.6638%)
entry 1647000/4254627 (38.7108%)
entry 1648000/4254627 (38.7343%)
entry 1649000/4254627 (38.7578%)
entry 1651000/4254627 (38.8048%)
entry 1652000/4254627 (38.8283%)
entry 1653000/4254627 (38.8518%)
entry 1655000/4254627 (38.8988%)
entry 1656000/4254627 (38.9223%)
entry 1658000/4254627 (38.9693%)
entry 1662000/4254627 (39.0634%)
entry 1663000/4254627 (39.0869%)
entry 1664000/4254627 (39.1104%)
entry 1671000/4254627 (39.2749%)
entry 1674000/4254627 (39.3454%)
entry 1676000/4254627 (39.3924%)
entry 1679000/4254627 (39.4629%)
entry 1680000/4254627 (39.4864%)
entry 1684000/4254627 (39.5804%)
entry 1685000/4254627 (39.6039%)
entry 1688000/4254627 (39.6745%)
entry 1690000/4254627 (39.7215%)
entry 1694000/4254627 (39.8155%)
entry 1698000/4254627 (39.9095%)
entry 1703000/4254627 (40.027%)
entry 1704000/4254627 (40.0505%)
entry 1705000/4254627 (40.074%)
entry 1706000/4254627 (40.0975%)
entry 1707000/4254627 (40.121%)
entry 1713000/4254627 (40.262%)
entry 1715000/4254627 (40.3091%)
entry 1720000/4254627 (40.4266%)
entry 1721000/4254627 (40.4501%)
entry 1722000/4254627 (40.4736%)
entry 1725000/4254627 (40.5441%)
entry 1727000/4254627 (40.5911%)
entry 1730000/4254627 (40.6616%)
entry 1731000/4254627 (40.6851%)
entry 1732000/4254627 (40.7086%)
entry 1733000/4254627 (40.7321%)
entry 1736000/4254627 (40.8026%)
entry 1738000/4254627 (40.8496%)
entry 1739000/4254627 (40.8731%)
entry 1741000/4254627 (40.9202%)
entry 1743000/4254627 (40.9672%)
entry 1748000/4254627 (41.0847%)
entry 1749000/4254627 (41.1082%)
entry 1756000/4254627 (41.2727%)
entry 1757000/4254627 (41.2962%)
entry 1760000/4254627 (41.3667%)
entry 1762000/4254627 (41.4137%)
entry 1763000/4254627 (41.4372%)
entry 1765000/4254627 (41.4842%)
entry 1768000/4254627 (41.5548%)
entry 1770000/4254627 (41.6018%)
entry 1774000/4254627 (41.6958%)
entry 1778000/4254627 (41.7898%)
entry 1781000/4254627 (41.8603%)
entry 1784000/4254627 (41.9308%)
entry 1787000/4254627 (42.0013%)
entry 1790000/4254627 (42.0718%)
entry 1791000/4254627 (42.0953%)
entry 1792000/4254627 (42.1189%)
entry 1797000/4254627 (42.2364%)
entry 1805000/4254627 (42.4244%)
entry 1806000/4254627 (42.4479%)
entry 1810000/4254627 (42.5419%)
entry 1811000/4254627 (42.5654%)
entry 1817000/4254627 (42.7064%)
entry 1818000/4254627 (42.7299%)
entry 1823000/4254627 (42.8475%)
entry 1827000/4254627 (42.9415%)
entry 1831000/4254627 (43.0355%)
entry 1836000/4254627 (43.153%)
entry 1838000/4254627 (43.2%)
entry 1840000/4254627 (43.247%)
entry 1841000/4254627 (43.2705%)
entry 1843000/4254627 (43.3175%)
entry 1844000/4254627 (43.341%)
entry 1845000/4254627 (43.3646%)
entry 1854000/4254627 (43.5761%)
entry 1856000/4254627 (43.6231%)
entry 1858000/4254627 (43.6701%)
entry 1859000/4254627 (43.6936%)
entry 1861000/4254627 (43.7406%)
entry 1863000/4254627 (43.7876%)
entry 1868000/4254627 (43.9051%)
entry 1877000/4254627 (44.1167%)
entry 1879000/4254627 (44.1637%)
entry 1880000/4254627 (44.1872%)
entry 1890000/4254627 (44.4222%)
entry 1892000/4254627 (44.4692%)
entry 1893000/4254627 (44.4927%)
entry 1895000/4254627 (44.5397%)
entry 1897000/4254627 (44.5868%)
entry 1901000/4254627 (44.6808%)
entry 1905000/4254627 (44.7748%)
entry 1907000/4254627 (44.8218%)
entry 1912000/4254627 (44.9393%)
entry 1916000/4254627 (45.0333%)
entry 1917000/4254627 (45.0568%)
entry 1919000/4254627 (45.1038%)
entry 1921000/4254627 (45.1508%)
entry 1924000/4254627 (45.2214%)
entry 1929000/4254627 (45.3389%)
entry 1931000/4254627 (45.3859%)
entry 1932000/4254627 (45.4094%)
entry 1934000/4254627 (45.4564%)
entry 1935000/4254627 (45.4799%)
entry 1937000/4254627 (45.5269%)
entry 1940000/4254627 (45.5974%)
entry 1941000/4254627 (45.6209%)
entry 1944000/4254627 (45.6914%)
entry 1947000/4254627 (45.7619%)
entry 1948000/4254627 (45.7854%)
entry 1953000/4254627 (45.903%)
entry 1954000/4254627 (45.9265%)
entry 1955000/4254627 (45.95%)
entry 1957000/4254627 (45.997%)
entry 1960000/4254627 (46.0675%)
entry 1964000/4254627 (46.1615%)
entry 1968000/4254627 (46.2555%)
entry 1970000/4254627 (46.3025%)
entry 1971000/4254627 (46.326%)
entry 1972000/4254627 (46.3495%)
entry 1977000/4254627 (46.4671%)
entry 1978000/4254627 (46.4906%)
entry 1983000/4254627 (46.6081%)
entry 1985000/4254627 (46.6551%)
entry 1986000/4254627 (46.6786%)
entry 1987000/4254627 (46.7021%)
entry 1991000/4254627 (46.7961%)
entry 1992000/4254627 (46.8196%)
entry 1994000/4254627 (46.8666%)
entry 1997000/4254627 (46.9371%)
entry 1998000/4254627 (46.9606%)
entry 2013000/4254627 (47.3132%)
entry 2018000/4254627 (47.4307%)
entry 2020000/4254627 (47.4777%)
entry 2022000/4254627 (47.5247%)
entry 2026000/4254627 (47.6187%)
entry 2030000/4254627 (47.7128%)
entry 2033000/4254627 (47.7833%)
entry 2039000/4254627 (47.9243%)
entry 2044000/4254627 (48.0418%)
entry 2053000/4254627 (48.2533%)
entry 2058000/4254627 (48.3709%)
entry 2063000/4254627 (48.4884%)
entry 2064000/4254627 (48.5119%)
entry 2065000/4254627 (48.5354%)
entry 2066000/4254627 (48.5589%)
entry 2068000/4254627 (48.6059%)
entry 2075000/4254627 (48.7704%)
entry 2077000/4254627 (48.8174%)
entry 2080000/4254627 (48.888%)
entry 2082000/4254627 (48.935%)
entry 2084000/4254627 (48.982%)
entry 2089000/4254627 (49.0995%)
entry 2096000/4254627 (49.264%)
entry 2102000/4254627 (49.405%)
entry 2103000/4254627 (49.4285%)
entry 2105000/4254627 (49.4755%)
entry 2110000/4254627 (49.5931%)
entry 2111000/4254627 (49.6166%)
entry 2113000/4254627 (49.6636%)
entry 2114000/4254627 (49.6871%)
entry 2116000/4254627 (49.7341%)
entry 2117000/4254627 (49.7576%)
entry 2122000/4254627 (49.8751%)
entry 2124000/4254627 (49.9221%)
entry 2126000/4254627 (49.9691%)
entry 2129000/4254627 (50.0396%)
entry 2132000/4254627 (50.1101%)
entry 2141000/4254627 (50.3217%)
entry 2142000/4254627 (50.3452%)
entry 2145000/4254627 (50.4157%)
entry 2156000/4254627 (50.6742%)
entry 2159000/4254627 (50.7448%)
entry 2164000/4254627 (50.8623%)
entry 2175000/4254627 (51.1208%)
entry 2185000/4254627 (51.3559%)
entry 2186000/4254627 (51.3794%)
entry 2191000/4254627 (51.4969%)
entry 2192000/4254627 (51.5204%)
entry 2193000/4254627 (51.5439%)
entry 2200000/4254627 (51.7084%)
entry 2202000/4254627 (51.7554%)
entry 2204000/4254627 (51.8024%)
entry 2206000/4254627 (51.8494%)
entry 2209000/4254627 (51.9199%)
entry 2214000/4254627 (52.0375%)
entry 2218000/4254627 (52.1315%)
entry 2220000/4254627 (52.1785%)
entry 2222000/4254627 (52.2255%)
entry 2223000/4254627 (52.249%)
entry 2228000/4254627 (52.3665%)
entry 2231000/4254627 (52.437%)
entry 2236000/4254627 (52.5545%)
entry 2238000/4254627 (52.6016%)
entry 2242000/4254627 (52.6956%)
entry 2246000/4254627 (52.7896%)
entry 2249000/4254627 (52.8601%)
entry 2252000/4254627 (52.9306%)
entry 2253000/4254627 (52.9541%)
entry 2256000/4254627 (53.0246%)
entry 2260000/4254627 (53.1186%)
entry 2263000/4254627 (53.1892%)
entry 2264000/4254627 (53.2127%)
entry 2265000/4254627 (53.2362%)
entry 2266000/4254627 (53.2597%)
entry 2267000/4254627 (53.2832%)
entry 2268000/4254627 (53.3067%)
entry 2273000/4254627 (53.4242%)
entry 2277000/4254627 (53.5182%)
entry 2279000/4254627 (53.5652%)
entry 2280000/4254627 (53.5887%)
entry 2282000/4254627 (53.6357%)
entry 2287000/4254627 (53.7532%)
entry 2290000/4254627 (53.8238%)
entry 2295000/4254627 (53.9413%)
entry 2298000/4254627 (54.0118%)
entry 2299000/4254627 (54.0353%)
entry 2301000/4254627 (54.0823%)
entry 2302000/4254627 (54.1058%)
entry 2310000/4254627 (54.2938%)
entry 2315000/4254627 (54.4114%)
entry 2322000/4254627 (54.5759%)
entry 2324000/4254627 (54.6229%)
entry 2327000/4254627 (54.6934%)
entry 2328000/4254627 (54.7169%)
entry 2331000/4254627 (54.7874%)
entry 2342000/4254627 (55.046%)
entry 2343000/4254627 (55.0695%)
entry 2347000/4254627 (55.1635%)
entry 2349000/4254627 (55.2105%)
entry 2352000/4254627 (55.281%)
entry 2353000/4254627 (55.3045%)
entry 2355000/4254627 (55.3515%)
entry 2356000/4254627 (55.375%)
entry 2357000/4254627 (55.3985%)
entry 2359000/4254627 (55.4455%)
entry 2361000/4254627 (55.4925%)
entry 2366000/4254627 (55.61%)
entry 2367000/4254627 (55.6336%)
entry 2374000/4254627 (55.7981%)
entry 2375000/4254627 (55.8216%)
entry 2376000/4254627 (55.8451%)
entry 2377000/4254627 (55.8686%)
entry 2380000/4254627 (55.9391%)
entry 2381000/4254627 (55.9626%)
entry 2382000/4254627 (55.9861%)
entry 2384000/4254627 (56.0331%)
entry 2388000/4254627 (56.1271%)
entry 2390000/4254627 (56.1741%)
entry 2391000/4254627 (56.1976%)
entry 2392000/4254627 (56.2211%)
entry 2396000/4254627 (56.3152%)
entry 2397000/4254627 (56.3387%)
entry 2400000/4254627 (56.4092%)
entry 2401000/4254627 (56.4327%)
entry 2402000/4254627 (56.4562%)
entry 2407000/4254627 (56.5737%)
entry 2412000/4254627 (56.6912%)
entry 2415000/4254627 (56.7617%)
entry 2417000/4254627 (56.8087%)
entry 2418000/4254627 (56.8322%)
entry 2421000/4254627 (56.9028%)
entry 2423000/4254627 (56.9498%)
entry 2426000/4254627 (57.0203%)
entry 2434000/4254627 (57.2083%)
entry 2435000/4254627 (57.2318%)
entry 2436000/4254627 (57.2553%)
entry 2441000/4254627 (57.3728%)
entry 2447000/4254627 (57.5139%)
entry 2448000/4254627 (57.5374%)
entry 2449000/4254627 (57.5609%)
entry 2454000/4254627 (57.6784%)
entry 2456000/4254627 (57.7254%)
entry 2459000/4254627 (57.7959%)
entry 2460000/4254627 (57.8194%)
entry 2461000/4254627 (57.8429%)
entry 2462000/4254627 (57.8664%)
entry 2463000/4254627 (57.8899%)
entry 2464000/4254627 (57.9134%)
entry 2468000/4254627 (58.0074%)
entry 2470000/4254627 (58.0544%)
entry 2471000/4254627 (58.0779%)
entry 2473000/4254627 (58.125%)
entry 2474000/4254627 (58.1485%)
entry 2475000/4254627 (58.172%)
entry 2476000/4254627 (58.1955%)
entry 2478000/4254627 (58.2425%)
entry 2485000/4254627 (58.407%)
entry 2486000/4254627 (58.4305%)
entry 2488000/4254627 (58.4775%)
entry 2489000/4254627 (58.501%)
entry 2490000/4254627 (58.5245%)
entry 2493000/4254627 (58.595%)
entry 2494000/4254627 (58.6185%)
entry 2497000/4254627 (58.689%)
entry 2498000/4254627 (58.7125%)
entry 2505000/4254627 (58.8771%)
entry 2507000/4254627 (58.9241%)
entry 2510000/4254627 (58.9946%)
entry 2512000/4254627 (59.0416%)
entry 2516000/4254627 (59.1356%)
entry 2521000/4254627 (59.2531%)
entry 2522000/4254627 (59.2766%)
entry 2523000/4254627 (59.3001%)
entry 2525000/4254627 (59.3472%)
entry 2531000/4254627 (59.4882%)
entry 2535000/4254627 (59.5822%)
entry 2540000/4254627 (59.6997%)
entry 2545000/4254627 (59.8172%)
entry 2547000/4254627 (59.8642%)
entry 2552000/4254627 (59.9818%)
entry 2553000/4254627 (60.0053%)
entry 2558000/4254627 (60.1228%)
entry 2559000/4254627 (60.1463%)
entry 2562000/4254627 (60.2168%)
entry 2563000/4254627 (60.2403%)
entry 2564000/4254627 (60.2638%)
entry 2565000/4254627 (60.2873%)
entry 2570000/4254627 (60.4048%)
entry 2578000/4254627 (60.5929%)
entry 2579000/4254627 (60.6164%)
entry 2580000/4254627 (60.6399%)
entry 2583000/4254627 (60.7104%)
entry 2589000/4254627 (60.8514%)
entry 2590000/4254627 (60.8749%)
entry 2592000/4254627 (60.9219%)
entry 2593000/4254627 (60.9454%)
entry 2598000/4254627 (61.0629%)
entry 2603000/4254627 (61.1804%)
entry 2604000/4254627 (61.204%)
entry 2606000/4254627 (61.251%)
entry 2607000/4254627 (61.2745%)
entry 2610000/4254627 (61.345%)
entry 2618000/4254627 (61.533%)
entry 2628000/4254627 (61.768%)
entry 2632000/4254627 (61.8621%)
entry 2635000/4254627 (61.9326%)
entry 2637000/4254627 (61.9796%)
entry 2641000/4254627 (62.0736%)
entry 2648000/4254627 (62.2381%)
entry 2649000/4254627 (62.2616%)
entry 2654000/4254627 (62.3791%)
entry 2656000/4254627 (62.4262%)
entry 2666000/4254627 (62.6612%)
entry 2667000/4254627 (62.6847%)
entry 2669000/4254627 (62.7317%)
entry 2674000/4254627 (62.8492%)
entry 2675000/4254627 (62.8727%)
entry 2690000/4254627 (63.2253%)
entry 2692000/4254627 (63.2723%)
entry 2694000/4254627 (63.3193%)
entry 2695000/4254627 (63.3428%)
entry 2700000/4254627 (63.4603%)
entry 2701000/4254627 (63.4838%)
entry 2702000/4254627 (63.5073%)
entry 2703000/4254627 (63.5308%)
entry 2704000/4254627 (63.5543%)
entry 2711000/4254627 (63.7189%)
entry 2713000/4254627 (63.7659%)
entry 2714000/4254627 (63.7894%)
entry 2715000/4254627 (63.8129%)
entry 2722000/4254627 (63.9774%)
entry 2738000/4254627 (64.3535%)
entry 2739000/4254627 (64.377%)
entry 2740000/4254627 (64.4005%)
entry 2744000/4254627 (64.4945%)
entry 2747000/4254627 (64.565%)
entry 2748000/4254627 (64.5885%)
entry 2750000/4254627 (64.6355%)
entry 2753000/4254627 (64.706%)
entry 2755000/4254627 (64.753%)
entry 2757000/4254627 (64.8%)
entry 2758000/4254627 (64.8235%)
entry 2760000/4254627 (64.8706%)
entry 2764000/4254627 (64.9646%)
entry 2766000/4254627 (65.0116%)
entry 2767000/4254627 (65.0351%)
entry 2768000/4254627 (65.0586%)
entry 2770000/4254627 (65.1056%)
entry 2771000/4254627 (65.1291%)
entry 2774000/4254627 (65.1996%)
entry 2776000/4254627 (65.2466%)
entry 2783000/4254627 (65.4111%)
entry 2784000/4254627 (65.4346%)
entry 2786000/4254627 (65.4817%)
entry 2787000/4254627 (65.5052%)
entry 2790000/4254627 (65.5757%)
entry 2792000/4254627 (65.6227%)
entry 2795000/4254627 (65.6932%)
entry 2797000/4254627 (65.7402%)
entry 2803000/4254627 (65.8812%)
entry 2807000/4254627 (65.9752%)
entry 2812000/4254627 (66.0927%)
entry 2818000/4254627 (66.2338%)
entry 2824000/4254627 (66.3748%)
entry 2828000/4254627 (66.4688%)
entry 2829000/4254627 (66.4923%)
entry 2832000/4254627 (66.5628%)
entry 2842000/4254627 (66.7979%)
entry 2843000/4254627 (66.8214%)
entry 2844000/4254627 (66.8449%)
entry 2845000/4254627 (66.8684%)
entry 2847000/4254627 (66.9154%)
entry 2848000/4254627 (66.9389%)
entry 2850000/4254627 (66.9859%)
entry 2853000/4254627 (67.0564%)
entry 2856000/4254627 (67.1269%)
entry 2862000/4254627 (67.2679%)
entry 2863000/4254627 (67.2914%)
entry 2864000/4254627 (67.3149%)
entry 2867000/4254627 (67.3855%)
entry 2868000/4254627 (67.409%)
entry 2872000/4254627 (67.503%)
entry 2874000/4254627 (67.55%)
entry 2877000/4254627 (67.6205%)
entry 2878000/4254627 (67.644%)
entry 2879000/4254627 (67.6675%)
entry 2882000/4254627 (67.738%)
entry 2883000/4254627 (67.7615%)
entry 2884000/4254627 (67.785%)
entry 2887000/4254627 (67.8555%)
entry 2890000/4254627 (67.926%)
entry 2897000/4254627 (68.0906%)
entry 2901000/4254627 (68.1846%)
entry 2903000/4254627 (68.2316%)
entry 2905000/4254627 (68.2786%)
entry 2908000/4254627 (68.3491%)
entry 2913000/4254627 (68.4666%)
entry 2916000/4254627 (68.5371%)
entry 2918000/4254627 (68.5842%)
entry 2919000/4254627 (68.6077%)
entry 2921000/4254627 (68.6547%)
entry 2922000/4254627 (68.6782%)
entry 2924000/4254627 (68.7252%)
entry 2926000/4254627 (68.7722%)
entry 2927000/4254627 (68.7957%)
entry 2929000/4254627 (68.8427%)
entry 2930000/4254627 (68.8662%)
entry 2933000/4254627 (68.9367%)
entry 2941000/4254627 (69.1247%)
entry 2942000/4254627 (69.1482%)
entry 2944000/4254627 (69.1953%)
entry 2945000/4254627 (69.2188%)
entry 2946000/4254627 (69.2423%)
entry 2947000/4254627 (69.2658%)
entry 2948000/4254627 (69.2893%)
entry 2950000/4254627 (69.3363%)
entry 2953000/4254627 (69.4068%)
entry 2958000/4254627 (69.5243%)
entry 2960000/4254627 (69.5713%)
entry 2962000/4254627 (69.6183%)
entry 2963000/4254627 (69.6418%)
entry 2972000/4254627 (69.8534%)
entry 2978000/4254627 (69.9944%)
entry 2980000/4254627 (70.0414%)
entry 2988000/4254627 (70.2294%)
entry 2989000/4254627 (70.2529%)
entry 2990000/4254627 (70.2764%)
entry 2991000/4254627 (70.2999%)
entry 2992000/4254627 (70.3234%)
entry 2994000/4254627 (70.3704%)
entry 2995000/4254627 (70.3939%)
entry 2996000/4254627 (70.4175%)
entry 2998000/4254627 (70.4645%)
entry 3003000/4254627 (70.582%)
entry 3004000/4254627 (70.6055%)
entry 3005000/4254627 (70.629%)
entry 3006000/4254627 (70.6525%)
entry 3007000/4254627 (70.676%)
entry 3009000/4254627 (70.723%)
entry 3010000/4254627 (70.7465%)
entry 3012000/4254627 (70.7935%)
entry 3018000/4254627 (70.9345%)
entry 3023000/4254627 (71.0521%)
entry 3024000/4254627 (71.0756%)
entry 3026000/4254627 (71.1226%)
entry 3027000/4254627 (71.1461%)
entry 3031000/4254627 (71.2401%)
entry 3032000/4254627 (71.2636%)
entry 3033000/4254627 (71.2871%)
entry 3036000/4254627 (71.3576%)
entry 3049000/4254627 (71.6632%)
entry 3050000/4254627 (71.6867%)
entry 3051000/4254627 (71.7102%)
entry 3052000/4254627 (71.7337%)
entry 3054000/4254627 (71.7807%)
entry 3055000/4254627 (71.8042%)
entry 3056000/4254627 (71.8277%)
entry 3062000/4254627 (71.9687%)
entry 3063000/4254627 (71.9922%)
entry 3064000/4254627 (72.0157%)
entry 3066000/4254627 (72.0627%)
entry 3070000/4254627 (72.1567%)
entry 3071000/4254627 (72.1802%)
entry 3072000/4254627 (72.2037%)
entry 3076000/4254627 (72.2978%)
entry 3079000/4254627 (72.3683%)
entry 3086000/4254627 (72.5328%)
entry 3089000/4254627 (72.6033%)
entry 3090000/4254627 (72.6268%)
entry 3091000/4254627 (72.6503%)
entry 3093000/4254627 (72.6973%)
entry 3094000/4254627 (72.7208%)
entry 3095000/4254627 (72.7443%)
entry 3096000/4254627 (72.7678%)
entry 3098000/4254627 (72.8148%)
entry 3099000/4254627 (72.8383%)
entry 3105000/4254627 (72.9794%)
entry 3108000/4254627 (73.0499%)
entry 3109000/4254627 (73.0734%)
entry 3110000/4254627 (73.0969%)
entry 3113000/4254627 (73.1674%)
entry 3115000/4254627 (73.2144%)
entry 3120000/4254627 (73.3319%)
entry 3122000/4254627 (73.3789%)
entry 3125000/4254627 (73.4494%)
entry 3141000/4254627 (73.8255%)
entry 3143000/4254627 (73.8725%)
entry 3145000/4254627 (73.9195%)
entry 3146000/4254627 (73.943%)
entry 3157000/4254627 (74.2016%)
entry 3158000/4254627 (74.2251%)
entry 3159000/4254627 (74.2486%)
entry 3162000/4254627 (74.3191%)
entry 3163000/4254627 (74.3426%)
entry 3165000/4254627 (74.3896%)
entry 3170000/4254627 (74.5071%)
entry 3172000/4254627 (74.5541%)
entry 3180000/4254627 (74.7422%)
entry 3181000/4254627 (74.7657%)
entry 3187000/4254627 (74.9067%)
entry 3192000/4254627 (75.0242%)
entry 3196000/4254627 (75.1182%)
entry 3203000/4254627 (75.2827%)
entry 3205000/4254627 (75.3298%)
entry 3206000/4254627 (75.3533%)
entry 3207000/4254627 (75.3768%)
entry 3209000/4254627 (75.4238%)
entry 3212000/4254627 (75.4943%)
entry 3216000/4254627 (75.5883%)
entry 3217000/4254627 (75.6118%)
entry 3220000/4254627 (75.6823%)
entry 3222000/4254627 (75.7293%)
entry 3227000/4254627 (75.8468%)
entry 3228000/4254627 (75.8703%)
entry 3231000/4254627 (75.9409%)
entry 3232000/4254627 (75.9644%)
entry 3237000/4254627 (76.0819%)
entry 3241000/4254627 (76.1759%)
entry 3245000/4254627 (76.2699%)
entry 3246000/4254627 (76.2934%)
entry 3247000/4254627 (76.3169%)
entry 3251000/4254627 (76.4109%)
entry 3252000/4254627 (76.4344%)
entry 3254000/4254627 (76.4814%)
entry 3255000/4254627 (76.5049%)
entry 3256000/4254627 (76.5284%)
entry 3262000/4254627 (76.6695%)
entry 3266000/4254627 (76.7635%)
entry 3270000/4254627 (76.8575%)
entry 3279000/4254627 (77.069%)
entry 3282000/4254627 (77.1395%)
entry 3283000/4254627 (77.1631%)
entry 3286000/4254627 (77.2336%)
entry 3298000/4254627 (77.5156%)
entry 3300000/4254627 (77.5626%)
entry 3308000/4254627 (77.7506%)
entry 3310000/4254627 (77.7977%)
entry 3314000/4254627 (77.8917%)
entry 3315000/4254627 (77.9152%)
entry 3316000/4254627 (77.9387%)
entry 3319000/4254627 (78.0092%)
entry 3320000/4254627 (78.0327%)
entry 3321000/4254627 (78.0562%)
entry 3327000/4254627 (78.1972%)
entry 3329000/4254627 (78.2442%)
entry 3331000/4254627 (78.2912%)
entry 3335000/4254627 (78.3853%)
entry 3341000/4254627 (78.5263%)
entry 3345000/4254627 (78.6203%)
entry 3346000/4254627 (78.6438%)
entry 3347000/4254627 (78.6673%)
entry 3349000/4254627 (78.7143%)
entry 3350000/4254627 (78.7378%)
entry 3352000/4254627 (78.7848%)
entry 3356000/4254627 (78.8788%)
entry 3357000/4254627 (78.9023%)
entry 3359000/4254627 (78.9493%)
entry 3366000/4254627 (79.1139%)
entry 3367000/4254627 (79.1374%)
entry 3368000/4254627 (79.1609%)
entry 3371000/4254627 (79.2314%)
entry 3372000/4254627 (79.2549%)
entry 3374000/4254627 (79.3019%)
entry 3375000/4254627 (79.3254%)
entry 3378000/4254627 (79.3959%)
entry 3383000/4254627 (79.5134%)
entry 3386000/4254627 (79.5839%)
entry 3388000/4254627 (79.631%)
entry 3391000/4254627 (79.7015%)
entry 3392000/4254627 (79.725%)
entry 3393000/4254627 (79.7485%)
entry 3394000/4254627 (79.772%)
entry 3399000/4254627 (79.8895%)
entry 3400000/4254627 (79.913%)
entry 3401000/4254627 (79.9365%)
entry 3402000/4254627 (79.96%)
entry 3403000/4254627 (79.9835%)
entry 3406000/4254627 (80.054%)
entry 3407000/4254627 (80.0775%)
entry 3411000/4254627 (80.1715%)
entry 3414000/4254627 (80.242%)
entry 3415000/4254627 (80.2656%)
entry 3416000/4254627 (80.2891%)
entry 3419000/4254627 (80.3596%)
entry 3421000/4254627 (80.4066%)
entry 3423000/4254627 (80.4536%)
entry 3425000/4254627 (80.5006%)
entry 3428000/4254627 (80.5711%)
entry 3431000/4254627 (80.6416%)
entry 3434000/4254627 (80.7121%)
entry 3436000/4254627 (80.7591%)
entry 3439000/4254627 (80.8297%)
entry 3444000/4254627 (80.9472%)
entry 3445000/4254627 (80.9707%)
entry 3448000/4254627 (81.0412%)
entry 3451000/4254627 (81.1117%)
entry 3452000/4254627 (81.1352%)
entry 3458000/4254627 (81.2762%)
entry 3462000/4254627 (81.3702%)
entry 3467000/4254627 (81.4878%)
entry 3468000/4254627 (81.5113%)
entry 3469000/4254627 (81.5348%)
entry 3470000/4254627 (81.5583%)
entry 3475000/4254627 (81.6758%)
entry 3477000/4254627 (81.7228%)
entry 3482000/4254627 (81.8403%)
entry 3484000/4254627 (81.8873%)
entry 3485000/4254627 (81.9108%)
entry 3486000/4254627 (81.9343%)
entry 3487000/4254627 (81.9578%)
entry 3491000/4254627 (82.0518%)
entry 3495000/4254627 (82.1459%)
entry 3503000/4254627 (82.3339%)
entry 3505000/4254627 (82.3809%)
entry 3507000/4254627 (82.4279%)
entry 3508000/4254627 (82.4514%)
entry 3512000/4254627 (82.5454%)
entry 3513000/4254627 (82.5689%)
entry 3515000/4254627 (82.6159%)
entry 3516000/4254627 (82.6394%)
entry 3518000/4254627 (82.6864%)
entry 3523000/4254627 (82.804%)
entry 3524000/4254627 (82.8275%)
entry 3525000/4254627 (82.851%)
entry 3532000/4254627 (83.0155%)
entry 3533000/4254627 (83.039%)
entry 3537000/4254627 (83.133%)
entry 3538000/4254627 (83.1565%)
entry 3541000/4254627 (83.227%)
entry 3542000/4254627 (83.2505%)
entry 3543000/4254627 (83.274%)
entry 3544000/4254627 (83.2976%)
entry 3546000/4254627 (83.3446%)
entry 3549000/4254627 (83.4151%)
entry 3550000/4254627 (83.4386%)
entry 3551000/4254627 (83.4621%)
entry 3557000/4254627 (83.6031%)
entry 3559000/4254627 (83.6501%)
entry 3561000/4254627 (83.6971%)
entry 3563000/4254627 (83.7441%)
entry 3568000/4254627 (83.8616%)
entry 3571000/4254627 (83.9321%)
entry 3575000/4254627 (84.0262%)
entry 3579000/4254627 (84.1202%)
entry 3585000/4254627 (84.2612%)
entry 3586000/4254627 (84.2847%)
entry 3591000/4254627 (84.4022%)
entry 3597000/4254627 (84.5433%)
entry 3598000/4254627 (84.5668%)
entry 3603000/4254627 (84.6843%)
entry 3604000/4254627 (84.7078%)
entry 3612000/4254627 (84.8958%)
entry 3614000/4254627 (84.9428%)
entry 3623000/4254627 (85.1543%)
entry 3625000/4254627 (85.2014%)
entry 3626000/4254627 (85.2249%)
entry 3628000/4254627 (85.2719%)
entry 3629000/4254627 (85.2954%)
entry 3630000/4254627 (85.3189%)
entry 3632000/4254627 (85.3659%)
entry 3638000/4254627 (85.5069%)
entry 3641000/4254627 (85.5774%)
entry 3643000/4254627 (85.6244%)
entry 3646000/4254627 (85.6949%)
entry 3647000/4254627 (85.7184%)
entry 3656000/4254627 (85.93%)
entry 3658000/4254627 (85.977%)
entry 3661000/4254627 (86.0475%)
entry 3662000/4254627 (86.071%)
entry 3663000/4254627 (86.0945%)
entry 3665000/4254627 (86.1415%)
entry 3667000/4254627 (86.1885%)
entry 3668000/4254627 (86.212%)
entry 3670000/4254627 (86.259%)
entry 3673000/4254627 (86.3295%)
entry 3676000/4254627 (86.4001%)
entry 3677000/4254627 (86.4236%)
entry 3680000/4254627 (86.4941%)
entry 3690000/4254627 (86.7291%)
entry 3691000/4254627 (86.7526%)
entry 3692000/4254627 (86.7761%)
entry 3693000/4254627 (86.7996%)
entry 3702000/4254627 (87.0112%)
entry 3707000/4254627 (87.1287%)
entry 3709000/4254627 (87.1757%)
entry 3713000/4254627 (87.2697%)
entry 3715000/4254627 (87.3167%)
entry 3717000/4254627 (87.3637%)
entry 3718000/4254627 (87.3872%)
entry 3719000/4254627 (87.4107%)
entry 3731000/4254627 (87.6928%)
entry 3740000/4254627 (87.9043%)
entry 3742000/4254627 (87.9513%)
entry 3753000/4254627 (88.2098%)
entry 3754000/4254627 (88.2334%)
entry 3757000/4254627 (88.3039%)
entry 3761000/4254627 (88.3979%)
entry 3763000/4254627 (88.4449%)
entry 3764000/4254627 (88.4684%)
entry 3768000/4254627 (88.5624%)
entry 3770000/4254627 (88.6094%)
entry 3771000/4254627 (88.6329%)
entry 3772000/4254627 (88.6564%)
entry 3776000/4254627 (88.7504%)
entry 3777000/4254627 (88.7739%)
entry 3779000/4254627 (88.8209%)
entry 3780000/4254627 (88.8444%)
entry 3781000/4254627 (88.868%)
entry 3783000/4254627 (88.915%)
entry 3786000/4254627 (88.9855%)
entry 3789000/4254627 (89.056%)
entry 3792000/4254627 (89.1265%)
entry 3793000/4254627 (89.15%)
entry 3797000/4254627 (89.244%)
entry 3807000/4254627 (89.4791%)
entry 3808000/4254627 (89.5026%)
entry 3809000/4254627 (89.5261%)
entry 3815000/4254627 (89.6671%)
entry 3818000/4254627 (89.7376%)
entry 3819000/4254627 (89.7611%)
entry 3821000/4254627 (89.8081%)
entry 3828000/4254627 (89.9726%)
entry 3834000/4254627 (90.1137%)
entry 3835000/4254627 (90.1372%)
entry 3837000/4254627 (90.1842%)
entry 3840000/4254627 (90.2547%)
entry 3841000/4254627 (90.2782%)
entry 3843000/4254627 (90.3252%)
entry 3845000/4254627 (90.3722%)
entry 3847000/4254627 (90.4192%)
entry 3851000/4254627 (90.5132%)
entry 3852000/4254627 (90.5367%)
entry 3853000/4254627 (90.5602%)
entry 3857000/4254627 (90.6542%)
entry 3858000/4254627 (90.6778%)
entry 3866000/4254627 (90.8658%)
entry 3871000/4254627 (90.9833%)
entry 3876000/4254627 (91.1008%)
entry 3878000/4254627 (91.1478%)
entry 3880000/4254627 (91.1948%)
entry 3882000/4254627 (91.2418%)
entry 3887000/4254627 (91.3594%)
entry 3890000/4254627 (91.4299%)
entry 3892000/4254627 (91.4769%)
entry 3896000/4254627 (91.5709%)
entry 3897000/4254627 (91.5944%)
entry 3898000/4254627 (91.6179%)
entry 3899000/4254627 (91.6414%)
entry 3903000/4254627 (91.7354%)
entry 3904000/4254627 (91.7589%)
entry 3905000/4254627 (91.7824%)
entry 3907000/4254627 (91.8294%)
entry 3915000/4254627 (92.0175%)
entry 3916000/4254627 (92.041%)
entry 3917000/4254627 (92.0645%)
entry 3919000/4254627 (92.1115%)
entry 3921000/4254627 (92.1585%)
entry 3923000/4254627 (92.2055%)
entry 3926000/4254627 (92.276%)
entry 3929000/4254627 (92.3465%)
entry 3931000/4254627 (92.3935%)
entry 3932000/4254627 (92.417%)
entry 3933000/4254627 (92.4405%)
entry 3939000/4254627 (92.5816%)
entry 3941000/4254627 (92.6286%)
entry 3944000/4254627 (92.6991%)
entry 3950000/4254627 (92.8401%)
entry 3951000/4254627 (92.8636%)
entry 3952000/4254627 (92.8871%)
entry 3955000/4254627 (92.9576%)
entry 3958000/4254627 (93.0281%)
entry 3959000/4254627 (93.0516%)
entry 3962000/4254627 (93.1221%)
entry 3964000/4254627 (93.1692%)
entry 3965000/4254627 (93.1927%)
entry 3968000/4254627 (93.2632%)
entry 3969000/4254627 (93.2867%)
entry 3973000/4254627 (93.3807%)
entry 3980000/4254627 (93.5452%)
entry 3982000/4254627 (93.5922%)
entry 3983000/4254627 (93.6157%)
entry 3986000/4254627 (93.6862%)
entry 3987000/4254627 (93.7097%)
entry 3989000/4254627 (93.7567%)
entry 3991000/4254627 (93.8038%)
entry 3999000/4254627 (93.9918%)
entry 4000000/4254627 (94.0153%)
entry 4001000/4254627 (94.0388%)
entry 4003000/4254627 (94.0858%)
entry 4005000/4254627 (94.1328%)
entry 4008000/4254627 (94.2033%)
entry 4011000/4254627 (94.2738%)
entry 4013000/4254627 (94.3208%)
entry 4025000/4254627 (94.6029%)
entry 4026000/4254627 (94.6264%)
entry 4028000/4254627 (94.6734%)
entry 4030000/4254627 (94.7204%)
entry 4031000/4254627 (94.7439%)
entry 4033000/4254627 (94.7909%)
entry 4035000/4254627 (94.8379%)
entry 4036000/4254627 (94.8614%)
entry 4037000/4254627 (94.8849%)
entry 4038000/4254627 (94.9084%)
entry 4039000/4254627 (94.9319%)
entry 4041000/4254627 (94.9789%)
entry 4042000/4254627 (95.0025%)
entry 4054000/4254627 (95.2845%)
entry 4056000/4254627 (95.3315%)
entry 4058000/4254627 (95.3785%)
entry 4059000/4254627 (95.402%)
entry 4062000/4254627 (95.4725%)
entry 4066000/4254627 (95.5665%)
entry 4072000/4254627 (95.7076%)
entry 4074000/4254627 (95.7546%)
entry 4075000/4254627 (95.7781%)
entry 4077000/4254627 (95.8251%)
entry 4079000/4254627 (95.8721%)
entry 4085000/4254627 (96.0131%)
entry 4092000/4254627 (96.1776%)
entry 4093000/4254627 (96.2011%)
entry 4094000/4254627 (96.2247%)
entry 4095000/4254627 (96.2482%)
entry 4097000/4254627 (96.2952%)
entry 4098000/4254627 (96.3187%)
entry 4099000/4254627 (96.3422%)
entry 4103000/4254627 (96.4362%)
entry 4107000/4254627 (96.5302%)
entry 4108000/4254627 (96.5537%)
entry 4109000/4254627 (96.5772%)
entry 4112000/4254627 (96.6477%)
entry 4114000/4254627 (96.6947%)
entry 4118000/4254627 (96.7887%)
entry 4122000/4254627 (96.8828%)
entry 4126000/4254627 (96.9768%)
entry 4128000/4254627 (97.0238%)
entry 4130000/4254627 (97.0708%)
entry 4133000/4254627 (97.1413%)
entry 4134000/4254627 (97.1648%)
entry 4135000/4254627 (97.1883%)
entry 4143000/4254627 (97.3763%)
entry 4145000/4254627 (97.4233%)
entry 4148000/4254627 (97.4939%)
entry 4149000/4254627 (97.5174%)
entry 4151000/4254627 (97.5644%)
entry 4152000/4254627 (97.5879%)
entry 4155000/4254627 (97.6584%)
entry 4158000/4254627 (97.7289%)
entry 4159000/4254627 (97.7524%)
entry 4160000/4254627 (97.7759%)
entry 4165000/4254627 (97.8934%)
entry 4167000/4254627 (97.9404%)
entry 4173000/4254627 (98.0815%)
entry 4181000/4254627 (98.2695%)
entry 4191000/4254627 (98.5045%)
entry 4196000/4254627 (98.622%)
entry 4197000/4254627 (98.6455%)
entry 4201000/4254627 (98.7396%)
entry 4202000/4254627 (98.7631%)
entry 4207000/4254627 (98.8806%)
entry 4213000/4254627 (99.0216%)
entry 4218000/4254627 (99.1391%)
entry 4221000/4254627 (99.2096%)
entry 4224000/4254627 (99.2801%)
entry 4225000/4254627 (99.3037%)
entry 4231000/4254627 (99.4447%)
entry 4234000/4254627 (99.5152%)
entry 4237000/4254627 (99.5857%)
entry 4243000/4254627 (99.7267%)
entry 4244000/4254627 (99.7502%)
entry 4245000/4254627 (99.7737%)
entry 4246000/4254627 (99.7972%)
all done
script done
