sphnx1064.sdcc.bnl.gov
rsyncing from /gpfs/mnt/gpfs02/sphenix/user/samfred/run25/ppg11/histmaking
running: /gpfs/mnt/gpfs02/sphenix/user/samfred/run25/ppg11/histmaking/script_data.sh 49266
LD_LIBRARY_PATH now /sphenix/user/samfred/run25/install//lib:/cvmfs/sphenix.sdcc.bnl.gov/alma9.2-gcc-14.2.0/opt/sphenix/core/gcc/14.2.0-2f0a0/x86_64-el9/lib:/cvmfs/sphenix.sdcc.bnl.gov/alma9.2-gcc-14.2.0/opt/sphenix/core/gcc/14.2.0-2f0a0/x86_64-el9/lib64:/cvmfs/sphenix.sdcc.bnl.gov/alma9.2-gcc-14.2.0/opt/sphenix/core/binutils/2.40-acaab/x86_64-el9/lib:.:/cvmfs/sphenix.sdcc.bnl.gov/alma9.2-gcc-14.2.0/release/release_new/new.10/lib64:/cvmfs/sphenix.sdcc.bnl.gov/alma9.2-gcc-14.2.0/release/release_new/new.10/lib:/cvmfs/sphenix.sdcc.bnl.gov/alma9.2-gcc-14.2.0/opt/sphenix/utils/lib:/cvmfs/sphenix.sdcc.bnl.gov/alma9.2-gcc-14.2.0/opt/sphenix/core/lib:/cvmfs/sphenix.sdcc.bnl.gov/alma9.2-gcc-14.2.0/opt/sphenix/core/root-6.32.06/lib:/cvmfs/sphenix.sdcc.bnl.gov/alma9.2-gcc-14.2.0/opt/sphenix/core/geant4.10.07.p04/lib64:/cvmfs/sphenix.sdcc.bnl.gov/alma9.2-gcc-14.2.0/opt/sphenix/core/lhapdf-5.9.1/lib:/usr/local/lib64:/usr/lib64
PATH now /sphenix/user/samfred/run25/install//bin:/cvmfs/sphenix.sdcc.bnl.gov/alma9.2-gcc-14.2.0/opt/sphenix/core/gcc/14.2.0-2f0a0/x86_64-el9/bin:/cvmfs/sphenix.sdcc.bnl.gov/alma9.2-gcc-14.2.0/opt/sphenix/core/binutils/2.40-acaab/x86_64-el9/bin:.:/cvmfs/sphenix.sdcc.bnl.gov/alma9.2-gcc-14.2.0/release/release_new/new.10/bin:/cvmfs/sphenix.sdcc.bnl.gov/alma9.2-gcc-14.2.0/opt/sphenix/utils/bin:/cvmfs/sphenix.sdcc.bnl.gov/alma9.2-gcc-14.2.0/opt/sphenix/core/bin:/cvmfs/sphenix.sdcc.bnl.gov/alma9.2-gcc-14.2.0/opt/sphenix/core/root-6.32.06/bin:/cvmfs/sphenix.sdcc.bnl.gov/alma9.2-gcc-14.2.0/opt/sphenix/core/geant4.10.07.p04/bin:/usr/local/bin:/usr/bin:/usr/local/sbin:/usr/sbin
SINGULARITY_CACHEDIR=/home/condor/local/sphnx/execute/dir_2384037
_CONDOR_CHIRP_CONFIG=/home/condor/local/sphnx/execute/dir_2384037/.chirp.config
_CONDOR_JOB_IWD=/sphenix/user/samfred/run25/ppg11/histmaking
G4ENSDFSTATEDATA=/cvmfs/sphenix.sdcc.bnl.gov/alma9.2-gcc-14.2.0/opt/sphenix/core/geant4.10.07.p04/share/Geant4-10.7.4/data/G4ENSDFSTATE2.3
_CONDOR_MACHINE_AD=/home/condor/local/sphnx/execute/dir_2384037/.machine.ad
ROOT_MAX_THREADS=1
NUMEXPR_NUM_THREADS=1
_CONDOR_ANCESTOR_340283=340318:1756523317:1854659468
CUBACORES=1
_CHIRP_DELAYED_UPDATE_PREFIX=Chirp*
OMP_THREAD_LIMIT=1
G4PIIDATA=/cvmfs/sphenix.sdcc.bnl.gov/alma9.2-gcc-14.2.0/opt/sphenix/core/geant4.10.07.p04/share/Geant4-10.7.4/data/G4PII1.3
NO_AT_BRIDGE=1
G4_MAIN=/cvmfs/sphenix.sdcc.bnl.gov/alma9.2-gcc-14.2.0/opt/sphenix/core/geant4.10.07.p04
COMPILER_PATH=/cvmfs/sphenix.sdcc.bnl.gov/alma9.2-gcc-14.2.0/opt/sphenix/core/gcc/14.2.0-2f0a0/x86_64-el9
ROOT_INCLUDE_PATH=./:/sphenix/user/samfred/run25/install//include:/sphenix/user/samfred/run25/install//include/caloana:/sphenix/user/samfred/run25/install//include/qa_centrality:/sphenix/user/samfred/run25/install//include/mbdana:/sphenix/user/samfred/run25/install//include/centrality:/sphenix/user/samfred/run25/install//include/Event:/cvmfs/sphenix.sdcc.bnl.gov/alma9.2-gcc-14.2.0/release/release_new/new.10/include:/cvmfs/sphenix.sdcc.bnl.gov/alma9.2-gcc-14.2.0/release/release_new/new.10/include:/cvmfs/sphenix.sdcc.bnl.gov/alma9.2-gcc-14.2.0/release/release_new/new.10/include/g4mbd:/cvmfs/sphenix.sdcc.bnl.gov/alma9.2-gcc-14.2.0/release/release_new/new.10/include/fmt:/cvmfs/sphenix.sdcc.bnl.gov/alma9.2-gcc-14.2.0/release/release_new/new.10/include/ffarawobjects:/cvmfs/sphenix.sdcc.bnl.gov/alma9.2-gcc-14.2.0/release/release_new/new.10/include/JSON:/cvmfs/sphenix.sdcc.bnl.gov/alma9.2-gcc-14.2.0/release/release_new/new.10/include/calotreegen:/cvmfs/sphenix.sdcc.bnl.gov/alma9.2-gcc-14.2.0/release/release_new/new.10/include/torch:/cvmfs/sphenix.sdcc.bnl.gov/alma9.2-gcc-14.2.0/release/release_new/new.10/include/g4detectors:/cvmfs/sphenix.sdcc.bnl.gov/alma9.2-gcc-14.2.0/release/release_new/new.10/include/kineto:/cvmfs/sphenix.sdcc.bnl.gov/alma9.2-gcc-14.2.0/release/release_new/new.10/include/g4decayer:/cvmfs/sphenix.sdcc.bnl.gov/alma9.2-gcc-14.2.0/release/release_new/new.10/include/kfparticleqa:/cvmfs/sphenix.sdcc.bnl.gov/alma9.2-gcc-14.2.0/release/release_new/new.10/include/phfield:/cvmfs/sphenix.sdcc.bnl.gov/alma9.2-gcc-14.2.0/release/release_new/new.10/include/LHAPDF:/cvmfs/sphenix.sdcc.bnl.gov/alma9.2-gcc-14.2.0/release/release_new/new.10/include/readdigitalcurrents:/cvmfs/sphenix.sdcc.bnl.gov/alma9.2-gcc-14.2.0/release/release_new/new.10/include/c10:/cvmfs/sphenix.sdcc.bnl.gov/alma9.2-gcc-14.2.0/release/release_new/new.10/include/calovalid:/cvmfs/sphenix.sdcc.bnl.gov/alma9.2-gcc-14.2.0/release/release_new/new.10/include/oneapi:/cvmfs/sphenix.sdcc.bnl.gov/alma9.2-gcc-14.2.0/release/release_new/new.10/include/DDCond:/cvmfs/sphenix.sdcc.bnl.gov/alma9.2-gcc-14.2.0/release/release_new/new.10/include/g4tracking:/cvmfs/sphenix.sdcc.bnl.gov/alma9.2-gcc-14.2.0/release/release_new/new.10/include/litecaloeval:/cvmfs/sphenix.sdcc.bnl.gov/alma9.2-gcc-14.2.0/release/release_new/new.10/include/g4intt:/cvmfs/sphenix.sdcc.bnl.gov/alma9.2-gcc-14.2.0/release/release_new/new.10/include/phool:/cvmfs/sphenix.sdcc.bnl.gov/alma9.2-gcc-14.2.0/release/release_new/new.10/include/boost:/cvmfs/sphenix.sdcc.bnl.gov/alma9.2-gcc-14.2.0/release/release_new/new.10/include/Pythia8Plugins:/cvmfs/sphenix.sdcc.bnl.gov/alma9.2-gcc-14.2.0/release/release_new/new.10/include/calib_emc_pi0:/cvmfs/sphenix.sdcc.bnl.gov/alma9.2-gcc-14.2.0/release/release_new/new.10/include/hijingflipafterburner:/cvmfs/sphenix.sdcc.bnl.gov/alma9.2-gcc-14.2.0/release/release_new/new.10/include/ffaobjects:/cvmfs/sphenix.sdcc.bnl.gov/alma9.2-gcc-14.2.0/release/release_new/new.10/include/EvtGenBase:/cvmfs/sphenix.sdcc.bnl.gov/alma9.2-gcc-14.2.0/release/release_new/new.10/include/flowafterburner:/cvmfs/sphenix.sdcc.bnl.gov/alma9.2-gcc-14.2.0/release/release_new/new.10/include/google:/cvmfs/sphenix.sdcc.bnl.gov/alma9.2-gcc-14.2.0/release/release_new/new.10/include/g4tpc:/cvmfs/sphenix.sdcc.bnl.gov/alma9.2-gcc-14.2.0/release/release_new/new.10/include/caffe2:/cvmfs/sphenix.sdcc.bnl.gov/alma9.2-gcc-14.2.0/release/release_new/new.10/include/EvtGenExternal:/cvmfs/sphenix.sdcc.bnl.gov/alma9.2-gcc-14.2.0/release/release_new/new.10/include/fp16:/cvmfs/sphenix.sdcc.bnl.gov/alma9.2-gcc-14.2.0/release/release_new/new.10/include/ffamodules:/cvmfs/sphenix.sdcc.bnl.gov/alma9.2-gcc-14.2.0/release/release_new/new.10/include/uspin:/cvmfs/sphenix.sdcc.bnl.gov/alma9.2-gcc-14.2.0/release/release_new/new.10/include/Herwig:/cvmfs/sphenix.sdcc.bnl.gov/alma9.2-gcc-14.2.0/release/release_new/new.10/include/genfitexp:/cvmfs/sphenix.sdcc.bnl.gov/alma9.2-gcc-14.2.0/release/release_new/new.10/include/XML:/cvmfs/sphenix.sdcc.bnl.gov/alma9.2-gcc-14.2.0/release/release_new/new.10/include/fbgemm:/cvmfs/sphenix.sdcc.bnl.gov/alma9.2-gcc-14.2.0/release/release_new/new.10/include/DDAlign:/cvmfs/sphenix.sdcc.bnl.gov/alma9.2-gcc-14.2.0/release/release_new/new.10/include/g4mvtx:/cvmfs/sphenix.sdcc.bnl.gov/alma9.2-gcc-14.2.0/release/release_new/new.10/include/kfparticle_sphenix:/cvmfs/sphenix.sdcc.bnl.gov/alma9.2-gcc-14.2.0/release/release_new/new.10/include/fun4all:/cvmfs/sphenix.sdcc.bnl.gov/alma9.2-gcc-14.2.0/release/release_new/new.10/include/intt:/cvmfs/sphenix.sdcc.bnl.gov/alma9.2-gcc-14.2.0/release/release_new/new.10/include/eventdisplay:/cvmfs/sphenix.sdcc.bnl.gov/alma9.2-gcc-14.2.0/release/release_new/new.10/include/EvtGen:/cvmfs/sphenix.sdcc.bnl.gov/alma9.2-gcc-14.2.0/release/release_new/new.10/include/Evaluator:/cvmfs/sphenix.sdcc.bnl.gov/alma9.2-gcc-14.2.0/release/release_new/new.10/include/tpc:/cvmfs/sphenix.sdcc.bnl.gov/alma9.2-gcc-14.2.0/release/release_new/new.10/include/GenFit:/cvmfs/sphenix.sdcc.bnl.gov/alma9.2-gcc-14.2.0/release/release_new/new.10/include/prototype4:/cvmfs/sphenix.sdcc.bnl.gov/alma9.2-gcc-14.2.0/release/release_new/new.10/include/caloembedding:/cvmfs/sphenix.sdcc.bnl.gov/alma9.2-gcc-14.2.0/release/release_new/new.10/include/EvtGenModels:/cvmfs/sphenix.sdcc.bnl.gov/alma9.2-gcc-14.2.0/release/release_new/new.10/include/fastjet:/cvmfs/sphenix.sdcc.bnl.gov/alma9.2-gcc-14.2.0/release/release_new/new.10/include/DDG4:/cvmfs/sphenix.sdcc.bnl.gov/alma9.2-gcc-14.2.0/release/release_new/new.10/include/mbd:/cvmfs/sphenix.sdcc.bnl.gov/alma9.2-gcc-14.2.0/release/release_new/new.10/include/tbb:/cvmfs/sphenix.sdcc.bnl.gov/alma9.2-gcc-14.2.0/release/release_new/new.10/include/phgeom:/cvmfs/sphenix.sdcc.bnl.gov/alma9.2-gcc-14.2.0/release/release_new/new.10/include/g4epd:/cvmfs/sphenix.sdcc.bnl.gov/alma9.2-gcc-14.2.0/release/release_new/new.10/include/oncal:/cvmfs/sphenix.sdcc.bnl.gov/alma9.2-gcc-14.2.0/release/release_new/new.10/include/pybind11:/cvmfs/sphenix.sdcc.bnl.gov/alma9.2-gcc-14.2.0/release/release_new/new.10/include/tpcdistgenerator:/cvmfs/sphenix.sdcc.bnl.gov/alma9.2-gcc-14.2.0/release/release_new/new.10/include/cdbobjects:/cvmfs/sphenix.sdcc.bnl.gov/alma9.2-gcc-14.2.0/release/release_new/new.10/include/g4micromegas:/cvmfs/sphenix.sdcc.bnl.gov/alma9.2-gcc-14.2.0/release/release_new/new.10/include/g4eval:/cvmfs/sphenix.sdcc.bnl.gov/alma9.2-gcc-14.2.0/release/release_new/new.10/include/jetbackground:/cvmfs/sphenix.sdcc.bnl.gov/alma9.2-gcc-14.2.0/release/release_new/new.10/include/micromegas:/cvmfs/sphenix.sdcc.bnl.gov/alma9.2-gcc-14.2.0/release/release_new/new.10/include/hftrackefficiency:/cvmfs/sphenix.sdcc.bnl.gov/alma9.2-gcc-14.2.0/release/release_new/new.10/include/inttrawhitqa:/cvmfs/sphenix.sdcc.bnl.gov/alma9.2-gcc-14.2.0/release/release_new/new.10/include/centrality:/cvmfs/sphenix.sdcc.bnl.gov/alma9.2-gcc-14.2.0/release/release_new/new.10/include/epd:/cvmfs/sphenix.sdcc.bnl.gov/alma9.2-gcc-14.2.0/release/release_new/new.10/include/caloreco:/cvmfs/sphenix.sdcc.bnl.gov/alma9.2-gcc-14.2.0/release/release_new/new.10/include/HepMC:/cvmfs/sphenix.sdcc.bnl.gov/alma9.2-gcc-14.2.0/release/release_new/new.10/include/CLHEP:/cvmfs/sphenix.sdcc.bnl.gov/alma9.2-gcc-14.2.0/release/release_new/new.10/include/Acts:/cvmfs/sphenix.sdcc.bnl.gov/alma9.2-gcc-14.2.0/release/release_new/new.10/include/g4histos:/cvmfs/sphenix.sdcc.bnl.gov/alma9.2-gcc-14.2.0/release/release_new/new.10/include/eventplaneinfo:/cvmfs/sphenix.sdcc.bnl.gov/alma9.2-gcc-14.2.0/release/release_new/new.10/include/fillspacechargemaps:/cvmfs/sphenix.sdcc.bnl.gov/alma9.2-gcc-14.2.0/release/release_new/new.10/include/phhepmc:/cvmfs/sphenix.sdcc.bnl.gov/alma9.2-gcc-14.2.0/release/release_new/new.10/include/trackingqa:/cvmfs/sphenix.sdcc.bnl.gov/alma9.2-gcc-14.2.0/release/release_new/new.10/include/qautils:/cvmfs/sphenix.sdcc.bnl.gov/alma9.2-gcc-14.2.0/release/release_new/new.10/include/trackreco:/cvmfs/sphenix.sdcc.bnl.gov/alma9.2-gcc-14.2.0/release/release_new/new.10/include/g4ohcal:/cvmfs/sphenix.sdcc.bnl.gov/alma9.2-gcc-14.2.0/release/release_new/new.10/include/tpcdvcalib:/cvmfs/sphenix.sdcc.bnl.gov/alma9.2-gcc-14.2.0/release/release_new/new.10/include/zdcinfo:/cvmfs/sphenix.sdcc.bnl.gov/alma9.2-gcc-14.2.0/release/release_new/new.10/include/phpythia8:/cvmfs/sphenix.sdcc.bnl.gov/alma9.2-gcc-14.2.0/release/release_new/new.10/include/fun4allutils:/cvmfs/sphenix.sdcc.bnl.gov/alma9.2-gcc-14.2.0/release/release_new/new.10/include/tpcqa:/cvmfs/sphenix.sdcc.bnl.gov/alma9.2-gcc-14.2.0/release/release_new/new.10/include/Pythia8:/cvmfs/sphenix.sdcc.bnl.gov/alma9.2-gcc-14.2.0/release/release_new/new.10/include/DDRec:/cvmfs/sphenix.sdcc.bnl.gov/alma9.2-gcc-14.2.0/release/release_new/new.10/include/DDDigi:/cvmfs/sphenix.sdcc.bnl.gov/alma9.2-gcc-14.2.0/release/release_new/new.10/include/g4ihcal:/cvmfs/sphenix.sdcc.bnl.gov/alma9.2-gcc-14.2.0/release/release_new/new.10/include/frog:/cvmfs/sphenix.sdcc.bnl.gov/alma9.2-gcc-14.2.0/release/release_new/new.10/include/eigen3:/cvmfs/sphenix.sdcc.bnl.gov/alma9.2-gcc-14.2.0/release/release_new/new.10/include/tensorpipe:/cvmfs/sphenix.sdcc.bnl.gov/alma9.2-gcc-14.2.0/release/release_new/new.10/include/sphenixnpc:/cvmfs/sphenix.sdcc.bnl.gov/alma9.2-gcc-14.2.0/release/release_new/new.10/include/siscone:/cvmfs/sphenix.sdcc.bnl.gov/alma9.2-gcc-14.2.0/release/release_new/new.10/include/pmonitor:/cvmfs/sphenix.sdcc.bnl.gov/alma9.2-gcc-14.2.0/release/release_new/new.10/include/calobase:/cvmfs/sphenix.sdcc.bnl.gov/alma9.2-gcc-14.2.0/release/release_new/new.10/include/ActsExamples:/cvmfs/sphenix.sdcc.bnl.gov/alma9.2-gcc-14.2.0/release/release_new/new.10/include/g4gdml:/cvmfs/sphenix.sdcc.bnl.gov/alma9.2-gcc-14.2.0/release/release_new/new.10/include/mvtx_decoder:/cvmfs/sphenix.sdcc.bnl.gov/alma9.2-gcc-14.2.0/release/release_new/new.10/include/ROOT:/cvmfs/sphenix.sdcc.bnl.gov/alma9.2-gcc-14.2.0/release/release_new/new.10/include/phparameter:/cvmfs/sphenix.sdcc.bnl.gov/alma9.2-gcc-14.2.0/release/release_new/new.10/include/rsa:/cvmfs/sphenix.sdcc.bnl.gov/alma9.2-gcc-14.2.0/release/release_new/new.10/include/fun4allraw:/cvmfs/sphenix.sdcc.bnl.gov/alma9.2-gcc-14.2.0/release/release_new/new.10/include/trackbase_historic:/cvmfs/sphenix.sdcc.bnl.gov/alma9.2-gcc-14.2.0/release/release_new/new.10/include/g4jets:/cvmfs/sphenix.sdcc.bnl.gov/alma9.2-gcc-14.2.0/release/release_new/new.10/include/jetqa:/cvmfs/sphenix.sdcc.bnl.gov/alma9.2-gcc-14.2.0/release/release_new/new.10/include/phoolraw:/cvmfs/sphenix.sdcc.bnl.gov/alma9.2-gcc-14.2.0/release/release_new/new.10/include/g4calo:/cvmfs/sphenix.sdcc.bnl.gov/alma9.2-gcc-14.2.0/release/release_new/new.10/include/mvtxrawhitqa:/cvmfs/sphenix.sdcc.bnl.gov/alma9.2-gcc-14.2.0/release/release_new/new.10/include/HepMC3:/cvmfs/sphenix.sdcc.bnl.gov/alma9.2-gcc-14.2.0/release/release_new/new.10/include/calowaveformsim:/cvmfs/sphenix.sdcc.bnl.gov/alma9.2-gcc-14.2.0/release/release_new/new.10/include/g4caloprototype:/cvmfs/sphenix.sdcc.bnl.gov/alma9.2-gcc-14.2.0/release/release_new/new.10/include/pdbcalbase:/cvmfs/sphenix.sdcc.bnl.gov/alma9.2-gcc-14.2.0/release/release_new/new.10/include/gsl:/cvmfs/sphenix.sdcc.bnl.gov/alma9.2-gcc-14.2.0/release/release_new/new.10/include/nodedump:/cvmfs/sphenix.sdcc.bnl.gov/alma9.2-gcc-14.2.0/release/release_new/new.10/include/emcnoisytowerfinder:/cvmfs/sphenix.sdcc.bnl.gov/alma9.2-gcc-14.2.0/release/release_new/new.10/include/ActsFatras:/cvmfs/sphenix.sdcc.bnl.gov/alma9.2-gcc-14.2.0/release/release_new/new.10/include/ffarawmodules:/cvmfs/sphenix.sdcc.bnl.gov/alma9.2-gcc-14.2.0/release/release_new/new.10/include/Event:/cvmfs/sphenix.sdcc.bnl.gov/alma9.2-gcc-14.2.0/release/release_new/new.10/include/prototype3:/cvmfs/sphenix.sdcc.bnl.gov/alma9.2-gcc-14.2.0/release/release_new/new.10/include/fermimotionafterburner:/cvmfs/sphenix.sdcc.bnl.gov/alma9.2-gcc-14.2.0/release/release_new/new.10/include/Photos:/cvmfs/sphenix.sdcc.bnl.gov/alma9.2-gcc-14.2.0/release/release_new/new.10/include/xingshiftcal:/cvmfs/sphenix.sdcc.bnl.gov/alma9.2-gcc-14.2.0/release/release_new/new.10/include/trackbase:/cvmfs/sphenix.sdcc.bnl.gov/alma9.2-gcc-14.2.0/release/release_new/new.10/include/jetdstskimmer:/cvmfs/sphenix.sdcc.bnl.gov/alma9.2-gcc-14.2.0/release/release_new/new.10/include/clusteriso:/cvmfs/sphenix.sdcc.bnl.gov/alma9.2-gcc-14.2.0/release/release_new/new.10/include/asmjit:/cvmfs/sphenix.sdcc.bnl.gov/alma9.2-gcc-14.2.0/release/release_new/new.10/include/particleflowreco:/cvmfs/sphenix.sdcc.bnl.gov/alma9.2-gcc-14.2.0/release/release_new/new.10/include/tpchittrackdisplay:/cvmfs/sphenix.sdcc.bnl.gov/alma9.2-gcc-14.2.0/release/release_new/new.10/include/caloana:/cvmfs/sphenix.sdcc.bnl.gov/alma9.2-gcc-14.2.0/release/release_new/new.10/include/calotrigger:/cvmfs/sphenix.sdcc.bnl.gov/alma9.2-gcc-14.2.0/release/release_new/new.10/include/nopayloadclient:/cvmfs/sphenix.sdcc.bnl.gov/alma9.2-gcc-14.2.0/release/release_new/new.10/include/trackermillepedealignment:/cvmfs/sphenix.sdcc.bnl.gov/alma9.2-gcc-14.2.0/release/release_new/new.10/include/DD4hep:/cvmfs/sphenix.sdcc.bnl.gov/alma9.2-gcc-14.2.0/release/release_new/new.10/include/g4trackfastsim:/cvmfs/sphenix.sdcc.bnl.gov/alma9.2-gcc-14.2.0/release/release_new/new.10/include/prototype2:/cvmfs/sphenix.sdcc.bnl.gov/alma9.2-gcc-14.2.0/release/release_new/new.10/include/ATen:/cvmfs/sphenix.sdcc.bnl.gov/alma9.2-gcc-14.2.0/release/release_new/new.10/include/g4main:/cvmfs/sphenix.sdcc.bnl.gov/alma9.2-gcc-14.2.0/release/release_new/new.10/include/Tauola:/cvmfs/sphenix.sdcc.bnl.gov/alma9.2-gcc-14.2.0/release/release_new/new.10/include/inttcalib:/cvmfs/sphenix.sdcc.bnl.gov/alma9.2-gcc-14.2.0/release/release_new/new.10/include/reactionplaneafterburner:/cvmfs/sphenix.sdcc.bnl.gov/alma9.2-gcc-14.2.0/release/release_new/new.10/include/globalqa:/cvmfs/sphenix.sdcc.bnl.gov/alma9.2-gcc-14.2.0/release/release_new/new.10/include/tpccalib:/cvmfs/sphenix.sdcc.bnl.gov/alma9.2-gcc-14.2.0/release/release_new/new.10/include/DDSegmentation:/cvmfs/sphenix.sdcc.bnl.gov/alma9.2-gcc-14.2.0/release/release_new/new.10/include/decayfinder:/cvmfs/sphenix.sdcc.bnl.gov/alma9.2-gcc-14.2.0/release/release_new/new.10/include/compressclus:/cvmfs/sphenix.sdcc.bnl.gov/alma9.2-gcc-14.2.0/release/release_new/new.10/include/simqa_modules:/cvmfs/sphenix.sdcc.bnl.gov/alma9.2-gcc-14.2.0/release/release_new/new.10/include/resonancejettagging:/cvmfs/sphenix.sdcc.bnl.gov/alma9.2-gcc-14.2.0/release/release_new/new.10/include/g4centrality:/cvmfs/sphenix.sdcc.bnl.gov/alma9.2-gcc-14.2.0/release/release_new/new.10/include/mvtx:/cvmfs/sphenix.sdcc.bnl.gov/alma9.2-gcc-14.2.0/release/release_new/new.10/include/nlohmann:/cvmfs/sphenix.sdcc.bnl.gov/alma9.2-gcc-14.2.0/release/release_new/new.10/include/localpoloffmon:/cvmfs/sphenix.sdcc.bnl.gov/alma9.2-gcc-14.2.0/release/release_new/new.10/include/DDEve:/cvmfs/sphenix.sdcc.bnl.gov/alma9.2-gcc-14.2.0/release/release_new/new.10/include/Parsers:/cvmfs/sphenix.sdcc.bnl.gov/alma9.2-gcc-14.2.0/release/release_new/new.10/include/trackingdiagnostics:/cvmfs/sphenix.sdcc.bnl.gov/alma9.2-gcc-14.2.0/release/release_new/new.10/include/g4vertex:/cvmfs/sphenix.sdcc.bnl.gov/alma9.2-gcc-14.2.0/release/release_new/new.10/include/jetbase:/cvmfs/sphenix.sdcc.bnl.gov/alma9.2-gcc-14.2.0/release/release_new/new.10/include/globalvertex:/cvmfs/sphenix.sdcc.bnl.gov/alma9.2-gcc-14.2.0/release/release_new/new.10/include/phgenfit:/cvmfs/sphenix.sdcc.bnl.gov/alma9.2-gcc-14.2.0/release/release_new/new.10/include/rawbcolumi:/cvmfs/sphenix.sdcc.bnl.gov/alma9.2-gcc-14.2.0/release/release_new/new.10/include/eicsmear:/cvmfs/sphenix.sdcc.bnl.gov/alma9.2-gcc-14.2.0/release/release_new/new.10/include/mvtxcalib:/cvmfs/sphenix.sdcc.bnl.gov/alma9.2-gcc-14.2.0/release/release_new/new.10/include/tpclinelaserdiode:/cvmfs/sphenix.sdcc.bnl.gov/alma9.2-gcc-14.2.0/release/release_new/new.10/include/hepmcjettrigger:/cvmfs/sphenix.sdcc.bnl.gov/alma9.2-gcc-14.2.0/release/release_new/new.10/include/core:/cvmfs/sphenix.sdcc.bnl.gov/alma9.2-gcc-14.2.0/release/release_new/new.10/include/calo_cdb:/cvmfs/sphenix.sdcc.bnl.gov/alma9.2-gcc-14.2.0/release/release_new/new.10/include/mvtxclustershapesqa:/cvmfs/sphenix.sdcc.bnl.gov/alma9.2-gcc-14.2.0/release/release_new/new.10/include/calopacketskimmer:/cvmfs/sphenix.sdcc.bnl.gov/alma9.2-gcc-14.2.0/opt/sphenix/core/geant4.10.07.p04/include:/cvmfs/sphenix.sdcc.bnl.gov/alma9.2-gcc-14.2.0/release/release_new/new.10/rootmacros:/cvmfs/sphenix.sdcc.bnl.gov/alma9.2-gcc-14.2.0/opt/sphenix/core/include
GSEARCHPATH=.:PG:LUSTRE:RAWDATA
PWD=/gpfs/mnt/gpfs02/sphenix/user/samfred/run25/ppg11/histmaking
LOGNAME=samfred
_CONDOR_JOB_AD=/home/condor/local/sphnx/execute/dir_2384037/.job.ad
MANPATH=/cvmfs/sphenix.sdcc.bnl.gov/alma9.2-gcc-14.2.0/opt/sphenix/core/gcc/14.2.0-2f0a0/x86_64-el9/share/man:/cvmfs/sphenix.sdcc.bnl.gov/alma9.2-gcc-14.2.0/opt/sphenix/core/binutils/2.40-acaab/x86_64-el9/share/man:/cvmfs/sphenix.sdcc.bnl.gov/alma9.2-gcc-14.2.0/release/release_new/new.10/share/man:/cvmfs/sphenix.sdcc.bnl.gov/alma9.2-gcc-14.2.0/opt/sphenix/utils/share/man:/cvmfs/sphenix.sdcc.bnl.gov/alma9.2-gcc-14.2.0/opt/sphenix/core/share/man:/cvmfs/sphenix.sdcc.bnl.gov/alma9.2-gcc-14.2.0/opt/sphenix/core/root-6.32.06/man:/usr/local/share/man:/usr/share/man
PYTHIA8=/cvmfs/sphenix.sdcc.bnl.gov/alma9.2-gcc-14.2.0/release/release_new/new.10/share/Pythia8
G4INCLDATA=/cvmfs/sphenix.sdcc.bnl.gov/alma9.2-gcc-14.2.0/opt/sphenix/core/geant4.10.07.p04/share/Geant4-10.7.4/data/G4INCL1.0
ORIG_PATH=/usr/local/bin:/usr/bin
CXX=/cvmfs/sphenix.sdcc.bnl.gov/alma9.2-gcc-14.2.0/opt/sphenix/core/gcc/14.2.0-2f0a0/x86_64-el9/bin/g++
G4LEDATA=/cvmfs/sphenix.sdcc.bnl.gov/alma9.2-gcc-14.2.0/opt/sphenix/core/geant4.10.07.p04/share/Geant4-10.7.4/data/G4EMLOW7.13
PYTHON_CPU_COUNT=1
OPENBLAS_NUM_THREADS=1
_CONDOR_BIN=/usr/bin
HOME=/sphenix/u/samfred
G4PARTICLEXSDATA=/cvmfs/sphenix.sdcc.bnl.gov/alma9.2-gcc-14.2.0/opt/sphenix/core/geant4.10.07.p04/share/Geant4-10.7.4/data/G4PARTICLEXS3.1.1
ONLINE_MAIN=/cvmfs/sphenix.sdcc.bnl.gov/alma9.2-gcc-14.2.0/release/release_new/new.10
CALIBRATIONROOT=/cvmfs/sphenix.sdcc.bnl.gov/alma9.2-gcc-14.2.0/release/release_new/new.10/share/calibrations
TMPDIR=/tmp
_CONDOR_SCRATCH_DIR=/home/condor/local/sphnx/execute/dir_2384037
PGUSER=phnxrc
NOPAYLOADCLIENT_CONF=/cvmfs/sphenix.sdcc.bnl.gov/alma9.2-gcc-14.2.0/opt/sphenix/core/etc/sPHENIX_newcdb.json
_CONDOR_ANCESTOR_340318=2384037:1759352701:1196702170
XERCESCROOT=/cvmfs/sphenix.sdcc.bnl.gov/alma9.2-gcc-14.2.0/opt/sphenix/core/geant4.10.07.p04
LHAPATH=/cvmfs/sphenix.sdcc.bnl.gov/alma9.2-gcc-14.2.0/opt/sphenix/core/lhapdf-5.9.1/share/lhapdf/PDFsets
G4NEUTRONHPDATA=/cvmfs/sphenix.sdcc.bnl.gov/alma9.2-gcc-14.2.0/opt/sphenix/core/geant4.10.07.p04/share/Geant4-10.7.4/data/G4NDL4.6
PYTHONPATH=.:/cvmfs/sphenix.sdcc.bnl.gov/alma9.2-gcc-14.2.0/release/release_new/new.10/lib/python3.13/site-packages:/cvmfs/sphenix.sdcc.bnl.gov/alma9.2-gcc-14.2.0/opt/sphenix/core/lib/python3.13/site-packages:/cvmfs/sphenix.sdcc.bnl.gov/alma9.2-gcc-14.2.0/opt/sphenix/core/root-6.32.06/lib
USER=samfred
_CONDOR_JOB_PIDS=
TEMP=/tmp
GOMAXPROCS=1
OFFLINE_MAIN=/cvmfs/sphenix.sdcc.bnl.gov/alma9.2-gcc-14.2.0/release/release_new/new.10
SHLVL=1
TF_NUM_THREADS=1
G4SAIDXSDATA=/cvmfs/sphenix.sdcc.bnl.gov/alma9.2-gcc-14.2.0/opt/sphenix/core/geant4.10.07.p04/share/Geant4-10.7.4/data/G4SAIDDATA2.0
APPTAINER_CACHEDIR=/home/condor/local/sphnx/execute/dir_2384037
ROOTSYS=/cvmfs/sphenix.sdcc.bnl.gov/alma9.2-gcc-14.2.0/opt/sphenix/core/root-6.32.06
BATCH_SYSTEM=HTCondor
_CONDOR_SLOT=slot1_31
LD_LIBRARY_PATH=/sphenix/user/samfred/run25/install//lib:/cvmfs/sphenix.sdcc.bnl.gov/alma9.2-gcc-14.2.0/opt/sphenix/core/gcc/14.2.0-2f0a0/x86_64-el9/lib:/cvmfs/sphenix.sdcc.bnl.gov/alma9.2-gcc-14.2.0/opt/sphenix/core/gcc/14.2.0-2f0a0/x86_64-el9/lib64:/cvmfs/sphenix.sdcc.bnl.gov/alma9.2-gcc-14.2.0/opt/sphenix/core/binutils/2.40-acaab/x86_64-el9/lib:.:/cvmfs/sphenix.sdcc.bnl.gov/alma9.2-gcc-14.2.0/release/release_new/new.10/lib64:/cvmfs/sphenix.sdcc.bnl.gov/alma9.2-gcc-14.2.0/release/release_new/new.10/lib:/cvmfs/sphenix.sdcc.bnl.gov/alma9.2-gcc-14.2.0/opt/sphenix/utils/lib:/cvmfs/sphenix.sdcc.bnl.gov/alma9.2-gcc-14.2.0/opt/sphenix/core/lib:/cvmfs/sphenix.sdcc.bnl.gov/alma9.2-gcc-14.2.0/opt/sphenix/core/root-6.32.06/lib:/cvmfs/sphenix.sdcc.bnl.gov/alma9.2-gcc-14.2.0/opt/sphenix/core/geant4.10.07.p04/lib64:/cvmfs/sphenix.sdcc.bnl.gov/alma9.2-gcc-14.2.0/opt/sphenix/core/lhapdf-5.9.1/lib:/usr/local/lib64:/usr/lib64
OPT_SPHENIX=/cvmfs/sphenix.sdcc.bnl.gov/alma9.2-gcc-14.2.0/opt/sphenix/core
TF_LOOP_PARALLEL_ITERATIONS=1
EVT_LIB=/cvmfs/sphenix.sdcc.bnl.gov/alma9.2-gcc-14.2.0/opt/sphenix/core/root-6.32.06/lib
PGHOST=sphnxdbmaster.sdcc.bnl.gov
OMP_NUM_THREADS=1
G4REALSURFACEDATA=/cvmfs/sphenix.sdcc.bnl.gov/alma9.2-gcc-14.2.0/opt/sphenix/core/geant4.10.07.p04/share/Geant4-10.7.4/data/RealSurface2.2
FC=/cvmfs/sphenix.sdcc.bnl.gov/alma9.2-gcc-14.2.0/opt/sphenix/core/gcc/14.2.0-2f0a0/x86_64-el9/bin/gfortran
G4ABLADATA=/cvmfs/sphenix.sdcc.bnl.gov/alma9.2-gcc-14.2.0/opt/sphenix/core/geant4.10.07.p04/share/Geant4-10.7.4/data/G4ABLA3.1
PARASOFT=doesnotexist
TMP=/tmp
OPT_UTILS=/cvmfs/sphenix.sdcc.bnl.gov/alma9.2-gcc-14.2.0/opt/sphenix/utils
CONFIG_SITE=/cvmfs/sphenix.sdcc.bnl.gov/alma9.2-gcc-14.2.0/opt/sphenix/core/etc/config.site
PATH=/sphenix/user/samfred/run25/install//bin:/cvmfs/sphenix.sdcc.bnl.gov/alma9.2-gcc-14.2.0/opt/sphenix/core/gcc/14.2.0-2f0a0/x86_64-el9/bin:/cvmfs/sphenix.sdcc.bnl.gov/alma9.2-gcc-14.2.0/opt/sphenix/core/binutils/2.40-acaab/x86_64-el9/bin:.:/cvmfs/sphenix.sdcc.bnl.gov/alma9.2-gcc-14.2.0/release/release_new/new.10/bin:/cvmfs/sphenix.sdcc.bnl.gov/alma9.2-gcc-14.2.0/opt/sphenix/utils/bin:/cvmfs/sphenix.sdcc.bnl.gov/alma9.2-gcc-14.2.0/opt/sphenix/core/bin:/cvmfs/sphenix.sdcc.bnl.gov/alma9.2-gcc-14.2.0/opt/sphenix/core/root-6.32.06/bin:/cvmfs/sphenix.sdcc.bnl.gov/alma9.2-gcc-14.2.0/opt/sphenix/core/geant4.10.07.p04/bin:/usr/local/bin:/usr/bin:/usr/local/sbin:/usr/sbin
G4LEVELGAMMADATA=/cvmfs/sphenix.sdcc.bnl.gov/alma9.2-gcc-14.2.0/opt/sphenix/core/geant4.10.07.p04/share/Geant4-10.7.4/data/PhotonEvaporation5.7
CC=/cvmfs/sphenix.sdcc.bnl.gov/alma9.2-gcc-14.2.0/opt/sphenix/core/gcc/14.2.0-2f0a0/x86_64-el9/bin/gcc
G4RADIOACTIVEDATA=/cvmfs/sphenix.sdcc.bnl.gov/alma9.2-gcc-14.2.0/opt/sphenix/core/geant4.10.07.p04/share/Geant4-10.7.4/data/RadioactiveDecay5.6
JULIA_NUM_THREADS=1
MKL_NUM_THREADS=1
LHAPDF_DATA_PATH=/cvmfs/sphenix.sdcc.bnl.gov/alma9.2-gcc-14.2.0/release/release_new/new.10/share/LHAPDF
XPLOAD_CONFIG_DIR=/cvmfs/sphenix.sdcc.bnl.gov/alma9.2-gcc-14.2.0/opt/sphenix/core/etc
_CONDOR_ANCESTOR_2384037=2384138:1759352701:3353917027
OLDPWD=/cvmfs/sphenix.sdcc.bnl.gov/alma9.2-gcc-14.2.0/release/release_new/new.10/geant4
_=/usr/bin/printenv
runnumber...
49266
trigger...

   ------------------------------------------------------------------
  | Welcome to ROOT 6.32.06                        https://root.cern |
  | (c) 1995-2024, The ROOT Team; conception: R. Brun, F. Rademakers |
  | Built for linuxx8664gcc on Dec 13 2024, 17:23:48                 |
  | From tags/6-32-06@6-32-06                                        |
  | With g++ (GCC) 14.2.0                                            |
  | Try '.help'/'.?', '.demo', '.license', '.credits', '.quit'/'.q'  |
   ------------------------------------------------------------------


Processing data_histmaker.C(49266)...
entry 7000/5978471 (0.117087%)
entry 8000/5978471 (0.133813%)
entry 9000/5978471 (0.15054%)
entry 10000/5978471 (0.167267%)
entry 15000/5978471 (0.2509%)
entry 16000/5978471 (0.267627%)
entry 17000/5978471 (0.284354%)
entry 20000/5978471 (0.334534%)
entry 22000/5978471 (0.367987%)
entry 24000/5978471 (0.40144%)
entry 27000/5978471 (0.45162%)
entry 28000/5978471 (0.468347%)
entry 32000/5978471 (0.535254%)
entry 36000/5978471 (0.602161%)
entry 46000/5978471 (0.769428%)
entry 48000/5978471 (0.802881%)
entry 53000/5978471 (0.886514%)
entry 56000/5978471 (0.936694%)
entry 57000/5978471 (0.953421%)
entry 59000/5978471 (0.986874%)
entry 68000/5978471 (1.13741%)
entry 69000/5978471 (1.15414%)
entry 72000/5978471 (1.20432%)
entry 75000/5978471 (1.2545%)
entry 78000/5978471 (1.30468%)
entry 83000/5978471 (1.38831%)
entry 84000/5978471 (1.40504%)
entry 88000/5978471 (1.47195%)
entry 89000/5978471 (1.48867%)
entry 91000/5978471 (1.52213%)
entry 93000/5978471 (1.55558%)
entry 95000/5978471 (1.58904%)
entry 101000/5978471 (1.6894%)
entry 102000/5978471 (1.70612%)
entry 113000/5978471 (1.89012%)
entry 115000/5978471 (1.92357%)
entry 117000/5978471 (1.95702%)
entry 119000/5978471 (1.99048%)
entry 120000/5978471 (2.0072%)
entry 123000/5978471 (2.05738%)
entry 124000/5978471 (2.07411%)
entry 125000/5978471 (2.09084%)
entry 127000/5978471 (2.12429%)
entry 130000/5978471 (2.17447%)
entry 132000/5978471 (2.20792%)
entry 133000/5978471 (2.22465%)
entry 134000/5978471 (2.24138%)
entry 136000/5978471 (2.27483%)
entry 137000/5978471 (2.29156%)
entry 140000/5978471 (2.34174%)
entry 142000/5978471 (2.37519%)
entry 143000/5978471 (2.39192%)
entry 144000/5978471 (2.40864%)
entry 146000/5978471 (2.4421%)
entry 151000/5978471 (2.52573%)
entry 153000/5978471 (2.55918%)
entry 156000/5978471 (2.60936%)
entry 158000/5978471 (2.64282%)
entry 159000/5978471 (2.65954%)
entry 162000/5978471 (2.70972%)
entry 169000/5978471 (2.82681%)
entry 175000/5978471 (2.92717%)
entry 176000/5978471 (2.9439%)
entry 178000/5978471 (2.97735%)
entry 180000/5978471 (3.0108%)
entry 181000/5978471 (3.02753%)
entry 183000/5978471 (3.06098%)
entry 190000/5978471 (3.17807%)
entry 191000/5978471 (3.1948%)
entry 192000/5978471 (3.21152%)
entry 193000/5978471 (3.22825%)
entry 194000/5978471 (3.24498%)
entry 197000/5978471 (3.29516%)
entry 199000/5978471 (3.32861%)
entry 200000/5978471 (3.34534%)
entry 202000/5978471 (3.37879%)
entry 205000/5978471 (3.42897%)
entry 207000/5978471 (3.46242%)
entry 209000/5978471 (3.49588%)
entry 210000/5978471 (3.5126%)
entry 212000/5978471 (3.54606%)
entry 215000/5978471 (3.59624%)
entry 216000/5978471 (3.61296%)
entry 219000/5978471 (3.66314%)
entry 220000/5978471 (3.67987%)
entry 221000/5978471 (3.6966%)
entry 222000/5978471 (3.71332%)
entry 223000/5978471 (3.73005%)
entry 225000/5978471 (3.7635%)
entry 236000/5978471 (3.9475%)
entry 239000/5978471 (3.99768%)
entry 245000/5978471 (4.09804%)
entry 246000/5978471 (4.11476%)
entry 249000/5978471 (4.16494%)
entry 251000/5978471 (4.1984%)
entry 253000/5978471 (4.23185%)
entry 260000/5978471 (4.34894%)
entry 262000/5978471 (4.38239%)
entry 266000/5978471 (4.4493%)
entry 271000/5978471 (4.53293%)
entry 275000/5978471 (4.59984%)
entry 279000/5978471 (4.66674%)
entry 281000/5978471 (4.7002%)
entry 282000/5978471 (4.71692%)
entry 283000/5978471 (4.73365%)
entry 285000/5978471 (4.7671%)
entry 287000/5978471 (4.80056%)
entry 290000/5978471 (4.85074%)
entry 294000/5978471 (4.91765%)
entry 296000/5978471 (4.9511%)
entry 301000/5978471 (5.03473%)
entry 305000/5978471 (5.10164%)
entry 306000/5978471 (5.11837%)
entry 308000/5978471 (5.15182%)
entry 309000/5978471 (5.16855%)
entry 316000/5978471 (5.28563%)
entry 317000/5978471 (5.30236%)
entry 321000/5978471 (5.36927%)
entry 324000/5978471 (5.41945%)
entry 325000/5978471 (5.43617%)
entry 326000/5978471 (5.4529%)
entry 327000/5978471 (5.46963%)
entry 328000/5978471 (5.48635%)
entry 329000/5978471 (5.50308%)
entry 330000/5978471 (5.51981%)
entry 331000/5978471 (5.53653%)
entry 333000/5978471 (5.56999%)
entry 334000/5978471 (5.58671%)
entry 338000/5978471 (5.65362%)
entry 340000/5978471 (5.68707%)
entry 341000/5978471 (5.7038%)
entry 346000/5978471 (5.78743%)
entry 350000/5978471 (5.85434%)
entry 351000/5978471 (5.87107%)
entry 357000/5978471 (5.97143%)
entry 358000/5978471 (5.98815%)
entry 359000/5978471 (6.00488%)
entry 363000/5978471 (6.07179%)
entry 364000/5978471 (6.08851%)
entry 366000/5978471 (6.12197%)
entry 369000/5978471 (6.17215%)
entry 370000/5978471 (6.18887%)
entry 372000/5978471 (6.22233%)
entry 374000/5978471 (6.25578%)
entry 376000/5978471 (6.28923%)
entry 378000/5978471 (6.32269%)
entry 382000/5978471 (6.38959%)
entry 383000/5978471 (6.40632%)
entry 389000/5978471 (6.50668%)
entry 390000/5978471 (6.52341%)
entry 391000/5978471 (6.54013%)
entry 393000/5978471 (6.57359%)
entry 397000/5978471 (6.64049%)
entry 398000/5978471 (6.65722%)
entry 400000/5978471 (6.69067%)
entry 406000/5978471 (6.79103%)
entry 407000/5978471 (6.80776%)
entry 408000/5978471 (6.82449%)
entry 410000/5978471 (6.85794%)
entry 411000/5978471 (6.87467%)
entry 414000/5978471 (6.92485%)
entry 415000/5978471 (6.94157%)
entry 419000/5978471 (7.00848%)
entry 422000/5978471 (7.05866%)
entry 429000/5978471 (7.17575%)
entry 430000/5978471 (7.19247%)
entry 438000/5978471 (7.32629%)
entry 441000/5978471 (7.37647%)
entry 442000/5978471 (7.39319%)
entry 443000/5978471 (7.40992%)
entry 447000/5978471 (7.47683%)
entry 450000/5978471 (7.52701%)
entry 454000/5978471 (7.59391%)
entry 456000/5978471 (7.62737%)
entry 461000/5978471 (7.711%)
entry 464000/5978471 (7.76118%)
entry 468000/5978471 (7.82809%)
entry 474000/5978471 (7.92845%)
entry 475000/5978471 (7.94518%)
entry 479000/5978471 (8.01208%)
entry 481000/5978471 (8.04554%)
entry 486000/5978471 (8.12917%)
entry 490000/5978471 (8.19608%)
entry 497000/5978471 (8.31316%)
entry 498000/5978471 (8.32989%)
entry 510000/5978471 (8.53061%)
entry 526000/5978471 (8.79824%)
entry 529000/5978471 (8.84842%)
entry 531000/5978471 (8.88187%)
entry 541000/5978471 (9.04914%)
entry 545000/5978471 (9.11604%)
entry 546000/5978471 (9.13277%)
entry 547000/5978471 (9.1495%)
entry 561000/5978471 (9.38367%)
entry 563000/5978471 (9.41712%)
entry 565000/5978471 (9.45058%)
entry 568000/5978471 (9.50076%)
entry 572000/5978471 (9.56766%)
entry 577000/5978471 (9.6513%)
entry 587000/5978471 (9.81856%)
entry 589000/5978471 (9.85202%)
entry 592000/5978471 (9.9022%)
entry 596000/5978471 (9.9691%)
entry 598000/5978471 (10.0026%)
entry 601000/5978471 (10.0527%)
entry 602000/5978471 (10.0695%)
entry 605000/5978471 (10.1196%)
entry 606000/5978471 (10.1364%)
entry 607000/5978471 (10.1531%)
entry 612000/5978471 (10.2367%)
entry 614000/5978471 (10.2702%)
entry 616000/5978471 (10.3036%)
entry 623000/5978471 (10.4207%)
entry 625000/5978471 (10.4542%)
entry 630000/5978471 (10.5378%)
entry 632000/5978471 (10.5713%)
entry 635000/5978471 (10.6214%)
entry 641000/5978471 (10.7218%)
entry 642000/5978471 (10.7385%)
entry 644000/5978471 (10.772%)
entry 646000/5978471 (10.8054%)
entry 648000/5978471 (10.8389%)
entry 652000/5978471 (10.9058%)
entry 653000/5978471 (10.9225%)
entry 654000/5978471 (10.9393%)
entry 655000/5978471 (10.956%)
entry 660000/5978471 (11.0396%)
entry 664000/5978471 (11.1065%)
entry 667000/5978471 (11.1567%)
entry 668000/5978471 (11.1734%)
entry 669000/5978471 (11.1902%)
entry 672000/5978471 (11.2403%)
entry 673000/5978471 (11.2571%)
entry 675000/5978471 (11.2905%)
entry 687000/5978471 (11.4912%)
entry 688000/5978471 (11.508%)
entry 689000/5978471 (11.5247%)
entry 692000/5978471 (11.5749%)
entry 693000/5978471 (11.5916%)
entry 694000/5978471 (11.6083%)
entry 697000/5978471 (11.6585%)
entry 706000/5978471 (11.809%)
entry 711000/5978471 (11.8927%)
entry 712000/5978471 (11.9094%)
entry 713000/5978471 (11.9261%)
entry 714000/5978471 (11.9429%)
entry 716000/5978471 (11.9763%)
entry 718000/5978471 (12.0098%)
entry 722000/5978471 (12.0767%)
entry 726000/5978471 (12.1436%)
entry 727000/5978471 (12.1603%)
entry 729000/5978471 (12.1938%)
entry 733000/5978471 (12.2607%)
entry 734000/5978471 (12.2774%)
entry 735000/5978471 (12.2941%)
entry 738000/5978471 (12.3443%)
entry 741000/5978471 (12.3945%)
entry 745000/5978471 (12.4614%)
entry 748000/5978471 (12.5116%)
entry 750000/5978471 (12.545%)
entry 751000/5978471 (12.5617%)
entry 752000/5978471 (12.5785%)
entry 755000/5978471 (12.6286%)
entry 756000/5978471 (12.6454%)
entry 760000/5978471 (12.7123%)
entry 766000/5978471 (12.8126%)
entry 767000/5978471 (12.8294%)
entry 771000/5978471 (12.8963%)
entry 782000/5978471 (13.0803%)
entry 784000/5978471 (13.1137%)
entry 791000/5978471 (13.2308%)
entry 792000/5978471 (13.2475%)
entry 798000/5978471 (13.3479%)
entry 803000/5978471 (13.4315%)
entry 807000/5978471 (13.4984%)
entry 815000/5978471 (13.6322%)
entry 816000/5978471 (13.649%)
entry 817000/5978471 (13.6657%)
entry 821000/5978471 (13.7326%)
entry 822000/5978471 (13.7493%)
entry 825000/5978471 (13.7995%)
entry 829000/5978471 (13.8664%)
entry 832000/5978471 (13.9166%)
entry 840000/5978471 (14.0504%)
entry 844000/5978471 (14.1173%)
entry 845000/5978471 (14.134%)
entry 847000/5978471 (14.1675%)
entry 849000/5978471 (14.201%)
entry 850000/5978471 (14.2177%)
entry 852000/5978471 (14.2511%)
entry 855000/5978471 (14.3013%)
entry 858000/5978471 (14.3515%)
entry 860000/5978471 (14.3849%)
entry 863000/5978471 (14.4351%)
entry 865000/5978471 (14.4686%)
entry 870000/5978471 (14.5522%)
entry 872000/5978471 (14.5857%)
entry 873000/5978471 (14.6024%)
entry 878000/5978471 (14.686%)
entry 882000/5978471 (14.7529%)
entry 883000/5978471 (14.7697%)
entry 888000/5978471 (14.8533%)
entry 889000/5978471 (14.87%)
entry 891000/5978471 (14.9035%)
entry 894000/5978471 (14.9537%)
entry 902000/5978471 (15.0875%)
entry 906000/5978471 (15.1544%)
entry 908000/5978471 (15.1878%)
entry 910000/5978471 (15.2213%)
entry 913000/5978471 (15.2715%)
entry 916000/5978471 (15.3216%)
entry 918000/5978471 (15.3551%)
entry 921000/5978471 (15.4053%)
entry 923000/5978471 (15.4387%)
entry 924000/5978471 (15.4555%)
entry 930000/5978471 (15.5558%)
entry 933000/5978471 (15.606%)
entry 934000/5978471 (15.6227%)
entry 940000/5978471 (15.7231%)
entry 941000/5978471 (15.7398%)
entry 944000/5978471 (15.79%)
entry 947000/5978471 (15.8402%)
entry 950000/5978471 (15.8904%)
entry 953000/5978471 (15.9405%)
entry 959000/5978471 (16.0409%)
entry 965000/5978471 (16.1413%)
entry 966000/5978471 (16.158%)
entry 969000/5978471 (16.2082%)
entry 971000/5978471 (16.2416%)
entry 978000/5978471 (16.3587%)
entry 979000/5978471 (16.3754%)
entry 980000/5978471 (16.3922%)
entry 981000/5978471 (16.4089%)
entry 982000/5978471 (16.4256%)
entry 983000/5978471 (16.4423%)
entry 985000/5978471 (16.4758%)
entry 986000/5978471 (16.4925%)
entry 991000/5978471 (16.5761%)
entry 992000/5978471 (16.5929%)
entry 994000/5978471 (16.6263%)
entry 1001000/5978471 (16.7434%)
entry 1003000/5978471 (16.7769%)
entry 1004000/5978471 (16.7936%)
entry 1008000/5978471 (16.8605%)
entry 1011000/5978471 (16.9107%)
entry 1012000/5978471 (16.9274%)
entry 1014000/5978471 (16.9609%)
entry 1022000/5978471 (17.0947%)
entry 1023000/5978471 (17.1114%)
entry 1026000/5978471 (17.1616%)
entry 1033000/5978471 (17.2787%)
entry 1036000/5978471 (17.3288%)
entry 1039000/5978471 (17.379%)
entry 1045000/5978471 (17.4794%)
entry 1049000/5978471 (17.5463%)
entry 1054000/5978471 (17.6299%)
entry 1058000/5978471 (17.6968%)
entry 1062000/5978471 (17.7637%)
entry 1066000/5978471 (17.8306%)
entry 1067000/5978471 (17.8474%)
entry 1068000/5978471 (17.8641%)
entry 1069000/5978471 (17.8808%)
entry 1072000/5978471 (17.931%)
entry 1073000/5978471 (17.9477%)
entry 1074000/5978471 (17.9645%)
entry 1081000/5978471 (18.0815%)
entry 1086000/5978471 (18.1652%)
entry 1089000/5978471 (18.2154%)
entry 1092000/5978471 (18.2655%)
entry 1103000/5978471 (18.4495%)
entry 1105000/5978471 (18.483%)
entry 1106000/5978471 (18.4997%)
entry 1107000/5978471 (18.5164%)
entry 1110000/5978471 (18.5666%)
entry 1111000/5978471 (18.5833%)
entry 1114000/5978471 (18.6335%)
entry 1120000/5978471 (18.7339%)
entry 1122000/5978471 (18.7673%)
entry 1124000/5978471 (18.8008%)
entry 1129000/5978471 (18.8844%)
entry 1141000/5978471 (19.0851%)
entry 1144000/5978471 (19.1353%)
entry 1154000/5978471 (19.3026%)
entry 1158000/5978471 (19.3695%)
entry 1166000/5978471 (19.5033%)
entry 1167000/5978471 (19.52%)
entry 1169000/5978471 (19.5535%)
entry 1173000/5978471 (19.6204%)
entry 1175000/5978471 (19.6539%)
entry 1176000/5978471 (19.6706%)
entry 1177000/5978471 (19.6873%)
entry 1180000/5978471 (19.7375%)
entry 1185000/5978471 (19.8211%)
entry 1186000/5978471 (19.8378%)
entry 1189000/5978471 (19.888%)
entry 1191000/5978471 (19.9215%)
entry 1197000/5978471 (20.0218%)
entry 1199000/5978471 (20.0553%)
entry 1200000/5978471 (20.072%)
entry 1203000/5978471 (20.1222%)
entry 1204000/5978471 (20.1389%)
entry 1205000/5978471 (20.1557%)
entry 1207000/5978471 (20.1891%)
entry 1209000/5978471 (20.2226%)
entry 1213000/5978471 (20.2895%)
entry 1214000/5978471 (20.3062%)
entry 1215000/5978471 (20.3229%)
entry 1218000/5978471 (20.3731%)
entry 1219000/5978471 (20.3898%)
entry 1220000/5978471 (20.4066%)
entry 1221000/5978471 (20.4233%)
entry 1223000/5978471 (20.4567%)
entry 1226000/5978471 (20.5069%)
entry 1227000/5978471 (20.5236%)
entry 1231000/5978471 (20.5905%)
entry 1236000/5978471 (20.6742%)
entry 1237000/5978471 (20.6909%)
entry 1240000/5978471 (20.7411%)
entry 1241000/5978471 (20.7578%)
entry 1243000/5978471 (20.7913%)
entry 1248000/5978471 (20.8749%)
entry 1250000/5978471 (20.9084%)
entry 1251000/5978471 (20.9251%)
entry 1252000/5978471 (20.9418%)
entry 1260000/5978471 (21.0756%)
entry 1262000/5978471 (21.1091%)
entry 1263000/5978471 (21.1258%)
entry 1268000/5978471 (21.2094%)
entry 1269000/5978471 (21.2262%)
entry 1278000/5978471 (21.3767%)
entry 1281000/5978471 (21.4269%)
entry 1282000/5978471 (21.4436%)
entry 1283000/5978471 (21.4603%)
entry 1284000/5978471 (21.4771%)
entry 1285000/5978471 (21.4938%)
entry 1290000/5978471 (21.5774%)
entry 1291000/5978471 (21.5942%)
entry 1292000/5978471 (21.6109%)
entry 1293000/5978471 (21.6276%)
entry 1296000/5978471 (21.6778%)
entry 1299000/5978471 (21.728%)
entry 1301000/5978471 (21.7614%)
entry 1306000/5978471 (21.8451%)
entry 1307000/5978471 (21.8618%)
entry 1308000/5978471 (21.8785%)
entry 1311000/5978471 (21.9287%)
entry 1312000/5978471 (21.9454%)
entry 1315000/5978471 (21.9956%)
entry 1317000/5978471 (22.029%)
entry 1318000/5978471 (22.0458%)
entry 1321000/5978471 (22.0959%)
entry 1322000/5978471 (22.1127%)
entry 1323000/5978471 (22.1294%)
entry 1324000/5978471 (22.1461%)
entry 1330000/5978471 (22.2465%)
entry 1337000/5978471 (22.3636%)
entry 1341000/5978471 (22.4305%)
entry 1345000/5978471 (22.4974%)
entry 1346000/5978471 (22.5141%)
entry 1347000/5978471 (22.5308%)
entry 1349000/5978471 (22.5643%)
entry 1356000/5978471 (22.6814%)
entry 1357000/5978471 (22.6981%)
entry 1358000/5978471 (22.7148%)
entry 1360000/5978471 (22.7483%)
entry 1369000/5978471 (22.8988%)
entry 1372000/5978471 (22.949%)
entry 1373000/5978471 (22.9657%)
entry 1374000/5978471 (22.9825%)
entry 1377000/5978471 (23.0326%)
entry 1378000/5978471 (23.0494%)
entry 1383000/5978471 (23.133%)
entry 1384000/5978471 (23.1497%)
entry 1386000/5978471 (23.1832%)
entry 1387000/5978471 (23.1999%)
entry 1391000/5978471 (23.2668%)
entry 1393000/5978471 (23.3003%)
entry 1396000/5978471 (23.3505%)
entry 1404000/5978471 (23.4843%)
entry 1406000/5978471 (23.5177%)
entry 1408000/5978471 (23.5512%)
entry 1413000/5978471 (23.6348%)
entry 1418000/5978471 (23.7184%)
entry 1419000/5978471 (23.7352%)
entry 1426000/5978471 (23.8523%)
entry 1427000/5978471 (23.869%)
entry 1434000/5978471 (23.9861%)
entry 1436000/5978471 (24.0195%)
entry 1442000/5978471 (24.1199%)
entry 1444000/5978471 (24.1533%)
entry 1448000/5978471 (24.2202%)
entry 1449000/5978471 (24.237%)
entry 1450000/5978471 (24.2537%)
entry 1451000/5978471 (24.2704%)
entry 1454000/5978471 (24.3206%)
entry 1456000/5978471 (24.3541%)
entry 1463000/5978471 (24.4711%)
entry 1465000/5978471 (24.5046%)
entry 1470000/5978471 (24.5882%)
entry 1472000/5978471 (24.6217%)
entry 1475000/5978471 (24.6719%)
entry 1479000/5978471 (24.7388%)
entry 1480000/5978471 (24.7555%)
entry 1484000/5978471 (24.8224%)
entry 1488000/5978471 (24.8893%)
entry 1490000/5978471 (24.9228%)
entry 1493000/5978471 (24.9729%)
entry 1494000/5978471 (24.9897%)
entry 1503000/5978471 (25.1402%)
entry 1504000/5978471 (25.1569%)
entry 1506000/5978471 (25.1904%)
entry 1508000/5978471 (25.2238%)
entry 1516000/5978471 (25.3577%)
entry 1524000/5978471 (25.4915%)
entry 1527000/5978471 (25.5416%)
entry 1532000/5978471 (25.6253%)
entry 1536000/5978471 (25.6922%)
entry 1537000/5978471 (25.7089%)
entry 1538000/5978471 (25.7256%)
entry 1539000/5978471 (25.7424%)
entry 1545000/5978471 (25.8427%)
entry 1546000/5978471 (25.8595%)
entry 1547000/5978471 (25.8762%)
entry 1553000/5978471 (25.9765%)
entry 1554000/5978471 (25.9933%)
entry 1555000/5978471 (26.01%)
entry 1565000/5978471 (26.1773%)
entry 1568000/5978471 (26.2274%)
entry 1571000/5978471 (26.2776%)
entry 1572000/5978471 (26.2943%)
entry 1574000/5978471 (26.3278%)
entry 1577000/5978471 (26.378%)
entry 1578000/5978471 (26.3947%)
entry 1582000/5978471 (26.4616%)
entry 1584000/5978471 (26.4951%)
entry 1588000/5978471 (26.562%)
entry 1590000/5978471 (26.5954%)
entry 1593000/5978471 (26.6456%)
entry 1595000/5978471 (26.6791%)
entry 1597000/5978471 (26.7125%)
entry 1598000/5978471 (26.7292%)
entry 1601000/5978471 (26.7794%)
entry 1603000/5978471 (26.8129%)
entry 1605000/5978471 (26.8463%)
entry 1609000/5978471 (26.9132%)
entry 1615000/5978471 (27.0136%)
entry 1625000/5978471 (27.1809%)
entry 1627000/5978471 (27.2143%)
entry 1635000/5978471 (27.3481%)
entry 1639000/5978471 (27.415%)
entry 1643000/5978471 (27.4819%)
entry 1644000/5978471 (27.4987%)
entry 1645000/5978471 (27.5154%)
entry 1650000/5978471 (27.599%)
entry 1653000/5978471 (27.6492%)
entry 1657000/5978471 (27.7161%)
entry 1658000/5978471 (27.7328%)
entry 1664000/5978471 (27.8332%)
entry 1665000/5978471 (27.8499%)
entry 1667000/5978471 (27.8834%)
entry 1669000/5978471 (27.9168%)
entry 1671000/5978471 (27.9503%)
entry 1672000/5978471 (27.967%)
entry 1674000/5978471 (28.0005%)
entry 1676000/5978471 (28.0339%)
entry 1678000/5978471 (28.0674%)
entry 1685000/5978471 (28.1845%)
entry 1686000/5978471 (28.2012%)
entry 1689000/5978471 (28.2514%)
entry 1691000/5978471 (28.2848%)
entry 1698000/5978471 (28.4019%)
entry 1702000/5978471 (28.4688%)
entry 1707000/5978471 (28.5525%)
entry 1708000/5978471 (28.5692%)
entry 1715000/5978471 (28.6863%)
entry 1716000/5978471 (28.703%)
entry 1717000/5978471 (28.7197%)
entry 1719000/5978471 (28.7532%)
entry 1720000/5978471 (28.7699%)
entry 1725000/5978471 (28.8535%)
entry 1727000/5978471 (28.887%)
entry 1731000/5978471 (28.9539%)
entry 1740000/5978471 (29.1044%)
entry 1743000/5978471 (29.1546%)
entry 1746000/5978471 (29.2048%)
entry 1751000/5978471 (29.2884%)
entry 1754000/5978471 (29.3386%)
entry 1755000/5978471 (29.3553%)
entry 1757000/5978471 (29.3888%)
entry 1762000/5978471 (29.4724%)
entry 1767000/5978471 (29.5561%)
entry 1769000/5978471 (29.5895%)
entry 1770000/5978471 (29.6062%)
entry 1771000/5978471 (29.623%)
entry 1774000/5978471 (29.6731%)
entry 1778000/5978471 (29.74%)
entry 1785000/5978471 (29.8571%)
entry 1786000/5978471 (29.8739%)
entry 1788000/5978471 (29.9073%)
entry 1790000/5978471 (29.9408%)
entry 1791000/5978471 (29.9575%)
entry 1794000/5978471 (30.0077%)
entry 1796000/5978471 (30.0411%)
entry 1797000/5978471 (30.0579%)
entry 1799000/5978471 (30.0913%)
entry 1804000/5978471 (30.1749%)
entry 1805000/5978471 (30.1917%)
entry 1812000/5978471 (30.3088%)
entry 1814000/5978471 (30.3422%)
entry 1815000/5978471 (30.3589%)
entry 1817000/5978471 (30.3924%)
entry 1818000/5978471 (30.4091%)
entry 1829000/5978471 (30.5931%)
entry 1833000/5978471 (30.66%)
entry 1834000/5978471 (30.6767%)
entry 1839000/5978471 (30.7604%)
entry 1840000/5978471 (30.7771%)
entry 1843000/5978471 (30.8273%)
entry 1844000/5978471 (30.844%)
entry 1845000/5978471 (30.8607%)
entry 1846000/5978471 (30.8775%)
entry 1848000/5978471 (30.9109%)
entry 1849000/5978471 (30.9276%)
entry 1860000/5978471 (31.1116%)
entry 1861000/5978471 (31.1284%)
entry 1863000/5978471 (31.1618%)
entry 1864000/5978471 (31.1785%)
entry 1867000/5978471 (31.2287%)
entry 1869000/5978471 (31.2622%)
entry 1870000/5978471 (31.2789%)
entry 1871000/5978471 (31.2956%)
entry 1872000/5978471 (31.3124%)
entry 1874000/5978471 (31.3458%)
entry 1876000/5978471 (31.3793%)
entry 1881000/5978471 (31.4629%)
entry 1883000/5978471 (31.4963%)
entry 1887000/5978471 (31.5633%)
entry 1891000/5978471 (31.6302%)
entry 1897000/5978471 (31.7305%)
entry 1904000/5978471 (31.8476%)
entry 1905000/5978471 (31.8643%)
entry 1907000/5978471 (31.8978%)
entry 1914000/5978471 (32.0149%)
entry 1915000/5978471 (32.0316%)
entry 1917000/5978471 (32.0651%)
entry 1918000/5978471 (32.0818%)
entry 1919000/5978471 (32.0985%)
entry 1921000/5978471 (32.132%)
entry 1933000/5978471 (32.3327%)
entry 1934000/5978471 (32.3494%)
entry 1935000/5978471 (32.3661%)
entry 1938000/5978471 (32.4163%)
entry 1939000/5978471 (32.433%)
entry 1945000/5978471 (32.5334%)
entry 1947000/5978471 (32.5669%)
entry 1952000/5978471 (32.6505%)
entry 1954000/5978471 (32.6839%)
entry 1959000/5978471 (32.7676%)
entry 1960000/5978471 (32.7843%)
entry 1961000/5978471 (32.801%)
entry 1962000/5978471 (32.8178%)
entry 1964000/5978471 (32.8512%)
entry 1968000/5978471 (32.9181%)
entry 1971000/5978471 (32.9683%)
entry 1976000/5978471 (33.0519%)
entry 1980000/5978471 (33.1188%)
entry 1982000/5978471 (33.1523%)
entry 1989000/5978471 (33.2694%)
entry 1990000/5978471 (33.2861%)
entry 1992000/5978471 (33.3196%)
entry 1995000/5978471 (33.3697%)
entry 1996000/5978471 (33.3865%)
entry 1997000/5978471 (33.4032%)
entry 2002000/5978471 (33.4868%)
entry 2007000/5978471 (33.5705%)
entry 2019000/5978471 (33.7712%)
entry 2022000/5978471 (33.8214%)
entry 2025000/5978471 (33.8715%)
entry 2034000/5978471 (34.0221%)
entry 2035000/5978471 (34.0388%)
entry 2039000/5978471 (34.1057%)
entry 2040000/5978471 (34.1224%)
entry 2048000/5978471 (34.2562%)
entry 2049000/5978471 (34.273%)
entry 2052000/5978471 (34.3232%)
entry 2053000/5978471 (34.3399%)
entry 2062000/5978471 (34.4904%)
entry 2064000/5978471 (34.5239%)
entry 2074000/5978471 (34.6911%)
entry 2078000/5978471 (34.7581%)
entry 2079000/5978471 (34.7748%)
entry 2080000/5978471 (34.7915%)
entry 2084000/5978471 (34.8584%)
entry 2086000/5978471 (34.8919%)
entry 2089000/5978471 (34.942%)
entry 2090000/5978471 (34.9588%)
entry 2092000/5978471 (34.9922%)
entry 2096000/5978471 (35.0591%)
entry 2098000/5978471 (35.0926%)
entry 2107000/5978471 (35.2431%)
entry 2109000/5978471 (35.2766%)
entry 2122000/5978471 (35.494%)
entry 2125000/5978471 (35.5442%)
entry 2128000/5978471 (35.5944%)
entry 2130000/5978471 (35.6278%)
entry 2131000/5978471 (35.6446%)
entry 2134000/5978471 (35.6947%)
entry 2135000/5978471 (35.7115%)
entry 2137000/5978471 (35.7449%)
entry 2140000/5978471 (35.7951%)
entry 2141000/5978471 (35.8118%)
entry 2143000/5978471 (35.8453%)
entry 2144000/5978471 (35.862%)
entry 2145000/5978471 (35.8787%)
entry 2149000/5978471 (35.9456%)
entry 2156000/5978471 (36.0627%)
entry 2158000/5978471 (36.0962%)
entry 2159000/5978471 (36.1129%)
entry 2160000/5978471 (36.1296%)
entry 2161000/5978471 (36.1464%)
entry 2171000/5978471 (36.3136%)
entry 2173000/5978471 (36.3471%)
entry 2177000/5978471 (36.414%)
entry 2178000/5978471 (36.4307%)
entry 2180000/5978471 (36.4642%)
entry 2185000/5978471 (36.5478%)
entry 2187000/5978471 (36.5813%)
entry 2189000/5978471 (36.6147%)
entry 2195000/5978471 (36.7151%)
entry 2197000/5978471 (36.7485%)
entry 2201000/5978471 (36.8154%)
entry 2205000/5978471 (36.8823%)
entry 2207000/5978471 (36.9158%)
entry 2208000/5978471 (36.9325%)
entry 2209000/5978471 (36.9492%)
entry 2210000/5978471 (36.966%)
entry 2211000/5978471 (36.9827%)
entry 2216000/5978471 (37.0663%)
entry 2217000/5978471 (37.0831%)
entry 2219000/5978471 (37.1165%)
entry 2220000/5978471 (37.1332%)
entry 2221000/5978471 (37.15%)
entry 2224000/5978471 (37.2001%)
entry 2225000/5978471 (37.2169%)
entry 2227000/5978471 (37.2503%)
entry 2230000/5978471 (37.3005%)
entry 2231000/5978471 (37.3172%)
entry 2241000/5978471 (37.4845%)
entry 2242000/5978471 (37.5012%)
entry 2244000/5978471 (37.5347%)
entry 2246000/5978471 (37.5681%)
entry 2249000/5978471 (37.6183%)
entry 2250000/5978471 (37.635%)
entry 2251000/5978471 (37.6518%)
entry 2252000/5978471 (37.6685%)
entry 2255000/5978471 (37.7187%)
entry 2256000/5978471 (37.7354%)
entry 2258000/5978471 (37.7689%)
entry 2260000/5978471 (37.8023%)
entry 2265000/5978471 (37.8859%)
entry 2266000/5978471 (37.9027%)
entry 2267000/5978471 (37.9194%)
entry 2268000/5978471 (37.9361%)
entry 2273000/5978471 (38.0198%)
entry 2274000/5978471 (38.0365%)
entry 2278000/5978471 (38.1034%)
entry 2279000/5978471 (38.1201%)
entry 2280000/5978471 (38.1368%)
entry 2284000/5978471 (38.2037%)
entry 2286000/5978471 (38.2372%)
entry 2288000/5978471 (38.2707%)
entry 2291000/5978471 (38.3208%)
entry 2292000/5978471 (38.3376%)
entry 2293000/5978471 (38.3543%)
entry 2294000/5978471 (38.371%)
entry 2298000/5978471 (38.4379%)
entry 2301000/5978471 (38.4881%)
entry 2303000/5978471 (38.5216%)
entry 2306000/5978471 (38.5717%)
entry 2309000/5978471 (38.6219%)
entry 2313000/5978471 (38.6888%)
entry 2314000/5978471 (38.7055%)
entry 2318000/5978471 (38.7725%)
entry 2321000/5978471 (38.8226%)
entry 2322000/5978471 (38.8394%)
entry 2323000/5978471 (38.8561%)
entry 2325000/5978471 (38.8895%)
entry 2330000/5978471 (38.9732%)
entry 2332000/5978471 (39.0066%)
entry 2333000/5978471 (39.0234%)
entry 2334000/5978471 (39.0401%)
entry 2335000/5978471 (39.0568%)
entry 2339000/5978471 (39.1237%)
entry 2340000/5978471 (39.1404%)
entry 2341000/5978471 (39.1572%)
entry 2346000/5978471 (39.2408%)
entry 2356000/5978471 (39.4081%)
entry 2358000/5978471 (39.4415%)
entry 2361000/5978471 (39.4917%)
entry 2362000/5978471 (39.5084%)
entry 2363000/5978471 (39.5252%)
entry 2365000/5978471 (39.5586%)
entry 2371000/5978471 (39.659%)
entry 2374000/5978471 (39.7092%)
entry 2375000/5978471 (39.7259%)
entry 2381000/5978471 (39.8262%)
entry 2382000/5978471 (39.843%)
entry 2386000/5978471 (39.9099%)
entry 2388000/5978471 (39.9433%)
entry 2389000/5978471 (39.9601%)
entry 2390000/5978471 (39.9768%)
entry 2392000/5978471 (40.0102%)
entry 2395000/5978471 (40.0604%)
entry 2398000/5978471 (40.1106%)
entry 2399000/5978471 (40.1273%)
entry 2400000/5978471 (40.144%)
entry 2404000/5978471 (40.211%)
entry 2408000/5978471 (40.2779%)
entry 2409000/5978471 (40.2946%)
entry 2416000/5978471 (40.4117%)
entry 2418000/5978471 (40.4451%)
entry 2422000/5978471 (40.512%)
entry 2425000/5978471 (40.5622%)
entry 2430000/5978471 (40.6458%)
entry 2433000/5978471 (40.696%)
entry 2435000/5978471 (40.7295%)
entry 2437000/5978471 (40.7629%)
entry 2438000/5978471 (40.7797%)
entry 2439000/5978471 (40.7964%)
entry 2441000/5978471 (40.8298%)
entry 2444000/5978471 (40.88%)
entry 2446000/5978471 (40.9135%)
entry 2450000/5978471 (40.9804%)
entry 2451000/5978471 (40.9971%)
entry 2454000/5978471 (41.0473%)
entry 2456000/5978471 (41.0807%)
entry 2462000/5978471 (41.1811%)
entry 2468000/5978471 (41.2815%)
entry 2474000/5978471 (41.3818%)
entry 2481000/5978471 (41.4989%)
entry 2485000/5978471 (41.5658%)
entry 2489000/5978471 (41.6327%)
entry 2500000/5978471 (41.8167%)
entry 2502000/5978471 (41.8502%)
entry 2509000/5978471 (41.9673%)
entry 2510000/5978471 (41.984%)
entry 2511000/5978471 (42.0007%)
entry 2512000/5978471 (42.0174%)
entry 2514000/5978471 (42.0509%)
entry 2515000/5978471 (42.0676%)
entry 2516000/5978471 (42.0843%)
entry 2517000/5978471 (42.1011%)
entry 2519000/5978471 (42.1345%)
entry 2522000/5978471 (42.1847%)
entry 2530000/5978471 (42.3185%)
entry 2532000/5978471 (42.352%)
entry 2536000/5978471 (42.4189%)
entry 2544000/5978471 (42.5527%)
entry 2550000/5978471 (42.653%)
entry 2553000/5978471 (42.7032%)
entry 2558000/5978471 (42.7869%)
entry 2560000/5978471 (42.8203%)
entry 2561000/5978471 (42.837%)
entry 2563000/5978471 (42.8705%)
entry 2564000/5978471 (42.8872%)
entry 2566000/5978471 (42.9207%)
entry 2572000/5978471 (43.021%)
entry 2575000/5978471 (43.0712%)
entry 2576000/5978471 (43.0879%)
entry 2578000/5978471 (43.1214%)
entry 2580000/5978471 (43.1548%)
entry 2584000/5978471 (43.2218%)
entry 2585000/5978471 (43.2385%)
entry 2592000/5978471 (43.3556%)
entry 2594000/5978471 (43.389%)
entry 2597000/5978471 (43.4392%)
entry 2599000/5978471 (43.4727%)
entry 2601000/5978471 (43.5061%)
entry 2602000/5978471 (43.5228%)
entry 2604000/5978471 (43.5563%)
entry 2605000/5978471 (43.573%)
entry 2606000/5978471 (43.5897%)
entry 2607000/5978471 (43.6065%)
entry 2608000/5978471 (43.6232%)
entry 2613000/5978471 (43.7068%)
entry 2615000/5978471 (43.7403%)
entry 2617000/5978471 (43.7737%)
entry 2621000/5978471 (43.8406%)
entry 2624000/5978471 (43.8908%)
entry 2627000/5978471 (43.941%)
entry 2628000/5978471 (43.9577%)
entry 2629000/5978471 (43.9745%)
entry 2631000/5978471 (44.0079%)
entry 2641000/5978471 (44.1752%)
entry 2643000/5978471 (44.2086%)
entry 2646000/5978471 (44.2588%)
entry 2647000/5978471 (44.2755%)
entry 2649000/5978471 (44.309%)
entry 2651000/5978471 (44.3424%)
entry 2656000/5978471 (44.4261%)
entry 2658000/5978471 (44.4595%)
entry 2665000/5978471 (44.5766%)
entry 2667000/5978471 (44.6101%)
entry 2671000/5978471 (44.677%)
entry 2679000/5978471 (44.8108%)
entry 2681000/5978471 (44.8442%)
entry 2684000/5978471 (44.8944%)
entry 2685000/5978471 (44.9111%)
entry 2687000/5978471 (44.9446%)
entry 2689000/5978471 (44.9781%)
entry 2690000/5978471 (44.9948%)
entry 2692000/5978471 (45.0282%)
entry 2693000/5978471 (45.045%)
entry 2695000/5978471 (45.0784%)
entry 2698000/5978471 (45.1286%)
entry 2700000/5978471 (45.162%)
entry 2702000/5978471 (45.1955%)
entry 2703000/5978471 (45.2122%)
entry 2709000/5978471 (45.3126%)
entry 2711000/5978471 (45.346%)
entry 2714000/5978471 (45.3962%)
entry 2715000/5978471 (45.4129%)
entry 2716000/5978471 (45.4297%)
entry 2718000/5978471 (45.4631%)
entry 2722000/5978471 (45.53%)
entry 2726000/5978471 (45.5969%)
entry 2733000/5978471 (45.714%)
entry 2734000/5978471 (45.7308%)
entry 2735000/5978471 (45.7475%)
entry 2737000/5978471 (45.7809%)
entry 2739000/5978471 (45.8144%)
entry 2744000/5978471 (45.898%)
entry 2745000/5978471 (45.9147%)
entry 2747000/5978471 (45.9482%)
entry 2748000/5978471 (45.9649%)
entry 2751000/5978471 (46.0151%)
entry 2758000/5978471 (46.1322%)
entry 2760000/5978471 (46.1657%)
entry 2761000/5978471 (46.1824%)
entry 2764000/5978471 (46.2326%)
entry 2771000/5978471 (46.3496%)
entry 2773000/5978471 (46.3831%)
entry 2774000/5978471 (46.3998%)
entry 2777000/5978471 (46.45%)
entry 2778000/5978471 (46.4667%)
entry 2779000/5978471 (46.4835%)
entry 2782000/5978471 (46.5336%)
entry 2783000/5978471 (46.5504%)
entry 2787000/5978471 (46.6173%)
entry 2789000/5978471 (46.6507%)
entry 2795000/5978471 (46.7511%)
entry 2796000/5978471 (46.7678%)
entry 2799000/5978471 (46.818%)
entry 2807000/5978471 (46.9518%)
entry 2810000/5978471 (47.002%)
entry 2811000/5978471 (47.0187%)
entry 2815000/5978471 (47.0856%)
entry 2818000/5978471 (47.1358%)
entry 2819000/5978471 (47.1525%)
entry 2826000/5978471 (47.2696%)
entry 2830000/5978471 (47.3365%)
entry 2831000/5978471 (47.3532%)
entry 2832000/5978471 (47.37%)
entry 2836000/5978471 (47.4369%)
entry 2837000/5978471 (47.4536%)
entry 2838000/5978471 (47.4703%)
entry 2839000/5978471 (47.4871%)
entry 2847000/5978471 (47.6209%)
entry 2848000/5978471 (47.6376%)
entry 2854000/5978471 (47.738%)
entry 2856000/5978471 (47.7714%)
entry 2857000/5978471 (47.7881%)
entry 2859000/5978471 (47.8216%)
entry 2861000/5978471 (47.855%)
entry 2862000/5978471 (47.8718%)
entry 2867000/5978471 (47.9554%)
entry 2870000/5978471 (48.0056%)
entry 2872000/5978471 (48.039%)
entry 2874000/5978471 (48.0725%)
entry 2875000/5978471 (48.0892%)
entry 2876000/5978471 (48.1059%)
entry 2878000/5978471 (48.1394%)
entry 2880000/5978471 (48.1729%)
entry 2881000/5978471 (48.1896%)
entry 2883000/5978471 (48.223%)
entry 2888000/5978471 (48.3067%)
entry 2890000/5978471 (48.3401%)
entry 2893000/5978471 (48.3903%)
entry 2894000/5978471 (48.407%)
entry 2898000/5978471 (48.4739%)
entry 2901000/5978471 (48.5241%)
entry 2902000/5978471 (48.5408%)
entry 2908000/5978471 (48.6412%)
entry 2909000/5978471 (48.6579%)
entry 2914000/5978471 (48.7416%)
entry 2915000/5978471 (48.7583%)
entry 2921000/5978471 (48.8586%)
entry 2923000/5978471 (48.8921%)
entry 2927000/5978471 (48.959%)
entry 2928000/5978471 (48.9757%)
entry 2929000/5978471 (48.9925%)
entry 2931000/5978471 (49.0259%)
entry 2932000/5978471 (49.0426%)
entry 2934000/5978471 (49.0761%)
entry 2936000/5978471 (49.1095%)
entry 2944000/5978471 (49.2434%)
entry 2946000/5978471 (49.2768%)
entry 2947000/5978471 (49.2935%)
entry 2952000/5978471 (49.3772%)
entry 2955000/5978471 (49.4274%)
entry 2957000/5978471 (49.4608%)
entry 2958000/5978471 (49.4775%)
entry 2965000/5978471 (49.5946%)
entry 2976000/5978471 (49.7786%)
entry 2977000/5978471 (49.7953%)
entry 2981000/5978471 (49.8622%)
entry 2988000/5978471 (49.9793%)
entry 2992000/5978471 (50.0462%)
entry 2993000/5978471 (50.063%)
entry 3000000/5978471 (50.1801%)
entry 3001000/5978471 (50.1968%)
entry 3003000/5978471 (50.2302%)
entry 3004000/5978471 (50.247%)
entry 3006000/5978471 (50.2804%)
entry 3007000/5978471 (50.2971%)
entry 3014000/5978471 (50.4142%)
entry 3017000/5978471 (50.4644%)
entry 3024000/5978471 (50.5815%)
entry 3025000/5978471 (50.5982%)
entry 3026000/5978471 (50.6149%)
entry 3032000/5978471 (50.7153%)
entry 3035000/5978471 (50.7655%)
entry 3036000/5978471 (50.7822%)
entry 3037000/5978471 (50.7989%)
entry 3038000/5978471 (50.8157%)
entry 3039000/5978471 (50.8324%)
entry 3042000/5978471 (50.8826%)
entry 3047000/5978471 (50.9662%)
entry 3051000/5978471 (51.0331%)
entry 3053000/5978471 (51.0666%)
entry 3073000/5978471 (51.4011%)
entry 3074000/5978471 (51.4178%)
entry 3076000/5978471 (51.4513%)
entry 3082000/5978471 (51.5516%)
entry 3086000/5978471 (51.6186%)
entry 3089000/5978471 (51.6687%)
entry 3095000/5978471 (51.7691%)
entry 3097000/5978471 (51.8025%)
entry 3098000/5978471 (51.8193%)
entry 3099000/5978471 (51.836%)
entry 3100000/5978471 (51.8527%)
entry 3102000/5978471 (51.8862%)
entry 3103000/5978471 (51.9029%)
entry 3106000/5978471 (51.9531%)
entry 3120000/5978471 (52.1873%)
entry 3121000/5978471 (52.204%)
entry 3127000/5978471 (52.3043%)
entry 3129000/5978471 (52.3378%)
entry 3132000/5978471 (52.388%)
entry 3140000/5978471 (52.5218%)
entry 3146000/5978471 (52.6222%)
entry 3148000/5978471 (52.6556%)
entry 3149000/5978471 (52.6723%)
entry 3151000/5978471 (52.7058%)
entry 3153000/5978471 (52.7392%)
entry 3155000/5978471 (52.7727%)
entry 3158000/5978471 (52.8229%)
entry 3160000/5978471 (52.8563%)
entry 3166000/5978471 (52.9567%)
entry 3169000/5978471 (53.0069%)
entry 3170000/5978471 (53.0236%)
entry 3172000/5978471 (53.057%)
entry 3182000/5978471 (53.2243%)
entry 3187000/5978471 (53.3079%)
entry 3192000/5978471 (53.3916%)
entry 3193000/5978471 (53.4083%)
entry 3198000/5978471 (53.4919%)
entry 3200000/5978471 (53.5254%)
entry 3202000/5978471 (53.5588%)
entry 3203000/5978471 (53.5756%)
entry 3210000/5978471 (53.6927%)
entry 3220000/5978471 (53.8599%)
entry 3223000/5978471 (53.9101%)
entry 3226000/5978471 (53.9603%)
entry 3230000/5978471 (54.0272%)
entry 3232000/5978471 (54.0606%)
entry 3233000/5978471 (54.0774%)
entry 3243000/5978471 (54.2446%)
entry 3244000/5978471 (54.2614%)
entry 3245000/5978471 (54.2781%)
entry 3249000/5978471 (54.345%)
entry 3252000/5978471 (54.3952%)
entry 3256000/5978471 (54.4621%)
entry 3258000/5978471 (54.4955%)
entry 3262000/5978471 (54.5624%)
entry 3264000/5978471 (54.5959%)
entry 3266000/5978471 (54.6293%)
entry 3268000/5978471 (54.6628%)
entry 3271000/5978471 (54.713%)
entry 3272000/5978471 (54.7297%)
entry 3274000/5978471 (54.7632%)
entry 3275000/5978471 (54.7799%)
entry 3276000/5978471 (54.7966%)
entry 3277000/5978471 (54.8133%)
entry 3279000/5978471 (54.8468%)
entry 3280000/5978471 (54.8635%)
entry 3281000/5978471 (54.8803%)
entry 3283000/5978471 (54.9137%)
entry 3284000/5978471 (54.9304%)
entry 3285000/5978471 (54.9472%)
entry 3288000/5978471 (54.9973%)
entry 3291000/5978471 (55.0475%)
entry 3293000/5978471 (55.081%)
entry 3294000/5978471 (55.0977%)
entry 3296000/5978471 (55.1312%)
entry 3300000/5978471 (55.1981%)
entry 3301000/5978471 (55.2148%)
entry 3305000/5978471 (55.2817%)
entry 3306000/5978471 (55.2984%)
entry 3312000/5978471 (55.3988%)
entry 3314000/5978471 (55.4322%)
entry 3317000/5978471 (55.4824%)
entry 3320000/5978471 (55.5326%)
entry 3322000/5978471 (55.566%)
entry 3323000/5978471 (55.5828%)
entry 3324000/5978471 (55.5995%)
entry 3325000/5978471 (55.6162%)
entry 3326000/5978471 (55.633%)
entry 3329000/5978471 (55.6831%)
entry 3330000/5978471 (55.6999%)
entry 3332000/5978471 (55.7333%)
entry 3340000/5978471 (55.8671%)
entry 3341000/5978471 (55.8839%)
entry 3344000/5978471 (55.934%)
entry 3348000/5978471 (56.0009%)
entry 3349000/5978471 (56.0177%)
entry 3356000/5978471 (56.1348%)
entry 3358000/5978471 (56.1682%)
entry 3359000/5978471 (56.1849%)
entry 3365000/5978471 (56.2853%)
entry 3368000/5978471 (56.3355%)
entry 3372000/5978471 (56.4024%)
entry 3374000/5978471 (56.4358%)
entry 3383000/5978471 (56.5864%)
entry 3384000/5978471 (56.6031%)
entry 3386000/5978471 (56.6366%)
entry 3391000/5978471 (56.7202%)
entry 3394000/5978471 (56.7704%)
entry 3396000/5978471 (56.8038%)
entry 3398000/5978471 (56.8373%)
entry 3400000/5978471 (56.8707%)
entry 3404000/5978471 (56.9376%)
entry 3409000/5978471 (57.0213%)
entry 3413000/5978471 (57.0882%)
entry 3414000/5978471 (57.1049%)
entry 3417000/5978471 (57.1551%)
entry 3420000/5978471 (57.2053%)
entry 3422000/5978471 (57.2387%)
entry 3423000/5978471 (57.2554%)
entry 3428000/5978471 (57.3391%)
entry 3429000/5978471 (57.3558%)
entry 3441000/5978471 (57.5565%)
entry 3442000/5978471 (57.5732%)
entry 3448000/5978471 (57.6736%)
entry 3449000/5978471 (57.6903%)
entry 3450000/5978471 (57.7071%)
entry 3452000/5978471 (57.7405%)
entry 3453000/5978471 (57.7572%)
entry 3454000/5978471 (57.774%)
entry 3455000/5978471 (57.7907%)
entry 3460000/5978471 (57.8743%)
entry 3463000/5978471 (57.9245%)
entry 3467000/5978471 (57.9914%)
entry 3471000/5978471 (58.0583%)
entry 3475000/5978471 (58.1252%)
entry 3477000/5978471 (58.1587%)
entry 3482000/5978471 (58.2423%)
entry 3490000/5978471 (58.3761%)
entry 3491000/5978471 (58.3929%)
entry 3492000/5978471 (58.4096%)
entry 3493000/5978471 (58.4263%)
entry 3502000/5978471 (58.5769%)
entry 3503000/5978471 (58.5936%)
entry 3507000/5978471 (58.6605%)
entry 3512000/5978471 (58.7441%)
entry 3513000/5978471 (58.7608%)
entry 3515000/5978471 (58.7943%)
entry 3516000/5978471 (58.811%)
entry 3519000/5978471 (58.8612%)
entry 3521000/5978471 (58.8947%)
entry 3530000/5978471 (59.0452%)
entry 3531000/5978471 (59.0619%)
entry 3532000/5978471 (59.0787%)
entry 3539000/5978471 (59.1957%)
entry 3549000/5978471 (59.363%)
entry 3552000/5978471 (59.4132%)
entry 3554000/5978471 (59.4466%)
entry 3557000/5978471 (59.4968%)
entry 3565000/5978471 (59.6306%)
entry 3566000/5978471 (59.6474%)
entry 3567000/5978471 (59.6641%)
entry 3571000/5978471 (59.731%)
entry 3574000/5978471 (59.7812%)
entry 3581000/5978471 (59.8983%)
entry 3584000/5978471 (59.9484%)
entry 3585000/5978471 (59.9652%)
entry 3588000/5978471 (60.0153%)
entry 3590000/5978471 (60.0488%)
entry 3593000/5978471 (60.099%)
entry 3594000/5978471 (60.1157%)
entry 3595000/5978471 (60.1324%)
entry 3599000/5978471 (60.1993%)
entry 3603000/5978471 (60.2662%)
entry 3607000/5978471 (60.3332%)
entry 3612000/5978471 (60.4168%)
entry 3618000/5978471 (60.5171%)
entry 3621000/5978471 (60.5673%)
entry 3622000/5978471 (60.5841%)
entry 3627000/5978471 (60.6677%)
entry 3631000/5978471 (60.7346%)
entry 3642000/5978471 (60.9186%)
entry 3645000/5978471 (60.9688%)
entry 3651000/5978471 (61.0691%)
entry 3652000/5978471 (61.0859%)
entry 3661000/5978471 (61.2364%)
entry 3663000/5978471 (61.2698%)
entry 3665000/5978471 (61.3033%)
entry 3666000/5978471 (61.32%)
entry 3669000/5978471 (61.3702%)
entry 3673000/5978471 (61.4371%)
entry 3674000/5978471 (61.4538%)
entry 3678000/5978471 (61.5207%)
entry 3681000/5978471 (61.5709%)
entry 3687000/5978471 (61.6713%)
entry 3688000/5978471 (61.688%)
entry 3689000/5978471 (61.7047%)
entry 3690000/5978471 (61.7215%)
entry 3691000/5978471 (61.7382%)
entry 3694000/5978471 (61.7884%)
entry 3700000/5978471 (61.8887%)
entry 3705000/5978471 (61.9724%)
entry 3706000/5978471 (61.9891%)
entry 3707000/5978471 (62.0058%)
entry 3709000/5978471 (62.0393%)
entry 3713000/5978471 (62.1062%)
entry 3714000/5978471 (62.1229%)
entry 3716000/5978471 (62.1564%)
entry 3718000/5978471 (62.1898%)
entry 3721000/5978471 (62.24%)
entry 3722000/5978471 (62.2567%)
entry 3723000/5978471 (62.2734%)
entry 3726000/5978471 (62.3236%)
entry 3728000/5978471 (62.3571%)
entry 3730000/5978471 (62.3905%)
entry 3737000/5978471 (62.5076%)
entry 3739000/5978471 (62.5411%)
entry 3742000/5978471 (62.5913%)
entry 3744000/5978471 (62.6247%)
entry 3745000/5978471 (62.6414%)
entry 3746000/5978471 (62.6582%)
entry 3747000/5978471 (62.6749%)
entry 3749000/5978471 (62.7083%)
entry 3751000/5978471 (62.7418%)
entry 3752000/5978471 (62.7585%)
entry 3753000/5978471 (62.7752%)
entry 3757000/5978471 (62.8422%)
entry 3758000/5978471 (62.8589%)
entry 3762000/5978471 (62.9258%)
entry 3764000/5978471 (62.9592%)
entry 3767000/5978471 (63.0094%)
entry 3768000/5978471 (63.0261%)
entry 3771000/5978471 (63.0763%)
entry 3773000/5978471 (63.1098%)
entry 3780000/5978471 (63.2269%)
entry 3781000/5978471 (63.2436%)
entry 3783000/5978471 (63.277%)
entry 3789000/5978471 (63.3774%)
entry 3793000/5978471 (63.4443%)
entry 3795000/5978471 (63.4778%)
entry 3798000/5978471 (63.5279%)
entry 3803000/5978471 (63.6116%)
entry 3805000/5978471 (63.645%)
entry 3808000/5978471 (63.6952%)
entry 3811000/5978471 (63.7454%)
entry 3815000/5978471 (63.8123%)
entry 3819000/5978471 (63.8792%)
entry 3820000/5978471 (63.8959%)
entry 3821000/5978471 (63.9127%)
entry 3825000/5978471 (63.9796%)
entry 3831000/5978471 (64.0799%)
entry 3838000/5978471 (64.197%)
entry 3839000/5978471 (64.2137%)
entry 3842000/5978471 (64.2639%)
entry 3843000/5978471 (64.2806%)
entry 3860000/5978471 (64.565%)
entry 3861000/5978471 (64.5817%)
entry 3866000/5978471 (64.6654%)
entry 3868000/5978471 (64.6988%)
entry 3876000/5978471 (64.8326%)
entry 3877000/5978471 (64.8494%)
entry 3878000/5978471 (64.8661%)
entry 3881000/5978471 (64.9163%)
entry 3883000/5978471 (64.9497%)
entry 3888000/5978471 (65.0334%)
entry 3892000/5978471 (65.1003%)
entry 3895000/5978471 (65.1504%)
entry 3897000/5978471 (65.1839%)
entry 3901000/5978471 (65.2508%)
entry 3904000/5978471 (65.301%)
entry 3907000/5978471 (65.3512%)
entry 3912000/5978471 (65.4348%)
entry 3915000/5978471 (65.485%)
entry 3921000/5978471 (65.5853%)
entry 3923000/5978471 (65.6188%)
entry 3934000/5978471 (65.8028%)
entry 3935000/5978471 (65.8195%)
entry 3942000/5978471 (65.9366%)
entry 3943000/5978471 (65.9533%)
entry 3945000/5978471 (65.9868%)
entry 3946000/5978471 (66.0035%)
entry 3952000/5978471 (66.1039%)
entry 3963000/5978471 (66.2879%)
entry 3966000/5978471 (66.338%)
entry 3969000/5978471 (66.3882%)
entry 3972000/5978471 (66.4384%)
entry 3978000/5978471 (66.5388%)
entry 3980000/5978471 (66.5722%)
entry 3985000/5978471 (66.6558%)
entry 3989000/5978471 (66.7227%)
entry 3993000/5978471 (66.7897%)
entry 3995000/5978471 (66.8231%)
entry 3999000/5978471 (66.89%)
entry 4000000/5978471 (66.9067%)
entry 4001000/5978471 (66.9235%)
entry 4006000/5978471 (67.0071%)
entry 4009000/5978471 (67.0573%)
entry 4015000/5978471 (67.1576%)
entry 4021000/5978471 (67.258%)
entry 4025000/5978471 (67.3249%)
entry 4026000/5978471 (67.3416%)
entry 4028000/5978471 (67.3751%)
entry 4034000/5978471 (67.4754%)
entry 4038000/5978471 (67.5424%)
entry 4040000/5978471 (67.5758%)
entry 4044000/5978471 (67.6427%)
entry 4049000/5978471 (67.7263%)
entry 4052000/5978471 (67.7765%)
entry 4054000/5978471 (67.81%)
entry 4064000/5978471 (67.9772%)
entry 4065000/5978471 (67.994%)
entry 4069000/5978471 (68.0609%)
entry 4073000/5978471 (68.1278%)
entry 4075000/5978471 (68.1612%)
entry 4081000/5978471 (68.2616%)
entry 4085000/5978471 (68.3285%)
entry 4092000/5978471 (68.4456%)
entry 4093000/5978471 (68.4623%)
entry 4094000/5978471 (68.479%)
entry 4097000/5978471 (68.5292%)
entry 4100000/5978471 (68.5794%)
entry 4103000/5978471 (68.6296%)
entry 4107000/5978471 (68.6965%)
entry 4108000/5978471 (68.7132%)
entry 4112000/5978471 (68.7801%)
entry 4119000/5978471 (68.8972%)
entry 4121000/5978471 (68.9307%)
entry 4124000/5978471 (68.9808%)
entry 4126000/5978471 (69.0143%)
entry 4129000/5978471 (69.0645%)
entry 4130000/5978471 (69.0812%)
entry 4138000/5978471 (69.215%)
entry 4139000/5978471 (69.2317%)
entry 4141000/5978471 (69.2652%)
entry 4146000/5978471 (69.3488%)
entry 4148000/5978471 (69.3823%)
entry 4151000/5978471 (69.4325%)
entry 4152000/5978471 (69.4492%)
entry 4153000/5978471 (69.4659%)
entry 4154000/5978471 (69.4826%)
entry 4158000/5978471 (69.5496%)
entry 4162000/5978471 (69.6165%)
entry 4163000/5978471 (69.6332%)
entry 4168000/5978471 (69.7168%)
entry 4169000/5978471 (69.7335%)
entry 4174000/5978471 (69.8172%)
entry 4177000/5978471 (69.8674%)
entry 4180000/5978471 (69.9175%)
entry 4181000/5978471 (69.9343%)
entry 4184000/5978471 (69.9844%)
entry 4187000/5978471 (70.0346%)
entry 4194000/5978471 (70.1517%)
entry 4195000/5978471 (70.1684%)
entry 4198000/5978471 (70.2186%)
entry 4200000/5978471 (70.2521%)
entry 4201000/5978471 (70.2688%)
entry 4204000/5978471 (70.319%)
entry 4207000/5978471 (70.3692%)
entry 4210000/5978471 (70.4193%)
entry 4211000/5978471 (70.4361%)
entry 4217000/5978471 (70.5364%)
entry 4218000/5978471 (70.5532%)
entry 4219000/5978471 (70.5699%)
entry 4220000/5978471 (70.5866%)
entry 4221000/5978471 (70.6033%)
entry 4223000/5978471 (70.6368%)
entry 4228000/5978471 (70.7204%)
entry 4229000/5978471 (70.7371%)
entry 4231000/5978471 (70.7706%)
entry 4233000/5978471 (70.8041%)
entry 4235000/5978471 (70.8375%)
entry 4236000/5978471 (70.8542%)
entry 4239000/5978471 (70.9044%)
entry 4242000/5978471 (70.9546%)
entry 4243000/5978471 (70.9713%)
entry 4247000/5978471 (71.0382%)
entry 4252000/5978471 (71.1219%)
entry 4258000/5978471 (71.2222%)
entry 4259000/5978471 (71.239%)
entry 4261000/5978471 (71.2724%)
entry 4266000/5978471 (71.356%)
entry 4268000/5978471 (71.3895%)
entry 4269000/5978471 (71.4062%)
entry 4271000/5978471 (71.4397%)
entry 4277000/5978471 (71.54%)
entry 4278000/5978471 (71.5568%)
entry 4280000/5978471 (71.5902%)
entry 4281000/5978471 (71.6069%)
entry 4284000/5978471 (71.6571%)
entry 4286000/5978471 (71.6906%)
entry 4287000/5978471 (71.7073%)
entry 4292000/5978471 (71.7909%)
entry 4293000/5978471 (71.8077%)
entry 4295000/5978471 (71.8411%)
entry 4297000/5978471 (71.8746%)
entry 4300000/5978471 (71.9247%)
entry 4302000/5978471 (71.9582%)
entry 4306000/5978471 (72.0251%)
entry 4309000/5978471 (72.0753%)
entry 4311000/5978471 (72.1087%)
entry 4312000/5978471 (72.1255%)
entry 4316000/5978471 (72.1924%)
entry 4317000/5978471 (72.2091%)
entry 4318000/5978471 (72.2258%)
entry 4319000/5978471 (72.2426%)
entry 4324000/5978471 (72.3262%)
entry 4325000/5978471 (72.3429%)
entry 4328000/5978471 (72.3931%)
entry 4331000/5978471 (72.4433%)
entry 4332000/5978471 (72.46%)
entry 4337000/5978471 (72.5436%)
entry 4343000/5978471 (72.644%)
entry 4348000/5978471 (72.7276%)
entry 4350000/5978471 (72.7611%)
entry 4352000/5978471 (72.7945%)
entry 4354000/5978471 (72.828%)
entry 4355000/5978471 (72.8447%)
entry 4356000/5978471 (72.8614%)
entry 4357000/5978471 (72.8782%)
entry 4358000/5978471 (72.8949%)
entry 4360000/5978471 (72.9283%)
entry 4361000/5978471 (72.9451%)
entry 4363000/5978471 (72.9785%)
entry 4366000/5978471 (73.0287%)
entry 4367000/5978471 (73.0454%)
entry 4368000/5978471 (73.0622%)
entry 4370000/5978471 (73.0956%)
entry 4371000/5978471 (73.1123%)
entry 4373000/5978471 (73.1458%)
entry 4378000/5978471 (73.2294%)
entry 4379000/5978471 (73.2462%)
entry 4388000/5978471 (73.3967%)
entry 4391000/5978471 (73.4469%)
entry 4395000/5978471 (73.5138%)
entry 4398000/5978471 (73.564%)
entry 4402000/5978471 (73.6309%)
entry 4404000/5978471 (73.6643%)
entry 4410000/5978471 (73.7647%)
entry 4411000/5978471 (73.7814%)
entry 4414000/5978471 (73.8316%)
entry 4415000/5978471 (73.8483%)
entry 4418000/5978471 (73.8985%)
entry 4419000/5978471 (73.9152%)
entry 4420000/5978471 (73.9319%)
entry 4424000/5978471 (73.9989%)
entry 4428000/5978471 (74.0658%)
entry 4432000/5978471 (74.1327%)
entry 4440000/5978471 (74.2665%)
entry 4444000/5978471 (74.3334%)
entry 4446000/5978471 (74.3668%)
entry 4448000/5978471 (74.4003%)
entry 4452000/5978471 (74.4672%)
entry 4453000/5978471 (74.4839%)
entry 4454000/5978471 (74.5007%)
entry 4456000/5978471 (74.5341%)
entry 4460000/5978471 (74.601%)
entry 4466000/5978471 (74.7014%)
entry 4467000/5978471 (74.7181%)
entry 4470000/5978471 (74.7683%)
entry 4476000/5978471 (74.8686%)
entry 4479000/5978471 (74.9188%)
entry 4483000/5978471 (74.9857%)
entry 4488000/5978471 (75.0694%)
entry 4491000/5978471 (75.1195%)
entry 4493000/5978471 (75.153%)
entry 4495000/5978471 (75.1864%)
entry 4499000/5978471 (75.2534%)
entry 4502000/5978471 (75.3035%)
entry 4504000/5978471 (75.337%)
entry 4505000/5978471 (75.3537%)
entry 4509000/5978471 (75.4206%)
entry 4512000/5978471 (75.4708%)
entry 4519000/5978471 (75.5879%)
entry 4520000/5978471 (75.6046%)
entry 4521000/5978471 (75.6213%)
entry 4523000/5978471 (75.6548%)
entry 4529000/5978471 (75.7552%)
entry 4535000/5978471 (75.8555%)
entry 4540000/5978471 (75.9391%)
entry 4545000/5978471 (76.0228%)
entry 4552000/5978471 (76.1399%)
entry 4559000/5978471 (76.257%)
entry 4561000/5978471 (76.2904%)
entry 4562000/5978471 (76.3071%)
entry 4564000/5978471 (76.3406%)
entry 4569000/5978471 (76.4242%)
entry 4570000/5978471 (76.4409%)
entry 4571000/5978471 (76.4577%)
entry 4572000/5978471 (76.4744%)
entry 4575000/5978471 (76.5246%)
entry 4576000/5978471 (76.5413%)
entry 4580000/5978471 (76.6082%)
entry 4581000/5978471 (76.6249%)
entry 4582000/5978471 (76.6417%)
entry 4583000/5978471 (76.6584%)
entry 4592000/5978471 (76.8089%)
entry 4595000/5978471 (76.8591%)
entry 4596000/5978471 (76.8758%)
entry 4601000/5978471 (76.9595%)
entry 4604000/5978471 (77.0097%)
entry 4605000/5978471 (77.0264%)
entry 4608000/5978471 (77.0766%)
entry 4609000/5978471 (77.0933%)
entry 4611000/5978471 (77.1267%)
entry 4612000/5978471 (77.1435%)
entry 4614000/5978471 (77.1769%)
entry 4616000/5978471 (77.2104%)
entry 4623000/5978471 (77.3275%)
entry 4625000/5978471 (77.3609%)
entry 4628000/5978471 (77.4111%)
entry 4638000/5978471 (77.5784%)
entry 4639000/5978471 (77.5951%)
entry 4642000/5978471 (77.6453%)
entry 4643000/5978471 (77.662%)
entry 4649000/5978471 (77.7624%)
entry 4654000/5978471 (77.846%)
entry 4662000/5978471 (77.9798%)
entry 4665000/5978471 (78.03%)
entry 4669000/5978471 (78.0969%)
entry 4671000/5978471 (78.1303%)
entry 4672000/5978471 (78.1471%)
entry 4675000/5978471 (78.1973%)
entry 4676000/5978471 (78.214%)
entry 4679000/5978471 (78.2642%)
entry 4684000/5978471 (78.3478%)
entry 4685000/5978471 (78.3645%)
entry 4686000/5978471 (78.3812%)
entry 4688000/5978471 (78.4147%)
entry 4689000/5978471 (78.4314%)
entry 4693000/5978471 (78.4983%)
entry 4697000/5978471 (78.5652%)
entry 4702000/5978471 (78.6489%)
entry 4705000/5978471 (78.6991%)
entry 4719000/5978471 (78.9332%)
entry 4721000/5978471 (78.9667%)
entry 4729000/5978471 (79.1005%)
entry 4732000/5978471 (79.1507%)
entry 4737000/5978471 (79.2343%)
entry 4747000/5978471 (79.4016%)
entry 4748000/5978471 (79.4183%)
entry 4749000/5978471 (79.435%)
entry 4751000/5978471 (79.4685%)
entry 4753000/5978471 (79.5019%)
entry 4755000/5978471 (79.5354%)
entry 4757000/5978471 (79.5688%)
entry 4762000/5978471 (79.6525%)
entry 4765000/5978471 (79.7027%)
entry 4769000/5978471 (79.7696%)
entry 4771000/5978471 (79.803%)
entry 4774000/5978471 (79.8532%)
entry 4775000/5978471 (79.8699%)
entry 4776000/5978471 (79.8866%)
entry 4781000/5978471 (79.9703%)
entry 4782000/5978471 (79.987%)
entry 4784000/5978471 (80.0205%)
entry 4788000/5978471 (80.0874%)
entry 4789000/5978471 (80.1041%)
entry 4791000/5978471 (80.1375%)
entry 4799000/5978471 (80.2714%)
entry 4800000/5978471 (80.2881%)
entry 4801000/5978471 (80.3048%)
entry 4803000/5978471 (80.3383%)
entry 4804000/5978471 (80.355%)
entry 4805000/5978471 (80.3717%)
entry 4809000/5978471 (80.4386%)
entry 4817000/5978471 (80.5724%)
entry 4826000/5978471 (80.723%)
entry 4829000/5978471 (80.7732%)
entry 4831000/5978471 (80.8066%)
entry 4836000/5978471 (80.8903%)
entry 4837000/5978471 (80.907%)
entry 4839000/5978471 (80.9404%)
entry 4840000/5978471 (80.9572%)
entry 4841000/5978471 (80.9739%)
entry 4842000/5978471 (80.9906%)
entry 4844000/5978471 (81.0241%)
entry 4847000/5978471 (81.0742%)
entry 4849000/5978471 (81.1077%)
entry 4850000/5978471 (81.1244%)
entry 4852000/5978471 (81.1579%)
entry 4854000/5978471 (81.1913%)
entry 4858000/5978471 (81.2582%)
entry 4859000/5978471 (81.275%)
entry 4860000/5978471 (81.2917%)
entry 4865000/5978471 (81.3753%)
entry 4866000/5978471 (81.392%)
entry 4867000/5978471 (81.4088%)
entry 4869000/5978471 (81.4422%)
entry 4871000/5978471 (81.4757%)
entry 4872000/5978471 (81.4924%)
entry 4876000/5978471 (81.5593%)
entry 4877000/5978471 (81.576%)
entry 4879000/5978471 (81.6095%)
entry 4881000/5978471 (81.6429%)
entry 4883000/5978471 (81.6764%)
entry 4885000/5978471 (81.7099%)
entry 4891000/5978471 (81.8102%)
entry 4893000/5978471 (81.8437%)
entry 4894000/5978471 (81.8604%)
entry 4896000/5978471 (81.8938%)
entry 4898000/5978471 (81.9273%)
entry 4901000/5978471 (81.9775%)
entry 4902000/5978471 (81.9942%)
entry 4905000/5978471 (82.0444%)
entry 4906000/5978471 (82.0611%)
entry 4910000/5978471 (82.128%)
entry 4912000/5978471 (82.1615%)
entry 4914000/5978471 (82.1949%)
entry 4917000/5978471 (82.2451%)
entry 4921000/5978471 (82.312%)
entry 4922000/5978471 (82.3287%)
entry 4926000/5978471 (82.3956%)
entry 4927000/5978471 (82.4124%)
entry 4928000/5978471 (82.4291%)
entry 4930000/5978471 (82.4626%)
entry 4936000/5978471 (82.5629%)
entry 4937000/5978471 (82.5796%)
entry 4938000/5978471 (82.5964%)
entry 4941000/5978471 (82.6465%)
entry 4943000/5978471 (82.68%)
entry 4945000/5978471 (82.7135%)
entry 4946000/5978471 (82.7302%)
entry 4947000/5978471 (82.7469%)
entry 4950000/5978471 (82.7971%)
entry 4953000/5978471 (82.8473%)
entry 4956000/5978471 (82.8974%)
entry 4959000/5978471 (82.9476%)
entry 4960000/5978471 (82.9644%)
entry 4961000/5978471 (82.9811%)
entry 4967000/5978471 (83.0814%)
entry 4969000/5978471 (83.1149%)
entry 4972000/5978471 (83.1651%)
entry 4975000/5978471 (83.2153%)
entry 4977000/5978471 (83.2487%)
entry 4989000/5978471 (83.4494%)
entry 4990000/5978471 (83.4662%)
entry 4991000/5978471 (83.4829%)
entry 4993000/5978471 (83.5163%)
entry 4994000/5978471 (83.5331%)
entry 4995000/5978471 (83.5498%)
entry 4998000/5978471 (83.6%)
entry 4999000/5978471 (83.6167%)
entry 5000000/5978471 (83.6334%)
entry 5002000/5978471 (83.6669%)
entry 5012000/5978471 (83.8341%)
entry 5014000/5978471 (83.8676%)
entry 5016000/5978471 (83.9011%)
entry 5019000/5978471 (83.9512%)
entry 5023000/5978471 (84.0181%)
entry 5025000/5978471 (84.0516%)
entry 5027000/5978471 (84.085%)
entry 5028000/5978471 (84.1018%)
entry 5031000/5978471 (84.152%)
entry 5036000/5978471 (84.2356%)
entry 5037000/5978471 (84.2523%)
entry 5043000/5978471 (84.3527%)
entry 5047000/5978471 (84.4196%)
entry 5049000/5978471 (84.453%)
entry 5052000/5978471 (84.5032%)
entry 5053000/5978471 (84.5199%)
entry 5061000/5978471 (84.6538%)
entry 5064000/5978471 (84.7039%)
entry 5066000/5978471 (84.7374%)
entry 5068000/5978471 (84.7708%)
entry 5070000/5978471 (84.8043%)
entry 5078000/5978471 (84.9381%)
entry 5079000/5978471 (84.9548%)
entry 5081000/5978471 (84.9883%)
entry 5083000/5978471 (85.0217%)
entry 5086000/5978471 (85.0719%)
entry 5092000/5978471 (85.1723%)
entry 5095000/5978471 (85.2225%)
entry 5097000/5978471 (85.2559%)
entry 5099000/5978471 (85.2894%)
entry 5100000/5978471 (85.3061%)
entry 5102000/5978471 (85.3395%)
entry 5103000/5978471 (85.3563%)
entry 5106000/5978471 (85.4065%)
entry 5107000/5978471 (85.4232%)
entry 5108000/5978471 (85.4399%)
entry 5110000/5978471 (85.4734%)
entry 5119000/5978471 (85.6239%)
entry 5125000/5978471 (85.7243%)
entry 5129000/5978471 (85.7912%)
entry 5133000/5978471 (85.8581%)
entry 5134000/5978471 (85.8748%)
entry 5135000/5978471 (85.8915%)
entry 5140000/5978471 (85.9752%)
entry 5141000/5978471 (85.9919%)
entry 5142000/5978471 (86.0086%)
entry 5143000/5978471 (86.0253%)
entry 5144000/5978471 (86.0421%)
entry 5152000/5978471 (86.1759%)
entry 5159000/5978471 (86.293%)
entry 5165000/5978471 (86.3933%)
entry 5183000/5978471 (86.6944%)
entry 5184000/5978471 (86.7111%)
entry 5187000/5978471 (86.7613%)
entry 5196000/5978471 (86.9119%)
entry 5199000/5978471 (86.962%)
entry 5201000/5978471 (86.9955%)
entry 5203000/5978471 (87.0289%)
entry 5205000/5978471 (87.0624%)
entry 5209000/5978471 (87.1293%)
entry 5213000/5978471 (87.1962%)
entry 5217000/5978471 (87.2631%)
entry 5222000/5978471 (87.3468%)
entry 5227000/5978471 (87.4304%)
entry 5229000/5978471 (87.4638%)
entry 5230000/5978471 (87.4806%)
entry 5231000/5978471 (87.4973%)
entry 5232000/5978471 (87.514%)
entry 5239000/5978471 (87.6311%)
entry 5244000/5978471 (87.7147%)
entry 5246000/5978471 (87.7482%)
entry 5250000/5978471 (87.8151%)
entry 5251000/5978471 (87.8318%)
entry 5252000/5978471 (87.8486%)
entry 5255000/5978471 (87.8987%)
entry 5256000/5978471 (87.9155%)
entry 5260000/5978471 (87.9824%)
entry 5261000/5978471 (87.9991%)
entry 5263000/5978471 (88.0325%)
entry 5267000/5978471 (88.0994%)
entry 5269000/5978471 (88.1329%)
entry 5271000/5978471 (88.1664%)
entry 5276000/5978471 (88.25%)
entry 5281000/5978471 (88.3336%)
entry 5282000/5978471 (88.3503%)
entry 5283000/5978471 (88.3671%)
entry 5286000/5978471 (88.4173%)
entry 5288000/5978471 (88.4507%)
entry 5292000/5978471 (88.5176%)
entry 5297000/5978471 (88.6012%)
entry 5298000/5978471 (88.618%)
entry 5300000/5978471 (88.6514%)
entry 5301000/5978471 (88.6682%)
entry 5302000/5978471 (88.6849%)
entry 5303000/5978471 (88.7016%)
entry 5304000/5978471 (88.7183%)
entry 5308000/5978471 (88.7852%)
entry 5309000/5978471 (88.802%)
entry 5313000/5978471 (88.8689%)
entry 5317000/5978471 (88.9358%)
entry 5319000/5978471 (88.9692%)
entry 5320000/5978471 (88.986%)
entry 5321000/5978471 (89.0027%)
entry 5325000/5978471 (89.0696%)
entry 5326000/5978471 (89.0863%)
entry 5329000/5978471 (89.1365%)
entry 5331000/5978471 (89.17%)
entry 5334000/5978471 (89.2201%)
entry 5341000/5978471 (89.3372%)
entry 5342000/5978471 (89.3539%)
entry 5343000/5978471 (89.3707%)
entry 5344000/5978471 (89.3874%)
entry 5349000/5978471 (89.471%)
entry 5352000/5978471 (89.5212%)
entry 5354000/5978471 (89.5547%)
entry 5355000/5978471 (89.5714%)
entry 5356000/5978471 (89.5881%)
entry 5360000/5978471 (89.655%)
entry 5362000/5978471 (89.6885%)
entry 5365000/5978471 (89.7387%)
entry 5369000/5978471 (89.8056%)
entry 5371000/5978471 (89.839%)
entry 5379000/5978471 (89.9728%)
entry 5380000/5978471 (89.9896%)
entry 5383000/5978471 (90.0397%)
entry 5388000/5978471 (90.1234%)
entry 5389000/5978471 (90.1401%)
entry 5390000/5978471 (90.1568%)
entry 5391000/5978471 (90.1736%)
entry 5392000/5978471 (90.1903%)
entry 5395000/5978471 (90.2405%)
entry 5396000/5978471 (90.2572%)
entry 5400000/5978471 (90.3241%)
entry 5403000/5978471 (90.3743%)
entry 5414000/5978471 (90.5583%)
entry 5416000/5978471 (90.5917%)
entry 5418000/5978471 (90.6252%)
entry 5420000/5978471 (90.6586%)
entry 5421000/5978471 (90.6754%)
entry 5422000/5978471 (90.6921%)
entry 5428000/5978471 (90.7924%)
entry 5429000/5978471 (90.8092%)
entry 5430000/5978471 (90.8259%)
entry 5435000/5978471 (90.9095%)
entry 5436000/5978471 (90.9263%)
entry 5438000/5978471 (90.9597%)
entry 5441000/5978471 (91.0099%)
entry 5444000/5978471 (91.0601%)
entry 5450000/5978471 (91.1604%)
entry 5459000/5978471 (91.311%)
entry 5462000/5978471 (91.3612%)
entry 5470000/5978471 (91.495%)
entry 5473000/5978471 (91.5451%)
entry 5482000/5978471 (91.6957%)
entry 5483000/5978471 (91.7124%)
entry 5486000/5978471 (91.7626%)
entry 5487000/5978471 (91.7793%)
entry 5492000/5978471 (91.863%)
entry 5498000/5978471 (91.9633%)
entry 5499000/5978471 (91.98%)
entry 5506000/5978471 (92.0971%)
entry 5507000/5978471 (92.1139%)
entry 5509000/5978471 (92.1473%)
entry 5510000/5978471 (92.164%)
entry 5511000/5978471 (92.1808%)
entry 5517000/5978471 (92.2811%)
entry 5518000/5978471 (92.2978%)
entry 5521000/5978471 (92.348%)
entry 5522000/5978471 (92.3648%)
entry 5527000/5978471 (92.4484%)
entry 5531000/5978471 (92.5153%)
entry 5535000/5978471 (92.5822%)
entry 5536000/5978471 (92.5989%)
entry 5539000/5978471 (92.6491%)
entry 5542000/5978471 (92.6993%)
entry 5543000/5978471 (92.716%)
entry 5546000/5978471 (92.7662%)
entry 5549000/5978471 (92.8164%)
entry 5555000/5978471 (92.9167%)
entry 5556000/5978471 (92.9335%)
entry 5559000/5978471 (92.9836%)
entry 5560000/5978471 (93.0004%)
entry 5561000/5978471 (93.0171%)
entry 5564000/5978471 (93.0673%)
entry 5565000/5978471 (93.084%)
entry 5571000/5978471 (93.1844%)
entry 5574000/5978471 (93.2345%)
entry 5575000/5978471 (93.2513%)
entry 5576000/5978471 (93.268%)
entry 5580000/5978471 (93.3349%)
entry 5582000/5978471 (93.3684%)
entry 5583000/5978471 (93.3851%)
entry 5584000/5978471 (93.4018%)
entry 5592000/5978471 (93.5356%)
entry 5594000/5978471 (93.5691%)
entry 5595000/5978471 (93.5858%)
entry 5596000/5978471 (93.6025%)
entry 5599000/5978471 (93.6527%)
entry 5600000/5978471 (93.6694%)
entry 5603000/5978471 (93.7196%)
entry 5604000/5978471 (93.7363%)
entry 5606000/5978471 (93.7698%)
entry 5613000/5978471 (93.8869%)
entry 5614000/5978471 (93.9036%)
entry 5620000/5978471 (94.004%)
entry 5621000/5978471 (94.0207%)
entry 5622000/5978471 (94.0374%)
entry 5623000/5978471 (94.0542%)
entry 5624000/5978471 (94.0709%)
entry 5626000/5978471 (94.1043%)
entry 5628000/5978471 (94.1378%)
entry 5630000/5978471 (94.1712%)
entry 5631000/5978471 (94.188%)
entry 5632000/5978471 (94.2047%)
entry 5636000/5978471 (94.2716%)
entry 5645000/5978471 (94.4221%)
entry 5652000/5978471 (94.5392%)
entry 5654000/5978471 (94.5727%)
entry 5657000/5978471 (94.6229%)
entry 5658000/5978471 (94.6396%)
entry 5666000/5978471 (94.7734%)
entry 5671000/5978471 (94.857%)
entry 5672000/5978471 (94.8738%)
entry 5674000/5978471 (94.9072%)
entry 5677000/5978471 (94.9574%)
entry 5678000/5978471 (94.9741%)
entry 5680000/5978471 (95.0076%)
entry 5682000/5978471 (95.041%)
entry 5685000/5978471 (95.0912%)
entry 5686000/5978471 (95.1079%)
entry 5687000/5978471 (95.1247%)
entry 5688000/5978471 (95.1414%)
entry 5692000/5978471 (95.2083%)
entry 5693000/5978471 (95.225%)
entry 5695000/5978471 (95.2585%)
entry 5697000/5978471 (95.2919%)
entry 5701000/5978471 (95.3588%)
entry 5702000/5978471 (95.3756%)
entry 5704000/5978471 (95.409%)
entry 5710000/5978471 (95.5094%)
entry 5711000/5978471 (95.5261%)
entry 5713000/5978471 (95.5595%)
entry 5716000/5978471 (95.6097%)
entry 5718000/5978471 (95.6432%)
entry 5721000/5978471 (95.6934%)
entry 5724000/5978471 (95.7435%)
entry 5726000/5978471 (95.777%)
entry 5729000/5978471 (95.8272%)
entry 5730000/5978471 (95.8439%)
entry 5731000/5978471 (95.8606%)
entry 5733000/5978471 (95.8941%)
entry 5735000/5978471 (95.9275%)
entry 5738000/5978471 (95.9777%)
entry 5740000/5978471 (96.0112%)
entry 5741000/5978471 (96.0279%)
entry 5744000/5978471 (96.0781%)
entry 5745000/5978471 (96.0948%)
entry 5747000/5978471 (96.1283%)
entry 5749000/5978471 (96.1617%)
entry 5752000/5978471 (96.2119%)
entry 5753000/5978471 (96.2286%)
entry 5755000/5978471 (96.2621%)
entry 5756000/5978471 (96.2788%)
entry 5759000/5978471 (96.329%)
entry 5762000/5978471 (96.3792%)
entry 5763000/5978471 (96.3959%)
entry 5767000/5978471 (96.4628%)
entry 5769000/5978471 (96.4962%)
entry 5771000/5978471 (96.5297%)
entry 5772000/5978471 (96.5464%)
entry 5777000/5978471 (96.6301%)
entry 5782000/5978471 (96.7137%)
entry 5784000/5978471 (96.7471%)
entry 5788000/5978471 (96.8141%)
entry 5789000/5978471 (96.8308%)
entry 5791000/5978471 (96.8642%)
entry 5792000/5978471 (96.881%)
entry 5794000/5978471 (96.9144%)
entry 5797000/5978471 (96.9646%)
entry 5805000/5978471 (97.0984%)
entry 5814000/5978471 (97.2489%)
entry 5816000/5978471 (97.2824%)
entry 5818000/5978471 (97.3159%)
entry 5820000/5978471 (97.3493%)
entry 5824000/5978471 (97.4162%)
entry 5826000/5978471 (97.4497%)
entry 5827000/5978471 (97.4664%)
entry 5836000/5978471 (97.6169%)
entry 5837000/5978471 (97.6337%)
entry 5840000/5978471 (97.6838%)
entry 5841000/5978471 (97.7006%)
entry 5845000/5978471 (97.7675%)
entry 5846000/5978471 (97.7842%)
entry 5847000/5978471 (97.8009%)
entry 5851000/5978471 (97.8678%)
entry 5853000/5978471 (97.9013%)
entry 5856000/5978471 (97.9515%)
entry 5859000/5978471 (98.0016%)
entry 5863000/5978471 (98.0686%)
entry 5864000/5978471 (98.0853%)
entry 5866000/5978471 (98.1187%)
entry 5870000/5978471 (98.1856%)
entry 5875000/5978471 (98.2693%)
entry 5880000/5978471 (98.3529%)
entry 5893000/5978471 (98.5704%)
entry 5898000/5978471 (98.654%)
entry 5903000/5978471 (98.7376%)
entry 5907000/5978471 (98.8045%)
entry 5908000/5978471 (98.8213%)
entry 5910000/5978471 (98.8547%)
entry 5911000/5978471 (98.8714%)
entry 5912000/5978471 (98.8882%)
entry 5913000/5978471 (98.9049%)
entry 5926000/5978471 (99.1223%)
entry 5928000/5978471 (99.1558%)
entry 5931000/5978471 (99.206%)
entry 5933000/5978471 (99.2394%)
entry 5936000/5978471 (99.2896%)
entry 5939000/5978471 (99.3398%)
entry 5942000/5978471 (99.39%)
entry 5947000/5978471 (99.4736%)
entry 5978000/5978471 (99.9921%)
all done
script done
