sphnx1087.sdcc.bnl.gov
rsyncing from /gpfs/mnt/gpfs02/sphenix/user/samfred/run25/ppg11/histmaking
running: /gpfs/mnt/gpfs02/sphenix/user/samfred/run25/ppg11/histmaking/script_data.sh 49310
LD_LIBRARY_PATH now /sphenix/user/samfred/run25/install//lib:/cvmfs/sphenix.sdcc.bnl.gov/alma9.2-gcc-14.2.0/opt/sphenix/core/gcc/14.2.0-2f0a0/x86_64-el9/lib:/cvmfs/sphenix.sdcc.bnl.gov/alma9.2-gcc-14.2.0/opt/sphenix/core/gcc/14.2.0-2f0a0/x86_64-el9/lib64:/cvmfs/sphenix.sdcc.bnl.gov/alma9.2-gcc-14.2.0/opt/sphenix/core/binutils/2.40-acaab/x86_64-el9/lib:.:/cvmfs/sphenix.sdcc.bnl.gov/alma9.2-gcc-14.2.0/release/release_new/new.10/lib64:/cvmfs/sphenix.sdcc.bnl.gov/alma9.2-gcc-14.2.0/release/release_new/new.10/lib:/cvmfs/sphenix.sdcc.bnl.gov/alma9.2-gcc-14.2.0/opt/sphenix/utils/lib:/cvmfs/sphenix.sdcc.bnl.gov/alma9.2-gcc-14.2.0/opt/sphenix/core/lib:/cvmfs/sphenix.sdcc.bnl.gov/alma9.2-gcc-14.2.0/opt/sphenix/core/root-6.32.06/lib:/cvmfs/sphenix.sdcc.bnl.gov/alma9.2-gcc-14.2.0/opt/sphenix/core/geant4.10.07.p04/lib64:/cvmfs/sphenix.sdcc.bnl.gov/alma9.2-gcc-14.2.0/opt/sphenix/core/lhapdf-5.9.1/lib:/usr/local/lib64:/usr/lib64
PATH now /sphenix/user/samfred/run25/install//bin:/cvmfs/sphenix.sdcc.bnl.gov/alma9.2-gcc-14.2.0/opt/sphenix/core/gcc/14.2.0-2f0a0/x86_64-el9/bin:/cvmfs/sphenix.sdcc.bnl.gov/alma9.2-gcc-14.2.0/opt/sphenix/core/binutils/2.40-acaab/x86_64-el9/bin:.:/cvmfs/sphenix.sdcc.bnl.gov/alma9.2-gcc-14.2.0/release/release_new/new.10/bin:/cvmfs/sphenix.sdcc.bnl.gov/alma9.2-gcc-14.2.0/opt/sphenix/utils/bin:/cvmfs/sphenix.sdcc.bnl.gov/alma9.2-gcc-14.2.0/opt/sphenix/core/bin:/cvmfs/sphenix.sdcc.bnl.gov/alma9.2-gcc-14.2.0/opt/sphenix/core/root-6.32.06/bin:/cvmfs/sphenix.sdcc.bnl.gov/alma9.2-gcc-14.2.0/opt/sphenix/core/geant4.10.07.p04/bin:/usr/local/bin:/usr/bin:/usr/local/sbin:/usr/sbin
SINGULARITY_CACHEDIR=/home/condor/local/sphnx/execute/dir_3922219
_CONDOR_CHIRP_CONFIG=/home/condor/local/sphnx/execute/dir_3922219/.chirp.config
_CONDOR_JOB_IWD=/sphenix/user/samfred/run25/ppg11/histmaking
_CONDOR_ANCESTOR_3756807=3922219:1759352701:6634284
G4ENSDFSTATEDATA=/cvmfs/sphenix.sdcc.bnl.gov/alma9.2-gcc-14.2.0/opt/sphenix/core/geant4.10.07.p04/share/Geant4-10.7.4/data/G4ENSDFSTATE2.3
_CONDOR_MACHINE_AD=/home/condor/local/sphnx/execute/dir_3922219/.machine.ad
ROOT_MAX_THREADS=1
NUMEXPR_NUM_THREADS=1
CUBACORES=1
_CHIRP_DELAYED_UPDATE_PREFIX=Chirp*
OMP_THREAD_LIMIT=1
G4PIIDATA=/cvmfs/sphenix.sdcc.bnl.gov/alma9.2-gcc-14.2.0/opt/sphenix/core/geant4.10.07.p04/share/Geant4-10.7.4/data/G4PII1.3
NO_AT_BRIDGE=1
G4_MAIN=/cvmfs/sphenix.sdcc.bnl.gov/alma9.2-gcc-14.2.0/opt/sphenix/core/geant4.10.07.p04
COMPILER_PATH=/cvmfs/sphenix.sdcc.bnl.gov/alma9.2-gcc-14.2.0/opt/sphenix/core/gcc/14.2.0-2f0a0/x86_64-el9
ROOT_INCLUDE_PATH=./:/sphenix/user/samfred/run25/install//include:/sphenix/user/samfred/run25/install//include/caloana:/sphenix/user/samfred/run25/install//include/qa_centrality:/sphenix/user/samfred/run25/install//include/mbdana:/sphenix/user/samfred/run25/install//include/centrality:/sphenix/user/samfred/run25/install//include/Event:/cvmfs/sphenix.sdcc.bnl.gov/alma9.2-gcc-14.2.0/release/release_new/new.10/include:/cvmfs/sphenix.sdcc.bnl.gov/alma9.2-gcc-14.2.0/release/release_new/new.10/include:/cvmfs/sphenix.sdcc.bnl.gov/alma9.2-gcc-14.2.0/release/release_new/new.10/include/g4mbd:/cvmfs/sphenix.sdcc.bnl.gov/alma9.2-gcc-14.2.0/release/release_new/new.10/include/fmt:/cvmfs/sphenix.sdcc.bnl.gov/alma9.2-gcc-14.2.0/release/release_new/new.10/include/ffarawobjects:/cvmfs/sphenix.sdcc.bnl.gov/alma9.2-gcc-14.2.0/release/release_new/new.10/include/JSON:/cvmfs/sphenix.sdcc.bnl.gov/alma9.2-gcc-14.2.0/release/release_new/new.10/include/calotreegen:/cvmfs/sphenix.sdcc.bnl.gov/alma9.2-gcc-14.2.0/release/release_new/new.10/include/torch:/cvmfs/sphenix.sdcc.bnl.gov/alma9.2-gcc-14.2.0/release/release_new/new.10/include/g4detectors:/cvmfs/sphenix.sdcc.bnl.gov/alma9.2-gcc-14.2.0/release/release_new/new.10/include/kineto:/cvmfs/sphenix.sdcc.bnl.gov/alma9.2-gcc-14.2.0/release/release_new/new.10/include/g4decayer:/cvmfs/sphenix.sdcc.bnl.gov/alma9.2-gcc-14.2.0/release/release_new/new.10/include/kfparticleqa:/cvmfs/sphenix.sdcc.bnl.gov/alma9.2-gcc-14.2.0/release/release_new/new.10/include/phfield:/cvmfs/sphenix.sdcc.bnl.gov/alma9.2-gcc-14.2.0/release/release_new/new.10/include/LHAPDF:/cvmfs/sphenix.sdcc.bnl.gov/alma9.2-gcc-14.2.0/release/release_new/new.10/include/readdigitalcurrents:/cvmfs/sphenix.sdcc.bnl.gov/alma9.2-gcc-14.2.0/release/release_new/new.10/include/c10:/cvmfs/sphenix.sdcc.bnl.gov/alma9.2-gcc-14.2.0/release/release_new/new.10/include/calovalid:/cvmfs/sphenix.sdcc.bnl.gov/alma9.2-gcc-14.2.0/release/release_new/new.10/include/oneapi:/cvmfs/sphenix.sdcc.bnl.gov/alma9.2-gcc-14.2.0/release/release_new/new.10/include/DDCond:/cvmfs/sphenix.sdcc.bnl.gov/alma9.2-gcc-14.2.0/release/release_new/new.10/include/g4tracking:/cvmfs/sphenix.sdcc.bnl.gov/alma9.2-gcc-14.2.0/release/release_new/new.10/include/litecaloeval:/cvmfs/sphenix.sdcc.bnl.gov/alma9.2-gcc-14.2.0/release/release_new/new.10/include/g4intt:/cvmfs/sphenix.sdcc.bnl.gov/alma9.2-gcc-14.2.0/release/release_new/new.10/include/phool:/cvmfs/sphenix.sdcc.bnl.gov/alma9.2-gcc-14.2.0/release/release_new/new.10/include/boost:/cvmfs/sphenix.sdcc.bnl.gov/alma9.2-gcc-14.2.0/release/release_new/new.10/include/Pythia8Plugins:/cvmfs/sphenix.sdcc.bnl.gov/alma9.2-gcc-14.2.0/release/release_new/new.10/include/calib_emc_pi0:/cvmfs/sphenix.sdcc.bnl.gov/alma9.2-gcc-14.2.0/release/release_new/new.10/include/hijingflipafterburner:/cvmfs/sphenix.sdcc.bnl.gov/alma9.2-gcc-14.2.0/release/release_new/new.10/include/ffaobjects:/cvmfs/sphenix.sdcc.bnl.gov/alma9.2-gcc-14.2.0/release/release_new/new.10/include/EvtGenBase:/cvmfs/sphenix.sdcc.bnl.gov/alma9.2-gcc-14.2.0/release/release_new/new.10/include/flowafterburner:/cvmfs/sphenix.sdcc.bnl.gov/alma9.2-gcc-14.2.0/release/release_new/new.10/include/google:/cvmfs/sphenix.sdcc.bnl.gov/alma9.2-gcc-14.2.0/release/release_new/new.10/include/g4tpc:/cvmfs/sphenix.sdcc.bnl.gov/alma9.2-gcc-14.2.0/release/release_new/new.10/include/caffe2:/cvmfs/sphenix.sdcc.bnl.gov/alma9.2-gcc-14.2.0/release/release_new/new.10/include/EvtGenExternal:/cvmfs/sphenix.sdcc.bnl.gov/alma9.2-gcc-14.2.0/release/release_new/new.10/include/fp16:/cvmfs/sphenix.sdcc.bnl.gov/alma9.2-gcc-14.2.0/release/release_new/new.10/include/ffamodules:/cvmfs/sphenix.sdcc.bnl.gov/alma9.2-gcc-14.2.0/release/release_new/new.10/include/uspin:/cvmfs/sphenix.sdcc.bnl.gov/alma9.2-gcc-14.2.0/release/release_new/new.10/include/Herwig:/cvmfs/sphenix.sdcc.bnl.gov/alma9.2-gcc-14.2.0/release/release_new/new.10/include/genfitexp:/cvmfs/sphenix.sdcc.bnl.gov/alma9.2-gcc-14.2.0/release/release_new/new.10/include/XML:/cvmfs/sphenix.sdcc.bnl.gov/alma9.2-gcc-14.2.0/release/release_new/new.10/include/fbgemm:/cvmfs/sphenix.sdcc.bnl.gov/alma9.2-gcc-14.2.0/release/release_new/new.10/include/DDAlign:/cvmfs/sphenix.sdcc.bnl.gov/alma9.2-gcc-14.2.0/release/release_new/new.10/include/g4mvtx:/cvmfs/sphenix.sdcc.bnl.gov/alma9.2-gcc-14.2.0/release/release_new/new.10/include/kfparticle_sphenix:/cvmfs/sphenix.sdcc.bnl.gov/alma9.2-gcc-14.2.0/release/release_new/new.10/include/fun4all:/cvmfs/sphenix.sdcc.bnl.gov/alma9.2-gcc-14.2.0/release/release_new/new.10/include/intt:/cvmfs/sphenix.sdcc.bnl.gov/alma9.2-gcc-14.2.0/release/release_new/new.10/include/eventdisplay:/cvmfs/sphenix.sdcc.bnl.gov/alma9.2-gcc-14.2.0/release/release_new/new.10/include/EvtGen:/cvmfs/sphenix.sdcc.bnl.gov/alma9.2-gcc-14.2.0/release/release_new/new.10/include/Evaluator:/cvmfs/sphenix.sdcc.bnl.gov/alma9.2-gcc-14.2.0/release/release_new/new.10/include/tpc:/cvmfs/sphenix.sdcc.bnl.gov/alma9.2-gcc-14.2.0/release/release_new/new.10/include/GenFit:/cvmfs/sphenix.sdcc.bnl.gov/alma9.2-gcc-14.2.0/release/release_new/new.10/include/prototype4:/cvmfs/sphenix.sdcc.bnl.gov/alma9.2-gcc-14.2.0/release/release_new/new.10/include/caloembedding:/cvmfs/sphenix.sdcc.bnl.gov/alma9.2-gcc-14.2.0/release/release_new/new.10/include/EvtGenModels:/cvmfs/sphenix.sdcc.bnl.gov/alma9.2-gcc-14.2.0/release/release_new/new.10/include/fastjet:/cvmfs/sphenix.sdcc.bnl.gov/alma9.2-gcc-14.2.0/release/release_new/new.10/include/DDG4:/cvmfs/sphenix.sdcc.bnl.gov/alma9.2-gcc-14.2.0/release/release_new/new.10/include/mbd:/cvmfs/sphenix.sdcc.bnl.gov/alma9.2-gcc-14.2.0/release/release_new/new.10/include/tbb:/cvmfs/sphenix.sdcc.bnl.gov/alma9.2-gcc-14.2.0/release/release_new/new.10/include/phgeom:/cvmfs/sphenix.sdcc.bnl.gov/alma9.2-gcc-14.2.0/release/release_new/new.10/include/g4epd:/cvmfs/sphenix.sdcc.bnl.gov/alma9.2-gcc-14.2.0/release/release_new/new.10/include/oncal:/cvmfs/sphenix.sdcc.bnl.gov/alma9.2-gcc-14.2.0/release/release_new/new.10/include/pybind11:/cvmfs/sphenix.sdcc.bnl.gov/alma9.2-gcc-14.2.0/release/release_new/new.10/include/tpcdistgenerator:/cvmfs/sphenix.sdcc.bnl.gov/alma9.2-gcc-14.2.0/release/release_new/new.10/include/cdbobjects:/cvmfs/sphenix.sdcc.bnl.gov/alma9.2-gcc-14.2.0/release/release_new/new.10/include/g4micromegas:/cvmfs/sphenix.sdcc.bnl.gov/alma9.2-gcc-14.2.0/release/release_new/new.10/include/g4eval:/cvmfs/sphenix.sdcc.bnl.gov/alma9.2-gcc-14.2.0/release/release_new/new.10/include/jetbackground:/cvmfs/sphenix.sdcc.bnl.gov/alma9.2-gcc-14.2.0/release/release_new/new.10/include/micromegas:/cvmfs/sphenix.sdcc.bnl.gov/alma9.2-gcc-14.2.0/release/release_new/new.10/include/hftrackefficiency:/cvmfs/sphenix.sdcc.bnl.gov/alma9.2-gcc-14.2.0/release/release_new/new.10/include/inttrawhitqa:/cvmfs/sphenix.sdcc.bnl.gov/alma9.2-gcc-14.2.0/release/release_new/new.10/include/centrality:/cvmfs/sphenix.sdcc.bnl.gov/alma9.2-gcc-14.2.0/release/release_new/new.10/include/epd:/cvmfs/sphenix.sdcc.bnl.gov/alma9.2-gcc-14.2.0/release/release_new/new.10/include/caloreco:/cvmfs/sphenix.sdcc.bnl.gov/alma9.2-gcc-14.2.0/release/release_new/new.10/include/HepMC:/cvmfs/sphenix.sdcc.bnl.gov/alma9.2-gcc-14.2.0/release/release_new/new.10/include/CLHEP:/cvmfs/sphenix.sdcc.bnl.gov/alma9.2-gcc-14.2.0/release/release_new/new.10/include/Acts:/cvmfs/sphenix.sdcc.bnl.gov/alma9.2-gcc-14.2.0/release/release_new/new.10/include/g4histos:/cvmfs/sphenix.sdcc.bnl.gov/alma9.2-gcc-14.2.0/release/release_new/new.10/include/eventplaneinfo:/cvmfs/sphenix.sdcc.bnl.gov/alma9.2-gcc-14.2.0/release/release_new/new.10/include/fillspacechargemaps:/cvmfs/sphenix.sdcc.bnl.gov/alma9.2-gcc-14.2.0/release/release_new/new.10/include/phhepmc:/cvmfs/sphenix.sdcc.bnl.gov/alma9.2-gcc-14.2.0/release/release_new/new.10/include/trackingqa:/cvmfs/sphenix.sdcc.bnl.gov/alma9.2-gcc-14.2.0/release/release_new/new.10/include/qautils:/cvmfs/sphenix.sdcc.bnl.gov/alma9.2-gcc-14.2.0/release/release_new/new.10/include/trackreco:/cvmfs/sphenix.sdcc.bnl.gov/alma9.2-gcc-14.2.0/release/release_new/new.10/include/g4ohcal:/cvmfs/sphenix.sdcc.bnl.gov/alma9.2-gcc-14.2.0/release/release_new/new.10/include/tpcdvcalib:/cvmfs/sphenix.sdcc.bnl.gov/alma9.2-gcc-14.2.0/release/release_new/new.10/include/zdcinfo:/cvmfs/sphenix.sdcc.bnl.gov/alma9.2-gcc-14.2.0/release/release_new/new.10/include/phpythia8:/cvmfs/sphenix.sdcc.bnl.gov/alma9.2-gcc-14.2.0/release/release_new/new.10/include/fun4allutils:/cvmfs/sphenix.sdcc.bnl.gov/alma9.2-gcc-14.2.0/release/release_new/new.10/include/tpcqa:/cvmfs/sphenix.sdcc.bnl.gov/alma9.2-gcc-14.2.0/release/release_new/new.10/include/Pythia8:/cvmfs/sphenix.sdcc.bnl.gov/alma9.2-gcc-14.2.0/release/release_new/new.10/include/DDRec:/cvmfs/sphenix.sdcc.bnl.gov/alma9.2-gcc-14.2.0/release/release_new/new.10/include/DDDigi:/cvmfs/sphenix.sdcc.bnl.gov/alma9.2-gcc-14.2.0/release/release_new/new.10/include/g4ihcal:/cvmfs/sphenix.sdcc.bnl.gov/alma9.2-gcc-14.2.0/release/release_new/new.10/include/frog:/cvmfs/sphenix.sdcc.bnl.gov/alma9.2-gcc-14.2.0/release/release_new/new.10/include/eigen3:/cvmfs/sphenix.sdcc.bnl.gov/alma9.2-gcc-14.2.0/release/release_new/new.10/include/tensorpipe:/cvmfs/sphenix.sdcc.bnl.gov/alma9.2-gcc-14.2.0/release/release_new/new.10/include/sphenixnpc:/cvmfs/sphenix.sdcc.bnl.gov/alma9.2-gcc-14.2.0/release/release_new/new.10/include/siscone:/cvmfs/sphenix.sdcc.bnl.gov/alma9.2-gcc-14.2.0/release/release_new/new.10/include/pmonitor:/cvmfs/sphenix.sdcc.bnl.gov/alma9.2-gcc-14.2.0/release/release_new/new.10/include/calobase:/cvmfs/sphenix.sdcc.bnl.gov/alma9.2-gcc-14.2.0/release/release_new/new.10/include/ActsExamples:/cvmfs/sphenix.sdcc.bnl.gov/alma9.2-gcc-14.2.0/release/release_new/new.10/include/g4gdml:/cvmfs/sphenix.sdcc.bnl.gov/alma9.2-gcc-14.2.0/release/release_new/new.10/include/mvtx_decoder:/cvmfs/sphenix.sdcc.bnl.gov/alma9.2-gcc-14.2.0/release/release_new/new.10/include/ROOT:/cvmfs/sphenix.sdcc.bnl.gov/alma9.2-gcc-14.2.0/release/release_new/new.10/include/phparameter:/cvmfs/sphenix.sdcc.bnl.gov/alma9.2-gcc-14.2.0/release/release_new/new.10/include/rsa:/cvmfs/sphenix.sdcc.bnl.gov/alma9.2-gcc-14.2.0/release/release_new/new.10/include/fun4allraw:/cvmfs/sphenix.sdcc.bnl.gov/alma9.2-gcc-14.2.0/release/release_new/new.10/include/trackbase_historic:/cvmfs/sphenix.sdcc.bnl.gov/alma9.2-gcc-14.2.0/release/release_new/new.10/include/g4jets:/cvmfs/sphenix.sdcc.bnl.gov/alma9.2-gcc-14.2.0/release/release_new/new.10/include/jetqa:/cvmfs/sphenix.sdcc.bnl.gov/alma9.2-gcc-14.2.0/release/release_new/new.10/include/phoolraw:/cvmfs/sphenix.sdcc.bnl.gov/alma9.2-gcc-14.2.0/release/release_new/new.10/include/g4calo:/cvmfs/sphenix.sdcc.bnl.gov/alma9.2-gcc-14.2.0/release/release_new/new.10/include/mvtxrawhitqa:/cvmfs/sphenix.sdcc.bnl.gov/alma9.2-gcc-14.2.0/release/release_new/new.10/include/HepMC3:/cvmfs/sphenix.sdcc.bnl.gov/alma9.2-gcc-14.2.0/release/release_new/new.10/include/calowaveformsim:/cvmfs/sphenix.sdcc.bnl.gov/alma9.2-gcc-14.2.0/release/release_new/new.10/include/g4caloprototype:/cvmfs/sphenix.sdcc.bnl.gov/alma9.2-gcc-14.2.0/release/release_new/new.10/include/pdbcalbase:/cvmfs/sphenix.sdcc.bnl.gov/alma9.2-gcc-14.2.0/release/release_new/new.10/include/gsl:/cvmfs/sphenix.sdcc.bnl.gov/alma9.2-gcc-14.2.0/release/release_new/new.10/include/nodedump:/cvmfs/sphenix.sdcc.bnl.gov/alma9.2-gcc-14.2.0/release/release_new/new.10/include/emcnoisytowerfinder:/cvmfs/sphenix.sdcc.bnl.gov/alma9.2-gcc-14.2.0/release/release_new/new.10/include/ActsFatras:/cvmfs/sphenix.sdcc.bnl.gov/alma9.2-gcc-14.2.0/release/release_new/new.10/include/ffarawmodules:/cvmfs/sphenix.sdcc.bnl.gov/alma9.2-gcc-14.2.0/release/release_new/new.10/include/Event:/cvmfs/sphenix.sdcc.bnl.gov/alma9.2-gcc-14.2.0/release/release_new/new.10/include/prototype3:/cvmfs/sphenix.sdcc.bnl.gov/alma9.2-gcc-14.2.0/release/release_new/new.10/include/fermimotionafterburner:/cvmfs/sphenix.sdcc.bnl.gov/alma9.2-gcc-14.2.0/release/release_new/new.10/include/Photos:/cvmfs/sphenix.sdcc.bnl.gov/alma9.2-gcc-14.2.0/release/release_new/new.10/include/xingshiftcal:/cvmfs/sphenix.sdcc.bnl.gov/alma9.2-gcc-14.2.0/release/release_new/new.10/include/trackbase:/cvmfs/sphenix.sdcc.bnl.gov/alma9.2-gcc-14.2.0/release/release_new/new.10/include/jetdstskimmer:/cvmfs/sphenix.sdcc.bnl.gov/alma9.2-gcc-14.2.0/release/release_new/new.10/include/clusteriso:/cvmfs/sphenix.sdcc.bnl.gov/alma9.2-gcc-14.2.0/release/release_new/new.10/include/asmjit:/cvmfs/sphenix.sdcc.bnl.gov/alma9.2-gcc-14.2.0/release/release_new/new.10/include/particleflowreco:/cvmfs/sphenix.sdcc.bnl.gov/alma9.2-gcc-14.2.0/release/release_new/new.10/include/tpchittrackdisplay:/cvmfs/sphenix.sdcc.bnl.gov/alma9.2-gcc-14.2.0/release/release_new/new.10/include/caloana:/cvmfs/sphenix.sdcc.bnl.gov/alma9.2-gcc-14.2.0/release/release_new/new.10/include/calotrigger:/cvmfs/sphenix.sdcc.bnl.gov/alma9.2-gcc-14.2.0/release/release_new/new.10/include/nopayloadclient:/cvmfs/sphenix.sdcc.bnl.gov/alma9.2-gcc-14.2.0/release/release_new/new.10/include/trackermillepedealignment:/cvmfs/sphenix.sdcc.bnl.gov/alma9.2-gcc-14.2.0/release/release_new/new.10/include/DD4hep:/cvmfs/sphenix.sdcc.bnl.gov/alma9.2-gcc-14.2.0/release/release_new/new.10/include/g4trackfastsim:/cvmfs/sphenix.sdcc.bnl.gov/alma9.2-gcc-14.2.0/release/release_new/new.10/include/prototype2:/cvmfs/sphenix.sdcc.bnl.gov/alma9.2-gcc-14.2.0/release/release_new/new.10/include/ATen:/cvmfs/sphenix.sdcc.bnl.gov/alma9.2-gcc-14.2.0/release/release_new/new.10/include/g4main:/cvmfs/sphenix.sdcc.bnl.gov/alma9.2-gcc-14.2.0/release/release_new/new.10/include/Tauola:/cvmfs/sphenix.sdcc.bnl.gov/alma9.2-gcc-14.2.0/release/release_new/new.10/include/inttcalib:/cvmfs/sphenix.sdcc.bnl.gov/alma9.2-gcc-14.2.0/release/release_new/new.10/include/reactionplaneafterburner:/cvmfs/sphenix.sdcc.bnl.gov/alma9.2-gcc-14.2.0/release/release_new/new.10/include/globalqa:/cvmfs/sphenix.sdcc.bnl.gov/alma9.2-gcc-14.2.0/release/release_new/new.10/include/tpccalib:/cvmfs/sphenix.sdcc.bnl.gov/alma9.2-gcc-14.2.0/release/release_new/new.10/include/DDSegmentation:/cvmfs/sphenix.sdcc.bnl.gov/alma9.2-gcc-14.2.0/release/release_new/new.10/include/decayfinder:/cvmfs/sphenix.sdcc.bnl.gov/alma9.2-gcc-14.2.0/release/release_new/new.10/include/compressclus:/cvmfs/sphenix.sdcc.bnl.gov/alma9.2-gcc-14.2.0/release/release_new/new.10/include/simqa_modules:/cvmfs/sphenix.sdcc.bnl.gov/alma9.2-gcc-14.2.0/release/release_new/new.10/include/resonancejettagging:/cvmfs/sphenix.sdcc.bnl.gov/alma9.2-gcc-14.2.0/release/release_new/new.10/include/g4centrality:/cvmfs/sphenix.sdcc.bnl.gov/alma9.2-gcc-14.2.0/release/release_new/new.10/include/mvtx:/cvmfs/sphenix.sdcc.bnl.gov/alma9.2-gcc-14.2.0/release/release_new/new.10/include/nlohmann:/cvmfs/sphenix.sdcc.bnl.gov/alma9.2-gcc-14.2.0/release/release_new/new.10/include/localpoloffmon:/cvmfs/sphenix.sdcc.bnl.gov/alma9.2-gcc-14.2.0/release/release_new/new.10/include/DDEve:/cvmfs/sphenix.sdcc.bnl.gov/alma9.2-gcc-14.2.0/release/release_new/new.10/include/Parsers:/cvmfs/sphenix.sdcc.bnl.gov/alma9.2-gcc-14.2.0/release/release_new/new.10/include/trackingdiagnostics:/cvmfs/sphenix.sdcc.bnl.gov/alma9.2-gcc-14.2.0/release/release_new/new.10/include/g4vertex:/cvmfs/sphenix.sdcc.bnl.gov/alma9.2-gcc-14.2.0/release/release_new/new.10/include/jetbase:/cvmfs/sphenix.sdcc.bnl.gov/alma9.2-gcc-14.2.0/release/release_new/new.10/include/globalvertex:/cvmfs/sphenix.sdcc.bnl.gov/alma9.2-gcc-14.2.0/release/release_new/new.10/include/phgenfit:/cvmfs/sphenix.sdcc.bnl.gov/alma9.2-gcc-14.2.0/release/release_new/new.10/include/rawbcolumi:/cvmfs/sphenix.sdcc.bnl.gov/alma9.2-gcc-14.2.0/release/release_new/new.10/include/eicsmear:/cvmfs/sphenix.sdcc.bnl.gov/alma9.2-gcc-14.2.0/release/release_new/new.10/include/mvtxcalib:/cvmfs/sphenix.sdcc.bnl.gov/alma9.2-gcc-14.2.0/release/release_new/new.10/include/tpclinelaserdiode:/cvmfs/sphenix.sdcc.bnl.gov/alma9.2-gcc-14.2.0/release/release_new/new.10/include/hepmcjettrigger:/cvmfs/sphenix.sdcc.bnl.gov/alma9.2-gcc-14.2.0/release/release_new/new.10/include/core:/cvmfs/sphenix.sdcc.bnl.gov/alma9.2-gcc-14.2.0/release/release_new/new.10/include/calo_cdb:/cvmfs/sphenix.sdcc.bnl.gov/alma9.2-gcc-14.2.0/release/release_new/new.10/include/mvtxclustershapesqa:/cvmfs/sphenix.sdcc.bnl.gov/alma9.2-gcc-14.2.0/release/release_new/new.10/include/calopacketskimmer:/cvmfs/sphenix.sdcc.bnl.gov/alma9.2-gcc-14.2.0/opt/sphenix/core/geant4.10.07.p04/include:/cvmfs/sphenix.sdcc.bnl.gov/alma9.2-gcc-14.2.0/release/release_new/new.10/rootmacros:/cvmfs/sphenix.sdcc.bnl.gov/alma9.2-gcc-14.2.0/opt/sphenix/core/include
GSEARCHPATH=.:PG:LUSTRE:RAWDATA
PWD=/gpfs/mnt/gpfs02/sphenix/user/samfred/run25/ppg11/histmaking
LOGNAME=samfred
_CONDOR_JOB_AD=/home/condor/local/sphnx/execute/dir_3922219/.job.ad
MANPATH=/cvmfs/sphenix.sdcc.bnl.gov/alma9.2-gcc-14.2.0/opt/sphenix/core/gcc/14.2.0-2f0a0/x86_64-el9/share/man:/cvmfs/sphenix.sdcc.bnl.gov/alma9.2-gcc-14.2.0/opt/sphenix/core/binutils/2.40-acaab/x86_64-el9/share/man:/cvmfs/sphenix.sdcc.bnl.gov/alma9.2-gcc-14.2.0/release/release_new/new.10/share/man:/cvmfs/sphenix.sdcc.bnl.gov/alma9.2-gcc-14.2.0/opt/sphenix/utils/share/man:/cvmfs/sphenix.sdcc.bnl.gov/alma9.2-gcc-14.2.0/opt/sphenix/core/share/man:/cvmfs/sphenix.sdcc.bnl.gov/alma9.2-gcc-14.2.0/opt/sphenix/core/root-6.32.06/man:/usr/local/share/man:/usr/share/man
PYTHIA8=/cvmfs/sphenix.sdcc.bnl.gov/alma9.2-gcc-14.2.0/release/release_new/new.10/share/Pythia8
G4INCLDATA=/cvmfs/sphenix.sdcc.bnl.gov/alma9.2-gcc-14.2.0/opt/sphenix/core/geant4.10.07.p04/share/Geant4-10.7.4/data/G4INCL1.0
ORIG_PATH=/usr/local/bin:/usr/bin
CXX=/cvmfs/sphenix.sdcc.bnl.gov/alma9.2-gcc-14.2.0/opt/sphenix/core/gcc/14.2.0-2f0a0/x86_64-el9/bin/g++
G4LEDATA=/cvmfs/sphenix.sdcc.bnl.gov/alma9.2-gcc-14.2.0/opt/sphenix/core/geant4.10.07.p04/share/Geant4-10.7.4/data/G4EMLOW7.13
PYTHON_CPU_COUNT=1
OPENBLAS_NUM_THREADS=1
_CONDOR_BIN=/usr/bin
HOME=/sphenix/u/samfred
G4PARTICLEXSDATA=/cvmfs/sphenix.sdcc.bnl.gov/alma9.2-gcc-14.2.0/opt/sphenix/core/geant4.10.07.p04/share/Geant4-10.7.4/data/G4PARTICLEXS3.1.1
_CONDOR_ANCESTOR_3756690=3756807:1756928061:2954917931
_CONDOR_ANCESTOR_3922219=3928624:1759352701:3637546753
ONLINE_MAIN=/cvmfs/sphenix.sdcc.bnl.gov/alma9.2-gcc-14.2.0/release/release_new/new.10
CALIBRATIONROOT=/cvmfs/sphenix.sdcc.bnl.gov/alma9.2-gcc-14.2.0/release/release_new/new.10/share/calibrations
TMPDIR=/tmp
_CONDOR_SCRATCH_DIR=/home/condor/local/sphnx/execute/dir_3922219
PGUSER=phnxrc
NOPAYLOADCLIENT_CONF=/cvmfs/sphenix.sdcc.bnl.gov/alma9.2-gcc-14.2.0/opt/sphenix/core/etc/sPHENIX_newcdb.json
XERCESCROOT=/cvmfs/sphenix.sdcc.bnl.gov/alma9.2-gcc-14.2.0/opt/sphenix/core/geant4.10.07.p04
LHAPATH=/cvmfs/sphenix.sdcc.bnl.gov/alma9.2-gcc-14.2.0/opt/sphenix/core/lhapdf-5.9.1/share/lhapdf/PDFsets
G4NEUTRONHPDATA=/cvmfs/sphenix.sdcc.bnl.gov/alma9.2-gcc-14.2.0/opt/sphenix/core/geant4.10.07.p04/share/Geant4-10.7.4/data/G4NDL4.6
PYTHONPATH=.:/cvmfs/sphenix.sdcc.bnl.gov/alma9.2-gcc-14.2.0/release/release_new/new.10/lib/python3.13/site-packages:/cvmfs/sphenix.sdcc.bnl.gov/alma9.2-gcc-14.2.0/opt/sphenix/core/lib/python3.13/site-packages:/cvmfs/sphenix.sdcc.bnl.gov/alma9.2-gcc-14.2.0/opt/sphenix/core/root-6.32.06/lib
USER=samfred
_CONDOR_JOB_PIDS=
TEMP=/tmp
GOMAXPROCS=1
OFFLINE_MAIN=/cvmfs/sphenix.sdcc.bnl.gov/alma9.2-gcc-14.2.0/release/release_new/new.10
SHLVL=1
TF_NUM_THREADS=1
G4SAIDXSDATA=/cvmfs/sphenix.sdcc.bnl.gov/alma9.2-gcc-14.2.0/opt/sphenix/core/geant4.10.07.p04/share/Geant4-10.7.4/data/G4SAIDDATA2.0
APPTAINER_CACHEDIR=/home/condor/local/sphnx/execute/dir_3922219
ROOTSYS=/cvmfs/sphenix.sdcc.bnl.gov/alma9.2-gcc-14.2.0/opt/sphenix/core/root-6.32.06
BATCH_SYSTEM=HTCondor
_CONDOR_SLOT=slot1_27
LD_LIBRARY_PATH=/sphenix/user/samfred/run25/install//lib:/cvmfs/sphenix.sdcc.bnl.gov/alma9.2-gcc-14.2.0/opt/sphenix/core/gcc/14.2.0-2f0a0/x86_64-el9/lib:/cvmfs/sphenix.sdcc.bnl.gov/alma9.2-gcc-14.2.0/opt/sphenix/core/gcc/14.2.0-2f0a0/x86_64-el9/lib64:/cvmfs/sphenix.sdcc.bnl.gov/alma9.2-gcc-14.2.0/opt/sphenix/core/binutils/2.40-acaab/x86_64-el9/lib:.:/cvmfs/sphenix.sdcc.bnl.gov/alma9.2-gcc-14.2.0/release/release_new/new.10/lib64:/cvmfs/sphenix.sdcc.bnl.gov/alma9.2-gcc-14.2.0/release/release_new/new.10/lib:/cvmfs/sphenix.sdcc.bnl.gov/alma9.2-gcc-14.2.0/opt/sphenix/utils/lib:/cvmfs/sphenix.sdcc.bnl.gov/alma9.2-gcc-14.2.0/opt/sphenix/core/lib:/cvmfs/sphenix.sdcc.bnl.gov/alma9.2-gcc-14.2.0/opt/sphenix/core/root-6.32.06/lib:/cvmfs/sphenix.sdcc.bnl.gov/alma9.2-gcc-14.2.0/opt/sphenix/core/geant4.10.07.p04/lib64:/cvmfs/sphenix.sdcc.bnl.gov/alma9.2-gcc-14.2.0/opt/sphenix/core/lhapdf-5.9.1/lib:/usr/local/lib64:/usr/lib64
OPT_SPHENIX=/cvmfs/sphenix.sdcc.bnl.gov/alma9.2-gcc-14.2.0/opt/sphenix/core
TF_LOOP_PARALLEL_ITERATIONS=1
EVT_LIB=/cvmfs/sphenix.sdcc.bnl.gov/alma9.2-gcc-14.2.0/opt/sphenix/core/root-6.32.06/lib
PGHOST=sphnxdbmaster.sdcc.bnl.gov
OMP_NUM_THREADS=1
G4REALSURFACEDATA=/cvmfs/sphenix.sdcc.bnl.gov/alma9.2-gcc-14.2.0/opt/sphenix/core/geant4.10.07.p04/share/Geant4-10.7.4/data/RealSurface2.2
FC=/cvmfs/sphenix.sdcc.bnl.gov/alma9.2-gcc-14.2.0/opt/sphenix/core/gcc/14.2.0-2f0a0/x86_64-el9/bin/gfortran
G4ABLADATA=/cvmfs/sphenix.sdcc.bnl.gov/alma9.2-gcc-14.2.0/opt/sphenix/core/geant4.10.07.p04/share/Geant4-10.7.4/data/G4ABLA3.1
PARASOFT=doesnotexist
TMP=/tmp
OPT_UTILS=/cvmfs/sphenix.sdcc.bnl.gov/alma9.2-gcc-14.2.0/opt/sphenix/utils
CONFIG_SITE=/cvmfs/sphenix.sdcc.bnl.gov/alma9.2-gcc-14.2.0/opt/sphenix/core/etc/config.site
PATH=/sphenix/user/samfred/run25/install//bin:/cvmfs/sphenix.sdcc.bnl.gov/alma9.2-gcc-14.2.0/opt/sphenix/core/gcc/14.2.0-2f0a0/x86_64-el9/bin:/cvmfs/sphenix.sdcc.bnl.gov/alma9.2-gcc-14.2.0/opt/sphenix/core/binutils/2.40-acaab/x86_64-el9/bin:.:/cvmfs/sphenix.sdcc.bnl.gov/alma9.2-gcc-14.2.0/release/release_new/new.10/bin:/cvmfs/sphenix.sdcc.bnl.gov/alma9.2-gcc-14.2.0/opt/sphenix/utils/bin:/cvmfs/sphenix.sdcc.bnl.gov/alma9.2-gcc-14.2.0/opt/sphenix/core/bin:/cvmfs/sphenix.sdcc.bnl.gov/alma9.2-gcc-14.2.0/opt/sphenix/core/root-6.32.06/bin:/cvmfs/sphenix.sdcc.bnl.gov/alma9.2-gcc-14.2.0/opt/sphenix/core/geant4.10.07.p04/bin:/usr/local/bin:/usr/bin:/usr/local/sbin:/usr/sbin
G4LEVELGAMMADATA=/cvmfs/sphenix.sdcc.bnl.gov/alma9.2-gcc-14.2.0/opt/sphenix/core/geant4.10.07.p04/share/Geant4-10.7.4/data/PhotonEvaporation5.7
CC=/cvmfs/sphenix.sdcc.bnl.gov/alma9.2-gcc-14.2.0/opt/sphenix/core/gcc/14.2.0-2f0a0/x86_64-el9/bin/gcc
G4RADIOACTIVEDATA=/cvmfs/sphenix.sdcc.bnl.gov/alma9.2-gcc-14.2.0/opt/sphenix/core/geant4.10.07.p04/share/Geant4-10.7.4/data/RadioactiveDecay5.6
JULIA_NUM_THREADS=1
MKL_NUM_THREADS=1
LHAPDF_DATA_PATH=/cvmfs/sphenix.sdcc.bnl.gov/alma9.2-gcc-14.2.0/release/release_new/new.10/share/LHAPDF
XPLOAD_CONFIG_DIR=/cvmfs/sphenix.sdcc.bnl.gov/alma9.2-gcc-14.2.0/opt/sphenix/core/etc
OLDPWD=/cvmfs/sphenix.sdcc.bnl.gov/alma9.2-gcc-14.2.0/release/release_new/new.10/geant4
_=/usr/bin/printenv
runnumber...
49310
trigger...

   ------------------------------------------------------------------
  | Welcome to ROOT 6.32.06                        https://root.cern |
  | (c) 1995-2024, The ROOT Team; conception: R. Brun, F. Rademakers |
  | Built for linuxx8664gcc on Dec 13 2024, 17:23:48                 |
  | From tags/6-32-06@6-32-06                                        |
  | With g++ (GCC) 14.2.0                                            |
  | Try '.help'/'.?', '.demo', '.license', '.credits', '.quit'/'.q'  |
   ------------------------------------------------------------------


Processing data_histmaker.C(49310)...
entry 6000/6088812 (0.0985414%)
entry 9000/6088812 (0.147812%)
entry 10000/6088812 (0.164236%)
entry 15000/6088812 (0.246353%)
entry 17000/6088812 (0.279201%)
entry 19000/6088812 (0.312048%)
entry 20000/6088812 (0.328471%)
entry 24000/6088812 (0.394166%)
entry 26000/6088812 (0.427013%)
entry 29000/6088812 (0.476283%)
entry 30000/6088812 (0.492707%)
entry 32000/6088812 (0.525554%)
entry 41000/6088812 (0.673366%)
entry 42000/6088812 (0.68979%)
entry 45000/6088812 (0.73906%)
entry 46000/6088812 (0.755484%)
entry 51000/6088812 (0.837602%)
entry 52000/6088812 (0.854025%)
entry 53000/6088812 (0.870449%)
entry 57000/6088812 (0.936143%)
entry 61000/6088812 (1.00184%)
entry 63000/6088812 (1.03468%)
entry 70000/6088812 (1.14965%)
entry 73000/6088812 (1.19892%)
entry 74000/6088812 (1.21534%)
entry 75000/6088812 (1.23177%)
entry 76000/6088812 (1.24819%)
entry 81000/6088812 (1.33031%)
entry 83000/6088812 (1.36316%)
entry 87000/6088812 (1.42885%)
entry 90000/6088812 (1.47812%)
entry 92000/6088812 (1.51097%)
entry 95000/6088812 (1.56024%)
entry 96000/6088812 (1.57666%)
entry 102000/6088812 (1.6752%)
entry 103000/6088812 (1.69163%)
entry 105000/6088812 (1.72447%)
entry 107000/6088812 (1.75732%)
entry 114000/6088812 (1.87229%)
entry 115000/6088812 (1.88871%)
entry 117000/6088812 (1.92156%)
entry 125000/6088812 (2.05295%)
entry 126000/6088812 (2.06937%)
entry 135000/6088812 (2.21718%)
entry 136000/6088812 (2.2336%)
entry 138000/6088812 (2.26645%)
entry 140000/6088812 (2.2993%)
entry 141000/6088812 (2.31572%)
entry 142000/6088812 (2.33215%)
entry 145000/6088812 (2.38142%)
entry 146000/6088812 (2.39784%)
entry 149000/6088812 (2.44711%)
entry 150000/6088812 (2.46353%)
entry 153000/6088812 (2.51281%)
entry 156000/6088812 (2.56208%)
entry 158000/6088812 (2.59492%)
entry 159000/6088812 (2.61135%)
entry 160000/6088812 (2.62777%)
entry 164000/6088812 (2.69346%)
entry 171000/6088812 (2.80843%)
entry 172000/6088812 (2.82485%)
entry 175000/6088812 (2.87412%)
entry 184000/6088812 (3.02194%)
entry 190000/6088812 (3.12048%)
entry 191000/6088812 (3.1369%)
entry 192000/6088812 (3.15332%)
entry 194000/6088812 (3.18617%)
entry 200000/6088812 (3.28471%)
entry 203000/6088812 (3.33398%)
entry 204000/6088812 (3.35041%)
entry 206000/6088812 (3.38325%)
entry 209000/6088812 (3.43252%)
entry 210000/6088812 (3.44895%)
entry 212000/6088812 (3.4818%)
entry 213000/6088812 (3.49822%)
entry 218000/6088812 (3.58034%)
entry 227000/6088812 (3.72815%)
entry 232000/6088812 (3.81027%)
entry 238000/6088812 (3.90881%)
entry 239000/6088812 (3.92523%)
entry 247000/6088812 (4.05662%)
entry 248000/6088812 (4.07304%)
entry 250000/6088812 (4.10589%)
entry 251000/6088812 (4.12231%)
entry 252000/6088812 (4.13874%)
entry 253000/6088812 (4.15516%)
entry 257000/6088812 (4.22086%)
entry 258000/6088812 (4.23728%)
entry 260000/6088812 (4.27013%)
entry 262000/6088812 (4.30297%)
entry 263000/6088812 (4.3194%)
entry 267000/6088812 (4.38509%)
entry 271000/6088812 (4.45079%)
entry 279000/6088812 (4.58217%)
entry 282000/6088812 (4.63145%)
entry 283000/6088812 (4.64787%)
entry 285000/6088812 (4.68072%)
entry 292000/6088812 (4.79568%)
entry 293000/6088812 (4.8121%)
entry 299000/6088812 (4.91065%)
entry 300000/6088812 (4.92707%)
entry 303000/6088812 (4.97634%)
entry 305000/6088812 (5.00919%)
entry 307000/6088812 (5.04203%)
entry 308000/6088812 (5.05846%)
entry 314000/6088812 (5.157%)
entry 320000/6088812 (5.25554%)
entry 324000/6088812 (5.32124%)
entry 328000/6088812 (5.38693%)
entry 330000/6088812 (5.41978%)
entry 331000/6088812 (5.4362%)
entry 332000/6088812 (5.45262%)
entry 335000/6088812 (5.50189%)
entry 337000/6088812 (5.53474%)
entry 338000/6088812 (5.55116%)
entry 340000/6088812 (5.58401%)
entry 344000/6088812 (5.64971%)
entry 345000/6088812 (5.66613%)
entry 356000/6088812 (5.84679%)
entry 359000/6088812 (5.89606%)
entry 364000/6088812 (5.97818%)
entry 367000/6088812 (6.02745%)
entry 368000/6088812 (6.04387%)
entry 371000/6088812 (6.09314%)
entry 372000/6088812 (6.10957%)
entry 373000/6088812 (6.12599%)
entry 374000/6088812 (6.14241%)
entry 378000/6088812 (6.20811%)
entry 380000/6088812 (6.24095%)
entry 381000/6088812 (6.25738%)
entry 383000/6088812 (6.29023%)
entry 384000/6088812 (6.30665%)
entry 395000/6088812 (6.48731%)
entry 398000/6088812 (6.53658%)
entry 400000/6088812 (6.56943%)
entry 405000/6088812 (6.65154%)
entry 406000/6088812 (6.66797%)
entry 407000/6088812 (6.68439%)
entry 408000/6088812 (6.70081%)
entry 414000/6088812 (6.79936%)
entry 419000/6088812 (6.88147%)
entry 421000/6088812 (6.91432%)
entry 422000/6088812 (6.93074%)
entry 423000/6088812 (6.94717%)
entry 426000/6088812 (6.99644%)
entry 427000/6088812 (7.01286%)
entry 428000/6088812 (7.02929%)
entry 430000/6088812 (7.06213%)
entry 440000/6088812 (7.22637%)
entry 443000/6088812 (7.27564%)
entry 445000/6088812 (7.30849%)
entry 448000/6088812 (7.35776%)
entry 449000/6088812 (7.37418%)
entry 450000/6088812 (7.3906%)
entry 451000/6088812 (7.40703%)
entry 452000/6088812 (7.42345%)
entry 453000/6088812 (7.43987%)
entry 454000/6088812 (7.4563%)
entry 458000/6088812 (7.52199%)
entry 463000/6088812 (7.60411%)
entry 465000/6088812 (7.63696%)
entry 470000/6088812 (7.71908%)
entry 474000/6088812 (7.78477%)
entry 485000/6088812 (7.96543%)
entry 486000/6088812 (7.98185%)
entry 487000/6088812 (7.99828%)
entry 488000/6088812 (8.0147%)
entry 489000/6088812 (8.03112%)
entry 492000/6088812 (8.08039%)
entry 493000/6088812 (8.09682%)
entry 499000/6088812 (8.19536%)
entry 502000/6088812 (8.24463%)
entry 510000/6088812 (8.37602%)
entry 511000/6088812 (8.39244%)
entry 514000/6088812 (8.44171%)
entry 518000/6088812 (8.50741%)
entry 522000/6088812 (8.5731%)
entry 523000/6088812 (8.58952%)
entry 535000/6088812 (8.78661%)
entry 538000/6088812 (8.83588%)
entry 539000/6088812 (8.8523%)
entry 540000/6088812 (8.86872%)
entry 542000/6088812 (8.90157%)
entry 543000/6088812 (8.918%)
entry 546000/6088812 (8.96727%)
entry 547000/6088812 (8.98369%)
entry 548000/6088812 (9.00011%)
entry 549000/6088812 (9.01654%)
entry 550000/6088812 (9.03296%)
entry 553000/6088812 (9.08223%)
entry 562000/6088812 (9.23004%)
entry 571000/6088812 (9.37786%)
entry 572000/6088812 (9.39428%)
entry 574000/6088812 (9.42713%)
entry 575000/6088812 (9.44355%)
entry 576000/6088812 (9.45997%)
entry 577000/6088812 (9.4764%)
entry 578000/6088812 (9.49282%)
entry 582000/6088812 (9.55851%)
entry 584000/6088812 (9.59136%)
entry 585000/6088812 (9.60779%)
entry 586000/6088812 (9.62421%)
entry 587000/6088812 (9.64063%)
entry 588000/6088812 (9.65706%)
entry 591000/6088812 (9.70633%)
entry 592000/6088812 (9.72275%)
entry 594000/6088812 (9.7556%)
entry 595000/6088812 (9.77202%)
entry 598000/6088812 (9.82129%)
entry 599000/6088812 (9.83772%)
entry 600000/6088812 (9.85414%)
entry 601000/6088812 (9.87056%)
entry 602000/6088812 (9.88699%)
entry 605000/6088812 (9.93626%)
entry 606000/6088812 (9.95268%)
entry 607000/6088812 (9.9691%)
entry 612000/6088812 (10.0512%)
entry 616000/6088812 (10.1169%)
entry 619000/6088812 (10.1662%)
entry 620000/6088812 (10.1826%)
entry 626000/6088812 (10.2812%)
entry 629000/6088812 (10.3304%)
entry 631000/6088812 (10.3633%)
entry 636000/6088812 (10.4454%)
entry 639000/6088812 (10.4947%)
entry 640000/6088812 (10.5111%)
entry 649000/6088812 (10.6589%)
entry 650000/6088812 (10.6753%)
entry 655000/6088812 (10.7574%)
entry 658000/6088812 (10.8067%)
entry 660000/6088812 (10.8396%)
entry 664000/6088812 (10.9052%)
entry 666000/6088812 (10.9381%)
entry 668000/6088812 (10.9709%)
entry 673000/6088812 (11.0531%)
entry 674000/6088812 (11.0695%)
entry 675000/6088812 (11.0859%)
entry 685000/6088812 (11.2501%)
entry 686000/6088812 (11.2666%)
entry 689000/6088812 (11.3158%)
entry 694000/6088812 (11.398%)
entry 698000/6088812 (11.4636%)
entry 702000/6088812 (11.5293%)
entry 703000/6088812 (11.5458%)
entry 704000/6088812 (11.5622%)
entry 707000/6088812 (11.6115%)
entry 708000/6088812 (11.6279%)
entry 713000/6088812 (11.71%)
entry 715000/6088812 (11.7428%)
entry 716000/6088812 (11.7593%)
entry 720000/6088812 (11.825%)
entry 725000/6088812 (11.9071%)
entry 729000/6088812 (11.9728%)
entry 731000/6088812 (12.0056%)
entry 733000/6088812 (12.0385%)
entry 738000/6088812 (12.1206%)
entry 741000/6088812 (12.1699%)
entry 743000/6088812 (12.2027%)
entry 744000/6088812 (12.2191%)
entry 745000/6088812 (12.2356%)
entry 757000/6088812 (12.4326%)
entry 758000/6088812 (12.4491%)
entry 759000/6088812 (12.4655%)
entry 760000/6088812 (12.4819%)
entry 762000/6088812 (12.5148%)
entry 764000/6088812 (12.5476%)
entry 765000/6088812 (12.564%)
entry 768000/6088812 (12.6133%)
entry 770000/6088812 (12.6461%)
entry 772000/6088812 (12.679%)
entry 773000/6088812 (12.6954%)
entry 776000/6088812 (12.7447%)
entry 782000/6088812 (12.8432%)
entry 785000/6088812 (12.8925%)
entry 786000/6088812 (12.9089%)
entry 792000/6088812 (13.0075%)
entry 796000/6088812 (13.0732%)
entry 799000/6088812 (13.1224%)
entry 800000/6088812 (13.1389%)
entry 808000/6088812 (13.2702%)
entry 810000/6088812 (13.3031%)
entry 811000/6088812 (13.3195%)
entry 815000/6088812 (13.3852%)
entry 816000/6088812 (13.4016%)
entry 817000/6088812 (13.4181%)
entry 818000/6088812 (13.4345%)
entry 826000/6088812 (13.5659%)
entry 829000/6088812 (13.6151%)
entry 834000/6088812 (13.6973%)
entry 838000/6088812 (13.7629%)
entry 839000/6088812 (13.7794%)
entry 843000/6088812 (13.8451%)
entry 844000/6088812 (13.8615%)
entry 845000/6088812 (13.8779%)
entry 850000/6088812 (13.96%)
entry 851000/6088812 (13.9765%)
entry 853000/6088812 (14.0093%)
entry 855000/6088812 (14.0421%)
entry 858000/6088812 (14.0914%)
entry 860000/6088812 (14.1243%)
entry 866000/6088812 (14.2228%)
entry 868000/6088812 (14.2557%)
entry 869000/6088812 (14.2721%)
entry 871000/6088812 (14.3049%)
entry 872000/6088812 (14.3213%)
entry 874000/6088812 (14.3542%)
entry 878000/6088812 (14.4199%)
entry 880000/6088812 (14.4527%)
entry 883000/6088812 (14.502%)
entry 886000/6088812 (14.5513%)
entry 893000/6088812 (14.6662%)
entry 897000/6088812 (14.7319%)
entry 901000/6088812 (14.7976%)
entry 902000/6088812 (14.8141%)
entry 905000/6088812 (14.8633%)
entry 911000/6088812 (14.9619%)
entry 913000/6088812 (14.9947%)
entry 921000/6088812 (15.1261%)
entry 925000/6088812 (15.1918%)
entry 927000/6088812 (15.2246%)
entry 928000/6088812 (15.2411%)
entry 929000/6088812 (15.2575%)
entry 935000/6088812 (15.356%)
entry 938000/6088812 (15.4053%)
entry 939000/6088812 (15.4217%)
entry 945000/6088812 (15.5203%)
entry 946000/6088812 (15.5367%)
entry 947000/6088812 (15.5531%)
entry 951000/6088812 (15.6188%)
entry 955000/6088812 (15.6845%)
entry 957000/6088812 (15.7174%)
entry 958000/6088812 (15.7338%)
entry 960000/6088812 (15.7666%)
entry 962000/6088812 (15.7995%)
entry 963000/6088812 (15.8159%)
entry 965000/6088812 (15.8487%)
entry 969000/6088812 (15.9144%)
entry 970000/6088812 (15.9309%)
entry 971000/6088812 (15.9473%)
entry 974000/6088812 (15.9966%)
entry 978000/6088812 (16.0622%)
entry 980000/6088812 (16.0951%)
entry 981000/6088812 (16.1115%)
entry 984000/6088812 (16.1608%)
entry 985000/6088812 (16.1772%)
entry 989000/6088812 (16.2429%)
entry 991000/6088812 (16.2758%)
entry 993000/6088812 (16.3086%)
entry 996000/6088812 (16.3579%)
entry 998000/6088812 (16.3907%)
entry 1004000/6088812 (16.4893%)
entry 1008000/6088812 (16.555%)
entry 1009000/6088812 (16.5714%)
entry 1010000/6088812 (16.5878%)
entry 1014000/6088812 (16.6535%)
entry 1016000/6088812 (16.6863%)
entry 1021000/6088812 (16.7685%)
entry 1025000/6088812 (16.8342%)
entry 1033000/6088812 (16.9655%)
entry 1035000/6088812 (16.9984%)
entry 1042000/6088812 (17.1134%)
entry 1043000/6088812 (17.1298%)
entry 1053000/6088812 (17.294%)
entry 1054000/6088812 (17.3104%)
entry 1055000/6088812 (17.3269%)
entry 1060000/6088812 (17.409%)
entry 1064000/6088812 (17.4747%)
entry 1070000/6088812 (17.5732%)
entry 1072000/6088812 (17.6061%)
entry 1080000/6088812 (17.7374%)
entry 1082000/6088812 (17.7703%)
entry 1085000/6088812 (17.8196%)
entry 1088000/6088812 (17.8688%)
entry 1092000/6088812 (17.9345%)
entry 1093000/6088812 (17.951%)
entry 1094000/6088812 (17.9674%)
entry 1098000/6088812 (18.0331%)
entry 1101000/6088812 (18.0823%)
entry 1102000/6088812 (18.0988%)
entry 1107000/6088812 (18.1809%)
entry 1113000/6088812 (18.2794%)
entry 1116000/6088812 (18.3287%)
entry 1121000/6088812 (18.4108%)
entry 1124000/6088812 (18.4601%)
entry 1133000/6088812 (18.6079%)
entry 1135000/6088812 (18.6407%)
entry 1137000/6088812 (18.6736%)
entry 1143000/6088812 (18.7721%)
entry 1146000/6088812 (18.8214%)
entry 1147000/6088812 (18.8378%)
entry 1153000/6088812 (18.9364%)
entry 1157000/6088812 (19.0021%)
entry 1158000/6088812 (19.0185%)
entry 1173000/6088812 (19.2648%)
entry 1175000/6088812 (19.2977%)
entry 1176000/6088812 (19.3141%)
entry 1177000/6088812 (19.3305%)
entry 1179000/6088812 (19.3634%)
entry 1182000/6088812 (19.4127%)
entry 1187000/6088812 (19.4948%)
entry 1190000/6088812 (19.544%)
entry 1193000/6088812 (19.5933%)
entry 1199000/6088812 (19.6919%)
entry 1201000/6088812 (19.7247%)
entry 1210000/6088812 (19.8725%)
entry 1211000/6088812 (19.8889%)
entry 1212000/6088812 (19.9054%)
entry 1213000/6088812 (19.9218%)
entry 1219000/6088812 (20.0203%)
entry 1222000/6088812 (20.0696%)
entry 1224000/6088812 (20.1024%)
entry 1226000/6088812 (20.1353%)
entry 1230000/6088812 (20.201%)
entry 1233000/6088812 (20.2503%)
entry 1237000/6088812 (20.3159%)
entry 1240000/6088812 (20.3652%)
entry 1243000/6088812 (20.4145%)
entry 1248000/6088812 (20.4966%)
entry 1249000/6088812 (20.513%)
entry 1251000/6088812 (20.5459%)
entry 1254000/6088812 (20.5952%)
entry 1255000/6088812 (20.6116%)
entry 1258000/6088812 (20.6608%)
entry 1262000/6088812 (20.7265%)
entry 1263000/6088812 (20.743%)
entry 1265000/6088812 (20.7758%)
entry 1267000/6088812 (20.8087%)
entry 1269000/6088812 (20.8415%)
entry 1272000/6088812 (20.8908%)
entry 1273000/6088812 (20.9072%)
entry 1275000/6088812 (20.94%)
entry 1276000/6088812 (20.9565%)
entry 1277000/6088812 (20.9729%)
entry 1282000/6088812 (21.055%)
entry 1284000/6088812 (21.0879%)
entry 1286000/6088812 (21.1207%)
entry 1288000/6088812 (21.1536%)
entry 1289000/6088812 (21.17%)
entry 1292000/6088812 (21.2192%)
entry 1297000/6088812 (21.3014%)
entry 1298000/6088812 (21.3178%)
entry 1299000/6088812 (21.3342%)
entry 1305000/6088812 (21.4328%)
entry 1307000/6088812 (21.4656%)
entry 1312000/6088812 (21.5477%)
entry 1321000/6088812 (21.6955%)
entry 1323000/6088812 (21.7284%)
entry 1325000/6088812 (21.7612%)
entry 1329000/6088812 (21.8269%)
entry 1331000/6088812 (21.8598%)
entry 1333000/6088812 (21.8926%)
entry 1335000/6088812 (21.9255%)
entry 1337000/6088812 (21.9583%)
entry 1339000/6088812 (21.9912%)
entry 1348000/6088812 (22.139%)
entry 1351000/6088812 (22.1882%)
entry 1352000/6088812 (22.2047%)
entry 1359000/6088812 (22.3196%)
entry 1366000/6088812 (22.4346%)
entry 1367000/6088812 (22.451%)
entry 1368000/6088812 (22.4674%)
entry 1371000/6088812 (22.5167%)
entry 1372000/6088812 (22.5331%)
entry 1373000/6088812 (22.5496%)
entry 1374000/6088812 (22.566%)
entry 1376000/6088812 (22.5988%)
entry 1377000/6088812 (22.6152%)
entry 1379000/6088812 (22.6481%)
entry 1380000/6088812 (22.6645%)
entry 1385000/6088812 (22.7466%)
entry 1389000/6088812 (22.8123%)
entry 1390000/6088812 (22.8288%)
entry 1391000/6088812 (22.8452%)
entry 1396000/6088812 (22.9273%)
entry 1397000/6088812 (22.9437%)
entry 1401000/6088812 (23.0094%)
entry 1402000/6088812 (23.0258%)
entry 1405000/6088812 (23.0751%)
entry 1406000/6088812 (23.0915%)
entry 1410000/6088812 (23.1572%)
entry 1412000/6088812 (23.1901%)
entry 1415000/6088812 (23.2393%)
entry 1424000/6088812 (23.3872%)
entry 1436000/6088812 (23.5842%)
entry 1438000/6088812 (23.6171%)
entry 1442000/6088812 (23.6828%)
entry 1447000/6088812 (23.7649%)
entry 1450000/6088812 (23.8142%)
entry 1454000/6088812 (23.8799%)
entry 1457000/6088812 (23.9291%)
entry 1466000/6088812 (24.0769%)
entry 1467000/6088812 (24.0934%)
entry 1469000/6088812 (24.1262%)
entry 1470000/6088812 (24.1426%)
entry 1472000/6088812 (24.1755%)
entry 1479000/6088812 (24.2905%)
entry 1484000/6088812 (24.3726%)
entry 1485000/6088812 (24.389%)
entry 1487000/6088812 (24.4218%)
entry 1488000/6088812 (24.4383%)
entry 1491000/6088812 (24.4875%)
entry 1492000/6088812 (24.504%)
entry 1501000/6088812 (24.6518%)
entry 1502000/6088812 (24.6682%)
entry 1503000/6088812 (24.6846%)
entry 1509000/6088812 (24.7832%)
entry 1511000/6088812 (24.816%)
entry 1515000/6088812 (24.8817%)
entry 1519000/6088812 (24.9474%)
entry 1520000/6088812 (24.9638%)
entry 1522000/6088812 (24.9967%)
entry 1523000/6088812 (25.0131%)
entry 1525000/6088812 (25.0459%)
entry 1530000/6088812 (25.1281%)
entry 1536000/6088812 (25.2266%)
entry 1541000/6088812 (25.3087%)
entry 1549000/6088812 (25.4401%)
entry 1551000/6088812 (25.4729%)
entry 1558000/6088812 (25.5879%)
entry 1559000/6088812 (25.6043%)
entry 1560000/6088812 (25.6208%)
entry 1561000/6088812 (25.6372%)
entry 1562000/6088812 (25.6536%)
entry 1567000/6088812 (25.7357%)
entry 1569000/6088812 (25.7686%)
entry 1575000/6088812 (25.8671%)
entry 1578000/6088812 (25.9164%)
entry 1580000/6088812 (25.9492%)
entry 1581000/6088812 (25.9657%)
entry 1591000/6088812 (26.1299%)
entry 1595000/6088812 (26.1956%)
entry 1596000/6088812 (26.212%)
entry 1597000/6088812 (26.2284%)
entry 1598000/6088812 (26.2449%)
entry 1601000/6088812 (26.2941%)
entry 1608000/6088812 (26.4091%)
entry 1609000/6088812 (26.4255%)
entry 1610000/6088812 (26.4419%)
entry 1612000/6088812 (26.4748%)
entry 1615000/6088812 (26.5241%)
entry 1616000/6088812 (26.5405%)
entry 1623000/6088812 (26.6554%)
entry 1626000/6088812 (26.7047%)
entry 1631000/6088812 (26.7868%)
entry 1638000/6088812 (26.9018%)
entry 1640000/6088812 (26.9346%)
entry 1641000/6088812 (26.9511%)
entry 1644000/6088812 (27.0003%)
entry 1654000/6088812 (27.1646%)
entry 1660000/6088812 (27.2631%)
entry 1662000/6088812 (27.296%)
entry 1670000/6088812 (27.4274%)
entry 1671000/6088812 (27.4438%)
entry 1673000/6088812 (27.4766%)
entry 1674000/6088812 (27.493%)
entry 1681000/6088812 (27.608%)
entry 1687000/6088812 (27.7066%)
entry 1694000/6088812 (27.8215%)
entry 1695000/6088812 (27.8379%)
entry 1700000/6088812 (27.9201%)
entry 1701000/6088812 (27.9365%)
entry 1702000/6088812 (27.9529%)
entry 1704000/6088812 (27.9858%)
entry 1707000/6088812 (28.035%)
entry 1710000/6088812 (28.0843%)
entry 1717000/6088812 (28.1993%)
entry 1718000/6088812 (28.2157%)
entry 1719000/6088812 (28.2321%)
entry 1722000/6088812 (28.2814%)
entry 1723000/6088812 (28.2978%)
entry 1733000/6088812 (28.462%)
entry 1736000/6088812 (28.5113%)
entry 1742000/6088812 (28.6099%)
entry 1743000/6088812 (28.6263%)
entry 1749000/6088812 (28.7248%)
entry 1754000/6088812 (28.8069%)
entry 1759000/6088812 (28.8891%)
entry 1761000/6088812 (28.9219%)
entry 1763000/6088812 (28.9547%)
entry 1766000/6088812 (29.004%)
entry 1771000/6088812 (29.0861%)
entry 1775000/6088812 (29.1518%)
entry 1779000/6088812 (29.2175%)
entry 1782000/6088812 (29.2668%)
entry 1788000/6088812 (29.3653%)
entry 1789000/6088812 (29.3818%)
entry 1791000/6088812 (29.4146%)
entry 1792000/6088812 (29.431%)
entry 1797000/6088812 (29.5131%)
entry 1798000/6088812 (29.5296%)
entry 1801000/6088812 (29.5788%)
entry 1805000/6088812 (29.6445%)
entry 1807000/6088812 (29.6774%)
entry 1813000/6088812 (29.7759%)
entry 1816000/6088812 (29.8252%)
entry 1818000/6088812 (29.858%)
entry 1819000/6088812 (29.8745%)
entry 1821000/6088812 (29.9073%)
entry 1827000/6088812 (30.0059%)
entry 1828000/6088812 (30.0223%)
entry 1832000/6088812 (30.088%)
entry 1833000/6088812 (30.1044%)
entry 1838000/6088812 (30.1865%)
entry 1839000/6088812 (30.2029%)
entry 1843000/6088812 (30.2686%)
entry 1844000/6088812 (30.2851%)
entry 1845000/6088812 (30.3015%)
entry 1847000/6088812 (30.3343%)
entry 1852000/6088812 (30.4164%)
entry 1858000/6088812 (30.515%)
entry 1865000/6088812 (30.6299%)
entry 1867000/6088812 (30.6628%)
entry 1872000/6088812 (30.7449%)
entry 1873000/6088812 (30.7613%)
entry 1875000/6088812 (30.7942%)
entry 1878000/6088812 (30.8435%)
entry 1879000/6088812 (30.8599%)
entry 1881000/6088812 (30.8927%)
entry 1886000/6088812 (30.9748%)
entry 1891000/6088812 (31.057%)
entry 1892000/6088812 (31.0734%)
entry 1893000/6088812 (31.0898%)
entry 1894000/6088812 (31.1062%)
entry 1895000/6088812 (31.1227%)
entry 1898000/6088812 (31.1719%)
entry 1900000/6088812 (31.2048%)
entry 1907000/6088812 (31.3197%)
entry 1911000/6088812 (31.3854%)
entry 1912000/6088812 (31.4019%)
entry 1913000/6088812 (31.4183%)
entry 1914000/6088812 (31.4347%)
entry 1916000/6088812 (31.4676%)
entry 1920000/6088812 (31.5332%)
entry 1922000/6088812 (31.5661%)
entry 1926000/6088812 (31.6318%)
entry 1929000/6088812 (31.6811%)
entry 1937000/6088812 (31.8124%)
entry 1939000/6088812 (31.8453%)
entry 1940000/6088812 (31.8617%)
entry 1942000/6088812 (31.8946%)
entry 1944000/6088812 (31.9274%)
entry 1946000/6088812 (31.9603%)
entry 1948000/6088812 (31.9931%)
entry 1949000/6088812 (32.0095%)
entry 1950000/6088812 (32.026%)
entry 1953000/6088812 (32.0752%)
entry 1959000/6088812 (32.1738%)
entry 1961000/6088812 (32.2066%)
entry 1962000/6088812 (32.223%)
entry 1965000/6088812 (32.2723%)
entry 1974000/6088812 (32.4201%)
entry 1977000/6088812 (32.4694%)
entry 1978000/6088812 (32.4858%)
entry 1980000/6088812 (32.5187%)
entry 1983000/6088812 (32.5679%)
entry 1984000/6088812 (32.5844%)
entry 1985000/6088812 (32.6008%)
entry 1986000/6088812 (32.6172%)
entry 1989000/6088812 (32.6665%)
entry 1993000/6088812 (32.7322%)
entry 1996000/6088812 (32.7814%)
entry 2001000/6088812 (32.8636%)
entry 2002000/6088812 (32.88%)
entry 2005000/6088812 (32.9292%)
entry 2007000/6088812 (32.9621%)
entry 2008000/6088812 (32.9785%)
entry 2009000/6088812 (32.9949%)
entry 2010000/6088812 (33.0114%)
entry 2011000/6088812 (33.0278%)
entry 2014000/6088812 (33.0771%)
entry 2016000/6088812 (33.1099%)
entry 2017000/6088812 (33.1263%)
entry 2018000/6088812 (33.1428%)
entry 2020000/6088812 (33.1756%)
entry 2021000/6088812 (33.192%)
entry 2023000/6088812 (33.2249%)
entry 2025000/6088812 (33.2577%)
entry 2026000/6088812 (33.2741%)
entry 2027000/6088812 (33.2906%)
entry 2028000/6088812 (33.307%)
entry 2029000/6088812 (33.3234%)
entry 2030000/6088812 (33.3398%)
entry 2032000/6088812 (33.3727%)
entry 2035000/6088812 (33.422%)
entry 2038000/6088812 (33.4712%)
entry 2041000/6088812 (33.5205%)
entry 2045000/6088812 (33.5862%)
entry 2052000/6088812 (33.7012%)
entry 2055000/6088812 (33.7504%)
entry 2061000/6088812 (33.849%)
entry 2063000/6088812 (33.8818%)
entry 2064000/6088812 (33.8982%)
entry 2065000/6088812 (33.9147%)
entry 2068000/6088812 (33.9639%)
entry 2069000/6088812 (33.9804%)
entry 2072000/6088812 (34.0296%)
entry 2076000/6088812 (34.0953%)
entry 2081000/6088812 (34.1774%)
entry 2083000/6088812 (34.2103%)
entry 2084000/6088812 (34.2267%)
entry 2085000/6088812 (34.2431%)
entry 2088000/6088812 (34.2924%)
entry 2090000/6088812 (34.3253%)
entry 2092000/6088812 (34.3581%)
entry 2095000/6088812 (34.4074%)
entry 2098000/6088812 (34.4566%)
entry 2099000/6088812 (34.4731%)
entry 2100000/6088812 (34.4895%)
entry 2106000/6088812 (34.588%)
entry 2108000/6088812 (34.6209%)
entry 2110000/6088812 (34.6537%)
entry 2112000/6088812 (34.6866%)
entry 2114000/6088812 (34.7194%)
entry 2117000/6088812 (34.7687%)
entry 2120000/6088812 (34.818%)
entry 2122000/6088812 (34.8508%)
entry 2124000/6088812 (34.8837%)
entry 2129000/6088812 (34.9658%)
entry 2131000/6088812 (34.9986%)
entry 2142000/6088812 (35.1793%)
entry 2143000/6088812 (35.1957%)
entry 2148000/6088812 (35.2778%)
entry 2151000/6088812 (35.3271%)
entry 2152000/6088812 (35.3435%)
entry 2153000/6088812 (35.3599%)
entry 2154000/6088812 (35.3764%)
entry 2156000/6088812 (35.4092%)
entry 2158000/6088812 (35.4421%)
entry 2165000/6088812 (35.557%)
entry 2167000/6088812 (35.5899%)
entry 2168000/6088812 (35.6063%)
entry 2169000/6088812 (35.6227%)
entry 2174000/6088812 (35.7048%)
entry 2176000/6088812 (35.7377%)
entry 2179000/6088812 (35.7869%)
entry 2181000/6088812 (35.8198%)
entry 2182000/6088812 (35.8362%)
entry 2183000/6088812 (35.8526%)
entry 2193000/6088812 (36.0169%)
entry 2201000/6088812 (36.1483%)
entry 2205000/6088812 (36.214%)
entry 2206000/6088812 (36.2304%)
entry 2207000/6088812 (36.2468%)
entry 2211000/6088812 (36.3125%)
entry 2217000/6088812 (36.411%)
entry 2218000/6088812 (36.4275%)
entry 2221000/6088812 (36.4767%)
entry 2225000/6088812 (36.5424%)
entry 2228000/6088812 (36.5917%)
entry 2236000/6088812 (36.7231%)
entry 2237000/6088812 (36.7395%)
entry 2244000/6088812 (36.8545%)
entry 2245000/6088812 (36.8709%)
entry 2249000/6088812 (36.9366%)
entry 2252000/6088812 (36.9859%)
entry 2253000/6088812 (37.0023%)
entry 2256000/6088812 (37.0516%)
entry 2261000/6088812 (37.1337%)
entry 2264000/6088812 (37.183%)
entry 2275000/6088812 (37.3636%)
entry 2279000/6088812 (37.4293%)
entry 2281000/6088812 (37.4622%)
entry 2288000/6088812 (37.5771%)
entry 2294000/6088812 (37.6757%)
entry 2296000/6088812 (37.7085%)
entry 2298000/6088812 (37.7414%)
entry 2313000/6088812 (37.9877%)
entry 2316000/6088812 (38.037%)
entry 2321000/6088812 (38.1191%)
entry 2323000/6088812 (38.1519%)
entry 2327000/6088812 (38.2176%)
entry 2335000/6088812 (38.349%)
entry 2343000/6088812 (38.4804%)
entry 2345000/6088812 (38.5133%)
entry 2355000/6088812 (38.6775%)
entry 2356000/6088812 (38.6939%)
entry 2358000/6088812 (38.7268%)
entry 2359000/6088812 (38.7432%)
entry 2361000/6088812 (38.776%)
entry 2362000/6088812 (38.7925%)
entry 2363000/6088812 (38.8089%)
entry 2372000/6088812 (38.9567%)
entry 2376000/6088812 (39.0224%)
entry 2381000/6088812 (39.1045%)
entry 2383000/6088812 (39.1374%)
entry 2384000/6088812 (39.1538%)
entry 2386000/6088812 (39.1866%)
entry 2387000/6088812 (39.2031%)
entry 2392000/6088812 (39.2852%)
entry 2401000/6088812 (39.433%)
entry 2408000/6088812 (39.5479%)
entry 2410000/6088812 (39.5808%)
entry 2412000/6088812 (39.6136%)
entry 2413000/6088812 (39.6301%)
entry 2419000/6088812 (39.7286%)
entry 2420000/6088812 (39.745%)
entry 2422000/6088812 (39.7779%)
entry 2426000/6088812 (39.8436%)
entry 2429000/6088812 (39.8928%)
entry 2430000/6088812 (39.9093%)
entry 2431000/6088812 (39.9257%)
entry 2435000/6088812 (39.9914%)
entry 2439000/6088812 (40.0571%)
entry 2440000/6088812 (40.0735%)
entry 2448000/6088812 (40.2049%)
entry 2450000/6088812 (40.2377%)
entry 2454000/6088812 (40.3034%)
entry 2457000/6088812 (40.3527%)
entry 2463000/6088812 (40.4512%)
entry 2464000/6088812 (40.4677%)
entry 2465000/6088812 (40.4841%)
entry 2469000/6088812 (40.5498%)
entry 2472000/6088812 (40.5991%)
entry 2476000/6088812 (40.6647%)
entry 2477000/6088812 (40.6812%)
entry 2478000/6088812 (40.6976%)
entry 2479000/6088812 (40.714%)
entry 2480000/6088812 (40.7304%)
entry 2485000/6088812 (40.8126%)
entry 2487000/6088812 (40.8454%)
entry 2491000/6088812 (40.9111%)
entry 2497000/6088812 (41.0096%)
entry 2498000/6088812 (41.0261%)
entry 2500000/6088812 (41.0589%)
entry 2505000/6088812 (41.141%)
entry 2512000/6088812 (41.256%)
entry 2515000/6088812 (41.3053%)
entry 2516000/6088812 (41.3217%)
entry 2517000/6088812 (41.3381%)
entry 2520000/6088812 (41.3874%)
entry 2521000/6088812 (41.4038%)
entry 2523000/6088812 (41.4367%)
entry 2524000/6088812 (41.4531%)
entry 2527000/6088812 (41.5023%)
entry 2528000/6088812 (41.5188%)
entry 2531000/6088812 (41.568%)
entry 2537000/6088812 (41.6666%)
entry 2539000/6088812 (41.6994%)
entry 2541000/6088812 (41.7323%)
entry 2542000/6088812 (41.7487%)
entry 2547000/6088812 (41.8308%)
entry 2548000/6088812 (41.8472%)
entry 2552000/6088812 (41.9129%)
entry 2555000/6088812 (41.9622%)
entry 2558000/6088812 (42.0115%)
entry 2560000/6088812 (42.0443%)
entry 2563000/6088812 (42.0936%)
entry 2564000/6088812 (42.11%)
entry 2566000/6088812 (42.1429%)
entry 2567000/6088812 (42.1593%)
entry 2568000/6088812 (42.1757%)
entry 2570000/6088812 (42.2086%)
entry 2576000/6088812 (42.3071%)
entry 2578000/6088812 (42.34%)
entry 2579000/6088812 (42.3564%)
entry 2582000/6088812 (42.4056%)
entry 2583000/6088812 (42.4221%)
entry 2584000/6088812 (42.4385%)
entry 2585000/6088812 (42.4549%)
entry 2589000/6088812 (42.5206%)
entry 2593000/6088812 (42.5863%)
entry 2597000/6088812 (42.652%)
entry 2600000/6088812 (42.7013%)
entry 2606000/6088812 (42.7998%)
entry 2610000/6088812 (42.8655%)
entry 2614000/6088812 (42.9312%)
entry 2619000/6088812 (43.0133%)
entry 2623000/6088812 (43.079%)
entry 2626000/6088812 (43.1283%)
entry 2635000/6088812 (43.2761%)
entry 2638000/6088812 (43.3254%)
entry 2639000/6088812 (43.3418%)
entry 2645000/6088812 (43.4403%)
entry 2646000/6088812 (43.4568%)
entry 2655000/6088812 (43.6046%)
entry 2657000/6088812 (43.6374%)
entry 2659000/6088812 (43.6703%)
entry 2662000/6088812 (43.7195%)
entry 2669000/6088812 (43.8345%)
entry 2676000/6088812 (43.9495%)
entry 2678000/6088812 (43.9823%)
entry 2681000/6088812 (44.0316%)
entry 2684000/6088812 (44.0808%)
entry 2689000/6088812 (44.163%)
entry 2690000/6088812 (44.1794%)
entry 2692000/6088812 (44.2122%)
entry 2696000/6088812 (44.2779%)
entry 2701000/6088812 (44.3601%)
entry 2704000/6088812 (44.4093%)
entry 2705000/6088812 (44.4257%)
entry 2707000/6088812 (44.4586%)
entry 2708000/6088812 (44.475%)
entry 2710000/6088812 (44.5079%)
entry 2711000/6088812 (44.5243%)
entry 2714000/6088812 (44.5736%)
entry 2715000/6088812 (44.59%)
entry 2716000/6088812 (44.6064%)
entry 2717000/6088812 (44.6228%)
entry 2721000/6088812 (44.6885%)
entry 2726000/6088812 (44.7706%)
entry 2728000/6088812 (44.8035%)
entry 2730000/6088812 (44.8363%)
entry 2734000/6088812 (44.902%)
entry 2735000/6088812 (44.9185%)
entry 2736000/6088812 (44.9349%)
entry 2737000/6088812 (44.9513%)
entry 2744000/6088812 (45.0663%)
entry 2749000/6088812 (45.1484%)
entry 2753000/6088812 (45.2141%)
entry 2760000/6088812 (45.329%)
entry 2766000/6088812 (45.4276%)
entry 2770000/6088812 (45.4933%)
entry 2776000/6088812 (45.5918%)
entry 2777000/6088812 (45.6082%)
entry 2778000/6088812 (45.6247%)
entry 2781000/6088812 (45.6739%)
entry 2783000/6088812 (45.7068%)
entry 2787000/6088812 (45.7725%)
entry 2791000/6088812 (45.8382%)
entry 2793000/6088812 (45.871%)
entry 2799000/6088812 (45.9696%)
entry 2804000/6088812 (46.0517%)
entry 2809000/6088812 (46.1338%)
entry 2810000/6088812 (46.1502%)
entry 2811000/6088812 (46.1666%)
entry 2819000/6088812 (46.298%)
entry 2824000/6088812 (46.3801%)
entry 2825000/6088812 (46.3966%)
entry 2826000/6088812 (46.413%)
entry 2827000/6088812 (46.4294%)
entry 2829000/6088812 (46.4623%)
entry 2831000/6088812 (46.4951%)
entry 2832000/6088812 (46.5115%)
entry 2833000/6088812 (46.528%)
entry 2834000/6088812 (46.5444%)
entry 2835000/6088812 (46.5608%)
entry 2843000/6088812 (46.6922%)
entry 2845000/6088812 (46.725%)
entry 2847000/6088812 (46.7579%)
entry 2850000/6088812 (46.8072%)
entry 2851000/6088812 (46.8236%)
entry 2852000/6088812 (46.84%)
entry 2855000/6088812 (46.8893%)
entry 2856000/6088812 (46.9057%)
entry 2857000/6088812 (46.9221%)
entry 2859000/6088812 (46.955%)
entry 2860000/6088812 (46.9714%)
entry 2863000/6088812 (47.0207%)
entry 2864000/6088812 (47.0371%)
entry 2865000/6088812 (47.0535%)
entry 2866000/6088812 (47.0699%)
entry 2867000/6088812 (47.0864%)
entry 2877000/6088812 (47.2506%)
entry 2879000/6088812 (47.2834%)
entry 2882000/6088812 (47.3327%)
entry 2886000/6088812 (47.3984%)
entry 2889000/6088812 (47.4477%)
entry 2890000/6088812 (47.4641%)
entry 2893000/6088812 (47.5134%)
entry 2894000/6088812 (47.5298%)
entry 2900000/6088812 (47.6283%)
entry 2901000/6088812 (47.6448%)
entry 2902000/6088812 (47.6612%)
entry 2907000/6088812 (47.7433%)
entry 2908000/6088812 (47.7597%)
entry 2909000/6088812 (47.7762%)
entry 2911000/6088812 (47.809%)
entry 2912000/6088812 (47.8254%)
entry 2915000/6088812 (47.8747%)
entry 2918000/6088812 (47.924%)
entry 2920000/6088812 (47.9568%)
entry 2922000/6088812 (47.9897%)
entry 2923000/6088812 (48.0061%)
entry 2924000/6088812 (48.0225%)
entry 2929000/6088812 (48.1046%)
entry 2930000/6088812 (48.121%)
entry 2931000/6088812 (48.1375%)
entry 2932000/6088812 (48.1539%)
entry 2934000/6088812 (48.1867%)
entry 2936000/6088812 (48.2196%)
entry 2937000/6088812 (48.236%)
entry 2939000/6088812 (48.2689%)
entry 2940000/6088812 (48.2853%)
entry 2943000/6088812 (48.3346%)
entry 2945000/6088812 (48.3674%)
entry 2954000/6088812 (48.5152%)
entry 2956000/6088812 (48.5481%)
entry 2958000/6088812 (48.5809%)
entry 2960000/6088812 (48.6138%)
entry 2962000/6088812 (48.6466%)
entry 2978000/6088812 (48.9094%)
entry 2979000/6088812 (48.9258%)
entry 2982000/6088812 (48.9751%)
entry 2983000/6088812 (48.9915%)
entry 2984000/6088812 (49.0079%)
entry 2987000/6088812 (49.0572%)
entry 2991000/6088812 (49.1229%)
entry 2996000/6088812 (49.205%)
entry 2997000/6088812 (49.2214%)
entry 2999000/6088812 (49.2543%)
entry 3000000/6088812 (49.2707%)
entry 3003000/6088812 (49.32%)
entry 3005000/6088812 (49.3528%)
entry 3006000/6088812 (49.3692%)
entry 3008000/6088812 (49.4021%)
entry 3016000/6088812 (49.5335%)
entry 3019000/6088812 (49.5827%)
entry 3020000/6088812 (49.5992%)
entry 3023000/6088812 (49.6484%)
entry 3027000/6088812 (49.7141%)
entry 3029000/6088812 (49.747%)
entry 3034000/6088812 (49.8291%)
entry 3035000/6088812 (49.8455%)
entry 3036000/6088812 (49.8619%)
entry 3037000/6088812 (49.8784%)
entry 3038000/6088812 (49.8948%)
entry 3040000/6088812 (49.9276%)
entry 3050000/6088812 (50.0919%)
entry 3056000/6088812 (50.1904%)
entry 3057000/6088812 (50.2068%)
entry 3058000/6088812 (50.2233%)
entry 3059000/6088812 (50.2397%)
entry 3061000/6088812 (50.2725%)
entry 3063000/6088812 (50.3054%)
entry 3067000/6088812 (50.3711%)
entry 3069000/6088812 (50.4039%)
entry 3071000/6088812 (50.4368%)
entry 3072000/6088812 (50.4532%)
entry 3075000/6088812 (50.5025%)
entry 3082000/6088812 (50.6174%)
entry 3084000/6088812 (50.6503%)
entry 3087000/6088812 (50.6995%)
entry 3088000/6088812 (50.716%)
entry 3091000/6088812 (50.7652%)
entry 3092000/6088812 (50.7817%)
entry 3094000/6088812 (50.8145%)
entry 3095000/6088812 (50.8309%)
entry 3098000/6088812 (50.8802%)
entry 3099000/6088812 (50.8966%)
entry 3101000/6088812 (50.9295%)
entry 3102000/6088812 (50.9459%)
entry 3103000/6088812 (50.9623%)
entry 3104000/6088812 (50.9787%)
entry 3108000/6088812 (51.0444%)
entry 3114000/6088812 (51.143%)
entry 3116000/6088812 (51.1758%)
entry 3121000/6088812 (51.2579%)
entry 3125000/6088812 (51.3236%)
entry 3128000/6088812 (51.3729%)
entry 3132000/6088812 (51.4386%)
entry 3134000/6088812 (51.4715%)
entry 3136000/6088812 (51.5043%)
entry 3137000/6088812 (51.5207%)
entry 3144000/6088812 (51.6357%)
entry 3146000/6088812 (51.6685%)
entry 3147000/6088812 (51.685%)
entry 3153000/6088812 (51.7835%)
entry 3155000/6088812 (51.8164%)
entry 3157000/6088812 (51.8492%)
entry 3164000/6088812 (51.9642%)
entry 3170000/6088812 (52.0627%)
entry 3174000/6088812 (52.1284%)
entry 3175000/6088812 (52.1448%)
entry 3176000/6088812 (52.1612%)
entry 3178000/6088812 (52.1941%)
entry 3179000/6088812 (52.2105%)
entry 3184000/6088812 (52.2926%)
entry 3186000/6088812 (52.3255%)
entry 3187000/6088812 (52.3419%)
entry 3189000/6088812 (52.3748%)
entry 3195000/6088812 (52.4733%)
entry 3196000/6088812 (52.4897%)
entry 3200000/6088812 (52.5554%)
entry 3202000/6088812 (52.5883%)
entry 3203000/6088812 (52.6047%)
entry 3211000/6088812 (52.7361%)
entry 3216000/6088812 (52.8182%)
entry 3217000/6088812 (52.8346%)
entry 3218000/6088812 (52.851%)
entry 3220000/6088812 (52.8839%)
entry 3222000/6088812 (52.9167%)
entry 3229000/6088812 (53.0317%)
entry 3233000/6088812 (53.0974%)
entry 3237000/6088812 (53.1631%)
entry 3240000/6088812 (53.2124%)
entry 3242000/6088812 (53.2452%)
entry 3244000/6088812 (53.278%)
entry 3246000/6088812 (53.3109%)
entry 3250000/6088812 (53.3766%)
entry 3251000/6088812 (53.393%)
entry 3252000/6088812 (53.4094%)
entry 3256000/6088812 (53.4751%)
entry 3257000/6088812 (53.4916%)
entry 3259000/6088812 (53.5244%)
entry 3262000/6088812 (53.5737%)
entry 3266000/6088812 (53.6394%)
entry 3269000/6088812 (53.6886%)
entry 3274000/6088812 (53.7708%)
entry 3276000/6088812 (53.8036%)
entry 3278000/6088812 (53.8364%)
entry 3279000/6088812 (53.8529%)
entry 3280000/6088812 (53.8693%)
entry 3282000/6088812 (53.9021%)
entry 3286000/6088812 (53.9678%)
entry 3292000/6088812 (54.0664%)
entry 3293000/6088812 (54.0828%)
entry 3296000/6088812 (54.1321%)
entry 3297000/6088812 (54.1485%)
entry 3298000/6088812 (54.1649%)
entry 3301000/6088812 (54.2142%)
entry 3302000/6088812 (54.2306%)
entry 3306000/6088812 (54.2963%)
entry 3307000/6088812 (54.3127%)
entry 3309000/6088812 (54.3456%)
entry 3313000/6088812 (54.4113%)
entry 3319000/6088812 (54.5098%)
entry 3322000/6088812 (54.5591%)
entry 3323000/6088812 (54.5755%)
entry 3328000/6088812 (54.6576%)
entry 3329000/6088812 (54.674%)
entry 3333000/6088812 (54.7397%)
entry 3343000/6088812 (54.904%)
entry 3347000/6088812 (54.9697%)
entry 3348000/6088812 (54.9861%)
entry 3355000/6088812 (55.1011%)
entry 3358000/6088812 (55.1503%)
entry 3359000/6088812 (55.1668%)
entry 3362000/6088812 (55.216%)
entry 3367000/6088812 (55.2981%)
entry 3371000/6088812 (55.3638%)
entry 3372000/6088812 (55.3803%)
entry 3373000/6088812 (55.3967%)
entry 3376000/6088812 (55.446%)
entry 3378000/6088812 (55.4788%)
entry 3384000/6088812 (55.5773%)
entry 3385000/6088812 (55.5938%)
entry 3389000/6088812 (55.6595%)
entry 3392000/6088812 (55.7087%)
entry 3397000/6088812 (55.7908%)
entry 3405000/6088812 (55.9222%)
entry 3407000/6088812 (55.9551%)
entry 3410000/6088812 (56.0044%)
entry 3411000/6088812 (56.0208%)
entry 3415000/6088812 (56.0865%)
entry 3417000/6088812 (56.1193%)
entry 3423000/6088812 (56.2179%)
entry 3429000/6088812 (56.3164%)
entry 3435000/6088812 (56.4149%)
entry 3439000/6088812 (56.4806%)
entry 3448000/6088812 (56.6285%)
entry 3450000/6088812 (56.6613%)
entry 3453000/6088812 (56.7106%)
entry 3457000/6088812 (56.7763%)
entry 3462000/6088812 (56.8584%)
entry 3475000/6088812 (57.0719%)
entry 3481000/6088812 (57.1704%)
entry 3486000/6088812 (57.2526%)
entry 3492000/6088812 (57.3511%)
entry 3493000/6088812 (57.3675%)
entry 3495000/6088812 (57.4004%)
entry 3496000/6088812 (57.4168%)
entry 3498000/6088812 (57.4496%)
entry 3503000/6088812 (57.5318%)
entry 3505000/6088812 (57.5646%)
entry 3507000/6088812 (57.5974%)
entry 3511000/6088812 (57.6631%)
entry 3515000/6088812 (57.7288%)
entry 3517000/6088812 (57.7617%)
entry 3521000/6088812 (57.8274%)
entry 3525000/6088812 (57.8931%)
entry 3528000/6088812 (57.9423%)
entry 3529000/6088812 (57.9588%)
entry 3535000/6088812 (58.0573%)
entry 3540000/6088812 (58.1394%)
entry 3542000/6088812 (58.1723%)
entry 3547000/6088812 (58.2544%)
entry 3550000/6088812 (58.3037%)
entry 3556000/6088812 (58.4022%)
entry 3559000/6088812 (58.4515%)
entry 3560000/6088812 (58.4679%)
entry 3561000/6088812 (58.4843%)
entry 3563000/6088812 (58.5172%)
entry 3565000/6088812 (58.55%)
entry 3566000/6088812 (58.5664%)
entry 3567000/6088812 (58.5829%)
entry 3571000/6088812 (58.6486%)
entry 3572000/6088812 (58.665%)
entry 3577000/6088812 (58.7471%)
entry 3578000/6088812 (58.7635%)
entry 3581000/6088812 (58.8128%)
entry 3586000/6088812 (58.8949%)
entry 3587000/6088812 (58.9113%)
entry 3591000/6088812 (58.977%)
entry 3595000/6088812 (59.0427%)
entry 3596000/6088812 (59.0591%)
entry 3599000/6088812 (59.1084%)
entry 3600000/6088812 (59.1248%)
entry 3602000/6088812 (59.1577%)
entry 3603000/6088812 (59.1741%)
entry 3610000/6088812 (59.2891%)
entry 3613000/6088812 (59.3383%)
entry 3615000/6088812 (59.3712%)
entry 3623000/6088812 (59.5026%)
entry 3626000/6088812 (59.5518%)
entry 3627000/6088812 (59.5683%)
entry 3628000/6088812 (59.5847%)
entry 3631000/6088812 (59.634%)
entry 3633000/6088812 (59.6668%)
entry 3636000/6088812 (59.7161%)
entry 3638000/6088812 (59.7489%)
entry 3639000/6088812 (59.7654%)
entry 3642000/6088812 (59.8146%)
entry 3646000/6088812 (59.8803%)
entry 3648000/6088812 (59.9132%)
entry 3651000/6088812 (59.9624%)
entry 3652000/6088812 (59.9789%)
entry 3654000/6088812 (60.0117%)
entry 3657000/6088812 (60.061%)
entry 3662000/6088812 (60.1431%)
entry 3663000/6088812 (60.1595%)
entry 3668000/6088812 (60.2416%)
entry 3671000/6088812 (60.2909%)
entry 3680000/6088812 (60.4387%)
entry 3681000/6088812 (60.4551%)
entry 3683000/6088812 (60.488%)
entry 3684000/6088812 (60.5044%)
entry 3685000/6088812 (60.5208%)
entry 3691000/6088812 (60.6194%)
entry 3693000/6088812 (60.6522%)
entry 3694000/6088812 (60.6686%)
entry 3698000/6088812 (60.7343%)
entry 3701000/6088812 (60.7836%)
entry 3707000/6088812 (60.8822%)
entry 3708000/6088812 (60.8986%)
entry 3709000/6088812 (60.915%)
entry 3713000/6088812 (60.9807%)
entry 3715000/6088812 (61.0135%)
entry 3717000/6088812 (61.0464%)
entry 3719000/6088812 (61.0792%)
entry 3720000/6088812 (61.0957%)
entry 3721000/6088812 (61.1121%)
entry 3722000/6088812 (61.1285%)
entry 3723000/6088812 (61.1449%)
entry 3725000/6088812 (61.1778%)
entry 3727000/6088812 (61.2106%)
entry 3731000/6088812 (61.2763%)
entry 3732000/6088812 (61.2927%)
entry 3733000/6088812 (61.3092%)
entry 3734000/6088812 (61.3256%)
entry 3736000/6088812 (61.3584%)
entry 3737000/6088812 (61.3749%)
entry 3744000/6088812 (61.4898%)
entry 3747000/6088812 (61.5391%)
entry 3749000/6088812 (61.5719%)
entry 3751000/6088812 (61.6048%)
entry 3757000/6088812 (61.7033%)
entry 3764000/6088812 (61.8183%)
entry 3766000/6088812 (61.8511%)
entry 3769000/6088812 (61.9004%)
entry 3771000/6088812 (61.9333%)
entry 3772000/6088812 (61.9497%)
entry 3773000/6088812 (61.9661%)
entry 3775000/6088812 (61.999%)
entry 3777000/6088812 (62.0318%)
entry 3779000/6088812 (62.0647%)
entry 3785000/6088812 (62.1632%)
entry 3787000/6088812 (62.196%)
entry 3793000/6088812 (62.2946%)
entry 3797000/6088812 (62.3603%)
entry 3798000/6088812 (62.3767%)
entry 3802000/6088812 (62.4424%)
entry 3803000/6088812 (62.4588%)
entry 3810000/6088812 (62.5738%)
entry 3811000/6088812 (62.5902%)
entry 3813000/6088812 (62.6231%)
entry 3817000/6088812 (62.6888%)
entry 3821000/6088812 (62.7544%)
entry 3822000/6088812 (62.7709%)
entry 3826000/6088812 (62.8366%)
entry 3828000/6088812 (62.8694%)
entry 3832000/6088812 (62.9351%)
entry 3833000/6088812 (62.9515%)
entry 3834000/6088812 (62.968%)
entry 3835000/6088812 (62.9844%)
entry 3842000/6088812 (63.0993%)
entry 3843000/6088812 (63.1158%)
entry 3846000/6088812 (63.165%)
entry 3847000/6088812 (63.1815%)
entry 3848000/6088812 (63.1979%)
entry 3851000/6088812 (63.2472%)
entry 3855000/6088812 (63.3128%)
entry 3859000/6088812 (63.3785%)
entry 3866000/6088812 (63.4935%)
entry 3872000/6088812 (63.592%)
entry 3875000/6088812 (63.6413%)
entry 3876000/6088812 (63.6577%)
entry 3883000/6088812 (63.7727%)
entry 3884000/6088812 (63.7891%)
entry 3885000/6088812 (63.8056%)
entry 3893000/6088812 (63.9369%)
entry 3895000/6088812 (63.9698%)
entry 3896000/6088812 (63.9862%)
entry 3897000/6088812 (64.0026%)
entry 3898000/6088812 (64.0191%)
entry 3901000/6088812 (64.0683%)
entry 3910000/6088812 (64.2161%)
entry 3911000/6088812 (64.2326%)
entry 3915000/6088812 (64.2983%)
entry 3916000/6088812 (64.3147%)
entry 3921000/6088812 (64.3968%)
entry 3925000/6088812 (64.4625%)
entry 3927000/6088812 (64.4953%)
entry 3928000/6088812 (64.5118%)
entry 3929000/6088812 (64.5282%)
entry 3932000/6088812 (64.5775%)
entry 3936000/6088812 (64.6432%)
entry 3937000/6088812 (64.6596%)
entry 3938000/6088812 (64.676%)
entry 3944000/6088812 (64.7745%)
entry 3951000/6088812 (64.8895%)
entry 3952000/6088812 (64.9059%)
entry 3956000/6088812 (64.9716%)
entry 3959000/6088812 (65.0209%)
entry 3961000/6088812 (65.0537%)
entry 3964000/6088812 (65.103%)
entry 3968000/6088812 (65.1687%)
entry 3969000/6088812 (65.1851%)
entry 3973000/6088812 (65.2508%)
entry 3974000/6088812 (65.2672%)
entry 3976000/6088812 (65.3001%)
entry 3981000/6088812 (65.3822%)
entry 3988000/6088812 (65.4972%)
entry 3997000/6088812 (65.645%)
entry 3998000/6088812 (65.6614%)
entry 4002000/6088812 (65.7271%)
entry 4003000/6088812 (65.7435%)
entry 4005000/6088812 (65.7764%)
entry 4008000/6088812 (65.8256%)
entry 4014000/6088812 (65.9242%)
entry 4017000/6088812 (65.9735%)
entry 4020000/6088812 (66.0227%)
entry 4029000/6088812 (66.1705%)
entry 4030000/6088812 (66.187%)
entry 4033000/6088812 (66.2362%)
entry 4036000/6088812 (66.2855%)
entry 4037000/6088812 (66.3019%)
entry 4042000/6088812 (66.384%)
entry 4043000/6088812 (66.4005%)
entry 4044000/6088812 (66.4169%)
entry 4049000/6088812 (66.499%)
entry 4051000/6088812 (66.5319%)
entry 4053000/6088812 (66.5647%)
entry 4056000/6088812 (66.614%)
entry 4060000/6088812 (66.6797%)
entry 4066000/6088812 (66.7782%)
entry 4069000/6088812 (66.8275%)
entry 4070000/6088812 (66.8439%)
entry 4071000/6088812 (66.8603%)
entry 4075000/6088812 (66.926%)
entry 4078000/6088812 (66.9753%)
entry 4082000/6088812 (67.041%)
entry 4083000/6088812 (67.0574%)
entry 4085000/6088812 (67.0903%)
entry 4091000/6088812 (67.1888%)
entry 4094000/6088812 (67.2381%)
entry 4095000/6088812 (67.2545%)
entry 4100000/6088812 (67.3366%)
entry 4102000/6088812 (67.3695%)
entry 4109000/6088812 (67.4844%)
entry 4116000/6088812 (67.5994%)
entry 4117000/6088812 (67.6158%)
entry 4118000/6088812 (67.6322%)
entry 4123000/6088812 (67.7144%)
entry 4126000/6088812 (67.7636%)
entry 4127000/6088812 (67.7801%)
entry 4129000/6088812 (67.8129%)
entry 4131000/6088812 (67.8457%)
entry 4133000/6088812 (67.8786%)
entry 4135000/6088812 (67.9114%)
entry 4136000/6088812 (67.9279%)
entry 4137000/6088812 (67.9443%)
entry 4139000/6088812 (67.9771%)
entry 4141000/6088812 (68.01%)
entry 4146000/6088812 (68.0921%)
entry 4150000/6088812 (68.1578%)
entry 4152000/6088812 (68.1906%)
entry 4153000/6088812 (68.2071%)
entry 4156000/6088812 (68.2563%)
entry 4167000/6088812 (68.437%)
entry 4169000/6088812 (68.4698%)
entry 4185000/6088812 (68.7326%)
entry 4186000/6088812 (68.749%)
entry 4188000/6088812 (68.7819%)
entry 4192000/6088812 (68.8476%)
entry 4195000/6088812 (68.8969%)
entry 4198000/6088812 (68.9461%)
entry 4200000/6088812 (68.979%)
entry 4201000/6088812 (68.9954%)
entry 4205000/6088812 (69.0611%)
entry 4207000/6088812 (69.0939%)
entry 4209000/6088812 (69.1268%)
entry 4211000/6088812 (69.1596%)
entry 4212000/6088812 (69.1761%)
entry 4213000/6088812 (69.1925%)
entry 4216000/6088812 (69.2418%)
entry 4220000/6088812 (69.3074%)
entry 4221000/6088812 (69.3239%)
entry 4227000/6088812 (69.4224%)
entry 4228000/6088812 (69.4388%)
entry 4230000/6088812 (69.4717%)
entry 4231000/6088812 (69.4881%)
entry 4234000/6088812 (69.5374%)
entry 4235000/6088812 (69.5538%)
entry 4236000/6088812 (69.5702%)
entry 4239000/6088812 (69.6195%)
entry 4241000/6088812 (69.6523%)
entry 4242000/6088812 (69.6688%)
entry 4244000/6088812 (69.7016%)
entry 4248000/6088812 (69.7673%)
entry 4250000/6088812 (69.8002%)
entry 4255000/6088812 (69.8823%)
entry 4260000/6088812 (69.9644%)
entry 4263000/6088812 (70.0137%)
entry 4271000/6088812 (70.145%)
entry 4272000/6088812 (70.1615%)
entry 4277000/6088812 (70.2436%)
entry 4279000/6088812 (70.2764%)
entry 4281000/6088812 (70.3093%)
entry 4285000/6088812 (70.375%)
entry 4287000/6088812 (70.4078%)
entry 4289000/6088812 (70.4407%)
entry 4292000/6088812 (70.4899%)
entry 4293000/6088812 (70.5064%)
entry 4294000/6088812 (70.5228%)
entry 4296000/6088812 (70.5556%)
entry 4298000/6088812 (70.5885%)
entry 4300000/6088812 (70.6213%)
entry 4310000/6088812 (70.7856%)
entry 4313000/6088812 (70.8348%)
entry 4318000/6088812 (70.917%)
entry 4319000/6088812 (70.9334%)
entry 4321000/6088812 (70.9662%)
entry 4325000/6088812 (71.0319%)
entry 4326000/6088812 (71.0483%)
entry 4329000/6088812 (71.0976%)
entry 4331000/6088812 (71.1305%)
entry 4332000/6088812 (71.1469%)
entry 4338000/6088812 (71.2454%)
entry 4339000/6088812 (71.2618%)
entry 4340000/6088812 (71.2783%)
entry 4343000/6088812 (71.3275%)
entry 4344000/6088812 (71.344%)
entry 4350000/6088812 (71.4425%)
entry 4353000/6088812 (71.4918%)
entry 4361000/6088812 (71.6232%)
entry 4365000/6088812 (71.6889%)
entry 4369000/6088812 (71.7546%)
entry 4370000/6088812 (71.771%)
entry 4380000/6088812 (71.9352%)
entry 4382000/6088812 (71.9681%)
entry 4386000/6088812 (72.0338%)
entry 4388000/6088812 (72.0666%)
entry 4393000/6088812 (72.1487%)
entry 4403000/6088812 (72.313%)
entry 4406000/6088812 (72.3622%)
entry 4411000/6088812 (72.4443%)
entry 4413000/6088812 (72.4772%)
entry 4418000/6088812 (72.5593%)
entry 4423000/6088812 (72.6414%)
entry 4425000/6088812 (72.6743%)
entry 4426000/6088812 (72.6907%)
entry 4427000/6088812 (72.7071%)
entry 4428000/6088812 (72.7235%)
entry 4429000/6088812 (72.74%)
entry 4430000/6088812 (72.7564%)
entry 4432000/6088812 (72.7892%)
entry 4438000/6088812 (72.8878%)
entry 4441000/6088812 (72.9371%)
entry 4443000/6088812 (72.9699%)
entry 4444000/6088812 (72.9863%)
entry 4445000/6088812 (73.0027%)
entry 4446000/6088812 (73.0192%)
entry 4452000/6088812 (73.1177%)
entry 4453000/6088812 (73.1341%)
entry 4455000/6088812 (73.167%)
entry 4459000/6088812 (73.2327%)
entry 4467000/6088812 (73.3641%)
entry 4469000/6088812 (73.3969%)
entry 4470000/6088812 (73.4133%)
entry 4471000/6088812 (73.4298%)
entry 4477000/6088812 (73.5283%)
entry 4478000/6088812 (73.5447%)
entry 4480000/6088812 (73.5776%)
entry 4483000/6088812 (73.6268%)
entry 4484000/6088812 (73.6433%)
entry 4486000/6088812 (73.6761%)
entry 4488000/6088812 (73.709%)
entry 4489000/6088812 (73.7254%)
entry 4491000/6088812 (73.7582%)
entry 4492000/6088812 (73.7747%)
entry 4494000/6088812 (73.8075%)
entry 4498000/6088812 (73.8732%)
entry 4499000/6088812 (73.8896%)
entry 4502000/6088812 (73.9389%)
entry 4503000/6088812 (73.9553%)
entry 4506000/6088812 (74.0046%)
entry 4507000/6088812 (74.021%)
entry 4510000/6088812 (74.0703%)
entry 4511000/6088812 (74.0867%)
entry 4514000/6088812 (74.136%)
entry 4520000/6088812 (74.2345%)
entry 4522000/6088812 (74.2674%)
entry 4524000/6088812 (74.3002%)
entry 4530000/6088812 (74.3988%)
entry 4531000/6088812 (74.4152%)
entry 4533000/6088812 (74.448%)
entry 4538000/6088812 (74.5301%)
entry 4543000/6088812 (74.6123%)
entry 4545000/6088812 (74.6451%)
entry 4546000/6088812 (74.6615%)
entry 4547000/6088812 (74.678%)
entry 4551000/6088812 (74.7436%)
entry 4555000/6088812 (74.8093%)
entry 4556000/6088812 (74.8258%)
entry 4557000/6088812 (74.8422%)
entry 4565000/6088812 (74.9736%)
entry 4569000/6088812 (75.0393%)
entry 4570000/6088812 (75.0557%)
entry 4571000/6088812 (75.0721%)
entry 4573000/6088812 (75.105%)
entry 4574000/6088812 (75.1214%)
entry 4575000/6088812 (75.1378%)
entry 4578000/6088812 (75.1871%)
entry 4579000/6088812 (75.2035%)
entry 4581000/6088812 (75.2364%)
entry 4582000/6088812 (75.2528%)
entry 4585000/6088812 (75.302%)
entry 4587000/6088812 (75.3349%)
entry 4590000/6088812 (75.3842%)
entry 4597000/6088812 (75.4991%)
entry 4599000/6088812 (75.532%)
entry 4601000/6088812 (75.5648%)
entry 4602000/6088812 (75.5812%)
entry 4603000/6088812 (75.5977%)
entry 4604000/6088812 (75.6141%)
entry 4608000/6088812 (75.6798%)
entry 4609000/6088812 (75.6962%)
entry 4613000/6088812 (75.7619%)
entry 4618000/6088812 (75.844%)
entry 4620000/6088812 (75.8769%)
entry 4621000/6088812 (75.8933%)
entry 4624000/6088812 (75.9426%)
entry 4625000/6088812 (75.959%)
entry 4626000/6088812 (75.9754%)
entry 4627000/6088812 (75.9918%)
entry 4635000/6088812 (76.1232%)
entry 4637000/6088812 (76.1561%)
entry 4638000/6088812 (76.1725%)
entry 4639000/6088812 (76.1889%)
entry 4642000/6088812 (76.2382%)
entry 4652000/6088812 (76.4024%)
entry 4654000/6088812 (76.4353%)
entry 4656000/6088812 (76.4681%)
entry 4658000/6088812 (76.501%)
entry 4659000/6088812 (76.5174%)
entry 4667000/6088812 (76.6488%)
entry 4668000/6088812 (76.6652%)
entry 4669000/6088812 (76.6816%)
entry 4676000/6088812 (76.7966%)
entry 4681000/6088812 (76.8787%)
entry 4682000/6088812 (76.8951%)
entry 4686000/6088812 (76.9608%)
entry 4688000/6088812 (76.9937%)
entry 4694000/6088812 (77.0922%)
entry 4695000/6088812 (77.1086%)
entry 4697000/6088812 (77.1415%)
entry 4698000/6088812 (77.1579%)
entry 4699000/6088812 (77.1743%)
entry 4707000/6088812 (77.3057%)
entry 4710000/6088812 (77.355%)
entry 4711000/6088812 (77.3714%)
entry 4713000/6088812 (77.4043%)
entry 4720000/6088812 (77.5192%)
entry 4721000/6088812 (77.5357%)
entry 4723000/6088812 (77.5685%)
entry 4728000/6088812 (77.6506%)
entry 4731000/6088812 (77.6999%)
entry 4732000/6088812 (77.7163%)
entry 4733000/6088812 (77.7327%)
entry 4734000/6088812 (77.7492%)
entry 4735000/6088812 (77.7656%)
entry 4738000/6088812 (77.8149%)
entry 4741000/6088812 (77.8641%)
entry 4742000/6088812 (77.8805%)
entry 4744000/6088812 (77.9134%)
entry 4745000/6088812 (77.9298%)
entry 4758000/6088812 (78.1433%)
entry 4761000/6088812 (78.1926%)
entry 4763000/6088812 (78.2254%)
entry 4764000/6088812 (78.2419%)
entry 4767000/6088812 (78.2911%)
entry 4768000/6088812 (78.3076%)
entry 4772000/6088812 (78.3733%)
entry 4776000/6088812 (78.4389%)
entry 4777000/6088812 (78.4554%)
entry 4779000/6088812 (78.4882%)
entry 4780000/6088812 (78.5046%)
entry 4787000/6088812 (78.6196%)
entry 4789000/6088812 (78.6525%)
entry 4793000/6088812 (78.7181%)
entry 4794000/6088812 (78.7346%)
entry 4803000/6088812 (78.8824%)
entry 4805000/6088812 (78.9152%)
entry 4807000/6088812 (78.9481%)
entry 4819000/6088812 (79.1452%)
entry 4825000/6088812 (79.2437%)
entry 4826000/6088812 (79.2601%)
entry 4828000/6088812 (79.293%)
entry 4831000/6088812 (79.3422%)
entry 4832000/6088812 (79.3587%)
entry 4833000/6088812 (79.3751%)
entry 4835000/6088812 (79.4079%)
entry 4837000/6088812 (79.4408%)
entry 4838000/6088812 (79.4572%)
entry 4841000/6088812 (79.5065%)
entry 4845000/6088812 (79.5722%)
entry 4850000/6088812 (79.6543%)
entry 4852000/6088812 (79.6871%)
entry 4855000/6088812 (79.7364%)
entry 4856000/6088812 (79.7528%)
entry 4857000/6088812 (79.7693%)
entry 4867000/6088812 (79.9335%)
entry 4869000/6088812 (79.9663%)
entry 4870000/6088812 (79.9828%)
entry 4871000/6088812 (79.9992%)
entry 4874000/6088812 (80.0485%)
entry 4876000/6088812 (80.0813%)
entry 4886000/6088812 (80.2455%)
entry 4887000/6088812 (80.262%)
entry 4889000/6088812 (80.2948%)
entry 4891000/6088812 (80.3277%)
entry 4894000/6088812 (80.3769%)
entry 4895000/6088812 (80.3934%)
entry 4897000/6088812 (80.4262%)
entry 4898000/6088812 (80.4426%)
entry 4900000/6088812 (80.4755%)
entry 4905000/6088812 (80.5576%)
entry 4907000/6088812 (80.5904%)
entry 4917000/6088812 (80.7547%)
entry 4921000/6088812 (80.8204%)
entry 4925000/6088812 (80.8861%)
entry 4926000/6088812 (80.9025%)
entry 4928000/6088812 (80.9353%)
entry 4929000/6088812 (80.9518%)
entry 4931000/6088812 (80.9846%)
entry 4935000/6088812 (81.0503%)
entry 4939000/6088812 (81.116%)
entry 4948000/6088812 (81.2638%)
entry 4949000/6088812 (81.2802%)
entry 4952000/6088812 (81.3295%)
entry 4956000/6088812 (81.3952%)
entry 4961000/6088812 (81.4773%)
entry 4963000/6088812 (81.5102%)
entry 4966000/6088812 (81.5594%)
entry 4979000/6088812 (81.7729%)
entry 4982000/6088812 (81.8222%)
entry 4985000/6088812 (81.8715%)
entry 4986000/6088812 (81.8879%)
entry 4988000/6088812 (81.9207%)
entry 4992000/6088812 (81.9864%)
entry 4993000/6088812 (82.0029%)
entry 4995000/6088812 (82.0357%)
entry 4996000/6088812 (82.0521%)
entry 4997000/6088812 (82.0686%)
entry 5002000/6088812 (82.1507%)
entry 5006000/6088812 (82.2164%)
entry 5008000/6088812 (82.2492%)
entry 5011000/6088812 (82.2985%)
entry 5013000/6088812 (82.3313%)
entry 5016000/6088812 (82.3806%)
entry 5017000/6088812 (82.397%)
entry 5022000/6088812 (82.4791%)
entry 5025000/6088812 (82.5284%)
entry 5026000/6088812 (82.5448%)
entry 5037000/6088812 (82.7255%)
entry 5043000/6088812 (82.824%)
entry 5045000/6088812 (82.8569%)
entry 5046000/6088812 (82.8733%)
entry 5050000/6088812 (82.939%)
entry 5054000/6088812 (83.0047%)
entry 5060000/6088812 (83.1032%)
entry 5061000/6088812 (83.1197%)
entry 5065000/6088812 (83.1854%)
entry 5070000/6088812 (83.2675%)
entry 5072000/6088812 (83.3003%)
entry 5073000/6088812 (83.3167%)
entry 5074000/6088812 (83.3332%)
entry 5078000/6088812 (83.3989%)
entry 5079000/6088812 (83.4153%)
entry 5083000/6088812 (83.481%)
entry 5084000/6088812 (83.4974%)
entry 5090000/6088812 (83.5959%)
entry 5092000/6088812 (83.6288%)
entry 5099000/6088812 (83.7438%)
entry 5100000/6088812 (83.7602%)
entry 5102000/6088812 (83.793%)
entry 5104000/6088812 (83.8259%)
entry 5105000/6088812 (83.8423%)
entry 5107000/6088812 (83.8751%)
entry 5110000/6088812 (83.9244%)
entry 5114000/6088812 (83.9901%)
entry 5115000/6088812 (84.0065%)
entry 5116000/6088812 (84.023%)
entry 5118000/6088812 (84.0558%)
entry 5120000/6088812 (84.0887%)
entry 5123000/6088812 (84.1379%)
entry 5125000/6088812 (84.1708%)
entry 5127000/6088812 (84.2036%)
entry 5130000/6088812 (84.2529%)
entry 5137000/6088812 (84.3679%)
entry 5138000/6088812 (84.3843%)
entry 5142000/6088812 (84.45%)
entry 5148000/6088812 (84.5485%)
entry 5154000/6088812 (84.6471%)
entry 5156000/6088812 (84.6799%)
entry 5158000/6088812 (84.7127%)
entry 5159000/6088812 (84.7292%)
entry 5167000/6088812 (84.8606%)
entry 5169000/6088812 (84.8934%)
entry 5175000/6088812 (84.9919%)
entry 5176000/6088812 (85.0084%)
entry 5181000/6088812 (85.0905%)
entry 5187000/6088812 (85.189%)
entry 5189000/6088812 (85.2219%)
entry 5194000/6088812 (85.304%)
entry 5200000/6088812 (85.4025%)
entry 5203000/6088812 (85.4518%)
entry 5204000/6088812 (85.4682%)
entry 5205000/6088812 (85.4847%)
entry 5208000/6088812 (85.5339%)
entry 5209000/6088812 (85.5503%)
entry 5218000/6088812 (85.6982%)
entry 5220000/6088812 (85.731%)
entry 5221000/6088812 (85.7474%)
entry 5225000/6088812 (85.8131%)
entry 5226000/6088812 (85.8296%)
entry 5230000/6088812 (85.8952%)
entry 5232000/6088812 (85.9281%)
entry 5233000/6088812 (85.9445%)
entry 5234000/6088812 (85.9609%)
entry 5236000/6088812 (85.9938%)
entry 5240000/6088812 (86.0595%)
entry 5241000/6088812 (86.0759%)
entry 5242000/6088812 (86.0923%)
entry 5244000/6088812 (86.1252%)
entry 5249000/6088812 (86.2073%)
entry 5261000/6088812 (86.4044%)
entry 5262000/6088812 (86.4208%)
entry 5265000/6088812 (86.4701%)
entry 5266000/6088812 (86.4865%)
entry 5271000/6088812 (86.5686%)
entry 5272000/6088812 (86.585%)
entry 5273000/6088812 (86.6015%)
entry 5279000/6088812 (86.7%)
entry 5286000/6088812 (86.815%)
entry 5287000/6088812 (86.8314%)
entry 5288000/6088812 (86.8478%)
entry 5289000/6088812 (86.8642%)
entry 5291000/6088812 (86.8971%)
entry 5292000/6088812 (86.9135%)
entry 5293000/6088812 (86.9299%)
entry 5294000/6088812 (86.9464%)
entry 5297000/6088812 (86.9956%)
entry 5301000/6088812 (87.0613%)
entry 5302000/6088812 (87.0777%)
entry 5305000/6088812 (87.127%)
entry 5306000/6088812 (87.1434%)
entry 5312000/6088812 (87.242%)
entry 5318000/6088812 (87.3405%)
entry 5323000/6088812 (87.4226%)
entry 5325000/6088812 (87.4555%)
entry 5326000/6088812 (87.4719%)
entry 5327000/6088812 (87.4883%)
entry 5328000/6088812 (87.5048%)
entry 5331000/6088812 (87.554%)
entry 5335000/6088812 (87.6197%)
entry 5337000/6088812 (87.6526%)
entry 5338000/6088812 (87.669%)
entry 5340000/6088812 (87.7018%)
entry 5347000/6088812 (87.8168%)
entry 5349000/6088812 (87.8496%)
entry 5355000/6088812 (87.9482%)
entry 5356000/6088812 (87.9646%)
entry 5359000/6088812 (88.0139%)
entry 5367000/6088812 (88.1453%)
entry 5369000/6088812 (88.1781%)
entry 5370000/6088812 (88.1945%)
entry 5371000/6088812 (88.211%)
entry 5374000/6088812 (88.2602%)
entry 5375000/6088812 (88.2767%)
entry 5377000/6088812 (88.3095%)
entry 5378000/6088812 (88.3259%)
entry 5383000/6088812 (88.4081%)
entry 5386000/6088812 (88.4573%)
entry 5388000/6088812 (88.4902%)
entry 5391000/6088812 (88.5394%)
entry 5395000/6088812 (88.6051%)
entry 5396000/6088812 (88.6216%)
entry 5398000/6088812 (88.6544%)
entry 5399000/6088812 (88.6708%)
entry 5401000/6088812 (88.7037%)
entry 5404000/6088812 (88.7529%)
entry 5409000/6088812 (88.8351%)
entry 5410000/6088812 (88.8515%)
entry 5412000/6088812 (88.8843%)
entry 5415000/6088812 (88.9336%)
entry 5417000/6088812 (88.9665%)
entry 5426000/6088812 (89.1143%)
entry 5432000/6088812 (89.2128%)
entry 5434000/6088812 (89.2457%)
entry 5437000/6088812 (89.2949%)
entry 5438000/6088812 (89.3113%)
entry 5443000/6088812 (89.3935%)
entry 5444000/6088812 (89.4099%)
entry 5447000/6088812 (89.4592%)
entry 5448000/6088812 (89.4756%)
entry 5450000/6088812 (89.5084%)
entry 5452000/6088812 (89.5413%)
entry 5453000/6088812 (89.5577%)
entry 5454000/6088812 (89.5741%)
entry 5456000/6088812 (89.607%)
entry 5457000/6088812 (89.6234%)
entry 5458000/6088812 (89.6398%)
entry 5463000/6088812 (89.7219%)
entry 5465000/6088812 (89.7548%)
entry 5469000/6088812 (89.8205%)
entry 5471000/6088812 (89.8533%)
entry 5475000/6088812 (89.919%)
entry 5478000/6088812 (89.9683%)
entry 5480000/6088812 (90.0011%)
entry 5481000/6088812 (90.0176%)
entry 5483000/6088812 (90.0504%)
entry 5485000/6088812 (90.0833%)
entry 5491000/6088812 (90.1818%)
entry 5493000/6088812 (90.2146%)
entry 5495000/6088812 (90.2475%)
entry 5498000/6088812 (90.2968%)
entry 5499000/6088812 (90.3132%)
entry 5502000/6088812 (90.3625%)
entry 5505000/6088812 (90.4117%)
entry 5507000/6088812 (90.4446%)
entry 5515000/6088812 (90.576%)
entry 5516000/6088812 (90.5924%)
entry 5520000/6088812 (90.6581%)
entry 5521000/6088812 (90.6745%)
entry 5523000/6088812 (90.7073%)
entry 5525000/6088812 (90.7402%)
entry 5532000/6088812 (90.8552%)
entry 5535000/6088812 (90.9044%)
entry 5536000/6088812 (90.9209%)
entry 5537000/6088812 (90.9373%)
entry 5539000/6088812 (90.9701%)
entry 5544000/6088812 (91.0522%)
entry 5549000/6088812 (91.1344%)
entry 5560000/6088812 (91.315%)
entry 5567000/6088812 (91.43%)
entry 5570000/6088812 (91.4793%)
entry 5571000/6088812 (91.4957%)
entry 5577000/6088812 (91.5942%)
entry 5582000/6088812 (91.6763%)
entry 5587000/6088812 (91.7585%)
entry 5588000/6088812 (91.7749%)
entry 5590000/6088812 (91.8077%)
entry 5591000/6088812 (91.8242%)
entry 5599000/6088812 (91.9555%)
entry 5600000/6088812 (91.972%)
entry 5601000/6088812 (91.9884%)
entry 5603000/6088812 (92.0212%)
entry 5607000/6088812 (92.0869%)
entry 5609000/6088812 (92.1198%)
entry 5610000/6088812 (92.1362%)
entry 5611000/6088812 (92.1526%)
entry 5613000/6088812 (92.1855%)
entry 5617000/6088812 (92.2512%)
entry 5625000/6088812 (92.3826%)
entry 5629000/6088812 (92.4482%)
entry 5632000/6088812 (92.4975%)
entry 5633000/6088812 (92.5139%)
entry 5640000/6088812 (92.6289%)
entry 5646000/6088812 (92.7274%)
entry 5647000/6088812 (92.7439%)
entry 5652000/6088812 (92.826%)
entry 5654000/6088812 (92.8588%)
entry 5657000/6088812 (92.9081%)
entry 5661000/6088812 (92.9738%)
entry 5665000/6088812 (93.0395%)
entry 5666000/6088812 (93.0559%)
entry 5669000/6088812 (93.1052%)
entry 5670000/6088812 (93.1216%)
entry 5681000/6088812 (93.3023%)
entry 5682000/6088812 (93.3187%)
entry 5683000/6088812 (93.3351%)
entry 5686000/6088812 (93.3844%)
entry 5688000/6088812 (93.4172%)
entry 5690000/6088812 (93.4501%)
entry 5691000/6088812 (93.4665%)
entry 5697000/6088812 (93.5651%)
entry 5700000/6088812 (93.6143%)
entry 5701000/6088812 (93.6307%)
entry 5704000/6088812 (93.68%)
entry 5708000/6088812 (93.7457%)
entry 5709000/6088812 (93.7621%)
entry 5711000/6088812 (93.795%)
entry 5714000/6088812 (93.8443%)
entry 5718000/6088812 (93.9099%)
entry 5721000/6088812 (93.9592%)
entry 5727000/6088812 (94.0578%)
entry 5729000/6088812 (94.0906%)
entry 5730000/6088812 (94.107%)
entry 5731000/6088812 (94.1235%)
entry 5733000/6088812 (94.1563%)
entry 5740000/6088812 (94.2713%)
entry 5741000/6088812 (94.2877%)
entry 5746000/6088812 (94.3698%)
entry 5747000/6088812 (94.3862%)
entry 5752000/6088812 (94.4683%)
entry 5758000/6088812 (94.5669%)
entry 5761000/6088812 (94.6162%)
entry 5762000/6088812 (94.6326%)
entry 5763000/6088812 (94.649%)
entry 5770000/6088812 (94.764%)
entry 5775000/6088812 (94.8461%)
entry 5776000/6088812 (94.8625%)
entry 5778000/6088812 (94.8954%)
entry 5783000/6088812 (94.9775%)
entry 5785000/6088812 (95.0103%)
entry 5786000/6088812 (95.0267%)
entry 5788000/6088812 (95.0596%)
entry 5790000/6088812 (95.0924%)
entry 5794000/6088812 (95.1581%)
entry 5798000/6088812 (95.2238%)
entry 5801000/6088812 (95.2731%)
entry 5803000/6088812 (95.3059%)
entry 5808000/6088812 (95.3881%)
entry 5811000/6088812 (95.4373%)
entry 5814000/6088812 (95.4866%)
entry 5816000/6088812 (95.5195%)
entry 5818000/6088812 (95.5523%)
entry 5831000/6088812 (95.7658%)
entry 5833000/6088812 (95.7987%)
entry 5836000/6088812 (95.8479%)
entry 5837000/6088812 (95.8643%)
entry 5838000/6088812 (95.8808%)
entry 5847000/6088812 (96.0286%)
entry 5848000/6088812 (96.045%)
entry 5851000/6088812 (96.0943%)
entry 5857000/6088812 (96.1928%)
entry 5861000/6088812 (96.2585%)
entry 5863000/6088812 (96.2914%)
entry 5864000/6088812 (96.3078%)
entry 5865000/6088812 (96.3242%)
entry 5868000/6088812 (96.3735%)
entry 5869000/6088812 (96.3899%)
entry 5871000/6088812 (96.4227%)
entry 5874000/6088812 (96.472%)
entry 5875000/6088812 (96.4884%)
entry 5876000/6088812 (96.5049%)
entry 5880000/6088812 (96.5706%)
entry 5882000/6088812 (96.6034%)
entry 5885000/6088812 (96.6527%)
entry 5886000/6088812 (96.6691%)
entry 5888000/6088812 (96.7019%)
entry 5893000/6088812 (96.7841%)
entry 5895000/6088812 (96.8169%)
entry 5897000/6088812 (96.8498%)
entry 5904000/6088812 (96.9647%)
entry 5905000/6088812 (96.9811%)
entry 5908000/6088812 (97.0304%)
entry 5909000/6088812 (97.0468%)
entry 5917000/6088812 (97.1782%)
entry 5918000/6088812 (97.1947%)
entry 5920000/6088812 (97.2275%)
entry 5921000/6088812 (97.2439%)
entry 5927000/6088812 (97.3425%)
entry 5929000/6088812 (97.3753%)
entry 5931000/6088812 (97.4082%)
entry 5933000/6088812 (97.441%)
entry 5938000/6088812 (97.5231%)
entry 5944000/6088812 (97.6217%)
entry 5949000/6088812 (97.7038%)
entry 5954000/6088812 (97.7859%)
entry 5959000/6088812 (97.868%)
entry 5971000/6088812 (98.0651%)
entry 5976000/6088812 (98.1472%)
entry 5977000/6088812 (98.1636%)
entry 5978000/6088812 (98.1801%)
entry 5980000/6088812 (98.2129%)
entry 5982000/6088812 (98.2458%)
entry 5985000/6088812 (98.295%)
entry 5990000/6088812 (98.3772%)
entry 5995000/6088812 (98.4593%)
entry 5997000/6088812 (98.4921%)
entry 5999000/6088812 (98.525%)
entry 6002000/6088812 (98.5742%)
entry 6003000/6088812 (98.5907%)
entry 6011000/6088812 (98.722%)
entry 6017000/6088812 (98.8206%)
entry 6021000/6088812 (98.8863%)
entry 6024000/6088812 (98.9356%)
entry 6025000/6088812 (98.952%)
entry 6027000/6088812 (98.9848%)
entry 6028000/6088812 (99.0013%)
entry 6029000/6088812 (99.0177%)
entry 6032000/6088812 (99.0669%)
entry 6035000/6088812 (99.1162%)
entry 6036000/6088812 (99.1326%)
entry 6038000/6088812 (99.1655%)
entry 6039000/6088812 (99.1819%)
entry 6040000/6088812 (99.1983%)
entry 6041000/6088812 (99.2148%)
entry 6051000/6088812 (99.379%)
entry 6052000/6088812 (99.3954%)
entry 6054000/6088812 (99.4283%)
entry 6059000/6088812 (99.5104%)
entry 6063000/6088812 (99.5761%)
entry 6072000/6088812 (99.7239%)
entry 6073000/6088812 (99.7403%)
entry 6076000/6088812 (99.7896%)
entry 6080000/6088812 (99.8553%)
entry 6083000/6088812 (99.9045%)
entry 6086000/6088812 (99.9538%)
all done
script done
