sphnx1132.sdcc.bnl.gov
rsyncing from /gpfs/mnt/gpfs02/sphenix/user/samfred/run25/ppg11/histmaking
running: /gpfs/mnt/gpfs02/sphenix/user/samfred/run25/ppg11/histmaking/script_data.sh 49347
LD_LIBRARY_PATH now /sphenix/user/samfred/run25/install//lib:/cvmfs/sphenix.sdcc.bnl.gov/alma9.2-gcc-14.2.0/opt/sphenix/core/gcc/14.2.0-2f0a0/x86_64-el9/lib:/cvmfs/sphenix.sdcc.bnl.gov/alma9.2-gcc-14.2.0/opt/sphenix/core/gcc/14.2.0-2f0a0/x86_64-el9/lib64:/cvmfs/sphenix.sdcc.bnl.gov/alma9.2-gcc-14.2.0/opt/sphenix/core/binutils/2.40-acaab/x86_64-el9/lib:.:/cvmfs/sphenix.sdcc.bnl.gov/alma9.2-gcc-14.2.0/release/release_new/new.10/lib64:/cvmfs/sphenix.sdcc.bnl.gov/alma9.2-gcc-14.2.0/release/release_new/new.10/lib:/cvmfs/sphenix.sdcc.bnl.gov/alma9.2-gcc-14.2.0/opt/sphenix/utils/lib:/cvmfs/sphenix.sdcc.bnl.gov/alma9.2-gcc-14.2.0/opt/sphenix/core/lib:/cvmfs/sphenix.sdcc.bnl.gov/alma9.2-gcc-14.2.0/opt/sphenix/core/root-6.32.06/lib:/cvmfs/sphenix.sdcc.bnl.gov/alma9.2-gcc-14.2.0/opt/sphenix/core/geant4.10.07.p04/lib64:/cvmfs/sphenix.sdcc.bnl.gov/alma9.2-gcc-14.2.0/opt/sphenix/core/lhapdf-5.9.1/lib:/usr/local/lib64:/usr/lib64
PATH now /sphenix/user/samfred/run25/install//bin:/cvmfs/sphenix.sdcc.bnl.gov/alma9.2-gcc-14.2.0/opt/sphenix/core/gcc/14.2.0-2f0a0/x86_64-el9/bin:/cvmfs/sphenix.sdcc.bnl.gov/alma9.2-gcc-14.2.0/opt/sphenix/core/binutils/2.40-acaab/x86_64-el9/bin:.:/cvmfs/sphenix.sdcc.bnl.gov/alma9.2-gcc-14.2.0/release/release_new/new.10/bin:/cvmfs/sphenix.sdcc.bnl.gov/alma9.2-gcc-14.2.0/opt/sphenix/utils/bin:/cvmfs/sphenix.sdcc.bnl.gov/alma9.2-gcc-14.2.0/opt/sphenix/core/bin:/cvmfs/sphenix.sdcc.bnl.gov/alma9.2-gcc-14.2.0/opt/sphenix/core/root-6.32.06/bin:/cvmfs/sphenix.sdcc.bnl.gov/alma9.2-gcc-14.2.0/opt/sphenix/core/geant4.10.07.p04/bin:/usr/local/bin:/usr/bin:/usr/local/sbin:/usr/sbin
SINGULARITY_CACHEDIR=/home/condor/local/sphnx/execute/dir_2721193
_CONDOR_CHIRP_CONFIG=/home/condor/local/sphnx/execute/dir_2721193/.chirp.config
_CONDOR_JOB_IWD=/sphenix/user/samfred/run25/ppg11/histmaking
G4ENSDFSTATEDATA=/cvmfs/sphenix.sdcc.bnl.gov/alma9.2-gcc-14.2.0/opt/sphenix/core/geant4.10.07.p04/share/Geant4-10.7.4/data/G4ENSDFSTATE2.3
_CONDOR_MACHINE_AD=/home/condor/local/sphnx/execute/dir_2721193/.machine.ad
ROOT_MAX_THREADS=1
NUMEXPR_NUM_THREADS=1
CUBACORES=1
_CHIRP_DELAYED_UPDATE_PREFIX=Chirp*
OMP_THREAD_LIMIT=1
G4PIIDATA=/cvmfs/sphenix.sdcc.bnl.gov/alma9.2-gcc-14.2.0/opt/sphenix/core/geant4.10.07.p04/share/Geant4-10.7.4/data/G4PII1.3
NO_AT_BRIDGE=1
G4_MAIN=/cvmfs/sphenix.sdcc.bnl.gov/alma9.2-gcc-14.2.0/opt/sphenix/core/geant4.10.07.p04
COMPILER_PATH=/cvmfs/sphenix.sdcc.bnl.gov/alma9.2-gcc-14.2.0/opt/sphenix/core/gcc/14.2.0-2f0a0/x86_64-el9
ROOT_INCLUDE_PATH=./:/sphenix/user/samfred/run25/install//include:/sphenix/user/samfred/run25/install//include/caloana:/sphenix/user/samfred/run25/install//include/qa_centrality:/sphenix/user/samfred/run25/install//include/mbdana:/sphenix/user/samfred/run25/install//include/centrality:/sphenix/user/samfred/run25/install//include/Event:/cvmfs/sphenix.sdcc.bnl.gov/alma9.2-gcc-14.2.0/release/release_new/new.10/include:/cvmfs/sphenix.sdcc.bnl.gov/alma9.2-gcc-14.2.0/release/release_new/new.10/include:/cvmfs/sphenix.sdcc.bnl.gov/alma9.2-gcc-14.2.0/release/release_new/new.10/include/g4mbd:/cvmfs/sphenix.sdcc.bnl.gov/alma9.2-gcc-14.2.0/release/release_new/new.10/include/fmt:/cvmfs/sphenix.sdcc.bnl.gov/alma9.2-gcc-14.2.0/release/release_new/new.10/include/ffarawobjects:/cvmfs/sphenix.sdcc.bnl.gov/alma9.2-gcc-14.2.0/release/release_new/new.10/include/JSON:/cvmfs/sphenix.sdcc.bnl.gov/alma9.2-gcc-14.2.0/release/release_new/new.10/include/calotreegen:/cvmfs/sphenix.sdcc.bnl.gov/alma9.2-gcc-14.2.0/release/release_new/new.10/include/torch:/cvmfs/sphenix.sdcc.bnl.gov/alma9.2-gcc-14.2.0/release/release_new/new.10/include/g4detectors:/cvmfs/sphenix.sdcc.bnl.gov/alma9.2-gcc-14.2.0/release/release_new/new.10/include/kineto:/cvmfs/sphenix.sdcc.bnl.gov/alma9.2-gcc-14.2.0/release/release_new/new.10/include/g4decayer:/cvmfs/sphenix.sdcc.bnl.gov/alma9.2-gcc-14.2.0/release/release_new/new.10/include/kfparticleqa:/cvmfs/sphenix.sdcc.bnl.gov/alma9.2-gcc-14.2.0/release/release_new/new.10/include/phfield:/cvmfs/sphenix.sdcc.bnl.gov/alma9.2-gcc-14.2.0/release/release_new/new.10/include/LHAPDF:/cvmfs/sphenix.sdcc.bnl.gov/alma9.2-gcc-14.2.0/release/release_new/new.10/include/readdigitalcurrents:/cvmfs/sphenix.sdcc.bnl.gov/alma9.2-gcc-14.2.0/release/release_new/new.10/include/c10:/cvmfs/sphenix.sdcc.bnl.gov/alma9.2-gcc-14.2.0/release/release_new/new.10/include/calovalid:/cvmfs/sphenix.sdcc.bnl.gov/alma9.2-gcc-14.2.0/release/release_new/new.10/include/oneapi:/cvmfs/sphenix.sdcc.bnl.gov/alma9.2-gcc-14.2.0/release/release_new/new.10/include/DDCond:/cvmfs/sphenix.sdcc.bnl.gov/alma9.2-gcc-14.2.0/release/release_new/new.10/include/g4tracking:/cvmfs/sphenix.sdcc.bnl.gov/alma9.2-gcc-14.2.0/release/release_new/new.10/include/litecaloeval:/cvmfs/sphenix.sdcc.bnl.gov/alma9.2-gcc-14.2.0/release/release_new/new.10/include/g4intt:/cvmfs/sphenix.sdcc.bnl.gov/alma9.2-gcc-14.2.0/release/release_new/new.10/include/phool:/cvmfs/sphenix.sdcc.bnl.gov/alma9.2-gcc-14.2.0/release/release_new/new.10/include/boost:/cvmfs/sphenix.sdcc.bnl.gov/alma9.2-gcc-14.2.0/release/release_new/new.10/include/Pythia8Plugins:/cvmfs/sphenix.sdcc.bnl.gov/alma9.2-gcc-14.2.0/release/release_new/new.10/include/calib_emc_pi0:/cvmfs/sphenix.sdcc.bnl.gov/alma9.2-gcc-14.2.0/release/release_new/new.10/include/hijingflipafterburner:/cvmfs/sphenix.sdcc.bnl.gov/alma9.2-gcc-14.2.0/release/release_new/new.10/include/ffaobjects:/cvmfs/sphenix.sdcc.bnl.gov/alma9.2-gcc-14.2.0/release/release_new/new.10/include/EvtGenBase:/cvmfs/sphenix.sdcc.bnl.gov/alma9.2-gcc-14.2.0/release/release_new/new.10/include/flowafterburner:/cvmfs/sphenix.sdcc.bnl.gov/alma9.2-gcc-14.2.0/release/release_new/new.10/include/google:/cvmfs/sphenix.sdcc.bnl.gov/alma9.2-gcc-14.2.0/release/release_new/new.10/include/g4tpc:/cvmfs/sphenix.sdcc.bnl.gov/alma9.2-gcc-14.2.0/release/release_new/new.10/include/caffe2:/cvmfs/sphenix.sdcc.bnl.gov/alma9.2-gcc-14.2.0/release/release_new/new.10/include/EvtGenExternal:/cvmfs/sphenix.sdcc.bnl.gov/alma9.2-gcc-14.2.0/release/release_new/new.10/include/fp16:/cvmfs/sphenix.sdcc.bnl.gov/alma9.2-gcc-14.2.0/release/release_new/new.10/include/ffamodules:/cvmfs/sphenix.sdcc.bnl.gov/alma9.2-gcc-14.2.0/release/release_new/new.10/include/uspin:/cvmfs/sphenix.sdcc.bnl.gov/alma9.2-gcc-14.2.0/release/release_new/new.10/include/Herwig:/cvmfs/sphenix.sdcc.bnl.gov/alma9.2-gcc-14.2.0/release/release_new/new.10/include/genfitexp:/cvmfs/sphenix.sdcc.bnl.gov/alma9.2-gcc-14.2.0/release/release_new/new.10/include/XML:/cvmfs/sphenix.sdcc.bnl.gov/alma9.2-gcc-14.2.0/release/release_new/new.10/include/fbgemm:/cvmfs/sphenix.sdcc.bnl.gov/alma9.2-gcc-14.2.0/release/release_new/new.10/include/DDAlign:/cvmfs/sphenix.sdcc.bnl.gov/alma9.2-gcc-14.2.0/release/release_new/new.10/include/g4mvtx:/cvmfs/sphenix.sdcc.bnl.gov/alma9.2-gcc-14.2.0/release/release_new/new.10/include/kfparticle_sphenix:/cvmfs/sphenix.sdcc.bnl.gov/alma9.2-gcc-14.2.0/release/release_new/new.10/include/fun4all:/cvmfs/sphenix.sdcc.bnl.gov/alma9.2-gcc-14.2.0/release/release_new/new.10/include/intt:/cvmfs/sphenix.sdcc.bnl.gov/alma9.2-gcc-14.2.0/release/release_new/new.10/include/eventdisplay:/cvmfs/sphenix.sdcc.bnl.gov/alma9.2-gcc-14.2.0/release/release_new/new.10/include/EvtGen:/cvmfs/sphenix.sdcc.bnl.gov/alma9.2-gcc-14.2.0/release/release_new/new.10/include/Evaluator:/cvmfs/sphenix.sdcc.bnl.gov/alma9.2-gcc-14.2.0/release/release_new/new.10/include/tpc:/cvmfs/sphenix.sdcc.bnl.gov/alma9.2-gcc-14.2.0/release/release_new/new.10/include/GenFit:/cvmfs/sphenix.sdcc.bnl.gov/alma9.2-gcc-14.2.0/release/release_new/new.10/include/prototype4:/cvmfs/sphenix.sdcc.bnl.gov/alma9.2-gcc-14.2.0/release/release_new/new.10/include/caloembedding:/cvmfs/sphenix.sdcc.bnl.gov/alma9.2-gcc-14.2.0/release/release_new/new.10/include/EvtGenModels:/cvmfs/sphenix.sdcc.bnl.gov/alma9.2-gcc-14.2.0/release/release_new/new.10/include/fastjet:/cvmfs/sphenix.sdcc.bnl.gov/alma9.2-gcc-14.2.0/release/release_new/new.10/include/DDG4:/cvmfs/sphenix.sdcc.bnl.gov/alma9.2-gcc-14.2.0/release/release_new/new.10/include/mbd:/cvmfs/sphenix.sdcc.bnl.gov/alma9.2-gcc-14.2.0/release/release_new/new.10/include/tbb:/cvmfs/sphenix.sdcc.bnl.gov/alma9.2-gcc-14.2.0/release/release_new/new.10/include/phgeom:/cvmfs/sphenix.sdcc.bnl.gov/alma9.2-gcc-14.2.0/release/release_new/new.10/include/g4epd:/cvmfs/sphenix.sdcc.bnl.gov/alma9.2-gcc-14.2.0/release/release_new/new.10/include/oncal:/cvmfs/sphenix.sdcc.bnl.gov/alma9.2-gcc-14.2.0/release/release_new/new.10/include/pybind11:/cvmfs/sphenix.sdcc.bnl.gov/alma9.2-gcc-14.2.0/release/release_new/new.10/include/tpcdistgenerator:/cvmfs/sphenix.sdcc.bnl.gov/alma9.2-gcc-14.2.0/release/release_new/new.10/include/cdbobjects:/cvmfs/sphenix.sdcc.bnl.gov/alma9.2-gcc-14.2.0/release/release_new/new.10/include/g4micromegas:/cvmfs/sphenix.sdcc.bnl.gov/alma9.2-gcc-14.2.0/release/release_new/new.10/include/g4eval:/cvmfs/sphenix.sdcc.bnl.gov/alma9.2-gcc-14.2.0/release/release_new/new.10/include/jetbackground:/cvmfs/sphenix.sdcc.bnl.gov/alma9.2-gcc-14.2.0/release/release_new/new.10/include/micromegas:/cvmfs/sphenix.sdcc.bnl.gov/alma9.2-gcc-14.2.0/release/release_new/new.10/include/hftrackefficiency:/cvmfs/sphenix.sdcc.bnl.gov/alma9.2-gcc-14.2.0/release/release_new/new.10/include/inttrawhitqa:/cvmfs/sphenix.sdcc.bnl.gov/alma9.2-gcc-14.2.0/release/release_new/new.10/include/centrality:/cvmfs/sphenix.sdcc.bnl.gov/alma9.2-gcc-14.2.0/release/release_new/new.10/include/epd:/cvmfs/sphenix.sdcc.bnl.gov/alma9.2-gcc-14.2.0/release/release_new/new.10/include/caloreco:/cvmfs/sphenix.sdcc.bnl.gov/alma9.2-gcc-14.2.0/release/release_new/new.10/include/HepMC:/cvmfs/sphenix.sdcc.bnl.gov/alma9.2-gcc-14.2.0/release/release_new/new.10/include/CLHEP:/cvmfs/sphenix.sdcc.bnl.gov/alma9.2-gcc-14.2.0/release/release_new/new.10/include/Acts:/cvmfs/sphenix.sdcc.bnl.gov/alma9.2-gcc-14.2.0/release/release_new/new.10/include/g4histos:/cvmfs/sphenix.sdcc.bnl.gov/alma9.2-gcc-14.2.0/release/release_new/new.10/include/eventplaneinfo:/cvmfs/sphenix.sdcc.bnl.gov/alma9.2-gcc-14.2.0/release/release_new/new.10/include/fillspacechargemaps:/cvmfs/sphenix.sdcc.bnl.gov/alma9.2-gcc-14.2.0/release/release_new/new.10/include/phhepmc:/cvmfs/sphenix.sdcc.bnl.gov/alma9.2-gcc-14.2.0/release/release_new/new.10/include/trackingqa:/cvmfs/sphenix.sdcc.bnl.gov/alma9.2-gcc-14.2.0/release/release_new/new.10/include/qautils:/cvmfs/sphenix.sdcc.bnl.gov/alma9.2-gcc-14.2.0/release/release_new/new.10/include/trackreco:/cvmfs/sphenix.sdcc.bnl.gov/alma9.2-gcc-14.2.0/release/release_new/new.10/include/g4ohcal:/cvmfs/sphenix.sdcc.bnl.gov/alma9.2-gcc-14.2.0/release/release_new/new.10/include/tpcdvcalib:/cvmfs/sphenix.sdcc.bnl.gov/alma9.2-gcc-14.2.0/release/release_new/new.10/include/zdcinfo:/cvmfs/sphenix.sdcc.bnl.gov/alma9.2-gcc-14.2.0/release/release_new/new.10/include/phpythia8:/cvmfs/sphenix.sdcc.bnl.gov/alma9.2-gcc-14.2.0/release/release_new/new.10/include/fun4allutils:/cvmfs/sphenix.sdcc.bnl.gov/alma9.2-gcc-14.2.0/release/release_new/new.10/include/tpcqa:/cvmfs/sphenix.sdcc.bnl.gov/alma9.2-gcc-14.2.0/release/release_new/new.10/include/Pythia8:/cvmfs/sphenix.sdcc.bnl.gov/alma9.2-gcc-14.2.0/release/release_new/new.10/include/DDRec:/cvmfs/sphenix.sdcc.bnl.gov/alma9.2-gcc-14.2.0/release/release_new/new.10/include/DDDigi:/cvmfs/sphenix.sdcc.bnl.gov/alma9.2-gcc-14.2.0/release/release_new/new.10/include/g4ihcal:/cvmfs/sphenix.sdcc.bnl.gov/alma9.2-gcc-14.2.0/release/release_new/new.10/include/frog:/cvmfs/sphenix.sdcc.bnl.gov/alma9.2-gcc-14.2.0/release/release_new/new.10/include/eigen3:/cvmfs/sphenix.sdcc.bnl.gov/alma9.2-gcc-14.2.0/release/release_new/new.10/include/tensorpipe:/cvmfs/sphenix.sdcc.bnl.gov/alma9.2-gcc-14.2.0/release/release_new/new.10/include/sphenixnpc:/cvmfs/sphenix.sdcc.bnl.gov/alma9.2-gcc-14.2.0/release/release_new/new.10/include/siscone:/cvmfs/sphenix.sdcc.bnl.gov/alma9.2-gcc-14.2.0/release/release_new/new.10/include/pmonitor:/cvmfs/sphenix.sdcc.bnl.gov/alma9.2-gcc-14.2.0/release/release_new/new.10/include/calobase:/cvmfs/sphenix.sdcc.bnl.gov/alma9.2-gcc-14.2.0/release/release_new/new.10/include/ActsExamples:/cvmfs/sphenix.sdcc.bnl.gov/alma9.2-gcc-14.2.0/release/release_new/new.10/include/g4gdml:/cvmfs/sphenix.sdcc.bnl.gov/alma9.2-gcc-14.2.0/release/release_new/new.10/include/mvtx_decoder:/cvmfs/sphenix.sdcc.bnl.gov/alma9.2-gcc-14.2.0/release/release_new/new.10/include/ROOT:/cvmfs/sphenix.sdcc.bnl.gov/alma9.2-gcc-14.2.0/release/release_new/new.10/include/phparameter:/cvmfs/sphenix.sdcc.bnl.gov/alma9.2-gcc-14.2.0/release/release_new/new.10/include/rsa:/cvmfs/sphenix.sdcc.bnl.gov/alma9.2-gcc-14.2.0/release/release_new/new.10/include/fun4allraw:/cvmfs/sphenix.sdcc.bnl.gov/alma9.2-gcc-14.2.0/release/release_new/new.10/include/trackbase_historic:/cvmfs/sphenix.sdcc.bnl.gov/alma9.2-gcc-14.2.0/release/release_new/new.10/include/g4jets:/cvmfs/sphenix.sdcc.bnl.gov/alma9.2-gcc-14.2.0/release/release_new/new.10/include/jetqa:/cvmfs/sphenix.sdcc.bnl.gov/alma9.2-gcc-14.2.0/release/release_new/new.10/include/phoolraw:/cvmfs/sphenix.sdcc.bnl.gov/alma9.2-gcc-14.2.0/release/release_new/new.10/include/g4calo:/cvmfs/sphenix.sdcc.bnl.gov/alma9.2-gcc-14.2.0/release/release_new/new.10/include/mvtxrawhitqa:/cvmfs/sphenix.sdcc.bnl.gov/alma9.2-gcc-14.2.0/release/release_new/new.10/include/HepMC3:/cvmfs/sphenix.sdcc.bnl.gov/alma9.2-gcc-14.2.0/release/release_new/new.10/include/calowaveformsim:/cvmfs/sphenix.sdcc.bnl.gov/alma9.2-gcc-14.2.0/release/release_new/new.10/include/g4caloprototype:/cvmfs/sphenix.sdcc.bnl.gov/alma9.2-gcc-14.2.0/release/release_new/new.10/include/pdbcalbase:/cvmfs/sphenix.sdcc.bnl.gov/alma9.2-gcc-14.2.0/release/release_new/new.10/include/gsl:/cvmfs/sphenix.sdcc.bnl.gov/alma9.2-gcc-14.2.0/release/release_new/new.10/include/nodedump:/cvmfs/sphenix.sdcc.bnl.gov/alma9.2-gcc-14.2.0/release/release_new/new.10/include/emcnoisytowerfinder:/cvmfs/sphenix.sdcc.bnl.gov/alma9.2-gcc-14.2.0/release/release_new/new.10/include/ActsFatras:/cvmfs/sphenix.sdcc.bnl.gov/alma9.2-gcc-14.2.0/release/release_new/new.10/include/ffarawmodules:/cvmfs/sphenix.sdcc.bnl.gov/alma9.2-gcc-14.2.0/release/release_new/new.10/include/Event:/cvmfs/sphenix.sdcc.bnl.gov/alma9.2-gcc-14.2.0/release/release_new/new.10/include/prototype3:/cvmfs/sphenix.sdcc.bnl.gov/alma9.2-gcc-14.2.0/release/release_new/new.10/include/fermimotionafterburner:/cvmfs/sphenix.sdcc.bnl.gov/alma9.2-gcc-14.2.0/release/release_new/new.10/include/Photos:/cvmfs/sphenix.sdcc.bnl.gov/alma9.2-gcc-14.2.0/release/release_new/new.10/include/xingshiftcal:/cvmfs/sphenix.sdcc.bnl.gov/alma9.2-gcc-14.2.0/release/release_new/new.10/include/trackbase:/cvmfs/sphenix.sdcc.bnl.gov/alma9.2-gcc-14.2.0/release/release_new/new.10/include/jetdstskimmer:/cvmfs/sphenix.sdcc.bnl.gov/alma9.2-gcc-14.2.0/release/release_new/new.10/include/clusteriso:/cvmfs/sphenix.sdcc.bnl.gov/alma9.2-gcc-14.2.0/release/release_new/new.10/include/asmjit:/cvmfs/sphenix.sdcc.bnl.gov/alma9.2-gcc-14.2.0/release/release_new/new.10/include/particleflowreco:/cvmfs/sphenix.sdcc.bnl.gov/alma9.2-gcc-14.2.0/release/release_new/new.10/include/tpchittrackdisplay:/cvmfs/sphenix.sdcc.bnl.gov/alma9.2-gcc-14.2.0/release/release_new/new.10/include/caloana:/cvmfs/sphenix.sdcc.bnl.gov/alma9.2-gcc-14.2.0/release/release_new/new.10/include/calotrigger:/cvmfs/sphenix.sdcc.bnl.gov/alma9.2-gcc-14.2.0/release/release_new/new.10/include/nopayloadclient:/cvmfs/sphenix.sdcc.bnl.gov/alma9.2-gcc-14.2.0/release/release_new/new.10/include/trackermillepedealignment:/cvmfs/sphenix.sdcc.bnl.gov/alma9.2-gcc-14.2.0/release/release_new/new.10/include/DD4hep:/cvmfs/sphenix.sdcc.bnl.gov/alma9.2-gcc-14.2.0/release/release_new/new.10/include/g4trackfastsim:/cvmfs/sphenix.sdcc.bnl.gov/alma9.2-gcc-14.2.0/release/release_new/new.10/include/prototype2:/cvmfs/sphenix.sdcc.bnl.gov/alma9.2-gcc-14.2.0/release/release_new/new.10/include/ATen:/cvmfs/sphenix.sdcc.bnl.gov/alma9.2-gcc-14.2.0/release/release_new/new.10/include/g4main:/cvmfs/sphenix.sdcc.bnl.gov/alma9.2-gcc-14.2.0/release/release_new/new.10/include/Tauola:/cvmfs/sphenix.sdcc.bnl.gov/alma9.2-gcc-14.2.0/release/release_new/new.10/include/inttcalib:/cvmfs/sphenix.sdcc.bnl.gov/alma9.2-gcc-14.2.0/release/release_new/new.10/include/reactionplaneafterburner:/cvmfs/sphenix.sdcc.bnl.gov/alma9.2-gcc-14.2.0/release/release_new/new.10/include/globalqa:/cvmfs/sphenix.sdcc.bnl.gov/alma9.2-gcc-14.2.0/release/release_new/new.10/include/tpccalib:/cvmfs/sphenix.sdcc.bnl.gov/alma9.2-gcc-14.2.0/release/release_new/new.10/include/DDSegmentation:/cvmfs/sphenix.sdcc.bnl.gov/alma9.2-gcc-14.2.0/release/release_new/new.10/include/decayfinder:/cvmfs/sphenix.sdcc.bnl.gov/alma9.2-gcc-14.2.0/release/release_new/new.10/include/compressclus:/cvmfs/sphenix.sdcc.bnl.gov/alma9.2-gcc-14.2.0/release/release_new/new.10/include/simqa_modules:/cvmfs/sphenix.sdcc.bnl.gov/alma9.2-gcc-14.2.0/release/release_new/new.10/include/resonancejettagging:/cvmfs/sphenix.sdcc.bnl.gov/alma9.2-gcc-14.2.0/release/release_new/new.10/include/g4centrality:/cvmfs/sphenix.sdcc.bnl.gov/alma9.2-gcc-14.2.0/release/release_new/new.10/include/mvtx:/cvmfs/sphenix.sdcc.bnl.gov/alma9.2-gcc-14.2.0/release/release_new/new.10/include/nlohmann:/cvmfs/sphenix.sdcc.bnl.gov/alma9.2-gcc-14.2.0/release/release_new/new.10/include/localpoloffmon:/cvmfs/sphenix.sdcc.bnl.gov/alma9.2-gcc-14.2.0/release/release_new/new.10/include/DDEve:/cvmfs/sphenix.sdcc.bnl.gov/alma9.2-gcc-14.2.0/release/release_new/new.10/include/Parsers:/cvmfs/sphenix.sdcc.bnl.gov/alma9.2-gcc-14.2.0/release/release_new/new.10/include/trackingdiagnostics:/cvmfs/sphenix.sdcc.bnl.gov/alma9.2-gcc-14.2.0/release/release_new/new.10/include/g4vertex:/cvmfs/sphenix.sdcc.bnl.gov/alma9.2-gcc-14.2.0/release/release_new/new.10/include/jetbase:/cvmfs/sphenix.sdcc.bnl.gov/alma9.2-gcc-14.2.0/release/release_new/new.10/include/globalvertex:/cvmfs/sphenix.sdcc.bnl.gov/alma9.2-gcc-14.2.0/release/release_new/new.10/include/phgenfit:/cvmfs/sphenix.sdcc.bnl.gov/alma9.2-gcc-14.2.0/release/release_new/new.10/include/rawbcolumi:/cvmfs/sphenix.sdcc.bnl.gov/alma9.2-gcc-14.2.0/release/release_new/new.10/include/eicsmear:/cvmfs/sphenix.sdcc.bnl.gov/alma9.2-gcc-14.2.0/release/release_new/new.10/include/mvtxcalib:/cvmfs/sphenix.sdcc.bnl.gov/alma9.2-gcc-14.2.0/release/release_new/new.10/include/tpclinelaserdiode:/cvmfs/sphenix.sdcc.bnl.gov/alma9.2-gcc-14.2.0/release/release_new/new.10/include/hepmcjettrigger:/cvmfs/sphenix.sdcc.bnl.gov/alma9.2-gcc-14.2.0/release/release_new/new.10/include/core:/cvmfs/sphenix.sdcc.bnl.gov/alma9.2-gcc-14.2.0/release/release_new/new.10/include/calo_cdb:/cvmfs/sphenix.sdcc.bnl.gov/alma9.2-gcc-14.2.0/release/release_new/new.10/include/mvtxclustershapesqa:/cvmfs/sphenix.sdcc.bnl.gov/alma9.2-gcc-14.2.0/release/release_new/new.10/include/calopacketskimmer:/cvmfs/sphenix.sdcc.bnl.gov/alma9.2-gcc-14.2.0/opt/sphenix/core/geant4.10.07.p04/include:/cvmfs/sphenix.sdcc.bnl.gov/alma9.2-gcc-14.2.0/release/release_new/new.10/rootmacros:/cvmfs/sphenix.sdcc.bnl.gov/alma9.2-gcc-14.2.0/opt/sphenix/core/include
GSEARCHPATH=.:PG:LUSTRE:RAWDATA
PWD=/gpfs/mnt/gpfs02/sphenix/user/samfred/run25/ppg11/histmaking
LOGNAME=samfred
_CONDOR_JOB_AD=/home/condor/local/sphnx/execute/dir_2721193/.job.ad
MANPATH=/cvmfs/sphenix.sdcc.bnl.gov/alma9.2-gcc-14.2.0/opt/sphenix/core/gcc/14.2.0-2f0a0/x86_64-el9/share/man:/cvmfs/sphenix.sdcc.bnl.gov/alma9.2-gcc-14.2.0/opt/sphenix/core/binutils/2.40-acaab/x86_64-el9/share/man:/cvmfs/sphenix.sdcc.bnl.gov/alma9.2-gcc-14.2.0/release/release_new/new.10/share/man:/cvmfs/sphenix.sdcc.bnl.gov/alma9.2-gcc-14.2.0/opt/sphenix/utils/share/man:/cvmfs/sphenix.sdcc.bnl.gov/alma9.2-gcc-14.2.0/opt/sphenix/core/share/man:/cvmfs/sphenix.sdcc.bnl.gov/alma9.2-gcc-14.2.0/opt/sphenix/core/root-6.32.06/man:/usr/local/share/man:/usr/share/man
PYTHIA8=/cvmfs/sphenix.sdcc.bnl.gov/alma9.2-gcc-14.2.0/release/release_new/new.10/share/Pythia8
G4INCLDATA=/cvmfs/sphenix.sdcc.bnl.gov/alma9.2-gcc-14.2.0/opt/sphenix/core/geant4.10.07.p04/share/Geant4-10.7.4/data/G4INCL1.0
ORIG_PATH=/usr/local/bin:/usr/bin
CXX=/cvmfs/sphenix.sdcc.bnl.gov/alma9.2-gcc-14.2.0/opt/sphenix/core/gcc/14.2.0-2f0a0/x86_64-el9/bin/g++
G4LEDATA=/cvmfs/sphenix.sdcc.bnl.gov/alma9.2-gcc-14.2.0/opt/sphenix/core/geant4.10.07.p04/share/Geant4-10.7.4/data/G4EMLOW7.13
PYTHON_CPU_COUNT=1
OPENBLAS_NUM_THREADS=1
_CONDOR_BIN=/usr/bin
_CONDOR_ANCESTOR_310576=2721193:1759352702:177698630
HOME=/sphenix/u/samfred
G4PARTICLEXSDATA=/cvmfs/sphenix.sdcc.bnl.gov/alma9.2-gcc-14.2.0/opt/sphenix/core/geant4.10.07.p04/share/Geant4-10.7.4/data/G4PARTICLEXS3.1.1
ONLINE_MAIN=/cvmfs/sphenix.sdcc.bnl.gov/alma9.2-gcc-14.2.0/release/release_new/new.10
CALIBRATIONROOT=/cvmfs/sphenix.sdcc.bnl.gov/alma9.2-gcc-14.2.0/release/release_new/new.10/share/calibrations
TMPDIR=/tmp
_CONDOR_SCRATCH_DIR=/home/condor/local/sphnx/execute/dir_2721193
PGUSER=phnxrc
NOPAYLOADCLIENT_CONF=/cvmfs/sphenix.sdcc.bnl.gov/alma9.2-gcc-14.2.0/opt/sphenix/core/etc/sPHENIX_newcdb.json
_CONDOR_ANCESTOR_310541=310576:1756523323:927792334
XERCESCROOT=/cvmfs/sphenix.sdcc.bnl.gov/alma9.2-gcc-14.2.0/opt/sphenix/core/geant4.10.07.p04
LHAPATH=/cvmfs/sphenix.sdcc.bnl.gov/alma9.2-gcc-14.2.0/opt/sphenix/core/lhapdf-5.9.1/share/lhapdf/PDFsets
G4NEUTRONHPDATA=/cvmfs/sphenix.sdcc.bnl.gov/alma9.2-gcc-14.2.0/opt/sphenix/core/geant4.10.07.p04/share/Geant4-10.7.4/data/G4NDL4.6
PYTHONPATH=.:/cvmfs/sphenix.sdcc.bnl.gov/alma9.2-gcc-14.2.0/release/release_new/new.10/lib/python3.13/site-packages:/cvmfs/sphenix.sdcc.bnl.gov/alma9.2-gcc-14.2.0/opt/sphenix/core/lib/python3.13/site-packages:/cvmfs/sphenix.sdcc.bnl.gov/alma9.2-gcc-14.2.0/opt/sphenix/core/root-6.32.06/lib
USER=samfred
_CONDOR_JOB_PIDS=
TEMP=/tmp
GOMAXPROCS=1
_CONDOR_ANCESTOR_2721193=2722445:1759352702:3628122999
OFFLINE_MAIN=/cvmfs/sphenix.sdcc.bnl.gov/alma9.2-gcc-14.2.0/release/release_new/new.10
SHLVL=1
TF_NUM_THREADS=1
G4SAIDXSDATA=/cvmfs/sphenix.sdcc.bnl.gov/alma9.2-gcc-14.2.0/opt/sphenix/core/geant4.10.07.p04/share/Geant4-10.7.4/data/G4SAIDDATA2.0
APPTAINER_CACHEDIR=/home/condor/local/sphnx/execute/dir_2721193
ROOTSYS=/cvmfs/sphenix.sdcc.bnl.gov/alma9.2-gcc-14.2.0/opt/sphenix/core/root-6.32.06
BATCH_SYSTEM=HTCondor
_CONDOR_SLOT=slot1_31
LD_LIBRARY_PATH=/sphenix/user/samfred/run25/install//lib:/cvmfs/sphenix.sdcc.bnl.gov/alma9.2-gcc-14.2.0/opt/sphenix/core/gcc/14.2.0-2f0a0/x86_64-el9/lib:/cvmfs/sphenix.sdcc.bnl.gov/alma9.2-gcc-14.2.0/opt/sphenix/core/gcc/14.2.0-2f0a0/x86_64-el9/lib64:/cvmfs/sphenix.sdcc.bnl.gov/alma9.2-gcc-14.2.0/opt/sphenix/core/binutils/2.40-acaab/x86_64-el9/lib:.:/cvmfs/sphenix.sdcc.bnl.gov/alma9.2-gcc-14.2.0/release/release_new/new.10/lib64:/cvmfs/sphenix.sdcc.bnl.gov/alma9.2-gcc-14.2.0/release/release_new/new.10/lib:/cvmfs/sphenix.sdcc.bnl.gov/alma9.2-gcc-14.2.0/opt/sphenix/utils/lib:/cvmfs/sphenix.sdcc.bnl.gov/alma9.2-gcc-14.2.0/opt/sphenix/core/lib:/cvmfs/sphenix.sdcc.bnl.gov/alma9.2-gcc-14.2.0/opt/sphenix/core/root-6.32.06/lib:/cvmfs/sphenix.sdcc.bnl.gov/alma9.2-gcc-14.2.0/opt/sphenix/core/geant4.10.07.p04/lib64:/cvmfs/sphenix.sdcc.bnl.gov/alma9.2-gcc-14.2.0/opt/sphenix/core/lhapdf-5.9.1/lib:/usr/local/lib64:/usr/lib64
OPT_SPHENIX=/cvmfs/sphenix.sdcc.bnl.gov/alma9.2-gcc-14.2.0/opt/sphenix/core
TF_LOOP_PARALLEL_ITERATIONS=1
EVT_LIB=/cvmfs/sphenix.sdcc.bnl.gov/alma9.2-gcc-14.2.0/opt/sphenix/core/root-6.32.06/lib
PGHOST=sphnxdbmaster.sdcc.bnl.gov
OMP_NUM_THREADS=1
G4REALSURFACEDATA=/cvmfs/sphenix.sdcc.bnl.gov/alma9.2-gcc-14.2.0/opt/sphenix/core/geant4.10.07.p04/share/Geant4-10.7.4/data/RealSurface2.2
FC=/cvmfs/sphenix.sdcc.bnl.gov/alma9.2-gcc-14.2.0/opt/sphenix/core/gcc/14.2.0-2f0a0/x86_64-el9/bin/gfortran
G4ABLADATA=/cvmfs/sphenix.sdcc.bnl.gov/alma9.2-gcc-14.2.0/opt/sphenix/core/geant4.10.07.p04/share/Geant4-10.7.4/data/G4ABLA3.1
PARASOFT=doesnotexist
TMP=/tmp
OPT_UTILS=/cvmfs/sphenix.sdcc.bnl.gov/alma9.2-gcc-14.2.0/opt/sphenix/utils
CONFIG_SITE=/cvmfs/sphenix.sdcc.bnl.gov/alma9.2-gcc-14.2.0/opt/sphenix/core/etc/config.site
PATH=/sphenix/user/samfred/run25/install//bin:/cvmfs/sphenix.sdcc.bnl.gov/alma9.2-gcc-14.2.0/opt/sphenix/core/gcc/14.2.0-2f0a0/x86_64-el9/bin:/cvmfs/sphenix.sdcc.bnl.gov/alma9.2-gcc-14.2.0/opt/sphenix/core/binutils/2.40-acaab/x86_64-el9/bin:.:/cvmfs/sphenix.sdcc.bnl.gov/alma9.2-gcc-14.2.0/release/release_new/new.10/bin:/cvmfs/sphenix.sdcc.bnl.gov/alma9.2-gcc-14.2.0/opt/sphenix/utils/bin:/cvmfs/sphenix.sdcc.bnl.gov/alma9.2-gcc-14.2.0/opt/sphenix/core/bin:/cvmfs/sphenix.sdcc.bnl.gov/alma9.2-gcc-14.2.0/opt/sphenix/core/root-6.32.06/bin:/cvmfs/sphenix.sdcc.bnl.gov/alma9.2-gcc-14.2.0/opt/sphenix/core/geant4.10.07.p04/bin:/usr/local/bin:/usr/bin:/usr/local/sbin:/usr/sbin
G4LEVELGAMMADATA=/cvmfs/sphenix.sdcc.bnl.gov/alma9.2-gcc-14.2.0/opt/sphenix/core/geant4.10.07.p04/share/Geant4-10.7.4/data/PhotonEvaporation5.7
CC=/cvmfs/sphenix.sdcc.bnl.gov/alma9.2-gcc-14.2.0/opt/sphenix/core/gcc/14.2.0-2f0a0/x86_64-el9/bin/gcc
G4RADIOACTIVEDATA=/cvmfs/sphenix.sdcc.bnl.gov/alma9.2-gcc-14.2.0/opt/sphenix/core/geant4.10.07.p04/share/Geant4-10.7.4/data/RadioactiveDecay5.6
JULIA_NUM_THREADS=1
MKL_NUM_THREADS=1
LHAPDF_DATA_PATH=/cvmfs/sphenix.sdcc.bnl.gov/alma9.2-gcc-14.2.0/release/release_new/new.10/share/LHAPDF
XPLOAD_CONFIG_DIR=/cvmfs/sphenix.sdcc.bnl.gov/alma9.2-gcc-14.2.0/opt/sphenix/core/etc
OLDPWD=/cvmfs/sphenix.sdcc.bnl.gov/alma9.2-gcc-14.2.0/release/release_new/new.10/geant4
_=/usr/bin/printenv
runnumber...
49347
trigger...

   ------------------------------------------------------------------
  | Welcome to ROOT 6.32.06                        https://root.cern |
  | (c) 1995-2024, The ROOT Team; conception: R. Brun, F. Rademakers |
  | Built for linuxx8664gcc on Dec 13 2024, 17:23:48                 |
  | From tags/6-32-06@6-32-06                                        |
  | With g++ (GCC) 14.2.0                                            |
  | Try '.help'/'.?', '.demo', '.license', '.credits', '.quit'/'.q'  |
   ------------------------------------------------------------------


Processing data_histmaker.C(49347)...
entry 0/2602900 (0%)
entry 9000/2602900 (0.345768%)
entry 11000/2602900 (0.422606%)
entry 14000/2602900 (0.537862%)
entry 16000/2602900 (0.614699%)
entry 17000/2602900 (0.653118%)
entry 19000/2602900 (0.729955%)
entry 20000/2602900 (0.768374%)
entry 21000/2602900 (0.806792%)
entry 25000/2602900 (0.960467%)
entry 27000/2602900 (1.0373%)
entry 31000/2602900 (1.19098%)
entry 32000/2602900 (1.2294%)
entry 33000/2602900 (1.26782%)
entry 41000/2602900 (1.57517%)
entry 43000/2602900 (1.652%)
entry 47000/2602900 (1.80568%)
entry 49000/2602900 (1.88252%)
entry 52000/2602900 (1.99777%)
entry 59000/2602900 (2.2667%)
entry 63000/2602900 (2.42038%)
entry 64000/2602900 (2.4588%)
entry 68000/2602900 (2.61247%)
entry 69000/2602900 (2.65089%)
entry 70000/2602900 (2.68931%)
entry 71000/2602900 (2.72773%)
entry 77000/2602900 (2.95824%)
entry 78000/2602900 (2.99666%)
entry 81000/2602900 (3.11191%)
entry 85000/2602900 (3.26559%)
entry 86000/2602900 (3.30401%)
entry 87000/2602900 (3.34243%)
entry 88000/2602900 (3.38084%)
entry 89000/2602900 (3.41926%)
entry 90000/2602900 (3.45768%)
entry 92000/2602900 (3.53452%)
entry 95000/2602900 (3.64978%)
entry 97000/2602900 (3.72661%)
entry 99000/2602900 (3.80345%)
entry 103000/2602900 (3.95712%)
entry 104000/2602900 (3.99554%)
entry 106000/2602900 (4.07238%)
entry 110000/2602900 (4.22606%)
entry 112000/2602900 (4.30289%)
entry 115000/2602900 (4.41815%)
entry 116000/2602900 (4.45657%)
entry 117000/2602900 (4.49499%)
entry 118000/2602900 (4.53341%)
entry 119000/2602900 (4.57182%)
entry 122000/2602900 (4.68708%)
entry 125000/2602900 (4.80234%)
entry 129000/2602900 (4.95601%)
entry 130000/2602900 (4.99443%)
entry 132000/2602900 (5.07127%)
entry 134000/2602900 (5.1481%)
entry 138000/2602900 (5.30178%)
entry 140000/2602900 (5.37862%)
entry 144000/2602900 (5.53229%)
entry 146000/2602900 (5.60913%)
entry 153000/2602900 (5.87806%)
entry 154000/2602900 (5.91648%)
entry 155000/2602900 (5.9549%)
entry 163000/2602900 (6.26225%)
entry 165000/2602900 (6.33908%)
entry 166000/2602900 (6.3775%)
entry 167000/2602900 (6.41592%)
entry 168000/2602900 (6.45434%)
entry 170000/2602900 (6.53118%)
entry 171000/2602900 (6.5696%)
entry 173000/2602900 (6.64643%)
entry 175000/2602900 (6.72327%)
entry 177000/2602900 (6.80011%)
entry 179000/2602900 (6.87694%)
entry 180000/2602900 (6.91536%)
entry 188000/2602900 (7.22271%)
entry 191000/2602900 (7.33797%)
entry 193000/2602900 (7.41481%)
entry 199000/2602900 (7.64532%)
entry 207000/2602900 (7.95267%)
entry 208000/2602900 (7.99109%)
entry 209000/2602900 (8.02951%)
entry 210000/2602900 (8.06792%)
entry 211000/2602900 (8.10634%)
entry 217000/2602900 (8.33685%)
entry 222000/2602900 (8.52895%)
entry 225000/2602900 (8.6442%)
entry 227000/2602900 (8.72104%)
entry 228000/2602900 (8.75946%)
entry 231000/2602900 (8.87472%)
entry 234000/2602900 (8.98997%)
entry 235000/2602900 (9.02839%)
entry 237000/2602900 (9.10523%)
entry 239000/2602900 (9.18207%)
entry 241000/2602900 (9.2589%)
entry 244000/2602900 (9.37416%)
entry 246000/2602900 (9.451%)
entry 247000/2602900 (9.48942%)
entry 251000/2602900 (9.64309%)
entry 260000/2602900 (9.98886%)
entry 261000/2602900 (10.0273%)
entry 262000/2602900 (10.0657%)
entry 270000/2602900 (10.373%)
entry 273000/2602900 (10.4883%)
entry 280000/2602900 (10.7572%)
entry 281000/2602900 (10.7957%)
entry 282000/2602900 (10.8341%)
entry 284000/2602900 (10.9109%)
entry 292000/2602900 (11.2183%)
entry 298000/2602900 (11.4488%)
entry 300000/2602900 (11.5256%)
entry 302000/2602900 (11.6024%)
entry 303000/2602900 (11.6409%)
entry 305000/2602900 (11.7177%)
entry 307000/2602900 (11.7945%)
entry 309000/2602900 (11.8714%)
entry 314000/2602900 (12.0635%)
entry 315000/2602900 (12.1019%)
entry 317000/2602900 (12.1787%)
entry 319000/2602900 (12.2556%)
entry 320000/2602900 (12.294%)
entry 321000/2602900 (12.3324%)
entry 326000/2602900 (12.5245%)
entry 336000/2602900 (12.9087%)
entry 338000/2602900 (12.9855%)
entry 339000/2602900 (13.0239%)
entry 341000/2602900 (13.1008%)
entry 342000/2602900 (13.1392%)
entry 346000/2602900 (13.2929%)
entry 349000/2602900 (13.4081%)
entry 351000/2602900 (13.485%)
entry 352000/2602900 (13.5234%)
entry 353000/2602900 (13.5618%)
entry 354000/2602900 (13.6002%)
entry 356000/2602900 (13.6771%)
entry 362000/2602900 (13.9076%)
entry 363000/2602900 (13.946%)
entry 368000/2602900 (14.1381%)
entry 369000/2602900 (14.1765%)
entry 373000/2602900 (14.3302%)
entry 377000/2602900 (14.4838%)
entry 380000/2602900 (14.5991%)
entry 386000/2602900 (14.8296%)
entry 388000/2602900 (14.9065%)
entry 389000/2602900 (14.9449%)
entry 390000/2602900 (14.9833%)
entry 392000/2602900 (15.0601%)
entry 394000/2602900 (15.137%)
entry 395000/2602900 (15.1754%)
entry 398000/2602900 (15.2906%)
entry 404000/2602900 (15.5211%)
entry 407000/2602900 (15.6364%)
entry 409000/2602900 (15.7132%)
entry 417000/2602900 (16.0206%)
entry 418000/2602900 (16.059%)
entry 420000/2602900 (16.1358%)
entry 422000/2602900 (16.2127%)
entry 426000/2602900 (16.3664%)
entry 429000/2602900 (16.4816%)
entry 431000/2602900 (16.5585%)
entry 439000/2602900 (16.8658%)
entry 440000/2602900 (16.9042%)
entry 443000/2602900 (17.0195%)
entry 452000/2602900 (17.3652%)
entry 454000/2602900 (17.4421%)
entry 461000/2602900 (17.711%)
entry 462000/2602900 (17.7494%)
entry 465000/2602900 (17.8647%)
entry 469000/2602900 (18.0184%)
entry 470000/2602900 (18.0568%)
entry 476000/2602900 (18.2873%)
entry 479000/2602900 (18.4026%)
entry 481000/2602900 (18.4794%)
entry 482000/2602900 (18.5178%)
entry 485000/2602900 (18.6331%)
entry 488000/2602900 (18.7483%)
entry 494000/2602900 (18.9788%)
entry 497000/2602900 (19.0941%)
entry 498000/2602900 (19.1325%)
entry 499000/2602900 (19.1709%)
entry 502000/2602900 (19.2862%)
entry 503000/2602900 (19.3246%)
entry 504000/2602900 (19.363%)
entry 505000/2602900 (19.4014%)
entry 510000/2602900 (19.5935%)
entry 511000/2602900 (19.6319%)
entry 516000/2602900 (19.824%)
entry 517000/2602900 (19.8625%)
entry 518000/2602900 (19.9009%)
entry 519000/2602900 (19.9393%)
entry 524000/2602900 (20.1314%)
entry 529000/2602900 (20.3235%)
entry 531000/2602900 (20.4003%)
entry 533000/2602900 (20.4772%)
entry 534000/2602900 (20.5156%)
entry 537000/2602900 (20.6308%)
entry 540000/2602900 (20.7461%)
entry 545000/2602900 (20.9382%)
entry 548000/2602900 (21.0534%)
entry 553000/2602900 (21.2455%)
entry 556000/2602900 (21.3608%)
entry 565000/2602900 (21.7066%)
entry 566000/2602900 (21.745%)
entry 567000/2602900 (21.7834%)
entry 575000/2602900 (22.0907%)
entry 576000/2602900 (22.1292%)
entry 577000/2602900 (22.1676%)
entry 580000/2602900 (22.2828%)
entry 583000/2602900 (22.3981%)
entry 584000/2602900 (22.4365%)
entry 586000/2602900 (22.5134%)
entry 588000/2602900 (22.5902%)
entry 590000/2602900 (22.667%)
entry 592000/2602900 (22.7439%)
entry 593000/2602900 (22.7823%)
entry 594000/2602900 (22.8207%)
entry 595000/2602900 (22.8591%)
entry 600000/2602900 (23.0512%)
entry 602000/2602900 (23.128%)
entry 605000/2602900 (23.2433%)
entry 607000/2602900 (23.3201%)
entry 613000/2602900 (23.5507%)
entry 614000/2602900 (23.5891%)
entry 617000/2602900 (23.7043%)
entry 618000/2602900 (23.7427%)
entry 620000/2602900 (23.8196%)
entry 621000/2602900 (23.858%)
entry 623000/2602900 (23.9348%)
entry 625000/2602900 (24.0117%)
entry 626000/2602900 (24.0501%)
entry 627000/2602900 (24.0885%)
entry 630000/2602900 (24.2038%)
entry 635000/2602900 (24.3959%)
entry 636000/2602900 (24.4343%)
entry 642000/2602900 (24.6648%)
entry 649000/2602900 (24.9337%)
entry 651000/2602900 (25.0106%)
entry 652000/2602900 (25.049%)
entry 655000/2602900 (25.1642%)
entry 656000/2602900 (25.2027%)
entry 664000/2602900 (25.51%)
entry 666000/2602900 (25.5868%)
entry 668000/2602900 (25.6637%)
entry 673000/2602900 (25.8558%)
entry 676000/2602900 (25.971%)
entry 678000/2602900 (26.0479%)
entry 679000/2602900 (26.0863%)
entry 680000/2602900 (26.1247%)
entry 681000/2602900 (26.1631%)
entry 687000/2602900 (26.3936%)
entry 692000/2602900 (26.5857%)
entry 693000/2602900 (26.6241%)
entry 696000/2602900 (26.7394%)
entry 697000/2602900 (26.7778%)
entry 699000/2602900 (26.8547%)
entry 707000/2602900 (27.162%)
entry 709000/2602900 (27.2388%)
entry 710000/2602900 (27.2773%)
entry 712000/2602900 (27.3541%)
entry 714000/2602900 (27.4309%)
entry 717000/2602900 (27.5462%)
entry 720000/2602900 (27.6615%)
entry 722000/2602900 (27.7383%)
entry 723000/2602900 (27.7767%)
entry 733000/2602900 (28.1609%)
entry 738000/2602900 (28.353%)
entry 739000/2602900 (28.3914%)
entry 741000/2602900 (28.4682%)
entry 742000/2602900 (28.5067%)
entry 751000/2602900 (28.8524%)
entry 752000/2602900 (28.8909%)
entry 753000/2602900 (28.9293%)
entry 754000/2602900 (28.9677%)
entry 761000/2602900 (29.2366%)
entry 762000/2602900 (29.275%)
entry 764000/2602900 (29.3519%)
entry 766000/2602900 (29.4287%)
entry 767000/2602900 (29.4671%)
entry 769000/2602900 (29.544%)
entry 770000/2602900 (29.5824%)
entry 772000/2602900 (29.6592%)
entry 779000/2602900 (29.9282%)
entry 781000/2602900 (30.005%)
entry 784000/2602900 (30.1203%)
entry 786000/2602900 (30.1971%)
entry 787000/2602900 (30.2355%)
entry 793000/2602900 (30.466%)
entry 794000/2602900 (30.5044%)
entry 796000/2602900 (30.5813%)
entry 799000/2602900 (30.6965%)
entry 802000/2602900 (30.8118%)
entry 805000/2602900 (30.927%)
entry 806000/2602900 (30.9655%)
entry 810000/2602900 (31.1191%)
entry 811000/2602900 (31.1576%)
entry 812000/2602900 (31.196%)
entry 814000/2602900 (31.2728%)
entry 815000/2602900 (31.3112%)
entry 816000/2602900 (31.3496%)
entry 817000/2602900 (31.3881%)
entry 819000/2602900 (31.4649%)
entry 822000/2602900 (31.5802%)
entry 823000/2602900 (31.6186%)
entry 827000/2602900 (31.7723%)
entry 830000/2602900 (31.8875%)
entry 831000/2602900 (31.9259%)
entry 833000/2602900 (32.0028%)
entry 834000/2602900 (32.0412%)
entry 837000/2602900 (32.1564%)
entry 840000/2602900 (32.2717%)
entry 841000/2602900 (32.3101%)
entry 842000/2602900 (32.3485%)
entry 852000/2602900 (32.7327%)
entry 853000/2602900 (32.7711%)
entry 856000/2602900 (32.8864%)
entry 858000/2602900 (32.9632%)
entry 860000/2602900 (33.0401%)
entry 867000/2602900 (33.309%)
entry 869000/2602900 (33.3858%)
entry 871000/2602900 (33.4627%)
entry 873000/2602900 (33.5395%)
entry 874000/2602900 (33.5779%)
entry 876000/2602900 (33.6548%)
entry 879000/2602900 (33.77%)
entry 880000/2602900 (33.8084%)
entry 884000/2602900 (33.9621%)
entry 886000/2602900 (34.039%)
entry 892000/2602900 (34.2695%)
entry 896000/2602900 (34.4231%)
entry 898000/2602900 (34.5%)
entry 899000/2602900 (34.5384%)
entry 903000/2602900 (34.6921%)
entry 906000/2602900 (34.8073%)
entry 907000/2602900 (34.8457%)
entry 908000/2602900 (34.8842%)
entry 909000/2602900 (34.9226%)
entry 910000/2602900 (34.961%)
entry 911000/2602900 (34.9994%)
entry 913000/2602900 (35.0763%)
entry 914000/2602900 (35.1147%)
entry 915000/2602900 (35.1531%)
entry 916000/2602900 (35.1915%)
entry 918000/2602900 (35.2684%)
entry 919000/2602900 (35.3068%)
entry 928000/2602900 (35.6525%)
entry 931000/2602900 (35.7678%)
entry 932000/2602900 (35.8062%)
entry 934000/2602900 (35.8831%)
entry 935000/2602900 (35.9215%)
entry 937000/2602900 (35.9983%)
entry 940000/2602900 (36.1136%)
entry 941000/2602900 (36.152%)
entry 942000/2602900 (36.1904%)
entry 946000/2602900 (36.3441%)
entry 952000/2602900 (36.5746%)
entry 955000/2602900 (36.6898%)
entry 962000/2602900 (36.9588%)
entry 963000/2602900 (36.9972%)
entry 965000/2602900 (37.074%)
entry 967000/2602900 (37.1509%)
entry 970000/2602900 (37.2661%)
entry 982000/2602900 (37.7272%)
entry 983000/2602900 (37.7656%)
entry 988000/2602900 (37.9577%)
entry 992000/2602900 (38.1113%)
entry 993000/2602900 (38.1498%)
entry 998000/2602900 (38.3419%)
entry 999000/2602900 (38.3803%)
entry 1001000/2602900 (38.4571%)
entry 1008000/2602900 (38.726%)
entry 1011000/2602900 (38.8413%)
entry 1015000/2602900 (38.995%)
entry 1017000/2602900 (39.0718%)
entry 1019000/2602900 (39.1486%)
entry 1023000/2602900 (39.3023%)
entry 1024000/2602900 (39.3407%)
entry 1029000/2602900 (39.5328%)
entry 1033000/2602900 (39.6865%)
entry 1037000/2602900 (39.8402%)
entry 1040000/2602900 (39.9554%)
entry 1047000/2602900 (40.2244%)
entry 1050000/2602900 (40.3396%)
entry 1052000/2602900 (40.4165%)
entry 1054000/2602900 (40.4933%)
entry 1058000/2602900 (40.647%)
entry 1063000/2602900 (40.8391%)
entry 1065000/2602900 (40.9159%)
entry 1066000/2602900 (40.9543%)
entry 1071000/2602900 (41.1464%)
entry 1078000/2602900 (41.4153%)
entry 1079000/2602900 (41.4538%)
entry 1080000/2602900 (41.4922%)
entry 1084000/2602900 (41.6459%)
entry 1085000/2602900 (41.6843%)
entry 1088000/2602900 (41.7995%)
entry 1090000/2602900 (41.8764%)
entry 1091000/2602900 (41.9148%)
entry 1095000/2602900 (42.0685%)
entry 1099000/2602900 (42.2221%)
entry 1101000/2602900 (42.299%)
entry 1108000/2602900 (42.5679%)
entry 1109000/2602900 (42.6063%)
entry 1112000/2602900 (42.7216%)
entry 1113000/2602900 (42.76%)
entry 1118000/2602900 (42.9521%)
entry 1121000/2602900 (43.0673%)
entry 1123000/2602900 (43.1442%)
entry 1125000/2602900 (43.221%)
entry 1132000/2602900 (43.49%)
entry 1133000/2602900 (43.5284%)
entry 1134000/2602900 (43.5668%)
entry 1137000/2602900 (43.682%)
entry 1139000/2602900 (43.7589%)
entry 1144000/2602900 (43.951%)
entry 1146000/2602900 (44.0278%)
entry 1149000/2602900 (44.1431%)
entry 1152000/2602900 (44.2583%)
entry 1157000/2602900 (44.4504%)
entry 1163000/2602900 (44.6809%)
entry 1167000/2602900 (44.8346%)
entry 1170000/2602900 (44.9499%)
entry 1173000/2602900 (45.0651%)
entry 1176000/2602900 (45.1804%)
entry 1180000/2602900 (45.3341%)
entry 1187000/2602900 (45.603%)
entry 1192000/2602900 (45.7951%)
entry 1196000/2602900 (45.9487%)
entry 1199000/2602900 (46.064%)
entry 1200000/2602900 (46.1024%)
entry 1205000/2602900 (46.2945%)
entry 1212000/2602900 (46.5634%)
entry 1216000/2602900 (46.7171%)
entry 1218000/2602900 (46.794%)
entry 1220000/2602900 (46.8708%)
entry 1222000/2602900 (46.9476%)
entry 1224000/2602900 (47.0245%)
entry 1225000/2602900 (47.0629%)
entry 1227000/2602900 (47.1397%)
entry 1228000/2602900 (47.1781%)
entry 1230000/2602900 (47.255%)
entry 1234000/2602900 (47.4087%)
entry 1237000/2602900 (47.5239%)
entry 1238000/2602900 (47.5623%)
entry 1249000/2602900 (47.9849%)
entry 1256000/2602900 (48.2539%)
entry 1257000/2602900 (48.2923%)
entry 1258000/2602900 (48.3307%)
entry 1260000/2602900 (48.4075%)
entry 1261000/2602900 (48.446%)
entry 1262000/2602900 (48.4844%)
entry 1264000/2602900 (48.5612%)
entry 1265000/2602900 (48.5996%)
entry 1266000/2602900 (48.6381%)
entry 1272000/2602900 (48.8686%)
entry 1276000/2602900 (49.0222%)
entry 1279000/2602900 (49.1375%)
entry 1280000/2602900 (49.1759%)
entry 1282000/2602900 (49.2528%)
entry 1283000/2602900 (49.2912%)
entry 1287000/2602900 (49.4449%)
entry 1288000/2602900 (49.4833%)
entry 1289000/2602900 (49.5217%)
entry 1290000/2602900 (49.5601%)
entry 1296000/2602900 (49.7906%)
entry 1299000/2602900 (49.9059%)
entry 1305000/2602900 (50.1364%)
entry 1306000/2602900 (50.1748%)
entry 1312000/2602900 (50.4053%)
entry 1314000/2602900 (50.4822%)
entry 1322000/2602900 (50.7895%)
entry 1323000/2602900 (50.8279%)
entry 1326000/2602900 (50.9432%)
entry 1327000/2602900 (50.9816%)
entry 1329000/2602900 (51.0584%)
entry 1332000/2602900 (51.1737%)
entry 1333000/2602900 (51.2121%)
entry 1334000/2602900 (51.2505%)
entry 1337000/2602900 (51.3658%)
entry 1339000/2602900 (51.4426%)
entry 1341000/2602900 (51.5195%)
entry 1346000/2602900 (51.7116%)
entry 1348000/2602900 (51.7884%)
entry 1351000/2602900 (51.9036%)
entry 1355000/2602900 (52.0573%)
entry 1357000/2602900 (52.1342%)
entry 1358000/2602900 (52.1726%)
entry 1363000/2602900 (52.3647%)
entry 1365000/2602900 (52.4415%)
entry 1366000/2602900 (52.4799%)
entry 1373000/2602900 (52.7489%)
entry 1374000/2602900 (52.7873%)
entry 1386000/2602900 (53.2483%)
entry 1389000/2602900 (53.3636%)
entry 1390000/2602900 (53.402%)
entry 1394000/2602900 (53.5556%)
entry 1395000/2602900 (53.5941%)
entry 1397000/2602900 (53.6709%)
entry 1398000/2602900 (53.7093%)
entry 1399000/2602900 (53.7477%)
entry 1402000/2602900 (53.863%)
entry 1408000/2602900 (54.0935%)
entry 1409000/2602900 (54.1319%)
entry 1410000/2602900 (54.1703%)
entry 1412000/2602900 (54.2472%)
entry 1413000/2602900 (54.2856%)
entry 1414000/2602900 (54.324%)
entry 1415000/2602900 (54.3624%)
entry 1416000/2602900 (54.4009%)
entry 1418000/2602900 (54.4777%)
entry 1420000/2602900 (54.5545%)
entry 1424000/2602900 (54.7082%)
entry 1425000/2602900 (54.7466%)
entry 1428000/2602900 (54.8619%)
entry 1429000/2602900 (54.9003%)
entry 1430000/2602900 (54.9387%)
entry 1432000/2602900 (55.0156%)
entry 1433000/2602900 (55.054%)
entry 1439000/2602900 (55.2845%)
entry 1449000/2602900 (55.6687%)
entry 1450000/2602900 (55.7071%)
entry 1453000/2602900 (55.8224%)
entry 1454000/2602900 (55.8608%)
entry 1460000/2602900 (56.0913%)
entry 1462000/2602900 (56.1681%)
entry 1464000/2602900 (56.245%)
entry 1467000/2602900 (56.3602%)
entry 1469000/2602900 (56.4371%)
entry 1476000/2602900 (56.706%)
entry 1477000/2602900 (56.7444%)
entry 1479000/2602900 (56.8212%)
entry 1481000/2602900 (56.8981%)
entry 1483000/2602900 (56.9749%)
entry 1484000/2602900 (57.0133%)
entry 1485000/2602900 (57.0517%)
entry 1488000/2602900 (57.167%)
entry 1489000/2602900 (57.2054%)
entry 1498000/2602900 (57.5512%)
entry 1503000/2602900 (57.7433%)
entry 1505000/2602900 (57.8201%)
entry 1506000/2602900 (57.8585%)
entry 1508000/2602900 (57.9354%)
entry 1512000/2602900 (58.0891%)
entry 1515000/2602900 (58.2043%)
entry 1516000/2602900 (58.2427%)
entry 1519000/2602900 (58.358%)
entry 1521000/2602900 (58.4348%)
entry 1524000/2602900 (58.5501%)
entry 1525000/2602900 (58.5885%)
entry 1529000/2602900 (58.7422%)
entry 1534000/2602900 (58.9343%)
entry 1539000/2602900 (59.1264%)
entry 1540000/2602900 (59.1648%)
entry 1543000/2602900 (59.28%)
entry 1544000/2602900 (59.3185%)
entry 1548000/2602900 (59.4721%)
entry 1551000/2602900 (59.5874%)
entry 1554000/2602900 (59.7026%)
entry 1555000/2602900 (59.7411%)
entry 1557000/2602900 (59.8179%)
entry 1560000/2602900 (59.9331%)
entry 1564000/2602900 (60.0868%)
entry 1569000/2602900 (60.2789%)
entry 1570000/2602900 (60.3173%)
entry 1571000/2602900 (60.3558%)
entry 1573000/2602900 (60.4326%)
entry 1574000/2602900 (60.471%)
entry 1575000/2602900 (60.5094%)
entry 1576000/2602900 (60.5479%)
entry 1577000/2602900 (60.5863%)
entry 1578000/2602900 (60.6247%)
entry 1579000/2602900 (60.6631%)
entry 1581000/2602900 (60.7399%)
entry 1582000/2602900 (60.7784%)
entry 1583000/2602900 (60.8168%)
entry 1584000/2602900 (60.8552%)
entry 1586000/2602900 (60.932%)
entry 1587000/2602900 (60.9705%)
entry 1588000/2602900 (61.0089%)
entry 1592000/2602900 (61.1625%)
entry 1593000/2602900 (61.201%)
entry 1594000/2602900 (61.2394%)
entry 1598000/2602900 (61.3931%)
entry 1599000/2602900 (61.4315%)
entry 1600000/2602900 (61.4699%)
entry 1601000/2602900 (61.5083%)
entry 1602000/2602900 (61.5467%)
entry 1604000/2602900 (61.6236%)
entry 1613000/2602900 (61.9693%)
entry 1618000/2602900 (62.1614%)
entry 1619000/2602900 (62.1999%)
entry 1624000/2602900 (62.3919%)
entry 1626000/2602900 (62.4688%)
entry 1628000/2602900 (62.5456%)
entry 1629000/2602900 (62.584%)
entry 1633000/2602900 (62.7377%)
entry 1640000/2602900 (63.0066%)
entry 1642000/2602900 (63.0835%)
entry 1648000/2602900 (63.314%)
entry 1650000/2602900 (63.3908%)
entry 1653000/2602900 (63.5061%)
entry 1654000/2602900 (63.5445%)
entry 1660000/2602900 (63.775%)
entry 1662000/2602900 (63.8519%)
entry 1663000/2602900 (63.8903%)
entry 1664000/2602900 (63.9287%)
entry 1671000/2602900 (64.1976%)
entry 1673000/2602900 (64.2745%)
entry 1676000/2602900 (64.3897%)
entry 1677000/2602900 (64.4281%)
entry 1686000/2602900 (64.7739%)
entry 1689000/2602900 (64.8892%)
entry 1694000/2602900 (65.0813%)
entry 1695000/2602900 (65.1197%)
entry 1699000/2602900 (65.2734%)
entry 1701000/2602900 (65.3502%)
entry 1706000/2602900 (65.5423%)
entry 1707000/2602900 (65.5807%)
entry 1710000/2602900 (65.696%)
entry 1712000/2602900 (65.7728%)
entry 1713000/2602900 (65.8112%)
entry 1714000/2602900 (65.8496%)
entry 1718000/2602900 (66.0033%)
entry 1720000/2602900 (66.0801%)
entry 1721000/2602900 (66.1186%)
entry 1730000/2602900 (66.4643%)
entry 1731000/2602900 (66.5027%)
entry 1732000/2602900 (66.5412%)
entry 1736000/2602900 (66.6948%)
entry 1739000/2602900 (66.8101%)
entry 1743000/2602900 (66.9638%)
entry 1749000/2602900 (67.1943%)
entry 1751000/2602900 (67.2711%)
entry 1754000/2602900 (67.3864%)
entry 1755000/2602900 (67.4248%)
entry 1756000/2602900 (67.4632%)
entry 1757000/2602900 (67.5016%)
entry 1759000/2602900 (67.5785%)
entry 1760000/2602900 (67.6169%)
entry 1762000/2602900 (67.6937%)
entry 1763000/2602900 (67.7321%)
entry 1770000/2602900 (68.0011%)
entry 1772000/2602900 (68.0779%)
entry 1773000/2602900 (68.1163%)
entry 1774000/2602900 (68.1548%)
entry 1775000/2602900 (68.1932%)
entry 1778000/2602900 (68.3084%)
entry 1779000/2602900 (68.3468%)
entry 1785000/2602900 (68.5774%)
entry 1786000/2602900 (68.6158%)
entry 1794000/2602900 (68.9231%)
entry 1796000/2602900 (69%)
entry 1799000/2602900 (69.1152%)
entry 1800000/2602900 (69.1536%)
entry 1807000/2602900 (69.4226%)
entry 1808000/2602900 (69.461%)
entry 1809000/2602900 (69.4994%)
entry 1810000/2602900 (69.5378%)
entry 1812000/2602900 (69.6147%)
entry 1815000/2602900 (69.7299%)
entry 1816000/2602900 (69.7683%)
entry 1817000/2602900 (69.8068%)
entry 1818000/2602900 (69.8452%)
entry 1820000/2602900 (69.922%)
entry 1821000/2602900 (69.9604%)
entry 1825000/2602900 (70.1141%)
entry 1826000/2602900 (70.1525%)
entry 1827000/2602900 (70.1909%)
entry 1828000/2602900 (70.2294%)
entry 1831000/2602900 (70.3446%)
entry 1834000/2602900 (70.4599%)
entry 1839000/2602900 (70.652%)
entry 1840000/2602900 (70.6904%)
entry 1843000/2602900 (70.8056%)
entry 1845000/2602900 (70.8825%)
entry 1846000/2602900 (70.9209%)
entry 1848000/2602900 (70.9977%)
entry 1849000/2602900 (71.0362%)
entry 1850000/2602900 (71.0746%)
entry 1851000/2602900 (71.113%)
entry 1857000/2602900 (71.3435%)
entry 1858000/2602900 (71.3819%)
entry 1864000/2602900 (71.6124%)
entry 1865000/2602900 (71.6509%)
entry 1872000/2602900 (71.9198%)
entry 1876000/2602900 (72.0735%)
entry 1880000/2602900 (72.2271%)
entry 1881000/2602900 (72.2655%)
entry 1882000/2602900 (72.304%)
entry 1883000/2602900 (72.3424%)
entry 1890000/2602900 (72.6113%)
entry 1892000/2602900 (72.6882%)
entry 1898000/2602900 (72.9187%)
entry 1900000/2602900 (72.9955%)
entry 1902000/2602900 (73.0723%)
entry 1903000/2602900 (73.1108%)
entry 1907000/2602900 (73.2644%)
entry 1909000/2602900 (73.3413%)
entry 1913000/2602900 (73.4949%)
entry 1915000/2602900 (73.5718%)
entry 1921000/2602900 (73.8023%)
entry 1924000/2602900 (73.9176%)
entry 1925000/2602900 (73.956%)
entry 1927000/2602900 (74.0328%)
entry 1929000/2602900 (74.1096%)
entry 1930000/2602900 (74.1481%)
entry 1931000/2602900 (74.1865%)
entry 1938000/2602900 (74.4554%)
entry 1940000/2602900 (74.5323%)
entry 1941000/2602900 (74.5707%)
entry 1944000/2602900 (74.6859%)
entry 1946000/2602900 (74.7628%)
entry 1948000/2602900 (74.8396%)
entry 1959000/2602900 (75.2622%)
entry 1960000/2602900 (75.3006%)
entry 1965000/2602900 (75.4927%)
entry 1966000/2602900 (75.5311%)
entry 1970000/2602900 (75.6848%)
entry 1972000/2602900 (75.7617%)
entry 1978000/2602900 (75.9922%)
entry 1979000/2602900 (76.0306%)
entry 1981000/2602900 (76.1074%)
entry 1984000/2602900 (76.2227%)
entry 1985000/2602900 (76.2611%)
entry 1988000/2602900 (76.3763%)
entry 1989000/2602900 (76.4148%)
entry 1990000/2602900 (76.4532%)
entry 1994000/2602900 (76.6069%)
entry 2001000/2602900 (76.8758%)
entry 2004000/2602900 (76.991%)
entry 2008000/2602900 (77.1447%)
entry 2011000/2602900 (77.26%)
entry 2012000/2602900 (77.2984%)
entry 2019000/2602900 (77.5673%)
entry 2020000/2602900 (77.6057%)
entry 2022000/2602900 (77.6826%)
entry 2023000/2602900 (77.721%)
entry 2024000/2602900 (77.7594%)
entry 2026000/2602900 (77.8363%)
entry 2031000/2602900 (78.0284%)
entry 2037000/2602900 (78.2589%)
entry 2040000/2602900 (78.3741%)
entry 2043000/2602900 (78.4894%)
entry 2044000/2602900 (78.5278%)
entry 2045000/2602900 (78.5662%)
entry 2049000/2602900 (78.7199%)
entry 2053000/2602900 (78.8736%)
entry 2054000/2602900 (78.912%)
entry 2057000/2602900 (79.0272%)
entry 2061000/2602900 (79.1809%)
entry 2062000/2602900 (79.2193%)
entry 2064000/2602900 (79.2962%)
entry 2065000/2602900 (79.3346%)
entry 2068000/2602900 (79.4498%)
entry 2069000/2602900 (79.4883%)
entry 2072000/2602900 (79.6035%)
entry 2073000/2602900 (79.6419%)
entry 2078000/2602900 (79.834%)
entry 2079000/2602900 (79.8724%)
entry 2087000/2602900 (80.1798%)
entry 2088000/2602900 (80.2182%)
entry 2089000/2602900 (80.2566%)
entry 2092000/2602900 (80.3719%)
entry 2096000/2602900 (80.5256%)
entry 2099000/2602900 (80.6408%)
entry 2104000/2602900 (80.8329%)
entry 2106000/2602900 (80.9098%)
entry 2109000/2602900 (81.025%)
entry 2111000/2602900 (81.1018%)
entry 2113000/2602900 (81.1787%)
entry 2121000/2602900 (81.486%)
entry 2122000/2602900 (81.5245%)
entry 2123000/2602900 (81.5629%)
entry 2124000/2602900 (81.6013%)
entry 2127000/2602900 (81.7165%)
entry 2128000/2602900 (81.755%)
entry 2130000/2602900 (81.8318%)
entry 2132000/2602900 (81.9086%)
entry 2134000/2602900 (81.9855%)
entry 2135000/2602900 (82.0239%)
entry 2138000/2602900 (82.1392%)
entry 2143000/2602900 (82.3312%)
entry 2144000/2602900 (82.3697%)
entry 2146000/2602900 (82.4465%)
entry 2150000/2602900 (82.6002%)
entry 2153000/2602900 (82.7154%)
entry 2154000/2602900 (82.7538%)
entry 2162000/2602900 (83.0612%)
entry 2163000/2602900 (83.0996%)
entry 2164000/2602900 (83.138%)
entry 2165000/2602900 (83.1765%)
entry 2166000/2602900 (83.2149%)
entry 2167000/2602900 (83.2533%)
entry 2169000/2602900 (83.3301%)
entry 2171000/2602900 (83.407%)
entry 2172000/2602900 (83.4454%)
entry 2175000/2602900 (83.5606%)
entry 2177000/2602900 (83.6375%)
entry 2179000/2602900 (83.7143%)
entry 2180000/2602900 (83.7527%)
entry 2182000/2602900 (83.8296%)
entry 2184000/2602900 (83.9064%)
entry 2185000/2602900 (83.9448%)
entry 2193000/2602900 (84.2522%)
entry 2194000/2602900 (84.2906%)
entry 2195000/2602900 (84.329%)
entry 2196000/2602900 (84.3674%)
entry 2198000/2602900 (84.4443%)
entry 2200000/2602900 (84.5211%)
entry 2203000/2602900 (84.6364%)
entry 2213000/2602900 (85.0206%)
entry 2216000/2602900 (85.1358%)
entry 2218000/2602900 (85.2126%)
entry 2225000/2602900 (85.4816%)
entry 2230000/2602900 (85.6737%)
entry 2233000/2602900 (85.7889%)
entry 2234000/2602900 (85.8273%)
entry 2238000/2602900 (85.981%)
entry 2245000/2602900 (86.25%)
entry 2248000/2602900 (86.3652%)
entry 2250000/2602900 (86.442%)
entry 2252000/2602900 (86.5189%)
entry 2253000/2602900 (86.5573%)
entry 2254000/2602900 (86.5957%)
entry 2255000/2602900 (86.6341%)
entry 2257000/2602900 (86.711%)
entry 2260000/2602900 (86.8262%)
entry 2264000/2602900 (86.9799%)
entry 2266000/2602900 (87.0567%)
entry 2269000/2602900 (87.172%)
entry 2270000/2602900 (87.2104%)
entry 2272000/2602900 (87.2873%)
entry 2275000/2602900 (87.4025%)
entry 2276000/2602900 (87.4409%)
entry 2280000/2602900 (87.5946%)
entry 2284000/2602900 (87.7483%)
entry 2285000/2602900 (87.7867%)
entry 2295000/2602900 (88.1709%)
entry 2297000/2602900 (88.2477%)
entry 2300000/2602900 (88.363%)
entry 2306000/2602900 (88.5935%)
entry 2308000/2602900 (88.6703%)
entry 2315000/2602900 (88.9393%)
entry 2316000/2602900 (88.9777%)
entry 2318000/2602900 (89.0545%)
entry 2325000/2602900 (89.3234%)
entry 2327000/2602900 (89.4003%)
entry 2331000/2602900 (89.554%)
entry 2332000/2602900 (89.5924%)
entry 2333000/2602900 (89.6308%)
entry 2338000/2602900 (89.8229%)
entry 2339000/2602900 (89.8613%)
entry 2341000/2602900 (89.9381%)
entry 2344000/2602900 (90.0534%)
entry 2345000/2602900 (90.0918%)
entry 2356000/2602900 (90.5144%)
entry 2357000/2602900 (90.5528%)
entry 2358000/2602900 (90.5913%)
entry 2361000/2602900 (90.7065%)
entry 2362000/2602900 (90.7449%)
entry 2365000/2602900 (90.8602%)
entry 2370000/2602900 (91.0523%)
entry 2371000/2602900 (91.0907%)
entry 2372000/2602900 (91.1291%)
entry 2373000/2602900 (91.1675%)
entry 2378000/2602900 (91.3596%)
entry 2380000/2602900 (91.4365%)
entry 2385000/2602900 (91.6286%)
entry 2388000/2602900 (91.7438%)
entry 2396000/2602900 (92.0512%)
entry 2397000/2602900 (92.0896%)
entry 2402000/2602900 (92.2817%)
entry 2408000/2602900 (92.5122%)
entry 2414000/2602900 (92.7427%)
entry 2417000/2602900 (92.858%)
entry 2418000/2602900 (92.8964%)
entry 2419000/2602900 (92.9348%)
entry 2421000/2602900 (93.0116%)
entry 2424000/2602900 (93.1269%)
entry 2426000/2602900 (93.2037%)
entry 2435000/2602900 (93.5495%)
entry 2436000/2602900 (93.5879%)
entry 2438000/2602900 (93.6648%)
entry 2439000/2602900 (93.7032%)
entry 2441000/2602900 (93.78%)
entry 2446000/2602900 (93.9721%)
entry 2447000/2602900 (94.0105%)
entry 2448000/2602900 (94.0489%)
entry 2451000/2602900 (94.1642%)
entry 2452000/2602900 (94.2026%)
entry 2454000/2602900 (94.2795%)
entry 2455000/2602900 (94.3179%)
entry 2457000/2602900 (94.3947%)
entry 2463000/2602900 (94.6252%)
entry 2467000/2602900 (94.7789%)
entry 2468000/2602900 (94.8173%)
entry 2471000/2602900 (94.9326%)
entry 2472000/2602900 (94.971%)
entry 2473000/2602900 (95.0094%)
entry 2480000/2602900 (95.2783%)
entry 2484000/2602900 (95.432%)
entry 2487000/2602900 (95.5473%)
entry 2490000/2602900 (95.6625%)
entry 2496000/2602900 (95.893%)
entry 2497000/2602900 (95.9315%)
entry 2498000/2602900 (95.9699%)
entry 2500000/2602900 (96.0467%)
entry 2503000/2602900 (96.162%)
entry 2505000/2602900 (96.2388%)
entry 2507000/2602900 (96.3156%)
entry 2510000/2602900 (96.4309%)
entry 2517000/2602900 (96.6998%)
entry 2527000/2602900 (97.084%)
entry 2531000/2602900 (97.2377%)
entry 2533000/2602900 (97.3145%)
entry 2534000/2602900 (97.353%)
entry 2535000/2602900 (97.3914%)
entry 2537000/2602900 (97.4682%)
entry 2541000/2602900 (97.6219%)
entry 2547000/2602900 (97.8524%)
entry 2550000/2602900 (97.9676%)
entry 2554000/2602900 (98.1213%)
entry 2557000/2602900 (98.2366%)
entry 2558000/2602900 (98.275%)
entry 2560000/2602900 (98.3518%)
entry 2561000/2602900 (98.3903%)
entry 2565000/2602900 (98.5439%)
entry 2567000/2602900 (98.6208%)
entry 2569000/2602900 (98.6976%)
entry 2570000/2602900 (98.736%)
entry 2574000/2602900 (98.8897%)
entry 2575000/2602900 (98.9281%)
entry 2578000/2602900 (99.0434%)
entry 2581000/2602900 (99.1586%)
entry 2588000/2602900 (99.4276%)
entry 2590000/2602900 (99.5044%)
entry 2591000/2602900 (99.5428%)
entry 2592000/2602900 (99.5812%)
entry 2593000/2602900 (99.6197%)
entry 2594000/2602900 (99.6581%)
entry 2596000/2602900 (99.7349%)
entry 2598000/2602900 (99.8118%)
entry 2601000/2602900 (99.927%)
all done
script done
