sphnx1064.sdcc.bnl.gov
rsyncing from /gpfs/mnt/gpfs02/sphenix/user/samfred/run25/ppg11/histmaking
running: /gpfs/mnt/gpfs02/sphenix/user/samfred/run25/ppg11/histmaking/script_data.sh 49386
LD_LIBRARY_PATH now /sphenix/user/samfred/run25/install//lib:/cvmfs/sphenix.sdcc.bnl.gov/alma9.2-gcc-14.2.0/opt/sphenix/core/gcc/14.2.0-2f0a0/x86_64-el9/lib:/cvmfs/sphenix.sdcc.bnl.gov/alma9.2-gcc-14.2.0/opt/sphenix/core/gcc/14.2.0-2f0a0/x86_64-el9/lib64:/cvmfs/sphenix.sdcc.bnl.gov/alma9.2-gcc-14.2.0/opt/sphenix/core/binutils/2.40-acaab/x86_64-el9/lib:.:/cvmfs/sphenix.sdcc.bnl.gov/alma9.2-gcc-14.2.0/release/release_new/new.10/lib64:/cvmfs/sphenix.sdcc.bnl.gov/alma9.2-gcc-14.2.0/release/release_new/new.10/lib:/cvmfs/sphenix.sdcc.bnl.gov/alma9.2-gcc-14.2.0/opt/sphenix/utils/lib:/cvmfs/sphenix.sdcc.bnl.gov/alma9.2-gcc-14.2.0/opt/sphenix/core/lib:/cvmfs/sphenix.sdcc.bnl.gov/alma9.2-gcc-14.2.0/opt/sphenix/core/root-6.32.06/lib:/cvmfs/sphenix.sdcc.bnl.gov/alma9.2-gcc-14.2.0/opt/sphenix/core/geant4.10.07.p04/lib64:/cvmfs/sphenix.sdcc.bnl.gov/alma9.2-gcc-14.2.0/opt/sphenix/core/lhapdf-5.9.1/lib:/usr/local/lib64:/usr/lib64
PATH now /sphenix/user/samfred/run25/install//bin:/cvmfs/sphenix.sdcc.bnl.gov/alma9.2-gcc-14.2.0/opt/sphenix/core/gcc/14.2.0-2f0a0/x86_64-el9/bin:/cvmfs/sphenix.sdcc.bnl.gov/alma9.2-gcc-14.2.0/opt/sphenix/core/binutils/2.40-acaab/x86_64-el9/bin:.:/cvmfs/sphenix.sdcc.bnl.gov/alma9.2-gcc-14.2.0/release/release_new/new.10/bin:/cvmfs/sphenix.sdcc.bnl.gov/alma9.2-gcc-14.2.0/opt/sphenix/utils/bin:/cvmfs/sphenix.sdcc.bnl.gov/alma9.2-gcc-14.2.0/opt/sphenix/core/bin:/cvmfs/sphenix.sdcc.bnl.gov/alma9.2-gcc-14.2.0/opt/sphenix/core/root-6.32.06/bin:/cvmfs/sphenix.sdcc.bnl.gov/alma9.2-gcc-14.2.0/opt/sphenix/core/geant4.10.07.p04/bin:/usr/local/bin:/usr/bin:/usr/local/sbin:/usr/sbin
SINGULARITY_CACHEDIR=/home/condor/local/sphnx/execute/dir_2384137
_CONDOR_CHIRP_CONFIG=/home/condor/local/sphnx/execute/dir_2384137/.chirp.config
_CONDOR_JOB_IWD=/sphenix/user/samfred/run25/ppg11/histmaking
G4ENSDFSTATEDATA=/cvmfs/sphenix.sdcc.bnl.gov/alma9.2-gcc-14.2.0/opt/sphenix/core/geant4.10.07.p04/share/Geant4-10.7.4/data/G4ENSDFSTATE2.3
_CONDOR_MACHINE_AD=/home/condor/local/sphnx/execute/dir_2384137/.machine.ad
ROOT_MAX_THREADS=1
NUMEXPR_NUM_THREADS=1
_CONDOR_ANCESTOR_340283=340318:1756523317:1854659468
CUBACORES=1
_CHIRP_DELAYED_UPDATE_PREFIX=Chirp*
OMP_THREAD_LIMIT=1
G4PIIDATA=/cvmfs/sphenix.sdcc.bnl.gov/alma9.2-gcc-14.2.0/opt/sphenix/core/geant4.10.07.p04/share/Geant4-10.7.4/data/G4PII1.3
NO_AT_BRIDGE=1
G4_MAIN=/cvmfs/sphenix.sdcc.bnl.gov/alma9.2-gcc-14.2.0/opt/sphenix/core/geant4.10.07.p04
COMPILER_PATH=/cvmfs/sphenix.sdcc.bnl.gov/alma9.2-gcc-14.2.0/opt/sphenix/core/gcc/14.2.0-2f0a0/x86_64-el9
ROOT_INCLUDE_PATH=./:/sphenix/user/samfred/run25/install//include:/sphenix/user/samfred/run25/install//include/caloana:/sphenix/user/samfred/run25/install//include/qa_centrality:/sphenix/user/samfred/run25/install//include/mbdana:/sphenix/user/samfred/run25/install//include/centrality:/sphenix/user/samfred/run25/install//include/Event:/cvmfs/sphenix.sdcc.bnl.gov/alma9.2-gcc-14.2.0/release/release_new/new.10/include:/cvmfs/sphenix.sdcc.bnl.gov/alma9.2-gcc-14.2.0/release/release_new/new.10/include:/cvmfs/sphenix.sdcc.bnl.gov/alma9.2-gcc-14.2.0/release/release_new/new.10/include/g4mbd:/cvmfs/sphenix.sdcc.bnl.gov/alma9.2-gcc-14.2.0/release/release_new/new.10/include/fmt:/cvmfs/sphenix.sdcc.bnl.gov/alma9.2-gcc-14.2.0/release/release_new/new.10/include/ffarawobjects:/cvmfs/sphenix.sdcc.bnl.gov/alma9.2-gcc-14.2.0/release/release_new/new.10/include/JSON:/cvmfs/sphenix.sdcc.bnl.gov/alma9.2-gcc-14.2.0/release/release_new/new.10/include/calotreegen:/cvmfs/sphenix.sdcc.bnl.gov/alma9.2-gcc-14.2.0/release/release_new/new.10/include/torch:/cvmfs/sphenix.sdcc.bnl.gov/alma9.2-gcc-14.2.0/release/release_new/new.10/include/g4detectors:/cvmfs/sphenix.sdcc.bnl.gov/alma9.2-gcc-14.2.0/release/release_new/new.10/include/kineto:/cvmfs/sphenix.sdcc.bnl.gov/alma9.2-gcc-14.2.0/release/release_new/new.10/include/g4decayer:/cvmfs/sphenix.sdcc.bnl.gov/alma9.2-gcc-14.2.0/release/release_new/new.10/include/kfparticleqa:/cvmfs/sphenix.sdcc.bnl.gov/alma9.2-gcc-14.2.0/release/release_new/new.10/include/phfield:/cvmfs/sphenix.sdcc.bnl.gov/alma9.2-gcc-14.2.0/release/release_new/new.10/include/LHAPDF:/cvmfs/sphenix.sdcc.bnl.gov/alma9.2-gcc-14.2.0/release/release_new/new.10/include/readdigitalcurrents:/cvmfs/sphenix.sdcc.bnl.gov/alma9.2-gcc-14.2.0/release/release_new/new.10/include/c10:/cvmfs/sphenix.sdcc.bnl.gov/alma9.2-gcc-14.2.0/release/release_new/new.10/include/calovalid:/cvmfs/sphenix.sdcc.bnl.gov/alma9.2-gcc-14.2.0/release/release_new/new.10/include/oneapi:/cvmfs/sphenix.sdcc.bnl.gov/alma9.2-gcc-14.2.0/release/release_new/new.10/include/DDCond:/cvmfs/sphenix.sdcc.bnl.gov/alma9.2-gcc-14.2.0/release/release_new/new.10/include/g4tracking:/cvmfs/sphenix.sdcc.bnl.gov/alma9.2-gcc-14.2.0/release/release_new/new.10/include/litecaloeval:/cvmfs/sphenix.sdcc.bnl.gov/alma9.2-gcc-14.2.0/release/release_new/new.10/include/g4intt:/cvmfs/sphenix.sdcc.bnl.gov/alma9.2-gcc-14.2.0/release/release_new/new.10/include/phool:/cvmfs/sphenix.sdcc.bnl.gov/alma9.2-gcc-14.2.0/release/release_new/new.10/include/boost:/cvmfs/sphenix.sdcc.bnl.gov/alma9.2-gcc-14.2.0/release/release_new/new.10/include/Pythia8Plugins:/cvmfs/sphenix.sdcc.bnl.gov/alma9.2-gcc-14.2.0/release/release_new/new.10/include/calib_emc_pi0:/cvmfs/sphenix.sdcc.bnl.gov/alma9.2-gcc-14.2.0/release/release_new/new.10/include/hijingflipafterburner:/cvmfs/sphenix.sdcc.bnl.gov/alma9.2-gcc-14.2.0/release/release_new/new.10/include/ffaobjects:/cvmfs/sphenix.sdcc.bnl.gov/alma9.2-gcc-14.2.0/release/release_new/new.10/include/EvtGenBase:/cvmfs/sphenix.sdcc.bnl.gov/alma9.2-gcc-14.2.0/release/release_new/new.10/include/flowafterburner:/cvmfs/sphenix.sdcc.bnl.gov/alma9.2-gcc-14.2.0/release/release_new/new.10/include/google:/cvmfs/sphenix.sdcc.bnl.gov/alma9.2-gcc-14.2.0/release/release_new/new.10/include/g4tpc:/cvmfs/sphenix.sdcc.bnl.gov/alma9.2-gcc-14.2.0/release/release_new/new.10/include/caffe2:/cvmfs/sphenix.sdcc.bnl.gov/alma9.2-gcc-14.2.0/release/release_new/new.10/include/EvtGenExternal:/cvmfs/sphenix.sdcc.bnl.gov/alma9.2-gcc-14.2.0/release/release_new/new.10/include/fp16:/cvmfs/sphenix.sdcc.bnl.gov/alma9.2-gcc-14.2.0/release/release_new/new.10/include/ffamodules:/cvmfs/sphenix.sdcc.bnl.gov/alma9.2-gcc-14.2.0/release/release_new/new.10/include/uspin:/cvmfs/sphenix.sdcc.bnl.gov/alma9.2-gcc-14.2.0/release/release_new/new.10/include/Herwig:/cvmfs/sphenix.sdcc.bnl.gov/alma9.2-gcc-14.2.0/release/release_new/new.10/include/genfitexp:/cvmfs/sphenix.sdcc.bnl.gov/alma9.2-gcc-14.2.0/release/release_new/new.10/include/XML:/cvmfs/sphenix.sdcc.bnl.gov/alma9.2-gcc-14.2.0/release/release_new/new.10/include/fbgemm:/cvmfs/sphenix.sdcc.bnl.gov/alma9.2-gcc-14.2.0/release/release_new/new.10/include/DDAlign:/cvmfs/sphenix.sdcc.bnl.gov/alma9.2-gcc-14.2.0/release/release_new/new.10/include/g4mvtx:/cvmfs/sphenix.sdcc.bnl.gov/alma9.2-gcc-14.2.0/release/release_new/new.10/include/kfparticle_sphenix:/cvmfs/sphenix.sdcc.bnl.gov/alma9.2-gcc-14.2.0/release/release_new/new.10/include/fun4all:/cvmfs/sphenix.sdcc.bnl.gov/alma9.2-gcc-14.2.0/release/release_new/new.10/include/intt:/cvmfs/sphenix.sdcc.bnl.gov/alma9.2-gcc-14.2.0/release/release_new/new.10/include/eventdisplay:/cvmfs/sphenix.sdcc.bnl.gov/alma9.2-gcc-14.2.0/release/release_new/new.10/include/EvtGen:/cvmfs/sphenix.sdcc.bnl.gov/alma9.2-gcc-14.2.0/release/release_new/new.10/include/Evaluator:/cvmfs/sphenix.sdcc.bnl.gov/alma9.2-gcc-14.2.0/release/release_new/new.10/include/tpc:/cvmfs/sphenix.sdcc.bnl.gov/alma9.2-gcc-14.2.0/release/release_new/new.10/include/GenFit:/cvmfs/sphenix.sdcc.bnl.gov/alma9.2-gcc-14.2.0/release/release_new/new.10/include/prototype4:/cvmfs/sphenix.sdcc.bnl.gov/alma9.2-gcc-14.2.0/release/release_new/new.10/include/caloembedding:/cvmfs/sphenix.sdcc.bnl.gov/alma9.2-gcc-14.2.0/release/release_new/new.10/include/EvtGenModels:/cvmfs/sphenix.sdcc.bnl.gov/alma9.2-gcc-14.2.0/release/release_new/new.10/include/fastjet:/cvmfs/sphenix.sdcc.bnl.gov/alma9.2-gcc-14.2.0/release/release_new/new.10/include/DDG4:/cvmfs/sphenix.sdcc.bnl.gov/alma9.2-gcc-14.2.0/release/release_new/new.10/include/mbd:/cvmfs/sphenix.sdcc.bnl.gov/alma9.2-gcc-14.2.0/release/release_new/new.10/include/tbb:/cvmfs/sphenix.sdcc.bnl.gov/alma9.2-gcc-14.2.0/release/release_new/new.10/include/phgeom:/cvmfs/sphenix.sdcc.bnl.gov/alma9.2-gcc-14.2.0/release/release_new/new.10/include/g4epd:/cvmfs/sphenix.sdcc.bnl.gov/alma9.2-gcc-14.2.0/release/release_new/new.10/include/oncal:/cvmfs/sphenix.sdcc.bnl.gov/alma9.2-gcc-14.2.0/release/release_new/new.10/include/pybind11:/cvmfs/sphenix.sdcc.bnl.gov/alma9.2-gcc-14.2.0/release/release_new/new.10/include/tpcdistgenerator:/cvmfs/sphenix.sdcc.bnl.gov/alma9.2-gcc-14.2.0/release/release_new/new.10/include/cdbobjects:/cvmfs/sphenix.sdcc.bnl.gov/alma9.2-gcc-14.2.0/release/release_new/new.10/include/g4micromegas:/cvmfs/sphenix.sdcc.bnl.gov/alma9.2-gcc-14.2.0/release/release_new/new.10/include/g4eval:/cvmfs/sphenix.sdcc.bnl.gov/alma9.2-gcc-14.2.0/release/release_new/new.10/include/jetbackground:/cvmfs/sphenix.sdcc.bnl.gov/alma9.2-gcc-14.2.0/release/release_new/new.10/include/micromegas:/cvmfs/sphenix.sdcc.bnl.gov/alma9.2-gcc-14.2.0/release/release_new/new.10/include/hftrackefficiency:/cvmfs/sphenix.sdcc.bnl.gov/alma9.2-gcc-14.2.0/release/release_new/new.10/include/inttrawhitqa:/cvmfs/sphenix.sdcc.bnl.gov/alma9.2-gcc-14.2.0/release/release_new/new.10/include/centrality:/cvmfs/sphenix.sdcc.bnl.gov/alma9.2-gcc-14.2.0/release/release_new/new.10/include/epd:/cvmfs/sphenix.sdcc.bnl.gov/alma9.2-gcc-14.2.0/release/release_new/new.10/include/caloreco:/cvmfs/sphenix.sdcc.bnl.gov/alma9.2-gcc-14.2.0/release/release_new/new.10/include/HepMC:/cvmfs/sphenix.sdcc.bnl.gov/alma9.2-gcc-14.2.0/release/release_new/new.10/include/CLHEP:/cvmfs/sphenix.sdcc.bnl.gov/alma9.2-gcc-14.2.0/release/release_new/new.10/include/Acts:/cvmfs/sphenix.sdcc.bnl.gov/alma9.2-gcc-14.2.0/release/release_new/new.10/include/g4histos:/cvmfs/sphenix.sdcc.bnl.gov/alma9.2-gcc-14.2.0/release/release_new/new.10/include/eventplaneinfo:/cvmfs/sphenix.sdcc.bnl.gov/alma9.2-gcc-14.2.0/release/release_new/new.10/include/fillspacechargemaps:/cvmfs/sphenix.sdcc.bnl.gov/alma9.2-gcc-14.2.0/release/release_new/new.10/include/phhepmc:/cvmfs/sphenix.sdcc.bnl.gov/alma9.2-gcc-14.2.0/release/release_new/new.10/include/trackingqa:/cvmfs/sphenix.sdcc.bnl.gov/alma9.2-gcc-14.2.0/release/release_new/new.10/include/qautils:/cvmfs/sphenix.sdcc.bnl.gov/alma9.2-gcc-14.2.0/release/release_new/new.10/include/trackreco:/cvmfs/sphenix.sdcc.bnl.gov/alma9.2-gcc-14.2.0/release/release_new/new.10/include/g4ohcal:/cvmfs/sphenix.sdcc.bnl.gov/alma9.2-gcc-14.2.0/release/release_new/new.10/include/tpcdvcalib:/cvmfs/sphenix.sdcc.bnl.gov/alma9.2-gcc-14.2.0/release/release_new/new.10/include/zdcinfo:/cvmfs/sphenix.sdcc.bnl.gov/alma9.2-gcc-14.2.0/release/release_new/new.10/include/phpythia8:/cvmfs/sphenix.sdcc.bnl.gov/alma9.2-gcc-14.2.0/release/release_new/new.10/include/fun4allutils:/cvmfs/sphenix.sdcc.bnl.gov/alma9.2-gcc-14.2.0/release/release_new/new.10/include/tpcqa:/cvmfs/sphenix.sdcc.bnl.gov/alma9.2-gcc-14.2.0/release/release_new/new.10/include/Pythia8:/cvmfs/sphenix.sdcc.bnl.gov/alma9.2-gcc-14.2.0/release/release_new/new.10/include/DDRec:/cvmfs/sphenix.sdcc.bnl.gov/alma9.2-gcc-14.2.0/release/release_new/new.10/include/DDDigi:/cvmfs/sphenix.sdcc.bnl.gov/alma9.2-gcc-14.2.0/release/release_new/new.10/include/g4ihcal:/cvmfs/sphenix.sdcc.bnl.gov/alma9.2-gcc-14.2.0/release/release_new/new.10/include/frog:/cvmfs/sphenix.sdcc.bnl.gov/alma9.2-gcc-14.2.0/release/release_new/new.10/include/eigen3:/cvmfs/sphenix.sdcc.bnl.gov/alma9.2-gcc-14.2.0/release/release_new/new.10/include/tensorpipe:/cvmfs/sphenix.sdcc.bnl.gov/alma9.2-gcc-14.2.0/release/release_new/new.10/include/sphenixnpc:/cvmfs/sphenix.sdcc.bnl.gov/alma9.2-gcc-14.2.0/release/release_new/new.10/include/siscone:/cvmfs/sphenix.sdcc.bnl.gov/alma9.2-gcc-14.2.0/release/release_new/new.10/include/pmonitor:/cvmfs/sphenix.sdcc.bnl.gov/alma9.2-gcc-14.2.0/release/release_new/new.10/include/calobase:/cvmfs/sphenix.sdcc.bnl.gov/alma9.2-gcc-14.2.0/release/release_new/new.10/include/ActsExamples:/cvmfs/sphenix.sdcc.bnl.gov/alma9.2-gcc-14.2.0/release/release_new/new.10/include/g4gdml:/cvmfs/sphenix.sdcc.bnl.gov/alma9.2-gcc-14.2.0/release/release_new/new.10/include/mvtx_decoder:/cvmfs/sphenix.sdcc.bnl.gov/alma9.2-gcc-14.2.0/release/release_new/new.10/include/ROOT:/cvmfs/sphenix.sdcc.bnl.gov/alma9.2-gcc-14.2.0/release/release_new/new.10/include/phparameter:/cvmfs/sphenix.sdcc.bnl.gov/alma9.2-gcc-14.2.0/release/release_new/new.10/include/rsa:/cvmfs/sphenix.sdcc.bnl.gov/alma9.2-gcc-14.2.0/release/release_new/new.10/include/fun4allraw:/cvmfs/sphenix.sdcc.bnl.gov/alma9.2-gcc-14.2.0/release/release_new/new.10/include/trackbase_historic:/cvmfs/sphenix.sdcc.bnl.gov/alma9.2-gcc-14.2.0/release/release_new/new.10/include/g4jets:/cvmfs/sphenix.sdcc.bnl.gov/alma9.2-gcc-14.2.0/release/release_new/new.10/include/jetqa:/cvmfs/sphenix.sdcc.bnl.gov/alma9.2-gcc-14.2.0/release/release_new/new.10/include/phoolraw:/cvmfs/sphenix.sdcc.bnl.gov/alma9.2-gcc-14.2.0/release/release_new/new.10/include/g4calo:/cvmfs/sphenix.sdcc.bnl.gov/alma9.2-gcc-14.2.0/release/release_new/new.10/include/mvtxrawhitqa:/cvmfs/sphenix.sdcc.bnl.gov/alma9.2-gcc-14.2.0/release/release_new/new.10/include/HepMC3:/cvmfs/sphenix.sdcc.bnl.gov/alma9.2-gcc-14.2.0/release/release_new/new.10/include/calowaveformsim:/cvmfs/sphenix.sdcc.bnl.gov/alma9.2-gcc-14.2.0/release/release_new/new.10/include/g4caloprototype:/cvmfs/sphenix.sdcc.bnl.gov/alma9.2-gcc-14.2.0/release/release_new/new.10/include/pdbcalbase:/cvmfs/sphenix.sdcc.bnl.gov/alma9.2-gcc-14.2.0/release/release_new/new.10/include/gsl:/cvmfs/sphenix.sdcc.bnl.gov/alma9.2-gcc-14.2.0/release/release_new/new.10/include/nodedump:/cvmfs/sphenix.sdcc.bnl.gov/alma9.2-gcc-14.2.0/release/release_new/new.10/include/emcnoisytowerfinder:/cvmfs/sphenix.sdcc.bnl.gov/alma9.2-gcc-14.2.0/release/release_new/new.10/include/ActsFatras:/cvmfs/sphenix.sdcc.bnl.gov/alma9.2-gcc-14.2.0/release/release_new/new.10/include/ffarawmodules:/cvmfs/sphenix.sdcc.bnl.gov/alma9.2-gcc-14.2.0/release/release_new/new.10/include/Event:/cvmfs/sphenix.sdcc.bnl.gov/alma9.2-gcc-14.2.0/release/release_new/new.10/include/prototype3:/cvmfs/sphenix.sdcc.bnl.gov/alma9.2-gcc-14.2.0/release/release_new/new.10/include/fermimotionafterburner:/cvmfs/sphenix.sdcc.bnl.gov/alma9.2-gcc-14.2.0/release/release_new/new.10/include/Photos:/cvmfs/sphenix.sdcc.bnl.gov/alma9.2-gcc-14.2.0/release/release_new/new.10/include/xingshiftcal:/cvmfs/sphenix.sdcc.bnl.gov/alma9.2-gcc-14.2.0/release/release_new/new.10/include/trackbase:/cvmfs/sphenix.sdcc.bnl.gov/alma9.2-gcc-14.2.0/release/release_new/new.10/include/jetdstskimmer:/cvmfs/sphenix.sdcc.bnl.gov/alma9.2-gcc-14.2.0/release/release_new/new.10/include/clusteriso:/cvmfs/sphenix.sdcc.bnl.gov/alma9.2-gcc-14.2.0/release/release_new/new.10/include/asmjit:/cvmfs/sphenix.sdcc.bnl.gov/alma9.2-gcc-14.2.0/release/release_new/new.10/include/particleflowreco:/cvmfs/sphenix.sdcc.bnl.gov/alma9.2-gcc-14.2.0/release/release_new/new.10/include/tpchittrackdisplay:/cvmfs/sphenix.sdcc.bnl.gov/alma9.2-gcc-14.2.0/release/release_new/new.10/include/caloana:/cvmfs/sphenix.sdcc.bnl.gov/alma9.2-gcc-14.2.0/release/release_new/new.10/include/calotrigger:/cvmfs/sphenix.sdcc.bnl.gov/alma9.2-gcc-14.2.0/release/release_new/new.10/include/nopayloadclient:/cvmfs/sphenix.sdcc.bnl.gov/alma9.2-gcc-14.2.0/release/release_new/new.10/include/trackermillepedealignment:/cvmfs/sphenix.sdcc.bnl.gov/alma9.2-gcc-14.2.0/release/release_new/new.10/include/DD4hep:/cvmfs/sphenix.sdcc.bnl.gov/alma9.2-gcc-14.2.0/release/release_new/new.10/include/g4trackfastsim:/cvmfs/sphenix.sdcc.bnl.gov/alma9.2-gcc-14.2.0/release/release_new/new.10/include/prototype2:/cvmfs/sphenix.sdcc.bnl.gov/alma9.2-gcc-14.2.0/release/release_new/new.10/include/ATen:/cvmfs/sphenix.sdcc.bnl.gov/alma9.2-gcc-14.2.0/release/release_new/new.10/include/g4main:/cvmfs/sphenix.sdcc.bnl.gov/alma9.2-gcc-14.2.0/release/release_new/new.10/include/Tauola:/cvmfs/sphenix.sdcc.bnl.gov/alma9.2-gcc-14.2.0/release/release_new/new.10/include/inttcalib:/cvmfs/sphenix.sdcc.bnl.gov/alma9.2-gcc-14.2.0/release/release_new/new.10/include/reactionplaneafterburner:/cvmfs/sphenix.sdcc.bnl.gov/alma9.2-gcc-14.2.0/release/release_new/new.10/include/globalqa:/cvmfs/sphenix.sdcc.bnl.gov/alma9.2-gcc-14.2.0/release/release_new/new.10/include/tpccalib:/cvmfs/sphenix.sdcc.bnl.gov/alma9.2-gcc-14.2.0/release/release_new/new.10/include/DDSegmentation:/cvmfs/sphenix.sdcc.bnl.gov/alma9.2-gcc-14.2.0/release/release_new/new.10/include/decayfinder:/cvmfs/sphenix.sdcc.bnl.gov/alma9.2-gcc-14.2.0/release/release_new/new.10/include/compressclus:/cvmfs/sphenix.sdcc.bnl.gov/alma9.2-gcc-14.2.0/release/release_new/new.10/include/simqa_modules:/cvmfs/sphenix.sdcc.bnl.gov/alma9.2-gcc-14.2.0/release/release_new/new.10/include/resonancejettagging:/cvmfs/sphenix.sdcc.bnl.gov/alma9.2-gcc-14.2.0/release/release_new/new.10/include/g4centrality:/cvmfs/sphenix.sdcc.bnl.gov/alma9.2-gcc-14.2.0/release/release_new/new.10/include/mvtx:/cvmfs/sphenix.sdcc.bnl.gov/alma9.2-gcc-14.2.0/release/release_new/new.10/include/nlohmann:/cvmfs/sphenix.sdcc.bnl.gov/alma9.2-gcc-14.2.0/release/release_new/new.10/include/localpoloffmon:/cvmfs/sphenix.sdcc.bnl.gov/alma9.2-gcc-14.2.0/release/release_new/new.10/include/DDEve:/cvmfs/sphenix.sdcc.bnl.gov/alma9.2-gcc-14.2.0/release/release_new/new.10/include/Parsers:/cvmfs/sphenix.sdcc.bnl.gov/alma9.2-gcc-14.2.0/release/release_new/new.10/include/trackingdiagnostics:/cvmfs/sphenix.sdcc.bnl.gov/alma9.2-gcc-14.2.0/release/release_new/new.10/include/g4vertex:/cvmfs/sphenix.sdcc.bnl.gov/alma9.2-gcc-14.2.0/release/release_new/new.10/include/jetbase:/cvmfs/sphenix.sdcc.bnl.gov/alma9.2-gcc-14.2.0/release/release_new/new.10/include/globalvertex:/cvmfs/sphenix.sdcc.bnl.gov/alma9.2-gcc-14.2.0/release/release_new/new.10/include/phgenfit:/cvmfs/sphenix.sdcc.bnl.gov/alma9.2-gcc-14.2.0/release/release_new/new.10/include/rawbcolumi:/cvmfs/sphenix.sdcc.bnl.gov/alma9.2-gcc-14.2.0/release/release_new/new.10/include/eicsmear:/cvmfs/sphenix.sdcc.bnl.gov/alma9.2-gcc-14.2.0/release/release_new/new.10/include/mvtxcalib:/cvmfs/sphenix.sdcc.bnl.gov/alma9.2-gcc-14.2.0/release/release_new/new.10/include/tpclinelaserdiode:/cvmfs/sphenix.sdcc.bnl.gov/alma9.2-gcc-14.2.0/release/release_new/new.10/include/hepmcjettrigger:/cvmfs/sphenix.sdcc.bnl.gov/alma9.2-gcc-14.2.0/release/release_new/new.10/include/core:/cvmfs/sphenix.sdcc.bnl.gov/alma9.2-gcc-14.2.0/release/release_new/new.10/include/calo_cdb:/cvmfs/sphenix.sdcc.bnl.gov/alma9.2-gcc-14.2.0/release/release_new/new.10/include/mvtxclustershapesqa:/cvmfs/sphenix.sdcc.bnl.gov/alma9.2-gcc-14.2.0/release/release_new/new.10/include/calopacketskimmer:/cvmfs/sphenix.sdcc.bnl.gov/alma9.2-gcc-14.2.0/opt/sphenix/core/geant4.10.07.p04/include:/cvmfs/sphenix.sdcc.bnl.gov/alma9.2-gcc-14.2.0/release/release_new/new.10/rootmacros:/cvmfs/sphenix.sdcc.bnl.gov/alma9.2-gcc-14.2.0/opt/sphenix/core/include
GSEARCHPATH=.:PG:LUSTRE:RAWDATA
PWD=/gpfs/mnt/gpfs02/sphenix/user/samfred/run25/ppg11/histmaking
LOGNAME=samfred
_CONDOR_JOB_AD=/home/condor/local/sphnx/execute/dir_2384137/.job.ad
MANPATH=/cvmfs/sphenix.sdcc.bnl.gov/alma9.2-gcc-14.2.0/opt/sphenix/core/gcc/14.2.0-2f0a0/x86_64-el9/share/man:/cvmfs/sphenix.sdcc.bnl.gov/alma9.2-gcc-14.2.0/opt/sphenix/core/binutils/2.40-acaab/x86_64-el9/share/man:/cvmfs/sphenix.sdcc.bnl.gov/alma9.2-gcc-14.2.0/release/release_new/new.10/share/man:/cvmfs/sphenix.sdcc.bnl.gov/alma9.2-gcc-14.2.0/opt/sphenix/utils/share/man:/cvmfs/sphenix.sdcc.bnl.gov/alma9.2-gcc-14.2.0/opt/sphenix/core/share/man:/cvmfs/sphenix.sdcc.bnl.gov/alma9.2-gcc-14.2.0/opt/sphenix/core/root-6.32.06/man:/usr/local/share/man:/usr/share/man
PYTHIA8=/cvmfs/sphenix.sdcc.bnl.gov/alma9.2-gcc-14.2.0/release/release_new/new.10/share/Pythia8
G4INCLDATA=/cvmfs/sphenix.sdcc.bnl.gov/alma9.2-gcc-14.2.0/opt/sphenix/core/geant4.10.07.p04/share/Geant4-10.7.4/data/G4INCL1.0
ORIG_PATH=/usr/local/bin:/usr/bin
CXX=/cvmfs/sphenix.sdcc.bnl.gov/alma9.2-gcc-14.2.0/opt/sphenix/core/gcc/14.2.0-2f0a0/x86_64-el9/bin/g++
G4LEDATA=/cvmfs/sphenix.sdcc.bnl.gov/alma9.2-gcc-14.2.0/opt/sphenix/core/geant4.10.07.p04/share/Geant4-10.7.4/data/G4EMLOW7.13
PYTHON_CPU_COUNT=1
OPENBLAS_NUM_THREADS=1
_CONDOR_BIN=/usr/bin
HOME=/sphenix/u/samfred
G4PARTICLEXSDATA=/cvmfs/sphenix.sdcc.bnl.gov/alma9.2-gcc-14.2.0/opt/sphenix/core/geant4.10.07.p04/share/Geant4-10.7.4/data/G4PARTICLEXS3.1.1
ONLINE_MAIN=/cvmfs/sphenix.sdcc.bnl.gov/alma9.2-gcc-14.2.0/release/release_new/new.10
CALIBRATIONROOT=/cvmfs/sphenix.sdcc.bnl.gov/alma9.2-gcc-14.2.0/release/release_new/new.10/share/calibrations
TMPDIR=/tmp
_CONDOR_SCRATCH_DIR=/home/condor/local/sphnx/execute/dir_2384137
PGUSER=phnxrc
NOPAYLOADCLIENT_CONF=/cvmfs/sphenix.sdcc.bnl.gov/alma9.2-gcc-14.2.0/opt/sphenix/core/etc/sPHENIX_newcdb.json
_CONDOR_ANCESTOR_340318=2384137:1759352704:1196702171
XERCESCROOT=/cvmfs/sphenix.sdcc.bnl.gov/alma9.2-gcc-14.2.0/opt/sphenix/core/geant4.10.07.p04
LHAPATH=/cvmfs/sphenix.sdcc.bnl.gov/alma9.2-gcc-14.2.0/opt/sphenix/core/lhapdf-5.9.1/share/lhapdf/PDFsets
G4NEUTRONHPDATA=/cvmfs/sphenix.sdcc.bnl.gov/alma9.2-gcc-14.2.0/opt/sphenix/core/geant4.10.07.p04/share/Geant4-10.7.4/data/G4NDL4.6
PYTHONPATH=.:/cvmfs/sphenix.sdcc.bnl.gov/alma9.2-gcc-14.2.0/release/release_new/new.10/lib/python3.13/site-packages:/cvmfs/sphenix.sdcc.bnl.gov/alma9.2-gcc-14.2.0/opt/sphenix/core/lib/python3.13/site-packages:/cvmfs/sphenix.sdcc.bnl.gov/alma9.2-gcc-14.2.0/opt/sphenix/core/root-6.32.06/lib
USER=samfred
_CONDOR_JOB_PIDS=
TEMP=/tmp
GOMAXPROCS=1
OFFLINE_MAIN=/cvmfs/sphenix.sdcc.bnl.gov/alma9.2-gcc-14.2.0/release/release_new/new.10
SHLVL=1
TF_NUM_THREADS=1
G4SAIDXSDATA=/cvmfs/sphenix.sdcc.bnl.gov/alma9.2-gcc-14.2.0/opt/sphenix/core/geant4.10.07.p04/share/Geant4-10.7.4/data/G4SAIDDATA2.0
APPTAINER_CACHEDIR=/home/condor/local/sphnx/execute/dir_2384137
ROOTSYS=/cvmfs/sphenix.sdcc.bnl.gov/alma9.2-gcc-14.2.0/opt/sphenix/core/root-6.32.06
BATCH_SYSTEM=HTCondor
_CONDOR_SLOT=slot1_33
_CONDOR_ANCESTOR_2384137=2384236:1759352704:14543959
LD_LIBRARY_PATH=/sphenix/user/samfred/run25/install//lib:/cvmfs/sphenix.sdcc.bnl.gov/alma9.2-gcc-14.2.0/opt/sphenix/core/gcc/14.2.0-2f0a0/x86_64-el9/lib:/cvmfs/sphenix.sdcc.bnl.gov/alma9.2-gcc-14.2.0/opt/sphenix/core/gcc/14.2.0-2f0a0/x86_64-el9/lib64:/cvmfs/sphenix.sdcc.bnl.gov/alma9.2-gcc-14.2.0/opt/sphenix/core/binutils/2.40-acaab/x86_64-el9/lib:.:/cvmfs/sphenix.sdcc.bnl.gov/alma9.2-gcc-14.2.0/release/release_new/new.10/lib64:/cvmfs/sphenix.sdcc.bnl.gov/alma9.2-gcc-14.2.0/release/release_new/new.10/lib:/cvmfs/sphenix.sdcc.bnl.gov/alma9.2-gcc-14.2.0/opt/sphenix/utils/lib:/cvmfs/sphenix.sdcc.bnl.gov/alma9.2-gcc-14.2.0/opt/sphenix/core/lib:/cvmfs/sphenix.sdcc.bnl.gov/alma9.2-gcc-14.2.0/opt/sphenix/core/root-6.32.06/lib:/cvmfs/sphenix.sdcc.bnl.gov/alma9.2-gcc-14.2.0/opt/sphenix/core/geant4.10.07.p04/lib64:/cvmfs/sphenix.sdcc.bnl.gov/alma9.2-gcc-14.2.0/opt/sphenix/core/lhapdf-5.9.1/lib:/usr/local/lib64:/usr/lib64
OPT_SPHENIX=/cvmfs/sphenix.sdcc.bnl.gov/alma9.2-gcc-14.2.0/opt/sphenix/core
TF_LOOP_PARALLEL_ITERATIONS=1
EVT_LIB=/cvmfs/sphenix.sdcc.bnl.gov/alma9.2-gcc-14.2.0/opt/sphenix/core/root-6.32.06/lib
PGHOST=sphnxdbmaster.sdcc.bnl.gov
OMP_NUM_THREADS=1
G4REALSURFACEDATA=/cvmfs/sphenix.sdcc.bnl.gov/alma9.2-gcc-14.2.0/opt/sphenix/core/geant4.10.07.p04/share/Geant4-10.7.4/data/RealSurface2.2
FC=/cvmfs/sphenix.sdcc.bnl.gov/alma9.2-gcc-14.2.0/opt/sphenix/core/gcc/14.2.0-2f0a0/x86_64-el9/bin/gfortran
G4ABLADATA=/cvmfs/sphenix.sdcc.bnl.gov/alma9.2-gcc-14.2.0/opt/sphenix/core/geant4.10.07.p04/share/Geant4-10.7.4/data/G4ABLA3.1
PARASOFT=doesnotexist
TMP=/tmp
OPT_UTILS=/cvmfs/sphenix.sdcc.bnl.gov/alma9.2-gcc-14.2.0/opt/sphenix/utils
CONFIG_SITE=/cvmfs/sphenix.sdcc.bnl.gov/alma9.2-gcc-14.2.0/opt/sphenix/core/etc/config.site
PATH=/sphenix/user/samfred/run25/install//bin:/cvmfs/sphenix.sdcc.bnl.gov/alma9.2-gcc-14.2.0/opt/sphenix/core/gcc/14.2.0-2f0a0/x86_64-el9/bin:/cvmfs/sphenix.sdcc.bnl.gov/alma9.2-gcc-14.2.0/opt/sphenix/core/binutils/2.40-acaab/x86_64-el9/bin:.:/cvmfs/sphenix.sdcc.bnl.gov/alma9.2-gcc-14.2.0/release/release_new/new.10/bin:/cvmfs/sphenix.sdcc.bnl.gov/alma9.2-gcc-14.2.0/opt/sphenix/utils/bin:/cvmfs/sphenix.sdcc.bnl.gov/alma9.2-gcc-14.2.0/opt/sphenix/core/bin:/cvmfs/sphenix.sdcc.bnl.gov/alma9.2-gcc-14.2.0/opt/sphenix/core/root-6.32.06/bin:/cvmfs/sphenix.sdcc.bnl.gov/alma9.2-gcc-14.2.0/opt/sphenix/core/geant4.10.07.p04/bin:/usr/local/bin:/usr/bin:/usr/local/sbin:/usr/sbin
G4LEVELGAMMADATA=/cvmfs/sphenix.sdcc.bnl.gov/alma9.2-gcc-14.2.0/opt/sphenix/core/geant4.10.07.p04/share/Geant4-10.7.4/data/PhotonEvaporation5.7
CC=/cvmfs/sphenix.sdcc.bnl.gov/alma9.2-gcc-14.2.0/opt/sphenix/core/gcc/14.2.0-2f0a0/x86_64-el9/bin/gcc
G4RADIOACTIVEDATA=/cvmfs/sphenix.sdcc.bnl.gov/alma9.2-gcc-14.2.0/opt/sphenix/core/geant4.10.07.p04/share/Geant4-10.7.4/data/RadioactiveDecay5.6
JULIA_NUM_THREADS=1
MKL_NUM_THREADS=1
LHAPDF_DATA_PATH=/cvmfs/sphenix.sdcc.bnl.gov/alma9.2-gcc-14.2.0/release/release_new/new.10/share/LHAPDF
XPLOAD_CONFIG_DIR=/cvmfs/sphenix.sdcc.bnl.gov/alma9.2-gcc-14.2.0/opt/sphenix/core/etc
OLDPWD=/cvmfs/sphenix.sdcc.bnl.gov/alma9.2-gcc-14.2.0/release/release_new/new.10/geant4
_=/usr/bin/printenv
runnumber...
49386
trigger...

   ------------------------------------------------------------------
  | Welcome to ROOT 6.32.06                        https://root.cern |
  | (c) 1995-2024, The ROOT Team; conception: R. Brun, F. Rademakers |
  | Built for linuxx8664gcc on Dec 13 2024, 17:23:48                 |
  | From tags/6-32-06@6-32-06                                        |
  | With g++ (GCC) 14.2.0                                            |
  | Try '.help'/'.?', '.demo', '.license', '.credits', '.quit'/'.q'  |
   ------------------------------------------------------------------


Processing data_histmaker.C(49386)...
entry 0/1562499 (0%)
entry 2000/1562499 (0.128%)
entry 3000/1562499 (0.192%)
entry 5000/1562499 (0.32%)
entry 6000/1562499 (0.384%)
entry 7000/1562499 (0.448%)
entry 8000/1562499 (0.512%)
entry 21000/1562499 (1.344%)
entry 23000/1562499 (1.472%)
entry 24000/1562499 (1.536%)
entry 29000/1562499 (1.856%)
entry 31000/1562499 (1.984%)
entry 32000/1562499 (2.048%)
entry 33000/1562499 (2.112%)
entry 34000/1562499 (2.176%)
entry 37000/1562499 (2.368%)
entry 40000/1562499 (2.56%)
entry 42000/1562499 (2.688%)
entry 44000/1562499 (2.816%)
entry 47000/1562499 (3.008%)
entry 48000/1562499 (3.072%)
entry 49000/1562499 (3.136%)
entry 51000/1562499 (3.264%)
entry 52000/1562499 (3.328%)
entry 54000/1562499 (3.456%)
entry 55000/1562499 (3.52%)
entry 60000/1562499 (3.84%)
entry 75000/1562499 (4.8%)
entry 76000/1562499 (4.864%)
entry 77000/1562499 (4.928%)
entry 81000/1562499 (5.184%)
entry 84000/1562499 (5.376%)
entry 85000/1562499 (5.44%)
entry 87000/1562499 (5.568%)
entry 88000/1562499 (5.632%)
entry 90000/1562499 (5.76%)
entry 92000/1562499 (5.888%)
entry 100000/1562499 (6.4%)
entry 101000/1562499 (6.464%)
entry 109000/1562499 (6.976%)
entry 110000/1562499 (7.04%)
entry 112000/1562499 (7.168%)
entry 113000/1562499 (7.232%)
entry 115000/1562499 (7.36%)
entry 117000/1562499 (7.488%)
entry 118000/1562499 (7.552%)
entry 123000/1562499 (7.872%)
entry 126000/1562499 (8.06401%)
entry 127000/1562499 (8.12801%)
entry 128000/1562499 (8.19201%)
entry 129000/1562499 (8.25601%)
entry 130000/1562499 (8.32001%)
entry 131000/1562499 (8.38401%)
entry 132000/1562499 (8.44801%)
entry 140000/1562499 (8.96001%)
entry 142000/1562499 (9.08801%)
entry 143000/1562499 (9.15201%)
entry 145000/1562499 (9.28001%)
entry 146000/1562499 (9.34401%)
entry 148000/1562499 (9.47201%)
entry 149000/1562499 (9.53601%)
entry 150000/1562499 (9.60001%)
entry 152000/1562499 (9.72801%)
entry 154000/1562499 (9.85601%)
entry 156000/1562499 (9.98401%)
entry 158000/1562499 (10.112%)
entry 167000/1562499 (10.688%)
entry 168000/1562499 (10.752%)
entry 175000/1562499 (11.2%)
entry 176000/1562499 (11.264%)
entry 178000/1562499 (11.392%)
entry 180000/1562499 (11.52%)
entry 181000/1562499 (11.584%)
entry 184000/1562499 (11.776%)
entry 185000/1562499 (11.84%)
entry 187000/1562499 (11.968%)
entry 188000/1562499 (12.032%)
entry 189000/1562499 (12.096%)
entry 199000/1562499 (12.736%)
entry 202000/1562499 (12.928%)
entry 203000/1562499 (12.992%)
entry 205000/1562499 (13.12%)
entry 212000/1562499 (13.568%)
entry 213000/1562499 (13.632%)
entry 217000/1562499 (13.888%)
entry 219000/1562499 (14.016%)
entry 220000/1562499 (14.08%)
entry 222000/1562499 (14.208%)
entry 223000/1562499 (14.272%)
entry 225000/1562499 (14.4%)
entry 226000/1562499 (14.464%)
entry 231000/1562499 (14.784%)
entry 237000/1562499 (15.168%)
entry 238000/1562499 (15.232%)
entry 241000/1562499 (15.424%)
entry 242000/1562499 (15.488%)
entry 249000/1562499 (15.936%)
entry 251000/1562499 (16.064%)
entry 252000/1562499 (16.128%)
entry 263000/1562499 (16.832%)
entry 270000/1562499 (17.28%)
entry 274000/1562499 (17.536%)
entry 280000/1562499 (17.92%)
entry 281000/1562499 (17.984%)
entry 286000/1562499 (18.304%)
entry 289000/1562499 (18.496%)
entry 292000/1562499 (18.688%)
entry 293000/1562499 (18.752%)
entry 297000/1562499 (19.008%)
entry 298000/1562499 (19.072%)
entry 301000/1562499 (19.264%)
entry 303000/1562499 (19.392%)
entry 308000/1562499 (19.712%)
entry 311000/1562499 (19.904%)
entry 315000/1562499 (20.16%)
entry 318000/1562499 (20.352%)
entry 320000/1562499 (20.48%)
entry 323000/1562499 (20.672%)
entry 325000/1562499 (20.8%)
entry 335000/1562499 (21.44%)
entry 340000/1562499 (21.76%)
entry 344000/1562499 (22.016%)
entry 348000/1562499 (22.272%)
entry 349000/1562499 (22.336%)
entry 350000/1562499 (22.4%)
entry 351000/1562499 (22.464%)
entry 355000/1562499 (22.72%)
entry 356000/1562499 (22.784%)
entry 357000/1562499 (22.848%)
entry 358000/1562499 (22.912%)
entry 359000/1562499 (22.976%)
entry 366000/1562499 (23.424%)
entry 371000/1562499 (23.744%)
entry 374000/1562499 (23.936%)
entry 375000/1562499 (24%)
entry 377000/1562499 (24.128%)
entry 378000/1562499 (24.192%)
entry 382000/1562499 (24.448%)
entry 384000/1562499 (24.576%)
entry 389000/1562499 (24.896%)
entry 393000/1562499 (25.152%)
entry 394000/1562499 (25.216%)
entry 396000/1562499 (25.344%)
entry 401000/1562499 (25.664%)
entry 404000/1562499 (25.856%)
entry 405000/1562499 (25.92%)
entry 407000/1562499 (26.048%)
entry 409000/1562499 (26.176%)
entry 418000/1562499 (26.752%)
entry 421000/1562499 (26.944%)
entry 427000/1562499 (27.328%)
entry 431000/1562499 (27.584%)
entry 432000/1562499 (27.648%)
entry 433000/1562499 (27.712%)
entry 439000/1562499 (28.096%)
entry 441000/1562499 (28.224%)
entry 443000/1562499 (28.352%)
entry 451000/1562499 (28.864%)
entry 452000/1562499 (28.928%)
entry 455000/1562499 (29.12%)
entry 456000/1562499 (29.184%)
entry 460000/1562499 (29.44%)
entry 461000/1562499 (29.504%)
entry 465000/1562499 (29.76%)
entry 469000/1562499 (30.016%)
entry 474000/1562499 (30.336%)
entry 478000/1562499 (30.592%)
entry 479000/1562499 (30.656%)
entry 480000/1562499 (30.72%)
entry 486000/1562499 (31.104%)
entry 487000/1562499 (31.168%)
entry 488000/1562499 (31.232%)
entry 489000/1562499 (31.296%)
entry 491000/1562499 (31.424%)
entry 493000/1562499 (31.552%)
entry 497000/1562499 (31.808%)
entry 501000/1562499 (32.064%)
entry 507000/1562499 (32.448%)
entry 511000/1562499 (32.704%)
entry 514000/1562499 (32.896%)
entry 522000/1562499 (33.408%)
entry 528000/1562499 (33.792%)
entry 532000/1562499 (34.048%)
entry 534000/1562499 (34.176%)
entry 535000/1562499 (34.24%)
entry 539000/1562499 (34.496%)
entry 542000/1562499 (34.688%)
entry 543000/1562499 (34.752%)
entry 544000/1562499 (34.816%)
entry 545000/1562499 (34.88%)
entry 547000/1562499 (35.008%)
entry 548000/1562499 (35.072%)
entry 549000/1562499 (35.136%)
entry 551000/1562499 (35.264%)
entry 553000/1562499 (35.392%)
entry 559000/1562499 (35.776%)
entry 560000/1562499 (35.84%)
entry 563000/1562499 (36.032%)
entry 566000/1562499 (36.224%)
entry 569000/1562499 (36.416%)
entry 571000/1562499 (36.544%)
entry 574000/1562499 (36.736%)
entry 576000/1562499 (36.864%)
entry 579000/1562499 (37.056%)
entry 581000/1562499 (37.184%)
entry 584000/1562499 (37.376%)
entry 588000/1562499 (37.632%)
entry 589000/1562499 (37.696%)
entry 599000/1562499 (38.336%)
entry 607000/1562499 (38.848%)
entry 608000/1562499 (38.912%)
entry 618000/1562499 (39.552%)
entry 622000/1562499 (39.808%)
entry 623000/1562499 (39.872%)
entry 626000/1562499 (40.064%)
entry 627000/1562499 (40.128%)
entry 629000/1562499 (40.256%)
entry 630000/1562499 (40.32%)
entry 632000/1562499 (40.448%)
entry 635000/1562499 (40.64%)
entry 638000/1562499 (40.832%)
entry 643000/1562499 (41.152%)
entry 646000/1562499 (41.344%)
entry 648000/1562499 (41.472%)
entry 650000/1562499 (41.6%)
entry 652000/1562499 (41.728%)
entry 656000/1562499 (41.984%)
entry 658000/1562499 (42.112%)
entry 659000/1562499 (42.176%)
entry 662000/1562499 (42.368%)
entry 663000/1562499 (42.432%)
entry 664000/1562499 (42.496%)
entry 669000/1562499 (42.816%)
entry 675000/1562499 (43.2%)
entry 676000/1562499 (43.264%)
entry 680000/1562499 (43.52%)
entry 681000/1562499 (43.584%)
entry 685000/1562499 (43.84%)
entry 687000/1562499 (43.968%)
entry 689000/1562499 (44.096%)
entry 692000/1562499 (44.288%)
entry 695000/1562499 (44.48%)
entry 697000/1562499 (44.608%)
entry 698000/1562499 (44.672%)
entry 699000/1562499 (44.736%)
entry 707000/1562499 (45.248%)
entry 708000/1562499 (45.312%)
entry 715000/1562499 (45.76%)
entry 718000/1562499 (45.952%)
entry 719000/1562499 (46.016%)
entry 721000/1562499 (46.144%)
entry 722000/1562499 (46.208%)
entry 725000/1562499 (46.4%)
entry 727000/1562499 (46.528%)
entry 729000/1562499 (46.656%)
entry 731000/1562499 (46.784%)
entry 733000/1562499 (46.912%)
entry 734000/1562499 (46.976%)
entry 736000/1562499 (47.104%)
entry 737000/1562499 (47.168%)
entry 739000/1562499 (47.296%)
entry 744000/1562499 (47.616%)
entry 746000/1562499 (47.744%)
entry 763000/1562499 (48.832%)
entry 764000/1562499 (48.896%)
entry 767000/1562499 (49.088%)
entry 769000/1562499 (49.216%)
entry 770000/1562499 (49.28%)
entry 771000/1562499 (49.344%)
entry 777000/1562499 (49.728%)
entry 778000/1562499 (49.792%)
entry 779000/1562499 (49.856%)
entry 781000/1562499 (49.984%)
entry 789000/1562499 (50.496%)
entry 790000/1562499 (50.56%)
entry 795000/1562499 (50.88%)
entry 798000/1562499 (51.072%)
entry 803000/1562499 (51.392%)
entry 806000/1562499 (51.584%)
entry 809000/1562499 (51.776%)
entry 810000/1562499 (51.84%)
entry 820000/1562499 (52.48%)
entry 822000/1562499 (52.608%)
entry 828000/1562499 (52.992%)
entry 830000/1562499 (53.12%)
entry 831000/1562499 (53.184%)
entry 835000/1562499 (53.44%)
entry 836000/1562499 (53.504%)
entry 838000/1562499 (53.632%)
entry 839000/1562499 (53.696%)
entry 842000/1562499 (53.888%)
entry 844000/1562499 (54.016%)
entry 848000/1562499 (54.272%)
entry 855000/1562499 (54.72%)
entry 857000/1562499 (54.848%)
entry 859000/1562499 (54.976%)
entry 860000/1562499 (55.04%)
entry 863000/1562499 (55.232%)
entry 865000/1562499 (55.36%)
entry 866000/1562499 (55.424%)
entry 869000/1562499 (55.616%)
entry 875000/1562499 (56%)
entry 877000/1562499 (56.128%)
entry 878000/1562499 (56.192%)
entry 880000/1562499 (56.32%)
entry 881000/1562499 (56.384%)
entry 884000/1562499 (56.576%)
entry 892000/1562499 (57.088%)
entry 893000/1562499 (57.152%)
entry 895000/1562499 (57.28%)
entry 902000/1562499 (57.728%)
entry 907000/1562499 (58.048%)
entry 910000/1562499 (58.24%)
entry 914000/1562499 (58.496%)
entry 917000/1562499 (58.688%)
entry 923000/1562499 (59.072%)
entry 925000/1562499 (59.2%)
entry 926000/1562499 (59.264%)
entry 929000/1562499 (59.456%)
entry 930000/1562499 (59.52%)
entry 931000/1562499 (59.584%)
entry 936000/1562499 (59.904%)
entry 937000/1562499 (59.968%)
entry 939000/1562499 (60.096%)
entry 943000/1562499 (60.352%)
entry 944000/1562499 (60.416%)
entry 949000/1562499 (60.736%)
entry 952000/1562499 (60.928%)
entry 953000/1562499 (60.992%)
entry 954000/1562499 (61.056%)
entry 957000/1562499 (61.248%)
entry 960000/1562499 (61.44%)
entry 965000/1562499 (61.76%)
entry 972000/1562499 (62.208%)
entry 982000/1562499 (62.848%)
entry 983000/1562499 (62.912%)
entry 984000/1562499 (62.976%)
entry 986000/1562499 (63.104%)
entry 992000/1562499 (63.488%)
entry 995000/1562499 (63.68%)
entry 997000/1562499 (63.808%)
entry 998000/1562499 (63.872%)
entry 999000/1562499 (63.936%)
entry 1001000/1562499 (64.064%)
entry 1002000/1562499 (64.128%)
entry 1003000/1562499 (64.192%)
entry 1007000/1562499 (64.448%)
entry 1013000/1562499 (64.832%)
entry 1017000/1562499 (65.088%)
entry 1025000/1562499 (65.6%)
entry 1026000/1562499 (65.664%)
entry 1030000/1562499 (65.92%)
entry 1031000/1562499 (65.984%)
entry 1032000/1562499 (66.048%)
entry 1039000/1562499 (66.496%)
entry 1041000/1562499 (66.624%)
entry 1043000/1562499 (66.752%)
entry 1044000/1562499 (66.816%)
entry 1046000/1562499 (66.944%)
entry 1048000/1562499 (67.072%)
entry 1052000/1562499 (67.328%)
entry 1054000/1562499 (67.456%)
entry 1055000/1562499 (67.52%)
entry 1056000/1562499 (67.584%)
entry 1062000/1562499 (67.968%)
entry 1065000/1562499 (68.16%)
entry 1066000/1562499 (68.224%)
entry 1067000/1562499 (68.288%)
entry 1068000/1562499 (68.352%)
entry 1071000/1562499 (68.544%)
entry 1077000/1562499 (68.928%)
entry 1082000/1562499 (69.248%)
entry 1084000/1562499 (69.376%)
entry 1097000/1562499 (70.208%)
entry 1099000/1562499 (70.336%)
entry 1100000/1562499 (70.4%)
entry 1101000/1562499 (70.464%)
entry 1115000/1562499 (71.36%)
entry 1116000/1562499 (71.424%)
entry 1118000/1562499 (71.552%)
entry 1128000/1562499 (72.192%)
entry 1131000/1562499 (72.384%)
entry 1132000/1562499 (72.448%)
entry 1133000/1562499 (72.512%)
entry 1134000/1562499 (72.576%)
entry 1135000/1562499 (72.64%)
entry 1138000/1562499 (72.832%)
entry 1139000/1562499 (72.896%)
entry 1141000/1562499 (73.024%)
entry 1143000/1562499 (73.152%)
entry 1146000/1562499 (73.344%)
entry 1147000/1562499 (73.408%)
entry 1149000/1562499 (73.536%)
entry 1150000/1562499 (73.6%)
entry 1151000/1562499 (73.664%)
entry 1158000/1562499 (74.112%)
entry 1161000/1562499 (74.3041%)
entry 1167000/1562499 (74.688%)
entry 1168000/1562499 (74.7521%)
entry 1170000/1562499 (74.88%)
entry 1173000/1562499 (75.0721%)
entry 1174000/1562499 (75.136%)
entry 1175000/1562499 (75.2001%)
entry 1182000/1562499 (75.648%)
entry 1183000/1562499 (75.712%)
entry 1185000/1562499 (75.84%)
entry 1186000/1562499 (75.904%)
entry 1193000/1562499 (76.352%)
entry 1201000/1562499 (76.8641%)
entry 1203000/1562499 (76.992%)
entry 1208000/1562499 (77.3121%)
entry 1220000/1562499 (78.0801%)
entry 1222000/1562499 (78.208%)
entry 1224000/1562499 (78.336%)
entry 1230000/1562499 (78.7201%)
entry 1238000/1562499 (79.232%)
entry 1239000/1562499 (79.2961%)
entry 1252000/1562499 (80.128%)
entry 1253000/1562499 (80.1921%)
entry 1255000/1562499 (80.3201%)
entry 1256000/1562499 (80.3841%)
entry 1260000/1562499 (80.6401%)
entry 1262000/1562499 (80.768%)
entry 1265000/1562499 (80.9601%)
entry 1267000/1562499 (81.0881%)
entry 1270000/1562499 (81.2801%)
entry 1272000/1562499 (81.4081%)
entry 1273000/1562499 (81.4721%)
entry 1274000/1562499 (81.5361%)
entry 1281000/1562499 (81.9841%)
entry 1282000/1562499 (82.0481%)
entry 1286000/1562499 (82.3041%)
entry 1287000/1562499 (82.3681%)
entry 1288000/1562499 (82.4321%)
entry 1289000/1562499 (82.4961%)
entry 1295000/1562499 (82.8801%)
entry 1300000/1562499 (83.2001%)
entry 1301000/1562499 (83.2641%)
entry 1305000/1562499 (83.5201%)
entry 1306000/1562499 (83.5841%)
entry 1312000/1562499 (83.9681%)
entry 1313000/1562499 (84.0321%)
entry 1316000/1562499 (84.2241%)
entry 1319000/1562499 (84.4161%)
entry 1320000/1562499 (84.4801%)
entry 1322000/1562499 (84.6081%)
entry 1325000/1562499 (84.8001%)
entry 1326000/1562499 (84.8641%)
entry 1329000/1562499 (85.0561%)
entry 1333000/1562499 (85.3121%)
entry 1335000/1562499 (85.4401%)
entry 1338000/1562499 (85.6321%)
entry 1340000/1562499 (85.7601%)
entry 1341000/1562499 (85.8241%)
entry 1344000/1562499 (86.0161%)
entry 1353000/1562499 (86.5921%)
entry 1356000/1562499 (86.7841%)
entry 1358000/1562499 (86.9121%)
entry 1360000/1562499 (87.0401%)
entry 1361000/1562499 (87.1041%)
entry 1364000/1562499 (87.2961%)
entry 1366000/1562499 (87.4241%)
entry 1367000/1562499 (87.4881%)
entry 1375000/1562499 (88.0001%)
entry 1376000/1562499 (88.0641%)
entry 1387000/1562499 (88.7681%)
entry 1388000/1562499 (88.8321%)
entry 1390000/1562499 (88.9601%)
entry 1394000/1562499 (89.2161%)
entry 1397000/1562499 (89.4081%)
entry 1398000/1562499 (89.4721%)
entry 1400000/1562499 (89.6001%)
entry 1406000/1562499 (89.9841%)
entry 1409000/1562499 (90.1761%)
entry 1410000/1562499 (90.2401%)
entry 1411000/1562499 (90.3041%)
entry 1415000/1562499 (90.5601%)
entry 1425000/1562499 (91.2001%)
entry 1428000/1562499 (91.3921%)
entry 1429000/1562499 (91.4561%)
entry 1430000/1562499 (91.5201%)
entry 1431000/1562499 (91.5841%)
entry 1432000/1562499 (91.6481%)
entry 1435000/1562499 (91.8401%)
entry 1437000/1562499 (91.9681%)
entry 1439000/1562499 (92.0961%)
entry 1445000/1562499 (92.4801%)
entry 1450000/1562499 (92.8001%)
entry 1456000/1562499 (93.1841%)
entry 1461000/1562499 (93.5041%)
entry 1462000/1562499 (93.5681%)
entry 1466000/1562499 (93.8241%)
entry 1470000/1562499 (94.0801%)
entry 1471000/1562499 (94.1441%)
entry 1472000/1562499 (94.2081%)
entry 1474000/1562499 (94.3361%)
entry 1476000/1562499 (94.4641%)
entry 1479000/1562499 (94.6561%)
entry 1484000/1562499 (94.9761%)
entry 1485000/1562499 (95.0401%)
entry 1487000/1562499 (95.1681%)
entry 1490000/1562499 (95.3601%)
entry 1496000/1562499 (95.7441%)
entry 1497000/1562499 (95.8081%)
entry 1499000/1562499 (95.9361%)
entry 1500000/1562499 (96.0001%)
entry 1501000/1562499 (96.0641%)
entry 1503000/1562499 (96.1921%)
entry 1504000/1562499 (96.2561%)
entry 1506000/1562499 (96.3841%)
entry 1508000/1562499 (96.5121%)
entry 1510000/1562499 (96.6401%)
entry 1512000/1562499 (96.7681%)
entry 1514000/1562499 (96.8961%)
entry 1518000/1562499 (97.1521%)
entry 1525000/1562499 (97.6001%)
entry 1526000/1562499 (97.6641%)
entry 1527000/1562499 (97.7281%)
entry 1528000/1562499 (97.7921%)
entry 1537000/1562499 (98.3681%)
entry 1539000/1562499 (98.4961%)
entry 1542000/1562499 (98.6881%)
entry 1543000/1562499 (98.7521%)
entry 1546000/1562499 (98.9441%)
entry 1553000/1562499 (99.3921%)
entry 1554000/1562499 (99.4561%)
entry 1558000/1562499 (99.7121%)
entry 1559000/1562499 (99.7761%)
all done
script done
