sphnx1124.sdcc.bnl.gov
rsyncing from /gpfs/mnt/gpfs02/sphenix/user/samfred/run25/ppg11/histmaking
running: /gpfs/mnt/gpfs02/sphenix/user/samfred/run25/ppg11/histmaking/script_data.sh 49398
LD_LIBRARY_PATH now /sphenix/user/samfred/run25/install//lib:/cvmfs/sphenix.sdcc.bnl.gov/alma9.2-gcc-14.2.0/opt/sphenix/core/gcc/14.2.0-2f0a0/x86_64-el9/lib:/cvmfs/sphenix.sdcc.bnl.gov/alma9.2-gcc-14.2.0/opt/sphenix/core/gcc/14.2.0-2f0a0/x86_64-el9/lib64:/cvmfs/sphenix.sdcc.bnl.gov/alma9.2-gcc-14.2.0/opt/sphenix/core/binutils/2.40-acaab/x86_64-el9/lib:.:/cvmfs/sphenix.sdcc.bnl.gov/alma9.2-gcc-14.2.0/release/release_new/new.10/lib64:/cvmfs/sphenix.sdcc.bnl.gov/alma9.2-gcc-14.2.0/release/release_new/new.10/lib:/cvmfs/sphenix.sdcc.bnl.gov/alma9.2-gcc-14.2.0/opt/sphenix/utils/lib:/cvmfs/sphenix.sdcc.bnl.gov/alma9.2-gcc-14.2.0/opt/sphenix/core/lib:/cvmfs/sphenix.sdcc.bnl.gov/alma9.2-gcc-14.2.0/opt/sphenix/core/root-6.32.06/lib:/cvmfs/sphenix.sdcc.bnl.gov/alma9.2-gcc-14.2.0/opt/sphenix/core/geant4.10.07.p04/lib64:/cvmfs/sphenix.sdcc.bnl.gov/alma9.2-gcc-14.2.0/opt/sphenix/core/lhapdf-5.9.1/lib:/usr/local/lib64:/usr/lib64
PATH now /sphenix/user/samfred/run25/install//bin:/cvmfs/sphenix.sdcc.bnl.gov/alma9.2-gcc-14.2.0/opt/sphenix/core/gcc/14.2.0-2f0a0/x86_64-el9/bin:/cvmfs/sphenix.sdcc.bnl.gov/alma9.2-gcc-14.2.0/opt/sphenix/core/binutils/2.40-acaab/x86_64-el9/bin:.:/cvmfs/sphenix.sdcc.bnl.gov/alma9.2-gcc-14.2.0/release/release_new/new.10/bin:/cvmfs/sphenix.sdcc.bnl.gov/alma9.2-gcc-14.2.0/opt/sphenix/utils/bin:/cvmfs/sphenix.sdcc.bnl.gov/alma9.2-gcc-14.2.0/opt/sphenix/core/bin:/cvmfs/sphenix.sdcc.bnl.gov/alma9.2-gcc-14.2.0/opt/sphenix/core/root-6.32.06/bin:/cvmfs/sphenix.sdcc.bnl.gov/alma9.2-gcc-14.2.0/opt/sphenix/core/geant4.10.07.p04/bin:/usr/local/bin:/usr/bin:/usr/local/sbin:/usr/sbin
SINGULARITY_CACHEDIR=/home/condor/local/sphnx/execute/dir_1395648
_CONDOR_CHIRP_CONFIG=/home/condor/local/sphnx/execute/dir_1395648/.chirp.config
_CONDOR_JOB_IWD=/sphenix/user/samfred/run25/ppg11/histmaking
G4ENSDFSTATEDATA=/cvmfs/sphenix.sdcc.bnl.gov/alma9.2-gcc-14.2.0/opt/sphenix/core/geant4.10.07.p04/share/Geant4-10.7.4/data/G4ENSDFSTATE2.3
_CONDOR_MACHINE_AD=/home/condor/local/sphnx/execute/dir_1395648/.machine.ad
ROOT_MAX_THREADS=1
NUMEXPR_NUM_THREADS=1
CUBACORES=1
_CHIRP_DELAYED_UPDATE_PREFIX=Chirp*
OMP_THREAD_LIMIT=1
G4PIIDATA=/cvmfs/sphenix.sdcc.bnl.gov/alma9.2-gcc-14.2.0/opt/sphenix/core/geant4.10.07.p04/share/Geant4-10.7.4/data/G4PII1.3
NO_AT_BRIDGE=1
G4_MAIN=/cvmfs/sphenix.sdcc.bnl.gov/alma9.2-gcc-14.2.0/opt/sphenix/core/geant4.10.07.p04
COMPILER_PATH=/cvmfs/sphenix.sdcc.bnl.gov/alma9.2-gcc-14.2.0/opt/sphenix/core/gcc/14.2.0-2f0a0/x86_64-el9
ROOT_INCLUDE_PATH=./:/sphenix/user/samfred/run25/install//include:/sphenix/user/samfred/run25/install//include/caloana:/sphenix/user/samfred/run25/install//include/qa_centrality:/sphenix/user/samfred/run25/install//include/mbdana:/sphenix/user/samfred/run25/install//include/centrality:/sphenix/user/samfred/run25/install//include/Event:/cvmfs/sphenix.sdcc.bnl.gov/alma9.2-gcc-14.2.0/release/release_new/new.10/include:/cvmfs/sphenix.sdcc.bnl.gov/alma9.2-gcc-14.2.0/release/release_new/new.10/include:/cvmfs/sphenix.sdcc.bnl.gov/alma9.2-gcc-14.2.0/release/release_new/new.10/include/g4mbd:/cvmfs/sphenix.sdcc.bnl.gov/alma9.2-gcc-14.2.0/release/release_new/new.10/include/fmt:/cvmfs/sphenix.sdcc.bnl.gov/alma9.2-gcc-14.2.0/release/release_new/new.10/include/ffarawobjects:/cvmfs/sphenix.sdcc.bnl.gov/alma9.2-gcc-14.2.0/release/release_new/new.10/include/JSON:/cvmfs/sphenix.sdcc.bnl.gov/alma9.2-gcc-14.2.0/release/release_new/new.10/include/calotreegen:/cvmfs/sphenix.sdcc.bnl.gov/alma9.2-gcc-14.2.0/release/release_new/new.10/include/torch:/cvmfs/sphenix.sdcc.bnl.gov/alma9.2-gcc-14.2.0/release/release_new/new.10/include/g4detectors:/cvmfs/sphenix.sdcc.bnl.gov/alma9.2-gcc-14.2.0/release/release_new/new.10/include/kineto:/cvmfs/sphenix.sdcc.bnl.gov/alma9.2-gcc-14.2.0/release/release_new/new.10/include/g4decayer:/cvmfs/sphenix.sdcc.bnl.gov/alma9.2-gcc-14.2.0/release/release_new/new.10/include/kfparticleqa:/cvmfs/sphenix.sdcc.bnl.gov/alma9.2-gcc-14.2.0/release/release_new/new.10/include/phfield:/cvmfs/sphenix.sdcc.bnl.gov/alma9.2-gcc-14.2.0/release/release_new/new.10/include/LHAPDF:/cvmfs/sphenix.sdcc.bnl.gov/alma9.2-gcc-14.2.0/release/release_new/new.10/include/readdigitalcurrents:/cvmfs/sphenix.sdcc.bnl.gov/alma9.2-gcc-14.2.0/release/release_new/new.10/include/c10:/cvmfs/sphenix.sdcc.bnl.gov/alma9.2-gcc-14.2.0/release/release_new/new.10/include/calovalid:/cvmfs/sphenix.sdcc.bnl.gov/alma9.2-gcc-14.2.0/release/release_new/new.10/include/oneapi:/cvmfs/sphenix.sdcc.bnl.gov/alma9.2-gcc-14.2.0/release/release_new/new.10/include/DDCond:/cvmfs/sphenix.sdcc.bnl.gov/alma9.2-gcc-14.2.0/release/release_new/new.10/include/g4tracking:/cvmfs/sphenix.sdcc.bnl.gov/alma9.2-gcc-14.2.0/release/release_new/new.10/include/litecaloeval:/cvmfs/sphenix.sdcc.bnl.gov/alma9.2-gcc-14.2.0/release/release_new/new.10/include/g4intt:/cvmfs/sphenix.sdcc.bnl.gov/alma9.2-gcc-14.2.0/release/release_new/new.10/include/phool:/cvmfs/sphenix.sdcc.bnl.gov/alma9.2-gcc-14.2.0/release/release_new/new.10/include/boost:/cvmfs/sphenix.sdcc.bnl.gov/alma9.2-gcc-14.2.0/release/release_new/new.10/include/Pythia8Plugins:/cvmfs/sphenix.sdcc.bnl.gov/alma9.2-gcc-14.2.0/release/release_new/new.10/include/calib_emc_pi0:/cvmfs/sphenix.sdcc.bnl.gov/alma9.2-gcc-14.2.0/release/release_new/new.10/include/hijingflipafterburner:/cvmfs/sphenix.sdcc.bnl.gov/alma9.2-gcc-14.2.0/release/release_new/new.10/include/ffaobjects:/cvmfs/sphenix.sdcc.bnl.gov/alma9.2-gcc-14.2.0/release/release_new/new.10/include/EvtGenBase:/cvmfs/sphenix.sdcc.bnl.gov/alma9.2-gcc-14.2.0/release/release_new/new.10/include/flowafterburner:/cvmfs/sphenix.sdcc.bnl.gov/alma9.2-gcc-14.2.0/release/release_new/new.10/include/google:/cvmfs/sphenix.sdcc.bnl.gov/alma9.2-gcc-14.2.0/release/release_new/new.10/include/g4tpc:/cvmfs/sphenix.sdcc.bnl.gov/alma9.2-gcc-14.2.0/release/release_new/new.10/include/caffe2:/cvmfs/sphenix.sdcc.bnl.gov/alma9.2-gcc-14.2.0/release/release_new/new.10/include/EvtGenExternal:/cvmfs/sphenix.sdcc.bnl.gov/alma9.2-gcc-14.2.0/release/release_new/new.10/include/fp16:/cvmfs/sphenix.sdcc.bnl.gov/alma9.2-gcc-14.2.0/release/release_new/new.10/include/ffamodules:/cvmfs/sphenix.sdcc.bnl.gov/alma9.2-gcc-14.2.0/release/release_new/new.10/include/uspin:/cvmfs/sphenix.sdcc.bnl.gov/alma9.2-gcc-14.2.0/release/release_new/new.10/include/Herwig:/cvmfs/sphenix.sdcc.bnl.gov/alma9.2-gcc-14.2.0/release/release_new/new.10/include/genfitexp:/cvmfs/sphenix.sdcc.bnl.gov/alma9.2-gcc-14.2.0/release/release_new/new.10/include/XML:/cvmfs/sphenix.sdcc.bnl.gov/alma9.2-gcc-14.2.0/release/release_new/new.10/include/fbgemm:/cvmfs/sphenix.sdcc.bnl.gov/alma9.2-gcc-14.2.0/release/release_new/new.10/include/DDAlign:/cvmfs/sphenix.sdcc.bnl.gov/alma9.2-gcc-14.2.0/release/release_new/new.10/include/g4mvtx:/cvmfs/sphenix.sdcc.bnl.gov/alma9.2-gcc-14.2.0/release/release_new/new.10/include/kfparticle_sphenix:/cvmfs/sphenix.sdcc.bnl.gov/alma9.2-gcc-14.2.0/release/release_new/new.10/include/fun4all:/cvmfs/sphenix.sdcc.bnl.gov/alma9.2-gcc-14.2.0/release/release_new/new.10/include/intt:/cvmfs/sphenix.sdcc.bnl.gov/alma9.2-gcc-14.2.0/release/release_new/new.10/include/eventdisplay:/cvmfs/sphenix.sdcc.bnl.gov/alma9.2-gcc-14.2.0/release/release_new/new.10/include/EvtGen:/cvmfs/sphenix.sdcc.bnl.gov/alma9.2-gcc-14.2.0/release/release_new/new.10/include/Evaluator:/cvmfs/sphenix.sdcc.bnl.gov/alma9.2-gcc-14.2.0/release/release_new/new.10/include/tpc:/cvmfs/sphenix.sdcc.bnl.gov/alma9.2-gcc-14.2.0/release/release_new/new.10/include/GenFit:/cvmfs/sphenix.sdcc.bnl.gov/alma9.2-gcc-14.2.0/release/release_new/new.10/include/prototype4:/cvmfs/sphenix.sdcc.bnl.gov/alma9.2-gcc-14.2.0/release/release_new/new.10/include/caloembedding:/cvmfs/sphenix.sdcc.bnl.gov/alma9.2-gcc-14.2.0/release/release_new/new.10/include/EvtGenModels:/cvmfs/sphenix.sdcc.bnl.gov/alma9.2-gcc-14.2.0/release/release_new/new.10/include/fastjet:/cvmfs/sphenix.sdcc.bnl.gov/alma9.2-gcc-14.2.0/release/release_new/new.10/include/DDG4:/cvmfs/sphenix.sdcc.bnl.gov/alma9.2-gcc-14.2.0/release/release_new/new.10/include/mbd:/cvmfs/sphenix.sdcc.bnl.gov/alma9.2-gcc-14.2.0/release/release_new/new.10/include/tbb:/cvmfs/sphenix.sdcc.bnl.gov/alma9.2-gcc-14.2.0/release/release_new/new.10/include/phgeom:/cvmfs/sphenix.sdcc.bnl.gov/alma9.2-gcc-14.2.0/release/release_new/new.10/include/g4epd:/cvmfs/sphenix.sdcc.bnl.gov/alma9.2-gcc-14.2.0/release/release_new/new.10/include/oncal:/cvmfs/sphenix.sdcc.bnl.gov/alma9.2-gcc-14.2.0/release/release_new/new.10/include/pybind11:/cvmfs/sphenix.sdcc.bnl.gov/alma9.2-gcc-14.2.0/release/release_new/new.10/include/tpcdistgenerator:/cvmfs/sphenix.sdcc.bnl.gov/alma9.2-gcc-14.2.0/release/release_new/new.10/include/cdbobjects:/cvmfs/sphenix.sdcc.bnl.gov/alma9.2-gcc-14.2.0/release/release_new/new.10/include/g4micromegas:/cvmfs/sphenix.sdcc.bnl.gov/alma9.2-gcc-14.2.0/release/release_new/new.10/include/g4eval:/cvmfs/sphenix.sdcc.bnl.gov/alma9.2-gcc-14.2.0/release/release_new/new.10/include/jetbackground:/cvmfs/sphenix.sdcc.bnl.gov/alma9.2-gcc-14.2.0/release/release_new/new.10/include/micromegas:/cvmfs/sphenix.sdcc.bnl.gov/alma9.2-gcc-14.2.0/release/release_new/new.10/include/hftrackefficiency:/cvmfs/sphenix.sdcc.bnl.gov/alma9.2-gcc-14.2.0/release/release_new/new.10/include/inttrawhitqa:/cvmfs/sphenix.sdcc.bnl.gov/alma9.2-gcc-14.2.0/release/release_new/new.10/include/centrality:/cvmfs/sphenix.sdcc.bnl.gov/alma9.2-gcc-14.2.0/release/release_new/new.10/include/epd:/cvmfs/sphenix.sdcc.bnl.gov/alma9.2-gcc-14.2.0/release/release_new/new.10/include/caloreco:/cvmfs/sphenix.sdcc.bnl.gov/alma9.2-gcc-14.2.0/release/release_new/new.10/include/HepMC:/cvmfs/sphenix.sdcc.bnl.gov/alma9.2-gcc-14.2.0/release/release_new/new.10/include/CLHEP:/cvmfs/sphenix.sdcc.bnl.gov/alma9.2-gcc-14.2.0/release/release_new/new.10/include/Acts:/cvmfs/sphenix.sdcc.bnl.gov/alma9.2-gcc-14.2.0/release/release_new/new.10/include/g4histos:/cvmfs/sphenix.sdcc.bnl.gov/alma9.2-gcc-14.2.0/release/release_new/new.10/include/eventplaneinfo:/cvmfs/sphenix.sdcc.bnl.gov/alma9.2-gcc-14.2.0/release/release_new/new.10/include/fillspacechargemaps:/cvmfs/sphenix.sdcc.bnl.gov/alma9.2-gcc-14.2.0/release/release_new/new.10/include/phhepmc:/cvmfs/sphenix.sdcc.bnl.gov/alma9.2-gcc-14.2.0/release/release_new/new.10/include/trackingqa:/cvmfs/sphenix.sdcc.bnl.gov/alma9.2-gcc-14.2.0/release/release_new/new.10/include/qautils:/cvmfs/sphenix.sdcc.bnl.gov/alma9.2-gcc-14.2.0/release/release_new/new.10/include/trackreco:/cvmfs/sphenix.sdcc.bnl.gov/alma9.2-gcc-14.2.0/release/release_new/new.10/include/g4ohcal:/cvmfs/sphenix.sdcc.bnl.gov/alma9.2-gcc-14.2.0/release/release_new/new.10/include/tpcdvcalib:/cvmfs/sphenix.sdcc.bnl.gov/alma9.2-gcc-14.2.0/release/release_new/new.10/include/zdcinfo:/cvmfs/sphenix.sdcc.bnl.gov/alma9.2-gcc-14.2.0/release/release_new/new.10/include/phpythia8:/cvmfs/sphenix.sdcc.bnl.gov/alma9.2-gcc-14.2.0/release/release_new/new.10/include/fun4allutils:/cvmfs/sphenix.sdcc.bnl.gov/alma9.2-gcc-14.2.0/release/release_new/new.10/include/tpcqa:/cvmfs/sphenix.sdcc.bnl.gov/alma9.2-gcc-14.2.0/release/release_new/new.10/include/Pythia8:/cvmfs/sphenix.sdcc.bnl.gov/alma9.2-gcc-14.2.0/release/release_new/new.10/include/DDRec:/cvmfs/sphenix.sdcc.bnl.gov/alma9.2-gcc-14.2.0/release/release_new/new.10/include/DDDigi:/cvmfs/sphenix.sdcc.bnl.gov/alma9.2-gcc-14.2.0/release/release_new/new.10/include/g4ihcal:/cvmfs/sphenix.sdcc.bnl.gov/alma9.2-gcc-14.2.0/release/release_new/new.10/include/frog:/cvmfs/sphenix.sdcc.bnl.gov/alma9.2-gcc-14.2.0/release/release_new/new.10/include/eigen3:/cvmfs/sphenix.sdcc.bnl.gov/alma9.2-gcc-14.2.0/release/release_new/new.10/include/tensorpipe:/cvmfs/sphenix.sdcc.bnl.gov/alma9.2-gcc-14.2.0/release/release_new/new.10/include/sphenixnpc:/cvmfs/sphenix.sdcc.bnl.gov/alma9.2-gcc-14.2.0/release/release_new/new.10/include/siscone:/cvmfs/sphenix.sdcc.bnl.gov/alma9.2-gcc-14.2.0/release/release_new/new.10/include/pmonitor:/cvmfs/sphenix.sdcc.bnl.gov/alma9.2-gcc-14.2.0/release/release_new/new.10/include/calobase:/cvmfs/sphenix.sdcc.bnl.gov/alma9.2-gcc-14.2.0/release/release_new/new.10/include/ActsExamples:/cvmfs/sphenix.sdcc.bnl.gov/alma9.2-gcc-14.2.0/release/release_new/new.10/include/g4gdml:/cvmfs/sphenix.sdcc.bnl.gov/alma9.2-gcc-14.2.0/release/release_new/new.10/include/mvtx_decoder:/cvmfs/sphenix.sdcc.bnl.gov/alma9.2-gcc-14.2.0/release/release_new/new.10/include/ROOT:/cvmfs/sphenix.sdcc.bnl.gov/alma9.2-gcc-14.2.0/release/release_new/new.10/include/phparameter:/cvmfs/sphenix.sdcc.bnl.gov/alma9.2-gcc-14.2.0/release/release_new/new.10/include/rsa:/cvmfs/sphenix.sdcc.bnl.gov/alma9.2-gcc-14.2.0/release/release_new/new.10/include/fun4allraw:/cvmfs/sphenix.sdcc.bnl.gov/alma9.2-gcc-14.2.0/release/release_new/new.10/include/trackbase_historic:/cvmfs/sphenix.sdcc.bnl.gov/alma9.2-gcc-14.2.0/release/release_new/new.10/include/g4jets:/cvmfs/sphenix.sdcc.bnl.gov/alma9.2-gcc-14.2.0/release/release_new/new.10/include/jetqa:/cvmfs/sphenix.sdcc.bnl.gov/alma9.2-gcc-14.2.0/release/release_new/new.10/include/phoolraw:/cvmfs/sphenix.sdcc.bnl.gov/alma9.2-gcc-14.2.0/release/release_new/new.10/include/g4calo:/cvmfs/sphenix.sdcc.bnl.gov/alma9.2-gcc-14.2.0/release/release_new/new.10/include/mvtxrawhitqa:/cvmfs/sphenix.sdcc.bnl.gov/alma9.2-gcc-14.2.0/release/release_new/new.10/include/HepMC3:/cvmfs/sphenix.sdcc.bnl.gov/alma9.2-gcc-14.2.0/release/release_new/new.10/include/calowaveformsim:/cvmfs/sphenix.sdcc.bnl.gov/alma9.2-gcc-14.2.0/release/release_new/new.10/include/g4caloprototype:/cvmfs/sphenix.sdcc.bnl.gov/alma9.2-gcc-14.2.0/release/release_new/new.10/include/pdbcalbase:/cvmfs/sphenix.sdcc.bnl.gov/alma9.2-gcc-14.2.0/release/release_new/new.10/include/gsl:/cvmfs/sphenix.sdcc.bnl.gov/alma9.2-gcc-14.2.0/release/release_new/new.10/include/nodedump:/cvmfs/sphenix.sdcc.bnl.gov/alma9.2-gcc-14.2.0/release/release_new/new.10/include/emcnoisytowerfinder:/cvmfs/sphenix.sdcc.bnl.gov/alma9.2-gcc-14.2.0/release/release_new/new.10/include/ActsFatras:/cvmfs/sphenix.sdcc.bnl.gov/alma9.2-gcc-14.2.0/release/release_new/new.10/include/ffarawmodules:/cvmfs/sphenix.sdcc.bnl.gov/alma9.2-gcc-14.2.0/release/release_new/new.10/include/Event:/cvmfs/sphenix.sdcc.bnl.gov/alma9.2-gcc-14.2.0/release/release_new/new.10/include/prototype3:/cvmfs/sphenix.sdcc.bnl.gov/alma9.2-gcc-14.2.0/release/release_new/new.10/include/fermimotionafterburner:/cvmfs/sphenix.sdcc.bnl.gov/alma9.2-gcc-14.2.0/release/release_new/new.10/include/Photos:/cvmfs/sphenix.sdcc.bnl.gov/alma9.2-gcc-14.2.0/release/release_new/new.10/include/xingshiftcal:/cvmfs/sphenix.sdcc.bnl.gov/alma9.2-gcc-14.2.0/release/release_new/new.10/include/trackbase:/cvmfs/sphenix.sdcc.bnl.gov/alma9.2-gcc-14.2.0/release/release_new/new.10/include/jetdstskimmer:/cvmfs/sphenix.sdcc.bnl.gov/alma9.2-gcc-14.2.0/release/release_new/new.10/include/clusteriso:/cvmfs/sphenix.sdcc.bnl.gov/alma9.2-gcc-14.2.0/release/release_new/new.10/include/asmjit:/cvmfs/sphenix.sdcc.bnl.gov/alma9.2-gcc-14.2.0/release/release_new/new.10/include/particleflowreco:/cvmfs/sphenix.sdcc.bnl.gov/alma9.2-gcc-14.2.0/release/release_new/new.10/include/tpchittrackdisplay:/cvmfs/sphenix.sdcc.bnl.gov/alma9.2-gcc-14.2.0/release/release_new/new.10/include/caloana:/cvmfs/sphenix.sdcc.bnl.gov/alma9.2-gcc-14.2.0/release/release_new/new.10/include/calotrigger:/cvmfs/sphenix.sdcc.bnl.gov/alma9.2-gcc-14.2.0/release/release_new/new.10/include/nopayloadclient:/cvmfs/sphenix.sdcc.bnl.gov/alma9.2-gcc-14.2.0/release/release_new/new.10/include/trackermillepedealignment:/cvmfs/sphenix.sdcc.bnl.gov/alma9.2-gcc-14.2.0/release/release_new/new.10/include/DD4hep:/cvmfs/sphenix.sdcc.bnl.gov/alma9.2-gcc-14.2.0/release/release_new/new.10/include/g4trackfastsim:/cvmfs/sphenix.sdcc.bnl.gov/alma9.2-gcc-14.2.0/release/release_new/new.10/include/prototype2:/cvmfs/sphenix.sdcc.bnl.gov/alma9.2-gcc-14.2.0/release/release_new/new.10/include/ATen:/cvmfs/sphenix.sdcc.bnl.gov/alma9.2-gcc-14.2.0/release/release_new/new.10/include/g4main:/cvmfs/sphenix.sdcc.bnl.gov/alma9.2-gcc-14.2.0/release/release_new/new.10/include/Tauola:/cvmfs/sphenix.sdcc.bnl.gov/alma9.2-gcc-14.2.0/release/release_new/new.10/include/inttcalib:/cvmfs/sphenix.sdcc.bnl.gov/alma9.2-gcc-14.2.0/release/release_new/new.10/include/reactionplaneafterburner:/cvmfs/sphenix.sdcc.bnl.gov/alma9.2-gcc-14.2.0/release/release_new/new.10/include/globalqa:/cvmfs/sphenix.sdcc.bnl.gov/alma9.2-gcc-14.2.0/release/release_new/new.10/include/tpccalib:/cvmfs/sphenix.sdcc.bnl.gov/alma9.2-gcc-14.2.0/release/release_new/new.10/include/DDSegmentation:/cvmfs/sphenix.sdcc.bnl.gov/alma9.2-gcc-14.2.0/release/release_new/new.10/include/decayfinder:/cvmfs/sphenix.sdcc.bnl.gov/alma9.2-gcc-14.2.0/release/release_new/new.10/include/compressclus:/cvmfs/sphenix.sdcc.bnl.gov/alma9.2-gcc-14.2.0/release/release_new/new.10/include/simqa_modules:/cvmfs/sphenix.sdcc.bnl.gov/alma9.2-gcc-14.2.0/release/release_new/new.10/include/resonancejettagging:/cvmfs/sphenix.sdcc.bnl.gov/alma9.2-gcc-14.2.0/release/release_new/new.10/include/g4centrality:/cvmfs/sphenix.sdcc.bnl.gov/alma9.2-gcc-14.2.0/release/release_new/new.10/include/mvtx:/cvmfs/sphenix.sdcc.bnl.gov/alma9.2-gcc-14.2.0/release/release_new/new.10/include/nlohmann:/cvmfs/sphenix.sdcc.bnl.gov/alma9.2-gcc-14.2.0/release/release_new/new.10/include/localpoloffmon:/cvmfs/sphenix.sdcc.bnl.gov/alma9.2-gcc-14.2.0/release/release_new/new.10/include/DDEve:/cvmfs/sphenix.sdcc.bnl.gov/alma9.2-gcc-14.2.0/release/release_new/new.10/include/Parsers:/cvmfs/sphenix.sdcc.bnl.gov/alma9.2-gcc-14.2.0/release/release_new/new.10/include/trackingdiagnostics:/cvmfs/sphenix.sdcc.bnl.gov/alma9.2-gcc-14.2.0/release/release_new/new.10/include/g4vertex:/cvmfs/sphenix.sdcc.bnl.gov/alma9.2-gcc-14.2.0/release/release_new/new.10/include/jetbase:/cvmfs/sphenix.sdcc.bnl.gov/alma9.2-gcc-14.2.0/release/release_new/new.10/include/globalvertex:/cvmfs/sphenix.sdcc.bnl.gov/alma9.2-gcc-14.2.0/release/release_new/new.10/include/phgenfit:/cvmfs/sphenix.sdcc.bnl.gov/alma9.2-gcc-14.2.0/release/release_new/new.10/include/rawbcolumi:/cvmfs/sphenix.sdcc.bnl.gov/alma9.2-gcc-14.2.0/release/release_new/new.10/include/eicsmear:/cvmfs/sphenix.sdcc.bnl.gov/alma9.2-gcc-14.2.0/release/release_new/new.10/include/mvtxcalib:/cvmfs/sphenix.sdcc.bnl.gov/alma9.2-gcc-14.2.0/release/release_new/new.10/include/tpclinelaserdiode:/cvmfs/sphenix.sdcc.bnl.gov/alma9.2-gcc-14.2.0/release/release_new/new.10/include/hepmcjettrigger:/cvmfs/sphenix.sdcc.bnl.gov/alma9.2-gcc-14.2.0/release/release_new/new.10/include/core:/cvmfs/sphenix.sdcc.bnl.gov/alma9.2-gcc-14.2.0/release/release_new/new.10/include/calo_cdb:/cvmfs/sphenix.sdcc.bnl.gov/alma9.2-gcc-14.2.0/release/release_new/new.10/include/mvtxclustershapesqa:/cvmfs/sphenix.sdcc.bnl.gov/alma9.2-gcc-14.2.0/release/release_new/new.10/include/calopacketskimmer:/cvmfs/sphenix.sdcc.bnl.gov/alma9.2-gcc-14.2.0/opt/sphenix/core/geant4.10.07.p04/include:/cvmfs/sphenix.sdcc.bnl.gov/alma9.2-gcc-14.2.0/release/release_new/new.10/rootmacros:/cvmfs/sphenix.sdcc.bnl.gov/alma9.2-gcc-14.2.0/opt/sphenix/core/include
GSEARCHPATH=.:PG:LUSTRE:RAWDATA
PWD=/gpfs/mnt/gpfs02/sphenix/user/samfred/run25/ppg11/histmaking
LOGNAME=samfred
_CONDOR_ANCESTOR_332904=1395648:1759352704:3352846312
_CONDOR_JOB_AD=/home/condor/local/sphnx/execute/dir_1395648/.job.ad
MANPATH=/cvmfs/sphenix.sdcc.bnl.gov/alma9.2-gcc-14.2.0/opt/sphenix/core/gcc/14.2.0-2f0a0/x86_64-el9/share/man:/cvmfs/sphenix.sdcc.bnl.gov/alma9.2-gcc-14.2.0/opt/sphenix/core/binutils/2.40-acaab/x86_64-el9/share/man:/cvmfs/sphenix.sdcc.bnl.gov/alma9.2-gcc-14.2.0/release/release_new/new.10/share/man:/cvmfs/sphenix.sdcc.bnl.gov/alma9.2-gcc-14.2.0/opt/sphenix/utils/share/man:/cvmfs/sphenix.sdcc.bnl.gov/alma9.2-gcc-14.2.0/opt/sphenix/core/share/man:/cvmfs/sphenix.sdcc.bnl.gov/alma9.2-gcc-14.2.0/opt/sphenix/core/root-6.32.06/man:/usr/local/share/man:/usr/share/man
PYTHIA8=/cvmfs/sphenix.sdcc.bnl.gov/alma9.2-gcc-14.2.0/release/release_new/new.10/share/Pythia8
G4INCLDATA=/cvmfs/sphenix.sdcc.bnl.gov/alma9.2-gcc-14.2.0/opt/sphenix/core/geant4.10.07.p04/share/Geant4-10.7.4/data/G4INCL1.0
ORIG_PATH=/usr/local/bin:/usr/bin
CXX=/cvmfs/sphenix.sdcc.bnl.gov/alma9.2-gcc-14.2.0/opt/sphenix/core/gcc/14.2.0-2f0a0/x86_64-el9/bin/g++
G4LEDATA=/cvmfs/sphenix.sdcc.bnl.gov/alma9.2-gcc-14.2.0/opt/sphenix/core/geant4.10.07.p04/share/Geant4-10.7.4/data/G4EMLOW7.13
PYTHON_CPU_COUNT=1
OPENBLAS_NUM_THREADS=1
_CONDOR_BIN=/usr/bin
HOME=/sphenix/u/samfred
G4PARTICLEXSDATA=/cvmfs/sphenix.sdcc.bnl.gov/alma9.2-gcc-14.2.0/opt/sphenix/core/geant4.10.07.p04/share/Geant4-10.7.4/data/G4PARTICLEXS3.1.1
ONLINE_MAIN=/cvmfs/sphenix.sdcc.bnl.gov/alma9.2-gcc-14.2.0/release/release_new/new.10
CALIBRATIONROOT=/cvmfs/sphenix.sdcc.bnl.gov/alma9.2-gcc-14.2.0/release/release_new/new.10/share/calibrations
TMPDIR=/tmp
_CONDOR_SCRATCH_DIR=/home/condor/local/sphnx/execute/dir_1395648
PGUSER=phnxrc
NOPAYLOADCLIENT_CONF=/cvmfs/sphenix.sdcc.bnl.gov/alma9.2-gcc-14.2.0/opt/sphenix/core/etc/sPHENIX_newcdb.json
XERCESCROOT=/cvmfs/sphenix.sdcc.bnl.gov/alma9.2-gcc-14.2.0/opt/sphenix/core/geant4.10.07.p04
LHAPATH=/cvmfs/sphenix.sdcc.bnl.gov/alma9.2-gcc-14.2.0/opt/sphenix/core/lhapdf-5.9.1/share/lhapdf/PDFsets
G4NEUTRONHPDATA=/cvmfs/sphenix.sdcc.bnl.gov/alma9.2-gcc-14.2.0/opt/sphenix/core/geant4.10.07.p04/share/Geant4-10.7.4/data/G4NDL4.6
PYTHONPATH=.:/cvmfs/sphenix.sdcc.bnl.gov/alma9.2-gcc-14.2.0/release/release_new/new.10/lib/python3.13/site-packages:/cvmfs/sphenix.sdcc.bnl.gov/alma9.2-gcc-14.2.0/opt/sphenix/core/lib/python3.13/site-packages:/cvmfs/sphenix.sdcc.bnl.gov/alma9.2-gcc-14.2.0/opt/sphenix/core/root-6.32.06/lib
USER=samfred
_CONDOR_JOB_PIDS=
_CONDOR_ANCESTOR_332869=332904:1756523322:1732495942
TEMP=/tmp
GOMAXPROCS=1
OFFLINE_MAIN=/cvmfs/sphenix.sdcc.bnl.gov/alma9.2-gcc-14.2.0/release/release_new/new.10
SHLVL=1
TF_NUM_THREADS=1
G4SAIDXSDATA=/cvmfs/sphenix.sdcc.bnl.gov/alma9.2-gcc-14.2.0/opt/sphenix/core/geant4.10.07.p04/share/Geant4-10.7.4/data/G4SAIDDATA2.0
APPTAINER_CACHEDIR=/home/condor/local/sphnx/execute/dir_1395648
ROOTSYS=/cvmfs/sphenix.sdcc.bnl.gov/alma9.2-gcc-14.2.0/opt/sphenix/core/root-6.32.06
BATCH_SYSTEM=HTCondor
_CONDOR_SLOT=slot1_17
LD_LIBRARY_PATH=/sphenix/user/samfred/run25/install//lib:/cvmfs/sphenix.sdcc.bnl.gov/alma9.2-gcc-14.2.0/opt/sphenix/core/gcc/14.2.0-2f0a0/x86_64-el9/lib:/cvmfs/sphenix.sdcc.bnl.gov/alma9.2-gcc-14.2.0/opt/sphenix/core/gcc/14.2.0-2f0a0/x86_64-el9/lib64:/cvmfs/sphenix.sdcc.bnl.gov/alma9.2-gcc-14.2.0/opt/sphenix/core/binutils/2.40-acaab/x86_64-el9/lib:.:/cvmfs/sphenix.sdcc.bnl.gov/alma9.2-gcc-14.2.0/release/release_new/new.10/lib64:/cvmfs/sphenix.sdcc.bnl.gov/alma9.2-gcc-14.2.0/release/release_new/new.10/lib:/cvmfs/sphenix.sdcc.bnl.gov/alma9.2-gcc-14.2.0/opt/sphenix/utils/lib:/cvmfs/sphenix.sdcc.bnl.gov/alma9.2-gcc-14.2.0/opt/sphenix/core/lib:/cvmfs/sphenix.sdcc.bnl.gov/alma9.2-gcc-14.2.0/opt/sphenix/core/root-6.32.06/lib:/cvmfs/sphenix.sdcc.bnl.gov/alma9.2-gcc-14.2.0/opt/sphenix/core/geant4.10.07.p04/lib64:/cvmfs/sphenix.sdcc.bnl.gov/alma9.2-gcc-14.2.0/opt/sphenix/core/lhapdf-5.9.1/lib:/usr/local/lib64:/usr/lib64
OPT_SPHENIX=/cvmfs/sphenix.sdcc.bnl.gov/alma9.2-gcc-14.2.0/opt/sphenix/core
TF_LOOP_PARALLEL_ITERATIONS=1
EVT_LIB=/cvmfs/sphenix.sdcc.bnl.gov/alma9.2-gcc-14.2.0/opt/sphenix/core/root-6.32.06/lib
PGHOST=sphnxdbmaster.sdcc.bnl.gov
OMP_NUM_THREADS=1
G4REALSURFACEDATA=/cvmfs/sphenix.sdcc.bnl.gov/alma9.2-gcc-14.2.0/opt/sphenix/core/geant4.10.07.p04/share/Geant4-10.7.4/data/RealSurface2.2
FC=/cvmfs/sphenix.sdcc.bnl.gov/alma9.2-gcc-14.2.0/opt/sphenix/core/gcc/14.2.0-2f0a0/x86_64-el9/bin/gfortran
G4ABLADATA=/cvmfs/sphenix.sdcc.bnl.gov/alma9.2-gcc-14.2.0/opt/sphenix/core/geant4.10.07.p04/share/Geant4-10.7.4/data/G4ABLA3.1
PARASOFT=doesnotexist
TMP=/tmp
OPT_UTILS=/cvmfs/sphenix.sdcc.bnl.gov/alma9.2-gcc-14.2.0/opt/sphenix/utils
CONFIG_SITE=/cvmfs/sphenix.sdcc.bnl.gov/alma9.2-gcc-14.2.0/opt/sphenix/core/etc/config.site
PATH=/sphenix/user/samfred/run25/install//bin:/cvmfs/sphenix.sdcc.bnl.gov/alma9.2-gcc-14.2.0/opt/sphenix/core/gcc/14.2.0-2f0a0/x86_64-el9/bin:/cvmfs/sphenix.sdcc.bnl.gov/alma9.2-gcc-14.2.0/opt/sphenix/core/binutils/2.40-acaab/x86_64-el9/bin:.:/cvmfs/sphenix.sdcc.bnl.gov/alma9.2-gcc-14.2.0/release/release_new/new.10/bin:/cvmfs/sphenix.sdcc.bnl.gov/alma9.2-gcc-14.2.0/opt/sphenix/utils/bin:/cvmfs/sphenix.sdcc.bnl.gov/alma9.2-gcc-14.2.0/opt/sphenix/core/bin:/cvmfs/sphenix.sdcc.bnl.gov/alma9.2-gcc-14.2.0/opt/sphenix/core/root-6.32.06/bin:/cvmfs/sphenix.sdcc.bnl.gov/alma9.2-gcc-14.2.0/opt/sphenix/core/geant4.10.07.p04/bin:/usr/local/bin:/usr/bin:/usr/local/sbin:/usr/sbin
G4LEVELGAMMADATA=/cvmfs/sphenix.sdcc.bnl.gov/alma9.2-gcc-14.2.0/opt/sphenix/core/geant4.10.07.p04/share/Geant4-10.7.4/data/PhotonEvaporation5.7
CC=/cvmfs/sphenix.sdcc.bnl.gov/alma9.2-gcc-14.2.0/opt/sphenix/core/gcc/14.2.0-2f0a0/x86_64-el9/bin/gcc
G4RADIOACTIVEDATA=/cvmfs/sphenix.sdcc.bnl.gov/alma9.2-gcc-14.2.0/opt/sphenix/core/geant4.10.07.p04/share/Geant4-10.7.4/data/RadioactiveDecay5.6
JULIA_NUM_THREADS=1
MKL_NUM_THREADS=1
LHAPDF_DATA_PATH=/cvmfs/sphenix.sdcc.bnl.gov/alma9.2-gcc-14.2.0/release/release_new/new.10/share/LHAPDF
_CONDOR_ANCESTOR_1395648=1400551:1759352704:2010924266
XPLOAD_CONFIG_DIR=/cvmfs/sphenix.sdcc.bnl.gov/alma9.2-gcc-14.2.0/opt/sphenix/core/etc
OLDPWD=/cvmfs/sphenix.sdcc.bnl.gov/alma9.2-gcc-14.2.0/release/release_new/new.10/geant4
_=/usr/bin/printenv
runnumber...
49398
trigger...

   ------------------------------------------------------------------
  | Welcome to ROOT 6.32.06                        https://root.cern |
  | (c) 1995-2024, The ROOT Team; conception: R. Brun, F. Rademakers |
  | Built for linuxx8664gcc on Dec 13 2024, 17:23:48                 |
  | From tags/6-32-06@6-32-06                                        |
  | With g++ (GCC) 14.2.0                                            |
  | Try '.help'/'.?', '.demo', '.license', '.credits', '.quit'/'.q'  |
   ------------------------------------------------------------------


Processing data_histmaker.C(49398)...
entry 1000/2996967 (0.0333671%)
entry 2000/2996967 (0.0667341%)
entry 3000/2996967 (0.100101%)
entry 4000/2996967 (0.133468%)
entry 6000/2996967 (0.200202%)
entry 9000/2996967 (0.300304%)
entry 12000/2996967 (0.400405%)
entry 15000/2996967 (0.500506%)
entry 16000/2996967 (0.533873%)
entry 18000/2996967 (0.600607%)
entry 21000/2996967 (0.700708%)
entry 23000/2996967 (0.767443%)
entry 25000/2996967 (0.834177%)
entry 26000/2996967 (0.867544%)
entry 27000/2996967 (0.900911%)
entry 28000/2996967 (0.934278%)
entry 29000/2996967 (0.967645%)
entry 30000/2996967 (1.00101%)
entry 31000/2996967 (1.03438%)
entry 32000/2996967 (1.06775%)
entry 36000/2996967 (1.20121%)
entry 40000/2996967 (1.33468%)
entry 41000/2996967 (1.36805%)
entry 42000/2996967 (1.40142%)
entry 44000/2996967 (1.46815%)
entry 46000/2996967 (1.53489%)
entry 48000/2996967 (1.60162%)
entry 50000/2996967 (1.66835%)
entry 51000/2996967 (1.70172%)
entry 56000/2996967 (1.86856%)
entry 58000/2996967 (1.93529%)
entry 60000/2996967 (2.00202%)
entry 63000/2996967 (2.10213%)
entry 65000/2996967 (2.16886%)
entry 67000/2996967 (2.23559%)
entry 68000/2996967 (2.26896%)
entry 69000/2996967 (2.30233%)
entry 70000/2996967 (2.33569%)
entry 71000/2996967 (2.36906%)
entry 74000/2996967 (2.46916%)
entry 76000/2996967 (2.5359%)
entry 80000/2996967 (2.66937%)
entry 81000/2996967 (2.70273%)
entry 83000/2996967 (2.76947%)
entry 84000/2996967 (2.80283%)
entry 86000/2996967 (2.86957%)
entry 87000/2996967 (2.90293%)
entry 89000/2996967 (2.96967%)
entry 91000/2996967 (3.0364%)
entry 93000/2996967 (3.10314%)
entry 94000/2996967 (3.1365%)
entry 95000/2996967 (3.16987%)
entry 96000/2996967 (3.20324%)
entry 97000/2996967 (3.23661%)
entry 98000/2996967 (3.26997%)
entry 100000/2996967 (3.33671%)
entry 101000/2996967 (3.37007%)
entry 105000/2996967 (3.50354%)
entry 109000/2996967 (3.63701%)
entry 110000/2996967 (3.67038%)
entry 111000/2996967 (3.70374%)
entry 115000/2996967 (3.83721%)
entry 116000/2996967 (3.87058%)
entry 117000/2996967 (3.90395%)
entry 120000/2996967 (4.00405%)
entry 122000/2996967 (4.07078%)
entry 123000/2996967 (4.10415%)
entry 125000/2996967 (4.17088%)
entry 127000/2996967 (4.23762%)
entry 128000/2996967 (4.27098%)
entry 129000/2996967 (4.30435%)
entry 133000/2996967 (4.43782%)
entry 134000/2996967 (4.47119%)
entry 135000/2996967 (4.50455%)
entry 136000/2996967 (4.53792%)
entry 137000/2996967 (4.57129%)
entry 138000/2996967 (4.60466%)
entry 139000/2996967 (4.63802%)
entry 143000/2996967 (4.77149%)
entry 144000/2996967 (4.80486%)
entry 146000/2996967 (4.87159%)
entry 148000/2996967 (4.93833%)
entry 149000/2996967 (4.97169%)
entry 151000/2996967 (5.03843%)
entry 152000/2996967 (5.07179%)
entry 153000/2996967 (5.10516%)
entry 154000/2996967 (5.13853%)
entry 156000/2996967 (5.20526%)
entry 157000/2996967 (5.23863%)
entry 158000/2996967 (5.272%)
entry 159000/2996967 (5.30536%)
entry 160000/2996967 (5.33873%)
entry 161000/2996967 (5.3721%)
entry 162000/2996967 (5.40546%)
entry 165000/2996967 (5.50557%)
entry 166000/2996967 (5.53893%)
entry 169000/2996967 (5.63903%)
entry 172000/2996967 (5.73914%)
entry 173000/2996967 (5.7725%)
entry 174000/2996967 (5.80587%)
entry 177000/2996967 (5.90597%)
entry 178000/2996967 (5.93934%)
entry 179000/2996967 (5.97271%)
entry 183000/2996967 (6.10617%)
entry 185000/2996967 (6.17291%)
entry 187000/2996967 (6.23964%)
entry 188000/2996967 (6.27301%)
entry 191000/2996967 (6.37311%)
entry 197000/2996967 (6.57331%)
entry 199000/2996967 (6.64005%)
entry 201000/2996967 (6.70678%)
entry 204000/2996967 (6.80688%)
entry 206000/2996967 (6.87362%)
entry 207000/2996967 (6.90698%)
entry 209000/2996967 (6.97372%)
entry 211000/2996967 (7.04045%)
entry 214000/2996967 (7.14055%)
entry 215000/2996967 (7.17392%)
entry 216000/2996967 (7.20729%)
entry 217000/2996967 (7.24065%)
entry 218000/2996967 (7.27402%)
entry 219000/2996967 (7.30739%)
entry 222000/2996967 (7.40749%)
entry 224000/2996967 (7.47422%)
entry 225000/2996967 (7.50759%)
entry 226000/2996967 (7.54096%)
entry 231000/2996967 (7.70779%)
entry 233000/2996967 (7.77453%)
entry 234000/2996967 (7.80789%)
entry 235000/2996967 (7.84126%)
entry 237000/2996967 (7.90799%)
entry 239000/2996967 (7.97473%)
entry 241000/2996967 (8.04146%)
entry 245000/2996967 (8.17493%)
entry 249000/2996967 (8.3084%)
entry 250000/2996967 (8.34177%)
entry 252000/2996967 (8.4085%)
entry 253000/2996967 (8.44187%)
entry 254000/2996967 (8.47524%)
entry 255000/2996967 (8.5086%)
entry 260000/2996967 (8.67544%)
entry 263000/2996967 (8.77554%)
entry 264000/2996967 (8.80891%)
entry 267000/2996967 (8.90901%)
entry 268000/2996967 (8.94237%)
entry 269000/2996967 (8.97574%)
entry 270000/2996967 (9.00911%)
entry 271000/2996967 (9.04248%)
entry 272000/2996967 (9.07584%)
entry 273000/2996967 (9.10921%)
entry 277000/2996967 (9.24268%)
entry 278000/2996967 (9.27605%)
entry 279000/2996967 (9.30941%)
entry 280000/2996967 (9.34278%)
entry 281000/2996967 (9.37615%)
entry 282000/2996967 (9.40951%)
entry 285000/2996967 (9.50961%)
entry 286000/2996967 (9.54298%)
entry 287000/2996967 (9.57635%)
entry 288000/2996967 (9.60972%)
entry 289000/2996967 (9.64308%)
entry 290000/2996967 (9.67645%)
entry 292000/2996967 (9.74318%)
entry 293000/2996967 (9.77655%)
entry 295000/2996967 (9.84328%)
entry 296000/2996967 (9.87665%)
entry 298000/2996967 (9.94339%)
entry 300000/2996967 (10.0101%)
entry 303000/2996967 (10.1102%)
entry 305000/2996967 (10.177%)
entry 307000/2996967 (10.2437%)
entry 310000/2996967 (10.3438%)
entry 313000/2996967 (10.4439%)
entry 314000/2996967 (10.4773%)
entry 316000/2996967 (10.544%)
entry 322000/2996967 (10.7442%)
entry 323000/2996967 (10.7776%)
entry 326000/2996967 (10.8777%)
entry 329000/2996967 (10.9778%)
entry 330000/2996967 (11.0111%)
entry 331000/2996967 (11.0445%)
entry 332000/2996967 (11.0779%)
entry 333000/2996967 (11.1112%)
entry 335000/2996967 (11.178%)
entry 343000/2996967 (11.4449%)
entry 347000/2996967 (11.5784%)
entry 348000/2996967 (11.6117%)
entry 349000/2996967 (11.6451%)
entry 353000/2996967 (11.7786%)
entry 355000/2996967 (11.8453%)
entry 356000/2996967 (11.8787%)
entry 358000/2996967 (11.9454%)
entry 361000/2996967 (12.0455%)
entry 362000/2996967 (12.0789%)
entry 363000/2996967 (12.1122%)
entry 364000/2996967 (12.1456%)
entry 366000/2996967 (12.2123%)
entry 368000/2996967 (12.2791%)
entry 369000/2996967 (12.3124%)
entry 370000/2996967 (12.3458%)
entry 371000/2996967 (12.3792%)
entry 373000/2996967 (12.4459%)
entry 374000/2996967 (12.4793%)
entry 375000/2996967 (12.5126%)
entry 376000/2996967 (12.546%)
entry 377000/2996967 (12.5794%)
entry 378000/2996967 (12.6128%)
entry 379000/2996967 (12.6461%)
entry 382000/2996967 (12.7462%)
entry 383000/2996967 (12.7796%)
entry 385000/2996967 (12.8463%)
entry 386000/2996967 (12.8797%)
entry 388000/2996967 (12.9464%)
entry 394000/2996967 (13.1466%)
entry 395000/2996967 (13.18%)
entry 397000/2996967 (13.2467%)
entry 401000/2996967 (13.3802%)
entry 402000/2996967 (13.4136%)
entry 405000/2996967 (13.5137%)
entry 407000/2996967 (13.5804%)
entry 409000/2996967 (13.6471%)
entry 410000/2996967 (13.6805%)
entry 411000/2996967 (13.7139%)
entry 412000/2996967 (13.7472%)
entry 413000/2996967 (13.7806%)
entry 419000/2996967 (13.9808%)
entry 422000/2996967 (14.0809%)
entry 423000/2996967 (14.1143%)
entry 425000/2996967 (14.181%)
entry 427000/2996967 (14.2477%)
entry 428000/2996967 (14.2811%)
entry 429000/2996967 (14.3145%)
entry 430000/2996967 (14.3478%)
entry 433000/2996967 (14.4479%)
entry 437000/2996967 (14.5814%)
entry 438000/2996967 (14.6148%)
entry 439000/2996967 (14.6481%)
entry 442000/2996967 (14.7482%)
entry 443000/2996967 (14.7816%)
entry 446000/2996967 (14.8817%)
entry 447000/2996967 (14.9151%)
entry 448000/2996967 (14.9484%)
entry 450000/2996967 (15.0152%)
entry 453000/2996967 (15.1153%)
entry 454000/2996967 (15.1486%)
entry 455000/2996967 (15.182%)
entry 456000/2996967 (15.2154%)
entry 459000/2996967 (15.3155%)
entry 462000/2996967 (15.4156%)
entry 463000/2996967 (15.449%)
entry 464000/2996967 (15.4823%)
entry 466000/2996967 (15.5491%)
entry 468000/2996967 (15.6158%)
entry 469000/2996967 (15.6492%)
entry 470000/2996967 (15.6825%)
entry 471000/2996967 (15.7159%)
entry 475000/2996967 (15.8494%)
entry 477000/2996967 (15.9161%)
entry 478000/2996967 (15.9495%)
entry 479000/2996967 (15.9828%)
entry 480000/2996967 (16.0162%)
entry 481000/2996967 (16.0496%)
entry 487000/2996967 (16.2498%)
entry 488000/2996967 (16.2831%)
entry 489000/2996967 (16.3165%)
entry 491000/2996967 (16.3832%)
entry 493000/2996967 (16.45%)
entry 495000/2996967 (16.5167%)
entry 496000/2996967 (16.5501%)
entry 497000/2996967 (16.5834%)
entry 498000/2996967 (16.6168%)
entry 499000/2996967 (16.6502%)
entry 502000/2996967 (16.7503%)
entry 503000/2996967 (16.7836%)
entry 507000/2996967 (16.9171%)
entry 509000/2996967 (16.9838%)
entry 510000/2996967 (17.0172%)
entry 512000/2996967 (17.0839%)
entry 515000/2996967 (17.184%)
entry 517000/2996967 (17.2508%)
entry 519000/2996967 (17.3175%)
entry 522000/2996967 (17.4176%)
entry 523000/2996967 (17.451%)
entry 524000/2996967 (17.4843%)
entry 529000/2996967 (17.6512%)
entry 531000/2996967 (17.7179%)
entry 534000/2996967 (17.818%)
entry 535000/2996967 (17.8514%)
entry 536000/2996967 (17.8847%)
entry 537000/2996967 (17.9181%)
entry 539000/2996967 (17.9848%)
entry 540000/2996967 (18.0182%)
entry 542000/2996967 (18.085%)
entry 545000/2996967 (18.1851%)
entry 547000/2996967 (18.2518%)
entry 549000/2996967 (18.3185%)
entry 550000/2996967 (18.3519%)
entry 552000/2996967 (18.4186%)
entry 553000/2996967 (18.452%)
entry 555000/2996967 (18.5187%)
entry 556000/2996967 (18.5521%)
entry 559000/2996967 (18.6522%)
entry 560000/2996967 (18.6856%)
entry 561000/2996967 (18.7189%)
entry 562000/2996967 (18.7523%)
entry 564000/2996967 (18.819%)
entry 566000/2996967 (18.8858%)
entry 567000/2996967 (18.9191%)
entry 568000/2996967 (18.9525%)
entry 569000/2996967 (18.9859%)
entry 571000/2996967 (19.0526%)
entry 574000/2996967 (19.1527%)
entry 575000/2996967 (19.1861%)
entry 576000/2996967 (19.2194%)
entry 579000/2996967 (19.3195%)
entry 580000/2996967 (19.3529%)
entry 581000/2996967 (19.3863%)
entry 584000/2996967 (19.4864%)
entry 585000/2996967 (19.5197%)
entry 588000/2996967 (19.6198%)
entry 590000/2996967 (19.6866%)
entry 591000/2996967 (19.7199%)
entry 596000/2996967 (19.8868%)
entry 597000/2996967 (19.9201%)
entry 598000/2996967 (19.9535%)
entry 600000/2996967 (20.0202%)
entry 601000/2996967 (20.0536%)
entry 602000/2996967 (20.087%)
entry 603000/2996967 (20.1203%)
entry 604000/2996967 (20.1537%)
entry 606000/2996967 (20.2204%)
entry 611000/2996967 (20.3873%)
entry 612000/2996967 (20.4206%)
entry 616000/2996967 (20.5541%)
entry 617000/2996967 (20.5875%)
entry 618000/2996967 (20.6208%)
entry 623000/2996967 (20.7877%)
entry 625000/2996967 (20.8544%)
entry 626000/2996967 (20.8878%)
entry 630000/2996967 (21.0213%)
entry 632000/2996967 (21.088%)
entry 633000/2996967 (21.1214%)
entry 635000/2996967 (21.1881%)
entry 636000/2996967 (21.2215%)
entry 638000/2996967 (21.2882%)
entry 639000/2996967 (21.3216%)
entry 642000/2996967 (21.4217%)
entry 643000/2996967 (21.455%)
entry 644000/2996967 (21.4884%)
entry 647000/2996967 (21.5885%)
entry 649000/2996967 (21.6552%)
entry 650000/2996967 (21.6886%)
entry 652000/2996967 (21.7553%)
entry 653000/2996967 (21.7887%)
entry 657000/2996967 (21.9222%)
entry 659000/2996967 (21.9889%)
entry 660000/2996967 (22.0223%)
entry 661000/2996967 (22.0556%)
entry 662000/2996967 (22.089%)
entry 663000/2996967 (22.1224%)
entry 664000/2996967 (22.1557%)
entry 665000/2996967 (22.1891%)
entry 667000/2996967 (22.2558%)
entry 670000/2996967 (22.3559%)
entry 673000/2996967 (22.456%)
entry 674000/2996967 (22.4894%)
entry 676000/2996967 (22.5561%)
entry 678000/2996967 (22.6229%)
entry 680000/2996967 (22.6896%)
entry 685000/2996967 (22.8564%)
entry 686000/2996967 (22.8898%)
entry 688000/2996967 (22.9565%)
entry 690000/2996967 (23.0233%)
entry 693000/2996967 (23.1234%)
entry 697000/2996967 (23.2568%)
entry 698000/2996967 (23.2902%)
entry 701000/2996967 (23.3903%)
entry 703000/2996967 (23.457%)
entry 704000/2996967 (23.4904%)
entry 707000/2996967 (23.5905%)
entry 710000/2996967 (23.6906%)
entry 711000/2996967 (23.724%)
entry 712000/2996967 (23.7574%)
entry 714000/2996967 (23.8241%)
entry 715000/2996967 (23.8575%)
entry 717000/2996967 (23.9242%)
entry 718000/2996967 (23.9576%)
entry 720000/2996967 (24.0243%)
entry 723000/2996967 (24.1244%)
entry 724000/2996967 (24.1578%)
entry 726000/2996967 (24.2245%)
entry 727000/2996967 (24.2579%)
entry 730000/2996967 (24.358%)
entry 732000/2996967 (24.4247%)
entry 733000/2996967 (24.4581%)
entry 734000/2996967 (24.4914%)
entry 735000/2996967 (24.5248%)
entry 736000/2996967 (24.5582%)
entry 741000/2996967 (24.725%)
entry 742000/2996967 (24.7584%)
entry 743000/2996967 (24.7917%)
entry 744000/2996967 (24.8251%)
entry 746000/2996967 (24.8918%)
entry 747000/2996967 (24.9252%)
entry 748000/2996967 (24.9586%)
entry 749000/2996967 (24.9919%)
entry 750000/2996967 (25.0253%)
entry 751000/2996967 (25.0587%)
entry 752000/2996967 (25.092%)
entry 754000/2996967 (25.1588%)
entry 757000/2996967 (25.2589%)
entry 759000/2996967 (25.3256%)
entry 761000/2996967 (25.3923%)
entry 762000/2996967 (25.4257%)
entry 765000/2996967 (25.5258%)
entry 766000/2996967 (25.5592%)
entry 767000/2996967 (25.5925%)
entry 768000/2996967 (25.6259%)
entry 769000/2996967 (25.6593%)
entry 773000/2996967 (25.7927%)
entry 776000/2996967 (25.8928%)
entry 777000/2996967 (25.9262%)
entry 779000/2996967 (25.9929%)
entry 782000/2996967 (26.093%)
entry 784000/2996967 (26.1598%)
entry 785000/2996967 (26.1931%)
entry 787000/2996967 (26.2599%)
entry 791000/2996967 (26.3934%)
entry 792000/2996967 (26.4267%)
entry 793000/2996967 (26.4601%)
entry 795000/2996967 (26.5268%)
entry 797000/2996967 (26.5936%)
entry 798000/2996967 (26.6269%)
entry 800000/2996967 (26.6937%)
entry 801000/2996967 (26.727%)
entry 802000/2996967 (26.7604%)
entry 804000/2996967 (26.8271%)
entry 807000/2996967 (26.9272%)
entry 810000/2996967 (27.0273%)
entry 811000/2996967 (27.0607%)
entry 818000/2996967 (27.2943%)
entry 824000/2996967 (27.4945%)
entry 825000/2996967 (27.5278%)
entry 826000/2996967 (27.5612%)
entry 827000/2996967 (27.5946%)
entry 828000/2996967 (27.6279%)
entry 830000/2996967 (27.6947%)
entry 831000/2996967 (27.728%)
entry 832000/2996967 (27.7614%)
entry 834000/2996967 (27.8281%)
entry 835000/2996967 (27.8615%)
entry 837000/2996967 (27.9282%)
entry 838000/2996967 (27.9616%)
entry 840000/2996967 (28.0283%)
entry 841000/2996967 (28.0617%)
entry 842000/2996967 (28.0951%)
entry 843000/2996967 (28.1284%)
entry 845000/2996967 (28.1952%)
entry 846000/2996967 (28.2285%)
entry 847000/2996967 (28.2619%)
entry 848000/2996967 (28.2953%)
entry 849000/2996967 (28.3286%)
entry 850000/2996967 (28.362%)
entry 851000/2996967 (28.3954%)
entry 852000/2996967 (28.4287%)
entry 853000/2996967 (28.4621%)
entry 856000/2996967 (28.5622%)
entry 857000/2996967 (28.5956%)
entry 858000/2996967 (28.6289%)
entry 861000/2996967 (28.729%)
entry 863000/2996967 (28.7958%)
entry 865000/2996967 (28.8625%)
entry 866000/2996967 (28.8959%)
entry 867000/2996967 (28.9292%)
entry 871000/2996967 (29.0627%)
entry 872000/2996967 (29.0961%)
entry 873000/2996967 (29.1294%)
entry 874000/2996967 (29.1628%)
entry 875000/2996967 (29.1962%)
entry 876000/2996967 (29.2296%)
entry 882000/2996967 (29.4298%)
entry 887000/2996967 (29.5966%)
entry 888000/2996967 (29.63%)
entry 889000/2996967 (29.6633%)
entry 891000/2996967 (29.7301%)
entry 894000/2996967 (29.8302%)
entry 895000/2996967 (29.8635%)
entry 898000/2996967 (29.9636%)
entry 899000/2996967 (29.997%)
entry 900000/2996967 (30.0304%)
entry 902000/2996967 (30.0971%)
entry 903000/2996967 (30.1305%)
entry 907000/2996967 (30.2639%)
entry 911000/2996967 (30.3974%)
entry 913000/2996967 (30.4641%)
entry 914000/2996967 (30.4975%)
entry 915000/2996967 (30.5309%)
entry 916000/2996967 (30.5642%)
entry 918000/2996967 (30.631%)
entry 920000/2996967 (30.6977%)
entry 924000/2996967 (30.8312%)
entry 929000/2996967 (30.998%)
entry 932000/2996967 (31.0981%)
entry 934000/2996967 (31.1648%)
entry 935000/2996967 (31.1982%)
entry 936000/2996967 (31.2316%)
entry 940000/2996967 (31.365%)
entry 943000/2996967 (31.4651%)
entry 944000/2996967 (31.4985%)
entry 945000/2996967 (31.5319%)
entry 947000/2996967 (31.5986%)
entry 948000/2996967 (31.632%)
entry 955000/2996967 (31.8655%)
entry 956000/2996967 (31.8989%)
entry 960000/2996967 (32.0324%)
entry 965000/2996967 (32.1992%)
entry 967000/2996967 (32.266%)
entry 969000/2996967 (32.3327%)
entry 971000/2996967 (32.3994%)
entry 972000/2996967 (32.4328%)
entry 973000/2996967 (32.4662%)
entry 974000/2996967 (32.4995%)
entry 976000/2996967 (32.5663%)
entry 980000/2996967 (32.6997%)
entry 982000/2996967 (32.7665%)
entry 983000/2996967 (32.7998%)
entry 984000/2996967 (32.8332%)
entry 986000/2996967 (32.8999%)
entry 987000/2996967 (32.9333%)
entry 988000/2996967 (32.9667%)
entry 991000/2996967 (33.0668%)
entry 992000/2996967 (33.1001%)
entry 995000/2996967 (33.2002%)
entry 996000/2996967 (33.2336%)
entry 997000/2996967 (33.267%)
entry 998000/2996967 (33.3003%)
entry 999000/2996967 (33.3337%)
entry 1000000/2996967 (33.3671%)
entry 1001000/2996967 (33.4004%)
entry 1002000/2996967 (33.4338%)
entry 1003000/2996967 (33.4672%)
entry 1008000/2996967 (33.634%)
entry 1009000/2996967 (33.6674%)
entry 1011000/2996967 (33.7341%)
entry 1012000/2996967 (33.7675%)
entry 1014000/2996967 (33.8342%)
entry 1016000/2996967 (33.9009%)
entry 1018000/2996967 (33.9677%)
entry 1019000/2996967 (34.001%)
entry 1020000/2996967 (34.0344%)
entry 1023000/2996967 (34.1345%)
entry 1024000/2996967 (34.1679%)
entry 1025000/2996967 (34.2012%)
entry 1026000/2996967 (34.2346%)
entry 1027000/2996967 (34.268%)
entry 1029000/2996967 (34.3347%)
entry 1030000/2996967 (34.3681%)
entry 1031000/2996967 (34.4014%)
entry 1034000/2996967 (34.5015%)
entry 1035000/2996967 (34.5349%)
entry 1036000/2996967 (34.5683%)
entry 1038000/2996967 (34.635%)
entry 1039000/2996967 (34.6684%)
entry 1042000/2996967 (34.7685%)
entry 1045000/2996967 (34.8686%)
entry 1047000/2996967 (34.9353%)
entry 1048000/2996967 (34.9687%)
entry 1049000/2996967 (35.0021%)
entry 1051000/2996967 (35.0688%)
entry 1052000/2996967 (35.1022%)
entry 1053000/2996967 (35.1355%)
entry 1059000/2996967 (35.3357%)
entry 1060000/2996967 (35.3691%)
entry 1061000/2996967 (35.4025%)
entry 1063000/2996967 (35.4692%)
entry 1064000/2996967 (35.5026%)
entry 1066000/2996967 (35.5693%)
entry 1067000/2996967 (35.6027%)
entry 1071000/2996967 (35.7361%)
entry 1074000/2996967 (35.8362%)
entry 1076000/2996967 (35.903%)
entry 1077000/2996967 (35.9363%)
entry 1079000/2996967 (36.0031%)
entry 1082000/2996967 (36.1032%)
entry 1084000/2996967 (36.1699%)
entry 1085000/2996967 (36.2033%)
entry 1087000/2996967 (36.27%)
entry 1088000/2996967 (36.3034%)
entry 1090000/2996967 (36.3701%)
entry 1092000/2996967 (36.4368%)
entry 1093000/2996967 (36.4702%)
entry 1097000/2996967 (36.6037%)
entry 1098000/2996967 (36.637%)
entry 1101000/2996967 (36.7371%)
entry 1106000/2996967 (36.904%)
entry 1109000/2996967 (37.0041%)
entry 1110000/2996967 (37.0374%)
entry 1111000/2996967 (37.0708%)
entry 1113000/2996967 (37.1375%)
entry 1116000/2996967 (37.2376%)
entry 1117000/2996967 (37.271%)
entry 1118000/2996967 (37.3044%)
entry 1119000/2996967 (37.3377%)
entry 1120000/2996967 (37.3711%)
entry 1122000/2996967 (37.4379%)
entry 1124000/2996967 (37.5046%)
entry 1125000/2996967 (37.538%)
entry 1126000/2996967 (37.5713%)
entry 1127000/2996967 (37.6047%)
entry 1128000/2996967 (37.6381%)
entry 1129000/2996967 (37.6714%)
entry 1130000/2996967 (37.7048%)
entry 1131000/2996967 (37.7382%)
entry 1132000/2996967 (37.7715%)
entry 1135000/2996967 (37.8716%)
entry 1136000/2996967 (37.905%)
entry 1137000/2996967 (37.9384%)
entry 1139000/2996967 (38.0051%)
entry 1140000/2996967 (38.0385%)
entry 1144000/2996967 (38.1719%)
entry 1146000/2996967 (38.2387%)
entry 1148000/2996967 (38.3054%)
entry 1149000/2996967 (38.3388%)
entry 1150000/2996967 (38.3721%)
entry 1151000/2996967 (38.4055%)
entry 1152000/2996967 (38.4389%)
entry 1153000/2996967 (38.4722%)
entry 1154000/2996967 (38.5056%)
entry 1156000/2996967 (38.5723%)
entry 1157000/2996967 (38.6057%)
entry 1158000/2996967 (38.6391%)
entry 1159000/2996967 (38.6724%)
entry 1161000/2996967 (38.7392%)
entry 1162000/2996967 (38.7725%)
entry 1164000/2996967 (38.8393%)
entry 1165000/2996967 (38.8726%)
entry 1166000/2996967 (38.906%)
entry 1167000/2996967 (38.9394%)
entry 1168000/2996967 (38.9727%)
entry 1169000/2996967 (39.0061%)
entry 1170000/2996967 (39.0395%)
entry 1171000/2996967 (39.0728%)
entry 1172000/2996967 (39.1062%)
entry 1173000/2996967 (39.1396%)
entry 1174000/2996967 (39.1729%)
entry 1175000/2996967 (39.2063%)
entry 1176000/2996967 (39.2397%)
entry 1177000/2996967 (39.273%)
entry 1178000/2996967 (39.3064%)
entry 1179000/2996967 (39.3398%)
entry 1180000/2996967 (39.3731%)
entry 1181000/2996967 (39.4065%)
entry 1187000/2996967 (39.6067%)
entry 1188000/2996967 (39.6401%)
entry 1190000/2996967 (39.7068%)
entry 1192000/2996967 (39.7735%)
entry 1197000/2996967 (39.9404%)
entry 1199000/2996967 (40.0071%)
entry 1201000/2996967 (40.0738%)
entry 1202000/2996967 (40.1072%)
entry 1204000/2996967 (40.1739%)
entry 1205000/2996967 (40.2073%)
entry 1209000/2996967 (40.3408%)
entry 1210000/2996967 (40.3742%)
entry 1211000/2996967 (40.4075%)
entry 1212000/2996967 (40.4409%)
entry 1213000/2996967 (40.4743%)
entry 1214000/2996967 (40.5076%)
entry 1215000/2996967 (40.541%)
entry 1217000/2996967 (40.6077%)
entry 1218000/2996967 (40.6411%)
entry 1220000/2996967 (40.7078%)
entry 1221000/2996967 (40.7412%)
entry 1224000/2996967 (40.8413%)
entry 1229000/2996967 (41.0081%)
entry 1232000/2996967 (41.1082%)
entry 1233000/2996967 (41.1416%)
entry 1234000/2996967 (41.175%)
entry 1243000/2996967 (41.4753%)
entry 1245000/2996967 (41.542%)
entry 1246000/2996967 (41.5754%)
entry 1248000/2996967 (41.6421%)
entry 1252000/2996967 (41.7756%)
entry 1253000/2996967 (41.8089%)
entry 1255000/2996967 (41.8757%)
entry 1258000/2996967 (41.9758%)
entry 1259000/2996967 (42.0091%)
entry 1260000/2996967 (42.0425%)
entry 1262000/2996967 (42.1092%)
entry 1263000/2996967 (42.1426%)
entry 1265000/2996967 (42.2093%)
entry 1267000/2996967 (42.2761%)
entry 1268000/2996967 (42.3094%)
entry 1269000/2996967 (42.3428%)
entry 1270000/2996967 (42.3762%)
entry 1271000/2996967 (42.4095%)
entry 1273000/2996967 (42.4763%)
entry 1274000/2996967 (42.5096%)
entry 1275000/2996967 (42.543%)
entry 1276000/2996967 (42.5764%)
entry 1277000/2996967 (42.6097%)
entry 1278000/2996967 (42.6431%)
entry 1280000/2996967 (42.7098%)
entry 1282000/2996967 (42.7766%)
entry 1287000/2996967 (42.9434%)
entry 1288000/2996967 (42.9768%)
entry 1289000/2996967 (43.0102%)
entry 1293000/2996967 (43.1436%)
entry 1296000/2996967 (43.2437%)
entry 1298000/2996967 (43.3105%)
entry 1302000/2996967 (43.4439%)
entry 1303000/2996967 (43.4773%)
entry 1304000/2996967 (43.5107%)
entry 1305000/2996967 (43.544%)
entry 1307000/2996967 (43.6108%)
entry 1309000/2996967 (43.6775%)
entry 1310000/2996967 (43.7109%)
entry 1312000/2996967 (43.7776%)
entry 1313000/2996967 (43.811%)
entry 1314000/2996967 (43.8443%)
entry 1315000/2996967 (43.8777%)
entry 1317000/2996967 (43.9444%)
entry 1319000/2996967 (44.0112%)
entry 1320000/2996967 (44.0445%)
entry 1321000/2996967 (44.0779%)
entry 1322000/2996967 (44.1113%)
entry 1323000/2996967 (44.1446%)
entry 1324000/2996967 (44.178%)
entry 1326000/2996967 (44.2447%)
entry 1328000/2996967 (44.3115%)
entry 1329000/2996967 (44.3448%)
entry 1332000/2996967 (44.4449%)
entry 1333000/2996967 (44.4783%)
entry 1334000/2996967 (44.5117%)
entry 1335000/2996967 (44.545%)
entry 1336000/2996967 (44.5784%)
entry 1337000/2996967 (44.6118%)
entry 1338000/2996967 (44.6451%)
entry 1339000/2996967 (44.6785%)
entry 1343000/2996967 (44.812%)
entry 1345000/2996967 (44.8787%)
entry 1346000/2996967 (44.9121%)
entry 1351000/2996967 (45.0789%)
entry 1352000/2996967 (45.1123%)
entry 1353000/2996967 (45.1456%)
entry 1354000/2996967 (45.179%)
entry 1355000/2996967 (45.2124%)
entry 1357000/2996967 (45.2791%)
entry 1359000/2996967 (45.3458%)
entry 1360000/2996967 (45.3792%)
entry 1362000/2996967 (45.4459%)
entry 1363000/2996967 (45.4793%)
entry 1365000/2996967 (45.546%)
entry 1366000/2996967 (45.5794%)
entry 1368000/2996967 (45.6461%)
entry 1371000/2996967 (45.7462%)
entry 1372000/2996967 (45.7796%)
entry 1374000/2996967 (45.8464%)
entry 1376000/2996967 (45.9131%)
entry 1377000/2996967 (45.9465%)
entry 1379000/2996967 (46.0132%)
entry 1380000/2996967 (46.0466%)
entry 1381000/2996967 (46.0799%)
entry 1383000/2996967 (46.1467%)
entry 1384000/2996967 (46.18%)
entry 1385000/2996967 (46.2134%)
entry 1388000/2996967 (46.3135%)
entry 1390000/2996967 (46.3802%)
entry 1391000/2996967 (46.4136%)
entry 1393000/2996967 (46.4803%)
entry 1394000/2996967 (46.5137%)
entry 1395000/2996967 (46.5471%)
entry 1396000/2996967 (46.5804%)
entry 1397000/2996967 (46.6138%)
entry 1398000/2996967 (46.6472%)
entry 1400000/2996967 (46.7139%)
entry 1401000/2996967 (46.7473%)
entry 1404000/2996967 (46.8474%)
entry 1405000/2996967 (46.8807%)
entry 1410000/2996967 (47.0476%)
entry 1411000/2996967 (47.0809%)
entry 1414000/2996967 (47.181%)
entry 1417000/2996967 (47.2811%)
entry 1419000/2996967 (47.3479%)
entry 1422000/2996967 (47.448%)
entry 1426000/2996967 (47.5814%)
entry 1429000/2996967 (47.6815%)
entry 1434000/2996967 (47.8484%)
entry 1435000/2996967 (47.8817%)
entry 1438000/2996967 (47.9818%)
entry 1440000/2996967 (48.0486%)
entry 1441000/2996967 (48.0819%)
entry 1442000/2996967 (48.1153%)
entry 1443000/2996967 (48.1487%)
entry 1444000/2996967 (48.182%)
entry 1445000/2996967 (48.2154%)
entry 1448000/2996967 (48.3155%)
entry 1449000/2996967 (48.3489%)
entry 1459000/2996967 (48.6826%)
entry 1462000/2996967 (48.7827%)
entry 1463000/2996967 (48.816%)
entry 1464000/2996967 (48.8494%)
entry 1465000/2996967 (48.8828%)
entry 1467000/2996967 (48.9495%)
entry 1470000/2996967 (49.0496%)
entry 1472000/2996967 (49.1163%)
entry 1473000/2996967 (49.1497%)
entry 1477000/2996967 (49.2832%)
entry 1479000/2996967 (49.3499%)
entry 1480000/2996967 (49.3833%)
entry 1482000/2996967 (49.45%)
entry 1485000/2996967 (49.5501%)
entry 1488000/2996967 (49.6502%)
entry 1489000/2996967 (49.6836%)
entry 1490000/2996967 (49.7169%)
entry 1493000/2996967 (49.817%)
entry 1494000/2996967 (49.8504%)
entry 1495000/2996967 (49.8838%)
entry 1498000/2996967 (49.9839%)
entry 1499000/2996967 (50.0172%)
entry 1500000/2996967 (50.0506%)
entry 1501000/2996967 (50.084%)
entry 1502000/2996967 (50.1173%)
entry 1504000/2996967 (50.1841%)
entry 1507000/2996967 (50.2842%)
entry 1508000/2996967 (50.3175%)
entry 1509000/2996967 (50.3509%)
entry 1513000/2996967 (50.4844%)
entry 1514000/2996967 (50.5177%)
entry 1517000/2996967 (50.6178%)
entry 1522000/2996967 (50.7847%)
entry 1523000/2996967 (50.818%)
entry 1524000/2996967 (50.8514%)
entry 1525000/2996967 (50.8848%)
entry 1527000/2996967 (50.9515%)
entry 1530000/2996967 (51.0516%)
entry 1532000/2996967 (51.1184%)
entry 1536000/2996967 (51.2518%)
entry 1541000/2996967 (51.4187%)
entry 1542000/2996967 (51.452%)
entry 1543000/2996967 (51.4854%)
entry 1544000/2996967 (51.5188%)
entry 1546000/2996967 (51.5855%)
entry 1548000/2996967 (51.6522%)
entry 1549000/2996967 (51.6856%)
entry 1550000/2996967 (51.719%)
entry 1551000/2996967 (51.7523%)
entry 1553000/2996967 (51.8191%)
entry 1554000/2996967 (51.8524%)
entry 1556000/2996967 (51.9192%)
entry 1560000/2996967 (52.0526%)
entry 1561000/2996967 (52.086%)
entry 1562000/2996967 (52.1194%)
entry 1565000/2996967 (52.2195%)
entry 1566000/2996967 (52.2528%)
entry 1567000/2996967 (52.2862%)
entry 1568000/2996967 (52.3196%)
entry 1570000/2996967 (52.3863%)
entry 1572000/2996967 (52.453%)
entry 1573000/2996967 (52.4864%)
entry 1574000/2996967 (52.5198%)
entry 1576000/2996967 (52.5865%)
entry 1577000/2996967 (52.6199%)
entry 1578000/2996967 (52.6532%)
entry 1579000/2996967 (52.6866%)
entry 1585000/2996967 (52.8868%)
entry 1589000/2996967 (53.0203%)
entry 1590000/2996967 (53.0536%)
entry 1597000/2996967 (53.2872%)
entry 1598000/2996967 (53.3206%)
entry 1600000/2996967 (53.3873%)
entry 1601000/2996967 (53.4207%)
entry 1604000/2996967 (53.5208%)
entry 1610000/2996967 (53.721%)
entry 1613000/2996967 (53.8211%)
entry 1614000/2996967 (53.8544%)
entry 1616000/2996967 (53.9212%)
entry 1617000/2996967 (53.9545%)
entry 1618000/2996967 (53.9879%)
entry 1619000/2996967 (54.0213%)
entry 1620000/2996967 (54.0546%)
entry 1621000/2996967 (54.088%)
entry 1622000/2996967 (54.1214%)
entry 1624000/2996967 (54.1881%)
entry 1627000/2996967 (54.2882%)
entry 1629000/2996967 (54.355%)
entry 1631000/2996967 (54.4217%)
entry 1632000/2996967 (54.4551%)
entry 1633000/2996967 (54.4884%)
entry 1636000/2996967 (54.5885%)
entry 1637000/2996967 (54.6219%)
entry 1638000/2996967 (54.6553%)
entry 1643000/2996967 (54.8221%)
entry 1644000/2996967 (54.8555%)
entry 1645000/2996967 (54.8888%)
entry 1646000/2996967 (54.9222%)
entry 1654000/2996967 (55.1891%)
entry 1655000/2996967 (55.2225%)
entry 1656000/2996967 (55.2559%)
entry 1658000/2996967 (55.3226%)
entry 1659000/2996967 (55.356%)
entry 1660000/2996967 (55.3893%)
entry 1661000/2996967 (55.4227%)
entry 1662000/2996967 (55.4561%)
entry 1664000/2996967 (55.5228%)
entry 1665000/2996967 (55.5562%)
entry 1667000/2996967 (55.6229%)
entry 1668000/2996967 (55.6563%)
entry 1670000/2996967 (55.723%)
entry 1674000/2996967 (55.8565%)
entry 1677000/2996967 (55.9566%)
entry 1678000/2996967 (55.9899%)
entry 1679000/2996967 (56.0233%)
entry 1680000/2996967 (56.0567%)
entry 1681000/2996967 (56.09%)
entry 1682000/2996967 (56.1234%)
entry 1683000/2996967 (56.1568%)
entry 1685000/2996967 (56.2235%)
entry 1688000/2996967 (56.3236%)
entry 1689000/2996967 (56.357%)
entry 1690000/2996967 (56.3903%)
entry 1691000/2996967 (56.4237%)
entry 1692000/2996967 (56.4571%)
entry 1693000/2996967 (56.4904%)
entry 1694000/2996967 (56.5238%)
entry 1695000/2996967 (56.5572%)
entry 1697000/2996967 (56.6239%)
entry 1701000/2996967 (56.7574%)
entry 1705000/2996967 (56.8909%)
entry 1708000/2996967 (56.991%)
entry 1709000/2996967 (57.0243%)
entry 1710000/2996967 (57.0577%)
entry 1711000/2996967 (57.0911%)
entry 1714000/2996967 (57.1912%)
entry 1718000/2996967 (57.3246%)
entry 1720000/2996967 (57.3914%)
entry 1723000/2996967 (57.4915%)
entry 1725000/2996967 (57.5582%)
entry 1727000/2996967 (57.6249%)
entry 1729000/2996967 (57.6917%)
entry 1730000/2996967 (57.725%)
entry 1737000/2996967 (57.9586%)
entry 1738000/2996967 (57.992%)
entry 1739000/2996967 (58.0253%)
entry 1741000/2996967 (58.0921%)
entry 1743000/2996967 (58.1588%)
entry 1744000/2996967 (58.1922%)
entry 1749000/2996967 (58.359%)
entry 1752000/2996967 (58.4591%)
entry 1754000/2996967 (58.5258%)
entry 1756000/2996967 (58.5926%)
entry 1757000/2996967 (58.6259%)
entry 1759000/2996967 (58.6927%)
entry 1761000/2996967 (58.7594%)
entry 1763000/2996967 (58.8261%)
entry 1764000/2996967 (58.8595%)
entry 1765000/2996967 (58.8929%)
entry 1767000/2996967 (58.9596%)
entry 1768000/2996967 (58.993%)
entry 1769000/2996967 (59.0263%)
entry 1770000/2996967 (59.0597%)
entry 1772000/2996967 (59.1264%)
entry 1773000/2996967 (59.1598%)
entry 1774000/2996967 (59.1932%)
entry 1775000/2996967 (59.2265%)
entry 1779000/2996967 (59.36%)
entry 1781000/2996967 (59.4267%)
entry 1787000/2996967 (59.6269%)
entry 1793000/2996967 (59.8272%)
entry 1794000/2996967 (59.8605%)
entry 1796000/2996967 (59.9273%)
entry 1797000/2996967 (59.9606%)
entry 1798000/2996967 (59.994%)
entry 1799000/2996967 (60.0274%)
entry 1800000/2996967 (60.0607%)
entry 1801000/2996967 (60.0941%)
entry 1802000/2996967 (60.1275%)
entry 1803000/2996967 (60.1608%)
entry 1804000/2996967 (60.1942%)
entry 1805000/2996967 (60.2276%)
entry 1806000/2996967 (60.2609%)
entry 1808000/2996967 (60.3277%)
entry 1810000/2996967 (60.3944%)
entry 1813000/2996967 (60.4945%)
entry 1814000/2996967 (60.5279%)
entry 1819000/2996967 (60.6947%)
entry 1822000/2996967 (60.7948%)
entry 1824000/2996967 (60.8615%)
entry 1825000/2996967 (60.8949%)
entry 1826000/2996967 (60.9283%)
entry 1827000/2996967 (60.9616%)
entry 1828000/2996967 (60.995%)
entry 1829000/2996967 (61.0284%)
entry 1830000/2996967 (61.0617%)
entry 1832000/2996967 (61.1285%)
entry 1835000/2996967 (61.2286%)
entry 1837000/2996967 (61.2953%)
entry 1839000/2996967 (61.362%)
entry 1840000/2996967 (61.3954%)
entry 1843000/2996967 (61.4955%)
entry 1844000/2996967 (61.5289%)
entry 1845000/2996967 (61.5622%)
entry 1846000/2996967 (61.5956%)
entry 1851000/2996967 (61.7624%)
entry 1852000/2996967 (61.7958%)
entry 1854000/2996967 (61.8625%)
entry 1855000/2996967 (61.8959%)
entry 1859000/2996967 (62.0294%)
entry 1860000/2996967 (62.0627%)
entry 1863000/2996967 (62.1628%)
entry 1864000/2996967 (62.1962%)
entry 1868000/2996967 (62.3297%)
entry 1871000/2996967 (62.4298%)
entry 1873000/2996967 (62.4965%)
entry 1874000/2996967 (62.5299%)
entry 1875000/2996967 (62.5633%)
entry 1879000/2996967 (62.6967%)
entry 1882000/2996967 (62.7968%)
entry 1883000/2996967 (62.8302%)
entry 1886000/2996967 (62.9303%)
entry 1887000/2996967 (62.9637%)
entry 1888000/2996967 (62.997%)
entry 1890000/2996967 (63.0638%)
entry 1892000/2996967 (63.1305%)
entry 1893000/2996967 (63.1639%)
entry 1895000/2996967 (63.2306%)
entry 1897000/2996967 (63.2973%)
entry 1899000/2996967 (63.3641%)
entry 1900000/2996967 (63.3974%)
entry 1901000/2996967 (63.4308%)
entry 1903000/2996967 (63.4975%)
entry 1908000/2996967 (63.6644%)
entry 1909000/2996967 (63.6977%)
entry 1910000/2996967 (63.7311%)
entry 1912000/2996967 (63.7978%)
entry 1918000/2996967 (63.998%)
entry 1919000/2996967 (64.0314%)
entry 1920000/2996967 (64.0648%)
entry 1921000/2996967 (64.0981%)
entry 1922000/2996967 (64.1315%)
entry 1923000/2996967 (64.1649%)
entry 1925000/2996967 (64.2316%)
entry 1929000/2996967 (64.3651%)
entry 1932000/2996967 (64.4652%)
entry 1933000/2996967 (64.4985%)
entry 1934000/2996967 (64.5319%)
entry 1937000/2996967 (64.632%)
entry 1943000/2996967 (64.8322%)
entry 1944000/2996967 (64.8656%)
entry 1947000/2996967 (64.9657%)
entry 1948000/2996967 (64.999%)
entry 1949000/2996967 (65.0324%)
entry 1950000/2996967 (65.0658%)
entry 1951000/2996967 (65.0991%)
entry 1952000/2996967 (65.1325%)
entry 1953000/2996967 (65.1659%)
entry 1955000/2996967 (65.2326%)
entry 1956000/2996967 (65.266%)
entry 1957000/2996967 (65.2994%)
entry 1958000/2996967 (65.3327%)
entry 1959000/2996967 (65.3661%)
entry 1961000/2996967 (65.4328%)
entry 1962000/2996967 (65.4662%)
entry 1967000/2996967 (65.633%)
entry 1969000/2996967 (65.6998%)
entry 1972000/2996967 (65.7999%)
entry 1973000/2996967 (65.8332%)
entry 1974000/2996967 (65.8666%)
entry 1976000/2996967 (65.9333%)
entry 1978000/2996967 (66.0001%)
entry 1979000/2996967 (66.0334%)
entry 1981000/2996967 (66.1002%)
entry 1982000/2996967 (66.1335%)
entry 1983000/2996967 (66.1669%)
entry 1986000/2996967 (66.267%)
entry 1987000/2996967 (66.3004%)
entry 1988000/2996967 (66.3337%)
entry 1991000/2996967 (66.4338%)
entry 1992000/2996967 (66.4672%)
entry 1997000/2996967 (66.634%)
entry 1999000/2996967 (66.7008%)
entry 2005000/2996967 (66.901%)
entry 2006000/2996967 (66.9343%)
entry 2007000/2996967 (66.9677%)
entry 2011000/2996967 (67.1012%)
entry 2013000/2996967 (67.1679%)
entry 2014000/2996967 (67.2013%)
entry 2015000/2996967 (67.2346%)
entry 2017000/2996967 (67.3014%)
entry 2020000/2996967 (67.4015%)
entry 2023000/2996967 (67.5016%)
entry 2026000/2996967 (67.6017%)
entry 2032000/2996967 (67.8019%)
entry 2033000/2996967 (67.8352%)
entry 2034000/2996967 (67.8686%)
entry 2037000/2996967 (67.9687%)
entry 2040000/2996967 (68.0688%)
entry 2041000/2996967 (68.1022%)
entry 2042000/2996967 (68.1356%)
entry 2043000/2996967 (68.1689%)
entry 2046000/2996967 (68.269%)
entry 2047000/2996967 (68.3024%)
entry 2048000/2996967 (68.3358%)
entry 2049000/2996967 (68.3691%)
entry 2050000/2996967 (68.4025%)
entry 2051000/2996967 (68.4359%)
entry 2054000/2996967 (68.536%)
entry 2055000/2996967 (68.5693%)
entry 2057000/2996967 (68.6361%)
entry 2059000/2996967 (68.7028%)
entry 2062000/2996967 (68.8029%)
entry 2064000/2996967 (68.8696%)
entry 2065000/2996967 (68.903%)
entry 2066000/2996967 (68.9364%)
entry 2067000/2996967 (68.9697%)
entry 2069000/2996967 (69.0365%)
entry 2070000/2996967 (69.0698%)
entry 2071000/2996967 (69.1032%)
entry 2072000/2996967 (69.1366%)
entry 2074000/2996967 (69.2033%)
entry 2075000/2996967 (69.2367%)
entry 2076000/2996967 (69.27%)
entry 2078000/2996967 (69.3368%)
entry 2082000/2996967 (69.4702%)
entry 2083000/2996967 (69.5036%)
entry 2088000/2996967 (69.6704%)
entry 2089000/2996967 (69.7038%)
entry 2091000/2996967 (69.7705%)
entry 2092000/2996967 (69.8039%)
entry 2093000/2996967 (69.8373%)
entry 2094000/2996967 (69.8706%)
entry 2099000/2996967 (70.0375%)
entry 2100000/2996967 (70.0708%)
entry 2101000/2996967 (70.1042%)
entry 2102000/2996967 (70.1376%)
entry 2103000/2996967 (70.1709%)
entry 2104000/2996967 (70.2043%)
entry 2105000/2996967 (70.2377%)
entry 2108000/2996967 (70.3378%)
entry 2109000/2996967 (70.3711%)
entry 2110000/2996967 (70.4045%)
entry 2113000/2996967 (70.5046%)
entry 2114000/2996967 (70.538%)
entry 2115000/2996967 (70.5713%)
entry 2117000/2996967 (70.6381%)
entry 2118000/2996967 (70.6715%)
entry 2119000/2996967 (70.7048%)
entry 2120000/2996967 (70.7382%)
entry 2121000/2996967 (70.7716%)
entry 2122000/2996967 (70.8049%)
entry 2124000/2996967 (70.8717%)
entry 2125000/2996967 (70.905%)
entry 2126000/2996967 (70.9384%)
entry 2128000/2996967 (71.0051%)
entry 2129000/2996967 (71.0385%)
entry 2130000/2996967 (71.0719%)
entry 2131000/2996967 (71.1052%)
entry 2132000/2996967 (71.1386%)
entry 2133000/2996967 (71.172%)
entry 2137000/2996967 (71.3054%)
entry 2142000/2996967 (71.4723%)
entry 2144000/2996967 (71.539%)
entry 2147000/2996967 (71.6391%)
entry 2150000/2996967 (71.7392%)
entry 2154000/2996967 (71.8727%)
entry 2156000/2996967 (71.9394%)
entry 2157000/2996967 (71.9728%)
entry 2159000/2996967 (72.0395%)
entry 2160000/2996967 (72.0729%)
entry 2163000/2996967 (72.173%)
entry 2166000/2996967 (72.2731%)
entry 2170000/2996967 (72.4065%)
entry 2171000/2996967 (72.4399%)
entry 2172000/2996967 (72.4733%)
entry 2173000/2996967 (72.5066%)
entry 2176000/2996967 (72.6067%)
entry 2179000/2996967 (72.7068%)
entry 2180000/2996967 (72.7402%)
entry 2186000/2996967 (72.9404%)
entry 2187000/2996967 (72.9738%)
entry 2189000/2996967 (73.0405%)
entry 2191000/2996967 (73.1072%)
entry 2192000/2996967 (73.1406%)
entry 2193000/2996967 (73.174%)
entry 2194000/2996967 (73.2073%)
entry 2195000/2996967 (73.2407%)
entry 2200000/2996967 (73.4075%)
entry 2201000/2996967 (73.4409%)
entry 2208000/2996967 (73.6745%)
entry 2209000/2996967 (73.7079%)
entry 2214000/2996967 (73.8747%)
entry 2215000/2996967 (73.9081%)
entry 2216000/2996967 (73.9414%)
entry 2218000/2996967 (74.0082%)
entry 2219000/2996967 (74.0415%)
entry 2224000/2996967 (74.2084%)
entry 2228000/2996967 (74.3418%)
entry 2229000/2996967 (74.3752%)
entry 2230000/2996967 (74.4086%)
entry 2231000/2996967 (74.4419%)
entry 2233000/2996967 (74.5087%)
entry 2234000/2996967 (74.542%)
entry 2236000/2996967 (74.6088%)
entry 2237000/2996967 (74.6421%)
entry 2239000/2996967 (74.7089%)
entry 2241000/2996967 (74.7756%)
entry 2246000/2996967 (74.9424%)
entry 2248000/2996967 (75.0092%)
entry 2249000/2996967 (75.0425%)
entry 2250000/2996967 (75.0759%)
entry 2251000/2996967 (75.1093%)
entry 2252000/2996967 (75.1426%)
entry 2253000/2996967 (75.176%)
entry 2254000/2996967 (75.2094%)
entry 2259000/2996967 (75.3762%)
entry 2260000/2996967 (75.4096%)
entry 2263000/2996967 (75.5097%)
entry 2265000/2996967 (75.5764%)
entry 2267000/2996967 (75.6431%)
entry 2268000/2996967 (75.6765%)
entry 2269000/2996967 (75.7099%)
entry 2270000/2996967 (75.7432%)
entry 2273000/2996967 (75.8433%)
entry 2274000/2996967 (75.8767%)
entry 2275000/2996967 (75.9101%)
entry 2278000/2996967 (76.0102%)
entry 2280000/2996967 (76.0769%)
entry 2282000/2996967 (76.1436%)
entry 2283000/2996967 (76.177%)
entry 2284000/2996967 (76.2104%)
entry 2286000/2996967 (76.2771%)
entry 2288000/2996967 (76.3439%)
entry 2290000/2996967 (76.4106%)
entry 2291000/2996967 (76.444%)
entry 2293000/2996967 (76.5107%)
entry 2294000/2996967 (76.5441%)
entry 2296000/2996967 (76.6108%)
entry 2297000/2996967 (76.6442%)
entry 2298000/2996967 (76.6775%)
entry 2300000/2996967 (76.7443%)
entry 2301000/2996967 (76.7776%)
entry 2303000/2996967 (76.8444%)
entry 2305000/2996967 (76.9111%)
entry 2306000/2996967 (76.9445%)
entry 2308000/2996967 (77.0112%)
entry 2309000/2996967 (77.0446%)
entry 2310000/2996967 (77.0779%)
entry 2312000/2996967 (77.1447%)
entry 2313000/2996967 (77.178%)
entry 2315000/2996967 (77.2448%)
entry 2316000/2996967 (77.2781%)
entry 2317000/2996967 (77.3115%)
entry 2318000/2996967 (77.3449%)
entry 2319000/2996967 (77.3782%)
entry 2320000/2996967 (77.4116%)
entry 2323000/2996967 (77.5117%)
entry 2324000/2996967 (77.5451%)
entry 2326000/2996967 (77.6118%)
entry 2327000/2996967 (77.6452%)
entry 2328000/2996967 (77.6785%)
entry 2332000/2996967 (77.812%)
entry 2333000/2996967 (77.8454%)
entry 2334000/2996967 (77.8787%)
entry 2336000/2996967 (77.9455%)
entry 2339000/2996967 (78.0456%)
entry 2341000/2996967 (78.1123%)
entry 2344000/2996967 (78.2124%)
entry 2348000/2996967 (78.3459%)
entry 2349000/2996967 (78.3792%)
entry 2350000/2996967 (78.4126%)
entry 2351000/2996967 (78.446%)
entry 2353000/2996967 (78.5127%)
entry 2354000/2996967 (78.5461%)
entry 2355000/2996967 (78.5794%)
entry 2358000/2996967 (78.6795%)
entry 2359000/2996967 (78.7129%)
entry 2362000/2996967 (78.813%)
entry 2364000/2996967 (78.8797%)
entry 2365000/2996967 (78.9131%)
entry 2367000/2996967 (78.9798%)
entry 2368000/2996967 (79.0132%)
entry 2369000/2996967 (79.0466%)
entry 2371000/2996967 (79.1133%)
entry 2372000/2996967 (79.1467%)
entry 2377000/2996967 (79.3135%)
entry 2379000/2996967 (79.3803%)
entry 2380000/2996967 (79.4136%)
entry 2381000/2996967 (79.447%)
entry 2382000/2996967 (79.4804%)
entry 2386000/2996967 (79.6138%)
entry 2387000/2996967 (79.6472%)
entry 2388000/2996967 (79.6806%)
entry 2389000/2996967 (79.7139%)
entry 2390000/2996967 (79.7473%)
entry 2392000/2996967 (79.814%)
entry 2393000/2996967 (79.8474%)
entry 2395000/2996967 (79.9141%)
entry 2396000/2996967 (79.9475%)
entry 2397000/2996967 (79.9809%)
entry 2399000/2996967 (80.0476%)
entry 2400000/2996967 (80.081%)
entry 2401000/2996967 (80.1143%)
entry 2402000/2996967 (80.1477%)
entry 2404000/2996967 (80.2144%)
entry 2406000/2996967 (80.2812%)
entry 2411000/2996967 (80.448%)
entry 2412000/2996967 (80.4814%)
entry 2413000/2996967 (80.5147%)
entry 2415000/2996967 (80.5815%)
entry 2418000/2996967 (80.6816%)
entry 2419000/2996967 (80.7149%)
entry 2422000/2996967 (80.815%)
entry 2425000/2996967 (80.9151%)
entry 2426000/2996967 (80.9485%)
entry 2428000/2996967 (81.0152%)
entry 2430000/2996967 (81.082%)
entry 2431000/2996967 (81.1153%)
entry 2433000/2996967 (81.1821%)
entry 2434000/2996967 (81.2154%)
entry 2437000/2996967 (81.3155%)
entry 2439000/2996967 (81.3823%)
entry 2441000/2996967 (81.449%)
entry 2445000/2996967 (81.5825%)
entry 2446000/2996967 (81.6158%)
entry 2448000/2996967 (81.6826%)
entry 2451000/2996967 (81.7827%)
entry 2453000/2996967 (81.8494%)
entry 2455000/2996967 (81.9162%)
entry 2456000/2996967 (81.9495%)
entry 2457000/2996967 (81.9829%)
entry 2458000/2996967 (82.0163%)
entry 2459000/2996967 (82.0496%)
entry 2461000/2996967 (82.1164%)
entry 2462000/2996967 (82.1497%)
entry 2463000/2996967 (82.1831%)
entry 2464000/2996967 (82.2165%)
entry 2465000/2996967 (82.2498%)
entry 2466000/2996967 (82.2832%)
entry 2473000/2996967 (82.5168%)
entry 2474000/2996967 (82.5501%)
entry 2476000/2996967 (82.6169%)
entry 2477000/2996967 (82.6502%)
entry 2478000/2996967 (82.6836%)
entry 2481000/2996967 (82.7837%)
entry 2483000/2996967 (82.8504%)
entry 2484000/2996967 (82.8838%)
entry 2486000/2996967 (82.9505%)
entry 2488000/2996967 (83.0173%)
entry 2489000/2996967 (83.0506%)
entry 2491000/2996967 (83.1174%)
entry 2492000/2996967 (83.1507%)
entry 2493000/2996967 (83.1841%)
entry 2497000/2996967 (83.3176%)
entry 2498000/2996967 (83.3509%)
entry 2500000/2996967 (83.4177%)
entry 2502000/2996967 (83.4844%)
entry 2503000/2996967 (83.5178%)
entry 2504000/2996967 (83.5511%)
entry 2513000/2996967 (83.8514%)
entry 2514000/2996967 (83.8848%)
entry 2515000/2996967 (83.9182%)
entry 2516000/2996967 (83.9515%)
entry 2520000/2996967 (84.085%)
entry 2526000/2996967 (84.2852%)
entry 2527000/2996967 (84.3186%)
entry 2528000/2996967 (84.3519%)
entry 2530000/2996967 (84.4187%)
entry 2531000/2996967 (84.452%)
entry 2532000/2996967 (84.4854%)
entry 2538000/2996967 (84.6856%)
entry 2539000/2996967 (84.719%)
entry 2543000/2996967 (84.8525%)
entry 2545000/2996967 (84.9192%)
entry 2546000/2996967 (84.9526%)
entry 2547000/2996967 (84.9859%)
entry 2548000/2996967 (85.0193%)
entry 2551000/2996967 (85.1194%)
entry 2552000/2996967 (85.1528%)
entry 2553000/2996967 (85.1861%)
entry 2555000/2996967 (85.2529%)
entry 2556000/2996967 (85.2862%)
entry 2557000/2996967 (85.3196%)
entry 2559000/2996967 (85.3863%)
entry 2564000/2996967 (85.5532%)
entry 2565000/2996967 (85.5865%)
entry 2566000/2996967 (85.6199%)
entry 2570000/2996967 (85.7534%)
entry 2571000/2996967 (85.7867%)
entry 2572000/2996967 (85.8201%)
entry 2573000/2996967 (85.8535%)
entry 2576000/2996967 (85.9536%)
entry 2577000/2996967 (85.9869%)
entry 2581000/2996967 (86.1204%)
entry 2582000/2996967 (86.1538%)
entry 2583000/2996967 (86.1871%)
entry 2584000/2996967 (86.2205%)
entry 2585000/2996967 (86.2539%)
entry 2587000/2996967 (86.3206%)
entry 2588000/2996967 (86.354%)
entry 2589000/2996967 (86.3873%)
entry 2590000/2996967 (86.4207%)
entry 2591000/2996967 (86.4541%)
entry 2593000/2996967 (86.5208%)
entry 2596000/2996967 (86.6209%)
entry 2597000/2996967 (86.6543%)
entry 2600000/2996967 (86.7544%)
entry 2601000/2996967 (86.7877%)
entry 2602000/2996967 (86.8211%)
entry 2605000/2996967 (86.9212%)
entry 2606000/2996967 (86.9546%)
entry 2607000/2996967 (86.9879%)
entry 2611000/2996967 (87.1214%)
entry 2612000/2996967 (87.1548%)
entry 2613000/2996967 (87.1881%)
entry 2619000/2996967 (87.3883%)
entry 2620000/2996967 (87.4217%)
entry 2623000/2996967 (87.5218%)
entry 2627000/2996967 (87.6553%)
entry 2628000/2996967 (87.6887%)
entry 2629000/2996967 (87.722%)
entry 2631000/2996967 (87.7888%)
entry 2633000/2996967 (87.8555%)
entry 2634000/2996967 (87.8889%)
entry 2635000/2996967 (87.9222%)
entry 2639000/2996967 (88.0557%)
entry 2640000/2996967 (88.0891%)
entry 2641000/2996967 (88.1224%)
entry 2644000/2996967 (88.2225%)
entry 2646000/2996967 (88.2893%)
entry 2648000/2996967 (88.356%)
entry 2649000/2996967 (88.3894%)
entry 2651000/2996967 (88.4561%)
entry 2658000/2996967 (88.6897%)
entry 2660000/2996967 (88.7564%)
entry 2663000/2996967 (88.8565%)
entry 2664000/2996967 (88.8899%)
entry 2668000/2996967 (89.0233%)
entry 2670000/2996967 (89.0901%)
entry 2671000/2996967 (89.1234%)
entry 2673000/2996967 (89.1902%)
entry 2674000/2996967 (89.2235%)
entry 2675000/2996967 (89.2569%)
entry 2677000/2996967 (89.3236%)
entry 2680000/2996967 (89.4237%)
entry 2682000/2996967 (89.4905%)
entry 2686000/2996967 (89.6239%)
entry 2688000/2996967 (89.6907%)
entry 2689000/2996967 (89.724%)
entry 2690000/2996967 (89.7574%)
entry 2692000/2996967 (89.8241%)
entry 2694000/2996967 (89.8909%)
entry 2695000/2996967 (89.9242%)
entry 2696000/2996967 (89.9576%)
entry 2698000/2996967 (90.0243%)
entry 2699000/2996967 (90.0577%)
entry 2702000/2996967 (90.1578%)
entry 2703000/2996967 (90.1912%)
entry 2704000/2996967 (90.2246%)
entry 2705000/2996967 (90.2579%)
entry 2709000/2996967 (90.3914%)
entry 2712000/2996967 (90.4915%)
entry 2718000/2996967 (90.6917%)
entry 2720000/2996967 (90.7584%)
entry 2721000/2996967 (90.7918%)
entry 2722000/2996967 (90.8252%)
entry 2723000/2996967 (90.8585%)
entry 2727000/2996967 (90.992%)
entry 2729000/2996967 (91.0587%)
entry 2730000/2996967 (91.0921%)
entry 2734000/2996967 (91.2256%)
entry 2735000/2996967 (91.2589%)
entry 2736000/2996967 (91.2923%)
entry 2738000/2996967 (91.359%)
entry 2742000/2996967 (91.4925%)
entry 2743000/2996967 (91.5259%)
entry 2744000/2996967 (91.5592%)
entry 2746000/2996967 (91.626%)
entry 2747000/2996967 (91.6593%)
entry 2750000/2996967 (91.7594%)
entry 2753000/2996967 (91.8595%)
entry 2754000/2996967 (91.8929%)
entry 2756000/2996967 (91.9596%)
entry 2757000/2996967 (91.993%)
entry 2759000/2996967 (92.0597%)
entry 2760000/2996967 (92.0931%)
entry 2761000/2996967 (92.1265%)
entry 2763000/2996967 (92.1932%)
entry 2764000/2996967 (92.2266%)
entry 2765000/2996967 (92.2599%)
entry 2767000/2996967 (92.3267%)
entry 2773000/2996967 (92.5269%)
entry 2774000/2996967 (92.5602%)
entry 2777000/2996967 (92.6603%)
entry 2778000/2996967 (92.6937%)
entry 2779000/2996967 (92.7271%)
entry 2781000/2996967 (92.7938%)
entry 2783000/2996967 (92.8605%)
entry 2786000/2996967 (92.9606%)
entry 2788000/2996967 (93.0274%)
entry 2792000/2996967 (93.1608%)
entry 2793000/2996967 (93.1942%)
entry 2795000/2996967 (93.261%)
entry 2800000/2996967 (93.4278%)
entry 2802000/2996967 (93.4945%)
entry 2807000/2996967 (93.6614%)
entry 2808000/2996967 (93.6947%)
entry 2810000/2996967 (93.7615%)
entry 2811000/2996967 (93.7948%)
entry 2812000/2996967 (93.8282%)
entry 2814000/2996967 (93.8949%)
entry 2816000/2996967 (93.9617%)
entry 2818000/2996967 (94.0284%)
entry 2820000/2996967 (94.0951%)
entry 2821000/2996967 (94.1285%)
entry 2823000/2996967 (94.1952%)
entry 2824000/2996967 (94.2286%)
entry 2825000/2996967 (94.262%)
entry 2829000/2996967 (94.3954%)
entry 2833000/2996967 (94.5289%)
entry 2835000/2996967 (94.5956%)
entry 2836000/2996967 (94.629%)
entry 2837000/2996967 (94.6624%)
entry 2838000/2996967 (94.6957%)
entry 2840000/2996967 (94.7625%)
entry 2841000/2996967 (94.7958%)
entry 2843000/2996967 (94.8626%)
entry 2845000/2996967 (94.9293%)
entry 2849000/2996967 (95.0628%)
entry 2850000/2996967 (95.0961%)
entry 2851000/2996967 (95.1295%)
entry 2853000/2996967 (95.1962%)
entry 2854000/2996967 (95.2296%)
entry 2856000/2996967 (95.2963%)
entry 2857000/2996967 (95.3297%)
entry 2859000/2996967 (95.3964%)
entry 2860000/2996967 (95.4298%)
entry 2863000/2996967 (95.5299%)
entry 2864000/2996967 (95.5633%)
entry 2866000/2996967 (95.63%)
entry 2867000/2996967 (95.6634%)
entry 2869000/2996967 (95.7301%)
entry 2870000/2996967 (95.7635%)
entry 2876000/2996967 (95.9637%)
entry 2877000/2996967 (95.9971%)
entry 2880000/2996967 (96.0972%)
entry 2881000/2996967 (96.1305%)
entry 2882000/2996967 (96.1639%)
entry 2884000/2996967 (96.2306%)
entry 2886000/2996967 (96.2974%)
entry 2887000/2996967 (96.3307%)
entry 2889000/2996967 (96.3975%)
entry 2891000/2996967 (96.4642%)
entry 2892000/2996967 (96.4976%)
entry 2894000/2996967 (96.5643%)
entry 2896000/2996967 (96.631%)
entry 2898000/2996967 (96.6978%)
entry 2899000/2996967 (96.7311%)
entry 2901000/2996967 (96.7979%)
entry 2904000/2996967 (96.898%)
entry 2905000/2996967 (96.9313%)
entry 2906000/2996967 (96.9647%)
entry 2910000/2996967 (97.0982%)
entry 2911000/2996967 (97.1315%)
entry 2913000/2996967 (97.1983%)
entry 2914000/2996967 (97.2316%)
entry 2916000/2996967 (97.2984%)
entry 2918000/2996967 (97.3651%)
entry 2921000/2996967 (97.4652%)
entry 2924000/2996967 (97.5653%)
entry 2926000/2996967 (97.632%)
entry 2927000/2996967 (97.6654%)
entry 2929000/2996967 (97.7321%)
entry 2930000/2996967 (97.7655%)
entry 2931000/2996967 (97.7989%)
entry 2932000/2996967 (97.8322%)
entry 2933000/2996967 (97.8656%)
entry 2934000/2996967 (97.899%)
entry 2935000/2996967 (97.9323%)
entry 2936000/2996967 (97.9657%)
entry 2937000/2996967 (97.9991%)
entry 2940000/2996967 (98.0992%)
entry 2942000/2996967 (98.1659%)
entry 2943000/2996967 (98.1993%)
entry 2945000/2996967 (98.266%)
entry 2947000/2996967 (98.3327%)
entry 2948000/2996967 (98.3661%)
entry 2950000/2996967 (98.4329%)
entry 2951000/2996967 (98.4662%)
entry 2952000/2996967 (98.4996%)
entry 2954000/2996967 (98.5663%)
entry 2955000/2996967 (98.5997%)
entry 2956000/2996967 (98.6331%)
entry 2960000/2996967 (98.7665%)
entry 2961000/2996967 (98.7999%)
entry 2962000/2996967 (98.8333%)
entry 2964000/2996967 (98.9%)
entry 2965000/2996967 (98.9334%)
entry 2966000/2996967 (98.9667%)
entry 2967000/2996967 (99.0001%)
entry 2968000/2996967 (99.0335%)
entry 2972000/2996967 (99.1669%)
entry 2973000/2996967 (99.2003%)
entry 2974000/2996967 (99.2337%)
entry 2976000/2996967 (99.3004%)
entry 2977000/2996967 (99.3338%)
entry 2978000/2996967 (99.3671%)
entry 2979000/2996967 (99.4005%)
entry 2980000/2996967 (99.4339%)
entry 2982000/2996967 (99.5006%)
entry 2983000/2996967 (99.534%)
entry 2985000/2996967 (99.6007%)
entry 2986000/2996967 (99.6341%)
entry 2989000/2996967 (99.7342%)
entry 2990000/2996967 (99.7675%)
entry 2991000/2996967 (99.8009%)
entry 2992000/2996967 (99.8343%)
entry 2993000/2996967 (99.8676%)
entry 2994000/2996967 (99.901%)
all done
script done
