sphnx1077.sdcc.bnl.gov
rsyncing from /gpfs/mnt/gpfs02/sphenix/user/samfred/run25/ppg11/histmaking
running: /gpfs/mnt/gpfs02/sphenix/user/samfred/run25/ppg11/histmaking/script_data.sh 49466
LD_LIBRARY_PATH now /sphenix/user/samfred/run25/install//lib:/cvmfs/sphenix.sdcc.bnl.gov/alma9.2-gcc-14.2.0/opt/sphenix/core/gcc/14.2.0-2f0a0/x86_64-el9/lib:/cvmfs/sphenix.sdcc.bnl.gov/alma9.2-gcc-14.2.0/opt/sphenix/core/gcc/14.2.0-2f0a0/x86_64-el9/lib64:/cvmfs/sphenix.sdcc.bnl.gov/alma9.2-gcc-14.2.0/opt/sphenix/core/binutils/2.40-acaab/x86_64-el9/lib:.:/cvmfs/sphenix.sdcc.bnl.gov/alma9.2-gcc-14.2.0/release/release_new/new.10/lib64:/cvmfs/sphenix.sdcc.bnl.gov/alma9.2-gcc-14.2.0/release/release_new/new.10/lib:/cvmfs/sphenix.sdcc.bnl.gov/alma9.2-gcc-14.2.0/opt/sphenix/utils/lib:/cvmfs/sphenix.sdcc.bnl.gov/alma9.2-gcc-14.2.0/opt/sphenix/core/lib:/cvmfs/sphenix.sdcc.bnl.gov/alma9.2-gcc-14.2.0/opt/sphenix/core/root-6.32.06/lib:/cvmfs/sphenix.sdcc.bnl.gov/alma9.2-gcc-14.2.0/opt/sphenix/core/geant4.10.07.p04/lib64:/cvmfs/sphenix.sdcc.bnl.gov/alma9.2-gcc-14.2.0/opt/sphenix/core/lhapdf-5.9.1/lib:/usr/local/lib64:/usr/lib64
PATH now /sphenix/user/samfred/run25/install//bin:/cvmfs/sphenix.sdcc.bnl.gov/alma9.2-gcc-14.2.0/opt/sphenix/core/gcc/14.2.0-2f0a0/x86_64-el9/bin:/cvmfs/sphenix.sdcc.bnl.gov/alma9.2-gcc-14.2.0/opt/sphenix/core/binutils/2.40-acaab/x86_64-el9/bin:.:/cvmfs/sphenix.sdcc.bnl.gov/alma9.2-gcc-14.2.0/release/release_new/new.10/bin:/cvmfs/sphenix.sdcc.bnl.gov/alma9.2-gcc-14.2.0/opt/sphenix/utils/bin:/cvmfs/sphenix.sdcc.bnl.gov/alma9.2-gcc-14.2.0/opt/sphenix/core/bin:/cvmfs/sphenix.sdcc.bnl.gov/alma9.2-gcc-14.2.0/opt/sphenix/core/root-6.32.06/bin:/cvmfs/sphenix.sdcc.bnl.gov/alma9.2-gcc-14.2.0/opt/sphenix/core/geant4.10.07.p04/bin:/usr/local/bin:/usr/bin:/usr/local/sbin:/usr/sbin
SINGULARITY_CACHEDIR=/home/condor/local/sphnx/execute/dir_1930386
_CONDOR_CHIRP_CONFIG=/home/condor/local/sphnx/execute/dir_1930386/.chirp.config
_CONDOR_JOB_IWD=/sphenix/user/samfred/run25/ppg11/histmaking
G4ENSDFSTATEDATA=/cvmfs/sphenix.sdcc.bnl.gov/alma9.2-gcc-14.2.0/opt/sphenix/core/geant4.10.07.p04/share/Geant4-10.7.4/data/G4ENSDFSTATE2.3
_CONDOR_MACHINE_AD=/home/condor/local/sphnx/execute/dir_1930386/.machine.ad
ROOT_MAX_THREADS=1
NUMEXPR_NUM_THREADS=1
CUBACORES=1
_CHIRP_DELAYED_UPDATE_PREFIX=Chirp*
OMP_THREAD_LIMIT=1
G4PIIDATA=/cvmfs/sphenix.sdcc.bnl.gov/alma9.2-gcc-14.2.0/opt/sphenix/core/geant4.10.07.p04/share/Geant4-10.7.4/data/G4PII1.3
NO_AT_BRIDGE=1
G4_MAIN=/cvmfs/sphenix.sdcc.bnl.gov/alma9.2-gcc-14.2.0/opt/sphenix/core/geant4.10.07.p04
COMPILER_PATH=/cvmfs/sphenix.sdcc.bnl.gov/alma9.2-gcc-14.2.0/opt/sphenix/core/gcc/14.2.0-2f0a0/x86_64-el9
ROOT_INCLUDE_PATH=./:/sphenix/user/samfred/run25/install//include:/sphenix/user/samfred/run25/install//include/caloana:/sphenix/user/samfred/run25/install//include/qa_centrality:/sphenix/user/samfred/run25/install//include/mbdana:/sphenix/user/samfred/run25/install//include/centrality:/sphenix/user/samfred/run25/install//include/Event:/cvmfs/sphenix.sdcc.bnl.gov/alma9.2-gcc-14.2.0/release/release_new/new.10/include:/cvmfs/sphenix.sdcc.bnl.gov/alma9.2-gcc-14.2.0/release/release_new/new.10/include:/cvmfs/sphenix.sdcc.bnl.gov/alma9.2-gcc-14.2.0/release/release_new/new.10/include/g4mbd:/cvmfs/sphenix.sdcc.bnl.gov/alma9.2-gcc-14.2.0/release/release_new/new.10/include/fmt:/cvmfs/sphenix.sdcc.bnl.gov/alma9.2-gcc-14.2.0/release/release_new/new.10/include/ffarawobjects:/cvmfs/sphenix.sdcc.bnl.gov/alma9.2-gcc-14.2.0/release/release_new/new.10/include/JSON:/cvmfs/sphenix.sdcc.bnl.gov/alma9.2-gcc-14.2.0/release/release_new/new.10/include/calotreegen:/cvmfs/sphenix.sdcc.bnl.gov/alma9.2-gcc-14.2.0/release/release_new/new.10/include/torch:/cvmfs/sphenix.sdcc.bnl.gov/alma9.2-gcc-14.2.0/release/release_new/new.10/include/g4detectors:/cvmfs/sphenix.sdcc.bnl.gov/alma9.2-gcc-14.2.0/release/release_new/new.10/include/kineto:/cvmfs/sphenix.sdcc.bnl.gov/alma9.2-gcc-14.2.0/release/release_new/new.10/include/g4decayer:/cvmfs/sphenix.sdcc.bnl.gov/alma9.2-gcc-14.2.0/release/release_new/new.10/include/kfparticleqa:/cvmfs/sphenix.sdcc.bnl.gov/alma9.2-gcc-14.2.0/release/release_new/new.10/include/phfield:/cvmfs/sphenix.sdcc.bnl.gov/alma9.2-gcc-14.2.0/release/release_new/new.10/include/LHAPDF:/cvmfs/sphenix.sdcc.bnl.gov/alma9.2-gcc-14.2.0/release/release_new/new.10/include/readdigitalcurrents:/cvmfs/sphenix.sdcc.bnl.gov/alma9.2-gcc-14.2.0/release/release_new/new.10/include/c10:/cvmfs/sphenix.sdcc.bnl.gov/alma9.2-gcc-14.2.0/release/release_new/new.10/include/calovalid:/cvmfs/sphenix.sdcc.bnl.gov/alma9.2-gcc-14.2.0/release/release_new/new.10/include/oneapi:/cvmfs/sphenix.sdcc.bnl.gov/alma9.2-gcc-14.2.0/release/release_new/new.10/include/DDCond:/cvmfs/sphenix.sdcc.bnl.gov/alma9.2-gcc-14.2.0/release/release_new/new.10/include/g4tracking:/cvmfs/sphenix.sdcc.bnl.gov/alma9.2-gcc-14.2.0/release/release_new/new.10/include/litecaloeval:/cvmfs/sphenix.sdcc.bnl.gov/alma9.2-gcc-14.2.0/release/release_new/new.10/include/g4intt:/cvmfs/sphenix.sdcc.bnl.gov/alma9.2-gcc-14.2.0/release/release_new/new.10/include/phool:/cvmfs/sphenix.sdcc.bnl.gov/alma9.2-gcc-14.2.0/release/release_new/new.10/include/boost:/cvmfs/sphenix.sdcc.bnl.gov/alma9.2-gcc-14.2.0/release/release_new/new.10/include/Pythia8Plugins:/cvmfs/sphenix.sdcc.bnl.gov/alma9.2-gcc-14.2.0/release/release_new/new.10/include/calib_emc_pi0:/cvmfs/sphenix.sdcc.bnl.gov/alma9.2-gcc-14.2.0/release/release_new/new.10/include/hijingflipafterburner:/cvmfs/sphenix.sdcc.bnl.gov/alma9.2-gcc-14.2.0/release/release_new/new.10/include/ffaobjects:/cvmfs/sphenix.sdcc.bnl.gov/alma9.2-gcc-14.2.0/release/release_new/new.10/include/EvtGenBase:/cvmfs/sphenix.sdcc.bnl.gov/alma9.2-gcc-14.2.0/release/release_new/new.10/include/flowafterburner:/cvmfs/sphenix.sdcc.bnl.gov/alma9.2-gcc-14.2.0/release/release_new/new.10/include/google:/cvmfs/sphenix.sdcc.bnl.gov/alma9.2-gcc-14.2.0/release/release_new/new.10/include/g4tpc:/cvmfs/sphenix.sdcc.bnl.gov/alma9.2-gcc-14.2.0/release/release_new/new.10/include/caffe2:/cvmfs/sphenix.sdcc.bnl.gov/alma9.2-gcc-14.2.0/release/release_new/new.10/include/EvtGenExternal:/cvmfs/sphenix.sdcc.bnl.gov/alma9.2-gcc-14.2.0/release/release_new/new.10/include/fp16:/cvmfs/sphenix.sdcc.bnl.gov/alma9.2-gcc-14.2.0/release/release_new/new.10/include/ffamodules:/cvmfs/sphenix.sdcc.bnl.gov/alma9.2-gcc-14.2.0/release/release_new/new.10/include/uspin:/cvmfs/sphenix.sdcc.bnl.gov/alma9.2-gcc-14.2.0/release/release_new/new.10/include/Herwig:/cvmfs/sphenix.sdcc.bnl.gov/alma9.2-gcc-14.2.0/release/release_new/new.10/include/genfitexp:/cvmfs/sphenix.sdcc.bnl.gov/alma9.2-gcc-14.2.0/release/release_new/new.10/include/XML:/cvmfs/sphenix.sdcc.bnl.gov/alma9.2-gcc-14.2.0/release/release_new/new.10/include/fbgemm:/cvmfs/sphenix.sdcc.bnl.gov/alma9.2-gcc-14.2.0/release/release_new/new.10/include/DDAlign:/cvmfs/sphenix.sdcc.bnl.gov/alma9.2-gcc-14.2.0/release/release_new/new.10/include/g4mvtx:/cvmfs/sphenix.sdcc.bnl.gov/alma9.2-gcc-14.2.0/release/release_new/new.10/include/kfparticle_sphenix:/cvmfs/sphenix.sdcc.bnl.gov/alma9.2-gcc-14.2.0/release/release_new/new.10/include/fun4all:/cvmfs/sphenix.sdcc.bnl.gov/alma9.2-gcc-14.2.0/release/release_new/new.10/include/intt:/cvmfs/sphenix.sdcc.bnl.gov/alma9.2-gcc-14.2.0/release/release_new/new.10/include/eventdisplay:/cvmfs/sphenix.sdcc.bnl.gov/alma9.2-gcc-14.2.0/release/release_new/new.10/include/EvtGen:/cvmfs/sphenix.sdcc.bnl.gov/alma9.2-gcc-14.2.0/release/release_new/new.10/include/Evaluator:/cvmfs/sphenix.sdcc.bnl.gov/alma9.2-gcc-14.2.0/release/release_new/new.10/include/tpc:/cvmfs/sphenix.sdcc.bnl.gov/alma9.2-gcc-14.2.0/release/release_new/new.10/include/GenFit:/cvmfs/sphenix.sdcc.bnl.gov/alma9.2-gcc-14.2.0/release/release_new/new.10/include/prototype4:/cvmfs/sphenix.sdcc.bnl.gov/alma9.2-gcc-14.2.0/release/release_new/new.10/include/caloembedding:/cvmfs/sphenix.sdcc.bnl.gov/alma9.2-gcc-14.2.0/release/release_new/new.10/include/EvtGenModels:/cvmfs/sphenix.sdcc.bnl.gov/alma9.2-gcc-14.2.0/release/release_new/new.10/include/fastjet:/cvmfs/sphenix.sdcc.bnl.gov/alma9.2-gcc-14.2.0/release/release_new/new.10/include/DDG4:/cvmfs/sphenix.sdcc.bnl.gov/alma9.2-gcc-14.2.0/release/release_new/new.10/include/mbd:/cvmfs/sphenix.sdcc.bnl.gov/alma9.2-gcc-14.2.0/release/release_new/new.10/include/tbb:/cvmfs/sphenix.sdcc.bnl.gov/alma9.2-gcc-14.2.0/release/release_new/new.10/include/phgeom:/cvmfs/sphenix.sdcc.bnl.gov/alma9.2-gcc-14.2.0/release/release_new/new.10/include/g4epd:/cvmfs/sphenix.sdcc.bnl.gov/alma9.2-gcc-14.2.0/release/release_new/new.10/include/oncal:/cvmfs/sphenix.sdcc.bnl.gov/alma9.2-gcc-14.2.0/release/release_new/new.10/include/pybind11:/cvmfs/sphenix.sdcc.bnl.gov/alma9.2-gcc-14.2.0/release/release_new/new.10/include/tpcdistgenerator:/cvmfs/sphenix.sdcc.bnl.gov/alma9.2-gcc-14.2.0/release/release_new/new.10/include/cdbobjects:/cvmfs/sphenix.sdcc.bnl.gov/alma9.2-gcc-14.2.0/release/release_new/new.10/include/g4micromegas:/cvmfs/sphenix.sdcc.bnl.gov/alma9.2-gcc-14.2.0/release/release_new/new.10/include/g4eval:/cvmfs/sphenix.sdcc.bnl.gov/alma9.2-gcc-14.2.0/release/release_new/new.10/include/jetbackground:/cvmfs/sphenix.sdcc.bnl.gov/alma9.2-gcc-14.2.0/release/release_new/new.10/include/micromegas:/cvmfs/sphenix.sdcc.bnl.gov/alma9.2-gcc-14.2.0/release/release_new/new.10/include/hftrackefficiency:/cvmfs/sphenix.sdcc.bnl.gov/alma9.2-gcc-14.2.0/release/release_new/new.10/include/inttrawhitqa:/cvmfs/sphenix.sdcc.bnl.gov/alma9.2-gcc-14.2.0/release/release_new/new.10/include/centrality:/cvmfs/sphenix.sdcc.bnl.gov/alma9.2-gcc-14.2.0/release/release_new/new.10/include/epd:/cvmfs/sphenix.sdcc.bnl.gov/alma9.2-gcc-14.2.0/release/release_new/new.10/include/caloreco:/cvmfs/sphenix.sdcc.bnl.gov/alma9.2-gcc-14.2.0/release/release_new/new.10/include/HepMC:/cvmfs/sphenix.sdcc.bnl.gov/alma9.2-gcc-14.2.0/release/release_new/new.10/include/CLHEP:/cvmfs/sphenix.sdcc.bnl.gov/alma9.2-gcc-14.2.0/release/release_new/new.10/include/Acts:/cvmfs/sphenix.sdcc.bnl.gov/alma9.2-gcc-14.2.0/release/release_new/new.10/include/g4histos:/cvmfs/sphenix.sdcc.bnl.gov/alma9.2-gcc-14.2.0/release/release_new/new.10/include/eventplaneinfo:/cvmfs/sphenix.sdcc.bnl.gov/alma9.2-gcc-14.2.0/release/release_new/new.10/include/fillspacechargemaps:/cvmfs/sphenix.sdcc.bnl.gov/alma9.2-gcc-14.2.0/release/release_new/new.10/include/phhepmc:/cvmfs/sphenix.sdcc.bnl.gov/alma9.2-gcc-14.2.0/release/release_new/new.10/include/trackingqa:/cvmfs/sphenix.sdcc.bnl.gov/alma9.2-gcc-14.2.0/release/release_new/new.10/include/qautils:/cvmfs/sphenix.sdcc.bnl.gov/alma9.2-gcc-14.2.0/release/release_new/new.10/include/trackreco:/cvmfs/sphenix.sdcc.bnl.gov/alma9.2-gcc-14.2.0/release/release_new/new.10/include/g4ohcal:/cvmfs/sphenix.sdcc.bnl.gov/alma9.2-gcc-14.2.0/release/release_new/new.10/include/tpcdvcalib:/cvmfs/sphenix.sdcc.bnl.gov/alma9.2-gcc-14.2.0/release/release_new/new.10/include/zdcinfo:/cvmfs/sphenix.sdcc.bnl.gov/alma9.2-gcc-14.2.0/release/release_new/new.10/include/phpythia8:/cvmfs/sphenix.sdcc.bnl.gov/alma9.2-gcc-14.2.0/release/release_new/new.10/include/fun4allutils:/cvmfs/sphenix.sdcc.bnl.gov/alma9.2-gcc-14.2.0/release/release_new/new.10/include/tpcqa:/cvmfs/sphenix.sdcc.bnl.gov/alma9.2-gcc-14.2.0/release/release_new/new.10/include/Pythia8:/cvmfs/sphenix.sdcc.bnl.gov/alma9.2-gcc-14.2.0/release/release_new/new.10/include/DDRec:/cvmfs/sphenix.sdcc.bnl.gov/alma9.2-gcc-14.2.0/release/release_new/new.10/include/DDDigi:/cvmfs/sphenix.sdcc.bnl.gov/alma9.2-gcc-14.2.0/release/release_new/new.10/include/g4ihcal:/cvmfs/sphenix.sdcc.bnl.gov/alma9.2-gcc-14.2.0/release/release_new/new.10/include/frog:/cvmfs/sphenix.sdcc.bnl.gov/alma9.2-gcc-14.2.0/release/release_new/new.10/include/eigen3:/cvmfs/sphenix.sdcc.bnl.gov/alma9.2-gcc-14.2.0/release/release_new/new.10/include/tensorpipe:/cvmfs/sphenix.sdcc.bnl.gov/alma9.2-gcc-14.2.0/release/release_new/new.10/include/sphenixnpc:/cvmfs/sphenix.sdcc.bnl.gov/alma9.2-gcc-14.2.0/release/release_new/new.10/include/siscone:/cvmfs/sphenix.sdcc.bnl.gov/alma9.2-gcc-14.2.0/release/release_new/new.10/include/pmonitor:/cvmfs/sphenix.sdcc.bnl.gov/alma9.2-gcc-14.2.0/release/release_new/new.10/include/calobase:/cvmfs/sphenix.sdcc.bnl.gov/alma9.2-gcc-14.2.0/release/release_new/new.10/include/ActsExamples:/cvmfs/sphenix.sdcc.bnl.gov/alma9.2-gcc-14.2.0/release/release_new/new.10/include/g4gdml:/cvmfs/sphenix.sdcc.bnl.gov/alma9.2-gcc-14.2.0/release/release_new/new.10/include/mvtx_decoder:/cvmfs/sphenix.sdcc.bnl.gov/alma9.2-gcc-14.2.0/release/release_new/new.10/include/ROOT:/cvmfs/sphenix.sdcc.bnl.gov/alma9.2-gcc-14.2.0/release/release_new/new.10/include/phparameter:/cvmfs/sphenix.sdcc.bnl.gov/alma9.2-gcc-14.2.0/release/release_new/new.10/include/rsa:/cvmfs/sphenix.sdcc.bnl.gov/alma9.2-gcc-14.2.0/release/release_new/new.10/include/fun4allraw:/cvmfs/sphenix.sdcc.bnl.gov/alma9.2-gcc-14.2.0/release/release_new/new.10/include/trackbase_historic:/cvmfs/sphenix.sdcc.bnl.gov/alma9.2-gcc-14.2.0/release/release_new/new.10/include/g4jets:/cvmfs/sphenix.sdcc.bnl.gov/alma9.2-gcc-14.2.0/release/release_new/new.10/include/jetqa:/cvmfs/sphenix.sdcc.bnl.gov/alma9.2-gcc-14.2.0/release/release_new/new.10/include/phoolraw:/cvmfs/sphenix.sdcc.bnl.gov/alma9.2-gcc-14.2.0/release/release_new/new.10/include/g4calo:/cvmfs/sphenix.sdcc.bnl.gov/alma9.2-gcc-14.2.0/release/release_new/new.10/include/mvtxrawhitqa:/cvmfs/sphenix.sdcc.bnl.gov/alma9.2-gcc-14.2.0/release/release_new/new.10/include/HepMC3:/cvmfs/sphenix.sdcc.bnl.gov/alma9.2-gcc-14.2.0/release/release_new/new.10/include/calowaveformsim:/cvmfs/sphenix.sdcc.bnl.gov/alma9.2-gcc-14.2.0/release/release_new/new.10/include/g4caloprototype:/cvmfs/sphenix.sdcc.bnl.gov/alma9.2-gcc-14.2.0/release/release_new/new.10/include/pdbcalbase:/cvmfs/sphenix.sdcc.bnl.gov/alma9.2-gcc-14.2.0/release/release_new/new.10/include/gsl:/cvmfs/sphenix.sdcc.bnl.gov/alma9.2-gcc-14.2.0/release/release_new/new.10/include/nodedump:/cvmfs/sphenix.sdcc.bnl.gov/alma9.2-gcc-14.2.0/release/release_new/new.10/include/emcnoisytowerfinder:/cvmfs/sphenix.sdcc.bnl.gov/alma9.2-gcc-14.2.0/release/release_new/new.10/include/ActsFatras:/cvmfs/sphenix.sdcc.bnl.gov/alma9.2-gcc-14.2.0/release/release_new/new.10/include/ffarawmodules:/cvmfs/sphenix.sdcc.bnl.gov/alma9.2-gcc-14.2.0/release/release_new/new.10/include/Event:/cvmfs/sphenix.sdcc.bnl.gov/alma9.2-gcc-14.2.0/release/release_new/new.10/include/prototype3:/cvmfs/sphenix.sdcc.bnl.gov/alma9.2-gcc-14.2.0/release/release_new/new.10/include/fermimotionafterburner:/cvmfs/sphenix.sdcc.bnl.gov/alma9.2-gcc-14.2.0/release/release_new/new.10/include/Photos:/cvmfs/sphenix.sdcc.bnl.gov/alma9.2-gcc-14.2.0/release/release_new/new.10/include/xingshiftcal:/cvmfs/sphenix.sdcc.bnl.gov/alma9.2-gcc-14.2.0/release/release_new/new.10/include/trackbase:/cvmfs/sphenix.sdcc.bnl.gov/alma9.2-gcc-14.2.0/release/release_new/new.10/include/jetdstskimmer:/cvmfs/sphenix.sdcc.bnl.gov/alma9.2-gcc-14.2.0/release/release_new/new.10/include/clusteriso:/cvmfs/sphenix.sdcc.bnl.gov/alma9.2-gcc-14.2.0/release/release_new/new.10/include/asmjit:/cvmfs/sphenix.sdcc.bnl.gov/alma9.2-gcc-14.2.0/release/release_new/new.10/include/particleflowreco:/cvmfs/sphenix.sdcc.bnl.gov/alma9.2-gcc-14.2.0/release/release_new/new.10/include/tpchittrackdisplay:/cvmfs/sphenix.sdcc.bnl.gov/alma9.2-gcc-14.2.0/release/release_new/new.10/include/caloana:/cvmfs/sphenix.sdcc.bnl.gov/alma9.2-gcc-14.2.0/release/release_new/new.10/include/calotrigger:/cvmfs/sphenix.sdcc.bnl.gov/alma9.2-gcc-14.2.0/release/release_new/new.10/include/nopayloadclient:/cvmfs/sphenix.sdcc.bnl.gov/alma9.2-gcc-14.2.0/release/release_new/new.10/include/trackermillepedealignment:/cvmfs/sphenix.sdcc.bnl.gov/alma9.2-gcc-14.2.0/release/release_new/new.10/include/DD4hep:/cvmfs/sphenix.sdcc.bnl.gov/alma9.2-gcc-14.2.0/release/release_new/new.10/include/g4trackfastsim:/cvmfs/sphenix.sdcc.bnl.gov/alma9.2-gcc-14.2.0/release/release_new/new.10/include/prototype2:/cvmfs/sphenix.sdcc.bnl.gov/alma9.2-gcc-14.2.0/release/release_new/new.10/include/ATen:/cvmfs/sphenix.sdcc.bnl.gov/alma9.2-gcc-14.2.0/release/release_new/new.10/include/g4main:/cvmfs/sphenix.sdcc.bnl.gov/alma9.2-gcc-14.2.0/release/release_new/new.10/include/Tauola:/cvmfs/sphenix.sdcc.bnl.gov/alma9.2-gcc-14.2.0/release/release_new/new.10/include/inttcalib:/cvmfs/sphenix.sdcc.bnl.gov/alma9.2-gcc-14.2.0/release/release_new/new.10/include/reactionplaneafterburner:/cvmfs/sphenix.sdcc.bnl.gov/alma9.2-gcc-14.2.0/release/release_new/new.10/include/globalqa:/cvmfs/sphenix.sdcc.bnl.gov/alma9.2-gcc-14.2.0/release/release_new/new.10/include/tpccalib:/cvmfs/sphenix.sdcc.bnl.gov/alma9.2-gcc-14.2.0/release/release_new/new.10/include/DDSegmentation:/cvmfs/sphenix.sdcc.bnl.gov/alma9.2-gcc-14.2.0/release/release_new/new.10/include/decayfinder:/cvmfs/sphenix.sdcc.bnl.gov/alma9.2-gcc-14.2.0/release/release_new/new.10/include/compressclus:/cvmfs/sphenix.sdcc.bnl.gov/alma9.2-gcc-14.2.0/release/release_new/new.10/include/simqa_modules:/cvmfs/sphenix.sdcc.bnl.gov/alma9.2-gcc-14.2.0/release/release_new/new.10/include/resonancejettagging:/cvmfs/sphenix.sdcc.bnl.gov/alma9.2-gcc-14.2.0/release/release_new/new.10/include/g4centrality:/cvmfs/sphenix.sdcc.bnl.gov/alma9.2-gcc-14.2.0/release/release_new/new.10/include/mvtx:/cvmfs/sphenix.sdcc.bnl.gov/alma9.2-gcc-14.2.0/release/release_new/new.10/include/nlohmann:/cvmfs/sphenix.sdcc.bnl.gov/alma9.2-gcc-14.2.0/release/release_new/new.10/include/localpoloffmon:/cvmfs/sphenix.sdcc.bnl.gov/alma9.2-gcc-14.2.0/release/release_new/new.10/include/DDEve:/cvmfs/sphenix.sdcc.bnl.gov/alma9.2-gcc-14.2.0/release/release_new/new.10/include/Parsers:/cvmfs/sphenix.sdcc.bnl.gov/alma9.2-gcc-14.2.0/release/release_new/new.10/include/trackingdiagnostics:/cvmfs/sphenix.sdcc.bnl.gov/alma9.2-gcc-14.2.0/release/release_new/new.10/include/g4vertex:/cvmfs/sphenix.sdcc.bnl.gov/alma9.2-gcc-14.2.0/release/release_new/new.10/include/jetbase:/cvmfs/sphenix.sdcc.bnl.gov/alma9.2-gcc-14.2.0/release/release_new/new.10/include/globalvertex:/cvmfs/sphenix.sdcc.bnl.gov/alma9.2-gcc-14.2.0/release/release_new/new.10/include/phgenfit:/cvmfs/sphenix.sdcc.bnl.gov/alma9.2-gcc-14.2.0/release/release_new/new.10/include/rawbcolumi:/cvmfs/sphenix.sdcc.bnl.gov/alma9.2-gcc-14.2.0/release/release_new/new.10/include/eicsmear:/cvmfs/sphenix.sdcc.bnl.gov/alma9.2-gcc-14.2.0/release/release_new/new.10/include/mvtxcalib:/cvmfs/sphenix.sdcc.bnl.gov/alma9.2-gcc-14.2.0/release/release_new/new.10/include/tpclinelaserdiode:/cvmfs/sphenix.sdcc.bnl.gov/alma9.2-gcc-14.2.0/release/release_new/new.10/include/hepmcjettrigger:/cvmfs/sphenix.sdcc.bnl.gov/alma9.2-gcc-14.2.0/release/release_new/new.10/include/core:/cvmfs/sphenix.sdcc.bnl.gov/alma9.2-gcc-14.2.0/release/release_new/new.10/include/calo_cdb:/cvmfs/sphenix.sdcc.bnl.gov/alma9.2-gcc-14.2.0/release/release_new/new.10/include/mvtxclustershapesqa:/cvmfs/sphenix.sdcc.bnl.gov/alma9.2-gcc-14.2.0/release/release_new/new.10/include/calopacketskimmer:/cvmfs/sphenix.sdcc.bnl.gov/alma9.2-gcc-14.2.0/opt/sphenix/core/geant4.10.07.p04/include:/cvmfs/sphenix.sdcc.bnl.gov/alma9.2-gcc-14.2.0/release/release_new/new.10/rootmacros:/cvmfs/sphenix.sdcc.bnl.gov/alma9.2-gcc-14.2.0/opt/sphenix/core/include
GSEARCHPATH=.:PG:LUSTRE:RAWDATA
PWD=/gpfs/mnt/gpfs02/sphenix/user/samfred/run25/ppg11/histmaking
LOGNAME=samfred
_CONDOR_JOB_AD=/home/condor/local/sphnx/execute/dir_1930386/.job.ad
MANPATH=/cvmfs/sphenix.sdcc.bnl.gov/alma9.2-gcc-14.2.0/opt/sphenix/core/gcc/14.2.0-2f0a0/x86_64-el9/share/man:/cvmfs/sphenix.sdcc.bnl.gov/alma9.2-gcc-14.2.0/opt/sphenix/core/binutils/2.40-acaab/x86_64-el9/share/man:/cvmfs/sphenix.sdcc.bnl.gov/alma9.2-gcc-14.2.0/release/release_new/new.10/share/man:/cvmfs/sphenix.sdcc.bnl.gov/alma9.2-gcc-14.2.0/opt/sphenix/utils/share/man:/cvmfs/sphenix.sdcc.bnl.gov/alma9.2-gcc-14.2.0/opt/sphenix/core/share/man:/cvmfs/sphenix.sdcc.bnl.gov/alma9.2-gcc-14.2.0/opt/sphenix/core/root-6.32.06/man:/usr/local/share/man:/usr/share/man
PYTHIA8=/cvmfs/sphenix.sdcc.bnl.gov/alma9.2-gcc-14.2.0/release/release_new/new.10/share/Pythia8
G4INCLDATA=/cvmfs/sphenix.sdcc.bnl.gov/alma9.2-gcc-14.2.0/opt/sphenix/core/geant4.10.07.p04/share/Geant4-10.7.4/data/G4INCL1.0
ORIG_PATH=/usr/local/bin:/usr/bin
CXX=/cvmfs/sphenix.sdcc.bnl.gov/alma9.2-gcc-14.2.0/opt/sphenix/core/gcc/14.2.0-2f0a0/x86_64-el9/bin/g++
G4LEDATA=/cvmfs/sphenix.sdcc.bnl.gov/alma9.2-gcc-14.2.0/opt/sphenix/core/geant4.10.07.p04/share/Geant4-10.7.4/data/G4EMLOW7.13
PYTHON_CPU_COUNT=1
OPENBLAS_NUM_THREADS=1
_CONDOR_BIN=/usr/bin
HOME=/sphenix/u/samfred
G4PARTICLEXSDATA=/cvmfs/sphenix.sdcc.bnl.gov/alma9.2-gcc-14.2.0/opt/sphenix/core/geant4.10.07.p04/share/Geant4-10.7.4/data/G4PARTICLEXS3.1.1
_CONDOR_ANCESTOR_299904=1930386:1759352705:472867768
ONLINE_MAIN=/cvmfs/sphenix.sdcc.bnl.gov/alma9.2-gcc-14.2.0/release/release_new/new.10
CALIBRATIONROOT=/cvmfs/sphenix.sdcc.bnl.gov/alma9.2-gcc-14.2.0/release/release_new/new.10/share/calibrations
TMPDIR=/tmp
_CONDOR_SCRATCH_DIR=/home/condor/local/sphnx/execute/dir_1930386
PGUSER=phnxrc
NOPAYLOADCLIENT_CONF=/cvmfs/sphenix.sdcc.bnl.gov/alma9.2-gcc-14.2.0/opt/sphenix/core/etc/sPHENIX_newcdb.json
XERCESCROOT=/cvmfs/sphenix.sdcc.bnl.gov/alma9.2-gcc-14.2.0/opt/sphenix/core/geant4.10.07.p04
LHAPATH=/cvmfs/sphenix.sdcc.bnl.gov/alma9.2-gcc-14.2.0/opt/sphenix/core/lhapdf-5.9.1/share/lhapdf/PDFsets
G4NEUTRONHPDATA=/cvmfs/sphenix.sdcc.bnl.gov/alma9.2-gcc-14.2.0/opt/sphenix/core/geant4.10.07.p04/share/Geant4-10.7.4/data/G4NDL4.6
PYTHONPATH=.:/cvmfs/sphenix.sdcc.bnl.gov/alma9.2-gcc-14.2.0/release/release_new/new.10/lib/python3.13/site-packages:/cvmfs/sphenix.sdcc.bnl.gov/alma9.2-gcc-14.2.0/opt/sphenix/core/lib/python3.13/site-packages:/cvmfs/sphenix.sdcc.bnl.gov/alma9.2-gcc-14.2.0/opt/sphenix/core/root-6.32.06/lib
USER=samfred
_CONDOR_JOB_PIDS=
TEMP=/tmp
GOMAXPROCS=1
OFFLINE_MAIN=/cvmfs/sphenix.sdcc.bnl.gov/alma9.2-gcc-14.2.0/release/release_new/new.10
SHLVL=1
TF_NUM_THREADS=1
G4SAIDXSDATA=/cvmfs/sphenix.sdcc.bnl.gov/alma9.2-gcc-14.2.0/opt/sphenix/core/geant4.10.07.p04/share/Geant4-10.7.4/data/G4SAIDDATA2.0
APPTAINER_CACHEDIR=/home/condor/local/sphnx/execute/dir_1930386
_CONDOR_ANCESTOR_1930386=1933867:1759352705:3759983364
ROOTSYS=/cvmfs/sphenix.sdcc.bnl.gov/alma9.2-gcc-14.2.0/opt/sphenix/core/root-6.32.06
BATCH_SYSTEM=HTCondor
_CONDOR_SLOT=slot1_34
LD_LIBRARY_PATH=/sphenix/user/samfred/run25/install//lib:/cvmfs/sphenix.sdcc.bnl.gov/alma9.2-gcc-14.2.0/opt/sphenix/core/gcc/14.2.0-2f0a0/x86_64-el9/lib:/cvmfs/sphenix.sdcc.bnl.gov/alma9.2-gcc-14.2.0/opt/sphenix/core/gcc/14.2.0-2f0a0/x86_64-el9/lib64:/cvmfs/sphenix.sdcc.bnl.gov/alma9.2-gcc-14.2.0/opt/sphenix/core/binutils/2.40-acaab/x86_64-el9/lib:.:/cvmfs/sphenix.sdcc.bnl.gov/alma9.2-gcc-14.2.0/release/release_new/new.10/lib64:/cvmfs/sphenix.sdcc.bnl.gov/alma9.2-gcc-14.2.0/release/release_new/new.10/lib:/cvmfs/sphenix.sdcc.bnl.gov/alma9.2-gcc-14.2.0/opt/sphenix/utils/lib:/cvmfs/sphenix.sdcc.bnl.gov/alma9.2-gcc-14.2.0/opt/sphenix/core/lib:/cvmfs/sphenix.sdcc.bnl.gov/alma9.2-gcc-14.2.0/opt/sphenix/core/root-6.32.06/lib:/cvmfs/sphenix.sdcc.bnl.gov/alma9.2-gcc-14.2.0/opt/sphenix/core/geant4.10.07.p04/lib64:/cvmfs/sphenix.sdcc.bnl.gov/alma9.2-gcc-14.2.0/opt/sphenix/core/lhapdf-5.9.1/lib:/usr/local/lib64:/usr/lib64
_CONDOR_ANCESTOR_299869=299904:1756523318:984826014
OPT_SPHENIX=/cvmfs/sphenix.sdcc.bnl.gov/alma9.2-gcc-14.2.0/opt/sphenix/core
TF_LOOP_PARALLEL_ITERATIONS=1
EVT_LIB=/cvmfs/sphenix.sdcc.bnl.gov/alma9.2-gcc-14.2.0/opt/sphenix/core/root-6.32.06/lib
PGHOST=sphnxdbmaster.sdcc.bnl.gov
OMP_NUM_THREADS=1
G4REALSURFACEDATA=/cvmfs/sphenix.sdcc.bnl.gov/alma9.2-gcc-14.2.0/opt/sphenix/core/geant4.10.07.p04/share/Geant4-10.7.4/data/RealSurface2.2
FC=/cvmfs/sphenix.sdcc.bnl.gov/alma9.2-gcc-14.2.0/opt/sphenix/core/gcc/14.2.0-2f0a0/x86_64-el9/bin/gfortran
G4ABLADATA=/cvmfs/sphenix.sdcc.bnl.gov/alma9.2-gcc-14.2.0/opt/sphenix/core/geant4.10.07.p04/share/Geant4-10.7.4/data/G4ABLA3.1
PARASOFT=doesnotexist
TMP=/tmp
OPT_UTILS=/cvmfs/sphenix.sdcc.bnl.gov/alma9.2-gcc-14.2.0/opt/sphenix/utils
CONFIG_SITE=/cvmfs/sphenix.sdcc.bnl.gov/alma9.2-gcc-14.2.0/opt/sphenix/core/etc/config.site
PATH=/sphenix/user/samfred/run25/install//bin:/cvmfs/sphenix.sdcc.bnl.gov/alma9.2-gcc-14.2.0/opt/sphenix/core/gcc/14.2.0-2f0a0/x86_64-el9/bin:/cvmfs/sphenix.sdcc.bnl.gov/alma9.2-gcc-14.2.0/opt/sphenix/core/binutils/2.40-acaab/x86_64-el9/bin:.:/cvmfs/sphenix.sdcc.bnl.gov/alma9.2-gcc-14.2.0/release/release_new/new.10/bin:/cvmfs/sphenix.sdcc.bnl.gov/alma9.2-gcc-14.2.0/opt/sphenix/utils/bin:/cvmfs/sphenix.sdcc.bnl.gov/alma9.2-gcc-14.2.0/opt/sphenix/core/bin:/cvmfs/sphenix.sdcc.bnl.gov/alma9.2-gcc-14.2.0/opt/sphenix/core/root-6.32.06/bin:/cvmfs/sphenix.sdcc.bnl.gov/alma9.2-gcc-14.2.0/opt/sphenix/core/geant4.10.07.p04/bin:/usr/local/bin:/usr/bin:/usr/local/sbin:/usr/sbin
G4LEVELGAMMADATA=/cvmfs/sphenix.sdcc.bnl.gov/alma9.2-gcc-14.2.0/opt/sphenix/core/geant4.10.07.p04/share/Geant4-10.7.4/data/PhotonEvaporation5.7
CC=/cvmfs/sphenix.sdcc.bnl.gov/alma9.2-gcc-14.2.0/opt/sphenix/core/gcc/14.2.0-2f0a0/x86_64-el9/bin/gcc
G4RADIOACTIVEDATA=/cvmfs/sphenix.sdcc.bnl.gov/alma9.2-gcc-14.2.0/opt/sphenix/core/geant4.10.07.p04/share/Geant4-10.7.4/data/RadioactiveDecay5.6
JULIA_NUM_THREADS=1
MKL_NUM_THREADS=1
LHAPDF_DATA_PATH=/cvmfs/sphenix.sdcc.bnl.gov/alma9.2-gcc-14.2.0/release/release_new/new.10/share/LHAPDF
XPLOAD_CONFIG_DIR=/cvmfs/sphenix.sdcc.bnl.gov/alma9.2-gcc-14.2.0/opt/sphenix/core/etc
OLDPWD=/cvmfs/sphenix.sdcc.bnl.gov/alma9.2-gcc-14.2.0/release/release_new/new.10/geant4
_=/usr/bin/printenv
runnumber...
49466
trigger...

   ------------------------------------------------------------------
  | Welcome to ROOT 6.32.06                        https://root.cern |
  | (c) 1995-2024, The ROOT Team; conception: R. Brun, F. Rademakers |
  | Built for linuxx8664gcc on Dec 13 2024, 17:23:48                 |
  | From tags/6-32-06@6-32-06                                        |
  | With g++ (GCC) 14.2.0                                            |
  | Try '.help'/'.?', '.demo', '.license', '.credits', '.quit'/'.q'  |
   ------------------------------------------------------------------


Processing data_histmaker.C(49466)...
entry 5000/6405270 (0.0780607%)
entry 7000/6405270 (0.109285%)
entry 8000/6405270 (0.124897%)
entry 12000/6405270 (0.187346%)
entry 13000/6405270 (0.202958%)
entry 17000/6405270 (0.265406%)
entry 20000/6405270 (0.312243%)
entry 23000/6405270 (0.359079%)
entry 31000/6405270 (0.483976%)
entry 41000/6405270 (0.640098%)
entry 46000/6405270 (0.718159%)
entry 48000/6405270 (0.749383%)
entry 52000/6405270 (0.811831%)
entry 54000/6405270 (0.843056%)
entry 56000/6405270 (0.87428%)
entry 58000/6405270 (0.905504%)
entry 63000/6405270 (0.983565%)
entry 65000/6405270 (1.01479%)
entry 66000/6405270 (1.0304%)
entry 69000/6405270 (1.07724%)
entry 70000/6405270 (1.09285%)
entry 76000/6405270 (1.18652%)
entry 86000/6405270 (1.34264%)
entry 91000/6405270 (1.42071%)
entry 93000/6405270 (1.45193%)
entry 95000/6405270 (1.48315%)
entry 102000/6405270 (1.59244%)
entry 104000/6405270 (1.62366%)
entry 108000/6405270 (1.68611%)
entry 109000/6405270 (1.70172%)
entry 117000/6405270 (1.82662%)
entry 119000/6405270 (1.85785%)
entry 121000/6405270 (1.88907%)
entry 122000/6405270 (1.90468%)
entry 123000/6405270 (1.92029%)
entry 126000/6405270 (1.96713%)
entry 128000/6405270 (1.99835%)
entry 135000/6405270 (2.10764%)
entry 141000/6405270 (2.20131%)
entry 147000/6405270 (2.29499%)
entry 150000/6405270 (2.34182%)
entry 152000/6405270 (2.37305%)
entry 155000/6405270 (2.41988%)
entry 157000/6405270 (2.45111%)
entry 158000/6405270 (2.46672%)
entry 160000/6405270 (2.49794%)
entry 162000/6405270 (2.52917%)
entry 164000/6405270 (2.56039%)
entry 167000/6405270 (2.60723%)
entry 168000/6405270 (2.62284%)
entry 170000/6405270 (2.65406%)
entry 171000/6405270 (2.66968%)
entry 172000/6405270 (2.68529%)
entry 175000/6405270 (2.73213%)
entry 178000/6405270 (2.77896%)
entry 182000/6405270 (2.84141%)
entry 184000/6405270 (2.87263%)
entry 185000/6405270 (2.88825%)
entry 186000/6405270 (2.90386%)
entry 190000/6405270 (2.96631%)
entry 192000/6405270 (2.99753%)
entry 195000/6405270 (3.04437%)
entry 200000/6405270 (3.12243%)
entry 203000/6405270 (3.16927%)
entry 205000/6405270 (3.20049%)
entry 206000/6405270 (3.2161%)
entry 207000/6405270 (3.23171%)
entry 208000/6405270 (3.24733%)
entry 209000/6405270 (3.26294%)
entry 213000/6405270 (3.32539%)
entry 220000/6405270 (3.43467%)
entry 224000/6405270 (3.49712%)
entry 228000/6405270 (3.55957%)
entry 229000/6405270 (3.57518%)
entry 233000/6405270 (3.63763%)
entry 234000/6405270 (3.65324%)
entry 240000/6405270 (3.74691%)
entry 241000/6405270 (3.76253%)
entry 244000/6405270 (3.80936%)
entry 248000/6405270 (3.87181%)
entry 249000/6405270 (3.88742%)
entry 250000/6405270 (3.90304%)
entry 251000/6405270 (3.91865%)
entry 252000/6405270 (3.93426%)
entry 256000/6405270 (3.99671%)
entry 259000/6405270 (4.04355%)
entry 260000/6405270 (4.05916%)
entry 266000/6405270 (4.15283%)
entry 271000/6405270 (4.23089%)
entry 272000/6405270 (4.2465%)
entry 274000/6405270 (4.27773%)
entry 278000/6405270 (4.34018%)
entry 279000/6405270 (4.35579%)
entry 280000/6405270 (4.3714%)
entry 281000/6405270 (4.38701%)
entry 288000/6405270 (4.4963%)
entry 292000/6405270 (4.55875%)
entry 293000/6405270 (4.57436%)
entry 298000/6405270 (4.65242%)
entry 299000/6405270 (4.66803%)
entry 300000/6405270 (4.68364%)
entry 301000/6405270 (4.69926%)
entry 307000/6405270 (4.79293%)
entry 309000/6405270 (4.82415%)
entry 310000/6405270 (4.83976%)
entry 311000/6405270 (4.85538%)
entry 312000/6405270 (4.87099%)
entry 314000/6405270 (4.90221%)
entry 324000/6405270 (5.05833%)
entry 326000/6405270 (5.08956%)
entry 330000/6405270 (5.15201%)
entry 333000/6405270 (5.19884%)
entry 334000/6405270 (5.21446%)
entry 336000/6405270 (5.24568%)
entry 340000/6405270 (5.30813%)
entry 348000/6405270 (5.43303%)
entry 351000/6405270 (5.47986%)
entry 353000/6405270 (5.51109%)
entry 361000/6405270 (5.63598%)
entry 362000/6405270 (5.6516%)
entry 366000/6405270 (5.71404%)
entry 367000/6405270 (5.72966%)
entry 369000/6405270 (5.76088%)
entry 371000/6405270 (5.79211%)
entry 374000/6405270 (5.83894%)
entry 377000/6405270 (5.88578%)
entry 378000/6405270 (5.90139%)
entry 379000/6405270 (5.917%)
entry 380000/6405270 (5.93261%)
entry 385000/6405270 (6.01068%)
entry 386000/6405270 (6.02629%)
entry 389000/6405270 (6.07312%)
entry 390000/6405270 (6.08874%)
entry 392000/6405270 (6.11996%)
entry 393000/6405270 (6.13557%)
entry 396000/6405270 (6.18241%)
entry 397000/6405270 (6.19802%)
entry 399000/6405270 (6.22925%)
entry 404000/6405270 (6.30731%)
entry 408000/6405270 (6.36975%)
entry 409000/6405270 (6.38537%)
entry 416000/6405270 (6.49465%)
entry 417000/6405270 (6.51026%)
entry 418000/6405270 (6.52588%)
entry 424000/6405270 (6.61955%)
entry 426000/6405270 (6.65077%)
entry 428000/6405270 (6.682%)
entry 430000/6405270 (6.71322%)
entry 431000/6405270 (6.72883%)
entry 432000/6405270 (6.74445%)
entry 437000/6405270 (6.82251%)
entry 438000/6405270 (6.83812%)
entry 439000/6405270 (6.85373%)
entry 446000/6405270 (6.96302%)
entry 448000/6405270 (6.99424%)
entry 450000/6405270 (7.02546%)
entry 453000/6405270 (7.0723%)
entry 454000/6405270 (7.08791%)
entry 461000/6405270 (7.1972%)
entry 463000/6405270 (7.22842%)
entry 465000/6405270 (7.25965%)
entry 466000/6405270 (7.27526%)
entry 470000/6405270 (7.33771%)
entry 471000/6405270 (7.35332%)
entry 473000/6405270 (7.38454%)
entry 475000/6405270 (7.41577%)
entry 480000/6405270 (7.49383%)
entry 481000/6405270 (7.50944%)
entry 482000/6405270 (7.52505%)
entry 484000/6405270 (7.55628%)
entry 486000/6405270 (7.5875%)
entry 489000/6405270 (7.63434%)
entry 497000/6405270 (7.75924%)
entry 499000/6405270 (7.79046%)
entry 506000/6405270 (7.89974%)
entry 508000/6405270 (7.93097%)
entry 509000/6405270 (7.94658%)
entry 510000/6405270 (7.96219%)
entry 515000/6405270 (8.04025%)
entry 516000/6405270 (8.05587%)
entry 520000/6405270 (8.11832%)
entry 522000/6405270 (8.14954%)
entry 523000/6405270 (8.16515%)
entry 524000/6405270 (8.18076%)
entry 532000/6405270 (8.30566%)
entry 538000/6405270 (8.39933%)
entry 543000/6405270 (8.47739%)
entry 546000/6405270 (8.52423%)
entry 550000/6405270 (8.58668%)
entry 557000/6405270 (8.69596%)
entry 559000/6405270 (8.72719%)
entry 564000/6405270 (8.80525%)
entry 569000/6405270 (8.88331%)
entry 576000/6405270 (8.9926%)
entry 578000/6405270 (9.02382%)
entry 579000/6405270 (9.03943%)
entry 581000/6405270 (9.07066%)
entry 583000/6405270 (9.10188%)
entry 584000/6405270 (9.11749%)
entry 592000/6405270 (9.24239%)
entry 597000/6405270 (9.32045%)
entry 598000/6405270 (9.33606%)
entry 602000/6405270 (9.39851%)
entry 603000/6405270 (9.41412%)
entry 606000/6405270 (9.46096%)
entry 608000/6405270 (9.49218%)
entry 612000/6405270 (9.55463%)
entry 614000/6405270 (9.58586%)
entry 615000/6405270 (9.60147%)
entry 616000/6405270 (9.61708%)
entry 619000/6405270 (9.66392%)
entry 621000/6405270 (9.69514%)
entry 623000/6405270 (9.72637%)
entry 629000/6405270 (9.82004%)
entry 630000/6405270 (9.83565%)
entry 631000/6405270 (9.85126%)
entry 632000/6405270 (9.86688%)
entry 633000/6405270 (9.88249%)
entry 635000/6405270 (9.91371%)
entry 643000/6405270 (10.0386%)
entry 648000/6405270 (10.1167%)
entry 654000/6405270 (10.2103%)
entry 655000/6405270 (10.226%)
entry 659000/6405270 (10.2884%)
entry 664000/6405270 (10.3665%)
entry 673000/6405270 (10.507%)
entry 675000/6405270 (10.5382%)
entry 676000/6405270 (10.5538%)
entry 681000/6405270 (10.6319%)
entry 683000/6405270 (10.6631%)
entry 685000/6405270 (10.6943%)
entry 687000/6405270 (10.7255%)
entry 688000/6405270 (10.7412%)
entry 689000/6405270 (10.7568%)
entry 697000/6405270 (10.8817%)
entry 703000/6405270 (10.9753%)
entry 705000/6405270 (11.0066%)
entry 709000/6405270 (11.069%)
entry 710000/6405270 (11.0846%)
entry 717000/6405270 (11.1939%)
entry 718000/6405270 (11.2095%)
entry 721000/6405270 (11.2564%)
entry 724000/6405270 (11.3032%)
entry 732000/6405270 (11.4281%)
entry 733000/6405270 (11.4437%)
entry 737000/6405270 (11.5062%)
entry 738000/6405270 (11.5218%)
entry 739000/6405270 (11.5374%)
entry 740000/6405270 (11.553%)
entry 744000/6405270 (11.6154%)
entry 746000/6405270 (11.6467%)
entry 747000/6405270 (11.6623%)
entry 749000/6405270 (11.6935%)
entry 751000/6405270 (11.7247%)
entry 759000/6405270 (11.8496%)
entry 763000/6405270 (11.9121%)
entry 765000/6405270 (11.9433%)
entry 769000/6405270 (12.0057%)
entry 773000/6405270 (12.0682%)
entry 782000/6405270 (12.2087%)
entry 785000/6405270 (12.2555%)
entry 788000/6405270 (12.3024%)
entry 789000/6405270 (12.318%)
entry 790000/6405270 (12.3336%)
entry 791000/6405270 (12.3492%)
entry 798000/6405270 (12.4585%)
entry 801000/6405270 (12.5053%)
entry 802000/6405270 (12.5209%)
entry 805000/6405270 (12.5678%)
entry 808000/6405270 (12.6146%)
entry 811000/6405270 (12.6614%)
entry 814000/6405270 (12.7083%)
entry 819000/6405270 (12.7863%)
entry 822000/6405270 (12.8332%)
entry 829000/6405270 (12.9425%)
entry 832000/6405270 (12.9893%)
entry 833000/6405270 (13.0049%)
entry 834000/6405270 (13.0205%)
entry 836000/6405270 (13.0518%)
entry 837000/6405270 (13.0674%)
entry 839000/6405270 (13.0986%)
entry 840000/6405270 (13.1142%)
entry 844000/6405270 (13.1766%)
entry 846000/6405270 (13.2079%)
entry 847000/6405270 (13.2235%)
entry 848000/6405270 (13.2391%)
entry 850000/6405270 (13.2703%)
entry 852000/6405270 (13.3015%)
entry 856000/6405270 (13.364%)
entry 859000/6405270 (13.4108%)
entry 860000/6405270 (13.4264%)
entry 864000/6405270 (13.4889%)
entry 865000/6405270 (13.5045%)
entry 866000/6405270 (13.5201%)
entry 867000/6405270 (13.5357%)
entry 872000/6405270 (13.6138%)
entry 873000/6405270 (13.6294%)
entry 878000/6405270 (13.7075%)
entry 879000/6405270 (13.7231%)
entry 880000/6405270 (13.7387%)
entry 883000/6405270 (13.7855%)
entry 886000/6405270 (13.8324%)
entry 890000/6405270 (13.8948%)
entry 891000/6405270 (13.9104%)
entry 893000/6405270 (13.9416%)
entry 895000/6405270 (13.9729%)
entry 897000/6405270 (14.0041%)
entry 898000/6405270 (14.0197%)
entry 899000/6405270 (14.0353%)
entry 908000/6405270 (14.1758%)
entry 913000/6405270 (14.2539%)
entry 914000/6405270 (14.2695%)
entry 917000/6405270 (14.3163%)
entry 920000/6405270 (14.3632%)
entry 923000/6405270 (14.41%)
entry 926000/6405270 (14.4568%)
entry 928000/6405270 (14.4881%)
entry 934000/6405270 (14.5817%)
entry 936000/6405270 (14.613%)
entry 944000/6405270 (14.7379%)
entry 945000/6405270 (14.7535%)
entry 946000/6405270 (14.7691%)
entry 949000/6405270 (14.8159%)
entry 953000/6405270 (14.8784%)
entry 957000/6405270 (14.9408%)
entry 960000/6405270 (14.9877%)
entry 965000/6405270 (15.0657%)
entry 966000/6405270 (15.0813%)
entry 967000/6405270 (15.0969%)
entry 969000/6405270 (15.1282%)
entry 974000/6405270 (15.2062%)
entry 975000/6405270 (15.2218%)
entry 977000/6405270 (15.2531%)
entry 981000/6405270 (15.3155%)
entry 982000/6405270 (15.3311%)
entry 984000/6405270 (15.3624%)
entry 991000/6405270 (15.4716%)
entry 998000/6405270 (15.5809%)
entry 1001000/6405270 (15.6278%)
entry 1002000/6405270 (15.6434%)
entry 1004000/6405270 (15.6746%)
entry 1005000/6405270 (15.6902%)
entry 1008000/6405270 (15.737%)
entry 1009000/6405270 (15.7527%)
entry 1011000/6405270 (15.7839%)
entry 1012000/6405270 (15.7995%)
entry 1013000/6405270 (15.8151%)
entry 1014000/6405270 (15.8307%)
entry 1017000/6405270 (15.8776%)
entry 1018000/6405270 (15.8932%)
entry 1020000/6405270 (15.9244%)
entry 1022000/6405270 (15.9556%)
entry 1027000/6405270 (16.0337%)
entry 1030000/6405270 (16.0805%)
entry 1036000/6405270 (16.1742%)
entry 1037000/6405270 (16.1898%)
entry 1041000/6405270 (16.2522%)
entry 1045000/6405270 (16.3147%)
entry 1047000/6405270 (16.3459%)
entry 1049000/6405270 (16.3771%)
entry 1050000/6405270 (16.3928%)
entry 1052000/6405270 (16.424%)
entry 1053000/6405270 (16.4396%)
entry 1060000/6405270 (16.5489%)
entry 1063000/6405270 (16.5957%)
entry 1067000/6405270 (16.6582%)
entry 1068000/6405270 (16.6738%)
entry 1071000/6405270 (16.7206%)
entry 1072000/6405270 (16.7362%)
entry 1077000/6405270 (16.8143%)
entry 1078000/6405270 (16.8299%)
entry 1083000/6405270 (16.908%)
entry 1086000/6405270 (16.9548%)
entry 1089000/6405270 (17.0016%)
entry 1092000/6405270 (17.0485%)
entry 1093000/6405270 (17.0641%)
entry 1097000/6405270 (17.1265%)
entry 1098000/6405270 (17.1421%)
entry 1102000/6405270 (17.2046%)
entry 1106000/6405270 (17.267%)
entry 1111000/6405270 (17.3451%)
entry 1113000/6405270 (17.3763%)
entry 1114000/6405270 (17.3919%)
entry 1118000/6405270 (17.4544%)
entry 1130000/6405270 (17.6417%)
entry 1131000/6405270 (17.6573%)
entry 1134000/6405270 (17.7042%)
entry 1135000/6405270 (17.7198%)
entry 1136000/6405270 (17.7354%)
entry 1141000/6405270 (17.8135%)
entry 1143000/6405270 (17.8447%)
entry 1145000/6405270 (17.8759%)
entry 1146000/6405270 (17.8915%)
entry 1147000/6405270 (17.9071%)
entry 1148000/6405270 (17.9227%)
entry 1153000/6405270 (18.0008%)
entry 1157000/6405270 (18.0633%)
entry 1159000/6405270 (18.0945%)
entry 1160000/6405270 (18.1101%)
entry 1161000/6405270 (18.1257%)
entry 1166000/6405270 (18.2038%)
entry 1167000/6405270 (18.2194%)
entry 1169000/6405270 (18.2506%)
entry 1171000/6405270 (18.2818%)
entry 1172000/6405270 (18.2974%)
entry 1173000/6405270 (18.313%)
entry 1176000/6405270 (18.3599%)
entry 1178000/6405270 (18.3911%)
entry 1179000/6405270 (18.4067%)
entry 1180000/6405270 (18.4223%)
entry 1181000/6405270 (18.4379%)
entry 1185000/6405270 (18.5004%)
entry 1186000/6405270 (18.516%)
entry 1187000/6405270 (18.5316%)
entry 1192000/6405270 (18.6097%)
entry 1199000/6405270 (18.719%)
entry 1202000/6405270 (18.7658%)
entry 1205000/6405270 (18.8126%)
entry 1206000/6405270 (18.8282%)
entry 1207000/6405270 (18.8439%)
entry 1218000/6405270 (19.0156%)
entry 1220000/6405270 (19.0468%)
entry 1228000/6405270 (19.1717%)
entry 1232000/6405270 (19.2342%)
entry 1233000/6405270 (19.2498%)
entry 1237000/6405270 (19.3122%)
entry 1241000/6405270 (19.3747%)
entry 1244000/6405270 (19.4215%)
entry 1248000/6405270 (19.484%)
entry 1250000/6405270 (19.5152%)
entry 1252000/6405270 (19.5464%)
entry 1257000/6405270 (19.6245%)
entry 1259000/6405270 (19.6557%)
entry 1265000/6405270 (19.7494%)
entry 1268000/6405270 (19.7962%)
entry 1270000/6405270 (19.8274%)
entry 1272000/6405270 (19.8586%)
entry 1276000/6405270 (19.9211%)
entry 1279000/6405270 (19.9679%)
entry 1285000/6405270 (20.0616%)
entry 1286000/6405270 (20.0772%)
entry 1287000/6405270 (20.0928%)
entry 1288000/6405270 (20.1084%)
entry 1292000/6405270 (20.1709%)
entry 1293000/6405270 (20.1865%)
entry 1294000/6405270 (20.2021%)
entry 1303000/6405270 (20.3426%)
entry 1306000/6405270 (20.3895%)
entry 1307000/6405270 (20.4051%)
entry 1308000/6405270 (20.4207%)
entry 1314000/6405270 (20.5144%)
entry 1315000/6405270 (20.53%)
entry 1318000/6405270 (20.5768%)
entry 1325000/6405270 (20.6861%)
entry 1326000/6405270 (20.7017%)
entry 1335000/6405270 (20.8422%)
entry 1338000/6405270 (20.889%)
entry 1339000/6405270 (20.9047%)
entry 1344000/6405270 (20.9827%)
entry 1345000/6405270 (20.9983%)
entry 1347000/6405270 (21.0296%)
entry 1349000/6405270 (21.0608%)
entry 1351000/6405270 (21.092%)
entry 1352000/6405270 (21.1076%)
entry 1353000/6405270 (21.1232%)
entry 1355000/6405270 (21.1545%)
entry 1356000/6405270 (21.1701%)
entry 1357000/6405270 (21.1857%)
entry 1358000/6405270 (21.2013%)
entry 1359000/6405270 (21.2169%)
entry 1362000/6405270 (21.2637%)
entry 1365000/6405270 (21.3106%)
entry 1367000/6405270 (21.3418%)
entry 1374000/6405270 (21.4511%)
entry 1375000/6405270 (21.4667%)
entry 1378000/6405270 (21.5135%)
entry 1380000/6405270 (21.5448%)
entry 1386000/6405270 (21.6384%)
entry 1388000/6405270 (21.6697%)
entry 1392000/6405270 (21.7321%)
entry 1400000/6405270 (21.857%)
entry 1405000/6405270 (21.9351%)
entry 1407000/6405270 (21.9663%)
entry 1409000/6405270 (21.9975%)
entry 1410000/6405270 (22.0131%)
entry 1412000/6405270 (22.0443%)
entry 1419000/6405270 (22.1536%)
entry 1420000/6405270 (22.1692%)
entry 1421000/6405270 (22.1849%)
entry 1425000/6405270 (22.2473%)
entry 1426000/6405270 (22.2629%)
entry 1428000/6405270 (22.2941%)
entry 1430000/6405270 (22.3254%)
entry 1433000/6405270 (22.3722%)
entry 1434000/6405270 (22.3878%)
entry 1439000/6405270 (22.4659%)
entry 1441000/6405270 (22.4971%)
entry 1442000/6405270 (22.5127%)
entry 1443000/6405270 (22.5283%)
entry 1447000/6405270 (22.5908%)
entry 1449000/6405270 (22.622%)
entry 1453000/6405270 (22.6844%)
entry 1454000/6405270 (22.7001%)
entry 1455000/6405270 (22.7157%)
entry 1456000/6405270 (22.7313%)
entry 1457000/6405270 (22.7469%)
entry 1458000/6405270 (22.7625%)
entry 1460000/6405270 (22.7937%)
entry 1469000/6405270 (22.9342%)
entry 1470000/6405270 (22.9499%)
entry 1472000/6405270 (22.9811%)
entry 1476000/6405270 (23.0435%)
entry 1488000/6405270 (23.2309%)
entry 1490000/6405270 (23.2621%)
entry 1491000/6405270 (23.2777%)
entry 1492000/6405270 (23.2933%)
entry 1493000/6405270 (23.3089%)
entry 1495000/6405270 (23.3402%)
entry 1500000/6405270 (23.4182%)
entry 1502000/6405270 (23.4494%)
entry 1504000/6405270 (23.4807%)
entry 1505000/6405270 (23.4963%)
entry 1507000/6405270 (23.5275%)
entry 1508000/6405270 (23.5431%)
entry 1509000/6405270 (23.5587%)
entry 1510000/6405270 (23.5743%)
entry 1511000/6405270 (23.59%)
entry 1513000/6405270 (23.6212%)
entry 1514000/6405270 (23.6368%)
entry 1524000/6405270 (23.7929%)
entry 1529000/6405270 (23.871%)
entry 1530000/6405270 (23.8866%)
entry 1532000/6405270 (23.9178%)
entry 1538000/6405270 (24.0115%)
entry 1539000/6405270 (24.0271%)
entry 1541000/6405270 (24.0583%)
entry 1546000/6405270 (24.1364%)
entry 1547000/6405270 (24.152%)
entry 1548000/6405270 (24.1676%)
entry 1549000/6405270 (24.1832%)
entry 1551000/6405270 (24.2144%)
entry 1557000/6405270 (24.3081%)
entry 1558000/6405270 (24.3237%)
entry 1559000/6405270 (24.3393%)
entry 1560000/6405270 (24.3549%)
entry 1562000/6405270 (24.3862%)
entry 1563000/6405270 (24.4018%)
entry 1564000/6405270 (24.4174%)
entry 1566000/6405270 (24.4486%)
entry 1568000/6405270 (24.4798%)
entry 1573000/6405270 (24.5579%)
entry 1576000/6405270 (24.6047%)
entry 1578000/6405270 (24.636%)
entry 1588000/6405270 (24.7921%)
entry 1589000/6405270 (24.8077%)
entry 1593000/6405270 (24.8701%)
entry 1594000/6405270 (24.8858%)
entry 1596000/6405270 (24.917%)
entry 1598000/6405270 (24.9482%)
entry 1599000/6405270 (24.9638%)
entry 1609000/6405270 (25.1199%)
entry 1610000/6405270 (25.1356%)
entry 1611000/6405270 (25.1512%)
entry 1617000/6405270 (25.2448%)
entry 1618000/6405270 (25.2604%)
entry 1621000/6405270 (25.3073%)
entry 1623000/6405270 (25.3385%)
entry 1626000/6405270 (25.3853%)
entry 1629000/6405270 (25.4322%)
entry 1630000/6405270 (25.4478%)
entry 1633000/6405270 (25.4946%)
entry 1634000/6405270 (25.5102%)
entry 1639000/6405270 (25.5883%)
entry 1646000/6405270 (25.6976%)
entry 1653000/6405270 (25.8069%)
entry 1657000/6405270 (25.8693%)
entry 1658000/6405270 (25.8849%)
entry 1659000/6405270 (25.9005%)
entry 1663000/6405270 (25.963%)
entry 1665000/6405270 (25.9942%)
entry 1667000/6405270 (26.0254%)
entry 1671000/6405270 (26.0879%)
entry 1672000/6405270 (26.1035%)
entry 1673000/6405270 (26.1191%)
entry 1675000/6405270 (26.1503%)
entry 1676000/6405270 (26.166%)
entry 1677000/6405270 (26.1816%)
entry 1682000/6405270 (26.2596%)
entry 1687000/6405270 (26.3377%)
entry 1696000/6405270 (26.4782%)
entry 1698000/6405270 (26.5094%)
entry 1703000/6405270 (26.5875%)
entry 1709000/6405270 (26.6812%)
entry 1710000/6405270 (26.6968%)
entry 1721000/6405270 (26.8685%)
entry 1722000/6405270 (26.8841%)
entry 1724000/6405270 (26.9153%)
entry 1725000/6405270 (26.9309%)
entry 1726000/6405270 (26.9466%)
entry 1728000/6405270 (26.9778%)
entry 1732000/6405270 (27.0402%)
entry 1736000/6405270 (27.1027%)
entry 1740000/6405270 (27.1651%)
entry 1745000/6405270 (27.2432%)
entry 1746000/6405270 (27.2588%)
entry 1753000/6405270 (27.3681%)
entry 1754000/6405270 (27.3837%)
entry 1755000/6405270 (27.3993%)
entry 1756000/6405270 (27.4149%)
entry 1761000/6405270 (27.493%)
entry 1766000/6405270 (27.571%)
entry 1769000/6405270 (27.6179%)
entry 1772000/6405270 (27.6647%)
entry 1773000/6405270 (27.6803%)
entry 1774000/6405270 (27.6959%)
entry 1777000/6405270 (27.7428%)
entry 1781000/6405270 (27.8052%)
entry 1783000/6405270 (27.8365%)
entry 1784000/6405270 (27.8521%)
entry 1787000/6405270 (27.8989%)
entry 1788000/6405270 (27.9145%)
entry 1789000/6405270 (27.9301%)
entry 1792000/6405270 (27.977%)
entry 1798000/6405270 (28.0706%)
entry 1801000/6405270 (28.1175%)
entry 1802000/6405270 (28.1331%)
entry 1807000/6405270 (28.2111%)
entry 1808000/6405270 (28.2268%)
entry 1815000/6405270 (28.336%)
entry 1816000/6405270 (28.3517%)
entry 1818000/6405270 (28.3829%)
entry 1823000/6405270 (28.4609%)
entry 1826000/6405270 (28.5078%)
entry 1828000/6405270 (28.539%)
entry 1834000/6405270 (28.6327%)
entry 1838000/6405270 (28.6951%)
entry 1844000/6405270 (28.7888%)
entry 1846000/6405270 (28.82%)
entry 1851000/6405270 (28.8981%)
entry 1853000/6405270 (28.9293%)
entry 1854000/6405270 (28.9449%)
entry 1859000/6405270 (29.023%)
entry 1860000/6405270 (29.0386%)
entry 1864000/6405270 (29.101%)
entry 1868000/6405270 (29.1635%)
entry 1876000/6405270 (29.2884%)
entry 1884000/6405270 (29.4133%)
entry 1894000/6405270 (29.5694%)
entry 1897000/6405270 (29.6162%)
entry 1898000/6405270 (29.6319%)
entry 1899000/6405270 (29.6475%)
entry 1904000/6405270 (29.7255%)
entry 1905000/6405270 (29.7411%)
entry 1909000/6405270 (29.8036%)
entry 1912000/6405270 (29.8504%)
entry 1914000/6405270 (29.8816%)
entry 1917000/6405270 (29.9285%)
entry 1919000/6405270 (29.9597%)
entry 1920000/6405270 (29.9753%)
entry 1925000/6405270 (30.0534%)
entry 1927000/6405270 (30.0846%)
entry 1935000/6405270 (30.2095%)
entry 1936000/6405270 (30.2251%)
entry 1940000/6405270 (30.2876%)
entry 1942000/6405270 (30.3188%)
entry 1946000/6405270 (30.3812%)
entry 1947000/6405270 (30.3968%)
entry 1948000/6405270 (30.4125%)
entry 1949000/6405270 (30.4281%)
entry 1950000/6405270 (30.4437%)
entry 1952000/6405270 (30.4749%)
entry 1958000/6405270 (30.5686%)
entry 1978000/6405270 (30.8808%)
entry 1988000/6405270 (31.0369%)
entry 1990000/6405270 (31.0682%)
entry 1995000/6405270 (31.1462%)
entry 2000000/6405270 (31.2243%)
entry 2003000/6405270 (31.2711%)
entry 2008000/6405270 (31.3492%)
entry 2013000/6405270 (31.4272%)
entry 2014000/6405270 (31.4429%)
entry 2020000/6405270 (31.5365%)
entry 2021000/6405270 (31.5521%)
entry 2023000/6405270 (31.5834%)
entry 2028000/6405270 (31.6614%)
entry 2030000/6405270 (31.6927%)
entry 2031000/6405270 (31.7083%)
entry 2037000/6405270 (31.8019%)
entry 2040000/6405270 (31.8488%)
entry 2046000/6405270 (31.9424%)
entry 2049000/6405270 (31.9893%)
entry 2052000/6405270 (32.0361%)
entry 2055000/6405270 (32.083%)
entry 2057000/6405270 (32.1142%)
entry 2059000/6405270 (32.1454%)
entry 2060000/6405270 (32.161%)
entry 2062000/6405270 (32.1922%)
entry 2064000/6405270 (32.2235%)
entry 2066000/6405270 (32.2547%)
entry 2070000/6405270 (32.3171%)
entry 2072000/6405270 (32.3484%)
entry 2074000/6405270 (32.3796%)
entry 2075000/6405270 (32.3952%)
entry 2078000/6405270 (32.442%)
entry 2081000/6405270 (32.4889%)
entry 2082000/6405270 (32.5045%)
entry 2084000/6405270 (32.5357%)
entry 2085000/6405270 (32.5513%)
entry 2088000/6405270 (32.5982%)
entry 2091000/6405270 (32.645%)
entry 2092000/6405270 (32.6606%)
entry 2094000/6405270 (32.6918%)
entry 2096000/6405270 (32.7231%)
entry 2100000/6405270 (32.7855%)
entry 2101000/6405270 (32.8011%)
entry 2102000/6405270 (32.8167%)
entry 2103000/6405270 (32.8323%)
entry 2104000/6405270 (32.848%)
entry 2106000/6405270 (32.8792%)
entry 2107000/6405270 (32.8948%)
entry 2111000/6405270 (32.9572%)
entry 2114000/6405270 (33.0041%)
entry 2120000/6405270 (33.0977%)
entry 2121000/6405270 (33.1134%)
entry 2123000/6405270 (33.1446%)
entry 2124000/6405270 (33.1602%)
entry 2127000/6405270 (33.207%)
entry 2131000/6405270 (33.2695%)
entry 2136000/6405270 (33.3475%)
entry 2138000/6405270 (33.3788%)
entry 2139000/6405270 (33.3944%)
entry 2145000/6405270 (33.4881%)
entry 2146000/6405270 (33.5037%)
entry 2147000/6405270 (33.5193%)
entry 2151000/6405270 (33.5817%)
entry 2154000/6405270 (33.6286%)
entry 2155000/6405270 (33.6442%)
entry 2158000/6405270 (33.691%)
entry 2159000/6405270 (33.7066%)
entry 2168000/6405270 (33.8471%)
entry 2169000/6405270 (33.8627%)
entry 2172000/6405270 (33.9096%)
entry 2175000/6405270 (33.9564%)
entry 2177000/6405270 (33.9876%)
entry 2180000/6405270 (34.0345%)
entry 2183000/6405270 (34.0813%)
entry 2184000/6405270 (34.0969%)
entry 2187000/6405270 (34.1438%)
entry 2194000/6405270 (34.253%)
entry 2197000/6405270 (34.2999%)
entry 2202000/6405270 (34.3779%)
entry 2205000/6405270 (34.4248%)
entry 2206000/6405270 (34.4404%)
entry 2207000/6405270 (34.456%)
entry 2208000/6405270 (34.4716%)
entry 2213000/6405270 (34.5497%)
entry 2215000/6405270 (34.5809%)
entry 2217000/6405270 (34.6121%)
entry 2221000/6405270 (34.6746%)
entry 2226000/6405270 (34.7526%)
entry 2227000/6405270 (34.7682%)
entry 2228000/6405270 (34.7839%)
entry 2230000/6405270 (34.8151%)
entry 2233000/6405270 (34.8619%)
entry 2240000/6405270 (34.9712%)
entry 2241000/6405270 (34.9868%)
entry 2247000/6405270 (35.0805%)
entry 2248000/6405270 (35.0961%)
entry 2250000/6405270 (35.1273%)
entry 2251000/6405270 (35.1429%)
entry 2253000/6405270 (35.1742%)
entry 2254000/6405270 (35.1898%)
entry 2255000/6405270 (35.2054%)
entry 2256000/6405270 (35.221%)
entry 2258000/6405270 (35.2522%)
entry 2261000/6405270 (35.2991%)
entry 2264000/6405270 (35.3459%)
entry 2267000/6405270 (35.3927%)
entry 2268000/6405270 (35.4083%)
entry 2270000/6405270 (35.4396%)
entry 2271000/6405270 (35.4552%)
entry 2272000/6405270 (35.4708%)
entry 2276000/6405270 (35.5332%)
entry 2279000/6405270 (35.5801%)
entry 2285000/6405270 (35.6737%)
entry 2287000/6405270 (35.705%)
entry 2291000/6405270 (35.7674%)
entry 2293000/6405270 (35.7986%)
entry 2298000/6405270 (35.8767%)
entry 2299000/6405270 (35.8923%)
entry 2302000/6405270 (35.9392%)
entry 2304000/6405270 (35.9704%)
entry 2305000/6405270 (35.986%)
entry 2307000/6405270 (36.0172%)
entry 2308000/6405270 (36.0328%)
entry 2310000/6405270 (36.0641%)
entry 2311000/6405270 (36.0797%)
entry 2312000/6405270 (36.0953%)
entry 2313000/6405270 (36.1109%)
entry 2314000/6405270 (36.1265%)
entry 2316000/6405270 (36.1577%)
entry 2320000/6405270 (36.2202%)
entry 2326000/6405270 (36.3138%)
entry 2328000/6405270 (36.3451%)
entry 2329000/6405270 (36.3607%)
entry 2334000/6405270 (36.4387%)
entry 2335000/6405270 (36.4544%)
entry 2336000/6405270 (36.47%)
entry 2338000/6405270 (36.5012%)
entry 2339000/6405270 (36.5168%)
entry 2341000/6405270 (36.548%)
entry 2343000/6405270 (36.5793%)
entry 2346000/6405270 (36.6261%)
entry 2354000/6405270 (36.751%)
entry 2361000/6405270 (36.8603%)
entry 2362000/6405270 (36.8759%)
entry 2364000/6405270 (36.9071%)
entry 2370000/6405270 (37.0008%)
entry 2371000/6405270 (37.0164%)
entry 2372000/6405270 (37.032%)
entry 2374000/6405270 (37.0632%)
entry 2375000/6405270 (37.0788%)
entry 2376000/6405270 (37.0945%)
entry 2379000/6405270 (37.1413%)
entry 2380000/6405270 (37.1569%)
entry 2382000/6405270 (37.1881%)
entry 2383000/6405270 (37.2037%)
entry 2385000/6405270 (37.235%)
entry 2386000/6405270 (37.2506%)
entry 2387000/6405270 (37.2662%)
entry 2393000/6405270 (37.3599%)
entry 2395000/6405270 (37.3911%)
entry 2400000/6405270 (37.4691%)
entry 2402000/6405270 (37.5004%)
entry 2404000/6405270 (37.5316%)
entry 2405000/6405270 (37.5472%)
entry 2406000/6405270 (37.5628%)
entry 2417000/6405270 (37.7346%)
entry 2420000/6405270 (37.7814%)
entry 2422000/6405270 (37.8126%)
entry 2423000/6405270 (37.8282%)
entry 2426000/6405270 (37.8751%)
entry 2436000/6405270 (38.0312%)
entry 2440000/6405270 (38.0936%)
entry 2441000/6405270 (38.1092%)
entry 2444000/6405270 (38.1561%)
entry 2448000/6405270 (38.2185%)
entry 2453000/6405270 (38.2966%)
entry 2455000/6405270 (38.3278%)
entry 2460000/6405270 (38.4059%)
entry 2462000/6405270 (38.4371%)
entry 2463000/6405270 (38.4527%)
entry 2465000/6405270 (38.4839%)
entry 2466000/6405270 (38.4995%)
entry 2468000/6405270 (38.5308%)
entry 2469000/6405270 (38.5464%)
entry 2470000/6405270 (38.562%)
entry 2475000/6405270 (38.6401%)
entry 2476000/6405270 (38.6557%)
entry 2477000/6405270 (38.6713%)
entry 2479000/6405270 (38.7025%)
entry 2480000/6405270 (38.7181%)
entry 2483000/6405270 (38.765%)
entry 2485000/6405270 (38.7962%)
entry 2486000/6405270 (38.8118%)
entry 2487000/6405270 (38.8274%)
entry 2489000/6405270 (38.8586%)
entry 2496000/6405270 (38.9679%)
entry 2498000/6405270 (38.9991%)
entry 2501000/6405270 (39.046%)
entry 2502000/6405270 (39.0616%)
entry 2508000/6405270 (39.1553%)
entry 2510000/6405270 (39.1865%)
entry 2511000/6405270 (39.2021%)
entry 2518000/6405270 (39.3114%)
entry 2524000/6405270 (39.4051%)
entry 2525000/6405270 (39.4207%)
entry 2530000/6405270 (39.4987%)
entry 2531000/6405270 (39.5143%)
entry 2535000/6405270 (39.5768%)
entry 2536000/6405270 (39.5924%)
entry 2537000/6405270 (39.608%)
entry 2538000/6405270 (39.6236%)
entry 2541000/6405270 (39.6705%)
entry 2542000/6405270 (39.6861%)
entry 2543000/6405270 (39.7017%)
entry 2544000/6405270 (39.7173%)
entry 2552000/6405270 (39.8422%)
entry 2556000/6405270 (39.9046%)
entry 2557000/6405270 (39.9203%)
entry 2558000/6405270 (39.9359%)
entry 2559000/6405270 (39.9515%)
entry 2560000/6405270 (39.9671%)
entry 2566000/6405270 (40.0608%)
entry 2567000/6405270 (40.0764%)
entry 2568000/6405270 (40.092%)
entry 2570000/6405270 (40.1232%)
entry 2577000/6405270 (40.2325%)
entry 2579000/6405270 (40.2637%)
entry 2584000/6405270 (40.3418%)
entry 2586000/6405270 (40.373%)
entry 2592000/6405270 (40.4667%)
entry 2595000/6405270 (40.5135%)
entry 2596000/6405270 (40.5291%)
entry 2600000/6405270 (40.5916%)
entry 2603000/6405270 (40.6384%)
entry 2604000/6405270 (40.654%)
entry 2605000/6405270 (40.6696%)
entry 2608000/6405270 (40.7165%)
entry 2615000/6405270 (40.8258%)
entry 2617000/6405270 (40.857%)
entry 2620000/6405270 (40.9038%)
entry 2622000/6405270 (40.935%)
entry 2630000/6405270 (41.0599%)
entry 2633000/6405270 (41.1068%)
entry 2634000/6405270 (41.1224%)
entry 2641000/6405270 (41.2317%)
entry 2644000/6405270 (41.2785%)
entry 2646000/6405270 (41.3097%)
entry 2647000/6405270 (41.3253%)
entry 2649000/6405270 (41.3566%)
entry 2652000/6405270 (41.4034%)
entry 2653000/6405270 (41.419%)
entry 2654000/6405270 (41.4346%)
entry 2655000/6405270 (41.4502%)
entry 2656000/6405270 (41.4659%)
entry 2658000/6405270 (41.4971%)
entry 2662000/6405270 (41.5595%)
entry 2664000/6405270 (41.5908%)
entry 2665000/6405270 (41.6064%)
entry 2671000/6405270 (41.7%)
entry 2672000/6405270 (41.7156%)
entry 2675000/6405270 (41.7625%)
entry 2676000/6405270 (41.7781%)
entry 2680000/6405270 (41.8405%)
entry 2681000/6405270 (41.8562%)
entry 2682000/6405270 (41.8718%)
entry 2683000/6405270 (41.8874%)
entry 2685000/6405270 (41.9186%)
entry 2689000/6405270 (41.9811%)
entry 2690000/6405270 (41.9967%)
entry 2695000/6405270 (42.0747%)
entry 2696000/6405270 (42.0903%)
entry 2698000/6405270 (42.1216%)
entry 2699000/6405270 (42.1372%)
entry 2705000/6405270 (42.2309%)
entry 2706000/6405270 (42.2465%)
entry 2713000/6405270 (42.3557%)
entry 2716000/6405270 (42.4026%)
entry 2717000/6405270 (42.4182%)
entry 2718000/6405270 (42.4338%)
entry 2720000/6405270 (42.465%)
entry 2721000/6405270 (42.4806%)
entry 2722000/6405270 (42.4963%)
entry 2727000/6405270 (42.5743%)
entry 2729000/6405270 (42.6055%)
entry 2732000/6405270 (42.6524%)
entry 2737000/6405270 (42.7304%)
entry 2741000/6405270 (42.7929%)
entry 2746000/6405270 (42.8709%)
entry 2750000/6405270 (42.9334%)
entry 2753000/6405270 (42.9802%)
entry 2758000/6405270 (43.0583%)
entry 2760000/6405270 (43.0895%)
entry 2765000/6405270 (43.1676%)
entry 2766000/6405270 (43.1832%)
entry 2768000/6405270 (43.2144%)
entry 2770000/6405270 (43.2456%)
entry 2778000/6405270 (43.3705%)
entry 2780000/6405270 (43.4018%)
entry 2783000/6405270 (43.4486%)
entry 2785000/6405270 (43.4798%)
entry 2789000/6405270 (43.5423%)
entry 2792000/6405270 (43.5891%)
entry 2793000/6405270 (43.6047%)
entry 2794000/6405270 (43.6203%)
entry 2795000/6405270 (43.6359%)
entry 2796000/6405270 (43.6516%)
entry 2799000/6405270 (43.6984%)
entry 2800000/6405270 (43.714%)
entry 2803000/6405270 (43.7608%)
entry 2809000/6405270 (43.8545%)
entry 2810000/6405270 (43.8701%)
entry 2811000/6405270 (43.8857%)
entry 2812000/6405270 (43.9014%)
entry 2818000/6405270 (43.995%)
entry 2821000/6405270 (44.0419%)
entry 2826000/6405270 (44.1199%)
entry 2832000/6405270 (44.2136%)
entry 2835000/6405270 (44.2604%)
entry 2838000/6405270 (44.3073%)
entry 2841000/6405270 (44.3541%)
entry 2847000/6405270 (44.4478%)
entry 2850000/6405270 (44.4946%)
entry 2854000/6405270 (44.5571%)
entry 2861000/6405270 (44.6663%)
entry 2864000/6405270 (44.7132%)
entry 2870000/6405270 (44.8069%)
entry 2871000/6405270 (44.8225%)
entry 2875000/6405270 (44.8849%)
entry 2880000/6405270 (44.963%)
entry 2881000/6405270 (44.9786%)
entry 2883000/6405270 (45.0098%)
entry 2890000/6405270 (45.1191%)
entry 2893000/6405270 (45.1659%)
entry 2895000/6405270 (45.1972%)
entry 2901000/6405270 (45.2908%)
entry 2902000/6405270 (45.3064%)
entry 2907000/6405270 (45.3845%)
entry 2909000/6405270 (45.4157%)
entry 2910000/6405270 (45.4313%)
entry 2914000/6405270 (45.4938%)
entry 2916000/6405270 (45.525%)
entry 2919000/6405270 (45.5718%)
entry 2922000/6405270 (45.6187%)
entry 2926000/6405270 (45.6811%)
entry 2941000/6405270 (45.9153%)
entry 2943000/6405270 (45.9465%)
entry 2945000/6405270 (45.9778%)
entry 2950000/6405270 (46.0558%)
entry 2951000/6405270 (46.0714%)
entry 2958000/6405270 (46.1807%)
entry 2960000/6405270 (46.2119%)
entry 2964000/6405270 (46.2744%)
entry 2966000/6405270 (46.3056%)
entry 2969000/6405270 (46.3525%)
entry 2974000/6405270 (46.4305%)
entry 2975000/6405270 (46.4461%)
entry 2979000/6405270 (46.5086%)
entry 2980000/6405270 (46.5242%)
entry 2982000/6405270 (46.5554%)
entry 2984000/6405270 (46.5866%)
entry 2988000/6405270 (46.6491%)
entry 2996000/6405270 (46.774%)
entry 2997000/6405270 (46.7896%)
entry 2999000/6405270 (46.8208%)
entry 3002000/6405270 (46.8677%)
entry 3004000/6405270 (46.8989%)
entry 3010000/6405270 (46.9926%)
entry 3012000/6405270 (47.0238%)
entry 3014000/6405270 (47.055%)
entry 3017000/6405270 (47.1018%)
entry 3024000/6405270 (47.2111%)
entry 3026000/6405270 (47.2423%)
entry 3027000/6405270 (47.258%)
entry 3028000/6405270 (47.2736%)
entry 3029000/6405270 (47.2892%)
entry 3030000/6405270 (47.3048%)
entry 3038000/6405270 (47.4297%)
entry 3041000/6405270 (47.4765%)
entry 3051000/6405270 (47.6327%)
entry 3055000/6405270 (47.6951%)
entry 3058000/6405270 (47.7419%)
entry 3059000/6405270 (47.7576%)
entry 3062000/6405270 (47.8044%)
entry 3065000/6405270 (47.8512%)
entry 3067000/6405270 (47.8824%)
entry 3068000/6405270 (47.8981%)
entry 3076000/6405270 (48.023%)
entry 3081000/6405270 (48.101%)
entry 3083000/6405270 (48.1322%)
entry 3084000/6405270 (48.1479%)
entry 3086000/6405270 (48.1791%)
entry 3091000/6405270 (48.2571%)
entry 3097000/6405270 (48.3508%)
entry 3099000/6405270 (48.382%)
entry 3105000/6405270 (48.4757%)
entry 3109000/6405270 (48.5382%)
entry 3113000/6405270 (48.6006%)
entry 3117000/6405270 (48.6631%)
entry 3118000/6405270 (48.6787%)
entry 3119000/6405270 (48.6943%)
entry 3120000/6405270 (48.7099%)
entry 3124000/6405270 (48.7723%)
entry 3125000/6405270 (48.788%)
entry 3126000/6405270 (48.8036%)
entry 3130000/6405270 (48.866%)
entry 3136000/6405270 (48.9597%)
entry 3138000/6405270 (48.9909%)
entry 3139000/6405270 (49.0065%)
entry 3140000/6405270 (49.0221%)
entry 3141000/6405270 (49.0377%)
entry 3142000/6405270 (49.0534%)
entry 3145000/6405270 (49.1002%)
entry 3151000/6405270 (49.1939%)
entry 3152000/6405270 (49.2095%)
entry 3153000/6405270 (49.2251%)
entry 3155000/6405270 (49.2563%)
entry 3156000/6405270 (49.2719%)
entry 3157000/6405270 (49.2875%)
entry 3158000/6405270 (49.3032%)
entry 3159000/6405270 (49.3188%)
entry 3161000/6405270 (49.35%)
entry 3163000/6405270 (49.3812%)
entry 3169000/6405270 (49.4749%)
entry 3177000/6405270 (49.5998%)
entry 3181000/6405270 (49.6622%)
entry 3182000/6405270 (49.6778%)
entry 3185000/6405270 (49.7247%)
entry 3191000/6405270 (49.8184%)
entry 3193000/6405270 (49.8496%)
entry 3194000/6405270 (49.8652%)
entry 3196000/6405270 (49.8964%)
entry 3199000/6405270 (49.9433%)
entry 3201000/6405270 (49.9745%)
entry 3203000/6405270 (50.0057%)
entry 3214000/6405270 (50.1774%)
entry 3217000/6405270 (50.2243%)
entry 3220000/6405270 (50.2711%)
entry 3221000/6405270 (50.2867%)
entry 3223000/6405270 (50.3179%)
entry 3229000/6405270 (50.4116%)
entry 3233000/6405270 (50.4741%)
entry 3237000/6405270 (50.5365%)
entry 3249000/6405270 (50.7239%)
entry 3251000/6405270 (50.7551%)
entry 3257000/6405270 (50.8488%)
entry 3262000/6405270 (50.9268%)
entry 3263000/6405270 (50.9424%)
entry 3266000/6405270 (50.9893%)
entry 3269000/6405270 (51.0361%)
entry 3273000/6405270 (51.0985%)
entry 3283000/6405270 (51.2547%)
entry 3287000/6405270 (51.3171%)
entry 3291000/6405270 (51.3796%)
entry 3292000/6405270 (51.3952%)
entry 3295000/6405270 (51.442%)
entry 3297000/6405270 (51.4732%)
entry 3300000/6405270 (51.5201%)
entry 3305000/6405270 (51.5981%)
entry 3308000/6405270 (51.645%)
entry 3316000/6405270 (51.7699%)
entry 3320000/6405270 (51.8323%)
entry 3323000/6405270 (51.8792%)
entry 3324000/6405270 (51.8948%)
entry 3325000/6405270 (51.9104%)
entry 3330000/6405270 (51.9884%)
entry 3331000/6405270 (52.0041%)
entry 3335000/6405270 (52.0665%)
entry 3338000/6405270 (52.1133%)
entry 3339000/6405270 (52.129%)
entry 3340000/6405270 (52.1446%)
entry 3352000/6405270 (52.3319%)
entry 3353000/6405270 (52.3475%)
entry 3356000/6405270 (52.3944%)
entry 3358000/6405270 (52.4256%)
entry 3360000/6405270 (52.4568%)
entry 3361000/6405270 (52.4724%)
entry 3363000/6405270 (52.5036%)
entry 3367000/6405270 (52.5661%)
entry 3373000/6405270 (52.6598%)
entry 3374000/6405270 (52.6754%)
entry 3375000/6405270 (52.691%)
entry 3376000/6405270 (52.7066%)
entry 3379000/6405270 (52.7534%)
entry 3381000/6405270 (52.7847%)
entry 3382000/6405270 (52.8003%)
entry 3384000/6405270 (52.8315%)
entry 3387000/6405270 (52.8783%)
entry 3388000/6405270 (52.8939%)
entry 3406000/6405270 (53.175%)
entry 3411000/6405270 (53.253%)
entry 3412000/6405270 (53.2686%)
entry 3417000/6405270 (53.3467%)
entry 3418000/6405270 (53.3623%)
entry 3422000/6405270 (53.4248%)
entry 3436000/6405270 (53.6433%)
entry 3437000/6405270 (53.6589%)
entry 3438000/6405270 (53.6746%)
entry 3445000/6405270 (53.7838%)
entry 3446000/6405270 (53.7995%)
entry 3448000/6405270 (53.8307%)
entry 3449000/6405270 (53.8463%)
entry 3450000/6405270 (53.8619%)
entry 3456000/6405270 (53.9556%)
entry 3460000/6405270 (54.018%)
entry 3461000/6405270 (54.0336%)
entry 3467000/6405270 (54.1273%)
entry 3468000/6405270 (54.1429%)
entry 3471000/6405270 (54.1898%)
entry 3475000/6405270 (54.2522%)
entry 3480000/6405270 (54.3303%)
entry 3483000/6405270 (54.3771%)
entry 3487000/6405270 (54.4395%)
entry 3488000/6405270 (54.4552%)
entry 3489000/6405270 (54.4708%)
entry 3493000/6405270 (54.5332%)
entry 3495000/6405270 (54.5644%)
entry 3497000/6405270 (54.5957%)
entry 3498000/6405270 (54.6113%)
entry 3506000/6405270 (54.7362%)
entry 3509000/6405270 (54.783%)
entry 3519000/6405270 (54.9391%)
entry 3523000/6405270 (55.0016%)
entry 3524000/6405270 (55.0172%)
entry 3527000/6405270 (55.064%)
entry 3529000/6405270 (55.0953%)
entry 3544000/6405270 (55.3294%)
entry 3546000/6405270 (55.3607%)
entry 3550000/6405270 (55.4231%)
entry 3552000/6405270 (55.4543%)
entry 3566000/6405270 (55.6729%)
entry 3569000/6405270 (55.7197%)
entry 3570000/6405270 (55.7354%)
entry 3572000/6405270 (55.7666%)
entry 3573000/6405270 (55.7822%)
entry 3575000/6405270 (55.8134%)
entry 3577000/6405270 (55.8446%)
entry 3579000/6405270 (55.8759%)
entry 3582000/6405270 (55.9227%)
entry 3584000/6405270 (55.9539%)
entry 3588000/6405270 (56.0164%)
entry 3590000/6405270 (56.0476%)
entry 3594000/6405270 (56.11%)
entry 3600000/6405270 (56.2037%)
entry 3604000/6405270 (56.2662%)
entry 3605000/6405270 (56.2818%)
entry 3606000/6405270 (56.2974%)
entry 3608000/6405270 (56.3286%)
entry 3612000/6405270 (56.3911%)
entry 3620000/6405270 (56.516%)
entry 3621000/6405270 (56.5316%)
entry 3622000/6405270 (56.5472%)
entry 3623000/6405270 (56.5628%)
entry 3626000/6405270 (56.6096%)
entry 3627000/6405270 (56.6252%)
entry 3635000/6405270 (56.7501%)
entry 3637000/6405270 (56.7814%)
entry 3640000/6405270 (56.8282%)
entry 3642000/6405270 (56.8594%)
entry 3646000/6405270 (56.9219%)
entry 3654000/6405270 (57.0468%)
entry 3655000/6405270 (57.0624%)
entry 3657000/6405270 (57.0936%)
entry 3658000/6405270 (57.1092%)
entry 3659000/6405270 (57.1248%)
entry 3660000/6405270 (57.1404%)
entry 3661000/6405270 (57.1561%)
entry 3663000/6405270 (57.1873%)
entry 3664000/6405270 (57.2029%)
entry 3665000/6405270 (57.2185%)
entry 3667000/6405270 (57.2497%)
entry 3668000/6405270 (57.2653%)
entry 3673000/6405270 (57.3434%)
entry 3674000/6405270 (57.359%)
entry 3681000/6405270 (57.4683%)
entry 3684000/6405270 (57.5151%)
entry 3688000/6405270 (57.5776%)
entry 3699000/6405270 (57.7493%)
entry 3700000/6405270 (57.7649%)
entry 3702000/6405270 (57.7962%)
entry 3703000/6405270 (57.8118%)
entry 3704000/6405270 (57.8274%)
entry 3709000/6405270 (57.9054%)
entry 3710000/6405270 (57.9211%)
entry 3712000/6405270 (57.9523%)
entry 3714000/6405270 (57.9835%)
entry 3715000/6405270 (57.9991%)
entry 3716000/6405270 (58.0147%)
entry 3722000/6405270 (58.1084%)
entry 3731000/6405270 (58.2489%)
entry 3736000/6405270 (58.327%)
entry 3737000/6405270 (58.3426%)
entry 3738000/6405270 (58.3582%)
entry 3739000/6405270 (58.3738%)
entry 3745000/6405270 (58.4675%)
entry 3746000/6405270 (58.4831%)
entry 3748000/6405270 (58.5143%)
entry 3753000/6405270 (58.5924%)
entry 3763000/6405270 (58.7485%)
entry 3765000/6405270 (58.7797%)
entry 3769000/6405270 (58.8422%)
entry 3775000/6405270 (58.9358%)
entry 3781000/6405270 (59.0295%)
entry 3782000/6405270 (59.0451%)
entry 3783000/6405270 (59.0607%)
entry 3787000/6405270 (59.1232%)
entry 3792000/6405270 (59.2013%)
entry 3794000/6405270 (59.2325%)
entry 3795000/6405270 (59.2481%)
entry 3797000/6405270 (59.2793%)
entry 3798000/6405270 (59.2949%)
entry 3799000/6405270 (59.3105%)
entry 3800000/6405270 (59.3261%)
entry 3801000/6405270 (59.3418%)
entry 3802000/6405270 (59.3574%)
entry 3810000/6405270 (59.4823%)
entry 3811000/6405270 (59.4979%)
entry 3812000/6405270 (59.5135%)
entry 3813000/6405270 (59.5291%)
entry 3816000/6405270 (59.5759%)
entry 3818000/6405270 (59.6072%)
entry 3821000/6405270 (59.654%)
entry 3823000/6405270 (59.6852%)
entry 3825000/6405270 (59.7165%)
entry 3826000/6405270 (59.7321%)
entry 3827000/6405270 (59.7477%)
entry 3831000/6405270 (59.8101%)
entry 3832000/6405270 (59.8257%)
entry 3837000/6405270 (59.9038%)
entry 3840000/6405270 (59.9506%)
entry 3845000/6405270 (60.0287%)
entry 3846000/6405270 (60.0443%)
entry 3848000/6405270 (60.0755%)
entry 3854000/6405270 (60.1692%)
entry 3856000/6405270 (60.2004%)
entry 3860000/6405270 (60.2629%)
entry 3864000/6405270 (60.3253%)
entry 3865000/6405270 (60.3409%)
entry 3867000/6405270 (60.3722%)
entry 3869000/6405270 (60.4034%)
entry 3870000/6405270 (60.419%)
entry 3872000/6405270 (60.4502%)
entry 3875000/6405270 (60.4971%)
entry 3879000/6405270 (60.5595%)
entry 3880000/6405270 (60.5751%)
entry 3886000/6405270 (60.6688%)
entry 3889000/6405270 (60.7156%)
entry 3890000/6405270 (60.7312%)
entry 3895000/6405270 (60.8093%)
entry 3897000/6405270 (60.8405%)
entry 3904000/6405270 (60.9498%)
entry 3905000/6405270 (60.9654%)
entry 3907000/6405270 (60.9966%)
entry 3909000/6405270 (61.0279%)
entry 3914000/6405270 (61.1059%)
entry 3916000/6405270 (61.1372%)
entry 3917000/6405270 (61.1528%)
entry 3919000/6405270 (61.184%)
entry 3921000/6405270 (61.2152%)
entry 3926000/6405270 (61.2933%)
entry 3937000/6405270 (61.465%)
entry 3940000/6405270 (61.5119%)
entry 3941000/6405270 (61.5275%)
entry 3943000/6405270 (61.5587%)
entry 3949000/6405270 (61.6524%)
entry 3952000/6405270 (61.6992%)
entry 3960000/6405270 (61.8241%)
entry 3961000/6405270 (61.8397%)
entry 3965000/6405270 (61.9022%)
entry 3967000/6405270 (61.9334%)
entry 3968000/6405270 (61.949%)
entry 3969000/6405270 (61.9646%)
entry 3972000/6405270 (62.0114%)
entry 3979000/6405270 (62.1207%)
entry 3981000/6405270 (62.1519%)
entry 3983000/6405270 (62.1832%)
entry 3984000/6405270 (62.1988%)
entry 3985000/6405270 (62.2144%)
entry 3991000/6405270 (62.3081%)
entry 3993000/6405270 (62.3393%)
entry 3994000/6405270 (62.3549%)
entry 3996000/6405270 (62.3861%)
entry 4004000/6405270 (62.511%)
entry 4005000/6405270 (62.5266%)
entry 4009000/6405270 (62.5891%)
entry 4017000/6405270 (62.714%)
entry 4018000/6405270 (62.7296%)
entry 4023000/6405270 (62.8077%)
entry 4027000/6405270 (62.8701%)
entry 4029000/6405270 (62.9013%)
entry 4031000/6405270 (62.9326%)
entry 4040000/6405270 (63.0731%)
entry 4041000/6405270 (63.0887%)
entry 4042000/6405270 (63.1043%)
entry 4045000/6405270 (63.1511%)
entry 4047000/6405270 (63.1823%)
entry 4048000/6405270 (63.198%)
entry 4053000/6405270 (63.276%)
entry 4060000/6405270 (63.3853%)
entry 4061000/6405270 (63.4009%)
entry 4064000/6405270 (63.4478%)
entry 4067000/6405270 (63.4946%)
entry 4069000/6405270 (63.5258%)
entry 4070000/6405270 (63.5414%)
entry 4071000/6405270 (63.557%)
entry 4072000/6405270 (63.5727%)
entry 4074000/6405270 (63.6039%)
entry 4078000/6405270 (63.6663%)
entry 4079000/6405270 (63.6819%)
entry 4080000/6405270 (63.6975%)
entry 4084000/6405270 (63.76%)
entry 4088000/6405270 (63.8224%)
entry 4090000/6405270 (63.8537%)
entry 4092000/6405270 (63.8849%)
entry 4093000/6405270 (63.9005%)
entry 4094000/6405270 (63.9161%)
entry 4099000/6405270 (63.9942%)
entry 4101000/6405270 (64.0254%)
entry 4102000/6405270 (64.041%)
entry 4104000/6405270 (64.0722%)
entry 4105000/6405270 (64.0878%)
entry 4108000/6405270 (64.1347%)
entry 4109000/6405270 (64.1503%)
entry 4116000/6405270 (64.2596%)
entry 4118000/6405270 (64.2908%)
entry 4119000/6405270 (64.3064%)
entry 4121000/6405270 (64.3376%)
entry 4123000/6405270 (64.3689%)
entry 4125000/6405270 (64.4001%)
entry 4126000/6405270 (64.4157%)
entry 4127000/6405270 (64.4313%)
entry 4129000/6405270 (64.4625%)
entry 4132000/6405270 (64.5094%)
entry 4133000/6405270 (64.525%)
entry 4137000/6405270 (64.5874%)
entry 4140000/6405270 (64.6343%)
entry 4141000/6405270 (64.6499%)
entry 4144000/6405270 (64.6967%)
entry 4147000/6405270 (64.7436%)
entry 4159000/6405270 (64.9309%)
entry 4161000/6405270 (64.9621%)
entry 4165000/6405270 (65.0246%)
entry 4168000/6405270 (65.0714%)
entry 4170000/6405270 (65.1026%)
entry 4175000/6405270 (65.1807%)
entry 4177000/6405270 (65.2119%)
entry 4180000/6405270 (65.2588%)
entry 4181000/6405270 (65.2744%)
entry 4183000/6405270 (65.3056%)
entry 4185000/6405270 (65.3368%)
entry 4187000/6405270 (65.3681%)
entry 4192000/6405270 (65.4461%)
entry 4193000/6405270 (65.4617%)
entry 4205000/6405270 (65.6491%)
entry 4206000/6405270 (65.6647%)
entry 4207000/6405270 (65.6803%)
entry 4211000/6405270 (65.7427%)
entry 4214000/6405270 (65.7896%)
entry 4215000/6405270 (65.8052%)
entry 4216000/6405270 (65.8208%)
entry 4219000/6405270 (65.8676%)
entry 4222000/6405270 (65.9145%)
entry 4223000/6405270 (65.9301%)
entry 4225000/6405270 (65.9613%)
entry 4226000/6405270 (65.9769%)
entry 4228000/6405270 (66.0081%)
entry 4231000/6405270 (66.055%)
entry 4236000/6405270 (66.133%)
entry 4237000/6405270 (66.1487%)
entry 4240000/6405270 (66.1955%)
entry 4241000/6405270 (66.2111%)
entry 4243000/6405270 (66.2423%)
entry 4249000/6405270 (66.336%)
entry 4254000/6405270 (66.4141%)
entry 4257000/6405270 (66.4609%)
entry 4262000/6405270 (66.539%)
entry 4263000/6405270 (66.5546%)
entry 4264000/6405270 (66.5702%)
entry 4267000/6405270 (66.617%)
entry 4268000/6405270 (66.6326%)
entry 4272000/6405270 (66.6951%)
entry 4278000/6405270 (66.7888%)
entry 4282000/6405270 (66.8512%)
entry 4286000/6405270 (66.9137%)
entry 4289000/6405270 (66.9605%)
entry 4294000/6405270 (67.0385%)
entry 4297000/6405270 (67.0854%)
entry 4298000/6405270 (67.101%)
entry 4302000/6405270 (67.1634%)
entry 4303000/6405270 (67.1791%)
entry 4306000/6405270 (67.2259%)
entry 4307000/6405270 (67.2415%)
entry 4311000/6405270 (67.304%)
entry 4314000/6405270 (67.3508%)
entry 4319000/6405270 (67.4289%)
entry 4322000/6405270 (67.4757%)
entry 4325000/6405270 (67.5225%)
entry 4329000/6405270 (67.585%)
entry 4330000/6405270 (67.6006%)
entry 4331000/6405270 (67.6162%)
entry 4333000/6405270 (67.6474%)
entry 4334000/6405270 (67.663%)
entry 4337000/6405270 (67.7099%)
entry 4339000/6405270 (67.7411%)
entry 4349000/6405270 (67.8972%)
entry 4350000/6405270 (67.9128%)
entry 4352000/6405270 (67.944%)
entry 4358000/6405270 (68.0377%)
entry 4359000/6405270 (68.0533%)
entry 4362000/6405270 (68.1002%)
entry 4365000/6405270 (68.147%)
entry 4366000/6405270 (68.1626%)
entry 4368000/6405270 (68.1938%)
entry 4372000/6405270 (68.2563%)
entry 4374000/6405270 (68.2875%)
entry 4383000/6405270 (68.428%)
entry 4384000/6405270 (68.4436%)
entry 4394000/6405270 (68.5998%)
entry 4398000/6405270 (68.6622%)
entry 4401000/6405270 (68.709%)
entry 4402000/6405270 (68.7247%)
entry 4405000/6405270 (68.7715%)
entry 4411000/6405270 (68.8652%)
entry 4414000/6405270 (68.912%)
entry 4415000/6405270 (68.9276%)
entry 4416000/6405270 (68.9432%)
entry 4418000/6405270 (68.9745%)
entry 4419000/6405270 (68.9901%)
entry 4421000/6405270 (69.0213%)
entry 4422000/6405270 (69.0369%)
entry 4424000/6405270 (69.0681%)
entry 4425000/6405270 (69.0837%)
entry 4427000/6405270 (69.115%)
entry 4430000/6405270 (69.1618%)
entry 4432000/6405270 (69.193%)
entry 4434000/6405270 (69.2243%)
entry 4438000/6405270 (69.2867%)
entry 4439000/6405270 (69.3023%)
entry 4440000/6405270 (69.3179%)
entry 4448000/6405270 (69.4428%)
entry 4451000/6405270 (69.4897%)
entry 4458000/6405270 (69.5989%)
entry 4469000/6405270 (69.7707%)
entry 4470000/6405270 (69.7863%)
entry 4471000/6405270 (69.8019%)
entry 4476000/6405270 (69.88%)
entry 4482000/6405270 (69.9736%)
entry 4488000/6405270 (70.0673%)
entry 4494000/6405270 (70.161%)
entry 4495000/6405270 (70.1766%)
entry 4498000/6405270 (70.2234%)
entry 4500000/6405270 (70.2546%)
entry 4504000/6405270 (70.3171%)
entry 4506000/6405270 (70.3483%)
entry 4513000/6405270 (70.4576%)
entry 4515000/6405270 (70.4888%)
entry 4516000/6405270 (70.5044%)
entry 4517000/6405270 (70.5201%)
entry 4527000/6405270 (70.6762%)
entry 4530000/6405270 (70.723%)
entry 4532000/6405270 (70.7542%)
entry 4533000/6405270 (70.7699%)
entry 4534000/6405270 (70.7855%)
entry 4536000/6405270 (70.8167%)
entry 4537000/6405270 (70.8323%)
entry 4538000/6405270 (70.8479%)
entry 4540000/6405270 (70.8791%)
entry 4542000/6405270 (70.9104%)
entry 4544000/6405270 (70.9416%)
entry 4552000/6405270 (71.0665%)
entry 4554000/6405270 (71.0977%)
entry 4557000/6405270 (71.1445%)
entry 4558000/6405270 (71.1602%)
entry 4559000/6405270 (71.1758%)
entry 4560000/6405270 (71.1914%)
entry 4567000/6405270 (71.3007%)
entry 4572000/6405270 (71.3787%)
entry 4574000/6405270 (71.4099%)
entry 4575000/6405270 (71.4256%)
entry 4576000/6405270 (71.4412%)
entry 4578000/6405270 (71.4724%)
entry 4579000/6405270 (71.488%)
entry 4580000/6405270 (71.5036%)
entry 4581000/6405270 (71.5192%)
entry 4589000/6405270 (71.6441%)
entry 4590000/6405270 (71.6597%)
entry 4594000/6405270 (71.7222%)
entry 4595000/6405270 (71.7378%)
entry 4598000/6405270 (71.7846%)
entry 4603000/6405270 (71.8627%)
entry 4612000/6405270 (72.0032%)
entry 4613000/6405270 (72.0188%)
entry 4619000/6405270 (72.1125%)
entry 4621000/6405270 (72.1437%)
entry 4623000/6405270 (72.1749%)
entry 4627000/6405270 (72.2374%)
entry 4630000/6405270 (72.2842%)
entry 4635000/6405270 (72.3623%)
entry 4648000/6405270 (72.5652%)
entry 4650000/6405270 (72.5965%)
entry 4651000/6405270 (72.6121%)
entry 4653000/6405270 (72.6433%)
entry 4659000/6405270 (72.737%)
entry 4662000/6405270 (72.7838%)
entry 4664000/6405270 (72.815%)
entry 4666000/6405270 (72.8463%)
entry 4669000/6405270 (72.8931%)
entry 4670000/6405270 (72.9087%)
entry 4675000/6405270 (72.9868%)
entry 4676000/6405270 (73.0024%)
entry 4678000/6405270 (73.0336%)
entry 4679000/6405270 (73.0492%)
entry 4682000/6405270 (73.0961%)
entry 4683000/6405270 (73.1117%)
entry 4687000/6405270 (73.1741%)
entry 4688000/6405270 (73.1897%)
entry 4691000/6405270 (73.2366%)
entry 4693000/6405270 (73.2678%)
entry 4694000/6405270 (73.2834%)
entry 4700000/6405270 (73.3771%)
entry 4701000/6405270 (73.3927%)
entry 4702000/6405270 (73.4083%)
entry 4705000/6405270 (73.4551%)
entry 4706000/6405270 (73.4708%)
entry 4709000/6405270 (73.5176%)
entry 4710000/6405270 (73.5332%)
entry 4711000/6405270 (73.5488%)
entry 4716000/6405270 (73.6269%)
entry 4718000/6405270 (73.6581%)
entry 4719000/6405270 (73.6737%)
entry 4721000/6405270 (73.7049%)
entry 4722000/6405270 (73.7205%)
entry 4723000/6405270 (73.7362%)
entry 4724000/6405270 (73.7518%)
entry 4727000/6405270 (73.7986%)
entry 4738000/6405270 (73.9703%)
entry 4742000/6405270 (74.0328%)
entry 4743000/6405270 (74.0484%)
entry 4746000/6405270 (74.0952%)
entry 4749000/6405270 (74.1421%)
entry 4750000/6405270 (74.1577%)
entry 4752000/6405270 (74.1889%)
entry 4753000/6405270 (74.2045%)
entry 4754000/6405270 (74.2201%)
entry 4765000/6405270 (74.3919%)
entry 4768000/6405270 (74.4387%)
entry 4771000/6405270 (74.4855%)
entry 4772000/6405270 (74.5012%)
entry 4776000/6405270 (74.5636%)
entry 4779000/6405270 (74.6104%)
entry 4786000/6405270 (74.7197%)
entry 4788000/6405270 (74.7509%)
entry 4790000/6405270 (74.7822%)
entry 4791000/6405270 (74.7978%)
entry 4793000/6405270 (74.829%)
entry 4794000/6405270 (74.8446%)
entry 4795000/6405270 (74.8602%)
entry 4797000/6405270 (74.8915%)
entry 4799000/6405270 (74.9227%)
entry 4803000/6405270 (74.9851%)
entry 4804000/6405270 (75.0007%)
entry 4806000/6405270 (75.032%)
entry 4814000/6405270 (75.1569%)
entry 4820000/6405270 (75.2505%)
entry 4821000/6405270 (75.2661%)
entry 4822000/6405270 (75.2818%)
entry 4827000/6405270 (75.3598%)
entry 4835000/6405270 (75.4847%)
entry 4840000/6405270 (75.5628%)
entry 4841000/6405270 (75.5784%)
entry 4842000/6405270 (75.594%)
entry 4844000/6405270 (75.6252%)
entry 4845000/6405270 (75.6408%)
entry 4847000/6405270 (75.6721%)
entry 4850000/6405270 (75.7189%)
entry 4858000/6405270 (75.8438%)
entry 4860000/6405270 (75.875%)
entry 4863000/6405270 (75.9219%)
entry 4865000/6405270 (75.9531%)
entry 4879000/6405270 (76.1717%)
entry 4880000/6405270 (76.1873%)
entry 4884000/6405270 (76.2497%)
entry 4885000/6405270 (76.2653%)
entry 4886000/6405270 (76.2809%)
entry 4892000/6405270 (76.3746%)
entry 4897000/6405270 (76.4527%)
entry 4900000/6405270 (76.4995%)
entry 4903000/6405270 (76.5463%)
entry 4904000/6405270 (76.562%)
entry 4912000/6405270 (76.6869%)
entry 4913000/6405270 (76.7025%)
entry 4916000/6405270 (76.7493%)
entry 4917000/6405270 (76.7649%)
entry 4930000/6405270 (76.9679%)
entry 4939000/6405270 (77.1084%)
entry 4940000/6405270 (77.124%)
entry 4941000/6405270 (77.1396%)
entry 4943000/6405270 (77.1708%)
entry 4948000/6405270 (77.2489%)
entry 4954000/6405270 (77.3426%)
entry 4959000/6405270 (77.4206%)
entry 4963000/6405270 (77.4831%)
entry 4971000/6405270 (77.608%)
entry 4972000/6405270 (77.6236%)
entry 4976000/6405270 (77.686%)
entry 4978000/6405270 (77.7173%)
entry 4982000/6405270 (77.7797%)
entry 4990000/6405270 (77.9046%)
entry 5001000/6405270 (78.0763%)
entry 5009000/6405270 (78.2012%)
entry 5012000/6405270 (78.2481%)
entry 5015000/6405270 (78.2949%)
entry 5020000/6405270 (78.373%)
entry 5021000/6405270 (78.3886%)
entry 5024000/6405270 (78.4354%)
entry 5025000/6405270 (78.451%)
entry 5028000/6405270 (78.4979%)
entry 5032000/6405270 (78.5603%)
entry 5034000/6405270 (78.5915%)
entry 5039000/6405270 (78.6696%)
entry 5048000/6405270 (78.8101%)
entry 5050000/6405270 (78.8413%)
entry 5055000/6405270 (78.9194%)
entry 5057000/6405270 (78.9506%)
entry 5059000/6405270 (78.9818%)
entry 5061000/6405270 (79.0131%)
entry 5064000/6405270 (79.0599%)
entry 5065000/6405270 (79.0755%)
entry 5066000/6405270 (79.0911%)
entry 5067000/6405270 (79.1067%)
entry 5070000/6405270 (79.1536%)
entry 5071000/6405270 (79.1692%)
entry 5079000/6405270 (79.2941%)
entry 5082000/6405270 (79.3409%)
entry 5091000/6405270 (79.4814%)
entry 5094000/6405270 (79.5283%)
entry 5095000/6405270 (79.5439%)
entry 5098000/6405270 (79.5907%)
entry 5100000/6405270 (79.6219%)
entry 5104000/6405270 (79.6844%)
entry 5108000/6405270 (79.7468%)
entry 5109000/6405270 (79.7624%)
entry 5111000/6405270 (79.7937%)
entry 5112000/6405270 (79.8093%)
entry 5113000/6405270 (79.8249%)
entry 5117000/6405270 (79.8873%)
entry 5118000/6405270 (79.903%)
entry 5119000/6405270 (79.9186%)
entry 5120000/6405270 (79.9342%)
entry 5127000/6405270 (80.0435%)
entry 5129000/6405270 (80.0747%)
entry 5130000/6405270 (80.0903%)
entry 5131000/6405270 (80.1059%)
entry 5132000/6405270 (80.1215%)
entry 5133000/6405270 (80.1371%)
entry 5134000/6405270 (80.1528%)
entry 5135000/6405270 (80.1684%)
entry 5139000/6405270 (80.2308%)
entry 5141000/6405270 (80.262%)
entry 5142000/6405270 (80.2776%)
entry 5144000/6405270 (80.3089%)
entry 5148000/6405270 (80.3713%)
entry 5151000/6405270 (80.4182%)
entry 5153000/6405270 (80.4494%)
entry 5156000/6405270 (80.4962%)
entry 5159000/6405270 (80.5431%)
entry 5162000/6405270 (80.5899%)
entry 5166000/6405270 (80.6523%)
entry 5169000/6405270 (80.6992%)
entry 5173000/6405270 (80.7616%)
entry 5179000/6405270 (80.8553%)
entry 5180000/6405270 (80.8709%)
entry 5187000/6405270 (80.9802%)
entry 5192000/6405270 (81.0583%)
entry 5200000/6405270 (81.1832%)
entry 5204000/6405270 (81.2456%)
entry 5207000/6405270 (81.2924%)
entry 5209000/6405270 (81.3237%)
entry 5210000/6405270 (81.3393%)
entry 5214000/6405270 (81.4017%)
entry 5219000/6405270 (81.4798%)
entry 5220000/6405270 (81.4954%)
entry 5221000/6405270 (81.511%)
entry 5232000/6405270 (81.6827%)
entry 5234000/6405270 (81.714%)
entry 5235000/6405270 (81.7296%)
entry 5243000/6405270 (81.8545%)
entry 5244000/6405270 (81.8701%)
entry 5245000/6405270 (81.8857%)
entry 5251000/6405270 (81.9794%)
entry 5259000/6405270 (82.1043%)
entry 5262000/6405270 (82.1511%)
entry 5267000/6405270 (82.2292%)
entry 5277000/6405270 (82.3853%)
entry 5281000/6405270 (82.4477%)
entry 5285000/6405270 (82.5102%)
entry 5288000/6405270 (82.557%)
entry 5300000/6405270 (82.7444%)
entry 5301000/6405270 (82.76%)
entry 5302000/6405270 (82.7756%)
entry 5303000/6405270 (82.7912%)
entry 5315000/6405270 (82.9785%)
entry 5323000/6405270 (83.1034%)
entry 5324000/6405270 (83.1191%)
entry 5325000/6405270 (83.1347%)
entry 5330000/6405270 (83.2127%)
entry 5333000/6405270 (83.2596%)
entry 5335000/6405270 (83.2908%)
entry 5340000/6405270 (83.3688%)
entry 5351000/6405270 (83.5406%)
entry 5353000/6405270 (83.5718%)
entry 5356000/6405270 (83.6186%)
entry 5358000/6405270 (83.6499%)
entry 5360000/6405270 (83.6811%)
entry 5366000/6405270 (83.7748%)
entry 5375000/6405270 (83.9153%)
entry 5378000/6405270 (83.9621%)
entry 5382000/6405270 (84.0246%)
entry 5386000/6405270 (84.087%)
entry 5387000/6405270 (84.1026%)
entry 5389000/6405270 (84.1338%)
entry 5393000/6405270 (84.1963%)
entry 5396000/6405270 (84.2431%)
entry 5402000/6405270 (84.3368%)
entry 5403000/6405270 (84.3524%)
entry 5406000/6405270 (84.3993%)
entry 5407000/6405270 (84.4149%)
entry 5408000/6405270 (84.4305%)
entry 5411000/6405270 (84.4773%)
entry 5418000/6405270 (84.5866%)
entry 5422000/6405270 (84.649%)
entry 5424000/6405270 (84.6803%)
entry 5428000/6405270 (84.7427%)
entry 5429000/6405270 (84.7583%)
entry 5431000/6405270 (84.7896%)
entry 5432000/6405270 (84.8052%)
entry 5435000/6405270 (84.852%)
entry 5437000/6405270 (84.8832%)
entry 5442000/6405270 (84.9613%)
entry 5445000/6405270 (85.0081%)
entry 5446000/6405270 (85.0237%)
entry 5452000/6405270 (85.1174%)
entry 5454000/6405270 (85.1486%)
entry 5457000/6405270 (85.1955%)
entry 5460000/6405270 (85.2423%)
entry 5468000/6405270 (85.3672%)
entry 5470000/6405270 (85.3984%)
entry 5477000/6405270 (85.5077%)
entry 5478000/6405270 (85.5233%)
entry 5481000/6405270 (85.5702%)
entry 5482000/6405270 (85.5858%)
entry 5483000/6405270 (85.6014%)
entry 5488000/6405270 (85.6794%)
entry 5489000/6405270 (85.6951%)
entry 5491000/6405270 (85.7263%)
entry 5492000/6405270 (85.7419%)
entry 5493000/6405270 (85.7575%)
entry 5496000/6405270 (85.8043%)
entry 5502000/6405270 (85.898%)
entry 5503000/6405270 (85.9136%)
entry 5505000/6405270 (85.9449%)
entry 5509000/6405270 (86.0073%)
entry 5515000/6405270 (86.101%)
entry 5520000/6405270 (86.179%)
entry 5524000/6405270 (86.2415%)
entry 5526000/6405270 (86.2727%)
entry 5527000/6405270 (86.2883%)
entry 5529000/6405270 (86.3195%)
entry 5532000/6405270 (86.3664%)
entry 5534000/6405270 (86.3976%)
entry 5539000/6405270 (86.4757%)
entry 5543000/6405270 (86.5381%)
entry 5546000/6405270 (86.585%)
entry 5548000/6405270 (86.6162%)
entry 5552000/6405270 (86.6786%)
entry 5553000/6405270 (86.6942%)
entry 5554000/6405270 (86.7099%)
entry 5555000/6405270 (86.7255%)
entry 5556000/6405270 (86.7411%)
entry 5561000/6405270 (86.8191%)
entry 5563000/6405270 (86.8504%)
entry 5565000/6405270 (86.8816%)
entry 5567000/6405270 (86.9128%)
entry 5569000/6405270 (86.944%)
entry 5575000/6405270 (87.0377%)
entry 5580000/6405270 (87.1158%)
entry 5584000/6405270 (87.1782%)
entry 5586000/6405270 (87.2094%)
entry 5591000/6405270 (87.2875%)
entry 5595000/6405270 (87.3499%)
entry 5598000/6405270 (87.3968%)
entry 5600000/6405270 (87.428%)
entry 5607000/6405270 (87.5373%)
entry 5608000/6405270 (87.5529%)
entry 5610000/6405270 (87.5841%)
entry 5612000/6405270 (87.6154%)
entry 5615000/6405270 (87.6622%)
entry 5618000/6405270 (87.709%)
entry 5619000/6405270 (87.7246%)
entry 5621000/6405270 (87.7559%)
entry 5623000/6405270 (87.7871%)
entry 5626000/6405270 (87.8339%)
entry 5628000/6405270 (87.8651%)
entry 5629000/6405270 (87.8808%)
entry 5630000/6405270 (87.8964%)
entry 5631000/6405270 (87.912%)
entry 5633000/6405270 (87.9432%)
entry 5634000/6405270 (87.9588%)
entry 5638000/6405270 (88.0213%)
entry 5640000/6405270 (88.0525%)
entry 5641000/6405270 (88.0681%)
entry 5644000/6405270 (88.1149%)
entry 5645000/6405270 (88.1306%)
entry 5648000/6405270 (88.1774%)
entry 5649000/6405270 (88.193%)
entry 5650000/6405270 (88.2086%)
entry 5654000/6405270 (88.2711%)
entry 5656000/6405270 (88.3023%)
entry 5668000/6405270 (88.4896%)
entry 5677000/6405270 (88.6301%)
entry 5682000/6405270 (88.7082%)
entry 5683000/6405270 (88.7238%)
entry 5684000/6405270 (88.7394%)
entry 5688000/6405270 (88.8019%)
entry 5693000/6405270 (88.8799%)
entry 5697000/6405270 (88.9424%)
entry 5702000/6405270 (89.0204%)
entry 5703000/6405270 (89.0361%)
entry 5704000/6405270 (89.0517%)
entry 5706000/6405270 (89.0829%)
entry 5708000/6405270 (89.1141%)
entry 5712000/6405270 (89.1766%)
entry 5715000/6405270 (89.2234%)
entry 5717000/6405270 (89.2546%)
entry 5720000/6405270 (89.3015%)
entry 5726000/6405270 (89.3951%)
entry 5733000/6405270 (89.5044%)
entry 5739000/6405270 (89.5981%)
entry 5741000/6405270 (89.6293%)
entry 5742000/6405270 (89.6449%)
entry 5743000/6405270 (89.6605%)
entry 5744000/6405270 (89.6762%)
entry 5752000/6405270 (89.8011%)
entry 5753000/6405270 (89.8167%)
entry 5756000/6405270 (89.8635%)
entry 5759000/6405270 (89.9103%)
entry 5762000/6405270 (89.9572%)
entry 5764000/6405270 (89.9884%)
entry 5779000/6405270 (90.2226%)
entry 5785000/6405270 (90.3163%)
entry 5787000/6405270 (90.3475%)
entry 5793000/6405270 (90.4411%)
entry 5794000/6405270 (90.4568%)
entry 5799000/6405270 (90.5348%)
entry 5805000/6405270 (90.6285%)
entry 5807000/6405270 (90.6597%)
entry 5809000/6405270 (90.6909%)
entry 5810000/6405270 (90.7066%)
entry 5814000/6405270 (90.769%)
entry 5817000/6405270 (90.8158%)
entry 5823000/6405270 (90.9095%)
entry 5825000/6405270 (90.9407%)
entry 5826000/6405270 (90.9564%)
entry 5827000/6405270 (90.972%)
entry 5828000/6405270 (90.9876%)
entry 5833000/6405270 (91.0656%)
entry 5834000/6405270 (91.0812%)
entry 5838000/6405270 (91.1437%)
entry 5842000/6405270 (91.2061%)
entry 5843000/6405270 (91.2218%)
entry 5845000/6405270 (91.253%)
entry 5848000/6405270 (91.2998%)
entry 5851000/6405270 (91.3467%)
entry 5853000/6405270 (91.3779%)
entry 5855000/6405270 (91.4091%)
entry 5857000/6405270 (91.4403%)
entry 5864000/6405270 (91.5496%)
entry 5873000/6405270 (91.6901%)
entry 5874000/6405270 (91.7057%)
entry 5877000/6405270 (91.7526%)
entry 5878000/6405270 (91.7682%)
entry 5879000/6405270 (91.7838%)
entry 5880000/6405270 (91.7994%)
entry 5890000/6405270 (91.9555%)
entry 5892000/6405270 (91.9868%)
entry 5893000/6405270 (92.0024%)
entry 5896000/6405270 (92.0492%)
entry 5897000/6405270 (92.0648%)
entry 5899000/6405270 (92.096%)
entry 5901000/6405270 (92.1273%)
entry 5907000/6405270 (92.2209%)
entry 5908000/6405270 (92.2365%)
entry 5912000/6405270 (92.299%)
entry 5913000/6405270 (92.3146%)
entry 5914000/6405270 (92.3302%)
entry 5918000/6405270 (92.3927%)
entry 5933000/6405270 (92.6269%)
entry 5941000/6405270 (92.7517%)
entry 5943000/6405270 (92.783%)
entry 5947000/6405270 (92.8454%)
entry 5950000/6405270 (92.8923%)
entry 5953000/6405270 (92.9391%)
entry 5955000/6405270 (92.9703%)
entry 5959000/6405270 (93.0328%)
entry 5962000/6405270 (93.0796%)
entry 5963000/6405270 (93.0952%)
entry 5972000/6405270 (93.2357%)
entry 5981000/6405270 (93.3762%)
entry 5985000/6405270 (93.4387%)
entry 5988000/6405270 (93.4855%)
entry 5993000/6405270 (93.5636%)
entry 6003000/6405270 (93.7197%)
entry 6008000/6405270 (93.7978%)
entry 6014000/6405270 (93.8914%)
entry 6024000/6405270 (94.0476%)
entry 6027000/6405270 (94.0944%)
entry 6031000/6405270 (94.1568%)
entry 6032000/6405270 (94.1725%)
entry 6033000/6405270 (94.1881%)
entry 6038000/6405270 (94.2661%)
entry 6042000/6405270 (94.3286%)
entry 6047000/6405270 (94.4066%)
entry 6048000/6405270 (94.4223%)
entry 6052000/6405270 (94.4847%)
entry 6055000/6405270 (94.5315%)
entry 6057000/6405270 (94.5628%)
entry 6064000/6405270 (94.672%)
entry 6067000/6405270 (94.7189%)
entry 6077000/6405270 (94.875%)
entry 6083000/6405270 (94.9687%)
entry 6085000/6405270 (94.9999%)
entry 6095000/6405270 (95.156%)
entry 6098000/6405270 (95.2029%)
entry 6100000/6405270 (95.2341%)
entry 6101000/6405270 (95.2497%)
entry 6103000/6405270 (95.2809%)
entry 6108000/6405270 (95.359%)
entry 6109000/6405270 (95.3746%)
entry 6110000/6405270 (95.3902%)
entry 6111000/6405270 (95.4058%)
entry 6121000/6405270 (95.5619%)
entry 6123000/6405270 (95.5932%)
entry 6124000/6405270 (95.6088%)
entry 6125000/6405270 (95.6244%)
entry 6126000/6405270 (95.64%)
entry 6128000/6405270 (95.6712%)
entry 6129000/6405270 (95.6868%)
entry 6136000/6405270 (95.7961%)
entry 6139000/6405270 (95.843%)
entry 6141000/6405270 (95.8742%)
entry 6148000/6405270 (95.9835%)
entry 6149000/6405270 (95.9991%)
entry 6156000/6405270 (96.1084%)
entry 6158000/6405270 (96.1396%)
entry 6162000/6405270 (96.202%)
entry 6164000/6405270 (96.2333%)
entry 6167000/6405270 (96.2801%)
entry 6170000/6405270 (96.3269%)
entry 6175000/6405270 (96.405%)
entry 6179000/6405270 (96.4674%)
entry 6182000/6405270 (96.5143%)
entry 6185000/6405270 (96.5611%)
entry 6191000/6405270 (96.6548%)
entry 6192000/6405270 (96.6704%)
entry 6198000/6405270 (96.7641%)
entry 6200000/6405270 (96.7953%)
entry 6201000/6405270 (96.8109%)
entry 6204000/6405270 (96.8577%)
entry 6205000/6405270 (96.8734%)
entry 6206000/6405270 (96.889%)
entry 6210000/6405270 (96.9514%)
entry 6211000/6405270 (96.967%)
entry 6216000/6405270 (97.0451%)
entry 6222000/6405270 (97.1388%)
entry 6228000/6405270 (97.2324%)
entry 6234000/6405270 (97.3261%)
entry 6235000/6405270 (97.3417%)
entry 6237000/6405270 (97.3729%)
entry 6247000/6405270 (97.5291%)
entry 6248000/6405270 (97.5447%)
entry 6249000/6405270 (97.5603%)
entry 6251000/6405270 (97.5915%)
entry 6257000/6405270 (97.6852%)
entry 6261000/6405270 (97.7476%)
entry 6263000/6405270 (97.7789%)
entry 6264000/6405270 (97.7945%)
entry 6268000/6405270 (97.8569%)
entry 6269000/6405270 (97.8725%)
entry 6271000/6405270 (97.9038%)
entry 6275000/6405270 (97.9662%)
entry 6279000/6405270 (98.0287%)
entry 6281000/6405270 (98.0599%)
entry 6284000/6405270 (98.1067%)
entry 6291000/6405270 (98.216%)
entry 6301000/6405270 (98.3721%)
entry 6303000/6405270 (98.4033%)
entry 6307000/6405270 (98.4658%)
entry 6312000/6405270 (98.5439%)
entry 6314000/6405270 (98.5751%)
entry 6315000/6405270 (98.5907%)
entry 6316000/6405270 (98.6063%)
entry 6319000/6405270 (98.6531%)
entry 6320000/6405270 (98.6688%)
entry 6321000/6405270 (98.6844%)
entry 6322000/6405270 (98.7%)
entry 6328000/6405270 (98.7936%)
entry 6329000/6405270 (98.8093%)
entry 6330000/6405270 (98.8249%)
entry 6333000/6405270 (98.8717%)
entry 6334000/6405270 (98.8873%)
entry 6338000/6405270 (98.9498%)
entry 6345000/6405270 (99.0591%)
entry 6351000/6405270 (99.1527%)
entry 6357000/6405270 (99.2464%)
entry 6359000/6405270 (99.2776%)
entry 6360000/6405270 (99.2932%)
entry 6363000/6405270 (99.3401%)
entry 6372000/6405270 (99.4806%)
entry 6373000/6405270 (99.4962%)
entry 6376000/6405270 (99.543%)
entry 6377000/6405270 (99.5586%)
entry 6386000/6405270 (99.6992%)
entry 6394000/6405270 (99.8241%)
entry 6395000/6405270 (99.8397%)
entry 6396000/6405270 (99.8553%)
entry 6397000/6405270 (99.8709%)
entry 6399000/6405270 (99.9021%)
all done
script done
