sphnx1028.sdcc.bnl.gov
rsyncing from /gpfs/mnt/gpfs02/sphenix/user/samfred/run25/ppg11/histmaking
running: /gpfs/mnt/gpfs02/sphenix/user/samfred/run25/ppg11/histmaking/script_data.sh 49962
LD_LIBRARY_PATH now /sphenix/user/samfred/run25/install//lib:/cvmfs/sphenix.sdcc.bnl.gov/alma9.2-gcc-14.2.0/opt/sphenix/core/gcc/14.2.0-2f0a0/x86_64-el9/lib:/cvmfs/sphenix.sdcc.bnl.gov/alma9.2-gcc-14.2.0/opt/sphenix/core/gcc/14.2.0-2f0a0/x86_64-el9/lib64:/cvmfs/sphenix.sdcc.bnl.gov/alma9.2-gcc-14.2.0/opt/sphenix/core/binutils/2.40-acaab/x86_64-el9/lib:.:/cvmfs/sphenix.sdcc.bnl.gov/alma9.2-gcc-14.2.0/release/release_new/new.10/lib64:/cvmfs/sphenix.sdcc.bnl.gov/alma9.2-gcc-14.2.0/release/release_new/new.10/lib:/cvmfs/sphenix.sdcc.bnl.gov/alma9.2-gcc-14.2.0/opt/sphenix/utils/lib:/cvmfs/sphenix.sdcc.bnl.gov/alma9.2-gcc-14.2.0/opt/sphenix/core/lib:/cvmfs/sphenix.sdcc.bnl.gov/alma9.2-gcc-14.2.0/opt/sphenix/core/root-6.32.06/lib:/cvmfs/sphenix.sdcc.bnl.gov/alma9.2-gcc-14.2.0/opt/sphenix/core/geant4.10.07.p04/lib64:/cvmfs/sphenix.sdcc.bnl.gov/alma9.2-gcc-14.2.0/opt/sphenix/core/lhapdf-5.9.1/lib:/usr/local/lib64:/usr/lib64
PATH now /sphenix/user/samfred/run25/install//bin:/cvmfs/sphenix.sdcc.bnl.gov/alma9.2-gcc-14.2.0/opt/sphenix/core/gcc/14.2.0-2f0a0/x86_64-el9/bin:/cvmfs/sphenix.sdcc.bnl.gov/alma9.2-gcc-14.2.0/opt/sphenix/core/binutils/2.40-acaab/x86_64-el9/bin:.:/cvmfs/sphenix.sdcc.bnl.gov/alma9.2-gcc-14.2.0/release/release_new/new.10/bin:/cvmfs/sphenix.sdcc.bnl.gov/alma9.2-gcc-14.2.0/opt/sphenix/utils/bin:/cvmfs/sphenix.sdcc.bnl.gov/alma9.2-gcc-14.2.0/opt/sphenix/core/bin:/cvmfs/sphenix.sdcc.bnl.gov/alma9.2-gcc-14.2.0/opt/sphenix/core/root-6.32.06/bin:/cvmfs/sphenix.sdcc.bnl.gov/alma9.2-gcc-14.2.0/opt/sphenix/core/geant4.10.07.p04/bin:/usr/local/bin:/usr/bin:/usr/local/sbin:/usr/sbin
SINGULARITY_CACHEDIR=/home/condor/local/sphnx/execute/dir_2435177
_CONDOR_ANCESTOR_317652=317699:1756523315:1303912541
_CONDOR_CHIRP_CONFIG=/home/condor/local/sphnx/execute/dir_2435177/.chirp.config
_CONDOR_JOB_IWD=/sphenix/user/samfred/run25/ppg11/histmaking
G4ENSDFSTATEDATA=/cvmfs/sphenix.sdcc.bnl.gov/alma9.2-gcc-14.2.0/opt/sphenix/core/geant4.10.07.p04/share/Geant4-10.7.4/data/G4ENSDFSTATE2.3
_CONDOR_MACHINE_AD=/home/condor/local/sphnx/execute/dir_2435177/.machine.ad
ROOT_MAX_THREADS=1
NUMEXPR_NUM_THREADS=1
CUBACORES=1
_CHIRP_DELAYED_UPDATE_PREFIX=Chirp*
OMP_THREAD_LIMIT=1
G4PIIDATA=/cvmfs/sphenix.sdcc.bnl.gov/alma9.2-gcc-14.2.0/opt/sphenix/core/geant4.10.07.p04/share/Geant4-10.7.4/data/G4PII1.3
NO_AT_BRIDGE=1
G4_MAIN=/cvmfs/sphenix.sdcc.bnl.gov/alma9.2-gcc-14.2.0/opt/sphenix/core/geant4.10.07.p04
COMPILER_PATH=/cvmfs/sphenix.sdcc.bnl.gov/alma9.2-gcc-14.2.0/opt/sphenix/core/gcc/14.2.0-2f0a0/x86_64-el9
ROOT_INCLUDE_PATH=./:/sphenix/user/samfred/run25/install//include:/sphenix/user/samfred/run25/install//include/caloana:/sphenix/user/samfred/run25/install//include/qa_centrality:/sphenix/user/samfred/run25/install//include/mbdana:/sphenix/user/samfred/run25/install//include/centrality:/sphenix/user/samfred/run25/install//include/Event:/cvmfs/sphenix.sdcc.bnl.gov/alma9.2-gcc-14.2.0/release/release_new/new.10/include:/cvmfs/sphenix.sdcc.bnl.gov/alma9.2-gcc-14.2.0/release/release_new/new.10/include:/cvmfs/sphenix.sdcc.bnl.gov/alma9.2-gcc-14.2.0/release/release_new/new.10/include/g4mbd:/cvmfs/sphenix.sdcc.bnl.gov/alma9.2-gcc-14.2.0/release/release_new/new.10/include/fmt:/cvmfs/sphenix.sdcc.bnl.gov/alma9.2-gcc-14.2.0/release/release_new/new.10/include/ffarawobjects:/cvmfs/sphenix.sdcc.bnl.gov/alma9.2-gcc-14.2.0/release/release_new/new.10/include/JSON:/cvmfs/sphenix.sdcc.bnl.gov/alma9.2-gcc-14.2.0/release/release_new/new.10/include/calotreegen:/cvmfs/sphenix.sdcc.bnl.gov/alma9.2-gcc-14.2.0/release/release_new/new.10/include/torch:/cvmfs/sphenix.sdcc.bnl.gov/alma9.2-gcc-14.2.0/release/release_new/new.10/include/g4detectors:/cvmfs/sphenix.sdcc.bnl.gov/alma9.2-gcc-14.2.0/release/release_new/new.10/include/kineto:/cvmfs/sphenix.sdcc.bnl.gov/alma9.2-gcc-14.2.0/release/release_new/new.10/include/g4decayer:/cvmfs/sphenix.sdcc.bnl.gov/alma9.2-gcc-14.2.0/release/release_new/new.10/include/kfparticleqa:/cvmfs/sphenix.sdcc.bnl.gov/alma9.2-gcc-14.2.0/release/release_new/new.10/include/phfield:/cvmfs/sphenix.sdcc.bnl.gov/alma9.2-gcc-14.2.0/release/release_new/new.10/include/LHAPDF:/cvmfs/sphenix.sdcc.bnl.gov/alma9.2-gcc-14.2.0/release/release_new/new.10/include/readdigitalcurrents:/cvmfs/sphenix.sdcc.bnl.gov/alma9.2-gcc-14.2.0/release/release_new/new.10/include/c10:/cvmfs/sphenix.sdcc.bnl.gov/alma9.2-gcc-14.2.0/release/release_new/new.10/include/calovalid:/cvmfs/sphenix.sdcc.bnl.gov/alma9.2-gcc-14.2.0/release/release_new/new.10/include/oneapi:/cvmfs/sphenix.sdcc.bnl.gov/alma9.2-gcc-14.2.0/release/release_new/new.10/include/DDCond:/cvmfs/sphenix.sdcc.bnl.gov/alma9.2-gcc-14.2.0/release/release_new/new.10/include/g4tracking:/cvmfs/sphenix.sdcc.bnl.gov/alma9.2-gcc-14.2.0/release/release_new/new.10/include/litecaloeval:/cvmfs/sphenix.sdcc.bnl.gov/alma9.2-gcc-14.2.0/release/release_new/new.10/include/g4intt:/cvmfs/sphenix.sdcc.bnl.gov/alma9.2-gcc-14.2.0/release/release_new/new.10/include/phool:/cvmfs/sphenix.sdcc.bnl.gov/alma9.2-gcc-14.2.0/release/release_new/new.10/include/boost:/cvmfs/sphenix.sdcc.bnl.gov/alma9.2-gcc-14.2.0/release/release_new/new.10/include/Pythia8Plugins:/cvmfs/sphenix.sdcc.bnl.gov/alma9.2-gcc-14.2.0/release/release_new/new.10/include/calib_emc_pi0:/cvmfs/sphenix.sdcc.bnl.gov/alma9.2-gcc-14.2.0/release/release_new/new.10/include/hijingflipafterburner:/cvmfs/sphenix.sdcc.bnl.gov/alma9.2-gcc-14.2.0/release/release_new/new.10/include/ffaobjects:/cvmfs/sphenix.sdcc.bnl.gov/alma9.2-gcc-14.2.0/release/release_new/new.10/include/EvtGenBase:/cvmfs/sphenix.sdcc.bnl.gov/alma9.2-gcc-14.2.0/release/release_new/new.10/include/flowafterburner:/cvmfs/sphenix.sdcc.bnl.gov/alma9.2-gcc-14.2.0/release/release_new/new.10/include/google:/cvmfs/sphenix.sdcc.bnl.gov/alma9.2-gcc-14.2.0/release/release_new/new.10/include/g4tpc:/cvmfs/sphenix.sdcc.bnl.gov/alma9.2-gcc-14.2.0/release/release_new/new.10/include/caffe2:/cvmfs/sphenix.sdcc.bnl.gov/alma9.2-gcc-14.2.0/release/release_new/new.10/include/EvtGenExternal:/cvmfs/sphenix.sdcc.bnl.gov/alma9.2-gcc-14.2.0/release/release_new/new.10/include/fp16:/cvmfs/sphenix.sdcc.bnl.gov/alma9.2-gcc-14.2.0/release/release_new/new.10/include/ffamodules:/cvmfs/sphenix.sdcc.bnl.gov/alma9.2-gcc-14.2.0/release/release_new/new.10/include/uspin:/cvmfs/sphenix.sdcc.bnl.gov/alma9.2-gcc-14.2.0/release/release_new/new.10/include/Herwig:/cvmfs/sphenix.sdcc.bnl.gov/alma9.2-gcc-14.2.0/release/release_new/new.10/include/genfitexp:/cvmfs/sphenix.sdcc.bnl.gov/alma9.2-gcc-14.2.0/release/release_new/new.10/include/XML:/cvmfs/sphenix.sdcc.bnl.gov/alma9.2-gcc-14.2.0/release/release_new/new.10/include/fbgemm:/cvmfs/sphenix.sdcc.bnl.gov/alma9.2-gcc-14.2.0/release/release_new/new.10/include/DDAlign:/cvmfs/sphenix.sdcc.bnl.gov/alma9.2-gcc-14.2.0/release/release_new/new.10/include/g4mvtx:/cvmfs/sphenix.sdcc.bnl.gov/alma9.2-gcc-14.2.0/release/release_new/new.10/include/kfparticle_sphenix:/cvmfs/sphenix.sdcc.bnl.gov/alma9.2-gcc-14.2.0/release/release_new/new.10/include/fun4all:/cvmfs/sphenix.sdcc.bnl.gov/alma9.2-gcc-14.2.0/release/release_new/new.10/include/intt:/cvmfs/sphenix.sdcc.bnl.gov/alma9.2-gcc-14.2.0/release/release_new/new.10/include/eventdisplay:/cvmfs/sphenix.sdcc.bnl.gov/alma9.2-gcc-14.2.0/release/release_new/new.10/include/EvtGen:/cvmfs/sphenix.sdcc.bnl.gov/alma9.2-gcc-14.2.0/release/release_new/new.10/include/Evaluator:/cvmfs/sphenix.sdcc.bnl.gov/alma9.2-gcc-14.2.0/release/release_new/new.10/include/tpc:/cvmfs/sphenix.sdcc.bnl.gov/alma9.2-gcc-14.2.0/release/release_new/new.10/include/GenFit:/cvmfs/sphenix.sdcc.bnl.gov/alma9.2-gcc-14.2.0/release/release_new/new.10/include/prototype4:/cvmfs/sphenix.sdcc.bnl.gov/alma9.2-gcc-14.2.0/release/release_new/new.10/include/caloembedding:/cvmfs/sphenix.sdcc.bnl.gov/alma9.2-gcc-14.2.0/release/release_new/new.10/include/EvtGenModels:/cvmfs/sphenix.sdcc.bnl.gov/alma9.2-gcc-14.2.0/release/release_new/new.10/include/fastjet:/cvmfs/sphenix.sdcc.bnl.gov/alma9.2-gcc-14.2.0/release/release_new/new.10/include/DDG4:/cvmfs/sphenix.sdcc.bnl.gov/alma9.2-gcc-14.2.0/release/release_new/new.10/include/mbd:/cvmfs/sphenix.sdcc.bnl.gov/alma9.2-gcc-14.2.0/release/release_new/new.10/include/tbb:/cvmfs/sphenix.sdcc.bnl.gov/alma9.2-gcc-14.2.0/release/release_new/new.10/include/phgeom:/cvmfs/sphenix.sdcc.bnl.gov/alma9.2-gcc-14.2.0/release/release_new/new.10/include/g4epd:/cvmfs/sphenix.sdcc.bnl.gov/alma9.2-gcc-14.2.0/release/release_new/new.10/include/oncal:/cvmfs/sphenix.sdcc.bnl.gov/alma9.2-gcc-14.2.0/release/release_new/new.10/include/pybind11:/cvmfs/sphenix.sdcc.bnl.gov/alma9.2-gcc-14.2.0/release/release_new/new.10/include/tpcdistgenerator:/cvmfs/sphenix.sdcc.bnl.gov/alma9.2-gcc-14.2.0/release/release_new/new.10/include/cdbobjects:/cvmfs/sphenix.sdcc.bnl.gov/alma9.2-gcc-14.2.0/release/release_new/new.10/include/g4micromegas:/cvmfs/sphenix.sdcc.bnl.gov/alma9.2-gcc-14.2.0/release/release_new/new.10/include/g4eval:/cvmfs/sphenix.sdcc.bnl.gov/alma9.2-gcc-14.2.0/release/release_new/new.10/include/jetbackground:/cvmfs/sphenix.sdcc.bnl.gov/alma9.2-gcc-14.2.0/release/release_new/new.10/include/micromegas:/cvmfs/sphenix.sdcc.bnl.gov/alma9.2-gcc-14.2.0/release/release_new/new.10/include/hftrackefficiency:/cvmfs/sphenix.sdcc.bnl.gov/alma9.2-gcc-14.2.0/release/release_new/new.10/include/inttrawhitqa:/cvmfs/sphenix.sdcc.bnl.gov/alma9.2-gcc-14.2.0/release/release_new/new.10/include/centrality:/cvmfs/sphenix.sdcc.bnl.gov/alma9.2-gcc-14.2.0/release/release_new/new.10/include/epd:/cvmfs/sphenix.sdcc.bnl.gov/alma9.2-gcc-14.2.0/release/release_new/new.10/include/caloreco:/cvmfs/sphenix.sdcc.bnl.gov/alma9.2-gcc-14.2.0/release/release_new/new.10/include/HepMC:/cvmfs/sphenix.sdcc.bnl.gov/alma9.2-gcc-14.2.0/release/release_new/new.10/include/CLHEP:/cvmfs/sphenix.sdcc.bnl.gov/alma9.2-gcc-14.2.0/release/release_new/new.10/include/Acts:/cvmfs/sphenix.sdcc.bnl.gov/alma9.2-gcc-14.2.0/release/release_new/new.10/include/g4histos:/cvmfs/sphenix.sdcc.bnl.gov/alma9.2-gcc-14.2.0/release/release_new/new.10/include/eventplaneinfo:/cvmfs/sphenix.sdcc.bnl.gov/alma9.2-gcc-14.2.0/release/release_new/new.10/include/fillspacechargemaps:/cvmfs/sphenix.sdcc.bnl.gov/alma9.2-gcc-14.2.0/release/release_new/new.10/include/phhepmc:/cvmfs/sphenix.sdcc.bnl.gov/alma9.2-gcc-14.2.0/release/release_new/new.10/include/trackingqa:/cvmfs/sphenix.sdcc.bnl.gov/alma9.2-gcc-14.2.0/release/release_new/new.10/include/qautils:/cvmfs/sphenix.sdcc.bnl.gov/alma9.2-gcc-14.2.0/release/release_new/new.10/include/trackreco:/cvmfs/sphenix.sdcc.bnl.gov/alma9.2-gcc-14.2.0/release/release_new/new.10/include/g4ohcal:/cvmfs/sphenix.sdcc.bnl.gov/alma9.2-gcc-14.2.0/release/release_new/new.10/include/tpcdvcalib:/cvmfs/sphenix.sdcc.bnl.gov/alma9.2-gcc-14.2.0/release/release_new/new.10/include/zdcinfo:/cvmfs/sphenix.sdcc.bnl.gov/alma9.2-gcc-14.2.0/release/release_new/new.10/include/phpythia8:/cvmfs/sphenix.sdcc.bnl.gov/alma9.2-gcc-14.2.0/release/release_new/new.10/include/fun4allutils:/cvmfs/sphenix.sdcc.bnl.gov/alma9.2-gcc-14.2.0/release/release_new/new.10/include/tpcqa:/cvmfs/sphenix.sdcc.bnl.gov/alma9.2-gcc-14.2.0/release/release_new/new.10/include/Pythia8:/cvmfs/sphenix.sdcc.bnl.gov/alma9.2-gcc-14.2.0/release/release_new/new.10/include/DDRec:/cvmfs/sphenix.sdcc.bnl.gov/alma9.2-gcc-14.2.0/release/release_new/new.10/include/DDDigi:/cvmfs/sphenix.sdcc.bnl.gov/alma9.2-gcc-14.2.0/release/release_new/new.10/include/g4ihcal:/cvmfs/sphenix.sdcc.bnl.gov/alma9.2-gcc-14.2.0/release/release_new/new.10/include/frog:/cvmfs/sphenix.sdcc.bnl.gov/alma9.2-gcc-14.2.0/release/release_new/new.10/include/eigen3:/cvmfs/sphenix.sdcc.bnl.gov/alma9.2-gcc-14.2.0/release/release_new/new.10/include/tensorpipe:/cvmfs/sphenix.sdcc.bnl.gov/alma9.2-gcc-14.2.0/release/release_new/new.10/include/sphenixnpc:/cvmfs/sphenix.sdcc.bnl.gov/alma9.2-gcc-14.2.0/release/release_new/new.10/include/siscone:/cvmfs/sphenix.sdcc.bnl.gov/alma9.2-gcc-14.2.0/release/release_new/new.10/include/pmonitor:/cvmfs/sphenix.sdcc.bnl.gov/alma9.2-gcc-14.2.0/release/release_new/new.10/include/calobase:/cvmfs/sphenix.sdcc.bnl.gov/alma9.2-gcc-14.2.0/release/release_new/new.10/include/ActsExamples:/cvmfs/sphenix.sdcc.bnl.gov/alma9.2-gcc-14.2.0/release/release_new/new.10/include/g4gdml:/cvmfs/sphenix.sdcc.bnl.gov/alma9.2-gcc-14.2.0/release/release_new/new.10/include/mvtx_decoder:/cvmfs/sphenix.sdcc.bnl.gov/alma9.2-gcc-14.2.0/release/release_new/new.10/include/ROOT:/cvmfs/sphenix.sdcc.bnl.gov/alma9.2-gcc-14.2.0/release/release_new/new.10/include/phparameter:/cvmfs/sphenix.sdcc.bnl.gov/alma9.2-gcc-14.2.0/release/release_new/new.10/include/rsa:/cvmfs/sphenix.sdcc.bnl.gov/alma9.2-gcc-14.2.0/release/release_new/new.10/include/fun4allraw:/cvmfs/sphenix.sdcc.bnl.gov/alma9.2-gcc-14.2.0/release/release_new/new.10/include/trackbase_historic:/cvmfs/sphenix.sdcc.bnl.gov/alma9.2-gcc-14.2.0/release/release_new/new.10/include/g4jets:/cvmfs/sphenix.sdcc.bnl.gov/alma9.2-gcc-14.2.0/release/release_new/new.10/include/jetqa:/cvmfs/sphenix.sdcc.bnl.gov/alma9.2-gcc-14.2.0/release/release_new/new.10/include/phoolraw:/cvmfs/sphenix.sdcc.bnl.gov/alma9.2-gcc-14.2.0/release/release_new/new.10/include/g4calo:/cvmfs/sphenix.sdcc.bnl.gov/alma9.2-gcc-14.2.0/release/release_new/new.10/include/mvtxrawhitqa:/cvmfs/sphenix.sdcc.bnl.gov/alma9.2-gcc-14.2.0/release/release_new/new.10/include/HepMC3:/cvmfs/sphenix.sdcc.bnl.gov/alma9.2-gcc-14.2.0/release/release_new/new.10/include/calowaveformsim:/cvmfs/sphenix.sdcc.bnl.gov/alma9.2-gcc-14.2.0/release/release_new/new.10/include/g4caloprototype:/cvmfs/sphenix.sdcc.bnl.gov/alma9.2-gcc-14.2.0/release/release_new/new.10/include/pdbcalbase:/cvmfs/sphenix.sdcc.bnl.gov/alma9.2-gcc-14.2.0/release/release_new/new.10/include/gsl:/cvmfs/sphenix.sdcc.bnl.gov/alma9.2-gcc-14.2.0/release/release_new/new.10/include/nodedump:/cvmfs/sphenix.sdcc.bnl.gov/alma9.2-gcc-14.2.0/release/release_new/new.10/include/emcnoisytowerfinder:/cvmfs/sphenix.sdcc.bnl.gov/alma9.2-gcc-14.2.0/release/release_new/new.10/include/ActsFatras:/cvmfs/sphenix.sdcc.bnl.gov/alma9.2-gcc-14.2.0/release/release_new/new.10/include/ffarawmodules:/cvmfs/sphenix.sdcc.bnl.gov/alma9.2-gcc-14.2.0/release/release_new/new.10/include/Event:/cvmfs/sphenix.sdcc.bnl.gov/alma9.2-gcc-14.2.0/release/release_new/new.10/include/prototype3:/cvmfs/sphenix.sdcc.bnl.gov/alma9.2-gcc-14.2.0/release/release_new/new.10/include/fermimotionafterburner:/cvmfs/sphenix.sdcc.bnl.gov/alma9.2-gcc-14.2.0/release/release_new/new.10/include/Photos:/cvmfs/sphenix.sdcc.bnl.gov/alma9.2-gcc-14.2.0/release/release_new/new.10/include/xingshiftcal:/cvmfs/sphenix.sdcc.bnl.gov/alma9.2-gcc-14.2.0/release/release_new/new.10/include/trackbase:/cvmfs/sphenix.sdcc.bnl.gov/alma9.2-gcc-14.2.0/release/release_new/new.10/include/jetdstskimmer:/cvmfs/sphenix.sdcc.bnl.gov/alma9.2-gcc-14.2.0/release/release_new/new.10/include/clusteriso:/cvmfs/sphenix.sdcc.bnl.gov/alma9.2-gcc-14.2.0/release/release_new/new.10/include/asmjit:/cvmfs/sphenix.sdcc.bnl.gov/alma9.2-gcc-14.2.0/release/release_new/new.10/include/particleflowreco:/cvmfs/sphenix.sdcc.bnl.gov/alma9.2-gcc-14.2.0/release/release_new/new.10/include/tpchittrackdisplay:/cvmfs/sphenix.sdcc.bnl.gov/alma9.2-gcc-14.2.0/release/release_new/new.10/include/caloana:/cvmfs/sphenix.sdcc.bnl.gov/alma9.2-gcc-14.2.0/release/release_new/new.10/include/calotrigger:/cvmfs/sphenix.sdcc.bnl.gov/alma9.2-gcc-14.2.0/release/release_new/new.10/include/nopayloadclient:/cvmfs/sphenix.sdcc.bnl.gov/alma9.2-gcc-14.2.0/release/release_new/new.10/include/trackermillepedealignment:/cvmfs/sphenix.sdcc.bnl.gov/alma9.2-gcc-14.2.0/release/release_new/new.10/include/DD4hep:/cvmfs/sphenix.sdcc.bnl.gov/alma9.2-gcc-14.2.0/release/release_new/new.10/include/g4trackfastsim:/cvmfs/sphenix.sdcc.bnl.gov/alma9.2-gcc-14.2.0/release/release_new/new.10/include/prototype2:/cvmfs/sphenix.sdcc.bnl.gov/alma9.2-gcc-14.2.0/release/release_new/new.10/include/ATen:/cvmfs/sphenix.sdcc.bnl.gov/alma9.2-gcc-14.2.0/release/release_new/new.10/include/g4main:/cvmfs/sphenix.sdcc.bnl.gov/alma9.2-gcc-14.2.0/release/release_new/new.10/include/Tauola:/cvmfs/sphenix.sdcc.bnl.gov/alma9.2-gcc-14.2.0/release/release_new/new.10/include/inttcalib:/cvmfs/sphenix.sdcc.bnl.gov/alma9.2-gcc-14.2.0/release/release_new/new.10/include/reactionplaneafterburner:/cvmfs/sphenix.sdcc.bnl.gov/alma9.2-gcc-14.2.0/release/release_new/new.10/include/globalqa:/cvmfs/sphenix.sdcc.bnl.gov/alma9.2-gcc-14.2.0/release/release_new/new.10/include/tpccalib:/cvmfs/sphenix.sdcc.bnl.gov/alma9.2-gcc-14.2.0/release/release_new/new.10/include/DDSegmentation:/cvmfs/sphenix.sdcc.bnl.gov/alma9.2-gcc-14.2.0/release/release_new/new.10/include/decayfinder:/cvmfs/sphenix.sdcc.bnl.gov/alma9.2-gcc-14.2.0/release/release_new/new.10/include/compressclus:/cvmfs/sphenix.sdcc.bnl.gov/alma9.2-gcc-14.2.0/release/release_new/new.10/include/simqa_modules:/cvmfs/sphenix.sdcc.bnl.gov/alma9.2-gcc-14.2.0/release/release_new/new.10/include/resonancejettagging:/cvmfs/sphenix.sdcc.bnl.gov/alma9.2-gcc-14.2.0/release/release_new/new.10/include/g4centrality:/cvmfs/sphenix.sdcc.bnl.gov/alma9.2-gcc-14.2.0/release/release_new/new.10/include/mvtx:/cvmfs/sphenix.sdcc.bnl.gov/alma9.2-gcc-14.2.0/release/release_new/new.10/include/nlohmann:/cvmfs/sphenix.sdcc.bnl.gov/alma9.2-gcc-14.2.0/release/release_new/new.10/include/localpoloffmon:/cvmfs/sphenix.sdcc.bnl.gov/alma9.2-gcc-14.2.0/release/release_new/new.10/include/DDEve:/cvmfs/sphenix.sdcc.bnl.gov/alma9.2-gcc-14.2.0/release/release_new/new.10/include/Parsers:/cvmfs/sphenix.sdcc.bnl.gov/alma9.2-gcc-14.2.0/release/release_new/new.10/include/trackingdiagnostics:/cvmfs/sphenix.sdcc.bnl.gov/alma9.2-gcc-14.2.0/release/release_new/new.10/include/g4vertex:/cvmfs/sphenix.sdcc.bnl.gov/alma9.2-gcc-14.2.0/release/release_new/new.10/include/jetbase:/cvmfs/sphenix.sdcc.bnl.gov/alma9.2-gcc-14.2.0/release/release_new/new.10/include/globalvertex:/cvmfs/sphenix.sdcc.bnl.gov/alma9.2-gcc-14.2.0/release/release_new/new.10/include/phgenfit:/cvmfs/sphenix.sdcc.bnl.gov/alma9.2-gcc-14.2.0/release/release_new/new.10/include/rawbcolumi:/cvmfs/sphenix.sdcc.bnl.gov/alma9.2-gcc-14.2.0/release/release_new/new.10/include/eicsmear:/cvmfs/sphenix.sdcc.bnl.gov/alma9.2-gcc-14.2.0/release/release_new/new.10/include/mvtxcalib:/cvmfs/sphenix.sdcc.bnl.gov/alma9.2-gcc-14.2.0/release/release_new/new.10/include/tpclinelaserdiode:/cvmfs/sphenix.sdcc.bnl.gov/alma9.2-gcc-14.2.0/release/release_new/new.10/include/hepmcjettrigger:/cvmfs/sphenix.sdcc.bnl.gov/alma9.2-gcc-14.2.0/release/release_new/new.10/include/core:/cvmfs/sphenix.sdcc.bnl.gov/alma9.2-gcc-14.2.0/release/release_new/new.10/include/calo_cdb:/cvmfs/sphenix.sdcc.bnl.gov/alma9.2-gcc-14.2.0/release/release_new/new.10/include/mvtxclustershapesqa:/cvmfs/sphenix.sdcc.bnl.gov/alma9.2-gcc-14.2.0/release/release_new/new.10/include/calopacketskimmer:/cvmfs/sphenix.sdcc.bnl.gov/alma9.2-gcc-14.2.0/opt/sphenix/core/geant4.10.07.p04/include:/cvmfs/sphenix.sdcc.bnl.gov/alma9.2-gcc-14.2.0/release/release_new/new.10/rootmacros:/cvmfs/sphenix.sdcc.bnl.gov/alma9.2-gcc-14.2.0/opt/sphenix/core/include
GSEARCHPATH=.:PG:LUSTRE:RAWDATA
PWD=/gpfs/mnt/gpfs02/sphenix/user/samfred/run25/ppg11/histmaking
LOGNAME=samfred
_CONDOR_ANCESTOR_2435177=2437582:1759352708:1559540023
_CONDOR_JOB_AD=/home/condor/local/sphnx/execute/dir_2435177/.job.ad
MANPATH=/cvmfs/sphenix.sdcc.bnl.gov/alma9.2-gcc-14.2.0/opt/sphenix/core/gcc/14.2.0-2f0a0/x86_64-el9/share/man:/cvmfs/sphenix.sdcc.bnl.gov/alma9.2-gcc-14.2.0/opt/sphenix/core/binutils/2.40-acaab/x86_64-el9/share/man:/cvmfs/sphenix.sdcc.bnl.gov/alma9.2-gcc-14.2.0/release/release_new/new.10/share/man:/cvmfs/sphenix.sdcc.bnl.gov/alma9.2-gcc-14.2.0/opt/sphenix/utils/share/man:/cvmfs/sphenix.sdcc.bnl.gov/alma9.2-gcc-14.2.0/opt/sphenix/core/share/man:/cvmfs/sphenix.sdcc.bnl.gov/alma9.2-gcc-14.2.0/opt/sphenix/core/root-6.32.06/man:/usr/local/share/man:/usr/share/man
PYTHIA8=/cvmfs/sphenix.sdcc.bnl.gov/alma9.2-gcc-14.2.0/release/release_new/new.10/share/Pythia8
G4INCLDATA=/cvmfs/sphenix.sdcc.bnl.gov/alma9.2-gcc-14.2.0/opt/sphenix/core/geant4.10.07.p04/share/Geant4-10.7.4/data/G4INCL1.0
ORIG_PATH=/usr/local/bin:/usr/bin
CXX=/cvmfs/sphenix.sdcc.bnl.gov/alma9.2-gcc-14.2.0/opt/sphenix/core/gcc/14.2.0-2f0a0/x86_64-el9/bin/g++
G4LEDATA=/cvmfs/sphenix.sdcc.bnl.gov/alma9.2-gcc-14.2.0/opt/sphenix/core/geant4.10.07.p04/share/Geant4-10.7.4/data/G4EMLOW7.13
PYTHON_CPU_COUNT=1
OPENBLAS_NUM_THREADS=1
_CONDOR_BIN=/usr/bin
HOME=/sphenix/u/samfred
G4PARTICLEXSDATA=/cvmfs/sphenix.sdcc.bnl.gov/alma9.2-gcc-14.2.0/opt/sphenix/core/geant4.10.07.p04/share/Geant4-10.7.4/data/G4PARTICLEXS3.1.1
ONLINE_MAIN=/cvmfs/sphenix.sdcc.bnl.gov/alma9.2-gcc-14.2.0/release/release_new/new.10
CALIBRATIONROOT=/cvmfs/sphenix.sdcc.bnl.gov/alma9.2-gcc-14.2.0/release/release_new/new.10/share/calibrations
TMPDIR=/tmp
_CONDOR_SCRATCH_DIR=/home/condor/local/sphnx/execute/dir_2435177
PGUSER=phnxrc
NOPAYLOADCLIENT_CONF=/cvmfs/sphenix.sdcc.bnl.gov/alma9.2-gcc-14.2.0/opt/sphenix/core/etc/sPHENIX_newcdb.json
XERCESCROOT=/cvmfs/sphenix.sdcc.bnl.gov/alma9.2-gcc-14.2.0/opt/sphenix/core/geant4.10.07.p04
LHAPATH=/cvmfs/sphenix.sdcc.bnl.gov/alma9.2-gcc-14.2.0/opt/sphenix/core/lhapdf-5.9.1/share/lhapdf/PDFsets
G4NEUTRONHPDATA=/cvmfs/sphenix.sdcc.bnl.gov/alma9.2-gcc-14.2.0/opt/sphenix/core/geant4.10.07.p04/share/Geant4-10.7.4/data/G4NDL4.6
PYTHONPATH=.:/cvmfs/sphenix.sdcc.bnl.gov/alma9.2-gcc-14.2.0/release/release_new/new.10/lib/python3.13/site-packages:/cvmfs/sphenix.sdcc.bnl.gov/alma9.2-gcc-14.2.0/opt/sphenix/core/lib/python3.13/site-packages:/cvmfs/sphenix.sdcc.bnl.gov/alma9.2-gcc-14.2.0/opt/sphenix/core/root-6.32.06/lib
USER=samfred
_CONDOR_JOB_PIDS=
TEMP=/tmp
GOMAXPROCS=1
OFFLINE_MAIN=/cvmfs/sphenix.sdcc.bnl.gov/alma9.2-gcc-14.2.0/release/release_new/new.10
SHLVL=1
TF_NUM_THREADS=1
G4SAIDXSDATA=/cvmfs/sphenix.sdcc.bnl.gov/alma9.2-gcc-14.2.0/opt/sphenix/core/geant4.10.07.p04/share/Geant4-10.7.4/data/G4SAIDDATA2.0
APPTAINER_CACHEDIR=/home/condor/local/sphnx/execute/dir_2435177
ROOTSYS=/cvmfs/sphenix.sdcc.bnl.gov/alma9.2-gcc-14.2.0/opt/sphenix/core/root-6.32.06
BATCH_SYSTEM=HTCondor
_CONDOR_SLOT=slot1_34
LD_LIBRARY_PATH=/sphenix/user/samfred/run25/install//lib:/cvmfs/sphenix.sdcc.bnl.gov/alma9.2-gcc-14.2.0/opt/sphenix/core/gcc/14.2.0-2f0a0/x86_64-el9/lib:/cvmfs/sphenix.sdcc.bnl.gov/alma9.2-gcc-14.2.0/opt/sphenix/core/gcc/14.2.0-2f0a0/x86_64-el9/lib64:/cvmfs/sphenix.sdcc.bnl.gov/alma9.2-gcc-14.2.0/opt/sphenix/core/binutils/2.40-acaab/x86_64-el9/lib:.:/cvmfs/sphenix.sdcc.bnl.gov/alma9.2-gcc-14.2.0/release/release_new/new.10/lib64:/cvmfs/sphenix.sdcc.bnl.gov/alma9.2-gcc-14.2.0/release/release_new/new.10/lib:/cvmfs/sphenix.sdcc.bnl.gov/alma9.2-gcc-14.2.0/opt/sphenix/utils/lib:/cvmfs/sphenix.sdcc.bnl.gov/alma9.2-gcc-14.2.0/opt/sphenix/core/lib:/cvmfs/sphenix.sdcc.bnl.gov/alma9.2-gcc-14.2.0/opt/sphenix/core/root-6.32.06/lib:/cvmfs/sphenix.sdcc.bnl.gov/alma9.2-gcc-14.2.0/opt/sphenix/core/geant4.10.07.p04/lib64:/cvmfs/sphenix.sdcc.bnl.gov/alma9.2-gcc-14.2.0/opt/sphenix/core/lhapdf-5.9.1/lib:/usr/local/lib64:/usr/lib64
OPT_SPHENIX=/cvmfs/sphenix.sdcc.bnl.gov/alma9.2-gcc-14.2.0/opt/sphenix/core
TF_LOOP_PARALLEL_ITERATIONS=1
_CONDOR_ANCESTOR_317699=2435177:1759352708:2446911807
EVT_LIB=/cvmfs/sphenix.sdcc.bnl.gov/alma9.2-gcc-14.2.0/opt/sphenix/core/root-6.32.06/lib
PGHOST=sphnxdbmaster.sdcc.bnl.gov
OMP_NUM_THREADS=1
G4REALSURFACEDATA=/cvmfs/sphenix.sdcc.bnl.gov/alma9.2-gcc-14.2.0/opt/sphenix/core/geant4.10.07.p04/share/Geant4-10.7.4/data/RealSurface2.2
FC=/cvmfs/sphenix.sdcc.bnl.gov/alma9.2-gcc-14.2.0/opt/sphenix/core/gcc/14.2.0-2f0a0/x86_64-el9/bin/gfortran
G4ABLADATA=/cvmfs/sphenix.sdcc.bnl.gov/alma9.2-gcc-14.2.0/opt/sphenix/core/geant4.10.07.p04/share/Geant4-10.7.4/data/G4ABLA3.1
PARASOFT=doesnotexist
TMP=/tmp
OPT_UTILS=/cvmfs/sphenix.sdcc.bnl.gov/alma9.2-gcc-14.2.0/opt/sphenix/utils
CONFIG_SITE=/cvmfs/sphenix.sdcc.bnl.gov/alma9.2-gcc-14.2.0/opt/sphenix/core/etc/config.site
PATH=/sphenix/user/samfred/run25/install//bin:/cvmfs/sphenix.sdcc.bnl.gov/alma9.2-gcc-14.2.0/opt/sphenix/core/gcc/14.2.0-2f0a0/x86_64-el9/bin:/cvmfs/sphenix.sdcc.bnl.gov/alma9.2-gcc-14.2.0/opt/sphenix/core/binutils/2.40-acaab/x86_64-el9/bin:.:/cvmfs/sphenix.sdcc.bnl.gov/alma9.2-gcc-14.2.0/release/release_new/new.10/bin:/cvmfs/sphenix.sdcc.bnl.gov/alma9.2-gcc-14.2.0/opt/sphenix/utils/bin:/cvmfs/sphenix.sdcc.bnl.gov/alma9.2-gcc-14.2.0/opt/sphenix/core/bin:/cvmfs/sphenix.sdcc.bnl.gov/alma9.2-gcc-14.2.0/opt/sphenix/core/root-6.32.06/bin:/cvmfs/sphenix.sdcc.bnl.gov/alma9.2-gcc-14.2.0/opt/sphenix/core/geant4.10.07.p04/bin:/usr/local/bin:/usr/bin:/usr/local/sbin:/usr/sbin
G4LEVELGAMMADATA=/cvmfs/sphenix.sdcc.bnl.gov/alma9.2-gcc-14.2.0/opt/sphenix/core/geant4.10.07.p04/share/Geant4-10.7.4/data/PhotonEvaporation5.7
CC=/cvmfs/sphenix.sdcc.bnl.gov/alma9.2-gcc-14.2.0/opt/sphenix/core/gcc/14.2.0-2f0a0/x86_64-el9/bin/gcc
G4RADIOACTIVEDATA=/cvmfs/sphenix.sdcc.bnl.gov/alma9.2-gcc-14.2.0/opt/sphenix/core/geant4.10.07.p04/share/Geant4-10.7.4/data/RadioactiveDecay5.6
JULIA_NUM_THREADS=1
MKL_NUM_THREADS=1
LHAPDF_DATA_PATH=/cvmfs/sphenix.sdcc.bnl.gov/alma9.2-gcc-14.2.0/release/release_new/new.10/share/LHAPDF
XPLOAD_CONFIG_DIR=/cvmfs/sphenix.sdcc.bnl.gov/alma9.2-gcc-14.2.0/opt/sphenix/core/etc
OLDPWD=/cvmfs/sphenix.sdcc.bnl.gov/alma9.2-gcc-14.2.0/release/release_new/new.10/geant4
_=/usr/bin/printenv
runnumber...
49962
trigger...

   ------------------------------------------------------------------
  | Welcome to ROOT 6.32.06                        https://root.cern |
  | (c) 1995-2024, The ROOT Team; conception: R. Brun, F. Rademakers |
  | Built for linuxx8664gcc on Dec 13 2024, 17:23:48                 |
  | From tags/6-32-06@6-32-06                                        |
  | With g++ (GCC) 14.2.0                                            |
  | Try '.help'/'.?', '.demo', '.license', '.credits', '.quit'/'.q'  |
   ------------------------------------------------------------------


Processing data_histmaker.C(49962)...
entry 11000/5508800 (0.199681%)
entry 14000/5508800 (0.254139%)
entry 15000/5508800 (0.272292%)
entry 17000/5508800 (0.308597%)
entry 23000/5508800 (0.417514%)
entry 24000/5508800 (0.435667%)
entry 26000/5508800 (0.471972%)
entry 28000/5508800 (0.508278%)
entry 29000/5508800 (0.52643%)
entry 34000/5508800 (0.617194%)
entry 37000/5508800 (0.671653%)
entry 39000/5508800 (0.707958%)
entry 40000/5508800 (0.726111%)
entry 49000/5508800 (0.889486%)
entry 50000/5508800 (0.907639%)
entry 54000/5508800 (0.98025%)
entry 55000/5508800 (0.998403%)
entry 58000/5508800 (1.05286%)
entry 59000/5508800 (1.07101%)
entry 63000/5508800 (1.14362%)
entry 64000/5508800 (1.16178%)
entry 65000/5508800 (1.17993%)
entry 66000/5508800 (1.19808%)
entry 69000/5508800 (1.25254%)
entry 72000/5508800 (1.307%)
entry 74000/5508800 (1.34331%)
entry 80000/5508800 (1.45222%)
entry 83000/5508800 (1.50668%)
entry 87000/5508800 (1.57929%)
entry 92000/5508800 (1.67006%)
entry 95000/5508800 (1.72451%)
entry 97000/5508800 (1.76082%)
entry 98000/5508800 (1.77897%)
entry 102000/5508800 (1.85158%)
entry 104000/5508800 (1.88789%)
entry 106000/5508800 (1.92419%)
entry 108000/5508800 (1.9605%)
entry 113000/5508800 (2.05126%)
entry 118000/5508800 (2.14203%)
entry 123000/5508800 (2.23279%)
entry 125000/5508800 (2.2691%)
entry 129000/5508800 (2.34171%)
entry 131000/5508800 (2.37801%)
entry 136000/5508800 (2.46878%)
entry 138000/5508800 (2.50508%)
entry 139000/5508800 (2.52324%)
entry 146000/5508800 (2.6503%)
entry 148000/5508800 (2.68661%)
entry 151000/5508800 (2.74107%)
entry 152000/5508800 (2.75922%)
entry 153000/5508800 (2.77737%)
entry 159000/5508800 (2.88629%)
entry 162000/5508800 (2.94075%)
entry 167000/5508800 (3.03151%)
entry 168000/5508800 (3.04967%)
entry 169000/5508800 (3.06782%)
entry 174000/5508800 (3.15858%)
entry 180000/5508800 (3.2675%)
entry 185000/5508800 (3.35826%)
entry 188000/5508800 (3.41272%)
entry 195000/5508800 (3.53979%)
entry 199000/5508800 (3.6124%)
entry 201000/5508800 (3.64871%)
entry 202000/5508800 (3.66686%)
entry 207000/5508800 (3.75762%)
entry 208000/5508800 (3.77578%)
entry 209000/5508800 (3.79393%)
entry 210000/5508800 (3.81208%)
entry 215000/5508800 (3.90285%)
entry 217000/5508800 (3.93915%)
entry 218000/5508800 (3.9573%)
entry 220000/5508800 (3.99361%)
entry 225000/5508800 (4.08437%)
entry 226000/5508800 (4.10253%)
entry 228000/5508800 (4.13883%)
entry 229000/5508800 (4.15699%)
entry 237000/5508800 (4.30221%)
entry 239000/5508800 (4.33851%)
entry 240000/5508800 (4.35667%)
entry 248000/5508800 (4.50189%)
entry 252000/5508800 (4.5745%)
entry 256000/5508800 (4.64711%)
entry 257000/5508800 (4.66526%)
entry 258000/5508800 (4.68342%)
entry 262000/5508800 (4.75603%)
entry 267000/5508800 (4.84679%)
entry 272000/5508800 (4.93755%)
entry 276000/5508800 (5.01017%)
entry 291000/5508800 (5.28246%)
entry 292000/5508800 (5.30061%)
entry 295000/5508800 (5.35507%)
entry 298000/5508800 (5.40953%)
entry 301000/5508800 (5.46398%)
entry 303000/5508800 (5.50029%)
entry 304000/5508800 (5.51844%)
entry 308000/5508800 (5.59105%)
entry 312000/5508800 (5.66367%)
entry 313000/5508800 (5.68182%)
entry 314000/5508800 (5.69997%)
entry 315000/5508800 (5.71812%)
entry 317000/5508800 (5.75443%)
entry 318000/5508800 (5.77258%)
entry 323000/5508800 (5.86335%)
entry 325000/5508800 (5.89965%)
entry 327000/5508800 (5.93596%)
entry 332000/5508800 (6.02672%)
entry 337000/5508800 (6.11748%)
entry 344000/5508800 (6.24455%)
entry 348000/5508800 (6.31717%)
entry 349000/5508800 (6.33532%)
entry 358000/5508800 (6.49869%)
entry 372000/5508800 (6.75283%)
entry 373000/5508800 (6.77098%)
entry 374000/5508800 (6.78914%)
entry 375000/5508800 (6.80729%)
entry 376000/5508800 (6.82544%)
entry 378000/5508800 (6.86175%)
entry 379000/5508800 (6.8799%)
entry 381000/5508800 (6.91621%)
entry 382000/5508800 (6.93436%)
entry 383000/5508800 (6.95251%)
entry 387000/5508800 (7.02512%)
entry 390000/5508800 (7.07958%)
entry 396000/5508800 (7.1885%)
entry 399000/5508800 (7.24296%)
entry 400000/5508800 (7.26111%)
entry 401000/5508800 (7.27926%)
entry 403000/5508800 (7.31557%)
entry 406000/5508800 (7.37003%)
entry 410000/5508800 (7.44264%)
entry 412000/5508800 (7.47894%)
entry 416000/5508800 (7.55155%)
entry 419000/5508800 (7.60601%)
entry 420000/5508800 (7.62416%)
entry 421000/5508800 (7.64232%)
entry 424000/5508800 (7.69678%)
entry 427000/5508800 (7.75123%)
entry 433000/5508800 (7.86015%)
entry 437000/5508800 (7.93276%)
entry 438000/5508800 (7.95091%)
entry 442000/5508800 (8.02353%)
entry 458000/5508800 (8.31397%)
entry 467000/5508800 (8.47735%)
entry 469000/5508800 (8.51365%)
entry 476000/5508800 (8.64072%)
entry 481000/5508800 (8.73148%)
entry 486000/5508800 (8.82225%)
entry 487000/5508800 (8.8404%)
entry 493000/5508800 (8.94932%)
entry 496000/5508800 (9.00378%)
entry 499000/5508800 (9.05823%)
entry 502000/5508800 (9.11269%)
entry 505000/5508800 (9.16715%)
entry 509000/5508800 (9.23976%)
entry 514000/5508800 (9.33053%)
entry 515000/5508800 (9.34868%)
entry 518000/5508800 (9.40314%)
entry 519000/5508800 (9.42129%)
entry 528000/5508800 (9.58466%)
entry 536000/5508800 (9.72989%)
entry 540000/5508800 (9.8025%)
entry 546000/5508800 (9.91141%)
entry 547000/5508800 (9.92957%)
entry 556000/5508800 (10.0929%)
entry 557000/5508800 (10.1111%)
entry 562000/5508800 (10.2019%)
entry 563000/5508800 (10.22%)
entry 564000/5508800 (10.2382%)
entry 565000/5508800 (10.2563%)
entry 567000/5508800 (10.2926%)
entry 570000/5508800 (10.3471%)
entry 571000/5508800 (10.3652%)
entry 572000/5508800 (10.3834%)
entry 577000/5508800 (10.4742%)
entry 578000/5508800 (10.4923%)
entry 582000/5508800 (10.5649%)
entry 583000/5508800 (10.5831%)
entry 588000/5508800 (10.6738%)
entry 589000/5508800 (10.692%)
entry 590000/5508800 (10.7101%)
entry 591000/5508800 (10.7283%)
entry 595000/5508800 (10.8009%)
entry 607000/5508800 (11.0187%)
entry 609000/5508800 (11.055%)
entry 611000/5508800 (11.0913%)
entry 612000/5508800 (11.1095%)
entry 613000/5508800 (11.1276%)
entry 614000/5508800 (11.1458%)
entry 616000/5508800 (11.1821%)
entry 627000/5508800 (11.3818%)
entry 629000/5508800 (11.4181%)
entry 632000/5508800 (11.4726%)
entry 633000/5508800 (11.4907%)
entry 635000/5508800 (11.527%)
entry 636000/5508800 (11.5452%)
entry 637000/5508800 (11.5633%)
entry 641000/5508800 (11.6359%)
entry 642000/5508800 (11.6541%)
entry 643000/5508800 (11.6722%)
entry 644000/5508800 (11.6904%)
entry 647000/5508800 (11.7448%)
entry 648000/5508800 (11.763%)
entry 651000/5508800 (11.8175%)
entry 655000/5508800 (11.8901%)
entry 656000/5508800 (11.9082%)
entry 657000/5508800 (11.9264%)
entry 660000/5508800 (11.9808%)
entry 661000/5508800 (11.999%)
entry 664000/5508800 (12.0534%)
entry 666000/5508800 (12.0897%)
entry 671000/5508800 (12.1805%)
entry 673000/5508800 (12.2168%)
entry 679000/5508800 (12.3257%)
entry 689000/5508800 (12.5073%)
entry 693000/5508800 (12.5799%)
entry 696000/5508800 (12.6343%)
entry 697000/5508800 (12.6525%)
entry 698000/5508800 (12.6706%)
entry 701000/5508800 (12.7251%)
entry 702000/5508800 (12.7432%)
entry 705000/5508800 (12.7977%)
entry 706000/5508800 (12.8159%)
entry 707000/5508800 (12.834%)
entry 724000/5508800 (13.1426%)
entry 733000/5508800 (13.306%)
entry 736000/5508800 (13.3604%)
entry 739000/5508800 (13.4149%)
entry 740000/5508800 (13.4331%)
entry 743000/5508800 (13.4875%)
entry 749000/5508800 (13.5964%)
entry 751000/5508800 (13.6327%)
entry 753000/5508800 (13.669%)
entry 756000/5508800 (13.7235%)
entry 757000/5508800 (13.7416%)
entry 760000/5508800 (13.7961%)
entry 761000/5508800 (13.8143%)
entry 770000/5508800 (13.9776%)
entry 778000/5508800 (14.1229%)
entry 781000/5508800 (14.1773%)
entry 795000/5508800 (14.4315%)
entry 796000/5508800 (14.4496%)
entry 798000/5508800 (14.4859%)
entry 801000/5508800 (14.5404%)
entry 803000/5508800 (14.5767%)
entry 805000/5508800 (14.613%)
entry 806000/5508800 (14.6311%)
entry 809000/5508800 (14.6856%)
entry 810000/5508800 (14.7037%)
entry 811000/5508800 (14.7219%)
entry 813000/5508800 (14.7582%)
entry 816000/5508800 (14.8127%)
entry 820000/5508800 (14.8853%)
entry 821000/5508800 (14.9034%)
entry 823000/5508800 (14.9397%)
entry 827000/5508800 (15.0123%)
entry 831000/5508800 (15.085%)
entry 833000/5508800 (15.1213%)
entry 835000/5508800 (15.1576%)
entry 838000/5508800 (15.212%)
entry 839000/5508800 (15.2302%)
entry 842000/5508800 (15.2846%)
entry 851000/5508800 (15.448%)
entry 852000/5508800 (15.4662%)
entry 853000/5508800 (15.4843%)
entry 857000/5508800 (15.5569%)
entry 865000/5508800 (15.7021%)
entry 869000/5508800 (15.7748%)
entry 877000/5508800 (15.92%)
entry 884000/5508800 (16.0471%)
entry 885000/5508800 (16.0652%)
entry 887000/5508800 (16.1015%)
entry 888000/5508800 (16.1197%)
entry 889000/5508800 (16.1378%)
entry 893000/5508800 (16.2104%)
entry 894000/5508800 (16.2286%)
entry 897000/5508800 (16.283%)
entry 900000/5508800 (16.3375%)
entry 905000/5508800 (16.4283%)
entry 906000/5508800 (16.4464%)
entry 909000/5508800 (16.5009%)
entry 915000/5508800 (16.6098%)
entry 924000/5508800 (16.7732%)
entry 930000/5508800 (16.8821%)
entry 931000/5508800 (16.9002%)
entry 939000/5508800 (17.0455%)
entry 940000/5508800 (17.0636%)
entry 943000/5508800 (17.1181%)
entry 945000/5508800 (17.1544%)
entry 948000/5508800 (17.2088%)
entry 951000/5508800 (17.2633%)
entry 961000/5508800 (17.4448%)
entry 963000/5508800 (17.4811%)
entry 964000/5508800 (17.4993%)
entry 965000/5508800 (17.5174%)
entry 971000/5508800 (17.6263%)
entry 972000/5508800 (17.6445%)
entry 983000/5508800 (17.8442%)
entry 985000/5508800 (17.8805%)
entry 986000/5508800 (17.8986%)
entry 988000/5508800 (17.9349%)
entry 991000/5508800 (17.9894%)
entry 996000/5508800 (18.0802%)
entry 997000/5508800 (18.0983%)
entry 998000/5508800 (18.1165%)
entry 999000/5508800 (18.1346%)
entry 1001000/5508800 (18.1709%)
entry 1007000/5508800 (18.2798%)
entry 1008000/5508800 (18.298%)
entry 1011000/5508800 (18.3525%)
entry 1013000/5508800 (18.3888%)
entry 1014000/5508800 (18.4069%)
entry 1020000/5508800 (18.5158%)
entry 1021000/5508800 (18.534%)
entry 1025000/5508800 (18.6066%)
entry 1028000/5508800 (18.6611%)
entry 1038000/5508800 (18.8426%)
entry 1042000/5508800 (18.9152%)
entry 1050000/5508800 (19.0604%)
entry 1053000/5508800 (19.1149%)
entry 1054000/5508800 (19.133%)
entry 1056000/5508800 (19.1693%)
entry 1061000/5508800 (19.2601%)
entry 1067000/5508800 (19.369%)
entry 1072000/5508800 (19.4598%)
entry 1073000/5508800 (19.4779%)
entry 1077000/5508800 (19.5505%)
entry 1081000/5508800 (19.6231%)
entry 1087000/5508800 (19.7321%)
entry 1088000/5508800 (19.7502%)
entry 1090000/5508800 (19.7865%)
entry 1091000/5508800 (19.8047%)
entry 1092000/5508800 (19.8228%)
entry 1093000/5508800 (19.841%)
entry 1096000/5508800 (19.8954%)
entry 1103000/5508800 (20.0225%)
entry 1104000/5508800 (20.0407%)
entry 1108000/5508800 (20.1133%)
entry 1111000/5508800 (20.1677%)
entry 1117000/5508800 (20.2766%)
entry 1119000/5508800 (20.313%)
entry 1133000/5508800 (20.5671%)
entry 1141000/5508800 (20.7123%)
entry 1148000/5508800 (20.8394%)
entry 1151000/5508800 (20.8938%)
entry 1153000/5508800 (20.9301%)
entry 1156000/5508800 (20.9846%)
entry 1157000/5508800 (21.0028%)
entry 1164000/5508800 (21.1298%)
entry 1165000/5508800 (21.148%)
entry 1172000/5508800 (21.2751%)
entry 1178000/5508800 (21.384%)
entry 1180000/5508800 (21.4203%)
entry 1182000/5508800 (21.4566%)
entry 1183000/5508800 (21.4747%)
entry 1184000/5508800 (21.4929%)
entry 1185000/5508800 (21.511%)
entry 1188000/5508800 (21.5655%)
entry 1190000/5508800 (21.6018%)
entry 1193000/5508800 (21.6563%)
entry 1195000/5508800 (21.6926%)
entry 1197000/5508800 (21.7289%)
entry 1205000/5508800 (21.8741%)
entry 1206000/5508800 (21.8922%)
entry 1207000/5508800 (21.9104%)
entry 1212000/5508800 (22.0012%)
entry 1214000/5508800 (22.0375%)
entry 1217000/5508800 (22.0919%)
entry 1219000/5508800 (22.1282%)
entry 1225000/5508800 (22.2371%)
entry 1229000/5508800 (22.3098%)
entry 1232000/5508800 (22.3642%)
entry 1235000/5508800 (22.4187%)
entry 1236000/5508800 (22.4368%)
entry 1237000/5508800 (22.455%)
entry 1244000/5508800 (22.5821%)
entry 1249000/5508800 (22.6728%)
entry 1258000/5508800 (22.8362%)
entry 1259000/5508800 (22.8543%)
entry 1260000/5508800 (22.8725%)
entry 1262000/5508800 (22.9088%)
entry 1266000/5508800 (22.9814%)
entry 1269000/5508800 (23.0359%)
entry 1276000/5508800 (23.1629%)
entry 1278000/5508800 (23.1992%)
entry 1279000/5508800 (23.2174%)
entry 1280000/5508800 (23.2356%)
entry 1281000/5508800 (23.2537%)
entry 1282000/5508800 (23.2719%)
entry 1283000/5508800 (23.29%)
entry 1284000/5508800 (23.3082%)
entry 1288000/5508800 (23.3808%)
entry 1290000/5508800 (23.4171%)
entry 1293000/5508800 (23.4715%)
entry 1294000/5508800 (23.4897%)
entry 1298000/5508800 (23.5623%)
entry 1299000/5508800 (23.5805%)
entry 1300000/5508800 (23.5986%)
entry 1301000/5508800 (23.6168%)
entry 1302000/5508800 (23.6349%)
entry 1303000/5508800 (23.6531%)
entry 1304000/5508800 (23.6712%)
entry 1312000/5508800 (23.8164%)
entry 1313000/5508800 (23.8346%)
entry 1320000/5508800 (23.9617%)
entry 1327000/5508800 (24.0887%)
entry 1333000/5508800 (24.1976%)
entry 1335000/5508800 (24.234%)
entry 1336000/5508800 (24.2521%)
entry 1339000/5508800 (24.3066%)
entry 1344000/5508800 (24.3973%)
entry 1350000/5508800 (24.5062%)
entry 1353000/5508800 (24.5607%)
entry 1354000/5508800 (24.5789%)
entry 1359000/5508800 (24.6696%)
entry 1362000/5508800 (24.7241%)
entry 1365000/5508800 (24.7785%)
entry 1371000/5508800 (24.8875%)
entry 1376000/5508800 (24.9782%)
entry 1378000/5508800 (25.0145%)
entry 1379000/5508800 (25.0327%)
entry 1384000/5508800 (25.1234%)
entry 1391000/5508800 (25.2505%)
entry 1393000/5508800 (25.2868%)
entry 1395000/5508800 (25.3231%)
entry 1396000/5508800 (25.3413%)
entry 1397000/5508800 (25.3594%)
entry 1401000/5508800 (25.432%)
entry 1403000/5508800 (25.4683%)
entry 1407000/5508800 (25.541%)
entry 1408000/5508800 (25.5591%)
entry 1409000/5508800 (25.5773%)
entry 1410000/5508800 (25.5954%)
entry 1415000/5508800 (25.6862%)
entry 1419000/5508800 (25.7588%)
entry 1422000/5508800 (25.8132%)
entry 1427000/5508800 (25.904%)
entry 1430000/5508800 (25.9585%)
entry 1437000/5508800 (26.0855%)
entry 1439000/5508800 (26.1218%)
entry 1440000/5508800 (26.14%)
entry 1449000/5508800 (26.3034%)
entry 1450000/5508800 (26.3215%)
entry 1452000/5508800 (26.3578%)
entry 1455000/5508800 (26.4123%)
entry 1458000/5508800 (26.4667%)
entry 1460000/5508800 (26.5031%)
entry 1463000/5508800 (26.5575%)
entry 1464000/5508800 (26.5757%)
entry 1465000/5508800 (26.5938%)
entry 1473000/5508800 (26.739%)
entry 1475000/5508800 (26.7753%)
entry 1483000/5508800 (26.9206%)
entry 1484000/5508800 (26.9387%)
entry 1485000/5508800 (26.9569%)
entry 1489000/5508800 (27.0295%)
entry 1494000/5508800 (27.1202%)
entry 1497000/5508800 (27.1747%)
entry 1499000/5508800 (27.211%)
entry 1500000/5508800 (27.2292%)
entry 1501000/5508800 (27.2473%)
entry 1506000/5508800 (27.3381%)
entry 1508000/5508800 (27.3744%)
entry 1516000/5508800 (27.5196%)
entry 1518000/5508800 (27.5559%)
entry 1520000/5508800 (27.5922%)
entry 1525000/5508800 (27.683%)
entry 1526000/5508800 (27.7011%)
entry 1527000/5508800 (27.7193%)
entry 1529000/5508800 (27.7556%)
entry 1531000/5508800 (27.7919%)
entry 1532000/5508800 (27.81%)
entry 1534000/5508800 (27.8464%)
entry 1536000/5508800 (27.8827%)
entry 1555000/5508800 (28.2276%)
entry 1558000/5508800 (28.282%)
entry 1559000/5508800 (28.3002%)
entry 1563000/5508800 (28.3728%)
entry 1567000/5508800 (28.4454%)
entry 1571000/5508800 (28.518%)
entry 1577000/5508800 (28.6269%)
entry 1579000/5508800 (28.6632%)
entry 1583000/5508800 (28.7358%)
entry 1584000/5508800 (28.754%)
entry 1588000/5508800 (28.8266%)
entry 1590000/5508800 (28.8629%)
entry 1592000/5508800 (28.8992%)
entry 1604000/5508800 (29.117%)
entry 1607000/5508800 (29.1715%)
entry 1608000/5508800 (29.1897%)
entry 1609000/5508800 (29.2078%)
entry 1611000/5508800 (29.2441%)
entry 1613000/5508800 (29.2804%)
entry 1614000/5508800 (29.2986%)
entry 1616000/5508800 (29.3349%)
entry 1618000/5508800 (29.3712%)
entry 1619000/5508800 (29.3893%)
entry 1620000/5508800 (29.4075%)
entry 1629000/5508800 (29.5709%)
entry 1633000/5508800 (29.6435%)
entry 1635000/5508800 (29.6798%)
entry 1637000/5508800 (29.7161%)
entry 1641000/5508800 (29.7887%)
entry 1647000/5508800 (29.8976%)
entry 1649000/5508800 (29.9339%)
entry 1650000/5508800 (29.9521%)
entry 1652000/5508800 (29.9884%)
entry 1655000/5508800 (30.0428%)
entry 1660000/5508800 (30.1336%)
entry 1662000/5508800 (30.1699%)
entry 1663000/5508800 (30.1881%)
entry 1664000/5508800 (30.2062%)
entry 1665000/5508800 (30.2244%)
entry 1666000/5508800 (30.2425%)
entry 1671000/5508800 (30.3333%)
entry 1672000/5508800 (30.3514%)
entry 1674000/5508800 (30.3877%)
entry 1677000/5508800 (30.4422%)
entry 1678000/5508800 (30.4604%)
entry 1680000/5508800 (30.4967%)
entry 1683000/5508800 (30.5511%)
entry 1685000/5508800 (30.5874%)
entry 1687000/5508800 (30.6237%)
entry 1689000/5508800 (30.66%)
entry 1690000/5508800 (30.6782%)
entry 1691000/5508800 (30.6963%)
entry 1692000/5508800 (30.7145%)
entry 1694000/5508800 (30.7508%)
entry 1697000/5508800 (30.8053%)
entry 1698000/5508800 (30.8234%)
entry 1707000/5508800 (30.9868%)
entry 1710000/5508800 (31.0412%)
entry 1712000/5508800 (31.0775%)
entry 1715000/5508800 (31.132%)
entry 1716000/5508800 (31.1502%)
entry 1717000/5508800 (31.1683%)
entry 1719000/5508800 (31.2046%)
entry 1721000/5508800 (31.2409%)
entry 1722000/5508800 (31.2591%)
entry 1726000/5508800 (31.3317%)
entry 1729000/5508800 (31.3861%)
entry 1733000/5508800 (31.4588%)
entry 1734000/5508800 (31.4769%)
entry 1735000/5508800 (31.4951%)
entry 1737000/5508800 (31.5314%)
entry 1738000/5508800 (31.5495%)
entry 1741000/5508800 (31.604%)
entry 1762000/5508800 (31.9852%)
entry 1763000/5508800 (32.0033%)
entry 1766000/5508800 (32.0578%)
entry 1771000/5508800 (32.1486%)
entry 1787000/5508800 (32.439%)
entry 1791000/5508800 (32.5116%)
entry 1795000/5508800 (32.5842%)
entry 1797000/5508800 (32.6205%)
entry 1798000/5508800 (32.6387%)
entry 1800000/5508800 (32.675%)
entry 1803000/5508800 (32.7294%)
entry 1810000/5508800 (32.8565%)
entry 1814000/5508800 (32.9291%)
entry 1815000/5508800 (32.9473%)
entry 1816000/5508800 (32.9654%)
entry 1824000/5508800 (33.1107%)
entry 1825000/5508800 (33.1288%)
entry 1826000/5508800 (33.147%)
entry 1828000/5508800 (33.1833%)
entry 1831000/5508800 (33.2377%)
entry 1835000/5508800 (33.3103%)
entry 1836000/5508800 (33.3285%)
entry 1838000/5508800 (33.3648%)
entry 1839000/5508800 (33.383%)
entry 1846000/5508800 (33.51%)
entry 1850000/5508800 (33.5826%)
entry 1851000/5508800 (33.6008%)
entry 1853000/5508800 (33.6371%)
entry 1858000/5508800 (33.7279%)
entry 1865000/5508800 (33.8549%)
entry 1870000/5508800 (33.9457%)
entry 1876000/5508800 (34.0546%)
entry 1878000/5508800 (34.0909%)
entry 1885000/5508800 (34.218%)
entry 1892000/5508800 (34.345%)
entry 1896000/5508800 (34.4177%)
entry 1898000/5508800 (34.454%)
entry 1900000/5508800 (34.4903%)
entry 1905000/5508800 (34.581%)
entry 1907000/5508800 (34.6173%)
entry 1909000/5508800 (34.6536%)
entry 1910000/5508800 (34.6718%)
entry 1918000/5508800 (34.817%)
entry 1922000/5508800 (34.8896%)
entry 1923000/5508800 (34.9078%)
entry 1924000/5508800 (34.9259%)
entry 1935000/5508800 (35.1256%)
entry 1944000/5508800 (35.289%)
entry 1951000/5508800 (35.4161%)
entry 1954000/5508800 (35.4705%)
entry 1956000/5508800 (35.5068%)
entry 1957000/5508800 (35.525%)
entry 1961000/5508800 (35.5976%)
entry 1963000/5508800 (35.6339%)
entry 1967000/5508800 (35.7065%)
entry 1970000/5508800 (35.761%)
entry 1971000/5508800 (35.7791%)
entry 1972000/5508800 (35.7973%)
entry 1976000/5508800 (35.8699%)
entry 1977000/5508800 (35.888%)
entry 1989000/5508800 (36.1059%)
entry 1995000/5508800 (36.2148%)
entry 1996000/5508800 (36.2329%)
entry 1998000/5508800 (36.2692%)
entry 1999000/5508800 (36.2874%)
entry 2003000/5508800 (36.36%)
entry 2009000/5508800 (36.4689%)
entry 2013000/5508800 (36.5415%)
entry 2014000/5508800 (36.5597%)
entry 2015000/5508800 (36.5778%)
entry 2018000/5508800 (36.6323%)
entry 2019000/5508800 (36.6504%)
entry 2020000/5508800 (36.6686%)
entry 2021000/5508800 (36.6868%)
entry 2022000/5508800 (36.7049%)
entry 2025000/5508800 (36.7594%)
entry 2034000/5508800 (36.9227%)
entry 2040000/5508800 (37.0317%)
entry 2048000/5508800 (37.1769%)
entry 2058000/5508800 (37.3584%)
entry 2059000/5508800 (37.3766%)
entry 2061000/5508800 (37.4129%)
entry 2066000/5508800 (37.5036%)
entry 2073000/5508800 (37.6307%)
entry 2077000/5508800 (37.7033%)
entry 2079000/5508800 (37.7396%)
entry 2080000/5508800 (37.7578%)
entry 2084000/5508800 (37.8304%)
entry 2086000/5508800 (37.8667%)
entry 2097000/5508800 (38.0664%)
entry 2100000/5508800 (38.1208%)
entry 2103000/5508800 (38.1753%)
entry 2107000/5508800 (38.2479%)
entry 2111000/5508800 (38.3205%)
entry 2116000/5508800 (38.4113%)
entry 2117000/5508800 (38.4294%)
entry 2120000/5508800 (38.4839%)
entry 2129000/5508800 (38.6473%)
entry 2130000/5508800 (38.6654%)
entry 2138000/5508800 (38.8106%)
entry 2150000/5508800 (39.0285%)
entry 2151000/5508800 (39.0466%)
entry 2155000/5508800 (39.1192%)
entry 2157000/5508800 (39.1555%)
entry 2158000/5508800 (39.1737%)
entry 2160000/5508800 (39.21%)
entry 2163000/5508800 (39.2644%)
entry 2165000/5508800 (39.3008%)
entry 2166000/5508800 (39.3189%)
entry 2171000/5508800 (39.4097%)
entry 2172000/5508800 (39.4278%)
entry 2173000/5508800 (39.446%)
entry 2174000/5508800 (39.4641%)
entry 2175000/5508800 (39.4823%)
entry 2177000/5508800 (39.5186%)
entry 2178000/5508800 (39.5367%)
entry 2185000/5508800 (39.6638%)
entry 2187000/5508800 (39.7001%)
entry 2190000/5508800 (39.7546%)
entry 2191000/5508800 (39.7727%)
entry 2194000/5508800 (39.8272%)
entry 2196000/5508800 (39.8635%)
entry 2197000/5508800 (39.8816%)
entry 2199000/5508800 (39.9179%)
entry 2203000/5508800 (39.9906%)
entry 2204000/5508800 (40.0087%)
entry 2205000/5508800 (40.0269%)
entry 2209000/5508800 (40.0995%)
entry 2211000/5508800 (40.1358%)
entry 2212000/5508800 (40.1539%)
entry 2213000/5508800 (40.1721%)
entry 2215000/5508800 (40.2084%)
entry 2216000/5508800 (40.2265%)
entry 2219000/5508800 (40.281%)
entry 2220000/5508800 (40.2992%)
entry 2221000/5508800 (40.3173%)
entry 2226000/5508800 (40.4081%)
entry 2229000/5508800 (40.4625%)
entry 2230000/5508800 (40.4807%)
entry 2232000/5508800 (40.517%)
entry 2234000/5508800 (40.5533%)
entry 2235000/5508800 (40.5714%)
entry 2238000/5508800 (40.6259%)
entry 2242000/5508800 (40.6985%)
entry 2243000/5508800 (40.7167%)
entry 2244000/5508800 (40.7348%)
entry 2245000/5508800 (40.753%)
entry 2246000/5508800 (40.7711%)
entry 2248000/5508800 (40.8074%)
entry 2253000/5508800 (40.8982%)
entry 2254000/5508800 (40.9164%)
entry 2257000/5508800 (40.9708%)
entry 2259000/5508800 (41.0071%)
entry 2262000/5508800 (41.0616%)
entry 2264000/5508800 (41.0979%)
entry 2265000/5508800 (41.116%)
entry 2268000/5508800 (41.1705%)
entry 2270000/5508800 (41.2068%)
entry 2273000/5508800 (41.2613%)
entry 2277000/5508800 (41.3339%)
entry 2278000/5508800 (41.352%)
entry 2279000/5508800 (41.3702%)
entry 2281000/5508800 (41.4065%)
entry 2283000/5508800 (41.4428%)
entry 2288000/5508800 (41.5335%)
entry 2293000/5508800 (41.6243%)
entry 2294000/5508800 (41.6425%)
entry 2295000/5508800 (41.6606%)
entry 2296000/5508800 (41.6788%)
entry 2297000/5508800 (41.6969%)
entry 2298000/5508800 (41.7151%)
entry 2302000/5508800 (41.7877%)
entry 2304000/5508800 (41.824%)
entry 2306000/5508800 (41.8603%)
entry 2309000/5508800 (41.9148%)
entry 2312000/5508800 (41.9692%)
entry 2314000/5508800 (42.0055%)
entry 2316000/5508800 (42.0418%)
entry 2320000/5508800 (42.1144%)
entry 2325000/5508800 (42.2052%)
entry 2327000/5508800 (42.2415%)
entry 2329000/5508800 (42.2778%)
entry 2332000/5508800 (42.3323%)
entry 2333000/5508800 (42.3504%)
entry 2334000/5508800 (42.3686%)
entry 2337000/5508800 (42.423%)
entry 2348000/5508800 (42.6227%)
entry 2350000/5508800 (42.659%)
entry 2354000/5508800 (42.7316%)
entry 2363000/5508800 (42.895%)
entry 2367000/5508800 (42.9676%)
entry 2376000/5508800 (43.131%)
entry 2377000/5508800 (43.1491%)
entry 2380000/5508800 (43.2036%)
entry 2382000/5508800 (43.2399%)
entry 2384000/5508800 (43.2762%)
entry 2385000/5508800 (43.2944%)
entry 2387000/5508800 (43.3307%)
entry 2388000/5508800 (43.3488%)
entry 2390000/5508800 (43.3851%)
entry 2393000/5508800 (43.4396%)
entry 2394000/5508800 (43.4577%)
entry 2401000/5508800 (43.5848%)
entry 2403000/5508800 (43.6211%)
entry 2404000/5508800 (43.6393%)
entry 2405000/5508800 (43.6574%)
entry 2409000/5508800 (43.73%)
entry 2422000/5508800 (43.966%)
entry 2424000/5508800 (44.0023%)
entry 2426000/5508800 (44.0386%)
entry 2431000/5508800 (44.1294%)
entry 2432000/5508800 (44.1475%)
entry 2436000/5508800 (44.2202%)
entry 2437000/5508800 (44.2383%)
entry 2438000/5508800 (44.2565%)
entry 2439000/5508800 (44.2746%)
entry 2445000/5508800 (44.3835%)
entry 2448000/5508800 (44.438%)
entry 2450000/5508800 (44.4743%)
entry 2451000/5508800 (44.4924%)
entry 2455000/5508800 (44.5651%)
entry 2457000/5508800 (44.6014%)
entry 2467000/5508800 (44.7829%)
entry 2473000/5508800 (44.8918%)
entry 2475000/5508800 (44.9281%)
entry 2483000/5508800 (45.0733%)
entry 2484000/5508800 (45.0915%)
entry 2487000/5508800 (45.1459%)
entry 2488000/5508800 (45.1641%)
entry 2490000/5508800 (45.2004%)
entry 2494000/5508800 (45.273%)
entry 2495000/5508800 (45.2912%)
entry 2496000/5508800 (45.3093%)
entry 2497000/5508800 (45.3275%)
entry 2498000/5508800 (45.3456%)
entry 2512000/5508800 (45.5998%)
entry 2513000/5508800 (45.6179%)
entry 2514000/5508800 (45.6361%)
entry 2515000/5508800 (45.6542%)
entry 2517000/5508800 (45.6905%)
entry 2518000/5508800 (45.7087%)
entry 2519000/5508800 (45.7268%)
entry 2522000/5508800 (45.7813%)
entry 2523000/5508800 (45.7994%)
entry 2525000/5508800 (45.8358%)
entry 2527000/5508800 (45.8721%)
entry 2532000/5508800 (45.9628%)
entry 2534000/5508800 (45.9991%)
entry 2536000/5508800 (46.0354%)
entry 2537000/5508800 (46.0536%)
entry 2544000/5508800 (46.1807%)
entry 2545000/5508800 (46.1988%)
entry 2549000/5508800 (46.2714%)
entry 2554000/5508800 (46.3622%)
entry 2557000/5508800 (46.4166%)
entry 2562000/5508800 (46.5074%)
entry 2566000/5508800 (46.58%)
entry 2568000/5508800 (46.6163%)
entry 2573000/5508800 (46.7071%)
entry 2574000/5508800 (46.7252%)
entry 2580000/5508800 (46.8342%)
entry 2581000/5508800 (46.8523%)
entry 2583000/5508800 (46.8886%)
entry 2587000/5508800 (46.9612%)
entry 2592000/5508800 (47.052%)
entry 2593000/5508800 (47.0701%)
entry 2598000/5508800 (47.1609%)
entry 2599000/5508800 (47.1791%)
entry 2602000/5508800 (47.2335%)
entry 2604000/5508800 (47.2698%)
entry 2605000/5508800 (47.288%)
entry 2606000/5508800 (47.3061%)
entry 2610000/5508800 (47.3787%)
entry 2611000/5508800 (47.3969%)
entry 2614000/5508800 (47.4514%)
entry 2616000/5508800 (47.4877%)
entry 2619000/5508800 (47.5421%)
entry 2621000/5508800 (47.5784%)
entry 2622000/5508800 (47.5966%)
entry 2624000/5508800 (47.6329%)
entry 2625000/5508800 (47.651%)
entry 2626000/5508800 (47.6692%)
entry 2632000/5508800 (47.7781%)
entry 2634000/5508800 (47.8144%)
entry 2635000/5508800 (47.8326%)
entry 2637000/5508800 (47.8689%)
entry 2643000/5508800 (47.9778%)
entry 2648000/5508800 (48.0685%)
entry 2654000/5508800 (48.1775%)
entry 2655000/5508800 (48.1956%)
entry 2656000/5508800 (48.2138%)
entry 2657000/5508800 (48.2319%)
entry 2658000/5508800 (48.2501%)
entry 2659000/5508800 (48.2682%)
entry 2665000/5508800 (48.3771%)
entry 2671000/5508800 (48.4861%)
entry 2673000/5508800 (48.5224%)
entry 2677000/5508800 (48.595%)
entry 2678000/5508800 (48.6131%)
entry 2679000/5508800 (48.6313%)
entry 2680000/5508800 (48.6494%)
entry 2682000/5508800 (48.6857%)
entry 2683000/5508800 (48.7039%)
entry 2686000/5508800 (48.7583%)
entry 2688000/5508800 (48.7947%)
entry 2691000/5508800 (48.8491%)
entry 2692000/5508800 (48.8673%)
entry 2697000/5508800 (48.958%)
entry 2704000/5508800 (49.0851%)
entry 2705000/5508800 (49.1033%)
entry 2706000/5508800 (49.1214%)
entry 2707000/5508800 (49.1396%)
entry 2712000/5508800 (49.2303%)
entry 2730000/5508800 (49.5571%)
entry 2731000/5508800 (49.5752%)
entry 2737000/5508800 (49.6841%)
entry 2738000/5508800 (49.7023%)
entry 2744000/5508800 (49.8112%)
entry 2746000/5508800 (49.8475%)
entry 2749000/5508800 (49.902%)
entry 2750000/5508800 (49.9201%)
entry 2751000/5508800 (49.9383%)
entry 2753000/5508800 (49.9746%)
entry 2754000/5508800 (49.9927%)
entry 2757000/5508800 (50.0472%)
entry 2762000/5508800 (50.138%)
entry 2766000/5508800 (50.2106%)
entry 2767000/5508800 (50.2287%)
entry 2770000/5508800 (50.2832%)
entry 2771000/5508800 (50.3013%)
entry 2776000/5508800 (50.3921%)
entry 2781000/5508800 (50.4829%)
entry 2782000/5508800 (50.501%)
entry 2783000/5508800 (50.5192%)
entry 2785000/5508800 (50.5555%)
entry 2787000/5508800 (50.5918%)
entry 2788000/5508800 (50.6099%)
entry 2793000/5508800 (50.7007%)
entry 2794000/5508800 (50.7188%)
entry 2798000/5508800 (50.7915%)
entry 2801000/5508800 (50.8459%)
entry 2803000/5508800 (50.8822%)
entry 2806000/5508800 (50.9367%)
entry 2810000/5508800 (51.0093%)
entry 2811000/5508800 (51.0274%)
entry 2814000/5508800 (51.0819%)
entry 2815000/5508800 (51.1001%)
entry 2816000/5508800 (51.1182%)
entry 2818000/5508800 (51.1545%)
entry 2819000/5508800 (51.1727%)
entry 2827000/5508800 (51.3179%)
entry 2833000/5508800 (51.4268%)
entry 2842000/5508800 (51.5902%)
entry 2848000/5508800 (51.6991%)
entry 2850000/5508800 (51.7354%)
entry 2861000/5508800 (51.9351%)
entry 2862000/5508800 (51.9532%)
entry 2869000/5508800 (52.0803%)
entry 2871000/5508800 (52.1166%)
entry 2874000/5508800 (52.1711%)
entry 2879000/5508800 (52.2618%)
entry 2888000/5508800 (52.4252%)
entry 2891000/5508800 (52.4797%)
entry 2892000/5508800 (52.4978%)
entry 2895000/5508800 (52.5523%)
entry 2897000/5508800 (52.5886%)
entry 2898000/5508800 (52.6067%)
entry 2899000/5508800 (52.6249%)
entry 2901000/5508800 (52.6612%)
entry 2910000/5508800 (52.8246%)
entry 2911000/5508800 (52.8427%)
entry 2913000/5508800 (52.879%)
entry 2914000/5508800 (52.8972%)
entry 2921000/5508800 (53.0243%)
entry 2930000/5508800 (53.1876%)
entry 2941000/5508800 (53.3873%)
entry 2946000/5508800 (53.4781%)
entry 2956000/5508800 (53.6596%)
entry 2958000/5508800 (53.6959%)
entry 2961000/5508800 (53.7504%)
entry 2963000/5508800 (53.7867%)
entry 2968000/5508800 (53.8774%)
entry 2975000/5508800 (54.0045%)
entry 2982000/5508800 (54.1316%)
entry 2983000/5508800 (54.1497%)
entry 2989000/5508800 (54.2586%)
entry 2994000/5508800 (54.3494%)
entry 2996000/5508800 (54.3857%)
entry 3000000/5508800 (54.4583%)
entry 3001000/5508800 (54.4765%)
entry 3003000/5508800 (54.5128%)
entry 3004000/5508800 (54.5309%)
entry 3005000/5508800 (54.5491%)
entry 3006000/5508800 (54.5672%)
entry 3014000/5508800 (54.7125%)
entry 3020000/5508800 (54.8214%)
entry 3021000/5508800 (54.8395%)
entry 3023000/5508800 (54.8758%)
entry 3025000/5508800 (54.9121%)
entry 3026000/5508800 (54.9303%)
entry 3028000/5508800 (54.9666%)
entry 3029000/5508800 (54.9848%)
entry 3037000/5508800 (55.13%)
entry 3039000/5508800 (55.1663%)
entry 3042000/5508800 (55.2207%)
entry 3043000/5508800 (55.2389%)
entry 3044000/5508800 (55.257%)
entry 3047000/5508800 (55.3115%)
entry 3048000/5508800 (55.3297%)
entry 3049000/5508800 (55.3478%)
entry 3052000/5508800 (55.4023%)
entry 3056000/5508800 (55.4749%)
entry 3059000/5508800 (55.5293%)
entry 3061000/5508800 (55.5656%)
entry 3069000/5508800 (55.7109%)
entry 3072000/5508800 (55.7653%)
entry 3077000/5508800 (55.8561%)
entry 3080000/5508800 (55.9105%)
entry 3083000/5508800 (55.965%)
entry 3087000/5508800 (56.0376%)
entry 3091000/5508800 (56.1102%)
entry 3092000/5508800 (56.1284%)
entry 3094000/5508800 (56.1647%)
entry 3097000/5508800 (56.2191%)
entry 3103000/5508800 (56.3281%)
entry 3106000/5508800 (56.3825%)
entry 3108000/5508800 (56.4188%)
entry 3109000/5508800 (56.437%)
entry 3112000/5508800 (56.4914%)
entry 3117000/5508800 (56.5822%)
entry 3118000/5508800 (56.6004%)
entry 3119000/5508800 (56.6185%)
entry 3126000/5508800 (56.7456%)
entry 3128000/5508800 (56.7819%)
entry 3131000/5508800 (56.8363%)
entry 3148000/5508800 (57.1449%)
entry 3149000/5508800 (57.1631%)
entry 3152000/5508800 (57.2175%)
entry 3155000/5508800 (57.272%)
entry 3161000/5508800 (57.3809%)
entry 3163000/5508800 (57.4172%)
entry 3167000/5508800 (57.4898%)
entry 3173000/5508800 (57.5988%)
entry 3178000/5508800 (57.6895%)
entry 3181000/5508800 (57.744%)
entry 3185000/5508800 (57.8166%)
entry 3187000/5508800 (57.8529%)
entry 3189000/5508800 (57.8892%)
entry 3191000/5508800 (57.9255%)
entry 3192000/5508800 (57.9437%)
entry 3193000/5508800 (57.9618%)
entry 3196000/5508800 (58.0163%)
entry 3198000/5508800 (58.0526%)
entry 3202000/5508800 (58.1252%)
entry 3203000/5508800 (58.1433%)
entry 3207000/5508800 (58.2159%)
entry 3208000/5508800 (58.2341%)
entry 3215000/5508800 (58.3612%)
entry 3216000/5508800 (58.3793%)
entry 3219000/5508800 (58.4338%)
entry 3220000/5508800 (58.4519%)
entry 3222000/5508800 (58.4882%)
entry 3224000/5508800 (58.5245%)
entry 3226000/5508800 (58.5608%)
entry 3227000/5508800 (58.579%)
entry 3228000/5508800 (58.5972%)
entry 3229000/5508800 (58.6153%)
entry 3231000/5508800 (58.6516%)
entry 3233000/5508800 (58.6879%)
entry 3235000/5508800 (58.7242%)
entry 3240000/5508800 (58.815%)
entry 3243000/5508800 (58.8694%)
entry 3244000/5508800 (58.8876%)
entry 3245000/5508800 (58.9058%)
entry 3247000/5508800 (58.9421%)
entry 3249000/5508800 (58.9784%)
entry 3251000/5508800 (59.0147%)
entry 3255000/5508800 (59.0873%)
entry 3256000/5508800 (59.1054%)
entry 3257000/5508800 (59.1236%)
entry 3261000/5508800 (59.1962%)
entry 3267000/5508800 (59.3051%)
entry 3269000/5508800 (59.3414%)
entry 3271000/5508800 (59.3777%)
entry 3272000/5508800 (59.3959%)
entry 3278000/5508800 (59.5048%)
entry 3285000/5508800 (59.6319%)
entry 3293000/5508800 (59.7771%)
entry 3295000/5508800 (59.8134%)
entry 3300000/5508800 (59.9042%)
entry 3303000/5508800 (59.9586%)
entry 3315000/5508800 (60.1764%)
entry 3325000/5508800 (60.358%)
entry 3331000/5508800 (60.4669%)
entry 3334000/5508800 (60.5213%)
entry 3337000/5508800 (60.5758%)
entry 3347000/5508800 (60.7573%)
entry 3350000/5508800 (60.8118%)
entry 3351000/5508800 (60.8299%)
entry 3357000/5508800 (60.9389%)
entry 3358000/5508800 (60.957%)
entry 3359000/5508800 (60.9752%)
entry 3360000/5508800 (60.9933%)
entry 3362000/5508800 (61.0296%)
entry 3364000/5508800 (61.0659%)
entry 3365000/5508800 (61.0841%)
entry 3367000/5508800 (61.1204%)
entry 3370000/5508800 (61.1748%)
entry 3371000/5508800 (61.193%)
entry 3373000/5508800 (61.2293%)
entry 3374000/5508800 (61.2475%)
entry 3381000/5508800 (61.3745%)
entry 3389000/5508800 (61.5197%)
entry 3393000/5508800 (61.5924%)
entry 3398000/5508800 (61.6831%)
entry 3401000/5508800 (61.7376%)
entry 3403000/5508800 (61.7739%)
entry 3405000/5508800 (61.8102%)
entry 3406000/5508800 (61.8283%)
entry 3410000/5508800 (61.901%)
entry 3415000/5508800 (61.9917%)
entry 3418000/5508800 (62.0462%)
entry 3421000/5508800 (62.1006%)
entry 3422000/5508800 (62.1188%)
entry 3423000/5508800 (62.1369%)
entry 3424000/5508800 (62.1551%)
entry 3425000/5508800 (62.1732%)
entry 3442000/5508800 (62.4818%)
entry 3444000/5508800 (62.5182%)
entry 3447000/5508800 (62.5726%)
entry 3448000/5508800 (62.5908%)
entry 3449000/5508800 (62.6089%)
entry 3452000/5508800 (62.6634%)
entry 3453000/5508800 (62.6815%)
entry 3455000/5508800 (62.7178%)
entry 3458000/5508800 (62.7723%)
entry 3462000/5508800 (62.8449%)
entry 3463000/5508800 (62.8631%)
entry 3465000/5508800 (62.8994%)
entry 3466000/5508800 (62.9175%)
entry 3468000/5508800 (62.9538%)
entry 3469000/5508800 (62.972%)
entry 3471000/5508800 (63.0083%)
entry 3474000/5508800 (63.0627%)
entry 3475000/5508800 (63.0809%)
entry 3481000/5508800 (63.1898%)
entry 3482000/5508800 (63.208%)
entry 3484000/5508800 (63.2443%)
entry 3492000/5508800 (63.3895%)
entry 3502000/5508800 (63.571%)
entry 3508000/5508800 (63.6799%)
entry 3510000/5508800 (63.7162%)
entry 3513000/5508800 (63.7707%)
entry 3515000/5508800 (63.807%)
entry 3521000/5508800 (63.9159%)
entry 3523000/5508800 (63.9522%)
entry 3524000/5508800 (63.9704%)
entry 3527000/5508800 (64.0248%)
entry 3530000/5508800 (64.0793%)
entry 3532000/5508800 (64.1156%)
entry 3534000/5508800 (64.1519%)
entry 3536000/5508800 (64.1882%)
entry 3538000/5508800 (64.2245%)
entry 3539000/5508800 (64.2427%)
entry 3542000/5508800 (64.2971%)
entry 3543000/5508800 (64.3153%)
entry 3547000/5508800 (64.3879%)
entry 3550000/5508800 (64.4423%)
entry 3551000/5508800 (64.4605%)
entry 3557000/5508800 (64.5694%)
entry 3563000/5508800 (64.6783%)
entry 3571000/5508800 (64.8236%)
entry 3575000/5508800 (64.8962%)
entry 3577000/5508800 (64.9325%)
entry 3578000/5508800 (64.9506%)
entry 3580000/5508800 (64.9869%)
entry 3582000/5508800 (65.0232%)
entry 3589000/5508800 (65.1503%)
entry 3591000/5508800 (65.1866%)
entry 3592000/5508800 (65.2048%)
entry 3594000/5508800 (65.2411%)
entry 3595000/5508800 (65.2592%)
entry 3596000/5508800 (65.2774%)
entry 3598000/5508800 (65.3137%)
entry 3603000/5508800 (65.4044%)
entry 3613000/5508800 (65.586%)
entry 3614000/5508800 (65.6041%)
entry 3620000/5508800 (65.713%)
entry 3622000/5508800 (65.7493%)
entry 3624000/5508800 (65.7857%)
entry 3628000/5508800 (65.8583%)
entry 3633000/5508800 (65.949%)
entry 3634000/5508800 (65.9672%)
entry 3636000/5508800 (66.0035%)
entry 3639000/5508800 (66.0579%)
entry 3641000/5508800 (66.0942%)
entry 3642000/5508800 (66.1124%)
entry 3644000/5508800 (66.1487%)
entry 3645000/5508800 (66.1669%)
entry 3647000/5508800 (66.2032%)
entry 3648000/5508800 (66.2213%)
entry 3653000/5508800 (66.3121%)
entry 3654000/5508800 (66.3302%)
entry 3655000/5508800 (66.3484%)
entry 3661000/5508800 (66.4573%)
entry 3662000/5508800 (66.4755%)
entry 3663000/5508800 (66.4936%)
entry 3668000/5508800 (66.5844%)
entry 3671000/5508800 (66.6388%)
entry 3673000/5508800 (66.6751%)
entry 3674000/5508800 (66.6933%)
entry 3677000/5508800 (66.7477%)
entry 3680000/5508800 (66.8022%)
entry 3682000/5508800 (66.8385%)
entry 3684000/5508800 (66.8748%)
entry 3686000/5508800 (66.9111%)
entry 3687000/5508800 (66.9293%)
entry 3688000/5508800 (66.9474%)
entry 3689000/5508800 (66.9656%)
entry 3691000/5508800 (67.0019%)
entry 3693000/5508800 (67.0382%)
entry 3696000/5508800 (67.0927%)
entry 3700000/5508800 (67.1653%)
entry 3701000/5508800 (67.1834%)
entry 3703000/5508800 (67.2197%)
entry 3708000/5508800 (67.3105%)
entry 3709000/5508800 (67.3286%)
entry 3710000/5508800 (67.3468%)
entry 3716000/5508800 (67.4557%)
entry 3717000/5508800 (67.4739%)
entry 3718000/5508800 (67.492%)
entry 3719000/5508800 (67.5102%)
entry 3724000/5508800 (67.6009%)
entry 3727000/5508800 (67.6554%)
entry 3735000/5508800 (67.8006%)
entry 3737000/5508800 (67.8369%)
entry 3739000/5508800 (67.8732%)
entry 3741000/5508800 (67.9095%)
entry 3744000/5508800 (67.964%)
entry 3747000/5508800 (68.0184%)
entry 3752000/5508800 (68.1092%)
entry 3753000/5508800 (68.1274%)
entry 3763000/5508800 (68.3089%)
entry 3764000/5508800 (68.327%)
entry 3766000/5508800 (68.3633%)
entry 3769000/5508800 (68.4178%)
entry 3770000/5508800 (68.436%)
entry 3774000/5508800 (68.5086%)
entry 3776000/5508800 (68.5449%)
entry 3780000/5508800 (68.6175%)
entry 3784000/5508800 (68.6901%)
entry 3787000/5508800 (68.7446%)
entry 3788000/5508800 (68.7627%)
entry 3795000/5508800 (68.8898%)
entry 3797000/5508800 (68.9261%)
entry 3798000/5508800 (68.9442%)
entry 3799000/5508800 (68.9624%)
entry 3801000/5508800 (68.9987%)
entry 3807000/5508800 (69.1076%)
entry 3812000/5508800 (69.1984%)
entry 3813000/5508800 (69.2165%)
entry 3815000/5508800 (69.2528%)
entry 3820000/5508800 (69.3436%)
entry 3821000/5508800 (69.3617%)
entry 3825000/5508800 (69.4344%)
entry 3827000/5508800 (69.4707%)
entry 3831000/5508800 (69.5433%)
entry 3832000/5508800 (69.5614%)
entry 3835000/5508800 (69.6159%)
entry 3837000/5508800 (69.6522%)
entry 3838000/5508800 (69.6703%)
entry 3845000/5508800 (69.7974%)
entry 3852000/5508800 (69.9245%)
entry 3853000/5508800 (69.9426%)
entry 3855000/5508800 (69.9789%)
entry 3860000/5508800 (70.0697%)
entry 3861000/5508800 (70.0879%)
entry 3863000/5508800 (70.1242%)
entry 3867000/5508800 (70.1968%)
entry 3874000/5508800 (70.3238%)
entry 3882000/5508800 (70.4691%)
entry 3884000/5508800 (70.5054%)
entry 3885000/5508800 (70.5235%)
entry 3893000/5508800 (70.6688%)
entry 3896000/5508800 (70.7232%)
entry 3901000/5508800 (70.814%)
entry 3904000/5508800 (70.8684%)
entry 3911000/5508800 (70.9955%)
entry 3912000/5508800 (71.0137%)
entry 3918000/5508800 (71.1226%)
entry 3921000/5508800 (71.177%)
entry 3928000/5508800 (71.3041%)
entry 3932000/5508800 (71.3767%)
entry 3937000/5508800 (71.4675%)
entry 3939000/5508800 (71.5038%)
entry 3940000/5508800 (71.5219%)
entry 3944000/5508800 (71.5945%)
entry 3948000/5508800 (71.6672%)
entry 3952000/5508800 (71.7398%)
entry 3953000/5508800 (71.7579%)
entry 3961000/5508800 (71.9031%)
entry 3963000/5508800 (71.9394%)
entry 3967000/5508800 (72.0121%)
entry 3968000/5508800 (72.0302%)
entry 3974000/5508800 (72.1391%)
entry 3983000/5508800 (72.3025%)
entry 3984000/5508800 (72.3207%)
entry 3988000/5508800 (72.3933%)
entry 3992000/5508800 (72.4659%)
entry 3993000/5508800 (72.484%)
entry 3995000/5508800 (72.5203%)
entry 3997000/5508800 (72.5566%)
entry 3998000/5508800 (72.5748%)
entry 4000000/5508800 (72.6111%)
entry 4005000/5508800 (72.7019%)
entry 4009000/5508800 (72.7745%)
entry 4010000/5508800 (72.7926%)
entry 4012000/5508800 (72.8289%)
entry 4018000/5508800 (72.9378%)
entry 4020000/5508800 (72.9742%)
entry 4026000/5508800 (73.0831%)
entry 4032000/5508800 (73.192%)
entry 4033000/5508800 (73.2101%)
entry 4036000/5508800 (73.2646%)
entry 4038000/5508800 (73.3009%)
entry 4040000/5508800 (73.3372%)
entry 4042000/5508800 (73.3735%)
entry 4050000/5508800 (73.5187%)
entry 4051000/5508800 (73.5369%)
entry 4056000/5508800 (73.6277%)
entry 4059000/5508800 (73.6821%)
entry 4060000/5508800 (73.7003%)
entry 4061000/5508800 (73.7184%)
entry 4062000/5508800 (73.7366%)
entry 4066000/5508800 (73.8092%)
entry 4067000/5508800 (73.8273%)
entry 4074000/5508800 (73.9544%)
entry 4080000/5508800 (74.0633%)
entry 4084000/5508800 (74.1359%)
entry 4094000/5508800 (74.3175%)
entry 4096000/5508800 (74.3538%)
entry 4100000/5508800 (74.4264%)
entry 4102000/5508800 (74.4627%)
entry 4109000/5508800 (74.5897%)
entry 4110000/5508800 (74.6079%)
entry 4117000/5508800 (74.735%)
entry 4124000/5508800 (74.862%)
entry 4125000/5508800 (74.8802%)
entry 4126000/5508800 (74.8983%)
entry 4127000/5508800 (74.9165%)
entry 4134000/5508800 (75.0436%)
entry 4137000/5508800 (75.098%)
entry 4140000/5508800 (75.1525%)
entry 4142000/5508800 (75.1888%)
entry 4145000/5508800 (75.2432%)
entry 4146000/5508800 (75.2614%)
entry 4152000/5508800 (75.3703%)
entry 4163000/5508800 (75.57%)
entry 4166000/5508800 (75.6245%)
entry 4167000/5508800 (75.6426%)
entry 4171000/5508800 (75.7152%)
entry 4175000/5508800 (75.7878%)
entry 4180000/5508800 (75.8786%)
entry 4182000/5508800 (75.9149%)
entry 4183000/5508800 (75.9331%)
entry 4185000/5508800 (75.9694%)
entry 4210000/5508800 (76.4232%)
entry 4212000/5508800 (76.4595%)
entry 4213000/5508800 (76.4776%)
entry 4214000/5508800 (76.4958%)
entry 4226000/5508800 (76.7136%)
entry 4233000/5508800 (76.8407%)
entry 4234000/5508800 (76.8588%)
entry 4236000/5508800 (76.8951%)
entry 4239000/5508800 (76.9496%)
entry 4240000/5508800 (76.9678%)
entry 4246000/5508800 (77.0767%)
entry 4255000/5508800 (77.24%)
entry 4257000/5508800 (77.2764%)
entry 4261000/5508800 (77.349%)
entry 4262000/5508800 (77.3671%)
entry 4265000/5508800 (77.4216%)
entry 4267000/5508800 (77.4579%)
entry 4268000/5508800 (77.476%)
entry 4270000/5508800 (77.5123%)
entry 4272000/5508800 (77.5486%)
entry 4274000/5508800 (77.585%)
entry 4275000/5508800 (77.6031%)
entry 4285000/5508800 (77.7846%)
entry 4292000/5508800 (77.9117%)
entry 4293000/5508800 (77.9299%)
entry 4296000/5508800 (77.9843%)
entry 4301000/5508800 (78.0751%)
entry 4303000/5508800 (78.1114%)
entry 4306000/5508800 (78.1658%)
entry 4308000/5508800 (78.2022%)
entry 4311000/5508800 (78.2566%)
entry 4315000/5508800 (78.3292%)
entry 4316000/5508800 (78.3474%)
entry 4319000/5508800 (78.4018%)
entry 4323000/5508800 (78.4744%)
entry 4326000/5508800 (78.5289%)
entry 4332000/5508800 (78.6378%)
entry 4335000/5508800 (78.6923%)
entry 4337000/5508800 (78.7286%)
entry 4338000/5508800 (78.7467%)
entry 4339000/5508800 (78.7649%)
entry 4347000/5508800 (78.9101%)
entry 4348000/5508800 (78.9283%)
entry 4356000/5508800 (79.0735%)
entry 4357000/5508800 (79.0916%)
entry 4367000/5508800 (79.2732%)
entry 4368000/5508800 (79.2913%)
entry 4376000/5508800 (79.4365%)
entry 4381000/5508800 (79.5273%)
entry 4382000/5508800 (79.5455%)
entry 4385000/5508800 (79.5999%)
entry 4386000/5508800 (79.6181%)
entry 4395000/5508800 (79.7814%)
entry 4396000/5508800 (79.7996%)
entry 4404000/5508800 (79.9448%)
entry 4409000/5508800 (80.0356%)
entry 4418000/5508800 (80.199%)
entry 4426000/5508800 (80.3442%)
entry 4427000/5508800 (80.3623%)
entry 4429000/5508800 (80.3986%)
entry 4430000/5508800 (80.4168%)
entry 4431000/5508800 (80.4349%)
entry 4433000/5508800 (80.4712%)
entry 4434000/5508800 (80.4894%)
entry 4436000/5508800 (80.5257%)
entry 4437000/5508800 (80.5439%)
entry 4442000/5508800 (80.6346%)
entry 4444000/5508800 (80.6709%)
entry 4445000/5508800 (80.6891%)
entry 4446000/5508800 (80.7072%)
entry 4447000/5508800 (80.7254%)
entry 4449000/5508800 (80.7617%)
entry 4451000/5508800 (80.798%)
entry 4452000/5508800 (80.8161%)
entry 4461000/5508800 (80.9795%)
entry 4465000/5508800 (81.0521%)
entry 4469000/5508800 (81.1247%)
entry 4471000/5508800 (81.1611%)
entry 4473000/5508800 (81.1974%)
entry 4474000/5508800 (81.2155%)
entry 4477000/5508800 (81.27%)
entry 4478000/5508800 (81.2881%)
entry 4483000/5508800 (81.3789%)
entry 4484000/5508800 (81.397%)
entry 4485000/5508800 (81.4152%)
entry 4486000/5508800 (81.4333%)
entry 4489000/5508800 (81.4878%)
entry 4490000/5508800 (81.506%)
entry 4493000/5508800 (81.5604%)
entry 4494000/5508800 (81.5786%)
entry 4496000/5508800 (81.6149%)
entry 4498000/5508800 (81.6512%)
entry 4505000/5508800 (81.7782%)
entry 4511000/5508800 (81.8872%)
entry 4513000/5508800 (81.9235%)
entry 4515000/5508800 (81.9598%)
entry 4520000/5508800 (82.0505%)
entry 4522000/5508800 (82.0868%)
entry 4534000/5508800 (82.3047%)
entry 4536000/5508800 (82.341%)
entry 4538000/5508800 (82.3773%)
entry 4539000/5508800 (82.3954%)
entry 4540000/5508800 (82.4136%)
entry 4542000/5508800 (82.4499%)
entry 4551000/5508800 (82.6133%)
entry 4554000/5508800 (82.6677%)
entry 4558000/5508800 (82.7403%)
entry 4561000/5508800 (82.7948%)
entry 4562000/5508800 (82.813%)
entry 4568000/5508800 (82.9219%)
entry 4569000/5508800 (82.94%)
entry 4570000/5508800 (82.9582%)
entry 4571000/5508800 (82.9763%)
entry 4573000/5508800 (83.0126%)
entry 4579000/5508800 (83.1216%)
entry 4581000/5508800 (83.1579%)
entry 4582000/5508800 (83.176%)
entry 4590000/5508800 (83.3212%)
entry 4591000/5508800 (83.3394%)
entry 4593000/5508800 (83.3757%)
entry 4595000/5508800 (83.412%)
entry 4596000/5508800 (83.4301%)
entry 4599000/5508800 (83.4846%)
entry 4600000/5508800 (83.5028%)
entry 4601000/5508800 (83.5209%)
entry 4605000/5508800 (83.5935%)
entry 4607000/5508800 (83.6298%)
entry 4608000/5508800 (83.648%)
entry 4610000/5508800 (83.6843%)
entry 4612000/5508800 (83.7206%)
entry 4613000/5508800 (83.7387%)
entry 4615000/5508800 (83.775%)
entry 4623000/5508800 (83.9203%)
entry 4626000/5508800 (83.9747%)
entry 4628000/5508800 (84.011%)
entry 4629000/5508800 (84.0292%)
entry 4634000/5508800 (84.12%)
entry 4640000/5508800 (84.2289%)
entry 4642000/5508800 (84.2652%)
entry 4646000/5508800 (84.3378%)
entry 4648000/5508800 (84.3741%)
entry 4652000/5508800 (84.4467%)
entry 4656000/5508800 (84.5193%)
entry 4658000/5508800 (84.5556%)
entry 4662000/5508800 (84.6282%)
entry 4664000/5508800 (84.6645%)
entry 4668000/5508800 (84.7371%)
entry 4671000/5508800 (84.7916%)
entry 4672000/5508800 (84.8098%)
entry 4677000/5508800 (84.9005%)
entry 4679000/5508800 (84.9368%)
entry 4680000/5508800 (84.955%)
entry 4692000/5508800 (85.1728%)
entry 4693000/5508800 (85.191%)
entry 4695000/5508800 (85.2273%)
entry 4696000/5508800 (85.2454%)
entry 4701000/5508800 (85.3362%)
entry 4703000/5508800 (85.3725%)
entry 4708000/5508800 (85.4633%)
entry 4712000/5508800 (85.5359%)
entry 4714000/5508800 (85.5722%)
entry 4715000/5508800 (85.5903%)
entry 4718000/5508800 (85.6448%)
entry 4721000/5508800 (85.6992%)
entry 4724000/5508800 (85.7537%)
entry 4725000/5508800 (85.7719%)
entry 4726000/5508800 (85.79%)
entry 4730000/5508800 (85.8626%)
entry 4731000/5508800 (85.8808%)
entry 4732000/5508800 (85.8989%)
entry 4737000/5508800 (85.9897%)
entry 4738000/5508800 (86.0078%)
entry 4740000/5508800 (86.0441%)
entry 4742000/5508800 (86.0805%)
entry 4744000/5508800 (86.1168%)
entry 4748000/5508800 (86.1894%)
entry 4750000/5508800 (86.2257%)
entry 4751000/5508800 (86.2438%)
entry 4753000/5508800 (86.2801%)
entry 4754000/5508800 (86.2983%)
entry 4756000/5508800 (86.3346%)
entry 4762000/5508800 (86.4435%)
entry 4766000/5508800 (86.5161%)
entry 4768000/5508800 (86.5524%)
entry 4772000/5508800 (86.625%)
entry 4776000/5508800 (86.6976%)
entry 4790000/5508800 (86.9518%)
entry 4792000/5508800 (86.9881%)
entry 4797000/5508800 (87.0789%)
entry 4800000/5508800 (87.1333%)
entry 4803000/5508800 (87.1878%)
entry 4804000/5508800 (87.2059%)
entry 4805000/5508800 (87.2241%)
entry 4811000/5508800 (87.333%)
entry 4813000/5508800 (87.3693%)
entry 4817000/5508800 (87.4419%)
entry 4822000/5508800 (87.5327%)
entry 4825000/5508800 (87.5871%)
entry 4826000/5508800 (87.6053%)
entry 4828000/5508800 (87.6416%)
entry 4837000/5508800 (87.805%)
entry 4840000/5508800 (87.8594%)
entry 4841000/5508800 (87.8776%)
entry 4845000/5508800 (87.9502%)
entry 4846000/5508800 (87.9683%)
entry 4847000/5508800 (87.9865%)
entry 4853000/5508800 (88.0954%)
entry 4854000/5508800 (88.1136%)
entry 4855000/5508800 (88.1317%)
entry 4856000/5508800 (88.1499%)
entry 4863000/5508800 (88.2769%)
entry 4864000/5508800 (88.2951%)
entry 4865000/5508800 (88.3132%)
entry 4869000/5508800 (88.3859%)
entry 4873000/5508800 (88.4585%)
entry 4880000/5508800 (88.5855%)
entry 4883000/5508800 (88.64%)
entry 4885000/5508800 (88.6763%)
entry 4887000/5508800 (88.7126%)
entry 4889000/5508800 (88.7489%)
entry 4890000/5508800 (88.7671%)
entry 4891000/5508800 (88.7852%)
entry 4898000/5508800 (88.9123%)
entry 4899000/5508800 (88.9304%)
entry 4901000/5508800 (88.9667%)
entry 4902000/5508800 (88.9849%)
entry 4907000/5508800 (89.0757%)
entry 4911000/5508800 (89.1483%)
entry 4915000/5508800 (89.2209%)
entry 4917000/5508800 (89.2572%)
entry 4918000/5508800 (89.2753%)
entry 4919000/5508800 (89.2935%)
entry 4921000/5508800 (89.3298%)
entry 4922000/5508800 (89.348%)
entry 4923000/5508800 (89.3661%)
entry 4929000/5508800 (89.475%)
entry 4931000/5508800 (89.5113%)
entry 4939000/5508800 (89.6565%)
entry 4946000/5508800 (89.7836%)
entry 4950000/5508800 (89.8562%)
entry 4951000/5508800 (89.8744%)
entry 4952000/5508800 (89.8925%)
entry 4955000/5508800 (89.947%)
entry 4957000/5508800 (89.9833%)
entry 4959000/5508800 (90.0196%)
entry 4960000/5508800 (90.0378%)
entry 4962000/5508800 (90.0741%)
entry 4971000/5508800 (90.2374%)
entry 4976000/5508800 (90.3282%)
entry 4979000/5508800 (90.3827%)
entry 4983000/5508800 (90.4553%)
entry 4988000/5508800 (90.546%)
entry 4989000/5508800 (90.5642%)
entry 4997000/5508800 (90.7094%)
entry 5002000/5508800 (90.8002%)
entry 5003000/5508800 (90.8183%)
entry 5005000/5508800 (90.8546%)
entry 5006000/5508800 (90.8728%)
entry 5009000/5508800 (90.9272%)
entry 5012000/5508800 (90.9817%)
entry 5016000/5508800 (91.0543%)
entry 5017000/5508800 (91.0725%)
entry 5020000/5508800 (91.1269%)
entry 5021000/5508800 (91.1451%)
entry 5029000/5508800 (91.2903%)
entry 5041000/5508800 (91.5081%)
entry 5044000/5508800 (91.5626%)
entry 5045000/5508800 (91.5807%)
entry 5049000/5508800 (91.6534%)
entry 5050000/5508800 (91.6715%)
entry 5053000/5508800 (91.726%)
entry 5057000/5508800 (91.7986%)
entry 5062000/5508800 (91.8893%)
entry 5063000/5508800 (91.9075%)
entry 5065000/5508800 (91.9438%)
entry 5079000/5508800 (92.1979%)
entry 5085000/5508800 (92.3069%)
entry 5086000/5508800 (92.325%)
entry 5087000/5508800 (92.3432%)
entry 5089000/5508800 (92.3795%)
entry 5091000/5508800 (92.4158%)
entry 5094000/5508800 (92.4702%)
entry 5095000/5508800 (92.4884%)
entry 5096000/5508800 (92.5065%)
entry 5097000/5508800 (92.5247%)
entry 5112000/5508800 (92.797%)
entry 5113000/5508800 (92.8151%)
entry 5114000/5508800 (92.8333%)
entry 5115000/5508800 (92.8514%)
entry 5118000/5508800 (92.9059%)
entry 5119000/5508800 (92.924%)
entry 5127000/5508800 (93.0693%)
entry 5131000/5508800 (93.1419%)
entry 5132000/5508800 (93.16%)
entry 5137000/5508800 (93.2508%)
entry 5138000/5508800 (93.2689%)
entry 5139000/5508800 (93.2871%)
entry 5140000/5508800 (93.3053%)
entry 5142000/5508800 (93.3416%)
entry 5149000/5508800 (93.4686%)
entry 5151000/5508800 (93.5049%)
entry 5154000/5508800 (93.5594%)
entry 5168000/5508800 (93.8135%)
entry 5171000/5508800 (93.868%)
entry 5174000/5508800 (93.9225%)
entry 5181000/5508800 (94.0495%)
entry 5183000/5508800 (94.0858%)
entry 5185000/5508800 (94.1221%)
entry 5192000/5508800 (94.2492%)
entry 5195000/5508800 (94.3037%)
entry 5196000/5508800 (94.3218%)
entry 5197000/5508800 (94.34%)
entry 5198000/5508800 (94.3581%)
entry 5207000/5508800 (94.5215%)
entry 5213000/5508800 (94.6304%)
entry 5214000/5508800 (94.6486%)
entry 5219000/5508800 (94.7393%)
entry 5220000/5508800 (94.7575%)
entry 5222000/5508800 (94.7938%)
entry 5226000/5508800 (94.8664%)
entry 5228000/5508800 (94.9027%)
entry 5229000/5508800 (94.9209%)
entry 5230000/5508800 (94.939%)
entry 5235000/5508800 (95.0298%)
entry 5236000/5508800 (95.0479%)
entry 5238000/5508800 (95.0842%)
entry 5240000/5508800 (95.1205%)
entry 5247000/5508800 (95.2476%)
entry 5250000/5508800 (95.3021%)
entry 5253000/5508800 (95.3565%)
entry 5260000/5508800 (95.4836%)
entry 5261000/5508800 (95.5017%)
entry 5263000/5508800 (95.538%)
entry 5266000/5508800 (95.5925%)
entry 5268000/5508800 (95.6288%)
entry 5269000/5508800 (95.647%)
entry 5274000/5508800 (95.7377%)
entry 5276000/5508800 (95.774%)
entry 5279000/5508800 (95.8285%)
entry 5281000/5508800 (95.8648%)
entry 5284000/5508800 (95.9193%)
entry 5288000/5508800 (95.9919%)
entry 5290000/5508800 (96.0282%)
entry 5291000/5508800 (96.0463%)
entry 5292000/5508800 (96.0645%)
entry 5294000/5508800 (96.1008%)
entry 5296000/5508800 (96.1371%)
entry 5298000/5508800 (96.1734%)
entry 5303000/5508800 (96.2642%)
entry 5306000/5508800 (96.3186%)
entry 5312000/5508800 (96.4275%)
entry 5314000/5508800 (96.4638%)
entry 5317000/5508800 (96.5183%)
entry 5320000/5508800 (96.5728%)
entry 5323000/5508800 (96.6272%)
entry 5324000/5508800 (96.6454%)
entry 5326000/5508800 (96.6817%)
entry 5328000/5508800 (96.718%)
entry 5329000/5508800 (96.7361%)
entry 5330000/5508800 (96.7543%)
entry 5332000/5508800 (96.7906%)
entry 5344000/5508800 (97.0084%)
entry 5346000/5508800 (97.0447%)
entry 5347000/5508800 (97.0629%)
entry 5351000/5508800 (97.1355%)
entry 5354000/5508800 (97.19%)
entry 5356000/5508800 (97.2263%)
entry 5361000/5508800 (97.317%)
entry 5364000/5508800 (97.3715%)
entry 5375000/5508800 (97.5712%)
entry 5377000/5508800 (97.6075%)
entry 5379000/5508800 (97.6438%)
entry 5381000/5508800 (97.6801%)
entry 5383000/5508800 (97.7164%)
entry 5387000/5508800 (97.789%)
entry 5388000/5508800 (97.8071%)
entry 5391000/5508800 (97.8616%)
entry 5392000/5508800 (97.8798%)
entry 5393000/5508800 (97.8979%)
entry 5395000/5508800 (97.9342%)
entry 5396000/5508800 (97.9524%)
entry 5398000/5508800 (97.9887%)
entry 5400000/5508800 (98.025%)
entry 5401000/5508800 (98.0431%)
entry 5402000/5508800 (98.0613%)
entry 5409000/5508800 (98.1884%)
entry 5410000/5508800 (98.2065%)
entry 5424000/5508800 (98.4606%)
entry 5434000/5508800 (98.6422%)
entry 5437000/5508800 (98.6966%)
entry 5438000/5508800 (98.7148%)
entry 5444000/5508800 (98.8237%)
entry 5454000/5508800 (99.0052%)
entry 5459000/5508800 (99.096%)
entry 5460000/5508800 (99.1141%)
entry 5461000/5508800 (99.1323%)
entry 5465000/5508800 (99.2049%)
entry 5468000/5508800 (99.2594%)
entry 5473000/5508800 (99.3501%)
entry 5475000/5508800 (99.3864%)
entry 5480000/5508800 (99.4772%)
entry 5481000/5508800 (99.4954%)
entry 5482000/5508800 (99.5135%)
entry 5483000/5508800 (99.5317%)
entry 5487000/5508800 (99.6043%)
entry 5490000/5508800 (99.6587%)
entry 5493000/5508800 (99.7132%)
entry 5497000/5508800 (99.7858%)
entry 5499000/5508800 (99.8221%)
entry 5500000/5508800 (99.8403%)
entry 5501000/5508800 (99.8584%)
entry 5506000/5508800 (99.9492%)
entry 5507000/5508800 (99.9673%)
entry 5508000/5508800 (99.9855%)
all done
script done
