sphnx1113.sdcc.bnl.gov
rsyncing from /gpfs/mnt/gpfs02/sphenix/user/samfred/run25/ppg11/histmaking
running: /gpfs/mnt/gpfs02/sphenix/user/samfred/run25/ppg11/histmaking/script_data.sh 50046
LD_LIBRARY_PATH now /sphenix/user/samfred/run25/install//lib:/cvmfs/sphenix.sdcc.bnl.gov/alma9.2-gcc-14.2.0/opt/sphenix/core/gcc/14.2.0-2f0a0/x86_64-el9/lib:/cvmfs/sphenix.sdcc.bnl.gov/alma9.2-gcc-14.2.0/opt/sphenix/core/gcc/14.2.0-2f0a0/x86_64-el9/lib64:/cvmfs/sphenix.sdcc.bnl.gov/alma9.2-gcc-14.2.0/opt/sphenix/core/binutils/2.40-acaab/x86_64-el9/lib:.:/cvmfs/sphenix.sdcc.bnl.gov/alma9.2-gcc-14.2.0/release/release_new/new.10/lib64:/cvmfs/sphenix.sdcc.bnl.gov/alma9.2-gcc-14.2.0/release/release_new/new.10/lib:/cvmfs/sphenix.sdcc.bnl.gov/alma9.2-gcc-14.2.0/opt/sphenix/utils/lib:/cvmfs/sphenix.sdcc.bnl.gov/alma9.2-gcc-14.2.0/opt/sphenix/core/lib:/cvmfs/sphenix.sdcc.bnl.gov/alma9.2-gcc-14.2.0/opt/sphenix/core/root-6.32.06/lib:/cvmfs/sphenix.sdcc.bnl.gov/alma9.2-gcc-14.2.0/opt/sphenix/core/geant4.10.07.p04/lib64:/cvmfs/sphenix.sdcc.bnl.gov/alma9.2-gcc-14.2.0/opt/sphenix/core/lhapdf-5.9.1/lib:/usr/local/lib64:/usr/lib64
PATH now /sphenix/user/samfred/run25/install//bin:/cvmfs/sphenix.sdcc.bnl.gov/alma9.2-gcc-14.2.0/opt/sphenix/core/gcc/14.2.0-2f0a0/x86_64-el9/bin:/cvmfs/sphenix.sdcc.bnl.gov/alma9.2-gcc-14.2.0/opt/sphenix/core/binutils/2.40-acaab/x86_64-el9/bin:.:/cvmfs/sphenix.sdcc.bnl.gov/alma9.2-gcc-14.2.0/release/release_new/new.10/bin:/cvmfs/sphenix.sdcc.bnl.gov/alma9.2-gcc-14.2.0/opt/sphenix/utils/bin:/cvmfs/sphenix.sdcc.bnl.gov/alma9.2-gcc-14.2.0/opt/sphenix/core/bin:/cvmfs/sphenix.sdcc.bnl.gov/alma9.2-gcc-14.2.0/opt/sphenix/core/root-6.32.06/bin:/cvmfs/sphenix.sdcc.bnl.gov/alma9.2-gcc-14.2.0/opt/sphenix/core/geant4.10.07.p04/bin:/usr/local/bin:/usr/bin:/usr/local/sbin:/usr/sbin
SINGULARITY_CACHEDIR=/home/condor/local/sphnx/execute/dir_1985507
_CONDOR_CHIRP_CONFIG=/home/condor/local/sphnx/execute/dir_1985507/.chirp.config
_CONDOR_JOB_IWD=/sphenix/user/samfred/run25/ppg11/histmaking
G4ENSDFSTATEDATA=/cvmfs/sphenix.sdcc.bnl.gov/alma9.2-gcc-14.2.0/opt/sphenix/core/geant4.10.07.p04/share/Geant4-10.7.4/data/G4ENSDFSTATE2.3
_CONDOR_MACHINE_AD=/home/condor/local/sphnx/execute/dir_1985507/.machine.ad
ROOT_MAX_THREADS=1
NUMEXPR_NUM_THREADS=1
CUBACORES=1
_CHIRP_DELAYED_UPDATE_PREFIX=Chirp*
OMP_THREAD_LIMIT=1
G4PIIDATA=/cvmfs/sphenix.sdcc.bnl.gov/alma9.2-gcc-14.2.0/opt/sphenix/core/geant4.10.07.p04/share/Geant4-10.7.4/data/G4PII1.3
NO_AT_BRIDGE=1
G4_MAIN=/cvmfs/sphenix.sdcc.bnl.gov/alma9.2-gcc-14.2.0/opt/sphenix/core/geant4.10.07.p04
COMPILER_PATH=/cvmfs/sphenix.sdcc.bnl.gov/alma9.2-gcc-14.2.0/opt/sphenix/core/gcc/14.2.0-2f0a0/x86_64-el9
ROOT_INCLUDE_PATH=./:/sphenix/user/samfred/run25/install//include:/sphenix/user/samfred/run25/install//include/caloana:/sphenix/user/samfred/run25/install//include/qa_centrality:/sphenix/user/samfred/run25/install//include/mbdana:/sphenix/user/samfred/run25/install//include/centrality:/sphenix/user/samfred/run25/install//include/Event:/cvmfs/sphenix.sdcc.bnl.gov/alma9.2-gcc-14.2.0/release/release_new/new.10/include:/cvmfs/sphenix.sdcc.bnl.gov/alma9.2-gcc-14.2.0/release/release_new/new.10/include:/cvmfs/sphenix.sdcc.bnl.gov/alma9.2-gcc-14.2.0/release/release_new/new.10/include/g4mbd:/cvmfs/sphenix.sdcc.bnl.gov/alma9.2-gcc-14.2.0/release/release_new/new.10/include/fmt:/cvmfs/sphenix.sdcc.bnl.gov/alma9.2-gcc-14.2.0/release/release_new/new.10/include/ffarawobjects:/cvmfs/sphenix.sdcc.bnl.gov/alma9.2-gcc-14.2.0/release/release_new/new.10/include/JSON:/cvmfs/sphenix.sdcc.bnl.gov/alma9.2-gcc-14.2.0/release/release_new/new.10/include/calotreegen:/cvmfs/sphenix.sdcc.bnl.gov/alma9.2-gcc-14.2.0/release/release_new/new.10/include/torch:/cvmfs/sphenix.sdcc.bnl.gov/alma9.2-gcc-14.2.0/release/release_new/new.10/include/g4detectors:/cvmfs/sphenix.sdcc.bnl.gov/alma9.2-gcc-14.2.0/release/release_new/new.10/include/kineto:/cvmfs/sphenix.sdcc.bnl.gov/alma9.2-gcc-14.2.0/release/release_new/new.10/include/g4decayer:/cvmfs/sphenix.sdcc.bnl.gov/alma9.2-gcc-14.2.0/release/release_new/new.10/include/kfparticleqa:/cvmfs/sphenix.sdcc.bnl.gov/alma9.2-gcc-14.2.0/release/release_new/new.10/include/phfield:/cvmfs/sphenix.sdcc.bnl.gov/alma9.2-gcc-14.2.0/release/release_new/new.10/include/LHAPDF:/cvmfs/sphenix.sdcc.bnl.gov/alma9.2-gcc-14.2.0/release/release_new/new.10/include/readdigitalcurrents:/cvmfs/sphenix.sdcc.bnl.gov/alma9.2-gcc-14.2.0/release/release_new/new.10/include/c10:/cvmfs/sphenix.sdcc.bnl.gov/alma9.2-gcc-14.2.0/release/release_new/new.10/include/calovalid:/cvmfs/sphenix.sdcc.bnl.gov/alma9.2-gcc-14.2.0/release/release_new/new.10/include/oneapi:/cvmfs/sphenix.sdcc.bnl.gov/alma9.2-gcc-14.2.0/release/release_new/new.10/include/DDCond:/cvmfs/sphenix.sdcc.bnl.gov/alma9.2-gcc-14.2.0/release/release_new/new.10/include/g4tracking:/cvmfs/sphenix.sdcc.bnl.gov/alma9.2-gcc-14.2.0/release/release_new/new.10/include/litecaloeval:/cvmfs/sphenix.sdcc.bnl.gov/alma9.2-gcc-14.2.0/release/release_new/new.10/include/g4intt:/cvmfs/sphenix.sdcc.bnl.gov/alma9.2-gcc-14.2.0/release/release_new/new.10/include/phool:/cvmfs/sphenix.sdcc.bnl.gov/alma9.2-gcc-14.2.0/release/release_new/new.10/include/boost:/cvmfs/sphenix.sdcc.bnl.gov/alma9.2-gcc-14.2.0/release/release_new/new.10/include/Pythia8Plugins:/cvmfs/sphenix.sdcc.bnl.gov/alma9.2-gcc-14.2.0/release/release_new/new.10/include/calib_emc_pi0:/cvmfs/sphenix.sdcc.bnl.gov/alma9.2-gcc-14.2.0/release/release_new/new.10/include/hijingflipafterburner:/cvmfs/sphenix.sdcc.bnl.gov/alma9.2-gcc-14.2.0/release/release_new/new.10/include/ffaobjects:/cvmfs/sphenix.sdcc.bnl.gov/alma9.2-gcc-14.2.0/release/release_new/new.10/include/EvtGenBase:/cvmfs/sphenix.sdcc.bnl.gov/alma9.2-gcc-14.2.0/release/release_new/new.10/include/flowafterburner:/cvmfs/sphenix.sdcc.bnl.gov/alma9.2-gcc-14.2.0/release/release_new/new.10/include/google:/cvmfs/sphenix.sdcc.bnl.gov/alma9.2-gcc-14.2.0/release/release_new/new.10/include/g4tpc:/cvmfs/sphenix.sdcc.bnl.gov/alma9.2-gcc-14.2.0/release/release_new/new.10/include/caffe2:/cvmfs/sphenix.sdcc.bnl.gov/alma9.2-gcc-14.2.0/release/release_new/new.10/include/EvtGenExternal:/cvmfs/sphenix.sdcc.bnl.gov/alma9.2-gcc-14.2.0/release/release_new/new.10/include/fp16:/cvmfs/sphenix.sdcc.bnl.gov/alma9.2-gcc-14.2.0/release/release_new/new.10/include/ffamodules:/cvmfs/sphenix.sdcc.bnl.gov/alma9.2-gcc-14.2.0/release/release_new/new.10/include/uspin:/cvmfs/sphenix.sdcc.bnl.gov/alma9.2-gcc-14.2.0/release/release_new/new.10/include/Herwig:/cvmfs/sphenix.sdcc.bnl.gov/alma9.2-gcc-14.2.0/release/release_new/new.10/include/genfitexp:/cvmfs/sphenix.sdcc.bnl.gov/alma9.2-gcc-14.2.0/release/release_new/new.10/include/XML:/cvmfs/sphenix.sdcc.bnl.gov/alma9.2-gcc-14.2.0/release/release_new/new.10/include/fbgemm:/cvmfs/sphenix.sdcc.bnl.gov/alma9.2-gcc-14.2.0/release/release_new/new.10/include/DDAlign:/cvmfs/sphenix.sdcc.bnl.gov/alma9.2-gcc-14.2.0/release/release_new/new.10/include/g4mvtx:/cvmfs/sphenix.sdcc.bnl.gov/alma9.2-gcc-14.2.0/release/release_new/new.10/include/kfparticle_sphenix:/cvmfs/sphenix.sdcc.bnl.gov/alma9.2-gcc-14.2.0/release/release_new/new.10/include/fun4all:/cvmfs/sphenix.sdcc.bnl.gov/alma9.2-gcc-14.2.0/release/release_new/new.10/include/intt:/cvmfs/sphenix.sdcc.bnl.gov/alma9.2-gcc-14.2.0/release/release_new/new.10/include/eventdisplay:/cvmfs/sphenix.sdcc.bnl.gov/alma9.2-gcc-14.2.0/release/release_new/new.10/include/EvtGen:/cvmfs/sphenix.sdcc.bnl.gov/alma9.2-gcc-14.2.0/release/release_new/new.10/include/Evaluator:/cvmfs/sphenix.sdcc.bnl.gov/alma9.2-gcc-14.2.0/release/release_new/new.10/include/tpc:/cvmfs/sphenix.sdcc.bnl.gov/alma9.2-gcc-14.2.0/release/release_new/new.10/include/GenFit:/cvmfs/sphenix.sdcc.bnl.gov/alma9.2-gcc-14.2.0/release/release_new/new.10/include/prototype4:/cvmfs/sphenix.sdcc.bnl.gov/alma9.2-gcc-14.2.0/release/release_new/new.10/include/caloembedding:/cvmfs/sphenix.sdcc.bnl.gov/alma9.2-gcc-14.2.0/release/release_new/new.10/include/EvtGenModels:/cvmfs/sphenix.sdcc.bnl.gov/alma9.2-gcc-14.2.0/release/release_new/new.10/include/fastjet:/cvmfs/sphenix.sdcc.bnl.gov/alma9.2-gcc-14.2.0/release/release_new/new.10/include/DDG4:/cvmfs/sphenix.sdcc.bnl.gov/alma9.2-gcc-14.2.0/release/release_new/new.10/include/mbd:/cvmfs/sphenix.sdcc.bnl.gov/alma9.2-gcc-14.2.0/release/release_new/new.10/include/tbb:/cvmfs/sphenix.sdcc.bnl.gov/alma9.2-gcc-14.2.0/release/release_new/new.10/include/phgeom:/cvmfs/sphenix.sdcc.bnl.gov/alma9.2-gcc-14.2.0/release/release_new/new.10/include/g4epd:/cvmfs/sphenix.sdcc.bnl.gov/alma9.2-gcc-14.2.0/release/release_new/new.10/include/oncal:/cvmfs/sphenix.sdcc.bnl.gov/alma9.2-gcc-14.2.0/release/release_new/new.10/include/pybind11:/cvmfs/sphenix.sdcc.bnl.gov/alma9.2-gcc-14.2.0/release/release_new/new.10/include/tpcdistgenerator:/cvmfs/sphenix.sdcc.bnl.gov/alma9.2-gcc-14.2.0/release/release_new/new.10/include/cdbobjects:/cvmfs/sphenix.sdcc.bnl.gov/alma9.2-gcc-14.2.0/release/release_new/new.10/include/g4micromegas:/cvmfs/sphenix.sdcc.bnl.gov/alma9.2-gcc-14.2.0/release/release_new/new.10/include/g4eval:/cvmfs/sphenix.sdcc.bnl.gov/alma9.2-gcc-14.2.0/release/release_new/new.10/include/jetbackground:/cvmfs/sphenix.sdcc.bnl.gov/alma9.2-gcc-14.2.0/release/release_new/new.10/include/micromegas:/cvmfs/sphenix.sdcc.bnl.gov/alma9.2-gcc-14.2.0/release/release_new/new.10/include/hftrackefficiency:/cvmfs/sphenix.sdcc.bnl.gov/alma9.2-gcc-14.2.0/release/release_new/new.10/include/inttrawhitqa:/cvmfs/sphenix.sdcc.bnl.gov/alma9.2-gcc-14.2.0/release/release_new/new.10/include/centrality:/cvmfs/sphenix.sdcc.bnl.gov/alma9.2-gcc-14.2.0/release/release_new/new.10/include/epd:/cvmfs/sphenix.sdcc.bnl.gov/alma9.2-gcc-14.2.0/release/release_new/new.10/include/caloreco:/cvmfs/sphenix.sdcc.bnl.gov/alma9.2-gcc-14.2.0/release/release_new/new.10/include/HepMC:/cvmfs/sphenix.sdcc.bnl.gov/alma9.2-gcc-14.2.0/release/release_new/new.10/include/CLHEP:/cvmfs/sphenix.sdcc.bnl.gov/alma9.2-gcc-14.2.0/release/release_new/new.10/include/Acts:/cvmfs/sphenix.sdcc.bnl.gov/alma9.2-gcc-14.2.0/release/release_new/new.10/include/g4histos:/cvmfs/sphenix.sdcc.bnl.gov/alma9.2-gcc-14.2.0/release/release_new/new.10/include/eventplaneinfo:/cvmfs/sphenix.sdcc.bnl.gov/alma9.2-gcc-14.2.0/release/release_new/new.10/include/fillspacechargemaps:/cvmfs/sphenix.sdcc.bnl.gov/alma9.2-gcc-14.2.0/release/release_new/new.10/include/phhepmc:/cvmfs/sphenix.sdcc.bnl.gov/alma9.2-gcc-14.2.0/release/release_new/new.10/include/trackingqa:/cvmfs/sphenix.sdcc.bnl.gov/alma9.2-gcc-14.2.0/release/release_new/new.10/include/qautils:/cvmfs/sphenix.sdcc.bnl.gov/alma9.2-gcc-14.2.0/release/release_new/new.10/include/trackreco:/cvmfs/sphenix.sdcc.bnl.gov/alma9.2-gcc-14.2.0/release/release_new/new.10/include/g4ohcal:/cvmfs/sphenix.sdcc.bnl.gov/alma9.2-gcc-14.2.0/release/release_new/new.10/include/tpcdvcalib:/cvmfs/sphenix.sdcc.bnl.gov/alma9.2-gcc-14.2.0/release/release_new/new.10/include/zdcinfo:/cvmfs/sphenix.sdcc.bnl.gov/alma9.2-gcc-14.2.0/release/release_new/new.10/include/phpythia8:/cvmfs/sphenix.sdcc.bnl.gov/alma9.2-gcc-14.2.0/release/release_new/new.10/include/fun4allutils:/cvmfs/sphenix.sdcc.bnl.gov/alma9.2-gcc-14.2.0/release/release_new/new.10/include/tpcqa:/cvmfs/sphenix.sdcc.bnl.gov/alma9.2-gcc-14.2.0/release/release_new/new.10/include/Pythia8:/cvmfs/sphenix.sdcc.bnl.gov/alma9.2-gcc-14.2.0/release/release_new/new.10/include/DDRec:/cvmfs/sphenix.sdcc.bnl.gov/alma9.2-gcc-14.2.0/release/release_new/new.10/include/DDDigi:/cvmfs/sphenix.sdcc.bnl.gov/alma9.2-gcc-14.2.0/release/release_new/new.10/include/g4ihcal:/cvmfs/sphenix.sdcc.bnl.gov/alma9.2-gcc-14.2.0/release/release_new/new.10/include/frog:/cvmfs/sphenix.sdcc.bnl.gov/alma9.2-gcc-14.2.0/release/release_new/new.10/include/eigen3:/cvmfs/sphenix.sdcc.bnl.gov/alma9.2-gcc-14.2.0/release/release_new/new.10/include/tensorpipe:/cvmfs/sphenix.sdcc.bnl.gov/alma9.2-gcc-14.2.0/release/release_new/new.10/include/sphenixnpc:/cvmfs/sphenix.sdcc.bnl.gov/alma9.2-gcc-14.2.0/release/release_new/new.10/include/siscone:/cvmfs/sphenix.sdcc.bnl.gov/alma9.2-gcc-14.2.0/release/release_new/new.10/include/pmonitor:/cvmfs/sphenix.sdcc.bnl.gov/alma9.2-gcc-14.2.0/release/release_new/new.10/include/calobase:/cvmfs/sphenix.sdcc.bnl.gov/alma9.2-gcc-14.2.0/release/release_new/new.10/include/ActsExamples:/cvmfs/sphenix.sdcc.bnl.gov/alma9.2-gcc-14.2.0/release/release_new/new.10/include/g4gdml:/cvmfs/sphenix.sdcc.bnl.gov/alma9.2-gcc-14.2.0/release/release_new/new.10/include/mvtx_decoder:/cvmfs/sphenix.sdcc.bnl.gov/alma9.2-gcc-14.2.0/release/release_new/new.10/include/ROOT:/cvmfs/sphenix.sdcc.bnl.gov/alma9.2-gcc-14.2.0/release/release_new/new.10/include/phparameter:/cvmfs/sphenix.sdcc.bnl.gov/alma9.2-gcc-14.2.0/release/release_new/new.10/include/rsa:/cvmfs/sphenix.sdcc.bnl.gov/alma9.2-gcc-14.2.0/release/release_new/new.10/include/fun4allraw:/cvmfs/sphenix.sdcc.bnl.gov/alma9.2-gcc-14.2.0/release/release_new/new.10/include/trackbase_historic:/cvmfs/sphenix.sdcc.bnl.gov/alma9.2-gcc-14.2.0/release/release_new/new.10/include/g4jets:/cvmfs/sphenix.sdcc.bnl.gov/alma9.2-gcc-14.2.0/release/release_new/new.10/include/jetqa:/cvmfs/sphenix.sdcc.bnl.gov/alma9.2-gcc-14.2.0/release/release_new/new.10/include/phoolraw:/cvmfs/sphenix.sdcc.bnl.gov/alma9.2-gcc-14.2.0/release/release_new/new.10/include/g4calo:/cvmfs/sphenix.sdcc.bnl.gov/alma9.2-gcc-14.2.0/release/release_new/new.10/include/mvtxrawhitqa:/cvmfs/sphenix.sdcc.bnl.gov/alma9.2-gcc-14.2.0/release/release_new/new.10/include/HepMC3:/cvmfs/sphenix.sdcc.bnl.gov/alma9.2-gcc-14.2.0/release/release_new/new.10/include/calowaveformsim:/cvmfs/sphenix.sdcc.bnl.gov/alma9.2-gcc-14.2.0/release/release_new/new.10/include/g4caloprototype:/cvmfs/sphenix.sdcc.bnl.gov/alma9.2-gcc-14.2.0/release/release_new/new.10/include/pdbcalbase:/cvmfs/sphenix.sdcc.bnl.gov/alma9.2-gcc-14.2.0/release/release_new/new.10/include/gsl:/cvmfs/sphenix.sdcc.bnl.gov/alma9.2-gcc-14.2.0/release/release_new/new.10/include/nodedump:/cvmfs/sphenix.sdcc.bnl.gov/alma9.2-gcc-14.2.0/release/release_new/new.10/include/emcnoisytowerfinder:/cvmfs/sphenix.sdcc.bnl.gov/alma9.2-gcc-14.2.0/release/release_new/new.10/include/ActsFatras:/cvmfs/sphenix.sdcc.bnl.gov/alma9.2-gcc-14.2.0/release/release_new/new.10/include/ffarawmodules:/cvmfs/sphenix.sdcc.bnl.gov/alma9.2-gcc-14.2.0/release/release_new/new.10/include/Event:/cvmfs/sphenix.sdcc.bnl.gov/alma9.2-gcc-14.2.0/release/release_new/new.10/include/prototype3:/cvmfs/sphenix.sdcc.bnl.gov/alma9.2-gcc-14.2.0/release/release_new/new.10/include/fermimotionafterburner:/cvmfs/sphenix.sdcc.bnl.gov/alma9.2-gcc-14.2.0/release/release_new/new.10/include/Photos:/cvmfs/sphenix.sdcc.bnl.gov/alma9.2-gcc-14.2.0/release/release_new/new.10/include/xingshiftcal:/cvmfs/sphenix.sdcc.bnl.gov/alma9.2-gcc-14.2.0/release/release_new/new.10/include/trackbase:/cvmfs/sphenix.sdcc.bnl.gov/alma9.2-gcc-14.2.0/release/release_new/new.10/include/jetdstskimmer:/cvmfs/sphenix.sdcc.bnl.gov/alma9.2-gcc-14.2.0/release/release_new/new.10/include/clusteriso:/cvmfs/sphenix.sdcc.bnl.gov/alma9.2-gcc-14.2.0/release/release_new/new.10/include/asmjit:/cvmfs/sphenix.sdcc.bnl.gov/alma9.2-gcc-14.2.0/release/release_new/new.10/include/particleflowreco:/cvmfs/sphenix.sdcc.bnl.gov/alma9.2-gcc-14.2.0/release/release_new/new.10/include/tpchittrackdisplay:/cvmfs/sphenix.sdcc.bnl.gov/alma9.2-gcc-14.2.0/release/release_new/new.10/include/caloana:/cvmfs/sphenix.sdcc.bnl.gov/alma9.2-gcc-14.2.0/release/release_new/new.10/include/calotrigger:/cvmfs/sphenix.sdcc.bnl.gov/alma9.2-gcc-14.2.0/release/release_new/new.10/include/nopayloadclient:/cvmfs/sphenix.sdcc.bnl.gov/alma9.2-gcc-14.2.0/release/release_new/new.10/include/trackermillepedealignment:/cvmfs/sphenix.sdcc.bnl.gov/alma9.2-gcc-14.2.0/release/release_new/new.10/include/DD4hep:/cvmfs/sphenix.sdcc.bnl.gov/alma9.2-gcc-14.2.0/release/release_new/new.10/include/g4trackfastsim:/cvmfs/sphenix.sdcc.bnl.gov/alma9.2-gcc-14.2.0/release/release_new/new.10/include/prototype2:/cvmfs/sphenix.sdcc.bnl.gov/alma9.2-gcc-14.2.0/release/release_new/new.10/include/ATen:/cvmfs/sphenix.sdcc.bnl.gov/alma9.2-gcc-14.2.0/release/release_new/new.10/include/g4main:/cvmfs/sphenix.sdcc.bnl.gov/alma9.2-gcc-14.2.0/release/release_new/new.10/include/Tauola:/cvmfs/sphenix.sdcc.bnl.gov/alma9.2-gcc-14.2.0/release/release_new/new.10/include/inttcalib:/cvmfs/sphenix.sdcc.bnl.gov/alma9.2-gcc-14.2.0/release/release_new/new.10/include/reactionplaneafterburner:/cvmfs/sphenix.sdcc.bnl.gov/alma9.2-gcc-14.2.0/release/release_new/new.10/include/globalqa:/cvmfs/sphenix.sdcc.bnl.gov/alma9.2-gcc-14.2.0/release/release_new/new.10/include/tpccalib:/cvmfs/sphenix.sdcc.bnl.gov/alma9.2-gcc-14.2.0/release/release_new/new.10/include/DDSegmentation:/cvmfs/sphenix.sdcc.bnl.gov/alma9.2-gcc-14.2.0/release/release_new/new.10/include/decayfinder:/cvmfs/sphenix.sdcc.bnl.gov/alma9.2-gcc-14.2.0/release/release_new/new.10/include/compressclus:/cvmfs/sphenix.sdcc.bnl.gov/alma9.2-gcc-14.2.0/release/release_new/new.10/include/simqa_modules:/cvmfs/sphenix.sdcc.bnl.gov/alma9.2-gcc-14.2.0/release/release_new/new.10/include/resonancejettagging:/cvmfs/sphenix.sdcc.bnl.gov/alma9.2-gcc-14.2.0/release/release_new/new.10/include/g4centrality:/cvmfs/sphenix.sdcc.bnl.gov/alma9.2-gcc-14.2.0/release/release_new/new.10/include/mvtx:/cvmfs/sphenix.sdcc.bnl.gov/alma9.2-gcc-14.2.0/release/release_new/new.10/include/nlohmann:/cvmfs/sphenix.sdcc.bnl.gov/alma9.2-gcc-14.2.0/release/release_new/new.10/include/localpoloffmon:/cvmfs/sphenix.sdcc.bnl.gov/alma9.2-gcc-14.2.0/release/release_new/new.10/include/DDEve:/cvmfs/sphenix.sdcc.bnl.gov/alma9.2-gcc-14.2.0/release/release_new/new.10/include/Parsers:/cvmfs/sphenix.sdcc.bnl.gov/alma9.2-gcc-14.2.0/release/release_new/new.10/include/trackingdiagnostics:/cvmfs/sphenix.sdcc.bnl.gov/alma9.2-gcc-14.2.0/release/release_new/new.10/include/g4vertex:/cvmfs/sphenix.sdcc.bnl.gov/alma9.2-gcc-14.2.0/release/release_new/new.10/include/jetbase:/cvmfs/sphenix.sdcc.bnl.gov/alma9.2-gcc-14.2.0/release/release_new/new.10/include/globalvertex:/cvmfs/sphenix.sdcc.bnl.gov/alma9.2-gcc-14.2.0/release/release_new/new.10/include/phgenfit:/cvmfs/sphenix.sdcc.bnl.gov/alma9.2-gcc-14.2.0/release/release_new/new.10/include/rawbcolumi:/cvmfs/sphenix.sdcc.bnl.gov/alma9.2-gcc-14.2.0/release/release_new/new.10/include/eicsmear:/cvmfs/sphenix.sdcc.bnl.gov/alma9.2-gcc-14.2.0/release/release_new/new.10/include/mvtxcalib:/cvmfs/sphenix.sdcc.bnl.gov/alma9.2-gcc-14.2.0/release/release_new/new.10/include/tpclinelaserdiode:/cvmfs/sphenix.sdcc.bnl.gov/alma9.2-gcc-14.2.0/release/release_new/new.10/include/hepmcjettrigger:/cvmfs/sphenix.sdcc.bnl.gov/alma9.2-gcc-14.2.0/release/release_new/new.10/include/core:/cvmfs/sphenix.sdcc.bnl.gov/alma9.2-gcc-14.2.0/release/release_new/new.10/include/calo_cdb:/cvmfs/sphenix.sdcc.bnl.gov/alma9.2-gcc-14.2.0/release/release_new/new.10/include/mvtxclustershapesqa:/cvmfs/sphenix.sdcc.bnl.gov/alma9.2-gcc-14.2.0/release/release_new/new.10/include/calopacketskimmer:/cvmfs/sphenix.sdcc.bnl.gov/alma9.2-gcc-14.2.0/opt/sphenix/core/geant4.10.07.p04/include:/cvmfs/sphenix.sdcc.bnl.gov/alma9.2-gcc-14.2.0/release/release_new/new.10/rootmacros:/cvmfs/sphenix.sdcc.bnl.gov/alma9.2-gcc-14.2.0/opt/sphenix/core/include
GSEARCHPATH=.:PG:LUSTRE:RAWDATA
_CONDOR_ANCESTOR_1985507=1987920:1759352708:4230735001
PWD=/gpfs/mnt/gpfs02/sphenix/user/samfred/run25/ppg11/histmaking
LOGNAME=samfred
_CONDOR_JOB_AD=/home/condor/local/sphnx/execute/dir_1985507/.job.ad
MANPATH=/cvmfs/sphenix.sdcc.bnl.gov/alma9.2-gcc-14.2.0/opt/sphenix/core/gcc/14.2.0-2f0a0/x86_64-el9/share/man:/cvmfs/sphenix.sdcc.bnl.gov/alma9.2-gcc-14.2.0/opt/sphenix/core/binutils/2.40-acaab/x86_64-el9/share/man:/cvmfs/sphenix.sdcc.bnl.gov/alma9.2-gcc-14.2.0/release/release_new/new.10/share/man:/cvmfs/sphenix.sdcc.bnl.gov/alma9.2-gcc-14.2.0/opt/sphenix/utils/share/man:/cvmfs/sphenix.sdcc.bnl.gov/alma9.2-gcc-14.2.0/opt/sphenix/core/share/man:/cvmfs/sphenix.sdcc.bnl.gov/alma9.2-gcc-14.2.0/opt/sphenix/core/root-6.32.06/man:/usr/local/share/man:/usr/share/man
PYTHIA8=/cvmfs/sphenix.sdcc.bnl.gov/alma9.2-gcc-14.2.0/release/release_new/new.10/share/Pythia8
G4INCLDATA=/cvmfs/sphenix.sdcc.bnl.gov/alma9.2-gcc-14.2.0/opt/sphenix/core/geant4.10.07.p04/share/Geant4-10.7.4/data/G4INCL1.0
ORIG_PATH=/usr/local/bin:/usr/bin
CXX=/cvmfs/sphenix.sdcc.bnl.gov/alma9.2-gcc-14.2.0/opt/sphenix/core/gcc/14.2.0-2f0a0/x86_64-el9/bin/g++
G4LEDATA=/cvmfs/sphenix.sdcc.bnl.gov/alma9.2-gcc-14.2.0/opt/sphenix/core/geant4.10.07.p04/share/Geant4-10.7.4/data/G4EMLOW7.13
PYTHON_CPU_COUNT=1
OPENBLAS_NUM_THREADS=1
_CONDOR_BIN=/usr/bin
HOME=/sphenix/u/samfred
G4PARTICLEXSDATA=/cvmfs/sphenix.sdcc.bnl.gov/alma9.2-gcc-14.2.0/opt/sphenix/core/geant4.10.07.p04/share/Geant4-10.7.4/data/G4PARTICLEXS3.1.1
ONLINE_MAIN=/cvmfs/sphenix.sdcc.bnl.gov/alma9.2-gcc-14.2.0/release/release_new/new.10
CALIBRATIONROOT=/cvmfs/sphenix.sdcc.bnl.gov/alma9.2-gcc-14.2.0/release/release_new/new.10/share/calibrations
TMPDIR=/tmp
_CONDOR_SCRATCH_DIR=/home/condor/local/sphnx/execute/dir_1985507
PGUSER=phnxrc
NOPAYLOADCLIENT_CONF=/cvmfs/sphenix.sdcc.bnl.gov/alma9.2-gcc-14.2.0/opt/sphenix/core/etc/sPHENIX_newcdb.json
XERCESCROOT=/cvmfs/sphenix.sdcc.bnl.gov/alma9.2-gcc-14.2.0/opt/sphenix/core/geant4.10.07.p04
LHAPATH=/cvmfs/sphenix.sdcc.bnl.gov/alma9.2-gcc-14.2.0/opt/sphenix/core/lhapdf-5.9.1/share/lhapdf/PDFsets
G4NEUTRONHPDATA=/cvmfs/sphenix.sdcc.bnl.gov/alma9.2-gcc-14.2.0/opt/sphenix/core/geant4.10.07.p04/share/Geant4-10.7.4/data/G4NDL4.6
PYTHONPATH=.:/cvmfs/sphenix.sdcc.bnl.gov/alma9.2-gcc-14.2.0/release/release_new/new.10/lib/python3.13/site-packages:/cvmfs/sphenix.sdcc.bnl.gov/alma9.2-gcc-14.2.0/opt/sphenix/core/lib/python3.13/site-packages:/cvmfs/sphenix.sdcc.bnl.gov/alma9.2-gcc-14.2.0/opt/sphenix/core/root-6.32.06/lib
USER=samfred
_CONDOR_ANCESTOR_26173=26218:1756527017:3130080382
_CONDOR_JOB_PIDS=
TEMP=/tmp
GOMAXPROCS=1
OFFLINE_MAIN=/cvmfs/sphenix.sdcc.bnl.gov/alma9.2-gcc-14.2.0/release/release_new/new.10
SHLVL=1
TF_NUM_THREADS=1
G4SAIDXSDATA=/cvmfs/sphenix.sdcc.bnl.gov/alma9.2-gcc-14.2.0/opt/sphenix/core/geant4.10.07.p04/share/Geant4-10.7.4/data/G4SAIDDATA2.0
APPTAINER_CACHEDIR=/home/condor/local/sphnx/execute/dir_1985507
ROOTSYS=/cvmfs/sphenix.sdcc.bnl.gov/alma9.2-gcc-14.2.0/opt/sphenix/core/root-6.32.06
BATCH_SYSTEM=HTCondor
_CONDOR_SLOT=slot1_30
LD_LIBRARY_PATH=/sphenix/user/samfred/run25/install//lib:/cvmfs/sphenix.sdcc.bnl.gov/alma9.2-gcc-14.2.0/opt/sphenix/core/gcc/14.2.0-2f0a0/x86_64-el9/lib:/cvmfs/sphenix.sdcc.bnl.gov/alma9.2-gcc-14.2.0/opt/sphenix/core/gcc/14.2.0-2f0a0/x86_64-el9/lib64:/cvmfs/sphenix.sdcc.bnl.gov/alma9.2-gcc-14.2.0/opt/sphenix/core/binutils/2.40-acaab/x86_64-el9/lib:.:/cvmfs/sphenix.sdcc.bnl.gov/alma9.2-gcc-14.2.0/release/release_new/new.10/lib64:/cvmfs/sphenix.sdcc.bnl.gov/alma9.2-gcc-14.2.0/release/release_new/new.10/lib:/cvmfs/sphenix.sdcc.bnl.gov/alma9.2-gcc-14.2.0/opt/sphenix/utils/lib:/cvmfs/sphenix.sdcc.bnl.gov/alma9.2-gcc-14.2.0/opt/sphenix/core/lib:/cvmfs/sphenix.sdcc.bnl.gov/alma9.2-gcc-14.2.0/opt/sphenix/core/root-6.32.06/lib:/cvmfs/sphenix.sdcc.bnl.gov/alma9.2-gcc-14.2.0/opt/sphenix/core/geant4.10.07.p04/lib64:/cvmfs/sphenix.sdcc.bnl.gov/alma9.2-gcc-14.2.0/opt/sphenix/core/lhapdf-5.9.1/lib:/usr/local/lib64:/usr/lib64
OPT_SPHENIX=/cvmfs/sphenix.sdcc.bnl.gov/alma9.2-gcc-14.2.0/opt/sphenix/core
TF_LOOP_PARALLEL_ITERATIONS=1
EVT_LIB=/cvmfs/sphenix.sdcc.bnl.gov/alma9.2-gcc-14.2.0/opt/sphenix/core/root-6.32.06/lib
PGHOST=sphnxdbmaster.sdcc.bnl.gov
OMP_NUM_THREADS=1
G4REALSURFACEDATA=/cvmfs/sphenix.sdcc.bnl.gov/alma9.2-gcc-14.2.0/opt/sphenix/core/geant4.10.07.p04/share/Geant4-10.7.4/data/RealSurface2.2
FC=/cvmfs/sphenix.sdcc.bnl.gov/alma9.2-gcc-14.2.0/opt/sphenix/core/gcc/14.2.0-2f0a0/x86_64-el9/bin/gfortran
G4ABLADATA=/cvmfs/sphenix.sdcc.bnl.gov/alma9.2-gcc-14.2.0/opt/sphenix/core/geant4.10.07.p04/share/Geant4-10.7.4/data/G4ABLA3.1
_CONDOR_ANCESTOR_26218=1985507:1759352708:296182397
PARASOFT=doesnotexist
TMP=/tmp
OPT_UTILS=/cvmfs/sphenix.sdcc.bnl.gov/alma9.2-gcc-14.2.0/opt/sphenix/utils
CONFIG_SITE=/cvmfs/sphenix.sdcc.bnl.gov/alma9.2-gcc-14.2.0/opt/sphenix/core/etc/config.site
PATH=/sphenix/user/samfred/run25/install//bin:/cvmfs/sphenix.sdcc.bnl.gov/alma9.2-gcc-14.2.0/opt/sphenix/core/gcc/14.2.0-2f0a0/x86_64-el9/bin:/cvmfs/sphenix.sdcc.bnl.gov/alma9.2-gcc-14.2.0/opt/sphenix/core/binutils/2.40-acaab/x86_64-el9/bin:.:/cvmfs/sphenix.sdcc.bnl.gov/alma9.2-gcc-14.2.0/release/release_new/new.10/bin:/cvmfs/sphenix.sdcc.bnl.gov/alma9.2-gcc-14.2.0/opt/sphenix/utils/bin:/cvmfs/sphenix.sdcc.bnl.gov/alma9.2-gcc-14.2.0/opt/sphenix/core/bin:/cvmfs/sphenix.sdcc.bnl.gov/alma9.2-gcc-14.2.0/opt/sphenix/core/root-6.32.06/bin:/cvmfs/sphenix.sdcc.bnl.gov/alma9.2-gcc-14.2.0/opt/sphenix/core/geant4.10.07.p04/bin:/usr/local/bin:/usr/bin:/usr/local/sbin:/usr/sbin
G4LEVELGAMMADATA=/cvmfs/sphenix.sdcc.bnl.gov/alma9.2-gcc-14.2.0/opt/sphenix/core/geant4.10.07.p04/share/Geant4-10.7.4/data/PhotonEvaporation5.7
CC=/cvmfs/sphenix.sdcc.bnl.gov/alma9.2-gcc-14.2.0/opt/sphenix/core/gcc/14.2.0-2f0a0/x86_64-el9/bin/gcc
G4RADIOACTIVEDATA=/cvmfs/sphenix.sdcc.bnl.gov/alma9.2-gcc-14.2.0/opt/sphenix/core/geant4.10.07.p04/share/Geant4-10.7.4/data/RadioactiveDecay5.6
JULIA_NUM_THREADS=1
MKL_NUM_THREADS=1
LHAPDF_DATA_PATH=/cvmfs/sphenix.sdcc.bnl.gov/alma9.2-gcc-14.2.0/release/release_new/new.10/share/LHAPDF
XPLOAD_CONFIG_DIR=/cvmfs/sphenix.sdcc.bnl.gov/alma9.2-gcc-14.2.0/opt/sphenix/core/etc
OLDPWD=/cvmfs/sphenix.sdcc.bnl.gov/alma9.2-gcc-14.2.0/release/release_new/new.10/geant4
_=/usr/bin/printenv
runnumber...
50046
trigger...

   ------------------------------------------------------------------
  | Welcome to ROOT 6.32.06                        https://root.cern |
  | (c) 1995-2024, The ROOT Team; conception: R. Brun, F. Rademakers |
  | Built for linuxx8664gcc on Dec 13 2024, 17:23:48                 |
  | From tags/6-32-06@6-32-06                                        |
  | With g++ (GCC) 14.2.0                                            |
  | Try '.help'/'.?', '.demo', '.license', '.credits', '.quit'/'.q'  |
   ------------------------------------------------------------------


Processing data_histmaker.C(50046)...
entry 1000/1988338 (0.0502933%)
entry 6000/1988338 (0.30176%)
entry 12000/1988338 (0.603519%)
entry 18000/1988338 (0.905279%)
entry 19000/1988338 (0.955572%)
entry 20000/1988338 (1.00587%)
entry 21000/1988338 (1.05616%)
entry 28000/1988338 (1.40821%)
entry 31000/1988338 (1.55909%)
entry 36000/1988338 (1.81056%)
entry 39000/1988338 (1.96144%)
entry 42000/1988338 (2.11232%)
entry 43000/1988338 (2.16261%)
entry 46000/1988338 (2.31349%)
entry 49000/1988338 (2.46437%)
entry 52000/1988338 (2.61525%)
entry 53000/1988338 (2.66554%)
entry 56000/1988338 (2.81642%)
entry 57000/1988338 (2.86672%)
entry 59000/1988338 (2.9673%)
entry 61000/1988338 (3.06789%)
entry 71000/1988338 (3.57082%)
entry 73000/1988338 (3.67141%)
entry 77000/1988338 (3.87258%)
entry 83000/1988338 (4.17434%)
entry 91000/1988338 (4.57669%)
entry 93000/1988338 (4.67727%)
entry 95000/1988338 (4.77786%)
entry 97000/1988338 (4.87845%)
entry 99000/1988338 (4.97903%)
entry 100000/1988338 (5.02933%)
entry 101000/1988338 (5.07962%)
entry 106000/1988338 (5.33109%)
entry 108000/1988338 (5.43167%)
entry 114000/1988338 (5.73343%)
entry 115000/1988338 (5.78372%)
entry 121000/1988338 (6.08548%)
entry 128000/1988338 (6.43754%)
entry 129000/1988338 (6.48783%)
entry 131000/1988338 (6.58842%)
entry 133000/1988338 (6.689%)
entry 136000/1988338 (6.83988%)
entry 142000/1988338 (7.14164%)
entry 143000/1988338 (7.19194%)
entry 147000/1988338 (7.39311%)
entry 154000/1988338 (7.74516%)
entry 155000/1988338 (7.79546%)
entry 156000/1988338 (7.84575%)
entry 157000/1988338 (7.89604%)
entry 158000/1988338 (7.94633%)
entry 160000/1988338 (8.04692%)
entry 165000/1988338 (8.29839%)
entry 167000/1988338 (8.39897%)
entry 168000/1988338 (8.44927%)
entry 175000/1988338 (8.80132%)
entry 178000/1988338 (8.9522%)
entry 183000/1988338 (9.20367%)
entry 184000/1988338 (9.25396%)
entry 185000/1988338 (9.30425%)
entry 188000/1988338 (9.45513%)
entry 189000/1988338 (9.50543%)
entry 192000/1988338 (9.65631%)
entry 197000/1988338 (9.90777%)
entry 198000/1988338 (9.95807%)
entry 201000/1988338 (10.1089%)
entry 205000/1988338 (10.3101%)
entry 211000/1988338 (10.6119%)
entry 221000/1988338 (11.1148%)
entry 223000/1988338 (11.2154%)
entry 224000/1988338 (11.2657%)
entry 228000/1988338 (11.4669%)
entry 231000/1988338 (11.6177%)
entry 233000/1988338 (11.7183%)
entry 237000/1988338 (11.9195%)
entry 240000/1988338 (12.0704%)
entry 244000/1988338 (12.2716%)
entry 246000/1988338 (12.3721%)
entry 247000/1988338 (12.4224%)
entry 252000/1988338 (12.6739%)
entry 256000/1988338 (12.8751%)
entry 257000/1988338 (12.9254%)
entry 261000/1988338 (13.1265%)
entry 262000/1988338 (13.1768%)
entry 265000/1988338 (13.3277%)
entry 269000/1988338 (13.5289%)
entry 271000/1988338 (13.6295%)
entry 276000/1988338 (13.8809%)
entry 283000/1988338 (14.233%)
entry 287000/1988338 (14.4342%)
entry 290000/1988338 (14.585%)
entry 291000/1988338 (14.6353%)
entry 296000/1988338 (14.8868%)
entry 300000/1988338 (15.088%)
entry 307000/1988338 (15.44%)
entry 308000/1988338 (15.4903%)
entry 309000/1988338 (15.5406%)
entry 310000/1988338 (15.5909%)
entry 312000/1988338 (15.6915%)
entry 314000/1988338 (15.7921%)
entry 317000/1988338 (15.943%)
entry 319000/1988338 (16.0435%)
entry 323000/1988338 (16.2447%)
entry 328000/1988338 (16.4962%)
entry 331000/1988338 (16.6471%)
entry 335000/1988338 (16.8482%)
entry 341000/1988338 (17.15%)
entry 344000/1988338 (17.3009%)
entry 350000/1988338 (17.6026%)
entry 351000/1988338 (17.6529%)
entry 353000/1988338 (17.7535%)
entry 356000/1988338 (17.9044%)
entry 357000/1988338 (17.9547%)
entry 358000/1988338 (18.005%)
entry 359000/1988338 (18.0553%)
entry 363000/1988338 (18.2565%)
entry 365000/1988338 (18.357%)
entry 370000/1988338 (18.6085%)
entry 372000/1988338 (18.7091%)
entry 374000/1988338 (18.8097%)
entry 376000/1988338 (18.9103%)
entry 379000/1988338 (19.0611%)
entry 385000/1988338 (19.3629%)
entry 390000/1988338 (19.6144%)
entry 391000/1988338 (19.6647%)
entry 394000/1988338 (19.8155%)
entry 403000/1988338 (20.2682%)
entry 406000/1988338 (20.4191%)
entry 407000/1988338 (20.4694%)
entry 417000/1988338 (20.9723%)
entry 421000/1988338 (21.1735%)
entry 424000/1988338 (21.3243%)
entry 425000/1988338 (21.3746%)
entry 427000/1988338 (21.4752%)
entry 431000/1988338 (21.6764%)
entry 432000/1988338 (21.7267%)
entry 434000/1988338 (21.8273%)
entry 438000/1988338 (22.0284%)
entry 440000/1988338 (22.129%)
entry 441000/1988338 (22.1793%)
entry 446000/1988338 (22.4308%)
entry 447000/1988338 (22.4811%)
entry 449000/1988338 (22.5817%)
entry 455000/1988338 (22.8834%)
entry 456000/1988338 (22.9337%)
entry 457000/1988338 (22.984%)
entry 458000/1988338 (23.0343%)
entry 459000/1988338 (23.0846%)
entry 460000/1988338 (23.1349%)
entry 469000/1988338 (23.5875%)
entry 476000/1988338 (23.9396%)
entry 479000/1988338 (24.0905%)
entry 483000/1988338 (24.2916%)
entry 486000/1988338 (24.4425%)
entry 487000/1988338 (24.4928%)
entry 488000/1988338 (24.5431%)
entry 492000/1988338 (24.7443%)
entry 493000/1988338 (24.7946%)
entry 497000/1988338 (24.9958%)
entry 504000/1988338 (25.3478%)
entry 506000/1988338 (25.4484%)
entry 512000/1988338 (25.7501%)
entry 515000/1988338 (25.901%)
entry 518000/1988338 (26.0519%)
entry 520000/1988338 (26.1525%)
entry 523000/1988338 (26.3034%)
entry 525000/1988338 (26.404%)
entry 530000/1988338 (26.6554%)
entry 532000/1988338 (26.756%)
entry 536000/1988338 (26.9572%)
entry 541000/1988338 (27.2087%)
entry 546000/1988338 (27.4601%)
entry 548000/1988338 (27.5607%)
entry 549000/1988338 (27.611%)
entry 552000/1988338 (27.7619%)
entry 559000/1988338 (28.1139%)
entry 560000/1988338 (28.1642%)
entry 565000/1988338 (28.4157%)
entry 567000/1988338 (28.5163%)
entry 569000/1988338 (28.6169%)
entry 571000/1988338 (28.7175%)
entry 574000/1988338 (28.8683%)
entry 577000/1988338 (29.0192%)
entry 579000/1988338 (29.1198%)
entry 583000/1988338 (29.321%)
entry 585000/1988338 (29.4216%)
entry 593000/1988338 (29.8239%)
entry 600000/1988338 (30.176%)
entry 603000/1988338 (30.3268%)
entry 608000/1988338 (30.5783%)
entry 610000/1988338 (30.6789%)
entry 614000/1988338 (30.8801%)
entry 617000/1988338 (31.0309%)
entry 618000/1988338 (31.0812%)
entry 620000/1988338 (31.1818%)
entry 621000/1988338 (31.2321%)
entry 624000/1988338 (31.383%)
entry 628000/1988338 (31.5842%)
entry 631000/1988338 (31.735%)
entry 632000/1988338 (31.7853%)
entry 633000/1988338 (31.8356%)
entry 634000/1988338 (31.8859%)
entry 638000/1988338 (32.0871%)
entry 641000/1988338 (32.238%)
entry 644000/1988338 (32.3889%)
entry 650000/1988338 (32.6906%)
entry 657000/1988338 (33.0427%)
entry 659000/1988338 (33.1433%)
entry 664000/1988338 (33.3947%)
entry 665000/1988338 (33.445%)
entry 672000/1988338 (33.7971%)
entry 676000/1988338 (33.9982%)
entry 678000/1988338 (34.0988%)
entry 680000/1988338 (34.1994%)
entry 681000/1988338 (34.2497%)
entry 684000/1988338 (34.4006%)
entry 688000/1988338 (34.6018%)
entry 689000/1988338 (34.6521%)
entry 695000/1988338 (34.9538%)
entry 703000/1988338 (35.3562%)
entry 707000/1988338 (35.5573%)
entry 708000/1988338 (35.6076%)
entry 711000/1988338 (35.7585%)
entry 719000/1988338 (36.1609%)
entry 722000/1988338 (36.3117%)
entry 724000/1988338 (36.4123%)
entry 725000/1988338 (36.4626%)
entry 728000/1988338 (36.6135%)
entry 730000/1988338 (36.7141%)
entry 731000/1988338 (36.7644%)
entry 735000/1988338 (36.9655%)
entry 738000/1988338 (37.1164%)
entry 739000/1988338 (37.1667%)
entry 740000/1988338 (37.217%)
entry 744000/1988338 (37.4182%)
entry 745000/1988338 (37.4685%)
entry 747000/1988338 (37.5691%)
entry 748000/1988338 (37.6194%)
entry 750000/1988338 (37.7199%)
entry 752000/1988338 (37.8205%)
entry 753000/1988338 (37.8708%)
entry 759000/1988338 (38.1726%)
entry 760000/1988338 (38.2229%)
entry 764000/1988338 (38.4241%)
entry 767000/1988338 (38.5749%)
entry 769000/1988338 (38.6755%)
entry 770000/1988338 (38.7258%)
entry 775000/1988338 (38.9773%)
entry 778000/1988338 (39.1282%)
entry 793000/1988338 (39.8826%)
entry 797000/1988338 (40.0837%)
entry 798000/1988338 (40.134%)
entry 800000/1988338 (40.2346%)
entry 803000/1988338 (40.3855%)
entry 805000/1988338 (40.4861%)
entry 807000/1988338 (40.5867%)
entry 808000/1988338 (40.637%)
entry 810000/1988338 (40.7375%)
entry 816000/1988338 (41.0393%)
entry 822000/1988338 (41.3411%)
entry 824000/1988338 (41.4416%)
entry 834000/1988338 (41.9446%)
entry 836000/1988338 (42.0452%)
entry 838000/1988338 (42.1458%)
entry 839000/1988338 (42.196%)
entry 840000/1988338 (42.2463%)
entry 849000/1988338 (42.699%)
entry 851000/1988338 (42.7996%)
entry 852000/1988338 (42.8499%)
entry 855000/1988338 (43.0007%)
entry 861000/1988338 (43.3025%)
entry 871000/1988338 (43.8054%)
entry 872000/1988338 (43.8557%)
entry 873000/1988338 (43.906%)
entry 874000/1988338 (43.9563%)
entry 879000/1988338 (44.2078%)
entry 880000/1988338 (44.2581%)
entry 881000/1988338 (44.3084%)
entry 882000/1988338 (44.3587%)
entry 883000/1988338 (44.4089%)
entry 884000/1988338 (44.4592%)
entry 886000/1988338 (44.5598%)
entry 894000/1988338 (44.9622%)
entry 896000/1988338 (45.0628%)
entry 898000/1988338 (45.1633%)
entry 901000/1988338 (45.3142%)
entry 905000/1988338 (45.5154%)
entry 907000/1988338 (45.616%)
entry 908000/1988338 (45.6663%)
entry 921000/1988338 (46.3201%)
entry 924000/1988338 (46.471%)
entry 926000/1988338 (46.5716%)
entry 929000/1988338 (46.7224%)
entry 930000/1988338 (46.7727%)
entry 931000/1988338 (46.823%)
entry 932000/1988338 (46.8733%)
entry 939000/1988338 (47.2254%)
entry 941000/1988338 (47.326%)
entry 942000/1988338 (47.3763%)
entry 944000/1988338 (47.4768%)
entry 945000/1988338 (47.5271%)
entry 946000/1988338 (47.5774%)
entry 947000/1988338 (47.6277%)
entry 948000/1988338 (47.678%)
entry 949000/1988338 (47.7283%)
entry 952000/1988338 (47.8792%)
entry 959000/1988338 (48.2312%)
entry 960000/1988338 (48.2815%)
entry 966000/1988338 (48.5833%)
entry 969000/1988338 (48.7342%)
entry 973000/1988338 (48.9353%)
entry 974000/1988338 (48.9856%)
entry 983000/1988338 (49.4383%)
entry 988000/1988338 (49.6897%)
entry 999000/1988338 (50.243%)
entry 1001000/1988338 (50.3436%)
entry 1003000/1988338 (50.4441%)
entry 1005000/1988338 (50.5447%)
entry 1007000/1988338 (50.6453%)
entry 1008000/1988338 (50.6956%)
entry 1009000/1988338 (50.7459%)
entry 1011000/1988338 (50.8465%)
entry 1016000/1988338 (51.098%)
entry 1018000/1988338 (51.1985%)
entry 1023000/1988338 (51.45%)
entry 1027000/1988338 (51.6512%)
entry 1031000/1988338 (51.8524%)
entry 1041000/1988338 (52.3553%)
entry 1043000/1988338 (52.4559%)
entry 1048000/1988338 (52.7073%)
entry 1052000/1988338 (52.9085%)
entry 1059000/1988338 (53.2606%)
entry 1060000/1988338 (53.3109%)
entry 1063000/1988338 (53.4617%)
entry 1066000/1988338 (53.6126%)
entry 1072000/1988338 (53.9144%)
entry 1073000/1988338 (53.9647%)
entry 1074000/1988338 (54.015%)
entry 1080000/1988338 (54.3167%)
entry 1081000/1988338 (54.367%)
entry 1083000/1988338 (54.4676%)
entry 1084000/1988338 (54.5179%)
entry 1088000/1988338 (54.7191%)
entry 1096000/1988338 (55.1214%)
entry 1097000/1988338 (55.1717%)
entry 1102000/1988338 (55.4232%)
entry 1105000/1988338 (55.5741%)
entry 1106000/1988338 (55.6243%)
entry 1115000/1988338 (56.077%)
entry 1118000/1988338 (56.2279%)
entry 1121000/1988338 (56.3787%)
entry 1123000/1988338 (56.4793%)
entry 1125000/1988338 (56.5799%)
entry 1129000/1988338 (56.7811%)
entry 1133000/1988338 (56.9823%)
entry 1142000/1988338 (57.4349%)
entry 1144000/1988338 (57.5355%)
entry 1146000/1988338 (57.6361%)
entry 1153000/1988338 (57.9881%)
entry 1155000/1988338 (58.0887%)
entry 1156000/1988338 (58.139%)
entry 1160000/1988338 (58.3402%)
entry 1161000/1988338 (58.3905%)
entry 1169000/1988338 (58.7928%)
entry 1171000/1988338 (58.8934%)
entry 1176000/1988338 (59.1449%)
entry 1177000/1988338 (59.1952%)
entry 1180000/1988338 (59.346%)
entry 1181000/1988338 (59.3963%)
entry 1186000/1988338 (59.6478%)
entry 1192000/1988338 (59.9496%)
entry 1194000/1988338 (60.0502%)
entry 1196000/1988338 (60.1507%)
entry 1199000/1988338 (60.3016%)
entry 1202000/1988338 (60.4525%)
entry 1204000/1988338 (60.5531%)
entry 1207000/1988338 (60.704%)
entry 1208000/1988338 (60.7543%)
entry 1209000/1988338 (60.8046%)
entry 1211000/1988338 (60.9051%)
entry 1215000/1988338 (61.1063%)
entry 1217000/1988338 (61.2069%)
entry 1218000/1988338 (61.2572%)
entry 1221000/1988338 (61.4081%)
entry 1223000/1988338 (61.5087%)
entry 1224000/1988338 (61.5589%)
entry 1225000/1988338 (61.6092%)
entry 1227000/1988338 (61.7098%)
entry 1231000/1988338 (61.911%)
entry 1233000/1988338 (62.0116%)
entry 1240000/1988338 (62.3636%)
entry 1242000/1988338 (62.4642%)
entry 1243000/1988338 (62.5145%)
entry 1250000/1988338 (62.8666%)
entry 1260000/1988338 (63.3695%)
entry 1262000/1988338 (63.4701%)
entry 1265000/1988338 (63.621%)
entry 1270000/1988338 (63.8724%)
entry 1272000/1988338 (63.973%)
entry 1280000/1988338 (64.3754%)
entry 1286000/1988338 (64.6771%)
entry 1287000/1988338 (64.7274%)
entry 1289000/1988338 (64.828%)
entry 1293000/1988338 (65.0292%)
entry 1294000/1988338 (65.0795%)
entry 1297000/1988338 (65.2304%)
entry 1302000/1988338 (65.4818%)
entry 1303000/1988338 (65.5321%)
entry 1304000/1988338 (65.5824%)
entry 1306000/1988338 (65.683%)
entry 1315000/1988338 (66.1356%)
entry 1317000/1988338 (66.2362%)
entry 1325000/1988338 (66.6386%)
entry 1327000/1988338 (66.7392%)
entry 1328000/1988338 (66.7894%)
entry 1335000/1988338 (67.1415%)
entry 1337000/1988338 (67.2421%)
entry 1346000/1988338 (67.6947%)
entry 1349000/1988338 (67.8456%)
entry 1355000/1988338 (68.1474%)
entry 1356000/1988338 (68.1977%)
entry 1361000/1988338 (68.4491%)
entry 1367000/1988338 (68.7509%)
entry 1369000/1988338 (68.8515%)
entry 1382000/1988338 (69.5053%)
entry 1394000/1988338 (70.1088%)
entry 1395000/1988338 (70.1591%)
entry 1396000/1988338 (70.2094%)
entry 1398000/1988338 (70.31%)
entry 1404000/1988338 (70.6117%)
entry 1414000/1988338 (71.1147%)
entry 1419000/1988338 (71.3661%)
entry 1424000/1988338 (71.6176%)
entry 1432000/1988338 (72.0199%)
entry 1434000/1988338 (72.1205%)
entry 1436000/1988338 (72.2211%)
entry 1438000/1988338 (72.3217%)
entry 1439000/1988338 (72.372%)
entry 1442000/1988338 (72.5229%)
entry 1455000/1988338 (73.1767%)
entry 1457000/1988338 (73.2773%)
entry 1459000/1988338 (73.3779%)
entry 1461000/1988338 (73.4785%)
entry 1468000/1988338 (73.8305%)
entry 1470000/1988338 (73.9311%)
entry 1473000/1988338 (74.082%)
entry 1480000/1988338 (74.434%)
entry 1484000/1988338 (74.6352%)
entry 1485000/1988338 (74.6855%)
entry 1489000/1988338 (74.8867%)
entry 1497000/1988338 (75.289%)
entry 1501000/1988338 (75.4902%)
entry 1506000/1988338 (75.7416%)
entry 1508000/1988338 (75.8422%)
entry 1509000/1988338 (75.8925%)
entry 1511000/1988338 (75.9931%)
entry 1517000/1988338 (76.2949%)
entry 1518000/1988338 (76.3452%)
entry 1519000/1988338 (76.3955%)
entry 1523000/1988338 (76.5966%)
entry 1525000/1988338 (76.6972%)
entry 1526000/1988338 (76.7475%)
entry 1529000/1988338 (76.8984%)
entry 1537000/1988338 (77.3007%)
entry 1538000/1988338 (77.351%)
entry 1539000/1988338 (77.4013%)
entry 1549000/1988338 (77.9043%)
entry 1556000/1988338 (78.2563%)
entry 1562000/1988338 (78.5581%)
entry 1564000/1988338 (78.6587%)
entry 1566000/1988338 (78.7592%)
entry 1567000/1988338 (78.8095%)
entry 1570000/1988338 (78.9604%)
entry 1589000/1988338 (79.916%)
entry 1592000/1988338 (80.0669%)
entry 1594000/1988338 (80.1675%)
entry 1597000/1988338 (80.3183%)
entry 1603000/1988338 (80.6201%)
entry 1605000/1988338 (80.7207%)
entry 1612000/1988338 (81.0727%)
entry 1615000/1988338 (81.2236%)
entry 1616000/1988338 (81.2739%)
entry 1623000/1988338 (81.626%)
entry 1626000/1988338 (81.7768%)
entry 1627000/1988338 (81.8271%)
entry 1628000/1988338 (81.8774%)
entry 1637000/1988338 (82.3301%)
entry 1644000/1988338 (82.6821%)
entry 1649000/1988338 (82.9336%)
entry 1651000/1988338 (83.0342%)
entry 1652000/1988338 (83.0845%)
entry 1654000/1988338 (83.1851%)
entry 1656000/1988338 (83.2856%)
entry 1660000/1988338 (83.4868%)
entry 1661000/1988338 (83.5371%)
entry 1666000/1988338 (83.7886%)
entry 1672000/1988338 (84.0903%)
entry 1675000/1988338 (84.2412%)
entry 1676000/1988338 (84.2915%)
entry 1679000/1988338 (84.4424%)
entry 1680000/1988338 (84.4927%)
entry 1684000/1988338 (84.6938%)
entry 1686000/1988338 (84.7944%)
entry 1691000/1988338 (85.0459%)
entry 1693000/1988338 (85.1465%)
entry 1698000/1988338 (85.398%)
entry 1699000/1988338 (85.4482%)
entry 1700000/1988338 (85.4985%)
entry 1702000/1988338 (85.5991%)
entry 1704000/1988338 (85.6997%)
entry 1714000/1988338 (86.2026%)
entry 1716000/1988338 (86.3032%)
entry 1724000/1988338 (86.7056%)
entry 1727000/1988338 (86.8565%)
entry 1728000/1988338 (86.9068%)
entry 1734000/1988338 (87.2085%)
entry 1737000/1988338 (87.3594%)
entry 1738000/1988338 (87.4097%)
entry 1740000/1988338 (87.5103%)
entry 1746000/1988338 (87.812%)
entry 1747000/1988338 (87.8623%)
entry 1750000/1988338 (88.0132%)
entry 1752000/1988338 (88.1138%)
entry 1767000/1988338 (88.8682%)
entry 1768000/1988338 (88.9185%)
entry 1771000/1988338 (89.0694%)
entry 1773000/1988338 (89.1699%)
entry 1777000/1988338 (89.3711%)
entry 1783000/1988338 (89.6729%)
entry 1785000/1988338 (89.7735%)
entry 1797000/1988338 (90.377%)
entry 1798000/1988338 (90.4273%)
entry 1802000/1988338 (90.6285%)
entry 1804000/1988338 (90.729%)
entry 1807000/1988338 (90.8799%)
entry 1812000/1988338 (91.1314%)
entry 1816000/1988338 (91.3326%)
entry 1819000/1988338 (91.4834%)
entry 1824000/1988338 (91.7349%)
entry 1825000/1988338 (91.7852%)
entry 1826000/1988338 (91.8355%)
entry 1827000/1988338 (91.8858%)
entry 1828000/1988338 (91.9361%)
entry 1829000/1988338 (91.9864%)
entry 1831000/1988338 (92.087%)
entry 1832000/1988338 (92.1373%)
entry 1833000/1988338 (92.1875%)
entry 1834000/1988338 (92.2378%)
entry 1835000/1988338 (92.2881%)
entry 1839000/1988338 (92.4893%)
entry 1843000/1988338 (92.6905%)
entry 1853000/1988338 (93.1934%)
entry 1856000/1988338 (93.3443%)
entry 1859000/1988338 (93.4952%)
entry 1860000/1988338 (93.5455%)
entry 1862000/1988338 (93.646%)
entry 1865000/1988338 (93.7969%)
entry 1866000/1988338 (93.8472%)
entry 1868000/1988338 (93.9478%)
entry 1877000/1988338 (94.4004%)
entry 1879000/1988338 (94.501%)
entry 1884000/1988338 (94.7525%)
entry 1889000/1988338 (95.004%)
entry 1891000/1988338 (95.1046%)
entry 1894000/1988338 (95.2554%)
entry 1899000/1988338 (95.5069%)
entry 1901000/1988338 (95.6075%)
entry 1904000/1988338 (95.7584%)
entry 1908000/1988338 (95.9595%)
entry 1911000/1988338 (96.1104%)
entry 1912000/1988338 (96.1607%)
entry 1913000/1988338 (96.211%)
entry 1919000/1988338 (96.5128%)
entry 1923000/1988338 (96.7139%)
entry 1924000/1988338 (96.7642%)
entry 1925000/1988338 (96.8145%)
entry 1934000/1988338 (97.2672%)
entry 1938000/1988338 (97.4683%)
entry 1944000/1988338 (97.7701%)
entry 1946000/1988338 (97.8707%)
entry 1947000/1988338 (97.921%)
entry 1951000/1988338 (98.1221%)
entry 1956000/1988338 (98.3736%)
entry 1960000/1988338 (98.5748%)
entry 1962000/1988338 (98.6754%)
entry 1968000/1988338 (98.9771%)
entry 1972000/1988338 (99.1783%)
entry 1973000/1988338 (99.2286%)
entry 1977000/1988338 (99.4298%)
entry 1978000/1988338 (99.4801%)
entry 1984000/1988338 (99.7818%)
entry 1986000/1988338 (99.8824%)
all done
script done
