sphnx1039.sdcc.bnl.gov
rsyncing from /gpfs/mnt/gpfs02/sphenix/user/samfred/run25/ppg11/histmaking
running: /gpfs/mnt/gpfs02/sphenix/user/samfred/run25/ppg11/histmaking/script_data.sh 50380
LD_LIBRARY_PATH now /sphenix/user/samfred/run25/install//lib:/cvmfs/sphenix.sdcc.bnl.gov/alma9.2-gcc-14.2.0/opt/sphenix/core/gcc/14.2.0-2f0a0/x86_64-el9/lib:/cvmfs/sphenix.sdcc.bnl.gov/alma9.2-gcc-14.2.0/opt/sphenix/core/gcc/14.2.0-2f0a0/x86_64-el9/lib64:/cvmfs/sphenix.sdcc.bnl.gov/alma9.2-gcc-14.2.0/opt/sphenix/core/binutils/2.40-acaab/x86_64-el9/lib:.:/cvmfs/sphenix.sdcc.bnl.gov/alma9.2-gcc-14.2.0/release/release_new/new.10/lib64:/cvmfs/sphenix.sdcc.bnl.gov/alma9.2-gcc-14.2.0/release/release_new/new.10/lib:/cvmfs/sphenix.sdcc.bnl.gov/alma9.2-gcc-14.2.0/opt/sphenix/utils/lib:/cvmfs/sphenix.sdcc.bnl.gov/alma9.2-gcc-14.2.0/opt/sphenix/core/lib:/cvmfs/sphenix.sdcc.bnl.gov/alma9.2-gcc-14.2.0/opt/sphenix/core/root-6.32.06/lib:/cvmfs/sphenix.sdcc.bnl.gov/alma9.2-gcc-14.2.0/opt/sphenix/core/geant4.10.07.p04/lib64:/cvmfs/sphenix.sdcc.bnl.gov/alma9.2-gcc-14.2.0/opt/sphenix/core/lhapdf-5.9.1/lib:/usr/local/lib64:/usr/lib64
PATH now /sphenix/user/samfred/run25/install//bin:/cvmfs/sphenix.sdcc.bnl.gov/alma9.2-gcc-14.2.0/opt/sphenix/core/gcc/14.2.0-2f0a0/x86_64-el9/bin:/cvmfs/sphenix.sdcc.bnl.gov/alma9.2-gcc-14.2.0/opt/sphenix/core/binutils/2.40-acaab/x86_64-el9/bin:.:/cvmfs/sphenix.sdcc.bnl.gov/alma9.2-gcc-14.2.0/release/release_new/new.10/bin:/cvmfs/sphenix.sdcc.bnl.gov/alma9.2-gcc-14.2.0/opt/sphenix/utils/bin:/cvmfs/sphenix.sdcc.bnl.gov/alma9.2-gcc-14.2.0/opt/sphenix/core/bin:/cvmfs/sphenix.sdcc.bnl.gov/alma9.2-gcc-14.2.0/opt/sphenix/core/root-6.32.06/bin:/cvmfs/sphenix.sdcc.bnl.gov/alma9.2-gcc-14.2.0/opt/sphenix/core/geant4.10.07.p04/bin:/usr/local/bin:/usr/bin:/usr/local/sbin:/usr/sbin
SINGULARITY_CACHEDIR=/home/condor/local/sphnx/execute/dir_313046
_CONDOR_CHIRP_CONFIG=/home/condor/local/sphnx/execute/dir_313046/.chirp.config
_CONDOR_JOB_IWD=/sphenix/user/samfred/run25/ppg11/histmaking
G4ENSDFSTATEDATA=/cvmfs/sphenix.sdcc.bnl.gov/alma9.2-gcc-14.2.0/opt/sphenix/core/geant4.10.07.p04/share/Geant4-10.7.4/data/G4ENSDFSTATE2.3
_CONDOR_MACHINE_AD=/home/condor/local/sphnx/execute/dir_313046/.machine.ad
ROOT_MAX_THREADS=1
NUMEXPR_NUM_THREADS=1
CUBACORES=1
_CHIRP_DELAYED_UPDATE_PREFIX=Chirp*
_CONDOR_ANCESTOR_336000=336035:1756523315:3403244201
OMP_THREAD_LIMIT=1
G4PIIDATA=/cvmfs/sphenix.sdcc.bnl.gov/alma9.2-gcc-14.2.0/opt/sphenix/core/geant4.10.07.p04/share/Geant4-10.7.4/data/G4PII1.3
NO_AT_BRIDGE=1
G4_MAIN=/cvmfs/sphenix.sdcc.bnl.gov/alma9.2-gcc-14.2.0/opt/sphenix/core/geant4.10.07.p04
COMPILER_PATH=/cvmfs/sphenix.sdcc.bnl.gov/alma9.2-gcc-14.2.0/opt/sphenix/core/gcc/14.2.0-2f0a0/x86_64-el9
ROOT_INCLUDE_PATH=./:/sphenix/user/samfred/run25/install//include:/sphenix/user/samfred/run25/install//include/caloana:/sphenix/user/samfred/run25/install//include/qa_centrality:/sphenix/user/samfred/run25/install//include/mbdana:/sphenix/user/samfred/run25/install//include/centrality:/sphenix/user/samfred/run25/install//include/Event:/cvmfs/sphenix.sdcc.bnl.gov/alma9.2-gcc-14.2.0/release/release_new/new.10/include:/cvmfs/sphenix.sdcc.bnl.gov/alma9.2-gcc-14.2.0/release/release_new/new.10/include:/cvmfs/sphenix.sdcc.bnl.gov/alma9.2-gcc-14.2.0/release/release_new/new.10/include/g4mbd:/cvmfs/sphenix.sdcc.bnl.gov/alma9.2-gcc-14.2.0/release/release_new/new.10/include/fmt:/cvmfs/sphenix.sdcc.bnl.gov/alma9.2-gcc-14.2.0/release/release_new/new.10/include/ffarawobjects:/cvmfs/sphenix.sdcc.bnl.gov/alma9.2-gcc-14.2.0/release/release_new/new.10/include/JSON:/cvmfs/sphenix.sdcc.bnl.gov/alma9.2-gcc-14.2.0/release/release_new/new.10/include/calotreegen:/cvmfs/sphenix.sdcc.bnl.gov/alma9.2-gcc-14.2.0/release/release_new/new.10/include/torch:/cvmfs/sphenix.sdcc.bnl.gov/alma9.2-gcc-14.2.0/release/release_new/new.10/include/g4detectors:/cvmfs/sphenix.sdcc.bnl.gov/alma9.2-gcc-14.2.0/release/release_new/new.10/include/kineto:/cvmfs/sphenix.sdcc.bnl.gov/alma9.2-gcc-14.2.0/release/release_new/new.10/include/g4decayer:/cvmfs/sphenix.sdcc.bnl.gov/alma9.2-gcc-14.2.0/release/release_new/new.10/include/kfparticleqa:/cvmfs/sphenix.sdcc.bnl.gov/alma9.2-gcc-14.2.0/release/release_new/new.10/include/phfield:/cvmfs/sphenix.sdcc.bnl.gov/alma9.2-gcc-14.2.0/release/release_new/new.10/include/LHAPDF:/cvmfs/sphenix.sdcc.bnl.gov/alma9.2-gcc-14.2.0/release/release_new/new.10/include/readdigitalcurrents:/cvmfs/sphenix.sdcc.bnl.gov/alma9.2-gcc-14.2.0/release/release_new/new.10/include/c10:/cvmfs/sphenix.sdcc.bnl.gov/alma9.2-gcc-14.2.0/release/release_new/new.10/include/calovalid:/cvmfs/sphenix.sdcc.bnl.gov/alma9.2-gcc-14.2.0/release/release_new/new.10/include/oneapi:/cvmfs/sphenix.sdcc.bnl.gov/alma9.2-gcc-14.2.0/release/release_new/new.10/include/DDCond:/cvmfs/sphenix.sdcc.bnl.gov/alma9.2-gcc-14.2.0/release/release_new/new.10/include/g4tracking:/cvmfs/sphenix.sdcc.bnl.gov/alma9.2-gcc-14.2.0/release/release_new/new.10/include/litecaloeval:/cvmfs/sphenix.sdcc.bnl.gov/alma9.2-gcc-14.2.0/release/release_new/new.10/include/g4intt:/cvmfs/sphenix.sdcc.bnl.gov/alma9.2-gcc-14.2.0/release/release_new/new.10/include/phool:/cvmfs/sphenix.sdcc.bnl.gov/alma9.2-gcc-14.2.0/release/release_new/new.10/include/boost:/cvmfs/sphenix.sdcc.bnl.gov/alma9.2-gcc-14.2.0/release/release_new/new.10/include/Pythia8Plugins:/cvmfs/sphenix.sdcc.bnl.gov/alma9.2-gcc-14.2.0/release/release_new/new.10/include/calib_emc_pi0:/cvmfs/sphenix.sdcc.bnl.gov/alma9.2-gcc-14.2.0/release/release_new/new.10/include/hijingflipafterburner:/cvmfs/sphenix.sdcc.bnl.gov/alma9.2-gcc-14.2.0/release/release_new/new.10/include/ffaobjects:/cvmfs/sphenix.sdcc.bnl.gov/alma9.2-gcc-14.2.0/release/release_new/new.10/include/EvtGenBase:/cvmfs/sphenix.sdcc.bnl.gov/alma9.2-gcc-14.2.0/release/release_new/new.10/include/flowafterburner:/cvmfs/sphenix.sdcc.bnl.gov/alma9.2-gcc-14.2.0/release/release_new/new.10/include/google:/cvmfs/sphenix.sdcc.bnl.gov/alma9.2-gcc-14.2.0/release/release_new/new.10/include/g4tpc:/cvmfs/sphenix.sdcc.bnl.gov/alma9.2-gcc-14.2.0/release/release_new/new.10/include/caffe2:/cvmfs/sphenix.sdcc.bnl.gov/alma9.2-gcc-14.2.0/release/release_new/new.10/include/EvtGenExternal:/cvmfs/sphenix.sdcc.bnl.gov/alma9.2-gcc-14.2.0/release/release_new/new.10/include/fp16:/cvmfs/sphenix.sdcc.bnl.gov/alma9.2-gcc-14.2.0/release/release_new/new.10/include/ffamodules:/cvmfs/sphenix.sdcc.bnl.gov/alma9.2-gcc-14.2.0/release/release_new/new.10/include/uspin:/cvmfs/sphenix.sdcc.bnl.gov/alma9.2-gcc-14.2.0/release/release_new/new.10/include/Herwig:/cvmfs/sphenix.sdcc.bnl.gov/alma9.2-gcc-14.2.0/release/release_new/new.10/include/genfitexp:/cvmfs/sphenix.sdcc.bnl.gov/alma9.2-gcc-14.2.0/release/release_new/new.10/include/XML:/cvmfs/sphenix.sdcc.bnl.gov/alma9.2-gcc-14.2.0/release/release_new/new.10/include/fbgemm:/cvmfs/sphenix.sdcc.bnl.gov/alma9.2-gcc-14.2.0/release/release_new/new.10/include/DDAlign:/cvmfs/sphenix.sdcc.bnl.gov/alma9.2-gcc-14.2.0/release/release_new/new.10/include/g4mvtx:/cvmfs/sphenix.sdcc.bnl.gov/alma9.2-gcc-14.2.0/release/release_new/new.10/include/kfparticle_sphenix:/cvmfs/sphenix.sdcc.bnl.gov/alma9.2-gcc-14.2.0/release/release_new/new.10/include/fun4all:/cvmfs/sphenix.sdcc.bnl.gov/alma9.2-gcc-14.2.0/release/release_new/new.10/include/intt:/cvmfs/sphenix.sdcc.bnl.gov/alma9.2-gcc-14.2.0/release/release_new/new.10/include/eventdisplay:/cvmfs/sphenix.sdcc.bnl.gov/alma9.2-gcc-14.2.0/release/release_new/new.10/include/EvtGen:/cvmfs/sphenix.sdcc.bnl.gov/alma9.2-gcc-14.2.0/release/release_new/new.10/include/Evaluator:/cvmfs/sphenix.sdcc.bnl.gov/alma9.2-gcc-14.2.0/release/release_new/new.10/include/tpc:/cvmfs/sphenix.sdcc.bnl.gov/alma9.2-gcc-14.2.0/release/release_new/new.10/include/GenFit:/cvmfs/sphenix.sdcc.bnl.gov/alma9.2-gcc-14.2.0/release/release_new/new.10/include/prototype4:/cvmfs/sphenix.sdcc.bnl.gov/alma9.2-gcc-14.2.0/release/release_new/new.10/include/caloembedding:/cvmfs/sphenix.sdcc.bnl.gov/alma9.2-gcc-14.2.0/release/release_new/new.10/include/EvtGenModels:/cvmfs/sphenix.sdcc.bnl.gov/alma9.2-gcc-14.2.0/release/release_new/new.10/include/fastjet:/cvmfs/sphenix.sdcc.bnl.gov/alma9.2-gcc-14.2.0/release/release_new/new.10/include/DDG4:/cvmfs/sphenix.sdcc.bnl.gov/alma9.2-gcc-14.2.0/release/release_new/new.10/include/mbd:/cvmfs/sphenix.sdcc.bnl.gov/alma9.2-gcc-14.2.0/release/release_new/new.10/include/tbb:/cvmfs/sphenix.sdcc.bnl.gov/alma9.2-gcc-14.2.0/release/release_new/new.10/include/phgeom:/cvmfs/sphenix.sdcc.bnl.gov/alma9.2-gcc-14.2.0/release/release_new/new.10/include/g4epd:/cvmfs/sphenix.sdcc.bnl.gov/alma9.2-gcc-14.2.0/release/release_new/new.10/include/oncal:/cvmfs/sphenix.sdcc.bnl.gov/alma9.2-gcc-14.2.0/release/release_new/new.10/include/pybind11:/cvmfs/sphenix.sdcc.bnl.gov/alma9.2-gcc-14.2.0/release/release_new/new.10/include/tpcdistgenerator:/cvmfs/sphenix.sdcc.bnl.gov/alma9.2-gcc-14.2.0/release/release_new/new.10/include/cdbobjects:/cvmfs/sphenix.sdcc.bnl.gov/alma9.2-gcc-14.2.0/release/release_new/new.10/include/g4micromegas:/cvmfs/sphenix.sdcc.bnl.gov/alma9.2-gcc-14.2.0/release/release_new/new.10/include/g4eval:/cvmfs/sphenix.sdcc.bnl.gov/alma9.2-gcc-14.2.0/release/release_new/new.10/include/jetbackground:/cvmfs/sphenix.sdcc.bnl.gov/alma9.2-gcc-14.2.0/release/release_new/new.10/include/micromegas:/cvmfs/sphenix.sdcc.bnl.gov/alma9.2-gcc-14.2.0/release/release_new/new.10/include/hftrackefficiency:/cvmfs/sphenix.sdcc.bnl.gov/alma9.2-gcc-14.2.0/release/release_new/new.10/include/inttrawhitqa:/cvmfs/sphenix.sdcc.bnl.gov/alma9.2-gcc-14.2.0/release/release_new/new.10/include/centrality:/cvmfs/sphenix.sdcc.bnl.gov/alma9.2-gcc-14.2.0/release/release_new/new.10/include/epd:/cvmfs/sphenix.sdcc.bnl.gov/alma9.2-gcc-14.2.0/release/release_new/new.10/include/caloreco:/cvmfs/sphenix.sdcc.bnl.gov/alma9.2-gcc-14.2.0/release/release_new/new.10/include/HepMC:/cvmfs/sphenix.sdcc.bnl.gov/alma9.2-gcc-14.2.0/release/release_new/new.10/include/CLHEP:/cvmfs/sphenix.sdcc.bnl.gov/alma9.2-gcc-14.2.0/release/release_new/new.10/include/Acts:/cvmfs/sphenix.sdcc.bnl.gov/alma9.2-gcc-14.2.0/release/release_new/new.10/include/g4histos:/cvmfs/sphenix.sdcc.bnl.gov/alma9.2-gcc-14.2.0/release/release_new/new.10/include/eventplaneinfo:/cvmfs/sphenix.sdcc.bnl.gov/alma9.2-gcc-14.2.0/release/release_new/new.10/include/fillspacechargemaps:/cvmfs/sphenix.sdcc.bnl.gov/alma9.2-gcc-14.2.0/release/release_new/new.10/include/phhepmc:/cvmfs/sphenix.sdcc.bnl.gov/alma9.2-gcc-14.2.0/release/release_new/new.10/include/trackingqa:/cvmfs/sphenix.sdcc.bnl.gov/alma9.2-gcc-14.2.0/release/release_new/new.10/include/qautils:/cvmfs/sphenix.sdcc.bnl.gov/alma9.2-gcc-14.2.0/release/release_new/new.10/include/trackreco:/cvmfs/sphenix.sdcc.bnl.gov/alma9.2-gcc-14.2.0/release/release_new/new.10/include/g4ohcal:/cvmfs/sphenix.sdcc.bnl.gov/alma9.2-gcc-14.2.0/release/release_new/new.10/include/tpcdvcalib:/cvmfs/sphenix.sdcc.bnl.gov/alma9.2-gcc-14.2.0/release/release_new/new.10/include/zdcinfo:/cvmfs/sphenix.sdcc.bnl.gov/alma9.2-gcc-14.2.0/release/release_new/new.10/include/phpythia8:/cvmfs/sphenix.sdcc.bnl.gov/alma9.2-gcc-14.2.0/release/release_new/new.10/include/fun4allutils:/cvmfs/sphenix.sdcc.bnl.gov/alma9.2-gcc-14.2.0/release/release_new/new.10/include/tpcqa:/cvmfs/sphenix.sdcc.bnl.gov/alma9.2-gcc-14.2.0/release/release_new/new.10/include/Pythia8:/cvmfs/sphenix.sdcc.bnl.gov/alma9.2-gcc-14.2.0/release/release_new/new.10/include/DDRec:/cvmfs/sphenix.sdcc.bnl.gov/alma9.2-gcc-14.2.0/release/release_new/new.10/include/DDDigi:/cvmfs/sphenix.sdcc.bnl.gov/alma9.2-gcc-14.2.0/release/release_new/new.10/include/g4ihcal:/cvmfs/sphenix.sdcc.bnl.gov/alma9.2-gcc-14.2.0/release/release_new/new.10/include/frog:/cvmfs/sphenix.sdcc.bnl.gov/alma9.2-gcc-14.2.0/release/release_new/new.10/include/eigen3:/cvmfs/sphenix.sdcc.bnl.gov/alma9.2-gcc-14.2.0/release/release_new/new.10/include/tensorpipe:/cvmfs/sphenix.sdcc.bnl.gov/alma9.2-gcc-14.2.0/release/release_new/new.10/include/sphenixnpc:/cvmfs/sphenix.sdcc.bnl.gov/alma9.2-gcc-14.2.0/release/release_new/new.10/include/siscone:/cvmfs/sphenix.sdcc.bnl.gov/alma9.2-gcc-14.2.0/release/release_new/new.10/include/pmonitor:/cvmfs/sphenix.sdcc.bnl.gov/alma9.2-gcc-14.2.0/release/release_new/new.10/include/calobase:/cvmfs/sphenix.sdcc.bnl.gov/alma9.2-gcc-14.2.0/release/release_new/new.10/include/ActsExamples:/cvmfs/sphenix.sdcc.bnl.gov/alma9.2-gcc-14.2.0/release/release_new/new.10/include/g4gdml:/cvmfs/sphenix.sdcc.bnl.gov/alma9.2-gcc-14.2.0/release/release_new/new.10/include/mvtx_decoder:/cvmfs/sphenix.sdcc.bnl.gov/alma9.2-gcc-14.2.0/release/release_new/new.10/include/ROOT:/cvmfs/sphenix.sdcc.bnl.gov/alma9.2-gcc-14.2.0/release/release_new/new.10/include/phparameter:/cvmfs/sphenix.sdcc.bnl.gov/alma9.2-gcc-14.2.0/release/release_new/new.10/include/rsa:/cvmfs/sphenix.sdcc.bnl.gov/alma9.2-gcc-14.2.0/release/release_new/new.10/include/fun4allraw:/cvmfs/sphenix.sdcc.bnl.gov/alma9.2-gcc-14.2.0/release/release_new/new.10/include/trackbase_historic:/cvmfs/sphenix.sdcc.bnl.gov/alma9.2-gcc-14.2.0/release/release_new/new.10/include/g4jets:/cvmfs/sphenix.sdcc.bnl.gov/alma9.2-gcc-14.2.0/release/release_new/new.10/include/jetqa:/cvmfs/sphenix.sdcc.bnl.gov/alma9.2-gcc-14.2.0/release/release_new/new.10/include/phoolraw:/cvmfs/sphenix.sdcc.bnl.gov/alma9.2-gcc-14.2.0/release/release_new/new.10/include/g4calo:/cvmfs/sphenix.sdcc.bnl.gov/alma9.2-gcc-14.2.0/release/release_new/new.10/include/mvtxrawhitqa:/cvmfs/sphenix.sdcc.bnl.gov/alma9.2-gcc-14.2.0/release/release_new/new.10/include/HepMC3:/cvmfs/sphenix.sdcc.bnl.gov/alma9.2-gcc-14.2.0/release/release_new/new.10/include/calowaveformsim:/cvmfs/sphenix.sdcc.bnl.gov/alma9.2-gcc-14.2.0/release/release_new/new.10/include/g4caloprototype:/cvmfs/sphenix.sdcc.bnl.gov/alma9.2-gcc-14.2.0/release/release_new/new.10/include/pdbcalbase:/cvmfs/sphenix.sdcc.bnl.gov/alma9.2-gcc-14.2.0/release/release_new/new.10/include/gsl:/cvmfs/sphenix.sdcc.bnl.gov/alma9.2-gcc-14.2.0/release/release_new/new.10/include/nodedump:/cvmfs/sphenix.sdcc.bnl.gov/alma9.2-gcc-14.2.0/release/release_new/new.10/include/emcnoisytowerfinder:/cvmfs/sphenix.sdcc.bnl.gov/alma9.2-gcc-14.2.0/release/release_new/new.10/include/ActsFatras:/cvmfs/sphenix.sdcc.bnl.gov/alma9.2-gcc-14.2.0/release/release_new/new.10/include/ffarawmodules:/cvmfs/sphenix.sdcc.bnl.gov/alma9.2-gcc-14.2.0/release/release_new/new.10/include/Event:/cvmfs/sphenix.sdcc.bnl.gov/alma9.2-gcc-14.2.0/release/release_new/new.10/include/prototype3:/cvmfs/sphenix.sdcc.bnl.gov/alma9.2-gcc-14.2.0/release/release_new/new.10/include/fermimotionafterburner:/cvmfs/sphenix.sdcc.bnl.gov/alma9.2-gcc-14.2.0/release/release_new/new.10/include/Photos:/cvmfs/sphenix.sdcc.bnl.gov/alma9.2-gcc-14.2.0/release/release_new/new.10/include/xingshiftcal:/cvmfs/sphenix.sdcc.bnl.gov/alma9.2-gcc-14.2.0/release/release_new/new.10/include/trackbase:/cvmfs/sphenix.sdcc.bnl.gov/alma9.2-gcc-14.2.0/release/release_new/new.10/include/jetdstskimmer:/cvmfs/sphenix.sdcc.bnl.gov/alma9.2-gcc-14.2.0/release/release_new/new.10/include/clusteriso:/cvmfs/sphenix.sdcc.bnl.gov/alma9.2-gcc-14.2.0/release/release_new/new.10/include/asmjit:/cvmfs/sphenix.sdcc.bnl.gov/alma9.2-gcc-14.2.0/release/release_new/new.10/include/particleflowreco:/cvmfs/sphenix.sdcc.bnl.gov/alma9.2-gcc-14.2.0/release/release_new/new.10/include/tpchittrackdisplay:/cvmfs/sphenix.sdcc.bnl.gov/alma9.2-gcc-14.2.0/release/release_new/new.10/include/caloana:/cvmfs/sphenix.sdcc.bnl.gov/alma9.2-gcc-14.2.0/release/release_new/new.10/include/calotrigger:/cvmfs/sphenix.sdcc.bnl.gov/alma9.2-gcc-14.2.0/release/release_new/new.10/include/nopayloadclient:/cvmfs/sphenix.sdcc.bnl.gov/alma9.2-gcc-14.2.0/release/release_new/new.10/include/trackermillepedealignment:/cvmfs/sphenix.sdcc.bnl.gov/alma9.2-gcc-14.2.0/release/release_new/new.10/include/DD4hep:/cvmfs/sphenix.sdcc.bnl.gov/alma9.2-gcc-14.2.0/release/release_new/new.10/include/g4trackfastsim:/cvmfs/sphenix.sdcc.bnl.gov/alma9.2-gcc-14.2.0/release/release_new/new.10/include/prototype2:/cvmfs/sphenix.sdcc.bnl.gov/alma9.2-gcc-14.2.0/release/release_new/new.10/include/ATen:/cvmfs/sphenix.sdcc.bnl.gov/alma9.2-gcc-14.2.0/release/release_new/new.10/include/g4main:/cvmfs/sphenix.sdcc.bnl.gov/alma9.2-gcc-14.2.0/release/release_new/new.10/include/Tauola:/cvmfs/sphenix.sdcc.bnl.gov/alma9.2-gcc-14.2.0/release/release_new/new.10/include/inttcalib:/cvmfs/sphenix.sdcc.bnl.gov/alma9.2-gcc-14.2.0/release/release_new/new.10/include/reactionplaneafterburner:/cvmfs/sphenix.sdcc.bnl.gov/alma9.2-gcc-14.2.0/release/release_new/new.10/include/globalqa:/cvmfs/sphenix.sdcc.bnl.gov/alma9.2-gcc-14.2.0/release/release_new/new.10/include/tpccalib:/cvmfs/sphenix.sdcc.bnl.gov/alma9.2-gcc-14.2.0/release/release_new/new.10/include/DDSegmentation:/cvmfs/sphenix.sdcc.bnl.gov/alma9.2-gcc-14.2.0/release/release_new/new.10/include/decayfinder:/cvmfs/sphenix.sdcc.bnl.gov/alma9.2-gcc-14.2.0/release/release_new/new.10/include/compressclus:/cvmfs/sphenix.sdcc.bnl.gov/alma9.2-gcc-14.2.0/release/release_new/new.10/include/simqa_modules:/cvmfs/sphenix.sdcc.bnl.gov/alma9.2-gcc-14.2.0/release/release_new/new.10/include/resonancejettagging:/cvmfs/sphenix.sdcc.bnl.gov/alma9.2-gcc-14.2.0/release/release_new/new.10/include/g4centrality:/cvmfs/sphenix.sdcc.bnl.gov/alma9.2-gcc-14.2.0/release/release_new/new.10/include/mvtx:/cvmfs/sphenix.sdcc.bnl.gov/alma9.2-gcc-14.2.0/release/release_new/new.10/include/nlohmann:/cvmfs/sphenix.sdcc.bnl.gov/alma9.2-gcc-14.2.0/release/release_new/new.10/include/localpoloffmon:/cvmfs/sphenix.sdcc.bnl.gov/alma9.2-gcc-14.2.0/release/release_new/new.10/include/DDEve:/cvmfs/sphenix.sdcc.bnl.gov/alma9.2-gcc-14.2.0/release/release_new/new.10/include/Parsers:/cvmfs/sphenix.sdcc.bnl.gov/alma9.2-gcc-14.2.0/release/release_new/new.10/include/trackingdiagnostics:/cvmfs/sphenix.sdcc.bnl.gov/alma9.2-gcc-14.2.0/release/release_new/new.10/include/g4vertex:/cvmfs/sphenix.sdcc.bnl.gov/alma9.2-gcc-14.2.0/release/release_new/new.10/include/jetbase:/cvmfs/sphenix.sdcc.bnl.gov/alma9.2-gcc-14.2.0/release/release_new/new.10/include/globalvertex:/cvmfs/sphenix.sdcc.bnl.gov/alma9.2-gcc-14.2.0/release/release_new/new.10/include/phgenfit:/cvmfs/sphenix.sdcc.bnl.gov/alma9.2-gcc-14.2.0/release/release_new/new.10/include/rawbcolumi:/cvmfs/sphenix.sdcc.bnl.gov/alma9.2-gcc-14.2.0/release/release_new/new.10/include/eicsmear:/cvmfs/sphenix.sdcc.bnl.gov/alma9.2-gcc-14.2.0/release/release_new/new.10/include/mvtxcalib:/cvmfs/sphenix.sdcc.bnl.gov/alma9.2-gcc-14.2.0/release/release_new/new.10/include/tpclinelaserdiode:/cvmfs/sphenix.sdcc.bnl.gov/alma9.2-gcc-14.2.0/release/release_new/new.10/include/hepmcjettrigger:/cvmfs/sphenix.sdcc.bnl.gov/alma9.2-gcc-14.2.0/release/release_new/new.10/include/core:/cvmfs/sphenix.sdcc.bnl.gov/alma9.2-gcc-14.2.0/release/release_new/new.10/include/calo_cdb:/cvmfs/sphenix.sdcc.bnl.gov/alma9.2-gcc-14.2.0/release/release_new/new.10/include/mvtxclustershapesqa:/cvmfs/sphenix.sdcc.bnl.gov/alma9.2-gcc-14.2.0/release/release_new/new.10/include/calopacketskimmer:/cvmfs/sphenix.sdcc.bnl.gov/alma9.2-gcc-14.2.0/opt/sphenix/core/geant4.10.07.p04/include:/cvmfs/sphenix.sdcc.bnl.gov/alma9.2-gcc-14.2.0/release/release_new/new.10/rootmacros:/cvmfs/sphenix.sdcc.bnl.gov/alma9.2-gcc-14.2.0/opt/sphenix/core/include
GSEARCHPATH=.:PG:LUSTRE:RAWDATA
PWD=/gpfs/mnt/gpfs02/sphenix/user/samfred/run25/ppg11/histmaking
LOGNAME=samfred
_CONDOR_JOB_AD=/home/condor/local/sphnx/execute/dir_313046/.job.ad
MANPATH=/cvmfs/sphenix.sdcc.bnl.gov/alma9.2-gcc-14.2.0/opt/sphenix/core/gcc/14.2.0-2f0a0/x86_64-el9/share/man:/cvmfs/sphenix.sdcc.bnl.gov/alma9.2-gcc-14.2.0/opt/sphenix/core/binutils/2.40-acaab/x86_64-el9/share/man:/cvmfs/sphenix.sdcc.bnl.gov/alma9.2-gcc-14.2.0/release/release_new/new.10/share/man:/cvmfs/sphenix.sdcc.bnl.gov/alma9.2-gcc-14.2.0/opt/sphenix/utils/share/man:/cvmfs/sphenix.sdcc.bnl.gov/alma9.2-gcc-14.2.0/opt/sphenix/core/share/man:/cvmfs/sphenix.sdcc.bnl.gov/alma9.2-gcc-14.2.0/opt/sphenix/core/root-6.32.06/man:/usr/local/share/man:/usr/share/man
PYTHIA8=/cvmfs/sphenix.sdcc.bnl.gov/alma9.2-gcc-14.2.0/release/release_new/new.10/share/Pythia8
G4INCLDATA=/cvmfs/sphenix.sdcc.bnl.gov/alma9.2-gcc-14.2.0/opt/sphenix/core/geant4.10.07.p04/share/Geant4-10.7.4/data/G4INCL1.0
ORIG_PATH=/usr/local/bin:/usr/bin
CXX=/cvmfs/sphenix.sdcc.bnl.gov/alma9.2-gcc-14.2.0/opt/sphenix/core/gcc/14.2.0-2f0a0/x86_64-el9/bin/g++
G4LEDATA=/cvmfs/sphenix.sdcc.bnl.gov/alma9.2-gcc-14.2.0/opt/sphenix/core/geant4.10.07.p04/share/Geant4-10.7.4/data/G4EMLOW7.13
PYTHON_CPU_COUNT=1
OPENBLAS_NUM_THREADS=1
_CONDOR_ANCESTOR_336035=313046:1759352709:961005357
_CONDOR_BIN=/usr/bin
HOME=/sphenix/u/samfred
G4PARTICLEXSDATA=/cvmfs/sphenix.sdcc.bnl.gov/alma9.2-gcc-14.2.0/opt/sphenix/core/geant4.10.07.p04/share/Geant4-10.7.4/data/G4PARTICLEXS3.1.1
ONLINE_MAIN=/cvmfs/sphenix.sdcc.bnl.gov/alma9.2-gcc-14.2.0/release/release_new/new.10
CALIBRATIONROOT=/cvmfs/sphenix.sdcc.bnl.gov/alma9.2-gcc-14.2.0/release/release_new/new.10/share/calibrations
TMPDIR=/tmp
_CONDOR_SCRATCH_DIR=/home/condor/local/sphnx/execute/dir_313046
PGUSER=phnxrc
NOPAYLOADCLIENT_CONF=/cvmfs/sphenix.sdcc.bnl.gov/alma9.2-gcc-14.2.0/opt/sphenix/core/etc/sPHENIX_newcdb.json
XERCESCROOT=/cvmfs/sphenix.sdcc.bnl.gov/alma9.2-gcc-14.2.0/opt/sphenix/core/geant4.10.07.p04
LHAPATH=/cvmfs/sphenix.sdcc.bnl.gov/alma9.2-gcc-14.2.0/opt/sphenix/core/lhapdf-5.9.1/share/lhapdf/PDFsets
G4NEUTRONHPDATA=/cvmfs/sphenix.sdcc.bnl.gov/alma9.2-gcc-14.2.0/opt/sphenix/core/geant4.10.07.p04/share/Geant4-10.7.4/data/G4NDL4.6
PYTHONPATH=.:/cvmfs/sphenix.sdcc.bnl.gov/alma9.2-gcc-14.2.0/release/release_new/new.10/lib/python3.13/site-packages:/cvmfs/sphenix.sdcc.bnl.gov/alma9.2-gcc-14.2.0/opt/sphenix/core/lib/python3.13/site-packages:/cvmfs/sphenix.sdcc.bnl.gov/alma9.2-gcc-14.2.0/opt/sphenix/core/root-6.32.06/lib
USER=samfred
_CONDOR_JOB_PIDS=
TEMP=/tmp
GOMAXPROCS=1
OFFLINE_MAIN=/cvmfs/sphenix.sdcc.bnl.gov/alma9.2-gcc-14.2.0/release/release_new/new.10
SHLVL=1
TF_NUM_THREADS=1
G4SAIDXSDATA=/cvmfs/sphenix.sdcc.bnl.gov/alma9.2-gcc-14.2.0/opt/sphenix/core/geant4.10.07.p04/share/Geant4-10.7.4/data/G4SAIDDATA2.0
APPTAINER_CACHEDIR=/home/condor/local/sphnx/execute/dir_313046
ROOTSYS=/cvmfs/sphenix.sdcc.bnl.gov/alma9.2-gcc-14.2.0/opt/sphenix/core/root-6.32.06
_CONDOR_ANCESTOR_313046=313179:1759352709:2703620696
BATCH_SYSTEM=HTCondor
_CONDOR_SLOT=slot1_49
LD_LIBRARY_PATH=/sphenix/user/samfred/run25/install//lib:/cvmfs/sphenix.sdcc.bnl.gov/alma9.2-gcc-14.2.0/opt/sphenix/core/gcc/14.2.0-2f0a0/x86_64-el9/lib:/cvmfs/sphenix.sdcc.bnl.gov/alma9.2-gcc-14.2.0/opt/sphenix/core/gcc/14.2.0-2f0a0/x86_64-el9/lib64:/cvmfs/sphenix.sdcc.bnl.gov/alma9.2-gcc-14.2.0/opt/sphenix/core/binutils/2.40-acaab/x86_64-el9/lib:.:/cvmfs/sphenix.sdcc.bnl.gov/alma9.2-gcc-14.2.0/release/release_new/new.10/lib64:/cvmfs/sphenix.sdcc.bnl.gov/alma9.2-gcc-14.2.0/release/release_new/new.10/lib:/cvmfs/sphenix.sdcc.bnl.gov/alma9.2-gcc-14.2.0/opt/sphenix/utils/lib:/cvmfs/sphenix.sdcc.bnl.gov/alma9.2-gcc-14.2.0/opt/sphenix/core/lib:/cvmfs/sphenix.sdcc.bnl.gov/alma9.2-gcc-14.2.0/opt/sphenix/core/root-6.32.06/lib:/cvmfs/sphenix.sdcc.bnl.gov/alma9.2-gcc-14.2.0/opt/sphenix/core/geant4.10.07.p04/lib64:/cvmfs/sphenix.sdcc.bnl.gov/alma9.2-gcc-14.2.0/opt/sphenix/core/lhapdf-5.9.1/lib:/usr/local/lib64:/usr/lib64
OPT_SPHENIX=/cvmfs/sphenix.sdcc.bnl.gov/alma9.2-gcc-14.2.0/opt/sphenix/core
TF_LOOP_PARALLEL_ITERATIONS=1
EVT_LIB=/cvmfs/sphenix.sdcc.bnl.gov/alma9.2-gcc-14.2.0/opt/sphenix/core/root-6.32.06/lib
PGHOST=sphnxdbmaster.sdcc.bnl.gov
OMP_NUM_THREADS=1
G4REALSURFACEDATA=/cvmfs/sphenix.sdcc.bnl.gov/alma9.2-gcc-14.2.0/opt/sphenix/core/geant4.10.07.p04/share/Geant4-10.7.4/data/RealSurface2.2
FC=/cvmfs/sphenix.sdcc.bnl.gov/alma9.2-gcc-14.2.0/opt/sphenix/core/gcc/14.2.0-2f0a0/x86_64-el9/bin/gfortran
G4ABLADATA=/cvmfs/sphenix.sdcc.bnl.gov/alma9.2-gcc-14.2.0/opt/sphenix/core/geant4.10.07.p04/share/Geant4-10.7.4/data/G4ABLA3.1
PARASOFT=doesnotexist
TMP=/tmp
OPT_UTILS=/cvmfs/sphenix.sdcc.bnl.gov/alma9.2-gcc-14.2.0/opt/sphenix/utils
CONFIG_SITE=/cvmfs/sphenix.sdcc.bnl.gov/alma9.2-gcc-14.2.0/opt/sphenix/core/etc/config.site
PATH=/sphenix/user/samfred/run25/install//bin:/cvmfs/sphenix.sdcc.bnl.gov/alma9.2-gcc-14.2.0/opt/sphenix/core/gcc/14.2.0-2f0a0/x86_64-el9/bin:/cvmfs/sphenix.sdcc.bnl.gov/alma9.2-gcc-14.2.0/opt/sphenix/core/binutils/2.40-acaab/x86_64-el9/bin:.:/cvmfs/sphenix.sdcc.bnl.gov/alma9.2-gcc-14.2.0/release/release_new/new.10/bin:/cvmfs/sphenix.sdcc.bnl.gov/alma9.2-gcc-14.2.0/opt/sphenix/utils/bin:/cvmfs/sphenix.sdcc.bnl.gov/alma9.2-gcc-14.2.0/opt/sphenix/core/bin:/cvmfs/sphenix.sdcc.bnl.gov/alma9.2-gcc-14.2.0/opt/sphenix/core/root-6.32.06/bin:/cvmfs/sphenix.sdcc.bnl.gov/alma9.2-gcc-14.2.0/opt/sphenix/core/geant4.10.07.p04/bin:/usr/local/bin:/usr/bin:/usr/local/sbin:/usr/sbin
G4LEVELGAMMADATA=/cvmfs/sphenix.sdcc.bnl.gov/alma9.2-gcc-14.2.0/opt/sphenix/core/geant4.10.07.p04/share/Geant4-10.7.4/data/PhotonEvaporation5.7
CC=/cvmfs/sphenix.sdcc.bnl.gov/alma9.2-gcc-14.2.0/opt/sphenix/core/gcc/14.2.0-2f0a0/x86_64-el9/bin/gcc
G4RADIOACTIVEDATA=/cvmfs/sphenix.sdcc.bnl.gov/alma9.2-gcc-14.2.0/opt/sphenix/core/geant4.10.07.p04/share/Geant4-10.7.4/data/RadioactiveDecay5.6
JULIA_NUM_THREADS=1
MKL_NUM_THREADS=1
LHAPDF_DATA_PATH=/cvmfs/sphenix.sdcc.bnl.gov/alma9.2-gcc-14.2.0/release/release_new/new.10/share/LHAPDF
XPLOAD_CONFIG_DIR=/cvmfs/sphenix.sdcc.bnl.gov/alma9.2-gcc-14.2.0/opt/sphenix/core/etc
OLDPWD=/cvmfs/sphenix.sdcc.bnl.gov/alma9.2-gcc-14.2.0/release/release_new/new.10/geant4
_=/usr/bin/printenv
runnumber...
50380
trigger...

   ------------------------------------------------------------------
  | Welcome to ROOT 6.32.06                        https://root.cern |
  | (c) 1995-2024, The ROOT Team; conception: R. Brun, F. Rademakers |
  | Built for linuxx8664gcc on Dec 13 2024, 17:23:48                 |
  | From tags/6-32-06@6-32-06                                        |
  | With g++ (GCC) 14.2.0                                            |
  | Try '.help'/'.?', '.demo', '.license', '.credits', '.quit'/'.q'  |
   ------------------------------------------------------------------


Processing data_histmaker.C(50380)...
entry 1000/1903139 (0.0525448%)
entry 2000/1903139 (0.10509%)
entry 6000/1903139 (0.315269%)
entry 7000/1903139 (0.367813%)
entry 8000/1903139 (0.420358%)
entry 13000/1903139 (0.683082%)
entry 14000/1903139 (0.735627%)
entry 17000/1903139 (0.893261%)
entry 18000/1903139 (0.945806%)
entry 19000/1903139 (0.998351%)
entry 22000/1903139 (1.15598%)
entry 24000/1903139 (1.26107%)
entry 28000/1903139 (1.47125%)
entry 30000/1903139 (1.57634%)
entry 32000/1903139 (1.68143%)
entry 35000/1903139 (1.83907%)
entry 36000/1903139 (1.89161%)
entry 37000/1903139 (1.94416%)
entry 39000/1903139 (2.04925%)
entry 41000/1903139 (2.15434%)
entry 42000/1903139 (2.20688%)
entry 48000/1903139 (2.52215%)
entry 51000/1903139 (2.67978%)
entry 58000/1903139 (3.0476%)
entry 64000/1903139 (3.36287%)
entry 68000/1903139 (3.57304%)
entry 74000/1903139 (3.88831%)
entry 76000/1903139 (3.9934%)
entry 86000/1903139 (4.51885%)
entry 87000/1903139 (4.57139%)
entry 94000/1903139 (4.93921%)
entry 96000/1903139 (5.0443%)
entry 97000/1903139 (5.09684%)
entry 102000/1903139 (5.35957%)
entry 112000/1903139 (5.88501%)
entry 113000/1903139 (5.93756%)
entry 114000/1903139 (5.9901%)
entry 115000/1903139 (6.04265%)
entry 116000/1903139 (6.09519%)
entry 117000/1903139 (6.14774%)
entry 119000/1903139 (6.25283%)
entry 120000/1903139 (6.30537%)
entry 122000/1903139 (6.41046%)
entry 126000/1903139 (6.62064%)
entry 135000/1903139 (7.09354%)
entry 138000/1903139 (7.25118%)
entry 141000/1903139 (7.40881%)
entry 146000/1903139 (7.67154%)
entry 149000/1903139 (7.82917%)
entry 155000/1903139 (8.14444%)
entry 159000/1903139 (8.35462%)
entry 162000/1903139 (8.51225%)
entry 175000/1903139 (9.19533%)
entry 177000/1903139 (9.30042%)
entry 179000/1903139 (9.40551%)
entry 184000/1903139 (9.66824%)
entry 185000/1903139 (9.72078%)
entry 186000/1903139 (9.77333%)
entry 187000/1903139 (9.82587%)
entry 192000/1903139 (10.0886%)
entry 193000/1903139 (10.1411%)
entry 194000/1903139 (10.1937%)
entry 195000/1903139 (10.2462%)
entry 202000/1903139 (10.614%)
entry 203000/1903139 (10.6666%)
entry 204000/1903139 (10.7191%)
entry 207000/1903139 (10.8768%)
entry 209000/1903139 (10.9819%)
entry 210000/1903139 (11.0344%)
entry 213000/1903139 (11.192%)
entry 218000/1903139 (11.4548%)
entry 222000/1903139 (11.6649%)
entry 224000/1903139 (11.77%)
entry 225000/1903139 (11.8226%)
entry 226000/1903139 (11.8751%)
entry 227000/1903139 (11.9277%)
entry 234000/1903139 (12.2955%)
entry 238000/1903139 (12.5057%)
entry 240000/1903139 (12.6107%)
entry 241000/1903139 (12.6633%)
entry 242000/1903139 (12.7158%)
entry 247000/1903139 (12.9786%)
entry 248000/1903139 (13.0311%)
entry 250000/1903139 (13.1362%)
entry 251000/1903139 (13.1887%)
entry 259000/1903139 (13.6091%)
entry 262000/1903139 (13.7667%)
entry 269000/1903139 (14.1345%)
entry 271000/1903139 (14.2396%)
entry 273000/1903139 (14.3447%)
entry 275000/1903139 (14.4498%)
entry 277000/1903139 (14.5549%)
entry 278000/1903139 (14.6074%)
entry 292000/1903139 (15.3431%)
entry 294000/1903139 (15.4482%)
entry 298000/1903139 (15.6583%)
entry 302000/1903139 (15.8685%)
entry 303000/1903139 (15.9211%)
entry 305000/1903139 (16.0262%)
entry 310000/1903139 (16.2889%)
entry 312000/1903139 (16.394%)
entry 313000/1903139 (16.4465%)
entry 314000/1903139 (16.4991%)
entry 316000/1903139 (16.6041%)
entry 319000/1903139 (16.7618%)
entry 323000/1903139 (16.972%)
entry 324000/1903139 (17.0245%)
entry 325000/1903139 (17.077%)
entry 326000/1903139 (17.1296%)
entry 327000/1903139 (17.1821%)
entry 329000/1903139 (17.2872%)
entry 332000/1903139 (17.4449%)
entry 333000/1903139 (17.4974%)
entry 334000/1903139 (17.55%)
entry 343000/1903139 (18.0229%)
entry 344000/1903139 (18.0754%)
entry 347000/1903139 (18.233%)
entry 349000/1903139 (18.3381%)
entry 351000/1903139 (18.4432%)
entry 354000/1903139 (18.6008%)
entry 355000/1903139 (18.6534%)
entry 356000/1903139 (18.7059%)
entry 363000/1903139 (19.0738%)
entry 364000/1903139 (19.1263%)
entry 370000/1903139 (19.4416%)
entry 375000/1903139 (19.7043%)
entry 379000/1903139 (19.9145%)
entry 387000/1903139 (20.3348%)
entry 388000/1903139 (20.3874%)
entry 390000/1903139 (20.4925%)
entry 392000/1903139 (20.5976%)
entry 393000/1903139 (20.6501%)
entry 394000/1903139 (20.7026%)
entry 398000/1903139 (20.9128%)
entry 399000/1903139 (20.9654%)
entry 401000/1903139 (21.0705%)
entry 403000/1903139 (21.1755%)
entry 410000/1903139 (21.5434%)
entry 413000/1903139 (21.701%)
entry 414000/1903139 (21.7535%)
entry 416000/1903139 (21.8586%)
entry 418000/1903139 (21.9637%)
entry 420000/1903139 (22.0688%)
entry 424000/1903139 (22.279%)
entry 425000/1903139 (22.3315%)
entry 426000/1903139 (22.3841%)
entry 429000/1903139 (22.5417%)
entry 435000/1903139 (22.857%)
entry 437000/1903139 (22.9621%)
entry 452000/1903139 (23.7502%)
entry 455000/1903139 (23.9079%)
entry 459000/1903139 (24.118%)
entry 460000/1903139 (24.1706%)
entry 464000/1903139 (24.3808%)
entry 469000/1903139 (24.6435%)
entry 472000/1903139 (24.8011%)
entry 473000/1903139 (24.8537%)
entry 480000/1903139 (25.2215%)
entry 481000/1903139 (25.274%)
entry 482000/1903139 (25.3266%)
entry 483000/1903139 (25.3791%)
entry 485000/1903139 (25.4842%)
entry 497000/1903139 (26.1147%)
entry 503000/1903139 (26.43%)
entry 506000/1903139 (26.5877%)
entry 508000/1903139 (26.6927%)
entry 514000/1903139 (27.008%)
entry 519000/1903139 (27.2707%)
entry 528000/1903139 (27.7436%)
entry 540000/1903139 (28.3742%)
entry 549000/1903139 (28.8471%)
entry 551000/1903139 (28.9522%)
entry 552000/1903139 (29.0047%)
entry 553000/1903139 (29.0573%)
entry 554000/1903139 (29.1098%)
entry 556000/1903139 (29.2149%)
entry 562000/1903139 (29.5302%)
entry 572000/1903139 (30.0556%)
entry 575000/1903139 (30.2132%)
entry 577000/1903139 (30.3183%)
entry 583000/1903139 (30.6336%)
entry 584000/1903139 (30.6861%)
entry 585000/1903139 (30.7387%)
entry 587000/1903139 (30.8438%)
entry 588000/1903139 (30.8963%)
entry 596000/1903139 (31.3167%)
entry 598000/1903139 (31.4218%)
entry 599000/1903139 (31.4743%)
entry 600000/1903139 (31.5269%)
entry 605000/1903139 (31.7896%)
entry 607000/1903139 (31.8947%)
entry 612000/1903139 (32.1574%)
entry 613000/1903139 (32.2099%)
entry 614000/1903139 (32.2625%)
entry 616000/1903139 (32.3676%)
entry 619000/1903139 (32.5252%)
entry 620000/1903139 (32.5778%)
entry 621000/1903139 (32.6303%)
entry 623000/1903139 (32.7354%)
entry 625000/1903139 (32.8405%)
entry 630000/1903139 (33.1032%)
entry 631000/1903139 (33.1557%)
entry 636000/1903139 (33.4185%)
entry 638000/1903139 (33.5236%)
entry 644000/1903139 (33.8388%)
entry 645000/1903139 (33.8914%)
entry 648000/1903139 (34.049%)
entry 649000/1903139 (34.1016%)
entry 650000/1903139 (34.1541%)
entry 652000/1903139 (34.2592%)
entry 656000/1903139 (34.4694%)
entry 658000/1903139 (34.5745%)
entry 661000/1903139 (34.7321%)
entry 665000/1903139 (34.9423%)
entry 668000/1903139 (35.0999%)
entry 669000/1903139 (35.1525%)
entry 672000/1903139 (35.3101%)
entry 680000/1903139 (35.7304%)
entry 683000/1903139 (35.8881%)
entry 686000/1903139 (36.0457%)
entry 689000/1903139 (36.2033%)
entry 691000/1903139 (36.3084%)
entry 695000/1903139 (36.5186%)
entry 698000/1903139 (36.6762%)
entry 700000/1903139 (36.7813%)
entry 704000/1903139 (36.9915%)
entry 705000/1903139 (37.0441%)
entry 707000/1903139 (37.1492%)
entry 710000/1903139 (37.3068%)
entry 713000/1903139 (37.4644%)
entry 714000/1903139 (37.517%)
entry 719000/1903139 (37.7797%)
entry 722000/1903139 (37.9373%)
entry 723000/1903139 (37.9899%)
entry 725000/1903139 (38.095%)
entry 726000/1903139 (38.1475%)
entry 727000/1903139 (38.2%)
entry 734000/1903139 (38.5679%)
entry 738000/1903139 (38.778%)
entry 739000/1903139 (38.8306%)
entry 746000/1903139 (39.1984%)
entry 750000/1903139 (39.4086%)
entry 756000/1903139 (39.7238%)
entry 757000/1903139 (39.7764%)
entry 759000/1903139 (39.8815%)
entry 760000/1903139 (39.934%)
entry 764000/1903139 (40.1442%)
entry 765000/1903139 (40.1967%)
entry 766000/1903139 (40.2493%)
entry 772000/1903139 (40.5646%)
entry 774000/1903139 (40.6697%)
entry 775000/1903139 (40.7222%)
entry 777000/1903139 (40.8273%)
entry 778000/1903139 (40.8798%)
entry 785000/1903139 (41.2476%)
entry 792000/1903139 (41.6155%)
entry 796000/1903139 (41.8256%)
entry 799000/1903139 (41.9833%)
entry 800000/1903139 (42.0358%)
entry 804000/1903139 (42.246%)
entry 810000/1903139 (42.5613%)
entry 814000/1903139 (42.7714%)
entry 817000/1903139 (42.9291%)
entry 820000/1903139 (43.0867%)
entry 821000/1903139 (43.1393%)
entry 825000/1903139 (43.3494%)
entry 826000/1903139 (43.402%)
entry 829000/1903139 (43.5596%)
entry 830000/1903139 (43.6122%)
entry 831000/1903139 (43.6647%)
entry 832000/1903139 (43.7172%)
entry 835000/1903139 (43.8749%)
entry 838000/1903139 (44.0325%)
entry 839000/1903139 (44.0851%)
entry 841000/1903139 (44.1902%)
entry 842000/1903139 (44.2427%)
entry 845000/1903139 (44.4003%)
entry 852000/1903139 (44.7681%)
entry 855000/1903139 (44.9258%)
entry 863000/1903139 (45.3461%)
entry 866000/1903139 (45.5038%)
entry 869000/1903139 (45.6614%)
entry 874000/1903139 (45.9241%)
entry 876000/1903139 (46.0292%)
entry 877000/1903139 (46.0818%)
entry 878000/1903139 (46.1343%)
entry 879000/1903139 (46.1869%)
entry 881000/1903139 (46.2919%)
entry 884000/1903139 (46.4496%)
entry 886000/1903139 (46.5547%)
entry 890000/1903139 (46.7648%)
entry 891000/1903139 (46.8174%)
entry 892000/1903139 (46.8699%)
entry 893000/1903139 (46.9225%)
entry 894000/1903139 (46.975%)
entry 895000/1903139 (47.0276%)
entry 897000/1903139 (47.1327%)
entry 900000/1903139 (47.2903%)
entry 902000/1903139 (47.3954%)
entry 908000/1903139 (47.7107%)
entry 909000/1903139 (47.7632%)
entry 910000/1903139 (47.8157%)
entry 912000/1903139 (47.9208%)
entry 915000/1903139 (48.0785%)
entry 918000/1903139 (48.2361%)
entry 921000/1903139 (48.3937%)
entry 923000/1903139 (48.4988%)
entry 927000/1903139 (48.709%)
entry 928000/1903139 (48.7615%)
entry 929000/1903139 (48.8141%)
entry 932000/1903139 (48.9717%)
entry 935000/1903139 (49.1294%)
entry 936000/1903139 (49.1819%)
entry 940000/1903139 (49.3921%)
entry 943000/1903139 (49.5497%)
entry 944000/1903139 (49.6023%)
entry 948000/1903139 (49.8124%)
entry 954000/1903139 (50.1277%)
entry 959000/1903139 (50.3904%)
entry 964000/1903139 (50.6532%)
entry 970000/1903139 (50.9684%)
entry 971000/1903139 (51.021%)
entry 974000/1903139 (51.1786%)
entry 977000/1903139 (51.3362%)
entry 979000/1903139 (51.4413%)
entry 984000/1903139 (51.7041%)
entry 989000/1903139 (51.9668%)
entry 994000/1903139 (52.2295%)
entry 996000/1903139 (52.3346%)
entry 997000/1903139 (52.3871%)
entry 998000/1903139 (52.4397%)
entry 999000/1903139 (52.4922%)
entry 1006000/1903139 (52.86%)
entry 1007000/1903139 (52.9126%)
entry 1015000/1903139 (53.3329%)
entry 1021000/1903139 (53.6482%)
entry 1023000/1903139 (53.7533%)
entry 1024000/1903139 (53.8058%)
entry 1025000/1903139 (53.8584%)
entry 1030000/1903139 (54.1211%)
entry 1036000/1903139 (54.4364%)
entry 1045000/1903139 (54.9093%)
entry 1051000/1903139 (55.2245%)
entry 1052000/1903139 (55.2771%)
entry 1057000/1903139 (55.5398%)
entry 1058000/1903139 (55.5924%)
entry 1060000/1903139 (55.6975%)
entry 1064000/1903139 (55.9076%)
entry 1065000/1903139 (55.9602%)
entry 1067000/1903139 (56.0653%)
entry 1068000/1903139 (56.1178%)
entry 1069000/1903139 (56.1704%)
entry 1070000/1903139 (56.2229%)
entry 1074000/1903139 (56.4331%)
entry 1076000/1903139 (56.5382%)
entry 1078000/1903139 (56.6433%)
entry 1085000/1903139 (57.0111%)
entry 1089000/1903139 (57.2213%)
entry 1090000/1903139 (57.2738%)
entry 1093000/1903139 (57.4314%)
entry 1094000/1903139 (57.484%)
entry 1096000/1903139 (57.5891%)
entry 1097000/1903139 (57.6416%)
entry 1102000/1903139 (57.9043%)
entry 1103000/1903139 (57.9569%)
entry 1104000/1903139 (58.0094%)
entry 1109000/1903139 (58.2721%)
entry 1121000/1903139 (58.9027%)
entry 1122000/1903139 (58.9552%)
entry 1123000/1903139 (59.0078%)
entry 1127000/1903139 (59.218%)
entry 1128000/1903139 (59.2705%)
entry 1131000/1903139 (59.4281%)
entry 1132000/1903139 (59.4807%)
entry 1137000/1903139 (59.7434%)
entry 1140000/1903139 (59.901%)
entry 1141000/1903139 (59.9536%)
entry 1145000/1903139 (60.1638%)
entry 1146000/1903139 (60.2163%)
entry 1148000/1903139 (60.3214%)
entry 1149000/1903139 (60.3739%)
entry 1150000/1903139 (60.4265%)
entry 1151000/1903139 (60.479%)
entry 1155000/1903139 (60.6892%)
entry 1157000/1903139 (60.7943%)
entry 1167000/1903139 (61.3197%)
entry 1177000/1903139 (61.8452%)
entry 1179000/1903139 (61.9503%)
entry 1183000/1903139 (62.1605%)
entry 1184000/1903139 (62.213%)
entry 1185000/1903139 (62.2656%)
entry 1188000/1903139 (62.4232%)
entry 1189000/1903139 (62.4757%)
entry 1190000/1903139 (62.5283%)
entry 1193000/1903139 (62.6859%)
entry 1196000/1903139 (62.8435%)
entry 1198000/1903139 (62.9486%)
entry 1203000/1903139 (63.2114%)
entry 1204000/1903139 (63.2639%)
entry 1206000/1903139 (63.369%)
entry 1207000/1903139 (63.4215%)
entry 1208000/1903139 (63.4741%)
entry 1212000/1903139 (63.6843%)
entry 1215000/1903139 (63.8419%)
entry 1216000/1903139 (63.8944%)
entry 1217000/1903139 (63.947%)
entry 1218000/1903139 (63.9995%)
entry 1219000/1903139 (64.0521%)
entry 1221000/1903139 (64.1572%)
entry 1224000/1903139 (64.3148%)
entry 1226000/1903139 (64.4199%)
entry 1227000/1903139 (64.4724%)
entry 1230000/1903139 (64.6301%)
entry 1231000/1903139 (64.6826%)
entry 1234000/1903139 (64.8402%)
entry 1238000/1903139 (65.0504%)
entry 1241000/1903139 (65.2081%)
entry 1243000/1903139 (65.3131%)
entry 1244000/1903139 (65.3657%)
entry 1249000/1903139 (65.6284%)
entry 1250000/1903139 (65.681%)
entry 1254000/1903139 (65.8911%)
entry 1260000/1903139 (66.2064%)
entry 1264000/1903139 (66.4166%)
entry 1268000/1903139 (66.6268%)
entry 1269000/1903139 (66.6793%)
entry 1270000/1903139 (66.7319%)
entry 1273000/1903139 (66.8895%)
entry 1282000/1903139 (67.3624%)
entry 1286000/1903139 (67.5726%)
entry 1287000/1903139 (67.6251%)
entry 1288000/1903139 (67.6777%)
entry 1292000/1903139 (67.8878%)
entry 1297000/1903139 (68.1506%)
entry 1299000/1903139 (68.2557%)
entry 1305000/1903139 (68.5709%)
entry 1306000/1903139 (68.6235%)
entry 1308000/1903139 (68.7286%)
entry 1313000/1903139 (68.9913%)
entry 1316000/1903139 (69.1489%)
entry 1317000/1903139 (69.2015%)
entry 1318000/1903139 (69.254%)
entry 1322000/1903139 (69.4642%)
entry 1326000/1903139 (69.6744%)
entry 1330000/1903139 (69.8845%)
entry 1334000/1903139 (70.0947%)
entry 1337000/1903139 (70.2524%)
entry 1339000/1903139 (70.3574%)
entry 1341000/1903139 (70.4625%)
entry 1343000/1903139 (70.5676%)
entry 1347000/1903139 (70.7778%)
entry 1348000/1903139 (70.8304%)
entry 1354000/1903139 (71.1456%)
entry 1357000/1903139 (71.3033%)
entry 1358000/1903139 (71.3558%)
entry 1361000/1903139 (71.5134%)
entry 1366000/1903139 (71.7762%)
entry 1368000/1903139 (71.8812%)
entry 1370000/1903139 (71.9863%)
entry 1372000/1903139 (72.0914%)
entry 1374000/1903139 (72.1965%)
entry 1379000/1903139 (72.4592%)
entry 1385000/1903139 (72.7745%)
entry 1387000/1903139 (72.8796%)
entry 1389000/1903139 (72.9847%)
entry 1390000/1903139 (73.0372%)
entry 1391000/1903139 (73.0898%)
entry 1392000/1903139 (73.1423%)
entry 1393000/1903139 (73.1949%)
entry 1396000/1903139 (73.3525%)
entry 1397000/1903139 (73.405%)
entry 1403000/1903139 (73.7203%)
entry 1407000/1903139 (73.9305%)
entry 1410000/1903139 (74.0881%)
entry 1413000/1903139 (74.2458%)
entry 1416000/1903139 (74.4034%)
entry 1417000/1903139 (74.4559%)
entry 1419000/1903139 (74.561%)
entry 1421000/1903139 (74.6661%)
entry 1425000/1903139 (74.8763%)
entry 1427000/1903139 (74.9814%)
entry 1429000/1903139 (75.0865%)
entry 1430000/1903139 (75.139%)
entry 1433000/1903139 (75.2967%)
entry 1435000/1903139 (75.4017%)
entry 1437000/1903139 (75.5068%)
entry 1438000/1903139 (75.5594%)
entry 1440000/1903139 (75.6645%)
entry 1442000/1903139 (75.7696%)
entry 1444000/1903139 (75.8746%)
entry 1446000/1903139 (75.9797%)
entry 1448000/1903139 (76.0848%)
entry 1451000/1903139 (76.2425%)
entry 1465000/1903139 (76.9781%)
entry 1469000/1903139 (77.1883%)
entry 1471000/1903139 (77.2934%)
entry 1474000/1903139 (77.451%)
entry 1480000/1903139 (77.7663%)
entry 1482000/1903139 (77.8713%)
entry 1485000/1903139 (78.029%)
entry 1493000/1903139 (78.4493%)
entry 1494000/1903139 (78.5019%)
entry 1499000/1903139 (78.7646%)
entry 1502000/1903139 (78.9222%)
entry 1507000/1903139 (79.185%)
entry 1510000/1903139 (79.3426%)
entry 1512000/1903139 (79.4477%)
entry 1513000/1903139 (79.5002%)
entry 1515000/1903139 (79.6053%)
entry 1519000/1903139 (79.8155%)
entry 1521000/1903139 (79.9206%)
entry 1525000/1903139 (80.1308%)
entry 1526000/1903139 (80.1833%)
entry 1532000/1903139 (80.4986%)
entry 1533000/1903139 (80.5511%)
entry 1534000/1903139 (80.6037%)
entry 1541000/1903139 (80.9715%)
entry 1546000/1903139 (81.2342%)
entry 1547000/1903139 (81.2868%)
entry 1548000/1903139 (81.3393%)
entry 1551000/1903139 (81.4969%)
entry 1553000/1903139 (81.602%)
entry 1554000/1903139 (81.6546%)
entry 1555000/1903139 (81.7071%)
entry 1556000/1903139 (81.7597%)
entry 1561000/1903139 (82.0224%)
entry 1564000/1903139 (82.18%)
entry 1565000/1903139 (82.2326%)
entry 1566000/1903139 (82.2851%)
entry 1574000/1903139 (82.7055%)
entry 1577000/1903139 (82.8631%)
entry 1580000/1903139 (83.0207%)
entry 1581000/1903139 (83.0733%)
entry 1585000/1903139 (83.2835%)
entry 1586000/1903139 (83.336%)
entry 1588000/1903139 (83.4411%)
entry 1591000/1903139 (83.5987%)
entry 1594000/1903139 (83.7564%)
entry 1595000/1903139 (83.8089%)
entry 1602000/1903139 (84.1767%)
entry 1603000/1903139 (84.2293%)
entry 1608000/1903139 (84.492%)
entry 1612000/1903139 (84.7022%)
entry 1618000/1903139 (85.0174%)
entry 1620000/1903139 (85.1225%)
entry 1621000/1903139 (85.1751%)
entry 1627000/1903139 (85.4903%)
entry 1629000/1903139 (85.5954%)
entry 1630000/1903139 (85.648%)
entry 1631000/1903139 (85.7005%)
entry 1632000/1903139 (85.7531%)
entry 1636000/1903139 (85.9632%)
entry 1638000/1903139 (86.0683%)
entry 1643000/1903139 (86.3311%)
entry 1650000/1903139 (86.6989%)
entry 1653000/1903139 (86.8565%)
entry 1655000/1903139 (86.9616%)
entry 1657000/1903139 (87.0667%)
entry 1658000/1903139 (87.1192%)
entry 1663000/1903139 (87.382%)
entry 1668000/1903139 (87.6447%)
entry 1674000/1903139 (87.9599%)
entry 1680000/1903139 (88.2752%)
entry 1682000/1903139 (88.3803%)
entry 1686000/1903139 (88.5905%)
entry 1687000/1903139 (88.643%)
entry 1688000/1903139 (88.6956%)
entry 1690000/1903139 (88.8007%)
entry 1694000/1903139 (89.0108%)
entry 1703000/1903139 (89.4837%)
entry 1704000/1903139 (89.5363%)
entry 1705000/1903139 (89.5888%)
entry 1709000/1903139 (89.799%)
entry 1712000/1903139 (89.9566%)
entry 1713000/1903139 (90.0092%)
entry 1714000/1903139 (90.0617%)
entry 1716000/1903139 (90.1668%)
entry 1722000/1903139 (90.4821%)
entry 1723000/1903139 (90.5346%)
entry 1724000/1903139 (90.5872%)
entry 1726000/1903139 (90.6923%)
entry 1729000/1903139 (90.8499%)
entry 1730000/1903139 (90.9025%)
entry 1735000/1903139 (91.1652%)
entry 1736000/1903139 (91.2177%)
entry 1737000/1903139 (91.2703%)
entry 1739000/1903139 (91.3754%)
entry 1740000/1903139 (91.4279%)
entry 1741000/1903139 (91.4804%)
entry 1742000/1903139 (91.533%)
entry 1748000/1903139 (91.8483%)
entry 1749000/1903139 (91.9008%)
entry 1750000/1903139 (91.9533%)
entry 1751000/1903139 (92.0059%)
entry 1752000/1903139 (92.0584%)
entry 1754000/1903139 (92.1635%)
entry 1762000/1903139 (92.5839%)
entry 1764000/1903139 (92.689%)
entry 1766000/1903139 (92.7941%)
entry 1772000/1903139 (93.1093%)
entry 1775000/1903139 (93.267%)
entry 1780000/1903139 (93.5297%)
entry 1782000/1903139 (93.6348%)
entry 1783000/1903139 (93.6873%)
entry 1784000/1903139 (93.7399%)
entry 1786000/1903139 (93.845%)
entry 1788000/1903139 (93.95%)
entry 1789000/1903139 (94.0026%)
entry 1793000/1903139 (94.2128%)
entry 1796000/1903139 (94.3704%)
entry 1804000/1903139 (94.7908%)
entry 1805000/1903139 (94.8433%)
entry 1807000/1903139 (94.9484%)
entry 1810000/1903139 (95.106%)
entry 1813000/1903139 (95.2637%)
entry 1815000/1903139 (95.3688%)
entry 1819000/1903139 (95.5789%)
entry 1820000/1903139 (95.6315%)
entry 1821000/1903139 (95.684%)
entry 1826000/1903139 (95.9467%)
entry 1828000/1903139 (96.0518%)
entry 1830000/1903139 (96.1569%)
entry 1836000/1903139 (96.4722%)
entry 1837000/1903139 (96.5247%)
entry 1845000/1903139 (96.9451%)
entry 1851000/1903139 (97.2604%)
entry 1858000/1903139 (97.6282%)
entry 1859000/1903139 (97.6807%)
entry 1862000/1903139 (97.8384%)
entry 1867000/1903139 (98.1011%)
entry 1868000/1903139 (98.1536%)
entry 1869000/1903139 (98.2062%)
entry 1871000/1903139 (98.3113%)
entry 1874000/1903139 (98.4689%)
entry 1875000/1903139 (98.5214%)
entry 1876000/1903139 (98.574%)
entry 1887000/1903139 (99.152%)
entry 1889000/1903139 (99.2571%)
entry 1897000/1903139 (99.6774%)
entry 1900000/1903139 (99.8351%)
entry 1903000/1903139 (99.9927%)
all done
script done
