sphnx1021.sdcc.bnl.gov
rsyncing from /gpfs/mnt/gpfs02/sphenix/user/samfred/run25/ppg11/histmaking
running: /gpfs/mnt/gpfs02/sphenix/user/samfred/run25/ppg11/histmaking/script_data.sh 50493
LD_LIBRARY_PATH now /sphenix/user/samfred/run25/install//lib:/cvmfs/sphenix.sdcc.bnl.gov/alma9.2-gcc-14.2.0/opt/sphenix/core/gcc/14.2.0-2f0a0/x86_64-el9/lib:/cvmfs/sphenix.sdcc.bnl.gov/alma9.2-gcc-14.2.0/opt/sphenix/core/gcc/14.2.0-2f0a0/x86_64-el9/lib64:/cvmfs/sphenix.sdcc.bnl.gov/alma9.2-gcc-14.2.0/opt/sphenix/core/binutils/2.40-acaab/x86_64-el9/lib:.:/cvmfs/sphenix.sdcc.bnl.gov/alma9.2-gcc-14.2.0/release/release_new/new.10/lib64:/cvmfs/sphenix.sdcc.bnl.gov/alma9.2-gcc-14.2.0/release/release_new/new.10/lib:/cvmfs/sphenix.sdcc.bnl.gov/alma9.2-gcc-14.2.0/opt/sphenix/utils/lib:/cvmfs/sphenix.sdcc.bnl.gov/alma9.2-gcc-14.2.0/opt/sphenix/core/lib:/cvmfs/sphenix.sdcc.bnl.gov/alma9.2-gcc-14.2.0/opt/sphenix/core/root-6.32.06/lib:/cvmfs/sphenix.sdcc.bnl.gov/alma9.2-gcc-14.2.0/opt/sphenix/core/geant4.10.07.p04/lib64:/cvmfs/sphenix.sdcc.bnl.gov/alma9.2-gcc-14.2.0/opt/sphenix/core/lhapdf-5.9.1/lib:/usr/local/lib64:/usr/lib64
PATH now /sphenix/user/samfred/run25/install//bin:/cvmfs/sphenix.sdcc.bnl.gov/alma9.2-gcc-14.2.0/opt/sphenix/core/gcc/14.2.0-2f0a0/x86_64-el9/bin:/cvmfs/sphenix.sdcc.bnl.gov/alma9.2-gcc-14.2.0/opt/sphenix/core/binutils/2.40-acaab/x86_64-el9/bin:.:/cvmfs/sphenix.sdcc.bnl.gov/alma9.2-gcc-14.2.0/release/release_new/new.10/bin:/cvmfs/sphenix.sdcc.bnl.gov/alma9.2-gcc-14.2.0/opt/sphenix/utils/bin:/cvmfs/sphenix.sdcc.bnl.gov/alma9.2-gcc-14.2.0/opt/sphenix/core/bin:/cvmfs/sphenix.sdcc.bnl.gov/alma9.2-gcc-14.2.0/opt/sphenix/core/root-6.32.06/bin:/cvmfs/sphenix.sdcc.bnl.gov/alma9.2-gcc-14.2.0/opt/sphenix/core/geant4.10.07.p04/bin:/usr/local/bin:/usr/bin:/usr/local/sbin:/usr/sbin
SINGULARITY_CACHEDIR=/home/condor/local/sphnx/execute/dir_3915291
_CONDOR_CHIRP_CONFIG=/home/condor/local/sphnx/execute/dir_3915291/.chirp.config
_CONDOR_JOB_IWD=/sphenix/user/samfred/run25/ppg11/histmaking
G4ENSDFSTATEDATA=/cvmfs/sphenix.sdcc.bnl.gov/alma9.2-gcc-14.2.0/opt/sphenix/core/geant4.10.07.p04/share/Geant4-10.7.4/data/G4ENSDFSTATE2.3
_CONDOR_MACHINE_AD=/home/condor/local/sphnx/execute/dir_3915291/.machine.ad
ROOT_MAX_THREADS=1
NUMEXPR_NUM_THREADS=1
_CONDOR_ANCESTOR_89960=3915291:1759352710:3761792011
CUBACORES=1
_CHIRP_DELAYED_UPDATE_PREFIX=Chirp*
OMP_THREAD_LIMIT=1
G4PIIDATA=/cvmfs/sphenix.sdcc.bnl.gov/alma9.2-gcc-14.2.0/opt/sphenix/core/geant4.10.07.p04/share/Geant4-10.7.4/data/G4PII1.3
NO_AT_BRIDGE=1
G4_MAIN=/cvmfs/sphenix.sdcc.bnl.gov/alma9.2-gcc-14.2.0/opt/sphenix/core/geant4.10.07.p04
COMPILER_PATH=/cvmfs/sphenix.sdcc.bnl.gov/alma9.2-gcc-14.2.0/opt/sphenix/core/gcc/14.2.0-2f0a0/x86_64-el9
ROOT_INCLUDE_PATH=./:/sphenix/user/samfred/run25/install//include:/sphenix/user/samfred/run25/install//include/caloana:/sphenix/user/samfred/run25/install//include/qa_centrality:/sphenix/user/samfred/run25/install//include/mbdana:/sphenix/user/samfred/run25/install//include/centrality:/sphenix/user/samfred/run25/install//include/Event:/cvmfs/sphenix.sdcc.bnl.gov/alma9.2-gcc-14.2.0/release/release_new/new.10/include:/cvmfs/sphenix.sdcc.bnl.gov/alma9.2-gcc-14.2.0/release/release_new/new.10/include:/cvmfs/sphenix.sdcc.bnl.gov/alma9.2-gcc-14.2.0/release/release_new/new.10/include/g4mbd:/cvmfs/sphenix.sdcc.bnl.gov/alma9.2-gcc-14.2.0/release/release_new/new.10/include/fmt:/cvmfs/sphenix.sdcc.bnl.gov/alma9.2-gcc-14.2.0/release/release_new/new.10/include/ffarawobjects:/cvmfs/sphenix.sdcc.bnl.gov/alma9.2-gcc-14.2.0/release/release_new/new.10/include/JSON:/cvmfs/sphenix.sdcc.bnl.gov/alma9.2-gcc-14.2.0/release/release_new/new.10/include/calotreegen:/cvmfs/sphenix.sdcc.bnl.gov/alma9.2-gcc-14.2.0/release/release_new/new.10/include/torch:/cvmfs/sphenix.sdcc.bnl.gov/alma9.2-gcc-14.2.0/release/release_new/new.10/include/g4detectors:/cvmfs/sphenix.sdcc.bnl.gov/alma9.2-gcc-14.2.0/release/release_new/new.10/include/kineto:/cvmfs/sphenix.sdcc.bnl.gov/alma9.2-gcc-14.2.0/release/release_new/new.10/include/g4decayer:/cvmfs/sphenix.sdcc.bnl.gov/alma9.2-gcc-14.2.0/release/release_new/new.10/include/kfparticleqa:/cvmfs/sphenix.sdcc.bnl.gov/alma9.2-gcc-14.2.0/release/release_new/new.10/include/phfield:/cvmfs/sphenix.sdcc.bnl.gov/alma9.2-gcc-14.2.0/release/release_new/new.10/include/LHAPDF:/cvmfs/sphenix.sdcc.bnl.gov/alma9.2-gcc-14.2.0/release/release_new/new.10/include/readdigitalcurrents:/cvmfs/sphenix.sdcc.bnl.gov/alma9.2-gcc-14.2.0/release/release_new/new.10/include/c10:/cvmfs/sphenix.sdcc.bnl.gov/alma9.2-gcc-14.2.0/release/release_new/new.10/include/calovalid:/cvmfs/sphenix.sdcc.bnl.gov/alma9.2-gcc-14.2.0/release/release_new/new.10/include/oneapi:/cvmfs/sphenix.sdcc.bnl.gov/alma9.2-gcc-14.2.0/release/release_new/new.10/include/DDCond:/cvmfs/sphenix.sdcc.bnl.gov/alma9.2-gcc-14.2.0/release/release_new/new.10/include/g4tracking:/cvmfs/sphenix.sdcc.bnl.gov/alma9.2-gcc-14.2.0/release/release_new/new.10/include/litecaloeval:/cvmfs/sphenix.sdcc.bnl.gov/alma9.2-gcc-14.2.0/release/release_new/new.10/include/g4intt:/cvmfs/sphenix.sdcc.bnl.gov/alma9.2-gcc-14.2.0/release/release_new/new.10/include/phool:/cvmfs/sphenix.sdcc.bnl.gov/alma9.2-gcc-14.2.0/release/release_new/new.10/include/boost:/cvmfs/sphenix.sdcc.bnl.gov/alma9.2-gcc-14.2.0/release/release_new/new.10/include/Pythia8Plugins:/cvmfs/sphenix.sdcc.bnl.gov/alma9.2-gcc-14.2.0/release/release_new/new.10/include/calib_emc_pi0:/cvmfs/sphenix.sdcc.bnl.gov/alma9.2-gcc-14.2.0/release/release_new/new.10/include/hijingflipafterburner:/cvmfs/sphenix.sdcc.bnl.gov/alma9.2-gcc-14.2.0/release/release_new/new.10/include/ffaobjects:/cvmfs/sphenix.sdcc.bnl.gov/alma9.2-gcc-14.2.0/release/release_new/new.10/include/EvtGenBase:/cvmfs/sphenix.sdcc.bnl.gov/alma9.2-gcc-14.2.0/release/release_new/new.10/include/flowafterburner:/cvmfs/sphenix.sdcc.bnl.gov/alma9.2-gcc-14.2.0/release/release_new/new.10/include/google:/cvmfs/sphenix.sdcc.bnl.gov/alma9.2-gcc-14.2.0/release/release_new/new.10/include/g4tpc:/cvmfs/sphenix.sdcc.bnl.gov/alma9.2-gcc-14.2.0/release/release_new/new.10/include/caffe2:/cvmfs/sphenix.sdcc.bnl.gov/alma9.2-gcc-14.2.0/release/release_new/new.10/include/EvtGenExternal:/cvmfs/sphenix.sdcc.bnl.gov/alma9.2-gcc-14.2.0/release/release_new/new.10/include/fp16:/cvmfs/sphenix.sdcc.bnl.gov/alma9.2-gcc-14.2.0/release/release_new/new.10/include/ffamodules:/cvmfs/sphenix.sdcc.bnl.gov/alma9.2-gcc-14.2.0/release/release_new/new.10/include/uspin:/cvmfs/sphenix.sdcc.bnl.gov/alma9.2-gcc-14.2.0/release/release_new/new.10/include/Herwig:/cvmfs/sphenix.sdcc.bnl.gov/alma9.2-gcc-14.2.0/release/release_new/new.10/include/genfitexp:/cvmfs/sphenix.sdcc.bnl.gov/alma9.2-gcc-14.2.0/release/release_new/new.10/include/XML:/cvmfs/sphenix.sdcc.bnl.gov/alma9.2-gcc-14.2.0/release/release_new/new.10/include/fbgemm:/cvmfs/sphenix.sdcc.bnl.gov/alma9.2-gcc-14.2.0/release/release_new/new.10/include/DDAlign:/cvmfs/sphenix.sdcc.bnl.gov/alma9.2-gcc-14.2.0/release/release_new/new.10/include/g4mvtx:/cvmfs/sphenix.sdcc.bnl.gov/alma9.2-gcc-14.2.0/release/release_new/new.10/include/kfparticle_sphenix:/cvmfs/sphenix.sdcc.bnl.gov/alma9.2-gcc-14.2.0/release/release_new/new.10/include/fun4all:/cvmfs/sphenix.sdcc.bnl.gov/alma9.2-gcc-14.2.0/release/release_new/new.10/include/intt:/cvmfs/sphenix.sdcc.bnl.gov/alma9.2-gcc-14.2.0/release/release_new/new.10/include/eventdisplay:/cvmfs/sphenix.sdcc.bnl.gov/alma9.2-gcc-14.2.0/release/release_new/new.10/include/EvtGen:/cvmfs/sphenix.sdcc.bnl.gov/alma9.2-gcc-14.2.0/release/release_new/new.10/include/Evaluator:/cvmfs/sphenix.sdcc.bnl.gov/alma9.2-gcc-14.2.0/release/release_new/new.10/include/tpc:/cvmfs/sphenix.sdcc.bnl.gov/alma9.2-gcc-14.2.0/release/release_new/new.10/include/GenFit:/cvmfs/sphenix.sdcc.bnl.gov/alma9.2-gcc-14.2.0/release/release_new/new.10/include/prototype4:/cvmfs/sphenix.sdcc.bnl.gov/alma9.2-gcc-14.2.0/release/release_new/new.10/include/caloembedding:/cvmfs/sphenix.sdcc.bnl.gov/alma9.2-gcc-14.2.0/release/release_new/new.10/include/EvtGenModels:/cvmfs/sphenix.sdcc.bnl.gov/alma9.2-gcc-14.2.0/release/release_new/new.10/include/fastjet:/cvmfs/sphenix.sdcc.bnl.gov/alma9.2-gcc-14.2.0/release/release_new/new.10/include/DDG4:/cvmfs/sphenix.sdcc.bnl.gov/alma9.2-gcc-14.2.0/release/release_new/new.10/include/mbd:/cvmfs/sphenix.sdcc.bnl.gov/alma9.2-gcc-14.2.0/release/release_new/new.10/include/tbb:/cvmfs/sphenix.sdcc.bnl.gov/alma9.2-gcc-14.2.0/release/release_new/new.10/include/phgeom:/cvmfs/sphenix.sdcc.bnl.gov/alma9.2-gcc-14.2.0/release/release_new/new.10/include/g4epd:/cvmfs/sphenix.sdcc.bnl.gov/alma9.2-gcc-14.2.0/release/release_new/new.10/include/oncal:/cvmfs/sphenix.sdcc.bnl.gov/alma9.2-gcc-14.2.0/release/release_new/new.10/include/pybind11:/cvmfs/sphenix.sdcc.bnl.gov/alma9.2-gcc-14.2.0/release/release_new/new.10/include/tpcdistgenerator:/cvmfs/sphenix.sdcc.bnl.gov/alma9.2-gcc-14.2.0/release/release_new/new.10/include/cdbobjects:/cvmfs/sphenix.sdcc.bnl.gov/alma9.2-gcc-14.2.0/release/release_new/new.10/include/g4micromegas:/cvmfs/sphenix.sdcc.bnl.gov/alma9.2-gcc-14.2.0/release/release_new/new.10/include/g4eval:/cvmfs/sphenix.sdcc.bnl.gov/alma9.2-gcc-14.2.0/release/release_new/new.10/include/jetbackground:/cvmfs/sphenix.sdcc.bnl.gov/alma9.2-gcc-14.2.0/release/release_new/new.10/include/micromegas:/cvmfs/sphenix.sdcc.bnl.gov/alma9.2-gcc-14.2.0/release/release_new/new.10/include/hftrackefficiency:/cvmfs/sphenix.sdcc.bnl.gov/alma9.2-gcc-14.2.0/release/release_new/new.10/include/inttrawhitqa:/cvmfs/sphenix.sdcc.bnl.gov/alma9.2-gcc-14.2.0/release/release_new/new.10/include/centrality:/cvmfs/sphenix.sdcc.bnl.gov/alma9.2-gcc-14.2.0/release/release_new/new.10/include/epd:/cvmfs/sphenix.sdcc.bnl.gov/alma9.2-gcc-14.2.0/release/release_new/new.10/include/caloreco:/cvmfs/sphenix.sdcc.bnl.gov/alma9.2-gcc-14.2.0/release/release_new/new.10/include/HepMC:/cvmfs/sphenix.sdcc.bnl.gov/alma9.2-gcc-14.2.0/release/release_new/new.10/include/CLHEP:/cvmfs/sphenix.sdcc.bnl.gov/alma9.2-gcc-14.2.0/release/release_new/new.10/include/Acts:/cvmfs/sphenix.sdcc.bnl.gov/alma9.2-gcc-14.2.0/release/release_new/new.10/include/g4histos:/cvmfs/sphenix.sdcc.bnl.gov/alma9.2-gcc-14.2.0/release/release_new/new.10/include/eventplaneinfo:/cvmfs/sphenix.sdcc.bnl.gov/alma9.2-gcc-14.2.0/release/release_new/new.10/include/fillspacechargemaps:/cvmfs/sphenix.sdcc.bnl.gov/alma9.2-gcc-14.2.0/release/release_new/new.10/include/phhepmc:/cvmfs/sphenix.sdcc.bnl.gov/alma9.2-gcc-14.2.0/release/release_new/new.10/include/trackingqa:/cvmfs/sphenix.sdcc.bnl.gov/alma9.2-gcc-14.2.0/release/release_new/new.10/include/qautils:/cvmfs/sphenix.sdcc.bnl.gov/alma9.2-gcc-14.2.0/release/release_new/new.10/include/trackreco:/cvmfs/sphenix.sdcc.bnl.gov/alma9.2-gcc-14.2.0/release/release_new/new.10/include/g4ohcal:/cvmfs/sphenix.sdcc.bnl.gov/alma9.2-gcc-14.2.0/release/release_new/new.10/include/tpcdvcalib:/cvmfs/sphenix.sdcc.bnl.gov/alma9.2-gcc-14.2.0/release/release_new/new.10/include/zdcinfo:/cvmfs/sphenix.sdcc.bnl.gov/alma9.2-gcc-14.2.0/release/release_new/new.10/include/phpythia8:/cvmfs/sphenix.sdcc.bnl.gov/alma9.2-gcc-14.2.0/release/release_new/new.10/include/fun4allutils:/cvmfs/sphenix.sdcc.bnl.gov/alma9.2-gcc-14.2.0/release/release_new/new.10/include/tpcqa:/cvmfs/sphenix.sdcc.bnl.gov/alma9.2-gcc-14.2.0/release/release_new/new.10/include/Pythia8:/cvmfs/sphenix.sdcc.bnl.gov/alma9.2-gcc-14.2.0/release/release_new/new.10/include/DDRec:/cvmfs/sphenix.sdcc.bnl.gov/alma9.2-gcc-14.2.0/release/release_new/new.10/include/DDDigi:/cvmfs/sphenix.sdcc.bnl.gov/alma9.2-gcc-14.2.0/release/release_new/new.10/include/g4ihcal:/cvmfs/sphenix.sdcc.bnl.gov/alma9.2-gcc-14.2.0/release/release_new/new.10/include/frog:/cvmfs/sphenix.sdcc.bnl.gov/alma9.2-gcc-14.2.0/release/release_new/new.10/include/eigen3:/cvmfs/sphenix.sdcc.bnl.gov/alma9.2-gcc-14.2.0/release/release_new/new.10/include/tensorpipe:/cvmfs/sphenix.sdcc.bnl.gov/alma9.2-gcc-14.2.0/release/release_new/new.10/include/sphenixnpc:/cvmfs/sphenix.sdcc.bnl.gov/alma9.2-gcc-14.2.0/release/release_new/new.10/include/siscone:/cvmfs/sphenix.sdcc.bnl.gov/alma9.2-gcc-14.2.0/release/release_new/new.10/include/pmonitor:/cvmfs/sphenix.sdcc.bnl.gov/alma9.2-gcc-14.2.0/release/release_new/new.10/include/calobase:/cvmfs/sphenix.sdcc.bnl.gov/alma9.2-gcc-14.2.0/release/release_new/new.10/include/ActsExamples:/cvmfs/sphenix.sdcc.bnl.gov/alma9.2-gcc-14.2.0/release/release_new/new.10/include/g4gdml:/cvmfs/sphenix.sdcc.bnl.gov/alma9.2-gcc-14.2.0/release/release_new/new.10/include/mvtx_decoder:/cvmfs/sphenix.sdcc.bnl.gov/alma9.2-gcc-14.2.0/release/release_new/new.10/include/ROOT:/cvmfs/sphenix.sdcc.bnl.gov/alma9.2-gcc-14.2.0/release/release_new/new.10/include/phparameter:/cvmfs/sphenix.sdcc.bnl.gov/alma9.2-gcc-14.2.0/release/release_new/new.10/include/rsa:/cvmfs/sphenix.sdcc.bnl.gov/alma9.2-gcc-14.2.0/release/release_new/new.10/include/fun4allraw:/cvmfs/sphenix.sdcc.bnl.gov/alma9.2-gcc-14.2.0/release/release_new/new.10/include/trackbase_historic:/cvmfs/sphenix.sdcc.bnl.gov/alma9.2-gcc-14.2.0/release/release_new/new.10/include/g4jets:/cvmfs/sphenix.sdcc.bnl.gov/alma9.2-gcc-14.2.0/release/release_new/new.10/include/jetqa:/cvmfs/sphenix.sdcc.bnl.gov/alma9.2-gcc-14.2.0/release/release_new/new.10/include/phoolraw:/cvmfs/sphenix.sdcc.bnl.gov/alma9.2-gcc-14.2.0/release/release_new/new.10/include/g4calo:/cvmfs/sphenix.sdcc.bnl.gov/alma9.2-gcc-14.2.0/release/release_new/new.10/include/mvtxrawhitqa:/cvmfs/sphenix.sdcc.bnl.gov/alma9.2-gcc-14.2.0/release/release_new/new.10/include/HepMC3:/cvmfs/sphenix.sdcc.bnl.gov/alma9.2-gcc-14.2.0/release/release_new/new.10/include/calowaveformsim:/cvmfs/sphenix.sdcc.bnl.gov/alma9.2-gcc-14.2.0/release/release_new/new.10/include/g4caloprototype:/cvmfs/sphenix.sdcc.bnl.gov/alma9.2-gcc-14.2.0/release/release_new/new.10/include/pdbcalbase:/cvmfs/sphenix.sdcc.bnl.gov/alma9.2-gcc-14.2.0/release/release_new/new.10/include/gsl:/cvmfs/sphenix.sdcc.bnl.gov/alma9.2-gcc-14.2.0/release/release_new/new.10/include/nodedump:/cvmfs/sphenix.sdcc.bnl.gov/alma9.2-gcc-14.2.0/release/release_new/new.10/include/emcnoisytowerfinder:/cvmfs/sphenix.sdcc.bnl.gov/alma9.2-gcc-14.2.0/release/release_new/new.10/include/ActsFatras:/cvmfs/sphenix.sdcc.bnl.gov/alma9.2-gcc-14.2.0/release/release_new/new.10/include/ffarawmodules:/cvmfs/sphenix.sdcc.bnl.gov/alma9.2-gcc-14.2.0/release/release_new/new.10/include/Event:/cvmfs/sphenix.sdcc.bnl.gov/alma9.2-gcc-14.2.0/release/release_new/new.10/include/prototype3:/cvmfs/sphenix.sdcc.bnl.gov/alma9.2-gcc-14.2.0/release/release_new/new.10/include/fermimotionafterburner:/cvmfs/sphenix.sdcc.bnl.gov/alma9.2-gcc-14.2.0/release/release_new/new.10/include/Photos:/cvmfs/sphenix.sdcc.bnl.gov/alma9.2-gcc-14.2.0/release/release_new/new.10/include/xingshiftcal:/cvmfs/sphenix.sdcc.bnl.gov/alma9.2-gcc-14.2.0/release/release_new/new.10/include/trackbase:/cvmfs/sphenix.sdcc.bnl.gov/alma9.2-gcc-14.2.0/release/release_new/new.10/include/jetdstskimmer:/cvmfs/sphenix.sdcc.bnl.gov/alma9.2-gcc-14.2.0/release/release_new/new.10/include/clusteriso:/cvmfs/sphenix.sdcc.bnl.gov/alma9.2-gcc-14.2.0/release/release_new/new.10/include/asmjit:/cvmfs/sphenix.sdcc.bnl.gov/alma9.2-gcc-14.2.0/release/release_new/new.10/include/particleflowreco:/cvmfs/sphenix.sdcc.bnl.gov/alma9.2-gcc-14.2.0/release/release_new/new.10/include/tpchittrackdisplay:/cvmfs/sphenix.sdcc.bnl.gov/alma9.2-gcc-14.2.0/release/release_new/new.10/include/caloana:/cvmfs/sphenix.sdcc.bnl.gov/alma9.2-gcc-14.2.0/release/release_new/new.10/include/calotrigger:/cvmfs/sphenix.sdcc.bnl.gov/alma9.2-gcc-14.2.0/release/release_new/new.10/include/nopayloadclient:/cvmfs/sphenix.sdcc.bnl.gov/alma9.2-gcc-14.2.0/release/release_new/new.10/include/trackermillepedealignment:/cvmfs/sphenix.sdcc.bnl.gov/alma9.2-gcc-14.2.0/release/release_new/new.10/include/DD4hep:/cvmfs/sphenix.sdcc.bnl.gov/alma9.2-gcc-14.2.0/release/release_new/new.10/include/g4trackfastsim:/cvmfs/sphenix.sdcc.bnl.gov/alma9.2-gcc-14.2.0/release/release_new/new.10/include/prototype2:/cvmfs/sphenix.sdcc.bnl.gov/alma9.2-gcc-14.2.0/release/release_new/new.10/include/ATen:/cvmfs/sphenix.sdcc.bnl.gov/alma9.2-gcc-14.2.0/release/release_new/new.10/include/g4main:/cvmfs/sphenix.sdcc.bnl.gov/alma9.2-gcc-14.2.0/release/release_new/new.10/include/Tauola:/cvmfs/sphenix.sdcc.bnl.gov/alma9.2-gcc-14.2.0/release/release_new/new.10/include/inttcalib:/cvmfs/sphenix.sdcc.bnl.gov/alma9.2-gcc-14.2.0/release/release_new/new.10/include/reactionplaneafterburner:/cvmfs/sphenix.sdcc.bnl.gov/alma9.2-gcc-14.2.0/release/release_new/new.10/include/globalqa:/cvmfs/sphenix.sdcc.bnl.gov/alma9.2-gcc-14.2.0/release/release_new/new.10/include/tpccalib:/cvmfs/sphenix.sdcc.bnl.gov/alma9.2-gcc-14.2.0/release/release_new/new.10/include/DDSegmentation:/cvmfs/sphenix.sdcc.bnl.gov/alma9.2-gcc-14.2.0/release/release_new/new.10/include/decayfinder:/cvmfs/sphenix.sdcc.bnl.gov/alma9.2-gcc-14.2.0/release/release_new/new.10/include/compressclus:/cvmfs/sphenix.sdcc.bnl.gov/alma9.2-gcc-14.2.0/release/release_new/new.10/include/simqa_modules:/cvmfs/sphenix.sdcc.bnl.gov/alma9.2-gcc-14.2.0/release/release_new/new.10/include/resonancejettagging:/cvmfs/sphenix.sdcc.bnl.gov/alma9.2-gcc-14.2.0/release/release_new/new.10/include/g4centrality:/cvmfs/sphenix.sdcc.bnl.gov/alma9.2-gcc-14.2.0/release/release_new/new.10/include/mvtx:/cvmfs/sphenix.sdcc.bnl.gov/alma9.2-gcc-14.2.0/release/release_new/new.10/include/nlohmann:/cvmfs/sphenix.sdcc.bnl.gov/alma9.2-gcc-14.2.0/release/release_new/new.10/include/localpoloffmon:/cvmfs/sphenix.sdcc.bnl.gov/alma9.2-gcc-14.2.0/release/release_new/new.10/include/DDEve:/cvmfs/sphenix.sdcc.bnl.gov/alma9.2-gcc-14.2.0/release/release_new/new.10/include/Parsers:/cvmfs/sphenix.sdcc.bnl.gov/alma9.2-gcc-14.2.0/release/release_new/new.10/include/trackingdiagnostics:/cvmfs/sphenix.sdcc.bnl.gov/alma9.2-gcc-14.2.0/release/release_new/new.10/include/g4vertex:/cvmfs/sphenix.sdcc.bnl.gov/alma9.2-gcc-14.2.0/release/release_new/new.10/include/jetbase:/cvmfs/sphenix.sdcc.bnl.gov/alma9.2-gcc-14.2.0/release/release_new/new.10/include/globalvertex:/cvmfs/sphenix.sdcc.bnl.gov/alma9.2-gcc-14.2.0/release/release_new/new.10/include/phgenfit:/cvmfs/sphenix.sdcc.bnl.gov/alma9.2-gcc-14.2.0/release/release_new/new.10/include/rawbcolumi:/cvmfs/sphenix.sdcc.bnl.gov/alma9.2-gcc-14.2.0/release/release_new/new.10/include/eicsmear:/cvmfs/sphenix.sdcc.bnl.gov/alma9.2-gcc-14.2.0/release/release_new/new.10/include/mvtxcalib:/cvmfs/sphenix.sdcc.bnl.gov/alma9.2-gcc-14.2.0/release/release_new/new.10/include/tpclinelaserdiode:/cvmfs/sphenix.sdcc.bnl.gov/alma9.2-gcc-14.2.0/release/release_new/new.10/include/hepmcjettrigger:/cvmfs/sphenix.sdcc.bnl.gov/alma9.2-gcc-14.2.0/release/release_new/new.10/include/core:/cvmfs/sphenix.sdcc.bnl.gov/alma9.2-gcc-14.2.0/release/release_new/new.10/include/calo_cdb:/cvmfs/sphenix.sdcc.bnl.gov/alma9.2-gcc-14.2.0/release/release_new/new.10/include/mvtxclustershapesqa:/cvmfs/sphenix.sdcc.bnl.gov/alma9.2-gcc-14.2.0/release/release_new/new.10/include/calopacketskimmer:/cvmfs/sphenix.sdcc.bnl.gov/alma9.2-gcc-14.2.0/opt/sphenix/core/geant4.10.07.p04/include:/cvmfs/sphenix.sdcc.bnl.gov/alma9.2-gcc-14.2.0/release/release_new/new.10/rootmacros:/cvmfs/sphenix.sdcc.bnl.gov/alma9.2-gcc-14.2.0/opt/sphenix/core/include
GSEARCHPATH=.:PG:LUSTRE:RAWDATA
PWD=/gpfs/mnt/gpfs02/sphenix/user/samfred/run25/ppg11/histmaking
LOGNAME=samfred
_CONDOR_JOB_AD=/home/condor/local/sphnx/execute/dir_3915291/.job.ad
MANPATH=/cvmfs/sphenix.sdcc.bnl.gov/alma9.2-gcc-14.2.0/opt/sphenix/core/gcc/14.2.0-2f0a0/x86_64-el9/share/man:/cvmfs/sphenix.sdcc.bnl.gov/alma9.2-gcc-14.2.0/opt/sphenix/core/binutils/2.40-acaab/x86_64-el9/share/man:/cvmfs/sphenix.sdcc.bnl.gov/alma9.2-gcc-14.2.0/release/release_new/new.10/share/man:/cvmfs/sphenix.sdcc.bnl.gov/alma9.2-gcc-14.2.0/opt/sphenix/utils/share/man:/cvmfs/sphenix.sdcc.bnl.gov/alma9.2-gcc-14.2.0/opt/sphenix/core/share/man:/cvmfs/sphenix.sdcc.bnl.gov/alma9.2-gcc-14.2.0/opt/sphenix/core/root-6.32.06/man:/usr/local/share/man:/usr/share/man
PYTHIA8=/cvmfs/sphenix.sdcc.bnl.gov/alma9.2-gcc-14.2.0/release/release_new/new.10/share/Pythia8
G4INCLDATA=/cvmfs/sphenix.sdcc.bnl.gov/alma9.2-gcc-14.2.0/opt/sphenix/core/geant4.10.07.p04/share/Geant4-10.7.4/data/G4INCL1.0
ORIG_PATH=/usr/local/bin:/usr/bin
CXX=/cvmfs/sphenix.sdcc.bnl.gov/alma9.2-gcc-14.2.0/opt/sphenix/core/gcc/14.2.0-2f0a0/x86_64-el9/bin/g++
G4LEDATA=/cvmfs/sphenix.sdcc.bnl.gov/alma9.2-gcc-14.2.0/opt/sphenix/core/geant4.10.07.p04/share/Geant4-10.7.4/data/G4EMLOW7.13
PYTHON_CPU_COUNT=1
OPENBLAS_NUM_THREADS=1
_CONDOR_BIN=/usr/bin
_CONDOR_ANCESTOR_3915291=3917658:1759352710:2030286769
HOME=/sphenix/u/samfred
G4PARTICLEXSDATA=/cvmfs/sphenix.sdcc.bnl.gov/alma9.2-gcc-14.2.0/opt/sphenix/core/geant4.10.07.p04/share/Geant4-10.7.4/data/G4PARTICLEXS3.1.1
ONLINE_MAIN=/cvmfs/sphenix.sdcc.bnl.gov/alma9.2-gcc-14.2.0/release/release_new/new.10
CALIBRATIONROOT=/cvmfs/sphenix.sdcc.bnl.gov/alma9.2-gcc-14.2.0/release/release_new/new.10/share/calibrations
TMPDIR=/tmp
_CONDOR_SCRATCH_DIR=/home/condor/local/sphnx/execute/dir_3915291
PGUSER=phnxrc
NOPAYLOADCLIENT_CONF=/cvmfs/sphenix.sdcc.bnl.gov/alma9.2-gcc-14.2.0/opt/sphenix/core/etc/sPHENIX_newcdb.json
XERCESCROOT=/cvmfs/sphenix.sdcc.bnl.gov/alma9.2-gcc-14.2.0/opt/sphenix/core/geant4.10.07.p04
LHAPATH=/cvmfs/sphenix.sdcc.bnl.gov/alma9.2-gcc-14.2.0/opt/sphenix/core/lhapdf-5.9.1/share/lhapdf/PDFsets
_CONDOR_ANCESTOR_89925=89960:1758241473:3958095174
G4NEUTRONHPDATA=/cvmfs/sphenix.sdcc.bnl.gov/alma9.2-gcc-14.2.0/opt/sphenix/core/geant4.10.07.p04/share/Geant4-10.7.4/data/G4NDL4.6
PYTHONPATH=.:/cvmfs/sphenix.sdcc.bnl.gov/alma9.2-gcc-14.2.0/release/release_new/new.10/lib/python3.13/site-packages:/cvmfs/sphenix.sdcc.bnl.gov/alma9.2-gcc-14.2.0/opt/sphenix/core/lib/python3.13/site-packages:/cvmfs/sphenix.sdcc.bnl.gov/alma9.2-gcc-14.2.0/opt/sphenix/core/root-6.32.06/lib
USER=samfred
_CONDOR_JOB_PIDS=
TEMP=/tmp
GOMAXPROCS=1
OFFLINE_MAIN=/cvmfs/sphenix.sdcc.bnl.gov/alma9.2-gcc-14.2.0/release/release_new/new.10
SHLVL=1
TF_NUM_THREADS=1
G4SAIDXSDATA=/cvmfs/sphenix.sdcc.bnl.gov/alma9.2-gcc-14.2.0/opt/sphenix/core/geant4.10.07.p04/share/Geant4-10.7.4/data/G4SAIDDATA2.0
APPTAINER_CACHEDIR=/home/condor/local/sphnx/execute/dir_3915291
ROOTSYS=/cvmfs/sphenix.sdcc.bnl.gov/alma9.2-gcc-14.2.0/opt/sphenix/core/root-6.32.06
BATCH_SYSTEM=HTCondor
_CONDOR_SLOT=slot1_48
LD_LIBRARY_PATH=/sphenix/user/samfred/run25/install//lib:/cvmfs/sphenix.sdcc.bnl.gov/alma9.2-gcc-14.2.0/opt/sphenix/core/gcc/14.2.0-2f0a0/x86_64-el9/lib:/cvmfs/sphenix.sdcc.bnl.gov/alma9.2-gcc-14.2.0/opt/sphenix/core/gcc/14.2.0-2f0a0/x86_64-el9/lib64:/cvmfs/sphenix.sdcc.bnl.gov/alma9.2-gcc-14.2.0/opt/sphenix/core/binutils/2.40-acaab/x86_64-el9/lib:.:/cvmfs/sphenix.sdcc.bnl.gov/alma9.2-gcc-14.2.0/release/release_new/new.10/lib64:/cvmfs/sphenix.sdcc.bnl.gov/alma9.2-gcc-14.2.0/release/release_new/new.10/lib:/cvmfs/sphenix.sdcc.bnl.gov/alma9.2-gcc-14.2.0/opt/sphenix/utils/lib:/cvmfs/sphenix.sdcc.bnl.gov/alma9.2-gcc-14.2.0/opt/sphenix/core/lib:/cvmfs/sphenix.sdcc.bnl.gov/alma9.2-gcc-14.2.0/opt/sphenix/core/root-6.32.06/lib:/cvmfs/sphenix.sdcc.bnl.gov/alma9.2-gcc-14.2.0/opt/sphenix/core/geant4.10.07.p04/lib64:/cvmfs/sphenix.sdcc.bnl.gov/alma9.2-gcc-14.2.0/opt/sphenix/core/lhapdf-5.9.1/lib:/usr/local/lib64:/usr/lib64
OPT_SPHENIX=/cvmfs/sphenix.sdcc.bnl.gov/alma9.2-gcc-14.2.0/opt/sphenix/core
TF_LOOP_PARALLEL_ITERATIONS=1
EVT_LIB=/cvmfs/sphenix.sdcc.bnl.gov/alma9.2-gcc-14.2.0/opt/sphenix/core/root-6.32.06/lib
PGHOST=sphnxdbmaster.sdcc.bnl.gov
OMP_NUM_THREADS=1
G4REALSURFACEDATA=/cvmfs/sphenix.sdcc.bnl.gov/alma9.2-gcc-14.2.0/opt/sphenix/core/geant4.10.07.p04/share/Geant4-10.7.4/data/RealSurface2.2
FC=/cvmfs/sphenix.sdcc.bnl.gov/alma9.2-gcc-14.2.0/opt/sphenix/core/gcc/14.2.0-2f0a0/x86_64-el9/bin/gfortran
G4ABLADATA=/cvmfs/sphenix.sdcc.bnl.gov/alma9.2-gcc-14.2.0/opt/sphenix/core/geant4.10.07.p04/share/Geant4-10.7.4/data/G4ABLA3.1
PARASOFT=doesnotexist
TMP=/tmp
OPT_UTILS=/cvmfs/sphenix.sdcc.bnl.gov/alma9.2-gcc-14.2.0/opt/sphenix/utils
CONFIG_SITE=/cvmfs/sphenix.sdcc.bnl.gov/alma9.2-gcc-14.2.0/opt/sphenix/core/etc/config.site
PATH=/sphenix/user/samfred/run25/install//bin:/cvmfs/sphenix.sdcc.bnl.gov/alma9.2-gcc-14.2.0/opt/sphenix/core/gcc/14.2.0-2f0a0/x86_64-el9/bin:/cvmfs/sphenix.sdcc.bnl.gov/alma9.2-gcc-14.2.0/opt/sphenix/core/binutils/2.40-acaab/x86_64-el9/bin:.:/cvmfs/sphenix.sdcc.bnl.gov/alma9.2-gcc-14.2.0/release/release_new/new.10/bin:/cvmfs/sphenix.sdcc.bnl.gov/alma9.2-gcc-14.2.0/opt/sphenix/utils/bin:/cvmfs/sphenix.sdcc.bnl.gov/alma9.2-gcc-14.2.0/opt/sphenix/core/bin:/cvmfs/sphenix.sdcc.bnl.gov/alma9.2-gcc-14.2.0/opt/sphenix/core/root-6.32.06/bin:/cvmfs/sphenix.sdcc.bnl.gov/alma9.2-gcc-14.2.0/opt/sphenix/core/geant4.10.07.p04/bin:/usr/local/bin:/usr/bin:/usr/local/sbin:/usr/sbin
G4LEVELGAMMADATA=/cvmfs/sphenix.sdcc.bnl.gov/alma9.2-gcc-14.2.0/opt/sphenix/core/geant4.10.07.p04/share/Geant4-10.7.4/data/PhotonEvaporation5.7
CC=/cvmfs/sphenix.sdcc.bnl.gov/alma9.2-gcc-14.2.0/opt/sphenix/core/gcc/14.2.0-2f0a0/x86_64-el9/bin/gcc
G4RADIOACTIVEDATA=/cvmfs/sphenix.sdcc.bnl.gov/alma9.2-gcc-14.2.0/opt/sphenix/core/geant4.10.07.p04/share/Geant4-10.7.4/data/RadioactiveDecay5.6
JULIA_NUM_THREADS=1
MKL_NUM_THREADS=1
LHAPDF_DATA_PATH=/cvmfs/sphenix.sdcc.bnl.gov/alma9.2-gcc-14.2.0/release/release_new/new.10/share/LHAPDF
XPLOAD_CONFIG_DIR=/cvmfs/sphenix.sdcc.bnl.gov/alma9.2-gcc-14.2.0/opt/sphenix/core/etc
OLDPWD=/cvmfs/sphenix.sdcc.bnl.gov/alma9.2-gcc-14.2.0/release/release_new/new.10/geant4
_=/usr/bin/printenv
runnumber...
50493
trigger...

   ------------------------------------------------------------------
  | Welcome to ROOT 6.32.06                        https://root.cern |
  | (c) 1995-2024, The ROOT Team; conception: R. Brun, F. Rademakers |
  | Built for linuxx8664gcc on Dec 13 2024, 17:23:48                 |
  | From tags/6-32-06@6-32-06                                        |
  | With g++ (GCC) 14.2.0                                            |
  | Try '.help'/'.?', '.demo', '.license', '.credits', '.quit'/'.q'  |
   ------------------------------------------------------------------


Processing data_histmaker.C(50493)...
entry 0/5333562 (0%)
entry 5000/5333562 (0.093746%)
entry 7000/5333562 (0.131244%)
entry 10000/5333562 (0.187492%)
entry 11000/5333562 (0.206241%)
entry 12000/5333562 (0.22499%)
entry 13000/5333562 (0.24374%)
entry 14000/5333562 (0.262489%)
entry 27000/5333562 (0.506228%)
entry 32000/5333562 (0.599974%)
entry 33000/5333562 (0.618723%)
entry 39000/5333562 (0.731219%)
entry 41000/5333562 (0.768717%)
entry 42000/5333562 (0.787466%)
entry 45000/5333562 (0.843714%)
entry 47000/5333562 (0.881212%)
entry 49000/5333562 (0.918711%)
entry 54000/5333562 (1.01246%)
entry 58000/5333562 (1.08745%)
entry 61000/5333562 (1.1437%)
entry 64000/5333562 (1.19995%)
entry 65000/5333562 (1.2187%)
entry 69000/5333562 (1.29369%)
entry 70000/5333562 (1.31244%)
entry 74000/5333562 (1.38744%)
entry 76000/5333562 (1.42494%)
entry 81000/5333562 (1.51868%)
entry 82000/5333562 (1.53743%)
entry 87000/5333562 (1.63118%)
entry 95000/5333562 (1.78117%)
entry 96000/5333562 (1.79992%)
entry 104000/5333562 (1.94992%)
entry 113000/5333562 (2.11866%)
entry 116000/5333562 (2.17491%)
entry 121000/5333562 (2.26865%)
entry 123000/5333562 (2.30615%)
entry 125000/5333562 (2.34365%)
entry 128000/5333562 (2.3999%)
entry 131000/5333562 (2.45614%)
entry 135000/5333562 (2.53114%)
entry 136000/5333562 (2.54989%)
entry 137000/5333562 (2.56864%)
entry 142000/5333562 (2.66239%)
entry 144000/5333562 (2.69988%)
entry 151000/5333562 (2.83113%)
entry 154000/5333562 (2.88738%)
entry 162000/5333562 (3.03737%)
entry 174000/5333562 (3.26236%)
entry 176000/5333562 (3.29986%)
entry 177000/5333562 (3.31861%)
entry 179000/5333562 (3.35611%)
entry 180000/5333562 (3.37486%)
entry 181000/5333562 (3.3936%)
entry 182000/5333562 (3.41235%)
entry 183000/5333562 (3.4311%)
entry 184000/5333562 (3.44985%)
entry 186000/5333562 (3.48735%)
entry 187000/5333562 (3.5061%)
entry 190000/5333562 (3.56235%)
entry 193000/5333562 (3.6186%)
entry 194000/5333562 (3.63734%)
entry 198000/5333562 (3.71234%)
entry 199000/5333562 (3.73109%)
entry 200000/5333562 (3.74984%)
entry 203000/5333562 (3.80609%)
entry 204000/5333562 (3.82484%)
entry 206000/5333562 (3.86233%)
entry 211000/5333562 (3.95608%)
entry 213000/5333562 (3.99358%)
entry 221000/5333562 (4.14357%)
entry 224000/5333562 (4.19982%)
entry 225000/5333562 (4.21857%)
entry 227000/5333562 (4.25607%)
entry 229000/5333562 (4.29357%)
entry 234000/5333562 (4.38731%)
entry 235000/5333562 (4.40606%)
entry 236000/5333562 (4.42481%)
entry 240000/5333562 (4.49981%)
entry 244000/5333562 (4.5748%)
entry 245000/5333562 (4.59355%)
entry 246000/5333562 (4.6123%)
entry 248000/5333562 (4.6498%)
entry 250000/5333562 (4.6873%)
entry 251000/5333562 (4.70605%)
entry 259000/5333562 (4.85604%)
entry 260000/5333562 (4.87479%)
entry 263000/5333562 (4.93104%)
entry 267000/5333562 (5.00604%)
entry 268000/5333562 (5.02478%)
entry 271000/5333562 (5.08103%)
entry 272000/5333562 (5.09978%)
entry 275000/5333562 (5.15603%)
entry 276000/5333562 (5.17478%)
entry 280000/5333562 (5.24977%)
entry 290000/5333562 (5.43727%)
entry 292000/5333562 (5.47477%)
entry 293000/5333562 (5.49351%)
entry 295000/5333562 (5.53101%)
entry 296000/5333562 (5.54976%)
entry 297000/5333562 (5.56851%)
entry 300000/5333562 (5.62476%)
entry 303000/5333562 (5.68101%)
entry 304000/5333562 (5.69976%)
entry 305000/5333562 (5.7185%)
entry 307000/5333562 (5.756%)
entry 309000/5333562 (5.7935%)
entry 312000/5333562 (5.84975%)
entry 318000/5333562 (5.96224%)
entry 321000/5333562 (6.01849%)
entry 322000/5333562 (6.03724%)
entry 325000/5333562 (6.09349%)
entry 327000/5333562 (6.13099%)
entry 330000/5333562 (6.18723%)
entry 337000/5333562 (6.31848%)
entry 339000/5333562 (6.35598%)
entry 341000/5333562 (6.39348%)
entry 344000/5333562 (6.44972%)
entry 345000/5333562 (6.46847%)
entry 346000/5333562 (6.48722%)
entry 353000/5333562 (6.61847%)
entry 355000/5333562 (6.65596%)
entry 357000/5333562 (6.69346%)
entry 359000/5333562 (6.73096%)
entry 364000/5333562 (6.82471%)
entry 366000/5333562 (6.86221%)
entry 367000/5333562 (6.88095%)
entry 369000/5333562 (6.91845%)
entry 376000/5333562 (7.0497%)
entry 379000/5333562 (7.10595%)
entry 385000/5333562 (7.21844%)
entry 386000/5333562 (7.23719%)
entry 391000/5333562 (7.33094%)
entry 392000/5333562 (7.34968%)
entry 394000/5333562 (7.38718%)
entry 397000/5333562 (7.44343%)
entry 399000/5333562 (7.48093%)
entry 400000/5333562 (7.49968%)
entry 401000/5333562 (7.51843%)
entry 402000/5333562 (7.53718%)
entry 403000/5333562 (7.55593%)
entry 408000/5333562 (7.64967%)
entry 414000/5333562 (7.76217%)
entry 415000/5333562 (7.78092%)
entry 416000/5333562 (7.79967%)
entry 417000/5333562 (7.81842%)
entry 419000/5333562 (7.85591%)
entry 422000/5333562 (7.91216%)
entry 424000/5333562 (7.94966%)
entry 426000/5333562 (7.98716%)
entry 427000/5333562 (8.00591%)
entry 433000/5333562 (8.1184%)
entry 434000/5333562 (8.13715%)
entry 436000/5333562 (8.17465%)
entry 438000/5333562 (8.21215%)
entry 444000/5333562 (8.32464%)
entry 446000/5333562 (8.36214%)
entry 448000/5333562 (8.39964%)
entry 451000/5333562 (8.45589%)
entry 454000/5333562 (8.51213%)
entry 455000/5333562 (8.53088%)
entry 459000/5333562 (8.60588%)
entry 460000/5333562 (8.62463%)
entry 462000/5333562 (8.66213%)
entry 465000/5333562 (8.71838%)
entry 468000/5333562 (8.77462%)
entry 470000/5333562 (8.81212%)
entry 474000/5333562 (8.88712%)
entry 478000/5333562 (8.96212%)
entry 482000/5333562 (9.03711%)
entry 484000/5333562 (9.07461%)
entry 489000/5333562 (9.16836%)
entry 491000/5333562 (9.20586%)
entry 496000/5333562 (9.2996%)
entry 505000/5333562 (9.46834%)
entry 515000/5333562 (9.65584%)
entry 518000/5333562 (9.71208%)
entry 519000/5333562 (9.73083%)
entry 521000/5333562 (9.76833%)
entry 523000/5333562 (9.80583%)
entry 529000/5333562 (9.91832%)
entry 532000/5333562 (9.97457%)
entry 538000/5333562 (10.0871%)
entry 541000/5333562 (10.1433%)
entry 546000/5333562 (10.2371%)
entry 550000/5333562 (10.3121%)
entry 557000/5333562 (10.4433%)
entry 564000/5333562 (10.5745%)
entry 565000/5333562 (10.5933%)
entry 568000/5333562 (10.6495%)
entry 573000/5333562 (10.7433%)
entry 574000/5333562 (10.762%)
entry 577000/5333562 (10.8183%)
entry 590000/5333562 (11.062%)
entry 591000/5333562 (11.0808%)
entry 595000/5333562 (11.1558%)
entry 596000/5333562 (11.1745%)
entry 597000/5333562 (11.1933%)
entry 598000/5333562 (11.212%)
entry 601000/5333562 (11.2683%)
entry 607000/5333562 (11.3808%)
entry 608000/5333562 (11.3995%)
entry 609000/5333562 (11.4183%)
entry 615000/5333562 (11.5308%)
entry 619000/5333562 (11.6058%)
entry 620000/5333562 (11.6245%)
entry 623000/5333562 (11.6807%)
entry 625000/5333562 (11.7182%)
entry 628000/5333562 (11.7745%)
entry 629000/5333562 (11.7932%)
entry 630000/5333562 (11.812%)
entry 632000/5333562 (11.8495%)
entry 637000/5333562 (11.9432%)
entry 639000/5333562 (11.9807%)
entry 644000/5333562 (12.0745%)
entry 645000/5333562 (12.0932%)
entry 648000/5333562 (12.1495%)
entry 649000/5333562 (12.1682%)
entry 652000/5333562 (12.2245%)
entry 660000/5333562 (12.3745%)
entry 661000/5333562 (12.3932%)
entry 662000/5333562 (12.412%)
entry 665000/5333562 (12.4682%)
entry 667000/5333562 (12.5057%)
entry 668000/5333562 (12.5245%)
entry 672000/5333562 (12.5995%)
entry 673000/5333562 (12.6182%)
entry 674000/5333562 (12.637%)
entry 676000/5333562 (12.6745%)
entry 677000/5333562 (12.6932%)
entry 678000/5333562 (12.712%)
entry 680000/5333562 (12.7495%)
entry 697000/5333562 (13.0682%)
entry 701000/5333562 (13.1432%)
entry 703000/5333562 (13.1807%)
entry 705000/5333562 (13.2182%)
entry 706000/5333562 (13.2369%)
entry 709000/5333562 (13.2932%)
entry 710000/5333562 (13.3119%)
entry 712000/5333562 (13.3494%)
entry 713000/5333562 (13.3682%)
entry 714000/5333562 (13.3869%)
entry 718000/5333562 (13.4619%)
entry 729000/5333562 (13.6682%)
entry 730000/5333562 (13.6869%)
entry 731000/5333562 (13.7057%)
entry 732000/5333562 (13.7244%)
entry 733000/5333562 (13.7432%)
entry 737000/5333562 (13.8182%)
entry 740000/5333562 (13.8744%)
entry 741000/5333562 (13.8932%)
entry 742000/5333562 (13.9119%)
entry 743000/5333562 (13.9307%)
entry 747000/5333562 (14.0056%)
entry 755000/5333562 (14.1556%)
entry 756000/5333562 (14.1744%)
entry 760000/5333562 (14.2494%)
entry 765000/5333562 (14.3431%)
entry 766000/5333562 (14.3619%)
entry 769000/5333562 (14.4181%)
entry 770000/5333562 (14.4369%)
entry 776000/5333562 (14.5494%)
entry 779000/5333562 (14.6056%)
entry 782000/5333562 (14.6619%)
entry 783000/5333562 (14.6806%)
entry 788000/5333562 (14.7744%)
entry 796000/5333562 (14.9244%)
entry 800000/5333562 (14.9994%)
entry 802000/5333562 (15.0369%)
entry 803000/5333562 (15.0556%)
entry 807000/5333562 (15.1306%)
entry 809000/5333562 (15.1681%)
entry 810000/5333562 (15.1868%)
entry 814000/5333562 (15.2618%)
entry 816000/5333562 (15.2993%)
entry 820000/5333562 (15.3743%)
entry 822000/5333562 (15.4118%)
entry 823000/5333562 (15.4306%)
entry 827000/5333562 (15.5056%)
entry 828000/5333562 (15.5243%)
entry 830000/5333562 (15.5618%)
entry 833000/5333562 (15.6181%)
entry 836000/5333562 (15.6743%)
entry 841000/5333562 (15.7681%)
entry 843000/5333562 (15.8056%)
entry 845000/5333562 (15.8431%)
entry 846000/5333562 (15.8618%)
entry 847000/5333562 (15.8806%)
entry 852000/5333562 (15.9743%)
entry 865000/5333562 (16.2181%)
entry 869000/5333562 (16.2931%)
entry 871000/5333562 (16.3305%)
entry 872000/5333562 (16.3493%)
entry 876000/5333562 (16.4243%)
entry 877000/5333562 (16.443%)
entry 878000/5333562 (16.4618%)
entry 888000/5333562 (16.6493%)
entry 889000/5333562 (16.668%)
entry 893000/5333562 (16.743%)
entry 894000/5333562 (16.7618%)
entry 898000/5333562 (16.8368%)
entry 901000/5333562 (16.893%)
entry 904000/5333562 (16.9493%)
entry 905000/5333562 (16.968%)
entry 906000/5333562 (16.9868%)
entry 911000/5333562 (17.0805%)
entry 913000/5333562 (17.118%)
entry 919000/5333562 (17.2305%)
entry 921000/5333562 (17.268%)
entry 931000/5333562 (17.4555%)
entry 932000/5333562 (17.4743%)
entry 933000/5333562 (17.493%)
entry 934000/5333562 (17.5117%)
entry 937000/5333562 (17.568%)
entry 938000/5333562 (17.5867%)
entry 939000/5333562 (17.6055%)
entry 940000/5333562 (17.6242%)
entry 947000/5333562 (17.7555%)
entry 949000/5333562 (17.793%)
entry 950000/5333562 (17.8117%)
entry 952000/5333562 (17.8492%)
entry 958000/5333562 (17.9617%)
entry 960000/5333562 (17.9992%)
entry 961000/5333562 (18.018%)
entry 963000/5333562 (18.0555%)
entry 970000/5333562 (18.1867%)
entry 971000/5333562 (18.2055%)
entry 976000/5333562 (18.2992%)
entry 982000/5333562 (18.4117%)
entry 983000/5333562 (18.4305%)
entry 984000/5333562 (18.4492%)
entry 998000/5333562 (18.7117%)
entry 1004000/5333562 (18.8242%)
entry 1005000/5333562 (18.8429%)
entry 1007000/5333562 (18.8804%)
entry 1008000/5333562 (18.8992%)
entry 1009000/5333562 (18.9179%)
entry 1012000/5333562 (18.9742%)
entry 1013000/5333562 (18.9929%)
entry 1015000/5333562 (19.0304%)
entry 1016000/5333562 (19.0492%)
entry 1017000/5333562 (19.0679%)
entry 1018000/5333562 (19.0867%)
entry 1020000/5333562 (19.1242%)
entry 1021000/5333562 (19.1429%)
entry 1023000/5333562 (19.1804%)
entry 1029000/5333562 (19.2929%)
entry 1030000/5333562 (19.3117%)
entry 1032000/5333562 (19.3492%)
entry 1033000/5333562 (19.3679%)
entry 1035000/5333562 (19.4054%)
entry 1038000/5333562 (19.4617%)
entry 1039000/5333562 (19.4804%)
entry 1040000/5333562 (19.4992%)
entry 1042000/5333562 (19.5367%)
entry 1044000/5333562 (19.5742%)
entry 1057000/5333562 (19.8179%)
entry 1060000/5333562 (19.8741%)
entry 1061000/5333562 (19.8929%)
entry 1062000/5333562 (19.9116%)
entry 1064000/5333562 (19.9491%)
entry 1065000/5333562 (19.9679%)
entry 1067000/5333562 (20.0054%)
entry 1069000/5333562 (20.0429%)
entry 1073000/5333562 (20.1179%)
entry 1074000/5333562 (20.1366%)
entry 1077000/5333562 (20.1929%)
entry 1078000/5333562 (20.2116%)
entry 1086000/5333562 (20.3616%)
entry 1087000/5333562 (20.3804%)
entry 1089000/5333562 (20.4179%)
entry 1092000/5333562 (20.4741%)
entry 1094000/5333562 (20.5116%)
entry 1095000/5333562 (20.5304%)
entry 1098000/5333562 (20.5866%)
entry 1099000/5333562 (20.6054%)
entry 1101000/5333562 (20.6429%)
entry 1102000/5333562 (20.6616%)
entry 1107000/5333562 (20.7554%)
entry 1109000/5333562 (20.7929%)
entry 1128000/5333562 (21.1491%)
entry 1133000/5333562 (21.2428%)
entry 1134000/5333562 (21.2616%)
entry 1142000/5333562 (21.4116%)
entry 1146000/5333562 (21.4866%)
entry 1148000/5333562 (21.5241%)
entry 1150000/5333562 (21.5616%)
entry 1151000/5333562 (21.5803%)
entry 1153000/5333562 (21.6178%)
entry 1156000/5333562 (21.6741%)
entry 1157000/5333562 (21.6928%)
entry 1158000/5333562 (21.7116%)
entry 1159000/5333562 (21.7303%)
entry 1160000/5333562 (21.7491%)
entry 1163000/5333562 (21.8053%)
entry 1165000/5333562 (21.8428%)
entry 1169000/5333562 (21.9178%)
entry 1170000/5333562 (21.9366%)
entry 1172000/5333562 (21.9741%)
entry 1175000/5333562 (22.0303%)
entry 1177000/5333562 (22.0678%)
entry 1178000/5333562 (22.0866%)
entry 1179000/5333562 (22.1053%)
entry 1180000/5333562 (22.1241%)
entry 1182000/5333562 (22.1615%)
entry 1185000/5333562 (22.2178%)
entry 1188000/5333562 (22.274%)
entry 1190000/5333562 (22.3115%)
entry 1193000/5333562 (22.3678%)
entry 1198000/5333562 (22.4615%)
entry 1201000/5333562 (22.5178%)
entry 1202000/5333562 (22.5365%)
entry 1206000/5333562 (22.6115%)
entry 1209000/5333562 (22.6678%)
entry 1211000/5333562 (22.7053%)
entry 1213000/5333562 (22.7428%)
entry 1214000/5333562 (22.7615%)
entry 1215000/5333562 (22.7803%)
entry 1218000/5333562 (22.8365%)
entry 1219000/5333562 (22.8553%)
entry 1231000/5333562 (23.0803%)
entry 1233000/5333562 (23.1178%)
entry 1234000/5333562 (23.1365%)
entry 1236000/5333562 (23.174%)
entry 1238000/5333562 (23.2115%)
entry 1241000/5333562 (23.2678%)
entry 1246000/5333562 (23.3615%)
entry 1251000/5333562 (23.4552%)
entry 1255000/5333562 (23.5302%)
entry 1260000/5333562 (23.624%)
entry 1261000/5333562 (23.6427%)
entry 1264000/5333562 (23.699%)
entry 1266000/5333562 (23.7365%)
entry 1269000/5333562 (23.7927%)
entry 1274000/5333562 (23.8865%)
entry 1275000/5333562 (23.9052%)
entry 1279000/5333562 (23.9802%)
entry 1280000/5333562 (23.999%)
entry 1284000/5333562 (24.074%)
entry 1286000/5333562 (24.1115%)
entry 1291000/5333562 (24.2052%)
entry 1292000/5333562 (24.224%)
entry 1293000/5333562 (24.2427%)
entry 1300000/5333562 (24.374%)
entry 1301000/5333562 (24.3927%)
entry 1307000/5333562 (24.5052%)
entry 1310000/5333562 (24.5614%)
entry 1313000/5333562 (24.6177%)
entry 1321000/5333562 (24.7677%)
entry 1322000/5333562 (24.7864%)
entry 1326000/5333562 (24.8614%)
entry 1343000/5333562 (25.1802%)
entry 1344000/5333562 (25.1989%)
entry 1350000/5333562 (25.3114%)
entry 1351000/5333562 (25.3302%)
entry 1352000/5333562 (25.3489%)
entry 1353000/5333562 (25.3677%)
entry 1357000/5333562 (25.4427%)
entry 1364000/5333562 (25.5739%)
entry 1368000/5333562 (25.6489%)
entry 1372000/5333562 (25.7239%)
entry 1375000/5333562 (25.7801%)
entry 1378000/5333562 (25.8364%)
entry 1384000/5333562 (25.9489%)
entry 1388000/5333562 (26.0239%)
entry 1396000/5333562 (26.1739%)
entry 1399000/5333562 (26.2301%)
entry 1400000/5333562 (26.2489%)
entry 1404000/5333562 (26.3239%)
entry 1405000/5333562 (26.3426%)
entry 1408000/5333562 (26.3989%)
entry 1415000/5333562 (26.5301%)
entry 1424000/5333562 (26.6989%)
entry 1425000/5333562 (26.7176%)
entry 1427000/5333562 (26.7551%)
entry 1429000/5333562 (26.7926%)
entry 1436000/5333562 (26.9238%)
entry 1442000/5333562 (27.0363%)
entry 1443000/5333562 (27.0551%)
entry 1447000/5333562 (27.1301%)
entry 1451000/5333562 (27.2051%)
entry 1454000/5333562 (27.2613%)
entry 1460000/5333562 (27.3738%)
entry 1468000/5333562 (27.5238%)
entry 1471000/5333562 (27.5801%)
entry 1474000/5333562 (27.6363%)
entry 1475000/5333562 (27.6551%)
entry 1476000/5333562 (27.6738%)
entry 1479000/5333562 (27.7301%)
entry 1484000/5333562 (27.8238%)
entry 1485000/5333562 (27.8426%)
entry 1487000/5333562 (27.8801%)
entry 1494000/5333562 (28.0113%)
entry 1495000/5333562 (28.03%)
entry 1500000/5333562 (28.1238%)
entry 1502000/5333562 (28.1613%)
entry 1507000/5333562 (28.255%)
entry 1510000/5333562 (28.3113%)
entry 1514000/5333562 (28.3863%)
entry 1517000/5333562 (28.4425%)
entry 1518000/5333562 (28.4613%)
entry 1522000/5333562 (28.5363%)
entry 1527000/5333562 (28.63%)
entry 1529000/5333562 (28.6675%)
entry 1530000/5333562 (28.6863%)
entry 1539000/5333562 (28.855%)
entry 1541000/5333562 (28.8925%)
entry 1542000/5333562 (28.9113%)
entry 1546000/5333562 (28.9863%)
entry 1547000/5333562 (29.005%)
entry 1548000/5333562 (29.0238%)
entry 1551000/5333562 (29.08%)
entry 1552000/5333562 (29.0988%)
entry 1553000/5333562 (29.1175%)
entry 1557000/5333562 (29.1925%)
entry 1561000/5333562 (29.2675%)
entry 1562000/5333562 (29.2862%)
entry 1567000/5333562 (29.38%)
entry 1569000/5333562 (29.4175%)
entry 1573000/5333562 (29.4925%)
entry 1580000/5333562 (29.6237%)
entry 1581000/5333562 (29.6425%)
entry 1586000/5333562 (29.7362%)
entry 1588000/5333562 (29.7737%)
entry 1608000/5333562 (30.1487%)
entry 1611000/5333562 (30.205%)
entry 1612000/5333562 (30.2237%)
entry 1618000/5333562 (30.3362%)
entry 1627000/5333562 (30.5049%)
entry 1629000/5333562 (30.5424%)
entry 1632000/5333562 (30.5987%)
entry 1634000/5333562 (30.6362%)
entry 1636000/5333562 (30.6737%)
entry 1640000/5333562 (30.7487%)
entry 1641000/5333562 (30.7674%)
entry 1643000/5333562 (30.8049%)
entry 1644000/5333562 (30.8237%)
entry 1645000/5333562 (30.8424%)
entry 1648000/5333562 (30.8987%)
entry 1649000/5333562 (30.9174%)
entry 1651000/5333562 (30.9549%)
entry 1653000/5333562 (30.9924%)
entry 1656000/5333562 (31.0487%)
entry 1657000/5333562 (31.0674%)
entry 1658000/5333562 (31.0862%)
entry 1661000/5333562 (31.1424%)
entry 1662000/5333562 (31.1612%)
entry 1664000/5333562 (31.1987%)
entry 1671000/5333562 (31.3299%)
entry 1673000/5333562 (31.3674%)
entry 1683000/5333562 (31.5549%)
entry 1684000/5333562 (31.5736%)
entry 1688000/5333562 (31.6486%)
entry 1693000/5333562 (31.7424%)
entry 1694000/5333562 (31.7611%)
entry 1695000/5333562 (31.7799%)
entry 1697000/5333562 (31.8174%)
entry 1698000/5333562 (31.8361%)
entry 1699000/5333562 (31.8549%)
entry 1700000/5333562 (31.8736%)
entry 1704000/5333562 (31.9486%)
entry 1706000/5333562 (31.9861%)
entry 1709000/5333562 (32.0424%)
entry 1710000/5333562 (32.0611%)
entry 1712000/5333562 (32.0986%)
entry 1714000/5333562 (32.1361%)
entry 1716000/5333562 (32.1736%)
entry 1719000/5333562 (32.2299%)
entry 1720000/5333562 (32.2486%)
entry 1721000/5333562 (32.2674%)
entry 1723000/5333562 (32.3049%)
entry 1729000/5333562 (32.4174%)
entry 1731000/5333562 (32.4549%)
entry 1733000/5333562 (32.4924%)
entry 1734000/5333562 (32.5111%)
entry 1735000/5333562 (32.5299%)
entry 1741000/5333562 (32.6423%)
entry 1742000/5333562 (32.6611%)
entry 1751000/5333562 (32.8298%)
entry 1755000/5333562 (32.9048%)
entry 1760000/5333562 (32.9986%)
entry 1761000/5333562 (33.0173%)
entry 1765000/5333562 (33.0923%)
entry 1766000/5333562 (33.1111%)
entry 1767000/5333562 (33.1298%)
entry 1770000/5333562 (33.1861%)
entry 1771000/5333562 (33.2048%)
entry 1772000/5333562 (33.2236%)
entry 1774000/5333562 (33.2611%)
entry 1775000/5333562 (33.2798%)
entry 1777000/5333562 (33.3173%)
entry 1784000/5333562 (33.4486%)
entry 1786000/5333562 (33.4861%)
entry 1789000/5333562 (33.5423%)
entry 1794000/5333562 (33.6361%)
entry 1797000/5333562 (33.6923%)
entry 1798000/5333562 (33.7111%)
entry 1799000/5333562 (33.7298%)
entry 1802000/5333562 (33.7861%)
entry 1806000/5333562 (33.861%)
entry 1807000/5333562 (33.8798%)
entry 1809000/5333562 (33.9173%)
entry 1810000/5333562 (33.936%)
entry 1811000/5333562 (33.9548%)
entry 1819000/5333562 (34.1048%)
entry 1824000/5333562 (34.1985%)
entry 1825000/5333562 (34.2173%)
entry 1826000/5333562 (34.236%)
entry 1827000/5333562 (34.2548%)
entry 1828000/5333562 (34.2735%)
entry 1830000/5333562 (34.311%)
entry 1832000/5333562 (34.3485%)
entry 1833000/5333562 (34.3673%)
entry 1835000/5333562 (34.4048%)
entry 1838000/5333562 (34.461%)
entry 1841000/5333562 (34.5173%)
entry 1844000/5333562 (34.5735%)
entry 1845000/5333562 (34.5923%)
entry 1846000/5333562 (34.611%)
entry 1847000/5333562 (34.6298%)
entry 1848000/5333562 (34.6485%)
entry 1851000/5333562 (34.7048%)
entry 1852000/5333562 (34.7235%)
entry 1856000/5333562 (34.7985%)
entry 1857000/5333562 (34.8173%)
entry 1859000/5333562 (34.8548%)
entry 1860000/5333562 (34.8735%)
entry 1863000/5333562 (34.9298%)
entry 1865000/5333562 (34.9672%)
entry 1866000/5333562 (34.986%)
entry 1868000/5333562 (35.0235%)
entry 1869000/5333562 (35.0422%)
entry 1871000/5333562 (35.0797%)
entry 1873000/5333562 (35.1172%)
entry 1884000/5333562 (35.3235%)
entry 1893000/5333562 (35.4922%)
entry 1895000/5333562 (35.5297%)
entry 1899000/5333562 (35.6047%)
entry 1903000/5333562 (35.6797%)
entry 1906000/5333562 (35.736%)
entry 1909000/5333562 (35.7922%)
entry 1910000/5333562 (35.811%)
entry 1912000/5333562 (35.8485%)
entry 1914000/5333562 (35.886%)
entry 1918000/5333562 (35.961%)
entry 1926000/5333562 (36.111%)
entry 1930000/5333562 (36.1859%)
entry 1931000/5333562 (36.2047%)
entry 1932000/5333562 (36.2234%)
entry 1935000/5333562 (36.2797%)
entry 1947000/5333562 (36.5047%)
entry 1949000/5333562 (36.5422%)
entry 1952000/5333562 (36.5984%)
entry 1954000/5333562 (36.6359%)
entry 1955000/5333562 (36.6547%)
entry 1960000/5333562 (36.7484%)
entry 1966000/5333562 (36.8609%)
entry 1968000/5333562 (36.8984%)
entry 1969000/5333562 (36.9172%)
entry 1970000/5333562 (36.9359%)
entry 1971000/5333562 (36.9547%)
entry 1972000/5333562 (36.9734%)
entry 1973000/5333562 (36.9922%)
entry 1976000/5333562 (37.0484%)
entry 1979000/5333562 (37.1047%)
entry 1980000/5333562 (37.1234%)
entry 1981000/5333562 (37.1422%)
entry 1983000/5333562 (37.1797%)
entry 1990000/5333562 (37.3109%)
entry 1992000/5333562 (37.3484%)
entry 1994000/5333562 (37.3859%)
entry 1995000/5333562 (37.4046%)
entry 1996000/5333562 (37.4234%)
entry 1998000/5333562 (37.4609%)
entry 2001000/5333562 (37.5171%)
entry 2003000/5333562 (37.5546%)
entry 2004000/5333562 (37.5734%)
entry 2005000/5333562 (37.5921%)
entry 2007000/5333562 (37.6296%)
entry 2010000/5333562 (37.6859%)
entry 2012000/5333562 (37.7234%)
entry 2017000/5333562 (37.8171%)
entry 2022000/5333562 (37.9109%)
entry 2023000/5333562 (37.9296%)
entry 2026000/5333562 (37.9859%)
entry 2028000/5333562 (38.0234%)
entry 2029000/5333562 (38.0421%)
entry 2041000/5333562 (38.2671%)
entry 2042000/5333562 (38.2859%)
entry 2045000/5333562 (38.3421%)
entry 2048000/5333562 (38.3984%)
entry 2050000/5333562 (38.4359%)
entry 2051000/5333562 (38.4546%)
entry 2052000/5333562 (38.4733%)
entry 2057000/5333562 (38.5671%)
entry 2058000/5333562 (38.5858%)
entry 2066000/5333562 (38.7358%)
entry 2072000/5333562 (38.8483%)
entry 2075000/5333562 (38.9046%)
entry 2078000/5333562 (38.9608%)
entry 2081000/5333562 (39.0171%)
entry 2082000/5333562 (39.0358%)
entry 2083000/5333562 (39.0546%)
entry 2087000/5333562 (39.1296%)
entry 2090000/5333562 (39.1858%)
entry 2092000/5333562 (39.2233%)
entry 2093000/5333562 (39.2421%)
entry 2094000/5333562 (39.2608%)
entry 2099000/5333562 (39.3546%)
entry 2101000/5333562 (39.3921%)
entry 2105000/5333562 (39.4671%)
entry 2106000/5333562 (39.4858%)
entry 2107000/5333562 (39.5046%)
entry 2110000/5333562 (39.5608%)
entry 2112000/5333562 (39.5983%)
entry 2113000/5333562 (39.6171%)
entry 2114000/5333562 (39.6358%)
entry 2120000/5333562 (39.7483%)
entry 2124000/5333562 (39.8233%)
entry 2127000/5333562 (39.8795%)
entry 2130000/5333562 (39.9358%)
entry 2132000/5333562 (39.9733%)
entry 2133000/5333562 (39.992%)
entry 2134000/5333562 (40.0108%)
entry 2137000/5333562 (40.067%)
entry 2139000/5333562 (40.1045%)
entry 2149000/5333562 (40.292%)
entry 2153000/5333562 (40.367%)
entry 2154000/5333562 (40.3858%)
entry 2159000/5333562 (40.4795%)
entry 2160000/5333562 (40.4983%)
entry 2162000/5333562 (40.5358%)
entry 2165000/5333562 (40.592%)
entry 2166000/5333562 (40.6108%)
entry 2168000/5333562 (40.6483%)
entry 2169000/5333562 (40.667%)
entry 2170000/5333562 (40.6858%)
entry 2172000/5333562 (40.7233%)
entry 2173000/5333562 (40.742%)
entry 2174000/5333562 (40.7608%)
entry 2179000/5333562 (40.8545%)
entry 2180000/5333562 (40.8732%)
entry 2182000/5333562 (40.9107%)
entry 2183000/5333562 (40.9295%)
entry 2188000/5333562 (41.0232%)
entry 2193000/5333562 (41.117%)
entry 2197000/5333562 (41.192%)
entry 2198000/5333562 (41.2107%)
entry 2199000/5333562 (41.2295%)
entry 2203000/5333562 (41.3045%)
entry 2204000/5333562 (41.3232%)
entry 2205000/5333562 (41.342%)
entry 2210000/5333562 (41.4357%)
entry 2211000/5333562 (41.4545%)
entry 2214000/5333562 (41.5107%)
entry 2217000/5333562 (41.567%)
entry 2218000/5333562 (41.5857%)
entry 2220000/5333562 (41.6232%)
entry 2226000/5333562 (41.7357%)
entry 2232000/5333562 (41.8482%)
entry 2234000/5333562 (41.8857%)
entry 2235000/5333562 (41.9045%)
entry 2240000/5333562 (41.9982%)
entry 2244000/5333562 (42.0732%)
entry 2245000/5333562 (42.0919%)
entry 2248000/5333562 (42.1482%)
entry 2249000/5333562 (42.1669%)
entry 2250000/5333562 (42.1857%)
entry 2253000/5333562 (42.2419%)
entry 2258000/5333562 (42.3357%)
entry 2262000/5333562 (42.4107%)
entry 2264000/5333562 (42.4482%)
entry 2267000/5333562 (42.5044%)
entry 2271000/5333562 (42.5794%)
entry 2272000/5333562 (42.5982%)
entry 2273000/5333562 (42.6169%)
entry 2276000/5333562 (42.6732%)
entry 2277000/5333562 (42.6919%)
entry 2278000/5333562 (42.7107%)
entry 2279000/5333562 (42.7294%)
entry 2281000/5333562 (42.7669%)
entry 2282000/5333562 (42.7857%)
entry 2283000/5333562 (42.8044%)
entry 2284000/5333562 (42.8232%)
entry 2285000/5333562 (42.8419%)
entry 2286000/5333562 (42.8607%)
entry 2291000/5333562 (42.9544%)
entry 2292000/5333562 (42.9732%)
entry 2293000/5333562 (42.9919%)
entry 2302000/5333562 (43.1607%)
entry 2303000/5333562 (43.1794%)
entry 2304000/5333562 (43.1981%)
entry 2305000/5333562 (43.2169%)
entry 2309000/5333562 (43.2919%)
entry 2310000/5333562 (43.3106%)
entry 2312000/5333562 (43.3481%)
entry 2314000/5333562 (43.3856%)
entry 2317000/5333562 (43.4419%)
entry 2321000/5333562 (43.5169%)
entry 2325000/5333562 (43.5919%)
entry 2328000/5333562 (43.6481%)
entry 2332000/5333562 (43.7231%)
entry 2337000/5333562 (43.8169%)
entry 2349000/5333562 (44.0419%)
entry 2350000/5333562 (44.0606%)
entry 2353000/5333562 (44.1169%)
entry 2354000/5333562 (44.1356%)
entry 2356000/5333562 (44.1731%)
entry 2357000/5333562 (44.1919%)
entry 2358000/5333562 (44.2106%)
entry 2363000/5333562 (44.3044%)
entry 2368000/5333562 (44.3981%)
entry 2371000/5333562 (44.4543%)
entry 2372000/5333562 (44.4731%)
entry 2374000/5333562 (44.5106%)
entry 2375000/5333562 (44.5293%)
entry 2376000/5333562 (44.5481%)
entry 2380000/5333562 (44.6231%)
entry 2381000/5333562 (44.6418%)
entry 2382000/5333562 (44.6606%)
entry 2388000/5333562 (44.7731%)
entry 2392000/5333562 (44.8481%)
entry 2394000/5333562 (44.8856%)
entry 2395000/5333562 (44.9043%)
entry 2397000/5333562 (44.9418%)
entry 2398000/5333562 (44.9606%)
entry 2399000/5333562 (44.9793%)
entry 2407000/5333562 (45.1293%)
entry 2408000/5333562 (45.1481%)
entry 2409000/5333562 (45.1668%)
entry 2410000/5333562 (45.1856%)
entry 2411000/5333562 (45.2043%)
entry 2414000/5333562 (45.2606%)
entry 2415000/5333562 (45.2793%)
entry 2419000/5333562 (45.3543%)
entry 2420000/5333562 (45.3731%)
entry 2421000/5333562 (45.3918%)
entry 2424000/5333562 (45.4481%)
entry 2425000/5333562 (45.4668%)
entry 2432000/5333562 (45.598%)
entry 2435000/5333562 (45.6543%)
entry 2436000/5333562 (45.673%)
entry 2440000/5333562 (45.748%)
entry 2443000/5333562 (45.8043%)
entry 2444000/5333562 (45.823%)
entry 2445000/5333562 (45.8418%)
entry 2449000/5333562 (45.9168%)
entry 2454000/5333562 (46.0105%)
entry 2461000/5333562 (46.1418%)
entry 2463000/5333562 (46.1793%)
entry 2464000/5333562 (46.198%)
entry 2467000/5333562 (46.2543%)
entry 2471000/5333562 (46.3293%)
entry 2473000/5333562 (46.3668%)
entry 2474000/5333562 (46.3855%)
entry 2475000/5333562 (46.4043%)
entry 2479000/5333562 (46.4793%)
entry 2483000/5333562 (46.5543%)
entry 2486000/5333562 (46.6105%)
entry 2489000/5333562 (46.6668%)
entry 2494000/5333562 (46.7605%)
entry 2506000/5333562 (46.9855%)
entry 2509000/5333562 (47.0417%)
entry 2510000/5333562 (47.0605%)
entry 2511000/5333562 (47.0792%)
entry 2512000/5333562 (47.098%)
entry 2515000/5333562 (47.1542%)
entry 2518000/5333562 (47.2105%)
entry 2521000/5333562 (47.2667%)
entry 2523000/5333562 (47.3042%)
entry 2524000/5333562 (47.323%)
entry 2527000/5333562 (47.3792%)
entry 2530000/5333562 (47.4355%)
entry 2531000/5333562 (47.4542%)
entry 2536000/5333562 (47.548%)
entry 2537000/5333562 (47.5667%)
entry 2538000/5333562 (47.5855%)
entry 2543000/5333562 (47.6792%)
entry 2547000/5333562 (47.7542%)
entry 2549000/5333562 (47.7917%)
entry 2550000/5333562 (47.8105%)
entry 2552000/5333562 (47.8479%)
entry 2553000/5333562 (47.8667%)
entry 2557000/5333562 (47.9417%)
entry 2560000/5333562 (47.9979%)
entry 2564000/5333562 (48.0729%)
entry 2567000/5333562 (48.1292%)
entry 2581000/5333562 (48.3917%)
entry 2583000/5333562 (48.4292%)
entry 2586000/5333562 (48.4854%)
entry 2593000/5333562 (48.6167%)
entry 2594000/5333562 (48.6354%)
entry 2599000/5333562 (48.7292%)
entry 2603000/5333562 (48.8042%)
entry 2605000/5333562 (48.8417%)
entry 2609000/5333562 (48.9167%)
entry 2610000/5333562 (48.9354%)
entry 2611000/5333562 (48.9542%)
entry 2617000/5333562 (49.0666%)
entry 2619000/5333562 (49.1041%)
entry 2620000/5333562 (49.1229%)
entry 2621000/5333562 (49.1416%)
entry 2623000/5333562 (49.1791%)
entry 2624000/5333562 (49.1979%)
entry 2630000/5333562 (49.3104%)
entry 2642000/5333562 (49.5354%)
entry 2643000/5333562 (49.5541%)
entry 2644000/5333562 (49.5729%)
entry 2647000/5333562 (49.6291%)
entry 2652000/5333562 (49.7229%)
entry 2657000/5333562 (49.8166%)
entry 2660000/5333562 (49.8729%)
entry 2672000/5333562 (50.0979%)
entry 2673000/5333562 (50.1166%)
entry 2676000/5333562 (50.1728%)
entry 2677000/5333562 (50.1916%)
entry 2680000/5333562 (50.2478%)
entry 2683000/5333562 (50.3041%)
entry 2686000/5333562 (50.3603%)
entry 2692000/5333562 (50.4728%)
entry 2698000/5333562 (50.5853%)
entry 2699000/5333562 (50.6041%)
entry 2700000/5333562 (50.6228%)
entry 2702000/5333562 (50.6603%)
entry 2704000/5333562 (50.6978%)
entry 2705000/5333562 (50.7166%)
entry 2709000/5333562 (50.7916%)
entry 2711000/5333562 (50.8291%)
entry 2714000/5333562 (50.8853%)
entry 2715000/5333562 (50.9041%)
entry 2717000/5333562 (50.9416%)
entry 2718000/5333562 (50.9603%)
entry 2721000/5333562 (51.0166%)
entry 2722000/5333562 (51.0353%)
entry 2723000/5333562 (51.0541%)
entry 2727000/5333562 (51.1291%)
entry 2734000/5333562 (51.2603%)
entry 2736000/5333562 (51.2978%)
entry 2743000/5333562 (51.429%)
entry 2744000/5333562 (51.4478%)
entry 2754000/5333562 (51.6353%)
entry 2755000/5333562 (51.654%)
entry 2759000/5333562 (51.729%)
entry 2761000/5333562 (51.7665%)
entry 2763000/5333562 (51.804%)
entry 2765000/5333562 (51.8415%)
entry 2770000/5333562 (51.9353%)
entry 2772000/5333562 (51.9728%)
entry 2773000/5333562 (51.9915%)
entry 2775000/5333562 (52.029%)
entry 2779000/5333562 (52.104%)
entry 2781000/5333562 (52.1415%)
entry 2784000/5333562 (52.1978%)
entry 2785000/5333562 (52.2165%)
entry 2787000/5333562 (52.254%)
entry 2795000/5333562 (52.404%)
entry 2798000/5333562 (52.4603%)
entry 2802000/5333562 (52.5352%)
entry 2803000/5333562 (52.554%)
entry 2814000/5333562 (52.7602%)
entry 2817000/5333562 (52.8165%)
entry 2820000/5333562 (52.8727%)
entry 2822000/5333562 (52.9102%)
entry 2831000/5333562 (53.079%)
entry 2833000/5333562 (53.1165%)
entry 2835000/5333562 (53.154%)
entry 2836000/5333562 (53.1727%)
entry 2837000/5333562 (53.1915%)
entry 2849000/5333562 (53.4165%)
entry 2854000/5333562 (53.5102%)
entry 2860000/5333562 (53.6227%)
entry 2861000/5333562 (53.6415%)
entry 2863000/5333562 (53.6789%)
entry 2864000/5333562 (53.6977%)
entry 2865000/5333562 (53.7164%)
entry 2866000/5333562 (53.7352%)
entry 2867000/5333562 (53.7539%)
entry 2872000/5333562 (53.8477%)
entry 2877000/5333562 (53.9414%)
entry 2882000/5333562 (54.0352%)
entry 2885000/5333562 (54.0914%)
entry 2887000/5333562 (54.1289%)
entry 2892000/5333562 (54.2227%)
entry 2894000/5333562 (54.2602%)
entry 2896000/5333562 (54.2977%)
entry 2899000/5333562 (54.3539%)
entry 2902000/5333562 (54.4102%)
entry 2906000/5333562 (54.4852%)
entry 2908000/5333562 (54.5227%)
entry 2913000/5333562 (54.6164%)
entry 2917000/5333562 (54.6914%)
entry 2919000/5333562 (54.7289%)
entry 2920000/5333562 (54.7477%)
entry 2933000/5333562 (54.9914%)
entry 2935000/5333562 (55.0289%)
entry 2936000/5333562 (55.0476%)
entry 2939000/5333562 (55.1039%)
entry 2941000/5333562 (55.1414%)
entry 2944000/5333562 (55.1976%)
entry 2950000/5333562 (55.3101%)
entry 2951000/5333562 (55.3289%)
entry 2953000/5333562 (55.3664%)
entry 2955000/5333562 (55.4039%)
entry 2957000/5333562 (55.4414%)
entry 2961000/5333562 (55.5164%)
entry 2962000/5333562 (55.5351%)
entry 2966000/5333562 (55.6101%)
entry 2970000/5333562 (55.6851%)
entry 2971000/5333562 (55.7039%)
entry 2973000/5333562 (55.7414%)
entry 2976000/5333562 (55.7976%)
entry 2982000/5333562 (55.9101%)
entry 2983000/5333562 (55.9289%)
entry 2985000/5333562 (55.9664%)
entry 2987000/5333562 (56.0039%)
entry 2990000/5333562 (56.0601%)
entry 2995000/5333562 (56.1538%)
entry 2996000/5333562 (56.1726%)
entry 3002000/5333562 (56.2851%)
entry 3009000/5333562 (56.4163%)
entry 3014000/5333562 (56.5101%)
entry 3015000/5333562 (56.5288%)
entry 3017000/5333562 (56.5663%)
entry 3019000/5333562 (56.6038%)
entry 3022000/5333562 (56.6601%)
entry 3026000/5333562 (56.7351%)
entry 3030000/5333562 (56.8101%)
entry 3033000/5333562 (56.8663%)
entry 3039000/5333562 (56.9788%)
entry 3040000/5333562 (56.9976%)
entry 3042000/5333562 (57.0351%)
entry 3043000/5333562 (57.0538%)
entry 3048000/5333562 (57.1476%)
entry 3052000/5333562 (57.2225%)
entry 3053000/5333562 (57.2413%)
entry 3058000/5333562 (57.335%)
entry 3059000/5333562 (57.3538%)
entry 3060000/5333562 (57.3725%)
entry 3061000/5333562 (57.3913%)
entry 3063000/5333562 (57.4288%)
entry 3066000/5333562 (57.485%)
entry 3070000/5333562 (57.56%)
entry 3075000/5333562 (57.6538%)
entry 3076000/5333562 (57.6725%)
entry 3077000/5333562 (57.6913%)
entry 3078000/5333562 (57.71%)
entry 3079000/5333562 (57.7288%)
entry 3080000/5333562 (57.7475%)
entry 3081000/5333562 (57.7663%)
entry 3083000/5333562 (57.8038%)
entry 3089000/5333562 (57.9163%)
entry 3091000/5333562 (57.9538%)
entry 3094000/5333562 (58.01%)
entry 3100000/5333562 (58.1225%)
entry 3102000/5333562 (58.16%)
entry 3104000/5333562 (58.1975%)
entry 3108000/5333562 (58.2725%)
entry 3110000/5333562 (58.31%)
entry 3113000/5333562 (58.3662%)
entry 3114000/5333562 (58.385%)
entry 3123000/5333562 (58.5537%)
entry 3124000/5333562 (58.5725%)
entry 3128000/5333562 (58.6475%)
entry 3131000/5333562 (58.7037%)
entry 3132000/5333562 (58.7225%)
entry 3151000/5333562 (59.0787%)
entry 3154000/5333562 (59.135%)
entry 3156000/5333562 (59.1725%)
entry 3157000/5333562 (59.1912%)
entry 3158000/5333562 (59.21%)
entry 3163000/5333562 (59.3037%)
entry 3175000/5333562 (59.5287%)
entry 3177000/5333562 (59.5662%)
entry 3179000/5333562 (59.6037%)
entry 3180000/5333562 (59.6224%)
entry 3183000/5333562 (59.6787%)
entry 3185000/5333562 (59.7162%)
entry 3195000/5333562 (59.9037%)
entry 3200000/5333562 (59.9974%)
entry 3203000/5333562 (60.0537%)
entry 3206000/5333562 (60.1099%)
entry 3207000/5333562 (60.1287%)
entry 3208000/5333562 (60.1474%)
entry 3214000/5333562 (60.2599%)
entry 3216000/5333562 (60.2974%)
entry 3217000/5333562 (60.3162%)
entry 3220000/5333562 (60.3724%)
entry 3221000/5333562 (60.3912%)
entry 3222000/5333562 (60.4099%)
entry 3224000/5333562 (60.4474%)
entry 3229000/5333562 (60.5412%)
entry 3230000/5333562 (60.5599%)
entry 3231000/5333562 (60.5787%)
entry 3235000/5333562 (60.6537%)
entry 3237000/5333562 (60.6911%)
entry 3238000/5333562 (60.7099%)
entry 3241000/5333562 (60.7661%)
entry 3247000/5333562 (60.8786%)
entry 3249000/5333562 (60.9161%)
entry 3251000/5333562 (60.9536%)
entry 3259000/5333562 (61.1036%)
entry 3262000/5333562 (61.1599%)
entry 3263000/5333562 (61.1786%)
entry 3266000/5333562 (61.2349%)
entry 3267000/5333562 (61.2536%)
entry 3268000/5333562 (61.2724%)
entry 3270000/5333562 (61.3099%)
entry 3272000/5333562 (61.3474%)
entry 3274000/5333562 (61.3849%)
entry 3280000/5333562 (61.4974%)
entry 3285000/5333562 (61.5911%)
entry 3286000/5333562 (61.6099%)
entry 3288000/5333562 (61.6474%)
entry 3292000/5333562 (61.7224%)
entry 3294000/5333562 (61.7599%)
entry 3295000/5333562 (61.7786%)
entry 3296000/5333562 (61.7974%)
entry 3298000/5333562 (61.8348%)
entry 3301000/5333562 (61.8911%)
entry 3308000/5333562 (62.0223%)
entry 3311000/5333562 (62.0786%)
entry 3312000/5333562 (62.0973%)
entry 3315000/5333562 (62.1536%)
entry 3322000/5333562 (62.2848%)
entry 3323000/5333562 (62.3036%)
entry 3326000/5333562 (62.3598%)
entry 3329000/5333562 (62.4161%)
entry 3330000/5333562 (62.4348%)
entry 3331000/5333562 (62.4536%)
entry 3334000/5333562 (62.5098%)
entry 3335000/5333562 (62.5286%)
entry 3340000/5333562 (62.6223%)
entry 3348000/5333562 (62.7723%)
entry 3356000/5333562 (62.9223%)
entry 3360000/5333562 (62.9973%)
entry 3361000/5333562 (63.0161%)
entry 3365000/5333562 (63.091%)
entry 3366000/5333562 (63.1098%)
entry 3367000/5333562 (63.1285%)
entry 3369000/5333562 (63.166%)
entry 3370000/5333562 (63.1848%)
entry 3375000/5333562 (63.2785%)
entry 3377000/5333562 (63.316%)
entry 3386000/5333562 (63.4848%)
entry 3388000/5333562 (63.5223%)
entry 3389000/5333562 (63.541%)
entry 3396000/5333562 (63.6723%)
entry 3401000/5333562 (63.766%)
entry 3406000/5333562 (63.8598%)
entry 3407000/5333562 (63.8785%)
entry 3410000/5333562 (63.9348%)
entry 3414000/5333562 (64.0098%)
entry 3415000/5333562 (64.0285%)
entry 3422000/5333562 (64.1598%)
entry 3426000/5333562 (64.2347%)
entry 3428000/5333562 (64.2722%)
entry 3431000/5333562 (64.3285%)
entry 3433000/5333562 (64.366%)
entry 3435000/5333562 (64.4035%)
entry 3438000/5333562 (64.4597%)
entry 3442000/5333562 (64.5347%)
entry 3443000/5333562 (64.5535%)
entry 3449000/5333562 (64.666%)
entry 3450000/5333562 (64.6847%)
entry 3452000/5333562 (64.7222%)
entry 3454000/5333562 (64.7597%)
entry 3456000/5333562 (64.7972%)
entry 3459000/5333562 (64.8535%)
entry 3462000/5333562 (64.9097%)
entry 3463000/5333562 (64.9285%)
entry 3472000/5333562 (65.0972%)
entry 3476000/5333562 (65.1722%)
entry 3477000/5333562 (65.191%)
entry 3479000/5333562 (65.2285%)
entry 3480000/5333562 (65.2472%)
entry 3482000/5333562 (65.2847%)
entry 3489000/5333562 (65.4159%)
entry 3490000/5333562 (65.4347%)
entry 3491000/5333562 (65.4534%)
entry 3492000/5333562 (65.4722%)
entry 3498000/5333562 (65.5847%)
entry 3501000/5333562 (65.6409%)
entry 3503000/5333562 (65.6784%)
entry 3504000/5333562 (65.6972%)
entry 3506000/5333562 (65.7347%)
entry 3510000/5333562 (65.8097%)
entry 3512000/5333562 (65.8472%)
entry 3513000/5333562 (65.8659%)
entry 3515000/5333562 (65.9034%)
entry 3522000/5333562 (66.0347%)
entry 3527000/5333562 (66.1284%)
entry 3528000/5333562 (66.1472%)
entry 3530000/5333562 (66.1847%)
entry 3533000/5333562 (66.2409%)
entry 3534000/5333562 (66.2597%)
entry 3536000/5333562 (66.2972%)
entry 3539000/5333562 (66.3534%)
entry 3542000/5333562 (66.4097%)
entry 3544000/5333562 (66.4472%)
entry 3547000/5333562 (66.5034%)
entry 3549000/5333562 (66.5409%)
entry 3550000/5333562 (66.5596%)
entry 3558000/5333562 (66.7096%)
entry 3559000/5333562 (66.7284%)
entry 3563000/5333562 (66.8034%)
entry 3569000/5333562 (66.9159%)
entry 3570000/5333562 (66.9346%)
entry 3571000/5333562 (66.9534%)
entry 3578000/5333562 (67.0846%)
entry 3579000/5333562 (67.1034%)
entry 3583000/5333562 (67.1784%)
entry 3584000/5333562 (67.1971%)
entry 3595000/5333562 (67.4034%)
entry 3598000/5333562 (67.4596%)
entry 3600000/5333562 (67.4971%)
entry 3603000/5333562 (67.5534%)
entry 3606000/5333562 (67.6096%)
entry 3613000/5333562 (67.7408%)
entry 3619000/5333562 (67.8533%)
entry 3621000/5333562 (67.8908%)
entry 3622000/5333562 (67.9096%)
entry 3627000/5333562 (68.0033%)
entry 3628000/5333562 (68.0221%)
entry 3631000/5333562 (68.0783%)
entry 3632000/5333562 (68.0971%)
entry 3634000/5333562 (68.1346%)
entry 3636000/5333562 (68.1721%)
entry 3637000/5333562 (68.1908%)
entry 3642000/5333562 (68.2846%)
entry 3643000/5333562 (68.3033%)
entry 3648000/5333562 (68.3971%)
entry 3649000/5333562 (68.4158%)
entry 3653000/5333562 (68.4908%)
entry 3655000/5333562 (68.5283%)
entry 3656000/5333562 (68.5471%)
entry 3663000/5333562 (68.6783%)
entry 3668000/5333562 (68.7721%)
entry 3671000/5333562 (68.8283%)
entry 3672000/5333562 (68.847%)
entry 3673000/5333562 (68.8658%)
entry 3679000/5333562 (68.9783%)
entry 3680000/5333562 (68.997%)
entry 3683000/5333562 (69.0533%)
entry 3685000/5333562 (69.0908%)
entry 3693000/5333562 (69.2408%)
entry 3698000/5333562 (69.3345%)
entry 3699000/5333562 (69.3533%)
entry 3700000/5333562 (69.372%)
entry 3701000/5333562 (69.3908%)
entry 3702000/5333562 (69.4095%)
entry 3709000/5333562 (69.5408%)
entry 3710000/5333562 (69.5595%)
entry 3717000/5333562 (69.6908%)
entry 3719000/5333562 (69.7283%)
entry 3724000/5333562 (69.822%)
entry 3728000/5333562 (69.897%)
entry 3730000/5333562 (69.9345%)
entry 3731000/5333562 (69.9533%)
entry 3732000/5333562 (69.972%)
entry 3734000/5333562 (70.0095%)
entry 3735000/5333562 (70.0282%)
entry 3736000/5333562 (70.047%)
entry 3738000/5333562 (70.0845%)
entry 3742000/5333562 (70.1595%)
entry 3743000/5333562 (70.1782%)
entry 3745000/5333562 (70.2157%)
entry 3752000/5333562 (70.347%)
entry 3753000/5333562 (70.3657%)
entry 3759000/5333562 (70.4782%)
entry 3762000/5333562 (70.5345%)
entry 3764000/5333562 (70.572%)
entry 3766000/5333562 (70.6095%)
entry 3770000/5333562 (70.6845%)
entry 3771000/5333562 (70.7032%)
entry 3774000/5333562 (70.7595%)
entry 3778000/5333562 (70.8345%)
entry 3782000/5333562 (70.9095%)
entry 3783000/5333562 (70.9282%)
entry 3785000/5333562 (70.9657%)
entry 3786000/5333562 (70.9845%)
entry 3788000/5333562 (71.022%)
entry 3792000/5333562 (71.097%)
entry 3794000/5333562 (71.1344%)
entry 3796000/5333562 (71.172%)
entry 3799000/5333562 (71.2282%)
entry 3806000/5333562 (71.3594%)
entry 3807000/5333562 (71.3782%)
entry 3809000/5333562 (71.4157%)
entry 3810000/5333562 (71.4344%)
entry 3821000/5333562 (71.6407%)
entry 3823000/5333562 (71.6782%)
entry 3825000/5333562 (71.7157%)
entry 3827000/5333562 (71.7532%)
entry 3829000/5333562 (71.7907%)
entry 3834000/5333562 (71.8844%)
entry 3836000/5333562 (71.9219%)
entry 3837000/5333562 (71.9407%)
entry 3839000/5333562 (71.9782%)
entry 3843000/5333562 (72.0532%)
entry 3844000/5333562 (72.0719%)
entry 3845000/5333562 (72.0907%)
entry 3851000/5333562 (72.2032%)
entry 3852000/5333562 (72.2219%)
entry 3857000/5333562 (72.3157%)
entry 3858000/5333562 (72.3344%)
entry 3859000/5333562 (72.3531%)
entry 3860000/5333562 (72.3719%)
entry 3861000/5333562 (72.3906%)
entry 3864000/5333562 (72.4469%)
entry 3867000/5333562 (72.5031%)
entry 3870000/5333562 (72.5594%)
entry 3871000/5333562 (72.5781%)
entry 3874000/5333562 (72.6344%)
entry 3877000/5333562 (72.6906%)
entry 3879000/5333562 (72.7281%)
entry 3882000/5333562 (72.7844%)
entry 3884000/5333562 (72.8219%)
entry 3885000/5333562 (72.8406%)
entry 3889000/5333562 (72.9156%)
entry 3890000/5333562 (72.9344%)
entry 3891000/5333562 (72.9531%)
entry 3893000/5333562 (72.9906%)
entry 3894000/5333562 (73.0094%)
entry 3898000/5333562 (73.0844%)
entry 3902000/5333562 (73.1594%)
entry 3903000/5333562 (73.1781%)
entry 3908000/5333562 (73.2719%)
entry 3911000/5333562 (73.3281%)
entry 3912000/5333562 (73.3469%)
entry 3916000/5333562 (73.4219%)
entry 3918000/5333562 (73.4594%)
entry 3921000/5333562 (73.5156%)
entry 3927000/5333562 (73.6281%)
entry 3936000/5333562 (73.7968%)
entry 3940000/5333562 (73.8718%)
entry 3942000/5333562 (73.9093%)
entry 3944000/5333562 (73.9468%)
entry 3945000/5333562 (73.9656%)
entry 3947000/5333562 (74.0031%)
entry 3950000/5333562 (74.0593%)
entry 3951000/5333562 (74.0781%)
entry 3953000/5333562 (74.1156%)
entry 3954000/5333562 (74.1343%)
entry 3961000/5333562 (74.2656%)
entry 3965000/5333562 (74.3406%)
entry 3967000/5333562 (74.3781%)
entry 3970000/5333562 (74.4343%)
entry 3971000/5333562 (74.4531%)
entry 3976000/5333562 (74.5468%)
entry 3981000/5333562 (74.6405%)
entry 3984000/5333562 (74.6968%)
entry 3985000/5333562 (74.7155%)
entry 3987000/5333562 (74.753%)
entry 3988000/5333562 (74.7718%)
entry 3991000/5333562 (74.828%)
entry 3992000/5333562 (74.8468%)
entry 3994000/5333562 (74.8843%)
entry 3996000/5333562 (74.9218%)
entry 3997000/5333562 (74.9405%)
entry 4000000/5333562 (74.9968%)
entry 4003000/5333562 (75.053%)
entry 4004000/5333562 (75.0718%)
entry 4008000/5333562 (75.1468%)
entry 4009000/5333562 (75.1655%)
entry 4011000/5333562 (75.203%)
entry 4015000/5333562 (75.278%)
entry 4020000/5333562 (75.3718%)
entry 4021000/5333562 (75.3905%)
entry 4028000/5333562 (75.5218%)
entry 4029000/5333562 (75.5405%)
entry 4032000/5333562 (75.5968%)
entry 4037000/5333562 (75.6905%)
entry 4039000/5333562 (75.728%)
entry 4040000/5333562 (75.7468%)
entry 4045000/5333562 (75.8405%)
entry 4052000/5333562 (75.9717%)
entry 4054000/5333562 (76.0092%)
entry 4055000/5333562 (76.028%)
entry 4057000/5333562 (76.0655%)
entry 4060000/5333562 (76.1217%)
entry 4061000/5333562 (76.1405%)
entry 4063000/5333562 (76.178%)
entry 4066000/5333562 (76.2342%)
entry 4068000/5333562 (76.2717%)
entry 4072000/5333562 (76.3467%)
entry 4074000/5333562 (76.3842%)
entry 4075000/5333562 (76.403%)
entry 4077000/5333562 (76.4405%)
entry 4081000/5333562 (76.5155%)
entry 4082000/5333562 (76.5342%)
entry 4083000/5333562 (76.553%)
entry 4086000/5333562 (76.6092%)
entry 4088000/5333562 (76.6467%)
entry 4089000/5333562 (76.6655%)
entry 4090000/5333562 (76.6842%)
entry 4094000/5333562 (76.7592%)
entry 4096000/5333562 (76.7967%)
entry 4102000/5333562 (76.9092%)
entry 4106000/5333562 (76.9842%)
entry 4107000/5333562 (77.0029%)
entry 4108000/5333562 (77.0217%)
entry 4109000/5333562 (77.0404%)
entry 4110000/5333562 (77.0592%)
entry 4111000/5333562 (77.0779%)
entry 4112000/5333562 (77.0967%)
entry 4113000/5333562 (77.1154%)
entry 4115000/5333562 (77.1529%)
entry 4120000/5333562 (77.2467%)
entry 4121000/5333562 (77.2654%)
entry 4124000/5333562 (77.3217%)
entry 4126000/5333562 (77.3592%)
entry 4127000/5333562 (77.3779%)
entry 4128000/5333562 (77.3967%)
entry 4129000/5333562 (77.4154%)
entry 4130000/5333562 (77.4342%)
entry 4131000/5333562 (77.4529%)
entry 4134000/5333562 (77.5092%)
entry 4136000/5333562 (77.5467%)
entry 4139000/5333562 (77.6029%)
entry 4142000/5333562 (77.6592%)
entry 4144000/5333562 (77.6967%)
entry 4147000/5333562 (77.7529%)
entry 4148000/5333562 (77.7717%)
entry 4154000/5333562 (77.8842%)
entry 4159000/5333562 (77.9779%)
entry 4161000/5333562 (78.0154%)
entry 4163000/5333562 (78.0529%)
entry 4164000/5333562 (78.0717%)
entry 4166000/5333562 (78.1092%)
entry 4167000/5333562 (78.1279%)
entry 4168000/5333562 (78.1466%)
entry 4176000/5333562 (78.2966%)
entry 4183000/5333562 (78.4279%)
entry 4184000/5333562 (78.4466%)
entry 4186000/5333562 (78.4841%)
entry 4192000/5333562 (78.5966%)
entry 4193000/5333562 (78.6154%)
entry 4196000/5333562 (78.6716%)
entry 4200000/5333562 (78.7466%)
entry 4201000/5333562 (78.7654%)
entry 4202000/5333562 (78.7841%)
entry 4204000/5333562 (78.8216%)
entry 4214000/5333562 (79.0091%)
entry 4215000/5333562 (79.0279%)
entry 4219000/5333562 (79.1029%)
entry 4225000/5333562 (79.2154%)
entry 4232000/5333562 (79.3466%)
entry 4236000/5333562 (79.4216%)
entry 4242000/5333562 (79.5341%)
entry 4245000/5333562 (79.5903%)
entry 4246000/5333562 (79.6091%)
entry 4251000/5333562 (79.7028%)
entry 4255000/5333562 (79.7778%)
entry 4257000/5333562 (79.8153%)
entry 4262000/5333562 (79.9091%)
entry 4265000/5333562 (79.9653%)
entry 4267000/5333562 (80.0028%)
entry 4269000/5333562 (80.0403%)
entry 4274000/5333562 (80.1341%)
entry 4275000/5333562 (80.1528%)
entry 4278000/5333562 (80.2091%)
entry 4280000/5333562 (80.2466%)
entry 4287000/5333562 (80.3778%)
entry 4292000/5333562 (80.4716%)
entry 4293000/5333562 (80.4903%)
entry 4296000/5333562 (80.5465%)
entry 4305000/5333562 (80.7153%)
entry 4306000/5333562 (80.734%)
entry 4309000/5333562 (80.7903%)
entry 4310000/5333562 (80.809%)
entry 4311000/5333562 (80.8278%)
entry 4312000/5333562 (80.8465%)
entry 4319000/5333562 (80.9778%)
entry 4327000/5333562 (81.1278%)
entry 4330000/5333562 (81.184%)
entry 4332000/5333562 (81.2215%)
entry 4337000/5333562 (81.3153%)
entry 4341000/5333562 (81.3903%)
entry 4343000/5333562 (81.4278%)
entry 4344000/5333562 (81.4465%)
entry 4352000/5333562 (81.5965%)
entry 4353000/5333562 (81.6153%)
entry 4354000/5333562 (81.634%)
entry 4363000/5333562 (81.8027%)
entry 4368000/5333562 (81.8965%)
entry 4370000/5333562 (81.934%)
entry 4387000/5333562 (82.2527%)
entry 4388000/5333562 (82.2715%)
entry 4391000/5333562 (82.3277%)
entry 4393000/5333562 (82.3652%)
entry 4394000/5333562 (82.384%)
entry 4398000/5333562 (82.459%)
entry 4401000/5333562 (82.5152%)
entry 4404000/5333562 (82.5715%)
entry 4405000/5333562 (82.5902%)
entry 4412000/5333562 (82.7215%)
entry 4413000/5333562 (82.7402%)
entry 4415000/5333562 (82.7777%)
entry 4418000/5333562 (82.8339%)
entry 4420000/5333562 (82.8714%)
entry 4429000/5333562 (83.0402%)
entry 4430000/5333562 (83.0589%)
entry 4432000/5333562 (83.0964%)
entry 4434000/5333562 (83.1339%)
entry 4437000/5333562 (83.1902%)
entry 4440000/5333562 (83.2464%)
entry 4443000/5333562 (83.3027%)
entry 4446000/5333562 (83.3589%)
entry 4448000/5333562 (83.3964%)
entry 4449000/5333562 (83.4152%)
entry 4453000/5333562 (83.4902%)
entry 4454000/5333562 (83.5089%)
entry 4455000/5333562 (83.5277%)
entry 4457000/5333562 (83.5652%)
entry 4459000/5333562 (83.6027%)
entry 4461000/5333562 (83.6402%)
entry 4462000/5333562 (83.6589%)
entry 4463000/5333562 (83.6777%)
entry 4465000/5333562 (83.7152%)
entry 4467000/5333562 (83.7527%)
entry 4473000/5333562 (83.8652%)
entry 4476000/5333562 (83.9214%)
entry 4479000/5333562 (83.9777%)
entry 4480000/5333562 (83.9964%)
entry 4482000/5333562 (84.0339%)
entry 4484000/5333562 (84.0714%)
entry 4486000/5333562 (84.1089%)
entry 4487000/5333562 (84.1276%)
entry 4489000/5333562 (84.1651%)
entry 4490000/5333562 (84.1839%)
entry 4491000/5333562 (84.2026%)
entry 4492000/5333562 (84.2214%)
entry 4494000/5333562 (84.2589%)
entry 4495000/5333562 (84.2776%)
entry 4497000/5333562 (84.3151%)
entry 4498000/5333562 (84.3339%)
entry 4500000/5333562 (84.3714%)
entry 4508000/5333562 (84.5214%)
entry 4509000/5333562 (84.5401%)
entry 4513000/5333562 (84.6151%)
entry 4514000/5333562 (84.6339%)
entry 4522000/5333562 (84.7839%)
entry 4524000/5333562 (84.8214%)
entry 4525000/5333562 (84.8401%)
entry 4533000/5333562 (84.9901%)
entry 4535000/5333562 (85.0276%)
entry 4540000/5333562 (85.1214%)
entry 4541000/5333562 (85.1401%)
entry 4543000/5333562 (85.1776%)
entry 4545000/5333562 (85.2151%)
entry 4546000/5333562 (85.2338%)
entry 4547000/5333562 (85.2526%)
entry 4548000/5333562 (85.2713%)
entry 4557000/5333562 (85.4401%)
entry 4558000/5333562 (85.4588%)
entry 4563000/5333562 (85.5526%)
entry 4567000/5333562 (85.6276%)
entry 4569000/5333562 (85.6651%)
entry 4573000/5333562 (85.7401%)
entry 4579000/5333562 (85.8526%)
entry 4582000/5333562 (85.9088%)
entry 4586000/5333562 (85.9838%)
entry 4587000/5333562 (86.0026%)
entry 4593000/5333562 (86.1151%)
entry 4600000/5333562 (86.2463%)
entry 4601000/5333562 (86.2651%)
entry 4603000/5333562 (86.3025%)
entry 4606000/5333562 (86.3588%)
entry 4607000/5333562 (86.3775%)
entry 4611000/5333562 (86.4525%)
entry 4613000/5333562 (86.49%)
entry 4616000/5333562 (86.5463%)
entry 4621000/5333562 (86.64%)
entry 4627000/5333562 (86.7525%)
entry 4631000/5333562 (86.8275%)
entry 4632000/5333562 (86.8463%)
entry 4634000/5333562 (86.8838%)
entry 4635000/5333562 (86.9025%)
entry 4640000/5333562 (86.9963%)
entry 4641000/5333562 (87.015%)
entry 4643000/5333562 (87.0525%)
entry 4645000/5333562 (87.09%)
entry 4646000/5333562 (87.1088%)
entry 4647000/5333562 (87.1275%)
entry 4655000/5333562 (87.2775%)
entry 4662000/5333562 (87.4088%)
entry 4663000/5333562 (87.4275%)
entry 4665000/5333562 (87.465%)
entry 4671000/5333562 (87.5775%)
entry 4681000/5333562 (87.765%)
entry 4685000/5333562 (87.84%)
entry 4689000/5333562 (87.915%)
entry 4691000/5333562 (87.9525%)
entry 4693000/5333562 (87.99%)
entry 4695000/5333562 (88.0275%)
entry 4697000/5333562 (88.065%)
entry 4699000/5333562 (88.1025%)
entry 4702000/5333562 (88.1587%)
entry 4703000/5333562 (88.1775%)
entry 4706000/5333562 (88.2337%)
entry 4711000/5333562 (88.3275%)
entry 4712000/5333562 (88.3462%)
entry 4713000/5333562 (88.365%)
entry 4715000/5333562 (88.4025%)
entry 4720000/5333562 (88.4962%)
entry 4725000/5333562 (88.59%)
entry 4726000/5333562 (88.6087%)
entry 4732000/5333562 (88.7212%)
entry 4733000/5333562 (88.7399%)
entry 4735000/5333562 (88.7774%)
entry 4736000/5333562 (88.7962%)
entry 4737000/5333562 (88.8149%)
entry 4738000/5333562 (88.8337%)
entry 4739000/5333562 (88.8524%)
entry 4741000/5333562 (88.8899%)
entry 4742000/5333562 (88.9087%)
entry 4744000/5333562 (88.9462%)
entry 4749000/5333562 (89.0399%)
entry 4754000/5333562 (89.1337%)
entry 4755000/5333562 (89.1524%)
entry 4758000/5333562 (89.2087%)
entry 4759000/5333562 (89.2274%)
entry 4767000/5333562 (89.3774%)
entry 4768000/5333562 (89.3962%)
entry 4769000/5333562 (89.4149%)
entry 4770000/5333562 (89.4337%)
entry 4771000/5333562 (89.4524%)
entry 4772000/5333562 (89.4712%)
entry 4774000/5333562 (89.5087%)
entry 4786000/5333562 (89.7337%)
entry 4789000/5333562 (89.7899%)
entry 4792000/5333562 (89.8461%)
entry 4793000/5333562 (89.8649%)
entry 4794000/5333562 (89.8836%)
entry 4795000/5333562 (89.9024%)
entry 4801000/5333562 (90.0149%)
entry 4810000/5333562 (90.1836%)
entry 4812000/5333562 (90.2211%)
entry 4816000/5333562 (90.2961%)
entry 4817000/5333562 (90.3149%)
entry 4827000/5333562 (90.5024%)
entry 4828000/5333562 (90.5211%)
entry 4833000/5333562 (90.6149%)
entry 4835000/5333562 (90.6524%)
entry 4839000/5333562 (90.7274%)
entry 4843000/5333562 (90.8024%)
entry 4848000/5333562 (90.8961%)
entry 4857000/5333562 (91.0648%)
entry 4859000/5333562 (91.1023%)
entry 4860000/5333562 (91.1211%)
entry 4864000/5333562 (91.1961%)
entry 4865000/5333562 (91.2148%)
entry 4868000/5333562 (91.2711%)
entry 4874000/5333562 (91.3836%)
entry 4875000/5333562 (91.4023%)
entry 4876000/5333562 (91.4211%)
entry 4878000/5333562 (91.4586%)
entry 4880000/5333562 (91.4961%)
entry 4883000/5333562 (91.5523%)
entry 4884000/5333562 (91.5711%)
entry 4886000/5333562 (91.6086%)
entry 4888000/5333562 (91.6461%)
entry 4889000/5333562 (91.6648%)
entry 4892000/5333562 (91.7211%)
entry 4904000/5333562 (91.9461%)
entry 4905000/5333562 (91.9648%)
entry 4907000/5333562 (92.0023%)
entry 4915000/5333562 (92.1523%)
entry 4916000/5333562 (92.171%)
entry 4919000/5333562 (92.2273%)
entry 4923000/5333562 (92.3023%)
entry 4925000/5333562 (92.3398%)
entry 4933000/5333562 (92.4898%)
entry 4935000/5333562 (92.5273%)
entry 4938000/5333562 (92.5835%)
entry 4941000/5333562 (92.6398%)
entry 4945000/5333562 (92.7148%)
entry 4947000/5333562 (92.7523%)
entry 4950000/5333562 (92.8085%)
entry 4951000/5333562 (92.8273%)
entry 4955000/5333562 (92.9023%)
entry 4956000/5333562 (92.921%)
entry 4964000/5333562 (93.071%)
entry 4968000/5333562 (93.146%)
entry 4978000/5333562 (93.3335%)
entry 4979000/5333562 (93.3522%)
entry 4980000/5333562 (93.371%)
entry 4981000/5333562 (93.3897%)
entry 4996000/5333562 (93.671%)
entry 5003000/5333562 (93.8022%)
entry 5010000/5333562 (93.9335%)
entry 5012000/5333562 (93.971%)
entry 5016000/5333562 (94.046%)
entry 5019000/5333562 (94.1022%)
entry 5023000/5333562 (94.1772%)
entry 5025000/5333562 (94.2147%)
entry 5026000/5333562 (94.2335%)
entry 5031000/5333562 (94.3272%)
entry 5038000/5333562 (94.4584%)
entry 5040000/5333562 (94.4959%)
entry 5041000/5333562 (94.5147%)
entry 5048000/5333562 (94.6459%)
entry 5049000/5333562 (94.6647%)
entry 5052000/5333562 (94.7209%)
entry 5053000/5333562 (94.7397%)
entry 5054000/5333562 (94.7584%)
entry 5055000/5333562 (94.7772%)
entry 5059000/5333562 (94.8522%)
entry 5060000/5333562 (94.8709%)
entry 5062000/5333562 (94.9084%)
entry 5064000/5333562 (94.9459%)
entry 5066000/5333562 (94.9834%)
entry 5074000/5333562 (95.1334%)
entry 5078000/5333562 (95.2084%)
entry 5087000/5333562 (95.3772%)
entry 5090000/5333562 (95.4334%)
entry 5091000/5333562 (95.4522%)
entry 5093000/5333562 (95.4897%)
entry 5100000/5333562 (95.6209%)
entry 5103000/5333562 (95.6771%)
entry 5110000/5333562 (95.8084%)
entry 5112000/5333562 (95.8459%)
entry 5113000/5333562 (95.8646%)
entry 5114000/5333562 (95.8834%)
entry 5119000/5333562 (95.9771%)
entry 5123000/5333562 (96.0521%)
entry 5126000/5333562 (96.1084%)
entry 5130000/5333562 (96.1834%)
entry 5131000/5333562 (96.2021%)
entry 5140000/5333562 (96.3709%)
entry 5144000/5333562 (96.4459%)
entry 5157000/5333562 (96.6896%)
entry 5158000/5333562 (96.7084%)
entry 5159000/5333562 (96.7271%)
entry 5160000/5333562 (96.7459%)
entry 5162000/5333562 (96.7834%)
entry 5168000/5333562 (96.8958%)
entry 5170000/5333562 (96.9333%)
entry 5171000/5333562 (96.9521%)
entry 5172000/5333562 (96.9708%)
entry 5174000/5333562 (97.0083%)
entry 5175000/5333562 (97.0271%)
entry 5176000/5333562 (97.0458%)
entry 5178000/5333562 (97.0833%)
entry 5179000/5333562 (97.1021%)
entry 5181000/5333562 (97.1396%)
entry 5192000/5333562 (97.3458%)
entry 5195000/5333562 (97.4021%)
entry 5197000/5333562 (97.4396%)
entry 5198000/5333562 (97.4583%)
entry 5201000/5333562 (97.5146%)
entry 5203000/5333562 (97.5521%)
entry 5206000/5333562 (97.6083%)
entry 5208000/5333562 (97.6458%)
entry 5211000/5333562 (97.7021%)
entry 5213000/5333562 (97.7396%)
entry 5218000/5333562 (97.8333%)
entry 5220000/5333562 (97.8708%)
entry 5223000/5333562 (97.9271%)
entry 5228000/5333562 (98.0208%)
entry 5229000/5333562 (98.0395%)
entry 5232000/5333562 (98.0958%)
entry 5233000/5333562 (98.1145%)
entry 5240000/5333562 (98.2458%)
entry 5241000/5333562 (98.2645%)
entry 5243000/5333562 (98.302%)
entry 5244000/5333562 (98.3208%)
entry 5250000/5333562 (98.4333%)
entry 5254000/5333562 (98.5083%)
entry 5256000/5333562 (98.5458%)
entry 5259000/5333562 (98.602%)
entry 5262000/5333562 (98.6583%)
entry 5263000/5333562 (98.677%)
entry 5265000/5333562 (98.7145%)
entry 5269000/5333562 (98.7895%)
entry 5274000/5333562 (98.8833%)
entry 5275000/5333562 (98.902%)
entry 5277000/5333562 (98.9395%)
entry 5280000/5333562 (98.9958%)
entry 5281000/5333562 (99.0145%)
entry 5284000/5333562 (99.0708%)
entry 5287000/5333562 (99.127%)
entry 5288000/5333562 (99.1457%)
entry 5291000/5333562 (99.202%)
entry 5292000/5333562 (99.2207%)
entry 5293000/5333562 (99.2395%)
entry 5294000/5333562 (99.2582%)
entry 5295000/5333562 (99.277%)
entry 5300000/5333562 (99.3707%)
entry 5301000/5333562 (99.3895%)
entry 5303000/5333562 (99.427%)
entry 5308000/5333562 (99.5207%)
entry 5313000/5333562 (99.6145%)
entry 5314000/5333562 (99.6332%)
entry 5322000/5333562 (99.7832%)
entry 5323000/5333562 (99.802%)
entry 5325000/5333562 (99.8395%)
entry 5326000/5333562 (99.8582%)
entry 5328000/5333562 (99.8957%)
entry 5330000/5333562 (99.9332%)
entry 5331000/5333562 (99.952%)
entry 5332000/5333562 (99.9707%)
all done
script done
