sphnx1056.sdcc.bnl.gov
rsyncing from /gpfs/mnt/gpfs02/sphenix/user/samfred/run25/ppg11/histmaking
running: /gpfs/mnt/gpfs02/sphenix/user/samfred/run25/ppg11/histmaking/script_data.sh 50597
LD_LIBRARY_PATH now /sphenix/user/samfred/run25/install//lib:/cvmfs/sphenix.sdcc.bnl.gov/alma9.2-gcc-14.2.0/opt/sphenix/core/gcc/14.2.0-2f0a0/x86_64-el9/lib:/cvmfs/sphenix.sdcc.bnl.gov/alma9.2-gcc-14.2.0/opt/sphenix/core/gcc/14.2.0-2f0a0/x86_64-el9/lib64:/cvmfs/sphenix.sdcc.bnl.gov/alma9.2-gcc-14.2.0/opt/sphenix/core/binutils/2.40-acaab/x86_64-el9/lib:.:/cvmfs/sphenix.sdcc.bnl.gov/alma9.2-gcc-14.2.0/release/release_new/new.10/lib64:/cvmfs/sphenix.sdcc.bnl.gov/alma9.2-gcc-14.2.0/release/release_new/new.10/lib:/cvmfs/sphenix.sdcc.bnl.gov/alma9.2-gcc-14.2.0/opt/sphenix/utils/lib:/cvmfs/sphenix.sdcc.bnl.gov/alma9.2-gcc-14.2.0/opt/sphenix/core/lib:/cvmfs/sphenix.sdcc.bnl.gov/alma9.2-gcc-14.2.0/opt/sphenix/core/root-6.32.06/lib:/cvmfs/sphenix.sdcc.bnl.gov/alma9.2-gcc-14.2.0/opt/sphenix/core/geant4.10.07.p04/lib64:/cvmfs/sphenix.sdcc.bnl.gov/alma9.2-gcc-14.2.0/opt/sphenix/core/lhapdf-5.9.1/lib:/usr/local/lib64:/usr/lib64
PATH now /sphenix/user/samfred/run25/install//bin:/cvmfs/sphenix.sdcc.bnl.gov/alma9.2-gcc-14.2.0/opt/sphenix/core/gcc/14.2.0-2f0a0/x86_64-el9/bin:/cvmfs/sphenix.sdcc.bnl.gov/alma9.2-gcc-14.2.0/opt/sphenix/core/binutils/2.40-acaab/x86_64-el9/bin:.:/cvmfs/sphenix.sdcc.bnl.gov/alma9.2-gcc-14.2.0/release/release_new/new.10/bin:/cvmfs/sphenix.sdcc.bnl.gov/alma9.2-gcc-14.2.0/opt/sphenix/utils/bin:/cvmfs/sphenix.sdcc.bnl.gov/alma9.2-gcc-14.2.0/opt/sphenix/core/bin:/cvmfs/sphenix.sdcc.bnl.gov/alma9.2-gcc-14.2.0/opt/sphenix/core/root-6.32.06/bin:/cvmfs/sphenix.sdcc.bnl.gov/alma9.2-gcc-14.2.0/opt/sphenix/core/geant4.10.07.p04/bin:/usr/local/bin:/usr/bin:/usr/local/sbin:/usr/sbin
SINGULARITY_CACHEDIR=/home/condor/local/sphnx/execute/dir_2587365
_CONDOR_CHIRP_CONFIG=/home/condor/local/sphnx/execute/dir_2587365/.chirp.config
_CONDOR_JOB_IWD=/sphenix/user/samfred/run25/ppg11/histmaking
G4ENSDFSTATEDATA=/cvmfs/sphenix.sdcc.bnl.gov/alma9.2-gcc-14.2.0/opt/sphenix/core/geant4.10.07.p04/share/Geant4-10.7.4/data/G4ENSDFSTATE2.3
_CONDOR_MACHINE_AD=/home/condor/local/sphnx/execute/dir_2587365/.machine.ad
ROOT_MAX_THREADS=1
NUMEXPR_NUM_THREADS=1
CUBACORES=1
_CHIRP_DELAYED_UPDATE_PREFIX=Chirp*
OMP_THREAD_LIMIT=1
G4PIIDATA=/cvmfs/sphenix.sdcc.bnl.gov/alma9.2-gcc-14.2.0/opt/sphenix/core/geant4.10.07.p04/share/Geant4-10.7.4/data/G4PII1.3
NO_AT_BRIDGE=1
G4_MAIN=/cvmfs/sphenix.sdcc.bnl.gov/alma9.2-gcc-14.2.0/opt/sphenix/core/geant4.10.07.p04
COMPILER_PATH=/cvmfs/sphenix.sdcc.bnl.gov/alma9.2-gcc-14.2.0/opt/sphenix/core/gcc/14.2.0-2f0a0/x86_64-el9
ROOT_INCLUDE_PATH=./:/sphenix/user/samfred/run25/install//include:/sphenix/user/samfred/run25/install//include/caloana:/sphenix/user/samfred/run25/install//include/qa_centrality:/sphenix/user/samfred/run25/install//include/mbdana:/sphenix/user/samfred/run25/install//include/centrality:/sphenix/user/samfred/run25/install//include/Event:/cvmfs/sphenix.sdcc.bnl.gov/alma9.2-gcc-14.2.0/release/release_new/new.10/include:/cvmfs/sphenix.sdcc.bnl.gov/alma9.2-gcc-14.2.0/release/release_new/new.10/include:/cvmfs/sphenix.sdcc.bnl.gov/alma9.2-gcc-14.2.0/release/release_new/new.10/include/g4mbd:/cvmfs/sphenix.sdcc.bnl.gov/alma9.2-gcc-14.2.0/release/release_new/new.10/include/fmt:/cvmfs/sphenix.sdcc.bnl.gov/alma9.2-gcc-14.2.0/release/release_new/new.10/include/ffarawobjects:/cvmfs/sphenix.sdcc.bnl.gov/alma9.2-gcc-14.2.0/release/release_new/new.10/include/JSON:/cvmfs/sphenix.sdcc.bnl.gov/alma9.2-gcc-14.2.0/release/release_new/new.10/include/calotreegen:/cvmfs/sphenix.sdcc.bnl.gov/alma9.2-gcc-14.2.0/release/release_new/new.10/include/torch:/cvmfs/sphenix.sdcc.bnl.gov/alma9.2-gcc-14.2.0/release/release_new/new.10/include/g4detectors:/cvmfs/sphenix.sdcc.bnl.gov/alma9.2-gcc-14.2.0/release/release_new/new.10/include/kineto:/cvmfs/sphenix.sdcc.bnl.gov/alma9.2-gcc-14.2.0/release/release_new/new.10/include/g4decayer:/cvmfs/sphenix.sdcc.bnl.gov/alma9.2-gcc-14.2.0/release/release_new/new.10/include/kfparticleqa:/cvmfs/sphenix.sdcc.bnl.gov/alma9.2-gcc-14.2.0/release/release_new/new.10/include/phfield:/cvmfs/sphenix.sdcc.bnl.gov/alma9.2-gcc-14.2.0/release/release_new/new.10/include/LHAPDF:/cvmfs/sphenix.sdcc.bnl.gov/alma9.2-gcc-14.2.0/release/release_new/new.10/include/readdigitalcurrents:/cvmfs/sphenix.sdcc.bnl.gov/alma9.2-gcc-14.2.0/release/release_new/new.10/include/c10:/cvmfs/sphenix.sdcc.bnl.gov/alma9.2-gcc-14.2.0/release/release_new/new.10/include/calovalid:/cvmfs/sphenix.sdcc.bnl.gov/alma9.2-gcc-14.2.0/release/release_new/new.10/include/oneapi:/cvmfs/sphenix.sdcc.bnl.gov/alma9.2-gcc-14.2.0/release/release_new/new.10/include/DDCond:/cvmfs/sphenix.sdcc.bnl.gov/alma9.2-gcc-14.2.0/release/release_new/new.10/include/g4tracking:/cvmfs/sphenix.sdcc.bnl.gov/alma9.2-gcc-14.2.0/release/release_new/new.10/include/litecaloeval:/cvmfs/sphenix.sdcc.bnl.gov/alma9.2-gcc-14.2.0/release/release_new/new.10/include/g4intt:/cvmfs/sphenix.sdcc.bnl.gov/alma9.2-gcc-14.2.0/release/release_new/new.10/include/phool:/cvmfs/sphenix.sdcc.bnl.gov/alma9.2-gcc-14.2.0/release/release_new/new.10/include/boost:/cvmfs/sphenix.sdcc.bnl.gov/alma9.2-gcc-14.2.0/release/release_new/new.10/include/Pythia8Plugins:/cvmfs/sphenix.sdcc.bnl.gov/alma9.2-gcc-14.2.0/release/release_new/new.10/include/calib_emc_pi0:/cvmfs/sphenix.sdcc.bnl.gov/alma9.2-gcc-14.2.0/release/release_new/new.10/include/hijingflipafterburner:/cvmfs/sphenix.sdcc.bnl.gov/alma9.2-gcc-14.2.0/release/release_new/new.10/include/ffaobjects:/cvmfs/sphenix.sdcc.bnl.gov/alma9.2-gcc-14.2.0/release/release_new/new.10/include/EvtGenBase:/cvmfs/sphenix.sdcc.bnl.gov/alma9.2-gcc-14.2.0/release/release_new/new.10/include/flowafterburner:/cvmfs/sphenix.sdcc.bnl.gov/alma9.2-gcc-14.2.0/release/release_new/new.10/include/google:/cvmfs/sphenix.sdcc.bnl.gov/alma9.2-gcc-14.2.0/release/release_new/new.10/include/g4tpc:/cvmfs/sphenix.sdcc.bnl.gov/alma9.2-gcc-14.2.0/release/release_new/new.10/include/caffe2:/cvmfs/sphenix.sdcc.bnl.gov/alma9.2-gcc-14.2.0/release/release_new/new.10/include/EvtGenExternal:/cvmfs/sphenix.sdcc.bnl.gov/alma9.2-gcc-14.2.0/release/release_new/new.10/include/fp16:/cvmfs/sphenix.sdcc.bnl.gov/alma9.2-gcc-14.2.0/release/release_new/new.10/include/ffamodules:/cvmfs/sphenix.sdcc.bnl.gov/alma9.2-gcc-14.2.0/release/release_new/new.10/include/uspin:/cvmfs/sphenix.sdcc.bnl.gov/alma9.2-gcc-14.2.0/release/release_new/new.10/include/Herwig:/cvmfs/sphenix.sdcc.bnl.gov/alma9.2-gcc-14.2.0/release/release_new/new.10/include/genfitexp:/cvmfs/sphenix.sdcc.bnl.gov/alma9.2-gcc-14.2.0/release/release_new/new.10/include/XML:/cvmfs/sphenix.sdcc.bnl.gov/alma9.2-gcc-14.2.0/release/release_new/new.10/include/fbgemm:/cvmfs/sphenix.sdcc.bnl.gov/alma9.2-gcc-14.2.0/release/release_new/new.10/include/DDAlign:/cvmfs/sphenix.sdcc.bnl.gov/alma9.2-gcc-14.2.0/release/release_new/new.10/include/g4mvtx:/cvmfs/sphenix.sdcc.bnl.gov/alma9.2-gcc-14.2.0/release/release_new/new.10/include/kfparticle_sphenix:/cvmfs/sphenix.sdcc.bnl.gov/alma9.2-gcc-14.2.0/release/release_new/new.10/include/fun4all:/cvmfs/sphenix.sdcc.bnl.gov/alma9.2-gcc-14.2.0/release/release_new/new.10/include/intt:/cvmfs/sphenix.sdcc.bnl.gov/alma9.2-gcc-14.2.0/release/release_new/new.10/include/eventdisplay:/cvmfs/sphenix.sdcc.bnl.gov/alma9.2-gcc-14.2.0/release/release_new/new.10/include/EvtGen:/cvmfs/sphenix.sdcc.bnl.gov/alma9.2-gcc-14.2.0/release/release_new/new.10/include/Evaluator:/cvmfs/sphenix.sdcc.bnl.gov/alma9.2-gcc-14.2.0/release/release_new/new.10/include/tpc:/cvmfs/sphenix.sdcc.bnl.gov/alma9.2-gcc-14.2.0/release/release_new/new.10/include/GenFit:/cvmfs/sphenix.sdcc.bnl.gov/alma9.2-gcc-14.2.0/release/release_new/new.10/include/prototype4:/cvmfs/sphenix.sdcc.bnl.gov/alma9.2-gcc-14.2.0/release/release_new/new.10/include/caloembedding:/cvmfs/sphenix.sdcc.bnl.gov/alma9.2-gcc-14.2.0/release/release_new/new.10/include/EvtGenModels:/cvmfs/sphenix.sdcc.bnl.gov/alma9.2-gcc-14.2.0/release/release_new/new.10/include/fastjet:/cvmfs/sphenix.sdcc.bnl.gov/alma9.2-gcc-14.2.0/release/release_new/new.10/include/DDG4:/cvmfs/sphenix.sdcc.bnl.gov/alma9.2-gcc-14.2.0/release/release_new/new.10/include/mbd:/cvmfs/sphenix.sdcc.bnl.gov/alma9.2-gcc-14.2.0/release/release_new/new.10/include/tbb:/cvmfs/sphenix.sdcc.bnl.gov/alma9.2-gcc-14.2.0/release/release_new/new.10/include/phgeom:/cvmfs/sphenix.sdcc.bnl.gov/alma9.2-gcc-14.2.0/release/release_new/new.10/include/g4epd:/cvmfs/sphenix.sdcc.bnl.gov/alma9.2-gcc-14.2.0/release/release_new/new.10/include/oncal:/cvmfs/sphenix.sdcc.bnl.gov/alma9.2-gcc-14.2.0/release/release_new/new.10/include/pybind11:/cvmfs/sphenix.sdcc.bnl.gov/alma9.2-gcc-14.2.0/release/release_new/new.10/include/tpcdistgenerator:/cvmfs/sphenix.sdcc.bnl.gov/alma9.2-gcc-14.2.0/release/release_new/new.10/include/cdbobjects:/cvmfs/sphenix.sdcc.bnl.gov/alma9.2-gcc-14.2.0/release/release_new/new.10/include/g4micromegas:/cvmfs/sphenix.sdcc.bnl.gov/alma9.2-gcc-14.2.0/release/release_new/new.10/include/g4eval:/cvmfs/sphenix.sdcc.bnl.gov/alma9.2-gcc-14.2.0/release/release_new/new.10/include/jetbackground:/cvmfs/sphenix.sdcc.bnl.gov/alma9.2-gcc-14.2.0/release/release_new/new.10/include/micromegas:/cvmfs/sphenix.sdcc.bnl.gov/alma9.2-gcc-14.2.0/release/release_new/new.10/include/hftrackefficiency:/cvmfs/sphenix.sdcc.bnl.gov/alma9.2-gcc-14.2.0/release/release_new/new.10/include/inttrawhitqa:/cvmfs/sphenix.sdcc.bnl.gov/alma9.2-gcc-14.2.0/release/release_new/new.10/include/centrality:/cvmfs/sphenix.sdcc.bnl.gov/alma9.2-gcc-14.2.0/release/release_new/new.10/include/epd:/cvmfs/sphenix.sdcc.bnl.gov/alma9.2-gcc-14.2.0/release/release_new/new.10/include/caloreco:/cvmfs/sphenix.sdcc.bnl.gov/alma9.2-gcc-14.2.0/release/release_new/new.10/include/HepMC:/cvmfs/sphenix.sdcc.bnl.gov/alma9.2-gcc-14.2.0/release/release_new/new.10/include/CLHEP:/cvmfs/sphenix.sdcc.bnl.gov/alma9.2-gcc-14.2.0/release/release_new/new.10/include/Acts:/cvmfs/sphenix.sdcc.bnl.gov/alma9.2-gcc-14.2.0/release/release_new/new.10/include/g4histos:/cvmfs/sphenix.sdcc.bnl.gov/alma9.2-gcc-14.2.0/release/release_new/new.10/include/eventplaneinfo:/cvmfs/sphenix.sdcc.bnl.gov/alma9.2-gcc-14.2.0/release/release_new/new.10/include/fillspacechargemaps:/cvmfs/sphenix.sdcc.bnl.gov/alma9.2-gcc-14.2.0/release/release_new/new.10/include/phhepmc:/cvmfs/sphenix.sdcc.bnl.gov/alma9.2-gcc-14.2.0/release/release_new/new.10/include/trackingqa:/cvmfs/sphenix.sdcc.bnl.gov/alma9.2-gcc-14.2.0/release/release_new/new.10/include/qautils:/cvmfs/sphenix.sdcc.bnl.gov/alma9.2-gcc-14.2.0/release/release_new/new.10/include/trackreco:/cvmfs/sphenix.sdcc.bnl.gov/alma9.2-gcc-14.2.0/release/release_new/new.10/include/g4ohcal:/cvmfs/sphenix.sdcc.bnl.gov/alma9.2-gcc-14.2.0/release/release_new/new.10/include/tpcdvcalib:/cvmfs/sphenix.sdcc.bnl.gov/alma9.2-gcc-14.2.0/release/release_new/new.10/include/zdcinfo:/cvmfs/sphenix.sdcc.bnl.gov/alma9.2-gcc-14.2.0/release/release_new/new.10/include/phpythia8:/cvmfs/sphenix.sdcc.bnl.gov/alma9.2-gcc-14.2.0/release/release_new/new.10/include/fun4allutils:/cvmfs/sphenix.sdcc.bnl.gov/alma9.2-gcc-14.2.0/release/release_new/new.10/include/tpcqa:/cvmfs/sphenix.sdcc.bnl.gov/alma9.2-gcc-14.2.0/release/release_new/new.10/include/Pythia8:/cvmfs/sphenix.sdcc.bnl.gov/alma9.2-gcc-14.2.0/release/release_new/new.10/include/DDRec:/cvmfs/sphenix.sdcc.bnl.gov/alma9.2-gcc-14.2.0/release/release_new/new.10/include/DDDigi:/cvmfs/sphenix.sdcc.bnl.gov/alma9.2-gcc-14.2.0/release/release_new/new.10/include/g4ihcal:/cvmfs/sphenix.sdcc.bnl.gov/alma9.2-gcc-14.2.0/release/release_new/new.10/include/frog:/cvmfs/sphenix.sdcc.bnl.gov/alma9.2-gcc-14.2.0/release/release_new/new.10/include/eigen3:/cvmfs/sphenix.sdcc.bnl.gov/alma9.2-gcc-14.2.0/release/release_new/new.10/include/tensorpipe:/cvmfs/sphenix.sdcc.bnl.gov/alma9.2-gcc-14.2.0/release/release_new/new.10/include/sphenixnpc:/cvmfs/sphenix.sdcc.bnl.gov/alma9.2-gcc-14.2.0/release/release_new/new.10/include/siscone:/cvmfs/sphenix.sdcc.bnl.gov/alma9.2-gcc-14.2.0/release/release_new/new.10/include/pmonitor:/cvmfs/sphenix.sdcc.bnl.gov/alma9.2-gcc-14.2.0/release/release_new/new.10/include/calobase:/cvmfs/sphenix.sdcc.bnl.gov/alma9.2-gcc-14.2.0/release/release_new/new.10/include/ActsExamples:/cvmfs/sphenix.sdcc.bnl.gov/alma9.2-gcc-14.2.0/release/release_new/new.10/include/g4gdml:/cvmfs/sphenix.sdcc.bnl.gov/alma9.2-gcc-14.2.0/release/release_new/new.10/include/mvtx_decoder:/cvmfs/sphenix.sdcc.bnl.gov/alma9.2-gcc-14.2.0/release/release_new/new.10/include/ROOT:/cvmfs/sphenix.sdcc.bnl.gov/alma9.2-gcc-14.2.0/release/release_new/new.10/include/phparameter:/cvmfs/sphenix.sdcc.bnl.gov/alma9.2-gcc-14.2.0/release/release_new/new.10/include/rsa:/cvmfs/sphenix.sdcc.bnl.gov/alma9.2-gcc-14.2.0/release/release_new/new.10/include/fun4allraw:/cvmfs/sphenix.sdcc.bnl.gov/alma9.2-gcc-14.2.0/release/release_new/new.10/include/trackbase_historic:/cvmfs/sphenix.sdcc.bnl.gov/alma9.2-gcc-14.2.0/release/release_new/new.10/include/g4jets:/cvmfs/sphenix.sdcc.bnl.gov/alma9.2-gcc-14.2.0/release/release_new/new.10/include/jetqa:/cvmfs/sphenix.sdcc.bnl.gov/alma9.2-gcc-14.2.0/release/release_new/new.10/include/phoolraw:/cvmfs/sphenix.sdcc.bnl.gov/alma9.2-gcc-14.2.0/release/release_new/new.10/include/g4calo:/cvmfs/sphenix.sdcc.bnl.gov/alma9.2-gcc-14.2.0/release/release_new/new.10/include/mvtxrawhitqa:/cvmfs/sphenix.sdcc.bnl.gov/alma9.2-gcc-14.2.0/release/release_new/new.10/include/HepMC3:/cvmfs/sphenix.sdcc.bnl.gov/alma9.2-gcc-14.2.0/release/release_new/new.10/include/calowaveformsim:/cvmfs/sphenix.sdcc.bnl.gov/alma9.2-gcc-14.2.0/release/release_new/new.10/include/g4caloprototype:/cvmfs/sphenix.sdcc.bnl.gov/alma9.2-gcc-14.2.0/release/release_new/new.10/include/pdbcalbase:/cvmfs/sphenix.sdcc.bnl.gov/alma9.2-gcc-14.2.0/release/release_new/new.10/include/gsl:/cvmfs/sphenix.sdcc.bnl.gov/alma9.2-gcc-14.2.0/release/release_new/new.10/include/nodedump:/cvmfs/sphenix.sdcc.bnl.gov/alma9.2-gcc-14.2.0/release/release_new/new.10/include/emcnoisytowerfinder:/cvmfs/sphenix.sdcc.bnl.gov/alma9.2-gcc-14.2.0/release/release_new/new.10/include/ActsFatras:/cvmfs/sphenix.sdcc.bnl.gov/alma9.2-gcc-14.2.0/release/release_new/new.10/include/ffarawmodules:/cvmfs/sphenix.sdcc.bnl.gov/alma9.2-gcc-14.2.0/release/release_new/new.10/include/Event:/cvmfs/sphenix.sdcc.bnl.gov/alma9.2-gcc-14.2.0/release/release_new/new.10/include/prototype3:/cvmfs/sphenix.sdcc.bnl.gov/alma9.2-gcc-14.2.0/release/release_new/new.10/include/fermimotionafterburner:/cvmfs/sphenix.sdcc.bnl.gov/alma9.2-gcc-14.2.0/release/release_new/new.10/include/Photos:/cvmfs/sphenix.sdcc.bnl.gov/alma9.2-gcc-14.2.0/release/release_new/new.10/include/xingshiftcal:/cvmfs/sphenix.sdcc.bnl.gov/alma9.2-gcc-14.2.0/release/release_new/new.10/include/trackbase:/cvmfs/sphenix.sdcc.bnl.gov/alma9.2-gcc-14.2.0/release/release_new/new.10/include/jetdstskimmer:/cvmfs/sphenix.sdcc.bnl.gov/alma9.2-gcc-14.2.0/release/release_new/new.10/include/clusteriso:/cvmfs/sphenix.sdcc.bnl.gov/alma9.2-gcc-14.2.0/release/release_new/new.10/include/asmjit:/cvmfs/sphenix.sdcc.bnl.gov/alma9.2-gcc-14.2.0/release/release_new/new.10/include/particleflowreco:/cvmfs/sphenix.sdcc.bnl.gov/alma9.2-gcc-14.2.0/release/release_new/new.10/include/tpchittrackdisplay:/cvmfs/sphenix.sdcc.bnl.gov/alma9.2-gcc-14.2.0/release/release_new/new.10/include/caloana:/cvmfs/sphenix.sdcc.bnl.gov/alma9.2-gcc-14.2.0/release/release_new/new.10/include/calotrigger:/cvmfs/sphenix.sdcc.bnl.gov/alma9.2-gcc-14.2.0/release/release_new/new.10/include/nopayloadclient:/cvmfs/sphenix.sdcc.bnl.gov/alma9.2-gcc-14.2.0/release/release_new/new.10/include/trackermillepedealignment:/cvmfs/sphenix.sdcc.bnl.gov/alma9.2-gcc-14.2.0/release/release_new/new.10/include/DD4hep:/cvmfs/sphenix.sdcc.bnl.gov/alma9.2-gcc-14.2.0/release/release_new/new.10/include/g4trackfastsim:/cvmfs/sphenix.sdcc.bnl.gov/alma9.2-gcc-14.2.0/release/release_new/new.10/include/prototype2:/cvmfs/sphenix.sdcc.bnl.gov/alma9.2-gcc-14.2.0/release/release_new/new.10/include/ATen:/cvmfs/sphenix.sdcc.bnl.gov/alma9.2-gcc-14.2.0/release/release_new/new.10/include/g4main:/cvmfs/sphenix.sdcc.bnl.gov/alma9.2-gcc-14.2.0/release/release_new/new.10/include/Tauola:/cvmfs/sphenix.sdcc.bnl.gov/alma9.2-gcc-14.2.0/release/release_new/new.10/include/inttcalib:/cvmfs/sphenix.sdcc.bnl.gov/alma9.2-gcc-14.2.0/release/release_new/new.10/include/reactionplaneafterburner:/cvmfs/sphenix.sdcc.bnl.gov/alma9.2-gcc-14.2.0/release/release_new/new.10/include/globalqa:/cvmfs/sphenix.sdcc.bnl.gov/alma9.2-gcc-14.2.0/release/release_new/new.10/include/tpccalib:/cvmfs/sphenix.sdcc.bnl.gov/alma9.2-gcc-14.2.0/release/release_new/new.10/include/DDSegmentation:/cvmfs/sphenix.sdcc.bnl.gov/alma9.2-gcc-14.2.0/release/release_new/new.10/include/decayfinder:/cvmfs/sphenix.sdcc.bnl.gov/alma9.2-gcc-14.2.0/release/release_new/new.10/include/compressclus:/cvmfs/sphenix.sdcc.bnl.gov/alma9.2-gcc-14.2.0/release/release_new/new.10/include/simqa_modules:/cvmfs/sphenix.sdcc.bnl.gov/alma9.2-gcc-14.2.0/release/release_new/new.10/include/resonancejettagging:/cvmfs/sphenix.sdcc.bnl.gov/alma9.2-gcc-14.2.0/release/release_new/new.10/include/g4centrality:/cvmfs/sphenix.sdcc.bnl.gov/alma9.2-gcc-14.2.0/release/release_new/new.10/include/mvtx:/cvmfs/sphenix.sdcc.bnl.gov/alma9.2-gcc-14.2.0/release/release_new/new.10/include/nlohmann:/cvmfs/sphenix.sdcc.bnl.gov/alma9.2-gcc-14.2.0/release/release_new/new.10/include/localpoloffmon:/cvmfs/sphenix.sdcc.bnl.gov/alma9.2-gcc-14.2.0/release/release_new/new.10/include/DDEve:/cvmfs/sphenix.sdcc.bnl.gov/alma9.2-gcc-14.2.0/release/release_new/new.10/include/Parsers:/cvmfs/sphenix.sdcc.bnl.gov/alma9.2-gcc-14.2.0/release/release_new/new.10/include/trackingdiagnostics:/cvmfs/sphenix.sdcc.bnl.gov/alma9.2-gcc-14.2.0/release/release_new/new.10/include/g4vertex:/cvmfs/sphenix.sdcc.bnl.gov/alma9.2-gcc-14.2.0/release/release_new/new.10/include/jetbase:/cvmfs/sphenix.sdcc.bnl.gov/alma9.2-gcc-14.2.0/release/release_new/new.10/include/globalvertex:/cvmfs/sphenix.sdcc.bnl.gov/alma9.2-gcc-14.2.0/release/release_new/new.10/include/phgenfit:/cvmfs/sphenix.sdcc.bnl.gov/alma9.2-gcc-14.2.0/release/release_new/new.10/include/rawbcolumi:/cvmfs/sphenix.sdcc.bnl.gov/alma9.2-gcc-14.2.0/release/release_new/new.10/include/eicsmear:/cvmfs/sphenix.sdcc.bnl.gov/alma9.2-gcc-14.2.0/release/release_new/new.10/include/mvtxcalib:/cvmfs/sphenix.sdcc.bnl.gov/alma9.2-gcc-14.2.0/release/release_new/new.10/include/tpclinelaserdiode:/cvmfs/sphenix.sdcc.bnl.gov/alma9.2-gcc-14.2.0/release/release_new/new.10/include/hepmcjettrigger:/cvmfs/sphenix.sdcc.bnl.gov/alma9.2-gcc-14.2.0/release/release_new/new.10/include/core:/cvmfs/sphenix.sdcc.bnl.gov/alma9.2-gcc-14.2.0/release/release_new/new.10/include/calo_cdb:/cvmfs/sphenix.sdcc.bnl.gov/alma9.2-gcc-14.2.0/release/release_new/new.10/include/mvtxclustershapesqa:/cvmfs/sphenix.sdcc.bnl.gov/alma9.2-gcc-14.2.0/release/release_new/new.10/include/calopacketskimmer:/cvmfs/sphenix.sdcc.bnl.gov/alma9.2-gcc-14.2.0/opt/sphenix/core/geant4.10.07.p04/include:/cvmfs/sphenix.sdcc.bnl.gov/alma9.2-gcc-14.2.0/release/release_new/new.10/rootmacros:/cvmfs/sphenix.sdcc.bnl.gov/alma9.2-gcc-14.2.0/opt/sphenix/core/include
GSEARCHPATH=.:PG:LUSTRE:RAWDATA
PWD=/gpfs/mnt/gpfs02/sphenix/user/samfred/run25/ppg11/histmaking
LOGNAME=samfred
_CONDOR_JOB_AD=/home/condor/local/sphnx/execute/dir_2587365/.job.ad
MANPATH=/cvmfs/sphenix.sdcc.bnl.gov/alma9.2-gcc-14.2.0/opt/sphenix/core/gcc/14.2.0-2f0a0/x86_64-el9/share/man:/cvmfs/sphenix.sdcc.bnl.gov/alma9.2-gcc-14.2.0/opt/sphenix/core/binutils/2.40-acaab/x86_64-el9/share/man:/cvmfs/sphenix.sdcc.bnl.gov/alma9.2-gcc-14.2.0/release/release_new/new.10/share/man:/cvmfs/sphenix.sdcc.bnl.gov/alma9.2-gcc-14.2.0/opt/sphenix/utils/share/man:/cvmfs/sphenix.sdcc.bnl.gov/alma9.2-gcc-14.2.0/opt/sphenix/core/share/man:/cvmfs/sphenix.sdcc.bnl.gov/alma9.2-gcc-14.2.0/opt/sphenix/core/root-6.32.06/man:/usr/local/share/man:/usr/share/man
_CONDOR_ANCESTOR_322669=322704:1756523317:798585134
PYTHIA8=/cvmfs/sphenix.sdcc.bnl.gov/alma9.2-gcc-14.2.0/release/release_new/new.10/share/Pythia8
G4INCLDATA=/cvmfs/sphenix.sdcc.bnl.gov/alma9.2-gcc-14.2.0/opt/sphenix/core/geant4.10.07.p04/share/Geant4-10.7.4/data/G4INCL1.0
ORIG_PATH=/usr/local/bin:/usr/bin
CXX=/cvmfs/sphenix.sdcc.bnl.gov/alma9.2-gcc-14.2.0/opt/sphenix/core/gcc/14.2.0-2f0a0/x86_64-el9/bin/g++
G4LEDATA=/cvmfs/sphenix.sdcc.bnl.gov/alma9.2-gcc-14.2.0/opt/sphenix/core/geant4.10.07.p04/share/Geant4-10.7.4/data/G4EMLOW7.13
PYTHON_CPU_COUNT=1
OPENBLAS_NUM_THREADS=1
_CONDOR_BIN=/usr/bin
_CONDOR_ANCESTOR_2587365=2593481:1759352712:552565155
HOME=/sphenix/u/samfred
G4PARTICLEXSDATA=/cvmfs/sphenix.sdcc.bnl.gov/alma9.2-gcc-14.2.0/opt/sphenix/core/geant4.10.07.p04/share/Geant4-10.7.4/data/G4PARTICLEXS3.1.1
ONLINE_MAIN=/cvmfs/sphenix.sdcc.bnl.gov/alma9.2-gcc-14.2.0/release/release_new/new.10
CALIBRATIONROOT=/cvmfs/sphenix.sdcc.bnl.gov/alma9.2-gcc-14.2.0/release/release_new/new.10/share/calibrations
TMPDIR=/tmp
_CONDOR_SCRATCH_DIR=/home/condor/local/sphnx/execute/dir_2587365
PGUSER=phnxrc
NOPAYLOADCLIENT_CONF=/cvmfs/sphenix.sdcc.bnl.gov/alma9.2-gcc-14.2.0/opt/sphenix/core/etc/sPHENIX_newcdb.json
XERCESCROOT=/cvmfs/sphenix.sdcc.bnl.gov/alma9.2-gcc-14.2.0/opt/sphenix/core/geant4.10.07.p04
LHAPATH=/cvmfs/sphenix.sdcc.bnl.gov/alma9.2-gcc-14.2.0/opt/sphenix/core/lhapdf-5.9.1/share/lhapdf/PDFsets
G4NEUTRONHPDATA=/cvmfs/sphenix.sdcc.bnl.gov/alma9.2-gcc-14.2.0/opt/sphenix/core/geant4.10.07.p04/share/Geant4-10.7.4/data/G4NDL4.6
PYTHONPATH=.:/cvmfs/sphenix.sdcc.bnl.gov/alma9.2-gcc-14.2.0/release/release_new/new.10/lib/python3.13/site-packages:/cvmfs/sphenix.sdcc.bnl.gov/alma9.2-gcc-14.2.0/opt/sphenix/core/lib/python3.13/site-packages:/cvmfs/sphenix.sdcc.bnl.gov/alma9.2-gcc-14.2.0/opt/sphenix/core/root-6.32.06/lib
USER=samfred
_CONDOR_JOB_PIDS=
TEMP=/tmp
GOMAXPROCS=1
OFFLINE_MAIN=/cvmfs/sphenix.sdcc.bnl.gov/alma9.2-gcc-14.2.0/release/release_new/new.10
SHLVL=1
TF_NUM_THREADS=1
G4SAIDXSDATA=/cvmfs/sphenix.sdcc.bnl.gov/alma9.2-gcc-14.2.0/opt/sphenix/core/geant4.10.07.p04/share/Geant4-10.7.4/data/G4SAIDDATA2.0
APPTAINER_CACHEDIR=/home/condor/local/sphnx/execute/dir_2587365
ROOTSYS=/cvmfs/sphenix.sdcc.bnl.gov/alma9.2-gcc-14.2.0/opt/sphenix/core/root-6.32.06
BATCH_SYSTEM=HTCondor
_CONDOR_SLOT=slot1_40
LD_LIBRARY_PATH=/sphenix/user/samfred/run25/install//lib:/cvmfs/sphenix.sdcc.bnl.gov/alma9.2-gcc-14.2.0/opt/sphenix/core/gcc/14.2.0-2f0a0/x86_64-el9/lib:/cvmfs/sphenix.sdcc.bnl.gov/alma9.2-gcc-14.2.0/opt/sphenix/core/gcc/14.2.0-2f0a0/x86_64-el9/lib64:/cvmfs/sphenix.sdcc.bnl.gov/alma9.2-gcc-14.2.0/opt/sphenix/core/binutils/2.40-acaab/x86_64-el9/lib:.:/cvmfs/sphenix.sdcc.bnl.gov/alma9.2-gcc-14.2.0/release/release_new/new.10/lib64:/cvmfs/sphenix.sdcc.bnl.gov/alma9.2-gcc-14.2.0/release/release_new/new.10/lib:/cvmfs/sphenix.sdcc.bnl.gov/alma9.2-gcc-14.2.0/opt/sphenix/utils/lib:/cvmfs/sphenix.sdcc.bnl.gov/alma9.2-gcc-14.2.0/opt/sphenix/core/lib:/cvmfs/sphenix.sdcc.bnl.gov/alma9.2-gcc-14.2.0/opt/sphenix/core/root-6.32.06/lib:/cvmfs/sphenix.sdcc.bnl.gov/alma9.2-gcc-14.2.0/opt/sphenix/core/geant4.10.07.p04/lib64:/cvmfs/sphenix.sdcc.bnl.gov/alma9.2-gcc-14.2.0/opt/sphenix/core/lhapdf-5.9.1/lib:/usr/local/lib64:/usr/lib64
OPT_SPHENIX=/cvmfs/sphenix.sdcc.bnl.gov/alma9.2-gcc-14.2.0/opt/sphenix/core
TF_LOOP_PARALLEL_ITERATIONS=1
EVT_LIB=/cvmfs/sphenix.sdcc.bnl.gov/alma9.2-gcc-14.2.0/opt/sphenix/core/root-6.32.06/lib
PGHOST=sphnxdbmaster.sdcc.bnl.gov
OMP_NUM_THREADS=1
G4REALSURFACEDATA=/cvmfs/sphenix.sdcc.bnl.gov/alma9.2-gcc-14.2.0/opt/sphenix/core/geant4.10.07.p04/share/Geant4-10.7.4/data/RealSurface2.2
FC=/cvmfs/sphenix.sdcc.bnl.gov/alma9.2-gcc-14.2.0/opt/sphenix/core/gcc/14.2.0-2f0a0/x86_64-el9/bin/gfortran
G4ABLADATA=/cvmfs/sphenix.sdcc.bnl.gov/alma9.2-gcc-14.2.0/opt/sphenix/core/geant4.10.07.p04/share/Geant4-10.7.4/data/G4ABLA3.1
PARASOFT=doesnotexist
TMP=/tmp
OPT_UTILS=/cvmfs/sphenix.sdcc.bnl.gov/alma9.2-gcc-14.2.0/opt/sphenix/utils
CONFIG_SITE=/cvmfs/sphenix.sdcc.bnl.gov/alma9.2-gcc-14.2.0/opt/sphenix/core/etc/config.site
PATH=/sphenix/user/samfred/run25/install//bin:/cvmfs/sphenix.sdcc.bnl.gov/alma9.2-gcc-14.2.0/opt/sphenix/core/gcc/14.2.0-2f0a0/x86_64-el9/bin:/cvmfs/sphenix.sdcc.bnl.gov/alma9.2-gcc-14.2.0/opt/sphenix/core/binutils/2.40-acaab/x86_64-el9/bin:.:/cvmfs/sphenix.sdcc.bnl.gov/alma9.2-gcc-14.2.0/release/release_new/new.10/bin:/cvmfs/sphenix.sdcc.bnl.gov/alma9.2-gcc-14.2.0/opt/sphenix/utils/bin:/cvmfs/sphenix.sdcc.bnl.gov/alma9.2-gcc-14.2.0/opt/sphenix/core/bin:/cvmfs/sphenix.sdcc.bnl.gov/alma9.2-gcc-14.2.0/opt/sphenix/core/root-6.32.06/bin:/cvmfs/sphenix.sdcc.bnl.gov/alma9.2-gcc-14.2.0/opt/sphenix/core/geant4.10.07.p04/bin:/usr/local/bin:/usr/bin:/usr/local/sbin:/usr/sbin
G4LEVELGAMMADATA=/cvmfs/sphenix.sdcc.bnl.gov/alma9.2-gcc-14.2.0/opt/sphenix/core/geant4.10.07.p04/share/Geant4-10.7.4/data/PhotonEvaporation5.7
_CONDOR_ANCESTOR_322704=2587365:1759352712:41875380
CC=/cvmfs/sphenix.sdcc.bnl.gov/alma9.2-gcc-14.2.0/opt/sphenix/core/gcc/14.2.0-2f0a0/x86_64-el9/bin/gcc
G4RADIOACTIVEDATA=/cvmfs/sphenix.sdcc.bnl.gov/alma9.2-gcc-14.2.0/opt/sphenix/core/geant4.10.07.p04/share/Geant4-10.7.4/data/RadioactiveDecay5.6
JULIA_NUM_THREADS=1
MKL_NUM_THREADS=1
LHAPDF_DATA_PATH=/cvmfs/sphenix.sdcc.bnl.gov/alma9.2-gcc-14.2.0/release/release_new/new.10/share/LHAPDF
XPLOAD_CONFIG_DIR=/cvmfs/sphenix.sdcc.bnl.gov/alma9.2-gcc-14.2.0/opt/sphenix/core/etc
OLDPWD=/cvmfs/sphenix.sdcc.bnl.gov/alma9.2-gcc-14.2.0/release/release_new/new.10/geant4
_=/usr/bin/printenv
runnumber...
50597
trigger...

   ------------------------------------------------------------------
  | Welcome to ROOT 6.32.06                        https://root.cern |
  | (c) 1995-2024, The ROOT Team; conception: R. Brun, F. Rademakers |
  | Built for linuxx8664gcc on Dec 13 2024, 17:23:48                 |
  | From tags/6-32-06@6-32-06                                        |
  | With g++ (GCC) 14.2.0                                            |
  | Try '.help'/'.?', '.demo', '.license', '.credits', '.quit'/'.q'  |
   ------------------------------------------------------------------


Processing data_histmaker.C(50597)...
entry 2000/3282392 (0.0609312%)
entry 3000/3282392 (0.0913968%)
entry 5000/3282392 (0.152328%)
entry 8000/3282392 (0.243725%)
entry 10000/3282392 (0.304656%)
entry 11000/3282392 (0.335121%)
entry 18000/3282392 (0.548381%)
entry 20000/3282392 (0.609312%)
entry 21000/3282392 (0.639777%)
entry 22000/3282392 (0.670243%)
entry 24000/3282392 (0.731174%)
entry 27000/3282392 (0.822571%)
entry 33000/3282392 (1.00536%)
entry 34000/3282392 (1.03583%)
entry 45000/3282392 (1.37095%)
entry 48000/3282392 (1.46235%)
entry 49000/3282392 (1.49281%)
entry 55000/3282392 (1.67561%)
entry 57000/3282392 (1.73654%)
entry 58000/3282392 (1.767%)
entry 59000/3282392 (1.79747%)
entry 66000/3282392 (2.01073%)
entry 67000/3282392 (2.04119%)
entry 71000/3282392 (2.16306%)
entry 73000/3282392 (2.22399%)
entry 75000/3282392 (2.28492%)
entry 80000/3282392 (2.43725%)
entry 81000/3282392 (2.46771%)
entry 82000/3282392 (2.49818%)
entry 86000/3282392 (2.62004%)
entry 87000/3282392 (2.65051%)
entry 90000/3282392 (2.7419%)
entry 91000/3282392 (2.77237%)
entry 95000/3282392 (2.89423%)
entry 96000/3282392 (2.9247%)
entry 98000/3282392 (2.98563%)
entry 101000/3282392 (3.07702%)
entry 102000/3282392 (3.10749%)
entry 105000/3282392 (3.19889%)
entry 108000/3282392 (3.29028%)
entry 109000/3282392 (3.32075%)
entry 111000/3282392 (3.38168%)
entry 112000/3282392 (3.41215%)
entry 113000/3282392 (3.44261%)
entry 115000/3282392 (3.50354%)
entry 116000/3282392 (3.53401%)
entry 117000/3282392 (3.56447%)
entry 122000/3282392 (3.7168%)
entry 123000/3282392 (3.74727%)
entry 128000/3282392 (3.8996%)
entry 129000/3282392 (3.93006%)
entry 130000/3282392 (3.96053%)
entry 131000/3282392 (3.99099%)
entry 132000/3282392 (4.02146%)
entry 135000/3282392 (4.11285%)
entry 139000/3282392 (4.23472%)
entry 143000/3282392 (4.35658%)
entry 149000/3282392 (4.53937%)
entry 155000/3282392 (4.72217%)
entry 160000/3282392 (4.87449%)
entry 167000/3282392 (5.08775%)
entry 169000/3282392 (5.14868%)
entry 170000/3282392 (5.17915%)
entry 176000/3282392 (5.36194%)
entry 177000/3282392 (5.39241%)
entry 178000/3282392 (5.42287%)
entry 179000/3282392 (5.45334%)
entry 180000/3282392 (5.48381%)
entry 184000/3282392 (5.60567%)
entry 185000/3282392 (5.63613%)
entry 189000/3282392 (5.758%)
entry 190000/3282392 (5.78846%)
entry 191000/3282392 (5.81893%)
entry 192000/3282392 (5.84939%)
entry 193000/3282392 (5.87986%)
entry 196000/3282392 (5.97126%)
entry 198000/3282392 (6.03219%)
entry 202000/3282392 (6.15405%)
entry 205000/3282392 (6.24545%)
entry 211000/3282392 (6.42824%)
entry 213000/3282392 (6.48917%)
entry 218000/3282392 (6.6415%)
entry 221000/3282392 (6.73289%)
entry 224000/3282392 (6.82429%)
entry 227000/3282392 (6.91569%)
entry 229000/3282392 (6.97662%)
entry 232000/3282392 (7.06802%)
entry 240000/3282392 (7.31174%)
entry 241000/3282392 (7.34221%)
entry 245000/3282392 (7.46407%)
entry 247000/3282392 (7.525%)
entry 248000/3282392 (7.55547%)
entry 251000/3282392 (7.64686%)
entry 252000/3282392 (7.67733%)
entry 253000/3282392 (7.70779%)
entry 256000/3282392 (7.79919%)
entry 258000/3282392 (7.86012%)
entry 267000/3282392 (8.13431%)
entry 268000/3282392 (8.16478%)
entry 273000/3282392 (8.31711%)
entry 275000/3282392 (8.37804%)
entry 276000/3282392 (8.4085%)
entry 277000/3282392 (8.43897%)
entry 279000/3282392 (8.4999%)
entry 284000/3282392 (8.65223%)
entry 285000/3282392 (8.68269%)
entry 296000/3282392 (9.01781%)
entry 300000/3282392 (9.13968%)
entry 301000/3282392 (9.17014%)
entry 304000/3282392 (9.26154%)
entry 307000/3282392 (9.35294%)
entry 309000/3282392 (9.41387%)
entry 311000/3282392 (9.4748%)
entry 313000/3282392 (9.53573%)
entry 315000/3282392 (9.59666%)
entry 316000/3282392 (9.62713%)
entry 318000/3282392 (9.68806%)
entry 324000/3282392 (9.87085%)
entry 326000/3282392 (9.93178%)
entry 327000/3282392 (9.96225%)
entry 330000/3282392 (10.0536%)
entry 331000/3282392 (10.0841%)
entry 332000/3282392 (10.1146%)
entry 341000/3282392 (10.3888%)
entry 348000/3282392 (10.602%)
entry 350000/3282392 (10.663%)
entry 353000/3282392 (10.7544%)
entry 359000/3282392 (10.9371%)
entry 363000/3282392 (11.059%)
entry 364000/3282392 (11.0895%)
entry 366000/3282392 (11.1504%)
entry 369000/3282392 (11.2418%)
entry 371000/3282392 (11.3027%)
entry 373000/3282392 (11.3637%)
entry 374000/3282392 (11.3941%)
entry 379000/3282392 (11.5465%)
entry 382000/3282392 (11.6379%)
entry 384000/3282392 (11.6988%)
entry 385000/3282392 (11.7293%)
entry 387000/3282392 (11.7902%)
entry 391000/3282392 (11.912%)
entry 405000/3282392 (12.3386%)
entry 407000/3282392 (12.3995%)
entry 412000/3282392 (12.5518%)
entry 415000/3282392 (12.6432%)
entry 421000/3282392 (12.826%)
entry 423000/3282392 (12.8869%)
entry 433000/3282392 (13.1916%)
entry 439000/3282392 (13.3744%)
entry 440000/3282392 (13.4049%)
entry 442000/3282392 (13.4658%)
entry 446000/3282392 (13.5877%)
entry 447000/3282392 (13.6181%)
entry 448000/3282392 (13.6486%)
entry 451000/3282392 (13.74%)
entry 454000/3282392 (13.8314%)
entry 457000/3282392 (13.9228%)
entry 461000/3282392 (14.0446%)
entry 462000/3282392 (14.0751%)
entry 465000/3282392 (14.1665%)
entry 478000/3282392 (14.5626%)
entry 481000/3282392 (14.6539%)
entry 482000/3282392 (14.6844%)
entry 485000/3282392 (14.7758%)
entry 490000/3282392 (14.9281%)
entry 491000/3282392 (14.9586%)
entry 500000/3282392 (15.2328%)
entry 505000/3282392 (15.3851%)
entry 508000/3282392 (15.4765%)
entry 509000/3282392 (15.507%)
entry 512000/3282392 (15.5984%)
entry 514000/3282392 (15.6593%)
entry 516000/3282392 (15.7202%)
entry 518000/3282392 (15.7812%)
entry 522000/3282392 (15.903%)
entry 523000/3282392 (15.9335%)
entry 532000/3282392 (16.2077%)
entry 534000/3282392 (16.2686%)
entry 542000/3282392 (16.5123%)
entry 543000/3282392 (16.5428%)
entry 544000/3282392 (16.5733%)
entry 549000/3282392 (16.7256%)
entry 554000/3282392 (16.8779%)
entry 555000/3282392 (16.9084%)
entry 561000/3282392 (17.0912%)
entry 567000/3282392 (17.274%)
entry 568000/3282392 (17.3045%)
entry 569000/3282392 (17.3349%)
entry 573000/3282392 (17.4568%)
entry 574000/3282392 (17.4872%)
entry 575000/3282392 (17.5177%)
entry 578000/3282392 (17.6091%)
entry 587000/3282392 (17.8833%)
entry 589000/3282392 (17.9442%)
entry 590000/3282392 (17.9747%)
entry 591000/3282392 (18.0052%)
entry 594000/3282392 (18.0966%)
entry 599000/3282392 (18.2489%)
entry 608000/3282392 (18.5231%)
entry 610000/3282392 (18.584%)
entry 612000/3282392 (18.6449%)
entry 616000/3282392 (18.7668%)
entry 618000/3282392 (18.8277%)
entry 620000/3282392 (18.8887%)
entry 621000/3282392 (18.9191%)
entry 626000/3282392 (19.0715%)
entry 627000/3282392 (19.1019%)
entry 630000/3282392 (19.1933%)
entry 633000/3282392 (19.2847%)
entry 635000/3282392 (19.3456%)
entry 636000/3282392 (19.3761%)
entry 638000/3282392 (19.437%)
entry 639000/3282392 (19.4675%)
entry 640000/3282392 (19.498%)
entry 642000/3282392 (19.5589%)
entry 644000/3282392 (19.6198%)
entry 654000/3282392 (19.9245%)
entry 656000/3282392 (19.9854%)
entry 657000/3282392 (20.0159%)
entry 659000/3282392 (20.0768%)
entry 660000/3282392 (20.1073%)
entry 662000/3282392 (20.1682%)
entry 663000/3282392 (20.1987%)
entry 664000/3282392 (20.2292%)
entry 665000/3282392 (20.2596%)
entry 669000/3282392 (20.3815%)
entry 672000/3282392 (20.4729%)
entry 679000/3282392 (20.6861%)
entry 680000/3282392 (20.7166%)
entry 681000/3282392 (20.7471%)
entry 690000/3282392 (21.0213%)
entry 691000/3282392 (21.0517%)
entry 693000/3282392 (21.1127%)
entry 695000/3282392 (21.1736%)
entry 698000/3282392 (21.265%)
entry 700000/3282392 (21.3259%)
entry 701000/3282392 (21.3564%)
entry 704000/3282392 (21.4478%)
entry 705000/3282392 (21.4782%)
entry 707000/3282392 (21.5392%)
entry 708000/3282392 (21.5696%)
entry 711000/3282392 (21.661%)
entry 713000/3282392 (21.722%)
entry 715000/3282392 (21.7829%)
entry 716000/3282392 (21.8134%)
entry 722000/3282392 (21.9962%)
entry 726000/3282392 (22.118%)
entry 727000/3282392 (22.1485%)
entry 728000/3282392 (22.1789%)
entry 729000/3282392 (22.2094%)
entry 733000/3282392 (22.3313%)
entry 740000/3282392 (22.5445%)
entry 744000/3282392 (22.6664%)
entry 745000/3282392 (22.6969%)
entry 746000/3282392 (22.7273%)
entry 750000/3282392 (22.8492%)
entry 752000/3282392 (22.9101%)
entry 753000/3282392 (22.9406%)
entry 758000/3282392 (23.0929%)
entry 761000/3282392 (23.1843%)
entry 762000/3282392 (23.2148%)
entry 768000/3282392 (23.3976%)
entry 769000/3282392 (23.428%)
entry 770000/3282392 (23.4585%)
entry 771000/3282392 (23.489%)
entry 774000/3282392 (23.5804%)
entry 777000/3282392 (23.6718%)
entry 781000/3282392 (23.7936%)
entry 784000/3282392 (23.885%)
entry 786000/3282392 (23.946%)
entry 787000/3282392 (23.9764%)
entry 788000/3282392 (24.0069%)
entry 790000/3282392 (24.0678%)
entry 792000/3282392 (24.1287%)
entry 795000/3282392 (24.2201%)
entry 796000/3282392 (24.2506%)
entry 797000/3282392 (24.2811%)
entry 799000/3282392 (24.342%)
entry 803000/3282392 (24.4639%)
entry 805000/3282392 (24.5248%)
entry 808000/3282392 (24.6162%)
entry 809000/3282392 (24.6467%)
entry 811000/3282392 (24.7076%)
entry 823000/3282392 (25.0732%)
entry 826000/3282392 (25.1646%)
entry 829000/3282392 (25.256%)
entry 836000/3282392 (25.4692%)
entry 837000/3282392 (25.4997%)
entry 838000/3282392 (25.5302%)
entry 843000/3282392 (25.6825%)
entry 853000/3282392 (25.9871%)
entry 866000/3282392 (26.3832%)
entry 867000/3282392 (26.4137%)
entry 870000/3282392 (26.5051%)
entry 871000/3282392 (26.5355%)
entry 873000/3282392 (26.5965%)
entry 882000/3282392 (26.8706%)
entry 884000/3282392 (26.9316%)
entry 885000/3282392 (26.962%)
entry 886000/3282392 (26.9925%)
entry 889000/3282392 (27.0839%)
entry 891000/3282392 (27.1448%)
entry 895000/3282392 (27.2667%)
entry 896000/3282392 (27.2972%)
entry 898000/3282392 (27.3581%)
entry 899000/3282392 (27.3886%)
entry 901000/3282392 (27.4495%)
entry 904000/3282392 (27.5409%)
entry 906000/3282392 (27.6018%)
entry 908000/3282392 (27.6628%)
entry 910000/3282392 (27.7237%)
entry 912000/3282392 (27.7846%)
entry 920000/3282392 (28.0283%)
entry 924000/3282392 (28.1502%)
entry 927000/3282392 (28.2416%)
entry 932000/3282392 (28.3939%)
entry 936000/3282392 (28.5158%)
entry 937000/3282392 (28.5463%)
entry 939000/3282392 (28.6072%)
entry 945000/3282392 (28.79%)
entry 946000/3282392 (28.8204%)
entry 948000/3282392 (28.8814%)
entry 950000/3282392 (28.9423%)
entry 951000/3282392 (28.9728%)
entry 952000/3282392 (29.0032%)
entry 956000/3282392 (29.1251%)
entry 958000/3282392 (29.186%)
entry 959000/3282392 (29.2165%)
entry 961000/3282392 (29.2774%)
entry 964000/3282392 (29.3688%)
entry 972000/3282392 (29.6126%)
entry 973000/3282392 (29.643%)
entry 974000/3282392 (29.6735%)
entry 976000/3282392 (29.7344%)
entry 981000/3282392 (29.8867%)
entry 996000/3282392 (30.3437%)
entry 1008000/3282392 (30.7093%)
entry 1011000/3282392 (30.8007%)
entry 1022000/3282392 (31.1358%)
entry 1023000/3282392 (31.1663%)
entry 1025000/3282392 (31.2272%)
entry 1030000/3282392 (31.3796%)
entry 1033000/3282392 (31.471%)
entry 1034000/3282392 (31.5014%)
entry 1035000/3282392 (31.5319%)
entry 1037000/3282392 (31.5928%)
entry 1042000/3282392 (31.7451%)
entry 1050000/3282392 (31.9889%)
entry 1052000/3282392 (32.0498%)
entry 1053000/3282392 (32.0803%)
entry 1058000/3282392 (32.2326%)
entry 1067000/3282392 (32.5068%)
entry 1068000/3282392 (32.5372%)
entry 1070000/3282392 (32.5982%)
entry 1083000/3282392 (32.9942%)
entry 1084000/3282392 (33.0247%)
entry 1087000/3282392 (33.1161%)
entry 1088000/3282392 (33.1466%)
entry 1091000/3282392 (33.238%)
entry 1093000/3282392 (33.2989%)
entry 1096000/3282392 (33.3903%)
entry 1097000/3282392 (33.4208%)
entry 1098000/3282392 (33.4512%)
entry 1103000/3282392 (33.6035%)
entry 1105000/3282392 (33.6645%)
entry 1107000/3282392 (33.7254%)
entry 1108000/3282392 (33.7559%)
entry 1115000/3282392 (33.9691%)
entry 1117000/3282392 (34.0301%)
entry 1121000/3282392 (34.1519%)
entry 1122000/3282392 (34.1824%)
entry 1124000/3282392 (34.2433%)
entry 1126000/3282392 (34.3043%)
entry 1130000/3282392 (34.4261%)
entry 1132000/3282392 (34.487%)
entry 1135000/3282392 (34.5784%)
entry 1136000/3282392 (34.6089%)
entry 1137000/3282392 (34.6394%)
entry 1141000/3282392 (34.7612%)
entry 1143000/3282392 (34.8222%)
entry 1144000/3282392 (34.8526%)
entry 1146000/3282392 (34.9136%)
entry 1147000/3282392 (34.944%)
entry 1149000/3282392 (35.005%)
entry 1154000/3282392 (35.1573%)
entry 1158000/3282392 (35.2791%)
entry 1170000/3282392 (35.6447%)
entry 1171000/3282392 (35.6752%)
entry 1173000/3282392 (35.7361%)
entry 1178000/3282392 (35.8885%)
entry 1179000/3282392 (35.9189%)
entry 1181000/3282392 (35.9799%)
entry 1182000/3282392 (36.0103%)
entry 1185000/3282392 (36.1017%)
entry 1187000/3282392 (36.1627%)
entry 1188000/3282392 (36.1931%)
entry 1189000/3282392 (36.2236%)
entry 1191000/3282392 (36.2845%)
entry 1195000/3282392 (36.4064%)
entry 1196000/3282392 (36.4368%)
entry 1198000/3282392 (36.4978%)
entry 1199000/3282392 (36.5282%)
entry 1203000/3282392 (36.6501%)
entry 1206000/3282392 (36.7415%)
entry 1209000/3282392 (36.8329%)
entry 1212000/3282392 (36.9243%)
entry 1217000/3282392 (37.0766%)
entry 1219000/3282392 (37.1376%)
entry 1220000/3282392 (37.168%)
entry 1221000/3282392 (37.1985%)
entry 1223000/3282392 (37.2594%)
entry 1224000/3282392 (37.2899%)
entry 1228000/3282392 (37.4117%)
entry 1230000/3282392 (37.4727%)
entry 1231000/3282392 (37.5031%)
entry 1232000/3282392 (37.5336%)
entry 1239000/3282392 (37.7469%)
entry 1240000/3282392 (37.7773%)
entry 1241000/3282392 (37.8078%)
entry 1242000/3282392 (37.8383%)
entry 1244000/3282392 (37.8992%)
entry 1250000/3282392 (38.082%)
entry 1251000/3282392 (38.1124%)
entry 1252000/3282392 (38.1429%)
entry 1255000/3282392 (38.2343%)
entry 1257000/3282392 (38.2952%)
entry 1258000/3282392 (38.3257%)
entry 1259000/3282392 (38.3562%)
entry 1260000/3282392 (38.3866%)
entry 1262000/3282392 (38.4476%)
entry 1264000/3282392 (38.5085%)
entry 1265000/3282392 (38.539%)
entry 1274000/3282392 (38.8132%)
entry 1277000/3282392 (38.9046%)
entry 1279000/3282392 (38.9655%)
entry 1282000/3282392 (39.0569%)
entry 1283000/3282392 (39.0873%)
entry 1285000/3282392 (39.1483%)
entry 1292000/3282392 (39.3615%)
entry 1295000/3282392 (39.4529%)
entry 1297000/3282392 (39.5139%)
entry 1305000/3282392 (39.7576%)
entry 1306000/3282392 (39.7881%)
entry 1308000/3282392 (39.849%)
entry 1309000/3282392 (39.8795%)
entry 1310000/3282392 (39.9099%)
entry 1312000/3282392 (39.9709%)
entry 1320000/3282392 (40.2146%)
entry 1321000/3282392 (40.245%)
entry 1330000/3282392 (40.5192%)
entry 1332000/3282392 (40.5802%)
entry 1336000/3282392 (40.702%)
entry 1339000/3282392 (40.7934%)
entry 1351000/3282392 (41.159%)
entry 1353000/3282392 (41.2199%)
entry 1355000/3282392 (41.2809%)
entry 1356000/3282392 (41.3113%)
entry 1360000/3282392 (41.4332%)
entry 1361000/3282392 (41.4637%)
entry 1366000/3282392 (41.616%)
entry 1368000/3282392 (41.6769%)
entry 1369000/3282392 (41.7074%)
entry 1370000/3282392 (41.7379%)
entry 1378000/3282392 (41.9816%)
entry 1382000/3282392 (42.1034%)
entry 1383000/3282392 (42.1339%)
entry 1385000/3282392 (42.1948%)
entry 1389000/3282392 (42.3167%)
entry 1391000/3282392 (42.3776%)
entry 1396000/3282392 (42.53%)
entry 1397000/3282392 (42.5604%)
entry 1399000/3282392 (42.6214%)
entry 1404000/3282392 (42.7737%)
entry 1405000/3282392 (42.8041%)
entry 1421000/3282392 (43.2916%)
entry 1424000/3282392 (43.383%)
entry 1428000/3282392 (43.5049%)
entry 1432000/3282392 (43.6267%)
entry 1433000/3282392 (43.6572%)
entry 1435000/3282392 (43.7181%)
entry 1446000/3282392 (44.0532%)
entry 1451000/3282392 (44.2056%)
entry 1454000/3282392 (44.297%)
entry 1457000/3282392 (44.3884%)
entry 1458000/3282392 (44.4188%)
entry 1463000/3282392 (44.5712%)
entry 1466000/3282392 (44.6626%)
entry 1467000/3282392 (44.693%)
entry 1468000/3282392 (44.7235%)
entry 1469000/3282392 (44.7539%)
entry 1473000/3282392 (44.8758%)
entry 1479000/3282392 (45.0586%)
entry 1481000/3282392 (45.1195%)
entry 1486000/3282392 (45.2719%)
entry 1487000/3282392 (45.3023%)
entry 1490000/3282392 (45.3937%)
entry 1493000/3282392 (45.4851%)
entry 1496000/3282392 (45.5765%)
entry 1499000/3282392 (45.6679%)
entry 1507000/3282392 (45.9116%)
entry 1510000/3282392 (46.003%)
entry 1516000/3282392 (46.1858%)
entry 1523000/3282392 (46.3991%)
entry 1526000/3282392 (46.4905%)
entry 1527000/3282392 (46.521%)
entry 1530000/3282392 (46.6123%)
entry 1531000/3282392 (46.6428%)
entry 1533000/3282392 (46.7037%)
entry 1535000/3282392 (46.7647%)
entry 1539000/3282392 (46.8865%)
entry 1544000/3282392 (47.0389%)
entry 1546000/3282392 (47.0998%)
entry 1551000/3282392 (47.2521%)
entry 1561000/3282392 (47.5568%)
entry 1566000/3282392 (47.7091%)
entry 1567000/3282392 (47.7396%)
entry 1570000/3282392 (47.831%)
entry 1571000/3282392 (47.8614%)
entry 1574000/3282392 (47.9528%)
entry 1576000/3282392 (48.0138%)
entry 1578000/3282392 (48.0747%)
entry 1579000/3282392 (48.1052%)
entry 1583000/3282392 (48.227%)
entry 1585000/3282392 (48.288%)
entry 1590000/3282392 (48.4403%)
entry 1593000/3282392 (48.5317%)
entry 1595000/3282392 (48.5926%)
entry 1600000/3282392 (48.7449%)
entry 1608000/3282392 (48.9887%)
entry 1609000/3282392 (49.0191%)
entry 1610000/3282392 (49.0496%)
entry 1612000/3282392 (49.1105%)
entry 1615000/3282392 (49.2019%)
entry 1619000/3282392 (49.3238%)
entry 1622000/3282392 (49.4152%)
entry 1623000/3282392 (49.4456%)
entry 1626000/3282392 (49.537%)
entry 1629000/3282392 (49.6284%)
entry 1631000/3282392 (49.6894%)
entry 1635000/3282392 (49.8112%)
entry 1639000/3282392 (49.9331%)
entry 1653000/3282392 (50.3596%)
entry 1660000/3282392 (50.5729%)
entry 1665000/3282392 (50.7252%)
entry 1666000/3282392 (50.7557%)
entry 1670000/3282392 (50.8775%)
entry 1674000/3282392 (50.9994%)
entry 1675000/3282392 (51.0299%)
entry 1676000/3282392 (51.0603%)
entry 1679000/3282392 (51.1517%)
entry 1691000/3282392 (51.5173%)
entry 1695000/3282392 (51.6392%)
entry 1698000/3282392 (51.7306%)
entry 1699000/3282392 (51.761%)
entry 1704000/3282392 (51.9134%)
entry 1705000/3282392 (51.9438%)
entry 1709000/3282392 (52.0657%)
entry 1721000/3282392 (52.4313%)
entry 1724000/3282392 (52.5227%)
entry 1725000/3282392 (52.5531%)
entry 1729000/3282392 (52.675%)
entry 1730000/3282392 (52.7055%)
entry 1731000/3282392 (52.7359%)
entry 1732000/3282392 (52.7664%)
entry 1735000/3282392 (52.8578%)
entry 1740000/3282392 (53.0101%)
entry 1751000/3282392 (53.3452%)
entry 1752000/3282392 (53.3757%)
entry 1753000/3282392 (53.4062%)
entry 1755000/3282392 (53.4671%)
entry 1757000/3282392 (53.528%)
entry 1760000/3282392 (53.6194%)
entry 1761000/3282392 (53.6499%)
entry 1762000/3282392 (53.6804%)
entry 1763000/3282392 (53.7108%)
entry 1769000/3282392 (53.8936%)
entry 1770000/3282392 (53.9241%)
entry 1773000/3282392 (54.0155%)
entry 1775000/3282392 (54.0764%)
entry 1776000/3282392 (54.1069%)
entry 1778000/3282392 (54.1678%)
entry 1779000/3282392 (54.1983%)
entry 1782000/3282392 (54.2897%)
entry 1785000/3282392 (54.3811%)
entry 1787000/3282392 (54.442%)
entry 1789000/3282392 (54.5029%)
entry 1791000/3282392 (54.5639%)
entry 1792000/3282392 (54.5943%)
entry 1795000/3282392 (54.6857%)
entry 1796000/3282392 (54.7162%)
entry 1799000/3282392 (54.8076%)
entry 1801000/3282392 (54.8685%)
entry 1805000/3282392 (54.9904%)
entry 1807000/3282392 (55.0513%)
entry 1808000/3282392 (55.0818%)
entry 1809000/3282392 (55.1122%)
entry 1811000/3282392 (55.1732%)
entry 1824000/3282392 (55.5692%)
entry 1826000/3282392 (55.6302%)
entry 1828000/3282392 (55.6911%)
entry 1829000/3282392 (55.7216%)
entry 1830000/3282392 (55.752%)
entry 1838000/3282392 (55.9958%)
entry 1839000/3282392 (56.0262%)
entry 1845000/3282392 (56.209%)
entry 1846000/3282392 (56.2395%)
entry 1848000/3282392 (56.3004%)
entry 1849000/3282392 (56.3309%)
entry 1861000/3282392 (56.6965%)
entry 1864000/3282392 (56.7879%)
entry 1865000/3282392 (56.8183%)
entry 1866000/3282392 (56.8488%)
entry 1868000/3282392 (56.9097%)
entry 1870000/3282392 (56.9706%)
entry 1872000/3282392 (57.0316%)
entry 1878000/3282392 (57.2144%)
entry 1880000/3282392 (57.2753%)
entry 1881000/3282392 (57.3058%)
entry 1883000/3282392 (57.3667%)
entry 1886000/3282392 (57.4581%)
entry 1889000/3282392 (57.5495%)
entry 1895000/3282392 (57.7323%)
entry 1896000/3282392 (57.7628%)
entry 1899000/3282392 (57.8542%)
entry 1901000/3282392 (57.9151%)
entry 1904000/3282392 (58.0065%)
entry 1907000/3282392 (58.0979%)
entry 1917000/3282392 (58.4025%)
entry 1918000/3282392 (58.433%)
entry 1919000/3282392 (58.4635%)
entry 1921000/3282392 (58.5244%)
entry 1922000/3282392 (58.5549%)
entry 1925000/3282392 (58.6463%)
entry 1926000/3282392 (58.6767%)
entry 1927000/3282392 (58.7072%)
entry 1941000/3282392 (59.1337%)
entry 1948000/3282392 (59.347%)
entry 1949000/3282392 (59.3774%)
entry 1950000/3282392 (59.4079%)
entry 1951000/3282392 (59.4384%)
entry 1954000/3282392 (59.5298%)
entry 1959000/3282392 (59.6821%)
entry 1961000/3282392 (59.743%)
entry 1963000/3282392 (59.804%)
entry 1966000/3282392 (59.8953%)
entry 1967000/3282392 (59.9258%)
entry 1971000/3282392 (60.0477%)
entry 1973000/3282392 (60.1086%)
entry 1979000/3282392 (60.2914%)
entry 1984000/3282392 (60.4437%)
entry 1992000/3282392 (60.6875%)
entry 1993000/3282392 (60.7179%)
entry 1994000/3282392 (60.7484%)
entry 1999000/3282392 (60.9007%)
entry 2000000/3282392 (60.9312%)
entry 2001000/3282392 (60.9616%)
entry 2006000/3282392 (61.114%)
entry 2013000/3282392 (61.3272%)
entry 2016000/3282392 (61.4186%)
entry 2018000/3282392 (61.4796%)
entry 2020000/3282392 (61.5405%)
entry 2022000/3282392 (61.6014%)
entry 2024000/3282392 (61.6623%)
entry 2025000/3282392 (61.6928%)
entry 2026000/3282392 (61.7233%)
entry 2028000/3282392 (61.7842%)
entry 2035000/3282392 (61.9975%)
entry 2040000/3282392 (62.1498%)
entry 2044000/3282392 (62.2717%)
entry 2047000/3282392 (62.3631%)
entry 2048000/3282392 (62.3935%)
entry 2049000/3282392 (62.424%)
entry 2050000/3282392 (62.4545%)
entry 2051000/3282392 (62.4849%)
entry 2053000/3282392 (62.5458%)
entry 2054000/3282392 (62.5763%)
entry 2056000/3282392 (62.6372%)
entry 2060000/3282392 (62.7591%)
entry 2064000/3282392 (62.881%)
entry 2065000/3282392 (62.9114%)
entry 2068000/3282392 (63.0028%)
entry 2072000/3282392 (63.1247%)
entry 2075000/3282392 (63.2161%)
entry 2076000/3282392 (63.2466%)
entry 2078000/3282392 (63.3075%)
entry 2087000/3282392 (63.5817%)
entry 2092000/3282392 (63.734%)
entry 2094000/3282392 (63.7949%)
entry 2097000/3282392 (63.8863%)
entry 2099000/3282392 (63.9473%)
entry 2100000/3282392 (63.9777%)
entry 2101000/3282392 (64.0082%)
entry 2105000/3282392 (64.1301%)
entry 2106000/3282392 (64.1605%)
entry 2108000/3282392 (64.2215%)
entry 2112000/3282392 (64.3433%)
entry 2113000/3282392 (64.3738%)
entry 2114000/3282392 (64.4042%)
entry 2119000/3282392 (64.5566%)
entry 2123000/3282392 (64.6784%)
entry 2124000/3282392 (64.7089%)
entry 2126000/3282392 (64.7698%)
entry 2134000/3282392 (65.0136%)
entry 2136000/3282392 (65.0745%)
entry 2142000/3282392 (65.2573%)
entry 2144000/3282392 (65.3182%)
entry 2147000/3282392 (65.4096%)
entry 2148000/3282392 (65.4401%)
entry 2151000/3282392 (65.5315%)
entry 2156000/3282392 (65.6838%)
entry 2157000/3282392 (65.7143%)
entry 2161000/3282392 (65.8361%)
entry 2163000/3282392 (65.8971%)
entry 2166000/3282392 (65.9885%)
entry 2169000/3282392 (66.0799%)
entry 2173000/3282392 (66.2017%)
entry 2175000/3282392 (66.2627%)
entry 2179000/3282392 (66.3845%)
entry 2180000/3282392 (66.415%)
entry 2187000/3282392 (66.6282%)
entry 2189000/3282392 (66.6892%)
entry 2192000/3282392 (66.7806%)
entry 2193000/3282392 (66.811%)
entry 2194000/3282392 (66.8415%)
entry 2201000/3282392 (67.0548%)
entry 2202000/3282392 (67.0852%)
entry 2206000/3282392 (67.2071%)
entry 2212000/3282392 (67.3899%)
entry 2222000/3282392 (67.6945%)
entry 2224000/3282392 (67.7555%)
entry 2229000/3282392 (67.9078%)
entry 2231000/3282392 (67.9687%)
entry 2232000/3282392 (67.9992%)
entry 2233000/3282392 (68.0297%)
entry 2234000/3282392 (68.0601%)
entry 2235000/3282392 (68.0906%)
entry 2244000/3282392 (68.3648%)
entry 2249000/3282392 (68.5171%)
entry 2250000/3282392 (68.5476%)
entry 2251000/3282392 (68.578%)
entry 2253000/3282392 (68.639%)
entry 2254000/3282392 (68.6694%)
entry 2256000/3282392 (68.7304%)
entry 2262000/3282392 (68.9132%)
entry 2263000/3282392 (68.9436%)
entry 2267000/3282392 (69.0655%)
entry 2271000/3282392 (69.1873%)
entry 2272000/3282392 (69.2178%)
entry 2273000/3282392 (69.2483%)
entry 2274000/3282392 (69.2787%)
entry 2283000/3282392 (69.5529%)
entry 2285000/3282392 (69.6139%)
entry 2286000/3282392 (69.6443%)
entry 2288000/3282392 (69.7053%)
entry 2290000/3282392 (69.7662%)
entry 2295000/3282392 (69.9185%)
entry 2298000/3282392 (70.0099%)
entry 2299000/3282392 (70.0404%)
entry 2301000/3282392 (70.1013%)
entry 2307000/3282392 (70.2841%)
entry 2308000/3282392 (70.3146%)
entry 2310000/3282392 (70.3755%)
entry 2315000/3282392 (70.5278%)
entry 2317000/3282392 (70.5888%)
entry 2319000/3282392 (70.6497%)
entry 2320000/3282392 (70.6802%)
entry 2322000/3282392 (70.7411%)
entry 2323000/3282392 (70.7716%)
entry 2324000/3282392 (70.802%)
entry 2333000/3282392 (71.0762%)
entry 2337000/3282392 (71.1981%)
entry 2348000/3282392 (71.5332%)
entry 2349000/3282392 (71.5637%)
entry 2352000/3282392 (71.6551%)
entry 2358000/3282392 (71.8379%)
entry 2363000/3282392 (71.9902%)
entry 2369000/3282392 (72.173%)
entry 2378000/3282392 (72.4472%)
entry 2383000/3282392 (72.5995%)
entry 2386000/3282392 (72.6909%)
entry 2391000/3282392 (72.8432%)
entry 2399000/3282392 (73.0869%)
entry 2400000/3282392 (73.1174%)
entry 2411000/3282392 (73.4525%)
entry 2414000/3282392 (73.5439%)
entry 2418000/3282392 (73.6658%)
entry 2419000/3282392 (73.6963%)
entry 2426000/3282392 (73.9095%)
entry 2427000/3282392 (73.94%)
entry 2429000/3282392 (74.0009%)
entry 2432000/3282392 (74.0923%)
entry 2435000/3282392 (74.1837%)
entry 2440000/3282392 (74.336%)
entry 2443000/3282392 (74.4274%)
entry 2444000/3282392 (74.4579%)
entry 2445000/3282392 (74.4884%)
entry 2446000/3282392 (74.5188%)
entry 2448000/3282392 (74.5798%)
entry 2450000/3282392 (74.6407%)
entry 2451000/3282392 (74.6712%)
entry 2453000/3282392 (74.7321%)
entry 2454000/3282392 (74.7626%)
entry 2458000/3282392 (74.8844%)
entry 2459000/3282392 (74.9149%)
entry 2460000/3282392 (74.9453%)
entry 2464000/3282392 (75.0672%)
entry 2467000/3282392 (75.1586%)
entry 2473000/3282392 (75.3414%)
entry 2476000/3282392 (75.4328%)
entry 2477000/3282392 (75.4633%)
entry 2481000/3282392 (75.5851%)
entry 2493000/3282392 (75.9507%)
entry 2495000/3282392 (76.0116%)
entry 2499000/3282392 (76.1335%)
entry 2503000/3282392 (76.2554%)
entry 2504000/3282392 (76.2858%)
entry 2505000/3282392 (76.3163%)
entry 2506000/3282392 (76.3468%)
entry 2508000/3282392 (76.4077%)
entry 2509000/3282392 (76.4382%)
entry 2510000/3282392 (76.4686%)
entry 2512000/3282392 (76.5296%)
entry 2513000/3282392 (76.56%)
entry 2522000/3282392 (76.8342%)
entry 2525000/3282392 (76.9256%)
entry 2526000/3282392 (76.9561%)
entry 2528000/3282392 (77.017%)
entry 2531000/3282392 (77.1084%)
entry 2533000/3282392 (77.1693%)
entry 2538000/3282392 (77.3217%)
entry 2541000/3282392 (77.4131%)
entry 2548000/3282392 (77.6263%)
entry 2554000/3282392 (77.8091%)
entry 2556000/3282392 (77.87%)
entry 2558000/3282392 (77.931%)
entry 2559000/3282392 (77.9614%)
entry 2567000/3282392 (78.2052%)
entry 2569000/3282392 (78.2661%)
entry 2578000/3282392 (78.5403%)
entry 2580000/3282392 (78.6012%)
entry 2581000/3282392 (78.6317%)
entry 2586000/3282392 (78.784%)
entry 2589000/3282392 (78.8754%)
entry 2591000/3282392 (78.9363%)
entry 2598000/3282392 (79.1496%)
entry 2599000/3282392 (79.1801%)
entry 2603000/3282392 (79.3019%)
entry 2604000/3282392 (79.3324%)
entry 2607000/3282392 (79.4238%)
entry 2610000/3282392 (79.5152%)
entry 2612000/3282392 (79.5761%)
entry 2614000/3282392 (79.637%)
entry 2617000/3282392 (79.7284%)
entry 2620000/3282392 (79.8198%)
entry 2622000/3282392 (79.8808%)
entry 2623000/3282392 (79.9112%)
entry 2626000/3282392 (80.0026%)
entry 2628000/3282392 (80.0636%)
entry 2630000/3282392 (80.1245%)
entry 2631000/3282392 (80.155%)
entry 2633000/3282392 (80.2159%)
entry 2637000/3282392 (80.3378%)
entry 2638000/3282392 (80.3682%)
entry 2641000/3282392 (80.4596%)
entry 2643000/3282392 (80.5205%)
entry 2644000/3282392 (80.551%)
entry 2648000/3282392 (80.6729%)
entry 2649000/3282392 (80.7033%)
entry 2650000/3282392 (80.7338%)
entry 2652000/3282392 (80.7947%)
entry 2656000/3282392 (80.9166%)
entry 2657000/3282392 (80.9471%)
entry 2666000/3282392 (81.2213%)
entry 2667000/3282392 (81.2517%)
entry 2668000/3282392 (81.2822%)
entry 2669000/3282392 (81.3127%)
entry 2673000/3282392 (81.4345%)
entry 2675000/3282392 (81.4954%)
entry 2676000/3282392 (81.5259%)
entry 2678000/3282392 (81.5868%)
entry 2680000/3282392 (81.6478%)
entry 2682000/3282392 (81.7087%)
entry 2684000/3282392 (81.7696%)
entry 2685000/3282392 (81.8001%)
entry 2687000/3282392 (81.861%)
entry 2692000/3282392 (82.0134%)
entry 2693000/3282392 (82.0438%)
entry 2694000/3282392 (82.0743%)
entry 2699000/3282392 (82.2266%)
entry 2700000/3282392 (82.2571%)
entry 2701000/3282392 (82.2875%)
entry 2708000/3282392 (82.5008%)
entry 2709000/3282392 (82.5313%)
entry 2710000/3282392 (82.5617%)
entry 2714000/3282392 (82.6836%)
entry 2715000/3282392 (82.7141%)
entry 2717000/3282392 (82.775%)
entry 2727000/3282392 (83.0797%)
entry 2734000/3282392 (83.2929%)
entry 2736000/3282392 (83.3538%)
entry 2739000/3282392 (83.4452%)
entry 2740000/3282392 (83.4757%)
entry 2749000/3282392 (83.7499%)
entry 2755000/3282392 (83.9327%)
entry 2764000/3282392 (84.2069%)
entry 2767000/3282392 (84.2983%)
entry 2769000/3282392 (84.3592%)
entry 2770000/3282392 (84.3897%)
entry 2771000/3282392 (84.4201%)
entry 2774000/3282392 (84.5115%)
entry 2776000/3282392 (84.5725%)
entry 2778000/3282392 (84.6334%)
entry 2779000/3282392 (84.6639%)
entry 2780000/3282392 (84.6943%)
entry 2781000/3282392 (84.7248%)
entry 2783000/3282392 (84.7857%)
entry 2786000/3282392 (84.8771%)
entry 2788000/3282392 (84.9381%)
entry 2791000/3282392 (85.0295%)
entry 2795000/3282392 (85.1513%)
entry 2798000/3282392 (85.2427%)
entry 2803000/3282392 (85.395%)
entry 2807000/3282392 (85.5169%)
entry 2810000/3282392 (85.6083%)
entry 2811000/3282392 (85.6388%)
entry 2812000/3282392 (85.6692%)
entry 2814000/3282392 (85.7302%)
entry 2815000/3282392 (85.7606%)
entry 2819000/3282392 (85.8825%)
entry 2821000/3282392 (85.9434%)
entry 2823000/3282392 (86.0044%)
entry 2826000/3282392 (86.0958%)
entry 2830000/3282392 (86.2176%)
entry 2831000/3282392 (86.2481%)
entry 2835000/3282392 (86.3699%)
entry 2836000/3282392 (86.4004%)
entry 2844000/3282392 (86.6441%)
entry 2850000/3282392 (86.8269%)
entry 2854000/3282392 (86.9488%)
entry 2857000/3282392 (87.0402%)
entry 2859000/3282392 (87.1011%)
entry 2861000/3282392 (87.162%)
entry 2865000/3282392 (87.2839%)
entry 2867000/3282392 (87.3448%)
entry 2871000/3282392 (87.4667%)
entry 2872000/3282392 (87.4972%)
entry 2875000/3282392 (87.5886%)
entry 2879000/3282392 (87.7104%)
entry 2880000/3282392 (87.7409%)
entry 2885000/3282392 (87.8932%)
entry 2886000/3282392 (87.9237%)
entry 2891000/3282392 (88.076%)
entry 2892000/3282392 (88.1065%)
entry 2900000/3282392 (88.3502%)
entry 2906000/3282392 (88.533%)
entry 2918000/3282392 (88.8986%)
entry 2921000/3282392 (88.99%)
entry 2926000/3282392 (89.1423%)
entry 2929000/3282392 (89.2337%)
entry 2932000/3282392 (89.3251%)
entry 2933000/3282392 (89.3556%)
entry 2934000/3282392 (89.386%)
entry 2937000/3282392 (89.4774%)
entry 2941000/3282392 (89.5993%)
entry 2943000/3282392 (89.6602%)
entry 2954000/3282392 (89.9953%)
entry 2959000/3282392 (90.1477%)
entry 2963000/3282392 (90.2695%)
entry 2964000/3282392 (90.3%)
entry 2970000/3282392 (90.4828%)
entry 2971000/3282392 (90.5133%)
entry 2975000/3282392 (90.6351%)
entry 2976000/3282392 (90.6656%)
entry 2982000/3282392 (90.8484%)
entry 2993000/3282392 (91.1835%)
entry 2995000/3282392 (91.2444%)
entry 2996000/3282392 (91.2749%)
entry 2998000/3282392 (91.3358%)
entry 2999000/3282392 (91.3663%)
entry 3002000/3282392 (91.4577%)
entry 3004000/3282392 (91.5186%)
entry 3006000/3282392 (91.5796%)
entry 3009000/3282392 (91.671%)
entry 3016000/3282392 (91.8842%)
entry 3023000/3282392 (92.0975%)
entry 3032000/3282392 (92.3717%)
entry 3034000/3282392 (92.4326%)
entry 3036000/3282392 (92.4935%)
entry 3038000/3282392 (92.5545%)
entry 3040000/3282392 (92.6154%)
entry 3042000/3282392 (92.6763%)
entry 3043000/3282392 (92.7068%)
entry 3046000/3282392 (92.7982%)
entry 3048000/3282392 (92.8591%)
entry 3049000/3282392 (92.8896%)
entry 3052000/3282392 (92.981%)
entry 3055000/3282392 (93.0724%)
entry 3057000/3282392 (93.1333%)
entry 3058000/3282392 (93.1638%)
entry 3064000/3282392 (93.3466%)
entry 3065000/3282392 (93.377%)
entry 3069000/3282392 (93.4989%)
entry 3070000/3282392 (93.5294%)
entry 3073000/3282392 (93.6207%)
entry 3076000/3282392 (93.7121%)
entry 3077000/3282392 (93.7426%)
entry 3079000/3282392 (93.8035%)
entry 3081000/3282392 (93.8645%)
entry 3086000/3282392 (94.0168%)
entry 3087000/3282392 (94.0473%)
entry 3092000/3282392 (94.1996%)
entry 3097000/3282392 (94.3519%)
entry 3099000/3282392 (94.4129%)
entry 3102000/3282392 (94.5042%)
entry 3103000/3282392 (94.5347%)
entry 3108000/3282392 (94.687%)
entry 3113000/3282392 (94.8394%)
entry 3119000/3282392 (95.0222%)
entry 3121000/3282392 (95.0831%)
entry 3123000/3282392 (95.144%)
entry 3124000/3282392 (95.1745%)
entry 3128000/3282392 (95.2964%)
entry 3130000/3282392 (95.3573%)
entry 3132000/3282392 (95.4182%)
entry 3135000/3282392 (95.5096%)
entry 3136000/3282392 (95.5401%)
entry 3139000/3282392 (95.6315%)
entry 3143000/3282392 (95.7533%)
entry 3145000/3282392 (95.8143%)
entry 3146000/3282392 (95.8447%)
entry 3148000/3282392 (95.9057%)
entry 3151000/3282392 (95.9971%)
entry 3153000/3282392 (96.058%)
entry 3161000/3282392 (96.3017%)
entry 3162000/3282392 (96.3322%)
entry 3169000/3282392 (96.5454%)
entry 3171000/3282392 (96.6064%)
entry 3172000/3282392 (96.6368%)
entry 3173000/3282392 (96.6673%)
entry 3177000/3282392 (96.7892%)
entry 3178000/3282392 (96.8196%)
entry 3181000/3282392 (96.911%)
entry 3182000/3282392 (96.9415%)
entry 3183000/3282392 (96.972%)
entry 3187000/3282392 (97.0938%)
entry 3188000/3282392 (97.1243%)
entry 3189000/3282392 (97.1548%)
entry 3190000/3282392 (97.1852%)
entry 3199000/3282392 (97.4594%)
entry 3201000/3282392 (97.5203%)
entry 3208000/3282392 (97.7336%)
entry 3209000/3282392 (97.7641%)
entry 3212000/3282392 (97.8555%)
entry 3215000/3282392 (97.9469%)
entry 3219000/3282392 (98.0687%)
entry 3220000/3282392 (98.0992%)
entry 3222000/3282392 (98.1601%)
entry 3226000/3282392 (98.282%)
entry 3227000/3282392 (98.3124%)
entry 3229000/3282392 (98.3734%)
entry 3230000/3282392 (98.4038%)
entry 3231000/3282392 (98.4343%)
entry 3236000/3282392 (98.5866%)
entry 3238000/3282392 (98.6476%)
entry 3240000/3282392 (98.7085%)
entry 3244000/3282392 (98.8304%)
entry 3246000/3282392 (98.8913%)
entry 3247000/3282392 (98.9218%)
entry 3248000/3282392 (98.9522%)
entry 3249000/3282392 (98.9827%)
entry 3254000/3282392 (99.135%)
entry 3256000/3282392 (99.196%)
entry 3257000/3282392 (99.2264%)
entry 3258000/3282392 (99.2569%)
entry 3264000/3282392 (99.4397%)
entry 3267000/3282392 (99.5311%)
entry 3269000/3282392 (99.592%)
entry 3270000/3282392 (99.6225%)
entry 3271000/3282392 (99.6529%)
entry 3273000/3282392 (99.7139%)
entry 3274000/3282392 (99.7443%)
entry 3275000/3282392 (99.7748%)
entry 3277000/3282392 (99.8357%)
entry 3280000/3282392 (99.9271%)
entry 3281000/3282392 (99.9576%)
all done
script done
