sphnx1039.sdcc.bnl.gov
rsyncing from /gpfs/mnt/gpfs02/sphenix/user/samfred/run25/ppg11/histmaking
running: /gpfs/mnt/gpfs02/sphenix/user/samfred/run25/ppg11/histmaking/script_data.sh 50607
LD_LIBRARY_PATH now /sphenix/user/samfred/run25/install//lib:/cvmfs/sphenix.sdcc.bnl.gov/alma9.2-gcc-14.2.0/opt/sphenix/core/gcc/14.2.0-2f0a0/x86_64-el9/lib:/cvmfs/sphenix.sdcc.bnl.gov/alma9.2-gcc-14.2.0/opt/sphenix/core/gcc/14.2.0-2f0a0/x86_64-el9/lib64:/cvmfs/sphenix.sdcc.bnl.gov/alma9.2-gcc-14.2.0/opt/sphenix/core/binutils/2.40-acaab/x86_64-el9/lib:.:/cvmfs/sphenix.sdcc.bnl.gov/alma9.2-gcc-14.2.0/release/release_new/new.10/lib64:/cvmfs/sphenix.sdcc.bnl.gov/alma9.2-gcc-14.2.0/release/release_new/new.10/lib:/cvmfs/sphenix.sdcc.bnl.gov/alma9.2-gcc-14.2.0/opt/sphenix/utils/lib:/cvmfs/sphenix.sdcc.bnl.gov/alma9.2-gcc-14.2.0/opt/sphenix/core/lib:/cvmfs/sphenix.sdcc.bnl.gov/alma9.2-gcc-14.2.0/opt/sphenix/core/root-6.32.06/lib:/cvmfs/sphenix.sdcc.bnl.gov/alma9.2-gcc-14.2.0/opt/sphenix/core/geant4.10.07.p04/lib64:/cvmfs/sphenix.sdcc.bnl.gov/alma9.2-gcc-14.2.0/opt/sphenix/core/lhapdf-5.9.1/lib:/usr/local/lib64:/usr/lib64
PATH now /sphenix/user/samfred/run25/install//bin:/cvmfs/sphenix.sdcc.bnl.gov/alma9.2-gcc-14.2.0/opt/sphenix/core/gcc/14.2.0-2f0a0/x86_64-el9/bin:/cvmfs/sphenix.sdcc.bnl.gov/alma9.2-gcc-14.2.0/opt/sphenix/core/binutils/2.40-acaab/x86_64-el9/bin:.:/cvmfs/sphenix.sdcc.bnl.gov/alma9.2-gcc-14.2.0/release/release_new/new.10/bin:/cvmfs/sphenix.sdcc.bnl.gov/alma9.2-gcc-14.2.0/opt/sphenix/utils/bin:/cvmfs/sphenix.sdcc.bnl.gov/alma9.2-gcc-14.2.0/opt/sphenix/core/bin:/cvmfs/sphenix.sdcc.bnl.gov/alma9.2-gcc-14.2.0/opt/sphenix/core/root-6.32.06/bin:/cvmfs/sphenix.sdcc.bnl.gov/alma9.2-gcc-14.2.0/opt/sphenix/core/geant4.10.07.p04/bin:/usr/local/bin:/usr/bin:/usr/local/sbin:/usr/sbin
SINGULARITY_CACHEDIR=/home/condor/local/sphnx/execute/dir_313178
_CONDOR_CHIRP_CONFIG=/home/condor/local/sphnx/execute/dir_313178/.chirp.config
_CONDOR_JOB_IWD=/sphenix/user/samfred/run25/ppg11/histmaking
G4ENSDFSTATEDATA=/cvmfs/sphenix.sdcc.bnl.gov/alma9.2-gcc-14.2.0/opt/sphenix/core/geant4.10.07.p04/share/Geant4-10.7.4/data/G4ENSDFSTATE2.3
_CONDOR_MACHINE_AD=/home/condor/local/sphnx/execute/dir_313178/.machine.ad
ROOT_MAX_THREADS=1
NUMEXPR_NUM_THREADS=1
CUBACORES=1
_CHIRP_DELAYED_UPDATE_PREFIX=Chirp*
_CONDOR_ANCESTOR_336000=336035:1756523315:3403244201
OMP_THREAD_LIMIT=1
G4PIIDATA=/cvmfs/sphenix.sdcc.bnl.gov/alma9.2-gcc-14.2.0/opt/sphenix/core/geant4.10.07.p04/share/Geant4-10.7.4/data/G4PII1.3
NO_AT_BRIDGE=1
G4_MAIN=/cvmfs/sphenix.sdcc.bnl.gov/alma9.2-gcc-14.2.0/opt/sphenix/core/geant4.10.07.p04
COMPILER_PATH=/cvmfs/sphenix.sdcc.bnl.gov/alma9.2-gcc-14.2.0/opt/sphenix/core/gcc/14.2.0-2f0a0/x86_64-el9
ROOT_INCLUDE_PATH=./:/sphenix/user/samfred/run25/install//include:/sphenix/user/samfred/run25/install//include/caloana:/sphenix/user/samfred/run25/install//include/qa_centrality:/sphenix/user/samfred/run25/install//include/mbdana:/sphenix/user/samfred/run25/install//include/centrality:/sphenix/user/samfred/run25/install//include/Event:/cvmfs/sphenix.sdcc.bnl.gov/alma9.2-gcc-14.2.0/release/release_new/new.10/include:/cvmfs/sphenix.sdcc.bnl.gov/alma9.2-gcc-14.2.0/release/release_new/new.10/include:/cvmfs/sphenix.sdcc.bnl.gov/alma9.2-gcc-14.2.0/release/release_new/new.10/include/g4mbd:/cvmfs/sphenix.sdcc.bnl.gov/alma9.2-gcc-14.2.0/release/release_new/new.10/include/fmt:/cvmfs/sphenix.sdcc.bnl.gov/alma9.2-gcc-14.2.0/release/release_new/new.10/include/ffarawobjects:/cvmfs/sphenix.sdcc.bnl.gov/alma9.2-gcc-14.2.0/release/release_new/new.10/include/JSON:/cvmfs/sphenix.sdcc.bnl.gov/alma9.2-gcc-14.2.0/release/release_new/new.10/include/calotreegen:/cvmfs/sphenix.sdcc.bnl.gov/alma9.2-gcc-14.2.0/release/release_new/new.10/include/torch:/cvmfs/sphenix.sdcc.bnl.gov/alma9.2-gcc-14.2.0/release/release_new/new.10/include/g4detectors:/cvmfs/sphenix.sdcc.bnl.gov/alma9.2-gcc-14.2.0/release/release_new/new.10/include/kineto:/cvmfs/sphenix.sdcc.bnl.gov/alma9.2-gcc-14.2.0/release/release_new/new.10/include/g4decayer:/cvmfs/sphenix.sdcc.bnl.gov/alma9.2-gcc-14.2.0/release/release_new/new.10/include/kfparticleqa:/cvmfs/sphenix.sdcc.bnl.gov/alma9.2-gcc-14.2.0/release/release_new/new.10/include/phfield:/cvmfs/sphenix.sdcc.bnl.gov/alma9.2-gcc-14.2.0/release/release_new/new.10/include/LHAPDF:/cvmfs/sphenix.sdcc.bnl.gov/alma9.2-gcc-14.2.0/release/release_new/new.10/include/readdigitalcurrents:/cvmfs/sphenix.sdcc.bnl.gov/alma9.2-gcc-14.2.0/release/release_new/new.10/include/c10:/cvmfs/sphenix.sdcc.bnl.gov/alma9.2-gcc-14.2.0/release/release_new/new.10/include/calovalid:/cvmfs/sphenix.sdcc.bnl.gov/alma9.2-gcc-14.2.0/release/release_new/new.10/include/oneapi:/cvmfs/sphenix.sdcc.bnl.gov/alma9.2-gcc-14.2.0/release/release_new/new.10/include/DDCond:/cvmfs/sphenix.sdcc.bnl.gov/alma9.2-gcc-14.2.0/release/release_new/new.10/include/g4tracking:/cvmfs/sphenix.sdcc.bnl.gov/alma9.2-gcc-14.2.0/release/release_new/new.10/include/litecaloeval:/cvmfs/sphenix.sdcc.bnl.gov/alma9.2-gcc-14.2.0/release/release_new/new.10/include/g4intt:/cvmfs/sphenix.sdcc.bnl.gov/alma9.2-gcc-14.2.0/release/release_new/new.10/include/phool:/cvmfs/sphenix.sdcc.bnl.gov/alma9.2-gcc-14.2.0/release/release_new/new.10/include/boost:/cvmfs/sphenix.sdcc.bnl.gov/alma9.2-gcc-14.2.0/release/release_new/new.10/include/Pythia8Plugins:/cvmfs/sphenix.sdcc.bnl.gov/alma9.2-gcc-14.2.0/release/release_new/new.10/include/calib_emc_pi0:/cvmfs/sphenix.sdcc.bnl.gov/alma9.2-gcc-14.2.0/release/release_new/new.10/include/hijingflipafterburner:/cvmfs/sphenix.sdcc.bnl.gov/alma9.2-gcc-14.2.0/release/release_new/new.10/include/ffaobjects:/cvmfs/sphenix.sdcc.bnl.gov/alma9.2-gcc-14.2.0/release/release_new/new.10/include/EvtGenBase:/cvmfs/sphenix.sdcc.bnl.gov/alma9.2-gcc-14.2.0/release/release_new/new.10/include/flowafterburner:/cvmfs/sphenix.sdcc.bnl.gov/alma9.2-gcc-14.2.0/release/release_new/new.10/include/google:/cvmfs/sphenix.sdcc.bnl.gov/alma9.2-gcc-14.2.0/release/release_new/new.10/include/g4tpc:/cvmfs/sphenix.sdcc.bnl.gov/alma9.2-gcc-14.2.0/release/release_new/new.10/include/caffe2:/cvmfs/sphenix.sdcc.bnl.gov/alma9.2-gcc-14.2.0/release/release_new/new.10/include/EvtGenExternal:/cvmfs/sphenix.sdcc.bnl.gov/alma9.2-gcc-14.2.0/release/release_new/new.10/include/fp16:/cvmfs/sphenix.sdcc.bnl.gov/alma9.2-gcc-14.2.0/release/release_new/new.10/include/ffamodules:/cvmfs/sphenix.sdcc.bnl.gov/alma9.2-gcc-14.2.0/release/release_new/new.10/include/uspin:/cvmfs/sphenix.sdcc.bnl.gov/alma9.2-gcc-14.2.0/release/release_new/new.10/include/Herwig:/cvmfs/sphenix.sdcc.bnl.gov/alma9.2-gcc-14.2.0/release/release_new/new.10/include/genfitexp:/cvmfs/sphenix.sdcc.bnl.gov/alma9.2-gcc-14.2.0/release/release_new/new.10/include/XML:/cvmfs/sphenix.sdcc.bnl.gov/alma9.2-gcc-14.2.0/release/release_new/new.10/include/fbgemm:/cvmfs/sphenix.sdcc.bnl.gov/alma9.2-gcc-14.2.0/release/release_new/new.10/include/DDAlign:/cvmfs/sphenix.sdcc.bnl.gov/alma9.2-gcc-14.2.0/release/release_new/new.10/include/g4mvtx:/cvmfs/sphenix.sdcc.bnl.gov/alma9.2-gcc-14.2.0/release/release_new/new.10/include/kfparticle_sphenix:/cvmfs/sphenix.sdcc.bnl.gov/alma9.2-gcc-14.2.0/release/release_new/new.10/include/fun4all:/cvmfs/sphenix.sdcc.bnl.gov/alma9.2-gcc-14.2.0/release/release_new/new.10/include/intt:/cvmfs/sphenix.sdcc.bnl.gov/alma9.2-gcc-14.2.0/release/release_new/new.10/include/eventdisplay:/cvmfs/sphenix.sdcc.bnl.gov/alma9.2-gcc-14.2.0/release/release_new/new.10/include/EvtGen:/cvmfs/sphenix.sdcc.bnl.gov/alma9.2-gcc-14.2.0/release/release_new/new.10/include/Evaluator:/cvmfs/sphenix.sdcc.bnl.gov/alma9.2-gcc-14.2.0/release/release_new/new.10/include/tpc:/cvmfs/sphenix.sdcc.bnl.gov/alma9.2-gcc-14.2.0/release/release_new/new.10/include/GenFit:/cvmfs/sphenix.sdcc.bnl.gov/alma9.2-gcc-14.2.0/release/release_new/new.10/include/prototype4:/cvmfs/sphenix.sdcc.bnl.gov/alma9.2-gcc-14.2.0/release/release_new/new.10/include/caloembedding:/cvmfs/sphenix.sdcc.bnl.gov/alma9.2-gcc-14.2.0/release/release_new/new.10/include/EvtGenModels:/cvmfs/sphenix.sdcc.bnl.gov/alma9.2-gcc-14.2.0/release/release_new/new.10/include/fastjet:/cvmfs/sphenix.sdcc.bnl.gov/alma9.2-gcc-14.2.0/release/release_new/new.10/include/DDG4:/cvmfs/sphenix.sdcc.bnl.gov/alma9.2-gcc-14.2.0/release/release_new/new.10/include/mbd:/cvmfs/sphenix.sdcc.bnl.gov/alma9.2-gcc-14.2.0/release/release_new/new.10/include/tbb:/cvmfs/sphenix.sdcc.bnl.gov/alma9.2-gcc-14.2.0/release/release_new/new.10/include/phgeom:/cvmfs/sphenix.sdcc.bnl.gov/alma9.2-gcc-14.2.0/release/release_new/new.10/include/g4epd:/cvmfs/sphenix.sdcc.bnl.gov/alma9.2-gcc-14.2.0/release/release_new/new.10/include/oncal:/cvmfs/sphenix.sdcc.bnl.gov/alma9.2-gcc-14.2.0/release/release_new/new.10/include/pybind11:/cvmfs/sphenix.sdcc.bnl.gov/alma9.2-gcc-14.2.0/release/release_new/new.10/include/tpcdistgenerator:/cvmfs/sphenix.sdcc.bnl.gov/alma9.2-gcc-14.2.0/release/release_new/new.10/include/cdbobjects:/cvmfs/sphenix.sdcc.bnl.gov/alma9.2-gcc-14.2.0/release/release_new/new.10/include/g4micromegas:/cvmfs/sphenix.sdcc.bnl.gov/alma9.2-gcc-14.2.0/release/release_new/new.10/include/g4eval:/cvmfs/sphenix.sdcc.bnl.gov/alma9.2-gcc-14.2.0/release/release_new/new.10/include/jetbackground:/cvmfs/sphenix.sdcc.bnl.gov/alma9.2-gcc-14.2.0/release/release_new/new.10/include/micromegas:/cvmfs/sphenix.sdcc.bnl.gov/alma9.2-gcc-14.2.0/release/release_new/new.10/include/hftrackefficiency:/cvmfs/sphenix.sdcc.bnl.gov/alma9.2-gcc-14.2.0/release/release_new/new.10/include/inttrawhitqa:/cvmfs/sphenix.sdcc.bnl.gov/alma9.2-gcc-14.2.0/release/release_new/new.10/include/centrality:/cvmfs/sphenix.sdcc.bnl.gov/alma9.2-gcc-14.2.0/release/release_new/new.10/include/epd:/cvmfs/sphenix.sdcc.bnl.gov/alma9.2-gcc-14.2.0/release/release_new/new.10/include/caloreco:/cvmfs/sphenix.sdcc.bnl.gov/alma9.2-gcc-14.2.0/release/release_new/new.10/include/HepMC:/cvmfs/sphenix.sdcc.bnl.gov/alma9.2-gcc-14.2.0/release/release_new/new.10/include/CLHEP:/cvmfs/sphenix.sdcc.bnl.gov/alma9.2-gcc-14.2.0/release/release_new/new.10/include/Acts:/cvmfs/sphenix.sdcc.bnl.gov/alma9.2-gcc-14.2.0/release/release_new/new.10/include/g4histos:/cvmfs/sphenix.sdcc.bnl.gov/alma9.2-gcc-14.2.0/release/release_new/new.10/include/eventplaneinfo:/cvmfs/sphenix.sdcc.bnl.gov/alma9.2-gcc-14.2.0/release/release_new/new.10/include/fillspacechargemaps:/cvmfs/sphenix.sdcc.bnl.gov/alma9.2-gcc-14.2.0/release/release_new/new.10/include/phhepmc:/cvmfs/sphenix.sdcc.bnl.gov/alma9.2-gcc-14.2.0/release/release_new/new.10/include/trackingqa:/cvmfs/sphenix.sdcc.bnl.gov/alma9.2-gcc-14.2.0/release/release_new/new.10/include/qautils:/cvmfs/sphenix.sdcc.bnl.gov/alma9.2-gcc-14.2.0/release/release_new/new.10/include/trackreco:/cvmfs/sphenix.sdcc.bnl.gov/alma9.2-gcc-14.2.0/release/release_new/new.10/include/g4ohcal:/cvmfs/sphenix.sdcc.bnl.gov/alma9.2-gcc-14.2.0/release/release_new/new.10/include/tpcdvcalib:/cvmfs/sphenix.sdcc.bnl.gov/alma9.2-gcc-14.2.0/release/release_new/new.10/include/zdcinfo:/cvmfs/sphenix.sdcc.bnl.gov/alma9.2-gcc-14.2.0/release/release_new/new.10/include/phpythia8:/cvmfs/sphenix.sdcc.bnl.gov/alma9.2-gcc-14.2.0/release/release_new/new.10/include/fun4allutils:/cvmfs/sphenix.sdcc.bnl.gov/alma9.2-gcc-14.2.0/release/release_new/new.10/include/tpcqa:/cvmfs/sphenix.sdcc.bnl.gov/alma9.2-gcc-14.2.0/release/release_new/new.10/include/Pythia8:/cvmfs/sphenix.sdcc.bnl.gov/alma9.2-gcc-14.2.0/release/release_new/new.10/include/DDRec:/cvmfs/sphenix.sdcc.bnl.gov/alma9.2-gcc-14.2.0/release/release_new/new.10/include/DDDigi:/cvmfs/sphenix.sdcc.bnl.gov/alma9.2-gcc-14.2.0/release/release_new/new.10/include/g4ihcal:/cvmfs/sphenix.sdcc.bnl.gov/alma9.2-gcc-14.2.0/release/release_new/new.10/include/frog:/cvmfs/sphenix.sdcc.bnl.gov/alma9.2-gcc-14.2.0/release/release_new/new.10/include/eigen3:/cvmfs/sphenix.sdcc.bnl.gov/alma9.2-gcc-14.2.0/release/release_new/new.10/include/tensorpipe:/cvmfs/sphenix.sdcc.bnl.gov/alma9.2-gcc-14.2.0/release/release_new/new.10/include/sphenixnpc:/cvmfs/sphenix.sdcc.bnl.gov/alma9.2-gcc-14.2.0/release/release_new/new.10/include/siscone:/cvmfs/sphenix.sdcc.bnl.gov/alma9.2-gcc-14.2.0/release/release_new/new.10/include/pmonitor:/cvmfs/sphenix.sdcc.bnl.gov/alma9.2-gcc-14.2.0/release/release_new/new.10/include/calobase:/cvmfs/sphenix.sdcc.bnl.gov/alma9.2-gcc-14.2.0/release/release_new/new.10/include/ActsExamples:/cvmfs/sphenix.sdcc.bnl.gov/alma9.2-gcc-14.2.0/release/release_new/new.10/include/g4gdml:/cvmfs/sphenix.sdcc.bnl.gov/alma9.2-gcc-14.2.0/release/release_new/new.10/include/mvtx_decoder:/cvmfs/sphenix.sdcc.bnl.gov/alma9.2-gcc-14.2.0/release/release_new/new.10/include/ROOT:/cvmfs/sphenix.sdcc.bnl.gov/alma9.2-gcc-14.2.0/release/release_new/new.10/include/phparameter:/cvmfs/sphenix.sdcc.bnl.gov/alma9.2-gcc-14.2.0/release/release_new/new.10/include/rsa:/cvmfs/sphenix.sdcc.bnl.gov/alma9.2-gcc-14.2.0/release/release_new/new.10/include/fun4allraw:/cvmfs/sphenix.sdcc.bnl.gov/alma9.2-gcc-14.2.0/release/release_new/new.10/include/trackbase_historic:/cvmfs/sphenix.sdcc.bnl.gov/alma9.2-gcc-14.2.0/release/release_new/new.10/include/g4jets:/cvmfs/sphenix.sdcc.bnl.gov/alma9.2-gcc-14.2.0/release/release_new/new.10/include/jetqa:/cvmfs/sphenix.sdcc.bnl.gov/alma9.2-gcc-14.2.0/release/release_new/new.10/include/phoolraw:/cvmfs/sphenix.sdcc.bnl.gov/alma9.2-gcc-14.2.0/release/release_new/new.10/include/g4calo:/cvmfs/sphenix.sdcc.bnl.gov/alma9.2-gcc-14.2.0/release/release_new/new.10/include/mvtxrawhitqa:/cvmfs/sphenix.sdcc.bnl.gov/alma9.2-gcc-14.2.0/release/release_new/new.10/include/HepMC3:/cvmfs/sphenix.sdcc.bnl.gov/alma9.2-gcc-14.2.0/release/release_new/new.10/include/calowaveformsim:/cvmfs/sphenix.sdcc.bnl.gov/alma9.2-gcc-14.2.0/release/release_new/new.10/include/g4caloprototype:/cvmfs/sphenix.sdcc.bnl.gov/alma9.2-gcc-14.2.0/release/release_new/new.10/include/pdbcalbase:/cvmfs/sphenix.sdcc.bnl.gov/alma9.2-gcc-14.2.0/release/release_new/new.10/include/gsl:/cvmfs/sphenix.sdcc.bnl.gov/alma9.2-gcc-14.2.0/release/release_new/new.10/include/nodedump:/cvmfs/sphenix.sdcc.bnl.gov/alma9.2-gcc-14.2.0/release/release_new/new.10/include/emcnoisytowerfinder:/cvmfs/sphenix.sdcc.bnl.gov/alma9.2-gcc-14.2.0/release/release_new/new.10/include/ActsFatras:/cvmfs/sphenix.sdcc.bnl.gov/alma9.2-gcc-14.2.0/release/release_new/new.10/include/ffarawmodules:/cvmfs/sphenix.sdcc.bnl.gov/alma9.2-gcc-14.2.0/release/release_new/new.10/include/Event:/cvmfs/sphenix.sdcc.bnl.gov/alma9.2-gcc-14.2.0/release/release_new/new.10/include/prototype3:/cvmfs/sphenix.sdcc.bnl.gov/alma9.2-gcc-14.2.0/release/release_new/new.10/include/fermimotionafterburner:/cvmfs/sphenix.sdcc.bnl.gov/alma9.2-gcc-14.2.0/release/release_new/new.10/include/Photos:/cvmfs/sphenix.sdcc.bnl.gov/alma9.2-gcc-14.2.0/release/release_new/new.10/include/xingshiftcal:/cvmfs/sphenix.sdcc.bnl.gov/alma9.2-gcc-14.2.0/release/release_new/new.10/include/trackbase:/cvmfs/sphenix.sdcc.bnl.gov/alma9.2-gcc-14.2.0/release/release_new/new.10/include/jetdstskimmer:/cvmfs/sphenix.sdcc.bnl.gov/alma9.2-gcc-14.2.0/release/release_new/new.10/include/clusteriso:/cvmfs/sphenix.sdcc.bnl.gov/alma9.2-gcc-14.2.0/release/release_new/new.10/include/asmjit:/cvmfs/sphenix.sdcc.bnl.gov/alma9.2-gcc-14.2.0/release/release_new/new.10/include/particleflowreco:/cvmfs/sphenix.sdcc.bnl.gov/alma9.2-gcc-14.2.0/release/release_new/new.10/include/tpchittrackdisplay:/cvmfs/sphenix.sdcc.bnl.gov/alma9.2-gcc-14.2.0/release/release_new/new.10/include/caloana:/cvmfs/sphenix.sdcc.bnl.gov/alma9.2-gcc-14.2.0/release/release_new/new.10/include/calotrigger:/cvmfs/sphenix.sdcc.bnl.gov/alma9.2-gcc-14.2.0/release/release_new/new.10/include/nopayloadclient:/cvmfs/sphenix.sdcc.bnl.gov/alma9.2-gcc-14.2.0/release/release_new/new.10/include/trackermillepedealignment:/cvmfs/sphenix.sdcc.bnl.gov/alma9.2-gcc-14.2.0/release/release_new/new.10/include/DD4hep:/cvmfs/sphenix.sdcc.bnl.gov/alma9.2-gcc-14.2.0/release/release_new/new.10/include/g4trackfastsim:/cvmfs/sphenix.sdcc.bnl.gov/alma9.2-gcc-14.2.0/release/release_new/new.10/include/prototype2:/cvmfs/sphenix.sdcc.bnl.gov/alma9.2-gcc-14.2.0/release/release_new/new.10/include/ATen:/cvmfs/sphenix.sdcc.bnl.gov/alma9.2-gcc-14.2.0/release/release_new/new.10/include/g4main:/cvmfs/sphenix.sdcc.bnl.gov/alma9.2-gcc-14.2.0/release/release_new/new.10/include/Tauola:/cvmfs/sphenix.sdcc.bnl.gov/alma9.2-gcc-14.2.0/release/release_new/new.10/include/inttcalib:/cvmfs/sphenix.sdcc.bnl.gov/alma9.2-gcc-14.2.0/release/release_new/new.10/include/reactionplaneafterburner:/cvmfs/sphenix.sdcc.bnl.gov/alma9.2-gcc-14.2.0/release/release_new/new.10/include/globalqa:/cvmfs/sphenix.sdcc.bnl.gov/alma9.2-gcc-14.2.0/release/release_new/new.10/include/tpccalib:/cvmfs/sphenix.sdcc.bnl.gov/alma9.2-gcc-14.2.0/release/release_new/new.10/include/DDSegmentation:/cvmfs/sphenix.sdcc.bnl.gov/alma9.2-gcc-14.2.0/release/release_new/new.10/include/decayfinder:/cvmfs/sphenix.sdcc.bnl.gov/alma9.2-gcc-14.2.0/release/release_new/new.10/include/compressclus:/cvmfs/sphenix.sdcc.bnl.gov/alma9.2-gcc-14.2.0/release/release_new/new.10/include/simqa_modules:/cvmfs/sphenix.sdcc.bnl.gov/alma9.2-gcc-14.2.0/release/release_new/new.10/include/resonancejettagging:/cvmfs/sphenix.sdcc.bnl.gov/alma9.2-gcc-14.2.0/release/release_new/new.10/include/g4centrality:/cvmfs/sphenix.sdcc.bnl.gov/alma9.2-gcc-14.2.0/release/release_new/new.10/include/mvtx:/cvmfs/sphenix.sdcc.bnl.gov/alma9.2-gcc-14.2.0/release/release_new/new.10/include/nlohmann:/cvmfs/sphenix.sdcc.bnl.gov/alma9.2-gcc-14.2.0/release/release_new/new.10/include/localpoloffmon:/cvmfs/sphenix.sdcc.bnl.gov/alma9.2-gcc-14.2.0/release/release_new/new.10/include/DDEve:/cvmfs/sphenix.sdcc.bnl.gov/alma9.2-gcc-14.2.0/release/release_new/new.10/include/Parsers:/cvmfs/sphenix.sdcc.bnl.gov/alma9.2-gcc-14.2.0/release/release_new/new.10/include/trackingdiagnostics:/cvmfs/sphenix.sdcc.bnl.gov/alma9.2-gcc-14.2.0/release/release_new/new.10/include/g4vertex:/cvmfs/sphenix.sdcc.bnl.gov/alma9.2-gcc-14.2.0/release/release_new/new.10/include/jetbase:/cvmfs/sphenix.sdcc.bnl.gov/alma9.2-gcc-14.2.0/release/release_new/new.10/include/globalvertex:/cvmfs/sphenix.sdcc.bnl.gov/alma9.2-gcc-14.2.0/release/release_new/new.10/include/phgenfit:/cvmfs/sphenix.sdcc.bnl.gov/alma9.2-gcc-14.2.0/release/release_new/new.10/include/rawbcolumi:/cvmfs/sphenix.sdcc.bnl.gov/alma9.2-gcc-14.2.0/release/release_new/new.10/include/eicsmear:/cvmfs/sphenix.sdcc.bnl.gov/alma9.2-gcc-14.2.0/release/release_new/new.10/include/mvtxcalib:/cvmfs/sphenix.sdcc.bnl.gov/alma9.2-gcc-14.2.0/release/release_new/new.10/include/tpclinelaserdiode:/cvmfs/sphenix.sdcc.bnl.gov/alma9.2-gcc-14.2.0/release/release_new/new.10/include/hepmcjettrigger:/cvmfs/sphenix.sdcc.bnl.gov/alma9.2-gcc-14.2.0/release/release_new/new.10/include/core:/cvmfs/sphenix.sdcc.bnl.gov/alma9.2-gcc-14.2.0/release/release_new/new.10/include/calo_cdb:/cvmfs/sphenix.sdcc.bnl.gov/alma9.2-gcc-14.2.0/release/release_new/new.10/include/mvtxclustershapesqa:/cvmfs/sphenix.sdcc.bnl.gov/alma9.2-gcc-14.2.0/release/release_new/new.10/include/calopacketskimmer:/cvmfs/sphenix.sdcc.bnl.gov/alma9.2-gcc-14.2.0/opt/sphenix/core/geant4.10.07.p04/include:/cvmfs/sphenix.sdcc.bnl.gov/alma9.2-gcc-14.2.0/release/release_new/new.10/rootmacros:/cvmfs/sphenix.sdcc.bnl.gov/alma9.2-gcc-14.2.0/opt/sphenix/core/include
GSEARCHPATH=.:PG:LUSTRE:RAWDATA
PWD=/gpfs/mnt/gpfs02/sphenix/user/samfred/run25/ppg11/histmaking
LOGNAME=samfred
_CONDOR_JOB_AD=/home/condor/local/sphnx/execute/dir_313178/.job.ad
MANPATH=/cvmfs/sphenix.sdcc.bnl.gov/alma9.2-gcc-14.2.0/opt/sphenix/core/gcc/14.2.0-2f0a0/x86_64-el9/share/man:/cvmfs/sphenix.sdcc.bnl.gov/alma9.2-gcc-14.2.0/opt/sphenix/core/binutils/2.40-acaab/x86_64-el9/share/man:/cvmfs/sphenix.sdcc.bnl.gov/alma9.2-gcc-14.2.0/release/release_new/new.10/share/man:/cvmfs/sphenix.sdcc.bnl.gov/alma9.2-gcc-14.2.0/opt/sphenix/utils/share/man:/cvmfs/sphenix.sdcc.bnl.gov/alma9.2-gcc-14.2.0/opt/sphenix/core/share/man:/cvmfs/sphenix.sdcc.bnl.gov/alma9.2-gcc-14.2.0/opt/sphenix/core/root-6.32.06/man:/usr/local/share/man:/usr/share/man
PYTHIA8=/cvmfs/sphenix.sdcc.bnl.gov/alma9.2-gcc-14.2.0/release/release_new/new.10/share/Pythia8
G4INCLDATA=/cvmfs/sphenix.sdcc.bnl.gov/alma9.2-gcc-14.2.0/opt/sphenix/core/geant4.10.07.p04/share/Geant4-10.7.4/data/G4INCL1.0
ORIG_PATH=/usr/local/bin:/usr/bin
CXX=/cvmfs/sphenix.sdcc.bnl.gov/alma9.2-gcc-14.2.0/opt/sphenix/core/gcc/14.2.0-2f0a0/x86_64-el9/bin/g++
G4LEDATA=/cvmfs/sphenix.sdcc.bnl.gov/alma9.2-gcc-14.2.0/opt/sphenix/core/geant4.10.07.p04/share/Geant4-10.7.4/data/G4EMLOW7.13
PYTHON_CPU_COUNT=1
OPENBLAS_NUM_THREADS=1
_CONDOR_ANCESTOR_336035=313178:1759352712:961005358
_CONDOR_BIN=/usr/bin
HOME=/sphenix/u/samfred
G4PARTICLEXSDATA=/cvmfs/sphenix.sdcc.bnl.gov/alma9.2-gcc-14.2.0/opt/sphenix/core/geant4.10.07.p04/share/Geant4-10.7.4/data/G4PARTICLEXS3.1.1
ONLINE_MAIN=/cvmfs/sphenix.sdcc.bnl.gov/alma9.2-gcc-14.2.0/release/release_new/new.10
CALIBRATIONROOT=/cvmfs/sphenix.sdcc.bnl.gov/alma9.2-gcc-14.2.0/release/release_new/new.10/share/calibrations
_CONDOR_ANCESTOR_313178=313295:1759352712:700829932
TMPDIR=/tmp
_CONDOR_SCRATCH_DIR=/home/condor/local/sphnx/execute/dir_313178
PGUSER=phnxrc
NOPAYLOADCLIENT_CONF=/cvmfs/sphenix.sdcc.bnl.gov/alma9.2-gcc-14.2.0/opt/sphenix/core/etc/sPHENIX_newcdb.json
XERCESCROOT=/cvmfs/sphenix.sdcc.bnl.gov/alma9.2-gcc-14.2.0/opt/sphenix/core/geant4.10.07.p04
LHAPATH=/cvmfs/sphenix.sdcc.bnl.gov/alma9.2-gcc-14.2.0/opt/sphenix/core/lhapdf-5.9.1/share/lhapdf/PDFsets
G4NEUTRONHPDATA=/cvmfs/sphenix.sdcc.bnl.gov/alma9.2-gcc-14.2.0/opt/sphenix/core/geant4.10.07.p04/share/Geant4-10.7.4/data/G4NDL4.6
PYTHONPATH=.:/cvmfs/sphenix.sdcc.bnl.gov/alma9.2-gcc-14.2.0/release/release_new/new.10/lib/python3.13/site-packages:/cvmfs/sphenix.sdcc.bnl.gov/alma9.2-gcc-14.2.0/opt/sphenix/core/lib/python3.13/site-packages:/cvmfs/sphenix.sdcc.bnl.gov/alma9.2-gcc-14.2.0/opt/sphenix/core/root-6.32.06/lib
USER=samfred
_CONDOR_JOB_PIDS=
TEMP=/tmp
GOMAXPROCS=1
OFFLINE_MAIN=/cvmfs/sphenix.sdcc.bnl.gov/alma9.2-gcc-14.2.0/release/release_new/new.10
SHLVL=1
TF_NUM_THREADS=1
G4SAIDXSDATA=/cvmfs/sphenix.sdcc.bnl.gov/alma9.2-gcc-14.2.0/opt/sphenix/core/geant4.10.07.p04/share/Geant4-10.7.4/data/G4SAIDDATA2.0
APPTAINER_CACHEDIR=/home/condor/local/sphnx/execute/dir_313178
ROOTSYS=/cvmfs/sphenix.sdcc.bnl.gov/alma9.2-gcc-14.2.0/opt/sphenix/core/root-6.32.06
BATCH_SYSTEM=HTCondor
_CONDOR_SLOT=slot1_50
LD_LIBRARY_PATH=/sphenix/user/samfred/run25/install//lib:/cvmfs/sphenix.sdcc.bnl.gov/alma9.2-gcc-14.2.0/opt/sphenix/core/gcc/14.2.0-2f0a0/x86_64-el9/lib:/cvmfs/sphenix.sdcc.bnl.gov/alma9.2-gcc-14.2.0/opt/sphenix/core/gcc/14.2.0-2f0a0/x86_64-el9/lib64:/cvmfs/sphenix.sdcc.bnl.gov/alma9.2-gcc-14.2.0/opt/sphenix/core/binutils/2.40-acaab/x86_64-el9/lib:.:/cvmfs/sphenix.sdcc.bnl.gov/alma9.2-gcc-14.2.0/release/release_new/new.10/lib64:/cvmfs/sphenix.sdcc.bnl.gov/alma9.2-gcc-14.2.0/release/release_new/new.10/lib:/cvmfs/sphenix.sdcc.bnl.gov/alma9.2-gcc-14.2.0/opt/sphenix/utils/lib:/cvmfs/sphenix.sdcc.bnl.gov/alma9.2-gcc-14.2.0/opt/sphenix/core/lib:/cvmfs/sphenix.sdcc.bnl.gov/alma9.2-gcc-14.2.0/opt/sphenix/core/root-6.32.06/lib:/cvmfs/sphenix.sdcc.bnl.gov/alma9.2-gcc-14.2.0/opt/sphenix/core/geant4.10.07.p04/lib64:/cvmfs/sphenix.sdcc.bnl.gov/alma9.2-gcc-14.2.0/opt/sphenix/core/lhapdf-5.9.1/lib:/usr/local/lib64:/usr/lib64
OPT_SPHENIX=/cvmfs/sphenix.sdcc.bnl.gov/alma9.2-gcc-14.2.0/opt/sphenix/core
TF_LOOP_PARALLEL_ITERATIONS=1
EVT_LIB=/cvmfs/sphenix.sdcc.bnl.gov/alma9.2-gcc-14.2.0/opt/sphenix/core/root-6.32.06/lib
PGHOST=sphnxdbmaster.sdcc.bnl.gov
OMP_NUM_THREADS=1
G4REALSURFACEDATA=/cvmfs/sphenix.sdcc.bnl.gov/alma9.2-gcc-14.2.0/opt/sphenix/core/geant4.10.07.p04/share/Geant4-10.7.4/data/RealSurface2.2
FC=/cvmfs/sphenix.sdcc.bnl.gov/alma9.2-gcc-14.2.0/opt/sphenix/core/gcc/14.2.0-2f0a0/x86_64-el9/bin/gfortran
G4ABLADATA=/cvmfs/sphenix.sdcc.bnl.gov/alma9.2-gcc-14.2.0/opt/sphenix/core/geant4.10.07.p04/share/Geant4-10.7.4/data/G4ABLA3.1
PARASOFT=doesnotexist
TMP=/tmp
OPT_UTILS=/cvmfs/sphenix.sdcc.bnl.gov/alma9.2-gcc-14.2.0/opt/sphenix/utils
CONFIG_SITE=/cvmfs/sphenix.sdcc.bnl.gov/alma9.2-gcc-14.2.0/opt/sphenix/core/etc/config.site
PATH=/sphenix/user/samfred/run25/install//bin:/cvmfs/sphenix.sdcc.bnl.gov/alma9.2-gcc-14.2.0/opt/sphenix/core/gcc/14.2.0-2f0a0/x86_64-el9/bin:/cvmfs/sphenix.sdcc.bnl.gov/alma9.2-gcc-14.2.0/opt/sphenix/core/binutils/2.40-acaab/x86_64-el9/bin:.:/cvmfs/sphenix.sdcc.bnl.gov/alma9.2-gcc-14.2.0/release/release_new/new.10/bin:/cvmfs/sphenix.sdcc.bnl.gov/alma9.2-gcc-14.2.0/opt/sphenix/utils/bin:/cvmfs/sphenix.sdcc.bnl.gov/alma9.2-gcc-14.2.0/opt/sphenix/core/bin:/cvmfs/sphenix.sdcc.bnl.gov/alma9.2-gcc-14.2.0/opt/sphenix/core/root-6.32.06/bin:/cvmfs/sphenix.sdcc.bnl.gov/alma9.2-gcc-14.2.0/opt/sphenix/core/geant4.10.07.p04/bin:/usr/local/bin:/usr/bin:/usr/local/sbin:/usr/sbin
G4LEVELGAMMADATA=/cvmfs/sphenix.sdcc.bnl.gov/alma9.2-gcc-14.2.0/opt/sphenix/core/geant4.10.07.p04/share/Geant4-10.7.4/data/PhotonEvaporation5.7
CC=/cvmfs/sphenix.sdcc.bnl.gov/alma9.2-gcc-14.2.0/opt/sphenix/core/gcc/14.2.0-2f0a0/x86_64-el9/bin/gcc
G4RADIOACTIVEDATA=/cvmfs/sphenix.sdcc.bnl.gov/alma9.2-gcc-14.2.0/opt/sphenix/core/geant4.10.07.p04/share/Geant4-10.7.4/data/RadioactiveDecay5.6
JULIA_NUM_THREADS=1
MKL_NUM_THREADS=1
LHAPDF_DATA_PATH=/cvmfs/sphenix.sdcc.bnl.gov/alma9.2-gcc-14.2.0/release/release_new/new.10/share/LHAPDF
XPLOAD_CONFIG_DIR=/cvmfs/sphenix.sdcc.bnl.gov/alma9.2-gcc-14.2.0/opt/sphenix/core/etc
OLDPWD=/cvmfs/sphenix.sdcc.bnl.gov/alma9.2-gcc-14.2.0/release/release_new/new.10/geant4
_=/usr/bin/printenv
runnumber...
50607
trigger...

   ------------------------------------------------------------------
  | Welcome to ROOT 6.32.06                        https://root.cern |
  | (c) 1995-2024, The ROOT Team; conception: R. Brun, F. Rademakers |
  | Built for linuxx8664gcc on Dec 13 2024, 17:23:48                 |
  | From tags/6-32-06@6-32-06                                        |
  | With g++ (GCC) 14.2.0                                            |
  | Try '.help'/'.?', '.demo', '.license', '.credits', '.quit'/'.q'  |
   ------------------------------------------------------------------


Processing data_histmaker.C(50607)...
entry 3000/2877117 (0.104271%)
entry 4000/2877117 (0.139028%)
entry 6000/2877117 (0.208542%)
entry 8000/2877117 (0.278056%)
entry 10000/2877117 (0.34757%)
entry 11000/2877117 (0.382327%)
entry 14000/2877117 (0.486598%)
entry 15000/2877117 (0.521355%)
entry 16000/2877117 (0.556112%)
entry 17000/2877117 (0.590869%)
entry 27000/2877117 (0.938439%)
entry 32000/2877117 (1.11222%)
entry 34000/2877117 (1.18174%)
entry 35000/2877117 (1.2165%)
entry 36000/2877117 (1.25125%)
entry 39000/2877117 (1.35552%)
entry 42000/2877117 (1.45979%)
entry 44000/2877117 (1.52931%)
entry 46000/2877117 (1.59882%)
entry 51000/2877117 (1.77261%)
entry 56000/2877117 (1.94639%)
entry 58000/2877117 (2.01591%)
entry 61000/2877117 (2.12018%)
entry 63000/2877117 (2.18969%)
entry 64000/2877117 (2.22445%)
entry 66000/2877117 (2.29396%)
entry 71000/2877117 (2.46775%)
entry 72000/2877117 (2.50251%)
entry 79000/2877117 (2.7458%)
entry 80000/2877117 (2.78056%)
entry 82000/2877117 (2.85008%)
entry 84000/2877117 (2.91959%)
entry 96000/2877117 (3.33667%)
entry 97000/2877117 (3.37143%)
entry 98000/2877117 (3.40619%)
entry 110000/2877117 (3.82327%)
entry 111000/2877117 (3.85803%)
entry 117000/2877117 (4.06657%)
entry 124000/2877117 (4.30987%)
entry 129000/2877117 (4.48366%)
entry 134000/2877117 (4.65744%)
entry 140000/2877117 (4.86598%)
entry 149000/2877117 (5.1788%)
entry 150000/2877117 (5.21355%)
entry 154000/2877117 (5.35258%)
entry 168000/2877117 (5.83918%)
entry 170000/2877117 (5.90869%)
entry 175000/2877117 (6.08248%)
entry 179000/2877117 (6.22151%)
entry 181000/2877117 (6.29102%)
entry 192000/2877117 (6.67335%)
entry 195000/2877117 (6.77762%)
entry 196000/2877117 (6.81238%)
entry 198000/2877117 (6.88189%)
entry 201000/2877117 (6.98616%)
entry 202000/2877117 (7.02092%)
entry 203000/2877117 (7.05567%)
entry 205000/2877117 (7.12519%)
entry 206000/2877117 (7.15995%)
entry 211000/2877117 (7.33373%)
entry 217000/2877117 (7.54227%)
entry 219000/2877117 (7.61179%)
entry 223000/2877117 (7.75081%)
entry 227000/2877117 (7.88984%)
entry 229000/2877117 (7.95936%)
entry 233000/2877117 (8.09838%)
entry 235000/2877117 (8.1679%)
entry 237000/2877117 (8.23741%)
entry 242000/2877117 (8.4112%)
entry 246000/2877117 (8.55023%)
entry 247000/2877117 (8.58498%)
entry 248000/2877117 (8.61974%)
entry 249000/2877117 (8.6545%)
entry 253000/2877117 (8.79352%)
entry 255000/2877117 (8.86304%)
entry 257000/2877117 (8.93255%)
entry 267000/2877117 (9.28012%)
entry 277000/2877117 (9.62769%)
entry 279000/2877117 (9.69721%)
entry 281000/2877117 (9.76672%)
entry 286000/2877117 (9.94051%)
entry 290000/2877117 (10.0795%)
entry 291000/2877117 (10.1143%)
entry 293000/2877117 (10.1838%)
entry 297000/2877117 (10.3228%)
entry 299000/2877117 (10.3923%)
entry 301000/2877117 (10.4619%)
entry 304000/2877117 (10.5661%)
entry 309000/2877117 (10.7399%)
entry 315000/2877117 (10.9485%)
entry 317000/2877117 (11.018%)
entry 320000/2877117 (11.1222%)
entry 322000/2877117 (11.1918%)
entry 325000/2877117 (11.296%)
entry 330000/2877117 (11.4698%)
entry 332000/2877117 (11.5393%)
entry 333000/2877117 (11.5741%)
entry 337000/2877117 (11.7131%)
entry 338000/2877117 (11.7479%)
entry 342000/2877117 (11.8869%)
entry 345000/2877117 (11.9912%)
entry 347000/2877117 (12.0607%)
entry 348000/2877117 (12.0954%)
entry 351000/2877117 (12.1997%)
entry 353000/2877117 (12.2692%)
entry 355000/2877117 (12.3387%)
entry 359000/2877117 (12.4778%)
entry 361000/2877117 (12.5473%)
entry 363000/2877117 (12.6168%)
entry 364000/2877117 (12.6516%)
entry 365000/2877117 (12.6863%)
entry 370000/2877117 (12.8601%)
entry 377000/2877117 (13.1034%)
entry 379000/2877117 (13.1729%)
entry 385000/2877117 (13.3815%)
entry 388000/2877117 (13.4857%)
entry 390000/2877117 (13.5552%)
entry 397000/2877117 (13.7985%)
entry 400000/2877117 (13.9028%)
entry 401000/2877117 (13.9376%)
entry 405000/2877117 (14.0766%)
entry 406000/2877117 (14.1113%)
entry 407000/2877117 (14.1461%)
entry 410000/2877117 (14.2504%)
entry 411000/2877117 (14.2851%)
entry 413000/2877117 (14.3546%)
entry 422000/2877117 (14.6675%)
entry 423000/2877117 (14.7022%)
entry 424000/2877117 (14.737%)
entry 430000/2877117 (14.9455%)
entry 431000/2877117 (14.9803%)
entry 433000/2877117 (15.0498%)
entry 437000/2877117 (15.1888%)
entry 439000/2877117 (15.2583%)
entry 440000/2877117 (15.2931%)
entry 444000/2877117 (15.4321%)
entry 445000/2877117 (15.4669%)
entry 446000/2877117 (15.5016%)
entry 449000/2877117 (15.6059%)
entry 451000/2877117 (15.6754%)
entry 455000/2877117 (15.8144%)
entry 456000/2877117 (15.8492%)
entry 457000/2877117 (15.884%)
entry 458000/2877117 (15.9187%)
entry 459000/2877117 (15.9535%)
entry 460000/2877117 (15.9882%)
entry 463000/2877117 (16.0925%)
entry 466000/2877117 (16.1968%)
entry 467000/2877117 (16.2315%)
entry 468000/2877117 (16.2663%)
entry 469000/2877117 (16.301%)
entry 473000/2877117 (16.4401%)
entry 476000/2877117 (16.5443%)
entry 484000/2877117 (16.8224%)
entry 494000/2877117 (17.17%)
entry 496000/2877117 (17.2395%)
entry 498000/2877117 (17.309%)
entry 502000/2877117 (17.448%)
entry 504000/2877117 (17.5175%)
entry 506000/2877117 (17.587%)
entry 507000/2877117 (17.6218%)
entry 510000/2877117 (17.7261%)
entry 512000/2877117 (17.7956%)
entry 515000/2877117 (17.8999%)
entry 520000/2877117 (18.0736%)
entry 524000/2877117 (18.2127%)
entry 525000/2877117 (18.2474%)
entry 530000/2877117 (18.4212%)
entry 535000/2877117 (18.595%)
entry 536000/2877117 (18.6298%)
entry 538000/2877117 (18.6993%)
entry 539000/2877117 (18.734%)
entry 548000/2877117 (19.0468%)
entry 549000/2877117 (19.0816%)
entry 552000/2877117 (19.1859%)
entry 562000/2877117 (19.5334%)
entry 568000/2877117 (19.742%)
entry 578000/2877117 (20.0896%)
entry 580000/2877117 (20.1591%)
entry 590000/2877117 (20.5066%)
entry 600000/2877117 (20.8542%)
entry 602000/2877117 (20.9237%)
entry 606000/2877117 (21.0628%)
entry 607000/2877117 (21.0975%)
entry 611000/2877117 (21.2365%)
entry 613000/2877117 (21.306%)
entry 614000/2877117 (21.3408%)
entry 618000/2877117 (21.4798%)
entry 619000/2877117 (21.5146%)
entry 620000/2877117 (21.5494%)
entry 624000/2877117 (21.6884%)
entry 625000/2877117 (21.7231%)
entry 628000/2877117 (21.8274%)
entry 629000/2877117 (21.8622%)
entry 633000/2877117 (22.0012%)
entry 637000/2877117 (22.1402%)
entry 639000/2877117 (22.2097%)
entry 642000/2877117 (22.314%)
entry 643000/2877117 (22.3488%)
entry 644000/2877117 (22.3835%)
entry 648000/2877117 (22.5225%)
entry 649000/2877117 (22.5573%)
entry 652000/2877117 (22.6616%)
entry 653000/2877117 (22.6963%)
entry 655000/2877117 (22.7658%)
entry 658000/2877117 (22.8701%)
entry 659000/2877117 (22.9049%)
entry 660000/2877117 (22.9396%)
entry 661000/2877117 (22.9744%)
entry 662000/2877117 (23.0091%)
entry 667000/2877117 (23.1829%)
entry 669000/2877117 (23.2524%)
entry 676000/2877117 (23.4957%)
entry 679000/2877117 (23.6%)
entry 681000/2877117 (23.6695%)
entry 687000/2877117 (23.8781%)
entry 688000/2877117 (23.9128%)
entry 690000/2877117 (23.9823%)
entry 691000/2877117 (24.0171%)
entry 694000/2877117 (24.1214%)
entry 696000/2877117 (24.1909%)
entry 698000/2877117 (24.2604%)
entry 702000/2877117 (24.3994%)
entry 708000/2877117 (24.608%)
entry 712000/2877117 (24.747%)
entry 713000/2877117 (24.7818%)
entry 716000/2877117 (24.886%)
entry 718000/2877117 (24.9555%)
entry 719000/2877117 (24.9903%)
entry 725000/2877117 (25.1988%)
entry 729000/2877117 (25.3379%)
entry 731000/2877117 (25.4074%)
entry 736000/2877117 (25.5812%)
entry 737000/2877117 (25.6159%)
entry 738000/2877117 (25.6507%)
entry 743000/2877117 (25.8245%)
entry 744000/2877117 (25.8592%)
entry 745000/2877117 (25.894%)
entry 747000/2877117 (25.9635%)
entry 753000/2877117 (26.172%)
entry 754000/2877117 (26.2068%)
entry 763000/2877117 (26.5196%)
entry 766000/2877117 (26.6239%)
entry 770000/2877117 (26.7629%)
entry 772000/2877117 (26.8324%)
entry 776000/2877117 (26.9714%)
entry 780000/2877117 (27.1105%)
entry 785000/2877117 (27.2843%)
entry 787000/2877117 (27.3538%)
entry 788000/2877117 (27.3885%)
entry 795000/2877117 (27.6318%)
entry 801000/2877117 (27.8404%)
entry 805000/2877117 (27.9794%)
entry 806000/2877117 (28.0142%)
entry 809000/2877117 (28.1184%)
entry 810000/2877117 (28.1532%)
entry 812000/2877117 (28.2227%)
entry 814000/2877117 (28.2922%)
entry 815000/2877117 (28.327%)
entry 819000/2877117 (28.466%)
entry 821000/2877117 (28.5355%)
entry 822000/2877117 (28.5703%)
entry 825000/2877117 (28.6745%)
entry 826000/2877117 (28.7093%)
entry 829000/2877117 (28.8136%)
entry 830000/2877117 (28.8483%)
entry 831000/2877117 (28.8831%)
entry 835000/2877117 (29.0221%)
entry 836000/2877117 (29.0569%)
entry 837000/2877117 (29.0916%)
entry 840000/2877117 (29.1959%)
entry 844000/2877117 (29.3349%)
entry 848000/2877117 (29.4739%)
entry 849000/2877117 (29.5087%)
entry 852000/2877117 (29.613%)
entry 854000/2877117 (29.6825%)
entry 855000/2877117 (29.7172%)
entry 863000/2877117 (29.9953%)
entry 865000/2877117 (30.0648%)
entry 868000/2877117 (30.1691%)
entry 870000/2877117 (30.2386%)
entry 872000/2877117 (30.3081%)
entry 874000/2877117 (30.3776%)
entry 876000/2877117 (30.4471%)
entry 877000/2877117 (30.4819%)
entry 879000/2877117 (30.5514%)
entry 880000/2877117 (30.5862%)
entry 894000/2877117 (31.0728%)
entry 895000/2877117 (31.1075%)
entry 896000/2877117 (31.1423%)
entry 897000/2877117 (31.177%)
entry 898000/2877117 (31.2118%)
entry 900000/2877117 (31.2813%)
entry 903000/2877117 (31.3856%)
entry 907000/2877117 (31.5246%)
entry 908000/2877117 (31.5594%)
entry 915000/2877117 (31.8027%)
entry 919000/2877117 (31.9417%)
entry 923000/2877117 (32.0807%)
entry 926000/2877117 (32.185%)
entry 928000/2877117 (32.2545%)
entry 930000/2877117 (32.324%)
entry 931000/2877117 (32.3588%)
entry 932000/2877117 (32.3935%)
entry 934000/2877117 (32.4631%)
entry 935000/2877117 (32.4978%)
entry 938000/2877117 (32.6021%)
entry 947000/2877117 (32.9149%)
entry 948000/2877117 (32.9497%)
entry 950000/2877117 (33.0192%)
entry 952000/2877117 (33.0887%)
entry 954000/2877117 (33.1582%)
entry 956000/2877117 (33.2277%)
entry 957000/2877117 (33.2625%)
entry 963000/2877117 (33.471%)
entry 964000/2877117 (33.5058%)
entry 966000/2877117 (33.5753%)
entry 967000/2877117 (33.61%)
entry 970000/2877117 (33.7143%)
entry 972000/2877117 (33.7838%)
entry 980000/2877117 (34.0619%)
entry 981000/2877117 (34.0966%)
entry 983000/2877117 (34.1661%)
entry 984000/2877117 (34.2009%)
entry 985000/2877117 (34.2357%)
entry 992000/2877117 (34.479%)
entry 994000/2877117 (34.5485%)
entry 995000/2877117 (34.5832%)
entry 996000/2877117 (34.618%)
entry 999000/2877117 (34.7223%)
entry 1007000/2877117 (35.0003%)
entry 1009000/2877117 (35.0698%)
entry 1010000/2877117 (35.1046%)
entry 1011000/2877117 (35.1393%)
entry 1016000/2877117 (35.3131%)
entry 1017000/2877117 (35.3479%)
entry 1019000/2877117 (35.4174%)
entry 1021000/2877117 (35.4869%)
entry 1022000/2877117 (35.5217%)
entry 1024000/2877117 (35.5912%)
entry 1027000/2877117 (35.6955%)
entry 1028000/2877117 (35.7302%)
entry 1032000/2877117 (35.8692%)
entry 1034000/2877117 (35.9388%)
entry 1037000/2877117 (36.043%)
entry 1038000/2877117 (36.0778%)
entry 1046000/2877117 (36.3558%)
entry 1047000/2877117 (36.3906%)
entry 1049000/2877117 (36.4601%)
entry 1051000/2877117 (36.5296%)
entry 1052000/2877117 (36.5644%)
entry 1058000/2877117 (36.7729%)
entry 1061000/2877117 (36.8772%)
entry 1073000/2877117 (37.2943%)
entry 1075000/2877117 (37.3638%)
entry 1080000/2877117 (37.5376%)
entry 1083000/2877117 (37.6418%)
entry 1086000/2877117 (37.7461%)
entry 1089000/2877117 (37.8504%)
entry 1091000/2877117 (37.9199%)
entry 1092000/2877117 (37.9547%)
entry 1094000/2877117 (38.0242%)
entry 1095000/2877117 (38.0589%)
entry 1097000/2877117 (38.1284%)
entry 1098000/2877117 (38.1632%)
entry 1100000/2877117 (38.2327%)
entry 1103000/2877117 (38.337%)
entry 1104000/2877117 (38.3717%)
entry 1106000/2877117 (38.4413%)
entry 1110000/2877117 (38.5803%)
entry 1111000/2877117 (38.615%)
entry 1113000/2877117 (38.6846%)
entry 1114000/2877117 (38.7193%)
entry 1116000/2877117 (38.7888%)
entry 1121000/2877117 (38.9626%)
entry 1122000/2877117 (38.9974%)
entry 1125000/2877117 (39.1016%)
entry 1128000/2877117 (39.2059%)
entry 1131000/2877117 (39.3102%)
entry 1132000/2877117 (39.3449%)
entry 1134000/2877117 (39.4145%)
entry 1137000/2877117 (39.5187%)
entry 1138000/2877117 (39.5535%)
entry 1139000/2877117 (39.5882%)
entry 1140000/2877117 (39.623%)
entry 1141000/2877117 (39.6578%)
entry 1143000/2877117 (39.7273%)
entry 1147000/2877117 (39.8663%)
entry 1149000/2877117 (39.9358%)
entry 1150000/2877117 (39.9706%)
entry 1151000/2877117 (40.0053%)
entry 1152000/2877117 (40.0401%)
entry 1155000/2877117 (40.1444%)
entry 1158000/2877117 (40.2486%)
entry 1160000/2877117 (40.3181%)
entry 1162000/2877117 (40.3877%)
entry 1165000/2877117 (40.4919%)
entry 1169000/2877117 (40.631%)
entry 1170000/2877117 (40.6657%)
entry 1175000/2877117 (40.8395%)
entry 1177000/2877117 (40.909%)
entry 1184000/2877117 (41.1523%)
entry 1185000/2877117 (41.1871%)
entry 1188000/2877117 (41.2913%)
entry 1189000/2877117 (41.3261%)
entry 1194000/2877117 (41.4999%)
entry 1198000/2877117 (41.6389%)
entry 1203000/2877117 (41.8127%)
entry 1204000/2877117 (41.8474%)
entry 1213000/2877117 (42.1603%)
entry 1214000/2877117 (42.195%)
entry 1216000/2877117 (42.2645%)
entry 1218000/2877117 (42.334%)
entry 1220000/2877117 (42.4036%)
entry 1224000/2877117 (42.5426%)
entry 1225000/2877117 (42.5773%)
entry 1226000/2877117 (42.6121%)
entry 1228000/2877117 (42.6816%)
entry 1233000/2877117 (42.8554%)
entry 1235000/2877117 (42.9249%)
entry 1236000/2877117 (42.9597%)
entry 1243000/2877117 (43.203%)
entry 1244000/2877117 (43.2377%)
entry 1245000/2877117 (43.2725%)
entry 1246000/2877117 (43.3072%)
entry 1250000/2877117 (43.4463%)
entry 1258000/2877117 (43.7243%)
entry 1259000/2877117 (43.7591%)
entry 1263000/2877117 (43.8981%)
entry 1274000/2877117 (44.2804%)
entry 1276000/2877117 (44.35%)
entry 1278000/2877117 (44.4195%)
entry 1280000/2877117 (44.489%)
entry 1281000/2877117 (44.5237%)
entry 1289000/2877117 (44.8018%)
entry 1290000/2877117 (44.8366%)
entry 1292000/2877117 (44.9061%)
entry 1293000/2877117 (44.9408%)
entry 1294000/2877117 (44.9756%)
entry 1304000/2877117 (45.3231%)
entry 1307000/2877117 (45.4274%)
entry 1308000/2877117 (45.4622%)
entry 1311000/2877117 (45.5664%)
entry 1317000/2877117 (45.775%)
entry 1327000/2877117 (46.1226%)
entry 1328000/2877117 (46.1573%)
entry 1334000/2877117 (46.3659%)
entry 1336000/2877117 (46.4354%)
entry 1338000/2877117 (46.5049%)
entry 1339000/2877117 (46.5396%)
entry 1343000/2877117 (46.6787%)
entry 1346000/2877117 (46.7829%)
entry 1347000/2877117 (46.8177%)
entry 1349000/2877117 (46.8872%)
entry 1350000/2877117 (46.922%)
entry 1357000/2877117 (47.1653%)
entry 1359000/2877117 (47.2348%)
entry 1362000/2877117 (47.3391%)
entry 1363000/2877117 (47.3738%)
entry 1364000/2877117 (47.4086%)
entry 1365000/2877117 (47.4433%)
entry 1367000/2877117 (47.5128%)
entry 1369000/2877117 (47.5824%)
entry 1372000/2877117 (47.6866%)
entry 1373000/2877117 (47.7214%)
entry 1374000/2877117 (47.7561%)
entry 1375000/2877117 (47.7909%)
entry 1378000/2877117 (47.8952%)
entry 1380000/2877117 (47.9647%)
entry 1382000/2877117 (48.0342%)
entry 1383000/2877117 (48.069%)
entry 1390000/2877117 (48.3123%)
entry 1395000/2877117 (48.486%)
entry 1396000/2877117 (48.5208%)
entry 1397000/2877117 (48.5555%)
entry 1398000/2877117 (48.5903%)
entry 1401000/2877117 (48.6946%)
entry 1406000/2877117 (48.8684%)
entry 1407000/2877117 (48.9031%)
entry 1415000/2877117 (49.1812%)
entry 1418000/2877117 (49.2854%)
entry 1419000/2877117 (49.3202%)
entry 1421000/2877117 (49.3897%)
entry 1423000/2877117 (49.4592%)
entry 1426000/2877117 (49.5635%)
entry 1429000/2877117 (49.6678%)
entry 1431000/2877117 (49.7373%)
entry 1434000/2877117 (49.8416%)
entry 1436000/2877117 (49.9111%)
entry 1437000/2877117 (49.9458%)
entry 1438000/2877117 (49.9806%)
entry 1443000/2877117 (50.1544%)
entry 1447000/2877117 (50.2934%)
entry 1448000/2877117 (50.3282%)
entry 1450000/2877117 (50.3977%)
entry 1451000/2877117 (50.4324%)
entry 1452000/2877117 (50.4672%)
entry 1453000/2877117 (50.5019%)
entry 1455000/2877117 (50.5715%)
entry 1460000/2877117 (50.7452%)
entry 1462000/2877117 (50.8148%)
entry 1470000/2877117 (51.0928%)
entry 1474000/2877117 (51.2318%)
entry 1482000/2877117 (51.5099%)
entry 1483000/2877117 (51.5447%)
entry 1484000/2877117 (51.5794%)
entry 1487000/2877117 (51.6837%)
entry 1489000/2877117 (51.7532%)
entry 1490000/2877117 (51.788%)
entry 1491000/2877117 (51.8227%)
entry 1496000/2877117 (51.9965%)
entry 1497000/2877117 (52.0313%)
entry 1498000/2877117 (52.066%)
entry 1499000/2877117 (52.1008%)
entry 1500000/2877117 (52.1355%)
entry 1502000/2877117 (52.205%)
entry 1503000/2877117 (52.2398%)
entry 1505000/2877117 (52.3093%)
entry 1506000/2877117 (52.3441%)
entry 1509000/2877117 (52.4483%)
entry 1514000/2877117 (52.6221%)
entry 1518000/2877117 (52.7611%)
entry 1521000/2877117 (52.8654%)
entry 1522000/2877117 (52.9002%)
entry 1524000/2877117 (52.9697%)
entry 1525000/2877117 (53.0044%)
entry 1526000/2877117 (53.0392%)
entry 1527000/2877117 (53.074%)
entry 1528000/2877117 (53.1087%)
entry 1531000/2877117 (53.213%)
entry 1533000/2877117 (53.2825%)
entry 1539000/2877117 (53.491%)
entry 1540000/2877117 (53.5258%)
entry 1541000/2877117 (53.5606%)
entry 1544000/2877117 (53.6648%)
entry 1547000/2877117 (53.7691%)
entry 1555000/2877117 (54.0472%)
entry 1557000/2877117 (54.1167%)
entry 1563000/2877117 (54.3252%)
entry 1567000/2877117 (54.4642%)
entry 1573000/2877117 (54.6728%)
entry 1575000/2877117 (54.7423%)
entry 1576000/2877117 (54.7771%)
entry 1578000/2877117 (54.8466%)
entry 1580000/2877117 (54.9161%)
entry 1582000/2877117 (54.9856%)
entry 1583000/2877117 (55.0204%)
entry 1591000/2877117 (55.2984%)
entry 1596000/2877117 (55.4722%)
entry 1600000/2877117 (55.6112%)
entry 1601000/2877117 (55.646%)
entry 1605000/2877117 (55.785%)
entry 1607000/2877117 (55.8545%)
entry 1610000/2877117 (55.9588%)
entry 1615000/2877117 (56.1326%)
entry 1618000/2877117 (56.2369%)
entry 1624000/2877117 (56.4454%)
entry 1626000/2877117 (56.5149%)
entry 1633000/2877117 (56.7582%)
entry 1635000/2877117 (56.8277%)
entry 1637000/2877117 (56.8972%)
entry 1640000/2877117 (57.0015%)
entry 1642000/2877117 (57.071%)
entry 1643000/2877117 (57.1058%)
entry 1648000/2877117 (57.2796%)
entry 1650000/2877117 (57.3491%)
entry 1653000/2877117 (57.4533%)
entry 1654000/2877117 (57.4881%)
entry 1655000/2877117 (57.5229%)
entry 1659000/2877117 (57.6619%)
entry 1660000/2877117 (57.6966%)
entry 1663000/2877117 (57.8009%)
entry 1669000/2877117 (58.0095%)
entry 1675000/2877117 (58.218%)
entry 1677000/2877117 (58.2875%)
entry 1689000/2877117 (58.7046%)
entry 1690000/2877117 (58.7394%)
entry 1691000/2877117 (58.7741%)
entry 1692000/2877117 (58.8089%)
entry 1694000/2877117 (58.8784%)
entry 1700000/2877117 (59.0869%)
entry 1702000/2877117 (59.1564%)
entry 1703000/2877117 (59.1912%)
entry 1705000/2877117 (59.2607%)
entry 1707000/2877117 (59.3302%)
entry 1713000/2877117 (59.5388%)
entry 1714000/2877117 (59.5735%)
entry 1716000/2877117 (59.643%)
entry 1719000/2877117 (59.7473%)
entry 1723000/2877117 (59.8863%)
entry 1726000/2877117 (59.9906%)
entry 1730000/2877117 (60.1296%)
entry 1731000/2877117 (60.1644%)
entry 1734000/2877117 (60.2687%)
entry 1737000/2877117 (60.3729%)
entry 1745000/2877117 (60.651%)
entry 1747000/2877117 (60.7205%)
entry 1750000/2877117 (60.8248%)
entry 1751000/2877117 (60.8595%)
entry 1752000/2877117 (60.8943%)
entry 1759000/2877117 (61.1376%)
entry 1767000/2877117 (61.4156%)
entry 1768000/2877117 (61.4504%)
entry 1770000/2877117 (61.5199%)
entry 1776000/2877117 (61.7285%)
entry 1782000/2877117 (61.937%)
entry 1783000/2877117 (61.9718%)
entry 1787000/2877117 (62.1108%)
entry 1794000/2877117 (62.3541%)
entry 1795000/2877117 (62.3888%)
entry 1799000/2877117 (62.5279%)
entry 1800000/2877117 (62.5626%)
entry 1802000/2877117 (62.6321%)
entry 1808000/2877117 (62.8407%)
entry 1809000/2877117 (62.8754%)
entry 1810000/2877117 (62.9102%)
entry 1811000/2877117 (62.945%)
entry 1815000/2877117 (63.084%)
entry 1816000/2877117 (63.1187%)
entry 1821000/2877117 (63.2925%)
entry 1822000/2877117 (63.3273%)
entry 1823000/2877117 (63.362%)
entry 1824000/2877117 (63.3968%)
entry 1828000/2877117 (63.5358%)
entry 1834000/2877117 (63.7444%)
entry 1840000/2877117 (63.9529%)
entry 1843000/2877117 (64.0572%)
entry 1846000/2877117 (64.1614%)
entry 1849000/2877117 (64.2657%)
entry 1853000/2877117 (64.4047%)
entry 1855000/2877117 (64.4743%)
entry 1860000/2877117 (64.6481%)
entry 1867000/2877117 (64.8914%)
entry 1868000/2877117 (64.9261%)
entry 1874000/2877117 (65.1346%)
entry 1877000/2877117 (65.2389%)
entry 1882000/2877117 (65.4127%)
entry 1883000/2877117 (65.4475%)
entry 1886000/2877117 (65.5517%)
entry 1890000/2877117 (65.6908%)
entry 1893000/2877117 (65.795%)
entry 1894000/2877117 (65.8298%)
entry 1896000/2877117 (65.8993%)
entry 1905000/2877117 (66.2121%)
entry 1907000/2877117 (66.2816%)
entry 1912000/2877117 (66.4554%)
entry 1919000/2877117 (66.6987%)
entry 1920000/2877117 (66.7335%)
entry 1924000/2877117 (66.8725%)
entry 1929000/2877117 (67.0463%)
entry 1931000/2877117 (67.1158%)
entry 1932000/2877117 (67.1506%)
entry 1933000/2877117 (67.1853%)
entry 1935000/2877117 (67.2548%)
entry 1937000/2877117 (67.3243%)
entry 1939000/2877117 (67.3939%)
entry 1941000/2877117 (67.4634%)
entry 1942000/2877117 (67.4981%)
entry 1944000/2877117 (67.5676%)
entry 1948000/2877117 (67.7067%)
entry 1950000/2877117 (67.7762%)
entry 1951000/2877117 (67.8109%)
entry 1952000/2877117 (67.8457%)
entry 1953000/2877117 (67.8805%)
entry 1954000/2877117 (67.9152%)
entry 1956000/2877117 (67.9847%)
entry 1959000/2877117 (68.089%)
entry 1962000/2877117 (68.1933%)
entry 1966000/2877117 (68.3323%)
entry 1969000/2877117 (68.4366%)
entry 1971000/2877117 (68.5061%)
entry 1974000/2877117 (68.6103%)
entry 1980000/2877117 (68.8189%)
entry 1982000/2877117 (68.8884%)
entry 1983000/2877117 (68.9232%)
entry 1984000/2877117 (68.9579%)
entry 1985000/2877117 (68.9927%)
entry 2004000/2877117 (69.6531%)
entry 2005000/2877117 (69.6878%)
entry 2007000/2877117 (69.7573%)
entry 2008000/2877117 (69.7921%)
entry 2013000/2877117 (69.9659%)
entry 2016000/2877117 (70.0701%)
entry 2017000/2877117 (70.1049%)
entry 2020000/2877117 (70.2092%)
entry 2021000/2877117 (70.2439%)
entry 2022000/2877117 (70.2787%)
entry 2024000/2877117 (70.3482%)
entry 2027000/2877117 (70.4525%)
entry 2032000/2877117 (70.6263%)
entry 2035000/2877117 (70.7305%)
entry 2041000/2877117 (70.9391%)
entry 2044000/2877117 (71.0433%)
entry 2046000/2877117 (71.1129%)
entry 2047000/2877117 (71.1476%)
entry 2051000/2877117 (71.2866%)
entry 2053000/2877117 (71.3562%)
entry 2055000/2877117 (71.4257%)
entry 2057000/2877117 (71.4952%)
entry 2065000/2877117 (71.7732%)
entry 2072000/2877117 (72.0165%)
entry 2085000/2877117 (72.4684%)
entry 2088000/2877117 (72.5726%)
entry 2089000/2877117 (72.6074%)
entry 2091000/2877117 (72.6769%)
entry 2093000/2877117 (72.7464%)
entry 2096000/2877117 (72.8507%)
entry 2098000/2877117 (72.9202%)
entry 2099000/2877117 (72.955%)
entry 2100000/2877117 (72.9897%)
entry 2105000/2877117 (73.1635%)
entry 2108000/2877117 (73.2678%)
entry 2111000/2877117 (73.3721%)
entry 2114000/2877117 (73.4763%)
entry 2115000/2877117 (73.5111%)
entry 2126000/2877117 (73.8934%)
entry 2133000/2877117 (74.1367%)
entry 2134000/2877117 (74.1715%)
entry 2137000/2877117 (74.2757%)
entry 2140000/2877117 (74.38%)
entry 2142000/2877117 (74.4495%)
entry 2145000/2877117 (74.5538%)
entry 2147000/2877117 (74.6233%)
entry 2150000/2877117 (74.7276%)
entry 2155000/2877117 (74.9014%)
entry 2156000/2877117 (74.9361%)
entry 2161000/2877117 (75.1099%)
entry 2163000/2877117 (75.1794%)
entry 2164000/2877117 (75.2142%)
entry 2165000/2877117 (75.2489%)
entry 2168000/2877117 (75.3532%)
entry 2171000/2877117 (75.4575%)
entry 2173000/2877117 (75.527%)
entry 2180000/2877117 (75.7703%)
entry 2192000/2877117 (76.1874%)
entry 2194000/2877117 (76.2569%)
entry 2195000/2877117 (76.2917%)
entry 2198000/2877117 (76.3959%)
entry 2201000/2877117 (76.5002%)
entry 2204000/2877117 (76.6045%)
entry 2209000/2877117 (76.7782%)
entry 2211000/2877117 (76.8478%)
entry 2217000/2877117 (77.0563%)
entry 2222000/2877117 (77.2301%)
entry 2224000/2877117 (77.2996%)
entry 2229000/2877117 (77.4734%)
entry 2230000/2877117 (77.5081%)
entry 2231000/2877117 (77.5429%)
entry 2236000/2877117 (77.7167%)
entry 2237000/2877117 (77.7514%)
entry 2243000/2877117 (77.96%)
entry 2247000/2877117 (78.099%)
entry 2251000/2877117 (78.238%)
entry 2257000/2877117 (78.4466%)
entry 2258000/2877117 (78.4813%)
entry 2259000/2877117 (78.5161%)
entry 2262000/2877117 (78.6204%)
entry 2264000/2877117 (78.6899%)
entry 2271000/2877117 (78.9332%)
entry 2275000/2877117 (79.0722%)
entry 2278000/2877117 (79.1765%)
entry 2286000/2877117 (79.4545%)
entry 2289000/2877117 (79.5588%)
entry 2291000/2877117 (79.6283%)
entry 2292000/2877117 (79.6631%)
entry 2294000/2877117 (79.7326%)
entry 2298000/2877117 (79.8716%)
entry 2299000/2877117 (79.9064%)
entry 2304000/2877117 (80.0802%)
entry 2307000/2877117 (80.1844%)
entry 2310000/2877117 (80.2887%)
entry 2317000/2877117 (80.532%)
entry 2319000/2877117 (80.6015%)
entry 2320000/2877117 (80.6363%)
entry 2327000/2877117 (80.8796%)
entry 2330000/2877117 (80.9838%)
entry 2341000/2877117 (81.3662%)
entry 2346000/2877117 (81.54%)
entry 2347000/2877117 (81.5747%)
entry 2350000/2877117 (81.679%)
entry 2352000/2877117 (81.7485%)
entry 2353000/2877117 (81.7833%)
entry 2356000/2877117 (81.8875%)
entry 2363000/2877117 (82.1308%)
entry 2365000/2877117 (82.2003%)
entry 2374000/2877117 (82.5132%)
entry 2375000/2877117 (82.5479%)
entry 2376000/2877117 (82.5827%)
entry 2378000/2877117 (82.6522%)
entry 2380000/2877117 (82.7217%)
entry 2381000/2877117 (82.7565%)
entry 2382000/2877117 (82.7912%)
entry 2388000/2877117 (82.9998%)
entry 2393000/2877117 (83.1735%)
entry 2399000/2877117 (83.3821%)
entry 2407000/2877117 (83.6601%)
entry 2411000/2877117 (83.7992%)
entry 2418000/2877117 (84.0425%)
entry 2422000/2877117 (84.1815%)
entry 2423000/2877117 (84.2162%)
entry 2425000/2877117 (84.2858%)
entry 2426000/2877117 (84.3205%)
entry 2428000/2877117 (84.39%)
entry 2429000/2877117 (84.4248%)
entry 2438000/2877117 (84.7376%)
entry 2442000/2877117 (84.8766%)
entry 2444000/2877117 (84.9461%)
entry 2445000/2877117 (84.9809%)
entry 2461000/2877117 (85.537%)
entry 2466000/2877117 (85.7108%)
entry 2468000/2877117 (85.7803%)
entry 2472000/2877117 (85.9193%)
entry 2473000/2877117 (85.9541%)
entry 2475000/2877117 (86.0236%)
entry 2476000/2877117 (86.0584%)
entry 2481000/2877117 (86.2322%)
entry 2483000/2877117 (86.3017%)
entry 2487000/2877117 (86.4407%)
entry 2490000/2877117 (86.545%)
entry 2493000/2877117 (86.6492%)
entry 2495000/2877117 (86.7188%)
entry 2497000/2877117 (86.7883%)
entry 2499000/2877117 (86.8578%)
entry 2500000/2877117 (86.8925%)
entry 2505000/2877117 (87.0663%)
entry 2509000/2877117 (87.2054%)
entry 2510000/2877117 (87.2401%)
entry 2512000/2877117 (87.3096%)
entry 2515000/2877117 (87.4139%)
entry 2518000/2877117 (87.5182%)
entry 2522000/2877117 (87.6572%)
entry 2526000/2877117 (87.7962%)
entry 2527000/2877117 (87.831%)
entry 2529000/2877117 (87.9005%)
entry 2530000/2877117 (87.9353%)
entry 2534000/2877117 (88.0743%)
entry 2537000/2877117 (88.1785%)
entry 2538000/2877117 (88.2133%)
entry 2542000/2877117 (88.3523%)
entry 2545000/2877117 (88.4566%)
entry 2546000/2877117 (88.4914%)
entry 2547000/2877117 (88.5261%)
entry 2551000/2877117 (88.6651%)
entry 2552000/2877117 (88.6999%)
entry 2556000/2877117 (88.8389%)
entry 2561000/2877117 (89.0127%)
entry 2562000/2877117 (89.0475%)
entry 2563000/2877117 (89.0822%)
entry 2565000/2877117 (89.1517%)
entry 2575000/2877117 (89.4993%)
entry 2576000/2877117 (89.5341%)
entry 2577000/2877117 (89.5688%)
entry 2578000/2877117 (89.6036%)
entry 2583000/2877117 (89.7774%)
entry 2585000/2877117 (89.8469%)
entry 2589000/2877117 (89.9859%)
entry 2590000/2877117 (90.0207%)
entry 2591000/2877117 (90.0554%)
entry 2594000/2877117 (90.1597%)
entry 2600000/2877117 (90.3682%)
entry 2608000/2877117 (90.6463%)
entry 2610000/2877117 (90.7158%)
entry 2612000/2877117 (90.7853%)
entry 2617000/2877117 (90.9591%)
entry 2618000/2877117 (90.9939%)
entry 2620000/2877117 (91.0634%)
entry 2622000/2877117 (91.1329%)
entry 2624000/2877117 (91.2024%)
entry 2627000/2877117 (91.3067%)
entry 2628000/2877117 (91.3414%)
entry 2632000/2877117 (91.4805%)
entry 2638000/2877117 (91.689%)
entry 2640000/2877117 (91.7585%)
entry 2645000/2877117 (91.9323%)
entry 2654000/2877117 (92.2451%)
entry 2655000/2877117 (92.2799%)
entry 2658000/2877117 (92.3841%)
entry 2663000/2877117 (92.5579%)
entry 2665000/2877117 (92.6274%)
entry 2673000/2877117 (92.9055%)
entry 2681000/2877117 (93.1836%)
entry 2682000/2877117 (93.2183%)
entry 2690000/2877117 (93.4964%)
entry 2691000/2877117 (93.5311%)
entry 2697000/2877117 (93.7397%)
entry 2699000/2877117 (93.8092%)
entry 2703000/2877117 (93.9482%)
entry 2707000/2877117 (94.0872%)
entry 2712000/2877117 (94.261%)
entry 2713000/2877117 (94.2958%)
entry 2718000/2877117 (94.4696%)
entry 2720000/2877117 (94.5391%)
entry 2727000/2877117 (94.7824%)
entry 2734000/2877117 (95.0257%)
entry 2735000/2877117 (95.0604%)
entry 2745000/2877117 (95.408%)
entry 2747000/2877117 (95.4775%)
entry 2753000/2877117 (95.6861%)
entry 2756000/2877117 (95.7903%)
entry 2757000/2877117 (95.8251%)
entry 2763000/2877117 (96.0336%)
entry 2767000/2877117 (96.1727%)
entry 2768000/2877117 (96.2074%)
entry 2771000/2877117 (96.3117%)
entry 2772000/2877117 (96.3464%)
entry 2774000/2877117 (96.416%)
entry 2775000/2877117 (96.4507%)
entry 2781000/2877117 (96.6593%)
entry 2782000/2877117 (96.694%)
entry 2787000/2877117 (96.8678%)
entry 2788000/2877117 (96.9026%)
entry 2798000/2877117 (97.2501%)
entry 2799000/2877117 (97.2849%)
entry 2802000/2877117 (97.3892%)
entry 2803000/2877117 (97.4239%)
entry 2806000/2877117 (97.5282%)
entry 2807000/2877117 (97.5629%)
entry 2808000/2877117 (97.5977%)
entry 2815000/2877117 (97.841%)
entry 2816000/2877117 (97.8758%)
entry 2818000/2877117 (97.9453%)
entry 2822000/2877117 (98.0843%)
entry 2825000/2877117 (98.1886%)
entry 2835000/2877117 (98.5361%)
entry 2836000/2877117 (98.5709%)
entry 2837000/2877117 (98.6057%)
entry 2838000/2877117 (98.6404%)
entry 2843000/2877117 (98.8142%)
entry 2844000/2877117 (98.849%)
entry 2851000/2877117 (99.0923%)
entry 2852000/2877117 (99.127%)
entry 2858000/2877117 (99.3356%)
entry 2859000/2877117 (99.3703%)
entry 2863000/2877117 (99.5093%)
entry 2864000/2877117 (99.5441%)
entry 2866000/2877117 (99.6136%)
entry 2875000/2877117 (99.9264%)
all done
script done
