sphnx1022.sdcc.bnl.gov
rsyncing from /gpfs/mnt/gpfs02/sphenix/user/samfred/run25/ppg11/histmaking
running: /gpfs/mnt/gpfs02/sphenix/user/samfred/run25/ppg11/histmaking/script_data.sh 50666
LD_LIBRARY_PATH now /sphenix/user/samfred/run25/install//lib:/cvmfs/sphenix.sdcc.bnl.gov/alma9.2-gcc-14.2.0/opt/sphenix/core/gcc/14.2.0-2f0a0/x86_64-el9/lib:/cvmfs/sphenix.sdcc.bnl.gov/alma9.2-gcc-14.2.0/opt/sphenix/core/gcc/14.2.0-2f0a0/x86_64-el9/lib64:/cvmfs/sphenix.sdcc.bnl.gov/alma9.2-gcc-14.2.0/opt/sphenix/core/binutils/2.40-acaab/x86_64-el9/lib:.:/cvmfs/sphenix.sdcc.bnl.gov/alma9.2-gcc-14.2.0/release/release_new/new.10/lib64:/cvmfs/sphenix.sdcc.bnl.gov/alma9.2-gcc-14.2.0/release/release_new/new.10/lib:/cvmfs/sphenix.sdcc.bnl.gov/alma9.2-gcc-14.2.0/opt/sphenix/utils/lib:/cvmfs/sphenix.sdcc.bnl.gov/alma9.2-gcc-14.2.0/opt/sphenix/core/lib:/cvmfs/sphenix.sdcc.bnl.gov/alma9.2-gcc-14.2.0/opt/sphenix/core/root-6.32.06/lib:/cvmfs/sphenix.sdcc.bnl.gov/alma9.2-gcc-14.2.0/opt/sphenix/core/geant4.10.07.p04/lib64:/cvmfs/sphenix.sdcc.bnl.gov/alma9.2-gcc-14.2.0/opt/sphenix/core/lhapdf-5.9.1/lib:/usr/local/lib64:/usr/lib64
PATH now /sphenix/user/samfred/run25/install//bin:/cvmfs/sphenix.sdcc.bnl.gov/alma9.2-gcc-14.2.0/opt/sphenix/core/gcc/14.2.0-2f0a0/x86_64-el9/bin:/cvmfs/sphenix.sdcc.bnl.gov/alma9.2-gcc-14.2.0/opt/sphenix/core/binutils/2.40-acaab/x86_64-el9/bin:.:/cvmfs/sphenix.sdcc.bnl.gov/alma9.2-gcc-14.2.0/release/release_new/new.10/bin:/cvmfs/sphenix.sdcc.bnl.gov/alma9.2-gcc-14.2.0/opt/sphenix/utils/bin:/cvmfs/sphenix.sdcc.bnl.gov/alma9.2-gcc-14.2.0/opt/sphenix/core/bin:/cvmfs/sphenix.sdcc.bnl.gov/alma9.2-gcc-14.2.0/opt/sphenix/core/root-6.32.06/bin:/cvmfs/sphenix.sdcc.bnl.gov/alma9.2-gcc-14.2.0/opt/sphenix/core/geant4.10.07.p04/bin:/usr/local/bin:/usr/bin:/usr/local/sbin:/usr/sbin
SINGULARITY_CACHEDIR=/home/condor/local/sphnx/execute/dir_1482078
_CONDOR_CHIRP_CONFIG=/home/condor/local/sphnx/execute/dir_1482078/.chirp.config
_CONDOR_JOB_IWD=/sphenix/user/samfred/run25/ppg11/histmaking
G4ENSDFSTATEDATA=/cvmfs/sphenix.sdcc.bnl.gov/alma9.2-gcc-14.2.0/opt/sphenix/core/geant4.10.07.p04/share/Geant4-10.7.4/data/G4ENSDFSTATE2.3
_CONDOR_MACHINE_AD=/home/condor/local/sphnx/execute/dir_1482078/.machine.ad
ROOT_MAX_THREADS=1
NUMEXPR_NUM_THREADS=1
CUBACORES=1
_CHIRP_DELAYED_UPDATE_PREFIX=Chirp*
OMP_THREAD_LIMIT=1
G4PIIDATA=/cvmfs/sphenix.sdcc.bnl.gov/alma9.2-gcc-14.2.0/opt/sphenix/core/geant4.10.07.p04/share/Geant4-10.7.4/data/G4PII1.3
NO_AT_BRIDGE=1
G4_MAIN=/cvmfs/sphenix.sdcc.bnl.gov/alma9.2-gcc-14.2.0/opt/sphenix/core/geant4.10.07.p04
COMPILER_PATH=/cvmfs/sphenix.sdcc.bnl.gov/alma9.2-gcc-14.2.0/opt/sphenix/core/gcc/14.2.0-2f0a0/x86_64-el9
ROOT_INCLUDE_PATH=./:/sphenix/user/samfred/run25/install//include:/sphenix/user/samfred/run25/install//include/caloana:/sphenix/user/samfred/run25/install//include/qa_centrality:/sphenix/user/samfred/run25/install//include/mbdana:/sphenix/user/samfred/run25/install//include/centrality:/sphenix/user/samfred/run25/install//include/Event:/cvmfs/sphenix.sdcc.bnl.gov/alma9.2-gcc-14.2.0/release/release_new/new.10/include:/cvmfs/sphenix.sdcc.bnl.gov/alma9.2-gcc-14.2.0/release/release_new/new.10/include:/cvmfs/sphenix.sdcc.bnl.gov/alma9.2-gcc-14.2.0/release/release_new/new.10/include/g4mbd:/cvmfs/sphenix.sdcc.bnl.gov/alma9.2-gcc-14.2.0/release/release_new/new.10/include/fmt:/cvmfs/sphenix.sdcc.bnl.gov/alma9.2-gcc-14.2.0/release/release_new/new.10/include/ffarawobjects:/cvmfs/sphenix.sdcc.bnl.gov/alma9.2-gcc-14.2.0/release/release_new/new.10/include/JSON:/cvmfs/sphenix.sdcc.bnl.gov/alma9.2-gcc-14.2.0/release/release_new/new.10/include/calotreegen:/cvmfs/sphenix.sdcc.bnl.gov/alma9.2-gcc-14.2.0/release/release_new/new.10/include/torch:/cvmfs/sphenix.sdcc.bnl.gov/alma9.2-gcc-14.2.0/release/release_new/new.10/include/g4detectors:/cvmfs/sphenix.sdcc.bnl.gov/alma9.2-gcc-14.2.0/release/release_new/new.10/include/kineto:/cvmfs/sphenix.sdcc.bnl.gov/alma9.2-gcc-14.2.0/release/release_new/new.10/include/g4decayer:/cvmfs/sphenix.sdcc.bnl.gov/alma9.2-gcc-14.2.0/release/release_new/new.10/include/kfparticleqa:/cvmfs/sphenix.sdcc.bnl.gov/alma9.2-gcc-14.2.0/release/release_new/new.10/include/phfield:/cvmfs/sphenix.sdcc.bnl.gov/alma9.2-gcc-14.2.0/release/release_new/new.10/include/LHAPDF:/cvmfs/sphenix.sdcc.bnl.gov/alma9.2-gcc-14.2.0/release/release_new/new.10/include/readdigitalcurrents:/cvmfs/sphenix.sdcc.bnl.gov/alma9.2-gcc-14.2.0/release/release_new/new.10/include/c10:/cvmfs/sphenix.sdcc.bnl.gov/alma9.2-gcc-14.2.0/release/release_new/new.10/include/calovalid:/cvmfs/sphenix.sdcc.bnl.gov/alma9.2-gcc-14.2.0/release/release_new/new.10/include/oneapi:/cvmfs/sphenix.sdcc.bnl.gov/alma9.2-gcc-14.2.0/release/release_new/new.10/include/DDCond:/cvmfs/sphenix.sdcc.bnl.gov/alma9.2-gcc-14.2.0/release/release_new/new.10/include/g4tracking:/cvmfs/sphenix.sdcc.bnl.gov/alma9.2-gcc-14.2.0/release/release_new/new.10/include/litecaloeval:/cvmfs/sphenix.sdcc.bnl.gov/alma9.2-gcc-14.2.0/release/release_new/new.10/include/g4intt:/cvmfs/sphenix.sdcc.bnl.gov/alma9.2-gcc-14.2.0/release/release_new/new.10/include/phool:/cvmfs/sphenix.sdcc.bnl.gov/alma9.2-gcc-14.2.0/release/release_new/new.10/include/boost:/cvmfs/sphenix.sdcc.bnl.gov/alma9.2-gcc-14.2.0/release/release_new/new.10/include/Pythia8Plugins:/cvmfs/sphenix.sdcc.bnl.gov/alma9.2-gcc-14.2.0/release/release_new/new.10/include/calib_emc_pi0:/cvmfs/sphenix.sdcc.bnl.gov/alma9.2-gcc-14.2.0/release/release_new/new.10/include/hijingflipafterburner:/cvmfs/sphenix.sdcc.bnl.gov/alma9.2-gcc-14.2.0/release/release_new/new.10/include/ffaobjects:/cvmfs/sphenix.sdcc.bnl.gov/alma9.2-gcc-14.2.0/release/release_new/new.10/include/EvtGenBase:/cvmfs/sphenix.sdcc.bnl.gov/alma9.2-gcc-14.2.0/release/release_new/new.10/include/flowafterburner:/cvmfs/sphenix.sdcc.bnl.gov/alma9.2-gcc-14.2.0/release/release_new/new.10/include/google:/cvmfs/sphenix.sdcc.bnl.gov/alma9.2-gcc-14.2.0/release/release_new/new.10/include/g4tpc:/cvmfs/sphenix.sdcc.bnl.gov/alma9.2-gcc-14.2.0/release/release_new/new.10/include/caffe2:/cvmfs/sphenix.sdcc.bnl.gov/alma9.2-gcc-14.2.0/release/release_new/new.10/include/EvtGenExternal:/cvmfs/sphenix.sdcc.bnl.gov/alma9.2-gcc-14.2.0/release/release_new/new.10/include/fp16:/cvmfs/sphenix.sdcc.bnl.gov/alma9.2-gcc-14.2.0/release/release_new/new.10/include/ffamodules:/cvmfs/sphenix.sdcc.bnl.gov/alma9.2-gcc-14.2.0/release/release_new/new.10/include/uspin:/cvmfs/sphenix.sdcc.bnl.gov/alma9.2-gcc-14.2.0/release/release_new/new.10/include/Herwig:/cvmfs/sphenix.sdcc.bnl.gov/alma9.2-gcc-14.2.0/release/release_new/new.10/include/genfitexp:/cvmfs/sphenix.sdcc.bnl.gov/alma9.2-gcc-14.2.0/release/release_new/new.10/include/XML:/cvmfs/sphenix.sdcc.bnl.gov/alma9.2-gcc-14.2.0/release/release_new/new.10/include/fbgemm:/cvmfs/sphenix.sdcc.bnl.gov/alma9.2-gcc-14.2.0/release/release_new/new.10/include/DDAlign:/cvmfs/sphenix.sdcc.bnl.gov/alma9.2-gcc-14.2.0/release/release_new/new.10/include/g4mvtx:/cvmfs/sphenix.sdcc.bnl.gov/alma9.2-gcc-14.2.0/release/release_new/new.10/include/kfparticle_sphenix:/cvmfs/sphenix.sdcc.bnl.gov/alma9.2-gcc-14.2.0/release/release_new/new.10/include/fun4all:/cvmfs/sphenix.sdcc.bnl.gov/alma9.2-gcc-14.2.0/release/release_new/new.10/include/intt:/cvmfs/sphenix.sdcc.bnl.gov/alma9.2-gcc-14.2.0/release/release_new/new.10/include/eventdisplay:/cvmfs/sphenix.sdcc.bnl.gov/alma9.2-gcc-14.2.0/release/release_new/new.10/include/EvtGen:/cvmfs/sphenix.sdcc.bnl.gov/alma9.2-gcc-14.2.0/release/release_new/new.10/include/Evaluator:/cvmfs/sphenix.sdcc.bnl.gov/alma9.2-gcc-14.2.0/release/release_new/new.10/include/tpc:/cvmfs/sphenix.sdcc.bnl.gov/alma9.2-gcc-14.2.0/release/release_new/new.10/include/GenFit:/cvmfs/sphenix.sdcc.bnl.gov/alma9.2-gcc-14.2.0/release/release_new/new.10/include/prototype4:/cvmfs/sphenix.sdcc.bnl.gov/alma9.2-gcc-14.2.0/release/release_new/new.10/include/caloembedding:/cvmfs/sphenix.sdcc.bnl.gov/alma9.2-gcc-14.2.0/release/release_new/new.10/include/EvtGenModels:/cvmfs/sphenix.sdcc.bnl.gov/alma9.2-gcc-14.2.0/release/release_new/new.10/include/fastjet:/cvmfs/sphenix.sdcc.bnl.gov/alma9.2-gcc-14.2.0/release/release_new/new.10/include/DDG4:/cvmfs/sphenix.sdcc.bnl.gov/alma9.2-gcc-14.2.0/release/release_new/new.10/include/mbd:/cvmfs/sphenix.sdcc.bnl.gov/alma9.2-gcc-14.2.0/release/release_new/new.10/include/tbb:/cvmfs/sphenix.sdcc.bnl.gov/alma9.2-gcc-14.2.0/release/release_new/new.10/include/phgeom:/cvmfs/sphenix.sdcc.bnl.gov/alma9.2-gcc-14.2.0/release/release_new/new.10/include/g4epd:/cvmfs/sphenix.sdcc.bnl.gov/alma9.2-gcc-14.2.0/release/release_new/new.10/include/oncal:/cvmfs/sphenix.sdcc.bnl.gov/alma9.2-gcc-14.2.0/release/release_new/new.10/include/pybind11:/cvmfs/sphenix.sdcc.bnl.gov/alma9.2-gcc-14.2.0/release/release_new/new.10/include/tpcdistgenerator:/cvmfs/sphenix.sdcc.bnl.gov/alma9.2-gcc-14.2.0/release/release_new/new.10/include/cdbobjects:/cvmfs/sphenix.sdcc.bnl.gov/alma9.2-gcc-14.2.0/release/release_new/new.10/include/g4micromegas:/cvmfs/sphenix.sdcc.bnl.gov/alma9.2-gcc-14.2.0/release/release_new/new.10/include/g4eval:/cvmfs/sphenix.sdcc.bnl.gov/alma9.2-gcc-14.2.0/release/release_new/new.10/include/jetbackground:/cvmfs/sphenix.sdcc.bnl.gov/alma9.2-gcc-14.2.0/release/release_new/new.10/include/micromegas:/cvmfs/sphenix.sdcc.bnl.gov/alma9.2-gcc-14.2.0/release/release_new/new.10/include/hftrackefficiency:/cvmfs/sphenix.sdcc.bnl.gov/alma9.2-gcc-14.2.0/release/release_new/new.10/include/inttrawhitqa:/cvmfs/sphenix.sdcc.bnl.gov/alma9.2-gcc-14.2.0/release/release_new/new.10/include/centrality:/cvmfs/sphenix.sdcc.bnl.gov/alma9.2-gcc-14.2.0/release/release_new/new.10/include/epd:/cvmfs/sphenix.sdcc.bnl.gov/alma9.2-gcc-14.2.0/release/release_new/new.10/include/caloreco:/cvmfs/sphenix.sdcc.bnl.gov/alma9.2-gcc-14.2.0/release/release_new/new.10/include/HepMC:/cvmfs/sphenix.sdcc.bnl.gov/alma9.2-gcc-14.2.0/release/release_new/new.10/include/CLHEP:/cvmfs/sphenix.sdcc.bnl.gov/alma9.2-gcc-14.2.0/release/release_new/new.10/include/Acts:/cvmfs/sphenix.sdcc.bnl.gov/alma9.2-gcc-14.2.0/release/release_new/new.10/include/g4histos:/cvmfs/sphenix.sdcc.bnl.gov/alma9.2-gcc-14.2.0/release/release_new/new.10/include/eventplaneinfo:/cvmfs/sphenix.sdcc.bnl.gov/alma9.2-gcc-14.2.0/release/release_new/new.10/include/fillspacechargemaps:/cvmfs/sphenix.sdcc.bnl.gov/alma9.2-gcc-14.2.0/release/release_new/new.10/include/phhepmc:/cvmfs/sphenix.sdcc.bnl.gov/alma9.2-gcc-14.2.0/release/release_new/new.10/include/trackingqa:/cvmfs/sphenix.sdcc.bnl.gov/alma9.2-gcc-14.2.0/release/release_new/new.10/include/qautils:/cvmfs/sphenix.sdcc.bnl.gov/alma9.2-gcc-14.2.0/release/release_new/new.10/include/trackreco:/cvmfs/sphenix.sdcc.bnl.gov/alma9.2-gcc-14.2.0/release/release_new/new.10/include/g4ohcal:/cvmfs/sphenix.sdcc.bnl.gov/alma9.2-gcc-14.2.0/release/release_new/new.10/include/tpcdvcalib:/cvmfs/sphenix.sdcc.bnl.gov/alma9.2-gcc-14.2.0/release/release_new/new.10/include/zdcinfo:/cvmfs/sphenix.sdcc.bnl.gov/alma9.2-gcc-14.2.0/release/release_new/new.10/include/phpythia8:/cvmfs/sphenix.sdcc.bnl.gov/alma9.2-gcc-14.2.0/release/release_new/new.10/include/fun4allutils:/cvmfs/sphenix.sdcc.bnl.gov/alma9.2-gcc-14.2.0/release/release_new/new.10/include/tpcqa:/cvmfs/sphenix.sdcc.bnl.gov/alma9.2-gcc-14.2.0/release/release_new/new.10/include/Pythia8:/cvmfs/sphenix.sdcc.bnl.gov/alma9.2-gcc-14.2.0/release/release_new/new.10/include/DDRec:/cvmfs/sphenix.sdcc.bnl.gov/alma9.2-gcc-14.2.0/release/release_new/new.10/include/DDDigi:/cvmfs/sphenix.sdcc.bnl.gov/alma9.2-gcc-14.2.0/release/release_new/new.10/include/g4ihcal:/cvmfs/sphenix.sdcc.bnl.gov/alma9.2-gcc-14.2.0/release/release_new/new.10/include/frog:/cvmfs/sphenix.sdcc.bnl.gov/alma9.2-gcc-14.2.0/release/release_new/new.10/include/eigen3:/cvmfs/sphenix.sdcc.bnl.gov/alma9.2-gcc-14.2.0/release/release_new/new.10/include/tensorpipe:/cvmfs/sphenix.sdcc.bnl.gov/alma9.2-gcc-14.2.0/release/release_new/new.10/include/sphenixnpc:/cvmfs/sphenix.sdcc.bnl.gov/alma9.2-gcc-14.2.0/release/release_new/new.10/include/siscone:/cvmfs/sphenix.sdcc.bnl.gov/alma9.2-gcc-14.2.0/release/release_new/new.10/include/pmonitor:/cvmfs/sphenix.sdcc.bnl.gov/alma9.2-gcc-14.2.0/release/release_new/new.10/include/calobase:/cvmfs/sphenix.sdcc.bnl.gov/alma9.2-gcc-14.2.0/release/release_new/new.10/include/ActsExamples:/cvmfs/sphenix.sdcc.bnl.gov/alma9.2-gcc-14.2.0/release/release_new/new.10/include/g4gdml:/cvmfs/sphenix.sdcc.bnl.gov/alma9.2-gcc-14.2.0/release/release_new/new.10/include/mvtx_decoder:/cvmfs/sphenix.sdcc.bnl.gov/alma9.2-gcc-14.2.0/release/release_new/new.10/include/ROOT:/cvmfs/sphenix.sdcc.bnl.gov/alma9.2-gcc-14.2.0/release/release_new/new.10/include/phparameter:/cvmfs/sphenix.sdcc.bnl.gov/alma9.2-gcc-14.2.0/release/release_new/new.10/include/rsa:/cvmfs/sphenix.sdcc.bnl.gov/alma9.2-gcc-14.2.0/release/release_new/new.10/include/fun4allraw:/cvmfs/sphenix.sdcc.bnl.gov/alma9.2-gcc-14.2.0/release/release_new/new.10/include/trackbase_historic:/cvmfs/sphenix.sdcc.bnl.gov/alma9.2-gcc-14.2.0/release/release_new/new.10/include/g4jets:/cvmfs/sphenix.sdcc.bnl.gov/alma9.2-gcc-14.2.0/release/release_new/new.10/include/jetqa:/cvmfs/sphenix.sdcc.bnl.gov/alma9.2-gcc-14.2.0/release/release_new/new.10/include/phoolraw:/cvmfs/sphenix.sdcc.bnl.gov/alma9.2-gcc-14.2.0/release/release_new/new.10/include/g4calo:/cvmfs/sphenix.sdcc.bnl.gov/alma9.2-gcc-14.2.0/release/release_new/new.10/include/mvtxrawhitqa:/cvmfs/sphenix.sdcc.bnl.gov/alma9.2-gcc-14.2.0/release/release_new/new.10/include/HepMC3:/cvmfs/sphenix.sdcc.bnl.gov/alma9.2-gcc-14.2.0/release/release_new/new.10/include/calowaveformsim:/cvmfs/sphenix.sdcc.bnl.gov/alma9.2-gcc-14.2.0/release/release_new/new.10/include/g4caloprototype:/cvmfs/sphenix.sdcc.bnl.gov/alma9.2-gcc-14.2.0/release/release_new/new.10/include/pdbcalbase:/cvmfs/sphenix.sdcc.bnl.gov/alma9.2-gcc-14.2.0/release/release_new/new.10/include/gsl:/cvmfs/sphenix.sdcc.bnl.gov/alma9.2-gcc-14.2.0/release/release_new/new.10/include/nodedump:/cvmfs/sphenix.sdcc.bnl.gov/alma9.2-gcc-14.2.0/release/release_new/new.10/include/emcnoisytowerfinder:/cvmfs/sphenix.sdcc.bnl.gov/alma9.2-gcc-14.2.0/release/release_new/new.10/include/ActsFatras:/cvmfs/sphenix.sdcc.bnl.gov/alma9.2-gcc-14.2.0/release/release_new/new.10/include/ffarawmodules:/cvmfs/sphenix.sdcc.bnl.gov/alma9.2-gcc-14.2.0/release/release_new/new.10/include/Event:/cvmfs/sphenix.sdcc.bnl.gov/alma9.2-gcc-14.2.0/release/release_new/new.10/include/prototype3:/cvmfs/sphenix.sdcc.bnl.gov/alma9.2-gcc-14.2.0/release/release_new/new.10/include/fermimotionafterburner:/cvmfs/sphenix.sdcc.bnl.gov/alma9.2-gcc-14.2.0/release/release_new/new.10/include/Photos:/cvmfs/sphenix.sdcc.bnl.gov/alma9.2-gcc-14.2.0/release/release_new/new.10/include/xingshiftcal:/cvmfs/sphenix.sdcc.bnl.gov/alma9.2-gcc-14.2.0/release/release_new/new.10/include/trackbase:/cvmfs/sphenix.sdcc.bnl.gov/alma9.2-gcc-14.2.0/release/release_new/new.10/include/jetdstskimmer:/cvmfs/sphenix.sdcc.bnl.gov/alma9.2-gcc-14.2.0/release/release_new/new.10/include/clusteriso:/cvmfs/sphenix.sdcc.bnl.gov/alma9.2-gcc-14.2.0/release/release_new/new.10/include/asmjit:/cvmfs/sphenix.sdcc.bnl.gov/alma9.2-gcc-14.2.0/release/release_new/new.10/include/particleflowreco:/cvmfs/sphenix.sdcc.bnl.gov/alma9.2-gcc-14.2.0/release/release_new/new.10/include/tpchittrackdisplay:/cvmfs/sphenix.sdcc.bnl.gov/alma9.2-gcc-14.2.0/release/release_new/new.10/include/caloana:/cvmfs/sphenix.sdcc.bnl.gov/alma9.2-gcc-14.2.0/release/release_new/new.10/include/calotrigger:/cvmfs/sphenix.sdcc.bnl.gov/alma9.2-gcc-14.2.0/release/release_new/new.10/include/nopayloadclient:/cvmfs/sphenix.sdcc.bnl.gov/alma9.2-gcc-14.2.0/release/release_new/new.10/include/trackermillepedealignment:/cvmfs/sphenix.sdcc.bnl.gov/alma9.2-gcc-14.2.0/release/release_new/new.10/include/DD4hep:/cvmfs/sphenix.sdcc.bnl.gov/alma9.2-gcc-14.2.0/release/release_new/new.10/include/g4trackfastsim:/cvmfs/sphenix.sdcc.bnl.gov/alma9.2-gcc-14.2.0/release/release_new/new.10/include/prototype2:/cvmfs/sphenix.sdcc.bnl.gov/alma9.2-gcc-14.2.0/release/release_new/new.10/include/ATen:/cvmfs/sphenix.sdcc.bnl.gov/alma9.2-gcc-14.2.0/release/release_new/new.10/include/g4main:/cvmfs/sphenix.sdcc.bnl.gov/alma9.2-gcc-14.2.0/release/release_new/new.10/include/Tauola:/cvmfs/sphenix.sdcc.bnl.gov/alma9.2-gcc-14.2.0/release/release_new/new.10/include/inttcalib:/cvmfs/sphenix.sdcc.bnl.gov/alma9.2-gcc-14.2.0/release/release_new/new.10/include/reactionplaneafterburner:/cvmfs/sphenix.sdcc.bnl.gov/alma9.2-gcc-14.2.0/release/release_new/new.10/include/globalqa:/cvmfs/sphenix.sdcc.bnl.gov/alma9.2-gcc-14.2.0/release/release_new/new.10/include/tpccalib:/cvmfs/sphenix.sdcc.bnl.gov/alma9.2-gcc-14.2.0/release/release_new/new.10/include/DDSegmentation:/cvmfs/sphenix.sdcc.bnl.gov/alma9.2-gcc-14.2.0/release/release_new/new.10/include/decayfinder:/cvmfs/sphenix.sdcc.bnl.gov/alma9.2-gcc-14.2.0/release/release_new/new.10/include/compressclus:/cvmfs/sphenix.sdcc.bnl.gov/alma9.2-gcc-14.2.0/release/release_new/new.10/include/simqa_modules:/cvmfs/sphenix.sdcc.bnl.gov/alma9.2-gcc-14.2.0/release/release_new/new.10/include/resonancejettagging:/cvmfs/sphenix.sdcc.bnl.gov/alma9.2-gcc-14.2.0/release/release_new/new.10/include/g4centrality:/cvmfs/sphenix.sdcc.bnl.gov/alma9.2-gcc-14.2.0/release/release_new/new.10/include/mvtx:/cvmfs/sphenix.sdcc.bnl.gov/alma9.2-gcc-14.2.0/release/release_new/new.10/include/nlohmann:/cvmfs/sphenix.sdcc.bnl.gov/alma9.2-gcc-14.2.0/release/release_new/new.10/include/localpoloffmon:/cvmfs/sphenix.sdcc.bnl.gov/alma9.2-gcc-14.2.0/release/release_new/new.10/include/DDEve:/cvmfs/sphenix.sdcc.bnl.gov/alma9.2-gcc-14.2.0/release/release_new/new.10/include/Parsers:/cvmfs/sphenix.sdcc.bnl.gov/alma9.2-gcc-14.2.0/release/release_new/new.10/include/trackingdiagnostics:/cvmfs/sphenix.sdcc.bnl.gov/alma9.2-gcc-14.2.0/release/release_new/new.10/include/g4vertex:/cvmfs/sphenix.sdcc.bnl.gov/alma9.2-gcc-14.2.0/release/release_new/new.10/include/jetbase:/cvmfs/sphenix.sdcc.bnl.gov/alma9.2-gcc-14.2.0/release/release_new/new.10/include/globalvertex:/cvmfs/sphenix.sdcc.bnl.gov/alma9.2-gcc-14.2.0/release/release_new/new.10/include/phgenfit:/cvmfs/sphenix.sdcc.bnl.gov/alma9.2-gcc-14.2.0/release/release_new/new.10/include/rawbcolumi:/cvmfs/sphenix.sdcc.bnl.gov/alma9.2-gcc-14.2.0/release/release_new/new.10/include/eicsmear:/cvmfs/sphenix.sdcc.bnl.gov/alma9.2-gcc-14.2.0/release/release_new/new.10/include/mvtxcalib:/cvmfs/sphenix.sdcc.bnl.gov/alma9.2-gcc-14.2.0/release/release_new/new.10/include/tpclinelaserdiode:/cvmfs/sphenix.sdcc.bnl.gov/alma9.2-gcc-14.2.0/release/release_new/new.10/include/hepmcjettrigger:/cvmfs/sphenix.sdcc.bnl.gov/alma9.2-gcc-14.2.0/release/release_new/new.10/include/core:/cvmfs/sphenix.sdcc.bnl.gov/alma9.2-gcc-14.2.0/release/release_new/new.10/include/calo_cdb:/cvmfs/sphenix.sdcc.bnl.gov/alma9.2-gcc-14.2.0/release/release_new/new.10/include/mvtxclustershapesqa:/cvmfs/sphenix.sdcc.bnl.gov/alma9.2-gcc-14.2.0/release/release_new/new.10/include/calopacketskimmer:/cvmfs/sphenix.sdcc.bnl.gov/alma9.2-gcc-14.2.0/opt/sphenix/core/geant4.10.07.p04/include:/cvmfs/sphenix.sdcc.bnl.gov/alma9.2-gcc-14.2.0/release/release_new/new.10/rootmacros:/cvmfs/sphenix.sdcc.bnl.gov/alma9.2-gcc-14.2.0/opt/sphenix/core/include
GSEARCHPATH=.:PG:LUSTRE:RAWDATA
PWD=/gpfs/mnt/gpfs02/sphenix/user/samfred/run25/ppg11/histmaking
LOGNAME=samfred
_CONDOR_JOB_AD=/home/condor/local/sphnx/execute/dir_1482078/.job.ad
MANPATH=/cvmfs/sphenix.sdcc.bnl.gov/alma9.2-gcc-14.2.0/opt/sphenix/core/gcc/14.2.0-2f0a0/x86_64-el9/share/man:/cvmfs/sphenix.sdcc.bnl.gov/alma9.2-gcc-14.2.0/opt/sphenix/core/binutils/2.40-acaab/x86_64-el9/share/man:/cvmfs/sphenix.sdcc.bnl.gov/alma9.2-gcc-14.2.0/release/release_new/new.10/share/man:/cvmfs/sphenix.sdcc.bnl.gov/alma9.2-gcc-14.2.0/opt/sphenix/utils/share/man:/cvmfs/sphenix.sdcc.bnl.gov/alma9.2-gcc-14.2.0/opt/sphenix/core/share/man:/cvmfs/sphenix.sdcc.bnl.gov/alma9.2-gcc-14.2.0/opt/sphenix/core/root-6.32.06/man:/usr/local/share/man:/usr/share/man
PYTHIA8=/cvmfs/sphenix.sdcc.bnl.gov/alma9.2-gcc-14.2.0/release/release_new/new.10/share/Pythia8
G4INCLDATA=/cvmfs/sphenix.sdcc.bnl.gov/alma9.2-gcc-14.2.0/opt/sphenix/core/geant4.10.07.p04/share/Geant4-10.7.4/data/G4INCL1.0
ORIG_PATH=/usr/local/bin:/usr/bin
CXX=/cvmfs/sphenix.sdcc.bnl.gov/alma9.2-gcc-14.2.0/opt/sphenix/core/gcc/14.2.0-2f0a0/x86_64-el9/bin/g++
G4LEDATA=/cvmfs/sphenix.sdcc.bnl.gov/alma9.2-gcc-14.2.0/opt/sphenix/core/geant4.10.07.p04/share/Geant4-10.7.4/data/G4EMLOW7.13
PYTHON_CPU_COUNT=1
OPENBLAS_NUM_THREADS=1
_CONDOR_BIN=/usr/bin
HOME=/sphenix/u/samfred
G4PARTICLEXSDATA=/cvmfs/sphenix.sdcc.bnl.gov/alma9.2-gcc-14.2.0/opt/sphenix/core/geant4.10.07.p04/share/Geant4-10.7.4/data/G4PARTICLEXS3.1.1
_CONDOR_ANCESTOR_86859=1482078:1759352713:428329226
ONLINE_MAIN=/cvmfs/sphenix.sdcc.bnl.gov/alma9.2-gcc-14.2.0/release/release_new/new.10
CALIBRATIONROOT=/cvmfs/sphenix.sdcc.bnl.gov/alma9.2-gcc-14.2.0/release/release_new/new.10/share/calibrations
TMPDIR=/tmp
_CONDOR_SCRATCH_DIR=/home/condor/local/sphnx/execute/dir_1482078
PGUSER=phnxrc
NOPAYLOADCLIENT_CONF=/cvmfs/sphenix.sdcc.bnl.gov/alma9.2-gcc-14.2.0/opt/sphenix/core/etc/sPHENIX_newcdb.json
XERCESCROOT=/cvmfs/sphenix.sdcc.bnl.gov/alma9.2-gcc-14.2.0/opt/sphenix/core/geant4.10.07.p04
LHAPATH=/cvmfs/sphenix.sdcc.bnl.gov/alma9.2-gcc-14.2.0/opt/sphenix/core/lhapdf-5.9.1/share/lhapdf/PDFsets
G4NEUTRONHPDATA=/cvmfs/sphenix.sdcc.bnl.gov/alma9.2-gcc-14.2.0/opt/sphenix/core/geant4.10.07.p04/share/Geant4-10.7.4/data/G4NDL4.6
PYTHONPATH=.:/cvmfs/sphenix.sdcc.bnl.gov/alma9.2-gcc-14.2.0/release/release_new/new.10/lib/python3.13/site-packages:/cvmfs/sphenix.sdcc.bnl.gov/alma9.2-gcc-14.2.0/opt/sphenix/core/lib/python3.13/site-packages:/cvmfs/sphenix.sdcc.bnl.gov/alma9.2-gcc-14.2.0/opt/sphenix/core/root-6.32.06/lib
USER=samfred
_CONDOR_JOB_PIDS=
_CONDOR_ANCESTOR_86824=86859:1758241473:1241616401
TEMP=/tmp
_CONDOR_ANCESTOR_1482078=1482177:1759352713:3726791424
GOMAXPROCS=1
OFFLINE_MAIN=/cvmfs/sphenix.sdcc.bnl.gov/alma9.2-gcc-14.2.0/release/release_new/new.10
SHLVL=1
TF_NUM_THREADS=1
G4SAIDXSDATA=/cvmfs/sphenix.sdcc.bnl.gov/alma9.2-gcc-14.2.0/opt/sphenix/core/geant4.10.07.p04/share/Geant4-10.7.4/data/G4SAIDDATA2.0
APPTAINER_CACHEDIR=/home/condor/local/sphnx/execute/dir_1482078
ROOTSYS=/cvmfs/sphenix.sdcc.bnl.gov/alma9.2-gcc-14.2.0/opt/sphenix/core/root-6.32.06
BATCH_SYSTEM=HTCondor
_CONDOR_SLOT=slot1_49
LD_LIBRARY_PATH=/sphenix/user/samfred/run25/install//lib:/cvmfs/sphenix.sdcc.bnl.gov/alma9.2-gcc-14.2.0/opt/sphenix/core/gcc/14.2.0-2f0a0/x86_64-el9/lib:/cvmfs/sphenix.sdcc.bnl.gov/alma9.2-gcc-14.2.0/opt/sphenix/core/gcc/14.2.0-2f0a0/x86_64-el9/lib64:/cvmfs/sphenix.sdcc.bnl.gov/alma9.2-gcc-14.2.0/opt/sphenix/core/binutils/2.40-acaab/x86_64-el9/lib:.:/cvmfs/sphenix.sdcc.bnl.gov/alma9.2-gcc-14.2.0/release/release_new/new.10/lib64:/cvmfs/sphenix.sdcc.bnl.gov/alma9.2-gcc-14.2.0/release/release_new/new.10/lib:/cvmfs/sphenix.sdcc.bnl.gov/alma9.2-gcc-14.2.0/opt/sphenix/utils/lib:/cvmfs/sphenix.sdcc.bnl.gov/alma9.2-gcc-14.2.0/opt/sphenix/core/lib:/cvmfs/sphenix.sdcc.bnl.gov/alma9.2-gcc-14.2.0/opt/sphenix/core/root-6.32.06/lib:/cvmfs/sphenix.sdcc.bnl.gov/alma9.2-gcc-14.2.0/opt/sphenix/core/geant4.10.07.p04/lib64:/cvmfs/sphenix.sdcc.bnl.gov/alma9.2-gcc-14.2.0/opt/sphenix/core/lhapdf-5.9.1/lib:/usr/local/lib64:/usr/lib64
OPT_SPHENIX=/cvmfs/sphenix.sdcc.bnl.gov/alma9.2-gcc-14.2.0/opt/sphenix/core
TF_LOOP_PARALLEL_ITERATIONS=1
EVT_LIB=/cvmfs/sphenix.sdcc.bnl.gov/alma9.2-gcc-14.2.0/opt/sphenix/core/root-6.32.06/lib
PGHOST=sphnxdbmaster.sdcc.bnl.gov
OMP_NUM_THREADS=1
G4REALSURFACEDATA=/cvmfs/sphenix.sdcc.bnl.gov/alma9.2-gcc-14.2.0/opt/sphenix/core/geant4.10.07.p04/share/Geant4-10.7.4/data/RealSurface2.2
FC=/cvmfs/sphenix.sdcc.bnl.gov/alma9.2-gcc-14.2.0/opt/sphenix/core/gcc/14.2.0-2f0a0/x86_64-el9/bin/gfortran
G4ABLADATA=/cvmfs/sphenix.sdcc.bnl.gov/alma9.2-gcc-14.2.0/opt/sphenix/core/geant4.10.07.p04/share/Geant4-10.7.4/data/G4ABLA3.1
PARASOFT=doesnotexist
TMP=/tmp
OPT_UTILS=/cvmfs/sphenix.sdcc.bnl.gov/alma9.2-gcc-14.2.0/opt/sphenix/utils
CONFIG_SITE=/cvmfs/sphenix.sdcc.bnl.gov/alma9.2-gcc-14.2.0/opt/sphenix/core/etc/config.site
PATH=/sphenix/user/samfred/run25/install//bin:/cvmfs/sphenix.sdcc.bnl.gov/alma9.2-gcc-14.2.0/opt/sphenix/core/gcc/14.2.0-2f0a0/x86_64-el9/bin:/cvmfs/sphenix.sdcc.bnl.gov/alma9.2-gcc-14.2.0/opt/sphenix/core/binutils/2.40-acaab/x86_64-el9/bin:.:/cvmfs/sphenix.sdcc.bnl.gov/alma9.2-gcc-14.2.0/release/release_new/new.10/bin:/cvmfs/sphenix.sdcc.bnl.gov/alma9.2-gcc-14.2.0/opt/sphenix/utils/bin:/cvmfs/sphenix.sdcc.bnl.gov/alma9.2-gcc-14.2.0/opt/sphenix/core/bin:/cvmfs/sphenix.sdcc.bnl.gov/alma9.2-gcc-14.2.0/opt/sphenix/core/root-6.32.06/bin:/cvmfs/sphenix.sdcc.bnl.gov/alma9.2-gcc-14.2.0/opt/sphenix/core/geant4.10.07.p04/bin:/usr/local/bin:/usr/bin:/usr/local/sbin:/usr/sbin
G4LEVELGAMMADATA=/cvmfs/sphenix.sdcc.bnl.gov/alma9.2-gcc-14.2.0/opt/sphenix/core/geant4.10.07.p04/share/Geant4-10.7.4/data/PhotonEvaporation5.7
CC=/cvmfs/sphenix.sdcc.bnl.gov/alma9.2-gcc-14.2.0/opt/sphenix/core/gcc/14.2.0-2f0a0/x86_64-el9/bin/gcc
G4RADIOACTIVEDATA=/cvmfs/sphenix.sdcc.bnl.gov/alma9.2-gcc-14.2.0/opt/sphenix/core/geant4.10.07.p04/share/Geant4-10.7.4/data/RadioactiveDecay5.6
JULIA_NUM_THREADS=1
MKL_NUM_THREADS=1
LHAPDF_DATA_PATH=/cvmfs/sphenix.sdcc.bnl.gov/alma9.2-gcc-14.2.0/release/release_new/new.10/share/LHAPDF
XPLOAD_CONFIG_DIR=/cvmfs/sphenix.sdcc.bnl.gov/alma9.2-gcc-14.2.0/opt/sphenix/core/etc
OLDPWD=/cvmfs/sphenix.sdcc.bnl.gov/alma9.2-gcc-14.2.0/release/release_new/new.10/geant4
_=/usr/bin/printenv
runnumber...
50666
trigger...

   ------------------------------------------------------------------
  | Welcome to ROOT 6.32.06                        https://root.cern |
  | (c) 1995-2024, The ROOT Team; conception: R. Brun, F. Rademakers |
  | Built for linuxx8664gcc on Dec 13 2024, 17:23:48                 |
  | From tags/6-32-06@6-32-06                                        |
  | With g++ (GCC) 14.2.0                                            |
  | Try '.help'/'.?', '.demo', '.license', '.credits', '.quit'/'.q'  |
   ------------------------------------------------------------------


Processing data_histmaker.C(50666)...
entry 0/1650359 (0%)
entry 3000/1650359 (0.181779%)
entry 8000/1650359 (0.484743%)
entry 11000/1650359 (0.666522%)
entry 13000/1650359 (0.787707%)
entry 16000/1650359 (0.969486%)
entry 19000/1650359 (1.15126%)
entry 22000/1650359 (1.33304%)
entry 23000/1650359 (1.39364%)
entry 24000/1650359 (1.45423%)
entry 27000/1650359 (1.63601%)
entry 28000/1650359 (1.6966%)
entry 32000/1650359 (1.93897%)
entry 36000/1650359 (2.18134%)
entry 38000/1650359 (2.30253%)
entry 48000/1650359 (2.90846%)
entry 50000/1650359 (3.02964%)
entry 56000/1650359 (3.3932%)
entry 61000/1650359 (3.69617%)
entry 65000/1650359 (3.93854%)
entry 66000/1650359 (3.99913%)
entry 67000/1650359 (4.05972%)
entry 70000/1650359 (4.2415%)
entry 71000/1650359 (4.30209%)
entry 75000/1650359 (4.54447%)
entry 76000/1650359 (4.60506%)
entry 81000/1650359 (4.90802%)
entry 84000/1650359 (5.0898%)
entry 85000/1650359 (5.15039%)
entry 87000/1650359 (5.27158%)
entry 88000/1650359 (5.33217%)
entry 91000/1650359 (5.51395%)
entry 97000/1650359 (5.87751%)
entry 102000/1650359 (6.18047%)
entry 105000/1650359 (6.36225%)
entry 108000/1650359 (6.54403%)
entry 112000/1650359 (6.7864%)
entry 114000/1650359 (6.90759%)
entry 115000/1650359 (6.96818%)
entry 116000/1650359 (7.02877%)
entry 118000/1650359 (7.14996%)
entry 121000/1650359 (7.33174%)
entry 123000/1650359 (7.45292%)
entry 124000/1650359 (7.51352%)
entry 128000/1650359 (7.75589%)
entry 130000/1650359 (7.87707%)
entry 134000/1650359 (8.11945%)
entry 139000/1650359 (8.42241%)
entry 140000/1650359 (8.483%)
entry 141000/1650359 (8.5436%)
entry 146000/1650359 (8.84656%)
entry 147000/1650359 (8.90715%)
entry 149000/1650359 (9.02834%)
entry 161000/1650359 (9.75545%)
entry 164000/1650359 (9.93723%)
entry 167000/1650359 (10.119%)
entry 168000/1650359 (10.1796%)
entry 174000/1650359 (10.5432%)
entry 175000/1650359 (10.6038%)
entry 177000/1650359 (10.7249%)
entry 182000/1650359 (11.0279%)
entry 186000/1650359 (11.2703%)
entry 210000/1650359 (12.7245%)
entry 212000/1650359 (12.8457%)
entry 213000/1650359 (12.9063%)
entry 219000/1650359 (13.2698%)
entry 221000/1650359 (13.391%)
entry 222000/1650359 (13.4516%)
entry 228000/1650359 (13.8152%)
entry 229000/1650359 (13.8758%)
entry 230000/1650359 (13.9364%)
entry 231000/1650359 (13.997%)
entry 234000/1650359 (14.1787%)
entry 235000/1650359 (14.2393%)
entry 236000/1650359 (14.2999%)
entry 241000/1650359 (14.6029%)
entry 247000/1650359 (14.9664%)
entry 249000/1650359 (15.0876%)
entry 251000/1650359 (15.2088%)
entry 253000/1650359 (15.33%)
entry 254000/1650359 (15.3906%)
entry 259000/1650359 (15.6936%)
entry 270000/1650359 (16.3601%)
entry 271000/1650359 (16.4207%)
entry 273000/1650359 (16.5419%)
entry 274000/1650359 (16.6024%)
entry 276000/1650359 (16.7236%)
entry 277000/1650359 (16.7842%)
entry 279000/1650359 (16.9054%)
entry 281000/1650359 (17.0266%)
entry 284000/1650359 (17.2084%)
entry 285000/1650359 (17.269%)
entry 288000/1650359 (17.4507%)
entry 290000/1650359 (17.5719%)
entry 296000/1650359 (17.9355%)
entry 298000/1650359 (18.0567%)
entry 300000/1650359 (18.1779%)
entry 302000/1650359 (18.299%)
entry 303000/1650359 (18.3596%)
entry 308000/1650359 (18.6626%)
entry 319000/1650359 (19.3291%)
entry 321000/1650359 (19.4503%)
entry 322000/1650359 (19.5109%)
entry 323000/1650359 (19.5715%)
entry 329000/1650359 (19.9351%)
entry 330000/1650359 (19.9956%)
entry 332000/1650359 (20.1168%)
entry 333000/1650359 (20.1774%)
entry 338000/1650359 (20.4804%)
entry 340000/1650359 (20.6016%)
entry 341000/1650359 (20.6622%)
entry 342000/1650359 (20.7228%)
entry 352000/1650359 (21.3287%)
entry 353000/1650359 (21.3893%)
entry 357000/1650359 (21.6317%)
entry 358000/1650359 (21.6923%)
entry 359000/1650359 (21.7528%)
entry 362000/1650359 (21.9346%)
entry 366000/1650359 (22.177%)
entry 367000/1650359 (22.2376%)
entry 370000/1650359 (22.4194%)
entry 376000/1650359 (22.7829%)
entry 380000/1650359 (23.0253%)
entry 385000/1650359 (23.3283%)
entry 386000/1650359 (23.3889%)
entry 388000/1650359 (23.51%)
entry 397000/1650359 (24.0554%)
entry 399000/1650359 (24.1766%)
entry 400000/1650359 (24.2372%)
entry 403000/1650359 (24.4189%)
entry 406000/1650359 (24.6007%)
entry 408000/1650359 (24.7219%)
entry 414000/1650359 (25.0855%)
entry 418000/1650359 (25.3278%)
entry 419000/1650359 (25.3884%)
entry 423000/1650359 (25.6308%)
entry 426000/1650359 (25.8126%)
entry 428000/1650359 (25.9338%)
entry 435000/1650359 (26.3579%)
entry 437000/1650359 (26.4791%)
entry 449000/1650359 (27.2062%)
entry 450000/1650359 (27.2668%)
entry 453000/1650359 (27.4486%)
entry 455000/1650359 (27.5698%)
entry 459000/1650359 (27.8121%)
entry 461000/1650359 (27.9333%)
entry 467000/1650359 (28.2969%)
entry 471000/1650359 (28.5392%)
entry 472000/1650359 (28.5998%)
entry 473000/1650359 (28.6604%)
entry 478000/1650359 (28.9634%)
entry 487000/1650359 (29.5087%)
entry 488000/1650359 (29.5693%)
entry 491000/1650359 (29.7511%)
entry 495000/1650359 (29.9935%)
entry 498000/1650359 (30.1753%)
entry 499000/1650359 (30.2358%)
entry 502000/1650359 (30.4176%)
entry 507000/1650359 (30.7206%)
entry 509000/1650359 (30.8418%)
entry 512000/1650359 (31.0236%)
entry 514000/1650359 (31.1447%)
entry 518000/1650359 (31.3871%)
entry 520000/1650359 (31.5083%)
entry 524000/1650359 (31.7507%)
entry 525000/1650359 (31.8113%)
entry 528000/1650359 (31.993%)
entry 530000/1650359 (32.1142%)
entry 535000/1650359 (32.4172%)
entry 536000/1650359 (32.4778%)
entry 539000/1650359 (32.6596%)
entry 541000/1650359 (32.7807%)
entry 545000/1650359 (33.0231%)
entry 546000/1650359 (33.0837%)
entry 548000/1650359 (33.2049%)
entry 550000/1650359 (33.3261%)
entry 552000/1650359 (33.4473%)
entry 554000/1650359 (33.5685%)
entry 555000/1650359 (33.629%)
entry 556000/1650359 (33.6896%)
entry 562000/1650359 (34.0532%)
entry 565000/1650359 (34.235%)
entry 566000/1650359 (34.2956%)
entry 572000/1650359 (34.6591%)
entry 573000/1650359 (34.7197%)
entry 574000/1650359 (34.7803%)
entry 576000/1650359 (34.9015%)
entry 581000/1650359 (35.2045%)
entry 582000/1650359 (35.2651%)
entry 583000/1650359 (35.3256%)
entry 584000/1650359 (35.3862%)
entry 585000/1650359 (35.4468%)
entry 588000/1650359 (35.6286%)
entry 592000/1650359 (35.871%)
entry 594000/1650359 (35.9922%)
entry 595000/1650359 (36.0528%)
entry 596000/1650359 (36.1134%)
entry 597000/1650359 (36.1739%)
entry 599000/1650359 (36.2951%)
entry 603000/1650359 (36.5375%)
entry 605000/1650359 (36.6587%)
entry 610000/1650359 (36.9617%)
entry 611000/1650359 (37.0222%)
entry 613000/1650359 (37.1434%)
entry 614000/1650359 (37.204%)
entry 619000/1650359 (37.507%)
entry 625000/1650359 (37.8705%)
entry 626000/1650359 (37.9311%)
entry 630000/1650359 (38.1735%)
entry 631000/1650359 (38.2341%)
entry 632000/1650359 (38.2947%)
entry 634000/1650359 (38.4159%)
entry 635000/1650359 (38.4765%)
entry 639000/1650359 (38.7188%)
entry 641000/1650359 (38.84%)
entry 644000/1650359 (39.0218%)
entry 645000/1650359 (39.0824%)
entry 648000/1650359 (39.2642%)
entry 654000/1650359 (39.6277%)
entry 655000/1650359 (39.6883%)
entry 658000/1650359 (39.8701%)
entry 664000/1650359 (40.2337%)
entry 665000/1650359 (40.2943%)
entry 666000/1650359 (40.3549%)
entry 670000/1650359 (40.5972%)
entry 671000/1650359 (40.6578%)
entry 673000/1650359 (40.779%)
entry 676000/1650359 (40.9608%)
entry 678000/1650359 (41.082%)
entry 680000/1650359 (41.2032%)
entry 681000/1650359 (41.2638%)
entry 686000/1650359 (41.5667%)
entry 687000/1650359 (41.6273%)
entry 697000/1650359 (42.2332%)
entry 699000/1650359 (42.3544%)
entry 700000/1650359 (42.415%)
entry 703000/1650359 (42.5968%)
entry 705000/1650359 (42.718%)
entry 713000/1650359 (43.2027%)
entry 717000/1650359 (43.4451%)
entry 718000/1650359 (43.5057%)
entry 724000/1650359 (43.8692%)
entry 729000/1650359 (44.1722%)
entry 735000/1650359 (44.5358%)
entry 737000/1650359 (44.657%)
entry 740000/1650359 (44.8387%)
entry 742000/1650359 (44.9599%)
entry 746000/1650359 (45.2023%)
entry 752000/1650359 (45.5658%)
entry 753000/1650359 (45.6264%)
entry 755000/1650359 (45.7476%)
entry 758000/1650359 (45.9294%)
entry 761000/1650359 (46.1112%)
entry 766000/1650359 (46.4141%)
entry 767000/1650359 (46.4747%)
entry 768000/1650359 (46.5353%)
entry 770000/1650359 (46.6565%)
entry 771000/1650359 (46.7171%)
entry 775000/1650359 (46.9595%)
entry 788000/1650359 (47.7472%)
entry 792000/1650359 (47.9896%)
entry 793000/1650359 (48.0502%)
entry 794000/1650359 (48.1107%)
entry 795000/1650359 (48.1713%)
entry 797000/1650359 (48.2925%)
entry 798000/1650359 (48.3531%)
entry 799000/1650359 (48.4137%)
entry 800000/1650359 (48.4743%)
entry 802000/1650359 (48.5955%)
entry 806000/1650359 (48.8379%)
entry 808000/1650359 (48.959%)
entry 812000/1650359 (49.2014%)
entry 814000/1650359 (49.3226%)
entry 815000/1650359 (49.3832%)
entry 816000/1650359 (49.4438%)
entry 819000/1650359 (49.6256%)
entry 822000/1650359 (49.8073%)
entry 830000/1650359 (50.2921%)
entry 834000/1650359 (50.5345%)
entry 835000/1650359 (50.5951%)
entry 837000/1650359 (50.7162%)
entry 843000/1650359 (51.0798%)
entry 844000/1650359 (51.1404%)
entry 850000/1650359 (51.5039%)
entry 853000/1650359 (51.6857%)
entry 855000/1650359 (51.8069%)
entry 856000/1650359 (51.8675%)
entry 859000/1650359 (52.0493%)
entry 861000/1650359 (52.1705%)
entry 862000/1650359 (52.2311%)
entry 863000/1650359 (52.2917%)
entry 865000/1650359 (52.4128%)
entry 866000/1650359 (52.4734%)
entry 868000/1650359 (52.5946%)
entry 871000/1650359 (52.7764%)
entry 875000/1650359 (53.0188%)
entry 882000/1650359 (53.4429%)
entry 888000/1650359 (53.8065%)
entry 891000/1650359 (53.9883%)
entry 896000/1650359 (54.2912%)
entry 899000/1650359 (54.473%)
entry 903000/1650359 (54.7154%)
entry 905000/1650359 (54.8366%)
entry 907000/1650359 (54.9577%)
entry 908000/1650359 (55.0183%)
entry 910000/1650359 (55.1395%)
entry 913000/1650359 (55.3213%)
entry 914000/1650359 (55.3819%)
entry 916000/1650359 (55.5031%)
entry 923000/1650359 (55.9272%)
entry 928000/1650359 (56.2302%)
entry 931000/1650359 (56.412%)
entry 933000/1650359 (56.5332%)
entry 944000/1650359 (57.1997%)
entry 948000/1650359 (57.442%)
entry 950000/1650359 (57.5632%)
entry 954000/1650359 (57.8056%)
entry 957000/1650359 (57.9874%)
entry 961000/1650359 (58.2298%)
entry 963000/1650359 (58.3509%)
entry 966000/1650359 (58.5327%)
entry 971000/1650359 (58.8357%)
entry 975000/1650359 (59.0781%)
entry 976000/1650359 (59.1386%)
entry 977000/1650359 (59.1992%)
entry 981000/1650359 (59.4416%)
entry 988000/1650359 (59.8658%)
entry 990000/1650359 (59.9869%)
entry 991000/1650359 (60.0475%)
entry 992000/1650359 (60.1081%)
entry 994000/1650359 (60.2293%)
entry 995000/1650359 (60.2899%)
entry 996000/1650359 (60.3505%)
entry 997000/1650359 (60.4111%)
entry 998000/1650359 (60.4717%)
entry 999000/1650359 (60.5323%)
entry 1005000/1650359 (60.8958%)
entry 1006000/1650359 (60.9564%)
entry 1007000/1650359 (61.017%)
entry 1008000/1650359 (61.0776%)
entry 1010000/1650359 (61.1988%)
entry 1021000/1650359 (61.8653%)
entry 1022000/1650359 (61.9259%)
entry 1024000/1650359 (62.0471%)
entry 1028000/1650359 (62.2895%)
entry 1029000/1650359 (62.3501%)
entry 1030000/1650359 (62.4107%)
entry 1033000/1650359 (62.5924%)
entry 1037000/1650359 (62.8348%)
entry 1041000/1650359 (63.0772%)
entry 1042000/1650359 (63.1378%)
entry 1043000/1650359 (63.1984%)
entry 1045000/1650359 (63.3196%)
entry 1046000/1650359 (63.3802%)
entry 1047000/1650359 (63.4407%)
entry 1048000/1650359 (63.5013%)
entry 1049000/1650359 (63.5619%)
entry 1053000/1650359 (63.8043%)
entry 1056000/1650359 (63.9861%)
entry 1063000/1650359 (64.4102%)
entry 1068000/1650359 (64.7132%)
entry 1069000/1650359 (64.7738%)
entry 1070000/1650359 (64.8344%)
entry 1073000/1650359 (65.0162%)
entry 1085000/1650359 (65.7433%)
entry 1094000/1650359 (66.2886%)
entry 1098000/1650359 (66.531%)
entry 1099000/1650359 (66.5916%)
entry 1103000/1650359 (66.8339%)
entry 1106000/1650359 (67.0157%)
entry 1107000/1650359 (67.0763%)
entry 1110000/1650359 (67.2581%)
entry 1113000/1650359 (67.4399%)
entry 1127000/1650359 (68.2882%)
entry 1128000/1650359 (68.3488%)
entry 1131000/1650359 (68.5305%)
entry 1133000/1650359 (68.6517%)
entry 1138000/1650359 (68.9547%)
entry 1142000/1650359 (69.1971%)
entry 1144000/1650359 (69.3183%)
entry 1145000/1650359 (69.3788%)
entry 1148000/1650359 (69.5606%)
entry 1153000/1650359 (69.8636%)
entry 1155000/1650359 (69.9848%)
entry 1158000/1650359 (70.1666%)
entry 1159000/1650359 (70.2271%)
entry 1160000/1650359 (70.2877%)
entry 1169000/1650359 (70.8331%)
entry 1172000/1650359 (71.0149%)
entry 1173000/1650359 (71.0754%)
entry 1174000/1650359 (71.136%)
entry 1175000/1650359 (71.1966%)
entry 1177000/1650359 (71.3178%)
entry 1178000/1650359 (71.3784%)
entry 1179000/1650359 (71.439%)
entry 1180000/1650359 (71.4996%)
entry 1186000/1650359 (71.8632%)
entry 1187000/1650359 (71.9237%)
entry 1188000/1650359 (71.9843%)
entry 1189000/1650359 (72.0449%)
entry 1190000/1650359 (72.1055%)
entry 1191000/1650359 (72.1661%)
entry 1193000/1650359 (72.2873%)
entry 1195000/1650359 (72.4085%)
entry 1197000/1650359 (72.5297%)
entry 1202000/1650359 (72.8326%)
entry 1204000/1650359 (72.9538%)
entry 1212000/1650359 (73.4386%)
entry 1214000/1650359 (73.5598%)
entry 1216000/1650359 (73.6809%)
entry 1217000/1650359 (73.7415%)
entry 1219000/1650359 (73.8627%)
entry 1222000/1650359 (74.0445%)
entry 1223000/1650359 (74.1051%)
entry 1228000/1650359 (74.4081%)
entry 1229000/1650359 (74.4686%)
entry 1230000/1650359 (74.5292%)
entry 1232000/1650359 (74.6504%)
entry 1233000/1650359 (74.711%)
entry 1237000/1650359 (74.9534%)
entry 1238000/1650359 (75.014%)
entry 1241000/1650359 (75.1958%)
entry 1243000/1650359 (75.3169%)
entry 1244000/1650359 (75.3775%)
entry 1246000/1650359 (75.4987%)
entry 1250000/1650359 (75.7411%)
entry 1251000/1650359 (75.8017%)
entry 1254000/1650359 (75.9835%)
entry 1256000/1650359 (76.1047%)
entry 1257000/1650359 (76.1652%)
entry 1258000/1650359 (76.2258%)
entry 1259000/1650359 (76.2864%)
entry 1260000/1650359 (76.347%)
entry 1261000/1650359 (76.4076%)
entry 1263000/1650359 (76.5288%)
entry 1265000/1650359 (76.65%)
entry 1268000/1650359 (76.8318%)
entry 1270000/1650359 (76.953%)
entry 1277000/1650359 (77.3771%)
entry 1279000/1650359 (77.4983%)
entry 1281000/1650359 (77.6195%)
entry 1283000/1650359 (77.7407%)
entry 1286000/1650359 (77.9224%)
entry 1287000/1650359 (77.983%)
entry 1289000/1650359 (78.1042%)
entry 1290000/1650359 (78.1648%)
entry 1291000/1650359 (78.2254%)
entry 1292000/1650359 (78.286%)
entry 1293000/1650359 (78.3466%)
entry 1295000/1650359 (78.4678%)
entry 1297000/1650359 (78.589%)
entry 1299000/1650359 (78.7101%)
entry 1301000/1650359 (78.8313%)
entry 1302000/1650359 (78.8919%)
entry 1303000/1650359 (78.9525%)
entry 1306000/1650359 (79.1343%)
entry 1308000/1650359 (79.2555%)
entry 1310000/1650359 (79.3767%)
entry 1311000/1650359 (79.4373%)
entry 1313000/1650359 (79.5584%)
entry 1321000/1650359 (80.0432%)
entry 1323000/1650359 (80.1644%)
entry 1327000/1650359 (80.4067%)
entry 1330000/1650359 (80.5885%)
entry 1335000/1650359 (80.8915%)
entry 1337000/1650359 (81.0127%)
entry 1339000/1650359 (81.1339%)
entry 1346000/1650359 (81.558%)
entry 1347000/1650359 (81.6186%)
entry 1350000/1650359 (81.8004%)
entry 1356000/1650359 (82.1639%)
entry 1358000/1650359 (82.2851%)
entry 1360000/1650359 (82.4063%)
entry 1364000/1650359 (82.6487%)
entry 1366000/1650359 (82.7699%)
entry 1369000/1650359 (82.9516%)
entry 1372000/1650359 (83.1334%)
entry 1374000/1650359 (83.2546%)
entry 1375000/1650359 (83.3152%)
entry 1376000/1650359 (83.3758%)
entry 1381000/1650359 (83.6788%)
entry 1386000/1650359 (83.9817%)
entry 1391000/1650359 (84.2847%)
entry 1394000/1650359 (84.4665%)
entry 1395000/1650359 (84.5271%)
entry 1398000/1650359 (84.7088%)
entry 1404000/1650359 (85.0724%)
entry 1405000/1650359 (85.133%)
entry 1407000/1650359 (85.2542%)
entry 1408000/1650359 (85.3148%)
entry 1409000/1650359 (85.3754%)
entry 1410000/1650359 (85.436%)
entry 1420000/1650359 (86.0419%)
entry 1425000/1650359 (86.3449%)
entry 1432000/1650359 (86.769%)
entry 1433000/1650359 (86.8296%)
entry 1441000/1650359 (87.3143%)
entry 1446000/1650359 (87.6173%)
entry 1448000/1650359 (87.7385%)
entry 1453000/1650359 (88.0414%)
entry 1454000/1650359 (88.102%)
entry 1457000/1650359 (88.2838%)
entry 1463000/1650359 (88.6474%)
entry 1464000/1650359 (88.708%)
entry 1465000/1650359 (88.7686%)
entry 1467000/1650359 (88.8897%)
entry 1468000/1650359 (88.9503%)
entry 1470000/1650359 (89.0715%)
entry 1472000/1650359 (89.1927%)
entry 1474000/1650359 (89.3139%)
entry 1476000/1650359 (89.4351%)
entry 1477000/1650359 (89.4957%)
entry 1479000/1650359 (89.6169%)
entry 1482000/1650359 (89.7986%)
entry 1483000/1650359 (89.8592%)
entry 1484000/1650359 (89.9198%)
entry 1486000/1650359 (90.041%)
entry 1488000/1650359 (90.1622%)
entry 1499000/1650359 (90.8287%)
entry 1500000/1650359 (90.8893%)
entry 1501000/1650359 (90.9499%)
entry 1504000/1650359 (91.1317%)
entry 1525000/1650359 (92.4041%)
entry 1527000/1650359 (92.5253%)
entry 1528000/1650359 (92.5859%)
entry 1529000/1650359 (92.6465%)
entry 1531000/1650359 (92.7677%)
entry 1533000/1650359 (92.8889%)
entry 1534000/1650359 (92.9495%)
entry 1535000/1650359 (93.0101%)
entry 1539000/1650359 (93.2524%)
entry 1546000/1650359 (93.6766%)
entry 1549000/1650359 (93.8584%)
entry 1552000/1650359 (94.0401%)
entry 1553000/1650359 (94.1007%)
entry 1556000/1650359 (94.2825%)
entry 1558000/1650359 (94.4037%)
entry 1559000/1650359 (94.4643%)
entry 1565000/1650359 (94.8279%)
entry 1568000/1650359 (95.0096%)
entry 1576000/1650359 (95.4944%)
entry 1579000/1650359 (95.6762%)
entry 1587000/1650359 (96.1609%)
entry 1589000/1650359 (96.2821%)
entry 1591000/1650359 (96.4033%)
entry 1594000/1650359 (96.585%)
entry 1600000/1650359 (96.9486%)
entry 1602000/1650359 (97.0698%)
entry 1605000/1650359 (97.2516%)
entry 1610000/1650359 (97.5545%)
entry 1612000/1650359 (97.6757%)
entry 1617000/1650359 (97.9787%)
entry 1620000/1650359 (98.1605%)
entry 1622000/1650359 (98.2816%)
entry 1628000/1650359 (98.6452%)
entry 1630000/1650359 (98.7664%)
entry 1633000/1650359 (98.9482%)
entry 1634000/1650359 (99.0088%)
entry 1636000/1650359 (99.1299%)
entry 1637000/1650359 (99.1905%)
entry 1640000/1650359 (99.3723%)
entry 1642000/1650359 (99.4935%)
entry 1645000/1650359 (99.6753%)
entry 1647000/1650359 (99.7965%)
entry 1648000/1650359 (99.8571%)
all done
script done
