sphnx1132.sdcc.bnl.gov
rsyncing from /gpfs/mnt/gpfs02/sphenix/user/samfred/run25/ppg11/histmaking
running: /gpfs/mnt/gpfs02/sphenix/user/samfred/run25/ppg11/histmaking/script_data.sh 50677
LD_LIBRARY_PATH now /sphenix/user/samfred/run25/install//lib:/cvmfs/sphenix.sdcc.bnl.gov/alma9.2-gcc-14.2.0/opt/sphenix/core/gcc/14.2.0-2f0a0/x86_64-el9/lib:/cvmfs/sphenix.sdcc.bnl.gov/alma9.2-gcc-14.2.0/opt/sphenix/core/gcc/14.2.0-2f0a0/x86_64-el9/lib64:/cvmfs/sphenix.sdcc.bnl.gov/alma9.2-gcc-14.2.0/opt/sphenix/core/binutils/2.40-acaab/x86_64-el9/lib:.:/cvmfs/sphenix.sdcc.bnl.gov/alma9.2-gcc-14.2.0/release/release_new/new.10/lib64:/cvmfs/sphenix.sdcc.bnl.gov/alma9.2-gcc-14.2.0/release/release_new/new.10/lib:/cvmfs/sphenix.sdcc.bnl.gov/alma9.2-gcc-14.2.0/opt/sphenix/utils/lib:/cvmfs/sphenix.sdcc.bnl.gov/alma9.2-gcc-14.2.0/opt/sphenix/core/lib:/cvmfs/sphenix.sdcc.bnl.gov/alma9.2-gcc-14.2.0/opt/sphenix/core/root-6.32.06/lib:/cvmfs/sphenix.sdcc.bnl.gov/alma9.2-gcc-14.2.0/opt/sphenix/core/geant4.10.07.p04/lib64:/cvmfs/sphenix.sdcc.bnl.gov/alma9.2-gcc-14.2.0/opt/sphenix/core/lhapdf-5.9.1/lib:/usr/local/lib64:/usr/lib64
PATH now /sphenix/user/samfred/run25/install//bin:/cvmfs/sphenix.sdcc.bnl.gov/alma9.2-gcc-14.2.0/opt/sphenix/core/gcc/14.2.0-2f0a0/x86_64-el9/bin:/cvmfs/sphenix.sdcc.bnl.gov/alma9.2-gcc-14.2.0/opt/sphenix/core/binutils/2.40-acaab/x86_64-el9/bin:.:/cvmfs/sphenix.sdcc.bnl.gov/alma9.2-gcc-14.2.0/release/release_new/new.10/bin:/cvmfs/sphenix.sdcc.bnl.gov/alma9.2-gcc-14.2.0/opt/sphenix/utils/bin:/cvmfs/sphenix.sdcc.bnl.gov/alma9.2-gcc-14.2.0/opt/sphenix/core/bin:/cvmfs/sphenix.sdcc.bnl.gov/alma9.2-gcc-14.2.0/opt/sphenix/core/root-6.32.06/bin:/cvmfs/sphenix.sdcc.bnl.gov/alma9.2-gcc-14.2.0/opt/sphenix/core/geant4.10.07.p04/bin:/usr/local/bin:/usr/bin:/usr/local/sbin:/usr/sbin
SINGULARITY_CACHEDIR=/home/condor/local/sphnx/execute/dir_2725001
_CONDOR_CHIRP_CONFIG=/home/condor/local/sphnx/execute/dir_2725001/.chirp.config
_CONDOR_JOB_IWD=/sphenix/user/samfred/run25/ppg11/histmaking
G4ENSDFSTATEDATA=/cvmfs/sphenix.sdcc.bnl.gov/alma9.2-gcc-14.2.0/opt/sphenix/core/geant4.10.07.p04/share/Geant4-10.7.4/data/G4ENSDFSTATE2.3
_CONDOR_MACHINE_AD=/home/condor/local/sphnx/execute/dir_2725001/.machine.ad
ROOT_MAX_THREADS=1
NUMEXPR_NUM_THREADS=1
CUBACORES=1
_CHIRP_DELAYED_UPDATE_PREFIX=Chirp*
OMP_THREAD_LIMIT=1
G4PIIDATA=/cvmfs/sphenix.sdcc.bnl.gov/alma9.2-gcc-14.2.0/opt/sphenix/core/geant4.10.07.p04/share/Geant4-10.7.4/data/G4PII1.3
NO_AT_BRIDGE=1
G4_MAIN=/cvmfs/sphenix.sdcc.bnl.gov/alma9.2-gcc-14.2.0/opt/sphenix/core/geant4.10.07.p04
COMPILER_PATH=/cvmfs/sphenix.sdcc.bnl.gov/alma9.2-gcc-14.2.0/opt/sphenix/core/gcc/14.2.0-2f0a0/x86_64-el9
ROOT_INCLUDE_PATH=./:/sphenix/user/samfred/run25/install//include:/sphenix/user/samfred/run25/install//include/caloana:/sphenix/user/samfred/run25/install//include/qa_centrality:/sphenix/user/samfred/run25/install//include/mbdana:/sphenix/user/samfred/run25/install//include/centrality:/sphenix/user/samfred/run25/install//include/Event:/cvmfs/sphenix.sdcc.bnl.gov/alma9.2-gcc-14.2.0/release/release_new/new.10/include:/cvmfs/sphenix.sdcc.bnl.gov/alma9.2-gcc-14.2.0/release/release_new/new.10/include:/cvmfs/sphenix.sdcc.bnl.gov/alma9.2-gcc-14.2.0/release/release_new/new.10/include/g4mbd:/cvmfs/sphenix.sdcc.bnl.gov/alma9.2-gcc-14.2.0/release/release_new/new.10/include/fmt:/cvmfs/sphenix.sdcc.bnl.gov/alma9.2-gcc-14.2.0/release/release_new/new.10/include/ffarawobjects:/cvmfs/sphenix.sdcc.bnl.gov/alma9.2-gcc-14.2.0/release/release_new/new.10/include/JSON:/cvmfs/sphenix.sdcc.bnl.gov/alma9.2-gcc-14.2.0/release/release_new/new.10/include/calotreegen:/cvmfs/sphenix.sdcc.bnl.gov/alma9.2-gcc-14.2.0/release/release_new/new.10/include/torch:/cvmfs/sphenix.sdcc.bnl.gov/alma9.2-gcc-14.2.0/release/release_new/new.10/include/g4detectors:/cvmfs/sphenix.sdcc.bnl.gov/alma9.2-gcc-14.2.0/release/release_new/new.10/include/kineto:/cvmfs/sphenix.sdcc.bnl.gov/alma9.2-gcc-14.2.0/release/release_new/new.10/include/g4decayer:/cvmfs/sphenix.sdcc.bnl.gov/alma9.2-gcc-14.2.0/release/release_new/new.10/include/kfparticleqa:/cvmfs/sphenix.sdcc.bnl.gov/alma9.2-gcc-14.2.0/release/release_new/new.10/include/phfield:/cvmfs/sphenix.sdcc.bnl.gov/alma9.2-gcc-14.2.0/release/release_new/new.10/include/LHAPDF:/cvmfs/sphenix.sdcc.bnl.gov/alma9.2-gcc-14.2.0/release/release_new/new.10/include/readdigitalcurrents:/cvmfs/sphenix.sdcc.bnl.gov/alma9.2-gcc-14.2.0/release/release_new/new.10/include/c10:/cvmfs/sphenix.sdcc.bnl.gov/alma9.2-gcc-14.2.0/release/release_new/new.10/include/calovalid:/cvmfs/sphenix.sdcc.bnl.gov/alma9.2-gcc-14.2.0/release/release_new/new.10/include/oneapi:/cvmfs/sphenix.sdcc.bnl.gov/alma9.2-gcc-14.2.0/release/release_new/new.10/include/DDCond:/cvmfs/sphenix.sdcc.bnl.gov/alma9.2-gcc-14.2.0/release/release_new/new.10/include/g4tracking:/cvmfs/sphenix.sdcc.bnl.gov/alma9.2-gcc-14.2.0/release/release_new/new.10/include/litecaloeval:/cvmfs/sphenix.sdcc.bnl.gov/alma9.2-gcc-14.2.0/release/release_new/new.10/include/g4intt:/cvmfs/sphenix.sdcc.bnl.gov/alma9.2-gcc-14.2.0/release/release_new/new.10/include/phool:/cvmfs/sphenix.sdcc.bnl.gov/alma9.2-gcc-14.2.0/release/release_new/new.10/include/boost:/cvmfs/sphenix.sdcc.bnl.gov/alma9.2-gcc-14.2.0/release/release_new/new.10/include/Pythia8Plugins:/cvmfs/sphenix.sdcc.bnl.gov/alma9.2-gcc-14.2.0/release/release_new/new.10/include/calib_emc_pi0:/cvmfs/sphenix.sdcc.bnl.gov/alma9.2-gcc-14.2.0/release/release_new/new.10/include/hijingflipafterburner:/cvmfs/sphenix.sdcc.bnl.gov/alma9.2-gcc-14.2.0/release/release_new/new.10/include/ffaobjects:/cvmfs/sphenix.sdcc.bnl.gov/alma9.2-gcc-14.2.0/release/release_new/new.10/include/EvtGenBase:/cvmfs/sphenix.sdcc.bnl.gov/alma9.2-gcc-14.2.0/release/release_new/new.10/include/flowafterburner:/cvmfs/sphenix.sdcc.bnl.gov/alma9.2-gcc-14.2.0/release/release_new/new.10/include/google:/cvmfs/sphenix.sdcc.bnl.gov/alma9.2-gcc-14.2.0/release/release_new/new.10/include/g4tpc:/cvmfs/sphenix.sdcc.bnl.gov/alma9.2-gcc-14.2.0/release/release_new/new.10/include/caffe2:/cvmfs/sphenix.sdcc.bnl.gov/alma9.2-gcc-14.2.0/release/release_new/new.10/include/EvtGenExternal:/cvmfs/sphenix.sdcc.bnl.gov/alma9.2-gcc-14.2.0/release/release_new/new.10/include/fp16:/cvmfs/sphenix.sdcc.bnl.gov/alma9.2-gcc-14.2.0/release/release_new/new.10/include/ffamodules:/cvmfs/sphenix.sdcc.bnl.gov/alma9.2-gcc-14.2.0/release/release_new/new.10/include/uspin:/cvmfs/sphenix.sdcc.bnl.gov/alma9.2-gcc-14.2.0/release/release_new/new.10/include/Herwig:/cvmfs/sphenix.sdcc.bnl.gov/alma9.2-gcc-14.2.0/release/release_new/new.10/include/genfitexp:/cvmfs/sphenix.sdcc.bnl.gov/alma9.2-gcc-14.2.0/release/release_new/new.10/include/XML:/cvmfs/sphenix.sdcc.bnl.gov/alma9.2-gcc-14.2.0/release/release_new/new.10/include/fbgemm:/cvmfs/sphenix.sdcc.bnl.gov/alma9.2-gcc-14.2.0/release/release_new/new.10/include/DDAlign:/cvmfs/sphenix.sdcc.bnl.gov/alma9.2-gcc-14.2.0/release/release_new/new.10/include/g4mvtx:/cvmfs/sphenix.sdcc.bnl.gov/alma9.2-gcc-14.2.0/release/release_new/new.10/include/kfparticle_sphenix:/cvmfs/sphenix.sdcc.bnl.gov/alma9.2-gcc-14.2.0/release/release_new/new.10/include/fun4all:/cvmfs/sphenix.sdcc.bnl.gov/alma9.2-gcc-14.2.0/release/release_new/new.10/include/intt:/cvmfs/sphenix.sdcc.bnl.gov/alma9.2-gcc-14.2.0/release/release_new/new.10/include/eventdisplay:/cvmfs/sphenix.sdcc.bnl.gov/alma9.2-gcc-14.2.0/release/release_new/new.10/include/EvtGen:/cvmfs/sphenix.sdcc.bnl.gov/alma9.2-gcc-14.2.0/release/release_new/new.10/include/Evaluator:/cvmfs/sphenix.sdcc.bnl.gov/alma9.2-gcc-14.2.0/release/release_new/new.10/include/tpc:/cvmfs/sphenix.sdcc.bnl.gov/alma9.2-gcc-14.2.0/release/release_new/new.10/include/GenFit:/cvmfs/sphenix.sdcc.bnl.gov/alma9.2-gcc-14.2.0/release/release_new/new.10/include/prototype4:/cvmfs/sphenix.sdcc.bnl.gov/alma9.2-gcc-14.2.0/release/release_new/new.10/include/caloembedding:/cvmfs/sphenix.sdcc.bnl.gov/alma9.2-gcc-14.2.0/release/release_new/new.10/include/EvtGenModels:/cvmfs/sphenix.sdcc.bnl.gov/alma9.2-gcc-14.2.0/release/release_new/new.10/include/fastjet:/cvmfs/sphenix.sdcc.bnl.gov/alma9.2-gcc-14.2.0/release/release_new/new.10/include/DDG4:/cvmfs/sphenix.sdcc.bnl.gov/alma9.2-gcc-14.2.0/release/release_new/new.10/include/mbd:/cvmfs/sphenix.sdcc.bnl.gov/alma9.2-gcc-14.2.0/release/release_new/new.10/include/tbb:/cvmfs/sphenix.sdcc.bnl.gov/alma9.2-gcc-14.2.0/release/release_new/new.10/include/phgeom:/cvmfs/sphenix.sdcc.bnl.gov/alma9.2-gcc-14.2.0/release/release_new/new.10/include/g4epd:/cvmfs/sphenix.sdcc.bnl.gov/alma9.2-gcc-14.2.0/release/release_new/new.10/include/oncal:/cvmfs/sphenix.sdcc.bnl.gov/alma9.2-gcc-14.2.0/release/release_new/new.10/include/pybind11:/cvmfs/sphenix.sdcc.bnl.gov/alma9.2-gcc-14.2.0/release/release_new/new.10/include/tpcdistgenerator:/cvmfs/sphenix.sdcc.bnl.gov/alma9.2-gcc-14.2.0/release/release_new/new.10/include/cdbobjects:/cvmfs/sphenix.sdcc.bnl.gov/alma9.2-gcc-14.2.0/release/release_new/new.10/include/g4micromegas:/cvmfs/sphenix.sdcc.bnl.gov/alma9.2-gcc-14.2.0/release/release_new/new.10/include/g4eval:/cvmfs/sphenix.sdcc.bnl.gov/alma9.2-gcc-14.2.0/release/release_new/new.10/include/jetbackground:/cvmfs/sphenix.sdcc.bnl.gov/alma9.2-gcc-14.2.0/release/release_new/new.10/include/micromegas:/cvmfs/sphenix.sdcc.bnl.gov/alma9.2-gcc-14.2.0/release/release_new/new.10/include/hftrackefficiency:/cvmfs/sphenix.sdcc.bnl.gov/alma9.2-gcc-14.2.0/release/release_new/new.10/include/inttrawhitqa:/cvmfs/sphenix.sdcc.bnl.gov/alma9.2-gcc-14.2.0/release/release_new/new.10/include/centrality:/cvmfs/sphenix.sdcc.bnl.gov/alma9.2-gcc-14.2.0/release/release_new/new.10/include/epd:/cvmfs/sphenix.sdcc.bnl.gov/alma9.2-gcc-14.2.0/release/release_new/new.10/include/caloreco:/cvmfs/sphenix.sdcc.bnl.gov/alma9.2-gcc-14.2.0/release/release_new/new.10/include/HepMC:/cvmfs/sphenix.sdcc.bnl.gov/alma9.2-gcc-14.2.0/release/release_new/new.10/include/CLHEP:/cvmfs/sphenix.sdcc.bnl.gov/alma9.2-gcc-14.2.0/release/release_new/new.10/include/Acts:/cvmfs/sphenix.sdcc.bnl.gov/alma9.2-gcc-14.2.0/release/release_new/new.10/include/g4histos:/cvmfs/sphenix.sdcc.bnl.gov/alma9.2-gcc-14.2.0/release/release_new/new.10/include/eventplaneinfo:/cvmfs/sphenix.sdcc.bnl.gov/alma9.2-gcc-14.2.0/release/release_new/new.10/include/fillspacechargemaps:/cvmfs/sphenix.sdcc.bnl.gov/alma9.2-gcc-14.2.0/release/release_new/new.10/include/phhepmc:/cvmfs/sphenix.sdcc.bnl.gov/alma9.2-gcc-14.2.0/release/release_new/new.10/include/trackingqa:/cvmfs/sphenix.sdcc.bnl.gov/alma9.2-gcc-14.2.0/release/release_new/new.10/include/qautils:/cvmfs/sphenix.sdcc.bnl.gov/alma9.2-gcc-14.2.0/release/release_new/new.10/include/trackreco:/cvmfs/sphenix.sdcc.bnl.gov/alma9.2-gcc-14.2.0/release/release_new/new.10/include/g4ohcal:/cvmfs/sphenix.sdcc.bnl.gov/alma9.2-gcc-14.2.0/release/release_new/new.10/include/tpcdvcalib:/cvmfs/sphenix.sdcc.bnl.gov/alma9.2-gcc-14.2.0/release/release_new/new.10/include/zdcinfo:/cvmfs/sphenix.sdcc.bnl.gov/alma9.2-gcc-14.2.0/release/release_new/new.10/include/phpythia8:/cvmfs/sphenix.sdcc.bnl.gov/alma9.2-gcc-14.2.0/release/release_new/new.10/include/fun4allutils:/cvmfs/sphenix.sdcc.bnl.gov/alma9.2-gcc-14.2.0/release/release_new/new.10/include/tpcqa:/cvmfs/sphenix.sdcc.bnl.gov/alma9.2-gcc-14.2.0/release/release_new/new.10/include/Pythia8:/cvmfs/sphenix.sdcc.bnl.gov/alma9.2-gcc-14.2.0/release/release_new/new.10/include/DDRec:/cvmfs/sphenix.sdcc.bnl.gov/alma9.2-gcc-14.2.0/release/release_new/new.10/include/DDDigi:/cvmfs/sphenix.sdcc.bnl.gov/alma9.2-gcc-14.2.0/release/release_new/new.10/include/g4ihcal:/cvmfs/sphenix.sdcc.bnl.gov/alma9.2-gcc-14.2.0/release/release_new/new.10/include/frog:/cvmfs/sphenix.sdcc.bnl.gov/alma9.2-gcc-14.2.0/release/release_new/new.10/include/eigen3:/cvmfs/sphenix.sdcc.bnl.gov/alma9.2-gcc-14.2.0/release/release_new/new.10/include/tensorpipe:/cvmfs/sphenix.sdcc.bnl.gov/alma9.2-gcc-14.2.0/release/release_new/new.10/include/sphenixnpc:/cvmfs/sphenix.sdcc.bnl.gov/alma9.2-gcc-14.2.0/release/release_new/new.10/include/siscone:/cvmfs/sphenix.sdcc.bnl.gov/alma9.2-gcc-14.2.0/release/release_new/new.10/include/pmonitor:/cvmfs/sphenix.sdcc.bnl.gov/alma9.2-gcc-14.2.0/release/release_new/new.10/include/calobase:/cvmfs/sphenix.sdcc.bnl.gov/alma9.2-gcc-14.2.0/release/release_new/new.10/include/ActsExamples:/cvmfs/sphenix.sdcc.bnl.gov/alma9.2-gcc-14.2.0/release/release_new/new.10/include/g4gdml:/cvmfs/sphenix.sdcc.bnl.gov/alma9.2-gcc-14.2.0/release/release_new/new.10/include/mvtx_decoder:/cvmfs/sphenix.sdcc.bnl.gov/alma9.2-gcc-14.2.0/release/release_new/new.10/include/ROOT:/cvmfs/sphenix.sdcc.bnl.gov/alma9.2-gcc-14.2.0/release/release_new/new.10/include/phparameter:/cvmfs/sphenix.sdcc.bnl.gov/alma9.2-gcc-14.2.0/release/release_new/new.10/include/rsa:/cvmfs/sphenix.sdcc.bnl.gov/alma9.2-gcc-14.2.0/release/release_new/new.10/include/fun4allraw:/cvmfs/sphenix.sdcc.bnl.gov/alma9.2-gcc-14.2.0/release/release_new/new.10/include/trackbase_historic:/cvmfs/sphenix.sdcc.bnl.gov/alma9.2-gcc-14.2.0/release/release_new/new.10/include/g4jets:/cvmfs/sphenix.sdcc.bnl.gov/alma9.2-gcc-14.2.0/release/release_new/new.10/include/jetqa:/cvmfs/sphenix.sdcc.bnl.gov/alma9.2-gcc-14.2.0/release/release_new/new.10/include/phoolraw:/cvmfs/sphenix.sdcc.bnl.gov/alma9.2-gcc-14.2.0/release/release_new/new.10/include/g4calo:/cvmfs/sphenix.sdcc.bnl.gov/alma9.2-gcc-14.2.0/release/release_new/new.10/include/mvtxrawhitqa:/cvmfs/sphenix.sdcc.bnl.gov/alma9.2-gcc-14.2.0/release/release_new/new.10/include/HepMC3:/cvmfs/sphenix.sdcc.bnl.gov/alma9.2-gcc-14.2.0/release/release_new/new.10/include/calowaveformsim:/cvmfs/sphenix.sdcc.bnl.gov/alma9.2-gcc-14.2.0/release/release_new/new.10/include/g4caloprototype:/cvmfs/sphenix.sdcc.bnl.gov/alma9.2-gcc-14.2.0/release/release_new/new.10/include/pdbcalbase:/cvmfs/sphenix.sdcc.bnl.gov/alma9.2-gcc-14.2.0/release/release_new/new.10/include/gsl:/cvmfs/sphenix.sdcc.bnl.gov/alma9.2-gcc-14.2.0/release/release_new/new.10/include/nodedump:/cvmfs/sphenix.sdcc.bnl.gov/alma9.2-gcc-14.2.0/release/release_new/new.10/include/emcnoisytowerfinder:/cvmfs/sphenix.sdcc.bnl.gov/alma9.2-gcc-14.2.0/release/release_new/new.10/include/ActsFatras:/cvmfs/sphenix.sdcc.bnl.gov/alma9.2-gcc-14.2.0/release/release_new/new.10/include/ffarawmodules:/cvmfs/sphenix.sdcc.bnl.gov/alma9.2-gcc-14.2.0/release/release_new/new.10/include/Event:/cvmfs/sphenix.sdcc.bnl.gov/alma9.2-gcc-14.2.0/release/release_new/new.10/include/prototype3:/cvmfs/sphenix.sdcc.bnl.gov/alma9.2-gcc-14.2.0/release/release_new/new.10/include/fermimotionafterburner:/cvmfs/sphenix.sdcc.bnl.gov/alma9.2-gcc-14.2.0/release/release_new/new.10/include/Photos:/cvmfs/sphenix.sdcc.bnl.gov/alma9.2-gcc-14.2.0/release/release_new/new.10/include/xingshiftcal:/cvmfs/sphenix.sdcc.bnl.gov/alma9.2-gcc-14.2.0/release/release_new/new.10/include/trackbase:/cvmfs/sphenix.sdcc.bnl.gov/alma9.2-gcc-14.2.0/release/release_new/new.10/include/jetdstskimmer:/cvmfs/sphenix.sdcc.bnl.gov/alma9.2-gcc-14.2.0/release/release_new/new.10/include/clusteriso:/cvmfs/sphenix.sdcc.bnl.gov/alma9.2-gcc-14.2.0/release/release_new/new.10/include/asmjit:/cvmfs/sphenix.sdcc.bnl.gov/alma9.2-gcc-14.2.0/release/release_new/new.10/include/particleflowreco:/cvmfs/sphenix.sdcc.bnl.gov/alma9.2-gcc-14.2.0/release/release_new/new.10/include/tpchittrackdisplay:/cvmfs/sphenix.sdcc.bnl.gov/alma9.2-gcc-14.2.0/release/release_new/new.10/include/caloana:/cvmfs/sphenix.sdcc.bnl.gov/alma9.2-gcc-14.2.0/release/release_new/new.10/include/calotrigger:/cvmfs/sphenix.sdcc.bnl.gov/alma9.2-gcc-14.2.0/release/release_new/new.10/include/nopayloadclient:/cvmfs/sphenix.sdcc.bnl.gov/alma9.2-gcc-14.2.0/release/release_new/new.10/include/trackermillepedealignment:/cvmfs/sphenix.sdcc.bnl.gov/alma9.2-gcc-14.2.0/release/release_new/new.10/include/DD4hep:/cvmfs/sphenix.sdcc.bnl.gov/alma9.2-gcc-14.2.0/release/release_new/new.10/include/g4trackfastsim:/cvmfs/sphenix.sdcc.bnl.gov/alma9.2-gcc-14.2.0/release/release_new/new.10/include/prototype2:/cvmfs/sphenix.sdcc.bnl.gov/alma9.2-gcc-14.2.0/release/release_new/new.10/include/ATen:/cvmfs/sphenix.sdcc.bnl.gov/alma9.2-gcc-14.2.0/release/release_new/new.10/include/g4main:/cvmfs/sphenix.sdcc.bnl.gov/alma9.2-gcc-14.2.0/release/release_new/new.10/include/Tauola:/cvmfs/sphenix.sdcc.bnl.gov/alma9.2-gcc-14.2.0/release/release_new/new.10/include/inttcalib:/cvmfs/sphenix.sdcc.bnl.gov/alma9.2-gcc-14.2.0/release/release_new/new.10/include/reactionplaneafterburner:/cvmfs/sphenix.sdcc.bnl.gov/alma9.2-gcc-14.2.0/release/release_new/new.10/include/globalqa:/cvmfs/sphenix.sdcc.bnl.gov/alma9.2-gcc-14.2.0/release/release_new/new.10/include/tpccalib:/cvmfs/sphenix.sdcc.bnl.gov/alma9.2-gcc-14.2.0/release/release_new/new.10/include/DDSegmentation:/cvmfs/sphenix.sdcc.bnl.gov/alma9.2-gcc-14.2.0/release/release_new/new.10/include/decayfinder:/cvmfs/sphenix.sdcc.bnl.gov/alma9.2-gcc-14.2.0/release/release_new/new.10/include/compressclus:/cvmfs/sphenix.sdcc.bnl.gov/alma9.2-gcc-14.2.0/release/release_new/new.10/include/simqa_modules:/cvmfs/sphenix.sdcc.bnl.gov/alma9.2-gcc-14.2.0/release/release_new/new.10/include/resonancejettagging:/cvmfs/sphenix.sdcc.bnl.gov/alma9.2-gcc-14.2.0/release/release_new/new.10/include/g4centrality:/cvmfs/sphenix.sdcc.bnl.gov/alma9.2-gcc-14.2.0/release/release_new/new.10/include/mvtx:/cvmfs/sphenix.sdcc.bnl.gov/alma9.2-gcc-14.2.0/release/release_new/new.10/include/nlohmann:/cvmfs/sphenix.sdcc.bnl.gov/alma9.2-gcc-14.2.0/release/release_new/new.10/include/localpoloffmon:/cvmfs/sphenix.sdcc.bnl.gov/alma9.2-gcc-14.2.0/release/release_new/new.10/include/DDEve:/cvmfs/sphenix.sdcc.bnl.gov/alma9.2-gcc-14.2.0/release/release_new/new.10/include/Parsers:/cvmfs/sphenix.sdcc.bnl.gov/alma9.2-gcc-14.2.0/release/release_new/new.10/include/trackingdiagnostics:/cvmfs/sphenix.sdcc.bnl.gov/alma9.2-gcc-14.2.0/release/release_new/new.10/include/g4vertex:/cvmfs/sphenix.sdcc.bnl.gov/alma9.2-gcc-14.2.0/release/release_new/new.10/include/jetbase:/cvmfs/sphenix.sdcc.bnl.gov/alma9.2-gcc-14.2.0/release/release_new/new.10/include/globalvertex:/cvmfs/sphenix.sdcc.bnl.gov/alma9.2-gcc-14.2.0/release/release_new/new.10/include/phgenfit:/cvmfs/sphenix.sdcc.bnl.gov/alma9.2-gcc-14.2.0/release/release_new/new.10/include/rawbcolumi:/cvmfs/sphenix.sdcc.bnl.gov/alma9.2-gcc-14.2.0/release/release_new/new.10/include/eicsmear:/cvmfs/sphenix.sdcc.bnl.gov/alma9.2-gcc-14.2.0/release/release_new/new.10/include/mvtxcalib:/cvmfs/sphenix.sdcc.bnl.gov/alma9.2-gcc-14.2.0/release/release_new/new.10/include/tpclinelaserdiode:/cvmfs/sphenix.sdcc.bnl.gov/alma9.2-gcc-14.2.0/release/release_new/new.10/include/hepmcjettrigger:/cvmfs/sphenix.sdcc.bnl.gov/alma9.2-gcc-14.2.0/release/release_new/new.10/include/core:/cvmfs/sphenix.sdcc.bnl.gov/alma9.2-gcc-14.2.0/release/release_new/new.10/include/calo_cdb:/cvmfs/sphenix.sdcc.bnl.gov/alma9.2-gcc-14.2.0/release/release_new/new.10/include/mvtxclustershapesqa:/cvmfs/sphenix.sdcc.bnl.gov/alma9.2-gcc-14.2.0/release/release_new/new.10/include/calopacketskimmer:/cvmfs/sphenix.sdcc.bnl.gov/alma9.2-gcc-14.2.0/opt/sphenix/core/geant4.10.07.p04/include:/cvmfs/sphenix.sdcc.bnl.gov/alma9.2-gcc-14.2.0/release/release_new/new.10/rootmacros:/cvmfs/sphenix.sdcc.bnl.gov/alma9.2-gcc-14.2.0/opt/sphenix/core/include
GSEARCHPATH=.:PG:LUSTRE:RAWDATA
PWD=/gpfs/mnt/gpfs02/sphenix/user/samfred/run25/ppg11/histmaking
LOGNAME=samfred
_CONDOR_JOB_AD=/home/condor/local/sphnx/execute/dir_2725001/.job.ad
MANPATH=/cvmfs/sphenix.sdcc.bnl.gov/alma9.2-gcc-14.2.0/opt/sphenix/core/gcc/14.2.0-2f0a0/x86_64-el9/share/man:/cvmfs/sphenix.sdcc.bnl.gov/alma9.2-gcc-14.2.0/opt/sphenix/core/binutils/2.40-acaab/x86_64-el9/share/man:/cvmfs/sphenix.sdcc.bnl.gov/alma9.2-gcc-14.2.0/release/release_new/new.10/share/man:/cvmfs/sphenix.sdcc.bnl.gov/alma9.2-gcc-14.2.0/opt/sphenix/utils/share/man:/cvmfs/sphenix.sdcc.bnl.gov/alma9.2-gcc-14.2.0/opt/sphenix/core/share/man:/cvmfs/sphenix.sdcc.bnl.gov/alma9.2-gcc-14.2.0/opt/sphenix/core/root-6.32.06/man:/usr/local/share/man:/usr/share/man
PYTHIA8=/cvmfs/sphenix.sdcc.bnl.gov/alma9.2-gcc-14.2.0/release/release_new/new.10/share/Pythia8
G4INCLDATA=/cvmfs/sphenix.sdcc.bnl.gov/alma9.2-gcc-14.2.0/opt/sphenix/core/geant4.10.07.p04/share/Geant4-10.7.4/data/G4INCL1.0
ORIG_PATH=/usr/local/bin:/usr/bin
_CONDOR_ANCESTOR_2725001=2726240:1759352714:3767627223
CXX=/cvmfs/sphenix.sdcc.bnl.gov/alma9.2-gcc-14.2.0/opt/sphenix/core/gcc/14.2.0-2f0a0/x86_64-el9/bin/g++
G4LEDATA=/cvmfs/sphenix.sdcc.bnl.gov/alma9.2-gcc-14.2.0/opt/sphenix/core/geant4.10.07.p04/share/Geant4-10.7.4/data/G4EMLOW7.13
PYTHON_CPU_COUNT=1
OPENBLAS_NUM_THREADS=1
_CONDOR_BIN=/usr/bin
_CONDOR_ANCESTOR_310576=2725001:1759352714:177698635
HOME=/sphenix/u/samfred
G4PARTICLEXSDATA=/cvmfs/sphenix.sdcc.bnl.gov/alma9.2-gcc-14.2.0/opt/sphenix/core/geant4.10.07.p04/share/Geant4-10.7.4/data/G4PARTICLEXS3.1.1
ONLINE_MAIN=/cvmfs/sphenix.sdcc.bnl.gov/alma9.2-gcc-14.2.0/release/release_new/new.10
CALIBRATIONROOT=/cvmfs/sphenix.sdcc.bnl.gov/alma9.2-gcc-14.2.0/release/release_new/new.10/share/calibrations
TMPDIR=/tmp
_CONDOR_SCRATCH_DIR=/home/condor/local/sphnx/execute/dir_2725001
PGUSER=phnxrc
NOPAYLOADCLIENT_CONF=/cvmfs/sphenix.sdcc.bnl.gov/alma9.2-gcc-14.2.0/opt/sphenix/core/etc/sPHENIX_newcdb.json
_CONDOR_ANCESTOR_310541=310576:1756523323:927792334
XERCESCROOT=/cvmfs/sphenix.sdcc.bnl.gov/alma9.2-gcc-14.2.0/opt/sphenix/core/geant4.10.07.p04
LHAPATH=/cvmfs/sphenix.sdcc.bnl.gov/alma9.2-gcc-14.2.0/opt/sphenix/core/lhapdf-5.9.1/share/lhapdf/PDFsets
G4NEUTRONHPDATA=/cvmfs/sphenix.sdcc.bnl.gov/alma9.2-gcc-14.2.0/opt/sphenix/core/geant4.10.07.p04/share/Geant4-10.7.4/data/G4NDL4.6
PYTHONPATH=.:/cvmfs/sphenix.sdcc.bnl.gov/alma9.2-gcc-14.2.0/release/release_new/new.10/lib/python3.13/site-packages:/cvmfs/sphenix.sdcc.bnl.gov/alma9.2-gcc-14.2.0/opt/sphenix/core/lib/python3.13/site-packages:/cvmfs/sphenix.sdcc.bnl.gov/alma9.2-gcc-14.2.0/opt/sphenix/core/root-6.32.06/lib
USER=samfred
_CONDOR_JOB_PIDS=
TEMP=/tmp
GOMAXPROCS=1
OFFLINE_MAIN=/cvmfs/sphenix.sdcc.bnl.gov/alma9.2-gcc-14.2.0/release/release_new/new.10
SHLVL=1
TF_NUM_THREADS=1
G4SAIDXSDATA=/cvmfs/sphenix.sdcc.bnl.gov/alma9.2-gcc-14.2.0/opt/sphenix/core/geant4.10.07.p04/share/Geant4-10.7.4/data/G4SAIDDATA2.0
APPTAINER_CACHEDIR=/home/condor/local/sphnx/execute/dir_2725001
ROOTSYS=/cvmfs/sphenix.sdcc.bnl.gov/alma9.2-gcc-14.2.0/opt/sphenix/core/root-6.32.06
BATCH_SYSTEM=HTCondor
_CONDOR_SLOT=slot1_50
LD_LIBRARY_PATH=/sphenix/user/samfred/run25/install//lib:/cvmfs/sphenix.sdcc.bnl.gov/alma9.2-gcc-14.2.0/opt/sphenix/core/gcc/14.2.0-2f0a0/x86_64-el9/lib:/cvmfs/sphenix.sdcc.bnl.gov/alma9.2-gcc-14.2.0/opt/sphenix/core/gcc/14.2.0-2f0a0/x86_64-el9/lib64:/cvmfs/sphenix.sdcc.bnl.gov/alma9.2-gcc-14.2.0/opt/sphenix/core/binutils/2.40-acaab/x86_64-el9/lib:.:/cvmfs/sphenix.sdcc.bnl.gov/alma9.2-gcc-14.2.0/release/release_new/new.10/lib64:/cvmfs/sphenix.sdcc.bnl.gov/alma9.2-gcc-14.2.0/release/release_new/new.10/lib:/cvmfs/sphenix.sdcc.bnl.gov/alma9.2-gcc-14.2.0/opt/sphenix/utils/lib:/cvmfs/sphenix.sdcc.bnl.gov/alma9.2-gcc-14.2.0/opt/sphenix/core/lib:/cvmfs/sphenix.sdcc.bnl.gov/alma9.2-gcc-14.2.0/opt/sphenix/core/root-6.32.06/lib:/cvmfs/sphenix.sdcc.bnl.gov/alma9.2-gcc-14.2.0/opt/sphenix/core/geant4.10.07.p04/lib64:/cvmfs/sphenix.sdcc.bnl.gov/alma9.2-gcc-14.2.0/opt/sphenix/core/lhapdf-5.9.1/lib:/usr/local/lib64:/usr/lib64
OPT_SPHENIX=/cvmfs/sphenix.sdcc.bnl.gov/alma9.2-gcc-14.2.0/opt/sphenix/core
TF_LOOP_PARALLEL_ITERATIONS=1
EVT_LIB=/cvmfs/sphenix.sdcc.bnl.gov/alma9.2-gcc-14.2.0/opt/sphenix/core/root-6.32.06/lib
PGHOST=sphnxdbmaster.sdcc.bnl.gov
OMP_NUM_THREADS=1
G4REALSURFACEDATA=/cvmfs/sphenix.sdcc.bnl.gov/alma9.2-gcc-14.2.0/opt/sphenix/core/geant4.10.07.p04/share/Geant4-10.7.4/data/RealSurface2.2
FC=/cvmfs/sphenix.sdcc.bnl.gov/alma9.2-gcc-14.2.0/opt/sphenix/core/gcc/14.2.0-2f0a0/x86_64-el9/bin/gfortran
G4ABLADATA=/cvmfs/sphenix.sdcc.bnl.gov/alma9.2-gcc-14.2.0/opt/sphenix/core/geant4.10.07.p04/share/Geant4-10.7.4/data/G4ABLA3.1
PARASOFT=doesnotexist
TMP=/tmp
OPT_UTILS=/cvmfs/sphenix.sdcc.bnl.gov/alma9.2-gcc-14.2.0/opt/sphenix/utils
CONFIG_SITE=/cvmfs/sphenix.sdcc.bnl.gov/alma9.2-gcc-14.2.0/opt/sphenix/core/etc/config.site
PATH=/sphenix/user/samfred/run25/install//bin:/cvmfs/sphenix.sdcc.bnl.gov/alma9.2-gcc-14.2.0/opt/sphenix/core/gcc/14.2.0-2f0a0/x86_64-el9/bin:/cvmfs/sphenix.sdcc.bnl.gov/alma9.2-gcc-14.2.0/opt/sphenix/core/binutils/2.40-acaab/x86_64-el9/bin:.:/cvmfs/sphenix.sdcc.bnl.gov/alma9.2-gcc-14.2.0/release/release_new/new.10/bin:/cvmfs/sphenix.sdcc.bnl.gov/alma9.2-gcc-14.2.0/opt/sphenix/utils/bin:/cvmfs/sphenix.sdcc.bnl.gov/alma9.2-gcc-14.2.0/opt/sphenix/core/bin:/cvmfs/sphenix.sdcc.bnl.gov/alma9.2-gcc-14.2.0/opt/sphenix/core/root-6.32.06/bin:/cvmfs/sphenix.sdcc.bnl.gov/alma9.2-gcc-14.2.0/opt/sphenix/core/geant4.10.07.p04/bin:/usr/local/bin:/usr/bin:/usr/local/sbin:/usr/sbin
G4LEVELGAMMADATA=/cvmfs/sphenix.sdcc.bnl.gov/alma9.2-gcc-14.2.0/opt/sphenix/core/geant4.10.07.p04/share/Geant4-10.7.4/data/PhotonEvaporation5.7
CC=/cvmfs/sphenix.sdcc.bnl.gov/alma9.2-gcc-14.2.0/opt/sphenix/core/gcc/14.2.0-2f0a0/x86_64-el9/bin/gcc
G4RADIOACTIVEDATA=/cvmfs/sphenix.sdcc.bnl.gov/alma9.2-gcc-14.2.0/opt/sphenix/core/geant4.10.07.p04/share/Geant4-10.7.4/data/RadioactiveDecay5.6
JULIA_NUM_THREADS=1
MKL_NUM_THREADS=1
LHAPDF_DATA_PATH=/cvmfs/sphenix.sdcc.bnl.gov/alma9.2-gcc-14.2.0/release/release_new/new.10/share/LHAPDF
XPLOAD_CONFIG_DIR=/cvmfs/sphenix.sdcc.bnl.gov/alma9.2-gcc-14.2.0/opt/sphenix/core/etc
OLDPWD=/cvmfs/sphenix.sdcc.bnl.gov/alma9.2-gcc-14.2.0/release/release_new/new.10/geant4
_=/usr/bin/printenv
runnumber...
50677
trigger...

   ------------------------------------------------------------------
  | Welcome to ROOT 6.32.06                        https://root.cern |
  | (c) 1995-2024, The ROOT Team; conception: R. Brun, F. Rademakers |
  | Built for linuxx8664gcc on Dec 13 2024, 17:23:48                 |
  | From tags/6-32-06@6-32-06                                        |
  | With g++ (GCC) 14.2.0                                            |
  | Try '.help'/'.?', '.demo', '.license', '.credits', '.quit'/'.q'  |
   ------------------------------------------------------------------


Processing data_histmaker.C(50677)...
entry 4000/2483348 (0.161073%)
entry 5000/2483348 (0.201341%)
entry 6000/2483348 (0.241609%)
entry 7000/2483348 (0.281878%)
entry 12000/2483348 (0.483219%)
entry 13000/2483348 (0.523487%)
entry 18000/2483348 (0.724828%)
entry 20000/2483348 (0.805364%)
entry 22000/2483348 (0.885901%)
entry 25000/2483348 (1.00671%)
entry 26000/2483348 (1.04697%)
entry 28000/2483348 (1.12751%)
entry 32000/2483348 (1.28858%)
entry 34000/2483348 (1.36912%)
entry 39000/2483348 (1.57046%)
entry 42000/2483348 (1.69127%)
entry 44000/2483348 (1.7718%)
entry 47000/2483348 (1.89261%)
entry 48000/2483348 (1.93287%)
entry 59000/2483348 (2.37582%)
entry 60000/2483348 (2.41609%)
entry 62000/2483348 (2.49663%)
entry 65000/2483348 (2.61743%)
entry 68000/2483348 (2.73824%)
entry 70000/2483348 (2.81878%)
entry 74000/2483348 (2.97985%)
entry 81000/2483348 (3.26173%)
entry 87000/2483348 (3.50333%)
entry 91000/2483348 (3.66441%)
entry 96000/2483348 (3.86575%)
entry 97000/2483348 (3.90602%)
entry 101000/2483348 (4.06709%)
entry 106000/2483348 (4.26843%)
entry 111000/2483348 (4.46977%)
entry 113000/2483348 (4.55031%)
entry 115000/2483348 (4.63085%)
entry 119000/2483348 (4.79192%)
entry 120000/2483348 (4.83219%)
entry 121000/2483348 (4.87245%)
entry 126000/2483348 (5.0738%)
entry 130000/2483348 (5.23487%)
entry 132000/2483348 (5.3154%)
entry 133000/2483348 (5.35567%)
entry 136000/2483348 (5.47648%)
entry 141000/2483348 (5.67782%)
entry 142000/2483348 (5.71809%)
entry 148000/2483348 (5.9597%)
entry 151000/2483348 (6.0805%)
entry 155000/2483348 (6.24157%)
entry 160000/2483348 (6.44291%)
entry 161000/2483348 (6.48318%)
entry 162000/2483348 (6.52345%)
entry 163000/2483348 (6.56372%)
entry 166000/2483348 (6.68452%)
entry 167000/2483348 (6.72479%)
entry 168000/2483348 (6.76506%)
entry 177000/2483348 (7.12747%)
entry 178000/2483348 (7.16774%)
entry 181000/2483348 (7.28855%)
entry 184000/2483348 (7.40935%)
entry 193000/2483348 (7.77177%)
entry 196000/2483348 (7.89257%)
entry 200000/2483348 (8.05364%)
entry 202000/2483348 (8.13418%)
entry 204000/2483348 (8.21472%)
entry 206000/2483348 (8.29525%)
entry 211000/2483348 (8.49659%)
entry 222000/2483348 (8.93954%)
entry 223000/2483348 (8.97981%)
entry 225000/2483348 (9.06035%)
entry 228000/2483348 (9.18115%)
entry 233000/2483348 (9.3825%)
entry 235000/2483348 (9.46303%)
entry 237000/2483348 (9.54357%)
entry 239000/2483348 (9.6241%)
entry 241000/2483348 (9.70464%)
entry 246000/2483348 (9.90598%)
entry 253000/2483348 (10.1879%)
entry 254000/2483348 (10.2281%)
entry 255000/2483348 (10.2684%)
entry 261000/2483348 (10.51%)
entry 263000/2483348 (10.5905%)
entry 265000/2483348 (10.6711%)
entry 266000/2483348 (10.7113%)
entry 267000/2483348 (10.7516%)
entry 272000/2483348 (10.953%)
entry 274000/2483348 (11.0335%)
entry 282000/2483348 (11.3556%)
entry 283000/2483348 (11.3959%)
entry 298000/2483348 (11.9999%)
entry 301000/2483348 (12.1207%)
entry 304000/2483348 (12.2415%)
entry 306000/2483348 (12.3221%)
entry 308000/2483348 (12.4026%)
entry 310000/2483348 (12.4831%)
entry 319000/2483348 (12.8456%)
entry 320000/2483348 (12.8858%)
entry 326000/2483348 (13.1274%)
entry 327000/2483348 (13.1677%)
entry 330000/2483348 (13.2885%)
entry 333000/2483348 (13.4093%)
entry 335000/2483348 (13.4899%)
entry 337000/2483348 (13.5704%)
entry 338000/2483348 (13.6107%)
entry 339000/2483348 (13.6509%)
entry 340000/2483348 (13.6912%)
entry 345000/2483348 (13.8925%)
entry 350000/2483348 (14.0939%)
entry 353000/2483348 (14.2147%)
entry 361000/2483348 (14.5368%)
entry 363000/2483348 (14.6174%)
entry 364000/2483348 (14.6576%)
entry 366000/2483348 (14.7382%)
entry 370000/2483348 (14.8992%)
entry 371000/2483348 (14.9395%)
entry 374000/2483348 (15.0603%)
entry 382000/2483348 (15.3825%)
entry 383000/2483348 (15.4227%)
entry 384000/2483348 (15.463%)
entry 385000/2483348 (15.5033%)
entry 386000/2483348 (15.5435%)
entry 387000/2483348 (15.5838%)
entry 392000/2483348 (15.7851%)
entry 394000/2483348 (15.8657%)
entry 395000/2483348 (15.9059%)
entry 401000/2483348 (16.1476%)
entry 404000/2483348 (16.2684%)
entry 407000/2483348 (16.3892%)
entry 408000/2483348 (16.4294%)
entry 409000/2483348 (16.4697%)
entry 418000/2483348 (16.8321%)
entry 422000/2483348 (16.9932%)
entry 424000/2483348 (17.0737%)
entry 425000/2483348 (17.114%)
entry 427000/2483348 (17.1945%)
entry 428000/2483348 (17.2348%)
entry 431000/2483348 (17.3556%)
entry 433000/2483348 (17.4361%)
entry 436000/2483348 (17.5569%)
entry 437000/2483348 (17.5972%)
entry 439000/2483348 (17.6777%)
entry 442000/2483348 (17.7986%)
entry 443000/2483348 (17.8388%)
entry 444000/2483348 (17.8791%)
entry 447000/2483348 (17.9999%)
entry 449000/2483348 (18.0804%)
entry 456000/2483348 (18.3623%)
entry 457000/2483348 (18.4026%)
entry 467000/2483348 (18.8053%)
entry 474000/2483348 (19.0871%)
entry 478000/2483348 (19.2482%)
entry 479000/2483348 (19.2885%)
entry 483000/2483348 (19.4495%)
entry 484000/2483348 (19.4898%)
entry 485000/2483348 (19.5301%)
entry 486000/2483348 (19.5704%)
entry 488000/2483348 (19.6509%)
entry 489000/2483348 (19.6912%)
entry 491000/2483348 (19.7717%)
entry 493000/2483348 (19.8522%)
entry 497000/2483348 (20.0133%)
entry 504000/2483348 (20.2952%)
entry 505000/2483348 (20.3355%)
entry 509000/2483348 (20.4965%)
entry 512000/2483348 (20.6173%)
entry 514000/2483348 (20.6979%)
entry 520000/2483348 (20.9395%)
entry 521000/2483348 (20.9797%)
entry 526000/2483348 (21.1811%)
entry 528000/2483348 (21.2616%)
entry 534000/2483348 (21.5032%)
entry 537000/2483348 (21.624%)
entry 540000/2483348 (21.7448%)
entry 541000/2483348 (21.7851%)
entry 544000/2483348 (21.9059%)
entry 546000/2483348 (21.9864%)
entry 553000/2483348 (22.2683%)
entry 556000/2483348 (22.3891%)
entry 557000/2483348 (22.4294%)
entry 558000/2483348 (22.4697%)
entry 560000/2483348 (22.5502%)
entry 562000/2483348 (22.6307%)
entry 565000/2483348 (22.7515%)
entry 568000/2483348 (22.8723%)
entry 569000/2483348 (22.9126%)
entry 581000/2483348 (23.3958%)
entry 583000/2483348 (23.4764%)
entry 585000/2483348 (23.5569%)
entry 587000/2483348 (23.6374%)
entry 588000/2483348 (23.6777%)
entry 589000/2483348 (23.718%)
entry 595000/2483348 (23.9596%)
entry 597000/2483348 (24.0401%)
entry 602000/2483348 (24.2415%)
entry 606000/2483348 (24.4025%)
entry 610000/2483348 (24.5636%)
entry 614000/2483348 (24.7247%)
entry 615000/2483348 (24.765%)
entry 616000/2483348 (24.8052%)
entry 617000/2483348 (24.8455%)
entry 627000/2483348 (25.2482%)
entry 629000/2483348 (25.3287%)
entry 630000/2483348 (25.369%)
entry 635000/2483348 (25.5703%)
entry 637000/2483348 (25.6509%)
entry 639000/2483348 (25.7314%)
entry 640000/2483348 (25.7717%)
entry 643000/2483348 (25.8925%)
entry 644000/2483348 (25.9327%)
entry 649000/2483348 (26.1341%)
entry 659000/2483348 (26.5368%)
entry 662000/2483348 (26.6576%)
entry 666000/2483348 (26.8186%)
entry 667000/2483348 (26.8589%)
entry 669000/2483348 (26.9394%)
entry 670000/2483348 (26.9797%)
entry 673000/2483348 (27.1005%)
entry 674000/2483348 (27.1408%)
entry 677000/2483348 (27.2616%)
entry 678000/2483348 (27.3019%)
entry 680000/2483348 (27.3824%)
entry 681000/2483348 (27.4227%)
entry 684000/2483348 (27.5435%)
entry 688000/2483348 (27.7045%)
entry 692000/2483348 (27.8656%)
entry 694000/2483348 (27.9461%)
entry 699000/2483348 (28.1475%)
entry 701000/2483348 (28.228%)
entry 703000/2483348 (28.3086%)
entry 704000/2483348 (28.3488%)
entry 708000/2483348 (28.5099%)
entry 710000/2483348 (28.5904%)
entry 712000/2483348 (28.671%)
entry 713000/2483348 (28.7112%)
entry 715000/2483348 (28.7918%)
entry 716000/2483348 (28.832%)
entry 717000/2483348 (28.8723%)
entry 718000/2483348 (28.9126%)
entry 721000/2483348 (29.0334%)
entry 723000/2483348 (29.1139%)
entry 729000/2483348 (29.3555%)
entry 732000/2483348 (29.4763%)
entry 734000/2483348 (29.5569%)
entry 737000/2483348 (29.6777%)
entry 742000/2483348 (29.879%)
entry 743000/2483348 (29.9193%)
entry 745000/2483348 (29.9998%)
entry 746000/2483348 (30.0401%)
entry 749000/2483348 (30.1609%)
entry 751000/2483348 (30.2414%)
entry 752000/2483348 (30.2817%)
entry 754000/2483348 (30.3622%)
entry 755000/2483348 (30.4025%)
entry 756000/2483348 (30.4428%)
entry 761000/2483348 (30.6441%)
entry 764000/2483348 (30.7649%)
entry 769000/2483348 (30.9663%)
entry 770000/2483348 (31.0065%)
entry 771000/2483348 (31.0468%)
entry 774000/2483348 (31.1676%)
entry 776000/2483348 (31.2481%)
entry 778000/2483348 (31.3287%)
entry 780000/2483348 (31.4092%)
entry 781000/2483348 (31.4495%)
entry 788000/2483348 (31.7314%)
entry 791000/2483348 (31.8522%)
entry 794000/2483348 (31.973%)
entry 795000/2483348 (32.0132%)
entry 796000/2483348 (32.0535%)
entry 798000/2483348 (32.134%)
entry 801000/2483348 (32.2548%)
entry 802000/2483348 (32.2951%)
entry 811000/2483348 (32.6575%)
entry 812000/2483348 (32.6978%)
entry 817000/2483348 (32.8991%)
entry 821000/2483348 (33.0602%)
entry 822000/2483348 (33.1005%)
entry 824000/2483348 (33.181%)
entry 828000/2483348 (33.3421%)
entry 830000/2483348 (33.4226%)
entry 832000/2483348 (33.5032%)
entry 833000/2483348 (33.5434%)
entry 838000/2483348 (33.7448%)
entry 839000/2483348 (33.785%)
entry 844000/2483348 (33.9864%)
entry 845000/2483348 (34.0266%)
entry 846000/2483348 (34.0669%)
entry 848000/2483348 (34.1475%)
entry 849000/2483348 (34.1877%)
entry 851000/2483348 (34.2683%)
entry 852000/2483348 (34.3085%)
entry 857000/2483348 (34.5099%)
entry 860000/2483348 (34.6307%)
entry 864000/2483348 (34.7917%)
entry 866000/2483348 (34.8723%)
entry 875000/2483348 (35.2347%)
entry 876000/2483348 (35.275%)
entry 877000/2483348 (35.3152%)
entry 880000/2483348 (35.436%)
entry 883000/2483348 (35.5568%)
entry 884000/2483348 (35.5971%)
entry 891000/2483348 (35.879%)
entry 892000/2483348 (35.9193%)
entry 894000/2483348 (35.9998%)
entry 905000/2483348 (36.4427%)
entry 908000/2483348 (36.5635%)
entry 913000/2483348 (36.7649%)
entry 915000/2483348 (36.8454%)
entry 921000/2483348 (37.087%)
entry 922000/2483348 (37.1273%)
entry 932000/2483348 (37.53%)
entry 936000/2483348 (37.6911%)
entry 940000/2483348 (37.8521%)
entry 942000/2483348 (37.9327%)
entry 953000/2483348 (38.3756%)
entry 956000/2483348 (38.4964%)
entry 958000/2483348 (38.577%)
entry 961000/2483348 (38.6978%)
entry 964000/2483348 (38.8186%)
entry 965000/2483348 (38.8588%)
entry 966000/2483348 (38.8991%)
entry 968000/2483348 (38.9796%)
entry 971000/2483348 (39.1004%)
entry 973000/2483348 (39.181%)
entry 980000/2483348 (39.4629%)
entry 984000/2483348 (39.6239%)
entry 985000/2483348 (39.6642%)
entry 988000/2483348 (39.785%)
entry 989000/2483348 (39.8253%)
entry 990000/2483348 (39.8655%)
entry 999000/2483348 (40.2279%)
entry 1001000/2483348 (40.3085%)
entry 1002000/2483348 (40.3488%)
entry 1003000/2483348 (40.389%)
entry 1006000/2483348 (40.5098%)
entry 1009000/2483348 (40.6306%)
entry 1015000/2483348 (40.8722%)
entry 1018000/2483348 (40.993%)
entry 1019000/2483348 (41.0333%)
entry 1022000/2483348 (41.1541%)
entry 1024000/2483348 (41.2347%)
entry 1029000/2483348 (41.436%)
entry 1032000/2483348 (41.5568%)
entry 1036000/2483348 (41.7179%)
entry 1038000/2483348 (41.7984%)
entry 1039000/2483348 (41.8387%)
entry 1040000/2483348 (41.8789%)
entry 1041000/2483348 (41.9192%)
entry 1048000/2483348 (42.2011%)
entry 1049000/2483348 (42.2414%)
entry 1051000/2483348 (42.3219%)
entry 1053000/2483348 (42.4024%)
entry 1065000/2483348 (42.8857%)
entry 1071000/2483348 (43.1273%)
entry 1075000/2483348 (43.2883%)
entry 1077000/2483348 (43.3689%)
entry 1079000/2483348 (43.4494%)
entry 1084000/2483348 (43.6507%)
entry 1085000/2483348 (43.691%)
entry 1086000/2483348 (43.7313%)
entry 1087000/2483348 (43.7716%)
entry 1089000/2483348 (43.8521%)
entry 1090000/2483348 (43.8924%)
entry 1097000/2483348 (44.1742%)
entry 1098000/2483348 (44.2145%)
entry 1099000/2483348 (44.2548%)
entry 1100000/2483348 (44.295%)
entry 1102000/2483348 (44.3756%)
entry 1104000/2483348 (44.4561%)
entry 1111000/2483348 (44.738%)
entry 1114000/2483348 (44.8588%)
entry 1115000/2483348 (44.8991%)
entry 1123000/2483348 (45.2212%)
entry 1124000/2483348 (45.2615%)
entry 1132000/2483348 (45.5836%)
entry 1137000/2483348 (45.785%)
entry 1138000/2483348 (45.8252%)
entry 1140000/2483348 (45.9058%)
entry 1142000/2483348 (45.9863%)
entry 1144000/2483348 (46.0668%)
entry 1146000/2483348 (46.1474%)
entry 1152000/2483348 (46.389%)
entry 1153000/2483348 (46.4293%)
entry 1158000/2483348 (46.6306%)
entry 1159000/2483348 (46.6709%)
entry 1160000/2483348 (46.7111%)
entry 1161000/2483348 (46.7514%)
entry 1163000/2483348 (46.8319%)
entry 1167000/2483348 (46.993%)
entry 1168000/2483348 (47.0333%)
entry 1169000/2483348 (47.0735%)
entry 1172000/2483348 (47.1944%)
entry 1179000/2483348 (47.4762%)
entry 1180000/2483348 (47.5165%)
entry 1183000/2483348 (47.6373%)
entry 1190000/2483348 (47.9192%)
entry 1193000/2483348 (48.04%)
entry 1197000/2483348 (48.2011%)
entry 1212000/2483348 (48.8051%)
entry 1213000/2483348 (48.8453%)
entry 1215000/2483348 (48.9259%)
entry 1217000/2483348 (49.0064%)
entry 1219000/2483348 (49.087%)
entry 1222000/2483348 (49.2078%)
entry 1224000/2483348 (49.2883%)
entry 1225000/2483348 (49.3286%)
entry 1226000/2483348 (49.3688%)
entry 1227000/2483348 (49.4091%)
entry 1230000/2483348 (49.5299%)
entry 1231000/2483348 (49.5702%)
entry 1234000/2483348 (49.691%)
entry 1236000/2483348 (49.7715%)
entry 1237000/2483348 (49.8118%)
entry 1239000/2483348 (49.8923%)
entry 1241000/2483348 (49.9729%)
entry 1242000/2483348 (50.0131%)
entry 1249000/2483348 (50.295%)
entry 1253000/2483348 (50.4561%)
entry 1257000/2483348 (50.6172%)
entry 1261000/2483348 (50.7782%)
entry 1262000/2483348 (50.8185%)
entry 1263000/2483348 (50.8588%)
entry 1268000/2483348 (51.0601%)
entry 1269000/2483348 (51.1004%)
entry 1270000/2483348 (51.1406%)
entry 1272000/2483348 (51.2212%)
entry 1273000/2483348 (51.2614%)
entry 1274000/2483348 (51.3017%)
entry 1278000/2483348 (51.4628%)
entry 1282000/2483348 (51.6239%)
entry 1283000/2483348 (51.6641%)
entry 1286000/2483348 (51.7849%)
entry 1288000/2483348 (51.8655%)
entry 1289000/2483348 (51.9057%)
entry 1290000/2483348 (51.946%)
entry 1291000/2483348 (51.9863%)
entry 1295000/2483348 (52.1473%)
entry 1299000/2483348 (52.3084%)
entry 1300000/2483348 (52.3487%)
entry 1312000/2483348 (52.8319%)
entry 1318000/2483348 (53.0735%)
entry 1326000/2483348 (53.3957%)
entry 1328000/2483348 (53.4762%)
entry 1329000/2483348 (53.5165%)
entry 1330000/2483348 (53.5567%)
entry 1332000/2483348 (53.6373%)
entry 1333000/2483348 (53.6775%)
entry 1334000/2483348 (53.7178%)
entry 1335000/2483348 (53.7581%)
entry 1337000/2483348 (53.8386%)
entry 1338000/2483348 (53.8789%)
entry 1340000/2483348 (53.9594%)
entry 1341000/2483348 (53.9997%)
entry 1344000/2483348 (54.1205%)
entry 1346000/2483348 (54.201%)
entry 1348000/2483348 (54.2816%)
entry 1350000/2483348 (54.3621%)
entry 1353000/2483348 (54.4829%)
entry 1359000/2483348 (54.7245%)
entry 1362000/2483348 (54.8453%)
entry 1363000/2483348 (54.8856%)
entry 1365000/2483348 (54.9661%)
entry 1366000/2483348 (55.0064%)
entry 1367000/2483348 (55.0467%)
entry 1369000/2483348 (55.1272%)
entry 1370000/2483348 (55.1675%)
entry 1373000/2483348 (55.2883%)
entry 1380000/2483348 (55.5701%)
entry 1384000/2483348 (55.7312%)
entry 1389000/2483348 (55.9326%)
entry 1390000/2483348 (55.9728%)
entry 1395000/2483348 (56.1742%)
entry 1396000/2483348 (56.2144%)
entry 1400000/2483348 (56.3755%)
entry 1401000/2483348 (56.4158%)
entry 1402000/2483348 (56.456%)
entry 1405000/2483348 (56.5768%)
entry 1406000/2483348 (56.6171%)
entry 1410000/2483348 (56.7782%)
entry 1412000/2483348 (56.8587%)
entry 1414000/2483348 (56.9393%)
entry 1420000/2483348 (57.1809%)
entry 1422000/2483348 (57.2614%)
entry 1424000/2483348 (57.3419%)
entry 1428000/2483348 (57.503%)
entry 1429000/2483348 (57.5433%)
entry 1430000/2483348 (57.5836%)
entry 1436000/2483348 (57.8252%)
entry 1440000/2483348 (57.9862%)
entry 1444000/2483348 (58.1473%)
entry 1445000/2483348 (58.1876%)
entry 1446000/2483348 (58.2278%)
entry 1453000/2483348 (58.5097%)
entry 1456000/2483348 (58.6305%)
entry 1457000/2483348 (58.6708%)
entry 1459000/2483348 (58.7513%)
entry 1462000/2483348 (58.8721%)
entry 1463000/2483348 (58.9124%)
entry 1465000/2483348 (58.9929%)
entry 1467000/2483348 (59.0735%)
entry 1470000/2483348 (59.1943%)
entry 1471000/2483348 (59.2345%)
entry 1474000/2483348 (59.3554%)
entry 1475000/2483348 (59.3956%)
entry 1477000/2483348 (59.4762%)
entry 1480000/2483348 (59.597%)
entry 1481000/2483348 (59.6372%)
entry 1483000/2483348 (59.7178%)
entry 1484000/2483348 (59.758%)
entry 1487000/2483348 (59.8788%)
entry 1492000/2483348 (60.0802%)
entry 1494000/2483348 (60.1607%)
entry 1495000/2483348 (60.201%)
entry 1500000/2483348 (60.4023%)
entry 1501000/2483348 (60.4426%)
entry 1506000/2483348 (60.6439%)
entry 1507000/2483348 (60.6842%)
entry 1512000/2483348 (60.8855%)
entry 1516000/2483348 (61.0466%)
entry 1523000/2483348 (61.3285%)
entry 1527000/2483348 (61.4896%)
entry 1532000/2483348 (61.6909%)
entry 1535000/2483348 (61.8117%)
entry 1536000/2483348 (61.852%)
entry 1537000/2483348 (61.8923%)
entry 1538000/2483348 (61.9325%)
entry 1542000/2483348 (62.0936%)
entry 1547000/2483348 (62.2949%)
entry 1548000/2483348 (62.3352%)
entry 1552000/2483348 (62.4963%)
entry 1553000/2483348 (62.5365%)
entry 1556000/2483348 (62.6574%)
entry 1561000/2483348 (62.8587%)
entry 1562000/2483348 (62.899%)
entry 1563000/2483348 (62.9392%)
entry 1564000/2483348 (62.9795%)
entry 1567000/2483348 (63.1003%)
entry 1568000/2483348 (63.1406%)
entry 1569000/2483348 (63.1808%)
entry 1570000/2483348 (63.2211%)
entry 1575000/2483348 (63.4224%)
entry 1576000/2483348 (63.4627%)
entry 1577000/2483348 (63.503%)
entry 1578000/2483348 (63.5432%)
entry 1581000/2483348 (63.6641%)
entry 1582000/2483348 (63.7043%)
entry 1586000/2483348 (63.8654%)
entry 1587000/2483348 (63.9057%)
entry 1589000/2483348 (63.9862%)
entry 1592000/2483348 (64.107%)
entry 1596000/2483348 (64.2681%)
entry 1600000/2483348 (64.4292%)
entry 1601000/2483348 (64.4694%)
entry 1603000/2483348 (64.55%)
entry 1604000/2483348 (64.5902%)
entry 1605000/2483348 (64.6305%)
entry 1606000/2483348 (64.6708%)
entry 1607000/2483348 (64.711%)
entry 1613000/2483348 (64.9526%)
entry 1616000/2483348 (65.0734%)
entry 1617000/2483348 (65.1137%)
entry 1625000/2483348 (65.4359%)
entry 1629000/2483348 (65.5969%)
entry 1632000/2483348 (65.7177%)
entry 1634000/2483348 (65.7983%)
entry 1637000/2483348 (65.9191%)
entry 1641000/2483348 (66.0801%)
entry 1644000/2483348 (66.201%)
entry 1645000/2483348 (66.2412%)
entry 1646000/2483348 (66.2815%)
entry 1650000/2483348 (66.4426%)
entry 1654000/2483348 (66.6036%)
entry 1665000/2483348 (67.0466%)
entry 1671000/2483348 (67.2882%)
entry 1675000/2483348 (67.4493%)
entry 1676000/2483348 (67.4895%)
entry 1677000/2483348 (67.5298%)
entry 1686000/2483348 (67.8922%)
entry 1687000/2483348 (67.9325%)
entry 1698000/2483348 (68.3754%)
entry 1699000/2483348 (68.4157%)
entry 1702000/2483348 (68.5365%)
entry 1708000/2483348 (68.7781%)
entry 1711000/2483348 (68.8989%)
entry 1715000/2483348 (69.06%)
entry 1719000/2483348 (69.2211%)
entry 1722000/2483348 (69.3419%)
entry 1727000/2483348 (69.5432%)
entry 1728000/2483348 (69.5835%)
entry 1729000/2483348 (69.6238%)
entry 1731000/2483348 (69.7043%)
entry 1737000/2483348 (69.9459%)
entry 1738000/2483348 (69.9862%)
entry 1739000/2483348 (70.0264%)
entry 1741000/2483348 (70.107%)
entry 1746000/2483348 (70.3083%)
entry 1749000/2483348 (70.4291%)
entry 1753000/2483348 (70.5902%)
entry 1760000/2483348 (70.8721%)
entry 1764000/2483348 (71.0331%)
entry 1765000/2483348 (71.0734%)
entry 1773000/2483348 (71.3956%)
entry 1775000/2483348 (71.4761%)
entry 1782000/2483348 (71.758%)
entry 1783000/2483348 (71.7982%)
entry 1785000/2483348 (71.8788%)
entry 1787000/2483348 (71.9593%)
entry 1788000/2483348 (71.9996%)
entry 1789000/2483348 (72.0398%)
entry 1792000/2483348 (72.1606%)
entry 1799000/2483348 (72.4425%)
entry 1801000/2483348 (72.5231%)
entry 1805000/2483348 (72.6841%)
entry 1808000/2483348 (72.8049%)
entry 1823000/2483348 (73.409%)
entry 1827000/2483348 (73.57%)
entry 1830000/2483348 (73.6908%)
entry 1831000/2483348 (73.7311%)
entry 1835000/2483348 (73.8922%)
entry 1836000/2483348 (73.9325%)
entry 1838000/2483348 (74.013%)
entry 1841000/2483348 (74.1338%)
entry 1842000/2483348 (74.1741%)
entry 1843000/2483348 (74.2143%)
entry 1844000/2483348 (74.2546%)
entry 1846000/2483348 (74.3351%)
entry 1848000/2483348 (74.4157%)
entry 1851000/2483348 (74.5365%)
entry 1853000/2483348 (74.617%)
entry 1855000/2483348 (74.6975%)
entry 1859000/2483348 (74.8586%)
entry 1860000/2483348 (74.8989%)
entry 1865000/2483348 (75.1002%)
entry 1866000/2483348 (75.1405%)
entry 1868000/2483348 (75.221%)
entry 1870000/2483348 (75.3016%)
entry 1873000/2483348 (75.4224%)
entry 1876000/2483348 (75.5432%)
entry 1878000/2483348 (75.6237%)
entry 1880000/2483348 (75.7043%)
entry 1881000/2483348 (75.7445%)
entry 1885000/2483348 (75.9056%)
entry 1886000/2483348 (75.9459%)
entry 1887000/2483348 (75.9861%)
entry 1888000/2483348 (76.0264%)
entry 1891000/2483348 (76.1472%)
entry 1892000/2483348 (76.1875%)
entry 1893000/2483348 (76.2277%)
entry 1895000/2483348 (76.3083%)
entry 1897000/2483348 (76.3888%)
entry 1900000/2483348 (76.5096%)
entry 1901000/2483348 (76.5499%)
entry 1902000/2483348 (76.5902%)
entry 1904000/2483348 (76.6707%)
entry 1905000/2483348 (76.711%)
entry 1910000/2483348 (76.9123%)
entry 1911000/2483348 (76.9526%)
entry 1912000/2483348 (76.9928%)
entry 1913000/2483348 (77.0331%)
entry 1917000/2483348 (77.1942%)
entry 1919000/2483348 (77.2747%)
entry 1921000/2483348 (77.3552%)
entry 1922000/2483348 (77.3955%)
entry 1923000/2483348 (77.4358%)
entry 1925000/2483348 (77.5163%)
entry 1926000/2483348 (77.5566%)
entry 1927000/2483348 (77.5969%)
entry 1930000/2483348 (77.7177%)
entry 1932000/2483348 (77.7982%)
entry 1942000/2483348 (78.2009%)
entry 1944000/2483348 (78.2814%)
entry 1945000/2483348 (78.3217%)
entry 1948000/2483348 (78.4425%)
entry 1949000/2483348 (78.4828%)
entry 1951000/2483348 (78.5633%)
entry 1955000/2483348 (78.7244%)
entry 1956000/2483348 (78.7646%)
entry 1957000/2483348 (78.8049%)
entry 1958000/2483348 (78.8452%)
entry 1963000/2483348 (79.0465%)
entry 1964000/2483348 (79.0868%)
entry 1976000/2483348 (79.57%)
entry 1980000/2483348 (79.7311%)
entry 1982000/2483348 (79.8116%)
entry 1983000/2483348 (79.8519%)
entry 1984000/2483348 (79.8921%)
entry 1987000/2483348 (80.0129%)
entry 1988000/2483348 (80.0532%)
entry 1989000/2483348 (80.0935%)
entry 1994000/2483348 (80.2948%)
entry 2000000/2483348 (80.5364%)
entry 2001000/2483348 (80.5767%)
entry 2011000/2483348 (80.9794%)
entry 2012000/2483348 (81.0197%)
entry 2014000/2483348 (81.1002%)
entry 2015000/2483348 (81.1405%)
entry 2016000/2483348 (81.1807%)
entry 2017000/2483348 (81.221%)
entry 2018000/2483348 (81.2613%)
entry 2021000/2483348 (81.3821%)
entry 2022000/2483348 (81.4223%)
entry 2030000/2483348 (81.7445%)
entry 2033000/2483348 (81.8653%)
entry 2034000/2483348 (81.9056%)
entry 2041000/2483348 (82.1874%)
entry 2043000/2483348 (82.268%)
entry 2046000/2483348 (82.3888%)
entry 2047000/2483348 (82.429%)
entry 2048000/2483348 (82.4693%)
entry 2060000/2483348 (82.9525%)
entry 2063000/2483348 (83.0733%)
entry 2065000/2483348 (83.1539%)
entry 2072000/2483348 (83.4358%)
entry 2074000/2483348 (83.5163%)
entry 2076000/2483348 (83.5968%)
entry 2077000/2483348 (83.6371%)
entry 2083000/2483348 (83.8787%)
entry 2085000/2483348 (83.9592%)
entry 2098000/2483348 (84.4827%)
entry 2101000/2483348 (84.6035%)
entry 2103000/2483348 (84.6841%)
entry 2105000/2483348 (84.7646%)
entry 2107000/2483348 (84.8451%)
entry 2110000/2483348 (84.9659%)
entry 2116000/2483348 (85.2076%)
entry 2133000/2483348 (85.8921%)
entry 2134000/2483348 (85.9324%)
entry 2136000/2483348 (86.0129%)
entry 2143000/2483348 (86.2948%)
entry 2148000/2483348 (86.4961%)
entry 2149000/2483348 (86.5364%)
entry 2150000/2483348 (86.5767%)
entry 2151000/2483348 (86.6169%)
entry 2153000/2483348 (86.6975%)
entry 2154000/2483348 (86.7377%)
entry 2157000/2483348 (86.8585%)
entry 2162000/2483348 (87.0599%)
entry 2169000/2483348 (87.3418%)
entry 2173000/2483348 (87.5028%)
entry 2175000/2483348 (87.5834%)
entry 2178000/2483348 (87.7042%)
entry 2180000/2483348 (87.7847%)
entry 2184000/2483348 (87.9458%)
entry 2188000/2483348 (88.1069%)
entry 2189000/2483348 (88.1471%)
entry 2192000/2483348 (88.2679%)
entry 2196000/2483348 (88.429%)
entry 2201000/2483348 (88.6303%)
entry 2202000/2483348 (88.6706%)
entry 2203000/2483348 (88.7109%)
entry 2207000/2483348 (88.872%)
entry 2208000/2483348 (88.9122%)
entry 2210000/2483348 (88.9928%)
entry 2215000/2483348 (89.1941%)
entry 2216000/2483348 (89.2344%)
entry 2219000/2483348 (89.3552%)
entry 2225000/2483348 (89.5968%)
entry 2230000/2483348 (89.7981%)
entry 2232000/2483348 (89.8787%)
entry 2240000/2483348 (90.2008%)
entry 2241000/2483348 (90.2411%)
entry 2243000/2483348 (90.3216%)
entry 2245000/2483348 (90.4022%)
entry 2246000/2483348 (90.4424%)
entry 2248000/2483348 (90.523%)
entry 2250000/2483348 (90.6035%)
entry 2253000/2483348 (90.7243%)
entry 2256000/2483348 (90.8451%)
entry 2257000/2483348 (90.8854%)
entry 2262000/2483348 (91.0867%)
entry 2263000/2483348 (91.127%)
entry 2264000/2483348 (91.1672%)
entry 2265000/2483348 (91.2075%)
entry 2266000/2483348 (91.2478%)
entry 2269000/2483348 (91.3686%)
entry 2272000/2483348 (91.4894%)
entry 2273000/2483348 (91.5297%)
entry 2274000/2483348 (91.5699%)
entry 2279000/2483348 (91.7713%)
entry 2280000/2483348 (91.8115%)
entry 2285000/2483348 (92.0129%)
entry 2288000/2483348 (92.1337%)
entry 2291000/2483348 (92.2545%)
entry 2292000/2483348 (92.2948%)
entry 2294000/2483348 (92.3753%)
entry 2296000/2483348 (92.4558%)
entry 2298000/2483348 (92.5364%)
entry 2304000/2483348 (92.778%)
entry 2306000/2483348 (92.8585%)
entry 2313000/2483348 (93.1404%)
entry 2320000/2483348 (93.4223%)
entry 2322000/2483348 (93.5028%)
entry 2327000/2483348 (93.7041%)
entry 2328000/2483348 (93.7444%)
entry 2330000/2483348 (93.8249%)
entry 2333000/2483348 (93.9458%)
entry 2335000/2483348 (94.0263%)
entry 2336000/2483348 (94.0666%)
entry 2337000/2483348 (94.1068%)
entry 2342000/2483348 (94.3082%)
entry 2345000/2483348 (94.429%)
entry 2346000/2483348 (94.4692%)
entry 2352000/2483348 (94.7109%)
entry 2353000/2483348 (94.7511%)
entry 2356000/2483348 (94.8719%)
entry 2357000/2483348 (94.9122%)
entry 2358000/2483348 (94.9525%)
entry 2360000/2483348 (95.033%)
entry 2362000/2483348 (95.1135%)
entry 2365000/2483348 (95.2343%)
entry 2370000/2483348 (95.4357%)
entry 2371000/2483348 (95.4759%)
entry 2372000/2483348 (95.5162%)
entry 2374000/2483348 (95.5967%)
entry 2377000/2483348 (95.7176%)
entry 2379000/2483348 (95.7981%)
entry 2380000/2483348 (95.8384%)
entry 2383000/2483348 (95.9592%)
entry 2384000/2483348 (95.9994%)
entry 2389000/2483348 (96.2008%)
entry 2390000/2483348 (96.241%)
entry 2393000/2483348 (96.3618%)
entry 2394000/2483348 (96.4021%)
entry 2395000/2483348 (96.4424%)
entry 2406000/2483348 (96.8853%)
entry 2408000/2483348 (96.9659%)
entry 2411000/2483348 (97.0867%)
entry 2413000/2483348 (97.1672%)
entry 2415000/2483348 (97.2477%)
entry 2419000/2483348 (97.4088%)
entry 2425000/2483348 (97.6504%)
entry 2430000/2483348 (97.8518%)
entry 2432000/2483348 (97.9323%)
entry 2437000/2483348 (98.1336%)
entry 2439000/2483348 (98.2142%)
entry 2441000/2483348 (98.2947%)
entry 2448000/2483348 (98.5766%)
entry 2450000/2483348 (98.6571%)
entry 2453000/2483348 (98.7779%)
entry 2454000/2483348 (98.8182%)
entry 2461000/2483348 (99.1001%)
entry 2462000/2483348 (99.1404%)
entry 2467000/2483348 (99.3417%)
entry 2468000/2483348 (99.382%)
entry 2469000/2483348 (99.4222%)
entry 2472000/2483348 (99.543%)
entry 2475000/2483348 (99.6638%)
all done
script done
