sphnx1070.sdcc.bnl.gov
rsyncing from /gpfs/mnt/gpfs02/sphenix/user/samfred/run25/ppg11/histmaking
running: /gpfs/mnt/gpfs02/sphenix/user/samfred/run25/ppg11/histmaking/script_data.sh 51166
LD_LIBRARY_PATH now /sphenix/user/samfred/run25/install//lib:/cvmfs/sphenix.sdcc.bnl.gov/alma9.2-gcc-14.2.0/opt/sphenix/core/gcc/14.2.0-2f0a0/x86_64-el9/lib:/cvmfs/sphenix.sdcc.bnl.gov/alma9.2-gcc-14.2.0/opt/sphenix/core/gcc/14.2.0-2f0a0/x86_64-el9/lib64:/cvmfs/sphenix.sdcc.bnl.gov/alma9.2-gcc-14.2.0/opt/sphenix/core/binutils/2.40-acaab/x86_64-el9/lib:.:/cvmfs/sphenix.sdcc.bnl.gov/alma9.2-gcc-14.2.0/release/release_new/new.10/lib64:/cvmfs/sphenix.sdcc.bnl.gov/alma9.2-gcc-14.2.0/release/release_new/new.10/lib:/cvmfs/sphenix.sdcc.bnl.gov/alma9.2-gcc-14.2.0/opt/sphenix/utils/lib:/cvmfs/sphenix.sdcc.bnl.gov/alma9.2-gcc-14.2.0/opt/sphenix/core/lib:/cvmfs/sphenix.sdcc.bnl.gov/alma9.2-gcc-14.2.0/opt/sphenix/core/root-6.32.06/lib:/cvmfs/sphenix.sdcc.bnl.gov/alma9.2-gcc-14.2.0/opt/sphenix/core/geant4.10.07.p04/lib64:/cvmfs/sphenix.sdcc.bnl.gov/alma9.2-gcc-14.2.0/opt/sphenix/core/lhapdf-5.9.1/lib:/usr/local/lib64:/usr/lib64
PATH now /sphenix/user/samfred/run25/install//bin:/cvmfs/sphenix.sdcc.bnl.gov/alma9.2-gcc-14.2.0/opt/sphenix/core/gcc/14.2.0-2f0a0/x86_64-el9/bin:/cvmfs/sphenix.sdcc.bnl.gov/alma9.2-gcc-14.2.0/opt/sphenix/core/binutils/2.40-acaab/x86_64-el9/bin:.:/cvmfs/sphenix.sdcc.bnl.gov/alma9.2-gcc-14.2.0/release/release_new/new.10/bin:/cvmfs/sphenix.sdcc.bnl.gov/alma9.2-gcc-14.2.0/opt/sphenix/utils/bin:/cvmfs/sphenix.sdcc.bnl.gov/alma9.2-gcc-14.2.0/opt/sphenix/core/bin:/cvmfs/sphenix.sdcc.bnl.gov/alma9.2-gcc-14.2.0/opt/sphenix/core/root-6.32.06/bin:/cvmfs/sphenix.sdcc.bnl.gov/alma9.2-gcc-14.2.0/opt/sphenix/core/geant4.10.07.p04/bin:/usr/local/bin:/usr/bin:/usr/local/sbin:/usr/sbin
SINGULARITY_CACHEDIR=/home/condor/local/sphnx/execute/dir_3504092
_CONDOR_CHIRP_CONFIG=/home/condor/local/sphnx/execute/dir_3504092/.chirp.config
_CONDOR_JOB_IWD=/sphenix/user/samfred/run25/ppg11/histmaking
G4ENSDFSTATEDATA=/cvmfs/sphenix.sdcc.bnl.gov/alma9.2-gcc-14.2.0/opt/sphenix/core/geant4.10.07.p04/share/Geant4-10.7.4/data/G4ENSDFSTATE2.3
_CONDOR_MACHINE_AD=/home/condor/local/sphnx/execute/dir_3504092/.machine.ad
ROOT_MAX_THREADS=1
NUMEXPR_NUM_THREADS=1
CUBACORES=1
_CHIRP_DELAYED_UPDATE_PREFIX=Chirp*
OMP_THREAD_LIMIT=1
G4PIIDATA=/cvmfs/sphenix.sdcc.bnl.gov/alma9.2-gcc-14.2.0/opt/sphenix/core/geant4.10.07.p04/share/Geant4-10.7.4/data/G4PII1.3
NO_AT_BRIDGE=1
G4_MAIN=/cvmfs/sphenix.sdcc.bnl.gov/alma9.2-gcc-14.2.0/opt/sphenix/core/geant4.10.07.p04
COMPILER_PATH=/cvmfs/sphenix.sdcc.bnl.gov/alma9.2-gcc-14.2.0/opt/sphenix/core/gcc/14.2.0-2f0a0/x86_64-el9
ROOT_INCLUDE_PATH=./:/sphenix/user/samfred/run25/install//include:/sphenix/user/samfred/run25/install//include/caloana:/sphenix/user/samfred/run25/install//include/qa_centrality:/sphenix/user/samfred/run25/install//include/mbdana:/sphenix/user/samfred/run25/install//include/centrality:/sphenix/user/samfred/run25/install//include/Event:/cvmfs/sphenix.sdcc.bnl.gov/alma9.2-gcc-14.2.0/release/release_new/new.10/include:/cvmfs/sphenix.sdcc.bnl.gov/alma9.2-gcc-14.2.0/release/release_new/new.10/include:/cvmfs/sphenix.sdcc.bnl.gov/alma9.2-gcc-14.2.0/release/release_new/new.10/include/g4mbd:/cvmfs/sphenix.sdcc.bnl.gov/alma9.2-gcc-14.2.0/release/release_new/new.10/include/fmt:/cvmfs/sphenix.sdcc.bnl.gov/alma9.2-gcc-14.2.0/release/release_new/new.10/include/ffarawobjects:/cvmfs/sphenix.sdcc.bnl.gov/alma9.2-gcc-14.2.0/release/release_new/new.10/include/JSON:/cvmfs/sphenix.sdcc.bnl.gov/alma9.2-gcc-14.2.0/release/release_new/new.10/include/calotreegen:/cvmfs/sphenix.sdcc.bnl.gov/alma9.2-gcc-14.2.0/release/release_new/new.10/include/torch:/cvmfs/sphenix.sdcc.bnl.gov/alma9.2-gcc-14.2.0/release/release_new/new.10/include/g4detectors:/cvmfs/sphenix.sdcc.bnl.gov/alma9.2-gcc-14.2.0/release/release_new/new.10/include/kineto:/cvmfs/sphenix.sdcc.bnl.gov/alma9.2-gcc-14.2.0/release/release_new/new.10/include/g4decayer:/cvmfs/sphenix.sdcc.bnl.gov/alma9.2-gcc-14.2.0/release/release_new/new.10/include/kfparticleqa:/cvmfs/sphenix.sdcc.bnl.gov/alma9.2-gcc-14.2.0/release/release_new/new.10/include/phfield:/cvmfs/sphenix.sdcc.bnl.gov/alma9.2-gcc-14.2.0/release/release_new/new.10/include/LHAPDF:/cvmfs/sphenix.sdcc.bnl.gov/alma9.2-gcc-14.2.0/release/release_new/new.10/include/readdigitalcurrents:/cvmfs/sphenix.sdcc.bnl.gov/alma9.2-gcc-14.2.0/release/release_new/new.10/include/c10:/cvmfs/sphenix.sdcc.bnl.gov/alma9.2-gcc-14.2.0/release/release_new/new.10/include/calovalid:/cvmfs/sphenix.sdcc.bnl.gov/alma9.2-gcc-14.2.0/release/release_new/new.10/include/oneapi:/cvmfs/sphenix.sdcc.bnl.gov/alma9.2-gcc-14.2.0/release/release_new/new.10/include/DDCond:/cvmfs/sphenix.sdcc.bnl.gov/alma9.2-gcc-14.2.0/release/release_new/new.10/include/g4tracking:/cvmfs/sphenix.sdcc.bnl.gov/alma9.2-gcc-14.2.0/release/release_new/new.10/include/litecaloeval:/cvmfs/sphenix.sdcc.bnl.gov/alma9.2-gcc-14.2.0/release/release_new/new.10/include/g4intt:/cvmfs/sphenix.sdcc.bnl.gov/alma9.2-gcc-14.2.0/release/release_new/new.10/include/phool:/cvmfs/sphenix.sdcc.bnl.gov/alma9.2-gcc-14.2.0/release/release_new/new.10/include/boost:/cvmfs/sphenix.sdcc.bnl.gov/alma9.2-gcc-14.2.0/release/release_new/new.10/include/Pythia8Plugins:/cvmfs/sphenix.sdcc.bnl.gov/alma9.2-gcc-14.2.0/release/release_new/new.10/include/calib_emc_pi0:/cvmfs/sphenix.sdcc.bnl.gov/alma9.2-gcc-14.2.0/release/release_new/new.10/include/hijingflipafterburner:/cvmfs/sphenix.sdcc.bnl.gov/alma9.2-gcc-14.2.0/release/release_new/new.10/include/ffaobjects:/cvmfs/sphenix.sdcc.bnl.gov/alma9.2-gcc-14.2.0/release/release_new/new.10/include/EvtGenBase:/cvmfs/sphenix.sdcc.bnl.gov/alma9.2-gcc-14.2.0/release/release_new/new.10/include/flowafterburner:/cvmfs/sphenix.sdcc.bnl.gov/alma9.2-gcc-14.2.0/release/release_new/new.10/include/google:/cvmfs/sphenix.sdcc.bnl.gov/alma9.2-gcc-14.2.0/release/release_new/new.10/include/g4tpc:/cvmfs/sphenix.sdcc.bnl.gov/alma9.2-gcc-14.2.0/release/release_new/new.10/include/caffe2:/cvmfs/sphenix.sdcc.bnl.gov/alma9.2-gcc-14.2.0/release/release_new/new.10/include/EvtGenExternal:/cvmfs/sphenix.sdcc.bnl.gov/alma9.2-gcc-14.2.0/release/release_new/new.10/include/fp16:/cvmfs/sphenix.sdcc.bnl.gov/alma9.2-gcc-14.2.0/release/release_new/new.10/include/ffamodules:/cvmfs/sphenix.sdcc.bnl.gov/alma9.2-gcc-14.2.0/release/release_new/new.10/include/uspin:/cvmfs/sphenix.sdcc.bnl.gov/alma9.2-gcc-14.2.0/release/release_new/new.10/include/Herwig:/cvmfs/sphenix.sdcc.bnl.gov/alma9.2-gcc-14.2.0/release/release_new/new.10/include/genfitexp:/cvmfs/sphenix.sdcc.bnl.gov/alma9.2-gcc-14.2.0/release/release_new/new.10/include/XML:/cvmfs/sphenix.sdcc.bnl.gov/alma9.2-gcc-14.2.0/release/release_new/new.10/include/fbgemm:/cvmfs/sphenix.sdcc.bnl.gov/alma9.2-gcc-14.2.0/release/release_new/new.10/include/DDAlign:/cvmfs/sphenix.sdcc.bnl.gov/alma9.2-gcc-14.2.0/release/release_new/new.10/include/g4mvtx:/cvmfs/sphenix.sdcc.bnl.gov/alma9.2-gcc-14.2.0/release/release_new/new.10/include/kfparticle_sphenix:/cvmfs/sphenix.sdcc.bnl.gov/alma9.2-gcc-14.2.0/release/release_new/new.10/include/fun4all:/cvmfs/sphenix.sdcc.bnl.gov/alma9.2-gcc-14.2.0/release/release_new/new.10/include/intt:/cvmfs/sphenix.sdcc.bnl.gov/alma9.2-gcc-14.2.0/release/release_new/new.10/include/eventdisplay:/cvmfs/sphenix.sdcc.bnl.gov/alma9.2-gcc-14.2.0/release/release_new/new.10/include/EvtGen:/cvmfs/sphenix.sdcc.bnl.gov/alma9.2-gcc-14.2.0/release/release_new/new.10/include/Evaluator:/cvmfs/sphenix.sdcc.bnl.gov/alma9.2-gcc-14.2.0/release/release_new/new.10/include/tpc:/cvmfs/sphenix.sdcc.bnl.gov/alma9.2-gcc-14.2.0/release/release_new/new.10/include/GenFit:/cvmfs/sphenix.sdcc.bnl.gov/alma9.2-gcc-14.2.0/release/release_new/new.10/include/prototype4:/cvmfs/sphenix.sdcc.bnl.gov/alma9.2-gcc-14.2.0/release/release_new/new.10/include/caloembedding:/cvmfs/sphenix.sdcc.bnl.gov/alma9.2-gcc-14.2.0/release/release_new/new.10/include/EvtGenModels:/cvmfs/sphenix.sdcc.bnl.gov/alma9.2-gcc-14.2.0/release/release_new/new.10/include/fastjet:/cvmfs/sphenix.sdcc.bnl.gov/alma9.2-gcc-14.2.0/release/release_new/new.10/include/DDG4:/cvmfs/sphenix.sdcc.bnl.gov/alma9.2-gcc-14.2.0/release/release_new/new.10/include/mbd:/cvmfs/sphenix.sdcc.bnl.gov/alma9.2-gcc-14.2.0/release/release_new/new.10/include/tbb:/cvmfs/sphenix.sdcc.bnl.gov/alma9.2-gcc-14.2.0/release/release_new/new.10/include/phgeom:/cvmfs/sphenix.sdcc.bnl.gov/alma9.2-gcc-14.2.0/release/release_new/new.10/include/g4epd:/cvmfs/sphenix.sdcc.bnl.gov/alma9.2-gcc-14.2.0/release/release_new/new.10/include/oncal:/cvmfs/sphenix.sdcc.bnl.gov/alma9.2-gcc-14.2.0/release/release_new/new.10/include/pybind11:/cvmfs/sphenix.sdcc.bnl.gov/alma9.2-gcc-14.2.0/release/release_new/new.10/include/tpcdistgenerator:/cvmfs/sphenix.sdcc.bnl.gov/alma9.2-gcc-14.2.0/release/release_new/new.10/include/cdbobjects:/cvmfs/sphenix.sdcc.bnl.gov/alma9.2-gcc-14.2.0/release/release_new/new.10/include/g4micromegas:/cvmfs/sphenix.sdcc.bnl.gov/alma9.2-gcc-14.2.0/release/release_new/new.10/include/g4eval:/cvmfs/sphenix.sdcc.bnl.gov/alma9.2-gcc-14.2.0/release/release_new/new.10/include/jetbackground:/cvmfs/sphenix.sdcc.bnl.gov/alma9.2-gcc-14.2.0/release/release_new/new.10/include/micromegas:/cvmfs/sphenix.sdcc.bnl.gov/alma9.2-gcc-14.2.0/release/release_new/new.10/include/hftrackefficiency:/cvmfs/sphenix.sdcc.bnl.gov/alma9.2-gcc-14.2.0/release/release_new/new.10/include/inttrawhitqa:/cvmfs/sphenix.sdcc.bnl.gov/alma9.2-gcc-14.2.0/release/release_new/new.10/include/centrality:/cvmfs/sphenix.sdcc.bnl.gov/alma9.2-gcc-14.2.0/release/release_new/new.10/include/epd:/cvmfs/sphenix.sdcc.bnl.gov/alma9.2-gcc-14.2.0/release/release_new/new.10/include/caloreco:/cvmfs/sphenix.sdcc.bnl.gov/alma9.2-gcc-14.2.0/release/release_new/new.10/include/HepMC:/cvmfs/sphenix.sdcc.bnl.gov/alma9.2-gcc-14.2.0/release/release_new/new.10/include/CLHEP:/cvmfs/sphenix.sdcc.bnl.gov/alma9.2-gcc-14.2.0/release/release_new/new.10/include/Acts:/cvmfs/sphenix.sdcc.bnl.gov/alma9.2-gcc-14.2.0/release/release_new/new.10/include/g4histos:/cvmfs/sphenix.sdcc.bnl.gov/alma9.2-gcc-14.2.0/release/release_new/new.10/include/eventplaneinfo:/cvmfs/sphenix.sdcc.bnl.gov/alma9.2-gcc-14.2.0/release/release_new/new.10/include/fillspacechargemaps:/cvmfs/sphenix.sdcc.bnl.gov/alma9.2-gcc-14.2.0/release/release_new/new.10/include/phhepmc:/cvmfs/sphenix.sdcc.bnl.gov/alma9.2-gcc-14.2.0/release/release_new/new.10/include/trackingqa:/cvmfs/sphenix.sdcc.bnl.gov/alma9.2-gcc-14.2.0/release/release_new/new.10/include/qautils:/cvmfs/sphenix.sdcc.bnl.gov/alma9.2-gcc-14.2.0/release/release_new/new.10/include/trackreco:/cvmfs/sphenix.sdcc.bnl.gov/alma9.2-gcc-14.2.0/release/release_new/new.10/include/g4ohcal:/cvmfs/sphenix.sdcc.bnl.gov/alma9.2-gcc-14.2.0/release/release_new/new.10/include/tpcdvcalib:/cvmfs/sphenix.sdcc.bnl.gov/alma9.2-gcc-14.2.0/release/release_new/new.10/include/zdcinfo:/cvmfs/sphenix.sdcc.bnl.gov/alma9.2-gcc-14.2.0/release/release_new/new.10/include/phpythia8:/cvmfs/sphenix.sdcc.bnl.gov/alma9.2-gcc-14.2.0/release/release_new/new.10/include/fun4allutils:/cvmfs/sphenix.sdcc.bnl.gov/alma9.2-gcc-14.2.0/release/release_new/new.10/include/tpcqa:/cvmfs/sphenix.sdcc.bnl.gov/alma9.2-gcc-14.2.0/release/release_new/new.10/include/Pythia8:/cvmfs/sphenix.sdcc.bnl.gov/alma9.2-gcc-14.2.0/release/release_new/new.10/include/DDRec:/cvmfs/sphenix.sdcc.bnl.gov/alma9.2-gcc-14.2.0/release/release_new/new.10/include/DDDigi:/cvmfs/sphenix.sdcc.bnl.gov/alma9.2-gcc-14.2.0/release/release_new/new.10/include/g4ihcal:/cvmfs/sphenix.sdcc.bnl.gov/alma9.2-gcc-14.2.0/release/release_new/new.10/include/frog:/cvmfs/sphenix.sdcc.bnl.gov/alma9.2-gcc-14.2.0/release/release_new/new.10/include/eigen3:/cvmfs/sphenix.sdcc.bnl.gov/alma9.2-gcc-14.2.0/release/release_new/new.10/include/tensorpipe:/cvmfs/sphenix.sdcc.bnl.gov/alma9.2-gcc-14.2.0/release/release_new/new.10/include/sphenixnpc:/cvmfs/sphenix.sdcc.bnl.gov/alma9.2-gcc-14.2.0/release/release_new/new.10/include/siscone:/cvmfs/sphenix.sdcc.bnl.gov/alma9.2-gcc-14.2.0/release/release_new/new.10/include/pmonitor:/cvmfs/sphenix.sdcc.bnl.gov/alma9.2-gcc-14.2.0/release/release_new/new.10/include/calobase:/cvmfs/sphenix.sdcc.bnl.gov/alma9.2-gcc-14.2.0/release/release_new/new.10/include/ActsExamples:/cvmfs/sphenix.sdcc.bnl.gov/alma9.2-gcc-14.2.0/release/release_new/new.10/include/g4gdml:/cvmfs/sphenix.sdcc.bnl.gov/alma9.2-gcc-14.2.0/release/release_new/new.10/include/mvtx_decoder:/cvmfs/sphenix.sdcc.bnl.gov/alma9.2-gcc-14.2.0/release/release_new/new.10/include/ROOT:/cvmfs/sphenix.sdcc.bnl.gov/alma9.2-gcc-14.2.0/release/release_new/new.10/include/phparameter:/cvmfs/sphenix.sdcc.bnl.gov/alma9.2-gcc-14.2.0/release/release_new/new.10/include/rsa:/cvmfs/sphenix.sdcc.bnl.gov/alma9.2-gcc-14.2.0/release/release_new/new.10/include/fun4allraw:/cvmfs/sphenix.sdcc.bnl.gov/alma9.2-gcc-14.2.0/release/release_new/new.10/include/trackbase_historic:/cvmfs/sphenix.sdcc.bnl.gov/alma9.2-gcc-14.2.0/release/release_new/new.10/include/g4jets:/cvmfs/sphenix.sdcc.bnl.gov/alma9.2-gcc-14.2.0/release/release_new/new.10/include/jetqa:/cvmfs/sphenix.sdcc.bnl.gov/alma9.2-gcc-14.2.0/release/release_new/new.10/include/phoolraw:/cvmfs/sphenix.sdcc.bnl.gov/alma9.2-gcc-14.2.0/release/release_new/new.10/include/g4calo:/cvmfs/sphenix.sdcc.bnl.gov/alma9.2-gcc-14.2.0/release/release_new/new.10/include/mvtxrawhitqa:/cvmfs/sphenix.sdcc.bnl.gov/alma9.2-gcc-14.2.0/release/release_new/new.10/include/HepMC3:/cvmfs/sphenix.sdcc.bnl.gov/alma9.2-gcc-14.2.0/release/release_new/new.10/include/calowaveformsim:/cvmfs/sphenix.sdcc.bnl.gov/alma9.2-gcc-14.2.0/release/release_new/new.10/include/g4caloprototype:/cvmfs/sphenix.sdcc.bnl.gov/alma9.2-gcc-14.2.0/release/release_new/new.10/include/pdbcalbase:/cvmfs/sphenix.sdcc.bnl.gov/alma9.2-gcc-14.2.0/release/release_new/new.10/include/gsl:/cvmfs/sphenix.sdcc.bnl.gov/alma9.2-gcc-14.2.0/release/release_new/new.10/include/nodedump:/cvmfs/sphenix.sdcc.bnl.gov/alma9.2-gcc-14.2.0/release/release_new/new.10/include/emcnoisytowerfinder:/cvmfs/sphenix.sdcc.bnl.gov/alma9.2-gcc-14.2.0/release/release_new/new.10/include/ActsFatras:/cvmfs/sphenix.sdcc.bnl.gov/alma9.2-gcc-14.2.0/release/release_new/new.10/include/ffarawmodules:/cvmfs/sphenix.sdcc.bnl.gov/alma9.2-gcc-14.2.0/release/release_new/new.10/include/Event:/cvmfs/sphenix.sdcc.bnl.gov/alma9.2-gcc-14.2.0/release/release_new/new.10/include/prototype3:/cvmfs/sphenix.sdcc.bnl.gov/alma9.2-gcc-14.2.0/release/release_new/new.10/include/fermimotionafterburner:/cvmfs/sphenix.sdcc.bnl.gov/alma9.2-gcc-14.2.0/release/release_new/new.10/include/Photos:/cvmfs/sphenix.sdcc.bnl.gov/alma9.2-gcc-14.2.0/release/release_new/new.10/include/xingshiftcal:/cvmfs/sphenix.sdcc.bnl.gov/alma9.2-gcc-14.2.0/release/release_new/new.10/include/trackbase:/cvmfs/sphenix.sdcc.bnl.gov/alma9.2-gcc-14.2.0/release/release_new/new.10/include/jetdstskimmer:/cvmfs/sphenix.sdcc.bnl.gov/alma9.2-gcc-14.2.0/release/release_new/new.10/include/clusteriso:/cvmfs/sphenix.sdcc.bnl.gov/alma9.2-gcc-14.2.0/release/release_new/new.10/include/asmjit:/cvmfs/sphenix.sdcc.bnl.gov/alma9.2-gcc-14.2.0/release/release_new/new.10/include/particleflowreco:/cvmfs/sphenix.sdcc.bnl.gov/alma9.2-gcc-14.2.0/release/release_new/new.10/include/tpchittrackdisplay:/cvmfs/sphenix.sdcc.bnl.gov/alma9.2-gcc-14.2.0/release/release_new/new.10/include/caloana:/cvmfs/sphenix.sdcc.bnl.gov/alma9.2-gcc-14.2.0/release/release_new/new.10/include/calotrigger:/cvmfs/sphenix.sdcc.bnl.gov/alma9.2-gcc-14.2.0/release/release_new/new.10/include/nopayloadclient:/cvmfs/sphenix.sdcc.bnl.gov/alma9.2-gcc-14.2.0/release/release_new/new.10/include/trackermillepedealignment:/cvmfs/sphenix.sdcc.bnl.gov/alma9.2-gcc-14.2.0/release/release_new/new.10/include/DD4hep:/cvmfs/sphenix.sdcc.bnl.gov/alma9.2-gcc-14.2.0/release/release_new/new.10/include/g4trackfastsim:/cvmfs/sphenix.sdcc.bnl.gov/alma9.2-gcc-14.2.0/release/release_new/new.10/include/prototype2:/cvmfs/sphenix.sdcc.bnl.gov/alma9.2-gcc-14.2.0/release/release_new/new.10/include/ATen:/cvmfs/sphenix.sdcc.bnl.gov/alma9.2-gcc-14.2.0/release/release_new/new.10/include/g4main:/cvmfs/sphenix.sdcc.bnl.gov/alma9.2-gcc-14.2.0/release/release_new/new.10/include/Tauola:/cvmfs/sphenix.sdcc.bnl.gov/alma9.2-gcc-14.2.0/release/release_new/new.10/include/inttcalib:/cvmfs/sphenix.sdcc.bnl.gov/alma9.2-gcc-14.2.0/release/release_new/new.10/include/reactionplaneafterburner:/cvmfs/sphenix.sdcc.bnl.gov/alma9.2-gcc-14.2.0/release/release_new/new.10/include/globalqa:/cvmfs/sphenix.sdcc.bnl.gov/alma9.2-gcc-14.2.0/release/release_new/new.10/include/tpccalib:/cvmfs/sphenix.sdcc.bnl.gov/alma9.2-gcc-14.2.0/release/release_new/new.10/include/DDSegmentation:/cvmfs/sphenix.sdcc.bnl.gov/alma9.2-gcc-14.2.0/release/release_new/new.10/include/decayfinder:/cvmfs/sphenix.sdcc.bnl.gov/alma9.2-gcc-14.2.0/release/release_new/new.10/include/compressclus:/cvmfs/sphenix.sdcc.bnl.gov/alma9.2-gcc-14.2.0/release/release_new/new.10/include/simqa_modules:/cvmfs/sphenix.sdcc.bnl.gov/alma9.2-gcc-14.2.0/release/release_new/new.10/include/resonancejettagging:/cvmfs/sphenix.sdcc.bnl.gov/alma9.2-gcc-14.2.0/release/release_new/new.10/include/g4centrality:/cvmfs/sphenix.sdcc.bnl.gov/alma9.2-gcc-14.2.0/release/release_new/new.10/include/mvtx:/cvmfs/sphenix.sdcc.bnl.gov/alma9.2-gcc-14.2.0/release/release_new/new.10/include/nlohmann:/cvmfs/sphenix.sdcc.bnl.gov/alma9.2-gcc-14.2.0/release/release_new/new.10/include/localpoloffmon:/cvmfs/sphenix.sdcc.bnl.gov/alma9.2-gcc-14.2.0/release/release_new/new.10/include/DDEve:/cvmfs/sphenix.sdcc.bnl.gov/alma9.2-gcc-14.2.0/release/release_new/new.10/include/Parsers:/cvmfs/sphenix.sdcc.bnl.gov/alma9.2-gcc-14.2.0/release/release_new/new.10/include/trackingdiagnostics:/cvmfs/sphenix.sdcc.bnl.gov/alma9.2-gcc-14.2.0/release/release_new/new.10/include/g4vertex:/cvmfs/sphenix.sdcc.bnl.gov/alma9.2-gcc-14.2.0/release/release_new/new.10/include/jetbase:/cvmfs/sphenix.sdcc.bnl.gov/alma9.2-gcc-14.2.0/release/release_new/new.10/include/globalvertex:/cvmfs/sphenix.sdcc.bnl.gov/alma9.2-gcc-14.2.0/release/release_new/new.10/include/phgenfit:/cvmfs/sphenix.sdcc.bnl.gov/alma9.2-gcc-14.2.0/release/release_new/new.10/include/rawbcolumi:/cvmfs/sphenix.sdcc.bnl.gov/alma9.2-gcc-14.2.0/release/release_new/new.10/include/eicsmear:/cvmfs/sphenix.sdcc.bnl.gov/alma9.2-gcc-14.2.0/release/release_new/new.10/include/mvtxcalib:/cvmfs/sphenix.sdcc.bnl.gov/alma9.2-gcc-14.2.0/release/release_new/new.10/include/tpclinelaserdiode:/cvmfs/sphenix.sdcc.bnl.gov/alma9.2-gcc-14.2.0/release/release_new/new.10/include/hepmcjettrigger:/cvmfs/sphenix.sdcc.bnl.gov/alma9.2-gcc-14.2.0/release/release_new/new.10/include/core:/cvmfs/sphenix.sdcc.bnl.gov/alma9.2-gcc-14.2.0/release/release_new/new.10/include/calo_cdb:/cvmfs/sphenix.sdcc.bnl.gov/alma9.2-gcc-14.2.0/release/release_new/new.10/include/mvtxclustershapesqa:/cvmfs/sphenix.sdcc.bnl.gov/alma9.2-gcc-14.2.0/release/release_new/new.10/include/calopacketskimmer:/cvmfs/sphenix.sdcc.bnl.gov/alma9.2-gcc-14.2.0/opt/sphenix/core/geant4.10.07.p04/include:/cvmfs/sphenix.sdcc.bnl.gov/alma9.2-gcc-14.2.0/release/release_new/new.10/rootmacros:/cvmfs/sphenix.sdcc.bnl.gov/alma9.2-gcc-14.2.0/opt/sphenix/core/include
GSEARCHPATH=.:PG:LUSTRE:RAWDATA
PWD=/gpfs/mnt/gpfs02/sphenix/user/samfred/run25/ppg11/histmaking
LOGNAME=samfred
_CONDOR_JOB_AD=/home/condor/local/sphnx/execute/dir_3504092/.job.ad
MANPATH=/cvmfs/sphenix.sdcc.bnl.gov/alma9.2-gcc-14.2.0/opt/sphenix/core/gcc/14.2.0-2f0a0/x86_64-el9/share/man:/cvmfs/sphenix.sdcc.bnl.gov/alma9.2-gcc-14.2.0/opt/sphenix/core/binutils/2.40-acaab/x86_64-el9/share/man:/cvmfs/sphenix.sdcc.bnl.gov/alma9.2-gcc-14.2.0/release/release_new/new.10/share/man:/cvmfs/sphenix.sdcc.bnl.gov/alma9.2-gcc-14.2.0/opt/sphenix/utils/share/man:/cvmfs/sphenix.sdcc.bnl.gov/alma9.2-gcc-14.2.0/opt/sphenix/core/share/man:/cvmfs/sphenix.sdcc.bnl.gov/alma9.2-gcc-14.2.0/opt/sphenix/core/root-6.32.06/man:/usr/local/share/man:/usr/share/man
PYTHIA8=/cvmfs/sphenix.sdcc.bnl.gov/alma9.2-gcc-14.2.0/release/release_new/new.10/share/Pythia8
G4INCLDATA=/cvmfs/sphenix.sdcc.bnl.gov/alma9.2-gcc-14.2.0/opt/sphenix/core/geant4.10.07.p04/share/Geant4-10.7.4/data/G4INCL1.0
ORIG_PATH=/usr/local/bin:/usr/bin
CXX=/cvmfs/sphenix.sdcc.bnl.gov/alma9.2-gcc-14.2.0/opt/sphenix/core/gcc/14.2.0-2f0a0/x86_64-el9/bin/g++
G4LEDATA=/cvmfs/sphenix.sdcc.bnl.gov/alma9.2-gcc-14.2.0/opt/sphenix/core/geant4.10.07.p04/share/Geant4-10.7.4/data/G4EMLOW7.13
PYTHON_CPU_COUNT=1
OPENBLAS_NUM_THREADS=1
_CONDOR_BIN=/usr/bin
HOME=/sphenix/u/samfred
G4PARTICLEXSDATA=/cvmfs/sphenix.sdcc.bnl.gov/alma9.2-gcc-14.2.0/opt/sphenix/core/geant4.10.07.p04/share/Geant4-10.7.4/data/G4PARTICLEXS3.1.1
ONLINE_MAIN=/cvmfs/sphenix.sdcc.bnl.gov/alma9.2-gcc-14.2.0/release/release_new/new.10
CALIBRATIONROOT=/cvmfs/sphenix.sdcc.bnl.gov/alma9.2-gcc-14.2.0/release/release_new/new.10/share/calibrations
TMPDIR=/tmp
_CONDOR_SCRATCH_DIR=/home/condor/local/sphnx/execute/dir_3504092
PGUSER=phnxrc
NOPAYLOADCLIENT_CONF=/cvmfs/sphenix.sdcc.bnl.gov/alma9.2-gcc-14.2.0/opt/sphenix/core/etc/sPHENIX_newcdb.json
XERCESCROOT=/cvmfs/sphenix.sdcc.bnl.gov/alma9.2-gcc-14.2.0/opt/sphenix/core/geant4.10.07.p04
LHAPATH=/cvmfs/sphenix.sdcc.bnl.gov/alma9.2-gcc-14.2.0/opt/sphenix/core/lhapdf-5.9.1/share/lhapdf/PDFsets
G4NEUTRONHPDATA=/cvmfs/sphenix.sdcc.bnl.gov/alma9.2-gcc-14.2.0/opt/sphenix/core/geant4.10.07.p04/share/Geant4-10.7.4/data/G4NDL4.6
PYTHONPATH=.:/cvmfs/sphenix.sdcc.bnl.gov/alma9.2-gcc-14.2.0/release/release_new/new.10/lib/python3.13/site-packages:/cvmfs/sphenix.sdcc.bnl.gov/alma9.2-gcc-14.2.0/opt/sphenix/core/lib/python3.13/site-packages:/cvmfs/sphenix.sdcc.bnl.gov/alma9.2-gcc-14.2.0/opt/sphenix/core/root-6.32.06/lib
USER=samfred
_CONDOR_JOB_PIDS=
_CONDOR_ANCESTOR_348693=3504092:1759352716:1325660591
TEMP=/tmp
GOMAXPROCS=1
OFFLINE_MAIN=/cvmfs/sphenix.sdcc.bnl.gov/alma9.2-gcc-14.2.0/release/release_new/new.10
SHLVL=1
TF_NUM_THREADS=1
G4SAIDXSDATA=/cvmfs/sphenix.sdcc.bnl.gov/alma9.2-gcc-14.2.0/opt/sphenix/core/geant4.10.07.p04/share/Geant4-10.7.4/data/G4SAIDDATA2.0
APPTAINER_CACHEDIR=/home/condor/local/sphnx/execute/dir_3504092
ROOTSYS=/cvmfs/sphenix.sdcc.bnl.gov/alma9.2-gcc-14.2.0/opt/sphenix/core/root-6.32.06
BATCH_SYSTEM=HTCondor
_CONDOR_SLOT=slot1_49
LD_LIBRARY_PATH=/sphenix/user/samfred/run25/install//lib:/cvmfs/sphenix.sdcc.bnl.gov/alma9.2-gcc-14.2.0/opt/sphenix/core/gcc/14.2.0-2f0a0/x86_64-el9/lib:/cvmfs/sphenix.sdcc.bnl.gov/alma9.2-gcc-14.2.0/opt/sphenix/core/gcc/14.2.0-2f0a0/x86_64-el9/lib64:/cvmfs/sphenix.sdcc.bnl.gov/alma9.2-gcc-14.2.0/opt/sphenix/core/binutils/2.40-acaab/x86_64-el9/lib:.:/cvmfs/sphenix.sdcc.bnl.gov/alma9.2-gcc-14.2.0/release/release_new/new.10/lib64:/cvmfs/sphenix.sdcc.bnl.gov/alma9.2-gcc-14.2.0/release/release_new/new.10/lib:/cvmfs/sphenix.sdcc.bnl.gov/alma9.2-gcc-14.2.0/opt/sphenix/utils/lib:/cvmfs/sphenix.sdcc.bnl.gov/alma9.2-gcc-14.2.0/opt/sphenix/core/lib:/cvmfs/sphenix.sdcc.bnl.gov/alma9.2-gcc-14.2.0/opt/sphenix/core/root-6.32.06/lib:/cvmfs/sphenix.sdcc.bnl.gov/alma9.2-gcc-14.2.0/opt/sphenix/core/geant4.10.07.p04/lib64:/cvmfs/sphenix.sdcc.bnl.gov/alma9.2-gcc-14.2.0/opt/sphenix/core/lhapdf-5.9.1/lib:/usr/local/lib64:/usr/lib64
OPT_SPHENIX=/cvmfs/sphenix.sdcc.bnl.gov/alma9.2-gcc-14.2.0/opt/sphenix/core
TF_LOOP_PARALLEL_ITERATIONS=1
_CONDOR_ANCESTOR_3504092=3504197:1759352716:2832100726
EVT_LIB=/cvmfs/sphenix.sdcc.bnl.gov/alma9.2-gcc-14.2.0/opt/sphenix/core/root-6.32.06/lib
PGHOST=sphnxdbmaster.sdcc.bnl.gov
OMP_NUM_THREADS=1
G4REALSURFACEDATA=/cvmfs/sphenix.sdcc.bnl.gov/alma9.2-gcc-14.2.0/opt/sphenix/core/geant4.10.07.p04/share/Geant4-10.7.4/data/RealSurface2.2
FC=/cvmfs/sphenix.sdcc.bnl.gov/alma9.2-gcc-14.2.0/opt/sphenix/core/gcc/14.2.0-2f0a0/x86_64-el9/bin/gfortran
G4ABLADATA=/cvmfs/sphenix.sdcc.bnl.gov/alma9.2-gcc-14.2.0/opt/sphenix/core/geant4.10.07.p04/share/Geant4-10.7.4/data/G4ABLA3.1
PARASOFT=doesnotexist
TMP=/tmp
OPT_UTILS=/cvmfs/sphenix.sdcc.bnl.gov/alma9.2-gcc-14.2.0/opt/sphenix/utils
CONFIG_SITE=/cvmfs/sphenix.sdcc.bnl.gov/alma9.2-gcc-14.2.0/opt/sphenix/core/etc/config.site
PATH=/sphenix/user/samfred/run25/install//bin:/cvmfs/sphenix.sdcc.bnl.gov/alma9.2-gcc-14.2.0/opt/sphenix/core/gcc/14.2.0-2f0a0/x86_64-el9/bin:/cvmfs/sphenix.sdcc.bnl.gov/alma9.2-gcc-14.2.0/opt/sphenix/core/binutils/2.40-acaab/x86_64-el9/bin:.:/cvmfs/sphenix.sdcc.bnl.gov/alma9.2-gcc-14.2.0/release/release_new/new.10/bin:/cvmfs/sphenix.sdcc.bnl.gov/alma9.2-gcc-14.2.0/opt/sphenix/utils/bin:/cvmfs/sphenix.sdcc.bnl.gov/alma9.2-gcc-14.2.0/opt/sphenix/core/bin:/cvmfs/sphenix.sdcc.bnl.gov/alma9.2-gcc-14.2.0/opt/sphenix/core/root-6.32.06/bin:/cvmfs/sphenix.sdcc.bnl.gov/alma9.2-gcc-14.2.0/opt/sphenix/core/geant4.10.07.p04/bin:/usr/local/bin:/usr/bin:/usr/local/sbin:/usr/sbin
_CONDOR_ANCESTOR_348658=348693:1756523318:1979333771
G4LEVELGAMMADATA=/cvmfs/sphenix.sdcc.bnl.gov/alma9.2-gcc-14.2.0/opt/sphenix/core/geant4.10.07.p04/share/Geant4-10.7.4/data/PhotonEvaporation5.7
CC=/cvmfs/sphenix.sdcc.bnl.gov/alma9.2-gcc-14.2.0/opt/sphenix/core/gcc/14.2.0-2f0a0/x86_64-el9/bin/gcc
G4RADIOACTIVEDATA=/cvmfs/sphenix.sdcc.bnl.gov/alma9.2-gcc-14.2.0/opt/sphenix/core/geant4.10.07.p04/share/Geant4-10.7.4/data/RadioactiveDecay5.6
JULIA_NUM_THREADS=1
MKL_NUM_THREADS=1
LHAPDF_DATA_PATH=/cvmfs/sphenix.sdcc.bnl.gov/alma9.2-gcc-14.2.0/release/release_new/new.10/share/LHAPDF
XPLOAD_CONFIG_DIR=/cvmfs/sphenix.sdcc.bnl.gov/alma9.2-gcc-14.2.0/opt/sphenix/core/etc
OLDPWD=/cvmfs/sphenix.sdcc.bnl.gov/alma9.2-gcc-14.2.0/release/release_new/new.10/geant4
_=/usr/bin/printenv
runnumber...
51166
trigger...

   ------------------------------------------------------------------
  | Welcome to ROOT 6.32.06                        https://root.cern |
  | (c) 1995-2024, The ROOT Team; conception: R. Brun, F. Rademakers |
  | Built for linuxx8664gcc on Dec 13 2024, 17:23:48                 |
  | From tags/6-32-06@6-32-06                                        |
  | With g++ (GCC) 14.2.0                                            |
  | Try '.help'/'.?', '.demo', '.license', '.credits', '.quit'/'.q'  |
   ------------------------------------------------------------------


Processing data_histmaker.C(51166)...
entry 2000/1431552 (0.139709%)
entry 4000/1431552 (0.279417%)
entry 5000/1431552 (0.349271%)
entry 6000/1431552 (0.419126%)
entry 8000/1431552 (0.558834%)
entry 9000/1431552 (0.628688%)
entry 16000/1431552 (1.11767%)
entry 20000/1431552 (1.39709%)
entry 22000/1431552 (1.53679%)
entry 23000/1431552 (1.60665%)
entry 24000/1431552 (1.6765%)
entry 27000/1431552 (1.88606%)
entry 29000/1431552 (2.02577%)
entry 32000/1431552 (2.23534%)
entry 37000/1431552 (2.58461%)
entry 38000/1431552 (2.65446%)
entry 42000/1431552 (2.93388%)
entry 48000/1431552 (3.353%)
entry 53000/1431552 (3.70228%)
entry 54000/1431552 (3.77213%)
entry 58000/1431552 (4.05155%)
entry 62000/1431552 (4.33096%)
entry 65000/1431552 (4.54053%)
entry 66000/1431552 (4.61038%)
entry 69000/1431552 (4.81994%)
entry 73000/1431552 (5.09936%)
entry 77000/1431552 (5.37878%)
entry 78000/1431552 (5.44863%)
entry 79000/1431552 (5.51849%)
entry 80000/1431552 (5.58834%)
entry 86000/1431552 (6.00747%)
entry 87000/1431552 (6.07732%)
entry 91000/1431552 (6.35674%)
entry 92000/1431552 (6.42659%)
entry 96000/1431552 (6.70601%)
entry 100000/1431552 (6.98543%)
entry 102000/1431552 (7.12513%)
entry 107000/1431552 (7.47441%)
entry 108000/1431552 (7.54426%)
entry 110000/1431552 (7.68397%)
entry 112000/1431552 (7.82368%)
entry 114000/1431552 (7.96339%)
entry 117000/1431552 (8.17295%)
entry 119000/1431552 (8.31266%)
entry 120000/1431552 (8.38251%)
entry 121000/1431552 (8.45236%)
entry 124000/1431552 (8.66193%)
entry 125000/1431552 (8.73178%)
entry 130000/1431552 (9.08105%)
entry 133000/1431552 (9.29062%)
entry 135000/1431552 (9.43032%)
entry 137000/1431552 (9.57003%)
entry 139000/1431552 (9.70974%)
entry 140000/1431552 (9.7796%)
entry 141000/1431552 (9.84945%)
entry 145000/1431552 (10.1289%)
entry 148000/1431552 (10.3384%)
entry 152000/1431552 (10.6178%)
entry 154000/1431552 (10.7576%)
entry 156000/1431552 (10.8973%)
entry 162000/1431552 (11.3164%)
entry 167000/1431552 (11.6657%)
entry 170000/1431552 (11.8752%)
entry 174000/1431552 (12.1546%)
entry 175000/1431552 (12.2245%)
entry 176000/1431552 (12.2943%)
entry 177000/1431552 (12.3642%)
entry 179000/1431552 (12.5039%)
entry 180000/1431552 (12.5738%)
entry 182000/1431552 (12.7135%)
entry 188000/1431552 (13.1326%)
entry 191000/1431552 (13.3422%)
entry 193000/1431552 (13.4819%)
entry 194000/1431552 (13.5517%)
entry 195000/1431552 (13.6216%)
entry 197000/1431552 (13.7613%)
entry 198000/1431552 (13.8311%)
entry 202000/1431552 (14.1106%)
entry 204000/1431552 (14.2503%)
entry 205000/1431552 (14.3201%)
entry 206000/1431552 (14.39%)
entry 209000/1431552 (14.5995%)
entry 211000/1431552 (14.7392%)
entry 212000/1431552 (14.8091%)
entry 214000/1431552 (14.9488%)
entry 215000/1431552 (15.0187%)
entry 216000/1431552 (15.0885%)
entry 217000/1431552 (15.1584%)
entry 218000/1431552 (15.2282%)
entry 222000/1431552 (15.5076%)
entry 223000/1431552 (15.5775%)
entry 225000/1431552 (15.7172%)
entry 226000/1431552 (15.7871%)
entry 229000/1431552 (15.9966%)
entry 231000/1431552 (16.1363%)
entry 232000/1431552 (16.2062%)
entry 235000/1431552 (16.4157%)
entry 239000/1431552 (16.6952%)
entry 242000/1431552 (16.9047%)
entry 244000/1431552 (17.0444%)
entry 257000/1431552 (17.9525%)
entry 258000/1431552 (18.0224%)
entry 262000/1431552 (18.3018%)
entry 263000/1431552 (18.3717%)
entry 264000/1431552 (18.4415%)
entry 268000/1431552 (18.7209%)
entry 271000/1431552 (18.9305%)
entry 275000/1431552 (19.2099%)
entry 276000/1431552 (19.2798%)
entry 279000/1431552 (19.4893%)
entry 281000/1431552 (19.629%)
entry 285000/1431552 (19.9085%)
entry 295000/1431552 (20.607%)
entry 297000/1431552 (20.7467%)
entry 299000/1431552 (20.8864%)
entry 302000/1431552 (21.096%)
entry 303000/1431552 (21.1658%)
entry 308000/1431552 (21.5151%)
entry 310000/1431552 (21.6548%)
entry 313000/1431552 (21.8644%)
entry 314000/1431552 (21.9342%)
entry 315000/1431552 (22.0041%)
entry 323000/1431552 (22.5629%)
entry 325000/1431552 (22.7026%)
entry 326000/1431552 (22.7725%)
entry 329000/1431552 (22.9821%)
entry 330000/1431552 (23.0519%)
entry 331000/1431552 (23.1218%)
entry 334000/1431552 (23.3313%)
entry 343000/1431552 (23.96%)
entry 345000/1431552 (24.0997%)
entry 349000/1431552 (24.3791%)
entry 354000/1431552 (24.7284%)
entry 358000/1431552 (25.0078%)
entry 359000/1431552 (25.0777%)
entry 363000/1431552 (25.3571%)
entry 364000/1431552 (25.4269%)
entry 367000/1431552 (25.6365%)
entry 371000/1431552 (25.9159%)
entry 372000/1431552 (25.9858%)
entry 378000/1431552 (26.4049%)
entry 381000/1431552 (26.6145%)
entry 382000/1431552 (26.6843%)
entry 383000/1431552 (26.7542%)
entry 388000/1431552 (27.1035%)
entry 392000/1431552 (27.3829%)
entry 396000/1431552 (27.6623%)
entry 398000/1431552 (27.802%)
entry 401000/1431552 (28.0116%)
entry 403000/1431552 (28.1513%)
entry 406000/1431552 (28.3608%)
entry 408000/1431552 (28.5005%)
entry 409000/1431552 (28.5704%)
entry 411000/1431552 (28.7101%)
entry 413000/1431552 (28.8498%)
entry 418000/1431552 (29.1991%)
entry 419000/1431552 (29.2689%)
entry 421000/1431552 (29.4086%)
entry 424000/1431552 (29.6182%)
entry 427000/1431552 (29.8278%)
entry 428000/1431552 (29.8976%)
entry 433000/1431552 (30.2469%)
entry 436000/1431552 (30.4565%)
entry 438000/1431552 (30.5962%)
entry 440000/1431552 (30.7359%)
entry 448000/1431552 (31.2947%)
entry 450000/1431552 (31.4344%)
entry 458000/1431552 (31.9932%)
entry 460000/1431552 (32.133%)
entry 462000/1431552 (32.2727%)
entry 463000/1431552 (32.3425%)
entry 464000/1431552 (32.4124%)
entry 466000/1431552 (32.5521%)
entry 467000/1431552 (32.6219%)
entry 470000/1431552 (32.8315%)
entry 472000/1431552 (32.9712%)
entry 480000/1431552 (33.53%)
entry 481000/1431552 (33.5999%)
entry 482000/1431552 (33.6698%)
entry 484000/1431552 (33.8095%)
entry 485000/1431552 (33.8793%)
entry 488000/1431552 (34.0889%)
entry 489000/1431552 (34.1587%)
entry 490000/1431552 (34.2286%)
entry 491000/1431552 (34.2984%)
entry 492000/1431552 (34.3683%)
entry 493000/1431552 (34.4381%)
entry 495000/1431552 (34.5779%)
entry 497000/1431552 (34.7176%)
entry 498000/1431552 (34.7874%)
entry 501000/1431552 (34.997%)
entry 503000/1431552 (35.1367%)
entry 504000/1431552 (35.2065%)
entry 505000/1431552 (35.2764%)
entry 507000/1431552 (35.4161%)
entry 512000/1431552 (35.7654%)
entry 515000/1431552 (35.9749%)
entry 517000/1431552 (36.1147%)
entry 521000/1431552 (36.3941%)
entry 522000/1431552 (36.4639%)
entry 523000/1431552 (36.5338%)
entry 530000/1431552 (37.0228%)
entry 531000/1431552 (37.0926%)
entry 533000/1431552 (37.2323%)
entry 538000/1431552 (37.5816%)
entry 544000/1431552 (38.0007%)
entry 547000/1431552 (38.2103%)
entry 549000/1431552 (38.35%)
entry 552000/1431552 (38.5596%)
entry 555000/1431552 (38.7691%)
entry 557000/1431552 (38.9088%)
entry 558000/1431552 (38.9787%)
entry 559000/1431552 (39.0485%)
entry 567000/1431552 (39.6074%)
entry 568000/1431552 (39.6772%)
entry 570000/1431552 (39.8169%)
entry 571000/1431552 (39.8868%)
entry 573000/1431552 (40.0265%)
entry 576000/1431552 (40.2361%)
entry 578000/1431552 (40.3758%)
entry 581000/1431552 (40.5853%)
entry 586000/1431552 (40.9346%)
entry 587000/1431552 (41.0044%)
entry 592000/1431552 (41.3537%)
entry 597000/1431552 (41.703%)
entry 603000/1431552 (42.1221%)
entry 604000/1431552 (42.192%)
entry 605000/1431552 (42.2618%)
entry 608000/1431552 (42.4714%)
entry 611000/1431552 (42.681%)
entry 612000/1431552 (42.7508%)
entry 615000/1431552 (42.9604%)
entry 619000/1431552 (43.2398%)
entry 622000/1431552 (43.4493%)
entry 628000/1431552 (43.8685%)
entry 632000/1431552 (44.1479%)
entry 633000/1431552 (44.2177%)
entry 636000/1431552 (44.4273%)
entry 637000/1431552 (44.4972%)
entry 639000/1431552 (44.6369%)
entry 640000/1431552 (44.7067%)
entry 641000/1431552 (44.7766%)
entry 649000/1431552 (45.3354%)
entry 653000/1431552 (45.6148%)
entry 654000/1431552 (45.6847%)
entry 656000/1431552 (45.8244%)
entry 657000/1431552 (45.8942%)
entry 658000/1431552 (45.9641%)
entry 659000/1431552 (46.034%)
entry 666000/1431552 (46.5229%)
entry 669000/1431552 (46.7325%)
entry 672000/1431552 (46.9421%)
entry 683000/1431552 (47.7105%)
entry 685000/1431552 (47.8502%)
entry 689000/1431552 (48.1296%)
entry 697000/1431552 (48.6884%)
entry 698000/1431552 (48.7583%)
entry 701000/1431552 (48.9678%)
entry 703000/1431552 (49.1075%)
entry 704000/1431552 (49.1774%)
entry 705000/1431552 (49.2472%)
entry 707000/1431552 (49.387%)
entry 713000/1431552 (49.8061%)
entry 718000/1431552 (50.1554%)
entry 723000/1431552 (50.5046%)
entry 725000/1431552 (50.6443%)
entry 730000/1431552 (50.9936%)
entry 734000/1431552 (51.273%)
entry 737000/1431552 (51.4826%)
entry 738000/1431552 (51.5524%)
entry 739000/1431552 (51.6223%)
entry 741000/1431552 (51.762%)
entry 742000/1431552 (51.8319%)
entry 745000/1431552 (52.0414%)
entry 746000/1431552 (52.1113%)
entry 748000/1431552 (52.251%)
entry 749000/1431552 (52.3208%)
entry 755000/1431552 (52.74%)
entry 762000/1431552 (53.2289%)
entry 763000/1431552 (53.2988%)
entry 764000/1431552 (53.3687%)
entry 765000/1431552 (53.4385%)
entry 766000/1431552 (53.5084%)
entry 767000/1431552 (53.5782%)
entry 768000/1431552 (53.6481%)
entry 776000/1431552 (54.2069%)
entry 779000/1431552 (54.4165%)
entry 780000/1431552 (54.4863%)
entry 782000/1431552 (54.626%)
entry 784000/1431552 (54.7657%)
entry 786000/1431552 (54.9054%)
entry 787000/1431552 (54.9753%)
entry 788000/1431552 (55.0452%)
entry 793000/1431552 (55.3944%)
entry 797000/1431552 (55.6738%)
entry 799000/1431552 (55.8136%)
entry 800000/1431552 (55.8834%)
entry 806000/1431552 (56.3025%)
entry 809000/1431552 (56.5121%)
entry 812000/1431552 (56.7217%)
entry 813000/1431552 (56.7915%)
entry 818000/1431552 (57.1408%)
entry 821000/1431552 (57.3503%)
entry 822000/1431552 (57.4202%)
entry 826000/1431552 (57.6996%)
entry 832000/1431552 (58.1187%)
entry 835000/1431552 (58.3283%)
entry 841000/1431552 (58.7474%)
entry 847000/1431552 (59.1666%)
entry 852000/1431552 (59.5158%)
entry 854000/1431552 (59.6555%)
entry 855000/1431552 (59.7254%)
entry 858000/1431552 (59.9349%)
entry 861000/1431552 (60.1445%)
entry 862000/1431552 (60.2144%)
entry 863000/1431552 (60.2842%)
entry 865000/1431552 (60.4239%)
entry 869000/1431552 (60.7033%)
entry 873000/1431552 (60.9828%)
entry 877000/1431552 (61.2622%)
entry 879000/1431552 (61.4019%)
entry 882000/1431552 (61.6115%)
entry 883000/1431552 (61.6813%)
entry 891000/1431552 (62.2401%)
entry 892000/1431552 (62.31%)
entry 896000/1431552 (62.5894%)
entry 904000/1431552 (63.1482%)
entry 905000/1431552 (63.2181%)
entry 908000/1431552 (63.4277%)
entry 910000/1431552 (63.5674%)
entry 911000/1431552 (63.6372%)
entry 913000/1431552 (63.7769%)
entry 917000/1431552 (64.0564%)
entry 920000/1431552 (64.2659%)
entry 923000/1431552 (64.4755%)
entry 924000/1431552 (64.5453%)
entry 926000/1431552 (64.685%)
entry 927000/1431552 (64.7549%)
entry 928000/1431552 (64.8247%)
entry 929000/1431552 (64.8946%)
entry 936000/1431552 (65.3836%)
entry 946000/1431552 (66.0821%)
entry 948000/1431552 (66.2218%)
entry 951000/1431552 (66.4314%)
entry 953000/1431552 (66.5711%)
entry 955000/1431552 (66.7108%)
entry 956000/1431552 (66.7807%)
entry 958000/1431552 (66.9204%)
entry 966000/1431552 (67.4792%)
entry 968000/1431552 (67.6189%)
entry 970000/1431552 (67.7586%)
entry 972000/1431552 (67.8983%)
entry 977000/1431552 (68.2476%)
entry 978000/1431552 (68.3175%)
entry 983000/1431552 (68.6667%)
entry 986000/1431552 (68.8763%)
entry 987000/1431552 (68.9462%)
entry 990000/1431552 (69.1557%)
entry 991000/1431552 (69.2256%)
entry 992000/1431552 (69.2954%)
entry 994000/1431552 (69.4351%)
entry 1001000/1431552 (69.9241%)
entry 1002000/1431552 (69.994%)
entry 1005000/1431552 (70.2035%)
entry 1007000/1431552 (70.3432%)
entry 1014000/1431552 (70.8322%)
entry 1022000/1431552 (71.3911%)
entry 1024000/1431552 (71.5308%)
entry 1025000/1431552 (71.6006%)
entry 1029000/1431552 (71.88%)
entry 1031000/1431552 (72.0197%)
entry 1033000/1431552 (72.1594%)
entry 1034000/1431552 (72.2293%)
entry 1035000/1431552 (72.2992%)
entry 1036000/1431552 (72.369%)
entry 1038000/1431552 (72.5087%)
entry 1043000/1431552 (72.858%)
entry 1049000/1431552 (73.2771%)
entry 1054000/1431552 (73.6264%)
entry 1055000/1431552 (73.6962%)
entry 1057000/1431552 (73.836%)
entry 1059000/1431552 (73.9757%)
entry 1065000/1431552 (74.3948%)
entry 1067000/1431552 (74.5345%)
entry 1074000/1431552 (75.0235%)
entry 1075000/1431552 (75.0933%)
entry 1077000/1431552 (75.233%)
entry 1078000/1431552 (75.3029%)
entry 1081000/1431552 (75.5125%)
entry 1086000/1431552 (75.8617%)
entry 1087000/1431552 (75.9316%)
entry 1094000/1431552 (76.4206%)
entry 1095000/1431552 (76.4904%)
entry 1101000/1431552 (76.9095%)
entry 1104000/1431552 (77.1191%)
entry 1106000/1431552 (77.2588%)
entry 1111000/1431552 (77.6081%)
entry 1112000/1431552 (77.6779%)
entry 1114000/1431552 (77.8176%)
entry 1115000/1431552 (77.8875%)
entry 1117000/1431552 (78.0272%)
entry 1120000/1431552 (78.2368%)
entry 1128000/1431552 (78.7956%)
entry 1130000/1431552 (78.9353%)
entry 1136000/1431552 (79.3544%)
entry 1137000/1431552 (79.4243%)
entry 1142000/1431552 (79.7736%)
entry 1145000/1431552 (79.9831%)
entry 1148000/1431552 (80.1927%)
entry 1150000/1431552 (80.3324%)
entry 1152000/1431552 (80.4721%)
entry 1154000/1431552 (80.6118%)
entry 1156000/1431552 (80.7515%)
entry 1157000/1431552 (80.8214%)
entry 1161000/1431552 (81.1008%)
entry 1163000/1431552 (81.2405%)
entry 1165000/1431552 (81.3802%)
entry 1166000/1431552 (81.4501%)
entry 1167000/1431552 (81.5199%)
entry 1170000/1431552 (81.7295%)
entry 1172000/1431552 (81.8692%)
entry 1173000/1431552 (81.939%)
entry 1174000/1431552 (82.0089%)
entry 1175000/1431552 (82.0787%)
entry 1178000/1431552 (82.2883%)
entry 1180000/1431552 (82.428%)
entry 1182000/1431552 (82.5677%)
entry 1183000/1431552 (82.6376%)
entry 1184000/1431552 (82.7074%)
entry 1187000/1431552 (82.917%)
entry 1189000/1431552 (83.0567%)
entry 1192000/1431552 (83.2663%)
entry 1193000/1431552 (83.3361%)
entry 1194000/1431552 (83.406%)
entry 1197000/1431552 (83.6155%)
entry 1201000/1431552 (83.895%)
entry 1203000/1431552 (84.0347%)
entry 1204000/1431552 (84.1045%)
entry 1208000/1431552 (84.3839%)
entry 1209000/1431552 (84.4538%)
entry 1211000/1431552 (84.5935%)
entry 1212000/1431552 (84.6634%)
entry 1216000/1431552 (84.9428%)
entry 1218000/1431552 (85.0825%)
entry 1221000/1431552 (85.292%)
entry 1223000/1431552 (85.4318%)
entry 1224000/1431552 (85.5016%)
entry 1226000/1431552 (85.6413%)
entry 1228000/1431552 (85.781%)
entry 1233000/1431552 (86.1303%)
entry 1234000/1431552 (86.2002%)
entry 1237000/1431552 (86.4097%)
entry 1239000/1431552 (86.5494%)
entry 1240000/1431552 (86.6193%)
entry 1241000/1431552 (86.6891%)
entry 1246000/1431552 (87.0384%)
entry 1247000/1431552 (87.1083%)
entry 1249000/1431552 (87.248%)
entry 1250000/1431552 (87.3178%)
entry 1252000/1431552 (87.4575%)
entry 1263000/1431552 (88.2259%)
entry 1264000/1431552 (88.2958%)
entry 1270000/1431552 (88.7149%)
entry 1271000/1431552 (88.7848%)
entry 1273000/1431552 (88.9245%)
entry 1274000/1431552 (88.9943%)
entry 1277000/1431552 (89.2039%)
entry 1278000/1431552 (89.2737%)
entry 1279000/1431552 (89.3436%)
entry 1280000/1431552 (89.4134%)
entry 1281000/1431552 (89.4833%)
entry 1282000/1431552 (89.5532%)
entry 1289000/1431552 (90.0421%)
entry 1291000/1431552 (90.1818%)
entry 1292000/1431552 (90.2517%)
entry 1293000/1431552 (90.3216%)
entry 1297000/1431552 (90.601%)
entry 1299000/1431552 (90.7407%)
entry 1300000/1431552 (90.8105%)
entry 1301000/1431552 (90.8804%)
entry 1304000/1431552 (91.09%)
entry 1307000/1431552 (91.2995%)
entry 1310000/1431552 (91.5091%)
entry 1311000/1431552 (91.5789%)
entry 1312000/1431552 (91.6488%)
entry 1314000/1431552 (91.7885%)
entry 1320000/1431552 (92.2076%)
entry 1321000/1431552 (92.2775%)
entry 1322000/1431552 (92.3473%)
entry 1330000/1431552 (92.9062%)
entry 1332000/1431552 (93.0459%)
entry 1336000/1431552 (93.3253%)
entry 1337000/1431552 (93.3951%)
entry 1339000/1431552 (93.5349%)
entry 1342000/1431552 (93.7444%)
entry 1345000/1431552 (93.954%)
entry 1346000/1431552 (94.0238%)
entry 1347000/1431552 (94.0937%)
entry 1356000/1431552 (94.7224%)
entry 1359000/1431552 (94.9319%)
entry 1365000/1431552 (95.3511%)
entry 1367000/1431552 (95.4908%)
entry 1368000/1431552 (95.5606%)
entry 1371000/1431552 (95.7702%)
entry 1372000/1431552 (95.84%)
entry 1373000/1431552 (95.9099%)
entry 1375000/1431552 (96.0496%)
entry 1376000/1431552 (96.1195%)
entry 1378000/1431552 (96.2592%)
entry 1380000/1431552 (96.3989%)
entry 1381000/1431552 (96.4687%)
entry 1383000/1431552 (96.6084%)
entry 1385000/1431552 (96.7481%)
entry 1389000/1431552 (97.0276%)
entry 1393000/1431552 (97.307%)
entry 1400000/1431552 (97.796%)
entry 1402000/1431552 (97.9357%)
entry 1404000/1431552 (98.0754%)
entry 1406000/1431552 (98.2151%)
entry 1407000/1431552 (98.2849%)
entry 1413000/1431552 (98.7041%)
entry 1417000/1431552 (98.9835%)
entry 1419000/1431552 (99.1232%)
entry 1420000/1431552 (99.193%)
entry 1423000/1431552 (99.4026%)
entry 1424000/1431552 (99.4725%)
entry 1425000/1431552 (99.5423%)
entry 1426000/1431552 (99.6122%)
entry 1427000/1431552 (99.682%)
entry 1428000/1431552 (99.7519%)
entry 1430000/1431552 (99.8916%)
all done
script done
