sphnx1028.sdcc.bnl.gov
rsyncing from /gpfs/mnt/gpfs02/sphenix/user/samfred/run25/ppg11/histmaking
running: /gpfs/mnt/gpfs02/sphenix/user/samfred/run25/ppg11/histmaking/script_data.sh 51176
LD_LIBRARY_PATH now /sphenix/user/samfred/run25/install//lib:/cvmfs/sphenix.sdcc.bnl.gov/alma9.2-gcc-14.2.0/opt/sphenix/core/gcc/14.2.0-2f0a0/x86_64-el9/lib:/cvmfs/sphenix.sdcc.bnl.gov/alma9.2-gcc-14.2.0/opt/sphenix/core/gcc/14.2.0-2f0a0/x86_64-el9/lib64:/cvmfs/sphenix.sdcc.bnl.gov/alma9.2-gcc-14.2.0/opt/sphenix/core/binutils/2.40-acaab/x86_64-el9/lib:.:/cvmfs/sphenix.sdcc.bnl.gov/alma9.2-gcc-14.2.0/release/release_new/new.10/lib64:/cvmfs/sphenix.sdcc.bnl.gov/alma9.2-gcc-14.2.0/release/release_new/new.10/lib:/cvmfs/sphenix.sdcc.bnl.gov/alma9.2-gcc-14.2.0/opt/sphenix/utils/lib:/cvmfs/sphenix.sdcc.bnl.gov/alma9.2-gcc-14.2.0/opt/sphenix/core/lib:/cvmfs/sphenix.sdcc.bnl.gov/alma9.2-gcc-14.2.0/opt/sphenix/core/root-6.32.06/lib:/cvmfs/sphenix.sdcc.bnl.gov/alma9.2-gcc-14.2.0/opt/sphenix/core/geant4.10.07.p04/lib64:/cvmfs/sphenix.sdcc.bnl.gov/alma9.2-gcc-14.2.0/opt/sphenix/core/lhapdf-5.9.1/lib:/usr/local/lib64:/usr/lib64
PATH now /sphenix/user/samfred/run25/install//bin:/cvmfs/sphenix.sdcc.bnl.gov/alma9.2-gcc-14.2.0/opt/sphenix/core/gcc/14.2.0-2f0a0/x86_64-el9/bin:/cvmfs/sphenix.sdcc.bnl.gov/alma9.2-gcc-14.2.0/opt/sphenix/core/binutils/2.40-acaab/x86_64-el9/bin:.:/cvmfs/sphenix.sdcc.bnl.gov/alma9.2-gcc-14.2.0/release/release_new/new.10/bin:/cvmfs/sphenix.sdcc.bnl.gov/alma9.2-gcc-14.2.0/opt/sphenix/utils/bin:/cvmfs/sphenix.sdcc.bnl.gov/alma9.2-gcc-14.2.0/opt/sphenix/core/bin:/cvmfs/sphenix.sdcc.bnl.gov/alma9.2-gcc-14.2.0/opt/sphenix/core/root-6.32.06/bin:/cvmfs/sphenix.sdcc.bnl.gov/alma9.2-gcc-14.2.0/opt/sphenix/core/geant4.10.07.p04/bin:/usr/local/bin:/usr/bin:/usr/local/sbin:/usr/sbin
SINGULARITY_CACHEDIR=/home/condor/local/sphnx/execute/dir_2439976
_CONDOR_ANCESTOR_2439976=2441248:1759352716:4168186354
_CONDOR_ANCESTOR_317652=317699:1756523315:1303912541
_CONDOR_CHIRP_CONFIG=/home/condor/local/sphnx/execute/dir_2439976/.chirp.config
_CONDOR_JOB_IWD=/sphenix/user/samfred/run25/ppg11/histmaking
G4ENSDFSTATEDATA=/cvmfs/sphenix.sdcc.bnl.gov/alma9.2-gcc-14.2.0/opt/sphenix/core/geant4.10.07.p04/share/Geant4-10.7.4/data/G4ENSDFSTATE2.3
_CONDOR_MACHINE_AD=/home/condor/local/sphnx/execute/dir_2439976/.machine.ad
ROOT_MAX_THREADS=1
NUMEXPR_NUM_THREADS=1
CUBACORES=1
_CHIRP_DELAYED_UPDATE_PREFIX=Chirp*
OMP_THREAD_LIMIT=1
G4PIIDATA=/cvmfs/sphenix.sdcc.bnl.gov/alma9.2-gcc-14.2.0/opt/sphenix/core/geant4.10.07.p04/share/Geant4-10.7.4/data/G4PII1.3
NO_AT_BRIDGE=1
G4_MAIN=/cvmfs/sphenix.sdcc.bnl.gov/alma9.2-gcc-14.2.0/opt/sphenix/core/geant4.10.07.p04
COMPILER_PATH=/cvmfs/sphenix.sdcc.bnl.gov/alma9.2-gcc-14.2.0/opt/sphenix/core/gcc/14.2.0-2f0a0/x86_64-el9
ROOT_INCLUDE_PATH=./:/sphenix/user/samfred/run25/install//include:/sphenix/user/samfred/run25/install//include/caloana:/sphenix/user/samfred/run25/install//include/qa_centrality:/sphenix/user/samfred/run25/install//include/mbdana:/sphenix/user/samfred/run25/install//include/centrality:/sphenix/user/samfred/run25/install//include/Event:/cvmfs/sphenix.sdcc.bnl.gov/alma9.2-gcc-14.2.0/release/release_new/new.10/include:/cvmfs/sphenix.sdcc.bnl.gov/alma9.2-gcc-14.2.0/release/release_new/new.10/include:/cvmfs/sphenix.sdcc.bnl.gov/alma9.2-gcc-14.2.0/release/release_new/new.10/include/g4mbd:/cvmfs/sphenix.sdcc.bnl.gov/alma9.2-gcc-14.2.0/release/release_new/new.10/include/fmt:/cvmfs/sphenix.sdcc.bnl.gov/alma9.2-gcc-14.2.0/release/release_new/new.10/include/ffarawobjects:/cvmfs/sphenix.sdcc.bnl.gov/alma9.2-gcc-14.2.0/release/release_new/new.10/include/JSON:/cvmfs/sphenix.sdcc.bnl.gov/alma9.2-gcc-14.2.0/release/release_new/new.10/include/calotreegen:/cvmfs/sphenix.sdcc.bnl.gov/alma9.2-gcc-14.2.0/release/release_new/new.10/include/torch:/cvmfs/sphenix.sdcc.bnl.gov/alma9.2-gcc-14.2.0/release/release_new/new.10/include/g4detectors:/cvmfs/sphenix.sdcc.bnl.gov/alma9.2-gcc-14.2.0/release/release_new/new.10/include/kineto:/cvmfs/sphenix.sdcc.bnl.gov/alma9.2-gcc-14.2.0/release/release_new/new.10/include/g4decayer:/cvmfs/sphenix.sdcc.bnl.gov/alma9.2-gcc-14.2.0/release/release_new/new.10/include/kfparticleqa:/cvmfs/sphenix.sdcc.bnl.gov/alma9.2-gcc-14.2.0/release/release_new/new.10/include/phfield:/cvmfs/sphenix.sdcc.bnl.gov/alma9.2-gcc-14.2.0/release/release_new/new.10/include/LHAPDF:/cvmfs/sphenix.sdcc.bnl.gov/alma9.2-gcc-14.2.0/release/release_new/new.10/include/readdigitalcurrents:/cvmfs/sphenix.sdcc.bnl.gov/alma9.2-gcc-14.2.0/release/release_new/new.10/include/c10:/cvmfs/sphenix.sdcc.bnl.gov/alma9.2-gcc-14.2.0/release/release_new/new.10/include/calovalid:/cvmfs/sphenix.sdcc.bnl.gov/alma9.2-gcc-14.2.0/release/release_new/new.10/include/oneapi:/cvmfs/sphenix.sdcc.bnl.gov/alma9.2-gcc-14.2.0/release/release_new/new.10/include/DDCond:/cvmfs/sphenix.sdcc.bnl.gov/alma9.2-gcc-14.2.0/release/release_new/new.10/include/g4tracking:/cvmfs/sphenix.sdcc.bnl.gov/alma9.2-gcc-14.2.0/release/release_new/new.10/include/litecaloeval:/cvmfs/sphenix.sdcc.bnl.gov/alma9.2-gcc-14.2.0/release/release_new/new.10/include/g4intt:/cvmfs/sphenix.sdcc.bnl.gov/alma9.2-gcc-14.2.0/release/release_new/new.10/include/phool:/cvmfs/sphenix.sdcc.bnl.gov/alma9.2-gcc-14.2.0/release/release_new/new.10/include/boost:/cvmfs/sphenix.sdcc.bnl.gov/alma9.2-gcc-14.2.0/release/release_new/new.10/include/Pythia8Plugins:/cvmfs/sphenix.sdcc.bnl.gov/alma9.2-gcc-14.2.0/release/release_new/new.10/include/calib_emc_pi0:/cvmfs/sphenix.sdcc.bnl.gov/alma9.2-gcc-14.2.0/release/release_new/new.10/include/hijingflipafterburner:/cvmfs/sphenix.sdcc.bnl.gov/alma9.2-gcc-14.2.0/release/release_new/new.10/include/ffaobjects:/cvmfs/sphenix.sdcc.bnl.gov/alma9.2-gcc-14.2.0/release/release_new/new.10/include/EvtGenBase:/cvmfs/sphenix.sdcc.bnl.gov/alma9.2-gcc-14.2.0/release/release_new/new.10/include/flowafterburner:/cvmfs/sphenix.sdcc.bnl.gov/alma9.2-gcc-14.2.0/release/release_new/new.10/include/google:/cvmfs/sphenix.sdcc.bnl.gov/alma9.2-gcc-14.2.0/release/release_new/new.10/include/g4tpc:/cvmfs/sphenix.sdcc.bnl.gov/alma9.2-gcc-14.2.0/release/release_new/new.10/include/caffe2:/cvmfs/sphenix.sdcc.bnl.gov/alma9.2-gcc-14.2.0/release/release_new/new.10/include/EvtGenExternal:/cvmfs/sphenix.sdcc.bnl.gov/alma9.2-gcc-14.2.0/release/release_new/new.10/include/fp16:/cvmfs/sphenix.sdcc.bnl.gov/alma9.2-gcc-14.2.0/release/release_new/new.10/include/ffamodules:/cvmfs/sphenix.sdcc.bnl.gov/alma9.2-gcc-14.2.0/release/release_new/new.10/include/uspin:/cvmfs/sphenix.sdcc.bnl.gov/alma9.2-gcc-14.2.0/release/release_new/new.10/include/Herwig:/cvmfs/sphenix.sdcc.bnl.gov/alma9.2-gcc-14.2.0/release/release_new/new.10/include/genfitexp:/cvmfs/sphenix.sdcc.bnl.gov/alma9.2-gcc-14.2.0/release/release_new/new.10/include/XML:/cvmfs/sphenix.sdcc.bnl.gov/alma9.2-gcc-14.2.0/release/release_new/new.10/include/fbgemm:/cvmfs/sphenix.sdcc.bnl.gov/alma9.2-gcc-14.2.0/release/release_new/new.10/include/DDAlign:/cvmfs/sphenix.sdcc.bnl.gov/alma9.2-gcc-14.2.0/release/release_new/new.10/include/g4mvtx:/cvmfs/sphenix.sdcc.bnl.gov/alma9.2-gcc-14.2.0/release/release_new/new.10/include/kfparticle_sphenix:/cvmfs/sphenix.sdcc.bnl.gov/alma9.2-gcc-14.2.0/release/release_new/new.10/include/fun4all:/cvmfs/sphenix.sdcc.bnl.gov/alma9.2-gcc-14.2.0/release/release_new/new.10/include/intt:/cvmfs/sphenix.sdcc.bnl.gov/alma9.2-gcc-14.2.0/release/release_new/new.10/include/eventdisplay:/cvmfs/sphenix.sdcc.bnl.gov/alma9.2-gcc-14.2.0/release/release_new/new.10/include/EvtGen:/cvmfs/sphenix.sdcc.bnl.gov/alma9.2-gcc-14.2.0/release/release_new/new.10/include/Evaluator:/cvmfs/sphenix.sdcc.bnl.gov/alma9.2-gcc-14.2.0/release/release_new/new.10/include/tpc:/cvmfs/sphenix.sdcc.bnl.gov/alma9.2-gcc-14.2.0/release/release_new/new.10/include/GenFit:/cvmfs/sphenix.sdcc.bnl.gov/alma9.2-gcc-14.2.0/release/release_new/new.10/include/prototype4:/cvmfs/sphenix.sdcc.bnl.gov/alma9.2-gcc-14.2.0/release/release_new/new.10/include/caloembedding:/cvmfs/sphenix.sdcc.bnl.gov/alma9.2-gcc-14.2.0/release/release_new/new.10/include/EvtGenModels:/cvmfs/sphenix.sdcc.bnl.gov/alma9.2-gcc-14.2.0/release/release_new/new.10/include/fastjet:/cvmfs/sphenix.sdcc.bnl.gov/alma9.2-gcc-14.2.0/release/release_new/new.10/include/DDG4:/cvmfs/sphenix.sdcc.bnl.gov/alma9.2-gcc-14.2.0/release/release_new/new.10/include/mbd:/cvmfs/sphenix.sdcc.bnl.gov/alma9.2-gcc-14.2.0/release/release_new/new.10/include/tbb:/cvmfs/sphenix.sdcc.bnl.gov/alma9.2-gcc-14.2.0/release/release_new/new.10/include/phgeom:/cvmfs/sphenix.sdcc.bnl.gov/alma9.2-gcc-14.2.0/release/release_new/new.10/include/g4epd:/cvmfs/sphenix.sdcc.bnl.gov/alma9.2-gcc-14.2.0/release/release_new/new.10/include/oncal:/cvmfs/sphenix.sdcc.bnl.gov/alma9.2-gcc-14.2.0/release/release_new/new.10/include/pybind11:/cvmfs/sphenix.sdcc.bnl.gov/alma9.2-gcc-14.2.0/release/release_new/new.10/include/tpcdistgenerator:/cvmfs/sphenix.sdcc.bnl.gov/alma9.2-gcc-14.2.0/release/release_new/new.10/include/cdbobjects:/cvmfs/sphenix.sdcc.bnl.gov/alma9.2-gcc-14.2.0/release/release_new/new.10/include/g4micromegas:/cvmfs/sphenix.sdcc.bnl.gov/alma9.2-gcc-14.2.0/release/release_new/new.10/include/g4eval:/cvmfs/sphenix.sdcc.bnl.gov/alma9.2-gcc-14.2.0/release/release_new/new.10/include/jetbackground:/cvmfs/sphenix.sdcc.bnl.gov/alma9.2-gcc-14.2.0/release/release_new/new.10/include/micromegas:/cvmfs/sphenix.sdcc.bnl.gov/alma9.2-gcc-14.2.0/release/release_new/new.10/include/hftrackefficiency:/cvmfs/sphenix.sdcc.bnl.gov/alma9.2-gcc-14.2.0/release/release_new/new.10/include/inttrawhitqa:/cvmfs/sphenix.sdcc.bnl.gov/alma9.2-gcc-14.2.0/release/release_new/new.10/include/centrality:/cvmfs/sphenix.sdcc.bnl.gov/alma9.2-gcc-14.2.0/release/release_new/new.10/include/epd:/cvmfs/sphenix.sdcc.bnl.gov/alma9.2-gcc-14.2.0/release/release_new/new.10/include/caloreco:/cvmfs/sphenix.sdcc.bnl.gov/alma9.2-gcc-14.2.0/release/release_new/new.10/include/HepMC:/cvmfs/sphenix.sdcc.bnl.gov/alma9.2-gcc-14.2.0/release/release_new/new.10/include/CLHEP:/cvmfs/sphenix.sdcc.bnl.gov/alma9.2-gcc-14.2.0/release/release_new/new.10/include/Acts:/cvmfs/sphenix.sdcc.bnl.gov/alma9.2-gcc-14.2.0/release/release_new/new.10/include/g4histos:/cvmfs/sphenix.sdcc.bnl.gov/alma9.2-gcc-14.2.0/release/release_new/new.10/include/eventplaneinfo:/cvmfs/sphenix.sdcc.bnl.gov/alma9.2-gcc-14.2.0/release/release_new/new.10/include/fillspacechargemaps:/cvmfs/sphenix.sdcc.bnl.gov/alma9.2-gcc-14.2.0/release/release_new/new.10/include/phhepmc:/cvmfs/sphenix.sdcc.bnl.gov/alma9.2-gcc-14.2.0/release/release_new/new.10/include/trackingqa:/cvmfs/sphenix.sdcc.bnl.gov/alma9.2-gcc-14.2.0/release/release_new/new.10/include/qautils:/cvmfs/sphenix.sdcc.bnl.gov/alma9.2-gcc-14.2.0/release/release_new/new.10/include/trackreco:/cvmfs/sphenix.sdcc.bnl.gov/alma9.2-gcc-14.2.0/release/release_new/new.10/include/g4ohcal:/cvmfs/sphenix.sdcc.bnl.gov/alma9.2-gcc-14.2.0/release/release_new/new.10/include/tpcdvcalib:/cvmfs/sphenix.sdcc.bnl.gov/alma9.2-gcc-14.2.0/release/release_new/new.10/include/zdcinfo:/cvmfs/sphenix.sdcc.bnl.gov/alma9.2-gcc-14.2.0/release/release_new/new.10/include/phpythia8:/cvmfs/sphenix.sdcc.bnl.gov/alma9.2-gcc-14.2.0/release/release_new/new.10/include/fun4allutils:/cvmfs/sphenix.sdcc.bnl.gov/alma9.2-gcc-14.2.0/release/release_new/new.10/include/tpcqa:/cvmfs/sphenix.sdcc.bnl.gov/alma9.2-gcc-14.2.0/release/release_new/new.10/include/Pythia8:/cvmfs/sphenix.sdcc.bnl.gov/alma9.2-gcc-14.2.0/release/release_new/new.10/include/DDRec:/cvmfs/sphenix.sdcc.bnl.gov/alma9.2-gcc-14.2.0/release/release_new/new.10/include/DDDigi:/cvmfs/sphenix.sdcc.bnl.gov/alma9.2-gcc-14.2.0/release/release_new/new.10/include/g4ihcal:/cvmfs/sphenix.sdcc.bnl.gov/alma9.2-gcc-14.2.0/release/release_new/new.10/include/frog:/cvmfs/sphenix.sdcc.bnl.gov/alma9.2-gcc-14.2.0/release/release_new/new.10/include/eigen3:/cvmfs/sphenix.sdcc.bnl.gov/alma9.2-gcc-14.2.0/release/release_new/new.10/include/tensorpipe:/cvmfs/sphenix.sdcc.bnl.gov/alma9.2-gcc-14.2.0/release/release_new/new.10/include/sphenixnpc:/cvmfs/sphenix.sdcc.bnl.gov/alma9.2-gcc-14.2.0/release/release_new/new.10/include/siscone:/cvmfs/sphenix.sdcc.bnl.gov/alma9.2-gcc-14.2.0/release/release_new/new.10/include/pmonitor:/cvmfs/sphenix.sdcc.bnl.gov/alma9.2-gcc-14.2.0/release/release_new/new.10/include/calobase:/cvmfs/sphenix.sdcc.bnl.gov/alma9.2-gcc-14.2.0/release/release_new/new.10/include/ActsExamples:/cvmfs/sphenix.sdcc.bnl.gov/alma9.2-gcc-14.2.0/release/release_new/new.10/include/g4gdml:/cvmfs/sphenix.sdcc.bnl.gov/alma9.2-gcc-14.2.0/release/release_new/new.10/include/mvtx_decoder:/cvmfs/sphenix.sdcc.bnl.gov/alma9.2-gcc-14.2.0/release/release_new/new.10/include/ROOT:/cvmfs/sphenix.sdcc.bnl.gov/alma9.2-gcc-14.2.0/release/release_new/new.10/include/phparameter:/cvmfs/sphenix.sdcc.bnl.gov/alma9.2-gcc-14.2.0/release/release_new/new.10/include/rsa:/cvmfs/sphenix.sdcc.bnl.gov/alma9.2-gcc-14.2.0/release/release_new/new.10/include/fun4allraw:/cvmfs/sphenix.sdcc.bnl.gov/alma9.2-gcc-14.2.0/release/release_new/new.10/include/trackbase_historic:/cvmfs/sphenix.sdcc.bnl.gov/alma9.2-gcc-14.2.0/release/release_new/new.10/include/g4jets:/cvmfs/sphenix.sdcc.bnl.gov/alma9.2-gcc-14.2.0/release/release_new/new.10/include/jetqa:/cvmfs/sphenix.sdcc.bnl.gov/alma9.2-gcc-14.2.0/release/release_new/new.10/include/phoolraw:/cvmfs/sphenix.sdcc.bnl.gov/alma9.2-gcc-14.2.0/release/release_new/new.10/include/g4calo:/cvmfs/sphenix.sdcc.bnl.gov/alma9.2-gcc-14.2.0/release/release_new/new.10/include/mvtxrawhitqa:/cvmfs/sphenix.sdcc.bnl.gov/alma9.2-gcc-14.2.0/release/release_new/new.10/include/HepMC3:/cvmfs/sphenix.sdcc.bnl.gov/alma9.2-gcc-14.2.0/release/release_new/new.10/include/calowaveformsim:/cvmfs/sphenix.sdcc.bnl.gov/alma9.2-gcc-14.2.0/release/release_new/new.10/include/g4caloprototype:/cvmfs/sphenix.sdcc.bnl.gov/alma9.2-gcc-14.2.0/release/release_new/new.10/include/pdbcalbase:/cvmfs/sphenix.sdcc.bnl.gov/alma9.2-gcc-14.2.0/release/release_new/new.10/include/gsl:/cvmfs/sphenix.sdcc.bnl.gov/alma9.2-gcc-14.2.0/release/release_new/new.10/include/nodedump:/cvmfs/sphenix.sdcc.bnl.gov/alma9.2-gcc-14.2.0/release/release_new/new.10/include/emcnoisytowerfinder:/cvmfs/sphenix.sdcc.bnl.gov/alma9.2-gcc-14.2.0/release/release_new/new.10/include/ActsFatras:/cvmfs/sphenix.sdcc.bnl.gov/alma9.2-gcc-14.2.0/release/release_new/new.10/include/ffarawmodules:/cvmfs/sphenix.sdcc.bnl.gov/alma9.2-gcc-14.2.0/release/release_new/new.10/include/Event:/cvmfs/sphenix.sdcc.bnl.gov/alma9.2-gcc-14.2.0/release/release_new/new.10/include/prototype3:/cvmfs/sphenix.sdcc.bnl.gov/alma9.2-gcc-14.2.0/release/release_new/new.10/include/fermimotionafterburner:/cvmfs/sphenix.sdcc.bnl.gov/alma9.2-gcc-14.2.0/release/release_new/new.10/include/Photos:/cvmfs/sphenix.sdcc.bnl.gov/alma9.2-gcc-14.2.0/release/release_new/new.10/include/xingshiftcal:/cvmfs/sphenix.sdcc.bnl.gov/alma9.2-gcc-14.2.0/release/release_new/new.10/include/trackbase:/cvmfs/sphenix.sdcc.bnl.gov/alma9.2-gcc-14.2.0/release/release_new/new.10/include/jetdstskimmer:/cvmfs/sphenix.sdcc.bnl.gov/alma9.2-gcc-14.2.0/release/release_new/new.10/include/clusteriso:/cvmfs/sphenix.sdcc.bnl.gov/alma9.2-gcc-14.2.0/release/release_new/new.10/include/asmjit:/cvmfs/sphenix.sdcc.bnl.gov/alma9.2-gcc-14.2.0/release/release_new/new.10/include/particleflowreco:/cvmfs/sphenix.sdcc.bnl.gov/alma9.2-gcc-14.2.0/release/release_new/new.10/include/tpchittrackdisplay:/cvmfs/sphenix.sdcc.bnl.gov/alma9.2-gcc-14.2.0/release/release_new/new.10/include/caloana:/cvmfs/sphenix.sdcc.bnl.gov/alma9.2-gcc-14.2.0/release/release_new/new.10/include/calotrigger:/cvmfs/sphenix.sdcc.bnl.gov/alma9.2-gcc-14.2.0/release/release_new/new.10/include/nopayloadclient:/cvmfs/sphenix.sdcc.bnl.gov/alma9.2-gcc-14.2.0/release/release_new/new.10/include/trackermillepedealignment:/cvmfs/sphenix.sdcc.bnl.gov/alma9.2-gcc-14.2.0/release/release_new/new.10/include/DD4hep:/cvmfs/sphenix.sdcc.bnl.gov/alma9.2-gcc-14.2.0/release/release_new/new.10/include/g4trackfastsim:/cvmfs/sphenix.sdcc.bnl.gov/alma9.2-gcc-14.2.0/release/release_new/new.10/include/prototype2:/cvmfs/sphenix.sdcc.bnl.gov/alma9.2-gcc-14.2.0/release/release_new/new.10/include/ATen:/cvmfs/sphenix.sdcc.bnl.gov/alma9.2-gcc-14.2.0/release/release_new/new.10/include/g4main:/cvmfs/sphenix.sdcc.bnl.gov/alma9.2-gcc-14.2.0/release/release_new/new.10/include/Tauola:/cvmfs/sphenix.sdcc.bnl.gov/alma9.2-gcc-14.2.0/release/release_new/new.10/include/inttcalib:/cvmfs/sphenix.sdcc.bnl.gov/alma9.2-gcc-14.2.0/release/release_new/new.10/include/reactionplaneafterburner:/cvmfs/sphenix.sdcc.bnl.gov/alma9.2-gcc-14.2.0/release/release_new/new.10/include/globalqa:/cvmfs/sphenix.sdcc.bnl.gov/alma9.2-gcc-14.2.0/release/release_new/new.10/include/tpccalib:/cvmfs/sphenix.sdcc.bnl.gov/alma9.2-gcc-14.2.0/release/release_new/new.10/include/DDSegmentation:/cvmfs/sphenix.sdcc.bnl.gov/alma9.2-gcc-14.2.0/release/release_new/new.10/include/decayfinder:/cvmfs/sphenix.sdcc.bnl.gov/alma9.2-gcc-14.2.0/release/release_new/new.10/include/compressclus:/cvmfs/sphenix.sdcc.bnl.gov/alma9.2-gcc-14.2.0/release/release_new/new.10/include/simqa_modules:/cvmfs/sphenix.sdcc.bnl.gov/alma9.2-gcc-14.2.0/release/release_new/new.10/include/resonancejettagging:/cvmfs/sphenix.sdcc.bnl.gov/alma9.2-gcc-14.2.0/release/release_new/new.10/include/g4centrality:/cvmfs/sphenix.sdcc.bnl.gov/alma9.2-gcc-14.2.0/release/release_new/new.10/include/mvtx:/cvmfs/sphenix.sdcc.bnl.gov/alma9.2-gcc-14.2.0/release/release_new/new.10/include/nlohmann:/cvmfs/sphenix.sdcc.bnl.gov/alma9.2-gcc-14.2.0/release/release_new/new.10/include/localpoloffmon:/cvmfs/sphenix.sdcc.bnl.gov/alma9.2-gcc-14.2.0/release/release_new/new.10/include/DDEve:/cvmfs/sphenix.sdcc.bnl.gov/alma9.2-gcc-14.2.0/release/release_new/new.10/include/Parsers:/cvmfs/sphenix.sdcc.bnl.gov/alma9.2-gcc-14.2.0/release/release_new/new.10/include/trackingdiagnostics:/cvmfs/sphenix.sdcc.bnl.gov/alma9.2-gcc-14.2.0/release/release_new/new.10/include/g4vertex:/cvmfs/sphenix.sdcc.bnl.gov/alma9.2-gcc-14.2.0/release/release_new/new.10/include/jetbase:/cvmfs/sphenix.sdcc.bnl.gov/alma9.2-gcc-14.2.0/release/release_new/new.10/include/globalvertex:/cvmfs/sphenix.sdcc.bnl.gov/alma9.2-gcc-14.2.0/release/release_new/new.10/include/phgenfit:/cvmfs/sphenix.sdcc.bnl.gov/alma9.2-gcc-14.2.0/release/release_new/new.10/include/rawbcolumi:/cvmfs/sphenix.sdcc.bnl.gov/alma9.2-gcc-14.2.0/release/release_new/new.10/include/eicsmear:/cvmfs/sphenix.sdcc.bnl.gov/alma9.2-gcc-14.2.0/release/release_new/new.10/include/mvtxcalib:/cvmfs/sphenix.sdcc.bnl.gov/alma9.2-gcc-14.2.0/release/release_new/new.10/include/tpclinelaserdiode:/cvmfs/sphenix.sdcc.bnl.gov/alma9.2-gcc-14.2.0/release/release_new/new.10/include/hepmcjettrigger:/cvmfs/sphenix.sdcc.bnl.gov/alma9.2-gcc-14.2.0/release/release_new/new.10/include/core:/cvmfs/sphenix.sdcc.bnl.gov/alma9.2-gcc-14.2.0/release/release_new/new.10/include/calo_cdb:/cvmfs/sphenix.sdcc.bnl.gov/alma9.2-gcc-14.2.0/release/release_new/new.10/include/mvtxclustershapesqa:/cvmfs/sphenix.sdcc.bnl.gov/alma9.2-gcc-14.2.0/release/release_new/new.10/include/calopacketskimmer:/cvmfs/sphenix.sdcc.bnl.gov/alma9.2-gcc-14.2.0/opt/sphenix/core/geant4.10.07.p04/include:/cvmfs/sphenix.sdcc.bnl.gov/alma9.2-gcc-14.2.0/release/release_new/new.10/rootmacros:/cvmfs/sphenix.sdcc.bnl.gov/alma9.2-gcc-14.2.0/opt/sphenix/core/include
GSEARCHPATH=.:PG:LUSTRE:RAWDATA
PWD=/gpfs/mnt/gpfs02/sphenix/user/samfred/run25/ppg11/histmaking
LOGNAME=samfred
_CONDOR_JOB_AD=/home/condor/local/sphnx/execute/dir_2439976/.job.ad
MANPATH=/cvmfs/sphenix.sdcc.bnl.gov/alma9.2-gcc-14.2.0/opt/sphenix/core/gcc/14.2.0-2f0a0/x86_64-el9/share/man:/cvmfs/sphenix.sdcc.bnl.gov/alma9.2-gcc-14.2.0/opt/sphenix/core/binutils/2.40-acaab/x86_64-el9/share/man:/cvmfs/sphenix.sdcc.bnl.gov/alma9.2-gcc-14.2.0/release/release_new/new.10/share/man:/cvmfs/sphenix.sdcc.bnl.gov/alma9.2-gcc-14.2.0/opt/sphenix/utils/share/man:/cvmfs/sphenix.sdcc.bnl.gov/alma9.2-gcc-14.2.0/opt/sphenix/core/share/man:/cvmfs/sphenix.sdcc.bnl.gov/alma9.2-gcc-14.2.0/opt/sphenix/core/root-6.32.06/man:/usr/local/share/man:/usr/share/man
PYTHIA8=/cvmfs/sphenix.sdcc.bnl.gov/alma9.2-gcc-14.2.0/release/release_new/new.10/share/Pythia8
G4INCLDATA=/cvmfs/sphenix.sdcc.bnl.gov/alma9.2-gcc-14.2.0/opt/sphenix/core/geant4.10.07.p04/share/Geant4-10.7.4/data/G4INCL1.0
ORIG_PATH=/usr/local/bin:/usr/bin
CXX=/cvmfs/sphenix.sdcc.bnl.gov/alma9.2-gcc-14.2.0/opt/sphenix/core/gcc/14.2.0-2f0a0/x86_64-el9/bin/g++
G4LEDATA=/cvmfs/sphenix.sdcc.bnl.gov/alma9.2-gcc-14.2.0/opt/sphenix/core/geant4.10.07.p04/share/Geant4-10.7.4/data/G4EMLOW7.13
PYTHON_CPU_COUNT=1
OPENBLAS_NUM_THREADS=1
_CONDOR_BIN=/usr/bin
HOME=/sphenix/u/samfred
G4PARTICLEXSDATA=/cvmfs/sphenix.sdcc.bnl.gov/alma9.2-gcc-14.2.0/opt/sphenix/core/geant4.10.07.p04/share/Geant4-10.7.4/data/G4PARTICLEXS3.1.1
ONLINE_MAIN=/cvmfs/sphenix.sdcc.bnl.gov/alma9.2-gcc-14.2.0/release/release_new/new.10
CALIBRATIONROOT=/cvmfs/sphenix.sdcc.bnl.gov/alma9.2-gcc-14.2.0/release/release_new/new.10/share/calibrations
TMPDIR=/tmp
_CONDOR_SCRATCH_DIR=/home/condor/local/sphnx/execute/dir_2439976
PGUSER=phnxrc
NOPAYLOADCLIENT_CONF=/cvmfs/sphenix.sdcc.bnl.gov/alma9.2-gcc-14.2.0/opt/sphenix/core/etc/sPHENIX_newcdb.json
XERCESCROOT=/cvmfs/sphenix.sdcc.bnl.gov/alma9.2-gcc-14.2.0/opt/sphenix/core/geant4.10.07.p04
LHAPATH=/cvmfs/sphenix.sdcc.bnl.gov/alma9.2-gcc-14.2.0/opt/sphenix/core/lhapdf-5.9.1/share/lhapdf/PDFsets
G4NEUTRONHPDATA=/cvmfs/sphenix.sdcc.bnl.gov/alma9.2-gcc-14.2.0/opt/sphenix/core/geant4.10.07.p04/share/Geant4-10.7.4/data/G4NDL4.6
PYTHONPATH=.:/cvmfs/sphenix.sdcc.bnl.gov/alma9.2-gcc-14.2.0/release/release_new/new.10/lib/python3.13/site-packages:/cvmfs/sphenix.sdcc.bnl.gov/alma9.2-gcc-14.2.0/opt/sphenix/core/lib/python3.13/site-packages:/cvmfs/sphenix.sdcc.bnl.gov/alma9.2-gcc-14.2.0/opt/sphenix/core/root-6.32.06/lib
USER=samfred
_CONDOR_JOB_PIDS=
TEMP=/tmp
GOMAXPROCS=1
OFFLINE_MAIN=/cvmfs/sphenix.sdcc.bnl.gov/alma9.2-gcc-14.2.0/release/release_new/new.10
SHLVL=1
TF_NUM_THREADS=1
G4SAIDXSDATA=/cvmfs/sphenix.sdcc.bnl.gov/alma9.2-gcc-14.2.0/opt/sphenix/core/geant4.10.07.p04/share/Geant4-10.7.4/data/G4SAIDDATA2.0
APPTAINER_CACHEDIR=/home/condor/local/sphnx/execute/dir_2439976
ROOTSYS=/cvmfs/sphenix.sdcc.bnl.gov/alma9.2-gcc-14.2.0/opt/sphenix/core/root-6.32.06
BATCH_SYSTEM=HTCondor
_CONDOR_SLOT=slot1_39
LD_LIBRARY_PATH=/sphenix/user/samfred/run25/install//lib:/cvmfs/sphenix.sdcc.bnl.gov/alma9.2-gcc-14.2.0/opt/sphenix/core/gcc/14.2.0-2f0a0/x86_64-el9/lib:/cvmfs/sphenix.sdcc.bnl.gov/alma9.2-gcc-14.2.0/opt/sphenix/core/gcc/14.2.0-2f0a0/x86_64-el9/lib64:/cvmfs/sphenix.sdcc.bnl.gov/alma9.2-gcc-14.2.0/opt/sphenix/core/binutils/2.40-acaab/x86_64-el9/lib:.:/cvmfs/sphenix.sdcc.bnl.gov/alma9.2-gcc-14.2.0/release/release_new/new.10/lib64:/cvmfs/sphenix.sdcc.bnl.gov/alma9.2-gcc-14.2.0/release/release_new/new.10/lib:/cvmfs/sphenix.sdcc.bnl.gov/alma9.2-gcc-14.2.0/opt/sphenix/utils/lib:/cvmfs/sphenix.sdcc.bnl.gov/alma9.2-gcc-14.2.0/opt/sphenix/core/lib:/cvmfs/sphenix.sdcc.bnl.gov/alma9.2-gcc-14.2.0/opt/sphenix/core/root-6.32.06/lib:/cvmfs/sphenix.sdcc.bnl.gov/alma9.2-gcc-14.2.0/opt/sphenix/core/geant4.10.07.p04/lib64:/cvmfs/sphenix.sdcc.bnl.gov/alma9.2-gcc-14.2.0/opt/sphenix/core/lhapdf-5.9.1/lib:/usr/local/lib64:/usr/lib64
OPT_SPHENIX=/cvmfs/sphenix.sdcc.bnl.gov/alma9.2-gcc-14.2.0/opt/sphenix/core
TF_LOOP_PARALLEL_ITERATIONS=1
_CONDOR_ANCESTOR_317699=2439976:1759352716:2446911810
EVT_LIB=/cvmfs/sphenix.sdcc.bnl.gov/alma9.2-gcc-14.2.0/opt/sphenix/core/root-6.32.06/lib
PGHOST=sphnxdbmaster.sdcc.bnl.gov
OMP_NUM_THREADS=1
G4REALSURFACEDATA=/cvmfs/sphenix.sdcc.bnl.gov/alma9.2-gcc-14.2.0/opt/sphenix/core/geant4.10.07.p04/share/Geant4-10.7.4/data/RealSurface2.2
FC=/cvmfs/sphenix.sdcc.bnl.gov/alma9.2-gcc-14.2.0/opt/sphenix/core/gcc/14.2.0-2f0a0/x86_64-el9/bin/gfortran
G4ABLADATA=/cvmfs/sphenix.sdcc.bnl.gov/alma9.2-gcc-14.2.0/opt/sphenix/core/geant4.10.07.p04/share/Geant4-10.7.4/data/G4ABLA3.1
PARASOFT=doesnotexist
TMP=/tmp
OPT_UTILS=/cvmfs/sphenix.sdcc.bnl.gov/alma9.2-gcc-14.2.0/opt/sphenix/utils
CONFIG_SITE=/cvmfs/sphenix.sdcc.bnl.gov/alma9.2-gcc-14.2.0/opt/sphenix/core/etc/config.site
PATH=/sphenix/user/samfred/run25/install//bin:/cvmfs/sphenix.sdcc.bnl.gov/alma9.2-gcc-14.2.0/opt/sphenix/core/gcc/14.2.0-2f0a0/x86_64-el9/bin:/cvmfs/sphenix.sdcc.bnl.gov/alma9.2-gcc-14.2.0/opt/sphenix/core/binutils/2.40-acaab/x86_64-el9/bin:.:/cvmfs/sphenix.sdcc.bnl.gov/alma9.2-gcc-14.2.0/release/release_new/new.10/bin:/cvmfs/sphenix.sdcc.bnl.gov/alma9.2-gcc-14.2.0/opt/sphenix/utils/bin:/cvmfs/sphenix.sdcc.bnl.gov/alma9.2-gcc-14.2.0/opt/sphenix/core/bin:/cvmfs/sphenix.sdcc.bnl.gov/alma9.2-gcc-14.2.0/opt/sphenix/core/root-6.32.06/bin:/cvmfs/sphenix.sdcc.bnl.gov/alma9.2-gcc-14.2.0/opt/sphenix/core/geant4.10.07.p04/bin:/usr/local/bin:/usr/bin:/usr/local/sbin:/usr/sbin
G4LEVELGAMMADATA=/cvmfs/sphenix.sdcc.bnl.gov/alma9.2-gcc-14.2.0/opt/sphenix/core/geant4.10.07.p04/share/Geant4-10.7.4/data/PhotonEvaporation5.7
CC=/cvmfs/sphenix.sdcc.bnl.gov/alma9.2-gcc-14.2.0/opt/sphenix/core/gcc/14.2.0-2f0a0/x86_64-el9/bin/gcc
G4RADIOACTIVEDATA=/cvmfs/sphenix.sdcc.bnl.gov/alma9.2-gcc-14.2.0/opt/sphenix/core/geant4.10.07.p04/share/Geant4-10.7.4/data/RadioactiveDecay5.6
JULIA_NUM_THREADS=1
MKL_NUM_THREADS=1
LHAPDF_DATA_PATH=/cvmfs/sphenix.sdcc.bnl.gov/alma9.2-gcc-14.2.0/release/release_new/new.10/share/LHAPDF
XPLOAD_CONFIG_DIR=/cvmfs/sphenix.sdcc.bnl.gov/alma9.2-gcc-14.2.0/opt/sphenix/core/etc
OLDPWD=/cvmfs/sphenix.sdcc.bnl.gov/alma9.2-gcc-14.2.0/release/release_new/new.10/geant4
_=/usr/bin/printenv
runnumber...
51176
trigger...

   ------------------------------------------------------------------
  | Welcome to ROOT 6.32.06                        https://root.cern |
  | (c) 1995-2024, The ROOT Team; conception: R. Brun, F. Rademakers |
  | Built for linuxx8664gcc on Dec 13 2024, 17:23:48                 |
  | From tags/6-32-06@6-32-06                                        |
  | With g++ (GCC) 14.2.0                                            |
  | Try '.help'/'.?', '.demo', '.license', '.credits', '.quit'/'.q'  |
   ------------------------------------------------------------------


Processing data_histmaker.C(51176)...
entry 0/3316379 (0%)
entry 3000/3316379 (0.0904601%)
entry 14000/3316379 (0.422147%)
entry 15000/3316379 (0.452301%)
entry 16000/3316379 (0.482454%)
entry 23000/3316379 (0.693527%)
entry 26000/3316379 (0.783988%)
entry 28000/3316379 (0.844294%)
entry 30000/3316379 (0.904601%)
entry 32000/3316379 (0.964908%)
entry 36000/3316379 (1.08552%)
entry 39000/3316379 (1.17598%)
entry 42000/3316379 (1.26644%)
entry 45000/3316379 (1.3569%)
entry 46000/3316379 (1.38705%)
entry 49000/3316379 (1.47752%)
entry 52000/3316379 (1.56798%)
entry 53000/3316379 (1.59813%)
entry 61000/3316379 (1.83936%)
entry 62000/3316379 (1.86951%)
entry 67000/3316379 (2.02028%)
entry 68000/3316379 (2.05043%)
entry 71000/3316379 (2.14089%)
entry 75000/3316379 (2.2615%)
entry 76000/3316379 (2.29166%)
entry 78000/3316379 (2.35196%)
entry 80000/3316379 (2.41227%)
entry 81000/3316379 (2.44242%)
entry 83000/3316379 (2.50273%)
entry 87000/3316379 (2.62334%)
entry 89000/3316379 (2.68365%)
entry 93000/3316379 (2.80426%)
entry 96000/3316379 (2.89472%)
entry 97000/3316379 (2.92488%)
entry 100000/3316379 (3.01534%)
entry 108000/3316379 (3.25656%)
entry 109000/3316379 (3.28672%)
entry 110000/3316379 (3.31687%)
entry 115000/3316379 (3.46764%)
entry 117000/3316379 (3.52794%)
entry 118000/3316379 (3.5581%)
entry 119000/3316379 (3.58825%)
entry 120000/3316379 (3.6184%)
entry 123000/3316379 (3.70886%)
entry 129000/3316379 (3.88978%)
entry 131000/3316379 (3.95009%)
entry 137000/3316379 (4.13101%)
entry 141000/3316379 (4.25163%)
entry 148000/3316379 (4.4627%)
entry 150000/3316379 (4.52301%)
entry 152000/3316379 (4.58331%)
entry 154000/3316379 (4.64362%)
entry 155000/3316379 (4.67377%)
entry 157000/3316379 (4.73408%)
entry 158000/3316379 (4.76423%)
entry 160000/3316379 (4.82454%)
entry 161000/3316379 (4.85469%)
entry 167000/3316379 (5.03561%)
entry 169000/3316379 (5.09592%)
entry 171000/3316379 (5.15623%)
entry 175000/3316379 (5.27684%)
entry 176000/3316379 (5.30699%)
entry 178000/3316379 (5.3673%)
entry 180000/3316379 (5.42761%)
entry 181000/3316379 (5.45776%)
entry 183000/3316379 (5.51807%)
entry 184000/3316379 (5.54822%)
entry 186000/3316379 (5.60853%)
entry 188000/3316379 (5.66883%)
entry 191000/3316379 (5.75929%)
entry 194000/3316379 (5.84975%)
entry 195000/3316379 (5.87991%)
entry 204000/3316379 (6.15129%)
entry 206000/3316379 (6.21159%)
entry 207000/3316379 (6.24175%)
entry 208000/3316379 (6.2719%)
entry 210000/3316379 (6.33221%)
entry 213000/3316379 (6.42267%)
entry 214000/3316379 (6.45282%)
entry 216000/3316379 (6.51313%)
entry 218000/3316379 (6.57343%)
entry 224000/3316379 (6.75435%)
entry 226000/3316379 (6.81466%)
entry 229000/3316379 (6.90512%)
entry 233000/3316379 (7.02574%)
entry 236000/3316379 (7.11619%)
entry 241000/3316379 (7.26696%)
entry 242000/3316379 (7.29712%)
entry 244000/3316379 (7.35742%)
entry 246000/3316379 (7.41773%)
entry 248000/3316379 (7.47804%)
entry 249000/3316379 (7.50819%)
entry 251000/3316379 (7.5685%)
entry 257000/3316379 (7.74942%)
entry 259000/3316379 (7.80972%)
entry 260000/3316379 (7.83988%)
entry 261000/3316379 (7.87003%)
entry 266000/3316379 (8.0208%)
entry 267000/3316379 (8.05095%)
entry 268000/3316379 (8.0811%)
entry 269000/3316379 (8.11126%)
entry 274000/3316379 (8.26202%)
entry 276000/3316379 (8.32233%)
entry 277000/3316379 (8.35248%)
entry 280000/3316379 (8.44294%)
entry 283000/3316379 (8.5334%)
entry 284000/3316379 (8.56356%)
entry 287000/3316379 (8.65402%)
entry 288000/3316379 (8.68417%)
entry 292000/3316379 (8.80478%)
entry 293000/3316379 (8.83494%)
entry 296000/3316379 (8.9254%)
entry 297000/3316379 (8.95555%)
entry 298000/3316379 (8.9857%)
entry 301000/3316379 (9.07616%)
entry 304000/3316379 (9.16662%)
entry 315000/3316379 (9.49831%)
entry 316000/3316379 (9.52846%)
entry 317000/3316379 (9.55862%)
entry 320000/3316379 (9.64908%)
entry 326000/3316379 (9.83%)
entry 327000/3316379 (9.86015%)
entry 328000/3316379 (9.89031%)
entry 333000/3316379 (10.0411%)
entry 336000/3316379 (10.1315%)
entry 338000/3316379 (10.1918%)
entry 341000/3316379 (10.2823%)
entry 342000/3316379 (10.3125%)
entry 346000/3316379 (10.4331%)
entry 350000/3316379 (10.5537%)
entry 356000/3316379 (10.7346%)
entry 357000/3316379 (10.7648%)
entry 362000/3316379 (10.9155%)
entry 363000/3316379 (10.9457%)
entry 365000/3316379 (11.006%)
entry 366000/3316379 (11.0361%)
entry 371000/3316379 (11.1869%)
entry 376000/3316379 (11.3377%)
entry 378000/3316379 (11.398%)
entry 380000/3316379 (11.4583%)
entry 381000/3316379 (11.4884%)
entry 383000/3316379 (11.5487%)
entry 385000/3316379 (11.609%)
entry 388000/3316379 (11.6995%)
entry 390000/3316379 (11.7598%)
entry 392000/3316379 (11.8201%)
entry 395000/3316379 (11.9106%)
entry 401000/3316379 (12.0915%)
entry 402000/3316379 (12.1217%)
entry 405000/3316379 (12.2121%)
entry 411000/3316379 (12.393%)
entry 413000/3316379 (12.4533%)
entry 414000/3316379 (12.4835%)
entry 417000/3316379 (12.574%)
entry 418000/3316379 (12.6041%)
entry 420000/3316379 (12.6644%)
entry 421000/3316379 (12.6946%)
entry 428000/3316379 (12.9056%)
entry 429000/3316379 (12.9358%)
entry 436000/3316379 (13.1469%)
entry 437000/3316379 (13.177%)
entry 441000/3316379 (13.2976%)
entry 444000/3316379 (13.3881%)
entry 446000/3316379 (13.4484%)
entry 448000/3316379 (13.5087%)
entry 449000/3316379 (13.5389%)
entry 451000/3316379 (13.5992%)
entry 452000/3316379 (13.6293%)
entry 455000/3316379 (13.7198%)
entry 461000/3316379 (13.9007%)
entry 462000/3316379 (13.9309%)
entry 463000/3316379 (13.961%)
entry 464000/3316379 (13.9912%)
entry 468000/3316379 (14.1118%)
entry 469000/3316379 (14.1419%)
entry 471000/3316379 (14.2022%)
entry 473000/3316379 (14.2625%)
entry 474000/3316379 (14.2927%)
entry 475000/3316379 (14.3229%)
entry 477000/3316379 (14.3832%)
entry 483000/3316379 (14.5641%)
entry 485000/3316379 (14.6244%)
entry 488000/3316379 (14.7148%)
entry 489000/3316379 (14.745%)
entry 495000/3316379 (14.9259%)
entry 496000/3316379 (14.9561%)
entry 498000/3316379 (15.0164%)
entry 499000/3316379 (15.0465%)
entry 500000/3316379 (15.0767%)
entry 502000/3316379 (15.137%)
entry 503000/3316379 (15.1671%)
entry 504000/3316379 (15.1973%)
entry 505000/3316379 (15.2275%)
entry 507000/3316379 (15.2878%)
entry 508000/3316379 (15.3179%)
entry 510000/3316379 (15.3782%)
entry 511000/3316379 (15.4084%)
entry 514000/3316379 (15.4988%)
entry 520000/3316379 (15.6798%)
entry 525000/3316379 (15.8305%)
entry 528000/3316379 (15.921%)
entry 535000/3316379 (16.1321%)
entry 537000/3316379 (16.1924%)
entry 538000/3316379 (16.2225%)
entry 542000/3316379 (16.3431%)
entry 544000/3316379 (16.4034%)
entry 545000/3316379 (16.4336%)
entry 547000/3316379 (16.4939%)
entry 549000/3316379 (16.5542%)
entry 552000/3316379 (16.6447%)
entry 554000/3316379 (16.705%)
entry 555000/3316379 (16.7351%)
entry 563000/3316379 (16.9763%)
entry 565000/3316379 (17.0367%)
entry 566000/3316379 (17.0668%)
entry 568000/3316379 (17.1271%)
entry 569000/3316379 (17.1573%)
entry 571000/3316379 (17.2176%)
entry 575000/3316379 (17.3382%)
entry 578000/3316379 (17.4286%)
entry 579000/3316379 (17.4588%)
entry 584000/3316379 (17.6096%)
entry 586000/3316379 (17.6699%)
entry 587000/3316379 (17.7%)
entry 588000/3316379 (17.7302%)
entry 590000/3316379 (17.7905%)
entry 591000/3316379 (17.8206%)
entry 592000/3316379 (17.8508%)
entry 599000/3316379 (18.0619%)
entry 601000/3316379 (18.1222%)
entry 603000/3316379 (18.1825%)
entry 608000/3316379 (18.3332%)
entry 613000/3316379 (18.484%)
entry 620000/3316379 (18.6951%)
entry 622000/3316379 (18.7554%)
entry 623000/3316379 (18.7855%)
entry 626000/3316379 (18.876%)
entry 627000/3316379 (18.9062%)
entry 629000/3316379 (18.9665%)
entry 636000/3316379 (19.1775%)
entry 637000/3316379 (19.2077%)
entry 640000/3316379 (19.2982%)
entry 642000/3316379 (19.3585%)
entry 643000/3316379 (19.3886%)
entry 647000/3316379 (19.5092%)
entry 648000/3316379 (19.5394%)
entry 649000/3316379 (19.5695%)
entry 650000/3316379 (19.5997%)
entry 651000/3316379 (19.6298%)
entry 653000/3316379 (19.6902%)
entry 654000/3316379 (19.7203%)
entry 655000/3316379 (19.7505%)
entry 656000/3316379 (19.7806%)
entry 659000/3316379 (19.8711%)
entry 661000/3316379 (19.9314%)
entry 663000/3316379 (19.9917%)
entry 667000/3316379 (20.1123%)
entry 669000/3316379 (20.1726%)
entry 671000/3316379 (20.2329%)
entry 673000/3316379 (20.2932%)
entry 675000/3316379 (20.3535%)
entry 679000/3316379 (20.4741%)
entry 681000/3316379 (20.5344%)
entry 684000/3316379 (20.6249%)
entry 687000/3316379 (20.7154%)
entry 688000/3316379 (20.7455%)
entry 690000/3316379 (20.8058%)
entry 691000/3316379 (20.836%)
entry 692000/3316379 (20.8661%)
entry 694000/3316379 (20.9264%)
entry 698000/3316379 (21.0471%)
entry 699000/3316379 (21.0772%)
entry 700000/3316379 (21.1074%)
entry 702000/3316379 (21.1677%)
entry 713000/3316379 (21.4994%)
entry 714000/3316379 (21.5295%)
entry 718000/3316379 (21.6501%)
entry 726000/3316379 (21.8913%)
entry 732000/3316379 (22.0723%)
entry 733000/3316379 (22.1024%)
entry 735000/3316379 (22.1627%)
entry 737000/3316379 (22.223%)
entry 738000/3316379 (22.2532%)
entry 739000/3316379 (22.2833%)
entry 746000/3316379 (22.4944%)
entry 747000/3316379 (22.5246%)
entry 752000/3316379 (22.6753%)
entry 757000/3316379 (22.8261%)
entry 758000/3316379 (22.8563%)
entry 760000/3316379 (22.9166%)
entry 761000/3316379 (22.9467%)
entry 762000/3316379 (22.9769%)
entry 767000/3316379 (23.1276%)
entry 769000/3316379 (23.1879%)
entry 772000/3316379 (23.2784%)
entry 776000/3316379 (23.399%)
entry 779000/3316379 (23.4895%)
entry 786000/3316379 (23.7005%)
entry 788000/3316379 (23.7609%)
entry 792000/3316379 (23.8815%)
entry 800000/3316379 (24.1227%)
entry 801000/3316379 (24.1528%)
entry 803000/3316379 (24.2132%)
entry 805000/3316379 (24.2735%)
entry 811000/3316379 (24.4544%)
entry 812000/3316379 (24.4845%)
entry 815000/3316379 (24.575%)
entry 816000/3316379 (24.6051%)
entry 817000/3316379 (24.6353%)
entry 825000/3316379 (24.8765%)
entry 826000/3316379 (24.9067%)
entry 829000/3316379 (24.9971%)
entry 830000/3316379 (25.0273%)
entry 833000/3316379 (25.1178%)
entry 836000/3316379 (25.2082%)
entry 837000/3316379 (25.2384%)
entry 839000/3316379 (25.2987%)
entry 843000/3316379 (25.4193%)
entry 858000/3316379 (25.8716%)
entry 859000/3316379 (25.9017%)
entry 860000/3316379 (25.9319%)
entry 863000/3316379 (26.0224%)
entry 866000/3316379 (26.1128%)
entry 868000/3316379 (26.1731%)
entry 871000/3316379 (26.2636%)
entry 872000/3316379 (26.2937%)
entry 877000/3316379 (26.4445%)
entry 878000/3316379 (26.4747%)
entry 880000/3316379 (26.535%)
entry 881000/3316379 (26.5651%)
entry 883000/3316379 (26.6254%)
entry 884000/3316379 (26.6556%)
entry 888000/3316379 (26.7762%)
entry 891000/3316379 (26.8667%)
entry 893000/3316379 (26.927%)
entry 895000/3316379 (26.9873%)
entry 897000/3316379 (27.0476%)
entry 903000/3316379 (27.2285%)
entry 904000/3316379 (27.2586%)
entry 906000/3316379 (27.319%)
entry 907000/3316379 (27.3491%)
entry 908000/3316379 (27.3793%)
entry 914000/3316379 (27.5602%)
entry 916000/3316379 (27.6205%)
entry 922000/3316379 (27.8014%)
entry 924000/3316379 (27.8617%)
entry 925000/3316379 (27.8919%)
entry 926000/3316379 (27.922%)
entry 927000/3316379 (27.9522%)
entry 928000/3316379 (27.9823%)
entry 930000/3316379 (28.0426%)
entry 934000/3316379 (28.1632%)
entry 937000/3316379 (28.2537%)
entry 939000/3316379 (28.314%)
entry 940000/3316379 (28.3442%)
entry 944000/3316379 (28.4648%)
entry 946000/3316379 (28.5251%)
entry 947000/3316379 (28.5552%)
entry 949000/3316379 (28.6155%)
entry 951000/3316379 (28.6759%)
entry 952000/3316379 (28.706%)
entry 954000/3316379 (28.7663%)
entry 958000/3316379 (28.8869%)
entry 960000/3316379 (28.9472%)
entry 961000/3316379 (28.9774%)
entry 964000/3316379 (29.0678%)
entry 965000/3316379 (29.098%)
entry 969000/3316379 (29.2186%)
entry 971000/3316379 (29.2789%)
entry 972000/3316379 (29.3091%)
entry 974000/3316379 (29.3694%)
entry 975000/3316379 (29.3995%)
entry 977000/3316379 (29.4598%)
entry 981000/3316379 (29.5805%)
entry 983000/3316379 (29.6408%)
entry 984000/3316379 (29.6709%)
entry 990000/3316379 (29.8518%)
entry 994000/3316379 (29.9724%)
entry 999000/3316379 (30.1232%)
entry 1003000/3316379 (30.2438%)
entry 1008000/3316379 (30.3946%)
entry 1010000/3316379 (30.4549%)
entry 1011000/3316379 (30.4851%)
entry 1012000/3316379 (30.5152%)
entry 1018000/3316379 (30.6961%)
entry 1019000/3316379 (30.7263%)
entry 1020000/3316379 (30.7564%)
entry 1022000/3316379 (30.8167%)
entry 1027000/3316379 (30.9675%)
entry 1028000/3316379 (30.9977%)
entry 1029000/3316379 (31.0278%)
entry 1030000/3316379 (31.058%)
entry 1039000/3316379 (31.3294%)
entry 1040000/3316379 (31.3595%)
entry 1042000/3316379 (31.4198%)
entry 1045000/3316379 (31.5103%)
entry 1050000/3316379 (31.661%)
entry 1053000/3316379 (31.7515%)
entry 1056000/3316379 (31.842%)
entry 1057000/3316379 (31.8721%)
entry 1058000/3316379 (31.9023%)
entry 1059000/3316379 (31.9324%)
entry 1064000/3316379 (32.0832%)
entry 1067000/3316379 (32.1736%)
entry 1068000/3316379 (32.2038%)
entry 1072000/3316379 (32.3244%)
entry 1074000/3316379 (32.3847%)
entry 1075000/3316379 (32.4149%)
entry 1076000/3316379 (32.445%)
entry 1079000/3316379 (32.5355%)
entry 1085000/3316379 (32.7164%)
entry 1087000/3316379 (32.7767%)
entry 1088000/3316379 (32.8069%)
entry 1089000/3316379 (32.837%)
entry 1090000/3316379 (32.8672%)
entry 1091000/3316379 (32.8973%)
entry 1093000/3316379 (32.9576%)
entry 1097000/3316379 (33.0782%)
entry 1098000/3316379 (33.1084%)
entry 1099000/3316379 (33.1386%)
entry 1100000/3316379 (33.1687%)
entry 1105000/3316379 (33.3195%)
entry 1107000/3316379 (33.3798%)
entry 1108000/3316379 (33.4099%)
entry 1109000/3316379 (33.4401%)
entry 1111000/3316379 (33.5004%)
entry 1113000/3316379 (33.5607%)
entry 1115000/3316379 (33.621%)
entry 1116000/3316379 (33.6512%)
entry 1117000/3316379 (33.6813%)
entry 1119000/3316379 (33.7416%)
entry 1120000/3316379 (33.7718%)
entry 1121000/3316379 (33.8019%)
entry 1122000/3316379 (33.8321%)
entry 1126000/3316379 (33.9527%)
entry 1128000/3316379 (34.013%)
entry 1130000/3316379 (34.0733%)
entry 1136000/3316379 (34.2542%)
entry 1138000/3316379 (34.3145%)
entry 1140000/3316379 (34.3748%)
entry 1143000/3316379 (34.4653%)
entry 1144000/3316379 (34.4955%)
entry 1145000/3316379 (34.5256%)
entry 1148000/3316379 (34.6161%)
entry 1151000/3316379 (34.7065%)
entry 1160000/3316379 (34.9779%)
entry 1168000/3316379 (35.2191%)
entry 1169000/3316379 (35.2493%)
entry 1170000/3316379 (35.2794%)
entry 1172000/3316379 (35.3397%)
entry 1174000/3316379 (35.4001%)
entry 1175000/3316379 (35.4302%)
entry 1179000/3316379 (35.5508%)
entry 1180000/3316379 (35.581%)
entry 1181000/3316379 (35.6111%)
entry 1182000/3316379 (35.6413%)
entry 1184000/3316379 (35.7016%)
entry 1185000/3316379 (35.7317%)
entry 1186000/3316379 (35.7619%)
entry 1188000/3316379 (35.8222%)
entry 1189000/3316379 (35.8524%)
entry 1195000/3316379 (36.0333%)
entry 1204000/3316379 (36.3047%)
entry 1205000/3316379 (36.3348%)
entry 1206000/3316379 (36.365%)
entry 1207000/3316379 (36.3951%)
entry 1210000/3316379 (36.4856%)
entry 1212000/3316379 (36.5459%)
entry 1219000/3316379 (36.757%)
entry 1221000/3316379 (36.8173%)
entry 1222000/3316379 (36.8474%)
entry 1226000/3316379 (36.968%)
entry 1229000/3316379 (37.0585%)
entry 1230000/3316379 (37.0886%)
entry 1231000/3316379 (37.1188%)
entry 1232000/3316379 (37.1489%)
entry 1242000/3316379 (37.4505%)
entry 1243000/3316379 (37.4806%)
entry 1245000/3316379 (37.5409%)
entry 1248000/3316379 (37.6314%)
entry 1249000/3316379 (37.6616%)
entry 1252000/3316379 (37.752%)
entry 1256000/3316379 (37.8726%)
entry 1258000/3316379 (37.9329%)
entry 1261000/3316379 (38.0234%)
entry 1263000/3316379 (38.0837%)
entry 1265000/3316379 (38.144%)
entry 1267000/3316379 (38.2043%)
entry 1273000/3316379 (38.3852%)
entry 1274000/3316379 (38.4154%)
entry 1276000/3316379 (38.4757%)
entry 1277000/3316379 (38.5059%)
entry 1278000/3316379 (38.536%)
entry 1281000/3316379 (38.6265%)
entry 1282000/3316379 (38.6566%)
entry 1288000/3316379 (38.8375%)
entry 1292000/3316379 (38.9582%)
entry 1293000/3316379 (38.9883%)
entry 1296000/3316379 (39.0788%)
entry 1298000/3316379 (39.1391%)
entry 1299000/3316379 (39.1692%)
entry 1301000/3316379 (39.2295%)
entry 1302000/3316379 (39.2597%)
entry 1304000/3316379 (39.32%)
entry 1306000/3316379 (39.3803%)
entry 1307000/3316379 (39.4105%)
entry 1309000/3316379 (39.4708%)
entry 1311000/3316379 (39.5311%)
entry 1316000/3316379 (39.6818%)
entry 1318000/3316379 (39.7421%)
entry 1325000/3316379 (39.9532%)
entry 1327000/3316379 (40.0135%)
entry 1329000/3316379 (40.0738%)
entry 1333000/3316379 (40.1944%)
entry 1337000/3316379 (40.3151%)
entry 1338000/3316379 (40.3452%)
entry 1339000/3316379 (40.3754%)
entry 1340000/3316379 (40.4055%)
entry 1342000/3316379 (40.4658%)
entry 1343000/3316379 (40.496%)
entry 1350000/3316379 (40.707%)
entry 1351000/3316379 (40.7372%)
entry 1354000/3316379 (40.8277%)
entry 1356000/3316379 (40.888%)
entry 1357000/3316379 (40.9181%)
entry 1362000/3316379 (41.0689%)
entry 1363000/3316379 (41.099%)
entry 1365000/3316379 (41.1593%)
entry 1370000/3316379 (41.3101%)
entry 1372000/3316379 (41.3704%)
entry 1384000/3316379 (41.7323%)
entry 1389000/3316379 (41.883%)
entry 1391000/3316379 (41.9433%)
entry 1394000/3316379 (42.0338%)
entry 1402000/3316379 (42.275%)
entry 1405000/3316379 (42.3655%)
entry 1414000/3316379 (42.6369%)
entry 1415000/3316379 (42.667%)
entry 1416000/3316379 (42.6972%)
entry 1419000/3316379 (42.7876%)
entry 1421000/3316379 (42.8479%)
entry 1429000/3316379 (43.0892%)
entry 1430000/3316379 (43.1193%)
entry 1432000/3316379 (43.1796%)
entry 1434000/3316379 (43.2399%)
entry 1437000/3316379 (43.3304%)
entry 1438000/3316379 (43.3605%)
entry 1439000/3316379 (43.3907%)
entry 1442000/3316379 (43.4812%)
entry 1443000/3316379 (43.5113%)
entry 1444000/3316379 (43.5415%)
entry 1445000/3316379 (43.5716%)
entry 1449000/3316379 (43.6922%)
entry 1451000/3316379 (43.7525%)
entry 1453000/3316379 (43.8128%)
entry 1454000/3316379 (43.843%)
entry 1457000/3316379 (43.9335%)
entry 1461000/3316379 (44.0541%)
entry 1463000/3316379 (44.1144%)
entry 1464000/3316379 (44.1445%)
entry 1468000/3316379 (44.2651%)
entry 1477000/3316379 (44.5365%)
entry 1479000/3316379 (44.5968%)
entry 1481000/3316379 (44.6571%)
entry 1482000/3316379 (44.6873%)
entry 1485000/3316379 (44.7778%)
entry 1486000/3316379 (44.8079%)
entry 1487000/3316379 (44.8381%)
entry 1492000/3316379 (44.9888%)
entry 1493000/3316379 (45.019%)
entry 1495000/3316379 (45.0793%)
entry 1498000/3316379 (45.1697%)
entry 1500000/3316379 (45.2301%)
entry 1501000/3316379 (45.2602%)
entry 1505000/3316379 (45.3808%)
entry 1509000/3316379 (45.5014%)
entry 1511000/3316379 (45.5617%)
entry 1512000/3316379 (45.5919%)
entry 1513000/3316379 (45.622%)
entry 1515000/3316379 (45.6824%)
entry 1517000/3316379 (45.7427%)
entry 1518000/3316379 (45.7728%)
entry 1523000/3316379 (45.9236%)
entry 1524000/3316379 (45.9537%)
entry 1525000/3316379 (45.9839%)
entry 1528000/3316379 (46.0743%)
entry 1529000/3316379 (46.1045%)
entry 1531000/3316379 (46.1648%)
entry 1532000/3316379 (46.195%)
entry 1533000/3316379 (46.2251%)
entry 1534000/3316379 (46.2553%)
entry 1536000/3316379 (46.3156%)
entry 1537000/3316379 (46.3457%)
entry 1538000/3316379 (46.3759%)
entry 1543000/3316379 (46.5266%)
entry 1550000/3316379 (46.7377%)
entry 1553000/3316379 (46.8282%)
entry 1554000/3316379 (46.8583%)
entry 1556000/3316379 (46.9186%)
entry 1557000/3316379 (46.9488%)
entry 1558000/3316379 (46.979%)
entry 1559000/3316379 (47.0091%)
entry 1561000/3316379 (47.0694%)
entry 1564000/3316379 (47.1599%)
entry 1567000/3316379 (47.2503%)
entry 1569000/3316379 (47.3106%)
entry 1574000/3316379 (47.4614%)
entry 1575000/3316379 (47.4916%)
entry 1577000/3316379 (47.5519%)
entry 1582000/3316379 (47.7026%)
entry 1586000/3316379 (47.8232%)
entry 1588000/3316379 (47.8835%)
entry 1592000/3316379 (48.0042%)
entry 1593000/3316379 (48.0343%)
entry 1595000/3316379 (48.0946%)
entry 1599000/3316379 (48.2152%)
entry 1605000/3316379 (48.3962%)
entry 1606000/3316379 (48.4263%)
entry 1611000/3316379 (48.5771%)
entry 1613000/3316379 (48.6374%)
entry 1616000/3316379 (48.7278%)
entry 1617000/3316379 (48.758%)
entry 1619000/3316379 (48.8183%)
entry 1622000/3316379 (48.9088%)
entry 1626000/3316379 (49.0294%)
entry 1627000/3316379 (49.0595%)
entry 1631000/3316379 (49.1801%)
entry 1633000/3316379 (49.2405%)
entry 1636000/3316379 (49.3309%)
entry 1637000/3316379 (49.3611%)
entry 1645000/3316379 (49.6023%)
entry 1646000/3316379 (49.6324%)
entry 1647000/3316379 (49.6626%)
entry 1649000/3316379 (49.7229%)
entry 1652000/3316379 (49.8134%)
entry 1653000/3316379 (49.8435%)
entry 1661000/3316379 (50.0847%)
entry 1665000/3316379 (50.2054%)
entry 1667000/3316379 (50.2657%)
entry 1672000/3316379 (50.4164%)
entry 1679000/3316379 (50.6275%)
entry 1680000/3316379 (50.6577%)
entry 1681000/3316379 (50.6878%)
entry 1683000/3316379 (50.7481%)
entry 1689000/3316379 (50.929%)
entry 1690000/3316379 (50.9592%)
entry 1693000/3316379 (51.0497%)
entry 1695000/3316379 (51.11%)
entry 1697000/3316379 (51.1703%)
entry 1699000/3316379 (51.2306%)
entry 1701000/3316379 (51.2909%)
entry 1702000/3316379 (51.321%)
entry 1704000/3316379 (51.3813%)
entry 1706000/3316379 (51.4416%)
entry 1710000/3316379 (51.5623%)
entry 1711000/3316379 (51.5924%)
entry 1714000/3316379 (51.6829%)
entry 1715000/3316379 (51.713%)
entry 1723000/3316379 (51.9543%)
entry 1725000/3316379 (52.0146%)
entry 1726000/3316379 (52.0447%)
entry 1731000/3316379 (52.1955%)
entry 1733000/3316379 (52.2558%)
entry 1737000/3316379 (52.3764%)
entry 1738000/3316379 (52.4066%)
entry 1740000/3316379 (52.4669%)
entry 1741000/3316379 (52.497%)
entry 1743000/3316379 (52.5573%)
entry 1745000/3316379 (52.6176%)
entry 1748000/3316379 (52.7081%)
entry 1752000/3316379 (52.8287%)
entry 1753000/3316379 (52.8589%)
entry 1754000/3316379 (52.889%)
entry 1757000/3316379 (52.9795%)
entry 1758000/3316379 (53.0096%)
entry 1763000/3316379 (53.1604%)
entry 1765000/3316379 (53.2207%)
entry 1767000/3316379 (53.281%)
entry 1768000/3316379 (53.3112%)
entry 1775000/3316379 (53.5222%)
entry 1777000/3316379 (53.5825%)
entry 1778000/3316379 (53.6127%)
entry 1782000/3316379 (53.7333%)
entry 1784000/3316379 (53.7936%)
entry 1787000/3316379 (53.8841%)
entry 1792000/3316379 (54.0348%)
entry 1793000/3316379 (54.065%)
entry 1795000/3316379 (54.1253%)
entry 1796000/3316379 (54.1555%)
entry 1797000/3316379 (54.1856%)
entry 1799000/3316379 (54.2459%)
entry 1800000/3316379 (54.2761%)
entry 1801000/3316379 (54.3062%)
entry 1804000/3316379 (54.3967%)
entry 1807000/3316379 (54.4871%)
entry 1816000/3316379 (54.7585%)
entry 1831000/3316379 (55.2108%)
entry 1834000/3316379 (55.3013%)
entry 1838000/3316379 (55.4219%)
entry 1841000/3316379 (55.5124%)
entry 1842000/3316379 (55.5425%)
entry 1847000/3316379 (55.6933%)
entry 1851000/3316379 (55.8139%)
entry 1856000/3316379 (55.9647%)
entry 1862000/3316379 (56.1456%)
entry 1864000/3316379 (56.2059%)
entry 1865000/3316379 (56.236%)
entry 1869000/3316379 (56.3566%)
entry 1873000/3316379 (56.4773%)
entry 1874000/3316379 (56.5074%)
entry 1877000/3316379 (56.5979%)
entry 1879000/3316379 (56.6582%)
entry 1881000/3316379 (56.7185%)
entry 1885000/3316379 (56.8391%)
entry 1887000/3316379 (56.8994%)
entry 1888000/3316379 (56.9296%)
entry 1890000/3316379 (56.9899%)
entry 1891000/3316379 (57.02%)
entry 1893000/3316379 (57.0803%)
entry 1896000/3316379 (57.1708%)
entry 1898000/3316379 (57.2311%)
entry 1903000/3316379 (57.3819%)
entry 1905000/3316379 (57.4422%)
entry 1911000/3316379 (57.6231%)
entry 1913000/3316379 (57.6834%)
entry 1916000/3316379 (57.7739%)
entry 1920000/3316379 (57.8945%)
entry 1921000/3316379 (57.9246%)
entry 1925000/3316379 (58.0452%)
entry 1927000/3316379 (58.1055%)
entry 1931000/3316379 (58.2262%)
entry 1932000/3316379 (58.2563%)
entry 1935000/3316379 (58.3468%)
entry 1937000/3316379 (58.4071%)
entry 1938000/3316379 (58.4372%)
entry 1940000/3316379 (58.4975%)
entry 1941000/3316379 (58.5277%)
entry 1944000/3316379 (58.6182%)
entry 1947000/3316379 (58.7086%)
entry 1949000/3316379 (58.7689%)
entry 1951000/3316379 (58.8292%)
entry 1952000/3316379 (58.8594%)
entry 1953000/3316379 (58.8895%)
entry 1955000/3316379 (58.9498%)
entry 1956000/3316379 (58.98%)
entry 1957000/3316379 (59.0101%)
entry 1958000/3316379 (59.0403%)
entry 1959000/3316379 (59.0705%)
entry 1960000/3316379 (59.1006%)
entry 1963000/3316379 (59.1911%)
entry 1964000/3316379 (59.2212%)
entry 1965000/3316379 (59.2514%)
entry 1967000/3316379 (59.3117%)
entry 1970000/3316379 (59.4021%)
entry 1972000/3316379 (59.4624%)
entry 1973000/3316379 (59.4926%)
entry 1976000/3316379 (59.5831%)
entry 1979000/3316379 (59.6735%)
entry 1980000/3316379 (59.7037%)
entry 1983000/3316379 (59.7941%)
entry 1985000/3316379 (59.8544%)
entry 1989000/3316379 (59.9751%)
entry 1994000/3316379 (60.1258%)
entry 1996000/3316379 (60.1861%)
entry 1997000/3316379 (60.2163%)
entry 1999000/3316379 (60.2766%)
entry 2001000/3316379 (60.3369%)
entry 2004000/3316379 (60.4273%)
entry 2005000/3316379 (60.4575%)
entry 2007000/3316379 (60.5178%)
entry 2010000/3316379 (60.6083%)
entry 2014000/3316379 (60.7289%)
entry 2016000/3316379 (60.7892%)
entry 2018000/3316379 (60.8495%)
entry 2019000/3316379 (60.8797%)
entry 2021000/3316379 (60.94%)
entry 2022000/3316379 (60.9701%)
entry 2023000/3316379 (61.0003%)
entry 2024000/3316379 (61.0304%)
entry 2027000/3316379 (61.1209%)
entry 2028000/3316379 (61.151%)
entry 2032000/3316379 (61.2716%)
entry 2036000/3316379 (61.3923%)
entry 2038000/3316379 (61.4526%)
entry 2042000/3316379 (61.5732%)
entry 2054000/3316379 (61.935%)
entry 2056000/3316379 (61.9953%)
entry 2057000/3316379 (62.0255%)
entry 2063000/3316379 (62.2064%)
entry 2066000/3316379 (62.2969%)
entry 2068000/3316379 (62.3572%)
entry 2069000/3316379 (62.3873%)
entry 2071000/3316379 (62.4476%)
entry 2073000/3316379 (62.5079%)
entry 2080000/3316379 (62.719%)
entry 2081000/3316379 (62.7492%)
entry 2085000/3316379 (62.8698%)
entry 2086000/3316379 (62.8999%)
entry 2088000/3316379 (62.9602%)
entry 2089000/3316379 (62.9904%)
entry 2090000/3316379 (63.0205%)
entry 2091000/3316379 (63.0507%)
entry 2092000/3316379 (63.0808%)
entry 2099000/3316379 (63.2919%)
entry 2100000/3316379 (63.3221%)
entry 2110000/3316379 (63.6236%)
entry 2112000/3316379 (63.6839%)
entry 2113000/3316379 (63.7141%)
entry 2115000/3316379 (63.7744%)
entry 2119000/3316379 (63.895%)
entry 2126000/3316379 (64.1061%)
entry 2128000/3316379 (64.1664%)
entry 2130000/3316379 (64.2267%)
entry 2132000/3316379 (64.287%)
entry 2133000/3316379 (64.3171%)
entry 2135000/3316379 (64.3774%)
entry 2139000/3316379 (64.4981%)
entry 2142000/3316379 (64.5885%)
entry 2143000/3316379 (64.6187%)
entry 2144000/3316379 (64.6488%)
entry 2147000/3316379 (64.7393%)
entry 2148000/3316379 (64.7694%)
entry 2150000/3316379 (64.8297%)
entry 2151000/3316379 (64.8599%)
entry 2153000/3316379 (64.9202%)
entry 2154000/3316379 (64.9504%)
entry 2155000/3316379 (64.9805%)
entry 2159000/3316379 (65.1011%)
entry 2162000/3316379 (65.1916%)
entry 2163000/3316379 (65.2217%)
entry 2164000/3316379 (65.2519%)
entry 2167000/3316379 (65.3423%)
entry 2173000/3316379 (65.5233%)
entry 2177000/3316379 (65.6439%)
entry 2178000/3316379 (65.674%)
entry 2180000/3316379 (65.7343%)
entry 2182000/3316379 (65.7947%)
entry 2184000/3316379 (65.855%)
entry 2185000/3316379 (65.8851%)
entry 2190000/3316379 (66.0359%)
entry 2192000/3316379 (66.0962%)
entry 2194000/3316379 (66.1565%)
entry 2196000/3316379 (66.2168%)
entry 2198000/3316379 (66.2771%)
entry 2203000/3316379 (66.4279%)
entry 2204000/3316379 (66.458%)
entry 2207000/3316379 (66.5485%)
entry 2211000/3316379 (66.6691%)
entry 2219000/3316379 (66.9103%)
entry 2222000/3316379 (67.0008%)
entry 2223000/3316379 (67.0309%)
entry 2224000/3316379 (67.0611%)
entry 2226000/3316379 (67.1214%)
entry 2233000/3316379 (67.3325%)
entry 2239000/3316379 (67.5134%)
entry 2241000/3316379 (67.5737%)
entry 2243000/3316379 (67.634%)
entry 2248000/3316379 (67.7848%)
entry 2250000/3316379 (67.8451%)
entry 2252000/3316379 (67.9054%)
entry 2255000/3316379 (67.9958%)
entry 2257000/3316379 (68.0562%)
entry 2258000/3316379 (68.0863%)
entry 2259000/3316379 (68.1165%)
entry 2262000/3316379 (68.2069%)
entry 2264000/3316379 (68.2672%)
entry 2267000/3316379 (68.3577%)
entry 2269000/3316379 (68.418%)
entry 2270000/3316379 (68.4482%)
entry 2271000/3316379 (68.4783%)
entry 2275000/3316379 (68.5989%)
entry 2282000/3316379 (68.81%)
entry 2287000/3316379 (68.9608%)
entry 2292000/3316379 (69.1115%)
entry 2295000/3316379 (69.202%)
entry 2297000/3316379 (69.2623%)
entry 2299000/3316379 (69.3226%)
entry 2302000/3316379 (69.4131%)
entry 2303000/3316379 (69.4432%)
entry 2306000/3316379 (69.5337%)
entry 2307000/3316379 (69.5638%)
entry 2308000/3316379 (69.594%)
entry 2313000/3316379 (69.7447%)
entry 2317000/3316379 (69.8654%)
entry 2318000/3316379 (69.8955%)
entry 2319000/3316379 (69.9257%)
entry 2321000/3316379 (69.986%)
entry 2322000/3316379 (70.0161%)
entry 2327000/3316379 (70.1669%)
entry 2329000/3316379 (70.2272%)
entry 2331000/3316379 (70.2875%)
entry 2332000/3316379 (70.3177%)
entry 2333000/3316379 (70.3478%)
entry 2334000/3316379 (70.378%)
entry 2335000/3316379 (70.4081%)
entry 2338000/3316379 (70.4986%)
entry 2339000/3316379 (70.5287%)
entry 2345000/3316379 (70.7097%)
entry 2346000/3316379 (70.7398%)
entry 2351000/3316379 (70.8906%)
entry 2354000/3316379 (70.981%)
entry 2358000/3316379 (71.1016%)
entry 2360000/3316379 (71.1619%)
entry 2362000/3316379 (71.2223%)
entry 2363000/3316379 (71.2524%)
entry 2364000/3316379 (71.2826%)
entry 2365000/3316379 (71.3127%)
entry 2369000/3316379 (71.4333%)
entry 2370000/3316379 (71.4635%)
entry 2374000/3316379 (71.5841%)
entry 2375000/3316379 (71.6143%)
entry 2376000/3316379 (71.6444%)
entry 2379000/3316379 (71.7349%)
entry 2381000/3316379 (71.7952%)
entry 2382000/3316379 (71.8253%)
entry 2383000/3316379 (71.8555%)
entry 2384000/3316379 (71.8856%)
entry 2385000/3316379 (71.9158%)
entry 2393000/3316379 (72.157%)
entry 2394000/3316379 (72.1872%)
entry 2398000/3316379 (72.3078%)
entry 2401000/3316379 (72.3982%)
entry 2406000/3316379 (72.549%)
entry 2409000/3316379 (72.6395%)
entry 2413000/3316379 (72.7601%)
entry 2417000/3316379 (72.8807%)
entry 2418000/3316379 (72.9108%)
entry 2419000/3316379 (72.941%)
entry 2421000/3316379 (73.0013%)
entry 2422000/3316379 (73.0315%)
entry 2429000/3316379 (73.2425%)
entry 2432000/3316379 (73.333%)
entry 2433000/3316379 (73.3631%)
entry 2436000/3316379 (73.4536%)
entry 2438000/3316379 (73.5139%)
entry 2445000/3316379 (73.725%)
entry 2448000/3316379 (73.8154%)
entry 2452000/3316379 (73.9361%)
entry 2453000/3316379 (73.9662%)
entry 2454000/3316379 (73.9964%)
entry 2455000/3316379 (74.0265%)
entry 2456000/3316379 (74.0567%)
entry 2459000/3316379 (74.1471%)
entry 2460000/3316379 (74.1773%)
entry 2461000/3316379 (74.2074%)
entry 2467000/3316379 (74.3884%)
entry 2469000/3316379 (74.4487%)
entry 2474000/3316379 (74.5994%)
entry 2476000/3316379 (74.6597%)
entry 2479000/3316379 (74.7502%)
entry 2482000/3316379 (74.8407%)
entry 2483000/3316379 (74.8708%)
entry 2485000/3316379 (74.9311%)
entry 2489000/3316379 (75.0517%)
entry 2492000/3316379 (75.1422%)
entry 2494000/3316379 (75.2025%)
entry 2495000/3316379 (75.2327%)
entry 2500000/3316379 (75.3834%)
entry 2501000/3316379 (75.4136%)
entry 2502000/3316379 (75.4437%)
entry 2503000/3316379 (75.4739%)
entry 2504000/3316379 (75.504%)
entry 2506000/3316379 (75.5643%)
entry 2507000/3316379 (75.5945%)
entry 2511000/3316379 (75.7151%)
entry 2513000/3316379 (75.7754%)
entry 2517000/3316379 (75.896%)
entry 2522000/3316379 (76.0468%)
entry 2524000/3316379 (76.1071%)
entry 2525000/3316379 (76.1373%)
entry 2526000/3316379 (76.1674%)
entry 2528000/3316379 (76.2277%)
entry 2530000/3316379 (76.288%)
entry 2531000/3316379 (76.3182%)
entry 2537000/3316379 (76.4991%)
entry 2541000/3316379 (76.6197%)
entry 2543000/3316379 (76.68%)
entry 2544000/3316379 (76.7102%)
entry 2546000/3316379 (76.7705%)
entry 2547000/3316379 (76.8006%)
entry 2548000/3316379 (76.8308%)
entry 2552000/3316379 (76.9514%)
entry 2555000/3316379 (77.0419%)
entry 2558000/3316379 (77.1323%)
entry 2564000/3316379 (77.3132%)
entry 2569000/3316379 (77.464%)
entry 2571000/3316379 (77.5243%)
entry 2575000/3316379 (77.6449%)
entry 2577000/3316379 (77.7052%)
entry 2578000/3316379 (77.7354%)
entry 2579000/3316379 (77.7655%)
entry 2580000/3316379 (77.7957%)
entry 2581000/3316379 (77.8258%)
entry 2584000/3316379 (77.9163%)
entry 2586000/3316379 (77.9766%)
entry 2587000/3316379 (78.0068%)
entry 2588000/3316379 (78.0369%)
entry 2590000/3316379 (78.0972%)
entry 2591000/3316379 (78.1274%)
entry 2597000/3316379 (78.3083%)
entry 2603000/3316379 (78.4892%)
entry 2605000/3316379 (78.5495%)
entry 2606000/3316379 (78.5797%)
entry 2608000/3316379 (78.64%)
entry 2609000/3316379 (78.6701%)
entry 2614000/3316379 (78.8209%)
entry 2618000/3316379 (78.9415%)
entry 2624000/3316379 (79.1224%)
entry 2625000/3316379 (79.1526%)
entry 2626000/3316379 (79.1827%)
entry 2629000/3316379 (79.2732%)
entry 2630000/3316379 (79.3034%)
entry 2631000/3316379 (79.3335%)
entry 2632000/3316379 (79.3637%)
entry 2633000/3316379 (79.3938%)
entry 2634000/3316379 (79.424%)
entry 2636000/3316379 (79.4843%)
entry 2640000/3316379 (79.6049%)
entry 2644000/3316379 (79.7255%)
entry 2645000/3316379 (79.7557%)
entry 2648000/3316379 (79.8461%)
entry 2650000/3316379 (79.9064%)
entry 2654000/3316379 (80.027%)
entry 2656000/3316379 (80.0873%)
entry 2660000/3316379 (80.208%)
entry 2664000/3316379 (80.3286%)
entry 2666000/3316379 (80.3889%)
entry 2669000/3316379 (80.4793%)
entry 2671000/3316379 (80.5396%)
entry 2678000/3316379 (80.7507%)
entry 2679000/3316379 (80.7809%)
entry 2681000/3316379 (80.8412%)
entry 2684000/3316379 (80.9316%)
entry 2688000/3316379 (81.0523%)
entry 2689000/3316379 (81.0824%)
entry 2694000/3316379 (81.2332%)
entry 2700000/3316379 (81.4141%)
entry 2707000/3316379 (81.6252%)
entry 2710000/3316379 (81.7156%)
entry 2711000/3316379 (81.7458%)
entry 2717000/3316379 (81.9267%)
entry 2721000/3316379 (82.0473%)
entry 2724000/3316379 (82.1378%)
entry 2728000/3316379 (82.2584%)
entry 2732000/3316379 (82.379%)
entry 2733000/3316379 (82.4092%)
entry 2735000/3316379 (82.4695%)
entry 2737000/3316379 (82.5298%)
entry 2743000/3316379 (82.7107%)
entry 2744000/3316379 (82.7408%)
entry 2745000/3316379 (82.771%)
entry 2748000/3316379 (82.8615%)
entry 2749000/3316379 (82.8916%)
entry 2757000/3316379 (83.1328%)
entry 2758000/3316379 (83.163%)
entry 2762000/3316379 (83.2836%)
entry 2767000/3316379 (83.4344%)
entry 2769000/3316379 (83.4947%)
entry 2773000/3316379 (83.6153%)
entry 2778000/3316379 (83.7661%)
entry 2786000/3316379 (84.0073%)
entry 2790000/3316379 (84.1279%)
entry 2791000/3316379 (84.1581%)
entry 2793000/3316379 (84.2184%)
entry 2795000/3316379 (84.2787%)
entry 2798000/3316379 (84.3691%)
entry 2800000/3316379 (84.4294%)
entry 2801000/3316379 (84.4596%)
entry 2804000/3316379 (84.55%)
entry 2805000/3316379 (84.5802%)
entry 2808000/3316379 (84.6707%)
entry 2813000/3316379 (84.8214%)
entry 2814000/3316379 (84.8516%)
entry 2817000/3316379 (84.942%)
entry 2818000/3316379 (84.9722%)
entry 2819000/3316379 (85.0023%)
entry 2827000/3316379 (85.2436%)
entry 2829000/3316379 (85.3039%)
entry 2830000/3316379 (85.334%)
entry 2834000/3316379 (85.4546%)
entry 2835000/3316379 (85.4848%)
entry 2839000/3316379 (85.6054%)
entry 2843000/3316379 (85.726%)
entry 2845000/3316379 (85.7863%)
entry 2846000/3316379 (85.8165%)
entry 2847000/3316379 (85.8466%)
entry 2850000/3316379 (85.9371%)
entry 2855000/3316379 (86.0879%)
entry 2859000/3316379 (86.2085%)
entry 2860000/3316379 (86.2386%)
entry 2861000/3316379 (86.2688%)
entry 2867000/3316379 (86.4497%)
entry 2868000/3316379 (86.4799%)
entry 2869000/3316379 (86.51%)
entry 2871000/3316379 (86.5703%)
entry 2872000/3316379 (86.6005%)
entry 2874000/3316379 (86.6608%)
entry 2880000/3316379 (86.8417%)
entry 2882000/3316379 (86.902%)
entry 2883000/3316379 (86.9322%)
entry 2887000/3316379 (87.0528%)
entry 2891000/3316379 (87.1734%)
entry 2892000/3316379 (87.2035%)
entry 2902000/3316379 (87.5051%)
entry 2903000/3316379 (87.5352%)
entry 2904000/3316379 (87.5654%)
entry 2909000/3316379 (87.7162%)
entry 2910000/3316379 (87.7463%)
entry 2911000/3316379 (87.7765%)
entry 2914000/3316379 (87.8669%)
entry 2915000/3316379 (87.8971%)
entry 2916000/3316379 (87.9272%)
entry 2919000/3316379 (88.0177%)
entry 2923000/3316379 (88.1383%)
entry 2927000/3316379 (88.2589%)
entry 2933000/3316379 (88.4398%)
entry 2937000/3316379 (88.5604%)
entry 2938000/3316379 (88.5906%)
entry 2941000/3316379 (88.6811%)
entry 2952000/3316379 (89.0127%)
entry 2954000/3316379 (89.0731%)
entry 2958000/3316379 (89.1937%)
entry 2960000/3316379 (89.254%)
entry 2962000/3316379 (89.3143%)
entry 2963000/3316379 (89.3444%)
entry 2964000/3316379 (89.3746%)
entry 2968000/3316379 (89.4952%)
entry 2969000/3316379 (89.5254%)
entry 2973000/3316379 (89.646%)
entry 2976000/3316379 (89.7364%)
entry 2977000/3316379 (89.7666%)
entry 2979000/3316379 (89.8269%)
entry 2980000/3316379 (89.857%)
entry 2985000/3316379 (90.0078%)
entry 2986000/3316379 (90.038%)
entry 2988000/3316379 (90.0983%)
entry 2990000/3316379 (90.1586%)
entry 2999000/3316379 (90.43%)
entry 3001000/3316379 (90.4903%)
entry 3002000/3316379 (90.5204%)
entry 3005000/3316379 (90.6109%)
entry 3011000/3316379 (90.7918%)
entry 3014000/3316379 (90.8823%)
entry 3015000/3316379 (90.9124%)
entry 3018000/3316379 (91.0029%)
entry 3020000/3316379 (91.0632%)
entry 3025000/3316379 (91.2139%)
entry 3027000/3316379 (91.2742%)
entry 3032000/3316379 (91.425%)
entry 3035000/3316379 (91.5155%)
entry 3037000/3316379 (91.5758%)
entry 3039000/3316379 (91.6361%)
entry 3041000/3316379 (91.6964%)
entry 3043000/3316379 (91.7567%)
entry 3045000/3316379 (91.817%)
entry 3046000/3316379 (91.8472%)
entry 3050000/3316379 (91.9678%)
entry 3055000/3316379 (92.1185%)
entry 3057000/3316379 (92.1789%)
entry 3061000/3316379 (92.2995%)
entry 3062000/3316379 (92.3296%)
entry 3063000/3316379 (92.3598%)
entry 3065000/3316379 (92.4201%)
entry 3069000/3316379 (92.5407%)
entry 3070000/3316379 (92.5708%)
entry 3071000/3316379 (92.601%)
entry 3075000/3316379 (92.7216%)
entry 3076000/3316379 (92.7518%)
entry 3078000/3316379 (92.8121%)
entry 3081000/3316379 (92.9025%)
entry 3083000/3316379 (92.9628%)
entry 3087000/3316379 (93.0835%)
entry 3089000/3316379 (93.1438%)
entry 3093000/3316379 (93.2644%)
entry 3095000/3316379 (93.3247%)
entry 3096000/3316379 (93.3548%)
entry 3100000/3316379 (93.4754%)
entry 3101000/3316379 (93.5056%)
entry 3102000/3316379 (93.5358%)
entry 3104000/3316379 (93.5961%)
entry 3110000/3316379 (93.777%)
entry 3112000/3316379 (93.8373%)
entry 3113000/3316379 (93.8674%)
entry 3117000/3316379 (93.988%)
entry 3118000/3316379 (94.0182%)
entry 3123000/3316379 (94.169%)
entry 3124000/3316379 (94.1991%)
entry 3125000/3316379 (94.2293%)
entry 3127000/3316379 (94.2896%)
entry 3133000/3316379 (94.4705%)
entry 3143000/3316379 (94.772%)
entry 3145000/3316379 (94.8323%)
entry 3150000/3316379 (94.9831%)
entry 3152000/3316379 (95.0434%)
entry 3153000/3316379 (95.0736%)
entry 3156000/3316379 (95.164%)
entry 3158000/3316379 (95.2243%)
entry 3161000/3316379 (95.3148%)
entry 3164000/3316379 (95.4053%)
entry 3165000/3316379 (95.4354%)
entry 3167000/3316379 (95.4957%)
entry 3169000/3316379 (95.556%)
entry 3171000/3316379 (95.6163%)
entry 3172000/3316379 (95.6465%)
entry 3174000/3316379 (95.7068%)
entry 3175000/3316379 (95.7369%)
entry 3183000/3316379 (95.9782%)
entry 3185000/3316379 (96.0385%)
entry 3187000/3316379 (96.0988%)
entry 3188000/3316379 (96.1289%)
entry 3190000/3316379 (96.1892%)
entry 3193000/3316379 (96.2797%)
entry 3195000/3316379 (96.34%)
entry 3199000/3316379 (96.4606%)
entry 3201000/3316379 (96.5209%)
entry 3204000/3316379 (96.6114%)
entry 3210000/3316379 (96.7923%)
entry 3212000/3316379 (96.8526%)
entry 3215000/3316379 (96.9431%)
entry 3216000/3316379 (96.9732%)
entry 3217000/3316379 (97.0034%)
entry 3218000/3316379 (97.0335%)
entry 3222000/3316379 (97.1542%)
entry 3226000/3316379 (97.2748%)
entry 3227000/3316379 (97.3049%)
entry 3229000/3316379 (97.3652%)
entry 3230000/3316379 (97.3954%)
entry 3231000/3316379 (97.4255%)
entry 3234000/3316379 (97.516%)
entry 3238000/3316379 (97.6366%)
entry 3240000/3316379 (97.6969%)
entry 3243000/3316379 (97.7874%)
entry 3245000/3316379 (97.8477%)
entry 3246000/3316379 (97.8778%)
entry 3247000/3316379 (97.908%)
entry 3249000/3316379 (97.9683%)
entry 3250000/3316379 (97.9985%)
entry 3252000/3316379 (98.0588%)
entry 3254000/3316379 (98.1191%)
entry 3255000/3316379 (98.1492%)
entry 3264000/3316379 (98.4206%)
entry 3270000/3316379 (98.6015%)
entry 3271000/3316379 (98.6317%)
entry 3276000/3316379 (98.7824%)
entry 3277000/3316379 (98.8126%)
entry 3289000/3316379 (99.1744%)
entry 3291000/3316379 (99.2347%)
entry 3293000/3316379 (99.295%)
entry 3297000/3316379 (99.4157%)
entry 3298000/3316379 (99.4458%)
entry 3299000/3316379 (99.476%)
entry 3303000/3316379 (99.5966%)
entry 3305000/3316379 (99.6569%)
entry 3306000/3316379 (99.687%)
entry 3308000/3316379 (99.7473%)
entry 3310000/3316379 (99.8076%)
entry 3312000/3316379 (99.868%)
entry 3313000/3316379 (99.8981%)
entry 3314000/3316379 (99.9283%)
entry 3316000/3316379 (99.9886%)
all done
script done
