sphnx1077.sdcc.bnl.gov
rsyncing from /gpfs/mnt/gpfs02/sphenix/user/samfred/run25/ppg11/histmaking
running: /gpfs/mnt/gpfs02/sphenix/user/samfred/run25/ppg11/histmaking/script_data.sh 51444
LD_LIBRARY_PATH now /sphenix/user/samfred/run25/install//lib:/cvmfs/sphenix.sdcc.bnl.gov/alma9.2-gcc-14.2.0/opt/sphenix/core/gcc/14.2.0-2f0a0/x86_64-el9/lib:/cvmfs/sphenix.sdcc.bnl.gov/alma9.2-gcc-14.2.0/opt/sphenix/core/gcc/14.2.0-2f0a0/x86_64-el9/lib64:/cvmfs/sphenix.sdcc.bnl.gov/alma9.2-gcc-14.2.0/opt/sphenix/core/binutils/2.40-acaab/x86_64-el9/lib:.:/cvmfs/sphenix.sdcc.bnl.gov/alma9.2-gcc-14.2.0/release/release_new/new.10/lib64:/cvmfs/sphenix.sdcc.bnl.gov/alma9.2-gcc-14.2.0/release/release_new/new.10/lib:/cvmfs/sphenix.sdcc.bnl.gov/alma9.2-gcc-14.2.0/opt/sphenix/utils/lib:/cvmfs/sphenix.sdcc.bnl.gov/alma9.2-gcc-14.2.0/opt/sphenix/core/lib:/cvmfs/sphenix.sdcc.bnl.gov/alma9.2-gcc-14.2.0/opt/sphenix/core/root-6.32.06/lib:/cvmfs/sphenix.sdcc.bnl.gov/alma9.2-gcc-14.2.0/opt/sphenix/core/geant4.10.07.p04/lib64:/cvmfs/sphenix.sdcc.bnl.gov/alma9.2-gcc-14.2.0/opt/sphenix/core/lhapdf-5.9.1/lib:/usr/local/lib64:/usr/lib64
PATH now /sphenix/user/samfred/run25/install//bin:/cvmfs/sphenix.sdcc.bnl.gov/alma9.2-gcc-14.2.0/opt/sphenix/core/gcc/14.2.0-2f0a0/x86_64-el9/bin:/cvmfs/sphenix.sdcc.bnl.gov/alma9.2-gcc-14.2.0/opt/sphenix/core/binutils/2.40-acaab/x86_64-el9/bin:.:/cvmfs/sphenix.sdcc.bnl.gov/alma9.2-gcc-14.2.0/release/release_new/new.10/bin:/cvmfs/sphenix.sdcc.bnl.gov/alma9.2-gcc-14.2.0/opt/sphenix/utils/bin:/cvmfs/sphenix.sdcc.bnl.gov/alma9.2-gcc-14.2.0/opt/sphenix/core/bin:/cvmfs/sphenix.sdcc.bnl.gov/alma9.2-gcc-14.2.0/opt/sphenix/core/root-6.32.06/bin:/cvmfs/sphenix.sdcc.bnl.gov/alma9.2-gcc-14.2.0/opt/sphenix/core/geant4.10.07.p04/bin:/usr/local/bin:/usr/bin:/usr/local/sbin:/usr/sbin
SINGULARITY_CACHEDIR=/home/condor/local/sphnx/execute/dir_1938427
_CONDOR_CHIRP_CONFIG=/home/condor/local/sphnx/execute/dir_1938427/.chirp.config
_CONDOR_JOB_IWD=/sphenix/user/samfred/run25/ppg11/histmaking
G4ENSDFSTATEDATA=/cvmfs/sphenix.sdcc.bnl.gov/alma9.2-gcc-14.2.0/opt/sphenix/core/geant4.10.07.p04/share/Geant4-10.7.4/data/G4ENSDFSTATE2.3
_CONDOR_MACHINE_AD=/home/condor/local/sphnx/execute/dir_1938427/.machine.ad
ROOT_MAX_THREADS=1
NUMEXPR_NUM_THREADS=1
CUBACORES=1
_CHIRP_DELAYED_UPDATE_PREFIX=Chirp*
OMP_THREAD_LIMIT=1
G4PIIDATA=/cvmfs/sphenix.sdcc.bnl.gov/alma9.2-gcc-14.2.0/opt/sphenix/core/geant4.10.07.p04/share/Geant4-10.7.4/data/G4PII1.3
NO_AT_BRIDGE=1
G4_MAIN=/cvmfs/sphenix.sdcc.bnl.gov/alma9.2-gcc-14.2.0/opt/sphenix/core/geant4.10.07.p04
COMPILER_PATH=/cvmfs/sphenix.sdcc.bnl.gov/alma9.2-gcc-14.2.0/opt/sphenix/core/gcc/14.2.0-2f0a0/x86_64-el9
ROOT_INCLUDE_PATH=./:/sphenix/user/samfred/run25/install//include:/sphenix/user/samfred/run25/install//include/caloana:/sphenix/user/samfred/run25/install//include/qa_centrality:/sphenix/user/samfred/run25/install//include/mbdana:/sphenix/user/samfred/run25/install//include/centrality:/sphenix/user/samfred/run25/install//include/Event:/cvmfs/sphenix.sdcc.bnl.gov/alma9.2-gcc-14.2.0/release/release_new/new.10/include:/cvmfs/sphenix.sdcc.bnl.gov/alma9.2-gcc-14.2.0/release/release_new/new.10/include:/cvmfs/sphenix.sdcc.bnl.gov/alma9.2-gcc-14.2.0/release/release_new/new.10/include/g4mbd:/cvmfs/sphenix.sdcc.bnl.gov/alma9.2-gcc-14.2.0/release/release_new/new.10/include/fmt:/cvmfs/sphenix.sdcc.bnl.gov/alma9.2-gcc-14.2.0/release/release_new/new.10/include/ffarawobjects:/cvmfs/sphenix.sdcc.bnl.gov/alma9.2-gcc-14.2.0/release/release_new/new.10/include/JSON:/cvmfs/sphenix.sdcc.bnl.gov/alma9.2-gcc-14.2.0/release/release_new/new.10/include/calotreegen:/cvmfs/sphenix.sdcc.bnl.gov/alma9.2-gcc-14.2.0/release/release_new/new.10/include/torch:/cvmfs/sphenix.sdcc.bnl.gov/alma9.2-gcc-14.2.0/release/release_new/new.10/include/g4detectors:/cvmfs/sphenix.sdcc.bnl.gov/alma9.2-gcc-14.2.0/release/release_new/new.10/include/kineto:/cvmfs/sphenix.sdcc.bnl.gov/alma9.2-gcc-14.2.0/release/release_new/new.10/include/g4decayer:/cvmfs/sphenix.sdcc.bnl.gov/alma9.2-gcc-14.2.0/release/release_new/new.10/include/kfparticleqa:/cvmfs/sphenix.sdcc.bnl.gov/alma9.2-gcc-14.2.0/release/release_new/new.10/include/phfield:/cvmfs/sphenix.sdcc.bnl.gov/alma9.2-gcc-14.2.0/release/release_new/new.10/include/LHAPDF:/cvmfs/sphenix.sdcc.bnl.gov/alma9.2-gcc-14.2.0/release/release_new/new.10/include/readdigitalcurrents:/cvmfs/sphenix.sdcc.bnl.gov/alma9.2-gcc-14.2.0/release/release_new/new.10/include/c10:/cvmfs/sphenix.sdcc.bnl.gov/alma9.2-gcc-14.2.0/release/release_new/new.10/include/calovalid:/cvmfs/sphenix.sdcc.bnl.gov/alma9.2-gcc-14.2.0/release/release_new/new.10/include/oneapi:/cvmfs/sphenix.sdcc.bnl.gov/alma9.2-gcc-14.2.0/release/release_new/new.10/include/DDCond:/cvmfs/sphenix.sdcc.bnl.gov/alma9.2-gcc-14.2.0/release/release_new/new.10/include/g4tracking:/cvmfs/sphenix.sdcc.bnl.gov/alma9.2-gcc-14.2.0/release/release_new/new.10/include/litecaloeval:/cvmfs/sphenix.sdcc.bnl.gov/alma9.2-gcc-14.2.0/release/release_new/new.10/include/g4intt:/cvmfs/sphenix.sdcc.bnl.gov/alma9.2-gcc-14.2.0/release/release_new/new.10/include/phool:/cvmfs/sphenix.sdcc.bnl.gov/alma9.2-gcc-14.2.0/release/release_new/new.10/include/boost:/cvmfs/sphenix.sdcc.bnl.gov/alma9.2-gcc-14.2.0/release/release_new/new.10/include/Pythia8Plugins:/cvmfs/sphenix.sdcc.bnl.gov/alma9.2-gcc-14.2.0/release/release_new/new.10/include/calib_emc_pi0:/cvmfs/sphenix.sdcc.bnl.gov/alma9.2-gcc-14.2.0/release/release_new/new.10/include/hijingflipafterburner:/cvmfs/sphenix.sdcc.bnl.gov/alma9.2-gcc-14.2.0/release/release_new/new.10/include/ffaobjects:/cvmfs/sphenix.sdcc.bnl.gov/alma9.2-gcc-14.2.0/release/release_new/new.10/include/EvtGenBase:/cvmfs/sphenix.sdcc.bnl.gov/alma9.2-gcc-14.2.0/release/release_new/new.10/include/flowafterburner:/cvmfs/sphenix.sdcc.bnl.gov/alma9.2-gcc-14.2.0/release/release_new/new.10/include/google:/cvmfs/sphenix.sdcc.bnl.gov/alma9.2-gcc-14.2.0/release/release_new/new.10/include/g4tpc:/cvmfs/sphenix.sdcc.bnl.gov/alma9.2-gcc-14.2.0/release/release_new/new.10/include/caffe2:/cvmfs/sphenix.sdcc.bnl.gov/alma9.2-gcc-14.2.0/release/release_new/new.10/include/EvtGenExternal:/cvmfs/sphenix.sdcc.bnl.gov/alma9.2-gcc-14.2.0/release/release_new/new.10/include/fp16:/cvmfs/sphenix.sdcc.bnl.gov/alma9.2-gcc-14.2.0/release/release_new/new.10/include/ffamodules:/cvmfs/sphenix.sdcc.bnl.gov/alma9.2-gcc-14.2.0/release/release_new/new.10/include/uspin:/cvmfs/sphenix.sdcc.bnl.gov/alma9.2-gcc-14.2.0/release/release_new/new.10/include/Herwig:/cvmfs/sphenix.sdcc.bnl.gov/alma9.2-gcc-14.2.0/release/release_new/new.10/include/genfitexp:/cvmfs/sphenix.sdcc.bnl.gov/alma9.2-gcc-14.2.0/release/release_new/new.10/include/XML:/cvmfs/sphenix.sdcc.bnl.gov/alma9.2-gcc-14.2.0/release/release_new/new.10/include/fbgemm:/cvmfs/sphenix.sdcc.bnl.gov/alma9.2-gcc-14.2.0/release/release_new/new.10/include/DDAlign:/cvmfs/sphenix.sdcc.bnl.gov/alma9.2-gcc-14.2.0/release/release_new/new.10/include/g4mvtx:/cvmfs/sphenix.sdcc.bnl.gov/alma9.2-gcc-14.2.0/release/release_new/new.10/include/kfparticle_sphenix:/cvmfs/sphenix.sdcc.bnl.gov/alma9.2-gcc-14.2.0/release/release_new/new.10/include/fun4all:/cvmfs/sphenix.sdcc.bnl.gov/alma9.2-gcc-14.2.0/release/release_new/new.10/include/intt:/cvmfs/sphenix.sdcc.bnl.gov/alma9.2-gcc-14.2.0/release/release_new/new.10/include/eventdisplay:/cvmfs/sphenix.sdcc.bnl.gov/alma9.2-gcc-14.2.0/release/release_new/new.10/include/EvtGen:/cvmfs/sphenix.sdcc.bnl.gov/alma9.2-gcc-14.2.0/release/release_new/new.10/include/Evaluator:/cvmfs/sphenix.sdcc.bnl.gov/alma9.2-gcc-14.2.0/release/release_new/new.10/include/tpc:/cvmfs/sphenix.sdcc.bnl.gov/alma9.2-gcc-14.2.0/release/release_new/new.10/include/GenFit:/cvmfs/sphenix.sdcc.bnl.gov/alma9.2-gcc-14.2.0/release/release_new/new.10/include/prototype4:/cvmfs/sphenix.sdcc.bnl.gov/alma9.2-gcc-14.2.0/release/release_new/new.10/include/caloembedding:/cvmfs/sphenix.sdcc.bnl.gov/alma9.2-gcc-14.2.0/release/release_new/new.10/include/EvtGenModels:/cvmfs/sphenix.sdcc.bnl.gov/alma9.2-gcc-14.2.0/release/release_new/new.10/include/fastjet:/cvmfs/sphenix.sdcc.bnl.gov/alma9.2-gcc-14.2.0/release/release_new/new.10/include/DDG4:/cvmfs/sphenix.sdcc.bnl.gov/alma9.2-gcc-14.2.0/release/release_new/new.10/include/mbd:/cvmfs/sphenix.sdcc.bnl.gov/alma9.2-gcc-14.2.0/release/release_new/new.10/include/tbb:/cvmfs/sphenix.sdcc.bnl.gov/alma9.2-gcc-14.2.0/release/release_new/new.10/include/phgeom:/cvmfs/sphenix.sdcc.bnl.gov/alma9.2-gcc-14.2.0/release/release_new/new.10/include/g4epd:/cvmfs/sphenix.sdcc.bnl.gov/alma9.2-gcc-14.2.0/release/release_new/new.10/include/oncal:/cvmfs/sphenix.sdcc.bnl.gov/alma9.2-gcc-14.2.0/release/release_new/new.10/include/pybind11:/cvmfs/sphenix.sdcc.bnl.gov/alma9.2-gcc-14.2.0/release/release_new/new.10/include/tpcdistgenerator:/cvmfs/sphenix.sdcc.bnl.gov/alma9.2-gcc-14.2.0/release/release_new/new.10/include/cdbobjects:/cvmfs/sphenix.sdcc.bnl.gov/alma9.2-gcc-14.2.0/release/release_new/new.10/include/g4micromegas:/cvmfs/sphenix.sdcc.bnl.gov/alma9.2-gcc-14.2.0/release/release_new/new.10/include/g4eval:/cvmfs/sphenix.sdcc.bnl.gov/alma9.2-gcc-14.2.0/release/release_new/new.10/include/jetbackground:/cvmfs/sphenix.sdcc.bnl.gov/alma9.2-gcc-14.2.0/release/release_new/new.10/include/micromegas:/cvmfs/sphenix.sdcc.bnl.gov/alma9.2-gcc-14.2.0/release/release_new/new.10/include/hftrackefficiency:/cvmfs/sphenix.sdcc.bnl.gov/alma9.2-gcc-14.2.0/release/release_new/new.10/include/inttrawhitqa:/cvmfs/sphenix.sdcc.bnl.gov/alma9.2-gcc-14.2.0/release/release_new/new.10/include/centrality:/cvmfs/sphenix.sdcc.bnl.gov/alma9.2-gcc-14.2.0/release/release_new/new.10/include/epd:/cvmfs/sphenix.sdcc.bnl.gov/alma9.2-gcc-14.2.0/release/release_new/new.10/include/caloreco:/cvmfs/sphenix.sdcc.bnl.gov/alma9.2-gcc-14.2.0/release/release_new/new.10/include/HepMC:/cvmfs/sphenix.sdcc.bnl.gov/alma9.2-gcc-14.2.0/release/release_new/new.10/include/CLHEP:/cvmfs/sphenix.sdcc.bnl.gov/alma9.2-gcc-14.2.0/release/release_new/new.10/include/Acts:/cvmfs/sphenix.sdcc.bnl.gov/alma9.2-gcc-14.2.0/release/release_new/new.10/include/g4histos:/cvmfs/sphenix.sdcc.bnl.gov/alma9.2-gcc-14.2.0/release/release_new/new.10/include/eventplaneinfo:/cvmfs/sphenix.sdcc.bnl.gov/alma9.2-gcc-14.2.0/release/release_new/new.10/include/fillspacechargemaps:/cvmfs/sphenix.sdcc.bnl.gov/alma9.2-gcc-14.2.0/release/release_new/new.10/include/phhepmc:/cvmfs/sphenix.sdcc.bnl.gov/alma9.2-gcc-14.2.0/release/release_new/new.10/include/trackingqa:/cvmfs/sphenix.sdcc.bnl.gov/alma9.2-gcc-14.2.0/release/release_new/new.10/include/qautils:/cvmfs/sphenix.sdcc.bnl.gov/alma9.2-gcc-14.2.0/release/release_new/new.10/include/trackreco:/cvmfs/sphenix.sdcc.bnl.gov/alma9.2-gcc-14.2.0/release/release_new/new.10/include/g4ohcal:/cvmfs/sphenix.sdcc.bnl.gov/alma9.2-gcc-14.2.0/release/release_new/new.10/include/tpcdvcalib:/cvmfs/sphenix.sdcc.bnl.gov/alma9.2-gcc-14.2.0/release/release_new/new.10/include/zdcinfo:/cvmfs/sphenix.sdcc.bnl.gov/alma9.2-gcc-14.2.0/release/release_new/new.10/include/phpythia8:/cvmfs/sphenix.sdcc.bnl.gov/alma9.2-gcc-14.2.0/release/release_new/new.10/include/fun4allutils:/cvmfs/sphenix.sdcc.bnl.gov/alma9.2-gcc-14.2.0/release/release_new/new.10/include/tpcqa:/cvmfs/sphenix.sdcc.bnl.gov/alma9.2-gcc-14.2.0/release/release_new/new.10/include/Pythia8:/cvmfs/sphenix.sdcc.bnl.gov/alma9.2-gcc-14.2.0/release/release_new/new.10/include/DDRec:/cvmfs/sphenix.sdcc.bnl.gov/alma9.2-gcc-14.2.0/release/release_new/new.10/include/DDDigi:/cvmfs/sphenix.sdcc.bnl.gov/alma9.2-gcc-14.2.0/release/release_new/new.10/include/g4ihcal:/cvmfs/sphenix.sdcc.bnl.gov/alma9.2-gcc-14.2.0/release/release_new/new.10/include/frog:/cvmfs/sphenix.sdcc.bnl.gov/alma9.2-gcc-14.2.0/release/release_new/new.10/include/eigen3:/cvmfs/sphenix.sdcc.bnl.gov/alma9.2-gcc-14.2.0/release/release_new/new.10/include/tensorpipe:/cvmfs/sphenix.sdcc.bnl.gov/alma9.2-gcc-14.2.0/release/release_new/new.10/include/sphenixnpc:/cvmfs/sphenix.sdcc.bnl.gov/alma9.2-gcc-14.2.0/release/release_new/new.10/include/siscone:/cvmfs/sphenix.sdcc.bnl.gov/alma9.2-gcc-14.2.0/release/release_new/new.10/include/pmonitor:/cvmfs/sphenix.sdcc.bnl.gov/alma9.2-gcc-14.2.0/release/release_new/new.10/include/calobase:/cvmfs/sphenix.sdcc.bnl.gov/alma9.2-gcc-14.2.0/release/release_new/new.10/include/ActsExamples:/cvmfs/sphenix.sdcc.bnl.gov/alma9.2-gcc-14.2.0/release/release_new/new.10/include/g4gdml:/cvmfs/sphenix.sdcc.bnl.gov/alma9.2-gcc-14.2.0/release/release_new/new.10/include/mvtx_decoder:/cvmfs/sphenix.sdcc.bnl.gov/alma9.2-gcc-14.2.0/release/release_new/new.10/include/ROOT:/cvmfs/sphenix.sdcc.bnl.gov/alma9.2-gcc-14.2.0/release/release_new/new.10/include/phparameter:/cvmfs/sphenix.sdcc.bnl.gov/alma9.2-gcc-14.2.0/release/release_new/new.10/include/rsa:/cvmfs/sphenix.sdcc.bnl.gov/alma9.2-gcc-14.2.0/release/release_new/new.10/include/fun4allraw:/cvmfs/sphenix.sdcc.bnl.gov/alma9.2-gcc-14.2.0/release/release_new/new.10/include/trackbase_historic:/cvmfs/sphenix.sdcc.bnl.gov/alma9.2-gcc-14.2.0/release/release_new/new.10/include/g4jets:/cvmfs/sphenix.sdcc.bnl.gov/alma9.2-gcc-14.2.0/release/release_new/new.10/include/jetqa:/cvmfs/sphenix.sdcc.bnl.gov/alma9.2-gcc-14.2.0/release/release_new/new.10/include/phoolraw:/cvmfs/sphenix.sdcc.bnl.gov/alma9.2-gcc-14.2.0/release/release_new/new.10/include/g4calo:/cvmfs/sphenix.sdcc.bnl.gov/alma9.2-gcc-14.2.0/release/release_new/new.10/include/mvtxrawhitqa:/cvmfs/sphenix.sdcc.bnl.gov/alma9.2-gcc-14.2.0/release/release_new/new.10/include/HepMC3:/cvmfs/sphenix.sdcc.bnl.gov/alma9.2-gcc-14.2.0/release/release_new/new.10/include/calowaveformsim:/cvmfs/sphenix.sdcc.bnl.gov/alma9.2-gcc-14.2.0/release/release_new/new.10/include/g4caloprototype:/cvmfs/sphenix.sdcc.bnl.gov/alma9.2-gcc-14.2.0/release/release_new/new.10/include/pdbcalbase:/cvmfs/sphenix.sdcc.bnl.gov/alma9.2-gcc-14.2.0/release/release_new/new.10/include/gsl:/cvmfs/sphenix.sdcc.bnl.gov/alma9.2-gcc-14.2.0/release/release_new/new.10/include/nodedump:/cvmfs/sphenix.sdcc.bnl.gov/alma9.2-gcc-14.2.0/release/release_new/new.10/include/emcnoisytowerfinder:/cvmfs/sphenix.sdcc.bnl.gov/alma9.2-gcc-14.2.0/release/release_new/new.10/include/ActsFatras:/cvmfs/sphenix.sdcc.bnl.gov/alma9.2-gcc-14.2.0/release/release_new/new.10/include/ffarawmodules:/cvmfs/sphenix.sdcc.bnl.gov/alma9.2-gcc-14.2.0/release/release_new/new.10/include/Event:/cvmfs/sphenix.sdcc.bnl.gov/alma9.2-gcc-14.2.0/release/release_new/new.10/include/prototype3:/cvmfs/sphenix.sdcc.bnl.gov/alma9.2-gcc-14.2.0/release/release_new/new.10/include/fermimotionafterburner:/cvmfs/sphenix.sdcc.bnl.gov/alma9.2-gcc-14.2.0/release/release_new/new.10/include/Photos:/cvmfs/sphenix.sdcc.bnl.gov/alma9.2-gcc-14.2.0/release/release_new/new.10/include/xingshiftcal:/cvmfs/sphenix.sdcc.bnl.gov/alma9.2-gcc-14.2.0/release/release_new/new.10/include/trackbase:/cvmfs/sphenix.sdcc.bnl.gov/alma9.2-gcc-14.2.0/release/release_new/new.10/include/jetdstskimmer:/cvmfs/sphenix.sdcc.bnl.gov/alma9.2-gcc-14.2.0/release/release_new/new.10/include/clusteriso:/cvmfs/sphenix.sdcc.bnl.gov/alma9.2-gcc-14.2.0/release/release_new/new.10/include/asmjit:/cvmfs/sphenix.sdcc.bnl.gov/alma9.2-gcc-14.2.0/release/release_new/new.10/include/particleflowreco:/cvmfs/sphenix.sdcc.bnl.gov/alma9.2-gcc-14.2.0/release/release_new/new.10/include/tpchittrackdisplay:/cvmfs/sphenix.sdcc.bnl.gov/alma9.2-gcc-14.2.0/release/release_new/new.10/include/caloana:/cvmfs/sphenix.sdcc.bnl.gov/alma9.2-gcc-14.2.0/release/release_new/new.10/include/calotrigger:/cvmfs/sphenix.sdcc.bnl.gov/alma9.2-gcc-14.2.0/release/release_new/new.10/include/nopayloadclient:/cvmfs/sphenix.sdcc.bnl.gov/alma9.2-gcc-14.2.0/release/release_new/new.10/include/trackermillepedealignment:/cvmfs/sphenix.sdcc.bnl.gov/alma9.2-gcc-14.2.0/release/release_new/new.10/include/DD4hep:/cvmfs/sphenix.sdcc.bnl.gov/alma9.2-gcc-14.2.0/release/release_new/new.10/include/g4trackfastsim:/cvmfs/sphenix.sdcc.bnl.gov/alma9.2-gcc-14.2.0/release/release_new/new.10/include/prototype2:/cvmfs/sphenix.sdcc.bnl.gov/alma9.2-gcc-14.2.0/release/release_new/new.10/include/ATen:/cvmfs/sphenix.sdcc.bnl.gov/alma9.2-gcc-14.2.0/release/release_new/new.10/include/g4main:/cvmfs/sphenix.sdcc.bnl.gov/alma9.2-gcc-14.2.0/release/release_new/new.10/include/Tauola:/cvmfs/sphenix.sdcc.bnl.gov/alma9.2-gcc-14.2.0/release/release_new/new.10/include/inttcalib:/cvmfs/sphenix.sdcc.bnl.gov/alma9.2-gcc-14.2.0/release/release_new/new.10/include/reactionplaneafterburner:/cvmfs/sphenix.sdcc.bnl.gov/alma9.2-gcc-14.2.0/release/release_new/new.10/include/globalqa:/cvmfs/sphenix.sdcc.bnl.gov/alma9.2-gcc-14.2.0/release/release_new/new.10/include/tpccalib:/cvmfs/sphenix.sdcc.bnl.gov/alma9.2-gcc-14.2.0/release/release_new/new.10/include/DDSegmentation:/cvmfs/sphenix.sdcc.bnl.gov/alma9.2-gcc-14.2.0/release/release_new/new.10/include/decayfinder:/cvmfs/sphenix.sdcc.bnl.gov/alma9.2-gcc-14.2.0/release/release_new/new.10/include/compressclus:/cvmfs/sphenix.sdcc.bnl.gov/alma9.2-gcc-14.2.0/release/release_new/new.10/include/simqa_modules:/cvmfs/sphenix.sdcc.bnl.gov/alma9.2-gcc-14.2.0/release/release_new/new.10/include/resonancejettagging:/cvmfs/sphenix.sdcc.bnl.gov/alma9.2-gcc-14.2.0/release/release_new/new.10/include/g4centrality:/cvmfs/sphenix.sdcc.bnl.gov/alma9.2-gcc-14.2.0/release/release_new/new.10/include/mvtx:/cvmfs/sphenix.sdcc.bnl.gov/alma9.2-gcc-14.2.0/release/release_new/new.10/include/nlohmann:/cvmfs/sphenix.sdcc.bnl.gov/alma9.2-gcc-14.2.0/release/release_new/new.10/include/localpoloffmon:/cvmfs/sphenix.sdcc.bnl.gov/alma9.2-gcc-14.2.0/release/release_new/new.10/include/DDEve:/cvmfs/sphenix.sdcc.bnl.gov/alma9.2-gcc-14.2.0/release/release_new/new.10/include/Parsers:/cvmfs/sphenix.sdcc.bnl.gov/alma9.2-gcc-14.2.0/release/release_new/new.10/include/trackingdiagnostics:/cvmfs/sphenix.sdcc.bnl.gov/alma9.2-gcc-14.2.0/release/release_new/new.10/include/g4vertex:/cvmfs/sphenix.sdcc.bnl.gov/alma9.2-gcc-14.2.0/release/release_new/new.10/include/jetbase:/cvmfs/sphenix.sdcc.bnl.gov/alma9.2-gcc-14.2.0/release/release_new/new.10/include/globalvertex:/cvmfs/sphenix.sdcc.bnl.gov/alma9.2-gcc-14.2.0/release/release_new/new.10/include/phgenfit:/cvmfs/sphenix.sdcc.bnl.gov/alma9.2-gcc-14.2.0/release/release_new/new.10/include/rawbcolumi:/cvmfs/sphenix.sdcc.bnl.gov/alma9.2-gcc-14.2.0/release/release_new/new.10/include/eicsmear:/cvmfs/sphenix.sdcc.bnl.gov/alma9.2-gcc-14.2.0/release/release_new/new.10/include/mvtxcalib:/cvmfs/sphenix.sdcc.bnl.gov/alma9.2-gcc-14.2.0/release/release_new/new.10/include/tpclinelaserdiode:/cvmfs/sphenix.sdcc.bnl.gov/alma9.2-gcc-14.2.0/release/release_new/new.10/include/hepmcjettrigger:/cvmfs/sphenix.sdcc.bnl.gov/alma9.2-gcc-14.2.0/release/release_new/new.10/include/core:/cvmfs/sphenix.sdcc.bnl.gov/alma9.2-gcc-14.2.0/release/release_new/new.10/include/calo_cdb:/cvmfs/sphenix.sdcc.bnl.gov/alma9.2-gcc-14.2.0/release/release_new/new.10/include/mvtxclustershapesqa:/cvmfs/sphenix.sdcc.bnl.gov/alma9.2-gcc-14.2.0/release/release_new/new.10/include/calopacketskimmer:/cvmfs/sphenix.sdcc.bnl.gov/alma9.2-gcc-14.2.0/opt/sphenix/core/geant4.10.07.p04/include:/cvmfs/sphenix.sdcc.bnl.gov/alma9.2-gcc-14.2.0/release/release_new/new.10/rootmacros:/cvmfs/sphenix.sdcc.bnl.gov/alma9.2-gcc-14.2.0/opt/sphenix/core/include
GSEARCHPATH=.:PG:LUSTRE:RAWDATA
PWD=/gpfs/mnt/gpfs02/sphenix/user/samfred/run25/ppg11/histmaking
LOGNAME=samfred
_CONDOR_JOB_AD=/home/condor/local/sphnx/execute/dir_1938427/.job.ad
MANPATH=/cvmfs/sphenix.sdcc.bnl.gov/alma9.2-gcc-14.2.0/opt/sphenix/core/gcc/14.2.0-2f0a0/x86_64-el9/share/man:/cvmfs/sphenix.sdcc.bnl.gov/alma9.2-gcc-14.2.0/opt/sphenix/core/binutils/2.40-acaab/x86_64-el9/share/man:/cvmfs/sphenix.sdcc.bnl.gov/alma9.2-gcc-14.2.0/release/release_new/new.10/share/man:/cvmfs/sphenix.sdcc.bnl.gov/alma9.2-gcc-14.2.0/opt/sphenix/utils/share/man:/cvmfs/sphenix.sdcc.bnl.gov/alma9.2-gcc-14.2.0/opt/sphenix/core/share/man:/cvmfs/sphenix.sdcc.bnl.gov/alma9.2-gcc-14.2.0/opt/sphenix/core/root-6.32.06/man:/usr/local/share/man:/usr/share/man
PYTHIA8=/cvmfs/sphenix.sdcc.bnl.gov/alma9.2-gcc-14.2.0/release/release_new/new.10/share/Pythia8
G4INCLDATA=/cvmfs/sphenix.sdcc.bnl.gov/alma9.2-gcc-14.2.0/opt/sphenix/core/geant4.10.07.p04/share/Geant4-10.7.4/data/G4INCL1.0
ORIG_PATH=/usr/local/bin:/usr/bin
CXX=/cvmfs/sphenix.sdcc.bnl.gov/alma9.2-gcc-14.2.0/opt/sphenix/core/gcc/14.2.0-2f0a0/x86_64-el9/bin/g++
G4LEDATA=/cvmfs/sphenix.sdcc.bnl.gov/alma9.2-gcc-14.2.0/opt/sphenix/core/geant4.10.07.p04/share/Geant4-10.7.4/data/G4EMLOW7.13
PYTHON_CPU_COUNT=1
OPENBLAS_NUM_THREADS=1
_CONDOR_BIN=/usr/bin
HOME=/sphenix/u/samfred
G4PARTICLEXSDATA=/cvmfs/sphenix.sdcc.bnl.gov/alma9.2-gcc-14.2.0/opt/sphenix/core/geant4.10.07.p04/share/Geant4-10.7.4/data/G4PARTICLEXS3.1.1
_CONDOR_ANCESTOR_299904=1938427:1759352720:472867773
ONLINE_MAIN=/cvmfs/sphenix.sdcc.bnl.gov/alma9.2-gcc-14.2.0/release/release_new/new.10
CALIBRATIONROOT=/cvmfs/sphenix.sdcc.bnl.gov/alma9.2-gcc-14.2.0/release/release_new/new.10/share/calibrations
TMPDIR=/tmp
_CONDOR_SCRATCH_DIR=/home/condor/local/sphnx/execute/dir_1938427
PGUSER=phnxrc
NOPAYLOADCLIENT_CONF=/cvmfs/sphenix.sdcc.bnl.gov/alma9.2-gcc-14.2.0/opt/sphenix/core/etc/sPHENIX_newcdb.json
XERCESCROOT=/cvmfs/sphenix.sdcc.bnl.gov/alma9.2-gcc-14.2.0/opt/sphenix/core/geant4.10.07.p04
LHAPATH=/cvmfs/sphenix.sdcc.bnl.gov/alma9.2-gcc-14.2.0/opt/sphenix/core/lhapdf-5.9.1/share/lhapdf/PDFsets
G4NEUTRONHPDATA=/cvmfs/sphenix.sdcc.bnl.gov/alma9.2-gcc-14.2.0/opt/sphenix/core/geant4.10.07.p04/share/Geant4-10.7.4/data/G4NDL4.6
PYTHONPATH=.:/cvmfs/sphenix.sdcc.bnl.gov/alma9.2-gcc-14.2.0/release/release_new/new.10/lib/python3.13/site-packages:/cvmfs/sphenix.sdcc.bnl.gov/alma9.2-gcc-14.2.0/opt/sphenix/core/lib/python3.13/site-packages:/cvmfs/sphenix.sdcc.bnl.gov/alma9.2-gcc-14.2.0/opt/sphenix/core/root-6.32.06/lib
USER=samfred
_CONDOR_JOB_PIDS=
TEMP=/tmp
GOMAXPROCS=1
OFFLINE_MAIN=/cvmfs/sphenix.sdcc.bnl.gov/alma9.2-gcc-14.2.0/release/release_new/new.10
SHLVL=1
TF_NUM_THREADS=1
G4SAIDXSDATA=/cvmfs/sphenix.sdcc.bnl.gov/alma9.2-gcc-14.2.0/opt/sphenix/core/geant4.10.07.p04/share/Geant4-10.7.4/data/G4SAIDDATA2.0
APPTAINER_CACHEDIR=/home/condor/local/sphnx/execute/dir_1938427
ROOTSYS=/cvmfs/sphenix.sdcc.bnl.gov/alma9.2-gcc-14.2.0/opt/sphenix/core/root-6.32.06
BATCH_SYSTEM=HTCondor
_CONDOR_SLOT=slot1_52
LD_LIBRARY_PATH=/sphenix/user/samfred/run25/install//lib:/cvmfs/sphenix.sdcc.bnl.gov/alma9.2-gcc-14.2.0/opt/sphenix/core/gcc/14.2.0-2f0a0/x86_64-el9/lib:/cvmfs/sphenix.sdcc.bnl.gov/alma9.2-gcc-14.2.0/opt/sphenix/core/gcc/14.2.0-2f0a0/x86_64-el9/lib64:/cvmfs/sphenix.sdcc.bnl.gov/alma9.2-gcc-14.2.0/opt/sphenix/core/binutils/2.40-acaab/x86_64-el9/lib:.:/cvmfs/sphenix.sdcc.bnl.gov/alma9.2-gcc-14.2.0/release/release_new/new.10/lib64:/cvmfs/sphenix.sdcc.bnl.gov/alma9.2-gcc-14.2.0/release/release_new/new.10/lib:/cvmfs/sphenix.sdcc.bnl.gov/alma9.2-gcc-14.2.0/opt/sphenix/utils/lib:/cvmfs/sphenix.sdcc.bnl.gov/alma9.2-gcc-14.2.0/opt/sphenix/core/lib:/cvmfs/sphenix.sdcc.bnl.gov/alma9.2-gcc-14.2.0/opt/sphenix/core/root-6.32.06/lib:/cvmfs/sphenix.sdcc.bnl.gov/alma9.2-gcc-14.2.0/opt/sphenix/core/geant4.10.07.p04/lib64:/cvmfs/sphenix.sdcc.bnl.gov/alma9.2-gcc-14.2.0/opt/sphenix/core/lhapdf-5.9.1/lib:/usr/local/lib64:/usr/lib64
_CONDOR_ANCESTOR_299869=299904:1756523318:984826014
OPT_SPHENIX=/cvmfs/sphenix.sdcc.bnl.gov/alma9.2-gcc-14.2.0/opt/sphenix/core
TF_LOOP_PARALLEL_ITERATIONS=1
EVT_LIB=/cvmfs/sphenix.sdcc.bnl.gov/alma9.2-gcc-14.2.0/opt/sphenix/core/root-6.32.06/lib
PGHOST=sphnxdbmaster.sdcc.bnl.gov
OMP_NUM_THREADS=1
G4REALSURFACEDATA=/cvmfs/sphenix.sdcc.bnl.gov/alma9.2-gcc-14.2.0/opt/sphenix/core/geant4.10.07.p04/share/Geant4-10.7.4/data/RealSurface2.2
FC=/cvmfs/sphenix.sdcc.bnl.gov/alma9.2-gcc-14.2.0/opt/sphenix/core/gcc/14.2.0-2f0a0/x86_64-el9/bin/gfortran
G4ABLADATA=/cvmfs/sphenix.sdcc.bnl.gov/alma9.2-gcc-14.2.0/opt/sphenix/core/geant4.10.07.p04/share/Geant4-10.7.4/data/G4ABLA3.1
PARASOFT=doesnotexist
TMP=/tmp
OPT_UTILS=/cvmfs/sphenix.sdcc.bnl.gov/alma9.2-gcc-14.2.0/opt/sphenix/utils
CONFIG_SITE=/cvmfs/sphenix.sdcc.bnl.gov/alma9.2-gcc-14.2.0/opt/sphenix/core/etc/config.site
PATH=/sphenix/user/samfred/run25/install//bin:/cvmfs/sphenix.sdcc.bnl.gov/alma9.2-gcc-14.2.0/opt/sphenix/core/gcc/14.2.0-2f0a0/x86_64-el9/bin:/cvmfs/sphenix.sdcc.bnl.gov/alma9.2-gcc-14.2.0/opt/sphenix/core/binutils/2.40-acaab/x86_64-el9/bin:.:/cvmfs/sphenix.sdcc.bnl.gov/alma9.2-gcc-14.2.0/release/release_new/new.10/bin:/cvmfs/sphenix.sdcc.bnl.gov/alma9.2-gcc-14.2.0/opt/sphenix/utils/bin:/cvmfs/sphenix.sdcc.bnl.gov/alma9.2-gcc-14.2.0/opt/sphenix/core/bin:/cvmfs/sphenix.sdcc.bnl.gov/alma9.2-gcc-14.2.0/opt/sphenix/core/root-6.32.06/bin:/cvmfs/sphenix.sdcc.bnl.gov/alma9.2-gcc-14.2.0/opt/sphenix/core/geant4.10.07.p04/bin:/usr/local/bin:/usr/bin:/usr/local/sbin:/usr/sbin
G4LEVELGAMMADATA=/cvmfs/sphenix.sdcc.bnl.gov/alma9.2-gcc-14.2.0/opt/sphenix/core/geant4.10.07.p04/share/Geant4-10.7.4/data/PhotonEvaporation5.7
CC=/cvmfs/sphenix.sdcc.bnl.gov/alma9.2-gcc-14.2.0/opt/sphenix/core/gcc/14.2.0-2f0a0/x86_64-el9/bin/gcc
G4RADIOACTIVEDATA=/cvmfs/sphenix.sdcc.bnl.gov/alma9.2-gcc-14.2.0/opt/sphenix/core/geant4.10.07.p04/share/Geant4-10.7.4/data/RadioactiveDecay5.6
JULIA_NUM_THREADS=1
_CONDOR_ANCESTOR_1938427=1942310:1759352720:2731558161
MKL_NUM_THREADS=1
LHAPDF_DATA_PATH=/cvmfs/sphenix.sdcc.bnl.gov/alma9.2-gcc-14.2.0/release/release_new/new.10/share/LHAPDF
XPLOAD_CONFIG_DIR=/cvmfs/sphenix.sdcc.bnl.gov/alma9.2-gcc-14.2.0/opt/sphenix/core/etc
OLDPWD=/cvmfs/sphenix.sdcc.bnl.gov/alma9.2-gcc-14.2.0/release/release_new/new.10/geant4
_=/usr/bin/printenv
runnumber...
51444
trigger...

   ------------------------------------------------------------------
  | Welcome to ROOT 6.32.06                        https://root.cern |
  | (c) 1995-2024, The ROOT Team; conception: R. Brun, F. Rademakers |
  | Built for linuxx8664gcc on Dec 13 2024, 17:23:48                 |
  | From tags/6-32-06@6-32-06                                        |
  | With g++ (GCC) 14.2.0                                            |
  | Try '.help'/'.?', '.demo', '.license', '.credits', '.quit'/'.q'  |
   ------------------------------------------------------------------


Processing data_histmaker.C(51444)...
entry 1000/2418481 (0.0413483%)
entry 2000/2418481 (0.0826965%)
entry 5000/2418481 (0.206741%)
entry 6000/2418481 (0.24809%)
entry 7000/2418481 (0.289438%)
entry 9000/2418481 (0.372134%)
entry 10000/2418481 (0.413483%)
entry 12000/2418481 (0.496179%)
entry 13000/2418481 (0.537527%)
entry 14000/2418481 (0.578876%)
entry 15000/2418481 (0.620224%)
entry 17000/2418481 (0.702921%)
entry 18000/2418481 (0.744269%)
entry 19000/2418481 (0.785617%)
entry 20000/2418481 (0.826965%)
entry 21000/2418481 (0.868314%)
entry 22000/2418481 (0.909662%)
entry 23000/2418481 (0.95101%)
entry 25000/2418481 (1.03371%)
entry 26000/2418481 (1.07505%)
entry 27000/2418481 (1.1164%)
entry 29000/2418481 (1.1991%)
entry 30000/2418481 (1.24045%)
entry 31000/2418481 (1.2818%)
entry 32000/2418481 (1.32314%)
entry 34000/2418481 (1.40584%)
entry 36000/2418481 (1.48854%)
entry 40000/2418481 (1.65393%)
entry 41000/2418481 (1.69528%)
entry 43000/2418481 (1.77798%)
entry 44000/2418481 (1.81932%)
entry 45000/2418481 (1.86067%)
entry 46000/2418481 (1.90202%)
entry 47000/2418481 (1.94337%)
entry 48000/2418481 (1.98472%)
entry 49000/2418481 (2.02607%)
entry 51000/2418481 (2.10876%)
entry 52000/2418481 (2.15011%)
entry 53000/2418481 (2.19146%)
entry 54000/2418481 (2.23281%)
entry 55000/2418481 (2.27415%)
entry 56000/2418481 (2.3155%)
entry 57000/2418481 (2.35685%)
entry 59000/2418481 (2.43955%)
entry 63000/2418481 (2.60494%)
entry 64000/2418481 (2.64629%)
entry 66000/2418481 (2.72899%)
entry 67000/2418481 (2.77033%)
entry 68000/2418481 (2.81168%)
entry 69000/2418481 (2.85303%)
entry 70000/2418481 (2.89438%)
entry 72000/2418481 (2.97708%)
entry 73000/2418481 (3.01842%)
entry 74000/2418481 (3.05977%)
entry 75000/2418481 (3.10112%)
entry 76000/2418481 (3.14247%)
entry 81000/2418481 (3.34921%)
entry 82000/2418481 (3.39056%)
entry 83000/2418481 (3.43191%)
entry 84000/2418481 (3.47325%)
entry 85000/2418481 (3.5146%)
entry 87000/2418481 (3.5973%)
entry 88000/2418481 (3.63865%)
entry 90000/2418481 (3.72134%)
entry 91000/2418481 (3.76269%)
entry 92000/2418481 (3.80404%)
entry 93000/2418481 (3.84539%)
entry 94000/2418481 (3.88674%)
entry 95000/2418481 (3.92809%)
entry 97000/2418481 (4.01078%)
entry 98000/2418481 (4.05213%)
entry 99000/2418481 (4.09348%)
entry 100000/2418481 (4.13483%)
entry 101000/2418481 (4.17618%)
entry 102000/2418481 (4.21752%)
entry 103000/2418481 (4.25887%)
entry 104000/2418481 (4.30022%)
entry 105000/2418481 (4.34157%)
entry 106000/2418481 (4.38292%)
entry 107000/2418481 (4.42426%)
entry 108000/2418481 (4.46561%)
entry 110000/2418481 (4.54831%)
entry 114000/2418481 (4.7137%)
entry 116000/2418481 (4.7964%)
entry 118000/2418481 (4.8791%)
entry 120000/2418481 (4.96179%)
entry 121000/2418481 (5.00314%)
entry 122000/2418481 (5.04449%)
entry 123000/2418481 (5.08584%)
entry 124000/2418481 (5.12719%)
entry 125000/2418481 (5.16853%)
entry 129000/2418481 (5.33393%)
entry 130000/2418481 (5.37527%)
entry 131000/2418481 (5.41662%)
entry 132000/2418481 (5.45797%)
entry 133000/2418481 (5.49932%)
entry 134000/2418481 (5.54067%)
entry 135000/2418481 (5.58202%)
entry 136000/2418481 (5.62336%)
entry 137000/2418481 (5.66471%)
entry 138000/2418481 (5.70606%)
entry 139000/2418481 (5.74741%)
entry 140000/2418481 (5.78876%)
entry 143000/2418481 (5.9128%)
entry 145000/2418481 (5.9955%)
entry 148000/2418481 (6.11954%)
entry 152000/2418481 (6.28494%)
entry 153000/2418481 (6.32629%)
entry 155000/2418481 (6.40898%)
entry 157000/2418481 (6.49168%)
entry 158000/2418481 (6.53303%)
entry 159000/2418481 (6.57437%)
entry 160000/2418481 (6.61572%)
entry 161000/2418481 (6.65707%)
entry 164000/2418481 (6.78112%)
entry 165000/2418481 (6.82246%)
entry 166000/2418481 (6.86381%)
entry 170000/2418481 (7.02921%)
entry 171000/2418481 (7.07055%)
entry 173000/2418481 (7.15325%)
entry 174000/2418481 (7.1946%)
entry 175000/2418481 (7.23595%)
entry 176000/2418481 (7.27729%)
entry 177000/2418481 (7.31864%)
entry 178000/2418481 (7.35999%)
entry 179000/2418481 (7.40134%)
entry 180000/2418481 (7.44269%)
entry 181000/2418481 (7.48404%)
entry 182000/2418481 (7.52538%)
entry 183000/2418481 (7.56673%)
entry 184000/2418481 (7.60808%)
entry 185000/2418481 (7.64943%)
entry 187000/2418481 (7.73213%)
entry 188000/2418481 (7.77347%)
entry 189000/2418481 (7.81482%)
entry 190000/2418481 (7.85617%)
entry 193000/2418481 (7.98022%)
entry 195000/2418481 (8.06291%)
entry 196000/2418481 (8.10426%)
entry 198000/2418481 (8.18696%)
entry 200000/2418481 (8.26965%)
entry 201000/2418481 (8.311%)
entry 202000/2418481 (8.35235%)
entry 203000/2418481 (8.3937%)
entry 205000/2418481 (8.4764%)
entry 207000/2418481 (8.55909%)
entry 208000/2418481 (8.60044%)
entry 211000/2418481 (8.72448%)
entry 212000/2418481 (8.76583%)
entry 213000/2418481 (8.80718%)
entry 215000/2418481 (8.88988%)
entry 216000/2418481 (8.93123%)
entry 218000/2418481 (9.01392%)
entry 219000/2418481 (9.05527%)
entry 220000/2418481 (9.09662%)
entry 221000/2418481 (9.13797%)
entry 222000/2418481 (9.17932%)
entry 223000/2418481 (9.22066%)
entry 224000/2418481 (9.26201%)
entry 226000/2418481 (9.34471%)
entry 229000/2418481 (9.46875%)
entry 230000/2418481 (9.5101%)
entry 232000/2418481 (9.5928%)
entry 233000/2418481 (9.63415%)
entry 234000/2418481 (9.67549%)
entry 235000/2418481 (9.71684%)
entry 236000/2418481 (9.75819%)
entry 237000/2418481 (9.79954%)
entry 238000/2418481 (9.84089%)
entry 239000/2418481 (9.88224%)
entry 240000/2418481 (9.92358%)
entry 241000/2418481 (9.96493%)
entry 242000/2418481 (10.0063%)
entry 244000/2418481 (10.089%)
entry 245000/2418481 (10.1303%)
entry 246000/2418481 (10.1717%)
entry 248000/2418481 (10.2544%)
entry 250000/2418481 (10.3371%)
entry 251000/2418481 (10.3784%)
entry 253000/2418481 (10.4611%)
entry 254000/2418481 (10.5025%)
entry 256000/2418481 (10.5852%)
entry 258000/2418481 (10.6679%)
entry 259000/2418481 (10.7092%)
entry 260000/2418481 (10.7505%)
entry 262000/2418481 (10.8332%)
entry 263000/2418481 (10.8746%)
entry 264000/2418481 (10.9159%)
entry 266000/2418481 (10.9986%)
entry 267000/2418481 (11.04%)
entry 268000/2418481 (11.0813%)
entry 269000/2418481 (11.1227%)
entry 271000/2418481 (11.2054%)
entry 276000/2418481 (11.4121%)
entry 277000/2418481 (11.4535%)
entry 278000/2418481 (11.4948%)
entry 280000/2418481 (11.5775%)
entry 282000/2418481 (11.6602%)
entry 283000/2418481 (11.7016%)
entry 286000/2418481 (11.8256%)
entry 287000/2418481 (11.867%)
entry 288000/2418481 (11.9083%)
entry 289000/2418481 (11.9496%)
entry 290000/2418481 (11.991%)
entry 292000/2418481 (12.0737%)
entry 294000/2418481 (12.1564%)
entry 295000/2418481 (12.1977%)
entry 297000/2418481 (12.2804%)
entry 298000/2418481 (12.3218%)
entry 299000/2418481 (12.3631%)
entry 300000/2418481 (12.4045%)
entry 303000/2418481 (12.5285%)
entry 304000/2418481 (12.5699%)
entry 305000/2418481 (12.6112%)
entry 307000/2418481 (12.6939%)
entry 308000/2418481 (12.7353%)
entry 309000/2418481 (12.7766%)
entry 310000/2418481 (12.818%)
entry 311000/2418481 (12.8593%)
entry 312000/2418481 (12.9007%)
entry 313000/2418481 (12.942%)
entry 314000/2418481 (12.9834%)
entry 316000/2418481 (13.0661%)
entry 317000/2418481 (13.1074%)
entry 318000/2418481 (13.1487%)
entry 319000/2418481 (13.1901%)
entry 320000/2418481 (13.2314%)
entry 321000/2418481 (13.2728%)
entry 322000/2418481 (13.3141%)
entry 323000/2418481 (13.3555%)
entry 324000/2418481 (13.3968%)
entry 325000/2418481 (13.4382%)
entry 327000/2418481 (13.5209%)
entry 328000/2418481 (13.5622%)
entry 329000/2418481 (13.6036%)
entry 330000/2418481 (13.6449%)
entry 331000/2418481 (13.6863%)
entry 332000/2418481 (13.7276%)
entry 334000/2418481 (13.8103%)
entry 337000/2418481 (13.9344%)
entry 338000/2418481 (13.9757%)
entry 339000/2418481 (14.0171%)
entry 340000/2418481 (14.0584%)
entry 342000/2418481 (14.1411%)
entry 343000/2418481 (14.1825%)
entry 344000/2418481 (14.2238%)
entry 345000/2418481 (14.2652%)
entry 347000/2418481 (14.3478%)
entry 348000/2418481 (14.3892%)
entry 349000/2418481 (14.4305%)
entry 350000/2418481 (14.4719%)
entry 353000/2418481 (14.5959%)
entry 354000/2418481 (14.6373%)
entry 355000/2418481 (14.6786%)
entry 356000/2418481 (14.72%)
entry 357000/2418481 (14.7613%)
entry 359000/2418481 (14.844%)
entry 360000/2418481 (14.8854%)
entry 361000/2418481 (14.9267%)
entry 363000/2418481 (15.0094%)
entry 364000/2418481 (15.0508%)
entry 365000/2418481 (15.0921%)
entry 367000/2418481 (15.1748%)
entry 373000/2418481 (15.4229%)
entry 374000/2418481 (15.4643%)
entry 375000/2418481 (15.5056%)
entry 376000/2418481 (15.5469%)
entry 377000/2418481 (15.5883%)
entry 378000/2418481 (15.6296%)
entry 380000/2418481 (15.7123%)
entry 381000/2418481 (15.7537%)
entry 382000/2418481 (15.795%)
entry 383000/2418481 (15.8364%)
entry 384000/2418481 (15.8777%)
entry 385000/2418481 (15.9191%)
entry 386000/2418481 (15.9604%)
entry 387000/2418481 (16.0018%)
entry 388000/2418481 (16.0431%)
entry 390000/2418481 (16.1258%)
entry 391000/2418481 (16.1672%)
entry 392000/2418481 (16.2085%)
entry 393000/2418481 (16.2499%)
entry 394000/2418481 (16.2912%)
entry 395000/2418481 (16.3326%)
entry 397000/2418481 (16.4153%)
entry 401000/2418481 (16.5807%)
entry 402000/2418481 (16.622%)
entry 403000/2418481 (16.6634%)
entry 404000/2418481 (16.7047%)
entry 406000/2418481 (16.7874%)
entry 407000/2418481 (16.8287%)
entry 408000/2418481 (16.8701%)
entry 409000/2418481 (16.9114%)
entry 410000/2418481 (16.9528%)
entry 411000/2418481 (16.9941%)
entry 412000/2418481 (17.0355%)
entry 413000/2418481 (17.0768%)
entry 414000/2418481 (17.1182%)
entry 415000/2418481 (17.1595%)
entry 416000/2418481 (17.2009%)
entry 417000/2418481 (17.2422%)
entry 418000/2418481 (17.2836%)
entry 419000/2418481 (17.3249%)
entry 420000/2418481 (17.3663%)
entry 421000/2418481 (17.4076%)
entry 422000/2418481 (17.449%)
entry 425000/2418481 (17.573%)
entry 427000/2418481 (17.6557%)
entry 429000/2418481 (17.7384%)
entry 430000/2418481 (17.7798%)
entry 431000/2418481 (17.8211%)
entry 432000/2418481 (17.8625%)
entry 435000/2418481 (17.9865%)
entry 436000/2418481 (18.0278%)
entry 437000/2418481 (18.0692%)
entry 438000/2418481 (18.1105%)
entry 440000/2418481 (18.1932%)
entry 441000/2418481 (18.2346%)
entry 442000/2418481 (18.2759%)
entry 443000/2418481 (18.3173%)
entry 446000/2418481 (18.4413%)
entry 447000/2418481 (18.4827%)
entry 449000/2418481 (18.5654%)
entry 451000/2418481 (18.6481%)
entry 454000/2418481 (18.7721%)
entry 456000/2418481 (18.8548%)
entry 457000/2418481 (18.8962%)
entry 458000/2418481 (18.9375%)
entry 459000/2418481 (18.9789%)
entry 460000/2418481 (19.0202%)
entry 461000/2418481 (19.0616%)
entry 462000/2418481 (19.1029%)
entry 464000/2418481 (19.1856%)
entry 465000/2418481 (19.2269%)
entry 466000/2418481 (19.2683%)
entry 468000/2418481 (19.351%)
entry 469000/2418481 (19.3923%)
entry 470000/2418481 (19.4337%)
entry 473000/2418481 (19.5577%)
entry 474000/2418481 (19.5991%)
entry 475000/2418481 (19.6404%)
entry 476000/2418481 (19.6818%)
entry 477000/2418481 (19.7231%)
entry 478000/2418481 (19.7645%)
entry 479000/2418481 (19.8058%)
entry 480000/2418481 (19.8472%)
entry 481000/2418481 (19.8885%)
entry 484000/2418481 (20.0126%)
entry 485000/2418481 (20.0539%)
entry 486000/2418481 (20.0953%)
entry 487000/2418481 (20.1366%)
entry 488000/2418481 (20.178%)
entry 489000/2418481 (20.2193%)
entry 490000/2418481 (20.2607%)
entry 491000/2418481 (20.302%)
entry 492000/2418481 (20.3433%)
entry 493000/2418481 (20.3847%)
entry 495000/2418481 (20.4674%)
entry 497000/2418481 (20.5501%)
entry 498000/2418481 (20.5914%)
entry 499000/2418481 (20.6328%)
entry 500000/2418481 (20.6741%)
entry 501000/2418481 (20.7155%)
entry 502000/2418481 (20.7568%)
entry 503000/2418481 (20.7982%)
entry 504000/2418481 (20.8395%)
entry 505000/2418481 (20.8809%)
entry 507000/2418481 (20.9636%)
entry 509000/2418481 (21.0463%)
entry 510000/2418481 (21.0876%)
entry 511000/2418481 (21.129%)
entry 512000/2418481 (21.1703%)
entry 514000/2418481 (21.253%)
entry 516000/2418481 (21.3357%)
entry 517000/2418481 (21.3771%)
entry 518000/2418481 (21.4184%)
entry 519000/2418481 (21.4598%)
entry 521000/2418481 (21.5424%)
entry 522000/2418481 (21.5838%)
entry 523000/2418481 (21.6251%)
entry 524000/2418481 (21.6665%)
entry 527000/2418481 (21.7905%)
entry 528000/2418481 (21.8319%)
entry 529000/2418481 (21.8732%)
entry 530000/2418481 (21.9146%)
entry 531000/2418481 (21.9559%)
entry 532000/2418481 (21.9973%)
entry 533000/2418481 (22.0386%)
entry 534000/2418481 (22.08%)
entry 535000/2418481 (22.1213%)
entry 537000/2418481 (22.204%)
entry 538000/2418481 (22.2454%)
entry 540000/2418481 (22.3281%)
entry 541000/2418481 (22.3694%)
entry 542000/2418481 (22.4108%)
entry 543000/2418481 (22.4521%)
entry 544000/2418481 (22.4935%)
entry 546000/2418481 (22.5762%)
entry 548000/2418481 (22.6589%)
entry 549000/2418481 (22.7002%)
entry 551000/2418481 (22.7829%)
entry 552000/2418481 (22.8242%)
entry 553000/2418481 (22.8656%)
entry 554000/2418481 (22.9069%)
entry 555000/2418481 (22.9483%)
entry 556000/2418481 (22.9896%)
entry 558000/2418481 (23.0723%)
entry 559000/2418481 (23.1137%)
entry 560000/2418481 (23.155%)
entry 562000/2418481 (23.2377%)
entry 563000/2418481 (23.2791%)
entry 565000/2418481 (23.3618%)
entry 566000/2418481 (23.4031%)
entry 567000/2418481 (23.4445%)
entry 569000/2418481 (23.5272%)
entry 570000/2418481 (23.5685%)
entry 571000/2418481 (23.6099%)
entry 572000/2418481 (23.6512%)
entry 573000/2418481 (23.6926%)
entry 576000/2418481 (23.8166%)
entry 577000/2418481 (23.858%)
entry 579000/2418481 (23.9406%)
entry 580000/2418481 (23.982%)
entry 581000/2418481 (24.0233%)
entry 583000/2418481 (24.106%)
entry 584000/2418481 (24.1474%)
entry 585000/2418481 (24.1887%)
entry 589000/2418481 (24.3541%)
entry 590000/2418481 (24.3955%)
entry 591000/2418481 (24.4368%)
entry 592000/2418481 (24.4782%)
entry 593000/2418481 (24.5195%)
entry 594000/2418481 (24.5609%)
entry 596000/2418481 (24.6436%)
entry 597000/2418481 (24.6849%)
entry 598000/2418481 (24.7263%)
entry 600000/2418481 (24.809%)
entry 601000/2418481 (24.8503%)
entry 602000/2418481 (24.8917%)
entry 603000/2418481 (24.933%)
entry 608000/2418481 (25.1397%)
entry 609000/2418481 (25.1811%)
entry 611000/2418481 (25.2638%)
entry 613000/2418481 (25.3465%)
entry 614000/2418481 (25.3878%)
entry 615000/2418481 (25.4292%)
entry 616000/2418481 (25.4705%)
entry 617000/2418481 (25.5119%)
entry 619000/2418481 (25.5946%)
entry 623000/2418481 (25.76%)
entry 624000/2418481 (25.8013%)
entry 626000/2418481 (25.884%)
entry 628000/2418481 (25.9667%)
entry 629000/2418481 (26.0081%)
entry 631000/2418481 (26.0908%)
entry 632000/2418481 (26.1321%)
entry 633000/2418481 (26.1735%)
entry 636000/2418481 (26.2975%)
entry 638000/2418481 (26.3802%)
entry 639000/2418481 (26.4215%)
entry 640000/2418481 (26.4629%)
entry 641000/2418481 (26.5042%)
entry 645000/2418481 (26.6696%)
entry 646000/2418481 (26.711%)
entry 647000/2418481 (26.7523%)
entry 648000/2418481 (26.7937%)
entry 649000/2418481 (26.835%)
entry 650000/2418481 (26.8764%)
entry 651000/2418481 (26.9177%)
entry 652000/2418481 (26.9591%)
entry 653000/2418481 (27.0004%)
entry 654000/2418481 (27.0418%)
entry 656000/2418481 (27.1245%)
entry 657000/2418481 (27.1658%)
entry 659000/2418481 (27.2485%)
entry 663000/2418481 (27.4139%)
entry 664000/2418481 (27.4552%)
entry 666000/2418481 (27.5379%)
entry 667000/2418481 (27.5793%)
entry 670000/2418481 (27.7033%)
entry 672000/2418481 (27.786%)
entry 673000/2418481 (27.8274%)
entry 675000/2418481 (27.9101%)
entry 676000/2418481 (27.9514%)
entry 677000/2418481 (27.9928%)
entry 678000/2418481 (28.0341%)
entry 679000/2418481 (28.0755%)
entry 680000/2418481 (28.1168%)
entry 684000/2418481 (28.2822%)
entry 685000/2418481 (28.3236%)
entry 686000/2418481 (28.3649%)
entry 687000/2418481 (28.4063%)
entry 689000/2418481 (28.489%)
entry 690000/2418481 (28.5303%)
entry 691000/2418481 (28.5717%)
entry 692000/2418481 (28.613%)
entry 694000/2418481 (28.6957%)
entry 695000/2418481 (28.737%)
entry 697000/2418481 (28.8197%)
entry 698000/2418481 (28.8611%)
entry 699000/2418481 (28.9024%)
entry 701000/2418481 (28.9851%)
entry 702000/2418481 (29.0265%)
entry 703000/2418481 (29.0678%)
entry 705000/2418481 (29.1505%)
entry 707000/2418481 (29.2332%)
entry 708000/2418481 (29.2746%)
entry 711000/2418481 (29.3986%)
entry 712000/2418481 (29.44%)
entry 713000/2418481 (29.4813%)
entry 714000/2418481 (29.5227%)
entry 715000/2418481 (29.564%)
entry 717000/2418481 (29.6467%)
entry 718000/2418481 (29.6881%)
entry 719000/2418481 (29.7294%)
entry 721000/2418481 (29.8121%)
entry 722000/2418481 (29.8534%)
entry 724000/2418481 (29.9361%)
entry 725000/2418481 (29.9775%)
entry 727000/2418481 (30.0602%)
entry 729000/2418481 (30.1429%)
entry 730000/2418481 (30.1842%)
entry 731000/2418481 (30.2256%)
entry 732000/2418481 (30.2669%)
entry 733000/2418481 (30.3083%)
entry 736000/2418481 (30.4323%)
entry 738000/2418481 (30.515%)
entry 739000/2418481 (30.5564%)
entry 740000/2418481 (30.5977%)
entry 741000/2418481 (30.6391%)
entry 743000/2418481 (30.7218%)
entry 745000/2418481 (30.8045%)
entry 746000/2418481 (30.8458%)
entry 749000/2418481 (30.9699%)
entry 750000/2418481 (31.0112%)
entry 751000/2418481 (31.0525%)
entry 752000/2418481 (31.0939%)
entry 753000/2418481 (31.1352%)
entry 754000/2418481 (31.1766%)
entry 755000/2418481 (31.2179%)
entry 756000/2418481 (31.2593%)
entry 757000/2418481 (31.3006%)
entry 759000/2418481 (31.3833%)
entry 760000/2418481 (31.4247%)
entry 761000/2418481 (31.466%)
entry 762000/2418481 (31.5074%)
entry 763000/2418481 (31.5487%)
entry 764000/2418481 (31.5901%)
entry 766000/2418481 (31.6728%)
entry 768000/2418481 (31.7555%)
entry 769000/2418481 (31.7968%)
entry 772000/2418481 (31.9209%)
entry 774000/2418481 (32.0036%)
entry 775000/2418481 (32.0449%)
entry 777000/2418481 (32.1276%)
entry 778000/2418481 (32.169%)
entry 779000/2418481 (32.2103%)
entry 780000/2418481 (32.2517%)
entry 781000/2418481 (32.293%)
entry 782000/2418481 (32.3343%)
entry 783000/2418481 (32.3757%)
entry 784000/2418481 (32.417%)
entry 785000/2418481 (32.4584%)
entry 786000/2418481 (32.4997%)
entry 787000/2418481 (32.5411%)
entry 788000/2418481 (32.5824%)
entry 789000/2418481 (32.6238%)
entry 790000/2418481 (32.6651%)
entry 791000/2418481 (32.7065%)
entry 792000/2418481 (32.7478%)
entry 794000/2418481 (32.8305%)
entry 795000/2418481 (32.8719%)
entry 796000/2418481 (32.9132%)
entry 797000/2418481 (32.9546%)
entry 799000/2418481 (33.0373%)
entry 802000/2418481 (33.1613%)
entry 803000/2418481 (33.2027%)
entry 804000/2418481 (33.244%)
entry 805000/2418481 (33.2854%)
entry 806000/2418481 (33.3267%)
entry 807000/2418481 (33.3681%)
entry 808000/2418481 (33.4094%)
entry 809000/2418481 (33.4507%)
entry 810000/2418481 (33.4921%)
entry 813000/2418481 (33.6161%)
entry 814000/2418481 (33.6575%)
entry 819000/2418481 (33.8642%)
entry 820000/2418481 (33.9056%)
entry 821000/2418481 (33.9469%)
entry 823000/2418481 (34.0296%)
entry 824000/2418481 (34.071%)
entry 825000/2418481 (34.1123%)
entry 827000/2418481 (34.195%)
entry 828000/2418481 (34.2364%)
entry 830000/2418481 (34.3191%)
entry 831000/2418481 (34.3604%)
entry 833000/2418481 (34.4431%)
entry 836000/2418481 (34.5672%)
entry 837000/2418481 (34.6085%)
entry 839000/2418481 (34.6912%)
entry 841000/2418481 (34.7739%)
entry 842000/2418481 (34.8152%)
entry 844000/2418481 (34.8979%)
entry 845000/2418481 (34.9393%)
entry 846000/2418481 (34.9806%)
entry 848000/2418481 (35.0633%)
entry 849000/2418481 (35.1047%)
entry 850000/2418481 (35.146%)
entry 851000/2418481 (35.1874%)
entry 852000/2418481 (35.2287%)
entry 853000/2418481 (35.2701%)
entry 855000/2418481 (35.3528%)
entry 857000/2418481 (35.4355%)
entry 858000/2418481 (35.4768%)
entry 860000/2418481 (35.5595%)
entry 861000/2418481 (35.6009%)
entry 862000/2418481 (35.6422%)
entry 863000/2418481 (35.6836%)
entry 864000/2418481 (35.7249%)
entry 865000/2418481 (35.7663%)
entry 866000/2418481 (35.8076%)
entry 867000/2418481 (35.8489%)
entry 868000/2418481 (35.8903%)
entry 869000/2418481 (35.9316%)
entry 870000/2418481 (35.973%)
entry 872000/2418481 (36.0557%)
entry 873000/2418481 (36.097%)
entry 875000/2418481 (36.1797%)
entry 876000/2418481 (36.2211%)
entry 877000/2418481 (36.2624%)
entry 883000/2418481 (36.5105%)
entry 884000/2418481 (36.5519%)
entry 887000/2418481 (36.6759%)
entry 888000/2418481 (36.7173%)
entry 891000/2418481 (36.8413%)
entry 892000/2418481 (36.8827%)
entry 893000/2418481 (36.924%)
entry 894000/2418481 (36.9654%)
entry 896000/2418481 (37.048%)
entry 897000/2418481 (37.0894%)
entry 898000/2418481 (37.1307%)
entry 899000/2418481 (37.1721%)
entry 901000/2418481 (37.2548%)
entry 903000/2418481 (37.3375%)
entry 904000/2418481 (37.3788%)
entry 907000/2418481 (37.5029%)
entry 908000/2418481 (37.5442%)
entry 909000/2418481 (37.5856%)
entry 910000/2418481 (37.6269%)
entry 912000/2418481 (37.7096%)
entry 913000/2418481 (37.751%)
entry 914000/2418481 (37.7923%)
entry 916000/2418481 (37.875%)
entry 917000/2418481 (37.9164%)
entry 919000/2418481 (37.9991%)
entry 920000/2418481 (38.0404%)
entry 921000/2418481 (38.0818%)
entry 922000/2418481 (38.1231%)
entry 923000/2418481 (38.1645%)
entry 924000/2418481 (38.2058%)
entry 925000/2418481 (38.2471%)
entry 926000/2418481 (38.2885%)
entry 927000/2418481 (38.3298%)
entry 931000/2418481 (38.4952%)
entry 933000/2418481 (38.5779%)
entry 934000/2418481 (38.6193%)
entry 935000/2418481 (38.6606%)
entry 936000/2418481 (38.702%)
entry 938000/2418481 (38.7847%)
entry 939000/2418481 (38.826%)
entry 941000/2418481 (38.9087%)
entry 943000/2418481 (38.9914%)
entry 945000/2418481 (39.0741%)
entry 946000/2418481 (39.1155%)
entry 948000/2418481 (39.1982%)
entry 949000/2418481 (39.2395%)
entry 953000/2418481 (39.4049%)
entry 954000/2418481 (39.4462%)
entry 955000/2418481 (39.4876%)
entry 958000/2418481 (39.6116%)
entry 959000/2418481 (39.653%)
entry 960000/2418481 (39.6943%)
entry 962000/2418481 (39.777%)
entry 963000/2418481 (39.8184%)
entry 965000/2418481 (39.9011%)
entry 967000/2418481 (39.9838%)
entry 968000/2418481 (40.0251%)
entry 969000/2418481 (40.0665%)
entry 970000/2418481 (40.1078%)
entry 971000/2418481 (40.1492%)
entry 972000/2418481 (40.1905%)
entry 973000/2418481 (40.2319%)
entry 974000/2418481 (40.2732%)
entry 975000/2418481 (40.3146%)
entry 976000/2418481 (40.3559%)
entry 978000/2418481 (40.4386%)
entry 979000/2418481 (40.48%)
entry 982000/2418481 (40.604%)
entry 983000/2418481 (40.6453%)
entry 984000/2418481 (40.6867%)
entry 985000/2418481 (40.728%)
entry 986000/2418481 (40.7694%)
entry 987000/2418481 (40.8107%)
entry 988000/2418481 (40.8521%)
entry 990000/2418481 (40.9348%)
entry 992000/2418481 (41.0175%)
entry 993000/2418481 (41.0588%)
entry 994000/2418481 (41.1002%)
entry 995000/2418481 (41.1415%)
entry 996000/2418481 (41.1829%)
entry 997000/2418481 (41.2242%)
entry 998000/2418481 (41.2656%)
entry 1000000/2418481 (41.3483%)
entry 1001000/2418481 (41.3896%)
entry 1003000/2418481 (41.4723%)
entry 1004000/2418481 (41.5137%)
entry 1006000/2418481 (41.5964%)
entry 1008000/2418481 (41.6791%)
entry 1009000/2418481 (41.7204%)
entry 1010000/2418481 (41.7617%)
entry 1011000/2418481 (41.8031%)
entry 1012000/2418481 (41.8444%)
entry 1013000/2418481 (41.8858%)
entry 1014000/2418481 (41.9271%)
entry 1015000/2418481 (41.9685%)
entry 1016000/2418481 (42.0098%)
entry 1018000/2418481 (42.0925%)
entry 1020000/2418481 (42.1752%)
entry 1022000/2418481 (42.2579%)
entry 1024000/2418481 (42.3406%)
entry 1027000/2418481 (42.4647%)
entry 1028000/2418481 (42.506%)
entry 1029000/2418481 (42.5474%)
entry 1030000/2418481 (42.5887%)
entry 1031000/2418481 (42.6301%)
entry 1032000/2418481 (42.6714%)
entry 1033000/2418481 (42.7128%)
entry 1034000/2418481 (42.7541%)
entry 1036000/2418481 (42.8368%)
entry 1037000/2418481 (42.8782%)
entry 1038000/2418481 (42.9195%)
entry 1039000/2418481 (42.9608%)
entry 1040000/2418481 (43.0022%)
entry 1041000/2418481 (43.0435%)
entry 1042000/2418481 (43.0849%)
entry 1045000/2418481 (43.2089%)
entry 1047000/2418481 (43.2916%)
entry 1048000/2418481 (43.333%)
entry 1050000/2418481 (43.4157%)
entry 1051000/2418481 (43.457%)
entry 1054000/2418481 (43.5811%)
entry 1055000/2418481 (43.6224%)
entry 1056000/2418481 (43.6638%)
entry 1057000/2418481 (43.7051%)
entry 1058000/2418481 (43.7465%)
entry 1061000/2418481 (43.8705%)
entry 1062000/2418481 (43.9119%)
entry 1065000/2418481 (44.0359%)
entry 1067000/2418481 (44.1186%)
entry 1068000/2418481 (44.1599%)
entry 1070000/2418481 (44.2426%)
entry 1072000/2418481 (44.3253%)
entry 1073000/2418481 (44.3667%)
entry 1074000/2418481 (44.408%)
entry 1076000/2418481 (44.4907%)
entry 1077000/2418481 (44.5321%)
entry 1078000/2418481 (44.5734%)
entry 1080000/2418481 (44.6561%)
entry 1081000/2418481 (44.6975%)
entry 1082000/2418481 (44.7388%)
entry 1083000/2418481 (44.7802%)
entry 1084000/2418481 (44.8215%)
entry 1085000/2418481 (44.8629%)
entry 1086000/2418481 (44.9042%)
entry 1088000/2418481 (44.9869%)
entry 1089000/2418481 (45.0283%)
entry 1091000/2418481 (45.111%)
entry 1092000/2418481 (45.1523%)
entry 1093000/2418481 (45.1937%)
entry 1094000/2418481 (45.235%)
entry 1095000/2418481 (45.2764%)
entry 1096000/2418481 (45.3177%)
entry 1098000/2418481 (45.4004%)
entry 1099000/2418481 (45.4417%)
entry 1100000/2418481 (45.4831%)
entry 1101000/2418481 (45.5244%)
entry 1102000/2418481 (45.5658%)
entry 1104000/2418481 (45.6485%)
entry 1105000/2418481 (45.6898%)
entry 1106000/2418481 (45.7312%)
entry 1110000/2418481 (45.8966%)
entry 1111000/2418481 (45.9379%)
entry 1112000/2418481 (45.9793%)
entry 1113000/2418481 (46.0206%)
entry 1114000/2418481 (46.062%)
entry 1118000/2418481 (46.2274%)
entry 1120000/2418481 (46.3101%)
entry 1121000/2418481 (46.3514%)
entry 1122000/2418481 (46.3928%)
entry 1124000/2418481 (46.4755%)
entry 1126000/2418481 (46.5582%)
entry 1127000/2418481 (46.5995%)
entry 1128000/2418481 (46.6408%)
entry 1130000/2418481 (46.7235%)
entry 1131000/2418481 (46.7649%)
entry 1133000/2418481 (46.8476%)
entry 1134000/2418481 (46.8889%)
entry 1135000/2418481 (46.9303%)
entry 1136000/2418481 (46.9716%)
entry 1139000/2418481 (47.0957%)
entry 1140000/2418481 (47.137%)
entry 1141000/2418481 (47.1784%)
entry 1143000/2418481 (47.2611%)
entry 1144000/2418481 (47.3024%)
entry 1147000/2418481 (47.4265%)
entry 1148000/2418481 (47.4678%)
entry 1149000/2418481 (47.5092%)
entry 1151000/2418481 (47.5919%)
entry 1152000/2418481 (47.6332%)
entry 1153000/2418481 (47.6746%)
entry 1154000/2418481 (47.7159%)
entry 1155000/2418481 (47.7573%)
entry 1156000/2418481 (47.7986%)
entry 1157000/2418481 (47.8399%)
entry 1158000/2418481 (47.8813%)
entry 1159000/2418481 (47.9226%)
entry 1160000/2418481 (47.964%)
entry 1161000/2418481 (48.0053%)
entry 1162000/2418481 (48.0467%)
entry 1167000/2418481 (48.2534%)
entry 1168000/2418481 (48.2948%)
entry 1169000/2418481 (48.3361%)
entry 1170000/2418481 (48.3775%)
entry 1172000/2418481 (48.4602%)
entry 1174000/2418481 (48.5429%)
entry 1175000/2418481 (48.5842%)
entry 1176000/2418481 (48.6256%)
entry 1177000/2418481 (48.6669%)
entry 1178000/2418481 (48.7083%)
entry 1180000/2418481 (48.791%)
entry 1181000/2418481 (48.8323%)
entry 1182000/2418481 (48.8737%)
entry 1183000/2418481 (48.915%)
entry 1184000/2418481 (48.9563%)
entry 1186000/2418481 (49.039%)
entry 1188000/2418481 (49.1217%)
entry 1189000/2418481 (49.1631%)
entry 1190000/2418481 (49.2044%)
entry 1191000/2418481 (49.2458%)
entry 1192000/2418481 (49.2871%)
entry 1194000/2418481 (49.3698%)
entry 1195000/2418481 (49.4112%)
entry 1197000/2418481 (49.4939%)
entry 1198000/2418481 (49.5352%)
entry 1199000/2418481 (49.5766%)
entry 1200000/2418481 (49.6179%)
entry 1202000/2418481 (49.7006%)
entry 1203000/2418481 (49.742%)
entry 1206000/2418481 (49.866%)
entry 1207000/2418481 (49.9074%)
entry 1208000/2418481 (49.9487%)
entry 1209000/2418481 (49.9901%)
entry 1210000/2418481 (50.0314%)
entry 1211000/2418481 (50.0728%)
entry 1212000/2418481 (50.1141%)
entry 1213000/2418481 (50.1554%)
entry 1215000/2418481 (50.2381%)
entry 1217000/2418481 (50.3208%)
entry 1218000/2418481 (50.3622%)
entry 1219000/2418481 (50.4035%)
entry 1221000/2418481 (50.4862%)
entry 1223000/2418481 (50.5689%)
entry 1225000/2418481 (50.6516%)
entry 1226000/2418481 (50.693%)
entry 1227000/2418481 (50.7343%)
entry 1228000/2418481 (50.7757%)
entry 1230000/2418481 (50.8584%)
entry 1231000/2418481 (50.8997%)
entry 1232000/2418481 (50.9411%)
entry 1233000/2418481 (50.9824%)
entry 1235000/2418481 (51.0651%)
entry 1236000/2418481 (51.1065%)
entry 1239000/2418481 (51.2305%)
entry 1240000/2418481 (51.2718%)
entry 1242000/2418481 (51.3546%)
entry 1243000/2418481 (51.3959%)
entry 1245000/2418481 (51.4786%)
entry 1247000/2418481 (51.5613%)
entry 1249000/2418481 (51.644%)
entry 1252000/2418481 (51.768%)
entry 1253000/2418481 (51.8094%)
entry 1254000/2418481 (51.8507%)
entry 1255000/2418481 (51.8921%)
entry 1256000/2418481 (51.9334%)
entry 1257000/2418481 (51.9748%)
entry 1258000/2418481 (52.0161%)
entry 1259000/2418481 (52.0575%)
entry 1260000/2418481 (52.0988%)
entry 1262000/2418481 (52.1815%)
entry 1264000/2418481 (52.2642%)
entry 1267000/2418481 (52.3883%)
entry 1268000/2418481 (52.4296%)
entry 1269000/2418481 (52.471%)
entry 1270000/2418481 (52.5123%)
entry 1271000/2418481 (52.5536%)
entry 1272000/2418481 (52.595%)
entry 1273000/2418481 (52.6363%)
entry 1274000/2418481 (52.6777%)
entry 1275000/2418481 (52.719%)
entry 1277000/2418481 (52.8017%)
entry 1278000/2418481 (52.8431%)
entry 1279000/2418481 (52.8844%)
entry 1281000/2418481 (52.9671%)
entry 1282000/2418481 (53.0085%)
entry 1284000/2418481 (53.0912%)
entry 1285000/2418481 (53.1325%)
entry 1286000/2418481 (53.1739%)
entry 1287000/2418481 (53.2152%)
entry 1288000/2418481 (53.2566%)
entry 1289000/2418481 (53.2979%)
entry 1292000/2418481 (53.422%)
entry 1294000/2418481 (53.5047%)
entry 1295000/2418481 (53.546%)
entry 1297000/2418481 (53.6287%)
entry 1298000/2418481 (53.67%)
entry 1299000/2418481 (53.7114%)
entry 1302000/2418481 (53.8354%)
entry 1303000/2418481 (53.8768%)
entry 1304000/2418481 (53.9181%)
entry 1305000/2418481 (53.9595%)
entry 1306000/2418481 (54.0008%)
entry 1307000/2418481 (54.0422%)
entry 1309000/2418481 (54.1249%)
entry 1310000/2418481 (54.1662%)
entry 1311000/2418481 (54.2076%)
entry 1312000/2418481 (54.2489%)
entry 1313000/2418481 (54.2903%)
entry 1314000/2418481 (54.3316%)
entry 1315000/2418481 (54.373%)
entry 1317000/2418481 (54.4557%)
entry 1319000/2418481 (54.5384%)
entry 1320000/2418481 (54.5797%)
entry 1321000/2418481 (54.6211%)
entry 1322000/2418481 (54.6624%)
entry 1323000/2418481 (54.7038%)
entry 1324000/2418481 (54.7451%)
entry 1325000/2418481 (54.7865%)
entry 1326000/2418481 (54.8278%)
entry 1328000/2418481 (54.9105%)
entry 1331000/2418481 (55.0345%)
entry 1334000/2418481 (55.1586%)
entry 1337000/2418481 (55.2826%)
entry 1338000/2418481 (55.324%)
entry 1339000/2418481 (55.3653%)
entry 1340000/2418481 (55.4067%)
entry 1341000/2418481 (55.448%)
entry 1343000/2418481 (55.5307%)
entry 1344000/2418481 (55.5721%)
entry 1345000/2418481 (55.6134%)
entry 1350000/2418481 (55.8202%)
entry 1351000/2418481 (55.8615%)
entry 1352000/2418481 (55.9029%)
entry 1354000/2418481 (55.9856%)
entry 1355000/2418481 (56.0269%)
entry 1357000/2418481 (56.1096%)
entry 1359000/2418481 (56.1923%)
entry 1361000/2418481 (56.275%)
entry 1362000/2418481 (56.3163%)
entry 1363000/2418481 (56.3577%)
entry 1365000/2418481 (56.4404%)
entry 1366000/2418481 (56.4817%)
entry 1367000/2418481 (56.5231%)
entry 1368000/2418481 (56.5644%)
entry 1371000/2418481 (56.6885%)
entry 1373000/2418481 (56.7712%)
entry 1374000/2418481 (56.8125%)
entry 1375000/2418481 (56.8539%)
entry 1376000/2418481 (56.8952%)
entry 1377000/2418481 (56.9366%)
entry 1379000/2418481 (57.0193%)
entry 1380000/2418481 (57.0606%)
entry 1382000/2418481 (57.1433%)
entry 1383000/2418481 (57.1847%)
entry 1386000/2418481 (57.3087%)
entry 1387000/2418481 (57.35%)
entry 1389000/2418481 (57.4327%)
entry 1391000/2418481 (57.5154%)
entry 1392000/2418481 (57.5568%)
entry 1394000/2418481 (57.6395%)
entry 1396000/2418481 (57.7222%)
entry 1397000/2418481 (57.7635%)
entry 1398000/2418481 (57.8049%)
entry 1399000/2418481 (57.8462%)
entry 1401000/2418481 (57.9289%)
entry 1402000/2418481 (57.9703%)
entry 1403000/2418481 (58.0116%)
entry 1405000/2418481 (58.0943%)
entry 1406000/2418481 (58.1357%)
entry 1407000/2418481 (58.177%)
entry 1408000/2418481 (58.2184%)
entry 1409000/2418481 (58.2597%)
entry 1412000/2418481 (58.3838%)
entry 1413000/2418481 (58.4251%)
entry 1416000/2418481 (58.5491%)
entry 1418000/2418481 (58.6318%)
entry 1419000/2418481 (58.6732%)
entry 1420000/2418481 (58.7145%)
entry 1421000/2418481 (58.7559%)
entry 1423000/2418481 (58.8386%)
entry 1424000/2418481 (58.8799%)
entry 1425000/2418481 (58.9213%)
entry 1429000/2418481 (59.0867%)
entry 1430000/2418481 (59.128%)
entry 1431000/2418481 (59.1694%)
entry 1433000/2418481 (59.2521%)
entry 1434000/2418481 (59.2934%)
entry 1435000/2418481 (59.3348%)
entry 1436000/2418481 (59.3761%)
entry 1437000/2418481 (59.4175%)
entry 1439000/2418481 (59.5002%)
entry 1441000/2418481 (59.5829%)
entry 1442000/2418481 (59.6242%)
entry 1443000/2418481 (59.6655%)
entry 1445000/2418481 (59.7482%)
entry 1446000/2418481 (59.7896%)
entry 1447000/2418481 (59.8309%)
entry 1448000/2418481 (59.8723%)
entry 1449000/2418481 (59.9136%)
entry 1450000/2418481 (59.955%)
entry 1451000/2418481 (59.9963%)
entry 1453000/2418481 (60.079%)
entry 1454000/2418481 (60.1204%)
entry 1455000/2418481 (60.1617%)
entry 1459000/2418481 (60.3271%)
entry 1461000/2418481 (60.4098%)
entry 1462000/2418481 (60.4512%)
entry 1463000/2418481 (60.4925%)
entry 1466000/2418481 (60.6166%)
entry 1467000/2418481 (60.6579%)
entry 1468000/2418481 (60.6993%)
entry 1471000/2418481 (60.8233%)
entry 1472000/2418481 (60.8647%)
entry 1475000/2418481 (60.9887%)
entry 1476000/2418481 (61.03%)
entry 1477000/2418481 (61.0714%)
entry 1481000/2418481 (61.2368%)
entry 1482000/2418481 (61.2781%)
entry 1485000/2418481 (61.4022%)
entry 1489000/2418481 (61.5676%)
entry 1490000/2418481 (61.6089%)
entry 1491000/2418481 (61.6503%)
entry 1492000/2418481 (61.6916%)
entry 1493000/2418481 (61.733%)
entry 1496000/2418481 (61.857%)
entry 1497000/2418481 (61.8984%)
entry 1498000/2418481 (61.9397%)
entry 1499000/2418481 (61.9811%)
entry 1500000/2418481 (62.0224%)
entry 1501000/2418481 (62.0637%)
entry 1502000/2418481 (62.1051%)
entry 1503000/2418481 (62.1464%)
entry 1505000/2418481 (62.2291%)
entry 1506000/2418481 (62.2705%)
entry 1507000/2418481 (62.3118%)
entry 1509000/2418481 (62.3945%)
entry 1510000/2418481 (62.4359%)
entry 1511000/2418481 (62.4772%)
entry 1513000/2418481 (62.5599%)
entry 1514000/2418481 (62.6013%)
entry 1515000/2418481 (62.6426%)
entry 1517000/2418481 (62.7253%)
entry 1518000/2418481 (62.7667%)
entry 1520000/2418481 (62.8494%)
entry 1522000/2418481 (62.9321%)
entry 1523000/2418481 (62.9734%)
entry 1524000/2418481 (63.0148%)
entry 1525000/2418481 (63.0561%)
entry 1526000/2418481 (63.0975%)
entry 1527000/2418481 (63.1388%)
entry 1528000/2418481 (63.1802%)
entry 1529000/2418481 (63.2215%)
entry 1531000/2418481 (63.3042%)
entry 1532000/2418481 (63.3455%)
entry 1533000/2418481 (63.3869%)
entry 1537000/2418481 (63.5523%)
entry 1538000/2418481 (63.5936%)
entry 1541000/2418481 (63.7177%)
entry 1542000/2418481 (63.759%)
entry 1544000/2418481 (63.8417%)
entry 1545000/2418481 (63.8831%)
entry 1546000/2418481 (63.9244%)
entry 1548000/2418481 (64.0071%)
entry 1549000/2418481 (64.0485%)
entry 1551000/2418481 (64.1312%)
entry 1552000/2418481 (64.1725%)
entry 1553000/2418481 (64.2139%)
entry 1555000/2418481 (64.2966%)
entry 1556000/2418481 (64.3379%)
entry 1557000/2418481 (64.3793%)
entry 1558000/2418481 (64.4206%)
entry 1559000/2418481 (64.4619%)
entry 1561000/2418481 (64.5446%)
entry 1562000/2418481 (64.586%)
entry 1564000/2418481 (64.6687%)
entry 1565000/2418481 (64.71%)
entry 1566000/2418481 (64.7514%)
entry 1568000/2418481 (64.8341%)
entry 1569000/2418481 (64.8754%)
entry 1570000/2418481 (64.9168%)
entry 1572000/2418481 (64.9995%)
entry 1573000/2418481 (65.0408%)
entry 1574000/2418481 (65.0822%)
entry 1575000/2418481 (65.1235%)
entry 1577000/2418481 (65.2062%)
entry 1580000/2418481 (65.3303%)
entry 1581000/2418481 (65.3716%)
entry 1582000/2418481 (65.413%)
entry 1583000/2418481 (65.4543%)
entry 1584000/2418481 (65.4957%)
entry 1585000/2418481 (65.537%)
entry 1586000/2418481 (65.5784%)
entry 1587000/2418481 (65.6197%)
entry 1588000/2418481 (65.661%)
entry 1589000/2418481 (65.7024%)
entry 1590000/2418481 (65.7437%)
entry 1591000/2418481 (65.7851%)
entry 1593000/2418481 (65.8678%)
entry 1594000/2418481 (65.9091%)
entry 1597000/2418481 (66.0332%)
entry 1598000/2418481 (66.0745%)
entry 1599000/2418481 (66.1159%)
entry 1601000/2418481 (66.1986%)
entry 1602000/2418481 (66.2399%)
entry 1603000/2418481 (66.2813%)
entry 1604000/2418481 (66.3226%)
entry 1606000/2418481 (66.4053%)
entry 1607000/2418481 (66.4467%)
entry 1609000/2418481 (66.5294%)
entry 1610000/2418481 (66.5707%)
entry 1611000/2418481 (66.6121%)
entry 1614000/2418481 (66.7361%)
entry 1615000/2418481 (66.7774%)
entry 1616000/2418481 (66.8188%)
entry 1617000/2418481 (66.8602%)
entry 1619000/2418481 (66.9428%)
entry 1620000/2418481 (66.9842%)
entry 1623000/2418481 (67.1082%)
entry 1626000/2418481 (67.2323%)
entry 1628000/2418481 (67.315%)
entry 1631000/2418481 (67.439%)
entry 1632000/2418481 (67.4804%)
entry 1634000/2418481 (67.5631%)
entry 1635000/2418481 (67.6044%)
entry 1636000/2418481 (67.6458%)
entry 1639000/2418481 (67.7698%)
entry 1641000/2418481 (67.8525%)
entry 1642000/2418481 (67.8939%)
entry 1644000/2418481 (67.9766%)
entry 1647000/2418481 (68.1006%)
entry 1648000/2418481 (68.1419%)
entry 1649000/2418481 (68.1833%)
entry 1650000/2418481 (68.2246%)
entry 1651000/2418481 (68.266%)
entry 1652000/2418481 (68.3073%)
entry 1653000/2418481 (68.3487%)
entry 1654000/2418481 (68.39%)
entry 1655000/2418481 (68.4314%)
entry 1656000/2418481 (68.4727%)
entry 1657000/2418481 (68.5141%)
entry 1659000/2418481 (68.5968%)
entry 1660000/2418481 (68.6381%)
entry 1661000/2418481 (68.6795%)
entry 1662000/2418481 (68.7208%)
entry 1665000/2418481 (68.8449%)
entry 1666000/2418481 (68.8862%)
entry 1667000/2418481 (68.9276%)
entry 1668000/2418481 (68.9689%)
entry 1670000/2418481 (69.0516%)
entry 1672000/2418481 (69.1343%)
entry 1674000/2418481 (69.217%)
entry 1677000/2418481 (69.341%)
entry 1678000/2418481 (69.3824%)
entry 1680000/2418481 (69.4651%)
entry 1681000/2418481 (69.5064%)
entry 1682000/2418481 (69.5478%)
entry 1683000/2418481 (69.5891%)
entry 1687000/2418481 (69.7545%)
entry 1690000/2418481 (69.8786%)
entry 1691000/2418481 (69.9199%)
entry 1692000/2418481 (69.9613%)
entry 1693000/2418481 (70.0026%)
entry 1694000/2418481 (70.044%)
entry 1696000/2418481 (70.1267%)
entry 1697000/2418481 (70.168%)
entry 1700000/2418481 (70.2921%)
entry 1702000/2418481 (70.3748%)
entry 1703000/2418481 (70.4161%)
entry 1704000/2418481 (70.4574%)
entry 1705000/2418481 (70.4988%)
entry 1706000/2418481 (70.5401%)
entry 1707000/2418481 (70.5815%)
entry 1709000/2418481 (70.6642%)
entry 1711000/2418481 (70.7469%)
entry 1712000/2418481 (70.7882%)
entry 1713000/2418481 (70.8296%)
entry 1715000/2418481 (70.9123%)
entry 1716000/2418481 (70.9536%)
entry 1720000/2418481 (71.119%)
entry 1721000/2418481 (71.1604%)
entry 1723000/2418481 (71.2431%)
entry 1724000/2418481 (71.2844%)
entry 1725000/2418481 (71.3258%)
entry 1727000/2418481 (71.4085%)
entry 1728000/2418481 (71.4498%)
entry 1729000/2418481 (71.4912%)
entry 1730000/2418481 (71.5325%)
entry 1731000/2418481 (71.5739%)
entry 1732000/2418481 (71.6152%)
entry 1734000/2418481 (71.6979%)
entry 1735000/2418481 (71.7392%)
entry 1736000/2418481 (71.7806%)
entry 1739000/2418481 (71.9046%)
entry 1740000/2418481 (71.946%)
entry 1741000/2418481 (71.9873%)
entry 1742000/2418481 (72.0287%)
entry 1743000/2418481 (72.07%)
entry 1744000/2418481 (72.1114%)
entry 1745000/2418481 (72.1527%)
entry 1748000/2418481 (72.2768%)
entry 1749000/2418481 (72.3181%)
entry 1751000/2418481 (72.4008%)
entry 1752000/2418481 (72.4422%)
entry 1756000/2418481 (72.6076%)
entry 1758000/2418481 (72.6903%)
entry 1761000/2418481 (72.8143%)
entry 1763000/2418481 (72.897%)
entry 1764000/2418481 (72.9383%)
entry 1766000/2418481 (73.021%)
entry 1767000/2418481 (73.0624%)
entry 1769000/2418481 (73.1451%)
entry 1770000/2418481 (73.1864%)
entry 1771000/2418481 (73.2278%)
entry 1772000/2418481 (73.2691%)
entry 1773000/2418481 (73.3105%)
entry 1774000/2418481 (73.3518%)
entry 1775000/2418481 (73.3932%)
entry 1777000/2418481 (73.4759%)
entry 1779000/2418481 (73.5586%)
entry 1780000/2418481 (73.5999%)
entry 1781000/2418481 (73.6413%)
entry 1782000/2418481 (73.6826%)
entry 1783000/2418481 (73.724%)
entry 1784000/2418481 (73.7653%)
entry 1785000/2418481 (73.8067%)
entry 1786000/2418481 (73.848%)
entry 1787000/2418481 (73.8894%)
entry 1789000/2418481 (73.9721%)
entry 1790000/2418481 (74.0134%)
entry 1793000/2418481 (74.1374%)
entry 1795000/2418481 (74.2201%)
entry 1797000/2418481 (74.3028%)
entry 1798000/2418481 (74.3442%)
entry 1801000/2418481 (74.4682%)
entry 1802000/2418481 (74.5096%)
entry 1803000/2418481 (74.5509%)
entry 1804000/2418481 (74.5923%)
entry 1805000/2418481 (74.6336%)
entry 1806000/2418481 (74.675%)
entry 1807000/2418481 (74.7163%)
entry 1808000/2418481 (74.7577%)
entry 1809000/2418481 (74.799%)
entry 1810000/2418481 (74.8404%)
entry 1813000/2418481 (74.9644%)
entry 1814000/2418481 (75.0058%)
entry 1815000/2418481 (75.0471%)
entry 1816000/2418481 (75.0885%)
entry 1818000/2418481 (75.1711%)
entry 1819000/2418481 (75.2125%)
entry 1820000/2418481 (75.2539%)
entry 1821000/2418481 (75.2952%)
entry 1822000/2418481 (75.3365%)
entry 1824000/2418481 (75.4192%)
entry 1825000/2418481 (75.4606%)
entry 1826000/2418481 (75.5019%)
entry 1827000/2418481 (75.5433%)
entry 1828000/2418481 (75.5846%)
entry 1829000/2418481 (75.626%)
entry 1830000/2418481 (75.6673%)
entry 1831000/2418481 (75.7087%)
entry 1833000/2418481 (75.7914%)
entry 1834000/2418481 (75.8327%)
entry 1836000/2418481 (75.9154%)
entry 1838000/2418481 (75.9981%)
entry 1839000/2418481 (76.0395%)
entry 1840000/2418481 (76.0808%)
entry 1841000/2418481 (76.1222%)
entry 1843000/2418481 (76.2049%)
entry 1845000/2418481 (76.2876%)
entry 1846000/2418481 (76.3289%)
entry 1852000/2418481 (76.577%)
entry 1853000/2418481 (76.6183%)
entry 1857000/2418481 (76.7837%)
entry 1858000/2418481 (76.8251%)
entry 1859000/2418481 (76.8664%)
entry 1860000/2418481 (76.9078%)
entry 1861000/2418481 (76.9491%)
entry 1862000/2418481 (76.9905%)
entry 1863000/2418481 (77.0318%)
entry 1865000/2418481 (77.1145%)
entry 1866000/2418481 (77.1559%)
entry 1867000/2418481 (77.1972%)
entry 1868000/2418481 (77.2386%)
entry 1869000/2418481 (77.2799%)
entry 1870000/2418481 (77.3213%)
entry 1871000/2418481 (77.3626%)
entry 1872000/2418481 (77.404%)
entry 1873000/2418481 (77.4453%)
entry 1874000/2418481 (77.4867%)
entry 1875000/2418481 (77.528%)
entry 1876000/2418481 (77.5693%)
entry 1877000/2418481 (77.6107%)
entry 1878000/2418481 (77.652%)
entry 1883000/2418481 (77.8588%)
entry 1884000/2418481 (77.9001%)
entry 1887000/2418481 (78.0242%)
entry 1890000/2418481 (78.1482%)
entry 1891000/2418481 (78.1896%)
entry 1892000/2418481 (78.2309%)
entry 1893000/2418481 (78.2723%)
entry 1894000/2418481 (78.3136%)
entry 1895000/2418481 (78.355%)
entry 1896000/2418481 (78.3963%)
entry 1898000/2418481 (78.479%)
entry 1899000/2418481 (78.5204%)
entry 1901000/2418481 (78.6031%)
entry 1902000/2418481 (78.6444%)
entry 1904000/2418481 (78.7271%)
entry 1905000/2418481 (78.7685%)
entry 1906000/2418481 (78.8098%)
entry 1907000/2418481 (78.8511%)
entry 1910000/2418481 (78.9752%)
entry 1911000/2418481 (79.0165%)
entry 1912000/2418481 (79.0579%)
entry 1913000/2418481 (79.0992%)
entry 1915000/2418481 (79.1819%)
entry 1916000/2418481 (79.2233%)
entry 1917000/2418481 (79.2646%)
entry 1918000/2418481 (79.306%)
entry 1919000/2418481 (79.3473%)
entry 1920000/2418481 (79.3887%)
entry 1922000/2418481 (79.4714%)
entry 1924000/2418481 (79.5541%)
entry 1925000/2418481 (79.5954%)
entry 1926000/2418481 (79.6368%)
entry 1927000/2418481 (79.6781%)
entry 1928000/2418481 (79.7195%)
entry 1929000/2418481 (79.7608%)
entry 1930000/2418481 (79.8022%)
entry 1931000/2418481 (79.8435%)
entry 1932000/2418481 (79.8849%)
entry 1935000/2418481 (80.0089%)
entry 1936000/2418481 (80.0502%)
entry 1938000/2418481 (80.1329%)
entry 1940000/2418481 (80.2156%)
entry 1941000/2418481 (80.257%)
entry 1942000/2418481 (80.2983%)
entry 1945000/2418481 (80.4224%)
entry 1946000/2418481 (80.4637%)
entry 1947000/2418481 (80.5051%)
entry 1948000/2418481 (80.5464%)
entry 1949000/2418481 (80.5878%)
entry 1950000/2418481 (80.6291%)
entry 1952000/2418481 (80.7118%)
entry 1953000/2418481 (80.7532%)
entry 1959000/2418481 (81.0013%)
entry 1960000/2418481 (81.0426%)
entry 1961000/2418481 (81.084%)
entry 1962000/2418481 (81.1253%)
entry 1964000/2418481 (81.208%)
entry 1968000/2418481 (81.3734%)
entry 1969000/2418481 (81.4147%)
entry 1972000/2418481 (81.5388%)
entry 1973000/2418481 (81.5801%)
entry 1974000/2418481 (81.6215%)
entry 1975000/2418481 (81.6628%)
entry 1976000/2418481 (81.7042%)
entry 1977000/2418481 (81.7455%)
entry 1979000/2418481 (81.8282%)
entry 1981000/2418481 (81.9109%)
entry 1985000/2418481 (82.0763%)
entry 1987000/2418481 (82.159%)
entry 1988000/2418481 (82.2004%)
entry 1989000/2418481 (82.2417%)
entry 1990000/2418481 (82.2831%)
entry 1991000/2418481 (82.3244%)
entry 1992000/2418481 (82.3658%)
entry 1993000/2418481 (82.4071%)
entry 1995000/2418481 (82.4898%)
entry 1996000/2418481 (82.5311%)
entry 1998000/2418481 (82.6138%)
entry 2000000/2418481 (82.6965%)
entry 2002000/2418481 (82.7792%)
entry 2003000/2418481 (82.8206%)
entry 2004000/2418481 (82.8619%)
entry 2005000/2418481 (82.9033%)
entry 2007000/2418481 (82.986%)
entry 2008000/2418481 (83.0273%)
entry 2009000/2418481 (83.0687%)
entry 2010000/2418481 (83.11%)
entry 2011000/2418481 (83.1514%)
entry 2012000/2418481 (83.1927%)
entry 2014000/2418481 (83.2754%)
entry 2015000/2418481 (83.3168%)
entry 2016000/2418481 (83.3581%)
entry 2018000/2418481 (83.4408%)
entry 2019000/2418481 (83.4822%)
entry 2020000/2418481 (83.5235%)
entry 2021000/2418481 (83.5648%)
entry 2022000/2418481 (83.6062%)
entry 2024000/2418481 (83.6889%)
entry 2025000/2418481 (83.7302%)
entry 2026000/2418481 (83.7716%)
entry 2028000/2418481 (83.8543%)
entry 2029000/2418481 (83.8956%)
entry 2030000/2418481 (83.937%)
entry 2031000/2418481 (83.9783%)
entry 2032000/2418481 (84.0197%)
entry 2033000/2418481 (84.061%)
entry 2034000/2418481 (84.1024%)
entry 2035000/2418481 (84.1437%)
entry 2036000/2418481 (84.1851%)
entry 2037000/2418481 (84.2264%)
entry 2038000/2418481 (84.2678%)
entry 2040000/2418481 (84.3505%)
entry 2041000/2418481 (84.3918%)
entry 2042000/2418481 (84.4332%)
entry 2043000/2418481 (84.4745%)
entry 2044000/2418481 (84.5159%)
entry 2045000/2418481 (84.5572%)
entry 2046000/2418481 (84.5986%)
entry 2047000/2418481 (84.6399%)
entry 2048000/2418481 (84.6813%)
entry 2049000/2418481 (84.7226%)
entry 2050000/2418481 (84.764%)
entry 2053000/2418481 (84.888%)
entry 2054000/2418481 (84.9293%)
entry 2055000/2418481 (84.9707%)
entry 2056000/2418481 (85.012%)
entry 2057000/2418481 (85.0534%)
entry 2058000/2418481 (85.0947%)
entry 2060000/2418481 (85.1774%)
entry 2063000/2418481 (85.3015%)
entry 2064000/2418481 (85.3428%)
entry 2066000/2418481 (85.4255%)
entry 2067000/2418481 (85.4669%)
entry 2070000/2418481 (85.5909%)
entry 2071000/2418481 (85.6323%)
entry 2074000/2418481 (85.7563%)
entry 2076000/2418481 (85.839%)
entry 2077000/2418481 (85.8804%)
entry 2078000/2418481 (85.9217%)
entry 2079000/2418481 (85.963%)
entry 2080000/2418481 (86.0044%)
entry 2081000/2418481 (86.0457%)
entry 2082000/2418481 (86.0871%)
entry 2083000/2418481 (86.1284%)
entry 2084000/2418481 (86.1698%)
entry 2085000/2418481 (86.2111%)
entry 2086000/2418481 (86.2525%)
entry 2087000/2418481 (86.2938%)
entry 2089000/2418481 (86.3765%)
entry 2091000/2418481 (86.4592%)
entry 2092000/2418481 (86.5006%)
entry 2094000/2418481 (86.5833%)
entry 2097000/2418481 (86.7073%)
entry 2098000/2418481 (86.7487%)
entry 2099000/2418481 (86.79%)
entry 2100000/2418481 (86.8314%)
entry 2101000/2418481 (86.8727%)
entry 2102000/2418481 (86.9141%)
entry 2103000/2418481 (86.9554%)
entry 2104000/2418481 (86.9968%)
entry 2105000/2418481 (87.0381%)
entry 2107000/2418481 (87.1208%)
entry 2108000/2418481 (87.1621%)
entry 2109000/2418481 (87.2035%)
entry 2110000/2418481 (87.2448%)
entry 2111000/2418481 (87.2862%)
entry 2113000/2418481 (87.3689%)
entry 2114000/2418481 (87.4102%)
entry 2115000/2418481 (87.4516%)
entry 2116000/2418481 (87.4929%)
entry 2117000/2418481 (87.5343%)
entry 2118000/2418481 (87.5756%)
entry 2119000/2418481 (87.617%)
entry 2121000/2418481 (87.6997%)
entry 2122000/2418481 (87.741%)
entry 2123000/2418481 (87.7824%)
entry 2126000/2418481 (87.9064%)
entry 2127000/2418481 (87.9478%)
entry 2128000/2418481 (87.9891%)
entry 2129000/2418481 (88.0305%)
entry 2130000/2418481 (88.0718%)
entry 2131000/2418481 (88.1132%)
entry 2133000/2418481 (88.1959%)
entry 2134000/2418481 (88.2372%)
entry 2136000/2418481 (88.3199%)
entry 2137000/2418481 (88.3612%)
entry 2138000/2418481 (88.4026%)
entry 2139000/2418481 (88.4439%)
entry 2142000/2418481 (88.568%)
entry 2145000/2418481 (88.692%)
entry 2146000/2418481 (88.7334%)
entry 2147000/2418481 (88.7747%)
entry 2148000/2418481 (88.8161%)
entry 2149000/2418481 (88.8574%)
entry 2150000/2418481 (88.8988%)
entry 2151000/2418481 (88.9401%)
entry 2152000/2418481 (88.9815%)
entry 2153000/2418481 (89.0228%)
entry 2155000/2418481 (89.1055%)
entry 2157000/2418481 (89.1882%)
entry 2158000/2418481 (89.2296%)
entry 2159000/2418481 (89.2709%)
entry 2161000/2418481 (89.3536%)
entry 2162000/2418481 (89.395%)
entry 2163000/2418481 (89.4363%)
entry 2164000/2418481 (89.4777%)
entry 2165000/2418481 (89.519%)
entry 2167000/2418481 (89.6017%)
entry 2168000/2418481 (89.643%)
entry 2173000/2418481 (89.8498%)
entry 2175000/2418481 (89.9325%)
entry 2176000/2418481 (89.9738%)
entry 2177000/2418481 (90.0152%)
entry 2178000/2418481 (90.0565%)
entry 2179000/2418481 (90.0979%)
entry 2181000/2418481 (90.1806%)
entry 2182000/2418481 (90.2219%)
entry 2183000/2418481 (90.2633%)
entry 2184000/2418481 (90.3046%)
entry 2186000/2418481 (90.3873%)
entry 2188000/2418481 (90.47%)
entry 2192000/2418481 (90.6354%)
entry 2193000/2418481 (90.6767%)
entry 2194000/2418481 (90.7181%)
entry 2195000/2418481 (90.7595%)
entry 2197000/2418481 (90.8421%)
entry 2202000/2418481 (91.0489%)
entry 2203000/2418481 (91.0902%)
entry 2205000/2418481 (91.1729%)
entry 2206000/2418481 (91.2143%)
entry 2207000/2418481 (91.2556%)
entry 2208000/2418481 (91.297%)
entry 2209000/2418481 (91.3383%)
entry 2211000/2418481 (91.421%)
entry 2212000/2418481 (91.4624%)
entry 2213000/2418481 (91.5037%)
entry 2214000/2418481 (91.5451%)
entry 2215000/2418481 (91.5864%)
entry 2216000/2418481 (91.6278%)
entry 2217000/2418481 (91.6691%)
entry 2218000/2418481 (91.7105%)
entry 2219000/2418481 (91.7518%)
entry 2220000/2418481 (91.7932%)
entry 2221000/2418481 (91.8345%)
entry 2222000/2418481 (91.8759%)
entry 2223000/2418481 (91.9172%)
entry 2224000/2418481 (91.9585%)
entry 2225000/2418481 (91.9999%)
entry 2227000/2418481 (92.0826%)
entry 2228000/2418481 (92.1239%)
entry 2229000/2418481 (92.1653%)
entry 2231000/2418481 (92.248%)
entry 2232000/2418481 (92.2893%)
entry 2233000/2418481 (92.3307%)
entry 2234000/2418481 (92.372%)
entry 2235000/2418481 (92.4134%)
entry 2236000/2418481 (92.4547%)
entry 2237000/2418481 (92.4961%)
entry 2238000/2418481 (92.5374%)
entry 2239000/2418481 (92.5788%)
entry 2240000/2418481 (92.6201%)
entry 2242000/2418481 (92.7028%)
entry 2243000/2418481 (92.7442%)
entry 2245000/2418481 (92.8269%)
entry 2246000/2418481 (92.8682%)
entry 2247000/2418481 (92.9096%)
entry 2249000/2418481 (92.9923%)
entry 2250000/2418481 (93.0336%)
entry 2251000/2418481 (93.075%)
entry 2252000/2418481 (93.1163%)
entry 2253000/2418481 (93.1576%)
entry 2254000/2418481 (93.199%)
entry 2255000/2418481 (93.2403%)
entry 2256000/2418481 (93.2817%)
entry 2257000/2418481 (93.323%)
entry 2258000/2418481 (93.3644%)
entry 2259000/2418481 (93.4057%)
entry 2260000/2418481 (93.4471%)
entry 2261000/2418481 (93.4884%)
entry 2264000/2418481 (93.6125%)
entry 2265000/2418481 (93.6538%)
entry 2266000/2418481 (93.6952%)
entry 2268000/2418481 (93.7779%)
entry 2269000/2418481 (93.8192%)
entry 2270000/2418481 (93.8606%)
entry 2272000/2418481 (93.9433%)
entry 2273000/2418481 (93.9846%)
entry 2274000/2418481 (94.026%)
entry 2275000/2418481 (94.0673%)
entry 2278000/2418481 (94.1914%)
entry 2279000/2418481 (94.2327%)
entry 2281000/2418481 (94.3154%)
entry 2285000/2418481 (94.4808%)
entry 2286000/2418481 (94.5221%)
entry 2287000/2418481 (94.5635%)
entry 2288000/2418481 (94.6048%)
entry 2290000/2418481 (94.6875%)
entry 2291000/2418481 (94.7289%)
entry 2293000/2418481 (94.8116%)
entry 2294000/2418481 (94.8529%)
entry 2296000/2418481 (94.9356%)
entry 2298000/2418481 (95.0183%)
entry 2299000/2418481 (95.0597%)
entry 2300000/2418481 (95.101%)
entry 2302000/2418481 (95.1837%)
entry 2303000/2418481 (95.2251%)
entry 2304000/2418481 (95.2664%)
entry 2305000/2418481 (95.3078%)
entry 2309000/2418481 (95.4732%)
entry 2310000/2418481 (95.5145%)
entry 2311000/2418481 (95.5558%)
entry 2312000/2418481 (95.5972%)
entry 2313000/2418481 (95.6385%)
entry 2314000/2418481 (95.6799%)
entry 2315000/2418481 (95.7212%)
entry 2316000/2418481 (95.7626%)
entry 2317000/2418481 (95.8039%)
entry 2320000/2418481 (95.928%)
entry 2321000/2418481 (95.9693%)
entry 2323000/2418481 (96.052%)
entry 2324000/2418481 (96.0934%)
entry 2325000/2418481 (96.1347%)
entry 2326000/2418481 (96.1761%)
entry 2328000/2418481 (96.2588%)
entry 2329000/2418481 (96.3001%)
entry 2334000/2418481 (96.5069%)
entry 2336000/2418481 (96.5896%)
entry 2337000/2418481 (96.6309%)
entry 2339000/2418481 (96.7136%)
entry 2341000/2418481 (96.7963%)
entry 2344000/2418481 (96.9203%)
entry 2346000/2418481 (97.003%)
entry 2347000/2418481 (97.0444%)
entry 2348000/2418481 (97.0857%)
entry 2349000/2418481 (97.1271%)
entry 2350000/2418481 (97.1684%)
entry 2351000/2418481 (97.2098%)
entry 2352000/2418481 (97.2511%)
entry 2353000/2418481 (97.2925%)
entry 2354000/2418481 (97.3338%)
entry 2355000/2418481 (97.3752%)
entry 2356000/2418481 (97.4165%)
entry 2358000/2418481 (97.4992%)
entry 2359000/2418481 (97.5406%)
entry 2361000/2418481 (97.6233%)
entry 2362000/2418481 (97.6646%)
entry 2364000/2418481 (97.7473%)
entry 2365000/2418481 (97.7887%)
entry 2366000/2418481 (97.83%)
entry 2368000/2418481 (97.9127%)
entry 2370000/2418481 (97.9954%)
entry 2371000/2418481 (98.0367%)
entry 2374000/2418481 (98.1608%)
entry 2375000/2418481 (98.2021%)
entry 2377000/2418481 (98.2848%)
entry 2379000/2418481 (98.3675%)
entry 2382000/2418481 (98.4916%)
entry 2383000/2418481 (98.5329%)
entry 2384000/2418481 (98.5743%)
entry 2385000/2418481 (98.6156%)
entry 2386000/2418481 (98.657%)
entry 2387000/2418481 (98.6983%)
entry 2390000/2418481 (98.8224%)
entry 2391000/2418481 (98.8637%)
entry 2392000/2418481 (98.9051%)
entry 2393000/2418481 (98.9464%)
entry 2394000/2418481 (98.9878%)
entry 2395000/2418481 (99.0291%)
entry 2396000/2418481 (99.0704%)
entry 2398000/2418481 (99.1531%)
entry 2399000/2418481 (99.1945%)
entry 2401000/2418481 (99.2772%)
entry 2402000/2418481 (99.3185%)
entry 2406000/2418481 (99.4839%)
entry 2407000/2418481 (99.5253%)
entry 2410000/2418481 (99.6493%)
entry 2411000/2418481 (99.6907%)
entry 2412000/2418481 (99.732%)
entry 2414000/2418481 (99.8147%)
entry 2415000/2418481 (99.8561%)
entry 2416000/2418481 (99.8974%)
entry 2417000/2418481 (99.9388%)
all done
script done
