sphnx1040.sdcc.bnl.gov
rsyncing from /gpfs/mnt/gpfs02/sphenix/user/samfred/run25/ppg11/histmaking
running: /gpfs/mnt/gpfs02/sphenix/user/samfred/run25/ppg11/histmaking/script_data.sh 51489
LD_LIBRARY_PATH now /sphenix/user/samfred/run25/install//lib:/cvmfs/sphenix.sdcc.bnl.gov/alma9.2-gcc-14.2.0/opt/sphenix/core/gcc/14.2.0-2f0a0/x86_64-el9/lib:/cvmfs/sphenix.sdcc.bnl.gov/alma9.2-gcc-14.2.0/opt/sphenix/core/gcc/14.2.0-2f0a0/x86_64-el9/lib64:/cvmfs/sphenix.sdcc.bnl.gov/alma9.2-gcc-14.2.0/opt/sphenix/core/binutils/2.40-acaab/x86_64-el9/lib:.:/cvmfs/sphenix.sdcc.bnl.gov/alma9.2-gcc-14.2.0/release/release_new/new.10/lib64:/cvmfs/sphenix.sdcc.bnl.gov/alma9.2-gcc-14.2.0/release/release_new/new.10/lib:/cvmfs/sphenix.sdcc.bnl.gov/alma9.2-gcc-14.2.0/opt/sphenix/utils/lib:/cvmfs/sphenix.sdcc.bnl.gov/alma9.2-gcc-14.2.0/opt/sphenix/core/lib:/cvmfs/sphenix.sdcc.bnl.gov/alma9.2-gcc-14.2.0/opt/sphenix/core/root-6.32.06/lib:/cvmfs/sphenix.sdcc.bnl.gov/alma9.2-gcc-14.2.0/opt/sphenix/core/geant4.10.07.p04/lib64:/cvmfs/sphenix.sdcc.bnl.gov/alma9.2-gcc-14.2.0/opt/sphenix/core/lhapdf-5.9.1/lib:/usr/local/lib64:/usr/lib64
PATH now /sphenix/user/samfred/run25/install//bin:/cvmfs/sphenix.sdcc.bnl.gov/alma9.2-gcc-14.2.0/opt/sphenix/core/gcc/14.2.0-2f0a0/x86_64-el9/bin:/cvmfs/sphenix.sdcc.bnl.gov/alma9.2-gcc-14.2.0/opt/sphenix/core/binutils/2.40-acaab/x86_64-el9/bin:.:/cvmfs/sphenix.sdcc.bnl.gov/alma9.2-gcc-14.2.0/release/release_new/new.10/bin:/cvmfs/sphenix.sdcc.bnl.gov/alma9.2-gcc-14.2.0/opt/sphenix/utils/bin:/cvmfs/sphenix.sdcc.bnl.gov/alma9.2-gcc-14.2.0/opt/sphenix/core/bin:/cvmfs/sphenix.sdcc.bnl.gov/alma9.2-gcc-14.2.0/opt/sphenix/core/root-6.32.06/bin:/cvmfs/sphenix.sdcc.bnl.gov/alma9.2-gcc-14.2.0/opt/sphenix/core/geant4.10.07.p04/bin:/usr/local/bin:/usr/bin:/usr/local/sbin:/usr/sbin
SINGULARITY_CACHEDIR=/home/condor/local/sphnx/execute/dir_2388235
_CONDOR_CHIRP_CONFIG=/home/condor/local/sphnx/execute/dir_2388235/.chirp.config
_CONDOR_JOB_IWD=/sphenix/user/samfred/run25/ppg11/histmaking
G4ENSDFSTATEDATA=/cvmfs/sphenix.sdcc.bnl.gov/alma9.2-gcc-14.2.0/opt/sphenix/core/geant4.10.07.p04/share/Geant4-10.7.4/data/G4ENSDFSTATE2.3
_CONDOR_MACHINE_AD=/home/condor/local/sphnx/execute/dir_2388235/.machine.ad
_CONDOR_ANCESTOR_2388235=2393721:1759352721:4213761633
ROOT_MAX_THREADS=1
NUMEXPR_NUM_THREADS=1
CUBACORES=1
_CHIRP_DELAYED_UPDATE_PREFIX=Chirp*
OMP_THREAD_LIMIT=1
G4PIIDATA=/cvmfs/sphenix.sdcc.bnl.gov/alma9.2-gcc-14.2.0/opt/sphenix/core/geant4.10.07.p04/share/Geant4-10.7.4/data/G4PII1.3
NO_AT_BRIDGE=1
G4_MAIN=/cvmfs/sphenix.sdcc.bnl.gov/alma9.2-gcc-14.2.0/opt/sphenix/core/geant4.10.07.p04
COMPILER_PATH=/cvmfs/sphenix.sdcc.bnl.gov/alma9.2-gcc-14.2.0/opt/sphenix/core/gcc/14.2.0-2f0a0/x86_64-el9
ROOT_INCLUDE_PATH=./:/sphenix/user/samfred/run25/install//include:/sphenix/user/samfred/run25/install//include/caloana:/sphenix/user/samfred/run25/install//include/qa_centrality:/sphenix/user/samfred/run25/install//include/mbdana:/sphenix/user/samfred/run25/install//include/centrality:/sphenix/user/samfred/run25/install//include/Event:/cvmfs/sphenix.sdcc.bnl.gov/alma9.2-gcc-14.2.0/release/release_new/new.10/include:/cvmfs/sphenix.sdcc.bnl.gov/alma9.2-gcc-14.2.0/release/release_new/new.10/include:/cvmfs/sphenix.sdcc.bnl.gov/alma9.2-gcc-14.2.0/release/release_new/new.10/include/g4mbd:/cvmfs/sphenix.sdcc.bnl.gov/alma9.2-gcc-14.2.0/release/release_new/new.10/include/fmt:/cvmfs/sphenix.sdcc.bnl.gov/alma9.2-gcc-14.2.0/release/release_new/new.10/include/ffarawobjects:/cvmfs/sphenix.sdcc.bnl.gov/alma9.2-gcc-14.2.0/release/release_new/new.10/include/JSON:/cvmfs/sphenix.sdcc.bnl.gov/alma9.2-gcc-14.2.0/release/release_new/new.10/include/calotreegen:/cvmfs/sphenix.sdcc.bnl.gov/alma9.2-gcc-14.2.0/release/release_new/new.10/include/torch:/cvmfs/sphenix.sdcc.bnl.gov/alma9.2-gcc-14.2.0/release/release_new/new.10/include/g4detectors:/cvmfs/sphenix.sdcc.bnl.gov/alma9.2-gcc-14.2.0/release/release_new/new.10/include/kineto:/cvmfs/sphenix.sdcc.bnl.gov/alma9.2-gcc-14.2.0/release/release_new/new.10/include/g4decayer:/cvmfs/sphenix.sdcc.bnl.gov/alma9.2-gcc-14.2.0/release/release_new/new.10/include/kfparticleqa:/cvmfs/sphenix.sdcc.bnl.gov/alma9.2-gcc-14.2.0/release/release_new/new.10/include/phfield:/cvmfs/sphenix.sdcc.bnl.gov/alma9.2-gcc-14.2.0/release/release_new/new.10/include/LHAPDF:/cvmfs/sphenix.sdcc.bnl.gov/alma9.2-gcc-14.2.0/release/release_new/new.10/include/readdigitalcurrents:/cvmfs/sphenix.sdcc.bnl.gov/alma9.2-gcc-14.2.0/release/release_new/new.10/include/c10:/cvmfs/sphenix.sdcc.bnl.gov/alma9.2-gcc-14.2.0/release/release_new/new.10/include/calovalid:/cvmfs/sphenix.sdcc.bnl.gov/alma9.2-gcc-14.2.0/release/release_new/new.10/include/oneapi:/cvmfs/sphenix.sdcc.bnl.gov/alma9.2-gcc-14.2.0/release/release_new/new.10/include/DDCond:/cvmfs/sphenix.sdcc.bnl.gov/alma9.2-gcc-14.2.0/release/release_new/new.10/include/g4tracking:/cvmfs/sphenix.sdcc.bnl.gov/alma9.2-gcc-14.2.0/release/release_new/new.10/include/litecaloeval:/cvmfs/sphenix.sdcc.bnl.gov/alma9.2-gcc-14.2.0/release/release_new/new.10/include/g4intt:/cvmfs/sphenix.sdcc.bnl.gov/alma9.2-gcc-14.2.0/release/release_new/new.10/include/phool:/cvmfs/sphenix.sdcc.bnl.gov/alma9.2-gcc-14.2.0/release/release_new/new.10/include/boost:/cvmfs/sphenix.sdcc.bnl.gov/alma9.2-gcc-14.2.0/release/release_new/new.10/include/Pythia8Plugins:/cvmfs/sphenix.sdcc.bnl.gov/alma9.2-gcc-14.2.0/release/release_new/new.10/include/calib_emc_pi0:/cvmfs/sphenix.sdcc.bnl.gov/alma9.2-gcc-14.2.0/release/release_new/new.10/include/hijingflipafterburner:/cvmfs/sphenix.sdcc.bnl.gov/alma9.2-gcc-14.2.0/release/release_new/new.10/include/ffaobjects:/cvmfs/sphenix.sdcc.bnl.gov/alma9.2-gcc-14.2.0/release/release_new/new.10/include/EvtGenBase:/cvmfs/sphenix.sdcc.bnl.gov/alma9.2-gcc-14.2.0/release/release_new/new.10/include/flowafterburner:/cvmfs/sphenix.sdcc.bnl.gov/alma9.2-gcc-14.2.0/release/release_new/new.10/include/google:/cvmfs/sphenix.sdcc.bnl.gov/alma9.2-gcc-14.2.0/release/release_new/new.10/include/g4tpc:/cvmfs/sphenix.sdcc.bnl.gov/alma9.2-gcc-14.2.0/release/release_new/new.10/include/caffe2:/cvmfs/sphenix.sdcc.bnl.gov/alma9.2-gcc-14.2.0/release/release_new/new.10/include/EvtGenExternal:/cvmfs/sphenix.sdcc.bnl.gov/alma9.2-gcc-14.2.0/release/release_new/new.10/include/fp16:/cvmfs/sphenix.sdcc.bnl.gov/alma9.2-gcc-14.2.0/release/release_new/new.10/include/ffamodules:/cvmfs/sphenix.sdcc.bnl.gov/alma9.2-gcc-14.2.0/release/release_new/new.10/include/uspin:/cvmfs/sphenix.sdcc.bnl.gov/alma9.2-gcc-14.2.0/release/release_new/new.10/include/Herwig:/cvmfs/sphenix.sdcc.bnl.gov/alma9.2-gcc-14.2.0/release/release_new/new.10/include/genfitexp:/cvmfs/sphenix.sdcc.bnl.gov/alma9.2-gcc-14.2.0/release/release_new/new.10/include/XML:/cvmfs/sphenix.sdcc.bnl.gov/alma9.2-gcc-14.2.0/release/release_new/new.10/include/fbgemm:/cvmfs/sphenix.sdcc.bnl.gov/alma9.2-gcc-14.2.0/release/release_new/new.10/include/DDAlign:/cvmfs/sphenix.sdcc.bnl.gov/alma9.2-gcc-14.2.0/release/release_new/new.10/include/g4mvtx:/cvmfs/sphenix.sdcc.bnl.gov/alma9.2-gcc-14.2.0/release/release_new/new.10/include/kfparticle_sphenix:/cvmfs/sphenix.sdcc.bnl.gov/alma9.2-gcc-14.2.0/release/release_new/new.10/include/fun4all:/cvmfs/sphenix.sdcc.bnl.gov/alma9.2-gcc-14.2.0/release/release_new/new.10/include/intt:/cvmfs/sphenix.sdcc.bnl.gov/alma9.2-gcc-14.2.0/release/release_new/new.10/include/eventdisplay:/cvmfs/sphenix.sdcc.bnl.gov/alma9.2-gcc-14.2.0/release/release_new/new.10/include/EvtGen:/cvmfs/sphenix.sdcc.bnl.gov/alma9.2-gcc-14.2.0/release/release_new/new.10/include/Evaluator:/cvmfs/sphenix.sdcc.bnl.gov/alma9.2-gcc-14.2.0/release/release_new/new.10/include/tpc:/cvmfs/sphenix.sdcc.bnl.gov/alma9.2-gcc-14.2.0/release/release_new/new.10/include/GenFit:/cvmfs/sphenix.sdcc.bnl.gov/alma9.2-gcc-14.2.0/release/release_new/new.10/include/prototype4:/cvmfs/sphenix.sdcc.bnl.gov/alma9.2-gcc-14.2.0/release/release_new/new.10/include/caloembedding:/cvmfs/sphenix.sdcc.bnl.gov/alma9.2-gcc-14.2.0/release/release_new/new.10/include/EvtGenModels:/cvmfs/sphenix.sdcc.bnl.gov/alma9.2-gcc-14.2.0/release/release_new/new.10/include/fastjet:/cvmfs/sphenix.sdcc.bnl.gov/alma9.2-gcc-14.2.0/release/release_new/new.10/include/DDG4:/cvmfs/sphenix.sdcc.bnl.gov/alma9.2-gcc-14.2.0/release/release_new/new.10/include/mbd:/cvmfs/sphenix.sdcc.bnl.gov/alma9.2-gcc-14.2.0/release/release_new/new.10/include/tbb:/cvmfs/sphenix.sdcc.bnl.gov/alma9.2-gcc-14.2.0/release/release_new/new.10/include/phgeom:/cvmfs/sphenix.sdcc.bnl.gov/alma9.2-gcc-14.2.0/release/release_new/new.10/include/g4epd:/cvmfs/sphenix.sdcc.bnl.gov/alma9.2-gcc-14.2.0/release/release_new/new.10/include/oncal:/cvmfs/sphenix.sdcc.bnl.gov/alma9.2-gcc-14.2.0/release/release_new/new.10/include/pybind11:/cvmfs/sphenix.sdcc.bnl.gov/alma9.2-gcc-14.2.0/release/release_new/new.10/include/tpcdistgenerator:/cvmfs/sphenix.sdcc.bnl.gov/alma9.2-gcc-14.2.0/release/release_new/new.10/include/cdbobjects:/cvmfs/sphenix.sdcc.bnl.gov/alma9.2-gcc-14.2.0/release/release_new/new.10/include/g4micromegas:/cvmfs/sphenix.sdcc.bnl.gov/alma9.2-gcc-14.2.0/release/release_new/new.10/include/g4eval:/cvmfs/sphenix.sdcc.bnl.gov/alma9.2-gcc-14.2.0/release/release_new/new.10/include/jetbackground:/cvmfs/sphenix.sdcc.bnl.gov/alma9.2-gcc-14.2.0/release/release_new/new.10/include/micromegas:/cvmfs/sphenix.sdcc.bnl.gov/alma9.2-gcc-14.2.0/release/release_new/new.10/include/hftrackefficiency:/cvmfs/sphenix.sdcc.bnl.gov/alma9.2-gcc-14.2.0/release/release_new/new.10/include/inttrawhitqa:/cvmfs/sphenix.sdcc.bnl.gov/alma9.2-gcc-14.2.0/release/release_new/new.10/include/centrality:/cvmfs/sphenix.sdcc.bnl.gov/alma9.2-gcc-14.2.0/release/release_new/new.10/include/epd:/cvmfs/sphenix.sdcc.bnl.gov/alma9.2-gcc-14.2.0/release/release_new/new.10/include/caloreco:/cvmfs/sphenix.sdcc.bnl.gov/alma9.2-gcc-14.2.0/release/release_new/new.10/include/HepMC:/cvmfs/sphenix.sdcc.bnl.gov/alma9.2-gcc-14.2.0/release/release_new/new.10/include/CLHEP:/cvmfs/sphenix.sdcc.bnl.gov/alma9.2-gcc-14.2.0/release/release_new/new.10/include/Acts:/cvmfs/sphenix.sdcc.bnl.gov/alma9.2-gcc-14.2.0/release/release_new/new.10/include/g4histos:/cvmfs/sphenix.sdcc.bnl.gov/alma9.2-gcc-14.2.0/release/release_new/new.10/include/eventplaneinfo:/cvmfs/sphenix.sdcc.bnl.gov/alma9.2-gcc-14.2.0/release/release_new/new.10/include/fillspacechargemaps:/cvmfs/sphenix.sdcc.bnl.gov/alma9.2-gcc-14.2.0/release/release_new/new.10/include/phhepmc:/cvmfs/sphenix.sdcc.bnl.gov/alma9.2-gcc-14.2.0/release/release_new/new.10/include/trackingqa:/cvmfs/sphenix.sdcc.bnl.gov/alma9.2-gcc-14.2.0/release/release_new/new.10/include/qautils:/cvmfs/sphenix.sdcc.bnl.gov/alma9.2-gcc-14.2.0/release/release_new/new.10/include/trackreco:/cvmfs/sphenix.sdcc.bnl.gov/alma9.2-gcc-14.2.0/release/release_new/new.10/include/g4ohcal:/cvmfs/sphenix.sdcc.bnl.gov/alma9.2-gcc-14.2.0/release/release_new/new.10/include/tpcdvcalib:/cvmfs/sphenix.sdcc.bnl.gov/alma9.2-gcc-14.2.0/release/release_new/new.10/include/zdcinfo:/cvmfs/sphenix.sdcc.bnl.gov/alma9.2-gcc-14.2.0/release/release_new/new.10/include/phpythia8:/cvmfs/sphenix.sdcc.bnl.gov/alma9.2-gcc-14.2.0/release/release_new/new.10/include/fun4allutils:/cvmfs/sphenix.sdcc.bnl.gov/alma9.2-gcc-14.2.0/release/release_new/new.10/include/tpcqa:/cvmfs/sphenix.sdcc.bnl.gov/alma9.2-gcc-14.2.0/release/release_new/new.10/include/Pythia8:/cvmfs/sphenix.sdcc.bnl.gov/alma9.2-gcc-14.2.0/release/release_new/new.10/include/DDRec:/cvmfs/sphenix.sdcc.bnl.gov/alma9.2-gcc-14.2.0/release/release_new/new.10/include/DDDigi:/cvmfs/sphenix.sdcc.bnl.gov/alma9.2-gcc-14.2.0/release/release_new/new.10/include/g4ihcal:/cvmfs/sphenix.sdcc.bnl.gov/alma9.2-gcc-14.2.0/release/release_new/new.10/include/frog:/cvmfs/sphenix.sdcc.bnl.gov/alma9.2-gcc-14.2.0/release/release_new/new.10/include/eigen3:/cvmfs/sphenix.sdcc.bnl.gov/alma9.2-gcc-14.2.0/release/release_new/new.10/include/tensorpipe:/cvmfs/sphenix.sdcc.bnl.gov/alma9.2-gcc-14.2.0/release/release_new/new.10/include/sphenixnpc:/cvmfs/sphenix.sdcc.bnl.gov/alma9.2-gcc-14.2.0/release/release_new/new.10/include/siscone:/cvmfs/sphenix.sdcc.bnl.gov/alma9.2-gcc-14.2.0/release/release_new/new.10/include/pmonitor:/cvmfs/sphenix.sdcc.bnl.gov/alma9.2-gcc-14.2.0/release/release_new/new.10/include/calobase:/cvmfs/sphenix.sdcc.bnl.gov/alma9.2-gcc-14.2.0/release/release_new/new.10/include/ActsExamples:/cvmfs/sphenix.sdcc.bnl.gov/alma9.2-gcc-14.2.0/release/release_new/new.10/include/g4gdml:/cvmfs/sphenix.sdcc.bnl.gov/alma9.2-gcc-14.2.0/release/release_new/new.10/include/mvtx_decoder:/cvmfs/sphenix.sdcc.bnl.gov/alma9.2-gcc-14.2.0/release/release_new/new.10/include/ROOT:/cvmfs/sphenix.sdcc.bnl.gov/alma9.2-gcc-14.2.0/release/release_new/new.10/include/phparameter:/cvmfs/sphenix.sdcc.bnl.gov/alma9.2-gcc-14.2.0/release/release_new/new.10/include/rsa:/cvmfs/sphenix.sdcc.bnl.gov/alma9.2-gcc-14.2.0/release/release_new/new.10/include/fun4allraw:/cvmfs/sphenix.sdcc.bnl.gov/alma9.2-gcc-14.2.0/release/release_new/new.10/include/trackbase_historic:/cvmfs/sphenix.sdcc.bnl.gov/alma9.2-gcc-14.2.0/release/release_new/new.10/include/g4jets:/cvmfs/sphenix.sdcc.bnl.gov/alma9.2-gcc-14.2.0/release/release_new/new.10/include/jetqa:/cvmfs/sphenix.sdcc.bnl.gov/alma9.2-gcc-14.2.0/release/release_new/new.10/include/phoolraw:/cvmfs/sphenix.sdcc.bnl.gov/alma9.2-gcc-14.2.0/release/release_new/new.10/include/g4calo:/cvmfs/sphenix.sdcc.bnl.gov/alma9.2-gcc-14.2.0/release/release_new/new.10/include/mvtxrawhitqa:/cvmfs/sphenix.sdcc.bnl.gov/alma9.2-gcc-14.2.0/release/release_new/new.10/include/HepMC3:/cvmfs/sphenix.sdcc.bnl.gov/alma9.2-gcc-14.2.0/release/release_new/new.10/include/calowaveformsim:/cvmfs/sphenix.sdcc.bnl.gov/alma9.2-gcc-14.2.0/release/release_new/new.10/include/g4caloprototype:/cvmfs/sphenix.sdcc.bnl.gov/alma9.2-gcc-14.2.0/release/release_new/new.10/include/pdbcalbase:/cvmfs/sphenix.sdcc.bnl.gov/alma9.2-gcc-14.2.0/release/release_new/new.10/include/gsl:/cvmfs/sphenix.sdcc.bnl.gov/alma9.2-gcc-14.2.0/release/release_new/new.10/include/nodedump:/cvmfs/sphenix.sdcc.bnl.gov/alma9.2-gcc-14.2.0/release/release_new/new.10/include/emcnoisytowerfinder:/cvmfs/sphenix.sdcc.bnl.gov/alma9.2-gcc-14.2.0/release/release_new/new.10/include/ActsFatras:/cvmfs/sphenix.sdcc.bnl.gov/alma9.2-gcc-14.2.0/release/release_new/new.10/include/ffarawmodules:/cvmfs/sphenix.sdcc.bnl.gov/alma9.2-gcc-14.2.0/release/release_new/new.10/include/Event:/cvmfs/sphenix.sdcc.bnl.gov/alma9.2-gcc-14.2.0/release/release_new/new.10/include/prototype3:/cvmfs/sphenix.sdcc.bnl.gov/alma9.2-gcc-14.2.0/release/release_new/new.10/include/fermimotionafterburner:/cvmfs/sphenix.sdcc.bnl.gov/alma9.2-gcc-14.2.0/release/release_new/new.10/include/Photos:/cvmfs/sphenix.sdcc.bnl.gov/alma9.2-gcc-14.2.0/release/release_new/new.10/include/xingshiftcal:/cvmfs/sphenix.sdcc.bnl.gov/alma9.2-gcc-14.2.0/release/release_new/new.10/include/trackbase:/cvmfs/sphenix.sdcc.bnl.gov/alma9.2-gcc-14.2.0/release/release_new/new.10/include/jetdstskimmer:/cvmfs/sphenix.sdcc.bnl.gov/alma9.2-gcc-14.2.0/release/release_new/new.10/include/clusteriso:/cvmfs/sphenix.sdcc.bnl.gov/alma9.2-gcc-14.2.0/release/release_new/new.10/include/asmjit:/cvmfs/sphenix.sdcc.bnl.gov/alma9.2-gcc-14.2.0/release/release_new/new.10/include/particleflowreco:/cvmfs/sphenix.sdcc.bnl.gov/alma9.2-gcc-14.2.0/release/release_new/new.10/include/tpchittrackdisplay:/cvmfs/sphenix.sdcc.bnl.gov/alma9.2-gcc-14.2.0/release/release_new/new.10/include/caloana:/cvmfs/sphenix.sdcc.bnl.gov/alma9.2-gcc-14.2.0/release/release_new/new.10/include/calotrigger:/cvmfs/sphenix.sdcc.bnl.gov/alma9.2-gcc-14.2.0/release/release_new/new.10/include/nopayloadclient:/cvmfs/sphenix.sdcc.bnl.gov/alma9.2-gcc-14.2.0/release/release_new/new.10/include/trackermillepedealignment:/cvmfs/sphenix.sdcc.bnl.gov/alma9.2-gcc-14.2.0/release/release_new/new.10/include/DD4hep:/cvmfs/sphenix.sdcc.bnl.gov/alma9.2-gcc-14.2.0/release/release_new/new.10/include/g4trackfastsim:/cvmfs/sphenix.sdcc.bnl.gov/alma9.2-gcc-14.2.0/release/release_new/new.10/include/prototype2:/cvmfs/sphenix.sdcc.bnl.gov/alma9.2-gcc-14.2.0/release/release_new/new.10/include/ATen:/cvmfs/sphenix.sdcc.bnl.gov/alma9.2-gcc-14.2.0/release/release_new/new.10/include/g4main:/cvmfs/sphenix.sdcc.bnl.gov/alma9.2-gcc-14.2.0/release/release_new/new.10/include/Tauola:/cvmfs/sphenix.sdcc.bnl.gov/alma9.2-gcc-14.2.0/release/release_new/new.10/include/inttcalib:/cvmfs/sphenix.sdcc.bnl.gov/alma9.2-gcc-14.2.0/release/release_new/new.10/include/reactionplaneafterburner:/cvmfs/sphenix.sdcc.bnl.gov/alma9.2-gcc-14.2.0/release/release_new/new.10/include/globalqa:/cvmfs/sphenix.sdcc.bnl.gov/alma9.2-gcc-14.2.0/release/release_new/new.10/include/tpccalib:/cvmfs/sphenix.sdcc.bnl.gov/alma9.2-gcc-14.2.0/release/release_new/new.10/include/DDSegmentation:/cvmfs/sphenix.sdcc.bnl.gov/alma9.2-gcc-14.2.0/release/release_new/new.10/include/decayfinder:/cvmfs/sphenix.sdcc.bnl.gov/alma9.2-gcc-14.2.0/release/release_new/new.10/include/compressclus:/cvmfs/sphenix.sdcc.bnl.gov/alma9.2-gcc-14.2.0/release/release_new/new.10/include/simqa_modules:/cvmfs/sphenix.sdcc.bnl.gov/alma9.2-gcc-14.2.0/release/release_new/new.10/include/resonancejettagging:/cvmfs/sphenix.sdcc.bnl.gov/alma9.2-gcc-14.2.0/release/release_new/new.10/include/g4centrality:/cvmfs/sphenix.sdcc.bnl.gov/alma9.2-gcc-14.2.0/release/release_new/new.10/include/mvtx:/cvmfs/sphenix.sdcc.bnl.gov/alma9.2-gcc-14.2.0/release/release_new/new.10/include/nlohmann:/cvmfs/sphenix.sdcc.bnl.gov/alma9.2-gcc-14.2.0/release/release_new/new.10/include/localpoloffmon:/cvmfs/sphenix.sdcc.bnl.gov/alma9.2-gcc-14.2.0/release/release_new/new.10/include/DDEve:/cvmfs/sphenix.sdcc.bnl.gov/alma9.2-gcc-14.2.0/release/release_new/new.10/include/Parsers:/cvmfs/sphenix.sdcc.bnl.gov/alma9.2-gcc-14.2.0/release/release_new/new.10/include/trackingdiagnostics:/cvmfs/sphenix.sdcc.bnl.gov/alma9.2-gcc-14.2.0/release/release_new/new.10/include/g4vertex:/cvmfs/sphenix.sdcc.bnl.gov/alma9.2-gcc-14.2.0/release/release_new/new.10/include/jetbase:/cvmfs/sphenix.sdcc.bnl.gov/alma9.2-gcc-14.2.0/release/release_new/new.10/include/globalvertex:/cvmfs/sphenix.sdcc.bnl.gov/alma9.2-gcc-14.2.0/release/release_new/new.10/include/phgenfit:/cvmfs/sphenix.sdcc.bnl.gov/alma9.2-gcc-14.2.0/release/release_new/new.10/include/rawbcolumi:/cvmfs/sphenix.sdcc.bnl.gov/alma9.2-gcc-14.2.0/release/release_new/new.10/include/eicsmear:/cvmfs/sphenix.sdcc.bnl.gov/alma9.2-gcc-14.2.0/release/release_new/new.10/include/mvtxcalib:/cvmfs/sphenix.sdcc.bnl.gov/alma9.2-gcc-14.2.0/release/release_new/new.10/include/tpclinelaserdiode:/cvmfs/sphenix.sdcc.bnl.gov/alma9.2-gcc-14.2.0/release/release_new/new.10/include/hepmcjettrigger:/cvmfs/sphenix.sdcc.bnl.gov/alma9.2-gcc-14.2.0/release/release_new/new.10/include/core:/cvmfs/sphenix.sdcc.bnl.gov/alma9.2-gcc-14.2.0/release/release_new/new.10/include/calo_cdb:/cvmfs/sphenix.sdcc.bnl.gov/alma9.2-gcc-14.2.0/release/release_new/new.10/include/mvtxclustershapesqa:/cvmfs/sphenix.sdcc.bnl.gov/alma9.2-gcc-14.2.0/release/release_new/new.10/include/calopacketskimmer:/cvmfs/sphenix.sdcc.bnl.gov/alma9.2-gcc-14.2.0/opt/sphenix/core/geant4.10.07.p04/include:/cvmfs/sphenix.sdcc.bnl.gov/alma9.2-gcc-14.2.0/release/release_new/new.10/rootmacros:/cvmfs/sphenix.sdcc.bnl.gov/alma9.2-gcc-14.2.0/opt/sphenix/core/include
GSEARCHPATH=.:PG:LUSTRE:RAWDATA
PWD=/gpfs/mnt/gpfs02/sphenix/user/samfred/run25/ppg11/histmaking
LOGNAME=samfred
_CONDOR_JOB_AD=/home/condor/local/sphnx/execute/dir_2388235/.job.ad
MANPATH=/cvmfs/sphenix.sdcc.bnl.gov/alma9.2-gcc-14.2.0/opt/sphenix/core/gcc/14.2.0-2f0a0/x86_64-el9/share/man:/cvmfs/sphenix.sdcc.bnl.gov/alma9.2-gcc-14.2.0/opt/sphenix/core/binutils/2.40-acaab/x86_64-el9/share/man:/cvmfs/sphenix.sdcc.bnl.gov/alma9.2-gcc-14.2.0/release/release_new/new.10/share/man:/cvmfs/sphenix.sdcc.bnl.gov/alma9.2-gcc-14.2.0/opt/sphenix/utils/share/man:/cvmfs/sphenix.sdcc.bnl.gov/alma9.2-gcc-14.2.0/opt/sphenix/core/share/man:/cvmfs/sphenix.sdcc.bnl.gov/alma9.2-gcc-14.2.0/opt/sphenix/core/root-6.32.06/man:/usr/local/share/man:/usr/share/man
PYTHIA8=/cvmfs/sphenix.sdcc.bnl.gov/alma9.2-gcc-14.2.0/release/release_new/new.10/share/Pythia8
G4INCLDATA=/cvmfs/sphenix.sdcc.bnl.gov/alma9.2-gcc-14.2.0/opt/sphenix/core/geant4.10.07.p04/share/Geant4-10.7.4/data/G4INCL1.0
ORIG_PATH=/usr/local/bin:/usr/bin
CXX=/cvmfs/sphenix.sdcc.bnl.gov/alma9.2-gcc-14.2.0/opt/sphenix/core/gcc/14.2.0-2f0a0/x86_64-el9/bin/g++
G4LEDATA=/cvmfs/sphenix.sdcc.bnl.gov/alma9.2-gcc-14.2.0/opt/sphenix/core/geant4.10.07.p04/share/Geant4-10.7.4/data/G4EMLOW7.13
PYTHON_CPU_COUNT=1
OPENBLAS_NUM_THREADS=1
_CONDOR_BIN=/usr/bin
HOME=/sphenix/u/samfred
G4PARTICLEXSDATA=/cvmfs/sphenix.sdcc.bnl.gov/alma9.2-gcc-14.2.0/opt/sphenix/core/geant4.10.07.p04/share/Geant4-10.7.4/data/G4PARTICLEXS3.1.1
ONLINE_MAIN=/cvmfs/sphenix.sdcc.bnl.gov/alma9.2-gcc-14.2.0/release/release_new/new.10
CALIBRATIONROOT=/cvmfs/sphenix.sdcc.bnl.gov/alma9.2-gcc-14.2.0/release/release_new/new.10/share/calibrations
TMPDIR=/tmp
_CONDOR_SCRATCH_DIR=/home/condor/local/sphnx/execute/dir_2388235
PGUSER=phnxrc
NOPAYLOADCLIENT_CONF=/cvmfs/sphenix.sdcc.bnl.gov/alma9.2-gcc-14.2.0/opt/sphenix/core/etc/sPHENIX_newcdb.json
_CONDOR_ANCESTOR_287231=2388235:1759352721:823379470
XERCESCROOT=/cvmfs/sphenix.sdcc.bnl.gov/alma9.2-gcc-14.2.0/opt/sphenix/core/geant4.10.07.p04
LHAPATH=/cvmfs/sphenix.sdcc.bnl.gov/alma9.2-gcc-14.2.0/opt/sphenix/core/lhapdf-5.9.1/share/lhapdf/PDFsets
G4NEUTRONHPDATA=/cvmfs/sphenix.sdcc.bnl.gov/alma9.2-gcc-14.2.0/opt/sphenix/core/geant4.10.07.p04/share/Geant4-10.7.4/data/G4NDL4.6
PYTHONPATH=.:/cvmfs/sphenix.sdcc.bnl.gov/alma9.2-gcc-14.2.0/release/release_new/new.10/lib/python3.13/site-packages:/cvmfs/sphenix.sdcc.bnl.gov/alma9.2-gcc-14.2.0/opt/sphenix/core/lib/python3.13/site-packages:/cvmfs/sphenix.sdcc.bnl.gov/alma9.2-gcc-14.2.0/opt/sphenix/core/root-6.32.06/lib
USER=samfred
_CONDOR_JOB_PIDS=
TEMP=/tmp
GOMAXPROCS=1
OFFLINE_MAIN=/cvmfs/sphenix.sdcc.bnl.gov/alma9.2-gcc-14.2.0/release/release_new/new.10
SHLVL=1
TF_NUM_THREADS=1
G4SAIDXSDATA=/cvmfs/sphenix.sdcc.bnl.gov/alma9.2-gcc-14.2.0/opt/sphenix/core/geant4.10.07.p04/share/Geant4-10.7.4/data/G4SAIDDATA2.0
APPTAINER_CACHEDIR=/home/condor/local/sphnx/execute/dir_2388235
ROOTSYS=/cvmfs/sphenix.sdcc.bnl.gov/alma9.2-gcc-14.2.0/opt/sphenix/core/root-6.32.06
BATCH_SYSTEM=HTCondor
_CONDOR_SLOT=slot1_38
LD_LIBRARY_PATH=/sphenix/user/samfred/run25/install//lib:/cvmfs/sphenix.sdcc.bnl.gov/alma9.2-gcc-14.2.0/opt/sphenix/core/gcc/14.2.0-2f0a0/x86_64-el9/lib:/cvmfs/sphenix.sdcc.bnl.gov/alma9.2-gcc-14.2.0/opt/sphenix/core/gcc/14.2.0-2f0a0/x86_64-el9/lib64:/cvmfs/sphenix.sdcc.bnl.gov/alma9.2-gcc-14.2.0/opt/sphenix/core/binutils/2.40-acaab/x86_64-el9/lib:.:/cvmfs/sphenix.sdcc.bnl.gov/alma9.2-gcc-14.2.0/release/release_new/new.10/lib64:/cvmfs/sphenix.sdcc.bnl.gov/alma9.2-gcc-14.2.0/release/release_new/new.10/lib:/cvmfs/sphenix.sdcc.bnl.gov/alma9.2-gcc-14.2.0/opt/sphenix/utils/lib:/cvmfs/sphenix.sdcc.bnl.gov/alma9.2-gcc-14.2.0/opt/sphenix/core/lib:/cvmfs/sphenix.sdcc.bnl.gov/alma9.2-gcc-14.2.0/opt/sphenix/core/root-6.32.06/lib:/cvmfs/sphenix.sdcc.bnl.gov/alma9.2-gcc-14.2.0/opt/sphenix/core/geant4.10.07.p04/lib64:/cvmfs/sphenix.sdcc.bnl.gov/alma9.2-gcc-14.2.0/opt/sphenix/core/lhapdf-5.9.1/lib:/usr/local/lib64:/usr/lib64
OPT_SPHENIX=/cvmfs/sphenix.sdcc.bnl.gov/alma9.2-gcc-14.2.0/opt/sphenix/core
TF_LOOP_PARALLEL_ITERATIONS=1
EVT_LIB=/cvmfs/sphenix.sdcc.bnl.gov/alma9.2-gcc-14.2.0/opt/sphenix/core/root-6.32.06/lib
PGHOST=sphnxdbmaster.sdcc.bnl.gov
OMP_NUM_THREADS=1
G4REALSURFACEDATA=/cvmfs/sphenix.sdcc.bnl.gov/alma9.2-gcc-14.2.0/opt/sphenix/core/geant4.10.07.p04/share/Geant4-10.7.4/data/RealSurface2.2
FC=/cvmfs/sphenix.sdcc.bnl.gov/alma9.2-gcc-14.2.0/opt/sphenix/core/gcc/14.2.0-2f0a0/x86_64-el9/bin/gfortran
G4ABLADATA=/cvmfs/sphenix.sdcc.bnl.gov/alma9.2-gcc-14.2.0/opt/sphenix/core/geant4.10.07.p04/share/Geant4-10.7.4/data/G4ABLA3.1
PARASOFT=doesnotexist
TMP=/tmp
OPT_UTILS=/cvmfs/sphenix.sdcc.bnl.gov/alma9.2-gcc-14.2.0/opt/sphenix/utils
CONFIG_SITE=/cvmfs/sphenix.sdcc.bnl.gov/alma9.2-gcc-14.2.0/opt/sphenix/core/etc/config.site
PATH=/sphenix/user/samfred/run25/install//bin:/cvmfs/sphenix.sdcc.bnl.gov/alma9.2-gcc-14.2.0/opt/sphenix/core/gcc/14.2.0-2f0a0/x86_64-el9/bin:/cvmfs/sphenix.sdcc.bnl.gov/alma9.2-gcc-14.2.0/opt/sphenix/core/binutils/2.40-acaab/x86_64-el9/bin:.:/cvmfs/sphenix.sdcc.bnl.gov/alma9.2-gcc-14.2.0/release/release_new/new.10/bin:/cvmfs/sphenix.sdcc.bnl.gov/alma9.2-gcc-14.2.0/opt/sphenix/utils/bin:/cvmfs/sphenix.sdcc.bnl.gov/alma9.2-gcc-14.2.0/opt/sphenix/core/bin:/cvmfs/sphenix.sdcc.bnl.gov/alma9.2-gcc-14.2.0/opt/sphenix/core/root-6.32.06/bin:/cvmfs/sphenix.sdcc.bnl.gov/alma9.2-gcc-14.2.0/opt/sphenix/core/geant4.10.07.p04/bin:/usr/local/bin:/usr/bin:/usr/local/sbin:/usr/sbin
G4LEVELGAMMADATA=/cvmfs/sphenix.sdcc.bnl.gov/alma9.2-gcc-14.2.0/opt/sphenix/core/geant4.10.07.p04/share/Geant4-10.7.4/data/PhotonEvaporation5.7
CC=/cvmfs/sphenix.sdcc.bnl.gov/alma9.2-gcc-14.2.0/opt/sphenix/core/gcc/14.2.0-2f0a0/x86_64-el9/bin/gcc
G4RADIOACTIVEDATA=/cvmfs/sphenix.sdcc.bnl.gov/alma9.2-gcc-14.2.0/opt/sphenix/core/geant4.10.07.p04/share/Geant4-10.7.4/data/RadioactiveDecay5.6
JULIA_NUM_THREADS=1
_CONDOR_ANCESTOR_287196=287231:1756523315:2931601701
MKL_NUM_THREADS=1
LHAPDF_DATA_PATH=/cvmfs/sphenix.sdcc.bnl.gov/alma9.2-gcc-14.2.0/release/release_new/new.10/share/LHAPDF
XPLOAD_CONFIG_DIR=/cvmfs/sphenix.sdcc.bnl.gov/alma9.2-gcc-14.2.0/opt/sphenix/core/etc
OLDPWD=/cvmfs/sphenix.sdcc.bnl.gov/alma9.2-gcc-14.2.0/release/release_new/new.10/geant4
_=/usr/bin/printenv
runnumber...
51489
trigger...

   ------------------------------------------------------------------
  | Welcome to ROOT 6.32.06                        https://root.cern |
  | (c) 1995-2024, The ROOT Team; conception: R. Brun, F. Rademakers |
  | Built for linuxx8664gcc on Dec 13 2024, 17:23:48                 |
  | From tags/6-32-06@6-32-06                                        |
  | With g++ (GCC) 14.2.0                                            |
  | Try '.help'/'.?', '.demo', '.license', '.credits', '.quit'/'.q'  |
   ------------------------------------------------------------------


Processing data_histmaker.C(51489)...
entry 1000/857741 (0.116585%)
entry 4000/857741 (0.466341%)
entry 6000/857741 (0.699512%)
entry 8000/857741 (0.932682%)
entry 9000/857741 (1.04927%)
entry 11000/857741 (1.28244%)
entry 13000/857741 (1.51561%)
entry 16000/857741 (1.86536%)
entry 18000/857741 (2.09854%)
entry 20000/857741 (2.33171%)
entry 22000/857741 (2.56488%)
entry 25000/857741 (2.91463%)
entry 26000/857741 (3.03122%)
entry 28000/857741 (3.26439%)
entry 29000/857741 (3.38097%)
entry 31000/857741 (3.61414%)
entry 33000/857741 (3.84732%)
entry 34000/857741 (3.9639%)
entry 35000/857741 (4.08049%)
entry 36000/857741 (4.19707%)
entry 38000/857741 (4.43024%)
entry 39000/857741 (4.54683%)
entry 44000/857741 (5.12975%)
entry 45000/857741 (5.24634%)
entry 49000/857741 (5.71268%)
entry 51000/857741 (5.94585%)
entry 52000/857741 (6.06244%)
entry 54000/857741 (6.29561%)
entry 55000/857741 (6.41219%)
entry 57000/857741 (6.64536%)
entry 59000/857741 (6.87853%)
entry 61000/857741 (7.1117%)
entry 62000/857741 (7.22829%)
entry 63000/857741 (7.34487%)
entry 64000/857741 (7.46146%)
entry 65000/857741 (7.57805%)
entry 66000/857741 (7.69463%)
entry 68000/857741 (7.9278%)
entry 71000/857741 (8.27756%)
entry 75000/857741 (8.7439%)
entry 76000/857741 (8.86048%)
entry 77000/857741 (8.97707%)
entry 78000/857741 (9.09365%)
entry 79000/857741 (9.21024%)
entry 80000/857741 (9.32682%)
entry 81000/857741 (9.44341%)
entry 83000/857741 (9.67658%)
entry 84000/857741 (9.79317%)
entry 85000/857741 (9.90975%)
entry 87000/857741 (10.1429%)
entry 88000/857741 (10.2595%)
entry 89000/857741 (10.3761%)
entry 90000/857741 (10.4927%)
entry 92000/857741 (10.7258%)
entry 93000/857741 (10.8424%)
entry 94000/857741 (10.959%)
entry 96000/857741 (11.1922%)
entry 99000/857741 (11.5419%)
entry 101000/857741 (11.7751%)
entry 102000/857741 (11.8917%)
entry 104000/857741 (12.1249%)
entry 105000/857741 (12.2415%)
entry 108000/857741 (12.5912%)
entry 110000/857741 (12.8244%)
entry 111000/857741 (12.941%)
entry 112000/857741 (13.0576%)
entry 116000/857741 (13.5239%)
entry 118000/857741 (13.7571%)
entry 119000/857741 (13.8737%)
entry 120000/857741 (13.9902%)
entry 121000/857741 (14.1068%)
entry 122000/857741 (14.2234%)
entry 123000/857741 (14.34%)
entry 124000/857741 (14.4566%)
entry 125000/857741 (14.5732%)
entry 128000/857741 (14.9229%)
entry 129000/857741 (15.0395%)
entry 131000/857741 (15.2727%)
entry 132000/857741 (15.3893%)
entry 133000/857741 (15.5058%)
entry 134000/857741 (15.6224%)
entry 135000/857741 (15.739%)
entry 136000/857741 (15.8556%)
entry 138000/857741 (16.0888%)
entry 139000/857741 (16.2054%)
entry 141000/857741 (16.4385%)
entry 142000/857741 (16.5551%)
entry 143000/857741 (16.6717%)
entry 144000/857741 (16.7883%)
entry 145000/857741 (16.9049%)
entry 146000/857741 (17.0215%)
entry 147000/857741 (17.138%)
entry 148000/857741 (17.2546%)
entry 149000/857741 (17.3712%)
entry 150000/857741 (17.4878%)
entry 152000/857741 (17.721%)
entry 153000/857741 (17.8376%)
entry 154000/857741 (17.9541%)
entry 157000/857741 (18.3039%)
entry 158000/857741 (18.4205%)
entry 160000/857741 (18.6536%)
entry 161000/857741 (18.7702%)
entry 163000/857741 (19.0034%)
entry 164000/857741 (19.12%)
entry 166000/857741 (19.3532%)
entry 168000/857741 (19.5863%)
entry 169000/857741 (19.7029%)
entry 170000/857741 (19.8195%)
entry 171000/857741 (19.9361%)
entry 172000/857741 (20.0527%)
entry 173000/857741 (20.1693%)
entry 174000/857741 (20.2858%)
entry 175000/857741 (20.4024%)
entry 176000/857741 (20.519%)
entry 177000/857741 (20.6356%)
entry 183000/857741 (21.3351%)
entry 184000/857741 (21.4517%)
entry 185000/857741 (21.5683%)
entry 186000/857741 (21.6849%)
entry 187000/857741 (21.8015%)
entry 189000/857741 (22.0346%)
entry 191000/857741 (22.2678%)
entry 194000/857741 (22.6176%)
entry 195000/857741 (22.7341%)
entry 196000/857741 (22.8507%)
entry 197000/857741 (22.9673%)
entry 199000/857741 (23.2005%)
entry 200000/857741 (23.3171%)
entry 201000/857741 (23.4336%)
entry 202000/857741 (23.5502%)
entry 205000/857741 (23.9%)
entry 207000/857741 (24.1332%)
entry 208000/857741 (24.2497%)
entry 209000/857741 (24.3663%)
entry 210000/857741 (24.4829%)
entry 212000/857741 (24.7161%)
entry 214000/857741 (24.9493%)
entry 215000/857741 (25.0658%)
entry 216000/857741 (25.1824%)
entry 218000/857741 (25.4156%)
entry 219000/857741 (25.5322%)
entry 220000/857741 (25.6488%)
entry 222000/857741 (25.8819%)
entry 224000/857741 (26.1151%)
entry 226000/857741 (26.3483%)
entry 228000/857741 (26.5815%)
entry 231000/857741 (26.9312%)
entry 234000/857741 (27.281%)
entry 235000/857741 (27.3975%)
entry 237000/857741 (27.6307%)
entry 238000/857741 (27.7473%)
entry 239000/857741 (27.8639%)
entry 240000/857741 (27.9805%)
entry 241000/857741 (28.0971%)
entry 242000/857741 (28.2136%)
entry 243000/857741 (28.3302%)
entry 246000/857741 (28.68%)
entry 247000/857741 (28.7966%)
entry 248000/857741 (28.9132%)
entry 249000/857741 (29.0297%)
entry 250000/857741 (29.1463%)
entry 252000/857741 (29.3795%)
entry 258000/857741 (30.079%)
entry 259000/857741 (30.1956%)
entry 260000/857741 (30.3122%)
entry 261000/857741 (30.4288%)
entry 268000/857741 (31.2449%)
entry 269000/857741 (31.3614%)
entry 271000/857741 (31.5946%)
entry 272000/857741 (31.7112%)
entry 273000/857741 (31.8278%)
entry 274000/857741 (31.9444%)
entry 275000/857741 (32.061%)
entry 276000/857741 (32.1775%)
entry 277000/857741 (32.2941%)
entry 279000/857741 (32.5273%)
entry 286000/857741 (33.3434%)
entry 287000/857741 (33.46%)
entry 288000/857741 (33.5766%)
entry 291000/857741 (33.9263%)
entry 292000/857741 (34.0429%)
entry 293000/857741 (34.1595%)
entry 295000/857741 (34.3927%)
entry 296000/857741 (34.5093%)
entry 298000/857741 (34.7424%)
entry 299000/857741 (34.859%)
entry 300000/857741 (34.9756%)
entry 301000/857741 (35.0922%)
entry 302000/857741 (35.2088%)
entry 303000/857741 (35.3253%)
entry 305000/857741 (35.5585%)
entry 306000/857741 (35.6751%)
entry 307000/857741 (35.7917%)
entry 308000/857741 (35.9083%)
entry 310000/857741 (36.1414%)
entry 312000/857741 (36.3746%)
entry 313000/857741 (36.4912%)
entry 316000/857741 (36.841%)
entry 318000/857741 (37.0741%)
entry 319000/857741 (37.1907%)
entry 322000/857741 (37.5405%)
entry 323000/857741 (37.6571%)
entry 324000/857741 (37.7736%)
entry 327000/857741 (38.1234%)
entry 328000/857741 (38.24%)
entry 329000/857741 (38.3566%)
entry 335000/857741 (39.0561%)
entry 338000/857741 (39.4058%)
entry 339000/857741 (39.5224%)
entry 342000/857741 (39.8722%)
entry 343000/857741 (39.9888%)
entry 344000/857741 (40.1053%)
entry 345000/857741 (40.2219%)
entry 346000/857741 (40.3385%)
entry 347000/857741 (40.4551%)
entry 348000/857741 (40.5717%)
entry 349000/857741 (40.6883%)
entry 350000/857741 (40.8049%)
entry 352000/857741 (41.038%)
entry 354000/857741 (41.2712%)
entry 355000/857741 (41.3878%)
entry 359000/857741 (41.8541%)
entry 363000/857741 (42.3205%)
entry 365000/857741 (42.5536%)
entry 366000/857741 (42.6702%)
entry 367000/857741 (42.7868%)
entry 369000/857741 (43.02%)
entry 372000/857741 (43.3697%)
entry 374000/857741 (43.6029%)
entry 375000/857741 (43.7195%)
entry 376000/857741 (43.8361%)
entry 379000/857741 (44.1858%)
entry 381000/857741 (44.419%)
entry 382000/857741 (44.5356%)
entry 383000/857741 (44.6522%)
entry 386000/857741 (45.0019%)
entry 387000/857741 (45.1185%)
entry 388000/857741 (45.2351%)
entry 390000/857741 (45.4683%)
entry 391000/857741 (45.5849%)
entry 395000/857741 (46.0512%)
entry 397000/857741 (46.2844%)
entry 398000/857741 (46.401%)
entry 399000/857741 (46.5175%)
entry 400000/857741 (46.6341%)
entry 402000/857741 (46.8673%)
entry 403000/857741 (46.9839%)
entry 404000/857741 (47.1005%)
entry 406000/857741 (47.3336%)
entry 407000/857741 (47.4502%)
entry 409000/857741 (47.6834%)
entry 411000/857741 (47.9166%)
entry 413000/857741 (48.1497%)
entry 414000/857741 (48.2663%)
entry 415000/857741 (48.3829%)
entry 416000/857741 (48.4995%)
entry 417000/857741 (48.6161%)
entry 419000/857741 (48.8492%)
entry 420000/857741 (48.9658%)
entry 421000/857741 (49.0824%)
entry 422000/857741 (49.199%)
entry 423000/857741 (49.3156%)
entry 425000/857741 (49.5488%)
entry 426000/857741 (49.6653%)
entry 427000/857741 (49.7819%)
entry 428000/857741 (49.8985%)
entry 431000/857741 (50.2483%)
entry 432000/857741 (50.3649%)
entry 435000/857741 (50.7146%)
entry 436000/857741 (50.8312%)
entry 437000/857741 (50.9478%)
entry 442000/857741 (51.5307%)
entry 443000/857741 (51.6473%)
entry 444000/857741 (51.7639%)
entry 445000/857741 (51.8805%)
entry 446000/857741 (51.997%)
entry 448000/857741 (52.2302%)
entry 453000/857741 (52.8131%)
entry 454000/857741 (52.9297%)
entry 456000/857741 (53.1629%)
entry 459000/857741 (53.5127%)
entry 460000/857741 (53.6292%)
entry 461000/857741 (53.7458%)
entry 462000/857741 (53.8624%)
entry 464000/857741 (54.0956%)
entry 465000/857741 (54.2122%)
entry 466000/857741 (54.3288%)
entry 468000/857741 (54.5619%)
entry 469000/857741 (54.6785%)
entry 470000/857741 (54.7951%)
entry 471000/857741 (54.9117%)
entry 472000/857741 (55.0283%)
entry 473000/857741 (55.1449%)
entry 474000/857741 (55.2614%)
entry 475000/857741 (55.378%)
entry 476000/857741 (55.4946%)
entry 477000/857741 (55.6112%)
entry 479000/857741 (55.8444%)
entry 480000/857741 (55.9609%)
entry 481000/857741 (56.0775%)
entry 483000/857741 (56.3107%)
entry 484000/857741 (56.4273%)
entry 489000/857741 (57.0102%)
entry 491000/857741 (57.2434%)
entry 492000/857741 (57.36%)
entry 493000/857741 (57.4766%)
entry 494000/857741 (57.5931%)
entry 495000/857741 (57.7097%)
entry 496000/857741 (57.8263%)
entry 497000/857741 (57.9429%)
entry 499000/857741 (58.1761%)
entry 501000/857741 (58.4092%)
entry 502000/857741 (58.5258%)
entry 504000/857741 (58.759%)
entry 506000/857741 (58.9922%)
entry 509000/857741 (59.3419%)
entry 512000/857741 (59.6917%)
entry 514000/857741 (59.9248%)
entry 515000/857741 (60.0414%)
entry 519000/857741 (60.5078%)
entry 520000/857741 (60.6244%)
entry 524000/857741 (61.0907%)
entry 525000/857741 (61.2073%)
entry 527000/857741 (61.4405%)
entry 530000/857741 (61.7902%)
entry 533000/857741 (62.14%)
entry 534000/857741 (62.2566%)
entry 535000/857741 (62.3731%)
entry 536000/857741 (62.4897%)
entry 538000/857741 (62.7229%)
entry 540000/857741 (62.9561%)
entry 542000/857741 (63.1892%)
entry 544000/857741 (63.4224%)
entry 545000/857741 (63.539%)
entry 547000/857741 (63.7722%)
entry 548000/857741 (63.8888%)
entry 550000/857741 (64.1219%)
entry 551000/857741 (64.2385%)
entry 553000/857741 (64.4717%)
entry 554000/857741 (64.5883%)
entry 555000/857741 (64.7048%)
entry 556000/857741 (64.8214%)
entry 557000/857741 (64.938%)
entry 558000/857741 (65.0546%)
entry 560000/857741 (65.2878%)
entry 561000/857741 (65.4044%)
entry 562000/857741 (65.5209%)
entry 563000/857741 (65.6375%)
entry 566000/857741 (65.9873%)
entry 567000/857741 (66.1039%)
entry 568000/857741 (66.2205%)
entry 571000/857741 (66.5702%)
entry 572000/857741 (66.6868%)
entry 573000/857741 (66.8034%)
entry 574000/857741 (66.92%)
entry 575000/857741 (67.0366%)
entry 576000/857741 (67.1531%)
entry 577000/857741 (67.2697%)
entry 578000/857741 (67.3863%)
entry 579000/857741 (67.5029%)
entry 581000/857741 (67.7361%)
entry 582000/857741 (67.8527%)
entry 586000/857741 (68.319%)
entry 587000/857741 (68.4356%)
entry 588000/857741 (68.5522%)
entry 589000/857741 (68.6687%)
entry 591000/857741 (68.9019%)
entry 592000/857741 (69.0185%)
entry 594000/857741 (69.2517%)
entry 595000/857741 (69.3683%)
entry 596000/857741 (69.4848%)
entry 597000/857741 (69.6014%)
entry 599000/857741 (69.8346%)
entry 601000/857741 (70.0678%)
entry 602000/857741 (70.1844%)
entry 603000/857741 (70.3009%)
entry 607000/857741 (70.7673%)
entry 608000/857741 (70.8839%)
entry 609000/857741 (71.0005%)
entry 610000/857741 (71.117%)
entry 613000/857741 (71.4668%)
entry 614000/857741 (71.5834%)
entry 615000/857741 (71.7%)
entry 616000/857741 (71.8166%)
entry 617000/857741 (71.9331%)
entry 618000/857741 (72.0497%)
entry 619000/857741 (72.1663%)
entry 620000/857741 (72.2829%)
entry 621000/857741 (72.3995%)
entry 625000/857741 (72.8658%)
entry 628000/857741 (73.2156%)
entry 630000/857741 (73.4487%)
entry 631000/857741 (73.5653%)
entry 632000/857741 (73.6819%)
entry 635000/857741 (74.0317%)
entry 636000/857741 (74.1483%)
entry 637000/857741 (74.2648%)
entry 638000/857741 (74.3814%)
entry 639000/857741 (74.498%)
entry 641000/857741 (74.7312%)
entry 646000/857741 (75.3141%)
entry 648000/857741 (75.5473%)
entry 650000/857741 (75.7805%)
entry 653000/857741 (76.1302%)
entry 654000/857741 (76.2468%)
entry 656000/857741 (76.48%)
entry 658000/857741 (76.7131%)
entry 659000/857741 (76.8297%)
entry 660000/857741 (76.9463%)
entry 661000/857741 (77.0629%)
entry 662000/857741 (77.1795%)
entry 663000/857741 (77.2961%)
entry 664000/857741 (77.4126%)
entry 665000/857741 (77.5292%)
entry 666000/857741 (77.6458%)
entry 672000/857741 (78.3453%)
entry 675000/857741 (78.6951%)
entry 677000/857741 (78.9283%)
entry 679000/857741 (79.1614%)
entry 681000/857741 (79.3946%)
entry 683000/857741 (79.6278%)
entry 684000/857741 (79.7444%)
entry 685000/857741 (79.8609%)
entry 688000/857741 (80.2107%)
entry 689000/857741 (80.3273%)
entry 692000/857741 (80.677%)
entry 693000/857741 (80.7936%)
entry 694000/857741 (80.9102%)
entry 695000/857741 (81.0268%)
entry 696000/857741 (81.1434%)
entry 697000/857741 (81.26%)
entry 700000/857741 (81.6097%)
entry 701000/857741 (81.7263%)
entry 703000/857741 (81.9595%)
entry 704000/857741 (82.0761%)
entry 705000/857741 (82.1926%)
entry 706000/857741 (82.3092%)
entry 707000/857741 (82.4258%)
entry 708000/857741 (82.5424%)
entry 712000/857741 (83.0087%)
entry 713000/857741 (83.1253%)
entry 714000/857741 (83.2419%)
entry 716000/857741 (83.4751%)
entry 717000/857741 (83.5917%)
entry 718000/857741 (83.7083%)
entry 720000/857741 (83.9414%)
entry 721000/857741 (84.058%)
entry 722000/857741 (84.1746%)
entry 728000/857741 (84.8741%)
entry 729000/857741 (84.9907%)
entry 730000/857741 (85.1073%)
entry 734000/857741 (85.5736%)
entry 736000/857741 (85.8068%)
entry 737000/857741 (85.9234%)
entry 742000/857741 (86.5063%)
entry 745000/857741 (86.8561%)
entry 746000/857741 (86.9726%)
entry 747000/857741 (87.0892%)
entry 748000/857741 (87.2058%)
entry 750000/857741 (87.439%)
entry 752000/857741 (87.6722%)
entry 753000/857741 (87.7887%)
entry 754000/857741 (87.9053%)
entry 756000/857741 (88.1385%)
entry 757000/857741 (88.2551%)
entry 758000/857741 (88.3717%)
entry 761000/857741 (88.7214%)
entry 763000/857741 (88.9546%)
entry 765000/857741 (89.1878%)
entry 769000/857741 (89.6541%)
entry 773000/857741 (90.1204%)
entry 774000/857741 (90.237%)
entry 775000/857741 (90.3536%)
entry 776000/857741 (90.4702%)
entry 778000/857741 (90.7034%)
entry 779000/857741 (90.82%)
entry 781000/857741 (91.0531%)
entry 782000/857741 (91.1697%)
entry 785000/857741 (91.5195%)
entry 786000/857741 (91.6361%)
entry 787000/857741 (91.7526%)
entry 789000/857741 (91.9858%)
entry 790000/857741 (92.1024%)
entry 794000/857741 (92.5687%)
entry 795000/857741 (92.6853%)
entry 796000/857741 (92.8019%)
entry 797000/857741 (92.9185%)
entry 798000/857741 (93.0351%)
entry 799000/857741 (93.1517%)
entry 803000/857741 (93.618%)
entry 804000/857741 (93.7346%)
entry 807000/857741 (94.0843%)
entry 808000/857741 (94.2009%)
entry 809000/857741 (94.3175%)
entry 812000/857741 (94.6673%)
entry 813000/857741 (94.7839%)
entry 814000/857741 (94.9004%)
entry 816000/857741 (95.1336%)
entry 818000/857741 (95.3668%)
entry 819000/857741 (95.4834%)
entry 820000/857741 (95.6%)
entry 821000/857741 (95.7165%)
entry 822000/857741 (95.8331%)
entry 823000/857741 (95.9497%)
entry 824000/857741 (96.0663%)
entry 825000/857741 (96.1829%)
entry 827000/857741 (96.4161%)
entry 829000/857741 (96.6492%)
entry 831000/857741 (96.8824%)
entry 834000/857741 (97.2322%)
entry 836000/857741 (97.4653%)
entry 837000/857741 (97.5819%)
entry 838000/857741 (97.6985%)
entry 839000/857741 (97.8151%)
entry 840000/857741 (97.9317%)
entry 841000/857741 (98.0482%)
entry 844000/857741 (98.398%)
entry 849000/857741 (98.9809%)
entry 852000/857741 (99.3307%)
entry 855000/857741 (99.6804%)
entry 857000/857741 (99.9136%)
all done
script done
