sphnx1052.sdcc.bnl.gov
rsyncing from /gpfs/mnt/gpfs02/sphenix/user/samfred/run25/ppg11/histmaking
running: /gpfs/mnt/gpfs02/sphenix/user/samfred/run25/ppg11/histmaking/script_data.sh 51503
LD_LIBRARY_PATH now /sphenix/user/samfred/run25/install//lib:/cvmfs/sphenix.sdcc.bnl.gov/alma9.2-gcc-14.2.0/opt/sphenix/core/gcc/14.2.0-2f0a0/x86_64-el9/lib:/cvmfs/sphenix.sdcc.bnl.gov/alma9.2-gcc-14.2.0/opt/sphenix/core/gcc/14.2.0-2f0a0/x86_64-el9/lib64:/cvmfs/sphenix.sdcc.bnl.gov/alma9.2-gcc-14.2.0/opt/sphenix/core/binutils/2.40-acaab/x86_64-el9/lib:.:/cvmfs/sphenix.sdcc.bnl.gov/alma9.2-gcc-14.2.0/release/release_new/new.10/lib64:/cvmfs/sphenix.sdcc.bnl.gov/alma9.2-gcc-14.2.0/release/release_new/new.10/lib:/cvmfs/sphenix.sdcc.bnl.gov/alma9.2-gcc-14.2.0/opt/sphenix/utils/lib:/cvmfs/sphenix.sdcc.bnl.gov/alma9.2-gcc-14.2.0/opt/sphenix/core/lib:/cvmfs/sphenix.sdcc.bnl.gov/alma9.2-gcc-14.2.0/opt/sphenix/core/root-6.32.06/lib:/cvmfs/sphenix.sdcc.bnl.gov/alma9.2-gcc-14.2.0/opt/sphenix/core/geant4.10.07.p04/lib64:/cvmfs/sphenix.sdcc.bnl.gov/alma9.2-gcc-14.2.0/opt/sphenix/core/lhapdf-5.9.1/lib:/usr/local/lib64:/usr/lib64
PATH now /sphenix/user/samfred/run25/install//bin:/cvmfs/sphenix.sdcc.bnl.gov/alma9.2-gcc-14.2.0/opt/sphenix/core/gcc/14.2.0-2f0a0/x86_64-el9/bin:/cvmfs/sphenix.sdcc.bnl.gov/alma9.2-gcc-14.2.0/opt/sphenix/core/binutils/2.40-acaab/x86_64-el9/bin:.:/cvmfs/sphenix.sdcc.bnl.gov/alma9.2-gcc-14.2.0/release/release_new/new.10/bin:/cvmfs/sphenix.sdcc.bnl.gov/alma9.2-gcc-14.2.0/opt/sphenix/utils/bin:/cvmfs/sphenix.sdcc.bnl.gov/alma9.2-gcc-14.2.0/opt/sphenix/core/bin:/cvmfs/sphenix.sdcc.bnl.gov/alma9.2-gcc-14.2.0/opt/sphenix/core/root-6.32.06/bin:/cvmfs/sphenix.sdcc.bnl.gov/alma9.2-gcc-14.2.0/opt/sphenix/core/geant4.10.07.p04/bin:/usr/local/bin:/usr/bin:/usr/local/sbin:/usr/sbin
SINGULARITY_CACHEDIR=/home/condor/local/sphnx/execute/dir_2443888
_CONDOR_CHIRP_CONFIG=/home/condor/local/sphnx/execute/dir_2443888/.chirp.config
_CONDOR_JOB_IWD=/sphenix/user/samfred/run25/ppg11/histmaking
_CONDOR_ANCESTOR_288935=288970:1756523317:3302625176
G4ENSDFSTATEDATA=/cvmfs/sphenix.sdcc.bnl.gov/alma9.2-gcc-14.2.0/opt/sphenix/core/geant4.10.07.p04/share/Geant4-10.7.4/data/G4ENSDFSTATE2.3
_CONDOR_MACHINE_AD=/home/condor/local/sphnx/execute/dir_2443888/.machine.ad
_CONDOR_ANCESTOR_2443888=2450526:1759352721:2209132122
ROOT_MAX_THREADS=1
NUMEXPR_NUM_THREADS=1
CUBACORES=1
_CHIRP_DELAYED_UPDATE_PREFIX=Chirp*
OMP_THREAD_LIMIT=1
G4PIIDATA=/cvmfs/sphenix.sdcc.bnl.gov/alma9.2-gcc-14.2.0/opt/sphenix/core/geant4.10.07.p04/share/Geant4-10.7.4/data/G4PII1.3
NO_AT_BRIDGE=1
G4_MAIN=/cvmfs/sphenix.sdcc.bnl.gov/alma9.2-gcc-14.2.0/opt/sphenix/core/geant4.10.07.p04
COMPILER_PATH=/cvmfs/sphenix.sdcc.bnl.gov/alma9.2-gcc-14.2.0/opt/sphenix/core/gcc/14.2.0-2f0a0/x86_64-el9
ROOT_INCLUDE_PATH=./:/sphenix/user/samfred/run25/install//include:/sphenix/user/samfred/run25/install//include/caloana:/sphenix/user/samfred/run25/install//include/qa_centrality:/sphenix/user/samfred/run25/install//include/mbdana:/sphenix/user/samfred/run25/install//include/centrality:/sphenix/user/samfred/run25/install//include/Event:/cvmfs/sphenix.sdcc.bnl.gov/alma9.2-gcc-14.2.0/release/release_new/new.10/include:/cvmfs/sphenix.sdcc.bnl.gov/alma9.2-gcc-14.2.0/release/release_new/new.10/include:/cvmfs/sphenix.sdcc.bnl.gov/alma9.2-gcc-14.2.0/release/release_new/new.10/include/g4mbd:/cvmfs/sphenix.sdcc.bnl.gov/alma9.2-gcc-14.2.0/release/release_new/new.10/include/fmt:/cvmfs/sphenix.sdcc.bnl.gov/alma9.2-gcc-14.2.0/release/release_new/new.10/include/ffarawobjects:/cvmfs/sphenix.sdcc.bnl.gov/alma9.2-gcc-14.2.0/release/release_new/new.10/include/JSON:/cvmfs/sphenix.sdcc.bnl.gov/alma9.2-gcc-14.2.0/release/release_new/new.10/include/calotreegen:/cvmfs/sphenix.sdcc.bnl.gov/alma9.2-gcc-14.2.0/release/release_new/new.10/include/torch:/cvmfs/sphenix.sdcc.bnl.gov/alma9.2-gcc-14.2.0/release/release_new/new.10/include/g4detectors:/cvmfs/sphenix.sdcc.bnl.gov/alma9.2-gcc-14.2.0/release/release_new/new.10/include/kineto:/cvmfs/sphenix.sdcc.bnl.gov/alma9.2-gcc-14.2.0/release/release_new/new.10/include/g4decayer:/cvmfs/sphenix.sdcc.bnl.gov/alma9.2-gcc-14.2.0/release/release_new/new.10/include/kfparticleqa:/cvmfs/sphenix.sdcc.bnl.gov/alma9.2-gcc-14.2.0/release/release_new/new.10/include/phfield:/cvmfs/sphenix.sdcc.bnl.gov/alma9.2-gcc-14.2.0/release/release_new/new.10/include/LHAPDF:/cvmfs/sphenix.sdcc.bnl.gov/alma9.2-gcc-14.2.0/release/release_new/new.10/include/readdigitalcurrents:/cvmfs/sphenix.sdcc.bnl.gov/alma9.2-gcc-14.2.0/release/release_new/new.10/include/c10:/cvmfs/sphenix.sdcc.bnl.gov/alma9.2-gcc-14.2.0/release/release_new/new.10/include/calovalid:/cvmfs/sphenix.sdcc.bnl.gov/alma9.2-gcc-14.2.0/release/release_new/new.10/include/oneapi:/cvmfs/sphenix.sdcc.bnl.gov/alma9.2-gcc-14.2.0/release/release_new/new.10/include/DDCond:/cvmfs/sphenix.sdcc.bnl.gov/alma9.2-gcc-14.2.0/release/release_new/new.10/include/g4tracking:/cvmfs/sphenix.sdcc.bnl.gov/alma9.2-gcc-14.2.0/release/release_new/new.10/include/litecaloeval:/cvmfs/sphenix.sdcc.bnl.gov/alma9.2-gcc-14.2.0/release/release_new/new.10/include/g4intt:/cvmfs/sphenix.sdcc.bnl.gov/alma9.2-gcc-14.2.0/release/release_new/new.10/include/phool:/cvmfs/sphenix.sdcc.bnl.gov/alma9.2-gcc-14.2.0/release/release_new/new.10/include/boost:/cvmfs/sphenix.sdcc.bnl.gov/alma9.2-gcc-14.2.0/release/release_new/new.10/include/Pythia8Plugins:/cvmfs/sphenix.sdcc.bnl.gov/alma9.2-gcc-14.2.0/release/release_new/new.10/include/calib_emc_pi0:/cvmfs/sphenix.sdcc.bnl.gov/alma9.2-gcc-14.2.0/release/release_new/new.10/include/hijingflipafterburner:/cvmfs/sphenix.sdcc.bnl.gov/alma9.2-gcc-14.2.0/release/release_new/new.10/include/ffaobjects:/cvmfs/sphenix.sdcc.bnl.gov/alma9.2-gcc-14.2.0/release/release_new/new.10/include/EvtGenBase:/cvmfs/sphenix.sdcc.bnl.gov/alma9.2-gcc-14.2.0/release/release_new/new.10/include/flowafterburner:/cvmfs/sphenix.sdcc.bnl.gov/alma9.2-gcc-14.2.0/release/release_new/new.10/include/google:/cvmfs/sphenix.sdcc.bnl.gov/alma9.2-gcc-14.2.0/release/release_new/new.10/include/g4tpc:/cvmfs/sphenix.sdcc.bnl.gov/alma9.2-gcc-14.2.0/release/release_new/new.10/include/caffe2:/cvmfs/sphenix.sdcc.bnl.gov/alma9.2-gcc-14.2.0/release/release_new/new.10/include/EvtGenExternal:/cvmfs/sphenix.sdcc.bnl.gov/alma9.2-gcc-14.2.0/release/release_new/new.10/include/fp16:/cvmfs/sphenix.sdcc.bnl.gov/alma9.2-gcc-14.2.0/release/release_new/new.10/include/ffamodules:/cvmfs/sphenix.sdcc.bnl.gov/alma9.2-gcc-14.2.0/release/release_new/new.10/include/uspin:/cvmfs/sphenix.sdcc.bnl.gov/alma9.2-gcc-14.2.0/release/release_new/new.10/include/Herwig:/cvmfs/sphenix.sdcc.bnl.gov/alma9.2-gcc-14.2.0/release/release_new/new.10/include/genfitexp:/cvmfs/sphenix.sdcc.bnl.gov/alma9.2-gcc-14.2.0/release/release_new/new.10/include/XML:/cvmfs/sphenix.sdcc.bnl.gov/alma9.2-gcc-14.2.0/release/release_new/new.10/include/fbgemm:/cvmfs/sphenix.sdcc.bnl.gov/alma9.2-gcc-14.2.0/release/release_new/new.10/include/DDAlign:/cvmfs/sphenix.sdcc.bnl.gov/alma9.2-gcc-14.2.0/release/release_new/new.10/include/g4mvtx:/cvmfs/sphenix.sdcc.bnl.gov/alma9.2-gcc-14.2.0/release/release_new/new.10/include/kfparticle_sphenix:/cvmfs/sphenix.sdcc.bnl.gov/alma9.2-gcc-14.2.0/release/release_new/new.10/include/fun4all:/cvmfs/sphenix.sdcc.bnl.gov/alma9.2-gcc-14.2.0/release/release_new/new.10/include/intt:/cvmfs/sphenix.sdcc.bnl.gov/alma9.2-gcc-14.2.0/release/release_new/new.10/include/eventdisplay:/cvmfs/sphenix.sdcc.bnl.gov/alma9.2-gcc-14.2.0/release/release_new/new.10/include/EvtGen:/cvmfs/sphenix.sdcc.bnl.gov/alma9.2-gcc-14.2.0/release/release_new/new.10/include/Evaluator:/cvmfs/sphenix.sdcc.bnl.gov/alma9.2-gcc-14.2.0/release/release_new/new.10/include/tpc:/cvmfs/sphenix.sdcc.bnl.gov/alma9.2-gcc-14.2.0/release/release_new/new.10/include/GenFit:/cvmfs/sphenix.sdcc.bnl.gov/alma9.2-gcc-14.2.0/release/release_new/new.10/include/prototype4:/cvmfs/sphenix.sdcc.bnl.gov/alma9.2-gcc-14.2.0/release/release_new/new.10/include/caloembedding:/cvmfs/sphenix.sdcc.bnl.gov/alma9.2-gcc-14.2.0/release/release_new/new.10/include/EvtGenModels:/cvmfs/sphenix.sdcc.bnl.gov/alma9.2-gcc-14.2.0/release/release_new/new.10/include/fastjet:/cvmfs/sphenix.sdcc.bnl.gov/alma9.2-gcc-14.2.0/release/release_new/new.10/include/DDG4:/cvmfs/sphenix.sdcc.bnl.gov/alma9.2-gcc-14.2.0/release/release_new/new.10/include/mbd:/cvmfs/sphenix.sdcc.bnl.gov/alma9.2-gcc-14.2.0/release/release_new/new.10/include/tbb:/cvmfs/sphenix.sdcc.bnl.gov/alma9.2-gcc-14.2.0/release/release_new/new.10/include/phgeom:/cvmfs/sphenix.sdcc.bnl.gov/alma9.2-gcc-14.2.0/release/release_new/new.10/include/g4epd:/cvmfs/sphenix.sdcc.bnl.gov/alma9.2-gcc-14.2.0/release/release_new/new.10/include/oncal:/cvmfs/sphenix.sdcc.bnl.gov/alma9.2-gcc-14.2.0/release/release_new/new.10/include/pybind11:/cvmfs/sphenix.sdcc.bnl.gov/alma9.2-gcc-14.2.0/release/release_new/new.10/include/tpcdistgenerator:/cvmfs/sphenix.sdcc.bnl.gov/alma9.2-gcc-14.2.0/release/release_new/new.10/include/cdbobjects:/cvmfs/sphenix.sdcc.bnl.gov/alma9.2-gcc-14.2.0/release/release_new/new.10/include/g4micromegas:/cvmfs/sphenix.sdcc.bnl.gov/alma9.2-gcc-14.2.0/release/release_new/new.10/include/g4eval:/cvmfs/sphenix.sdcc.bnl.gov/alma9.2-gcc-14.2.0/release/release_new/new.10/include/jetbackground:/cvmfs/sphenix.sdcc.bnl.gov/alma9.2-gcc-14.2.0/release/release_new/new.10/include/micromegas:/cvmfs/sphenix.sdcc.bnl.gov/alma9.2-gcc-14.2.0/release/release_new/new.10/include/hftrackefficiency:/cvmfs/sphenix.sdcc.bnl.gov/alma9.2-gcc-14.2.0/release/release_new/new.10/include/inttrawhitqa:/cvmfs/sphenix.sdcc.bnl.gov/alma9.2-gcc-14.2.0/release/release_new/new.10/include/centrality:/cvmfs/sphenix.sdcc.bnl.gov/alma9.2-gcc-14.2.0/release/release_new/new.10/include/epd:/cvmfs/sphenix.sdcc.bnl.gov/alma9.2-gcc-14.2.0/release/release_new/new.10/include/caloreco:/cvmfs/sphenix.sdcc.bnl.gov/alma9.2-gcc-14.2.0/release/release_new/new.10/include/HepMC:/cvmfs/sphenix.sdcc.bnl.gov/alma9.2-gcc-14.2.0/release/release_new/new.10/include/CLHEP:/cvmfs/sphenix.sdcc.bnl.gov/alma9.2-gcc-14.2.0/release/release_new/new.10/include/Acts:/cvmfs/sphenix.sdcc.bnl.gov/alma9.2-gcc-14.2.0/release/release_new/new.10/include/g4histos:/cvmfs/sphenix.sdcc.bnl.gov/alma9.2-gcc-14.2.0/release/release_new/new.10/include/eventplaneinfo:/cvmfs/sphenix.sdcc.bnl.gov/alma9.2-gcc-14.2.0/release/release_new/new.10/include/fillspacechargemaps:/cvmfs/sphenix.sdcc.bnl.gov/alma9.2-gcc-14.2.0/release/release_new/new.10/include/phhepmc:/cvmfs/sphenix.sdcc.bnl.gov/alma9.2-gcc-14.2.0/release/release_new/new.10/include/trackingqa:/cvmfs/sphenix.sdcc.bnl.gov/alma9.2-gcc-14.2.0/release/release_new/new.10/include/qautils:/cvmfs/sphenix.sdcc.bnl.gov/alma9.2-gcc-14.2.0/release/release_new/new.10/include/trackreco:/cvmfs/sphenix.sdcc.bnl.gov/alma9.2-gcc-14.2.0/release/release_new/new.10/include/g4ohcal:/cvmfs/sphenix.sdcc.bnl.gov/alma9.2-gcc-14.2.0/release/release_new/new.10/include/tpcdvcalib:/cvmfs/sphenix.sdcc.bnl.gov/alma9.2-gcc-14.2.0/release/release_new/new.10/include/zdcinfo:/cvmfs/sphenix.sdcc.bnl.gov/alma9.2-gcc-14.2.0/release/release_new/new.10/include/phpythia8:/cvmfs/sphenix.sdcc.bnl.gov/alma9.2-gcc-14.2.0/release/release_new/new.10/include/fun4allutils:/cvmfs/sphenix.sdcc.bnl.gov/alma9.2-gcc-14.2.0/release/release_new/new.10/include/tpcqa:/cvmfs/sphenix.sdcc.bnl.gov/alma9.2-gcc-14.2.0/release/release_new/new.10/include/Pythia8:/cvmfs/sphenix.sdcc.bnl.gov/alma9.2-gcc-14.2.0/release/release_new/new.10/include/DDRec:/cvmfs/sphenix.sdcc.bnl.gov/alma9.2-gcc-14.2.0/release/release_new/new.10/include/DDDigi:/cvmfs/sphenix.sdcc.bnl.gov/alma9.2-gcc-14.2.0/release/release_new/new.10/include/g4ihcal:/cvmfs/sphenix.sdcc.bnl.gov/alma9.2-gcc-14.2.0/release/release_new/new.10/include/frog:/cvmfs/sphenix.sdcc.bnl.gov/alma9.2-gcc-14.2.0/release/release_new/new.10/include/eigen3:/cvmfs/sphenix.sdcc.bnl.gov/alma9.2-gcc-14.2.0/release/release_new/new.10/include/tensorpipe:/cvmfs/sphenix.sdcc.bnl.gov/alma9.2-gcc-14.2.0/release/release_new/new.10/include/sphenixnpc:/cvmfs/sphenix.sdcc.bnl.gov/alma9.2-gcc-14.2.0/release/release_new/new.10/include/siscone:/cvmfs/sphenix.sdcc.bnl.gov/alma9.2-gcc-14.2.0/release/release_new/new.10/include/pmonitor:/cvmfs/sphenix.sdcc.bnl.gov/alma9.2-gcc-14.2.0/release/release_new/new.10/include/calobase:/cvmfs/sphenix.sdcc.bnl.gov/alma9.2-gcc-14.2.0/release/release_new/new.10/include/ActsExamples:/cvmfs/sphenix.sdcc.bnl.gov/alma9.2-gcc-14.2.0/release/release_new/new.10/include/g4gdml:/cvmfs/sphenix.sdcc.bnl.gov/alma9.2-gcc-14.2.0/release/release_new/new.10/include/mvtx_decoder:/cvmfs/sphenix.sdcc.bnl.gov/alma9.2-gcc-14.2.0/release/release_new/new.10/include/ROOT:/cvmfs/sphenix.sdcc.bnl.gov/alma9.2-gcc-14.2.0/release/release_new/new.10/include/phparameter:/cvmfs/sphenix.sdcc.bnl.gov/alma9.2-gcc-14.2.0/release/release_new/new.10/include/rsa:/cvmfs/sphenix.sdcc.bnl.gov/alma9.2-gcc-14.2.0/release/release_new/new.10/include/fun4allraw:/cvmfs/sphenix.sdcc.bnl.gov/alma9.2-gcc-14.2.0/release/release_new/new.10/include/trackbase_historic:/cvmfs/sphenix.sdcc.bnl.gov/alma9.2-gcc-14.2.0/release/release_new/new.10/include/g4jets:/cvmfs/sphenix.sdcc.bnl.gov/alma9.2-gcc-14.2.0/release/release_new/new.10/include/jetqa:/cvmfs/sphenix.sdcc.bnl.gov/alma9.2-gcc-14.2.0/release/release_new/new.10/include/phoolraw:/cvmfs/sphenix.sdcc.bnl.gov/alma9.2-gcc-14.2.0/release/release_new/new.10/include/g4calo:/cvmfs/sphenix.sdcc.bnl.gov/alma9.2-gcc-14.2.0/release/release_new/new.10/include/mvtxrawhitqa:/cvmfs/sphenix.sdcc.bnl.gov/alma9.2-gcc-14.2.0/release/release_new/new.10/include/HepMC3:/cvmfs/sphenix.sdcc.bnl.gov/alma9.2-gcc-14.2.0/release/release_new/new.10/include/calowaveformsim:/cvmfs/sphenix.sdcc.bnl.gov/alma9.2-gcc-14.2.0/release/release_new/new.10/include/g4caloprototype:/cvmfs/sphenix.sdcc.bnl.gov/alma9.2-gcc-14.2.0/release/release_new/new.10/include/pdbcalbase:/cvmfs/sphenix.sdcc.bnl.gov/alma9.2-gcc-14.2.0/release/release_new/new.10/include/gsl:/cvmfs/sphenix.sdcc.bnl.gov/alma9.2-gcc-14.2.0/release/release_new/new.10/include/nodedump:/cvmfs/sphenix.sdcc.bnl.gov/alma9.2-gcc-14.2.0/release/release_new/new.10/include/emcnoisytowerfinder:/cvmfs/sphenix.sdcc.bnl.gov/alma9.2-gcc-14.2.0/release/release_new/new.10/include/ActsFatras:/cvmfs/sphenix.sdcc.bnl.gov/alma9.2-gcc-14.2.0/release/release_new/new.10/include/ffarawmodules:/cvmfs/sphenix.sdcc.bnl.gov/alma9.2-gcc-14.2.0/release/release_new/new.10/include/Event:/cvmfs/sphenix.sdcc.bnl.gov/alma9.2-gcc-14.2.0/release/release_new/new.10/include/prototype3:/cvmfs/sphenix.sdcc.bnl.gov/alma9.2-gcc-14.2.0/release/release_new/new.10/include/fermimotionafterburner:/cvmfs/sphenix.sdcc.bnl.gov/alma9.2-gcc-14.2.0/release/release_new/new.10/include/Photos:/cvmfs/sphenix.sdcc.bnl.gov/alma9.2-gcc-14.2.0/release/release_new/new.10/include/xingshiftcal:/cvmfs/sphenix.sdcc.bnl.gov/alma9.2-gcc-14.2.0/release/release_new/new.10/include/trackbase:/cvmfs/sphenix.sdcc.bnl.gov/alma9.2-gcc-14.2.0/release/release_new/new.10/include/jetdstskimmer:/cvmfs/sphenix.sdcc.bnl.gov/alma9.2-gcc-14.2.0/release/release_new/new.10/include/clusteriso:/cvmfs/sphenix.sdcc.bnl.gov/alma9.2-gcc-14.2.0/release/release_new/new.10/include/asmjit:/cvmfs/sphenix.sdcc.bnl.gov/alma9.2-gcc-14.2.0/release/release_new/new.10/include/particleflowreco:/cvmfs/sphenix.sdcc.bnl.gov/alma9.2-gcc-14.2.0/release/release_new/new.10/include/tpchittrackdisplay:/cvmfs/sphenix.sdcc.bnl.gov/alma9.2-gcc-14.2.0/release/release_new/new.10/include/caloana:/cvmfs/sphenix.sdcc.bnl.gov/alma9.2-gcc-14.2.0/release/release_new/new.10/include/calotrigger:/cvmfs/sphenix.sdcc.bnl.gov/alma9.2-gcc-14.2.0/release/release_new/new.10/include/nopayloadclient:/cvmfs/sphenix.sdcc.bnl.gov/alma9.2-gcc-14.2.0/release/release_new/new.10/include/trackermillepedealignment:/cvmfs/sphenix.sdcc.bnl.gov/alma9.2-gcc-14.2.0/release/release_new/new.10/include/DD4hep:/cvmfs/sphenix.sdcc.bnl.gov/alma9.2-gcc-14.2.0/release/release_new/new.10/include/g4trackfastsim:/cvmfs/sphenix.sdcc.bnl.gov/alma9.2-gcc-14.2.0/release/release_new/new.10/include/prototype2:/cvmfs/sphenix.sdcc.bnl.gov/alma9.2-gcc-14.2.0/release/release_new/new.10/include/ATen:/cvmfs/sphenix.sdcc.bnl.gov/alma9.2-gcc-14.2.0/release/release_new/new.10/include/g4main:/cvmfs/sphenix.sdcc.bnl.gov/alma9.2-gcc-14.2.0/release/release_new/new.10/include/Tauola:/cvmfs/sphenix.sdcc.bnl.gov/alma9.2-gcc-14.2.0/release/release_new/new.10/include/inttcalib:/cvmfs/sphenix.sdcc.bnl.gov/alma9.2-gcc-14.2.0/release/release_new/new.10/include/reactionplaneafterburner:/cvmfs/sphenix.sdcc.bnl.gov/alma9.2-gcc-14.2.0/release/release_new/new.10/include/globalqa:/cvmfs/sphenix.sdcc.bnl.gov/alma9.2-gcc-14.2.0/release/release_new/new.10/include/tpccalib:/cvmfs/sphenix.sdcc.bnl.gov/alma9.2-gcc-14.2.0/release/release_new/new.10/include/DDSegmentation:/cvmfs/sphenix.sdcc.bnl.gov/alma9.2-gcc-14.2.0/release/release_new/new.10/include/decayfinder:/cvmfs/sphenix.sdcc.bnl.gov/alma9.2-gcc-14.2.0/release/release_new/new.10/include/compressclus:/cvmfs/sphenix.sdcc.bnl.gov/alma9.2-gcc-14.2.0/release/release_new/new.10/include/simqa_modules:/cvmfs/sphenix.sdcc.bnl.gov/alma9.2-gcc-14.2.0/release/release_new/new.10/include/resonancejettagging:/cvmfs/sphenix.sdcc.bnl.gov/alma9.2-gcc-14.2.0/release/release_new/new.10/include/g4centrality:/cvmfs/sphenix.sdcc.bnl.gov/alma9.2-gcc-14.2.0/release/release_new/new.10/include/mvtx:/cvmfs/sphenix.sdcc.bnl.gov/alma9.2-gcc-14.2.0/release/release_new/new.10/include/nlohmann:/cvmfs/sphenix.sdcc.bnl.gov/alma9.2-gcc-14.2.0/release/release_new/new.10/include/localpoloffmon:/cvmfs/sphenix.sdcc.bnl.gov/alma9.2-gcc-14.2.0/release/release_new/new.10/include/DDEve:/cvmfs/sphenix.sdcc.bnl.gov/alma9.2-gcc-14.2.0/release/release_new/new.10/include/Parsers:/cvmfs/sphenix.sdcc.bnl.gov/alma9.2-gcc-14.2.0/release/release_new/new.10/include/trackingdiagnostics:/cvmfs/sphenix.sdcc.bnl.gov/alma9.2-gcc-14.2.0/release/release_new/new.10/include/g4vertex:/cvmfs/sphenix.sdcc.bnl.gov/alma9.2-gcc-14.2.0/release/release_new/new.10/include/jetbase:/cvmfs/sphenix.sdcc.bnl.gov/alma9.2-gcc-14.2.0/release/release_new/new.10/include/globalvertex:/cvmfs/sphenix.sdcc.bnl.gov/alma9.2-gcc-14.2.0/release/release_new/new.10/include/phgenfit:/cvmfs/sphenix.sdcc.bnl.gov/alma9.2-gcc-14.2.0/release/release_new/new.10/include/rawbcolumi:/cvmfs/sphenix.sdcc.bnl.gov/alma9.2-gcc-14.2.0/release/release_new/new.10/include/eicsmear:/cvmfs/sphenix.sdcc.bnl.gov/alma9.2-gcc-14.2.0/release/release_new/new.10/include/mvtxcalib:/cvmfs/sphenix.sdcc.bnl.gov/alma9.2-gcc-14.2.0/release/release_new/new.10/include/tpclinelaserdiode:/cvmfs/sphenix.sdcc.bnl.gov/alma9.2-gcc-14.2.0/release/release_new/new.10/include/hepmcjettrigger:/cvmfs/sphenix.sdcc.bnl.gov/alma9.2-gcc-14.2.0/release/release_new/new.10/include/core:/cvmfs/sphenix.sdcc.bnl.gov/alma9.2-gcc-14.2.0/release/release_new/new.10/include/calo_cdb:/cvmfs/sphenix.sdcc.bnl.gov/alma9.2-gcc-14.2.0/release/release_new/new.10/include/mvtxclustershapesqa:/cvmfs/sphenix.sdcc.bnl.gov/alma9.2-gcc-14.2.0/release/release_new/new.10/include/calopacketskimmer:/cvmfs/sphenix.sdcc.bnl.gov/alma9.2-gcc-14.2.0/opt/sphenix/core/geant4.10.07.p04/include:/cvmfs/sphenix.sdcc.bnl.gov/alma9.2-gcc-14.2.0/release/release_new/new.10/rootmacros:/cvmfs/sphenix.sdcc.bnl.gov/alma9.2-gcc-14.2.0/opt/sphenix/core/include
GSEARCHPATH=.:PG:LUSTRE:RAWDATA
PWD=/gpfs/mnt/gpfs02/sphenix/user/samfred/run25/ppg11/histmaking
LOGNAME=samfred
_CONDOR_JOB_AD=/home/condor/local/sphnx/execute/dir_2443888/.job.ad
MANPATH=/cvmfs/sphenix.sdcc.bnl.gov/alma9.2-gcc-14.2.0/opt/sphenix/core/gcc/14.2.0-2f0a0/x86_64-el9/share/man:/cvmfs/sphenix.sdcc.bnl.gov/alma9.2-gcc-14.2.0/opt/sphenix/core/binutils/2.40-acaab/x86_64-el9/share/man:/cvmfs/sphenix.sdcc.bnl.gov/alma9.2-gcc-14.2.0/release/release_new/new.10/share/man:/cvmfs/sphenix.sdcc.bnl.gov/alma9.2-gcc-14.2.0/opt/sphenix/utils/share/man:/cvmfs/sphenix.sdcc.bnl.gov/alma9.2-gcc-14.2.0/opt/sphenix/core/share/man:/cvmfs/sphenix.sdcc.bnl.gov/alma9.2-gcc-14.2.0/opt/sphenix/core/root-6.32.06/man:/usr/local/share/man:/usr/share/man
PYTHIA8=/cvmfs/sphenix.sdcc.bnl.gov/alma9.2-gcc-14.2.0/release/release_new/new.10/share/Pythia8
G4INCLDATA=/cvmfs/sphenix.sdcc.bnl.gov/alma9.2-gcc-14.2.0/opt/sphenix/core/geant4.10.07.p04/share/Geant4-10.7.4/data/G4INCL1.0
ORIG_PATH=/usr/local/bin:/usr/bin
CXX=/cvmfs/sphenix.sdcc.bnl.gov/alma9.2-gcc-14.2.0/opt/sphenix/core/gcc/14.2.0-2f0a0/x86_64-el9/bin/g++
G4LEDATA=/cvmfs/sphenix.sdcc.bnl.gov/alma9.2-gcc-14.2.0/opt/sphenix/core/geant4.10.07.p04/share/Geant4-10.7.4/data/G4EMLOW7.13
PYTHON_CPU_COUNT=1
OPENBLAS_NUM_THREADS=1
_CONDOR_BIN=/usr/bin
HOME=/sphenix/u/samfred
G4PARTICLEXSDATA=/cvmfs/sphenix.sdcc.bnl.gov/alma9.2-gcc-14.2.0/opt/sphenix/core/geant4.10.07.p04/share/Geant4-10.7.4/data/G4PARTICLEXS3.1.1
ONLINE_MAIN=/cvmfs/sphenix.sdcc.bnl.gov/alma9.2-gcc-14.2.0/release/release_new/new.10
CALIBRATIONROOT=/cvmfs/sphenix.sdcc.bnl.gov/alma9.2-gcc-14.2.0/release/release_new/new.10/share/calibrations
TMPDIR=/tmp
_CONDOR_SCRATCH_DIR=/home/condor/local/sphnx/execute/dir_2443888
PGUSER=phnxrc
NOPAYLOADCLIENT_CONF=/cvmfs/sphenix.sdcc.bnl.gov/alma9.2-gcc-14.2.0/opt/sphenix/core/etc/sPHENIX_newcdb.json
XERCESCROOT=/cvmfs/sphenix.sdcc.bnl.gov/alma9.2-gcc-14.2.0/opt/sphenix/core/geant4.10.07.p04
LHAPATH=/cvmfs/sphenix.sdcc.bnl.gov/alma9.2-gcc-14.2.0/opt/sphenix/core/lhapdf-5.9.1/share/lhapdf/PDFsets
_CONDOR_ANCESTOR_288970=2443888:1759352721:2951746008
G4NEUTRONHPDATA=/cvmfs/sphenix.sdcc.bnl.gov/alma9.2-gcc-14.2.0/opt/sphenix/core/geant4.10.07.p04/share/Geant4-10.7.4/data/G4NDL4.6
PYTHONPATH=.:/cvmfs/sphenix.sdcc.bnl.gov/alma9.2-gcc-14.2.0/release/release_new/new.10/lib/python3.13/site-packages:/cvmfs/sphenix.sdcc.bnl.gov/alma9.2-gcc-14.2.0/opt/sphenix/core/lib/python3.13/site-packages:/cvmfs/sphenix.sdcc.bnl.gov/alma9.2-gcc-14.2.0/opt/sphenix/core/root-6.32.06/lib
USER=samfred
_CONDOR_JOB_PIDS=
TEMP=/tmp
GOMAXPROCS=1
OFFLINE_MAIN=/cvmfs/sphenix.sdcc.bnl.gov/alma9.2-gcc-14.2.0/release/release_new/new.10
SHLVL=1
TF_NUM_THREADS=1
G4SAIDXSDATA=/cvmfs/sphenix.sdcc.bnl.gov/alma9.2-gcc-14.2.0/opt/sphenix/core/geant4.10.07.p04/share/Geant4-10.7.4/data/G4SAIDDATA2.0
APPTAINER_CACHEDIR=/home/condor/local/sphnx/execute/dir_2443888
ROOTSYS=/cvmfs/sphenix.sdcc.bnl.gov/alma9.2-gcc-14.2.0/opt/sphenix/core/root-6.32.06
BATCH_SYSTEM=HTCondor
_CONDOR_SLOT=slot1_47
LD_LIBRARY_PATH=/sphenix/user/samfred/run25/install//lib:/cvmfs/sphenix.sdcc.bnl.gov/alma9.2-gcc-14.2.0/opt/sphenix/core/gcc/14.2.0-2f0a0/x86_64-el9/lib:/cvmfs/sphenix.sdcc.bnl.gov/alma9.2-gcc-14.2.0/opt/sphenix/core/gcc/14.2.0-2f0a0/x86_64-el9/lib64:/cvmfs/sphenix.sdcc.bnl.gov/alma9.2-gcc-14.2.0/opt/sphenix/core/binutils/2.40-acaab/x86_64-el9/lib:.:/cvmfs/sphenix.sdcc.bnl.gov/alma9.2-gcc-14.2.0/release/release_new/new.10/lib64:/cvmfs/sphenix.sdcc.bnl.gov/alma9.2-gcc-14.2.0/release/release_new/new.10/lib:/cvmfs/sphenix.sdcc.bnl.gov/alma9.2-gcc-14.2.0/opt/sphenix/utils/lib:/cvmfs/sphenix.sdcc.bnl.gov/alma9.2-gcc-14.2.0/opt/sphenix/core/lib:/cvmfs/sphenix.sdcc.bnl.gov/alma9.2-gcc-14.2.0/opt/sphenix/core/root-6.32.06/lib:/cvmfs/sphenix.sdcc.bnl.gov/alma9.2-gcc-14.2.0/opt/sphenix/core/geant4.10.07.p04/lib64:/cvmfs/sphenix.sdcc.bnl.gov/alma9.2-gcc-14.2.0/opt/sphenix/core/lhapdf-5.9.1/lib:/usr/local/lib64:/usr/lib64
OPT_SPHENIX=/cvmfs/sphenix.sdcc.bnl.gov/alma9.2-gcc-14.2.0/opt/sphenix/core
TF_LOOP_PARALLEL_ITERATIONS=1
EVT_LIB=/cvmfs/sphenix.sdcc.bnl.gov/alma9.2-gcc-14.2.0/opt/sphenix/core/root-6.32.06/lib
PGHOST=sphnxdbmaster.sdcc.bnl.gov
OMP_NUM_THREADS=1
G4REALSURFACEDATA=/cvmfs/sphenix.sdcc.bnl.gov/alma9.2-gcc-14.2.0/opt/sphenix/core/geant4.10.07.p04/share/Geant4-10.7.4/data/RealSurface2.2
FC=/cvmfs/sphenix.sdcc.bnl.gov/alma9.2-gcc-14.2.0/opt/sphenix/core/gcc/14.2.0-2f0a0/x86_64-el9/bin/gfortran
G4ABLADATA=/cvmfs/sphenix.sdcc.bnl.gov/alma9.2-gcc-14.2.0/opt/sphenix/core/geant4.10.07.p04/share/Geant4-10.7.4/data/G4ABLA3.1
PARASOFT=doesnotexist
TMP=/tmp
OPT_UTILS=/cvmfs/sphenix.sdcc.bnl.gov/alma9.2-gcc-14.2.0/opt/sphenix/utils
CONFIG_SITE=/cvmfs/sphenix.sdcc.bnl.gov/alma9.2-gcc-14.2.0/opt/sphenix/core/etc/config.site
PATH=/sphenix/user/samfred/run25/install//bin:/cvmfs/sphenix.sdcc.bnl.gov/alma9.2-gcc-14.2.0/opt/sphenix/core/gcc/14.2.0-2f0a0/x86_64-el9/bin:/cvmfs/sphenix.sdcc.bnl.gov/alma9.2-gcc-14.2.0/opt/sphenix/core/binutils/2.40-acaab/x86_64-el9/bin:.:/cvmfs/sphenix.sdcc.bnl.gov/alma9.2-gcc-14.2.0/release/release_new/new.10/bin:/cvmfs/sphenix.sdcc.bnl.gov/alma9.2-gcc-14.2.0/opt/sphenix/utils/bin:/cvmfs/sphenix.sdcc.bnl.gov/alma9.2-gcc-14.2.0/opt/sphenix/core/bin:/cvmfs/sphenix.sdcc.bnl.gov/alma9.2-gcc-14.2.0/opt/sphenix/core/root-6.32.06/bin:/cvmfs/sphenix.sdcc.bnl.gov/alma9.2-gcc-14.2.0/opt/sphenix/core/geant4.10.07.p04/bin:/usr/local/bin:/usr/bin:/usr/local/sbin:/usr/sbin
G4LEVELGAMMADATA=/cvmfs/sphenix.sdcc.bnl.gov/alma9.2-gcc-14.2.0/opt/sphenix/core/geant4.10.07.p04/share/Geant4-10.7.4/data/PhotonEvaporation5.7
CC=/cvmfs/sphenix.sdcc.bnl.gov/alma9.2-gcc-14.2.0/opt/sphenix/core/gcc/14.2.0-2f0a0/x86_64-el9/bin/gcc
G4RADIOACTIVEDATA=/cvmfs/sphenix.sdcc.bnl.gov/alma9.2-gcc-14.2.0/opt/sphenix/core/geant4.10.07.p04/share/Geant4-10.7.4/data/RadioactiveDecay5.6
JULIA_NUM_THREADS=1
MKL_NUM_THREADS=1
LHAPDF_DATA_PATH=/cvmfs/sphenix.sdcc.bnl.gov/alma9.2-gcc-14.2.0/release/release_new/new.10/share/LHAPDF
XPLOAD_CONFIG_DIR=/cvmfs/sphenix.sdcc.bnl.gov/alma9.2-gcc-14.2.0/opt/sphenix/core/etc
OLDPWD=/cvmfs/sphenix.sdcc.bnl.gov/alma9.2-gcc-14.2.0/release/release_new/new.10/geant4
_=/usr/bin/printenv
runnumber...
51503
trigger...

   ------------------------------------------------------------------
  | Welcome to ROOT 6.32.06                        https://root.cern |
  | (c) 1995-2024, The ROOT Team; conception: R. Brun, F. Rademakers |
  | Built for linuxx8664gcc on Dec 13 2024, 17:23:48                 |
  | From tags/6-32-06@6-32-06                                        |
  | With g++ (GCC) 14.2.0                                            |
  | Try '.help'/'.?', '.demo', '.license', '.credits', '.quit'/'.q'  |
   ------------------------------------------------------------------


Processing data_histmaker.C(51503)...
entry 0/627286 (0%)
entry 1000/627286 (0.159417%)
entry 2000/627286 (0.318834%)
entry 3000/627286 (0.478251%)
entry 5000/627286 (0.797085%)
entry 6000/627286 (0.956502%)
entry 7000/627286 (1.11592%)
entry 8000/627286 (1.27534%)
entry 9000/627286 (1.43475%)
entry 10000/627286 (1.59417%)
entry 11000/627286 (1.75359%)
entry 12000/627286 (1.913%)
entry 13000/627286 (2.07242%)
entry 14000/627286 (2.23184%)
entry 15000/627286 (2.39125%)
entry 16000/627286 (2.55067%)
entry 18000/627286 (2.8695%)
entry 19000/627286 (3.02892%)
entry 22000/627286 (3.50717%)
entry 23000/627286 (3.66659%)
entry 24000/627286 (3.82601%)
entry 27000/627286 (4.30426%)
entry 28000/627286 (4.46367%)
entry 31000/627286 (4.94192%)
entry 32000/627286 (5.10134%)
entry 33000/627286 (5.26076%)
entry 34000/627286 (5.42018%)
entry 35000/627286 (5.57959%)
entry 37000/627286 (5.89843%)
entry 40000/627286 (6.37668%)
entry 41000/627286 (6.53609%)
entry 43000/627286 (6.85493%)
entry 44000/627286 (7.01434%)
entry 46000/627286 (7.33318%)
entry 47000/627286 (7.4926%)
entry 48000/627286 (7.65201%)
entry 49000/627286 (7.81143%)
entry 50000/627286 (7.97085%)
entry 51000/627286 (8.13026%)
entry 52000/627286 (8.28968%)
entry 54000/627286 (8.60851%)
entry 56000/627286 (8.92735%)
entry 57000/627286 (9.08676%)
entry 60000/627286 (9.56502%)
entry 61000/627286 (9.72443%)
entry 62000/627286 (9.88385%)
entry 63000/627286 (10.0433%)
entry 65000/627286 (10.3621%)
entry 66000/627286 (10.5215%)
entry 67000/627286 (10.6809%)
entry 68000/627286 (10.8404%)
entry 69000/627286 (10.9998%)
entry 70000/627286 (11.1592%)
entry 72000/627286 (11.478%)
entry 75000/627286 (11.9563%)
entry 77000/627286 (12.2751%)
entry 78000/627286 (12.4345%)
entry 79000/627286 (12.5939%)
entry 80000/627286 (12.7534%)
entry 82000/627286 (13.0722%)
entry 84000/627286 (13.391%)
entry 85000/627286 (13.5504%)
entry 87000/627286 (13.8693%)
entry 88000/627286 (14.0287%)
entry 91000/627286 (14.5069%)
entry 92000/627286 (14.6664%)
entry 93000/627286 (14.8258%)
entry 94000/627286 (14.9852%)
entry 96000/627286 (15.304%)
entry 97000/627286 (15.4634%)
entry 98000/627286 (15.6229%)
entry 99000/627286 (15.7823%)
entry 100000/627286 (15.9417%)
entry 101000/627286 (16.1011%)
entry 102000/627286 (16.2605%)
entry 104000/627286 (16.5794%)
entry 105000/627286 (16.7388%)
entry 106000/627286 (16.8982%)
entry 107000/627286 (17.0576%)
entry 108000/627286 (17.217%)
entry 109000/627286 (17.3764%)
entry 110000/627286 (17.5359%)
entry 111000/627286 (17.6953%)
entry 112000/627286 (17.8547%)
entry 113000/627286 (18.0141%)
entry 114000/627286 (18.1735%)
entry 115000/627286 (18.3329%)
entry 117000/627286 (18.6518%)
entry 118000/627286 (18.8112%)
entry 119000/627286 (18.9706%)
entry 121000/627286 (19.2894%)
entry 122000/627286 (19.4489%)
entry 124000/627286 (19.7677%)
entry 126000/627286 (20.0865%)
entry 128000/627286 (20.4054%)
entry 129000/627286 (20.5648%)
entry 130000/627286 (20.7242%)
entry 131000/627286 (20.8836%)
entry 134000/627286 (21.3619%)
entry 135000/627286 (21.5213%)
entry 136000/627286 (21.6807%)
entry 137000/627286 (21.8401%)
entry 138000/627286 (21.9995%)
entry 140000/627286 (22.3184%)
entry 141000/627286 (22.4778%)
entry 142000/627286 (22.6372%)
entry 144000/627286 (22.956%)
entry 145000/627286 (23.1155%)
entry 149000/627286 (23.7531%)
entry 150000/627286 (23.9125%)
entry 151000/627286 (24.072%)
entry 153000/627286 (24.3908%)
entry 154000/627286 (24.5502%)
entry 155000/627286 (24.7096%)
entry 156000/627286 (24.869%)
entry 157000/627286 (25.0285%)
entry 158000/627286 (25.1879%)
entry 159000/627286 (25.3473%)
entry 160000/627286 (25.5067%)
entry 161000/627286 (25.6661%)
entry 163000/627286 (25.985%)
entry 164000/627286 (26.1444%)
entry 166000/627286 (26.4632%)
entry 167000/627286 (26.6226%)
entry 169000/627286 (26.9415%)
entry 170000/627286 (27.1009%)
entry 171000/627286 (27.2603%)
entry 172000/627286 (27.4197%)
entry 173000/627286 (27.5791%)
entry 174000/627286 (27.7385%)
entry 175000/627286 (27.898%)
entry 176000/627286 (28.0574%)
entry 177000/627286 (28.2168%)
entry 180000/627286 (28.695%)
entry 181000/627286 (28.8545%)
entry 182000/627286 (29.0139%)
entry 183000/627286 (29.1733%)
entry 184000/627286 (29.3327%)
entry 185000/627286 (29.4921%)
entry 187000/627286 (29.811%)
entry 188000/627286 (29.9704%)
entry 189000/627286 (30.1298%)
entry 190000/627286 (30.2892%)
entry 192000/627286 (30.608%)
entry 193000/627286 (30.7675%)
entry 195000/627286 (31.0863%)
entry 196000/627286 (31.2457%)
entry 197000/627286 (31.4051%)
entry 198000/627286 (31.5645%)
entry 199000/627286 (31.724%)
entry 200000/627286 (31.8834%)
entry 201000/627286 (32.0428%)
entry 203000/627286 (32.3616%)
entry 204000/627286 (32.5211%)
entry 205000/627286 (32.6805%)
entry 208000/627286 (33.1587%)
entry 209000/627286 (33.3181%)
entry 210000/627286 (33.4776%)
entry 211000/627286 (33.637%)
entry 213000/627286 (33.9558%)
entry 214000/627286 (34.1152%)
entry 215000/627286 (34.2746%)
entry 217000/627286 (34.5935%)
entry 218000/627286 (34.7529%)
entry 219000/627286 (34.9123%)
entry 220000/627286 (35.0717%)
entry 221000/627286 (35.2311%)
entry 223000/627286 (35.55%)
entry 224000/627286 (35.7094%)
entry 225000/627286 (35.8688%)
entry 227000/627286 (36.1876%)
entry 229000/627286 (36.5065%)
entry 231000/627286 (36.8253%)
entry 233000/627286 (37.1441%)
entry 234000/627286 (37.3036%)
entry 235000/627286 (37.463%)
entry 236000/627286 (37.6224%)
entry 237000/627286 (37.7818%)
entry 238000/627286 (37.9412%)
entry 239000/627286 (38.1006%)
entry 240000/627286 (38.2601%)
entry 243000/627286 (38.7383%)
entry 244000/627286 (38.8977%)
entry 246000/627286 (39.2166%)
entry 247000/627286 (39.376%)
entry 248000/627286 (39.5354%)
entry 249000/627286 (39.6948%)
entry 253000/627286 (40.3325%)
entry 254000/627286 (40.4919%)
entry 255000/627286 (40.6513%)
entry 256000/627286 (40.8107%)
entry 257000/627286 (40.9701%)
entry 259000/627286 (41.289%)
entry 260000/627286 (41.4484%)
entry 261000/627286 (41.6078%)
entry 262000/627286 (41.7672%)
entry 263000/627286 (41.9266%)
entry 264000/627286 (42.0861%)
entry 266000/627286 (42.4049%)
entry 267000/627286 (42.5643%)
entry 268000/627286 (42.7237%)
entry 269000/627286 (42.8832%)
entry 270000/627286 (43.0426%)
entry 271000/627286 (43.202%)
entry 272000/627286 (43.3614%)
entry 273000/627286 (43.5208%)
entry 275000/627286 (43.8397%)
entry 276000/627286 (43.9991%)
entry 278000/627286 (44.3179%)
entry 279000/627286 (44.4773%)
entry 280000/627286 (44.6367%)
entry 281000/627286 (44.7962%)
entry 282000/627286 (44.9556%)
entry 283000/627286 (45.115%)
entry 284000/627286 (45.2744%)
entry 285000/627286 (45.4338%)
entry 287000/627286 (45.7527%)
entry 288000/627286 (45.9121%)
entry 289000/627286 (46.0715%)
entry 292000/627286 (46.5497%)
entry 293000/627286 (46.7092%)
entry 294000/627286 (46.8686%)
entry 295000/627286 (47.028%)
entry 296000/627286 (47.1874%)
entry 297000/627286 (47.3468%)
entry 298000/627286 (47.5062%)
entry 300000/627286 (47.8251%)
entry 301000/627286 (47.9845%)
entry 303000/627286 (48.3033%)
entry 306000/627286 (48.7816%)
entry 308000/627286 (49.1004%)
entry 309000/627286 (49.2598%)
entry 310000/627286 (49.4192%)
entry 311000/627286 (49.5787%)
entry 312000/627286 (49.7381%)
entry 313000/627286 (49.8975%)
entry 314000/627286 (50.0569%)
entry 315000/627286 (50.2163%)
entry 316000/627286 (50.3757%)
entry 317000/627286 (50.5352%)
entry 319000/627286 (50.854%)
entry 320000/627286 (51.0134%)
entry 321000/627286 (51.1728%)
entry 323000/627286 (51.4917%)
entry 324000/627286 (51.6511%)
entry 325000/627286 (51.8105%)
entry 326000/627286 (51.9699%)
entry 327000/627286 (52.1293%)
entry 328000/627286 (52.2887%)
entry 329000/627286 (52.4482%)
entry 330000/627286 (52.6076%)
entry 331000/627286 (52.767%)
entry 332000/627286 (52.9264%)
entry 333000/627286 (53.0858%)
entry 334000/627286 (53.2453%)
entry 335000/627286 (53.4047%)
entry 336000/627286 (53.5641%)
entry 337000/627286 (53.7235%)
entry 338000/627286 (53.8829%)
entry 339000/627286 (54.0423%)
entry 340000/627286 (54.2018%)
entry 341000/627286 (54.3612%)
entry 342000/627286 (54.5206%)
entry 343000/627286 (54.68%)
entry 344000/627286 (54.8394%)
entry 345000/627286 (54.9988%)
entry 346000/627286 (55.1583%)
entry 347000/627286 (55.3177%)
entry 348000/627286 (55.4771%)
entry 349000/627286 (55.6365%)
entry 350000/627286 (55.7959%)
entry 351000/627286 (55.9553%)
entry 352000/627286 (56.1148%)
entry 354000/627286 (56.4336%)
entry 355000/627286 (56.593%)
entry 356000/627286 (56.7524%)
entry 357000/627286 (56.9118%)
entry 358000/627286 (57.0713%)
entry 359000/627286 (57.2307%)
entry 360000/627286 (57.3901%)
entry 361000/627286 (57.5495%)
entry 362000/627286 (57.7089%)
entry 363000/627286 (57.8683%)
entry 364000/627286 (58.0278%)
entry 365000/627286 (58.1872%)
entry 366000/627286 (58.3466%)
entry 367000/627286 (58.506%)
entry 368000/627286 (58.6654%)
entry 369000/627286 (58.8248%)
entry 370000/627286 (58.9843%)
entry 371000/627286 (59.1437%)
entry 372000/627286 (59.3031%)
entry 373000/627286 (59.4625%)
entry 374000/627286 (59.6219%)
entry 375000/627286 (59.7813%)
entry 377000/627286 (60.1002%)
entry 378000/627286 (60.2596%)
entry 379000/627286 (60.419%)
entry 380000/627286 (60.5784%)
entry 381000/627286 (60.7378%)
entry 382000/627286 (60.8973%)
entry 383000/627286 (61.0567%)
entry 384000/627286 (61.2161%)
entry 385000/627286 (61.3755%)
entry 386000/627286 (61.5349%)
entry 387000/627286 (61.6943%)
entry 388000/627286 (61.8538%)
entry 389000/627286 (62.0132%)
entry 390000/627286 (62.1726%)
entry 391000/627286 (62.332%)
entry 393000/627286 (62.6508%)
entry 394000/627286 (62.8103%)
entry 395000/627286 (62.9697%)
entry 396000/627286 (63.1291%)
entry 397000/627286 (63.2885%)
entry 398000/627286 (63.4479%)
entry 400000/627286 (63.7668%)
entry 402000/627286 (64.0856%)
entry 404000/627286 (64.4044%)
entry 405000/627286 (64.5639%)
entry 406000/627286 (64.7233%)
entry 407000/627286 (64.8827%)
entry 408000/627286 (65.0421%)
entry 410000/627286 (65.3609%)
entry 411000/627286 (65.5204%)
entry 413000/627286 (65.8392%)
entry 414000/627286 (65.9986%)
entry 415000/627286 (66.158%)
entry 416000/627286 (66.3174%)
entry 417000/627286 (66.4769%)
entry 418000/627286 (66.6363%)
entry 419000/627286 (66.7957%)
entry 420000/627286 (66.9551%)
entry 421000/627286 (67.1145%)
entry 422000/627286 (67.2739%)
entry 423000/627286 (67.4334%)
entry 424000/627286 (67.5928%)
entry 425000/627286 (67.7522%)
entry 426000/627286 (67.9116%)
entry 428000/627286 (68.2304%)
entry 429000/627286 (68.3899%)
entry 430000/627286 (68.5493%)
entry 432000/627286 (68.8681%)
entry 433000/627286 (69.0275%)
entry 434000/627286 (69.1869%)
entry 435000/627286 (69.3464%)
entry 436000/627286 (69.5058%)
entry 438000/627286 (69.8246%)
entry 439000/627286 (69.984%)
entry 440000/627286 (70.1434%)
entry 442000/627286 (70.4623%)
entry 443000/627286 (70.6217%)
entry 444000/627286 (70.7811%)
entry 445000/627286 (70.9405%)
entry 446000/627286 (71.0999%)
entry 447000/627286 (71.2594%)
entry 448000/627286 (71.4188%)
entry 449000/627286 (71.5782%)
entry 451000/627286 (71.897%)
entry 452000/627286 (72.0564%)
entry 453000/627286 (72.2159%)
entry 454000/627286 (72.3753%)
entry 455000/627286 (72.5347%)
entry 456000/627286 (72.6941%)
entry 458000/627286 (73.0129%)
entry 460000/627286 (73.3318%)
entry 461000/627286 (73.4912%)
entry 462000/627286 (73.6506%)
entry 463000/627286 (73.81%)
entry 464000/627286 (73.9694%)
entry 465000/627286 (74.1289%)
entry 466000/627286 (74.2883%)
entry 467000/627286 (74.4477%)
entry 468000/627286 (74.6071%)
entry 470000/627286 (74.926%)
entry 471000/627286 (75.0854%)
entry 472000/627286 (75.2448%)
entry 473000/627286 (75.4042%)
entry 474000/627286 (75.5636%)
entry 475000/627286 (75.723%)
entry 476000/627286 (75.8825%)
entry 477000/627286 (76.0419%)
entry 478000/627286 (76.2013%)
entry 482000/627286 (76.839%)
entry 483000/627286 (76.9984%)
entry 484000/627286 (77.1578%)
entry 485000/627286 (77.3172%)
entry 486000/627286 (77.4766%)
entry 487000/627286 (77.636%)
entry 488000/627286 (77.7955%)
entry 489000/627286 (77.9549%)
entry 490000/627286 (78.1143%)
entry 491000/627286 (78.2737%)
entry 492000/627286 (78.4331%)
entry 493000/627286 (78.5925%)
entry 495000/627286 (78.9114%)
entry 496000/627286 (79.0708%)
entry 497000/627286 (79.2302%)
entry 498000/627286 (79.3896%)
entry 499000/627286 (79.549%)
entry 500000/627286 (79.7085%)
entry 502000/627286 (80.0273%)
entry 504000/627286 (80.3461%)
entry 505000/627286 (80.5055%)
entry 507000/627286 (80.8244%)
entry 508000/627286 (80.9838%)
entry 509000/627286 (81.1432%)
entry 510000/627286 (81.3026%)
entry 511000/627286 (81.462%)
entry 512000/627286 (81.6215%)
entry 514000/627286 (81.9403%)
entry 515000/627286 (82.0997%)
entry 516000/627286 (82.2591%)
entry 518000/627286 (82.578%)
entry 519000/627286 (82.7374%)
entry 520000/627286 (82.8968%)
entry 521000/627286 (83.0562%)
entry 522000/627286 (83.2156%)
entry 523000/627286 (83.375%)
entry 524000/627286 (83.5345%)
entry 525000/627286 (83.6939%)
entry 526000/627286 (83.8533%)
entry 527000/627286 (84.0127%)
entry 528000/627286 (84.1721%)
entry 529000/627286 (84.3315%)
entry 530000/627286 (84.491%)
entry 531000/627286 (84.6504%)
entry 532000/627286 (84.8098%)
entry 533000/627286 (84.9692%)
entry 534000/627286 (85.1286%)
entry 535000/627286 (85.288%)
entry 536000/627286 (85.4475%)
entry 537000/627286 (85.6069%)
entry 538000/627286 (85.7663%)
entry 539000/627286 (85.9257%)
entry 540000/627286 (86.0851%)
entry 541000/627286 (86.2446%)
entry 542000/627286 (86.404%)
entry 543000/627286 (86.5634%)
entry 544000/627286 (86.7228%)
entry 545000/627286 (86.8822%)
entry 546000/627286 (87.0416%)
entry 547000/627286 (87.2011%)
entry 548000/627286 (87.3605%)
entry 550000/627286 (87.6793%)
entry 551000/627286 (87.8387%)
entry 552000/627286 (87.9981%)
entry 553000/627286 (88.1576%)
entry 554000/627286 (88.317%)
entry 556000/627286 (88.6358%)
entry 558000/627286 (88.9546%)
entry 559000/627286 (89.1141%)
entry 560000/627286 (89.2735%)
entry 561000/627286 (89.4329%)
entry 562000/627286 (89.5923%)
entry 563000/627286 (89.7517%)
entry 564000/627286 (89.9111%)
entry 565000/627286 (90.0706%)
entry 567000/627286 (90.3894%)
entry 568000/627286 (90.5488%)
entry 569000/627286 (90.7082%)
entry 570000/627286 (90.8676%)
entry 573000/627286 (91.3459%)
entry 575000/627286 (91.6647%)
entry 576000/627286 (91.8241%)
entry 577000/627286 (91.9836%)
entry 578000/627286 (92.143%)
entry 582000/627286 (92.7806%)
entry 583000/627286 (92.9401%)
entry 584000/627286 (93.0995%)
entry 585000/627286 (93.2589%)
entry 587000/627286 (93.5777%)
entry 588000/627286 (93.7371%)
entry 589000/627286 (93.8966%)
entry 591000/627286 (94.2154%)
entry 592000/627286 (94.3748%)
entry 593000/627286 (94.5342%)
entry 594000/627286 (94.6936%)
entry 595000/627286 (94.8531%)
entry 596000/627286 (95.0125%)
entry 597000/627286 (95.1719%)
entry 598000/627286 (95.3313%)
entry 600000/627286 (95.6501%)
entry 601000/627286 (95.8096%)
entry 602000/627286 (95.969%)
entry 603000/627286 (96.1284%)
entry 604000/627286 (96.2878%)
entry 605000/627286 (96.4472%)
entry 607000/627286 (96.7661%)
entry 608000/627286 (96.9255%)
entry 610000/627286 (97.2443%)
entry 611000/627286 (97.4037%)
entry 612000/627286 (97.5632%)
entry 613000/627286 (97.7226%)
entry 614000/627286 (97.882%)
entry 615000/627286 (98.0414%)
entry 616000/627286 (98.2008%)
entry 617000/627286 (98.3602%)
entry 619000/627286 (98.6791%)
entry 620000/627286 (98.8385%)
entry 621000/627286 (98.9979%)
entry 622000/627286 (99.1573%)
entry 623000/627286 (99.3167%)
entry 624000/627286 (99.4762%)
entry 625000/627286 (99.6356%)
entry 626000/627286 (99.795%)
entry 627000/627286 (99.9544%)
all done
script done
