sphnx1088.sdcc.bnl.gov
rsyncing from /gpfs/mnt/gpfs02/sphenix/user/samfred/run25/ppg11/histmaking
running: /gpfs/mnt/gpfs02/sphenix/user/samfred/run25/ppg11/histmaking/script_data.sh 51575
LD_LIBRARY_PATH now /sphenix/user/samfred/run25/install//lib:/cvmfs/sphenix.sdcc.bnl.gov/alma9.2-gcc-14.2.0/opt/sphenix/core/gcc/14.2.0-2f0a0/x86_64-el9/lib:/cvmfs/sphenix.sdcc.bnl.gov/alma9.2-gcc-14.2.0/opt/sphenix/core/gcc/14.2.0-2f0a0/x86_64-el9/lib64:/cvmfs/sphenix.sdcc.bnl.gov/alma9.2-gcc-14.2.0/opt/sphenix/core/binutils/2.40-acaab/x86_64-el9/lib:.:/cvmfs/sphenix.sdcc.bnl.gov/alma9.2-gcc-14.2.0/release/release_new/new.10/lib64:/cvmfs/sphenix.sdcc.bnl.gov/alma9.2-gcc-14.2.0/release/release_new/new.10/lib:/cvmfs/sphenix.sdcc.bnl.gov/alma9.2-gcc-14.2.0/opt/sphenix/utils/lib:/cvmfs/sphenix.sdcc.bnl.gov/alma9.2-gcc-14.2.0/opt/sphenix/core/lib:/cvmfs/sphenix.sdcc.bnl.gov/alma9.2-gcc-14.2.0/opt/sphenix/core/root-6.32.06/lib:/cvmfs/sphenix.sdcc.bnl.gov/alma9.2-gcc-14.2.0/opt/sphenix/core/geant4.10.07.p04/lib64:/cvmfs/sphenix.sdcc.bnl.gov/alma9.2-gcc-14.2.0/opt/sphenix/core/lhapdf-5.9.1/lib:/usr/local/lib64:/usr/lib64
PATH now /sphenix/user/samfred/run25/install//bin:/cvmfs/sphenix.sdcc.bnl.gov/alma9.2-gcc-14.2.0/opt/sphenix/core/gcc/14.2.0-2f0a0/x86_64-el9/bin:/cvmfs/sphenix.sdcc.bnl.gov/alma9.2-gcc-14.2.0/opt/sphenix/core/binutils/2.40-acaab/x86_64-el9/bin:.:/cvmfs/sphenix.sdcc.bnl.gov/alma9.2-gcc-14.2.0/release/release_new/new.10/bin:/cvmfs/sphenix.sdcc.bnl.gov/alma9.2-gcc-14.2.0/opt/sphenix/utils/bin:/cvmfs/sphenix.sdcc.bnl.gov/alma9.2-gcc-14.2.0/opt/sphenix/core/bin:/cvmfs/sphenix.sdcc.bnl.gov/alma9.2-gcc-14.2.0/opt/sphenix/core/root-6.32.06/bin:/cvmfs/sphenix.sdcc.bnl.gov/alma9.2-gcc-14.2.0/opt/sphenix/core/geant4.10.07.p04/bin:/usr/local/bin:/usr/bin:/usr/local/sbin:/usr/sbin
SINGULARITY_CACHEDIR=/home/condor/local/sphnx/execute/dir_354755
_CONDOR_CHIRP_CONFIG=/home/condor/local/sphnx/execute/dir_354755/.chirp.config
_CONDOR_JOB_IWD=/sphenix/user/samfred/run25/ppg11/histmaking
G4ENSDFSTATEDATA=/cvmfs/sphenix.sdcc.bnl.gov/alma9.2-gcc-14.2.0/opt/sphenix/core/geant4.10.07.p04/share/Geant4-10.7.4/data/G4ENSDFSTATE2.3
_CONDOR_MACHINE_AD=/home/condor/local/sphnx/execute/dir_354755/.machine.ad
ROOT_MAX_THREADS=1
NUMEXPR_NUM_THREADS=1
CUBACORES=1
_CHIRP_DELAYED_UPDATE_PREFIX=Chirp*
_CONDOR_ANCESTOR_354755=367693:1759352722:251320825
OMP_THREAD_LIMIT=1
G4PIIDATA=/cvmfs/sphenix.sdcc.bnl.gov/alma9.2-gcc-14.2.0/opt/sphenix/core/geant4.10.07.p04/share/Geant4-10.7.4/data/G4PII1.3
NO_AT_BRIDGE=1
G4_MAIN=/cvmfs/sphenix.sdcc.bnl.gov/alma9.2-gcc-14.2.0/opt/sphenix/core/geant4.10.07.p04
COMPILER_PATH=/cvmfs/sphenix.sdcc.bnl.gov/alma9.2-gcc-14.2.0/opt/sphenix/core/gcc/14.2.0-2f0a0/x86_64-el9
ROOT_INCLUDE_PATH=./:/sphenix/user/samfred/run25/install//include:/sphenix/user/samfred/run25/install//include/caloana:/sphenix/user/samfred/run25/install//include/qa_centrality:/sphenix/user/samfred/run25/install//include/mbdana:/sphenix/user/samfred/run25/install//include/centrality:/sphenix/user/samfred/run25/install//include/Event:/cvmfs/sphenix.sdcc.bnl.gov/alma9.2-gcc-14.2.0/release/release_new/new.10/include:/cvmfs/sphenix.sdcc.bnl.gov/alma9.2-gcc-14.2.0/release/release_new/new.10/include:/cvmfs/sphenix.sdcc.bnl.gov/alma9.2-gcc-14.2.0/release/release_new/new.10/include/g4mbd:/cvmfs/sphenix.sdcc.bnl.gov/alma9.2-gcc-14.2.0/release/release_new/new.10/include/fmt:/cvmfs/sphenix.sdcc.bnl.gov/alma9.2-gcc-14.2.0/release/release_new/new.10/include/ffarawobjects:/cvmfs/sphenix.sdcc.bnl.gov/alma9.2-gcc-14.2.0/release/release_new/new.10/include/JSON:/cvmfs/sphenix.sdcc.bnl.gov/alma9.2-gcc-14.2.0/release/release_new/new.10/include/calotreegen:/cvmfs/sphenix.sdcc.bnl.gov/alma9.2-gcc-14.2.0/release/release_new/new.10/include/torch:/cvmfs/sphenix.sdcc.bnl.gov/alma9.2-gcc-14.2.0/release/release_new/new.10/include/g4detectors:/cvmfs/sphenix.sdcc.bnl.gov/alma9.2-gcc-14.2.0/release/release_new/new.10/include/kineto:/cvmfs/sphenix.sdcc.bnl.gov/alma9.2-gcc-14.2.0/release/release_new/new.10/include/g4decayer:/cvmfs/sphenix.sdcc.bnl.gov/alma9.2-gcc-14.2.0/release/release_new/new.10/include/kfparticleqa:/cvmfs/sphenix.sdcc.bnl.gov/alma9.2-gcc-14.2.0/release/release_new/new.10/include/phfield:/cvmfs/sphenix.sdcc.bnl.gov/alma9.2-gcc-14.2.0/release/release_new/new.10/include/LHAPDF:/cvmfs/sphenix.sdcc.bnl.gov/alma9.2-gcc-14.2.0/release/release_new/new.10/include/readdigitalcurrents:/cvmfs/sphenix.sdcc.bnl.gov/alma9.2-gcc-14.2.0/release/release_new/new.10/include/c10:/cvmfs/sphenix.sdcc.bnl.gov/alma9.2-gcc-14.2.0/release/release_new/new.10/include/calovalid:/cvmfs/sphenix.sdcc.bnl.gov/alma9.2-gcc-14.2.0/release/release_new/new.10/include/oneapi:/cvmfs/sphenix.sdcc.bnl.gov/alma9.2-gcc-14.2.0/release/release_new/new.10/include/DDCond:/cvmfs/sphenix.sdcc.bnl.gov/alma9.2-gcc-14.2.0/release/release_new/new.10/include/g4tracking:/cvmfs/sphenix.sdcc.bnl.gov/alma9.2-gcc-14.2.0/release/release_new/new.10/include/litecaloeval:/cvmfs/sphenix.sdcc.bnl.gov/alma9.2-gcc-14.2.0/release/release_new/new.10/include/g4intt:/cvmfs/sphenix.sdcc.bnl.gov/alma9.2-gcc-14.2.0/release/release_new/new.10/include/phool:/cvmfs/sphenix.sdcc.bnl.gov/alma9.2-gcc-14.2.0/release/release_new/new.10/include/boost:/cvmfs/sphenix.sdcc.bnl.gov/alma9.2-gcc-14.2.0/release/release_new/new.10/include/Pythia8Plugins:/cvmfs/sphenix.sdcc.bnl.gov/alma9.2-gcc-14.2.0/release/release_new/new.10/include/calib_emc_pi0:/cvmfs/sphenix.sdcc.bnl.gov/alma9.2-gcc-14.2.0/release/release_new/new.10/include/hijingflipafterburner:/cvmfs/sphenix.sdcc.bnl.gov/alma9.2-gcc-14.2.0/release/release_new/new.10/include/ffaobjects:/cvmfs/sphenix.sdcc.bnl.gov/alma9.2-gcc-14.2.0/release/release_new/new.10/include/EvtGenBase:/cvmfs/sphenix.sdcc.bnl.gov/alma9.2-gcc-14.2.0/release/release_new/new.10/include/flowafterburner:/cvmfs/sphenix.sdcc.bnl.gov/alma9.2-gcc-14.2.0/release/release_new/new.10/include/google:/cvmfs/sphenix.sdcc.bnl.gov/alma9.2-gcc-14.2.0/release/release_new/new.10/include/g4tpc:/cvmfs/sphenix.sdcc.bnl.gov/alma9.2-gcc-14.2.0/release/release_new/new.10/include/caffe2:/cvmfs/sphenix.sdcc.bnl.gov/alma9.2-gcc-14.2.0/release/release_new/new.10/include/EvtGenExternal:/cvmfs/sphenix.sdcc.bnl.gov/alma9.2-gcc-14.2.0/release/release_new/new.10/include/fp16:/cvmfs/sphenix.sdcc.bnl.gov/alma9.2-gcc-14.2.0/release/release_new/new.10/include/ffamodules:/cvmfs/sphenix.sdcc.bnl.gov/alma9.2-gcc-14.2.0/release/release_new/new.10/include/uspin:/cvmfs/sphenix.sdcc.bnl.gov/alma9.2-gcc-14.2.0/release/release_new/new.10/include/Herwig:/cvmfs/sphenix.sdcc.bnl.gov/alma9.2-gcc-14.2.0/release/release_new/new.10/include/genfitexp:/cvmfs/sphenix.sdcc.bnl.gov/alma9.2-gcc-14.2.0/release/release_new/new.10/include/XML:/cvmfs/sphenix.sdcc.bnl.gov/alma9.2-gcc-14.2.0/release/release_new/new.10/include/fbgemm:/cvmfs/sphenix.sdcc.bnl.gov/alma9.2-gcc-14.2.0/release/release_new/new.10/include/DDAlign:/cvmfs/sphenix.sdcc.bnl.gov/alma9.2-gcc-14.2.0/release/release_new/new.10/include/g4mvtx:/cvmfs/sphenix.sdcc.bnl.gov/alma9.2-gcc-14.2.0/release/release_new/new.10/include/kfparticle_sphenix:/cvmfs/sphenix.sdcc.bnl.gov/alma9.2-gcc-14.2.0/release/release_new/new.10/include/fun4all:/cvmfs/sphenix.sdcc.bnl.gov/alma9.2-gcc-14.2.0/release/release_new/new.10/include/intt:/cvmfs/sphenix.sdcc.bnl.gov/alma9.2-gcc-14.2.0/release/release_new/new.10/include/eventdisplay:/cvmfs/sphenix.sdcc.bnl.gov/alma9.2-gcc-14.2.0/release/release_new/new.10/include/EvtGen:/cvmfs/sphenix.sdcc.bnl.gov/alma9.2-gcc-14.2.0/release/release_new/new.10/include/Evaluator:/cvmfs/sphenix.sdcc.bnl.gov/alma9.2-gcc-14.2.0/release/release_new/new.10/include/tpc:/cvmfs/sphenix.sdcc.bnl.gov/alma9.2-gcc-14.2.0/release/release_new/new.10/include/GenFit:/cvmfs/sphenix.sdcc.bnl.gov/alma9.2-gcc-14.2.0/release/release_new/new.10/include/prototype4:/cvmfs/sphenix.sdcc.bnl.gov/alma9.2-gcc-14.2.0/release/release_new/new.10/include/caloembedding:/cvmfs/sphenix.sdcc.bnl.gov/alma9.2-gcc-14.2.0/release/release_new/new.10/include/EvtGenModels:/cvmfs/sphenix.sdcc.bnl.gov/alma9.2-gcc-14.2.0/release/release_new/new.10/include/fastjet:/cvmfs/sphenix.sdcc.bnl.gov/alma9.2-gcc-14.2.0/release/release_new/new.10/include/DDG4:/cvmfs/sphenix.sdcc.bnl.gov/alma9.2-gcc-14.2.0/release/release_new/new.10/include/mbd:/cvmfs/sphenix.sdcc.bnl.gov/alma9.2-gcc-14.2.0/release/release_new/new.10/include/tbb:/cvmfs/sphenix.sdcc.bnl.gov/alma9.2-gcc-14.2.0/release/release_new/new.10/include/phgeom:/cvmfs/sphenix.sdcc.bnl.gov/alma9.2-gcc-14.2.0/release/release_new/new.10/include/g4epd:/cvmfs/sphenix.sdcc.bnl.gov/alma9.2-gcc-14.2.0/release/release_new/new.10/include/oncal:/cvmfs/sphenix.sdcc.bnl.gov/alma9.2-gcc-14.2.0/release/release_new/new.10/include/pybind11:/cvmfs/sphenix.sdcc.bnl.gov/alma9.2-gcc-14.2.0/release/release_new/new.10/include/tpcdistgenerator:/cvmfs/sphenix.sdcc.bnl.gov/alma9.2-gcc-14.2.0/release/release_new/new.10/include/cdbobjects:/cvmfs/sphenix.sdcc.bnl.gov/alma9.2-gcc-14.2.0/release/release_new/new.10/include/g4micromegas:/cvmfs/sphenix.sdcc.bnl.gov/alma9.2-gcc-14.2.0/release/release_new/new.10/include/g4eval:/cvmfs/sphenix.sdcc.bnl.gov/alma9.2-gcc-14.2.0/release/release_new/new.10/include/jetbackground:/cvmfs/sphenix.sdcc.bnl.gov/alma9.2-gcc-14.2.0/release/release_new/new.10/include/micromegas:/cvmfs/sphenix.sdcc.bnl.gov/alma9.2-gcc-14.2.0/release/release_new/new.10/include/hftrackefficiency:/cvmfs/sphenix.sdcc.bnl.gov/alma9.2-gcc-14.2.0/release/release_new/new.10/include/inttrawhitqa:/cvmfs/sphenix.sdcc.bnl.gov/alma9.2-gcc-14.2.0/release/release_new/new.10/include/centrality:/cvmfs/sphenix.sdcc.bnl.gov/alma9.2-gcc-14.2.0/release/release_new/new.10/include/epd:/cvmfs/sphenix.sdcc.bnl.gov/alma9.2-gcc-14.2.0/release/release_new/new.10/include/caloreco:/cvmfs/sphenix.sdcc.bnl.gov/alma9.2-gcc-14.2.0/release/release_new/new.10/include/HepMC:/cvmfs/sphenix.sdcc.bnl.gov/alma9.2-gcc-14.2.0/release/release_new/new.10/include/CLHEP:/cvmfs/sphenix.sdcc.bnl.gov/alma9.2-gcc-14.2.0/release/release_new/new.10/include/Acts:/cvmfs/sphenix.sdcc.bnl.gov/alma9.2-gcc-14.2.0/release/release_new/new.10/include/g4histos:/cvmfs/sphenix.sdcc.bnl.gov/alma9.2-gcc-14.2.0/release/release_new/new.10/include/eventplaneinfo:/cvmfs/sphenix.sdcc.bnl.gov/alma9.2-gcc-14.2.0/release/release_new/new.10/include/fillspacechargemaps:/cvmfs/sphenix.sdcc.bnl.gov/alma9.2-gcc-14.2.0/release/release_new/new.10/include/phhepmc:/cvmfs/sphenix.sdcc.bnl.gov/alma9.2-gcc-14.2.0/release/release_new/new.10/include/trackingqa:/cvmfs/sphenix.sdcc.bnl.gov/alma9.2-gcc-14.2.0/release/release_new/new.10/include/qautils:/cvmfs/sphenix.sdcc.bnl.gov/alma9.2-gcc-14.2.0/release/release_new/new.10/include/trackreco:/cvmfs/sphenix.sdcc.bnl.gov/alma9.2-gcc-14.2.0/release/release_new/new.10/include/g4ohcal:/cvmfs/sphenix.sdcc.bnl.gov/alma9.2-gcc-14.2.0/release/release_new/new.10/include/tpcdvcalib:/cvmfs/sphenix.sdcc.bnl.gov/alma9.2-gcc-14.2.0/release/release_new/new.10/include/zdcinfo:/cvmfs/sphenix.sdcc.bnl.gov/alma9.2-gcc-14.2.0/release/release_new/new.10/include/phpythia8:/cvmfs/sphenix.sdcc.bnl.gov/alma9.2-gcc-14.2.0/release/release_new/new.10/include/fun4allutils:/cvmfs/sphenix.sdcc.bnl.gov/alma9.2-gcc-14.2.0/release/release_new/new.10/include/tpcqa:/cvmfs/sphenix.sdcc.bnl.gov/alma9.2-gcc-14.2.0/release/release_new/new.10/include/Pythia8:/cvmfs/sphenix.sdcc.bnl.gov/alma9.2-gcc-14.2.0/release/release_new/new.10/include/DDRec:/cvmfs/sphenix.sdcc.bnl.gov/alma9.2-gcc-14.2.0/release/release_new/new.10/include/DDDigi:/cvmfs/sphenix.sdcc.bnl.gov/alma9.2-gcc-14.2.0/release/release_new/new.10/include/g4ihcal:/cvmfs/sphenix.sdcc.bnl.gov/alma9.2-gcc-14.2.0/release/release_new/new.10/include/frog:/cvmfs/sphenix.sdcc.bnl.gov/alma9.2-gcc-14.2.0/release/release_new/new.10/include/eigen3:/cvmfs/sphenix.sdcc.bnl.gov/alma9.2-gcc-14.2.0/release/release_new/new.10/include/tensorpipe:/cvmfs/sphenix.sdcc.bnl.gov/alma9.2-gcc-14.2.0/release/release_new/new.10/include/sphenixnpc:/cvmfs/sphenix.sdcc.bnl.gov/alma9.2-gcc-14.2.0/release/release_new/new.10/include/siscone:/cvmfs/sphenix.sdcc.bnl.gov/alma9.2-gcc-14.2.0/release/release_new/new.10/include/pmonitor:/cvmfs/sphenix.sdcc.bnl.gov/alma9.2-gcc-14.2.0/release/release_new/new.10/include/calobase:/cvmfs/sphenix.sdcc.bnl.gov/alma9.2-gcc-14.2.0/release/release_new/new.10/include/ActsExamples:/cvmfs/sphenix.sdcc.bnl.gov/alma9.2-gcc-14.2.0/release/release_new/new.10/include/g4gdml:/cvmfs/sphenix.sdcc.bnl.gov/alma9.2-gcc-14.2.0/release/release_new/new.10/include/mvtx_decoder:/cvmfs/sphenix.sdcc.bnl.gov/alma9.2-gcc-14.2.0/release/release_new/new.10/include/ROOT:/cvmfs/sphenix.sdcc.bnl.gov/alma9.2-gcc-14.2.0/release/release_new/new.10/include/phparameter:/cvmfs/sphenix.sdcc.bnl.gov/alma9.2-gcc-14.2.0/release/release_new/new.10/include/rsa:/cvmfs/sphenix.sdcc.bnl.gov/alma9.2-gcc-14.2.0/release/release_new/new.10/include/fun4allraw:/cvmfs/sphenix.sdcc.bnl.gov/alma9.2-gcc-14.2.0/release/release_new/new.10/include/trackbase_historic:/cvmfs/sphenix.sdcc.bnl.gov/alma9.2-gcc-14.2.0/release/release_new/new.10/include/g4jets:/cvmfs/sphenix.sdcc.bnl.gov/alma9.2-gcc-14.2.0/release/release_new/new.10/include/jetqa:/cvmfs/sphenix.sdcc.bnl.gov/alma9.2-gcc-14.2.0/release/release_new/new.10/include/phoolraw:/cvmfs/sphenix.sdcc.bnl.gov/alma9.2-gcc-14.2.0/release/release_new/new.10/include/g4calo:/cvmfs/sphenix.sdcc.bnl.gov/alma9.2-gcc-14.2.0/release/release_new/new.10/include/mvtxrawhitqa:/cvmfs/sphenix.sdcc.bnl.gov/alma9.2-gcc-14.2.0/release/release_new/new.10/include/HepMC3:/cvmfs/sphenix.sdcc.bnl.gov/alma9.2-gcc-14.2.0/release/release_new/new.10/include/calowaveformsim:/cvmfs/sphenix.sdcc.bnl.gov/alma9.2-gcc-14.2.0/release/release_new/new.10/include/g4caloprototype:/cvmfs/sphenix.sdcc.bnl.gov/alma9.2-gcc-14.2.0/release/release_new/new.10/include/pdbcalbase:/cvmfs/sphenix.sdcc.bnl.gov/alma9.2-gcc-14.2.0/release/release_new/new.10/include/gsl:/cvmfs/sphenix.sdcc.bnl.gov/alma9.2-gcc-14.2.0/release/release_new/new.10/include/nodedump:/cvmfs/sphenix.sdcc.bnl.gov/alma9.2-gcc-14.2.0/release/release_new/new.10/include/emcnoisytowerfinder:/cvmfs/sphenix.sdcc.bnl.gov/alma9.2-gcc-14.2.0/release/release_new/new.10/include/ActsFatras:/cvmfs/sphenix.sdcc.bnl.gov/alma9.2-gcc-14.2.0/release/release_new/new.10/include/ffarawmodules:/cvmfs/sphenix.sdcc.bnl.gov/alma9.2-gcc-14.2.0/release/release_new/new.10/include/Event:/cvmfs/sphenix.sdcc.bnl.gov/alma9.2-gcc-14.2.0/release/release_new/new.10/include/prototype3:/cvmfs/sphenix.sdcc.bnl.gov/alma9.2-gcc-14.2.0/release/release_new/new.10/include/fermimotionafterburner:/cvmfs/sphenix.sdcc.bnl.gov/alma9.2-gcc-14.2.0/release/release_new/new.10/include/Photos:/cvmfs/sphenix.sdcc.bnl.gov/alma9.2-gcc-14.2.0/release/release_new/new.10/include/xingshiftcal:/cvmfs/sphenix.sdcc.bnl.gov/alma9.2-gcc-14.2.0/release/release_new/new.10/include/trackbase:/cvmfs/sphenix.sdcc.bnl.gov/alma9.2-gcc-14.2.0/release/release_new/new.10/include/jetdstskimmer:/cvmfs/sphenix.sdcc.bnl.gov/alma9.2-gcc-14.2.0/release/release_new/new.10/include/clusteriso:/cvmfs/sphenix.sdcc.bnl.gov/alma9.2-gcc-14.2.0/release/release_new/new.10/include/asmjit:/cvmfs/sphenix.sdcc.bnl.gov/alma9.2-gcc-14.2.0/release/release_new/new.10/include/particleflowreco:/cvmfs/sphenix.sdcc.bnl.gov/alma9.2-gcc-14.2.0/release/release_new/new.10/include/tpchittrackdisplay:/cvmfs/sphenix.sdcc.bnl.gov/alma9.2-gcc-14.2.0/release/release_new/new.10/include/caloana:/cvmfs/sphenix.sdcc.bnl.gov/alma9.2-gcc-14.2.0/release/release_new/new.10/include/calotrigger:/cvmfs/sphenix.sdcc.bnl.gov/alma9.2-gcc-14.2.0/release/release_new/new.10/include/nopayloadclient:/cvmfs/sphenix.sdcc.bnl.gov/alma9.2-gcc-14.2.0/release/release_new/new.10/include/trackermillepedealignment:/cvmfs/sphenix.sdcc.bnl.gov/alma9.2-gcc-14.2.0/release/release_new/new.10/include/DD4hep:/cvmfs/sphenix.sdcc.bnl.gov/alma9.2-gcc-14.2.0/release/release_new/new.10/include/g4trackfastsim:/cvmfs/sphenix.sdcc.bnl.gov/alma9.2-gcc-14.2.0/release/release_new/new.10/include/prototype2:/cvmfs/sphenix.sdcc.bnl.gov/alma9.2-gcc-14.2.0/release/release_new/new.10/include/ATen:/cvmfs/sphenix.sdcc.bnl.gov/alma9.2-gcc-14.2.0/release/release_new/new.10/include/g4main:/cvmfs/sphenix.sdcc.bnl.gov/alma9.2-gcc-14.2.0/release/release_new/new.10/include/Tauola:/cvmfs/sphenix.sdcc.bnl.gov/alma9.2-gcc-14.2.0/release/release_new/new.10/include/inttcalib:/cvmfs/sphenix.sdcc.bnl.gov/alma9.2-gcc-14.2.0/release/release_new/new.10/include/reactionplaneafterburner:/cvmfs/sphenix.sdcc.bnl.gov/alma9.2-gcc-14.2.0/release/release_new/new.10/include/globalqa:/cvmfs/sphenix.sdcc.bnl.gov/alma9.2-gcc-14.2.0/release/release_new/new.10/include/tpccalib:/cvmfs/sphenix.sdcc.bnl.gov/alma9.2-gcc-14.2.0/release/release_new/new.10/include/DDSegmentation:/cvmfs/sphenix.sdcc.bnl.gov/alma9.2-gcc-14.2.0/release/release_new/new.10/include/decayfinder:/cvmfs/sphenix.sdcc.bnl.gov/alma9.2-gcc-14.2.0/release/release_new/new.10/include/compressclus:/cvmfs/sphenix.sdcc.bnl.gov/alma9.2-gcc-14.2.0/release/release_new/new.10/include/simqa_modules:/cvmfs/sphenix.sdcc.bnl.gov/alma9.2-gcc-14.2.0/release/release_new/new.10/include/resonancejettagging:/cvmfs/sphenix.sdcc.bnl.gov/alma9.2-gcc-14.2.0/release/release_new/new.10/include/g4centrality:/cvmfs/sphenix.sdcc.bnl.gov/alma9.2-gcc-14.2.0/release/release_new/new.10/include/mvtx:/cvmfs/sphenix.sdcc.bnl.gov/alma9.2-gcc-14.2.0/release/release_new/new.10/include/nlohmann:/cvmfs/sphenix.sdcc.bnl.gov/alma9.2-gcc-14.2.0/release/release_new/new.10/include/localpoloffmon:/cvmfs/sphenix.sdcc.bnl.gov/alma9.2-gcc-14.2.0/release/release_new/new.10/include/DDEve:/cvmfs/sphenix.sdcc.bnl.gov/alma9.2-gcc-14.2.0/release/release_new/new.10/include/Parsers:/cvmfs/sphenix.sdcc.bnl.gov/alma9.2-gcc-14.2.0/release/release_new/new.10/include/trackingdiagnostics:/cvmfs/sphenix.sdcc.bnl.gov/alma9.2-gcc-14.2.0/release/release_new/new.10/include/g4vertex:/cvmfs/sphenix.sdcc.bnl.gov/alma9.2-gcc-14.2.0/release/release_new/new.10/include/jetbase:/cvmfs/sphenix.sdcc.bnl.gov/alma9.2-gcc-14.2.0/release/release_new/new.10/include/globalvertex:/cvmfs/sphenix.sdcc.bnl.gov/alma9.2-gcc-14.2.0/release/release_new/new.10/include/phgenfit:/cvmfs/sphenix.sdcc.bnl.gov/alma9.2-gcc-14.2.0/release/release_new/new.10/include/rawbcolumi:/cvmfs/sphenix.sdcc.bnl.gov/alma9.2-gcc-14.2.0/release/release_new/new.10/include/eicsmear:/cvmfs/sphenix.sdcc.bnl.gov/alma9.2-gcc-14.2.0/release/release_new/new.10/include/mvtxcalib:/cvmfs/sphenix.sdcc.bnl.gov/alma9.2-gcc-14.2.0/release/release_new/new.10/include/tpclinelaserdiode:/cvmfs/sphenix.sdcc.bnl.gov/alma9.2-gcc-14.2.0/release/release_new/new.10/include/hepmcjettrigger:/cvmfs/sphenix.sdcc.bnl.gov/alma9.2-gcc-14.2.0/release/release_new/new.10/include/core:/cvmfs/sphenix.sdcc.bnl.gov/alma9.2-gcc-14.2.0/release/release_new/new.10/include/calo_cdb:/cvmfs/sphenix.sdcc.bnl.gov/alma9.2-gcc-14.2.0/release/release_new/new.10/include/mvtxclustershapesqa:/cvmfs/sphenix.sdcc.bnl.gov/alma9.2-gcc-14.2.0/release/release_new/new.10/include/calopacketskimmer:/cvmfs/sphenix.sdcc.bnl.gov/alma9.2-gcc-14.2.0/opt/sphenix/core/geant4.10.07.p04/include:/cvmfs/sphenix.sdcc.bnl.gov/alma9.2-gcc-14.2.0/release/release_new/new.10/rootmacros:/cvmfs/sphenix.sdcc.bnl.gov/alma9.2-gcc-14.2.0/opt/sphenix/core/include
GSEARCHPATH=.:PG:LUSTRE:RAWDATA
PWD=/gpfs/mnt/gpfs02/sphenix/user/samfred/run25/ppg11/histmaking
LOGNAME=samfred
_CONDOR_JOB_AD=/home/condor/local/sphnx/execute/dir_354755/.job.ad
MANPATH=/cvmfs/sphenix.sdcc.bnl.gov/alma9.2-gcc-14.2.0/opt/sphenix/core/gcc/14.2.0-2f0a0/x86_64-el9/share/man:/cvmfs/sphenix.sdcc.bnl.gov/alma9.2-gcc-14.2.0/opt/sphenix/core/binutils/2.40-acaab/x86_64-el9/share/man:/cvmfs/sphenix.sdcc.bnl.gov/alma9.2-gcc-14.2.0/release/release_new/new.10/share/man:/cvmfs/sphenix.sdcc.bnl.gov/alma9.2-gcc-14.2.0/opt/sphenix/utils/share/man:/cvmfs/sphenix.sdcc.bnl.gov/alma9.2-gcc-14.2.0/opt/sphenix/core/share/man:/cvmfs/sphenix.sdcc.bnl.gov/alma9.2-gcc-14.2.0/opt/sphenix/core/root-6.32.06/man:/usr/local/share/man:/usr/share/man
PYTHIA8=/cvmfs/sphenix.sdcc.bnl.gov/alma9.2-gcc-14.2.0/release/release_new/new.10/share/Pythia8
G4INCLDATA=/cvmfs/sphenix.sdcc.bnl.gov/alma9.2-gcc-14.2.0/opt/sphenix/core/geant4.10.07.p04/share/Geant4-10.7.4/data/G4INCL1.0
ORIG_PATH=/usr/local/bin:/usr/bin
CXX=/cvmfs/sphenix.sdcc.bnl.gov/alma9.2-gcc-14.2.0/opt/sphenix/core/gcc/14.2.0-2f0a0/x86_64-el9/bin/g++
G4LEDATA=/cvmfs/sphenix.sdcc.bnl.gov/alma9.2-gcc-14.2.0/opt/sphenix/core/geant4.10.07.p04/share/Geant4-10.7.4/data/G4EMLOW7.13
PYTHON_CPU_COUNT=1
OPENBLAS_NUM_THREADS=1
_CONDOR_BIN=/usr/bin
HOME=/sphenix/u/samfred
G4PARTICLEXSDATA=/cvmfs/sphenix.sdcc.bnl.gov/alma9.2-gcc-14.2.0/opt/sphenix/core/geant4.10.07.p04/share/Geant4-10.7.4/data/G4PARTICLEXS3.1.1
ONLINE_MAIN=/cvmfs/sphenix.sdcc.bnl.gov/alma9.2-gcc-14.2.0/release/release_new/new.10
CALIBRATIONROOT=/cvmfs/sphenix.sdcc.bnl.gov/alma9.2-gcc-14.2.0/release/release_new/new.10/share/calibrations
TMPDIR=/tmp
_CONDOR_SCRATCH_DIR=/home/condor/local/sphnx/execute/dir_354755
PGUSER=phnxrc
NOPAYLOADCLIENT_CONF=/cvmfs/sphenix.sdcc.bnl.gov/alma9.2-gcc-14.2.0/opt/sphenix/core/etc/sPHENIX_newcdb.json
XERCESCROOT=/cvmfs/sphenix.sdcc.bnl.gov/alma9.2-gcc-14.2.0/opt/sphenix/core/geant4.10.07.p04
LHAPATH=/cvmfs/sphenix.sdcc.bnl.gov/alma9.2-gcc-14.2.0/opt/sphenix/core/lhapdf-5.9.1/share/lhapdf/PDFsets
G4NEUTRONHPDATA=/cvmfs/sphenix.sdcc.bnl.gov/alma9.2-gcc-14.2.0/opt/sphenix/core/geant4.10.07.p04/share/Geant4-10.7.4/data/G4NDL4.6
PYTHONPATH=.:/cvmfs/sphenix.sdcc.bnl.gov/alma9.2-gcc-14.2.0/release/release_new/new.10/lib/python3.13/site-packages:/cvmfs/sphenix.sdcc.bnl.gov/alma9.2-gcc-14.2.0/opt/sphenix/core/lib/python3.13/site-packages:/cvmfs/sphenix.sdcc.bnl.gov/alma9.2-gcc-14.2.0/opt/sphenix/core/root-6.32.06/lib
USER=samfred
_CONDOR_JOB_PIDS=
TEMP=/tmp
_CONDOR_ANCESTOR_299925=354755:1759352722:330626015
GOMAXPROCS=1
OFFLINE_MAIN=/cvmfs/sphenix.sdcc.bnl.gov/alma9.2-gcc-14.2.0/release/release_new/new.10
SHLVL=1
TF_NUM_THREADS=1
G4SAIDXSDATA=/cvmfs/sphenix.sdcc.bnl.gov/alma9.2-gcc-14.2.0/opt/sphenix/core/geant4.10.07.p04/share/Geant4-10.7.4/data/G4SAIDDATA2.0
APPTAINER_CACHEDIR=/home/condor/local/sphnx/execute/dir_354755
ROOTSYS=/cvmfs/sphenix.sdcc.bnl.gov/alma9.2-gcc-14.2.0/opt/sphenix/core/root-6.32.06
BATCH_SYSTEM=HTCondor
_CONDOR_SLOT=slot1_53
LD_LIBRARY_PATH=/sphenix/user/samfred/run25/install//lib:/cvmfs/sphenix.sdcc.bnl.gov/alma9.2-gcc-14.2.0/opt/sphenix/core/gcc/14.2.0-2f0a0/x86_64-el9/lib:/cvmfs/sphenix.sdcc.bnl.gov/alma9.2-gcc-14.2.0/opt/sphenix/core/gcc/14.2.0-2f0a0/x86_64-el9/lib64:/cvmfs/sphenix.sdcc.bnl.gov/alma9.2-gcc-14.2.0/opt/sphenix/core/binutils/2.40-acaab/x86_64-el9/lib:.:/cvmfs/sphenix.sdcc.bnl.gov/alma9.2-gcc-14.2.0/release/release_new/new.10/lib64:/cvmfs/sphenix.sdcc.bnl.gov/alma9.2-gcc-14.2.0/release/release_new/new.10/lib:/cvmfs/sphenix.sdcc.bnl.gov/alma9.2-gcc-14.2.0/opt/sphenix/utils/lib:/cvmfs/sphenix.sdcc.bnl.gov/alma9.2-gcc-14.2.0/opt/sphenix/core/lib:/cvmfs/sphenix.sdcc.bnl.gov/alma9.2-gcc-14.2.0/opt/sphenix/core/root-6.32.06/lib:/cvmfs/sphenix.sdcc.bnl.gov/alma9.2-gcc-14.2.0/opt/sphenix/core/geant4.10.07.p04/lib64:/cvmfs/sphenix.sdcc.bnl.gov/alma9.2-gcc-14.2.0/opt/sphenix/core/lhapdf-5.9.1/lib:/usr/local/lib64:/usr/lib64
OPT_SPHENIX=/cvmfs/sphenix.sdcc.bnl.gov/alma9.2-gcc-14.2.0/opt/sphenix/core
TF_LOOP_PARALLEL_ITERATIONS=1
EVT_LIB=/cvmfs/sphenix.sdcc.bnl.gov/alma9.2-gcc-14.2.0/opt/sphenix/core/root-6.32.06/lib
PGHOST=sphnxdbmaster.sdcc.bnl.gov
OMP_NUM_THREADS=1
G4REALSURFACEDATA=/cvmfs/sphenix.sdcc.bnl.gov/alma9.2-gcc-14.2.0/opt/sphenix/core/geant4.10.07.p04/share/Geant4-10.7.4/data/RealSurface2.2
FC=/cvmfs/sphenix.sdcc.bnl.gov/alma9.2-gcc-14.2.0/opt/sphenix/core/gcc/14.2.0-2f0a0/x86_64-el9/bin/gfortran
G4ABLADATA=/cvmfs/sphenix.sdcc.bnl.gov/alma9.2-gcc-14.2.0/opt/sphenix/core/geant4.10.07.p04/share/Geant4-10.7.4/data/G4ABLA3.1
PARASOFT=doesnotexist
TMP=/tmp
OPT_UTILS=/cvmfs/sphenix.sdcc.bnl.gov/alma9.2-gcc-14.2.0/opt/sphenix/utils
CONFIG_SITE=/cvmfs/sphenix.sdcc.bnl.gov/alma9.2-gcc-14.2.0/opt/sphenix/core/etc/config.site
PATH=/sphenix/user/samfred/run25/install//bin:/cvmfs/sphenix.sdcc.bnl.gov/alma9.2-gcc-14.2.0/opt/sphenix/core/gcc/14.2.0-2f0a0/x86_64-el9/bin:/cvmfs/sphenix.sdcc.bnl.gov/alma9.2-gcc-14.2.0/opt/sphenix/core/binutils/2.40-acaab/x86_64-el9/bin:.:/cvmfs/sphenix.sdcc.bnl.gov/alma9.2-gcc-14.2.0/release/release_new/new.10/bin:/cvmfs/sphenix.sdcc.bnl.gov/alma9.2-gcc-14.2.0/opt/sphenix/utils/bin:/cvmfs/sphenix.sdcc.bnl.gov/alma9.2-gcc-14.2.0/opt/sphenix/core/bin:/cvmfs/sphenix.sdcc.bnl.gov/alma9.2-gcc-14.2.0/opt/sphenix/core/root-6.32.06/bin:/cvmfs/sphenix.sdcc.bnl.gov/alma9.2-gcc-14.2.0/opt/sphenix/core/geant4.10.07.p04/bin:/usr/local/bin:/usr/bin:/usr/local/sbin:/usr/sbin
G4LEVELGAMMADATA=/cvmfs/sphenix.sdcc.bnl.gov/alma9.2-gcc-14.2.0/opt/sphenix/core/geant4.10.07.p04/share/Geant4-10.7.4/data/PhotonEvaporation5.7
CC=/cvmfs/sphenix.sdcc.bnl.gov/alma9.2-gcc-14.2.0/opt/sphenix/core/gcc/14.2.0-2f0a0/x86_64-el9/bin/gcc
G4RADIOACTIVEDATA=/cvmfs/sphenix.sdcc.bnl.gov/alma9.2-gcc-14.2.0/opt/sphenix/core/geant4.10.07.p04/share/Geant4-10.7.4/data/RadioactiveDecay5.6
JULIA_NUM_THREADS=1
MKL_NUM_THREADS=1
LHAPDF_DATA_PATH=/cvmfs/sphenix.sdcc.bnl.gov/alma9.2-gcc-14.2.0/release/release_new/new.10/share/LHAPDF
XPLOAD_CONFIG_DIR=/cvmfs/sphenix.sdcc.bnl.gov/alma9.2-gcc-14.2.0/opt/sphenix/core/etc
OLDPWD=/cvmfs/sphenix.sdcc.bnl.gov/alma9.2-gcc-14.2.0/release/release_new/new.10/geant4
_CONDOR_ANCESTOR_299890=299925:1756523319:3688788491
_=/usr/bin/printenv
runnumber...
51575
trigger...

   ------------------------------------------------------------------
  | Welcome to ROOT 6.32.06                        https://root.cern |
  | (c) 1995-2024, The ROOT Team; conception: R. Brun, F. Rademakers |
  | Built for linuxx8664gcc on Dec 13 2024, 17:23:48                 |
  | From tags/6-32-06@6-32-06                                        |
  | With g++ (GCC) 14.2.0                                            |
  | Try '.help'/'.?', '.demo', '.license', '.credits', '.quit'/'.q'  |
   ------------------------------------------------------------------


Processing data_histmaker.C(51575)...
entry 0/1666723 (0%)
entry 1000/1666723 (0.059998%)
entry 2000/1666723 (0.119996%)
entry 3000/1666723 (0.179994%)
entry 4000/1666723 (0.239992%)
entry 6000/1666723 (0.359988%)
entry 7000/1666723 (0.419986%)
entry 8000/1666723 (0.479984%)
entry 9000/1666723 (0.539982%)
entry 12000/1666723 (0.719976%)
entry 17000/1666723 (1.01997%)
entry 18000/1666723 (1.07996%)
entry 19000/1666723 (1.13996%)
entry 21000/1666723 (1.25996%)
entry 22000/1666723 (1.31996%)
entry 23000/1666723 (1.37995%)
entry 24000/1666723 (1.43995%)
entry 25000/1666723 (1.49995%)
entry 27000/1666723 (1.61995%)
entry 29000/1666723 (1.73994%)
entry 32000/1666723 (1.91994%)
entry 33000/1666723 (1.97993%)
entry 34000/1666723 (2.03993%)
entry 36000/1666723 (2.15993%)
entry 37000/1666723 (2.21992%)
entry 38000/1666723 (2.27992%)
entry 39000/1666723 (2.33992%)
entry 41000/1666723 (2.45992%)
entry 42000/1666723 (2.51991%)
entry 43000/1666723 (2.57991%)
entry 44000/1666723 (2.63991%)
entry 45000/1666723 (2.69991%)
entry 46000/1666723 (2.75991%)
entry 47000/1666723 (2.8199%)
entry 48000/1666723 (2.8799%)
entry 49000/1666723 (2.9399%)
entry 50000/1666723 (2.9999%)
entry 54000/1666723 (3.23989%)
entry 55000/1666723 (3.29989%)
entry 58000/1666723 (3.47988%)
entry 59000/1666723 (3.53988%)
entry 61000/1666723 (3.65988%)
entry 62000/1666723 (3.71987%)
entry 63000/1666723 (3.77987%)
entry 64000/1666723 (3.83987%)
entry 66000/1666723 (3.95987%)
entry 67000/1666723 (4.01986%)
entry 68000/1666723 (4.07986%)
entry 70000/1666723 (4.19986%)
entry 71000/1666723 (4.25986%)
entry 72000/1666723 (4.31985%)
entry 73000/1666723 (4.37985%)
entry 74000/1666723 (4.43985%)
entry 75000/1666723 (4.49985%)
entry 76000/1666723 (4.55985%)
entry 77000/1666723 (4.61984%)
entry 78000/1666723 (4.67984%)
entry 79000/1666723 (4.73984%)
entry 80000/1666723 (4.79984%)
entry 81000/1666723 (4.85984%)
entry 82000/1666723 (4.91983%)
entry 83000/1666723 (4.97983%)
entry 86000/1666723 (5.15983%)
entry 87000/1666723 (5.21982%)
entry 88000/1666723 (5.27982%)
entry 90000/1666723 (5.39982%)
entry 91000/1666723 (5.45982%)
entry 93000/1666723 (5.57981%)
entry 94000/1666723 (5.63981%)
entry 95000/1666723 (5.69981%)
entry 97000/1666723 (5.8198%)
entry 98000/1666723 (5.8798%)
entry 101000/1666723 (6.0598%)
entry 102000/1666723 (6.11979%)
entry 103000/1666723 (6.17979%)
entry 105000/1666723 (6.29979%)
entry 107000/1666723 (6.41978%)
entry 108000/1666723 (6.47978%)
entry 110000/1666723 (6.59978%)
entry 111000/1666723 (6.65978%)
entry 112000/1666723 (6.71977%)
entry 114000/1666723 (6.83977%)
entry 115000/1666723 (6.89977%)
entry 117000/1666723 (7.01976%)
entry 120000/1666723 (7.19976%)
entry 121000/1666723 (7.25975%)
entry 122000/1666723 (7.31975%)
entry 123000/1666723 (7.37975%)
entry 125000/1666723 (7.49975%)
entry 126000/1666723 (7.55974%)
entry 127000/1666723 (7.61974%)
entry 128000/1666723 (7.67974%)
entry 129000/1666723 (7.73974%)
entry 130000/1666723 (7.79974%)
entry 131000/1666723 (7.85973%)
entry 132000/1666723 (7.91973%)
entry 133000/1666723 (7.97973%)
entry 135000/1666723 (8.09973%)
entry 136000/1666723 (8.15972%)
entry 137000/1666723 (8.21972%)
entry 138000/1666723 (8.27972%)
entry 139000/1666723 (8.33972%)
entry 140000/1666723 (8.39972%)
entry 141000/1666723 (8.45971%)
entry 143000/1666723 (8.57971%)
entry 145000/1666723 (8.69971%)
entry 146000/1666723 (8.7597%)
entry 147000/1666723 (8.8197%)
entry 149000/1666723 (8.9397%)
entry 150000/1666723 (8.9997%)
entry 151000/1666723 (9.05969%)
entry 152000/1666723 (9.11969%)
entry 153000/1666723 (9.17969%)
entry 154000/1666723 (9.23969%)
entry 155000/1666723 (9.29969%)
entry 156000/1666723 (9.35968%)
entry 157000/1666723 (9.41968%)
entry 158000/1666723 (9.47968%)
entry 160000/1666723 (9.59968%)
entry 162000/1666723 (9.71967%)
entry 163000/1666723 (9.77967%)
entry 165000/1666723 (9.89967%)
entry 166000/1666723 (9.95966%)
entry 168000/1666723 (10.0797%)
entry 170000/1666723 (10.1997%)
entry 172000/1666723 (10.3197%)
entry 173000/1666723 (10.3796%)
entry 175000/1666723 (10.4996%)
entry 177000/1666723 (10.6196%)
entry 178000/1666723 (10.6796%)
entry 179000/1666723 (10.7396%)
entry 180000/1666723 (10.7996%)
entry 185000/1666723 (11.0996%)
entry 187000/1666723 (11.2196%)
entry 192000/1666723 (11.5196%)
entry 193000/1666723 (11.5796%)
entry 194000/1666723 (11.6396%)
entry 195000/1666723 (11.6996%)
entry 196000/1666723 (11.7596%)
entry 197000/1666723 (11.8196%)
entry 198000/1666723 (11.8796%)
entry 199000/1666723 (11.9396%)
entry 200000/1666723 (11.9996%)
entry 202000/1666723 (12.1196%)
entry 204000/1666723 (12.2396%)
entry 207000/1666723 (12.4196%)
entry 208000/1666723 (12.4796%)
entry 209000/1666723 (12.5396%)
entry 210000/1666723 (12.5996%)
entry 211000/1666723 (12.6596%)
entry 212000/1666723 (12.7196%)
entry 214000/1666723 (12.8396%)
entry 215000/1666723 (12.8996%)
entry 216000/1666723 (12.9596%)
entry 217000/1666723 (13.0196%)
entry 218000/1666723 (13.0796%)
entry 219000/1666723 (13.1396%)
entry 221000/1666723 (13.2596%)
entry 222000/1666723 (13.3196%)
entry 223000/1666723 (13.3795%)
entry 224000/1666723 (13.4395%)
entry 225000/1666723 (13.4995%)
entry 226000/1666723 (13.5595%)
entry 227000/1666723 (13.6195%)
entry 229000/1666723 (13.7395%)
entry 230000/1666723 (13.7995%)
entry 231000/1666723 (13.8595%)
entry 233000/1666723 (13.9795%)
entry 234000/1666723 (14.0395%)
entry 235000/1666723 (14.0995%)
entry 237000/1666723 (14.2195%)
entry 238000/1666723 (14.2795%)
entry 239000/1666723 (14.3395%)
entry 240000/1666723 (14.3995%)
entry 241000/1666723 (14.4595%)
entry 243000/1666723 (14.5795%)
entry 246000/1666723 (14.7595%)
entry 248000/1666723 (14.8795%)
entry 249000/1666723 (14.9395%)
entry 250000/1666723 (14.9995%)
entry 251000/1666723 (15.0595%)
entry 252000/1666723 (15.1195%)
entry 253000/1666723 (15.1795%)
entry 254000/1666723 (15.2395%)
entry 255000/1666723 (15.2995%)
entry 256000/1666723 (15.3595%)
entry 257000/1666723 (15.4195%)
entry 258000/1666723 (15.4795%)
entry 259000/1666723 (15.5395%)
entry 261000/1666723 (15.6595%)
entry 262000/1666723 (15.7195%)
entry 263000/1666723 (15.7795%)
entry 264000/1666723 (15.8395%)
entry 265000/1666723 (15.8995%)
entry 267000/1666723 (16.0195%)
entry 268000/1666723 (16.0795%)
entry 269000/1666723 (16.1395%)
entry 270000/1666723 (16.1995%)
entry 271000/1666723 (16.2594%)
entry 272000/1666723 (16.3194%)
entry 274000/1666723 (16.4394%)
entry 276000/1666723 (16.5594%)
entry 277000/1666723 (16.6194%)
entry 278000/1666723 (16.6794%)
entry 279000/1666723 (16.7394%)
entry 280000/1666723 (16.7994%)
entry 282000/1666723 (16.9194%)
entry 283000/1666723 (16.9794%)
entry 284000/1666723 (17.0394%)
entry 285000/1666723 (17.0994%)
entry 286000/1666723 (17.1594%)
entry 287000/1666723 (17.2194%)
entry 288000/1666723 (17.2794%)
entry 289000/1666723 (17.3394%)
entry 290000/1666723 (17.3994%)
entry 291000/1666723 (17.4594%)
entry 292000/1666723 (17.5194%)
entry 293000/1666723 (17.5794%)
entry 294000/1666723 (17.6394%)
entry 297000/1666723 (17.8194%)
entry 300000/1666723 (17.9994%)
entry 303000/1666723 (18.1794%)
entry 305000/1666723 (18.2994%)
entry 306000/1666723 (18.3594%)
entry 308000/1666723 (18.4794%)
entry 309000/1666723 (18.5394%)
entry 310000/1666723 (18.5994%)
entry 311000/1666723 (18.6594%)
entry 312000/1666723 (18.7194%)
entry 316000/1666723 (18.9594%)
entry 317000/1666723 (19.0194%)
entry 318000/1666723 (19.0794%)
entry 321000/1666723 (19.2593%)
entry 322000/1666723 (19.3193%)
entry 323000/1666723 (19.3793%)
entry 324000/1666723 (19.4393%)
entry 325000/1666723 (19.4993%)
entry 327000/1666723 (19.6193%)
entry 328000/1666723 (19.6793%)
entry 329000/1666723 (19.7393%)
entry 330000/1666723 (19.7993%)
entry 331000/1666723 (19.8593%)
entry 332000/1666723 (19.9193%)
entry 334000/1666723 (20.0393%)
entry 335000/1666723 (20.0993%)
entry 336000/1666723 (20.1593%)
entry 338000/1666723 (20.2793%)
entry 340000/1666723 (20.3993%)
entry 341000/1666723 (20.4593%)
entry 342000/1666723 (20.5193%)
entry 344000/1666723 (20.6393%)
entry 345000/1666723 (20.6993%)
entry 346000/1666723 (20.7593%)
entry 347000/1666723 (20.8193%)
entry 348000/1666723 (20.8793%)
entry 349000/1666723 (20.9393%)
entry 350000/1666723 (20.9993%)
entry 351000/1666723 (21.0593%)
entry 353000/1666723 (21.1793%)
entry 355000/1666723 (21.2993%)
entry 356000/1666723 (21.3593%)
entry 358000/1666723 (21.4793%)
entry 359000/1666723 (21.5393%)
entry 360000/1666723 (21.5993%)
entry 361000/1666723 (21.6593%)
entry 362000/1666723 (21.7193%)
entry 363000/1666723 (21.7793%)
entry 364000/1666723 (21.8393%)
entry 365000/1666723 (21.8993%)
entry 366000/1666723 (21.9593%)
entry 367000/1666723 (22.0193%)
entry 369000/1666723 (22.1393%)
entry 371000/1666723 (22.2592%)
entry 372000/1666723 (22.3192%)
entry 373000/1666723 (22.3792%)
entry 374000/1666723 (22.4392%)
entry 375000/1666723 (22.4992%)
entry 376000/1666723 (22.5592%)
entry 378000/1666723 (22.6792%)
entry 379000/1666723 (22.7392%)
entry 380000/1666723 (22.7992%)
entry 381000/1666723 (22.8592%)
entry 383000/1666723 (22.9792%)
entry 384000/1666723 (23.0392%)
entry 385000/1666723 (23.0992%)
entry 388000/1666723 (23.2792%)
entry 390000/1666723 (23.3992%)
entry 391000/1666723 (23.4592%)
entry 392000/1666723 (23.5192%)
entry 394000/1666723 (23.6392%)
entry 395000/1666723 (23.6992%)
entry 396000/1666723 (23.7592%)
entry 397000/1666723 (23.8192%)
entry 398000/1666723 (23.8792%)
entry 400000/1666723 (23.9992%)
entry 402000/1666723 (24.1192%)
entry 403000/1666723 (24.1792%)
entry 407000/1666723 (24.4192%)
entry 408000/1666723 (24.4792%)
entry 409000/1666723 (24.5392%)
entry 410000/1666723 (24.5992%)
entry 411000/1666723 (24.6592%)
entry 414000/1666723 (24.8392%)
entry 415000/1666723 (24.8992%)
entry 416000/1666723 (24.9592%)
entry 420000/1666723 (25.1991%)
entry 421000/1666723 (25.2591%)
entry 423000/1666723 (25.3791%)
entry 424000/1666723 (25.4391%)
entry 426000/1666723 (25.5591%)
entry 428000/1666723 (25.6791%)
entry 429000/1666723 (25.7391%)
entry 431000/1666723 (25.8591%)
entry 432000/1666723 (25.9191%)
entry 433000/1666723 (25.9791%)
entry 434000/1666723 (26.0391%)
entry 435000/1666723 (26.0991%)
entry 436000/1666723 (26.1591%)
entry 437000/1666723 (26.2191%)
entry 438000/1666723 (26.2791%)
entry 440000/1666723 (26.3991%)
entry 441000/1666723 (26.4591%)
entry 442000/1666723 (26.5191%)
entry 443000/1666723 (26.5791%)
entry 444000/1666723 (26.6391%)
entry 447000/1666723 (26.8191%)
entry 448000/1666723 (26.8791%)
entry 449000/1666723 (26.9391%)
entry 452000/1666723 (27.1191%)
entry 453000/1666723 (27.1791%)
entry 455000/1666723 (27.2991%)
entry 457000/1666723 (27.4191%)
entry 458000/1666723 (27.4791%)
entry 460000/1666723 (27.5991%)
entry 461000/1666723 (27.6591%)
entry 462000/1666723 (27.7191%)
entry 463000/1666723 (27.7791%)
entry 464000/1666723 (27.8391%)
entry 465000/1666723 (27.8991%)
entry 466000/1666723 (27.9591%)
entry 467000/1666723 (28.0191%)
entry 468000/1666723 (28.0791%)
entry 469000/1666723 (28.139%)
entry 471000/1666723 (28.259%)
entry 472000/1666723 (28.319%)
entry 473000/1666723 (28.379%)
entry 475000/1666723 (28.499%)
entry 477000/1666723 (28.619%)
entry 478000/1666723 (28.679%)
entry 479000/1666723 (28.739%)
entry 480000/1666723 (28.799%)
entry 481000/1666723 (28.859%)
entry 482000/1666723 (28.919%)
entry 483000/1666723 (28.979%)
entry 484000/1666723 (29.039%)
entry 485000/1666723 (29.099%)
entry 486000/1666723 (29.159%)
entry 487000/1666723 (29.219%)
entry 489000/1666723 (29.339%)
entry 490000/1666723 (29.399%)
entry 491000/1666723 (29.459%)
entry 492000/1666723 (29.519%)
entry 493000/1666723 (29.579%)
entry 494000/1666723 (29.639%)
entry 500000/1666723 (29.999%)
entry 501000/1666723 (30.059%)
entry 503000/1666723 (30.179%)
entry 505000/1666723 (30.299%)
entry 506000/1666723 (30.359%)
entry 509000/1666723 (30.539%)
entry 511000/1666723 (30.659%)
entry 512000/1666723 (30.719%)
entry 513000/1666723 (30.779%)
entry 514000/1666723 (30.839%)
entry 515000/1666723 (30.899%)
entry 519000/1666723 (31.1389%)
entry 521000/1666723 (31.2589%)
entry 522000/1666723 (31.3189%)
entry 526000/1666723 (31.5589%)
entry 527000/1666723 (31.6189%)
entry 528000/1666723 (31.6789%)
entry 531000/1666723 (31.8589%)
entry 534000/1666723 (32.0389%)
entry 535000/1666723 (32.0989%)
entry 536000/1666723 (32.1589%)
entry 537000/1666723 (32.2189%)
entry 538000/1666723 (32.2789%)
entry 540000/1666723 (32.3989%)
entry 541000/1666723 (32.4589%)
entry 542000/1666723 (32.5189%)
entry 543000/1666723 (32.5789%)
entry 544000/1666723 (32.6389%)
entry 546000/1666723 (32.7589%)
entry 547000/1666723 (32.8189%)
entry 548000/1666723 (32.8789%)
entry 549000/1666723 (32.9389%)
entry 550000/1666723 (32.9989%)
entry 551000/1666723 (33.0589%)
entry 552000/1666723 (33.1189%)
entry 553000/1666723 (33.1789%)
entry 556000/1666723 (33.3589%)
entry 557000/1666723 (33.4189%)
entry 558000/1666723 (33.4789%)
entry 560000/1666723 (33.5989%)
entry 562000/1666723 (33.7189%)
entry 563000/1666723 (33.7789%)
entry 565000/1666723 (33.8989%)
entry 566000/1666723 (33.9589%)
entry 567000/1666723 (34.0189%)
entry 570000/1666723 (34.1988%)
entry 572000/1666723 (34.3188%)
entry 573000/1666723 (34.3788%)
entry 576000/1666723 (34.5588%)
entry 577000/1666723 (34.6188%)
entry 578000/1666723 (34.6788%)
entry 579000/1666723 (34.7388%)
entry 580000/1666723 (34.7988%)
entry 582000/1666723 (34.9188%)
entry 583000/1666723 (34.9788%)
entry 584000/1666723 (35.0388%)
entry 586000/1666723 (35.1588%)
entry 587000/1666723 (35.2188%)
entry 588000/1666723 (35.2788%)
entry 589000/1666723 (35.3388%)
entry 590000/1666723 (35.3988%)
entry 591000/1666723 (35.4588%)
entry 592000/1666723 (35.5188%)
entry 593000/1666723 (35.5788%)
entry 594000/1666723 (35.6388%)
entry 595000/1666723 (35.6988%)
entry 597000/1666723 (35.8188%)
entry 598000/1666723 (35.8788%)
entry 600000/1666723 (35.9988%)
entry 601000/1666723 (36.0588%)
entry 603000/1666723 (36.1788%)
entry 604000/1666723 (36.2388%)
entry 605000/1666723 (36.2988%)
entry 606000/1666723 (36.3588%)
entry 608000/1666723 (36.4788%)
entry 610000/1666723 (36.5988%)
entry 613000/1666723 (36.7788%)
entry 614000/1666723 (36.8388%)
entry 615000/1666723 (36.8988%)
entry 616000/1666723 (36.9588%)
entry 617000/1666723 (37.0187%)
entry 618000/1666723 (37.0787%)
entry 619000/1666723 (37.1387%)
entry 620000/1666723 (37.1987%)
entry 621000/1666723 (37.2587%)
entry 624000/1666723 (37.4387%)
entry 626000/1666723 (37.5587%)
entry 627000/1666723 (37.6187%)
entry 629000/1666723 (37.7387%)
entry 630000/1666723 (37.7987%)
entry 631000/1666723 (37.8587%)
entry 636000/1666723 (38.1587%)
entry 637000/1666723 (38.2187%)
entry 640000/1666723 (38.3987%)
entry 641000/1666723 (38.4587%)
entry 642000/1666723 (38.5187%)
entry 643000/1666723 (38.5787%)
entry 644000/1666723 (38.6387%)
entry 645000/1666723 (38.6987%)
entry 646000/1666723 (38.7587%)
entry 649000/1666723 (38.9387%)
entry 650000/1666723 (38.9987%)
entry 651000/1666723 (39.0587%)
entry 652000/1666723 (39.1187%)
entry 659000/1666723 (39.5387%)
entry 660000/1666723 (39.5987%)
entry 661000/1666723 (39.6587%)
entry 662000/1666723 (39.7187%)
entry 663000/1666723 (39.7787%)
entry 664000/1666723 (39.8387%)
entry 665000/1666723 (39.8987%)
entry 666000/1666723 (39.9586%)
entry 667000/1666723 (40.0186%)
entry 669000/1666723 (40.1386%)
entry 670000/1666723 (40.1986%)
entry 671000/1666723 (40.2586%)
entry 672000/1666723 (40.3186%)
entry 673000/1666723 (40.3786%)
entry 674000/1666723 (40.4386%)
entry 676000/1666723 (40.5586%)
entry 677000/1666723 (40.6186%)
entry 679000/1666723 (40.7386%)
entry 680000/1666723 (40.7986%)
entry 682000/1666723 (40.9186%)
entry 683000/1666723 (40.9786%)
entry 684000/1666723 (41.0386%)
entry 685000/1666723 (41.0986%)
entry 686000/1666723 (41.1586%)
entry 687000/1666723 (41.2186%)
entry 688000/1666723 (41.2786%)
entry 689000/1666723 (41.3386%)
entry 690000/1666723 (41.3986%)
entry 691000/1666723 (41.4586%)
entry 692000/1666723 (41.5186%)
entry 693000/1666723 (41.5786%)
entry 694000/1666723 (41.6386%)
entry 695000/1666723 (41.6986%)
entry 697000/1666723 (41.8186%)
entry 698000/1666723 (41.8786%)
entry 699000/1666723 (41.9386%)
entry 700000/1666723 (41.9986%)
entry 701000/1666723 (42.0586%)
entry 702000/1666723 (42.1186%)
entry 703000/1666723 (42.1786%)
entry 704000/1666723 (42.2386%)
entry 705000/1666723 (42.2986%)
entry 707000/1666723 (42.4186%)
entry 708000/1666723 (42.4786%)
entry 709000/1666723 (42.5386%)
entry 711000/1666723 (42.6586%)
entry 712000/1666723 (42.7186%)
entry 713000/1666723 (42.7786%)
entry 714000/1666723 (42.8386%)
entry 716000/1666723 (42.9585%)
entry 717000/1666723 (43.0185%)
entry 718000/1666723 (43.0785%)
entry 719000/1666723 (43.1385%)
entry 720000/1666723 (43.1985%)
entry 721000/1666723 (43.2585%)
entry 722000/1666723 (43.3185%)
entry 723000/1666723 (43.3785%)
entry 724000/1666723 (43.4385%)
entry 725000/1666723 (43.4985%)
entry 726000/1666723 (43.5585%)
entry 728000/1666723 (43.6785%)
entry 729000/1666723 (43.7385%)
entry 730000/1666723 (43.7985%)
entry 731000/1666723 (43.8585%)
entry 732000/1666723 (43.9185%)
entry 733000/1666723 (43.9785%)
entry 735000/1666723 (44.0985%)
entry 736000/1666723 (44.1585%)
entry 737000/1666723 (44.2185%)
entry 738000/1666723 (44.2785%)
entry 739000/1666723 (44.3385%)
entry 740000/1666723 (44.3985%)
entry 741000/1666723 (44.4585%)
entry 743000/1666723 (44.5785%)
entry 745000/1666723 (44.6985%)
entry 747000/1666723 (44.8185%)
entry 748000/1666723 (44.8785%)
entry 750000/1666723 (44.9985%)
entry 752000/1666723 (45.1185%)
entry 753000/1666723 (45.1785%)
entry 754000/1666723 (45.2385%)
entry 755000/1666723 (45.2985%)
entry 756000/1666723 (45.3585%)
entry 757000/1666723 (45.4185%)
entry 758000/1666723 (45.4785%)
entry 759000/1666723 (45.5385%)
entry 760000/1666723 (45.5985%)
entry 761000/1666723 (45.6585%)
entry 762000/1666723 (45.7185%)
entry 763000/1666723 (45.7785%)
entry 764000/1666723 (45.8385%)
entry 765000/1666723 (45.8984%)
entry 766000/1666723 (45.9584%)
entry 769000/1666723 (46.1384%)
entry 770000/1666723 (46.1984%)
entry 771000/1666723 (46.2584%)
entry 772000/1666723 (46.3184%)
entry 773000/1666723 (46.3784%)
entry 774000/1666723 (46.4384%)
entry 775000/1666723 (46.4984%)
entry 776000/1666723 (46.5584%)
entry 780000/1666723 (46.7984%)
entry 781000/1666723 (46.8584%)
entry 783000/1666723 (46.9784%)
entry 784000/1666723 (47.0384%)
entry 785000/1666723 (47.0984%)
entry 786000/1666723 (47.1584%)
entry 787000/1666723 (47.2184%)
entry 789000/1666723 (47.3384%)
entry 790000/1666723 (47.3984%)
entry 792000/1666723 (47.5184%)
entry 793000/1666723 (47.5784%)
entry 794000/1666723 (47.6384%)
entry 796000/1666723 (47.7584%)
entry 797000/1666723 (47.8184%)
entry 798000/1666723 (47.8784%)
entry 799000/1666723 (47.9384%)
entry 800000/1666723 (47.9984%)
entry 801000/1666723 (48.0584%)
entry 802000/1666723 (48.1184%)
entry 803000/1666723 (48.1784%)
entry 805000/1666723 (48.2984%)
entry 810000/1666723 (48.5984%)
entry 811000/1666723 (48.6584%)
entry 813000/1666723 (48.7784%)
entry 814000/1666723 (48.8384%)
entry 815000/1666723 (48.8983%)
entry 817000/1666723 (49.0183%)
entry 820000/1666723 (49.1983%)
entry 821000/1666723 (49.2583%)
entry 822000/1666723 (49.3183%)
entry 823000/1666723 (49.3783%)
entry 824000/1666723 (49.4383%)
entry 825000/1666723 (49.4983%)
entry 826000/1666723 (49.5583%)
entry 827000/1666723 (49.6183%)
entry 829000/1666723 (49.7383%)
entry 831000/1666723 (49.8583%)
entry 832000/1666723 (49.9183%)
entry 833000/1666723 (49.9783%)
entry 834000/1666723 (50.0383%)
entry 836000/1666723 (50.1583%)
entry 837000/1666723 (50.2183%)
entry 838000/1666723 (50.2783%)
entry 839000/1666723 (50.3383%)
entry 840000/1666723 (50.3983%)
entry 842000/1666723 (50.5183%)
entry 843000/1666723 (50.5783%)
entry 846000/1666723 (50.7583%)
entry 847000/1666723 (50.8183%)
entry 848000/1666723 (50.8783%)
entry 849000/1666723 (50.9383%)
entry 850000/1666723 (50.9983%)
entry 851000/1666723 (51.0583%)
entry 852000/1666723 (51.1183%)
entry 853000/1666723 (51.1783%)
entry 855000/1666723 (51.2983%)
entry 856000/1666723 (51.3583%)
entry 857000/1666723 (51.4183%)
entry 860000/1666723 (51.5983%)
entry 861000/1666723 (51.6583%)
entry 862000/1666723 (51.7183%)
entry 863000/1666723 (51.7783%)
entry 864000/1666723 (51.8382%)
entry 866000/1666723 (51.9582%)
entry 867000/1666723 (52.0182%)
entry 868000/1666723 (52.0782%)
entry 869000/1666723 (52.1382%)
entry 870000/1666723 (52.1982%)
entry 873000/1666723 (52.3782%)
entry 874000/1666723 (52.4382%)
entry 875000/1666723 (52.4982%)
entry 877000/1666723 (52.6182%)
entry 880000/1666723 (52.7982%)
entry 881000/1666723 (52.8582%)
entry 882000/1666723 (52.9182%)
entry 884000/1666723 (53.0382%)
entry 885000/1666723 (53.0982%)
entry 886000/1666723 (53.1582%)
entry 888000/1666723 (53.2782%)
entry 890000/1666723 (53.3982%)
entry 891000/1666723 (53.4582%)
entry 892000/1666723 (53.5182%)
entry 893000/1666723 (53.5782%)
entry 894000/1666723 (53.6382%)
entry 895000/1666723 (53.6982%)
entry 896000/1666723 (53.7582%)
entry 897000/1666723 (53.8182%)
entry 898000/1666723 (53.8782%)
entry 900000/1666723 (53.9982%)
entry 901000/1666723 (54.0582%)
entry 902000/1666723 (54.1182%)
entry 904000/1666723 (54.2382%)
entry 906000/1666723 (54.3582%)
entry 908000/1666723 (54.4782%)
entry 910000/1666723 (54.5982%)
entry 911000/1666723 (54.6582%)
entry 913000/1666723 (54.7781%)
entry 914000/1666723 (54.8381%)
entry 915000/1666723 (54.8981%)
entry 916000/1666723 (54.9581%)
entry 917000/1666723 (55.0181%)
entry 919000/1666723 (55.1381%)
entry 920000/1666723 (55.1981%)
entry 921000/1666723 (55.2581%)
entry 922000/1666723 (55.3181%)
entry 923000/1666723 (55.3781%)
entry 924000/1666723 (55.4381%)
entry 925000/1666723 (55.4981%)
entry 926000/1666723 (55.5581%)
entry 927000/1666723 (55.6181%)
entry 928000/1666723 (55.6781%)
entry 929000/1666723 (55.7381%)
entry 931000/1666723 (55.8581%)
entry 932000/1666723 (55.9181%)
entry 935000/1666723 (56.0981%)
entry 936000/1666723 (56.1581%)
entry 937000/1666723 (56.2181%)
entry 939000/1666723 (56.3381%)
entry 940000/1666723 (56.3981%)
entry 942000/1666723 (56.5181%)
entry 943000/1666723 (56.5781%)
entry 944000/1666723 (56.6381%)
entry 945000/1666723 (56.6981%)
entry 946000/1666723 (56.7581%)
entry 947000/1666723 (56.8181%)
entry 948000/1666723 (56.8781%)
entry 949000/1666723 (56.9381%)
entry 950000/1666723 (56.9981%)
entry 951000/1666723 (57.0581%)
entry 953000/1666723 (57.1781%)
entry 954000/1666723 (57.2381%)
entry 955000/1666723 (57.2981%)
entry 956000/1666723 (57.3581%)
entry 957000/1666723 (57.4181%)
entry 958000/1666723 (57.4781%)
entry 959000/1666723 (57.5381%)
entry 961000/1666723 (57.6581%)
entry 962000/1666723 (57.7181%)
entry 963000/1666723 (57.778%)
entry 964000/1666723 (57.838%)
entry 967000/1666723 (58.018%)
entry 969000/1666723 (58.138%)
entry 970000/1666723 (58.198%)
entry 971000/1666723 (58.258%)
entry 972000/1666723 (58.318%)
entry 974000/1666723 (58.438%)
entry 975000/1666723 (58.498%)
entry 976000/1666723 (58.558%)
entry 977000/1666723 (58.618%)
entry 978000/1666723 (58.678%)
entry 979000/1666723 (58.738%)
entry 980000/1666723 (58.798%)
entry 981000/1666723 (58.858%)
entry 982000/1666723 (58.918%)
entry 983000/1666723 (58.978%)
entry 984000/1666723 (59.038%)
entry 985000/1666723 (59.098%)
entry 986000/1666723 (59.158%)
entry 987000/1666723 (59.218%)
entry 988000/1666723 (59.278%)
entry 989000/1666723 (59.338%)
entry 990000/1666723 (59.398%)
entry 995000/1666723 (59.698%)
entry 996000/1666723 (59.758%)
entry 997000/1666723 (59.818%)
entry 998000/1666723 (59.878%)
entry 999000/1666723 (59.938%)
entry 1000000/1666723 (59.998%)
entry 1001000/1666723 (60.058%)
entry 1002000/1666723 (60.118%)
entry 1003000/1666723 (60.178%)
entry 1004000/1666723 (60.238%)
entry 1005000/1666723 (60.298%)
entry 1007000/1666723 (60.418%)
entry 1008000/1666723 (60.478%)
entry 1009000/1666723 (60.538%)
entry 1010000/1666723 (60.598%)
entry 1012000/1666723 (60.7179%)
entry 1013000/1666723 (60.7779%)
entry 1014000/1666723 (60.8379%)
entry 1015000/1666723 (60.8979%)
entry 1018000/1666723 (61.0779%)
entry 1021000/1666723 (61.2579%)
entry 1022000/1666723 (61.3179%)
entry 1024000/1666723 (61.4379%)
entry 1026000/1666723 (61.5579%)
entry 1027000/1666723 (61.6179%)
entry 1029000/1666723 (61.7379%)
entry 1030000/1666723 (61.7979%)
entry 1031000/1666723 (61.8579%)
entry 1032000/1666723 (61.9179%)
entry 1033000/1666723 (61.9779%)
entry 1034000/1666723 (62.0379%)
entry 1035000/1666723 (62.0979%)
entry 1036000/1666723 (62.1579%)
entry 1037000/1666723 (62.2179%)
entry 1038000/1666723 (62.2779%)
entry 1039000/1666723 (62.3379%)
entry 1040000/1666723 (62.3979%)
entry 1041000/1666723 (62.4579%)
entry 1042000/1666723 (62.5179%)
entry 1043000/1666723 (62.5779%)
entry 1045000/1666723 (62.6979%)
entry 1046000/1666723 (62.7579%)
entry 1047000/1666723 (62.8179%)
entry 1048000/1666723 (62.8779%)
entry 1049000/1666723 (62.9379%)
entry 1050000/1666723 (62.9979%)
entry 1051000/1666723 (63.0579%)
entry 1053000/1666723 (63.1779%)
entry 1055000/1666723 (63.2979%)
entry 1056000/1666723 (63.3579%)
entry 1057000/1666723 (63.4179%)
entry 1058000/1666723 (63.4779%)
entry 1059000/1666723 (63.5379%)
entry 1060000/1666723 (63.5979%)
entry 1061000/1666723 (63.6579%)
entry 1062000/1666723 (63.7178%)
entry 1063000/1666723 (63.7778%)
entry 1064000/1666723 (63.8378%)
entry 1065000/1666723 (63.8978%)
entry 1066000/1666723 (63.9578%)
entry 1069000/1666723 (64.1378%)
entry 1073000/1666723 (64.3778%)
entry 1075000/1666723 (64.4978%)
entry 1076000/1666723 (64.5578%)
entry 1079000/1666723 (64.7378%)
entry 1080000/1666723 (64.7978%)
entry 1081000/1666723 (64.8578%)
entry 1084000/1666723 (65.0378%)
entry 1085000/1666723 (65.0978%)
entry 1086000/1666723 (65.1578%)
entry 1087000/1666723 (65.2178%)
entry 1089000/1666723 (65.3378%)
entry 1090000/1666723 (65.3978%)
entry 1092000/1666723 (65.5178%)
entry 1093000/1666723 (65.5778%)
entry 1094000/1666723 (65.6378%)
entry 1096000/1666723 (65.7578%)
entry 1097000/1666723 (65.8178%)
entry 1098000/1666723 (65.8778%)
entry 1099000/1666723 (65.9378%)
entry 1100000/1666723 (65.9978%)
entry 1103000/1666723 (66.1778%)
entry 1104000/1666723 (66.2378%)
entry 1105000/1666723 (66.2978%)
entry 1107000/1666723 (66.4178%)
entry 1108000/1666723 (66.4778%)
entry 1109000/1666723 (66.5377%)
entry 1110000/1666723 (66.5977%)
entry 1111000/1666723 (66.6577%)
entry 1113000/1666723 (66.7777%)
entry 1114000/1666723 (66.8377%)
entry 1116000/1666723 (66.9577%)
entry 1117000/1666723 (67.0177%)
entry 1118000/1666723 (67.0777%)
entry 1119000/1666723 (67.1377%)
entry 1120000/1666723 (67.1977%)
entry 1121000/1666723 (67.2577%)
entry 1122000/1666723 (67.3177%)
entry 1125000/1666723 (67.4977%)
entry 1126000/1666723 (67.5577%)
entry 1127000/1666723 (67.6177%)
entry 1128000/1666723 (67.6777%)
entry 1130000/1666723 (67.7977%)
entry 1131000/1666723 (67.8577%)
entry 1132000/1666723 (67.9177%)
entry 1133000/1666723 (67.9777%)
entry 1134000/1666723 (68.0377%)
entry 1135000/1666723 (68.0977%)
entry 1136000/1666723 (68.1577%)
entry 1137000/1666723 (68.2177%)
entry 1139000/1666723 (68.3377%)
entry 1140000/1666723 (68.3977%)
entry 1142000/1666723 (68.5177%)
entry 1144000/1666723 (68.6377%)
entry 1145000/1666723 (68.6977%)
entry 1146000/1666723 (68.7577%)
entry 1148000/1666723 (68.8777%)
entry 1150000/1666723 (68.9977%)
entry 1152000/1666723 (69.1177%)
entry 1153000/1666723 (69.1777%)
entry 1154000/1666723 (69.2377%)
entry 1155000/1666723 (69.2977%)
entry 1156000/1666723 (69.3577%)
entry 1158000/1666723 (69.4777%)
entry 1162000/1666723 (69.7176%)
entry 1163000/1666723 (69.7776%)
entry 1164000/1666723 (69.8376%)
entry 1165000/1666723 (69.8976%)
entry 1167000/1666723 (70.0176%)
entry 1169000/1666723 (70.1376%)
entry 1170000/1666723 (70.1976%)
entry 1171000/1666723 (70.2576%)
entry 1172000/1666723 (70.3176%)
entry 1173000/1666723 (70.3776%)
entry 1174000/1666723 (70.4376%)
entry 1176000/1666723 (70.5576%)
entry 1179000/1666723 (70.7376%)
entry 1180000/1666723 (70.7976%)
entry 1181000/1666723 (70.8576%)
entry 1183000/1666723 (70.9776%)
entry 1185000/1666723 (71.0976%)
entry 1188000/1666723 (71.2776%)
entry 1189000/1666723 (71.3376%)
entry 1190000/1666723 (71.3976%)
entry 1191000/1666723 (71.4576%)
entry 1192000/1666723 (71.5176%)
entry 1193000/1666723 (71.5776%)
entry 1194000/1666723 (71.6376%)
entry 1197000/1666723 (71.8176%)
entry 1198000/1666723 (71.8776%)
entry 1199000/1666723 (71.9376%)
entry 1200000/1666723 (71.9976%)
entry 1203000/1666723 (72.1776%)
entry 1205000/1666723 (72.2976%)
entry 1206000/1666723 (72.3576%)
entry 1207000/1666723 (72.4176%)
entry 1209000/1666723 (72.5375%)
entry 1211000/1666723 (72.6575%)
entry 1212000/1666723 (72.7175%)
entry 1213000/1666723 (72.7775%)
entry 1214000/1666723 (72.8375%)
entry 1215000/1666723 (72.8975%)
entry 1216000/1666723 (72.9575%)
entry 1217000/1666723 (73.0175%)
entry 1218000/1666723 (73.0775%)
entry 1219000/1666723 (73.1375%)
entry 1220000/1666723 (73.1975%)
entry 1221000/1666723 (73.2575%)
entry 1222000/1666723 (73.3175%)
entry 1223000/1666723 (73.3775%)
entry 1224000/1666723 (73.4375%)
entry 1225000/1666723 (73.4975%)
entry 1226000/1666723 (73.5575%)
entry 1227000/1666723 (73.6175%)
entry 1228000/1666723 (73.6775%)
entry 1229000/1666723 (73.7375%)
entry 1230000/1666723 (73.7975%)
entry 1231000/1666723 (73.8575%)
entry 1233000/1666723 (73.9775%)
entry 1235000/1666723 (74.0975%)
entry 1236000/1666723 (74.1575%)
entry 1237000/1666723 (74.2175%)
entry 1238000/1666723 (74.2775%)
entry 1239000/1666723 (74.3375%)
entry 1241000/1666723 (74.4575%)
entry 1243000/1666723 (74.5775%)
entry 1244000/1666723 (74.6375%)
entry 1245000/1666723 (74.6975%)
entry 1247000/1666723 (74.8175%)
entry 1249000/1666723 (74.9375%)
entry 1250000/1666723 (74.9975%)
entry 1253000/1666723 (75.1775%)
entry 1254000/1666723 (75.2375%)
entry 1256000/1666723 (75.3575%)
entry 1257000/1666723 (75.4175%)
entry 1258000/1666723 (75.4775%)
entry 1259000/1666723 (75.5374%)
entry 1260000/1666723 (75.5974%)
entry 1261000/1666723 (75.6574%)
entry 1263000/1666723 (75.7774%)
entry 1264000/1666723 (75.8374%)
entry 1266000/1666723 (75.9574%)
entry 1267000/1666723 (76.0174%)
entry 1268000/1666723 (76.0774%)
entry 1269000/1666723 (76.1374%)
entry 1270000/1666723 (76.1974%)
entry 1271000/1666723 (76.2574%)
entry 1272000/1666723 (76.3174%)
entry 1273000/1666723 (76.3774%)
entry 1274000/1666723 (76.4374%)
entry 1275000/1666723 (76.4974%)
entry 1276000/1666723 (76.5574%)
entry 1277000/1666723 (76.6174%)
entry 1278000/1666723 (76.6774%)
entry 1279000/1666723 (76.7374%)
entry 1280000/1666723 (76.7974%)
entry 1282000/1666723 (76.9174%)
entry 1283000/1666723 (76.9774%)
entry 1284000/1666723 (77.0374%)
entry 1285000/1666723 (77.0974%)
entry 1286000/1666723 (77.1574%)
entry 1287000/1666723 (77.2174%)
entry 1288000/1666723 (77.2774%)
entry 1289000/1666723 (77.3374%)
entry 1290000/1666723 (77.3974%)
entry 1292000/1666723 (77.5174%)
entry 1293000/1666723 (77.5774%)
entry 1294000/1666723 (77.6374%)
entry 1296000/1666723 (77.7574%)
entry 1297000/1666723 (77.8174%)
entry 1298000/1666723 (77.8774%)
entry 1299000/1666723 (77.9374%)
entry 1303000/1666723 (78.1774%)
entry 1304000/1666723 (78.2374%)
entry 1305000/1666723 (78.2974%)
entry 1308000/1666723 (78.4773%)
entry 1309000/1666723 (78.5373%)
entry 1310000/1666723 (78.5973%)
entry 1312000/1666723 (78.7173%)
entry 1313000/1666723 (78.7773%)
entry 1314000/1666723 (78.8373%)
entry 1315000/1666723 (78.8973%)
entry 1316000/1666723 (78.9573%)
entry 1318000/1666723 (79.0773%)
entry 1319000/1666723 (79.1373%)
entry 1320000/1666723 (79.1973%)
entry 1321000/1666723 (79.2573%)
entry 1322000/1666723 (79.3173%)
entry 1323000/1666723 (79.3773%)
entry 1324000/1666723 (79.4373%)
entry 1326000/1666723 (79.5573%)
entry 1327000/1666723 (79.6173%)
entry 1328000/1666723 (79.6773%)
entry 1329000/1666723 (79.7373%)
entry 1330000/1666723 (79.7973%)
entry 1331000/1666723 (79.8573%)
entry 1332000/1666723 (79.9173%)
entry 1333000/1666723 (79.9773%)
entry 1334000/1666723 (80.0373%)
entry 1335000/1666723 (80.0973%)
entry 1336000/1666723 (80.1573%)
entry 1337000/1666723 (80.2173%)
entry 1338000/1666723 (80.2773%)
entry 1339000/1666723 (80.3373%)
entry 1342000/1666723 (80.5173%)
entry 1344000/1666723 (80.6373%)
entry 1345000/1666723 (80.6973%)
entry 1346000/1666723 (80.7573%)
entry 1347000/1666723 (80.8173%)
entry 1348000/1666723 (80.8773%)
entry 1349000/1666723 (80.9373%)
entry 1350000/1666723 (80.9973%)
entry 1351000/1666723 (81.0573%)
entry 1352000/1666723 (81.1173%)
entry 1353000/1666723 (81.1773%)
entry 1360000/1666723 (81.5972%)
entry 1361000/1666723 (81.6572%)
entry 1362000/1666723 (81.7172%)
entry 1363000/1666723 (81.7772%)
entry 1366000/1666723 (81.9572%)
entry 1367000/1666723 (82.0172%)
entry 1370000/1666723 (82.1972%)
entry 1371000/1666723 (82.2572%)
entry 1372000/1666723 (82.3172%)
entry 1373000/1666723 (82.3772%)
entry 1375000/1666723 (82.4972%)
entry 1376000/1666723 (82.5572%)
entry 1377000/1666723 (82.6172%)
entry 1378000/1666723 (82.6772%)
entry 1381000/1666723 (82.8572%)
entry 1382000/1666723 (82.9172%)
entry 1385000/1666723 (83.0972%)
entry 1386000/1666723 (83.1572%)
entry 1387000/1666723 (83.2172%)
entry 1388000/1666723 (83.2772%)
entry 1389000/1666723 (83.3372%)
entry 1391000/1666723 (83.4572%)
entry 1392000/1666723 (83.5172%)
entry 1393000/1666723 (83.5772%)
entry 1394000/1666723 (83.6372%)
entry 1395000/1666723 (83.6972%)
entry 1396000/1666723 (83.7572%)
entry 1398000/1666723 (83.8772%)
entry 1400000/1666723 (83.9972%)
entry 1401000/1666723 (84.0572%)
entry 1402000/1666723 (84.1172%)
entry 1403000/1666723 (84.1772%)
entry 1404000/1666723 (84.2372%)
entry 1405000/1666723 (84.2972%)
entry 1408000/1666723 (84.4771%)
entry 1409000/1666723 (84.5371%)
entry 1412000/1666723 (84.7171%)
entry 1413000/1666723 (84.7771%)
entry 1414000/1666723 (84.8371%)
entry 1416000/1666723 (84.9571%)
entry 1417000/1666723 (85.0171%)
entry 1419000/1666723 (85.1371%)
entry 1420000/1666723 (85.1971%)
entry 1422000/1666723 (85.3171%)
entry 1423000/1666723 (85.3771%)
entry 1424000/1666723 (85.4371%)
entry 1425000/1666723 (85.4971%)
entry 1426000/1666723 (85.5571%)
entry 1427000/1666723 (85.6171%)
entry 1429000/1666723 (85.7371%)
entry 1431000/1666723 (85.8571%)
entry 1432000/1666723 (85.9171%)
entry 1433000/1666723 (85.9771%)
entry 1434000/1666723 (86.0371%)
entry 1435000/1666723 (86.0971%)
entry 1436000/1666723 (86.1571%)
entry 1437000/1666723 (86.2171%)
entry 1438000/1666723 (86.2771%)
entry 1439000/1666723 (86.3371%)
entry 1442000/1666723 (86.5171%)
entry 1443000/1666723 (86.5771%)
entry 1444000/1666723 (86.6371%)
entry 1446000/1666723 (86.7571%)
entry 1448000/1666723 (86.8771%)
entry 1449000/1666723 (86.9371%)
entry 1450000/1666723 (86.9971%)
entry 1451000/1666723 (87.0571%)
entry 1452000/1666723 (87.1171%)
entry 1453000/1666723 (87.1771%)
entry 1454000/1666723 (87.2371%)
entry 1455000/1666723 (87.2971%)
entry 1456000/1666723 (87.3571%)
entry 1457000/1666723 (87.417%)
entry 1458000/1666723 (87.477%)
entry 1459000/1666723 (87.537%)
entry 1460000/1666723 (87.597%)
entry 1461000/1666723 (87.657%)
entry 1463000/1666723 (87.777%)
entry 1465000/1666723 (87.897%)
entry 1466000/1666723 (87.957%)
entry 1467000/1666723 (88.017%)
entry 1468000/1666723 (88.077%)
entry 1471000/1666723 (88.257%)
entry 1473000/1666723 (88.377%)
entry 1475000/1666723 (88.497%)
entry 1476000/1666723 (88.557%)
entry 1477000/1666723 (88.617%)
entry 1478000/1666723 (88.677%)
entry 1480000/1666723 (88.797%)
entry 1481000/1666723 (88.857%)
entry 1483000/1666723 (88.977%)
entry 1484000/1666723 (89.037%)
entry 1486000/1666723 (89.157%)
entry 1487000/1666723 (89.217%)
entry 1488000/1666723 (89.277%)
entry 1491000/1666723 (89.457%)
entry 1492000/1666723 (89.517%)
entry 1494000/1666723 (89.637%)
entry 1495000/1666723 (89.697%)
entry 1496000/1666723 (89.757%)
entry 1497000/1666723 (89.817%)
entry 1498000/1666723 (89.877%)
entry 1499000/1666723 (89.937%)
entry 1500000/1666723 (89.997%)
entry 1502000/1666723 (90.117%)
entry 1503000/1666723 (90.177%)
entry 1504000/1666723 (90.2369%)
entry 1505000/1666723 (90.2969%)
entry 1506000/1666723 (90.3569%)
entry 1507000/1666723 (90.4169%)
entry 1508000/1666723 (90.4769%)
entry 1509000/1666723 (90.5369%)
entry 1511000/1666723 (90.6569%)
entry 1512000/1666723 (90.7169%)
entry 1513000/1666723 (90.7769%)
entry 1514000/1666723 (90.8369%)
entry 1515000/1666723 (90.8969%)
entry 1517000/1666723 (91.0169%)
entry 1518000/1666723 (91.0769%)
entry 1519000/1666723 (91.1369%)
entry 1520000/1666723 (91.1969%)
entry 1521000/1666723 (91.2569%)
entry 1522000/1666723 (91.3169%)
entry 1523000/1666723 (91.3769%)
entry 1525000/1666723 (91.4969%)
entry 1526000/1666723 (91.5569%)
entry 1528000/1666723 (91.6769%)
entry 1529000/1666723 (91.7369%)
entry 1530000/1666723 (91.7969%)
entry 1531000/1666723 (91.8569%)
entry 1532000/1666723 (91.9169%)
entry 1533000/1666723 (91.9769%)
entry 1534000/1666723 (92.0369%)
entry 1535000/1666723 (92.0969%)
entry 1536000/1666723 (92.1569%)
entry 1537000/1666723 (92.2169%)
entry 1539000/1666723 (92.3369%)
entry 1540000/1666723 (92.3969%)
entry 1541000/1666723 (92.4569%)
entry 1542000/1666723 (92.5169%)
entry 1544000/1666723 (92.6369%)
entry 1545000/1666723 (92.6969%)
entry 1547000/1666723 (92.8169%)
entry 1548000/1666723 (92.8769%)
entry 1549000/1666723 (92.9369%)
entry 1551000/1666723 (93.0569%)
entry 1552000/1666723 (93.1169%)
entry 1553000/1666723 (93.1768%)
entry 1554000/1666723 (93.2368%)
entry 1555000/1666723 (93.2968%)
entry 1556000/1666723 (93.3568%)
entry 1558000/1666723 (93.4768%)
entry 1559000/1666723 (93.5368%)
entry 1561000/1666723 (93.6568%)
entry 1564000/1666723 (93.8368%)
entry 1565000/1666723 (93.8968%)
entry 1566000/1666723 (93.9568%)
entry 1567000/1666723 (94.0168%)
entry 1568000/1666723 (94.0768%)
entry 1569000/1666723 (94.1368%)
entry 1570000/1666723 (94.1968%)
entry 1572000/1666723 (94.3168%)
entry 1573000/1666723 (94.3768%)
entry 1574000/1666723 (94.4368%)
entry 1576000/1666723 (94.5568%)
entry 1577000/1666723 (94.6168%)
entry 1578000/1666723 (94.6768%)
entry 1579000/1666723 (94.7368%)
entry 1580000/1666723 (94.7968%)
entry 1581000/1666723 (94.8568%)
entry 1583000/1666723 (94.9768%)
entry 1584000/1666723 (95.0368%)
entry 1585000/1666723 (95.0968%)
entry 1586000/1666723 (95.1568%)
entry 1587000/1666723 (95.2168%)
entry 1589000/1666723 (95.3368%)
entry 1590000/1666723 (95.3968%)
entry 1591000/1666723 (95.4568%)
entry 1593000/1666723 (95.5768%)
entry 1594000/1666723 (95.6368%)
entry 1595000/1666723 (95.6968%)
entry 1596000/1666723 (95.7568%)
entry 1597000/1666723 (95.8168%)
entry 1598000/1666723 (95.8768%)
entry 1599000/1666723 (95.9368%)
entry 1600000/1666723 (95.9968%)
entry 1601000/1666723 (96.0568%)
entry 1602000/1666723 (96.1168%)
entry 1603000/1666723 (96.1767%)
entry 1605000/1666723 (96.2967%)
entry 1608000/1666723 (96.4767%)
entry 1609000/1666723 (96.5367%)
entry 1610000/1666723 (96.5967%)
entry 1611000/1666723 (96.6567%)
entry 1614000/1666723 (96.8367%)
entry 1616000/1666723 (96.9567%)
entry 1617000/1666723 (97.0167%)
entry 1618000/1666723 (97.0767%)
entry 1619000/1666723 (97.1367%)
entry 1620000/1666723 (97.1967%)
entry 1621000/1666723 (97.2567%)
entry 1622000/1666723 (97.3167%)
entry 1623000/1666723 (97.3767%)
entry 1625000/1666723 (97.4967%)
entry 1626000/1666723 (97.5567%)
entry 1627000/1666723 (97.6167%)
entry 1628000/1666723 (97.6767%)
entry 1629000/1666723 (97.7367%)
entry 1631000/1666723 (97.8567%)
entry 1634000/1666723 (98.0367%)
entry 1635000/1666723 (98.0967%)
entry 1636000/1666723 (98.1567%)
entry 1639000/1666723 (98.3367%)
entry 1640000/1666723 (98.3967%)
entry 1641000/1666723 (98.4567%)
entry 1642000/1666723 (98.5167%)
entry 1643000/1666723 (98.5767%)
entry 1644000/1666723 (98.6367%)
entry 1645000/1666723 (98.6967%)
entry 1647000/1666723 (98.8167%)
entry 1648000/1666723 (98.8767%)
entry 1649000/1666723 (98.9367%)
entry 1650000/1666723 (98.9967%)
entry 1653000/1666723 (99.1766%)
entry 1654000/1666723 (99.2366%)
entry 1655000/1666723 (99.2966%)
entry 1657000/1666723 (99.4166%)
entry 1658000/1666723 (99.4766%)
entry 1659000/1666723 (99.5366%)
entry 1660000/1666723 (99.5966%)
entry 1662000/1666723 (99.7166%)
entry 1663000/1666723 (99.7766%)
entry 1664000/1666723 (99.8366%)
entry 1666000/1666723 (99.9566%)
all done
script done
