sphnx1001.sdcc.bnl.gov
rsyncing from /gpfs/mnt/gpfs02/sphenix/user/samfred/run25/ppg11/histmaking
running: /gpfs/mnt/gpfs02/sphenix/user/samfred/run25/ppg11/histmaking/script_data.sh 51576
LD_LIBRARY_PATH now /sphenix/user/samfred/run25/install//lib:/cvmfs/sphenix.sdcc.bnl.gov/alma9.2-gcc-14.2.0/opt/sphenix/core/gcc/14.2.0-2f0a0/x86_64-el9/lib:/cvmfs/sphenix.sdcc.bnl.gov/alma9.2-gcc-14.2.0/opt/sphenix/core/gcc/14.2.0-2f0a0/x86_64-el9/lib64:/cvmfs/sphenix.sdcc.bnl.gov/alma9.2-gcc-14.2.0/opt/sphenix/core/binutils/2.40-acaab/x86_64-el9/lib:.:/cvmfs/sphenix.sdcc.bnl.gov/alma9.2-gcc-14.2.0/release/release_new/new.10/lib64:/cvmfs/sphenix.sdcc.bnl.gov/alma9.2-gcc-14.2.0/release/release_new/new.10/lib:/cvmfs/sphenix.sdcc.bnl.gov/alma9.2-gcc-14.2.0/opt/sphenix/utils/lib:/cvmfs/sphenix.sdcc.bnl.gov/alma9.2-gcc-14.2.0/opt/sphenix/core/lib:/cvmfs/sphenix.sdcc.bnl.gov/alma9.2-gcc-14.2.0/opt/sphenix/core/root-6.32.06/lib:/cvmfs/sphenix.sdcc.bnl.gov/alma9.2-gcc-14.2.0/opt/sphenix/core/geant4.10.07.p04/lib64:/cvmfs/sphenix.sdcc.bnl.gov/alma9.2-gcc-14.2.0/opt/sphenix/core/lhapdf-5.9.1/lib:/usr/local/lib64:/usr/lib64
PATH now /sphenix/user/samfred/run25/install//bin:/cvmfs/sphenix.sdcc.bnl.gov/alma9.2-gcc-14.2.0/opt/sphenix/core/gcc/14.2.0-2f0a0/x86_64-el9/bin:/cvmfs/sphenix.sdcc.bnl.gov/alma9.2-gcc-14.2.0/opt/sphenix/core/binutils/2.40-acaab/x86_64-el9/bin:.:/cvmfs/sphenix.sdcc.bnl.gov/alma9.2-gcc-14.2.0/release/release_new/new.10/bin:/cvmfs/sphenix.sdcc.bnl.gov/alma9.2-gcc-14.2.0/opt/sphenix/utils/bin:/cvmfs/sphenix.sdcc.bnl.gov/alma9.2-gcc-14.2.0/opt/sphenix/core/bin:/cvmfs/sphenix.sdcc.bnl.gov/alma9.2-gcc-14.2.0/opt/sphenix/core/root-6.32.06/bin:/cvmfs/sphenix.sdcc.bnl.gov/alma9.2-gcc-14.2.0/opt/sphenix/core/geant4.10.07.p04/bin:/usr/local/bin:/usr/bin:/usr/local/sbin:/usr/sbin
SINGULARITY_CACHEDIR=/home/condor/local/sphnx/execute/dir_1102401
_CONDOR_CHIRP_CONFIG=/home/condor/local/sphnx/execute/dir_1102401/.chirp.config
_CONDOR_JOB_IWD=/sphenix/user/samfred/run25/ppg11/histmaking
G4ENSDFSTATEDATA=/cvmfs/sphenix.sdcc.bnl.gov/alma9.2-gcc-14.2.0/opt/sphenix/core/geant4.10.07.p04/share/Geant4-10.7.4/data/G4ENSDFSTATE2.3
_CONDOR_MACHINE_AD=/home/condor/local/sphnx/execute/dir_1102401/.machine.ad
ROOT_MAX_THREADS=1
NUMEXPR_NUM_THREADS=1
CUBACORES=1
_CHIRP_DELAYED_UPDATE_PREFIX=Chirp*
OMP_THREAD_LIMIT=1
G4PIIDATA=/cvmfs/sphenix.sdcc.bnl.gov/alma9.2-gcc-14.2.0/opt/sphenix/core/geant4.10.07.p04/share/Geant4-10.7.4/data/G4PII1.3
NO_AT_BRIDGE=1
G4_MAIN=/cvmfs/sphenix.sdcc.bnl.gov/alma9.2-gcc-14.2.0/opt/sphenix/core/geant4.10.07.p04
COMPILER_PATH=/cvmfs/sphenix.sdcc.bnl.gov/alma9.2-gcc-14.2.0/opt/sphenix/core/gcc/14.2.0-2f0a0/x86_64-el9
ROOT_INCLUDE_PATH=./:/sphenix/user/samfred/run25/install//include:/sphenix/user/samfred/run25/install//include/caloana:/sphenix/user/samfred/run25/install//include/qa_centrality:/sphenix/user/samfred/run25/install//include/mbdana:/sphenix/user/samfred/run25/install//include/centrality:/sphenix/user/samfred/run25/install//include/Event:/cvmfs/sphenix.sdcc.bnl.gov/alma9.2-gcc-14.2.0/release/release_new/new.10/include:/cvmfs/sphenix.sdcc.bnl.gov/alma9.2-gcc-14.2.0/release/release_new/new.10/include:/cvmfs/sphenix.sdcc.bnl.gov/alma9.2-gcc-14.2.0/release/release_new/new.10/include/g4mbd:/cvmfs/sphenix.sdcc.bnl.gov/alma9.2-gcc-14.2.0/release/release_new/new.10/include/fmt:/cvmfs/sphenix.sdcc.bnl.gov/alma9.2-gcc-14.2.0/release/release_new/new.10/include/ffarawobjects:/cvmfs/sphenix.sdcc.bnl.gov/alma9.2-gcc-14.2.0/release/release_new/new.10/include/JSON:/cvmfs/sphenix.sdcc.bnl.gov/alma9.2-gcc-14.2.0/release/release_new/new.10/include/calotreegen:/cvmfs/sphenix.sdcc.bnl.gov/alma9.2-gcc-14.2.0/release/release_new/new.10/include/torch:/cvmfs/sphenix.sdcc.bnl.gov/alma9.2-gcc-14.2.0/release/release_new/new.10/include/g4detectors:/cvmfs/sphenix.sdcc.bnl.gov/alma9.2-gcc-14.2.0/release/release_new/new.10/include/kineto:/cvmfs/sphenix.sdcc.bnl.gov/alma9.2-gcc-14.2.0/release/release_new/new.10/include/g4decayer:/cvmfs/sphenix.sdcc.bnl.gov/alma9.2-gcc-14.2.0/release/release_new/new.10/include/kfparticleqa:/cvmfs/sphenix.sdcc.bnl.gov/alma9.2-gcc-14.2.0/release/release_new/new.10/include/phfield:/cvmfs/sphenix.sdcc.bnl.gov/alma9.2-gcc-14.2.0/release/release_new/new.10/include/LHAPDF:/cvmfs/sphenix.sdcc.bnl.gov/alma9.2-gcc-14.2.0/release/release_new/new.10/include/readdigitalcurrents:/cvmfs/sphenix.sdcc.bnl.gov/alma9.2-gcc-14.2.0/release/release_new/new.10/include/c10:/cvmfs/sphenix.sdcc.bnl.gov/alma9.2-gcc-14.2.0/release/release_new/new.10/include/calovalid:/cvmfs/sphenix.sdcc.bnl.gov/alma9.2-gcc-14.2.0/release/release_new/new.10/include/oneapi:/cvmfs/sphenix.sdcc.bnl.gov/alma9.2-gcc-14.2.0/release/release_new/new.10/include/DDCond:/cvmfs/sphenix.sdcc.bnl.gov/alma9.2-gcc-14.2.0/release/release_new/new.10/include/g4tracking:/cvmfs/sphenix.sdcc.bnl.gov/alma9.2-gcc-14.2.0/release/release_new/new.10/include/litecaloeval:/cvmfs/sphenix.sdcc.bnl.gov/alma9.2-gcc-14.2.0/release/release_new/new.10/include/g4intt:/cvmfs/sphenix.sdcc.bnl.gov/alma9.2-gcc-14.2.0/release/release_new/new.10/include/phool:/cvmfs/sphenix.sdcc.bnl.gov/alma9.2-gcc-14.2.0/release/release_new/new.10/include/boost:/cvmfs/sphenix.sdcc.bnl.gov/alma9.2-gcc-14.2.0/release/release_new/new.10/include/Pythia8Plugins:/cvmfs/sphenix.sdcc.bnl.gov/alma9.2-gcc-14.2.0/release/release_new/new.10/include/calib_emc_pi0:/cvmfs/sphenix.sdcc.bnl.gov/alma9.2-gcc-14.2.0/release/release_new/new.10/include/hijingflipafterburner:/cvmfs/sphenix.sdcc.bnl.gov/alma9.2-gcc-14.2.0/release/release_new/new.10/include/ffaobjects:/cvmfs/sphenix.sdcc.bnl.gov/alma9.2-gcc-14.2.0/release/release_new/new.10/include/EvtGenBase:/cvmfs/sphenix.sdcc.bnl.gov/alma9.2-gcc-14.2.0/release/release_new/new.10/include/flowafterburner:/cvmfs/sphenix.sdcc.bnl.gov/alma9.2-gcc-14.2.0/release/release_new/new.10/include/google:/cvmfs/sphenix.sdcc.bnl.gov/alma9.2-gcc-14.2.0/release/release_new/new.10/include/g4tpc:/cvmfs/sphenix.sdcc.bnl.gov/alma9.2-gcc-14.2.0/release/release_new/new.10/include/caffe2:/cvmfs/sphenix.sdcc.bnl.gov/alma9.2-gcc-14.2.0/release/release_new/new.10/include/EvtGenExternal:/cvmfs/sphenix.sdcc.bnl.gov/alma9.2-gcc-14.2.0/release/release_new/new.10/include/fp16:/cvmfs/sphenix.sdcc.bnl.gov/alma9.2-gcc-14.2.0/release/release_new/new.10/include/ffamodules:/cvmfs/sphenix.sdcc.bnl.gov/alma9.2-gcc-14.2.0/release/release_new/new.10/include/uspin:/cvmfs/sphenix.sdcc.bnl.gov/alma9.2-gcc-14.2.0/release/release_new/new.10/include/Herwig:/cvmfs/sphenix.sdcc.bnl.gov/alma9.2-gcc-14.2.0/release/release_new/new.10/include/genfitexp:/cvmfs/sphenix.sdcc.bnl.gov/alma9.2-gcc-14.2.0/release/release_new/new.10/include/XML:/cvmfs/sphenix.sdcc.bnl.gov/alma9.2-gcc-14.2.0/release/release_new/new.10/include/fbgemm:/cvmfs/sphenix.sdcc.bnl.gov/alma9.2-gcc-14.2.0/release/release_new/new.10/include/DDAlign:/cvmfs/sphenix.sdcc.bnl.gov/alma9.2-gcc-14.2.0/release/release_new/new.10/include/g4mvtx:/cvmfs/sphenix.sdcc.bnl.gov/alma9.2-gcc-14.2.0/release/release_new/new.10/include/kfparticle_sphenix:/cvmfs/sphenix.sdcc.bnl.gov/alma9.2-gcc-14.2.0/release/release_new/new.10/include/fun4all:/cvmfs/sphenix.sdcc.bnl.gov/alma9.2-gcc-14.2.0/release/release_new/new.10/include/intt:/cvmfs/sphenix.sdcc.bnl.gov/alma9.2-gcc-14.2.0/release/release_new/new.10/include/eventdisplay:/cvmfs/sphenix.sdcc.bnl.gov/alma9.2-gcc-14.2.0/release/release_new/new.10/include/EvtGen:/cvmfs/sphenix.sdcc.bnl.gov/alma9.2-gcc-14.2.0/release/release_new/new.10/include/Evaluator:/cvmfs/sphenix.sdcc.bnl.gov/alma9.2-gcc-14.2.0/release/release_new/new.10/include/tpc:/cvmfs/sphenix.sdcc.bnl.gov/alma9.2-gcc-14.2.0/release/release_new/new.10/include/GenFit:/cvmfs/sphenix.sdcc.bnl.gov/alma9.2-gcc-14.2.0/release/release_new/new.10/include/prototype4:/cvmfs/sphenix.sdcc.bnl.gov/alma9.2-gcc-14.2.0/release/release_new/new.10/include/caloembedding:/cvmfs/sphenix.sdcc.bnl.gov/alma9.2-gcc-14.2.0/release/release_new/new.10/include/EvtGenModels:/cvmfs/sphenix.sdcc.bnl.gov/alma9.2-gcc-14.2.0/release/release_new/new.10/include/fastjet:/cvmfs/sphenix.sdcc.bnl.gov/alma9.2-gcc-14.2.0/release/release_new/new.10/include/DDG4:/cvmfs/sphenix.sdcc.bnl.gov/alma9.2-gcc-14.2.0/release/release_new/new.10/include/mbd:/cvmfs/sphenix.sdcc.bnl.gov/alma9.2-gcc-14.2.0/release/release_new/new.10/include/tbb:/cvmfs/sphenix.sdcc.bnl.gov/alma9.2-gcc-14.2.0/release/release_new/new.10/include/phgeom:/cvmfs/sphenix.sdcc.bnl.gov/alma9.2-gcc-14.2.0/release/release_new/new.10/include/g4epd:/cvmfs/sphenix.sdcc.bnl.gov/alma9.2-gcc-14.2.0/release/release_new/new.10/include/oncal:/cvmfs/sphenix.sdcc.bnl.gov/alma9.2-gcc-14.2.0/release/release_new/new.10/include/pybind11:/cvmfs/sphenix.sdcc.bnl.gov/alma9.2-gcc-14.2.0/release/release_new/new.10/include/tpcdistgenerator:/cvmfs/sphenix.sdcc.bnl.gov/alma9.2-gcc-14.2.0/release/release_new/new.10/include/cdbobjects:/cvmfs/sphenix.sdcc.bnl.gov/alma9.2-gcc-14.2.0/release/release_new/new.10/include/g4micromegas:/cvmfs/sphenix.sdcc.bnl.gov/alma9.2-gcc-14.2.0/release/release_new/new.10/include/g4eval:/cvmfs/sphenix.sdcc.bnl.gov/alma9.2-gcc-14.2.0/release/release_new/new.10/include/jetbackground:/cvmfs/sphenix.sdcc.bnl.gov/alma9.2-gcc-14.2.0/release/release_new/new.10/include/micromegas:/cvmfs/sphenix.sdcc.bnl.gov/alma9.2-gcc-14.2.0/release/release_new/new.10/include/hftrackefficiency:/cvmfs/sphenix.sdcc.bnl.gov/alma9.2-gcc-14.2.0/release/release_new/new.10/include/inttrawhitqa:/cvmfs/sphenix.sdcc.bnl.gov/alma9.2-gcc-14.2.0/release/release_new/new.10/include/centrality:/cvmfs/sphenix.sdcc.bnl.gov/alma9.2-gcc-14.2.0/release/release_new/new.10/include/epd:/cvmfs/sphenix.sdcc.bnl.gov/alma9.2-gcc-14.2.0/release/release_new/new.10/include/caloreco:/cvmfs/sphenix.sdcc.bnl.gov/alma9.2-gcc-14.2.0/release/release_new/new.10/include/HepMC:/cvmfs/sphenix.sdcc.bnl.gov/alma9.2-gcc-14.2.0/release/release_new/new.10/include/CLHEP:/cvmfs/sphenix.sdcc.bnl.gov/alma9.2-gcc-14.2.0/release/release_new/new.10/include/Acts:/cvmfs/sphenix.sdcc.bnl.gov/alma9.2-gcc-14.2.0/release/release_new/new.10/include/g4histos:/cvmfs/sphenix.sdcc.bnl.gov/alma9.2-gcc-14.2.0/release/release_new/new.10/include/eventplaneinfo:/cvmfs/sphenix.sdcc.bnl.gov/alma9.2-gcc-14.2.0/release/release_new/new.10/include/fillspacechargemaps:/cvmfs/sphenix.sdcc.bnl.gov/alma9.2-gcc-14.2.0/release/release_new/new.10/include/phhepmc:/cvmfs/sphenix.sdcc.bnl.gov/alma9.2-gcc-14.2.0/release/release_new/new.10/include/trackingqa:/cvmfs/sphenix.sdcc.bnl.gov/alma9.2-gcc-14.2.0/release/release_new/new.10/include/qautils:/cvmfs/sphenix.sdcc.bnl.gov/alma9.2-gcc-14.2.0/release/release_new/new.10/include/trackreco:/cvmfs/sphenix.sdcc.bnl.gov/alma9.2-gcc-14.2.0/release/release_new/new.10/include/g4ohcal:/cvmfs/sphenix.sdcc.bnl.gov/alma9.2-gcc-14.2.0/release/release_new/new.10/include/tpcdvcalib:/cvmfs/sphenix.sdcc.bnl.gov/alma9.2-gcc-14.2.0/release/release_new/new.10/include/zdcinfo:/cvmfs/sphenix.sdcc.bnl.gov/alma9.2-gcc-14.2.0/release/release_new/new.10/include/phpythia8:/cvmfs/sphenix.sdcc.bnl.gov/alma9.2-gcc-14.2.0/release/release_new/new.10/include/fun4allutils:/cvmfs/sphenix.sdcc.bnl.gov/alma9.2-gcc-14.2.0/release/release_new/new.10/include/tpcqa:/cvmfs/sphenix.sdcc.bnl.gov/alma9.2-gcc-14.2.0/release/release_new/new.10/include/Pythia8:/cvmfs/sphenix.sdcc.bnl.gov/alma9.2-gcc-14.2.0/release/release_new/new.10/include/DDRec:/cvmfs/sphenix.sdcc.bnl.gov/alma9.2-gcc-14.2.0/release/release_new/new.10/include/DDDigi:/cvmfs/sphenix.sdcc.bnl.gov/alma9.2-gcc-14.2.0/release/release_new/new.10/include/g4ihcal:/cvmfs/sphenix.sdcc.bnl.gov/alma9.2-gcc-14.2.0/release/release_new/new.10/include/frog:/cvmfs/sphenix.sdcc.bnl.gov/alma9.2-gcc-14.2.0/release/release_new/new.10/include/eigen3:/cvmfs/sphenix.sdcc.bnl.gov/alma9.2-gcc-14.2.0/release/release_new/new.10/include/tensorpipe:/cvmfs/sphenix.sdcc.bnl.gov/alma9.2-gcc-14.2.0/release/release_new/new.10/include/sphenixnpc:/cvmfs/sphenix.sdcc.bnl.gov/alma9.2-gcc-14.2.0/release/release_new/new.10/include/siscone:/cvmfs/sphenix.sdcc.bnl.gov/alma9.2-gcc-14.2.0/release/release_new/new.10/include/pmonitor:/cvmfs/sphenix.sdcc.bnl.gov/alma9.2-gcc-14.2.0/release/release_new/new.10/include/calobase:/cvmfs/sphenix.sdcc.bnl.gov/alma9.2-gcc-14.2.0/release/release_new/new.10/include/ActsExamples:/cvmfs/sphenix.sdcc.bnl.gov/alma9.2-gcc-14.2.0/release/release_new/new.10/include/g4gdml:/cvmfs/sphenix.sdcc.bnl.gov/alma9.2-gcc-14.2.0/release/release_new/new.10/include/mvtx_decoder:/cvmfs/sphenix.sdcc.bnl.gov/alma9.2-gcc-14.2.0/release/release_new/new.10/include/ROOT:/cvmfs/sphenix.sdcc.bnl.gov/alma9.2-gcc-14.2.0/release/release_new/new.10/include/phparameter:/cvmfs/sphenix.sdcc.bnl.gov/alma9.2-gcc-14.2.0/release/release_new/new.10/include/rsa:/cvmfs/sphenix.sdcc.bnl.gov/alma9.2-gcc-14.2.0/release/release_new/new.10/include/fun4allraw:/cvmfs/sphenix.sdcc.bnl.gov/alma9.2-gcc-14.2.0/release/release_new/new.10/include/trackbase_historic:/cvmfs/sphenix.sdcc.bnl.gov/alma9.2-gcc-14.2.0/release/release_new/new.10/include/g4jets:/cvmfs/sphenix.sdcc.bnl.gov/alma9.2-gcc-14.2.0/release/release_new/new.10/include/jetqa:/cvmfs/sphenix.sdcc.bnl.gov/alma9.2-gcc-14.2.0/release/release_new/new.10/include/phoolraw:/cvmfs/sphenix.sdcc.bnl.gov/alma9.2-gcc-14.2.0/release/release_new/new.10/include/g4calo:/cvmfs/sphenix.sdcc.bnl.gov/alma9.2-gcc-14.2.0/release/release_new/new.10/include/mvtxrawhitqa:/cvmfs/sphenix.sdcc.bnl.gov/alma9.2-gcc-14.2.0/release/release_new/new.10/include/HepMC3:/cvmfs/sphenix.sdcc.bnl.gov/alma9.2-gcc-14.2.0/release/release_new/new.10/include/calowaveformsim:/cvmfs/sphenix.sdcc.bnl.gov/alma9.2-gcc-14.2.0/release/release_new/new.10/include/g4caloprototype:/cvmfs/sphenix.sdcc.bnl.gov/alma9.2-gcc-14.2.0/release/release_new/new.10/include/pdbcalbase:/cvmfs/sphenix.sdcc.bnl.gov/alma9.2-gcc-14.2.0/release/release_new/new.10/include/gsl:/cvmfs/sphenix.sdcc.bnl.gov/alma9.2-gcc-14.2.0/release/release_new/new.10/include/nodedump:/cvmfs/sphenix.sdcc.bnl.gov/alma9.2-gcc-14.2.0/release/release_new/new.10/include/emcnoisytowerfinder:/cvmfs/sphenix.sdcc.bnl.gov/alma9.2-gcc-14.2.0/release/release_new/new.10/include/ActsFatras:/cvmfs/sphenix.sdcc.bnl.gov/alma9.2-gcc-14.2.0/release/release_new/new.10/include/ffarawmodules:/cvmfs/sphenix.sdcc.bnl.gov/alma9.2-gcc-14.2.0/release/release_new/new.10/include/Event:/cvmfs/sphenix.sdcc.bnl.gov/alma9.2-gcc-14.2.0/release/release_new/new.10/include/prototype3:/cvmfs/sphenix.sdcc.bnl.gov/alma9.2-gcc-14.2.0/release/release_new/new.10/include/fermimotionafterburner:/cvmfs/sphenix.sdcc.bnl.gov/alma9.2-gcc-14.2.0/release/release_new/new.10/include/Photos:/cvmfs/sphenix.sdcc.bnl.gov/alma9.2-gcc-14.2.0/release/release_new/new.10/include/xingshiftcal:/cvmfs/sphenix.sdcc.bnl.gov/alma9.2-gcc-14.2.0/release/release_new/new.10/include/trackbase:/cvmfs/sphenix.sdcc.bnl.gov/alma9.2-gcc-14.2.0/release/release_new/new.10/include/jetdstskimmer:/cvmfs/sphenix.sdcc.bnl.gov/alma9.2-gcc-14.2.0/release/release_new/new.10/include/clusteriso:/cvmfs/sphenix.sdcc.bnl.gov/alma9.2-gcc-14.2.0/release/release_new/new.10/include/asmjit:/cvmfs/sphenix.sdcc.bnl.gov/alma9.2-gcc-14.2.0/release/release_new/new.10/include/particleflowreco:/cvmfs/sphenix.sdcc.bnl.gov/alma9.2-gcc-14.2.0/release/release_new/new.10/include/tpchittrackdisplay:/cvmfs/sphenix.sdcc.bnl.gov/alma9.2-gcc-14.2.0/release/release_new/new.10/include/caloana:/cvmfs/sphenix.sdcc.bnl.gov/alma9.2-gcc-14.2.0/release/release_new/new.10/include/calotrigger:/cvmfs/sphenix.sdcc.bnl.gov/alma9.2-gcc-14.2.0/release/release_new/new.10/include/nopayloadclient:/cvmfs/sphenix.sdcc.bnl.gov/alma9.2-gcc-14.2.0/release/release_new/new.10/include/trackermillepedealignment:/cvmfs/sphenix.sdcc.bnl.gov/alma9.2-gcc-14.2.0/release/release_new/new.10/include/DD4hep:/cvmfs/sphenix.sdcc.bnl.gov/alma9.2-gcc-14.2.0/release/release_new/new.10/include/g4trackfastsim:/cvmfs/sphenix.sdcc.bnl.gov/alma9.2-gcc-14.2.0/release/release_new/new.10/include/prototype2:/cvmfs/sphenix.sdcc.bnl.gov/alma9.2-gcc-14.2.0/release/release_new/new.10/include/ATen:/cvmfs/sphenix.sdcc.bnl.gov/alma9.2-gcc-14.2.0/release/release_new/new.10/include/g4main:/cvmfs/sphenix.sdcc.bnl.gov/alma9.2-gcc-14.2.0/release/release_new/new.10/include/Tauola:/cvmfs/sphenix.sdcc.bnl.gov/alma9.2-gcc-14.2.0/release/release_new/new.10/include/inttcalib:/cvmfs/sphenix.sdcc.bnl.gov/alma9.2-gcc-14.2.0/release/release_new/new.10/include/reactionplaneafterburner:/cvmfs/sphenix.sdcc.bnl.gov/alma9.2-gcc-14.2.0/release/release_new/new.10/include/globalqa:/cvmfs/sphenix.sdcc.bnl.gov/alma9.2-gcc-14.2.0/release/release_new/new.10/include/tpccalib:/cvmfs/sphenix.sdcc.bnl.gov/alma9.2-gcc-14.2.0/release/release_new/new.10/include/DDSegmentation:/cvmfs/sphenix.sdcc.bnl.gov/alma9.2-gcc-14.2.0/release/release_new/new.10/include/decayfinder:/cvmfs/sphenix.sdcc.bnl.gov/alma9.2-gcc-14.2.0/release/release_new/new.10/include/compressclus:/cvmfs/sphenix.sdcc.bnl.gov/alma9.2-gcc-14.2.0/release/release_new/new.10/include/simqa_modules:/cvmfs/sphenix.sdcc.bnl.gov/alma9.2-gcc-14.2.0/release/release_new/new.10/include/resonancejettagging:/cvmfs/sphenix.sdcc.bnl.gov/alma9.2-gcc-14.2.0/release/release_new/new.10/include/g4centrality:/cvmfs/sphenix.sdcc.bnl.gov/alma9.2-gcc-14.2.0/release/release_new/new.10/include/mvtx:/cvmfs/sphenix.sdcc.bnl.gov/alma9.2-gcc-14.2.0/release/release_new/new.10/include/nlohmann:/cvmfs/sphenix.sdcc.bnl.gov/alma9.2-gcc-14.2.0/release/release_new/new.10/include/localpoloffmon:/cvmfs/sphenix.sdcc.bnl.gov/alma9.2-gcc-14.2.0/release/release_new/new.10/include/DDEve:/cvmfs/sphenix.sdcc.bnl.gov/alma9.2-gcc-14.2.0/release/release_new/new.10/include/Parsers:/cvmfs/sphenix.sdcc.bnl.gov/alma9.2-gcc-14.2.0/release/release_new/new.10/include/trackingdiagnostics:/cvmfs/sphenix.sdcc.bnl.gov/alma9.2-gcc-14.2.0/release/release_new/new.10/include/g4vertex:/cvmfs/sphenix.sdcc.bnl.gov/alma9.2-gcc-14.2.0/release/release_new/new.10/include/jetbase:/cvmfs/sphenix.sdcc.bnl.gov/alma9.2-gcc-14.2.0/release/release_new/new.10/include/globalvertex:/cvmfs/sphenix.sdcc.bnl.gov/alma9.2-gcc-14.2.0/release/release_new/new.10/include/phgenfit:/cvmfs/sphenix.sdcc.bnl.gov/alma9.2-gcc-14.2.0/release/release_new/new.10/include/rawbcolumi:/cvmfs/sphenix.sdcc.bnl.gov/alma9.2-gcc-14.2.0/release/release_new/new.10/include/eicsmear:/cvmfs/sphenix.sdcc.bnl.gov/alma9.2-gcc-14.2.0/release/release_new/new.10/include/mvtxcalib:/cvmfs/sphenix.sdcc.bnl.gov/alma9.2-gcc-14.2.0/release/release_new/new.10/include/tpclinelaserdiode:/cvmfs/sphenix.sdcc.bnl.gov/alma9.2-gcc-14.2.0/release/release_new/new.10/include/hepmcjettrigger:/cvmfs/sphenix.sdcc.bnl.gov/alma9.2-gcc-14.2.0/release/release_new/new.10/include/core:/cvmfs/sphenix.sdcc.bnl.gov/alma9.2-gcc-14.2.0/release/release_new/new.10/include/calo_cdb:/cvmfs/sphenix.sdcc.bnl.gov/alma9.2-gcc-14.2.0/release/release_new/new.10/include/mvtxclustershapesqa:/cvmfs/sphenix.sdcc.bnl.gov/alma9.2-gcc-14.2.0/release/release_new/new.10/include/calopacketskimmer:/cvmfs/sphenix.sdcc.bnl.gov/alma9.2-gcc-14.2.0/opt/sphenix/core/geant4.10.07.p04/include:/cvmfs/sphenix.sdcc.bnl.gov/alma9.2-gcc-14.2.0/release/release_new/new.10/rootmacros:/cvmfs/sphenix.sdcc.bnl.gov/alma9.2-gcc-14.2.0/opt/sphenix/core/include
GSEARCHPATH=.:PG:LUSTRE:RAWDATA
PWD=/gpfs/mnt/gpfs02/sphenix/user/samfred/run25/ppg11/histmaking
LOGNAME=samfred
_CONDOR_JOB_AD=/home/condor/local/sphnx/execute/dir_1102401/.job.ad
MANPATH=/cvmfs/sphenix.sdcc.bnl.gov/alma9.2-gcc-14.2.0/opt/sphenix/core/gcc/14.2.0-2f0a0/x86_64-el9/share/man:/cvmfs/sphenix.sdcc.bnl.gov/alma9.2-gcc-14.2.0/opt/sphenix/core/binutils/2.40-acaab/x86_64-el9/share/man:/cvmfs/sphenix.sdcc.bnl.gov/alma9.2-gcc-14.2.0/release/release_new/new.10/share/man:/cvmfs/sphenix.sdcc.bnl.gov/alma9.2-gcc-14.2.0/opt/sphenix/utils/share/man:/cvmfs/sphenix.sdcc.bnl.gov/alma9.2-gcc-14.2.0/opt/sphenix/core/share/man:/cvmfs/sphenix.sdcc.bnl.gov/alma9.2-gcc-14.2.0/opt/sphenix/core/root-6.32.06/man:/usr/local/share/man:/usr/share/man
PYTHIA8=/cvmfs/sphenix.sdcc.bnl.gov/alma9.2-gcc-14.2.0/release/release_new/new.10/share/Pythia8
G4INCLDATA=/cvmfs/sphenix.sdcc.bnl.gov/alma9.2-gcc-14.2.0/opt/sphenix/core/geant4.10.07.p04/share/Geant4-10.7.4/data/G4INCL1.0
ORIG_PATH=/usr/local/bin:/usr/bin
CXX=/cvmfs/sphenix.sdcc.bnl.gov/alma9.2-gcc-14.2.0/opt/sphenix/core/gcc/14.2.0-2f0a0/x86_64-el9/bin/g++
G4LEDATA=/cvmfs/sphenix.sdcc.bnl.gov/alma9.2-gcc-14.2.0/opt/sphenix/core/geant4.10.07.p04/share/Geant4-10.7.4/data/G4EMLOW7.13
PYTHON_CPU_COUNT=1
OPENBLAS_NUM_THREADS=1
_CONDOR_BIN=/usr/bin
HOME=/sphenix/u/samfred
G4PARTICLEXSDATA=/cvmfs/sphenix.sdcc.bnl.gov/alma9.2-gcc-14.2.0/opt/sphenix/core/geant4.10.07.p04/share/Geant4-10.7.4/data/G4PARTICLEXS3.1.1
ONLINE_MAIN=/cvmfs/sphenix.sdcc.bnl.gov/alma9.2-gcc-14.2.0/release/release_new/new.10
CALIBRATIONROOT=/cvmfs/sphenix.sdcc.bnl.gov/alma9.2-gcc-14.2.0/release/release_new/new.10/share/calibrations
TMPDIR=/tmp
_CONDOR_SCRATCH_DIR=/home/condor/local/sphnx/execute/dir_1102401
PGUSER=phnxrc
NOPAYLOADCLIENT_CONF=/cvmfs/sphenix.sdcc.bnl.gov/alma9.2-gcc-14.2.0/opt/sphenix/core/etc/sPHENIX_newcdb.json
XERCESCROOT=/cvmfs/sphenix.sdcc.bnl.gov/alma9.2-gcc-14.2.0/opt/sphenix/core/geant4.10.07.p04
LHAPATH=/cvmfs/sphenix.sdcc.bnl.gov/alma9.2-gcc-14.2.0/opt/sphenix/core/lhapdf-5.9.1/share/lhapdf/PDFsets
G4NEUTRONHPDATA=/cvmfs/sphenix.sdcc.bnl.gov/alma9.2-gcc-14.2.0/opt/sphenix/core/geant4.10.07.p04/share/Geant4-10.7.4/data/G4NDL4.6
PYTHONPATH=.:/cvmfs/sphenix.sdcc.bnl.gov/alma9.2-gcc-14.2.0/release/release_new/new.10/lib/python3.13/site-packages:/cvmfs/sphenix.sdcc.bnl.gov/alma9.2-gcc-14.2.0/opt/sphenix/core/lib/python3.13/site-packages:/cvmfs/sphenix.sdcc.bnl.gov/alma9.2-gcc-14.2.0/opt/sphenix/core/root-6.32.06/lib
_CONDOR_ANCESTOR_1102401=1106836:1759352722:3127622255
USER=samfred
_CONDOR_ANCESTOR_321049=1102401:1759352722:1639504633
_CONDOR_JOB_PIDS=
TEMP=/tmp
_CONDOR_ANCESTOR_321014=321049:1756523312:2653476975
GOMAXPROCS=1
OFFLINE_MAIN=/cvmfs/sphenix.sdcc.bnl.gov/alma9.2-gcc-14.2.0/release/release_new/new.10
SHLVL=1
TF_NUM_THREADS=1
G4SAIDXSDATA=/cvmfs/sphenix.sdcc.bnl.gov/alma9.2-gcc-14.2.0/opt/sphenix/core/geant4.10.07.p04/share/Geant4-10.7.4/data/G4SAIDDATA2.0
APPTAINER_CACHEDIR=/home/condor/local/sphnx/execute/dir_1102401
ROOTSYS=/cvmfs/sphenix.sdcc.bnl.gov/alma9.2-gcc-14.2.0/opt/sphenix/core/root-6.32.06
BATCH_SYSTEM=HTCondor
_CONDOR_SLOT=slot1_40
LD_LIBRARY_PATH=/sphenix/user/samfred/run25/install//lib:/cvmfs/sphenix.sdcc.bnl.gov/alma9.2-gcc-14.2.0/opt/sphenix/core/gcc/14.2.0-2f0a0/x86_64-el9/lib:/cvmfs/sphenix.sdcc.bnl.gov/alma9.2-gcc-14.2.0/opt/sphenix/core/gcc/14.2.0-2f0a0/x86_64-el9/lib64:/cvmfs/sphenix.sdcc.bnl.gov/alma9.2-gcc-14.2.0/opt/sphenix/core/binutils/2.40-acaab/x86_64-el9/lib:.:/cvmfs/sphenix.sdcc.bnl.gov/alma9.2-gcc-14.2.0/release/release_new/new.10/lib64:/cvmfs/sphenix.sdcc.bnl.gov/alma9.2-gcc-14.2.0/release/release_new/new.10/lib:/cvmfs/sphenix.sdcc.bnl.gov/alma9.2-gcc-14.2.0/opt/sphenix/utils/lib:/cvmfs/sphenix.sdcc.bnl.gov/alma9.2-gcc-14.2.0/opt/sphenix/core/lib:/cvmfs/sphenix.sdcc.bnl.gov/alma9.2-gcc-14.2.0/opt/sphenix/core/root-6.32.06/lib:/cvmfs/sphenix.sdcc.bnl.gov/alma9.2-gcc-14.2.0/opt/sphenix/core/geant4.10.07.p04/lib64:/cvmfs/sphenix.sdcc.bnl.gov/alma9.2-gcc-14.2.0/opt/sphenix/core/lhapdf-5.9.1/lib:/usr/local/lib64:/usr/lib64
OPT_SPHENIX=/cvmfs/sphenix.sdcc.bnl.gov/alma9.2-gcc-14.2.0/opt/sphenix/core
TF_LOOP_PARALLEL_ITERATIONS=1
EVT_LIB=/cvmfs/sphenix.sdcc.bnl.gov/alma9.2-gcc-14.2.0/opt/sphenix/core/root-6.32.06/lib
PGHOST=sphnxdbmaster.sdcc.bnl.gov
OMP_NUM_THREADS=1
G4REALSURFACEDATA=/cvmfs/sphenix.sdcc.bnl.gov/alma9.2-gcc-14.2.0/opt/sphenix/core/geant4.10.07.p04/share/Geant4-10.7.4/data/RealSurface2.2
FC=/cvmfs/sphenix.sdcc.bnl.gov/alma9.2-gcc-14.2.0/opt/sphenix/core/gcc/14.2.0-2f0a0/x86_64-el9/bin/gfortran
G4ABLADATA=/cvmfs/sphenix.sdcc.bnl.gov/alma9.2-gcc-14.2.0/opt/sphenix/core/geant4.10.07.p04/share/Geant4-10.7.4/data/G4ABLA3.1
PARASOFT=doesnotexist
TMP=/tmp
OPT_UTILS=/cvmfs/sphenix.sdcc.bnl.gov/alma9.2-gcc-14.2.0/opt/sphenix/utils
CONFIG_SITE=/cvmfs/sphenix.sdcc.bnl.gov/alma9.2-gcc-14.2.0/opt/sphenix/core/etc/config.site
PATH=/sphenix/user/samfred/run25/install//bin:/cvmfs/sphenix.sdcc.bnl.gov/alma9.2-gcc-14.2.0/opt/sphenix/core/gcc/14.2.0-2f0a0/x86_64-el9/bin:/cvmfs/sphenix.sdcc.bnl.gov/alma9.2-gcc-14.2.0/opt/sphenix/core/binutils/2.40-acaab/x86_64-el9/bin:.:/cvmfs/sphenix.sdcc.bnl.gov/alma9.2-gcc-14.2.0/release/release_new/new.10/bin:/cvmfs/sphenix.sdcc.bnl.gov/alma9.2-gcc-14.2.0/opt/sphenix/utils/bin:/cvmfs/sphenix.sdcc.bnl.gov/alma9.2-gcc-14.2.0/opt/sphenix/core/bin:/cvmfs/sphenix.sdcc.bnl.gov/alma9.2-gcc-14.2.0/opt/sphenix/core/root-6.32.06/bin:/cvmfs/sphenix.sdcc.bnl.gov/alma9.2-gcc-14.2.0/opt/sphenix/core/geant4.10.07.p04/bin:/usr/local/bin:/usr/bin:/usr/local/sbin:/usr/sbin
G4LEVELGAMMADATA=/cvmfs/sphenix.sdcc.bnl.gov/alma9.2-gcc-14.2.0/opt/sphenix/core/geant4.10.07.p04/share/Geant4-10.7.4/data/PhotonEvaporation5.7
CC=/cvmfs/sphenix.sdcc.bnl.gov/alma9.2-gcc-14.2.0/opt/sphenix/core/gcc/14.2.0-2f0a0/x86_64-el9/bin/gcc
G4RADIOACTIVEDATA=/cvmfs/sphenix.sdcc.bnl.gov/alma9.2-gcc-14.2.0/opt/sphenix/core/geant4.10.07.p04/share/Geant4-10.7.4/data/RadioactiveDecay5.6
JULIA_NUM_THREADS=1
MKL_NUM_THREADS=1
LHAPDF_DATA_PATH=/cvmfs/sphenix.sdcc.bnl.gov/alma9.2-gcc-14.2.0/release/release_new/new.10/share/LHAPDF
XPLOAD_CONFIG_DIR=/cvmfs/sphenix.sdcc.bnl.gov/alma9.2-gcc-14.2.0/opt/sphenix/core/etc
OLDPWD=/cvmfs/sphenix.sdcc.bnl.gov/alma9.2-gcc-14.2.0/release/release_new/new.10/geant4
_=/usr/bin/printenv
runnumber...
51576
trigger...

   ------------------------------------------------------------------
  | Welcome to ROOT 6.32.06                        https://root.cern |
  | (c) 1995-2024, The ROOT Team; conception: R. Brun, F. Rademakers |
  | Built for linuxx8664gcc on Dec 13 2024, 17:23:48                 |
  | From tags/6-32-06@6-32-06                                        |
  | With g++ (GCC) 14.2.0                                            |
  | Try '.help'/'.?', '.demo', '.license', '.credits', '.quit'/'.q'  |
   ------------------------------------------------------------------


Processing data_histmaker.C(51576)...
entry 0/839070 (0%)
entry 1000/839070 (0.11918%)
entry 2000/839070 (0.238359%)
entry 3000/839070 (0.357539%)
entry 4000/839070 (0.476718%)
entry 5000/839070 (0.595898%)
entry 6000/839070 (0.715077%)
entry 7000/839070 (0.834257%)
entry 8000/839070 (0.953437%)
entry 9000/839070 (1.07262%)
entry 10000/839070 (1.1918%)
entry 12000/839070 (1.43015%)
entry 14000/839070 (1.66851%)
entry 15000/839070 (1.78769%)
entry 19000/839070 (2.26441%)
entry 22000/839070 (2.62195%)
entry 23000/839070 (2.74113%)
entry 24000/839070 (2.86031%)
entry 25000/839070 (2.97949%)
entry 27000/839070 (3.21785%)
entry 28000/839070 (3.33703%)
entry 29000/839070 (3.45621%)
entry 30000/839070 (3.57539%)
entry 32000/839070 (3.81375%)
entry 33000/839070 (3.93293%)
entry 34000/839070 (4.05211%)
entry 35000/839070 (4.17129%)
entry 36000/839070 (4.29046%)
entry 37000/839070 (4.40964%)
entry 38000/839070 (4.52882%)
entry 39000/839070 (4.648%)
entry 41000/839070 (4.88636%)
entry 43000/839070 (5.12472%)
entry 44000/839070 (5.2439%)
entry 45000/839070 (5.36308%)
entry 46000/839070 (5.48226%)
entry 47000/839070 (5.60144%)
entry 49000/839070 (5.8398%)
entry 50000/839070 (5.95898%)
entry 52000/839070 (6.19734%)
entry 53000/839070 (6.31652%)
entry 58000/839070 (6.91241%)
entry 59000/839070 (7.03159%)
entry 61000/839070 (7.26995%)
entry 63000/839070 (7.50831%)
entry 64000/839070 (7.62749%)
entry 65000/839070 (7.74667%)
entry 66000/839070 (7.86585%)
entry 67000/839070 (7.98503%)
entry 69000/839070 (8.22339%)
entry 72000/839070 (8.58093%)
entry 73000/839070 (8.70011%)
entry 74000/839070 (8.81929%)
entry 76000/839070 (9.05765%)
entry 77000/839070 (9.17683%)
entry 80000/839070 (9.53437%)
entry 81000/839070 (9.65355%)
entry 82000/839070 (9.77272%)
entry 83000/839070 (9.8919%)
entry 84000/839070 (10.0111%)
entry 86000/839070 (10.2494%)
entry 87000/839070 (10.3686%)
entry 89000/839070 (10.607%)
entry 90000/839070 (10.7262%)
entry 91000/839070 (10.8453%)
entry 93000/839070 (11.0837%)
entry 94000/839070 (11.2029%)
entry 95000/839070 (11.3221%)
entry 96000/839070 (11.4412%)
entry 97000/839070 (11.5604%)
entry 98000/839070 (11.6796%)
entry 99000/839070 (11.7988%)
entry 100000/839070 (11.918%)
entry 101000/839070 (12.0371%)
entry 102000/839070 (12.1563%)
entry 103000/839070 (12.2755%)
entry 104000/839070 (12.3947%)
entry 105000/839070 (12.5139%)
entry 106000/839070 (12.633%)
entry 107000/839070 (12.7522%)
entry 109000/839070 (12.9906%)
entry 110000/839070 (13.1098%)
entry 111000/839070 (13.2289%)
entry 112000/839070 (13.3481%)
entry 113000/839070 (13.4673%)
entry 114000/839070 (13.5865%)
entry 115000/839070 (13.7056%)
entry 116000/839070 (13.8248%)
entry 117000/839070 (13.944%)
entry 119000/839070 (14.1824%)
entry 123000/839070 (14.6591%)
entry 124000/839070 (14.7783%)
entry 125000/839070 (14.8974%)
entry 130000/839070 (15.4933%)
entry 131000/839070 (15.6125%)
entry 132000/839070 (15.7317%)
entry 133000/839070 (15.8509%)
entry 134000/839070 (15.9701%)
entry 135000/839070 (16.0892%)
entry 136000/839070 (16.2084%)
entry 137000/839070 (16.3276%)
entry 139000/839070 (16.566%)
entry 140000/839070 (16.6851%)
entry 142000/839070 (16.9235%)
entry 143000/839070 (17.0427%)
entry 145000/839070 (17.281%)
entry 146000/839070 (17.4002%)
entry 148000/839070 (17.6386%)
entry 149000/839070 (17.7578%)
entry 150000/839070 (17.8769%)
entry 151000/839070 (17.9961%)
entry 152000/839070 (18.1153%)
entry 153000/839070 (18.2345%)
entry 154000/839070 (18.3537%)
entry 156000/839070 (18.592%)
entry 157000/839070 (18.7112%)
entry 158000/839070 (18.8304%)
entry 163000/839070 (19.4263%)
entry 164000/839070 (19.5454%)
entry 165000/839070 (19.6646%)
entry 166000/839070 (19.7838%)
entry 167000/839070 (19.903%)
entry 168000/839070 (20.0222%)
entry 169000/839070 (20.1413%)
entry 170000/839070 (20.2605%)
entry 171000/839070 (20.3797%)
entry 174000/839070 (20.7372%)
entry 175000/839070 (20.8564%)
entry 177000/839070 (21.0948%)
entry 178000/839070 (21.214%)
entry 179000/839070 (21.3331%)
entry 180000/839070 (21.4523%)
entry 183000/839070 (21.8099%)
entry 184000/839070 (21.929%)
entry 185000/839070 (22.0482%)
entry 186000/839070 (22.1674%)
entry 187000/839070 (22.2866%)
entry 188000/839070 (22.4058%)
entry 189000/839070 (22.5249%)
entry 190000/839070 (22.6441%)
entry 191000/839070 (22.7633%)
entry 196000/839070 (23.3592%)
entry 198000/839070 (23.5976%)
entry 201000/839070 (23.9551%)
entry 203000/839070 (24.1935%)
entry 204000/839070 (24.3126%)
entry 205000/839070 (24.4318%)
entry 206000/839070 (24.551%)
entry 207000/839070 (24.6702%)
entry 208000/839070 (24.7893%)
entry 209000/839070 (24.9085%)
entry 211000/839070 (25.1469%)
entry 212000/839070 (25.2661%)
entry 213000/839070 (25.3852%)
entry 214000/839070 (25.5044%)
entry 215000/839070 (25.6236%)
entry 216000/839070 (25.7428%)
entry 217000/839070 (25.862%)
entry 218000/839070 (25.9811%)
entry 219000/839070 (26.1003%)
entry 221000/839070 (26.3387%)
entry 222000/839070 (26.4579%)
entry 224000/839070 (26.6962%)
entry 225000/839070 (26.8154%)
entry 226000/839070 (26.9346%)
entry 227000/839070 (27.0538%)
entry 229000/839070 (27.2921%)
entry 230000/839070 (27.4113%)
entry 233000/839070 (27.7688%)
entry 234000/839070 (27.888%)
entry 236000/839070 (28.1264%)
entry 239000/839070 (28.4839%)
entry 240000/839070 (28.6031%)
entry 241000/839070 (28.7223%)
entry 242000/839070 (28.8415%)
entry 243000/839070 (28.9606%)
entry 244000/839070 (29.0798%)
entry 245000/839070 (29.199%)
entry 246000/839070 (29.3182%)
entry 247000/839070 (29.4374%)
entry 248000/839070 (29.5565%)
entry 249000/839070 (29.6757%)
entry 250000/839070 (29.7949%)
entry 251000/839070 (29.9141%)
entry 253000/839070 (30.1524%)
entry 254000/839070 (30.2716%)
entry 255000/839070 (30.3908%)
entry 256000/839070 (30.51%)
entry 257000/839070 (30.6291%)
entry 258000/839070 (30.7483%)
entry 260000/839070 (30.9867%)
entry 261000/839070 (31.1059%)
entry 262000/839070 (31.225%)
entry 263000/839070 (31.3442%)
entry 264000/839070 (31.4634%)
entry 265000/839070 (31.5826%)
entry 266000/839070 (31.7018%)
entry 267000/839070 (31.8209%)
entry 268000/839070 (31.9401%)
entry 270000/839070 (32.1785%)
entry 272000/839070 (32.4168%)
entry 273000/839070 (32.536%)
entry 275000/839070 (32.7744%)
entry 277000/839070 (33.0127%)
entry 279000/839070 (33.2511%)
entry 280000/839070 (33.3703%)
entry 282000/839070 (33.6086%)
entry 283000/839070 (33.7278%)
entry 284000/839070 (33.847%)
entry 285000/839070 (33.9662%)
entry 286000/839070 (34.0854%)
entry 287000/839070 (34.2045%)
entry 288000/839070 (34.3237%)
entry 289000/839070 (34.4429%)
entry 291000/839070 (34.6813%)
entry 293000/839070 (34.9196%)
entry 294000/839070 (35.0388%)
entry 295000/839070 (35.158%)
entry 296000/839070 (35.2772%)
entry 297000/839070 (35.3963%)
entry 299000/839070 (35.6347%)
entry 300000/839070 (35.7539%)
entry 303000/839070 (36.1114%)
entry 304000/839070 (36.2306%)
entry 307000/839070 (36.5881%)
entry 308000/839070 (36.7073%)
entry 309000/839070 (36.8265%)
entry 310000/839070 (36.9457%)
entry 311000/839070 (37.0648%)
entry 313000/839070 (37.3032%)
entry 314000/839070 (37.4224%)
entry 315000/839070 (37.5416%)
entry 316000/839070 (37.6607%)
entry 317000/839070 (37.7799%)
entry 318000/839070 (37.8991%)
entry 319000/839070 (38.0183%)
entry 321000/839070 (38.2566%)
entry 322000/839070 (38.3758%)
entry 323000/839070 (38.495%)
entry 324000/839070 (38.6142%)
entry 325000/839070 (38.7334%)
entry 326000/839070 (38.8525%)
entry 327000/839070 (38.9717%)
entry 328000/839070 (39.0909%)
entry 331000/839070 (39.4484%)
entry 332000/839070 (39.5676%)
entry 333000/839070 (39.6868%)
entry 334000/839070 (39.806%)
entry 335000/839070 (39.9252%)
entry 336000/839070 (40.0443%)
entry 337000/839070 (40.1635%)
entry 339000/839070 (40.4019%)
entry 340000/839070 (40.5211%)
entry 341000/839070 (40.6402%)
entry 342000/839070 (40.7594%)
entry 344000/839070 (40.9978%)
entry 345000/839070 (41.1169%)
entry 347000/839070 (41.3553%)
entry 348000/839070 (41.4745%)
entry 350000/839070 (41.7128%)
entry 351000/839070 (41.832%)
entry 353000/839070 (42.0704%)
entry 355000/839070 (42.3087%)
entry 356000/839070 (42.4279%)
entry 357000/839070 (42.5471%)
entry 358000/839070 (42.6663%)
entry 359000/839070 (42.7855%)
entry 361000/839070 (43.0238%)
entry 362000/839070 (43.143%)
entry 363000/839070 (43.2622%)
entry 364000/839070 (43.3814%)
entry 365000/839070 (43.5005%)
entry 366000/839070 (43.6197%)
entry 367000/839070 (43.7389%)
entry 368000/839070 (43.8581%)
entry 369000/839070 (43.9773%)
entry 370000/839070 (44.0964%)
entry 372000/839070 (44.3348%)
entry 373000/839070 (44.454%)
entry 374000/839070 (44.5732%)
entry 375000/839070 (44.6923%)
entry 376000/839070 (44.8115%)
entry 380000/839070 (45.2882%)
entry 381000/839070 (45.4074%)
entry 382000/839070 (45.5266%)
entry 383000/839070 (45.6458%)
entry 384000/839070 (45.765%)
entry 385000/839070 (45.8841%)
entry 387000/839070 (46.1225%)
entry 388000/839070 (46.2417%)
entry 389000/839070 (46.3609%)
entry 390000/839070 (46.48%)
entry 391000/839070 (46.5992%)
entry 392000/839070 (46.7184%)
entry 393000/839070 (46.8376%)
entry 396000/839070 (47.1951%)
entry 397000/839070 (47.3143%)
entry 398000/839070 (47.4335%)
entry 399000/839070 (47.5526%)
entry 400000/839070 (47.6718%)
entry 401000/839070 (47.791%)
entry 402000/839070 (47.9102%)
entry 403000/839070 (48.0294%)
entry 405000/839070 (48.2677%)
entry 406000/839070 (48.3869%)
entry 407000/839070 (48.5061%)
entry 408000/839070 (48.6253%)
entry 409000/839070 (48.7444%)
entry 410000/839070 (48.8636%)
entry 411000/839070 (48.9828%)
entry 412000/839070 (49.102%)
entry 413000/839070 (49.2212%)
entry 414000/839070 (49.3403%)
entry 415000/839070 (49.4595%)
entry 416000/839070 (49.5787%)
entry 417000/839070 (49.6979%)
entry 418000/839070 (49.8171%)
entry 419000/839070 (49.9362%)
entry 420000/839070 (50.0554%)
entry 421000/839070 (50.1746%)
entry 423000/839070 (50.413%)
entry 424000/839070 (50.5321%)
entry 425000/839070 (50.6513%)
entry 426000/839070 (50.7705%)
entry 427000/839070 (50.8897%)
entry 429000/839070 (51.128%)
entry 431000/839070 (51.3664%)
entry 432000/839070 (51.4856%)
entry 433000/839070 (51.6048%)
entry 434000/839070 (51.7239%)
entry 435000/839070 (51.8431%)
entry 437000/839070 (52.0815%)
entry 438000/839070 (52.2007%)
entry 439000/839070 (52.3198%)
entry 440000/839070 (52.439%)
entry 441000/839070 (52.5582%)
entry 442000/839070 (52.6774%)
entry 443000/839070 (52.7965%)
entry 444000/839070 (52.9157%)
entry 445000/839070 (53.0349%)
entry 448000/839070 (53.3924%)
entry 449000/839070 (53.5116%)
entry 450000/839070 (53.6308%)
entry 451000/839070 (53.75%)
entry 452000/839070 (53.8692%)
entry 453000/839070 (53.9883%)
entry 455000/839070 (54.2267%)
entry 456000/839070 (54.3459%)
entry 459000/839070 (54.7034%)
entry 460000/839070 (54.8226%)
entry 461000/839070 (54.9418%)
entry 462000/839070 (55.061%)
entry 463000/839070 (55.1801%)
entry 464000/839070 (55.2993%)
entry 465000/839070 (55.4185%)
entry 466000/839070 (55.5377%)
entry 467000/839070 (55.6569%)
entry 468000/839070 (55.776%)
entry 472000/839070 (56.2528%)
entry 473000/839070 (56.3719%)
entry 474000/839070 (56.4911%)
entry 476000/839070 (56.7295%)
entry 477000/839070 (56.8487%)
entry 478000/839070 (56.9678%)
entry 479000/839070 (57.087%)
entry 481000/839070 (57.3254%)
entry 482000/839070 (57.4446%)
entry 483000/839070 (57.5637%)
entry 484000/839070 (57.6829%)
entry 486000/839070 (57.9213%)
entry 487000/839070 (58.0405%)
entry 488000/839070 (58.1596%)
entry 489000/839070 (58.2788%)
entry 490000/839070 (58.398%)
entry 491000/839070 (58.5172%)
entry 493000/839070 (58.7555%)
entry 494000/839070 (58.8747%)
entry 496000/839070 (59.1131%)
entry 497000/839070 (59.2322%)
entry 498000/839070 (59.3514%)
entry 500000/839070 (59.5898%)
entry 501000/839070 (59.709%)
entry 502000/839070 (59.8281%)
entry 504000/839070 (60.0665%)
entry 505000/839070 (60.1857%)
entry 506000/839070 (60.3049%)
entry 508000/839070 (60.5432%)
entry 509000/839070 (60.6624%)
entry 510000/839070 (60.7816%)
entry 511000/839070 (60.9008%)
entry 513000/839070 (61.1391%)
entry 514000/839070 (61.2583%)
entry 515000/839070 (61.3775%)
entry 516000/839070 (61.4967%)
entry 517000/839070 (61.6158%)
entry 518000/839070 (61.735%)
entry 520000/839070 (61.9734%)
entry 521000/839070 (62.0926%)
entry 522000/839070 (62.2117%)
entry 523000/839070 (62.3309%)
entry 524000/839070 (62.4501%)
entry 525000/839070 (62.5693%)
entry 526000/839070 (62.6885%)
entry 527000/839070 (62.8076%)
entry 529000/839070 (63.046%)
entry 530000/839070 (63.1652%)
entry 531000/839070 (63.2843%)
entry 533000/839070 (63.5227%)
entry 534000/839070 (63.6419%)
entry 536000/839070 (63.8802%)
entry 537000/839070 (63.9994%)
entry 538000/839070 (64.1186%)
entry 540000/839070 (64.357%)
entry 541000/839070 (64.4761%)
entry 542000/839070 (64.5953%)
entry 544000/839070 (64.8337%)
entry 545000/839070 (64.9529%)
entry 546000/839070 (65.072%)
entry 548000/839070 (65.3104%)
entry 549000/839070 (65.4296%)
entry 550000/839070 (65.5488%)
entry 551000/839070 (65.6679%)
entry 553000/839070 (65.9063%)
entry 554000/839070 (66.0255%)
entry 555000/839070 (66.1447%)
entry 556000/839070 (66.2638%)
entry 558000/839070 (66.5022%)
entry 559000/839070 (66.6214%)
entry 560000/839070 (66.7406%)
entry 562000/839070 (66.9789%)
entry 563000/839070 (67.0981%)
entry 564000/839070 (67.2173%)
entry 565000/839070 (67.3365%)
entry 566000/839070 (67.4556%)
entry 567000/839070 (67.5748%)
entry 568000/839070 (67.694%)
entry 569000/839070 (67.8132%)
entry 571000/839070 (68.0515%)
entry 572000/839070 (68.1707%)
entry 573000/839070 (68.2899%)
entry 574000/839070 (68.4091%)
entry 577000/839070 (68.7666%)
entry 579000/839070 (69.005%)
entry 580000/839070 (69.1242%)
entry 581000/839070 (69.2433%)
entry 582000/839070 (69.3625%)
entry 583000/839070 (69.4817%)
entry 585000/839070 (69.72%)
entry 586000/839070 (69.8392%)
entry 588000/839070 (70.0776%)
entry 589000/839070 (70.1968%)
entry 592000/839070 (70.5543%)
entry 593000/839070 (70.6735%)
entry 595000/839070 (70.9118%)
entry 598000/839070 (71.2694%)
entry 599000/839070 (71.3886%)
entry 600000/839070 (71.5077%)
entry 601000/839070 (71.6269%)
entry 602000/839070 (71.7461%)
entry 603000/839070 (71.8653%)
entry 605000/839070 (72.1036%)
entry 606000/839070 (72.2228%)
entry 607000/839070 (72.342%)
entry 608000/839070 (72.4612%)
entry 609000/839070 (72.5804%)
entry 610000/839070 (72.6995%)
entry 611000/839070 (72.8187%)
entry 612000/839070 (72.9379%)
entry 615000/839070 (73.2954%)
entry 616000/839070 (73.4146%)
entry 617000/839070 (73.5338%)
entry 618000/839070 (73.653%)
entry 619000/839070 (73.7722%)
entry 620000/839070 (73.8913%)
entry 621000/839070 (74.0105%)
entry 622000/839070 (74.1297%)
entry 624000/839070 (74.368%)
all done
script done
