sphnx1132.sdcc.bnl.gov
rsyncing from /gpfs/mnt/gpfs02/sphenix/user/samfred/run25/ppg11/histmaking
running: /gpfs/mnt/gpfs02/sphenix/user/samfred/run25/ppg11/histmaking/script_data.sh 51619
LD_LIBRARY_PATH now /sphenix/user/samfred/run25/install//lib:/cvmfs/sphenix.sdcc.bnl.gov/alma9.2-gcc-14.2.0/opt/sphenix/core/gcc/14.2.0-2f0a0/x86_64-el9/lib:/cvmfs/sphenix.sdcc.bnl.gov/alma9.2-gcc-14.2.0/opt/sphenix/core/gcc/14.2.0-2f0a0/x86_64-el9/lib64:/cvmfs/sphenix.sdcc.bnl.gov/alma9.2-gcc-14.2.0/opt/sphenix/core/binutils/2.40-acaab/x86_64-el9/lib:.:/cvmfs/sphenix.sdcc.bnl.gov/alma9.2-gcc-14.2.0/release/release_new/new.10/lib64:/cvmfs/sphenix.sdcc.bnl.gov/alma9.2-gcc-14.2.0/release/release_new/new.10/lib:/cvmfs/sphenix.sdcc.bnl.gov/alma9.2-gcc-14.2.0/opt/sphenix/utils/lib:/cvmfs/sphenix.sdcc.bnl.gov/alma9.2-gcc-14.2.0/opt/sphenix/core/lib:/cvmfs/sphenix.sdcc.bnl.gov/alma9.2-gcc-14.2.0/opt/sphenix/core/root-6.32.06/lib:/cvmfs/sphenix.sdcc.bnl.gov/alma9.2-gcc-14.2.0/opt/sphenix/core/geant4.10.07.p04/lib64:/cvmfs/sphenix.sdcc.bnl.gov/alma9.2-gcc-14.2.0/opt/sphenix/core/lhapdf-5.9.1/lib:/usr/local/lib64:/usr/lib64
PATH now /sphenix/user/samfred/run25/install//bin:/cvmfs/sphenix.sdcc.bnl.gov/alma9.2-gcc-14.2.0/opt/sphenix/core/gcc/14.2.0-2f0a0/x86_64-el9/bin:/cvmfs/sphenix.sdcc.bnl.gov/alma9.2-gcc-14.2.0/opt/sphenix/core/binutils/2.40-acaab/x86_64-el9/bin:.:/cvmfs/sphenix.sdcc.bnl.gov/alma9.2-gcc-14.2.0/release/release_new/new.10/bin:/cvmfs/sphenix.sdcc.bnl.gov/alma9.2-gcc-14.2.0/opt/sphenix/utils/bin:/cvmfs/sphenix.sdcc.bnl.gov/alma9.2-gcc-14.2.0/opt/sphenix/core/bin:/cvmfs/sphenix.sdcc.bnl.gov/alma9.2-gcc-14.2.0/opt/sphenix/core/root-6.32.06/bin:/cvmfs/sphenix.sdcc.bnl.gov/alma9.2-gcc-14.2.0/opt/sphenix/core/geant4.10.07.p04/bin:/usr/local/bin:/usr/bin:/usr/local/sbin:/usr/sbin
SINGULARITY_CACHEDIR=/home/condor/local/sphnx/execute/dir_2728753
_CONDOR_CHIRP_CONFIG=/home/condor/local/sphnx/execute/dir_2728753/.chirp.config
_CONDOR_JOB_IWD=/sphenix/user/samfred/run25/ppg11/histmaking
G4ENSDFSTATEDATA=/cvmfs/sphenix.sdcc.bnl.gov/alma9.2-gcc-14.2.0/opt/sphenix/core/geant4.10.07.p04/share/Geant4-10.7.4/data/G4ENSDFSTATE2.3
_CONDOR_MACHINE_AD=/home/condor/local/sphnx/execute/dir_2728753/.machine.ad
ROOT_MAX_THREADS=1
NUMEXPR_NUM_THREADS=1
CUBACORES=1
_CHIRP_DELAYED_UPDATE_PREFIX=Chirp*
OMP_THREAD_LIMIT=1
G4PIIDATA=/cvmfs/sphenix.sdcc.bnl.gov/alma9.2-gcc-14.2.0/opt/sphenix/core/geant4.10.07.p04/share/Geant4-10.7.4/data/G4PII1.3
NO_AT_BRIDGE=1
G4_MAIN=/cvmfs/sphenix.sdcc.bnl.gov/alma9.2-gcc-14.2.0/opt/sphenix/core/geant4.10.07.p04
COMPILER_PATH=/cvmfs/sphenix.sdcc.bnl.gov/alma9.2-gcc-14.2.0/opt/sphenix/core/gcc/14.2.0-2f0a0/x86_64-el9
ROOT_INCLUDE_PATH=./:/sphenix/user/samfred/run25/install//include:/sphenix/user/samfred/run25/install//include/caloana:/sphenix/user/samfred/run25/install//include/qa_centrality:/sphenix/user/samfred/run25/install//include/mbdana:/sphenix/user/samfred/run25/install//include/centrality:/sphenix/user/samfred/run25/install//include/Event:/cvmfs/sphenix.sdcc.bnl.gov/alma9.2-gcc-14.2.0/release/release_new/new.10/include:/cvmfs/sphenix.sdcc.bnl.gov/alma9.2-gcc-14.2.0/release/release_new/new.10/include:/cvmfs/sphenix.sdcc.bnl.gov/alma9.2-gcc-14.2.0/release/release_new/new.10/include/g4mbd:/cvmfs/sphenix.sdcc.bnl.gov/alma9.2-gcc-14.2.0/release/release_new/new.10/include/fmt:/cvmfs/sphenix.sdcc.bnl.gov/alma9.2-gcc-14.2.0/release/release_new/new.10/include/ffarawobjects:/cvmfs/sphenix.sdcc.bnl.gov/alma9.2-gcc-14.2.0/release/release_new/new.10/include/JSON:/cvmfs/sphenix.sdcc.bnl.gov/alma9.2-gcc-14.2.0/release/release_new/new.10/include/calotreegen:/cvmfs/sphenix.sdcc.bnl.gov/alma9.2-gcc-14.2.0/release/release_new/new.10/include/torch:/cvmfs/sphenix.sdcc.bnl.gov/alma9.2-gcc-14.2.0/release/release_new/new.10/include/g4detectors:/cvmfs/sphenix.sdcc.bnl.gov/alma9.2-gcc-14.2.0/release/release_new/new.10/include/kineto:/cvmfs/sphenix.sdcc.bnl.gov/alma9.2-gcc-14.2.0/release/release_new/new.10/include/g4decayer:/cvmfs/sphenix.sdcc.bnl.gov/alma9.2-gcc-14.2.0/release/release_new/new.10/include/kfparticleqa:/cvmfs/sphenix.sdcc.bnl.gov/alma9.2-gcc-14.2.0/release/release_new/new.10/include/phfield:/cvmfs/sphenix.sdcc.bnl.gov/alma9.2-gcc-14.2.0/release/release_new/new.10/include/LHAPDF:/cvmfs/sphenix.sdcc.bnl.gov/alma9.2-gcc-14.2.0/release/release_new/new.10/include/readdigitalcurrents:/cvmfs/sphenix.sdcc.bnl.gov/alma9.2-gcc-14.2.0/release/release_new/new.10/include/c10:/cvmfs/sphenix.sdcc.bnl.gov/alma9.2-gcc-14.2.0/release/release_new/new.10/include/calovalid:/cvmfs/sphenix.sdcc.bnl.gov/alma9.2-gcc-14.2.0/release/release_new/new.10/include/oneapi:/cvmfs/sphenix.sdcc.bnl.gov/alma9.2-gcc-14.2.0/release/release_new/new.10/include/DDCond:/cvmfs/sphenix.sdcc.bnl.gov/alma9.2-gcc-14.2.0/release/release_new/new.10/include/g4tracking:/cvmfs/sphenix.sdcc.bnl.gov/alma9.2-gcc-14.2.0/release/release_new/new.10/include/litecaloeval:/cvmfs/sphenix.sdcc.bnl.gov/alma9.2-gcc-14.2.0/release/release_new/new.10/include/g4intt:/cvmfs/sphenix.sdcc.bnl.gov/alma9.2-gcc-14.2.0/release/release_new/new.10/include/phool:/cvmfs/sphenix.sdcc.bnl.gov/alma9.2-gcc-14.2.0/release/release_new/new.10/include/boost:/cvmfs/sphenix.sdcc.bnl.gov/alma9.2-gcc-14.2.0/release/release_new/new.10/include/Pythia8Plugins:/cvmfs/sphenix.sdcc.bnl.gov/alma9.2-gcc-14.2.0/release/release_new/new.10/include/calib_emc_pi0:/cvmfs/sphenix.sdcc.bnl.gov/alma9.2-gcc-14.2.0/release/release_new/new.10/include/hijingflipafterburner:/cvmfs/sphenix.sdcc.bnl.gov/alma9.2-gcc-14.2.0/release/release_new/new.10/include/ffaobjects:/cvmfs/sphenix.sdcc.bnl.gov/alma9.2-gcc-14.2.0/release/release_new/new.10/include/EvtGenBase:/cvmfs/sphenix.sdcc.bnl.gov/alma9.2-gcc-14.2.0/release/release_new/new.10/include/flowafterburner:/cvmfs/sphenix.sdcc.bnl.gov/alma9.2-gcc-14.2.0/release/release_new/new.10/include/google:/cvmfs/sphenix.sdcc.bnl.gov/alma9.2-gcc-14.2.0/release/release_new/new.10/include/g4tpc:/cvmfs/sphenix.sdcc.bnl.gov/alma9.2-gcc-14.2.0/release/release_new/new.10/include/caffe2:/cvmfs/sphenix.sdcc.bnl.gov/alma9.2-gcc-14.2.0/release/release_new/new.10/include/EvtGenExternal:/cvmfs/sphenix.sdcc.bnl.gov/alma9.2-gcc-14.2.0/release/release_new/new.10/include/fp16:/cvmfs/sphenix.sdcc.bnl.gov/alma9.2-gcc-14.2.0/release/release_new/new.10/include/ffamodules:/cvmfs/sphenix.sdcc.bnl.gov/alma9.2-gcc-14.2.0/release/release_new/new.10/include/uspin:/cvmfs/sphenix.sdcc.bnl.gov/alma9.2-gcc-14.2.0/release/release_new/new.10/include/Herwig:/cvmfs/sphenix.sdcc.bnl.gov/alma9.2-gcc-14.2.0/release/release_new/new.10/include/genfitexp:/cvmfs/sphenix.sdcc.bnl.gov/alma9.2-gcc-14.2.0/release/release_new/new.10/include/XML:/cvmfs/sphenix.sdcc.bnl.gov/alma9.2-gcc-14.2.0/release/release_new/new.10/include/fbgemm:/cvmfs/sphenix.sdcc.bnl.gov/alma9.2-gcc-14.2.0/release/release_new/new.10/include/DDAlign:/cvmfs/sphenix.sdcc.bnl.gov/alma9.2-gcc-14.2.0/release/release_new/new.10/include/g4mvtx:/cvmfs/sphenix.sdcc.bnl.gov/alma9.2-gcc-14.2.0/release/release_new/new.10/include/kfparticle_sphenix:/cvmfs/sphenix.sdcc.bnl.gov/alma9.2-gcc-14.2.0/release/release_new/new.10/include/fun4all:/cvmfs/sphenix.sdcc.bnl.gov/alma9.2-gcc-14.2.0/release/release_new/new.10/include/intt:/cvmfs/sphenix.sdcc.bnl.gov/alma9.2-gcc-14.2.0/release/release_new/new.10/include/eventdisplay:/cvmfs/sphenix.sdcc.bnl.gov/alma9.2-gcc-14.2.0/release/release_new/new.10/include/EvtGen:/cvmfs/sphenix.sdcc.bnl.gov/alma9.2-gcc-14.2.0/release/release_new/new.10/include/Evaluator:/cvmfs/sphenix.sdcc.bnl.gov/alma9.2-gcc-14.2.0/release/release_new/new.10/include/tpc:/cvmfs/sphenix.sdcc.bnl.gov/alma9.2-gcc-14.2.0/release/release_new/new.10/include/GenFit:/cvmfs/sphenix.sdcc.bnl.gov/alma9.2-gcc-14.2.0/release/release_new/new.10/include/prototype4:/cvmfs/sphenix.sdcc.bnl.gov/alma9.2-gcc-14.2.0/release/release_new/new.10/include/caloembedding:/cvmfs/sphenix.sdcc.bnl.gov/alma9.2-gcc-14.2.0/release/release_new/new.10/include/EvtGenModels:/cvmfs/sphenix.sdcc.bnl.gov/alma9.2-gcc-14.2.0/release/release_new/new.10/include/fastjet:/cvmfs/sphenix.sdcc.bnl.gov/alma9.2-gcc-14.2.0/release/release_new/new.10/include/DDG4:/cvmfs/sphenix.sdcc.bnl.gov/alma9.2-gcc-14.2.0/release/release_new/new.10/include/mbd:/cvmfs/sphenix.sdcc.bnl.gov/alma9.2-gcc-14.2.0/release/release_new/new.10/include/tbb:/cvmfs/sphenix.sdcc.bnl.gov/alma9.2-gcc-14.2.0/release/release_new/new.10/include/phgeom:/cvmfs/sphenix.sdcc.bnl.gov/alma9.2-gcc-14.2.0/release/release_new/new.10/include/g4epd:/cvmfs/sphenix.sdcc.bnl.gov/alma9.2-gcc-14.2.0/release/release_new/new.10/include/oncal:/cvmfs/sphenix.sdcc.bnl.gov/alma9.2-gcc-14.2.0/release/release_new/new.10/include/pybind11:/cvmfs/sphenix.sdcc.bnl.gov/alma9.2-gcc-14.2.0/release/release_new/new.10/include/tpcdistgenerator:/cvmfs/sphenix.sdcc.bnl.gov/alma9.2-gcc-14.2.0/release/release_new/new.10/include/cdbobjects:/cvmfs/sphenix.sdcc.bnl.gov/alma9.2-gcc-14.2.0/release/release_new/new.10/include/g4micromegas:/cvmfs/sphenix.sdcc.bnl.gov/alma9.2-gcc-14.2.0/release/release_new/new.10/include/g4eval:/cvmfs/sphenix.sdcc.bnl.gov/alma9.2-gcc-14.2.0/release/release_new/new.10/include/jetbackground:/cvmfs/sphenix.sdcc.bnl.gov/alma9.2-gcc-14.2.0/release/release_new/new.10/include/micromegas:/cvmfs/sphenix.sdcc.bnl.gov/alma9.2-gcc-14.2.0/release/release_new/new.10/include/hftrackefficiency:/cvmfs/sphenix.sdcc.bnl.gov/alma9.2-gcc-14.2.0/release/release_new/new.10/include/inttrawhitqa:/cvmfs/sphenix.sdcc.bnl.gov/alma9.2-gcc-14.2.0/release/release_new/new.10/include/centrality:/cvmfs/sphenix.sdcc.bnl.gov/alma9.2-gcc-14.2.0/release/release_new/new.10/include/epd:/cvmfs/sphenix.sdcc.bnl.gov/alma9.2-gcc-14.2.0/release/release_new/new.10/include/caloreco:/cvmfs/sphenix.sdcc.bnl.gov/alma9.2-gcc-14.2.0/release/release_new/new.10/include/HepMC:/cvmfs/sphenix.sdcc.bnl.gov/alma9.2-gcc-14.2.0/release/release_new/new.10/include/CLHEP:/cvmfs/sphenix.sdcc.bnl.gov/alma9.2-gcc-14.2.0/release/release_new/new.10/include/Acts:/cvmfs/sphenix.sdcc.bnl.gov/alma9.2-gcc-14.2.0/release/release_new/new.10/include/g4histos:/cvmfs/sphenix.sdcc.bnl.gov/alma9.2-gcc-14.2.0/release/release_new/new.10/include/eventplaneinfo:/cvmfs/sphenix.sdcc.bnl.gov/alma9.2-gcc-14.2.0/release/release_new/new.10/include/fillspacechargemaps:/cvmfs/sphenix.sdcc.bnl.gov/alma9.2-gcc-14.2.0/release/release_new/new.10/include/phhepmc:/cvmfs/sphenix.sdcc.bnl.gov/alma9.2-gcc-14.2.0/release/release_new/new.10/include/trackingqa:/cvmfs/sphenix.sdcc.bnl.gov/alma9.2-gcc-14.2.0/release/release_new/new.10/include/qautils:/cvmfs/sphenix.sdcc.bnl.gov/alma9.2-gcc-14.2.0/release/release_new/new.10/include/trackreco:/cvmfs/sphenix.sdcc.bnl.gov/alma9.2-gcc-14.2.0/release/release_new/new.10/include/g4ohcal:/cvmfs/sphenix.sdcc.bnl.gov/alma9.2-gcc-14.2.0/release/release_new/new.10/include/tpcdvcalib:/cvmfs/sphenix.sdcc.bnl.gov/alma9.2-gcc-14.2.0/release/release_new/new.10/include/zdcinfo:/cvmfs/sphenix.sdcc.bnl.gov/alma9.2-gcc-14.2.0/release/release_new/new.10/include/phpythia8:/cvmfs/sphenix.sdcc.bnl.gov/alma9.2-gcc-14.2.0/release/release_new/new.10/include/fun4allutils:/cvmfs/sphenix.sdcc.bnl.gov/alma9.2-gcc-14.2.0/release/release_new/new.10/include/tpcqa:/cvmfs/sphenix.sdcc.bnl.gov/alma9.2-gcc-14.2.0/release/release_new/new.10/include/Pythia8:/cvmfs/sphenix.sdcc.bnl.gov/alma9.2-gcc-14.2.0/release/release_new/new.10/include/DDRec:/cvmfs/sphenix.sdcc.bnl.gov/alma9.2-gcc-14.2.0/release/release_new/new.10/include/DDDigi:/cvmfs/sphenix.sdcc.bnl.gov/alma9.2-gcc-14.2.0/release/release_new/new.10/include/g4ihcal:/cvmfs/sphenix.sdcc.bnl.gov/alma9.2-gcc-14.2.0/release/release_new/new.10/include/frog:/cvmfs/sphenix.sdcc.bnl.gov/alma9.2-gcc-14.2.0/release/release_new/new.10/include/eigen3:/cvmfs/sphenix.sdcc.bnl.gov/alma9.2-gcc-14.2.0/release/release_new/new.10/include/tensorpipe:/cvmfs/sphenix.sdcc.bnl.gov/alma9.2-gcc-14.2.0/release/release_new/new.10/include/sphenixnpc:/cvmfs/sphenix.sdcc.bnl.gov/alma9.2-gcc-14.2.0/release/release_new/new.10/include/siscone:/cvmfs/sphenix.sdcc.bnl.gov/alma9.2-gcc-14.2.0/release/release_new/new.10/include/pmonitor:/cvmfs/sphenix.sdcc.bnl.gov/alma9.2-gcc-14.2.0/release/release_new/new.10/include/calobase:/cvmfs/sphenix.sdcc.bnl.gov/alma9.2-gcc-14.2.0/release/release_new/new.10/include/ActsExamples:/cvmfs/sphenix.sdcc.bnl.gov/alma9.2-gcc-14.2.0/release/release_new/new.10/include/g4gdml:/cvmfs/sphenix.sdcc.bnl.gov/alma9.2-gcc-14.2.0/release/release_new/new.10/include/mvtx_decoder:/cvmfs/sphenix.sdcc.bnl.gov/alma9.2-gcc-14.2.0/release/release_new/new.10/include/ROOT:/cvmfs/sphenix.sdcc.bnl.gov/alma9.2-gcc-14.2.0/release/release_new/new.10/include/phparameter:/cvmfs/sphenix.sdcc.bnl.gov/alma9.2-gcc-14.2.0/release/release_new/new.10/include/rsa:/cvmfs/sphenix.sdcc.bnl.gov/alma9.2-gcc-14.2.0/release/release_new/new.10/include/fun4allraw:/cvmfs/sphenix.sdcc.bnl.gov/alma9.2-gcc-14.2.0/release/release_new/new.10/include/trackbase_historic:/cvmfs/sphenix.sdcc.bnl.gov/alma9.2-gcc-14.2.0/release/release_new/new.10/include/g4jets:/cvmfs/sphenix.sdcc.bnl.gov/alma9.2-gcc-14.2.0/release/release_new/new.10/include/jetqa:/cvmfs/sphenix.sdcc.bnl.gov/alma9.2-gcc-14.2.0/release/release_new/new.10/include/phoolraw:/cvmfs/sphenix.sdcc.bnl.gov/alma9.2-gcc-14.2.0/release/release_new/new.10/include/g4calo:/cvmfs/sphenix.sdcc.bnl.gov/alma9.2-gcc-14.2.0/release/release_new/new.10/include/mvtxrawhitqa:/cvmfs/sphenix.sdcc.bnl.gov/alma9.2-gcc-14.2.0/release/release_new/new.10/include/HepMC3:/cvmfs/sphenix.sdcc.bnl.gov/alma9.2-gcc-14.2.0/release/release_new/new.10/include/calowaveformsim:/cvmfs/sphenix.sdcc.bnl.gov/alma9.2-gcc-14.2.0/release/release_new/new.10/include/g4caloprototype:/cvmfs/sphenix.sdcc.bnl.gov/alma9.2-gcc-14.2.0/release/release_new/new.10/include/pdbcalbase:/cvmfs/sphenix.sdcc.bnl.gov/alma9.2-gcc-14.2.0/release/release_new/new.10/include/gsl:/cvmfs/sphenix.sdcc.bnl.gov/alma9.2-gcc-14.2.0/release/release_new/new.10/include/nodedump:/cvmfs/sphenix.sdcc.bnl.gov/alma9.2-gcc-14.2.0/release/release_new/new.10/include/emcnoisytowerfinder:/cvmfs/sphenix.sdcc.bnl.gov/alma9.2-gcc-14.2.0/release/release_new/new.10/include/ActsFatras:/cvmfs/sphenix.sdcc.bnl.gov/alma9.2-gcc-14.2.0/release/release_new/new.10/include/ffarawmodules:/cvmfs/sphenix.sdcc.bnl.gov/alma9.2-gcc-14.2.0/release/release_new/new.10/include/Event:/cvmfs/sphenix.sdcc.bnl.gov/alma9.2-gcc-14.2.0/release/release_new/new.10/include/prototype3:/cvmfs/sphenix.sdcc.bnl.gov/alma9.2-gcc-14.2.0/release/release_new/new.10/include/fermimotionafterburner:/cvmfs/sphenix.sdcc.bnl.gov/alma9.2-gcc-14.2.0/release/release_new/new.10/include/Photos:/cvmfs/sphenix.sdcc.bnl.gov/alma9.2-gcc-14.2.0/release/release_new/new.10/include/xingshiftcal:/cvmfs/sphenix.sdcc.bnl.gov/alma9.2-gcc-14.2.0/release/release_new/new.10/include/trackbase:/cvmfs/sphenix.sdcc.bnl.gov/alma9.2-gcc-14.2.0/release/release_new/new.10/include/jetdstskimmer:/cvmfs/sphenix.sdcc.bnl.gov/alma9.2-gcc-14.2.0/release/release_new/new.10/include/clusteriso:/cvmfs/sphenix.sdcc.bnl.gov/alma9.2-gcc-14.2.0/release/release_new/new.10/include/asmjit:/cvmfs/sphenix.sdcc.bnl.gov/alma9.2-gcc-14.2.0/release/release_new/new.10/include/particleflowreco:/cvmfs/sphenix.sdcc.bnl.gov/alma9.2-gcc-14.2.0/release/release_new/new.10/include/tpchittrackdisplay:/cvmfs/sphenix.sdcc.bnl.gov/alma9.2-gcc-14.2.0/release/release_new/new.10/include/caloana:/cvmfs/sphenix.sdcc.bnl.gov/alma9.2-gcc-14.2.0/release/release_new/new.10/include/calotrigger:/cvmfs/sphenix.sdcc.bnl.gov/alma9.2-gcc-14.2.0/release/release_new/new.10/include/nopayloadclient:/cvmfs/sphenix.sdcc.bnl.gov/alma9.2-gcc-14.2.0/release/release_new/new.10/include/trackermillepedealignment:/cvmfs/sphenix.sdcc.bnl.gov/alma9.2-gcc-14.2.0/release/release_new/new.10/include/DD4hep:/cvmfs/sphenix.sdcc.bnl.gov/alma9.2-gcc-14.2.0/release/release_new/new.10/include/g4trackfastsim:/cvmfs/sphenix.sdcc.bnl.gov/alma9.2-gcc-14.2.0/release/release_new/new.10/include/prototype2:/cvmfs/sphenix.sdcc.bnl.gov/alma9.2-gcc-14.2.0/release/release_new/new.10/include/ATen:/cvmfs/sphenix.sdcc.bnl.gov/alma9.2-gcc-14.2.0/release/release_new/new.10/include/g4main:/cvmfs/sphenix.sdcc.bnl.gov/alma9.2-gcc-14.2.0/release/release_new/new.10/include/Tauola:/cvmfs/sphenix.sdcc.bnl.gov/alma9.2-gcc-14.2.0/release/release_new/new.10/include/inttcalib:/cvmfs/sphenix.sdcc.bnl.gov/alma9.2-gcc-14.2.0/release/release_new/new.10/include/reactionplaneafterburner:/cvmfs/sphenix.sdcc.bnl.gov/alma9.2-gcc-14.2.0/release/release_new/new.10/include/globalqa:/cvmfs/sphenix.sdcc.bnl.gov/alma9.2-gcc-14.2.0/release/release_new/new.10/include/tpccalib:/cvmfs/sphenix.sdcc.bnl.gov/alma9.2-gcc-14.2.0/release/release_new/new.10/include/DDSegmentation:/cvmfs/sphenix.sdcc.bnl.gov/alma9.2-gcc-14.2.0/release/release_new/new.10/include/decayfinder:/cvmfs/sphenix.sdcc.bnl.gov/alma9.2-gcc-14.2.0/release/release_new/new.10/include/compressclus:/cvmfs/sphenix.sdcc.bnl.gov/alma9.2-gcc-14.2.0/release/release_new/new.10/include/simqa_modules:/cvmfs/sphenix.sdcc.bnl.gov/alma9.2-gcc-14.2.0/release/release_new/new.10/include/resonancejettagging:/cvmfs/sphenix.sdcc.bnl.gov/alma9.2-gcc-14.2.0/release/release_new/new.10/include/g4centrality:/cvmfs/sphenix.sdcc.bnl.gov/alma9.2-gcc-14.2.0/release/release_new/new.10/include/mvtx:/cvmfs/sphenix.sdcc.bnl.gov/alma9.2-gcc-14.2.0/release/release_new/new.10/include/nlohmann:/cvmfs/sphenix.sdcc.bnl.gov/alma9.2-gcc-14.2.0/release/release_new/new.10/include/localpoloffmon:/cvmfs/sphenix.sdcc.bnl.gov/alma9.2-gcc-14.2.0/release/release_new/new.10/include/DDEve:/cvmfs/sphenix.sdcc.bnl.gov/alma9.2-gcc-14.2.0/release/release_new/new.10/include/Parsers:/cvmfs/sphenix.sdcc.bnl.gov/alma9.2-gcc-14.2.0/release/release_new/new.10/include/trackingdiagnostics:/cvmfs/sphenix.sdcc.bnl.gov/alma9.2-gcc-14.2.0/release/release_new/new.10/include/g4vertex:/cvmfs/sphenix.sdcc.bnl.gov/alma9.2-gcc-14.2.0/release/release_new/new.10/include/jetbase:/cvmfs/sphenix.sdcc.bnl.gov/alma9.2-gcc-14.2.0/release/release_new/new.10/include/globalvertex:/cvmfs/sphenix.sdcc.bnl.gov/alma9.2-gcc-14.2.0/release/release_new/new.10/include/phgenfit:/cvmfs/sphenix.sdcc.bnl.gov/alma9.2-gcc-14.2.0/release/release_new/new.10/include/rawbcolumi:/cvmfs/sphenix.sdcc.bnl.gov/alma9.2-gcc-14.2.0/release/release_new/new.10/include/eicsmear:/cvmfs/sphenix.sdcc.bnl.gov/alma9.2-gcc-14.2.0/release/release_new/new.10/include/mvtxcalib:/cvmfs/sphenix.sdcc.bnl.gov/alma9.2-gcc-14.2.0/release/release_new/new.10/include/tpclinelaserdiode:/cvmfs/sphenix.sdcc.bnl.gov/alma9.2-gcc-14.2.0/release/release_new/new.10/include/hepmcjettrigger:/cvmfs/sphenix.sdcc.bnl.gov/alma9.2-gcc-14.2.0/release/release_new/new.10/include/core:/cvmfs/sphenix.sdcc.bnl.gov/alma9.2-gcc-14.2.0/release/release_new/new.10/include/calo_cdb:/cvmfs/sphenix.sdcc.bnl.gov/alma9.2-gcc-14.2.0/release/release_new/new.10/include/mvtxclustershapesqa:/cvmfs/sphenix.sdcc.bnl.gov/alma9.2-gcc-14.2.0/release/release_new/new.10/include/calopacketskimmer:/cvmfs/sphenix.sdcc.bnl.gov/alma9.2-gcc-14.2.0/opt/sphenix/core/geant4.10.07.p04/include:/cvmfs/sphenix.sdcc.bnl.gov/alma9.2-gcc-14.2.0/release/release_new/new.10/rootmacros:/cvmfs/sphenix.sdcc.bnl.gov/alma9.2-gcc-14.2.0/opt/sphenix/core/include
GSEARCHPATH=.:PG:LUSTRE:RAWDATA
PWD=/gpfs/mnt/gpfs02/sphenix/user/samfred/run25/ppg11/histmaking
LOGNAME=samfred
_CONDOR_JOB_AD=/home/condor/local/sphnx/execute/dir_2728753/.job.ad
MANPATH=/cvmfs/sphenix.sdcc.bnl.gov/alma9.2-gcc-14.2.0/opt/sphenix/core/gcc/14.2.0-2f0a0/x86_64-el9/share/man:/cvmfs/sphenix.sdcc.bnl.gov/alma9.2-gcc-14.2.0/opt/sphenix/core/binutils/2.40-acaab/x86_64-el9/share/man:/cvmfs/sphenix.sdcc.bnl.gov/alma9.2-gcc-14.2.0/release/release_new/new.10/share/man:/cvmfs/sphenix.sdcc.bnl.gov/alma9.2-gcc-14.2.0/opt/sphenix/utils/share/man:/cvmfs/sphenix.sdcc.bnl.gov/alma9.2-gcc-14.2.0/opt/sphenix/core/share/man:/cvmfs/sphenix.sdcc.bnl.gov/alma9.2-gcc-14.2.0/opt/sphenix/core/root-6.32.06/man:/usr/local/share/man:/usr/share/man
PYTHIA8=/cvmfs/sphenix.sdcc.bnl.gov/alma9.2-gcc-14.2.0/release/release_new/new.10/share/Pythia8
G4INCLDATA=/cvmfs/sphenix.sdcc.bnl.gov/alma9.2-gcc-14.2.0/opt/sphenix/core/geant4.10.07.p04/share/Geant4-10.7.4/data/G4INCL1.0
ORIG_PATH=/usr/local/bin:/usr/bin
CXX=/cvmfs/sphenix.sdcc.bnl.gov/alma9.2-gcc-14.2.0/opt/sphenix/core/gcc/14.2.0-2f0a0/x86_64-el9/bin/g++
G4LEDATA=/cvmfs/sphenix.sdcc.bnl.gov/alma9.2-gcc-14.2.0/opt/sphenix/core/geant4.10.07.p04/share/Geant4-10.7.4/data/G4EMLOW7.13
PYTHON_CPU_COUNT=1
OPENBLAS_NUM_THREADS=1
_CONDOR_BIN=/usr/bin
_CONDOR_ANCESTOR_310576=2728753:1759352723:177698638
HOME=/sphenix/u/samfred
G4PARTICLEXSDATA=/cvmfs/sphenix.sdcc.bnl.gov/alma9.2-gcc-14.2.0/opt/sphenix/core/geant4.10.07.p04/share/Geant4-10.7.4/data/G4PARTICLEXS3.1.1
ONLINE_MAIN=/cvmfs/sphenix.sdcc.bnl.gov/alma9.2-gcc-14.2.0/release/release_new/new.10
CALIBRATIONROOT=/cvmfs/sphenix.sdcc.bnl.gov/alma9.2-gcc-14.2.0/release/release_new/new.10/share/calibrations
TMPDIR=/tmp
_CONDOR_SCRATCH_DIR=/home/condor/local/sphnx/execute/dir_2728753
PGUSER=phnxrc
NOPAYLOADCLIENT_CONF=/cvmfs/sphenix.sdcc.bnl.gov/alma9.2-gcc-14.2.0/opt/sphenix/core/etc/sPHENIX_newcdb.json
_CONDOR_ANCESTOR_310541=310576:1756523323:927792334
XERCESCROOT=/cvmfs/sphenix.sdcc.bnl.gov/alma9.2-gcc-14.2.0/opt/sphenix/core/geant4.10.07.p04
LHAPATH=/cvmfs/sphenix.sdcc.bnl.gov/alma9.2-gcc-14.2.0/opt/sphenix/core/lhapdf-5.9.1/share/lhapdf/PDFsets
G4NEUTRONHPDATA=/cvmfs/sphenix.sdcc.bnl.gov/alma9.2-gcc-14.2.0/opt/sphenix/core/geant4.10.07.p04/share/Geant4-10.7.4/data/G4NDL4.6
PYTHONPATH=.:/cvmfs/sphenix.sdcc.bnl.gov/alma9.2-gcc-14.2.0/release/release_new/new.10/lib/python3.13/site-packages:/cvmfs/sphenix.sdcc.bnl.gov/alma9.2-gcc-14.2.0/opt/sphenix/core/lib/python3.13/site-packages:/cvmfs/sphenix.sdcc.bnl.gov/alma9.2-gcc-14.2.0/opt/sphenix/core/root-6.32.06/lib
USER=samfred
_CONDOR_JOB_PIDS=
TEMP=/tmp
GOMAXPROCS=1
OFFLINE_MAIN=/cvmfs/sphenix.sdcc.bnl.gov/alma9.2-gcc-14.2.0/release/release_new/new.10
SHLVL=1
TF_NUM_THREADS=1
G4SAIDXSDATA=/cvmfs/sphenix.sdcc.bnl.gov/alma9.2-gcc-14.2.0/opt/sphenix/core/geant4.10.07.p04/share/Geant4-10.7.4/data/G4SAIDDATA2.0
APPTAINER_CACHEDIR=/home/condor/local/sphnx/execute/dir_2728753
ROOTSYS=/cvmfs/sphenix.sdcc.bnl.gov/alma9.2-gcc-14.2.0/opt/sphenix/core/root-6.32.06
BATCH_SYSTEM=HTCondor
_CONDOR_SLOT=slot1_55
LD_LIBRARY_PATH=/sphenix/user/samfred/run25/install//lib:/cvmfs/sphenix.sdcc.bnl.gov/alma9.2-gcc-14.2.0/opt/sphenix/core/gcc/14.2.0-2f0a0/x86_64-el9/lib:/cvmfs/sphenix.sdcc.bnl.gov/alma9.2-gcc-14.2.0/opt/sphenix/core/gcc/14.2.0-2f0a0/x86_64-el9/lib64:/cvmfs/sphenix.sdcc.bnl.gov/alma9.2-gcc-14.2.0/opt/sphenix/core/binutils/2.40-acaab/x86_64-el9/lib:.:/cvmfs/sphenix.sdcc.bnl.gov/alma9.2-gcc-14.2.0/release/release_new/new.10/lib64:/cvmfs/sphenix.sdcc.bnl.gov/alma9.2-gcc-14.2.0/release/release_new/new.10/lib:/cvmfs/sphenix.sdcc.bnl.gov/alma9.2-gcc-14.2.0/opt/sphenix/utils/lib:/cvmfs/sphenix.sdcc.bnl.gov/alma9.2-gcc-14.2.0/opt/sphenix/core/lib:/cvmfs/sphenix.sdcc.bnl.gov/alma9.2-gcc-14.2.0/opt/sphenix/core/root-6.32.06/lib:/cvmfs/sphenix.sdcc.bnl.gov/alma9.2-gcc-14.2.0/opt/sphenix/core/geant4.10.07.p04/lib64:/cvmfs/sphenix.sdcc.bnl.gov/alma9.2-gcc-14.2.0/opt/sphenix/core/lhapdf-5.9.1/lib:/usr/local/lib64:/usr/lib64
OPT_SPHENIX=/cvmfs/sphenix.sdcc.bnl.gov/alma9.2-gcc-14.2.0/opt/sphenix/core
TF_LOOP_PARALLEL_ITERATIONS=1
EVT_LIB=/cvmfs/sphenix.sdcc.bnl.gov/alma9.2-gcc-14.2.0/opt/sphenix/core/root-6.32.06/lib
PGHOST=sphnxdbmaster.sdcc.bnl.gov
OMP_NUM_THREADS=1
G4REALSURFACEDATA=/cvmfs/sphenix.sdcc.bnl.gov/alma9.2-gcc-14.2.0/opt/sphenix/core/geant4.10.07.p04/share/Geant4-10.7.4/data/RealSurface2.2
_CONDOR_ANCESTOR_2728753=2730008:1759352723:3715596063
FC=/cvmfs/sphenix.sdcc.bnl.gov/alma9.2-gcc-14.2.0/opt/sphenix/core/gcc/14.2.0-2f0a0/x86_64-el9/bin/gfortran
G4ABLADATA=/cvmfs/sphenix.sdcc.bnl.gov/alma9.2-gcc-14.2.0/opt/sphenix/core/geant4.10.07.p04/share/Geant4-10.7.4/data/G4ABLA3.1
PARASOFT=doesnotexist
TMP=/tmp
OPT_UTILS=/cvmfs/sphenix.sdcc.bnl.gov/alma9.2-gcc-14.2.0/opt/sphenix/utils
CONFIG_SITE=/cvmfs/sphenix.sdcc.bnl.gov/alma9.2-gcc-14.2.0/opt/sphenix/core/etc/config.site
PATH=/sphenix/user/samfred/run25/install//bin:/cvmfs/sphenix.sdcc.bnl.gov/alma9.2-gcc-14.2.0/opt/sphenix/core/gcc/14.2.0-2f0a0/x86_64-el9/bin:/cvmfs/sphenix.sdcc.bnl.gov/alma9.2-gcc-14.2.0/opt/sphenix/core/binutils/2.40-acaab/x86_64-el9/bin:.:/cvmfs/sphenix.sdcc.bnl.gov/alma9.2-gcc-14.2.0/release/release_new/new.10/bin:/cvmfs/sphenix.sdcc.bnl.gov/alma9.2-gcc-14.2.0/opt/sphenix/utils/bin:/cvmfs/sphenix.sdcc.bnl.gov/alma9.2-gcc-14.2.0/opt/sphenix/core/bin:/cvmfs/sphenix.sdcc.bnl.gov/alma9.2-gcc-14.2.0/opt/sphenix/core/root-6.32.06/bin:/cvmfs/sphenix.sdcc.bnl.gov/alma9.2-gcc-14.2.0/opt/sphenix/core/geant4.10.07.p04/bin:/usr/local/bin:/usr/bin:/usr/local/sbin:/usr/sbin
G4LEVELGAMMADATA=/cvmfs/sphenix.sdcc.bnl.gov/alma9.2-gcc-14.2.0/opt/sphenix/core/geant4.10.07.p04/share/Geant4-10.7.4/data/PhotonEvaporation5.7
CC=/cvmfs/sphenix.sdcc.bnl.gov/alma9.2-gcc-14.2.0/opt/sphenix/core/gcc/14.2.0-2f0a0/x86_64-el9/bin/gcc
G4RADIOACTIVEDATA=/cvmfs/sphenix.sdcc.bnl.gov/alma9.2-gcc-14.2.0/opt/sphenix/core/geant4.10.07.p04/share/Geant4-10.7.4/data/RadioactiveDecay5.6
JULIA_NUM_THREADS=1
MKL_NUM_THREADS=1
LHAPDF_DATA_PATH=/cvmfs/sphenix.sdcc.bnl.gov/alma9.2-gcc-14.2.0/release/release_new/new.10/share/LHAPDF
XPLOAD_CONFIG_DIR=/cvmfs/sphenix.sdcc.bnl.gov/alma9.2-gcc-14.2.0/opt/sphenix/core/etc
OLDPWD=/cvmfs/sphenix.sdcc.bnl.gov/alma9.2-gcc-14.2.0/release/release_new/new.10/geant4
_=/usr/bin/printenv
runnumber...
51619
trigger...

   ------------------------------------------------------------------
  | Welcome to ROOT 6.32.06                        https://root.cern |
  | (c) 1995-2024, The ROOT Team; conception: R. Brun, F. Rademakers |
  | Built for linuxx8664gcc on Dec 13 2024, 17:23:48                 |
  | From tags/6-32-06@6-32-06                                        |
  | With g++ (GCC) 14.2.0                                            |
  | Try '.help'/'.?', '.demo', '.license', '.credits', '.quit'/'.q'  |
   ------------------------------------------------------------------


Processing data_histmaker.C(51619)...
entry 1000/2419265 (0.0413349%)
entry 2000/2419265 (0.0826697%)
entry 3000/2419265 (0.124005%)
entry 6000/2419265 (0.248009%)
entry 8000/2419265 (0.330679%)
entry 10000/2419265 (0.413349%)
entry 11000/2419265 (0.454684%)
entry 12000/2419265 (0.496018%)
entry 13000/2419265 (0.537353%)
entry 15000/2419265 (0.620023%)
entry 17000/2419265 (0.702693%)
entry 18000/2419265 (0.744028%)
entry 19000/2419265 (0.785363%)
entry 22000/2419265 (0.909367%)
entry 23000/2419265 (0.950702%)
entry 24000/2419265 (0.992037%)
entry 26000/2419265 (1.07471%)
entry 27000/2419265 (1.11604%)
entry 28000/2419265 (1.15738%)
entry 32000/2419265 (1.32272%)
entry 34000/2419265 (1.40539%)
entry 36000/2419265 (1.48806%)
entry 37000/2419265 (1.52939%)
entry 38000/2419265 (1.57073%)
entry 39000/2419265 (1.61206%)
entry 40000/2419265 (1.65339%)
entry 41000/2419265 (1.69473%)
entry 42000/2419265 (1.73606%)
entry 43000/2419265 (1.7774%)
entry 45000/2419265 (1.86007%)
entry 47000/2419265 (1.94274%)
entry 48000/2419265 (1.98407%)
entry 49000/2419265 (2.02541%)
entry 50000/2419265 (2.06674%)
entry 51000/2419265 (2.10808%)
entry 52000/2419265 (2.14941%)
entry 53000/2419265 (2.19075%)
entry 57000/2419265 (2.35609%)
entry 58000/2419265 (2.39742%)
entry 59000/2419265 (2.43876%)
entry 60000/2419265 (2.48009%)
entry 62000/2419265 (2.56276%)
entry 63000/2419265 (2.6041%)
entry 64000/2419265 (2.64543%)
entry 65000/2419265 (2.68677%)
entry 68000/2419265 (2.81077%)
entry 70000/2419265 (2.89344%)
entry 71000/2419265 (2.93478%)
entry 72000/2419265 (2.97611%)
entry 73000/2419265 (3.01745%)
entry 74000/2419265 (3.05878%)
entry 75000/2419265 (3.10012%)
entry 77000/2419265 (3.18278%)
entry 78000/2419265 (3.22412%)
entry 80000/2419265 (3.30679%)
entry 81000/2419265 (3.34812%)
entry 82000/2419265 (3.38946%)
entry 83000/2419265 (3.43079%)
entry 85000/2419265 (3.51346%)
entry 86000/2419265 (3.5548%)
entry 89000/2419265 (3.6788%)
entry 90000/2419265 (3.72014%)
entry 91000/2419265 (3.76147%)
entry 92000/2419265 (3.80281%)
entry 93000/2419265 (3.84414%)
entry 94000/2419265 (3.88548%)
entry 96000/2419265 (3.96815%)
entry 97000/2419265 (4.00948%)
entry 98000/2419265 (4.05082%)
entry 99000/2419265 (4.09215%)
entry 101000/2419265 (4.17482%)
entry 102000/2419265 (4.21616%)
entry 104000/2419265 (4.29883%)
entry 105000/2419265 (4.34016%)
entry 106000/2419265 (4.3815%)
entry 107000/2419265 (4.42283%)
entry 109000/2419265 (4.5055%)
entry 110000/2419265 (4.54684%)
entry 111000/2419265 (4.58817%)
entry 116000/2419265 (4.79484%)
entry 117000/2419265 (4.83618%)
entry 118000/2419265 (4.87751%)
entry 123000/2419265 (5.08419%)
entry 124000/2419265 (5.12552%)
entry 126000/2419265 (5.20819%)
entry 127000/2419265 (5.24953%)
entry 128000/2419265 (5.29086%)
entry 129000/2419265 (5.3322%)
entry 130000/2419265 (5.37353%)
entry 133000/2419265 (5.49754%)
entry 136000/2419265 (5.62154%)
entry 137000/2419265 (5.66288%)
entry 138000/2419265 (5.70421%)
entry 140000/2419265 (5.78688%)
entry 141000/2419265 (5.82822%)
entry 142000/2419265 (5.86955%)
entry 143000/2419265 (5.91089%)
entry 144000/2419265 (5.95222%)
entry 145000/2419265 (5.99356%)
entry 146000/2419265 (6.03489%)
entry 147000/2419265 (6.07623%)
entry 148000/2419265 (6.11756%)
entry 149000/2419265 (6.1589%)
entry 150000/2419265 (6.20023%)
entry 153000/2419265 (6.32423%)
entry 154000/2419265 (6.36557%)
entry 156000/2419265 (6.44824%)
entry 158000/2419265 (6.53091%)
entry 160000/2419265 (6.61358%)
entry 161000/2419265 (6.65491%)
entry 162000/2419265 (6.69625%)
entry 163000/2419265 (6.73758%)
entry 164000/2419265 (6.77892%)
entry 166000/2419265 (6.86159%)
entry 167000/2419265 (6.90292%)
entry 168000/2419265 (6.94426%)
entry 171000/2419265 (7.06826%)
entry 172000/2419265 (7.1096%)
entry 173000/2419265 (7.15093%)
entry 176000/2419265 (7.27494%)
entry 178000/2419265 (7.35761%)
entry 179000/2419265 (7.39894%)
entry 180000/2419265 (7.44028%)
entry 181000/2419265 (7.48161%)
entry 183000/2419265 (7.56428%)
entry 185000/2419265 (7.64695%)
entry 189000/2419265 (7.81229%)
entry 190000/2419265 (7.85362%)
entry 191000/2419265 (7.89496%)
entry 192000/2419265 (7.93629%)
entry 193000/2419265 (7.97763%)
entry 194000/2419265 (8.01896%)
entry 196000/2419265 (8.10163%)
entry 199000/2419265 (8.22564%)
entry 200000/2419265 (8.26697%)
entry 204000/2419265 (8.43231%)
entry 207000/2419265 (8.55632%)
entry 209000/2419265 (8.63899%)
entry 210000/2419265 (8.68032%)
entry 211000/2419265 (8.72166%)
entry 212000/2419265 (8.76299%)
entry 214000/2419265 (8.84566%)
entry 215000/2419265 (8.887%)
entry 216000/2419265 (8.92833%)
entry 219000/2419265 (9.05234%)
entry 220000/2419265 (9.09367%)
entry 221000/2419265 (9.13501%)
entry 222000/2419265 (9.17634%)
entry 223000/2419265 (9.21768%)
entry 224000/2419265 (9.25901%)
entry 226000/2419265 (9.34168%)
entry 230000/2419265 (9.50702%)
entry 231000/2419265 (9.54835%)
entry 232000/2419265 (9.58969%)
entry 233000/2419265 (9.63102%)
entry 234000/2419265 (9.67236%)
entry 235000/2419265 (9.71369%)
entry 236000/2419265 (9.75503%)
entry 237000/2419265 (9.79636%)
entry 238000/2419265 (9.8377%)
entry 239000/2419265 (9.87903%)
entry 240000/2419265 (9.92037%)
entry 241000/2419265 (9.9617%)
entry 242000/2419265 (10.003%)
entry 243000/2419265 (10.0444%)
entry 244000/2419265 (10.0857%)
entry 245000/2419265 (10.127%)
entry 246000/2419265 (10.1684%)
entry 247000/2419265 (10.2097%)
entry 249000/2419265 (10.2924%)
entry 250000/2419265 (10.3337%)
entry 251000/2419265 (10.3751%)
entry 252000/2419265 (10.4164%)
entry 253000/2419265 (10.4577%)
entry 255000/2419265 (10.5404%)
entry 256000/2419265 (10.5817%)
entry 257000/2419265 (10.6231%)
entry 259000/2419265 (10.7057%)
entry 261000/2419265 (10.7884%)
entry 262000/2419265 (10.8297%)
entry 263000/2419265 (10.8711%)
entry 264000/2419265 (10.9124%)
entry 265000/2419265 (10.9537%)
entry 266000/2419265 (10.9951%)
entry 268000/2419265 (11.0777%)
entry 269000/2419265 (11.1191%)
entry 270000/2419265 (11.1604%)
entry 271000/2419265 (11.2017%)
entry 274000/2419265 (11.3258%)
entry 275000/2419265 (11.3671%)
entry 276000/2419265 (11.4084%)
entry 277000/2419265 (11.4498%)
entry 279000/2419265 (11.5324%)
entry 282000/2419265 (11.6564%)
entry 283000/2419265 (11.6978%)
entry 284000/2419265 (11.7391%)
entry 285000/2419265 (11.7804%)
entry 288000/2419265 (11.9044%)
entry 289000/2419265 (11.9458%)
entry 290000/2419265 (11.9871%)
entry 292000/2419265 (12.0698%)
entry 293000/2419265 (12.1111%)
entry 294000/2419265 (12.1525%)
entry 295000/2419265 (12.1938%)
entry 296000/2419265 (12.2351%)
entry 297000/2419265 (12.2765%)
entry 298000/2419265 (12.3178%)
entry 299000/2419265 (12.3591%)
entry 300000/2419265 (12.4005%)
entry 302000/2419265 (12.4831%)
entry 303000/2419265 (12.5245%)
entry 304000/2419265 (12.5658%)
entry 306000/2419265 (12.6485%)
entry 309000/2419265 (12.7725%)
entry 312000/2419265 (12.8965%)
entry 313000/2419265 (12.9378%)
entry 314000/2419265 (12.9791%)
entry 316000/2419265 (13.0618%)
entry 317000/2419265 (13.1032%)
entry 318000/2419265 (13.1445%)
entry 319000/2419265 (13.1858%)
entry 322000/2419265 (13.3098%)
entry 323000/2419265 (13.3512%)
entry 324000/2419265 (13.3925%)
entry 325000/2419265 (13.4338%)
entry 327000/2419265 (13.5165%)
entry 331000/2419265 (13.6818%)
entry 332000/2419265 (13.7232%)
entry 334000/2419265 (13.8058%)
entry 335000/2419265 (13.8472%)
entry 337000/2419265 (13.9298%)
entry 340000/2419265 (14.0539%)
entry 341000/2419265 (14.0952%)
entry 342000/2419265 (14.1365%)
entry 344000/2419265 (14.2192%)
entry 346000/2419265 (14.3019%)
entry 350000/2419265 (14.4672%)
entry 353000/2419265 (14.5912%)
entry 356000/2419265 (14.7152%)
entry 357000/2419265 (14.7565%)
entry 358000/2419265 (14.7979%)
entry 362000/2419265 (14.9632%)
entry 363000/2419265 (15.0046%)
entry 364000/2419265 (15.0459%)
entry 365000/2419265 (15.0872%)
entry 366000/2419265 (15.1286%)
entry 367000/2419265 (15.1699%)
entry 369000/2419265 (15.2526%)
entry 370000/2419265 (15.2939%)
entry 371000/2419265 (15.3352%)
entry 373000/2419265 (15.4179%)
entry 374000/2419265 (15.4592%)
entry 375000/2419265 (15.5006%)
entry 376000/2419265 (15.5419%)
entry 377000/2419265 (15.5832%)
entry 378000/2419265 (15.6246%)
entry 380000/2419265 (15.7072%)
entry 381000/2419265 (15.7486%)
entry 382000/2419265 (15.7899%)
entry 384000/2419265 (15.8726%)
entry 385000/2419265 (15.9139%)
entry 391000/2419265 (16.1619%)
entry 393000/2419265 (16.2446%)
entry 394000/2419265 (16.2859%)
entry 395000/2419265 (16.3273%)
entry 396000/2419265 (16.3686%)
entry 397000/2419265 (16.4099%)
entry 399000/2419265 (16.4926%)
entry 400000/2419265 (16.5339%)
entry 401000/2419265 (16.5753%)
entry 402000/2419265 (16.6166%)
entry 403000/2419265 (16.658%)
entry 404000/2419265 (16.6993%)
entry 406000/2419265 (16.782%)
entry 409000/2419265 (16.906%)
entry 410000/2419265 (16.9473%)
entry 412000/2419265 (17.03%)
entry 415000/2419265 (17.154%)
entry 416000/2419265 (17.1953%)
entry 417000/2419265 (17.2366%)
entry 419000/2419265 (17.3193%)
entry 425000/2419265 (17.5673%)
entry 427000/2419265 (17.65%)
entry 428000/2419265 (17.6913%)
entry 429000/2419265 (17.7327%)
entry 430000/2419265 (17.774%)
entry 431000/2419265 (17.8153%)
entry 433000/2419265 (17.898%)
entry 435000/2419265 (17.9807%)
entry 436000/2419265 (18.022%)
entry 438000/2419265 (18.1047%)
entry 439000/2419265 (18.146%)
entry 441000/2419265 (18.2287%)
entry 442000/2419265 (18.27%)
entry 443000/2419265 (18.3113%)
entry 444000/2419265 (18.3527%)
entry 448000/2419265 (18.518%)
entry 449000/2419265 (18.5594%)
entry 451000/2419265 (18.642%)
entry 452000/2419265 (18.6834%)
entry 453000/2419265 (18.7247%)
entry 454000/2419265 (18.766%)
entry 456000/2419265 (18.8487%)
entry 457000/2419265 (18.89%)
entry 459000/2419265 (18.9727%)
entry 460000/2419265 (19.014%)
entry 462000/2419265 (19.0967%)
entry 463000/2419265 (19.138%)
entry 468000/2419265 (19.3447%)
entry 469000/2419265 (19.3861%)
entry 471000/2419265 (19.4687%)
entry 472000/2419265 (19.5101%)
entry 473000/2419265 (19.5514%)
entry 474000/2419265 (19.5927%)
entry 475000/2419265 (19.6341%)
entry 476000/2419265 (19.6754%)
entry 477000/2419265 (19.7167%)
entry 479000/2419265 (19.7994%)
entry 480000/2419265 (19.8407%)
entry 482000/2419265 (19.9234%)
entry 483000/2419265 (19.9647%)
entry 484000/2419265 (20.0061%)
entry 486000/2419265 (20.0887%)
entry 488000/2419265 (20.1714%)
entry 489000/2419265 (20.2128%)
entry 490000/2419265 (20.2541%)
entry 491000/2419265 (20.2954%)
entry 492000/2419265 (20.3368%)
entry 493000/2419265 (20.3781%)
entry 494000/2419265 (20.4194%)
entry 495000/2419265 (20.4608%)
entry 497000/2419265 (20.5434%)
entry 498000/2419265 (20.5848%)
entry 501000/2419265 (20.7088%)
entry 502000/2419265 (20.7501%)
entry 503000/2419265 (20.7914%)
entry 504000/2419265 (20.8328%)
entry 505000/2419265 (20.8741%)
entry 506000/2419265 (20.9154%)
entry 507000/2419265 (20.9568%)
entry 508000/2419265 (20.9981%)
entry 510000/2419265 (21.0808%)
entry 511000/2419265 (21.1221%)
entry 512000/2419265 (21.1635%)
entry 513000/2419265 (21.2048%)
entry 515000/2419265 (21.2875%)
entry 516000/2419265 (21.3288%)
entry 517000/2419265 (21.3701%)
entry 519000/2419265 (21.4528%)
entry 521000/2419265 (21.5355%)
entry 522000/2419265 (21.5768%)
entry 524000/2419265 (21.6595%)
entry 526000/2419265 (21.7421%)
entry 528000/2419265 (21.8248%)
entry 529000/2419265 (21.8661%)
entry 530000/2419265 (21.9075%)
entry 533000/2419265 (22.0315%)
entry 534000/2419265 (22.0728%)
entry 535000/2419265 (22.1142%)
entry 536000/2419265 (22.1555%)
entry 540000/2419265 (22.3208%)
entry 541000/2419265 (22.3622%)
entry 542000/2419265 (22.4035%)
entry 543000/2419265 (22.4448%)
entry 544000/2419265 (22.4862%)
entry 547000/2419265 (22.6102%)
entry 548000/2419265 (22.6515%)
entry 551000/2419265 (22.7755%)
entry 552000/2419265 (22.8168%)
entry 554000/2419265 (22.8995%)
entry 555000/2419265 (22.9409%)
entry 557000/2419265 (23.0235%)
entry 558000/2419265 (23.0649%)
entry 559000/2419265 (23.1062%)
entry 560000/2419265 (23.1475%)
entry 561000/2419265 (23.1889%)
entry 562000/2419265 (23.2302%)
entry 563000/2419265 (23.2715%)
entry 565000/2419265 (23.3542%)
entry 567000/2419265 (23.4369%)
entry 569000/2419265 (23.5195%)
entry 570000/2419265 (23.5609%)
entry 572000/2419265 (23.6435%)
entry 575000/2419265 (23.7675%)
entry 576000/2419265 (23.8089%)
entry 577000/2419265 (23.8502%)
entry 578000/2419265 (23.8916%)
entry 580000/2419265 (23.9742%)
entry 581000/2419265 (24.0156%)
entry 582000/2419265 (24.0569%)
entry 583000/2419265 (24.0982%)
entry 585000/2419265 (24.1809%)
entry 586000/2419265 (24.2222%)
entry 587000/2419265 (24.2636%)
entry 589000/2419265 (24.3462%)
entry 591000/2419265 (24.4289%)
entry 592000/2419265 (24.4702%)
entry 593000/2419265 (24.5116%)
entry 596000/2419265 (24.6356%)
entry 600000/2419265 (24.8009%)
entry 601000/2419265 (24.8423%)
entry 602000/2419265 (24.8836%)
entry 603000/2419265 (24.9249%)
entry 604000/2419265 (24.9663%)
entry 607000/2419265 (25.0903%)
entry 609000/2419265 (25.1729%)
entry 610000/2419265 (25.2143%)
entry 611000/2419265 (25.2556%)
entry 612000/2419265 (25.2969%)
entry 614000/2419265 (25.3796%)
entry 615000/2419265 (25.4209%)
entry 618000/2419265 (25.5449%)
entry 620000/2419265 (25.6276%)
entry 621000/2419265 (25.669%)
entry 622000/2419265 (25.7103%)
entry 623000/2419265 (25.7516%)
entry 624000/2419265 (25.793%)
entry 625000/2419265 (25.8343%)
entry 626000/2419265 (25.8756%)
entry 627000/2419265 (25.917%)
entry 629000/2419265 (25.9996%)
entry 631000/2419265 (26.0823%)
entry 632000/2419265 (26.1236%)
entry 636000/2419265 (26.289%)
entry 637000/2419265 (26.3303%)
entry 638000/2419265 (26.3716%)
entry 639000/2419265 (26.413%)
entry 640000/2419265 (26.4543%)
entry 641000/2419265 (26.4957%)
entry 642000/2419265 (26.537%)
entry 643000/2419265 (26.5783%)
entry 645000/2419265 (26.661%)
entry 649000/2419265 (26.8263%)
entry 650000/2419265 (26.8677%)
entry 652000/2419265 (26.9503%)
entry 654000/2419265 (27.033%)
entry 655000/2419265 (27.0743%)
entry 657000/2419265 (27.157%)
entry 659000/2419265 (27.2397%)
entry 660000/2419265 (27.281%)
entry 662000/2419265 (27.3637%)
entry 664000/2419265 (27.4464%)
entry 665000/2419265 (27.4877%)
entry 666000/2419265 (27.529%)
entry 667000/2419265 (27.5704%)
entry 668000/2419265 (27.6117%)
entry 674000/2419265 (27.8597%)
entry 675000/2419265 (27.901%)
entry 676000/2419265 (27.9424%)
entry 678000/2419265 (28.025%)
entry 679000/2419265 (28.0664%)
entry 685000/2419265 (28.3144%)
entry 686000/2419265 (28.3557%)
entry 688000/2419265 (28.4384%)
entry 691000/2419265 (28.5624%)
entry 692000/2419265 (28.6037%)
entry 693000/2419265 (28.6451%)
entry 694000/2419265 (28.6864%)
entry 695000/2419265 (28.7277%)
entry 696000/2419265 (28.7691%)
entry 697000/2419265 (28.8104%)
entry 699000/2419265 (28.8931%)
entry 700000/2419265 (28.9344%)
entry 702000/2419265 (29.0171%)
entry 703000/2419265 (29.0584%)
entry 707000/2419265 (29.2238%)
entry 708000/2419265 (29.2651%)
entry 709000/2419265 (29.3064%)
entry 710000/2419265 (29.3478%)
entry 711000/2419265 (29.3891%)
entry 712000/2419265 (29.4304%)
entry 713000/2419265 (29.4718%)
entry 714000/2419265 (29.5131%)
entry 716000/2419265 (29.5958%)
entry 717000/2419265 (29.6371%)
entry 718000/2419265 (29.6784%)
entry 719000/2419265 (29.7198%)
entry 720000/2419265 (29.7611%)
entry 722000/2419265 (29.8438%)
entry 724000/2419265 (29.9264%)
entry 726000/2419265 (30.0091%)
entry 727000/2419265 (30.0505%)
entry 728000/2419265 (30.0918%)
entry 729000/2419265 (30.1331%)
entry 731000/2419265 (30.2158%)
entry 733000/2419265 (30.2985%)
entry 735000/2419265 (30.3811%)
entry 736000/2419265 (30.4225%)
entry 737000/2419265 (30.4638%)
entry 738000/2419265 (30.5051%)
entry 740000/2419265 (30.5878%)
entry 741000/2419265 (30.6291%)
entry 742000/2419265 (30.6705%)
entry 743000/2419265 (30.7118%)
entry 744000/2419265 (30.7531%)
entry 746000/2419265 (30.8358%)
entry 747000/2419265 (30.8771%)
entry 748000/2419265 (30.9185%)
entry 749000/2419265 (30.9598%)
entry 750000/2419265 (31.0012%)
entry 752000/2419265 (31.0838%)
entry 753000/2419265 (31.1252%)
entry 754000/2419265 (31.1665%)
entry 756000/2419265 (31.2492%)
entry 757000/2419265 (31.2905%)
entry 759000/2419265 (31.3732%)
entry 760000/2419265 (31.4145%)
entry 761000/2419265 (31.4558%)
entry 763000/2419265 (31.5385%)
entry 764000/2419265 (31.5798%)
entry 767000/2419265 (31.7038%)
entry 769000/2419265 (31.7865%)
entry 770000/2419265 (31.8278%)
entry 773000/2419265 (31.9519%)
entry 774000/2419265 (31.9932%)
entry 775000/2419265 (32.0345%)
entry 777000/2419265 (32.1172%)
entry 778000/2419265 (32.1585%)
entry 780000/2419265 (32.2412%)
entry 782000/2419265 (32.3239%)
entry 785000/2419265 (32.4479%)
entry 786000/2419265 (32.4892%)
entry 787000/2419265 (32.5305%)
entry 789000/2419265 (32.6132%)
entry 792000/2419265 (32.7372%)
entry 793000/2419265 (32.7785%)
entry 794000/2419265 (32.8199%)
entry 795000/2419265 (32.8612%)
entry 796000/2419265 (32.9026%)
entry 797000/2419265 (32.9439%)
entry 798000/2419265 (32.9852%)
entry 799000/2419265 (33.0266%)
entry 800000/2419265 (33.0679%)
entry 801000/2419265 (33.1092%)
entry 802000/2419265 (33.1506%)
entry 803000/2419265 (33.1919%)
entry 804000/2419265 (33.2332%)
entry 805000/2419265 (33.2746%)
entry 806000/2419265 (33.3159%)
entry 808000/2419265 (33.3986%)
entry 812000/2419265 (33.5639%)
entry 813000/2419265 (33.6052%)
entry 815000/2419265 (33.6879%)
entry 816000/2419265 (33.7293%)
entry 818000/2419265 (33.8119%)
entry 821000/2419265 (33.9359%)
entry 822000/2419265 (33.9773%)
entry 823000/2419265 (34.0186%)
entry 824000/2419265 (34.0599%)
entry 825000/2419265 (34.1013%)
entry 828000/2419265 (34.2253%)
entry 829000/2419265 (34.2666%)
entry 830000/2419265 (34.3079%)
entry 832000/2419265 (34.3906%)
entry 833000/2419265 (34.4319%)
entry 836000/2419265 (34.556%)
entry 837000/2419265 (34.5973%)
entry 838000/2419265 (34.6386%)
entry 840000/2419265 (34.7213%)
entry 844000/2419265 (34.8866%)
entry 845000/2419265 (34.928%)
entry 846000/2419265 (34.9693%)
entry 847000/2419265 (35.0106%)
entry 849000/2419265 (35.0933%)
entry 852000/2419265 (35.2173%)
entry 854000/2419265 (35.3%)
entry 855000/2419265 (35.3413%)
entry 856000/2419265 (35.3826%)
entry 858000/2419265 (35.4653%)
entry 861000/2419265 (35.5893%)
entry 863000/2419265 (35.672%)
entry 865000/2419265 (35.7547%)
entry 868000/2419265 (35.8787%)
entry 869000/2419265 (35.92%)
entry 871000/2419265 (36.0027%)
entry 874000/2419265 (36.1267%)
entry 876000/2419265 (36.2093%)
entry 877000/2419265 (36.2507%)
entry 880000/2419265 (36.3747%)
entry 881000/2419265 (36.416%)
entry 882000/2419265 (36.4574%)
entry 884000/2419265 (36.54%)
entry 886000/2419265 (36.6227%)
entry 887000/2419265 (36.664%)
entry 889000/2419265 (36.7467%)
entry 890000/2419265 (36.788%)
entry 893000/2419265 (36.912%)
entry 894000/2419265 (36.9534%)
entry 895000/2419265 (36.9947%)
entry 896000/2419265 (37.036%)
entry 897000/2419265 (37.0774%)
entry 900000/2419265 (37.2014%)
entry 901000/2419265 (37.2427%)
entry 908000/2419265 (37.5321%)
entry 909000/2419265 (37.5734%)
entry 911000/2419265 (37.6561%)
entry 914000/2419265 (37.7801%)
entry 915000/2419265 (37.8214%)
entry 916000/2419265 (37.8627%)
entry 917000/2419265 (37.9041%)
entry 919000/2419265 (37.9867%)
entry 920000/2419265 (38.0281%)
entry 921000/2419265 (38.0694%)
entry 922000/2419265 (38.1107%)
entry 923000/2419265 (38.1521%)
entry 924000/2419265 (38.1934%)
entry 926000/2419265 (38.2761%)
entry 927000/2419265 (38.3174%)
entry 928000/2419265 (38.3588%)
entry 930000/2419265 (38.4414%)
entry 931000/2419265 (38.4828%)
entry 932000/2419265 (38.5241%)
entry 933000/2419265 (38.5654%)
entry 936000/2419265 (38.6894%)
entry 937000/2419265 (38.7308%)
entry 938000/2419265 (38.7721%)
entry 939000/2419265 (38.8134%)
entry 940000/2419265 (38.8548%)
entry 942000/2419265 (38.9374%)
entry 945000/2419265 (39.0615%)
entry 946000/2419265 (39.1028%)
entry 947000/2419265 (39.1441%)
entry 950000/2419265 (39.2681%)
entry 951000/2419265 (39.3095%)
entry 952000/2419265 (39.3508%)
entry 953000/2419265 (39.3921%)
entry 954000/2419265 (39.4335%)
entry 955000/2419265 (39.4748%)
entry 956000/2419265 (39.5161%)
entry 957000/2419265 (39.5575%)
entry 958000/2419265 (39.5988%)
entry 959000/2419265 (39.6401%)
entry 960000/2419265 (39.6815%)
entry 962000/2419265 (39.7641%)
entry 964000/2419265 (39.8468%)
entry 965000/2419265 (39.8881%)
entry 967000/2419265 (39.9708%)
entry 968000/2419265 (40.0122%)
entry 970000/2419265 (40.0948%)
entry 972000/2419265 (40.1775%)
entry 974000/2419265 (40.2602%)
entry 978000/2419265 (40.4255%)
entry 979000/2419265 (40.4668%)
entry 983000/2419265 (40.6322%)
entry 985000/2419265 (40.7148%)
entry 986000/2419265 (40.7562%)
entry 987000/2419265 (40.7975%)
entry 988000/2419265 (40.8388%)
entry 990000/2419265 (40.9215%)
entry 991000/2419265 (40.9629%)
entry 992000/2419265 (41.0042%)
entry 993000/2419265 (41.0455%)
entry 994000/2419265 (41.0869%)
entry 995000/2419265 (41.1282%)
entry 997000/2419265 (41.2109%)
entry 998000/2419265 (41.2522%)
entry 999000/2419265 (41.2935%)
entry 1001000/2419265 (41.3762%)
entry 1002000/2419265 (41.4175%)
entry 1003000/2419265 (41.4589%)
entry 1005000/2419265 (41.5415%)
entry 1006000/2419265 (41.5829%)
entry 1008000/2419265 (41.6655%)
entry 1009000/2419265 (41.7069%)
entry 1011000/2419265 (41.7896%)
entry 1012000/2419265 (41.8309%)
entry 1015000/2419265 (41.9549%)
entry 1016000/2419265 (41.9962%)
entry 1017000/2419265 (42.0376%)
entry 1018000/2419265 (42.0789%)
entry 1019000/2419265 (42.1202%)
entry 1020000/2419265 (42.1616%)
entry 1021000/2419265 (42.2029%)
entry 1023000/2419265 (42.2856%)
entry 1026000/2419265 (42.4096%)
entry 1028000/2419265 (42.4922%)
entry 1030000/2419265 (42.5749%)
entry 1031000/2419265 (42.6162%)
entry 1033000/2419265 (42.6989%)
entry 1034000/2419265 (42.7403%)
entry 1035000/2419265 (42.7816%)
entry 1036000/2419265 (42.8229%)
entry 1038000/2419265 (42.9056%)
entry 1039000/2419265 (42.9469%)
entry 1040000/2419265 (42.9883%)
entry 1041000/2419265 (43.0296%)
entry 1042000/2419265 (43.0709%)
entry 1043000/2419265 (43.1123%)
entry 1046000/2419265 (43.2363%)
entry 1047000/2419265 (43.2776%)
entry 1050000/2419265 (43.4016%)
entry 1052000/2419265 (43.4843%)
entry 1053000/2419265 (43.5256%)
entry 1055000/2419265 (43.6083%)
entry 1057000/2419265 (43.691%)
entry 1058000/2419265 (43.7323%)
entry 1059000/2419265 (43.7736%)
entry 1063000/2419265 (43.939%)
entry 1064000/2419265 (43.9803%)
entry 1066000/2419265 (44.063%)
entry 1067000/2419265 (44.1043%)
entry 1068000/2419265 (44.1456%)
entry 1069000/2419265 (44.187%)
entry 1070000/2419265 (44.2283%)
entry 1072000/2419265 (44.311%)
entry 1073000/2419265 (44.3523%)
entry 1074000/2419265 (44.3936%)
entry 1075000/2419265 (44.435%)
entry 1078000/2419265 (44.559%)
entry 1079000/2419265 (44.6003%)
entry 1080000/2419265 (44.6417%)
entry 1081000/2419265 (44.683%)
entry 1084000/2419265 (44.807%)
entry 1085000/2419265 (44.8483%)
entry 1089000/2419265 (45.0137%)
entry 1090000/2419265 (45.055%)
entry 1093000/2419265 (45.179%)
entry 1094000/2419265 (45.2203%)
entry 1095000/2419265 (45.2617%)
entry 1097000/2419265 (45.3443%)
entry 1098000/2419265 (45.3857%)
entry 1099000/2419265 (45.427%)
entry 1100000/2419265 (45.4684%)
entry 1101000/2419265 (45.5097%)
entry 1102000/2419265 (45.551%)
entry 1103000/2419265 (45.5924%)
entry 1104000/2419265 (45.6337%)
entry 1106000/2419265 (45.7164%)
entry 1108000/2419265 (45.799%)
entry 1109000/2419265 (45.8404%)
entry 1110000/2419265 (45.8817%)
entry 1111000/2419265 (45.923%)
entry 1113000/2419265 (46.0057%)
entry 1115000/2419265 (46.0884%)
entry 1117000/2419265 (46.171%)
entry 1119000/2419265 (46.2537%)
entry 1121000/2419265 (46.3364%)
entry 1122000/2419265 (46.3777%)
entry 1124000/2419265 (46.4604%)
entry 1127000/2419265 (46.5844%)
entry 1128000/2419265 (46.6257%)
entry 1129000/2419265 (46.6671%)
entry 1130000/2419265 (46.7084%)
entry 1131000/2419265 (46.7497%)
entry 1132000/2419265 (46.7911%)
entry 1133000/2419265 (46.8324%)
entry 1134000/2419265 (46.8737%)
entry 1135000/2419265 (46.9151%)
entry 1136000/2419265 (46.9564%)
entry 1137000/2419265 (46.9977%)
entry 1139000/2419265 (47.0804%)
entry 1140000/2419265 (47.1217%)
entry 1142000/2419265 (47.2044%)
entry 1143000/2419265 (47.2458%)
entry 1145000/2419265 (47.3284%)
entry 1148000/2419265 (47.4524%)
entry 1150000/2419265 (47.5351%)
entry 1151000/2419265 (47.5764%)
entry 1152000/2419265 (47.6178%)
entry 1153000/2419265 (47.6591%)
entry 1154000/2419265 (47.7004%)
entry 1155000/2419265 (47.7418%)
entry 1156000/2419265 (47.7831%)
entry 1157000/2419265 (47.8244%)
entry 1158000/2419265 (47.8658%)
entry 1159000/2419265 (47.9071%)
entry 1160000/2419265 (47.9484%)
entry 1163000/2419265 (48.0725%)
entry 1164000/2419265 (48.1138%)
entry 1165000/2419265 (48.1551%)
entry 1166000/2419265 (48.1965%)
entry 1167000/2419265 (48.2378%)
entry 1173000/2419265 (48.4858%)
entry 1174000/2419265 (48.5271%)
entry 1175000/2419265 (48.5685%)
entry 1176000/2419265 (48.6098%)
entry 1177000/2419265 (48.6511%)
entry 1181000/2419265 (48.8165%)
entry 1183000/2419265 (48.8991%)
entry 1184000/2419265 (48.9405%)
entry 1185000/2419265 (48.9818%)
entry 1187000/2419265 (49.0645%)
entry 1188000/2419265 (49.1058%)
entry 1189000/2419265 (49.1472%)
entry 1191000/2419265 (49.2298%)
entry 1193000/2419265 (49.3125%)
entry 1194000/2419265 (49.3538%)
entry 1197000/2419265 (49.4778%)
entry 1199000/2419265 (49.5605%)
entry 1200000/2419265 (49.6018%)
entry 1201000/2419265 (49.6432%)
entry 1202000/2419265 (49.6845%)
entry 1203000/2419265 (49.7258%)
entry 1204000/2419265 (49.7672%)
entry 1207000/2419265 (49.8912%)
entry 1208000/2419265 (49.9325%)
entry 1211000/2419265 (50.0565%)
entry 1212000/2419265 (50.0979%)
entry 1213000/2419265 (50.1392%)
entry 1214000/2419265 (50.1805%)
entry 1216000/2419265 (50.2632%)
entry 1218000/2419265 (50.3459%)
entry 1221000/2419265 (50.4699%)
entry 1224000/2419265 (50.5939%)
entry 1225000/2419265 (50.6352%)
entry 1226000/2419265 (50.6765%)
entry 1227000/2419265 (50.7179%)
entry 1228000/2419265 (50.7592%)
entry 1229000/2419265 (50.8006%)
entry 1230000/2419265 (50.8419%)
entry 1233000/2419265 (50.9659%)
entry 1235000/2419265 (51.0486%)
entry 1236000/2419265 (51.0899%)
entry 1237000/2419265 (51.1312%)
entry 1238000/2419265 (51.1726%)
entry 1240000/2419265 (51.2552%)
entry 1241000/2419265 (51.2966%)
entry 1242000/2419265 (51.3379%)
entry 1243000/2419265 (51.3792%)
entry 1244000/2419265 (51.4206%)
entry 1245000/2419265 (51.4619%)
entry 1246000/2419265 (51.5032%)
entry 1248000/2419265 (51.5859%)
entry 1249000/2419265 (51.6272%)
entry 1250000/2419265 (51.6686%)
entry 1251000/2419265 (51.7099%)
entry 1253000/2419265 (51.7926%)
entry 1254000/2419265 (51.8339%)
entry 1255000/2419265 (51.8753%)
entry 1257000/2419265 (51.9579%)
entry 1259000/2419265 (52.0406%)
entry 1260000/2419265 (52.0819%)
entry 1262000/2419265 (52.1646%)
entry 1263000/2419265 (52.2059%)
entry 1264000/2419265 (52.2473%)
entry 1265000/2419265 (52.2886%)
entry 1266000/2419265 (52.3299%)
entry 1267000/2419265 (52.3713%)
entry 1269000/2419265 (52.4539%)
entry 1270000/2419265 (52.4953%)
entry 1271000/2419265 (52.5366%)
entry 1272000/2419265 (52.578%)
entry 1273000/2419265 (52.6193%)
entry 1274000/2419265 (52.6606%)
entry 1275000/2419265 (52.702%)
entry 1276000/2419265 (52.7433%)
entry 1277000/2419265 (52.7846%)
entry 1278000/2419265 (52.826%)
entry 1279000/2419265 (52.8673%)
entry 1282000/2419265 (52.9913%)
entry 1283000/2419265 (53.0326%)
entry 1284000/2419265 (53.074%)
entry 1286000/2419265 (53.1566%)
entry 1287000/2419265 (53.198%)
entry 1289000/2419265 (53.2806%)
entry 1292000/2419265 (53.4046%)
entry 1293000/2419265 (53.446%)
entry 1294000/2419265 (53.4873%)
entry 1296000/2419265 (53.57%)
entry 1298000/2419265 (53.6527%)
entry 1301000/2419265 (53.7767%)
entry 1302000/2419265 (53.818%)
entry 1304000/2419265 (53.9007%)
entry 1306000/2419265 (53.9833%)
entry 1307000/2419265 (54.0247%)
entry 1308000/2419265 (54.066%)
entry 1309000/2419265 (54.1073%)
entry 1310000/2419265 (54.1487%)
entry 1312000/2419265 (54.2313%)
entry 1316000/2419265 (54.3967%)
entry 1317000/2419265 (54.438%)
entry 1319000/2419265 (54.5207%)
entry 1322000/2419265 (54.6447%)
entry 1323000/2419265 (54.686%)
entry 1324000/2419265 (54.7274%)
entry 1325000/2419265 (54.7687%)
entry 1326000/2419265 (54.81%)
entry 1327000/2419265 (54.8514%)
entry 1328000/2419265 (54.8927%)
entry 1329000/2419265 (54.934%)
entry 1330000/2419265 (54.9754%)
entry 1331000/2419265 (55.0167%)
entry 1332000/2419265 (55.058%)
entry 1335000/2419265 (55.1821%)
entry 1337000/2419265 (55.2647%)
entry 1338000/2419265 (55.3061%)
entry 1340000/2419265 (55.3887%)
entry 1342000/2419265 (55.4714%)
entry 1344000/2419265 (55.5541%)
entry 1346000/2419265 (55.6367%)
entry 1349000/2419265 (55.7607%)
entry 1355000/2419265 (56.0087%)
entry 1356000/2419265 (56.0501%)
entry 1357000/2419265 (56.0914%)
entry 1359000/2419265 (56.1741%)
entry 1360000/2419265 (56.2154%)
entry 1361000/2419265 (56.2568%)
entry 1362000/2419265 (56.2981%)
entry 1364000/2419265 (56.3808%)
entry 1365000/2419265 (56.4221%)
entry 1367000/2419265 (56.5048%)
entry 1368000/2419265 (56.5461%)
entry 1370000/2419265 (56.6288%)
entry 1371000/2419265 (56.6701%)
entry 1373000/2419265 (56.7528%)
entry 1374000/2419265 (56.7941%)
entry 1375000/2419265 (56.8354%)
entry 1376000/2419265 (56.8768%)
entry 1377000/2419265 (56.9181%)
entry 1378000/2419265 (56.9595%)
entry 1380000/2419265 (57.0421%)
entry 1381000/2419265 (57.0835%)
entry 1382000/2419265 (57.1248%)
entry 1383000/2419265 (57.1661%)
entry 1385000/2419265 (57.2488%)
entry 1386000/2419265 (57.2901%)
entry 1387000/2419265 (57.3315%)
entry 1389000/2419265 (57.4141%)
entry 1390000/2419265 (57.4555%)
entry 1392000/2419265 (57.5381%)
entry 1393000/2419265 (57.5795%)
entry 1394000/2419265 (57.6208%)
entry 1395000/2419265 (57.6621%)
entry 1396000/2419265 (57.7035%)
entry 1400000/2419265 (57.8688%)
entry 1401000/2419265 (57.9102%)
entry 1402000/2419265 (57.9515%)
entry 1405000/2419265 (58.0755%)
entry 1406000/2419265 (58.1168%)
entry 1407000/2419265 (58.1582%)
entry 1408000/2419265 (58.1995%)
entry 1412000/2419265 (58.3648%)
entry 1413000/2419265 (58.4062%)
entry 1415000/2419265 (58.4888%)
entry 1416000/2419265 (58.5302%)
entry 1417000/2419265 (58.5715%)
entry 1419000/2419265 (58.6542%)
entry 1421000/2419265 (58.7368%)
entry 1422000/2419265 (58.7782%)
entry 1425000/2419265 (58.9022%)
entry 1426000/2419265 (58.9435%)
entry 1427000/2419265 (58.9849%)
entry 1430000/2419265 (59.1089%)
entry 1434000/2419265 (59.2742%)
entry 1437000/2419265 (59.3982%)
entry 1438000/2419265 (59.4395%)
entry 1439000/2419265 (59.4809%)
entry 1440000/2419265 (59.5222%)
entry 1441000/2419265 (59.5635%)
entry 1442000/2419265 (59.6049%)
entry 1443000/2419265 (59.6462%)
entry 1444000/2419265 (59.6875%)
entry 1446000/2419265 (59.7702%)
entry 1447000/2419265 (59.8116%)
entry 1449000/2419265 (59.8942%)
entry 1450000/2419265 (59.9356%)
entry 1451000/2419265 (59.9769%)
entry 1453000/2419265 (60.0596%)
entry 1454000/2419265 (60.1009%)
entry 1456000/2419265 (60.1836%)
entry 1458000/2419265 (60.2662%)
entry 1460000/2419265 (60.3489%)
entry 1461000/2419265 (60.3902%)
entry 1464000/2419265 (60.5142%)
entry 1465000/2419265 (60.5556%)
entry 1466000/2419265 (60.5969%)
entry 1469000/2419265 (60.7209%)
entry 1470000/2419265 (60.7623%)
entry 1471000/2419265 (60.8036%)
entry 1477000/2419265 (61.0516%)
entry 1478000/2419265 (61.0929%)
entry 1479000/2419265 (61.1343%)
entry 1481000/2419265 (61.2169%)
entry 1483000/2419265 (61.2996%)
entry 1484000/2419265 (61.3409%)
entry 1485000/2419265 (61.3823%)
entry 1486000/2419265 (61.4236%)
entry 1488000/2419265 (61.5063%)
entry 1489000/2419265 (61.5476%)
entry 1490000/2419265 (61.589%)
entry 1492000/2419265 (61.6716%)
entry 1493000/2419265 (61.713%)
entry 1494000/2419265 (61.7543%)
entry 1495000/2419265 (61.7956%)
entry 1496000/2419265 (61.837%)
entry 1497000/2419265 (61.8783%)
entry 1498000/2419265 (61.9196%)
entry 1499000/2419265 (61.961%)
entry 1500000/2419265 (62.0023%)
entry 1501000/2419265 (62.0436%)
entry 1503000/2419265 (62.1263%)
entry 1504000/2419265 (62.1676%)
entry 1505000/2419265 (62.209%)
entry 1507000/2419265 (62.2916%)
entry 1509000/2419265 (62.3743%)
entry 1510000/2419265 (62.4157%)
entry 1511000/2419265 (62.457%)
entry 1512000/2419265 (62.4983%)
entry 1513000/2419265 (62.5397%)
entry 1519000/2419265 (62.7877%)
entry 1522000/2419265 (62.9117%)
entry 1523000/2419265 (62.953%)
entry 1527000/2419265 (63.1183%)
entry 1529000/2419265 (63.201%)
entry 1531000/2419265 (63.2837%)
entry 1532000/2419265 (63.325%)
entry 1534000/2419265 (63.4077%)
entry 1535000/2419265 (63.449%)
entry 1536000/2419265 (63.4904%)
entry 1537000/2419265 (63.5317%)
entry 1539000/2419265 (63.6144%)
entry 1540000/2419265 (63.6557%)
entry 1541000/2419265 (63.697%)
entry 1544000/2419265 (63.821%)
entry 1545000/2419265 (63.8624%)
entry 1546000/2419265 (63.9037%)
entry 1547000/2419265 (63.945%)
entry 1549000/2419265 (64.0277%)
entry 1552000/2419265 (64.1517%)
entry 1553000/2419265 (64.1931%)
entry 1555000/2419265 (64.2757%)
entry 1556000/2419265 (64.3171%)
entry 1557000/2419265 (64.3584%)
entry 1560000/2419265 (64.4824%)
entry 1562000/2419265 (64.5651%)
entry 1564000/2419265 (64.6477%)
entry 1565000/2419265 (64.6891%)
entry 1566000/2419265 (64.7304%)
entry 1568000/2419265 (64.8131%)
entry 1571000/2419265 (64.9371%)
entry 1572000/2419265 (64.9784%)
entry 1573000/2419265 (65.0198%)
entry 1575000/2419265 (65.1024%)
entry 1578000/2419265 (65.2264%)
entry 1579000/2419265 (65.2678%)
entry 1582000/2419265 (65.3918%)
entry 1583000/2419265 (65.4331%)
entry 1585000/2419265 (65.5158%)
entry 1586000/2419265 (65.5571%)
entry 1587000/2419265 (65.5984%)
entry 1588000/2419265 (65.6398%)
entry 1589000/2419265 (65.6811%)
entry 1590000/2419265 (65.7224%)
entry 1591000/2419265 (65.7638%)
entry 1593000/2419265 (65.8464%)
entry 1594000/2419265 (65.8878%)
entry 1595000/2419265 (65.9291%)
entry 1597000/2419265 (66.0118%)
entry 1599000/2419265 (66.0945%)
entry 1600000/2419265 (66.1358%)
entry 1601000/2419265 (66.1771%)
entry 1602000/2419265 (66.2185%)
entry 1603000/2419265 (66.2598%)
entry 1604000/2419265 (66.3011%)
entry 1605000/2419265 (66.3425%)
entry 1606000/2419265 (66.3838%)
entry 1608000/2419265 (66.4665%)
entry 1609000/2419265 (66.5078%)
entry 1612000/2419265 (66.6318%)
entry 1614000/2419265 (66.7145%)
entry 1618000/2419265 (66.8798%)
entry 1619000/2419265 (66.9212%)
entry 1620000/2419265 (66.9625%)
entry 1621000/2419265 (67.0038%)
entry 1622000/2419265 (67.0452%)
entry 1623000/2419265 (67.0865%)
entry 1624000/2419265 (67.1278%)
entry 1625000/2419265 (67.1692%)
entry 1626000/2419265 (67.2105%)
entry 1627000/2419265 (67.2518%)
entry 1628000/2419265 (67.2932%)
entry 1629000/2419265 (67.3345%)
entry 1630000/2419265 (67.3758%)
entry 1632000/2419265 (67.4585%)
entry 1634000/2419265 (67.5412%)
entry 1636000/2419265 (67.6238%)
entry 1637000/2419265 (67.6652%)
entry 1638000/2419265 (67.7065%)
entry 1639000/2419265 (67.7478%)
entry 1640000/2419265 (67.7892%)
entry 1641000/2419265 (67.8305%)
entry 1643000/2419265 (67.9132%)
entry 1644000/2419265 (67.9545%)
entry 1645000/2419265 (67.9959%)
entry 1648000/2419265 (68.1199%)
entry 1649000/2419265 (68.1612%)
entry 1650000/2419265 (68.2025%)
entry 1652000/2419265 (68.2852%)
entry 1653000/2419265 (68.3265%)
entry 1655000/2419265 (68.4092%)
entry 1657000/2419265 (68.4919%)
entry 1660000/2419265 (68.6159%)
entry 1661000/2419265 (68.6572%)
entry 1662000/2419265 (68.6985%)
entry 1663000/2419265 (68.7399%)
entry 1664000/2419265 (68.7812%)
entry 1666000/2419265 (68.8639%)
entry 1667000/2419265 (68.9052%)
entry 1670000/2419265 (69.0292%)
entry 1672000/2419265 (69.1119%)
entry 1673000/2419265 (69.1532%)
entry 1674000/2419265 (69.1946%)
entry 1677000/2419265 (69.3186%)
entry 1678000/2419265 (69.3599%)
entry 1679000/2419265 (69.4012%)
entry 1680000/2419265 (69.4426%)
entry 1682000/2419265 (69.5252%)
entry 1684000/2419265 (69.6079%)
entry 1685000/2419265 (69.6493%)
entry 1686000/2419265 (69.6906%)
entry 1690000/2419265 (69.8559%)
entry 1691000/2419265 (69.8973%)
entry 1692000/2419265 (69.9386%)
entry 1695000/2419265 (70.0626%)
entry 1696000/2419265 (70.1039%)
entry 1697000/2419265 (70.1453%)
entry 1698000/2419265 (70.1866%)
entry 1699000/2419265 (70.2279%)
entry 1700000/2419265 (70.2693%)
entry 1701000/2419265 (70.3106%)
entry 1702000/2419265 (70.3519%)
entry 1705000/2419265 (70.4759%)
entry 1706000/2419265 (70.5173%)
entry 1707000/2419265 (70.5586%)
entry 1709000/2419265 (70.6413%)
entry 1710000/2419265 (70.6826%)
entry 1711000/2419265 (70.724%)
entry 1712000/2419265 (70.7653%)
entry 1713000/2419265 (70.8066%)
entry 1714000/2419265 (70.848%)
entry 1716000/2419265 (70.9306%)
entry 1719000/2419265 (71.0546%)
entry 1720000/2419265 (71.096%)
entry 1721000/2419265 (71.1373%)
entry 1722000/2419265 (71.1786%)
entry 1723000/2419265 (71.22%)
entry 1725000/2419265 (71.3026%)
entry 1727000/2419265 (71.3853%)
entry 1728000/2419265 (71.4267%)
entry 1730000/2419265 (71.5093%)
entry 1731000/2419265 (71.5507%)
entry 1732000/2419265 (71.592%)
entry 1733000/2419265 (71.6333%)
entry 1734000/2419265 (71.6747%)
entry 1735000/2419265 (71.716%)
entry 1737000/2419265 (71.7987%)
entry 1738000/2419265 (71.84%)
entry 1739000/2419265 (71.8813%)
entry 1741000/2419265 (71.964%)
entry 1744000/2419265 (72.088%)
entry 1745000/2419265 (72.1293%)
entry 1748000/2419265 (72.2534%)
entry 1749000/2419265 (72.2947%)
entry 1750000/2419265 (72.336%)
entry 1751000/2419265 (72.3774%)
entry 1752000/2419265 (72.4187%)
entry 1753000/2419265 (72.46%)
entry 1754000/2419265 (72.5014%)
entry 1755000/2419265 (72.5427%)
entry 1756000/2419265 (72.584%)
entry 1757000/2419265 (72.6254%)
entry 1758000/2419265 (72.6667%)
entry 1759000/2419265 (72.708%)
entry 1760000/2419265 (72.7494%)
entry 1761000/2419265 (72.7907%)
entry 1762000/2419265 (72.832%)
entry 1763000/2419265 (72.8734%)
entry 1764000/2419265 (72.9147%)
entry 1766000/2419265 (72.9974%)
entry 1767000/2419265 (73.0387%)
entry 1768000/2419265 (73.08%)
entry 1769000/2419265 (73.1214%)
entry 1770000/2419265 (73.1627%)
entry 1773000/2419265 (73.2867%)
entry 1774000/2419265 (73.3281%)
entry 1776000/2419265 (73.4107%)
entry 1779000/2419265 (73.5347%)
entry 1781000/2419265 (73.6174%)
entry 1782000/2419265 (73.6587%)
entry 1783000/2419265 (73.7001%)
entry 1784000/2419265 (73.7414%)
entry 1786000/2419265 (73.8241%)
entry 1787000/2419265 (73.8654%)
entry 1788000/2419265 (73.9067%)
entry 1789000/2419265 (73.9481%)
entry 1790000/2419265 (73.9894%)
entry 1791000/2419265 (74.0308%)
entry 1792000/2419265 (74.0721%)
entry 1793000/2419265 (74.1134%)
entry 1795000/2419265 (74.1961%)
entry 1796000/2419265 (74.2374%)
entry 1797000/2419265 (74.2788%)
entry 1798000/2419265 (74.3201%)
entry 1800000/2419265 (74.4028%)
entry 1801000/2419265 (74.4441%)
entry 1802000/2419265 (74.4854%)
entry 1803000/2419265 (74.5268%)
entry 1804000/2419265 (74.5681%)
entry 1810000/2419265 (74.8161%)
entry 1811000/2419265 (74.8574%)
entry 1812000/2419265 (74.8988%)
entry 1813000/2419265 (74.9401%)
entry 1814000/2419265 (74.9815%)
entry 1816000/2419265 (75.0641%)
entry 1817000/2419265 (75.1055%)
entry 1820000/2419265 (75.2295%)
entry 1821000/2419265 (75.2708%)
entry 1823000/2419265 (75.3535%)
entry 1825000/2419265 (75.4361%)
entry 1828000/2419265 (75.5601%)
entry 1829000/2419265 (75.6015%)
entry 1830000/2419265 (75.6428%)
entry 1831000/2419265 (75.6841%)
entry 1833000/2419265 (75.7668%)
entry 1834000/2419265 (75.8081%)
entry 1835000/2419265 (75.8495%)
entry 1836000/2419265 (75.8908%)
entry 1837000/2419265 (75.9322%)
entry 1838000/2419265 (75.9735%)
entry 1839000/2419265 (76.0148%)
entry 1840000/2419265 (76.0562%)
entry 1841000/2419265 (76.0975%)
entry 1843000/2419265 (76.1802%)
entry 1844000/2419265 (76.2215%)
entry 1846000/2419265 (76.3042%)
entry 1847000/2419265 (76.3455%)
entry 1849000/2419265 (76.4282%)
entry 1851000/2419265 (76.5108%)
entry 1852000/2419265 (76.5522%)
entry 1853000/2419265 (76.5935%)
entry 1854000/2419265 (76.6348%)
entry 1855000/2419265 (76.6762%)
entry 1857000/2419265 (76.7588%)
entry 1858000/2419265 (76.8002%)
entry 1861000/2419265 (76.9242%)
entry 1862000/2419265 (76.9655%)
entry 1863000/2419265 (77.0069%)
entry 1864000/2419265 (77.0482%)
entry 1865000/2419265 (77.0895%)
entry 1866000/2419265 (77.1309%)
entry 1868000/2419265 (77.2135%)
entry 1869000/2419265 (77.2549%)
entry 1870000/2419265 (77.2962%)
entry 1872000/2419265 (77.3789%)
entry 1874000/2419265 (77.4615%)
entry 1875000/2419265 (77.5029%)
entry 1877000/2419265 (77.5855%)
entry 1878000/2419265 (77.6269%)
entry 1880000/2419265 (77.7095%)
entry 1881000/2419265 (77.7509%)
entry 1882000/2419265 (77.7922%)
entry 1883000/2419265 (77.8336%)
entry 1884000/2419265 (77.8749%)
entry 1885000/2419265 (77.9162%)
entry 1886000/2419265 (77.9576%)
entry 1889000/2419265 (78.0816%)
entry 1890000/2419265 (78.1229%)
entry 1891000/2419265 (78.1642%)
entry 1892000/2419265 (78.2056%)
entry 1893000/2419265 (78.2469%)
entry 1894000/2419265 (78.2882%)
entry 1896000/2419265 (78.3709%)
entry 1898000/2419265 (78.4536%)
entry 1899000/2419265 (78.4949%)
entry 1900000/2419265 (78.5362%)
entry 1901000/2419265 (78.5776%)
entry 1903000/2419265 (78.6603%)
entry 1906000/2419265 (78.7843%)
entry 1910000/2419265 (78.9496%)
entry 1911000/2419265 (78.9909%)
entry 1913000/2419265 (79.0736%)
entry 1915000/2419265 (79.1563%)
entry 1919000/2419265 (79.3216%)
entry 1920000/2419265 (79.3629%)
entry 1921000/2419265 (79.4043%)
entry 1922000/2419265 (79.4456%)
entry 1923000/2419265 (79.487%)
entry 1924000/2419265 (79.5283%)
entry 1925000/2419265 (79.5696%)
entry 1926000/2419265 (79.611%)
entry 1927000/2419265 (79.6523%)
entry 1928000/2419265 (79.6936%)
entry 1930000/2419265 (79.7763%)
entry 1931000/2419265 (79.8176%)
entry 1932000/2419265 (79.859%)
entry 1934000/2419265 (79.9416%)
entry 1935000/2419265 (79.983%)
entry 1937000/2419265 (80.0656%)
entry 1938000/2419265 (80.107%)
entry 1940000/2419265 (80.1896%)
entry 1942000/2419265 (80.2723%)
entry 1943000/2419265 (80.3136%)
entry 1944000/2419265 (80.355%)
entry 1945000/2419265 (80.3963%)
entry 1947000/2419265 (80.479%)
entry 1949000/2419265 (80.5617%)
entry 1950000/2419265 (80.603%)
entry 1951000/2419265 (80.6443%)
entry 1952000/2419265 (80.6857%)
entry 1953000/2419265 (80.727%)
entry 1954000/2419265 (80.7683%)
entry 1955000/2419265 (80.8097%)
entry 1956000/2419265 (80.851%)
entry 1958000/2419265 (80.9337%)
entry 1962000/2419265 (81.099%)
entry 1963000/2419265 (81.1403%)
entry 1964000/2419265 (81.1817%)
entry 1965000/2419265 (81.223%)
entry 1966000/2419265 (81.2644%)
entry 1969000/2419265 (81.3884%)
entry 1970000/2419265 (81.4297%)
entry 1971000/2419265 (81.471%)
entry 1972000/2419265 (81.5124%)
entry 1974000/2419265 (81.595%)
entry 1975000/2419265 (81.6364%)
entry 1976000/2419265 (81.6777%)
entry 1977000/2419265 (81.719%)
entry 1978000/2419265 (81.7604%)
entry 1979000/2419265 (81.8017%)
entry 1980000/2419265 (81.843%)
entry 1982000/2419265 (81.9257%)
entry 1983000/2419265 (81.967%)
entry 1985000/2419265 (82.0497%)
entry 1988000/2419265 (82.1737%)
entry 1989000/2419265 (82.2151%)
entry 1990000/2419265 (82.2564%)
entry 1991000/2419265 (82.2977%)
entry 1992000/2419265 (82.3391%)
entry 1995000/2419265 (82.4631%)
entry 2001000/2419265 (82.7111%)
entry 2004000/2419265 (82.8351%)
entry 2006000/2419265 (82.9177%)
entry 2007000/2419265 (82.9591%)
entry 2008000/2419265 (83.0004%)
entry 2010000/2419265 (83.0831%)
entry 2013000/2419265 (83.2071%)
entry 2015000/2419265 (83.2898%)
entry 2017000/2419265 (83.3724%)
entry 2018000/2419265 (83.4138%)
entry 2019000/2419265 (83.4551%)
entry 2021000/2419265 (83.5378%)
entry 2022000/2419265 (83.5791%)
entry 2023000/2419265 (83.6204%)
entry 2024000/2419265 (83.6618%)
entry 2027000/2419265 (83.7858%)
entry 2028000/2419265 (83.8271%)
entry 2030000/2419265 (83.9098%)
entry 2031000/2419265 (83.9511%)
entry 2032000/2419265 (83.9925%)
entry 2033000/2419265 (84.0338%)
entry 2035000/2419265 (84.1165%)
entry 2036000/2419265 (84.1578%)
entry 2037000/2419265 (84.1991%)
entry 2038000/2419265 (84.2405%)
entry 2041000/2419265 (84.3645%)
entry 2042000/2419265 (84.4058%)
entry 2044000/2419265 (84.4885%)
entry 2045000/2419265 (84.5298%)
entry 2047000/2419265 (84.6125%)
entry 2048000/2419265 (84.6538%)
entry 2050000/2419265 (84.7365%)
entry 2052000/2419265 (84.8191%)
entry 2053000/2419265 (84.8605%)
entry 2054000/2419265 (84.9018%)
entry 2055000/2419265 (84.9432%)
entry 2056000/2419265 (84.9845%)
entry 2057000/2419265 (85.0258%)
entry 2058000/2419265 (85.0672%)
entry 2059000/2419265 (85.1085%)
entry 2062000/2419265 (85.2325%)
entry 2063000/2419265 (85.2738%)
entry 2065000/2419265 (85.3565%)
entry 2066000/2419265 (85.3978%)
entry 2067000/2419265 (85.4392%)
entry 2068000/2419265 (85.4805%)
entry 2069000/2419265 (85.5218%)
entry 2070000/2419265 (85.5632%)
entry 2071000/2419265 (85.6045%)
entry 2073000/2419265 (85.6872%)
entry 2075000/2419265 (85.7699%)
entry 2076000/2419265 (85.8112%)
entry 2079000/2419265 (85.9352%)
entry 2080000/2419265 (85.9765%)
entry 2081000/2419265 (86.0179%)
entry 2082000/2419265 (86.0592%)
entry 2085000/2419265 (86.1832%)
entry 2086000/2419265 (86.2245%)
entry 2087000/2419265 (86.2659%)
entry 2088000/2419265 (86.3072%)
entry 2089000/2419265 (86.3485%)
entry 2090000/2419265 (86.3899%)
entry 2091000/2419265 (86.4312%)
entry 2092000/2419265 (86.4725%)
entry 2093000/2419265 (86.5139%)
entry 2098000/2419265 (86.7206%)
entry 2100000/2419265 (86.8032%)
entry 2102000/2419265 (86.8859%)
entry 2105000/2419265 (87.0099%)
entry 2107000/2419265 (87.0926%)
entry 2108000/2419265 (87.1339%)
entry 2110000/2419265 (87.2166%)
entry 2111000/2419265 (87.2579%)
entry 2112000/2419265 (87.2992%)
entry 2113000/2419265 (87.3406%)
entry 2115000/2419265 (87.4232%)
entry 2116000/2419265 (87.4646%)
entry 2119000/2419265 (87.5886%)
entry 2120000/2419265 (87.6299%)
entry 2121000/2419265 (87.6713%)
entry 2122000/2419265 (87.7126%)
entry 2124000/2419265 (87.7953%)
entry 2125000/2419265 (87.8366%)
entry 2126000/2419265 (87.8779%)
entry 2128000/2419265 (87.9606%)
entry 2129000/2419265 (88.0019%)
entry 2130000/2419265 (88.0433%)
entry 2131000/2419265 (88.0846%)
entry 2132000/2419265 (88.1259%)
entry 2133000/2419265 (88.1673%)
entry 2134000/2419265 (88.2086%)
entry 2135000/2419265 (88.2499%)
entry 2136000/2419265 (88.2913%)
entry 2137000/2419265 (88.3326%)
entry 2138000/2419265 (88.3739%)
entry 2139000/2419265 (88.4153%)
entry 2140000/2419265 (88.4566%)
entry 2141000/2419265 (88.498%)
entry 2142000/2419265 (88.5393%)
entry 2143000/2419265 (88.5806%)
entry 2144000/2419265 (88.622%)
entry 2146000/2419265 (88.7046%)
entry 2147000/2419265 (88.746%)
entry 2149000/2419265 (88.8286%)
entry 2152000/2419265 (88.9526%)
entry 2154000/2419265 (89.0353%)
entry 2155000/2419265 (89.0766%)
entry 2156000/2419265 (89.118%)
entry 2159000/2419265 (89.242%)
entry 2160000/2419265 (89.2833%)
entry 2163000/2419265 (89.4073%)
entry 2164000/2419265 (89.4487%)
entry 2165000/2419265 (89.49%)
entry 2166000/2419265 (89.5313%)
entry 2167000/2419265 (89.5727%)
entry 2168000/2419265 (89.614%)
entry 2169000/2419265 (89.6553%)
entry 2170000/2419265 (89.6967%)
entry 2171000/2419265 (89.738%)
entry 2172000/2419265 (89.7793%)
entry 2173000/2419265 (89.8207%)
entry 2174000/2419265 (89.862%)
entry 2176000/2419265 (89.9447%)
entry 2178000/2419265 (90.0273%)
entry 2180000/2419265 (90.11%)
entry 2181000/2419265 (90.1513%)
entry 2182000/2419265 (90.1927%)
entry 2184000/2419265 (90.2754%)
entry 2187000/2419265 (90.3994%)
entry 2189000/2419265 (90.482%)
entry 2190000/2419265 (90.5234%)
entry 2191000/2419265 (90.5647%)
entry 2193000/2419265 (90.6474%)
entry 2194000/2419265 (90.6887%)
entry 2200000/2419265 (90.9367%)
entry 2201000/2419265 (90.978%)
entry 2202000/2419265 (91.0194%)
entry 2204000/2419265 (91.1021%)
entry 2207000/2419265 (91.2261%)
entry 2210000/2419265 (91.3501%)
entry 2211000/2419265 (91.3914%)
entry 2212000/2419265 (91.4327%)
entry 2213000/2419265 (91.4741%)
entry 2214000/2419265 (91.5154%)
entry 2215000/2419265 (91.5567%)
entry 2218000/2419265 (91.6807%)
entry 2219000/2419265 (91.7221%)
entry 2220000/2419265 (91.7634%)
entry 2221000/2419265 (91.8047%)
entry 2222000/2419265 (91.8461%)
entry 2223000/2419265 (91.8874%)
entry 2224000/2419265 (91.9287%)
entry 2226000/2419265 (92.0114%)
entry 2227000/2419265 (92.0528%)
entry 2228000/2419265 (92.0941%)
entry 2229000/2419265 (92.1354%)
entry 2230000/2419265 (92.1768%)
entry 2231000/2419265 (92.2181%)
entry 2235000/2419265 (92.3834%)
entry 2237000/2419265 (92.4661%)
entry 2238000/2419265 (92.5074%)
entry 2240000/2419265 (92.5901%)
entry 2241000/2419265 (92.6314%)
entry 2243000/2419265 (92.7141%)
entry 2244000/2419265 (92.7554%)
entry 2245000/2419265 (92.7968%)
entry 2250000/2419265 (93.0035%)
entry 2251000/2419265 (93.0448%)
entry 2252000/2419265 (93.0861%)
entry 2254000/2419265 (93.1688%)
entry 2255000/2419265 (93.2101%)
entry 2256000/2419265 (93.2515%)
entry 2258000/2419265 (93.3341%)
entry 2260000/2419265 (93.4168%)
entry 2261000/2419265 (93.4581%)
entry 2264000/2419265 (93.5821%)
entry 2265000/2419265 (93.6235%)
entry 2266000/2419265 (93.6648%)
entry 2267000/2419265 (93.7061%)
entry 2269000/2419265 (93.7888%)
entry 2271000/2419265 (93.8715%)
entry 2272000/2419265 (93.9128%)
entry 2273000/2419265 (93.9542%)
entry 2275000/2419265 (94.0368%)
entry 2278000/2419265 (94.1608%)
entry 2279000/2419265 (94.2022%)
entry 2280000/2419265 (94.2435%)
entry 2283000/2419265 (94.3675%)
entry 2286000/2419265 (94.4915%)
entry 2290000/2419265 (94.6568%)
entry 2291000/2419265 (94.6982%)
entry 2292000/2419265 (94.7395%)
entry 2293000/2419265 (94.7809%)
entry 2295000/2419265 (94.8635%)
entry 2296000/2419265 (94.9049%)
entry 2297000/2419265 (94.9462%)
entry 2298000/2419265 (94.9875%)
entry 2299000/2419265 (95.0289%)
entry 2301000/2419265 (95.1115%)
entry 2302000/2419265 (95.1529%)
entry 2303000/2419265 (95.1942%)
entry 2305000/2419265 (95.2769%)
entry 2306000/2419265 (95.3182%)
entry 2308000/2419265 (95.4009%)
entry 2311000/2419265 (95.5249%)
entry 2312000/2419265 (95.5662%)
entry 2313000/2419265 (95.6075%)
entry 2314000/2419265 (95.6489%)
entry 2315000/2419265 (95.6902%)
entry 2317000/2419265 (95.7729%)
entry 2318000/2419265 (95.8142%)
entry 2319000/2419265 (95.8556%)
entry 2320000/2419265 (95.8969%)
entry 2321000/2419265 (95.9382%)
entry 2322000/2419265 (95.9796%)
entry 2323000/2419265 (96.0209%)
entry 2324000/2419265 (96.0622%)
entry 2325000/2419265 (96.1036%)
entry 2327000/2419265 (96.1862%)
entry 2328000/2419265 (96.2276%)
entry 2329000/2419265 (96.2689%)
entry 2331000/2419265 (96.3516%)
entry 2333000/2419265 (96.4342%)
entry 2334000/2419265 (96.4756%)
entry 2335000/2419265 (96.5169%)
entry 2337000/2419265 (96.5996%)
entry 2338000/2419265 (96.6409%)
entry 2341000/2419265 (96.7649%)
entry 2342000/2419265 (96.8063%)
entry 2344000/2419265 (96.8889%)
entry 2345000/2419265 (96.9303%)
entry 2346000/2419265 (96.9716%)
entry 2349000/2419265 (97.0956%)
entry 2350000/2419265 (97.1369%)
entry 2353000/2419265 (97.2609%)
entry 2354000/2419265 (97.3023%)
entry 2357000/2419265 (97.4263%)
entry 2358000/2419265 (97.4676%)
entry 2360000/2419265 (97.5503%)
entry 2362000/2419265 (97.633%)
entry 2363000/2419265 (97.6743%)
entry 2365000/2419265 (97.757%)
entry 2366000/2419265 (97.7983%)
entry 2367000/2419265 (97.8396%)
entry 2368000/2419265 (97.881%)
entry 2369000/2419265 (97.9223%)
entry 2370000/2419265 (97.9636%)
entry 2371000/2419265 (98.005%)
entry 2372000/2419265 (98.0463%)
entry 2373000/2419265 (98.0876%)
entry 2374000/2419265 (98.129%)
entry 2375000/2419265 (98.1703%)
entry 2376000/2419265 (98.2116%)
entry 2377000/2419265 (98.253%)
entry 2379000/2419265 (98.3357%)
entry 2380000/2419265 (98.377%)
entry 2381000/2419265 (98.4183%)
entry 2382000/2419265 (98.4597%)
entry 2383000/2419265 (98.501%)
entry 2384000/2419265 (98.5423%)
entry 2385000/2419265 (98.5837%)
entry 2386000/2419265 (98.625%)
entry 2387000/2419265 (98.6663%)
entry 2388000/2419265 (98.7077%)
entry 2389000/2419265 (98.749%)
entry 2390000/2419265 (98.7903%)
entry 2391000/2419265 (98.8317%)
entry 2392000/2419265 (98.873%)
entry 2393000/2419265 (98.9143%)
entry 2395000/2419265 (98.997%)
entry 2396000/2419265 (99.0383%)
entry 2397000/2419265 (99.0797%)
entry 2399000/2419265 (99.1623%)
entry 2401000/2419265 (99.245%)
entry 2402000/2419265 (99.2864%)
entry 2404000/2419265 (99.369%)
entry 2405000/2419265 (99.4104%)
entry 2406000/2419265 (99.4517%)
entry 2408000/2419265 (99.5344%)
entry 2410000/2419265 (99.617%)
entry 2411000/2419265 (99.6584%)
entry 2412000/2419265 (99.6997%)
entry 2413000/2419265 (99.741%)
entry 2414000/2419265 (99.7824%)
entry 2415000/2419265 (99.8237%)
entry 2416000/2419265 (99.865%)
entry 2417000/2419265 (99.9064%)
entry 2418000/2419265 (99.9477%)
entry 2419000/2419265 (99.989%)
all done
script done
