sphnx1184.sdcc.bnl.gov
rsyncing from /gpfs/mnt/gpfs02/sphenix/user/samfred/run25/ppg11/histmaking
running: /gpfs/mnt/gpfs02/sphenix/user/samfred/run25/ppg11/histmaking/script_data.sh 51740
LD_LIBRARY_PATH now /sphenix/user/samfred/run25/install//lib:/cvmfs/sphenix.sdcc.bnl.gov/alma9.2-gcc-14.2.0/opt/sphenix/core/gcc/14.2.0-2f0a0/x86_64-el9/lib:/cvmfs/sphenix.sdcc.bnl.gov/alma9.2-gcc-14.2.0/opt/sphenix/core/gcc/14.2.0-2f0a0/x86_64-el9/lib64:/cvmfs/sphenix.sdcc.bnl.gov/alma9.2-gcc-14.2.0/opt/sphenix/core/binutils/2.40-acaab/x86_64-el9/lib:.:/cvmfs/sphenix.sdcc.bnl.gov/alma9.2-gcc-14.2.0/release/release_new/new.10/lib64:/cvmfs/sphenix.sdcc.bnl.gov/alma9.2-gcc-14.2.0/release/release_new/new.10/lib:/cvmfs/sphenix.sdcc.bnl.gov/alma9.2-gcc-14.2.0/opt/sphenix/utils/lib:/cvmfs/sphenix.sdcc.bnl.gov/alma9.2-gcc-14.2.0/opt/sphenix/core/lib:/cvmfs/sphenix.sdcc.bnl.gov/alma9.2-gcc-14.2.0/opt/sphenix/core/root-6.32.06/lib:/cvmfs/sphenix.sdcc.bnl.gov/alma9.2-gcc-14.2.0/opt/sphenix/core/geant4.10.07.p04/lib64:/cvmfs/sphenix.sdcc.bnl.gov/alma9.2-gcc-14.2.0/opt/sphenix/core/lhapdf-5.9.1/lib:/usr/local/lib64:/usr/lib64
PATH now /sphenix/user/samfred/run25/install//bin:/cvmfs/sphenix.sdcc.bnl.gov/alma9.2-gcc-14.2.0/opt/sphenix/core/gcc/14.2.0-2f0a0/x86_64-el9/bin:/cvmfs/sphenix.sdcc.bnl.gov/alma9.2-gcc-14.2.0/opt/sphenix/core/binutils/2.40-acaab/x86_64-el9/bin:.:/cvmfs/sphenix.sdcc.bnl.gov/alma9.2-gcc-14.2.0/release/release_new/new.10/bin:/cvmfs/sphenix.sdcc.bnl.gov/alma9.2-gcc-14.2.0/opt/sphenix/utils/bin:/cvmfs/sphenix.sdcc.bnl.gov/alma9.2-gcc-14.2.0/opt/sphenix/core/bin:/cvmfs/sphenix.sdcc.bnl.gov/alma9.2-gcc-14.2.0/opt/sphenix/core/root-6.32.06/bin:/cvmfs/sphenix.sdcc.bnl.gov/alma9.2-gcc-14.2.0/opt/sphenix/core/geant4.10.07.p04/bin:/usr/local/bin:/usr/bin:/usr/local/sbin:/usr/sbin
SINGULARITY_CACHEDIR=/home/condor/local/sphnx/execute/dir_1685521
_CONDOR_CHIRP_CONFIG=/home/condor/local/sphnx/execute/dir_1685521/.chirp.config
_CONDOR_JOB_IWD=/sphenix/user/samfred/run25/ppg11/histmaking
G4ENSDFSTATEDATA=/cvmfs/sphenix.sdcc.bnl.gov/alma9.2-gcc-14.2.0/opt/sphenix/core/geant4.10.07.p04/share/Geant4-10.7.4/data/G4ENSDFSTATE2.3
_CONDOR_MACHINE_AD=/home/condor/local/sphnx/execute/dir_1685521/.machine.ad
ROOT_MAX_THREADS=1
NUMEXPR_NUM_THREADS=1
CUBACORES=1
_CHIRP_DELAYED_UPDATE_PREFIX=Chirp*
OMP_THREAD_LIMIT=1
G4PIIDATA=/cvmfs/sphenix.sdcc.bnl.gov/alma9.2-gcc-14.2.0/opt/sphenix/core/geant4.10.07.p04/share/Geant4-10.7.4/data/G4PII1.3
NO_AT_BRIDGE=1
G4_MAIN=/cvmfs/sphenix.sdcc.bnl.gov/alma9.2-gcc-14.2.0/opt/sphenix/core/geant4.10.07.p04
COMPILER_PATH=/cvmfs/sphenix.sdcc.bnl.gov/alma9.2-gcc-14.2.0/opt/sphenix/core/gcc/14.2.0-2f0a0/x86_64-el9
ROOT_INCLUDE_PATH=./:/sphenix/user/samfred/run25/install//include:/sphenix/user/samfred/run25/install//include/caloana:/sphenix/user/samfred/run25/install//include/qa_centrality:/sphenix/user/samfred/run25/install//include/mbdana:/sphenix/user/samfred/run25/install//include/centrality:/sphenix/user/samfred/run25/install//include/Event:/cvmfs/sphenix.sdcc.bnl.gov/alma9.2-gcc-14.2.0/release/release_new/new.10/include:/cvmfs/sphenix.sdcc.bnl.gov/alma9.2-gcc-14.2.0/release/release_new/new.10/include:/cvmfs/sphenix.sdcc.bnl.gov/alma9.2-gcc-14.2.0/release/release_new/new.10/include/g4mbd:/cvmfs/sphenix.sdcc.bnl.gov/alma9.2-gcc-14.2.0/release/release_new/new.10/include/fmt:/cvmfs/sphenix.sdcc.bnl.gov/alma9.2-gcc-14.2.0/release/release_new/new.10/include/ffarawobjects:/cvmfs/sphenix.sdcc.bnl.gov/alma9.2-gcc-14.2.0/release/release_new/new.10/include/JSON:/cvmfs/sphenix.sdcc.bnl.gov/alma9.2-gcc-14.2.0/release/release_new/new.10/include/calotreegen:/cvmfs/sphenix.sdcc.bnl.gov/alma9.2-gcc-14.2.0/release/release_new/new.10/include/torch:/cvmfs/sphenix.sdcc.bnl.gov/alma9.2-gcc-14.2.0/release/release_new/new.10/include/g4detectors:/cvmfs/sphenix.sdcc.bnl.gov/alma9.2-gcc-14.2.0/release/release_new/new.10/include/kineto:/cvmfs/sphenix.sdcc.bnl.gov/alma9.2-gcc-14.2.0/release/release_new/new.10/include/g4decayer:/cvmfs/sphenix.sdcc.bnl.gov/alma9.2-gcc-14.2.0/release/release_new/new.10/include/kfparticleqa:/cvmfs/sphenix.sdcc.bnl.gov/alma9.2-gcc-14.2.0/release/release_new/new.10/include/phfield:/cvmfs/sphenix.sdcc.bnl.gov/alma9.2-gcc-14.2.0/release/release_new/new.10/include/LHAPDF:/cvmfs/sphenix.sdcc.bnl.gov/alma9.2-gcc-14.2.0/release/release_new/new.10/include/readdigitalcurrents:/cvmfs/sphenix.sdcc.bnl.gov/alma9.2-gcc-14.2.0/release/release_new/new.10/include/c10:/cvmfs/sphenix.sdcc.bnl.gov/alma9.2-gcc-14.2.0/release/release_new/new.10/include/calovalid:/cvmfs/sphenix.sdcc.bnl.gov/alma9.2-gcc-14.2.0/release/release_new/new.10/include/oneapi:/cvmfs/sphenix.sdcc.bnl.gov/alma9.2-gcc-14.2.0/release/release_new/new.10/include/DDCond:/cvmfs/sphenix.sdcc.bnl.gov/alma9.2-gcc-14.2.0/release/release_new/new.10/include/g4tracking:/cvmfs/sphenix.sdcc.bnl.gov/alma9.2-gcc-14.2.0/release/release_new/new.10/include/litecaloeval:/cvmfs/sphenix.sdcc.bnl.gov/alma9.2-gcc-14.2.0/release/release_new/new.10/include/g4intt:/cvmfs/sphenix.sdcc.bnl.gov/alma9.2-gcc-14.2.0/release/release_new/new.10/include/phool:/cvmfs/sphenix.sdcc.bnl.gov/alma9.2-gcc-14.2.0/release/release_new/new.10/include/boost:/cvmfs/sphenix.sdcc.bnl.gov/alma9.2-gcc-14.2.0/release/release_new/new.10/include/Pythia8Plugins:/cvmfs/sphenix.sdcc.bnl.gov/alma9.2-gcc-14.2.0/release/release_new/new.10/include/calib_emc_pi0:/cvmfs/sphenix.sdcc.bnl.gov/alma9.2-gcc-14.2.0/release/release_new/new.10/include/hijingflipafterburner:/cvmfs/sphenix.sdcc.bnl.gov/alma9.2-gcc-14.2.0/release/release_new/new.10/include/ffaobjects:/cvmfs/sphenix.sdcc.bnl.gov/alma9.2-gcc-14.2.0/release/release_new/new.10/include/EvtGenBase:/cvmfs/sphenix.sdcc.bnl.gov/alma9.2-gcc-14.2.0/release/release_new/new.10/include/flowafterburner:/cvmfs/sphenix.sdcc.bnl.gov/alma9.2-gcc-14.2.0/release/release_new/new.10/include/google:/cvmfs/sphenix.sdcc.bnl.gov/alma9.2-gcc-14.2.0/release/release_new/new.10/include/g4tpc:/cvmfs/sphenix.sdcc.bnl.gov/alma9.2-gcc-14.2.0/release/release_new/new.10/include/caffe2:/cvmfs/sphenix.sdcc.bnl.gov/alma9.2-gcc-14.2.0/release/release_new/new.10/include/EvtGenExternal:/cvmfs/sphenix.sdcc.bnl.gov/alma9.2-gcc-14.2.0/release/release_new/new.10/include/fp16:/cvmfs/sphenix.sdcc.bnl.gov/alma9.2-gcc-14.2.0/release/release_new/new.10/include/ffamodules:/cvmfs/sphenix.sdcc.bnl.gov/alma9.2-gcc-14.2.0/release/release_new/new.10/include/uspin:/cvmfs/sphenix.sdcc.bnl.gov/alma9.2-gcc-14.2.0/release/release_new/new.10/include/Herwig:/cvmfs/sphenix.sdcc.bnl.gov/alma9.2-gcc-14.2.0/release/release_new/new.10/include/genfitexp:/cvmfs/sphenix.sdcc.bnl.gov/alma9.2-gcc-14.2.0/release/release_new/new.10/include/XML:/cvmfs/sphenix.sdcc.bnl.gov/alma9.2-gcc-14.2.0/release/release_new/new.10/include/fbgemm:/cvmfs/sphenix.sdcc.bnl.gov/alma9.2-gcc-14.2.0/release/release_new/new.10/include/DDAlign:/cvmfs/sphenix.sdcc.bnl.gov/alma9.2-gcc-14.2.0/release/release_new/new.10/include/g4mvtx:/cvmfs/sphenix.sdcc.bnl.gov/alma9.2-gcc-14.2.0/release/release_new/new.10/include/kfparticle_sphenix:/cvmfs/sphenix.sdcc.bnl.gov/alma9.2-gcc-14.2.0/release/release_new/new.10/include/fun4all:/cvmfs/sphenix.sdcc.bnl.gov/alma9.2-gcc-14.2.0/release/release_new/new.10/include/intt:/cvmfs/sphenix.sdcc.bnl.gov/alma9.2-gcc-14.2.0/release/release_new/new.10/include/eventdisplay:/cvmfs/sphenix.sdcc.bnl.gov/alma9.2-gcc-14.2.0/release/release_new/new.10/include/EvtGen:/cvmfs/sphenix.sdcc.bnl.gov/alma9.2-gcc-14.2.0/release/release_new/new.10/include/Evaluator:/cvmfs/sphenix.sdcc.bnl.gov/alma9.2-gcc-14.2.0/release/release_new/new.10/include/tpc:/cvmfs/sphenix.sdcc.bnl.gov/alma9.2-gcc-14.2.0/release/release_new/new.10/include/GenFit:/cvmfs/sphenix.sdcc.bnl.gov/alma9.2-gcc-14.2.0/release/release_new/new.10/include/prototype4:/cvmfs/sphenix.sdcc.bnl.gov/alma9.2-gcc-14.2.0/release/release_new/new.10/include/caloembedding:/cvmfs/sphenix.sdcc.bnl.gov/alma9.2-gcc-14.2.0/release/release_new/new.10/include/EvtGenModels:/cvmfs/sphenix.sdcc.bnl.gov/alma9.2-gcc-14.2.0/release/release_new/new.10/include/fastjet:/cvmfs/sphenix.sdcc.bnl.gov/alma9.2-gcc-14.2.0/release/release_new/new.10/include/DDG4:/cvmfs/sphenix.sdcc.bnl.gov/alma9.2-gcc-14.2.0/release/release_new/new.10/include/mbd:/cvmfs/sphenix.sdcc.bnl.gov/alma9.2-gcc-14.2.0/release/release_new/new.10/include/tbb:/cvmfs/sphenix.sdcc.bnl.gov/alma9.2-gcc-14.2.0/release/release_new/new.10/include/phgeom:/cvmfs/sphenix.sdcc.bnl.gov/alma9.2-gcc-14.2.0/release/release_new/new.10/include/g4epd:/cvmfs/sphenix.sdcc.bnl.gov/alma9.2-gcc-14.2.0/release/release_new/new.10/include/oncal:/cvmfs/sphenix.sdcc.bnl.gov/alma9.2-gcc-14.2.0/release/release_new/new.10/include/pybind11:/cvmfs/sphenix.sdcc.bnl.gov/alma9.2-gcc-14.2.0/release/release_new/new.10/include/tpcdistgenerator:/cvmfs/sphenix.sdcc.bnl.gov/alma9.2-gcc-14.2.0/release/release_new/new.10/include/cdbobjects:/cvmfs/sphenix.sdcc.bnl.gov/alma9.2-gcc-14.2.0/release/release_new/new.10/include/g4micromegas:/cvmfs/sphenix.sdcc.bnl.gov/alma9.2-gcc-14.2.0/release/release_new/new.10/include/g4eval:/cvmfs/sphenix.sdcc.bnl.gov/alma9.2-gcc-14.2.0/release/release_new/new.10/include/jetbackground:/cvmfs/sphenix.sdcc.bnl.gov/alma9.2-gcc-14.2.0/release/release_new/new.10/include/micromegas:/cvmfs/sphenix.sdcc.bnl.gov/alma9.2-gcc-14.2.0/release/release_new/new.10/include/hftrackefficiency:/cvmfs/sphenix.sdcc.bnl.gov/alma9.2-gcc-14.2.0/release/release_new/new.10/include/inttrawhitqa:/cvmfs/sphenix.sdcc.bnl.gov/alma9.2-gcc-14.2.0/release/release_new/new.10/include/centrality:/cvmfs/sphenix.sdcc.bnl.gov/alma9.2-gcc-14.2.0/release/release_new/new.10/include/epd:/cvmfs/sphenix.sdcc.bnl.gov/alma9.2-gcc-14.2.0/release/release_new/new.10/include/caloreco:/cvmfs/sphenix.sdcc.bnl.gov/alma9.2-gcc-14.2.0/release/release_new/new.10/include/HepMC:/cvmfs/sphenix.sdcc.bnl.gov/alma9.2-gcc-14.2.0/release/release_new/new.10/include/CLHEP:/cvmfs/sphenix.sdcc.bnl.gov/alma9.2-gcc-14.2.0/release/release_new/new.10/include/Acts:/cvmfs/sphenix.sdcc.bnl.gov/alma9.2-gcc-14.2.0/release/release_new/new.10/include/g4histos:/cvmfs/sphenix.sdcc.bnl.gov/alma9.2-gcc-14.2.0/release/release_new/new.10/include/eventplaneinfo:/cvmfs/sphenix.sdcc.bnl.gov/alma9.2-gcc-14.2.0/release/release_new/new.10/include/fillspacechargemaps:/cvmfs/sphenix.sdcc.bnl.gov/alma9.2-gcc-14.2.0/release/release_new/new.10/include/phhepmc:/cvmfs/sphenix.sdcc.bnl.gov/alma9.2-gcc-14.2.0/release/release_new/new.10/include/trackingqa:/cvmfs/sphenix.sdcc.bnl.gov/alma9.2-gcc-14.2.0/release/release_new/new.10/include/qautils:/cvmfs/sphenix.sdcc.bnl.gov/alma9.2-gcc-14.2.0/release/release_new/new.10/include/trackreco:/cvmfs/sphenix.sdcc.bnl.gov/alma9.2-gcc-14.2.0/release/release_new/new.10/include/g4ohcal:/cvmfs/sphenix.sdcc.bnl.gov/alma9.2-gcc-14.2.0/release/release_new/new.10/include/tpcdvcalib:/cvmfs/sphenix.sdcc.bnl.gov/alma9.2-gcc-14.2.0/release/release_new/new.10/include/zdcinfo:/cvmfs/sphenix.sdcc.bnl.gov/alma9.2-gcc-14.2.0/release/release_new/new.10/include/phpythia8:/cvmfs/sphenix.sdcc.bnl.gov/alma9.2-gcc-14.2.0/release/release_new/new.10/include/fun4allutils:/cvmfs/sphenix.sdcc.bnl.gov/alma9.2-gcc-14.2.0/release/release_new/new.10/include/tpcqa:/cvmfs/sphenix.sdcc.bnl.gov/alma9.2-gcc-14.2.0/release/release_new/new.10/include/Pythia8:/cvmfs/sphenix.sdcc.bnl.gov/alma9.2-gcc-14.2.0/release/release_new/new.10/include/DDRec:/cvmfs/sphenix.sdcc.bnl.gov/alma9.2-gcc-14.2.0/release/release_new/new.10/include/DDDigi:/cvmfs/sphenix.sdcc.bnl.gov/alma9.2-gcc-14.2.0/release/release_new/new.10/include/g4ihcal:/cvmfs/sphenix.sdcc.bnl.gov/alma9.2-gcc-14.2.0/release/release_new/new.10/include/frog:/cvmfs/sphenix.sdcc.bnl.gov/alma9.2-gcc-14.2.0/release/release_new/new.10/include/eigen3:/cvmfs/sphenix.sdcc.bnl.gov/alma9.2-gcc-14.2.0/release/release_new/new.10/include/tensorpipe:/cvmfs/sphenix.sdcc.bnl.gov/alma9.2-gcc-14.2.0/release/release_new/new.10/include/sphenixnpc:/cvmfs/sphenix.sdcc.bnl.gov/alma9.2-gcc-14.2.0/release/release_new/new.10/include/siscone:/cvmfs/sphenix.sdcc.bnl.gov/alma9.2-gcc-14.2.0/release/release_new/new.10/include/pmonitor:/cvmfs/sphenix.sdcc.bnl.gov/alma9.2-gcc-14.2.0/release/release_new/new.10/include/calobase:/cvmfs/sphenix.sdcc.bnl.gov/alma9.2-gcc-14.2.0/release/release_new/new.10/include/ActsExamples:/cvmfs/sphenix.sdcc.bnl.gov/alma9.2-gcc-14.2.0/release/release_new/new.10/include/g4gdml:/cvmfs/sphenix.sdcc.bnl.gov/alma9.2-gcc-14.2.0/release/release_new/new.10/include/mvtx_decoder:/cvmfs/sphenix.sdcc.bnl.gov/alma9.2-gcc-14.2.0/release/release_new/new.10/include/ROOT:/cvmfs/sphenix.sdcc.bnl.gov/alma9.2-gcc-14.2.0/release/release_new/new.10/include/phparameter:/cvmfs/sphenix.sdcc.bnl.gov/alma9.2-gcc-14.2.0/release/release_new/new.10/include/rsa:/cvmfs/sphenix.sdcc.bnl.gov/alma9.2-gcc-14.2.0/release/release_new/new.10/include/fun4allraw:/cvmfs/sphenix.sdcc.bnl.gov/alma9.2-gcc-14.2.0/release/release_new/new.10/include/trackbase_historic:/cvmfs/sphenix.sdcc.bnl.gov/alma9.2-gcc-14.2.0/release/release_new/new.10/include/g4jets:/cvmfs/sphenix.sdcc.bnl.gov/alma9.2-gcc-14.2.0/release/release_new/new.10/include/jetqa:/cvmfs/sphenix.sdcc.bnl.gov/alma9.2-gcc-14.2.0/release/release_new/new.10/include/phoolraw:/cvmfs/sphenix.sdcc.bnl.gov/alma9.2-gcc-14.2.0/release/release_new/new.10/include/g4calo:/cvmfs/sphenix.sdcc.bnl.gov/alma9.2-gcc-14.2.0/release/release_new/new.10/include/mvtxrawhitqa:/cvmfs/sphenix.sdcc.bnl.gov/alma9.2-gcc-14.2.0/release/release_new/new.10/include/HepMC3:/cvmfs/sphenix.sdcc.bnl.gov/alma9.2-gcc-14.2.0/release/release_new/new.10/include/calowaveformsim:/cvmfs/sphenix.sdcc.bnl.gov/alma9.2-gcc-14.2.0/release/release_new/new.10/include/g4caloprototype:/cvmfs/sphenix.sdcc.bnl.gov/alma9.2-gcc-14.2.0/release/release_new/new.10/include/pdbcalbase:/cvmfs/sphenix.sdcc.bnl.gov/alma9.2-gcc-14.2.0/release/release_new/new.10/include/gsl:/cvmfs/sphenix.sdcc.bnl.gov/alma9.2-gcc-14.2.0/release/release_new/new.10/include/nodedump:/cvmfs/sphenix.sdcc.bnl.gov/alma9.2-gcc-14.2.0/release/release_new/new.10/include/emcnoisytowerfinder:/cvmfs/sphenix.sdcc.bnl.gov/alma9.2-gcc-14.2.0/release/release_new/new.10/include/ActsFatras:/cvmfs/sphenix.sdcc.bnl.gov/alma9.2-gcc-14.2.0/release/release_new/new.10/include/ffarawmodules:/cvmfs/sphenix.sdcc.bnl.gov/alma9.2-gcc-14.2.0/release/release_new/new.10/include/Event:/cvmfs/sphenix.sdcc.bnl.gov/alma9.2-gcc-14.2.0/release/release_new/new.10/include/prototype3:/cvmfs/sphenix.sdcc.bnl.gov/alma9.2-gcc-14.2.0/release/release_new/new.10/include/fermimotionafterburner:/cvmfs/sphenix.sdcc.bnl.gov/alma9.2-gcc-14.2.0/release/release_new/new.10/include/Photos:/cvmfs/sphenix.sdcc.bnl.gov/alma9.2-gcc-14.2.0/release/release_new/new.10/include/xingshiftcal:/cvmfs/sphenix.sdcc.bnl.gov/alma9.2-gcc-14.2.0/release/release_new/new.10/include/trackbase:/cvmfs/sphenix.sdcc.bnl.gov/alma9.2-gcc-14.2.0/release/release_new/new.10/include/jetdstskimmer:/cvmfs/sphenix.sdcc.bnl.gov/alma9.2-gcc-14.2.0/release/release_new/new.10/include/clusteriso:/cvmfs/sphenix.sdcc.bnl.gov/alma9.2-gcc-14.2.0/release/release_new/new.10/include/asmjit:/cvmfs/sphenix.sdcc.bnl.gov/alma9.2-gcc-14.2.0/release/release_new/new.10/include/particleflowreco:/cvmfs/sphenix.sdcc.bnl.gov/alma9.2-gcc-14.2.0/release/release_new/new.10/include/tpchittrackdisplay:/cvmfs/sphenix.sdcc.bnl.gov/alma9.2-gcc-14.2.0/release/release_new/new.10/include/caloana:/cvmfs/sphenix.sdcc.bnl.gov/alma9.2-gcc-14.2.0/release/release_new/new.10/include/calotrigger:/cvmfs/sphenix.sdcc.bnl.gov/alma9.2-gcc-14.2.0/release/release_new/new.10/include/nopayloadclient:/cvmfs/sphenix.sdcc.bnl.gov/alma9.2-gcc-14.2.0/release/release_new/new.10/include/trackermillepedealignment:/cvmfs/sphenix.sdcc.bnl.gov/alma9.2-gcc-14.2.0/release/release_new/new.10/include/DD4hep:/cvmfs/sphenix.sdcc.bnl.gov/alma9.2-gcc-14.2.0/release/release_new/new.10/include/g4trackfastsim:/cvmfs/sphenix.sdcc.bnl.gov/alma9.2-gcc-14.2.0/release/release_new/new.10/include/prototype2:/cvmfs/sphenix.sdcc.bnl.gov/alma9.2-gcc-14.2.0/release/release_new/new.10/include/ATen:/cvmfs/sphenix.sdcc.bnl.gov/alma9.2-gcc-14.2.0/release/release_new/new.10/include/g4main:/cvmfs/sphenix.sdcc.bnl.gov/alma9.2-gcc-14.2.0/release/release_new/new.10/include/Tauola:/cvmfs/sphenix.sdcc.bnl.gov/alma9.2-gcc-14.2.0/release/release_new/new.10/include/inttcalib:/cvmfs/sphenix.sdcc.bnl.gov/alma9.2-gcc-14.2.0/release/release_new/new.10/include/reactionplaneafterburner:/cvmfs/sphenix.sdcc.bnl.gov/alma9.2-gcc-14.2.0/release/release_new/new.10/include/globalqa:/cvmfs/sphenix.sdcc.bnl.gov/alma9.2-gcc-14.2.0/release/release_new/new.10/include/tpccalib:/cvmfs/sphenix.sdcc.bnl.gov/alma9.2-gcc-14.2.0/release/release_new/new.10/include/DDSegmentation:/cvmfs/sphenix.sdcc.bnl.gov/alma9.2-gcc-14.2.0/release/release_new/new.10/include/decayfinder:/cvmfs/sphenix.sdcc.bnl.gov/alma9.2-gcc-14.2.0/release/release_new/new.10/include/compressclus:/cvmfs/sphenix.sdcc.bnl.gov/alma9.2-gcc-14.2.0/release/release_new/new.10/include/simqa_modules:/cvmfs/sphenix.sdcc.bnl.gov/alma9.2-gcc-14.2.0/release/release_new/new.10/include/resonancejettagging:/cvmfs/sphenix.sdcc.bnl.gov/alma9.2-gcc-14.2.0/release/release_new/new.10/include/g4centrality:/cvmfs/sphenix.sdcc.bnl.gov/alma9.2-gcc-14.2.0/release/release_new/new.10/include/mvtx:/cvmfs/sphenix.sdcc.bnl.gov/alma9.2-gcc-14.2.0/release/release_new/new.10/include/nlohmann:/cvmfs/sphenix.sdcc.bnl.gov/alma9.2-gcc-14.2.0/release/release_new/new.10/include/localpoloffmon:/cvmfs/sphenix.sdcc.bnl.gov/alma9.2-gcc-14.2.0/release/release_new/new.10/include/DDEve:/cvmfs/sphenix.sdcc.bnl.gov/alma9.2-gcc-14.2.0/release/release_new/new.10/include/Parsers:/cvmfs/sphenix.sdcc.bnl.gov/alma9.2-gcc-14.2.0/release/release_new/new.10/include/trackingdiagnostics:/cvmfs/sphenix.sdcc.bnl.gov/alma9.2-gcc-14.2.0/release/release_new/new.10/include/g4vertex:/cvmfs/sphenix.sdcc.bnl.gov/alma9.2-gcc-14.2.0/release/release_new/new.10/include/jetbase:/cvmfs/sphenix.sdcc.bnl.gov/alma9.2-gcc-14.2.0/release/release_new/new.10/include/globalvertex:/cvmfs/sphenix.sdcc.bnl.gov/alma9.2-gcc-14.2.0/release/release_new/new.10/include/phgenfit:/cvmfs/sphenix.sdcc.bnl.gov/alma9.2-gcc-14.2.0/release/release_new/new.10/include/rawbcolumi:/cvmfs/sphenix.sdcc.bnl.gov/alma9.2-gcc-14.2.0/release/release_new/new.10/include/eicsmear:/cvmfs/sphenix.sdcc.bnl.gov/alma9.2-gcc-14.2.0/release/release_new/new.10/include/mvtxcalib:/cvmfs/sphenix.sdcc.bnl.gov/alma9.2-gcc-14.2.0/release/release_new/new.10/include/tpclinelaserdiode:/cvmfs/sphenix.sdcc.bnl.gov/alma9.2-gcc-14.2.0/release/release_new/new.10/include/hepmcjettrigger:/cvmfs/sphenix.sdcc.bnl.gov/alma9.2-gcc-14.2.0/release/release_new/new.10/include/core:/cvmfs/sphenix.sdcc.bnl.gov/alma9.2-gcc-14.2.0/release/release_new/new.10/include/calo_cdb:/cvmfs/sphenix.sdcc.bnl.gov/alma9.2-gcc-14.2.0/release/release_new/new.10/include/mvtxclustershapesqa:/cvmfs/sphenix.sdcc.bnl.gov/alma9.2-gcc-14.2.0/release/release_new/new.10/include/calopacketskimmer:/cvmfs/sphenix.sdcc.bnl.gov/alma9.2-gcc-14.2.0/opt/sphenix/core/geant4.10.07.p04/include:/cvmfs/sphenix.sdcc.bnl.gov/alma9.2-gcc-14.2.0/release/release_new/new.10/rootmacros:/cvmfs/sphenix.sdcc.bnl.gov/alma9.2-gcc-14.2.0/opt/sphenix/core/include
GSEARCHPATH=.:PG:LUSTRE:RAWDATA
PWD=/gpfs/mnt/gpfs02/sphenix/user/samfred/run25/ppg11/histmaking
LOGNAME=samfred
_CONDOR_JOB_AD=/home/condor/local/sphnx/execute/dir_1685521/.job.ad
MANPATH=/cvmfs/sphenix.sdcc.bnl.gov/alma9.2-gcc-14.2.0/opt/sphenix/core/gcc/14.2.0-2f0a0/x86_64-el9/share/man:/cvmfs/sphenix.sdcc.bnl.gov/alma9.2-gcc-14.2.0/opt/sphenix/core/binutils/2.40-acaab/x86_64-el9/share/man:/cvmfs/sphenix.sdcc.bnl.gov/alma9.2-gcc-14.2.0/release/release_new/new.10/share/man:/cvmfs/sphenix.sdcc.bnl.gov/alma9.2-gcc-14.2.0/opt/sphenix/utils/share/man:/cvmfs/sphenix.sdcc.bnl.gov/alma9.2-gcc-14.2.0/opt/sphenix/core/share/man:/cvmfs/sphenix.sdcc.bnl.gov/alma9.2-gcc-14.2.0/opt/sphenix/core/root-6.32.06/man:/usr/local/share/man:/usr/share/man
PYTHIA8=/cvmfs/sphenix.sdcc.bnl.gov/alma9.2-gcc-14.2.0/release/release_new/new.10/share/Pythia8
G4INCLDATA=/cvmfs/sphenix.sdcc.bnl.gov/alma9.2-gcc-14.2.0/opt/sphenix/core/geant4.10.07.p04/share/Geant4-10.7.4/data/G4INCL1.0
ORIG_PATH=/usr/local/bin:/usr/bin
CXX=/cvmfs/sphenix.sdcc.bnl.gov/alma9.2-gcc-14.2.0/opt/sphenix/core/gcc/14.2.0-2f0a0/x86_64-el9/bin/g++
G4LEDATA=/cvmfs/sphenix.sdcc.bnl.gov/alma9.2-gcc-14.2.0/opt/sphenix/core/geant4.10.07.p04/share/Geant4-10.7.4/data/G4EMLOW7.13
PYTHON_CPU_COUNT=1
OPENBLAS_NUM_THREADS=1
_CONDOR_BIN=/usr/bin
HOME=/sphenix/u/samfred
G4PARTICLEXSDATA=/cvmfs/sphenix.sdcc.bnl.gov/alma9.2-gcc-14.2.0/opt/sphenix/core/geant4.10.07.p04/share/Geant4-10.7.4/data/G4PARTICLEXS3.1.1
ONLINE_MAIN=/cvmfs/sphenix.sdcc.bnl.gov/alma9.2-gcc-14.2.0/release/release_new/new.10
CALIBRATIONROOT=/cvmfs/sphenix.sdcc.bnl.gov/alma9.2-gcc-14.2.0/release/release_new/new.10/share/calibrations
TMPDIR=/tmp
_CONDOR_SCRATCH_DIR=/home/condor/local/sphnx/execute/dir_1685521
PGUSER=phnxrc
NOPAYLOADCLIENT_CONF=/cvmfs/sphenix.sdcc.bnl.gov/alma9.2-gcc-14.2.0/opt/sphenix/core/etc/sPHENIX_newcdb.json
XERCESCROOT=/cvmfs/sphenix.sdcc.bnl.gov/alma9.2-gcc-14.2.0/opt/sphenix/core/geant4.10.07.p04
LHAPATH=/cvmfs/sphenix.sdcc.bnl.gov/alma9.2-gcc-14.2.0/opt/sphenix/core/lhapdf-5.9.1/share/lhapdf/PDFsets
G4NEUTRONHPDATA=/cvmfs/sphenix.sdcc.bnl.gov/alma9.2-gcc-14.2.0/opt/sphenix/core/geant4.10.07.p04/share/Geant4-10.7.4/data/G4NDL4.6
PYTHONPATH=.:/cvmfs/sphenix.sdcc.bnl.gov/alma9.2-gcc-14.2.0/release/release_new/new.10/lib/python3.13/site-packages:/cvmfs/sphenix.sdcc.bnl.gov/alma9.2-gcc-14.2.0/opt/sphenix/core/lib/python3.13/site-packages:/cvmfs/sphenix.sdcc.bnl.gov/alma9.2-gcc-14.2.0/opt/sphenix/core/root-6.32.06/lib
_CONDOR_ANCESTOR_1685521=1686026:1759352723:2239121279
USER=samfred
_CONDOR_JOB_PIDS=
TEMP=/tmp
GOMAXPROCS=1
OFFLINE_MAIN=/cvmfs/sphenix.sdcc.bnl.gov/alma9.2-gcc-14.2.0/release/release_new/new.10
SHLVL=1
TF_NUM_THREADS=1
G4SAIDXSDATA=/cvmfs/sphenix.sdcc.bnl.gov/alma9.2-gcc-14.2.0/opt/sphenix/core/geant4.10.07.p04/share/Geant4-10.7.4/data/G4SAIDDATA2.0
APPTAINER_CACHEDIR=/home/condor/local/sphnx/execute/dir_1685521
ROOTSYS=/cvmfs/sphenix.sdcc.bnl.gov/alma9.2-gcc-14.2.0/opt/sphenix/core/root-6.32.06
BATCH_SYSTEM=HTCondor
_CONDOR_SLOT=slot1_56
LD_LIBRARY_PATH=/sphenix/user/samfred/run25/install//lib:/cvmfs/sphenix.sdcc.bnl.gov/alma9.2-gcc-14.2.0/opt/sphenix/core/gcc/14.2.0-2f0a0/x86_64-el9/lib:/cvmfs/sphenix.sdcc.bnl.gov/alma9.2-gcc-14.2.0/opt/sphenix/core/gcc/14.2.0-2f0a0/x86_64-el9/lib64:/cvmfs/sphenix.sdcc.bnl.gov/alma9.2-gcc-14.2.0/opt/sphenix/core/binutils/2.40-acaab/x86_64-el9/lib:.:/cvmfs/sphenix.sdcc.bnl.gov/alma9.2-gcc-14.2.0/release/release_new/new.10/lib64:/cvmfs/sphenix.sdcc.bnl.gov/alma9.2-gcc-14.2.0/release/release_new/new.10/lib:/cvmfs/sphenix.sdcc.bnl.gov/alma9.2-gcc-14.2.0/opt/sphenix/utils/lib:/cvmfs/sphenix.sdcc.bnl.gov/alma9.2-gcc-14.2.0/opt/sphenix/core/lib:/cvmfs/sphenix.sdcc.bnl.gov/alma9.2-gcc-14.2.0/opt/sphenix/core/root-6.32.06/lib:/cvmfs/sphenix.sdcc.bnl.gov/alma9.2-gcc-14.2.0/opt/sphenix/core/geant4.10.07.p04/lib64:/cvmfs/sphenix.sdcc.bnl.gov/alma9.2-gcc-14.2.0/opt/sphenix/core/lhapdf-5.9.1/lib:/usr/local/lib64:/usr/lib64
OPT_SPHENIX=/cvmfs/sphenix.sdcc.bnl.gov/alma9.2-gcc-14.2.0/opt/sphenix/core
TF_LOOP_PARALLEL_ITERATIONS=1
_CONDOR_ANCESTOR_311310=311345:1756523326:751030727
EVT_LIB=/cvmfs/sphenix.sdcc.bnl.gov/alma9.2-gcc-14.2.0/opt/sphenix/core/root-6.32.06/lib
PGHOST=sphnxdbmaster.sdcc.bnl.gov
OMP_NUM_THREADS=1
G4REALSURFACEDATA=/cvmfs/sphenix.sdcc.bnl.gov/alma9.2-gcc-14.2.0/opt/sphenix/core/geant4.10.07.p04/share/Geant4-10.7.4/data/RealSurface2.2
FC=/cvmfs/sphenix.sdcc.bnl.gov/alma9.2-gcc-14.2.0/opt/sphenix/core/gcc/14.2.0-2f0a0/x86_64-el9/bin/gfortran
G4ABLADATA=/cvmfs/sphenix.sdcc.bnl.gov/alma9.2-gcc-14.2.0/opt/sphenix/core/geant4.10.07.p04/share/Geant4-10.7.4/data/G4ABLA3.1
PARASOFT=doesnotexist
TMP=/tmp
OPT_UTILS=/cvmfs/sphenix.sdcc.bnl.gov/alma9.2-gcc-14.2.0/opt/sphenix/utils
CONFIG_SITE=/cvmfs/sphenix.sdcc.bnl.gov/alma9.2-gcc-14.2.0/opt/sphenix/core/etc/config.site
PATH=/sphenix/user/samfred/run25/install//bin:/cvmfs/sphenix.sdcc.bnl.gov/alma9.2-gcc-14.2.0/opt/sphenix/core/gcc/14.2.0-2f0a0/x86_64-el9/bin:/cvmfs/sphenix.sdcc.bnl.gov/alma9.2-gcc-14.2.0/opt/sphenix/core/binutils/2.40-acaab/x86_64-el9/bin:.:/cvmfs/sphenix.sdcc.bnl.gov/alma9.2-gcc-14.2.0/release/release_new/new.10/bin:/cvmfs/sphenix.sdcc.bnl.gov/alma9.2-gcc-14.2.0/opt/sphenix/utils/bin:/cvmfs/sphenix.sdcc.bnl.gov/alma9.2-gcc-14.2.0/opt/sphenix/core/bin:/cvmfs/sphenix.sdcc.bnl.gov/alma9.2-gcc-14.2.0/opt/sphenix/core/root-6.32.06/bin:/cvmfs/sphenix.sdcc.bnl.gov/alma9.2-gcc-14.2.0/opt/sphenix/core/geant4.10.07.p04/bin:/usr/local/bin:/usr/bin:/usr/local/sbin:/usr/sbin
G4LEVELGAMMADATA=/cvmfs/sphenix.sdcc.bnl.gov/alma9.2-gcc-14.2.0/opt/sphenix/core/geant4.10.07.p04/share/Geant4-10.7.4/data/PhotonEvaporation5.7
CC=/cvmfs/sphenix.sdcc.bnl.gov/alma9.2-gcc-14.2.0/opt/sphenix/core/gcc/14.2.0-2f0a0/x86_64-el9/bin/gcc
G4RADIOACTIVEDATA=/cvmfs/sphenix.sdcc.bnl.gov/alma9.2-gcc-14.2.0/opt/sphenix/core/geant4.10.07.p04/share/Geant4-10.7.4/data/RadioactiveDecay5.6
JULIA_NUM_THREADS=1
_CONDOR_ANCESTOR_311345=1685521:1759352723:1309051205
MKL_NUM_THREADS=1
LHAPDF_DATA_PATH=/cvmfs/sphenix.sdcc.bnl.gov/alma9.2-gcc-14.2.0/release/release_new/new.10/share/LHAPDF
XPLOAD_CONFIG_DIR=/cvmfs/sphenix.sdcc.bnl.gov/alma9.2-gcc-14.2.0/opt/sphenix/core/etc
OLDPWD=/cvmfs/sphenix.sdcc.bnl.gov/alma9.2-gcc-14.2.0/release/release_new/new.10/geant4
_=/usr/bin/printenv
runnumber...
51740
trigger...

   ------------------------------------------------------------------
  | Welcome to ROOT 6.32.06                        https://root.cern |
  | (c) 1995-2024, The ROOT Team; conception: R. Brun, F. Rademakers |
  | Built for linuxx8664gcc on Dec 13 2024, 17:23:48                 |
  | From tags/6-32-06@6-32-06                                        |
  | With g++ (GCC) 14.2.0                                            |
  | Try '.help'/'.?', '.demo', '.license', '.credits', '.quit'/'.q'  |
   ------------------------------------------------------------------


Processing data_histmaker.C(51740)...
entry 0/1430028 (0%)
entry 2000/1430028 (0.139857%)
entry 3000/1430028 (0.209786%)
entry 4000/1430028 (0.279715%)
entry 5000/1430028 (0.349644%)
entry 7000/1430028 (0.489501%)
entry 8000/1430028 (0.55943%)
entry 10000/1430028 (0.699287%)
entry 11000/1430028 (0.769216%)
entry 12000/1430028 (0.839144%)
entry 13000/1430028 (0.909073%)
entry 14000/1430028 (0.979002%)
entry 16000/1430028 (1.11886%)
entry 18000/1430028 (1.25872%)
entry 22000/1430028 (1.53843%)
entry 23000/1430028 (1.60836%)
entry 24000/1430028 (1.67829%)
entry 26000/1430028 (1.81815%)
entry 27000/1430028 (1.88807%)
entry 30000/1430028 (2.09786%)
entry 32000/1430028 (2.23772%)
entry 33000/1430028 (2.30765%)
entry 34000/1430028 (2.37758%)
entry 35000/1430028 (2.4475%)
entry 36000/1430028 (2.51743%)
entry 37000/1430028 (2.58736%)
entry 39000/1430028 (2.72722%)
entry 42000/1430028 (2.93701%)
entry 43000/1430028 (3.00693%)
entry 45000/1430028 (3.14679%)
entry 46000/1430028 (3.21672%)
entry 47000/1430028 (3.28665%)
entry 48000/1430028 (3.35658%)
entry 49000/1430028 (3.42651%)
entry 50000/1430028 (3.49643%)
entry 51000/1430028 (3.56636%)
entry 52000/1430028 (3.63629%)
entry 53000/1430028 (3.70622%)
entry 54000/1430028 (3.77615%)
entry 55000/1430028 (3.84608%)
entry 57000/1430028 (3.98594%)
entry 58000/1430028 (4.05586%)
entry 59000/1430028 (4.12579%)
entry 60000/1430028 (4.19572%)
entry 61000/1430028 (4.26565%)
entry 62000/1430028 (4.33558%)
entry 65000/1430028 (4.54537%)
entry 66000/1430028 (4.61529%)
entry 67000/1430028 (4.68522%)
entry 69000/1430028 (4.82508%)
entry 71000/1430028 (4.96494%)
entry 72000/1430028 (5.03487%)
entry 73000/1430028 (5.1048%)
entry 75000/1430028 (5.24465%)
entry 76000/1430028 (5.31458%)
entry 77000/1430028 (5.38451%)
entry 78000/1430028 (5.45444%)
entry 83000/1430028 (5.80408%)
entry 85000/1430028 (5.94394%)
entry 86000/1430028 (6.01387%)
entry 88000/1430028 (6.15373%)
entry 90000/1430028 (6.29358%)
entry 92000/1430028 (6.43344%)
entry 94000/1430028 (6.5733%)
entry 95000/1430028 (6.64323%)
entry 96000/1430028 (6.71315%)
entry 99000/1430028 (6.92294%)
entry 101000/1430028 (7.0628%)
entry 102000/1430028 (7.13273%)
entry 103000/1430028 (7.20266%)
entry 105000/1430028 (7.34251%)
entry 106000/1430028 (7.41244%)
entry 107000/1430028 (7.48237%)
entry 111000/1430028 (7.76209%)
entry 114000/1430028 (7.97187%)
entry 115000/1430028 (8.0418%)
entry 116000/1430028 (8.11173%)
entry 117000/1430028 (8.18166%)
entry 119000/1430028 (8.32152%)
entry 122000/1430028 (8.5313%)
entry 124000/1430028 (8.67116%)
entry 126000/1430028 (8.81102%)
entry 127000/1430028 (8.88095%)
entry 128000/1430028 (8.95087%)
entry 129000/1430028 (9.0208%)
entry 130000/1430028 (9.09073%)
entry 131000/1430028 (9.16066%)
entry 132000/1430028 (9.23059%)
entry 133000/1430028 (9.30052%)
entry 136000/1430028 (9.5103%)
entry 138000/1430028 (9.65016%)
entry 139000/1430028 (9.72009%)
entry 140000/1430028 (9.79002%)
entry 143000/1430028 (9.9998%)
entry 144000/1430028 (10.0697%)
entry 145000/1430028 (10.1397%)
entry 146000/1430028 (10.2096%)
entry 147000/1430028 (10.2795%)
entry 148000/1430028 (10.3494%)
entry 149000/1430028 (10.4194%)
entry 150000/1430028 (10.4893%)
entry 152000/1430028 (10.6292%)
entry 153000/1430028 (10.6991%)
entry 154000/1430028 (10.769%)
entry 155000/1430028 (10.8389%)
entry 156000/1430028 (10.9089%)
entry 158000/1430028 (11.0487%)
entry 159000/1430028 (11.1187%)
entry 160000/1430028 (11.1886%)
entry 163000/1430028 (11.3984%)
entry 165000/1430028 (11.5382%)
entry 166000/1430028 (11.6082%)
entry 167000/1430028 (11.6781%)
entry 168000/1430028 (11.748%)
entry 169000/1430028 (11.818%)
entry 170000/1430028 (11.8879%)
entry 173000/1430028 (12.0977%)
entry 175000/1430028 (12.2375%)
entry 176000/1430028 (12.3075%)
entry 178000/1430028 (12.4473%)
entry 179000/1430028 (12.5172%)
entry 181000/1430028 (12.6571%)
entry 182000/1430028 (12.727%)
entry 184000/1430028 (12.8669%)
entry 185000/1430028 (12.9368%)
entry 186000/1430028 (13.0067%)
entry 187000/1430028 (13.0767%)
entry 188000/1430028 (13.1466%)
entry 189000/1430028 (13.2165%)
entry 190000/1430028 (13.2865%)
entry 191000/1430028 (13.3564%)
entry 192000/1430028 (13.4263%)
entry 195000/1430028 (13.6361%)
entry 196000/1430028 (13.706%)
entry 197000/1430028 (13.776%)
entry 198000/1430028 (13.8459%)
entry 199000/1430028 (13.9158%)
entry 200000/1430028 (13.9857%)
entry 202000/1430028 (14.1256%)
entry 203000/1430028 (14.1955%)
entry 204000/1430028 (14.2655%)
entry 205000/1430028 (14.3354%)
entry 207000/1430028 (14.4752%)
entry 209000/1430028 (14.6151%)
entry 211000/1430028 (14.755%)
entry 212000/1430028 (14.8249%)
entry 213000/1430028 (14.8948%)
entry 214000/1430028 (14.9647%)
entry 215000/1430028 (15.0347%)
entry 216000/1430028 (15.1046%)
entry 217000/1430028 (15.1745%)
entry 218000/1430028 (15.2445%)
entry 219000/1430028 (15.3144%)
entry 220000/1430028 (15.3843%)
entry 221000/1430028 (15.4542%)
entry 222000/1430028 (15.5242%)
entry 224000/1430028 (15.664%)
entry 225000/1430028 (15.734%)
entry 226000/1430028 (15.8039%)
entry 227000/1430028 (15.8738%)
entry 230000/1430028 (16.0836%)
entry 231000/1430028 (16.1535%)
entry 232000/1430028 (16.2235%)
entry 233000/1430028 (16.2934%)
entry 236000/1430028 (16.5032%)
entry 238000/1430028 (16.643%)
entry 242000/1430028 (16.9227%)
entry 243000/1430028 (16.9927%)
entry 244000/1430028 (17.0626%)
entry 246000/1430028 (17.2025%)
entry 247000/1430028 (17.2724%)
entry 248000/1430028 (17.3423%)
entry 250000/1430028 (17.4822%)
entry 252000/1430028 (17.622%)
entry 254000/1430028 (17.7619%)
entry 255000/1430028 (17.8318%)
entry 256000/1430028 (17.9017%)
entry 257000/1430028 (17.9717%)
entry 260000/1430028 (18.1815%)
entry 261000/1430028 (18.2514%)
entry 262000/1430028 (18.3213%)
entry 263000/1430028 (18.3912%)
entry 264000/1430028 (18.4612%)
entry 265000/1430028 (18.5311%)
entry 267000/1430028 (18.671%)
entry 269000/1430028 (18.8108%)
entry 272000/1430028 (19.0206%)
entry 273000/1430028 (19.0905%)
entry 274000/1430028 (19.1605%)
entry 275000/1430028 (19.2304%)
entry 276000/1430028 (19.3003%)
entry 277000/1430028 (19.3703%)
entry 279000/1430028 (19.5101%)
entry 281000/1430028 (19.65%)
entry 282000/1430028 (19.7199%)
entry 283000/1430028 (19.7898%)
entry 284000/1430028 (19.8598%)
entry 285000/1430028 (19.9297%)
entry 287000/1430028 (20.0695%)
entry 288000/1430028 (20.1395%)
entry 290000/1430028 (20.2793%)
entry 292000/1430028 (20.4192%)
entry 295000/1430028 (20.629%)
entry 296000/1430028 (20.6989%)
entry 299000/1430028 (20.9087%)
entry 300000/1430028 (20.9786%)
entry 301000/1430028 (21.0485%)
entry 306000/1430028 (21.3982%)
entry 308000/1430028 (21.538%)
entry 309000/1430028 (21.608%)
entry 310000/1430028 (21.6779%)
entry 311000/1430028 (21.7478%)
entry 312000/1430028 (21.8178%)
entry 314000/1430028 (21.9576%)
entry 315000/1430028 (22.0275%)
entry 316000/1430028 (22.0975%)
entry 317000/1430028 (22.1674%)
entry 319000/1430028 (22.3073%)
entry 320000/1430028 (22.3772%)
entry 321000/1430028 (22.4471%)
entry 322000/1430028 (22.517%)
entry 323000/1430028 (22.587%)
entry 324000/1430028 (22.6569%)
entry 325000/1430028 (22.7268%)
entry 326000/1430028 (22.7968%)
entry 327000/1430028 (22.8667%)
entry 328000/1430028 (22.9366%)
entry 330000/1430028 (23.0765%)
entry 332000/1430028 (23.2163%)
entry 333000/1430028 (23.2863%)
entry 334000/1430028 (23.3562%)
entry 335000/1430028 (23.4261%)
entry 336000/1430028 (23.496%)
entry 340000/1430028 (23.7758%)
entry 341000/1430028 (23.8457%)
entry 345000/1430028 (24.1254%)
entry 346000/1430028 (24.1953%)
entry 347000/1430028 (24.2653%)
entry 348000/1430028 (24.3352%)
entry 349000/1430028 (24.4051%)
entry 351000/1430028 (24.545%)
entry 353000/1430028 (24.6848%)
entry 354000/1430028 (24.7548%)
entry 355000/1430028 (24.8247%)
entry 358000/1430028 (25.0345%)
entry 359000/1430028 (25.1044%)
entry 360000/1430028 (25.1743%)
entry 361000/1430028 (25.2443%)
entry 362000/1430028 (25.3142%)
entry 363000/1430028 (25.3841%)
entry 364000/1430028 (25.454%)
entry 367000/1430028 (25.6638%)
entry 368000/1430028 (25.7338%)
entry 370000/1430028 (25.8736%)
entry 371000/1430028 (25.9435%)
entry 373000/1430028 (26.0834%)
entry 374000/1430028 (26.1533%)
entry 375000/1430028 (26.2233%)
entry 376000/1430028 (26.2932%)
entry 377000/1430028 (26.3631%)
entry 378000/1430028 (26.433%)
entry 379000/1430028 (26.503%)
entry 380000/1430028 (26.5729%)
entry 381000/1430028 (26.6428%)
entry 382000/1430028 (26.7128%)
entry 383000/1430028 (26.7827%)
entry 385000/1430028 (26.9226%)
entry 387000/1430028 (27.0624%)
entry 388000/1430028 (27.1323%)
entry 389000/1430028 (27.2023%)
entry 393000/1430028 (27.482%)
entry 397000/1430028 (27.7617%)
entry 398000/1430028 (27.8316%)
entry 399000/1430028 (27.9016%)
entry 401000/1430028 (28.0414%)
entry 402000/1430028 (28.1113%)
entry 403000/1430028 (28.1813%)
entry 404000/1430028 (28.2512%)
entry 405000/1430028 (28.3211%)
entry 406000/1430028 (28.3911%)
entry 407000/1430028 (28.461%)
entry 410000/1430028 (28.6708%)
entry 411000/1430028 (28.7407%)
entry 412000/1430028 (28.8106%)
entry 413000/1430028 (28.8806%)
entry 414000/1430028 (28.9505%)
entry 416000/1430028 (29.0903%)
entry 417000/1430028 (29.1603%)
entry 419000/1430028 (29.3001%)
entry 420000/1430028 (29.3701%)
entry 422000/1430028 (29.5099%)
entry 423000/1430028 (29.5798%)
entry 425000/1430028 (29.7197%)
entry 426000/1430028 (29.7896%)
entry 427000/1430028 (29.8596%)
entry 428000/1430028 (29.9295%)
entry 429000/1430028 (29.9994%)
entry 433000/1430028 (30.2791%)
entry 435000/1430028 (30.419%)
entry 437000/1430028 (30.5588%)
entry 440000/1430028 (30.7686%)
entry 441000/1430028 (30.8386%)
entry 442000/1430028 (30.9085%)
entry 444000/1430028 (31.0483%)
entry 445000/1430028 (31.1183%)
entry 446000/1430028 (31.1882%)
entry 447000/1430028 (31.2581%)
entry 448000/1430028 (31.3281%)
entry 449000/1430028 (31.398%)
entry 450000/1430028 (31.4679%)
entry 453000/1430028 (31.6777%)
entry 454000/1430028 (31.7476%)
entry 455000/1430028 (31.8176%)
entry 457000/1430028 (31.9574%)
entry 459000/1430028 (32.0973%)
entry 461000/1430028 (32.2371%)
entry 462000/1430028 (32.3071%)
entry 463000/1430028 (32.377%)
entry 464000/1430028 (32.4469%)
entry 467000/1430028 (32.6567%)
entry 469000/1430028 (32.7966%)
entry 470000/1430028 (32.8665%)
entry 471000/1430028 (32.9364%)
entry 472000/1430028 (33.0063%)
entry 473000/1430028 (33.0763%)
entry 474000/1430028 (33.1462%)
entry 476000/1430028 (33.2861%)
entry 477000/1430028 (33.356%)
entry 478000/1430028 (33.4259%)
entry 479000/1430028 (33.4958%)
entry 480000/1430028 (33.5658%)
entry 481000/1430028 (33.6357%)
entry 482000/1430028 (33.7056%)
entry 483000/1430028 (33.7756%)
entry 484000/1430028 (33.8455%)
entry 485000/1430028 (33.9154%)
entry 486000/1430028 (33.9853%)
entry 487000/1430028 (34.0553%)
entry 488000/1430028 (34.1252%)
entry 490000/1430028 (34.2651%)
entry 491000/1430028 (34.335%)
entry 493000/1430028 (34.4748%)
entry 495000/1430028 (34.6147%)
entry 497000/1430028 (34.7546%)
entry 498000/1430028 (34.8245%)
entry 500000/1430028 (34.9643%)
entry 502000/1430028 (35.1042%)
entry 503000/1430028 (35.1741%)
entry 505000/1430028 (35.314%)
entry 506000/1430028 (35.3839%)
entry 507000/1430028 (35.4539%)
entry 508000/1430028 (35.5238%)
entry 509000/1430028 (35.5937%)
entry 510000/1430028 (35.6636%)
entry 511000/1430028 (35.7336%)
entry 513000/1430028 (35.8734%)
entry 515000/1430028 (36.0133%)
entry 516000/1430028 (36.0832%)
entry 518000/1430028 (36.2231%)
entry 519000/1430028 (36.293%)
entry 520000/1430028 (36.3629%)
entry 521000/1430028 (36.4329%)
entry 522000/1430028 (36.5028%)
entry 523000/1430028 (36.5727%)
entry 526000/1430028 (36.7825%)
entry 530000/1430028 (37.0622%)
entry 532000/1430028 (37.2021%)
entry 534000/1430028 (37.3419%)
entry 536000/1430028 (37.4818%)
entry 537000/1430028 (37.5517%)
entry 538000/1430028 (37.6216%)
entry 541000/1430028 (37.8314%)
entry 542000/1430028 (37.9014%)
entry 543000/1430028 (37.9713%)
entry 544000/1430028 (38.0412%)
entry 546000/1430028 (38.1811%)
entry 547000/1430028 (38.251%)
entry 548000/1430028 (38.3209%)
entry 549000/1430028 (38.3909%)
entry 550000/1430028 (38.4608%)
entry 551000/1430028 (38.5307%)
entry 552000/1430028 (38.6006%)
entry 553000/1430028 (38.6706%)
entry 554000/1430028 (38.7405%)
entry 555000/1430028 (38.8104%)
entry 556000/1430028 (38.8804%)
entry 558000/1430028 (39.0202%)
entry 559000/1430028 (39.0901%)
entry 560000/1430028 (39.1601%)
entry 562000/1430028 (39.2999%)
entry 564000/1430028 (39.4398%)
entry 565000/1430028 (39.5097%)
entry 566000/1430028 (39.5796%)
entry 568000/1430028 (39.7195%)
entry 570000/1430028 (39.8594%)
entry 571000/1430028 (39.9293%)
entry 574000/1430028 (40.1391%)
entry 576000/1430028 (40.2789%)
entry 577000/1430028 (40.3489%)
entry 578000/1430028 (40.4188%)
entry 579000/1430028 (40.4887%)
entry 581000/1430028 (40.6286%)
entry 584000/1430028 (40.8384%)
entry 585000/1430028 (40.9083%)
entry 587000/1430028 (41.0481%)
entry 588000/1430028 (41.1181%)
entry 589000/1430028 (41.188%)
entry 590000/1430028 (41.2579%)
entry 591000/1430028 (41.3279%)
entry 595000/1430028 (41.6076%)
entry 598000/1430028 (41.8174%)
entry 600000/1430028 (41.9572%)
entry 601000/1430028 (42.0271%)
entry 602000/1430028 (42.0971%)
entry 604000/1430028 (42.2369%)
entry 605000/1430028 (42.3069%)
entry 606000/1430028 (42.3768%)
entry 607000/1430028 (42.4467%)
entry 608000/1430028 (42.5166%)
entry 611000/1430028 (42.7264%)
entry 612000/1430028 (42.7964%)
entry 614000/1430028 (42.9362%)
entry 615000/1430028 (43.0062%)
entry 616000/1430028 (43.0761%)
entry 618000/1430028 (43.2159%)
entry 619000/1430028 (43.2859%)
entry 621000/1430028 (43.4257%)
entry 622000/1430028 (43.4957%)
entry 624000/1430028 (43.6355%)
entry 625000/1430028 (43.7054%)
entry 626000/1430028 (43.7754%)
entry 627000/1430028 (43.8453%)
entry 628000/1430028 (43.9152%)
entry 629000/1430028 (43.9852%)
entry 630000/1430028 (44.0551%)
entry 631000/1430028 (44.125%)
entry 635000/1430028 (44.4047%)
entry 637000/1430028 (44.5446%)
entry 638000/1430028 (44.6145%)
entry 639000/1430028 (44.6844%)
entry 640000/1430028 (44.7544%)
entry 641000/1430028 (44.8243%)
entry 642000/1430028 (44.8942%)
entry 643000/1430028 (44.9642%)
entry 644000/1430028 (45.0341%)
entry 646000/1430028 (45.1739%)
entry 647000/1430028 (45.2439%)
entry 648000/1430028 (45.3138%)
entry 650000/1430028 (45.4537%)
entry 652000/1430028 (45.5935%)
entry 653000/1430028 (45.6634%)
entry 655000/1430028 (45.8033%)
entry 656000/1430028 (45.8732%)
entry 657000/1430028 (45.9432%)
entry 659000/1430028 (46.083%)
entry 661000/1430028 (46.2229%)
entry 662000/1430028 (46.2928%)
entry 664000/1430028 (46.4327%)
entry 665000/1430028 (46.5026%)
entry 666000/1430028 (46.5725%)
entry 667000/1430028 (46.6424%)
entry 668000/1430028 (46.7124%)
entry 670000/1430028 (46.8522%)
entry 672000/1430028 (46.9921%)
entry 673000/1430028 (47.062%)
entry 674000/1430028 (47.1319%)
entry 675000/1430028 (47.2019%)
entry 676000/1430028 (47.2718%)
entry 677000/1430028 (47.3417%)
entry 678000/1430028 (47.4117%)
entry 680000/1430028 (47.5515%)
entry 681000/1430028 (47.6214%)
entry 682000/1430028 (47.6914%)
entry 683000/1430028 (47.7613%)
entry 684000/1430028 (47.8312%)
entry 685000/1430028 (47.9012%)
entry 686000/1430028 (47.9711%)
entry 687000/1430028 (48.041%)
entry 689000/1430028 (48.1809%)
entry 690000/1430028 (48.2508%)
entry 691000/1430028 (48.3207%)
entry 692000/1430028 (48.3907%)
entry 696000/1430028 (48.6704%)
entry 697000/1430028 (48.7403%)
entry 699000/1430028 (48.8802%)
entry 701000/1430028 (49.02%)
entry 702000/1430028 (49.0899%)
entry 704000/1430028 (49.2298%)
entry 707000/1430028 (49.4396%)
entry 708000/1430028 (49.5095%)
entry 709000/1430028 (49.5794%)
entry 710000/1430028 (49.6494%)
entry 711000/1430028 (49.7193%)
entry 713000/1430028 (49.8592%)
entry 714000/1430028 (49.9291%)
entry 715000/1430028 (49.999%)
entry 716000/1430028 (50.069%)
entry 717000/1430028 (50.1389%)
entry 718000/1430028 (50.2088%)
entry 720000/1430028 (50.3487%)
entry 721000/1430028 (50.4186%)
entry 722000/1430028 (50.4885%)
entry 724000/1430028 (50.6284%)
entry 726000/1430028 (50.7682%)
entry 727000/1430028 (50.8382%)
entry 728000/1430028 (50.9081%)
entry 729000/1430028 (50.978%)
entry 730000/1430028 (51.048%)
entry 731000/1430028 (51.1179%)
entry 732000/1430028 (51.1878%)
entry 733000/1430028 (51.2577%)
entry 734000/1430028 (51.3277%)
entry 735000/1430028 (51.3976%)
entry 736000/1430028 (51.4675%)
entry 737000/1430028 (51.5375%)
entry 738000/1430028 (51.6074%)
entry 739000/1430028 (51.6773%)
entry 740000/1430028 (51.7472%)
entry 741000/1430028 (51.8172%)
entry 742000/1430028 (51.8871%)
entry 744000/1430028 (52.027%)
entry 745000/1430028 (52.0969%)
entry 746000/1430028 (52.1668%)
entry 747000/1430028 (52.2367%)
entry 748000/1430028 (52.3067%)
entry 750000/1430028 (52.4465%)
entry 751000/1430028 (52.5165%)
entry 752000/1430028 (52.5864%)
entry 753000/1430028 (52.6563%)
entry 754000/1430028 (52.7262%)
entry 755000/1430028 (52.7962%)
entry 756000/1430028 (52.8661%)
entry 757000/1430028 (52.936%)
entry 758000/1430028 (53.006%)
entry 759000/1430028 (53.0759%)
entry 760000/1430028 (53.1458%)
entry 761000/1430028 (53.2157%)
entry 762000/1430028 (53.2857%)
entry 764000/1430028 (53.4255%)
entry 765000/1430028 (53.4955%)
entry 767000/1430028 (53.6353%)
entry 768000/1430028 (53.7052%)
entry 769000/1430028 (53.7752%)
entry 770000/1430028 (53.8451%)
entry 771000/1430028 (53.915%)
entry 773000/1430028 (54.0549%)
entry 774000/1430028 (54.1248%)
entry 775000/1430028 (54.1947%)
entry 777000/1430028 (54.3346%)
entry 779000/1430028 (54.4745%)
entry 780000/1430028 (54.5444%)
entry 781000/1430028 (54.6143%)
entry 782000/1430028 (54.6842%)
entry 783000/1430028 (54.7542%)
entry 784000/1430028 (54.8241%)
entry 788000/1430028 (55.1038%)
entry 789000/1430028 (55.1737%)
entry 792000/1430028 (55.3835%)
entry 793000/1430028 (55.4535%)
entry 794000/1430028 (55.5234%)
entry 795000/1430028 (55.5933%)
entry 796000/1430028 (55.6632%)
entry 797000/1430028 (55.7332%)
entry 798000/1430028 (55.8031%)
entry 799000/1430028 (55.873%)
entry 800000/1430028 (55.943%)
entry 801000/1430028 (56.0129%)
entry 802000/1430028 (56.0828%)
entry 803000/1430028 (56.1527%)
entry 804000/1430028 (56.2227%)
entry 805000/1430028 (56.2926%)
entry 807000/1430028 (56.4325%)
entry 809000/1430028 (56.5723%)
entry 810000/1430028 (56.6422%)
entry 811000/1430028 (56.7122%)
entry 812000/1430028 (56.7821%)
entry 813000/1430028 (56.852%)
entry 815000/1430028 (56.9919%)
entry 817000/1430028 (57.1317%)
entry 818000/1430028 (57.2017%)
entry 819000/1430028 (57.2716%)
entry 820000/1430028 (57.3415%)
entry 821000/1430028 (57.4115%)
entry 822000/1430028 (57.4814%)
entry 824000/1430028 (57.6212%)
entry 825000/1430028 (57.6912%)
entry 826000/1430028 (57.7611%)
entry 827000/1430028 (57.831%)
entry 829000/1430028 (57.9709%)
entry 830000/1430028 (58.0408%)
entry 831000/1430028 (58.1107%)
entry 832000/1430028 (58.1807%)
entry 833000/1430028 (58.2506%)
entry 834000/1430028 (58.3205%)
entry 835000/1430028 (58.3905%)
entry 836000/1430028 (58.4604%)
entry 838000/1430028 (58.6003%)
entry 839000/1430028 (58.6702%)
entry 840000/1430028 (58.7401%)
entry 841000/1430028 (58.81%)
entry 842000/1430028 (58.88%)
entry 843000/1430028 (58.9499%)
entry 844000/1430028 (59.0198%)
entry 845000/1430028 (59.0898%)
entry 847000/1430028 (59.2296%)
entry 849000/1430028 (59.3695%)
entry 850000/1430028 (59.4394%)
entry 851000/1430028 (59.5093%)
entry 852000/1430028 (59.5793%)
entry 853000/1430028 (59.6492%)
entry 854000/1430028 (59.7191%)
entry 855000/1430028 (59.789%)
entry 856000/1430028 (59.859%)
entry 857000/1430028 (59.9289%)
entry 860000/1430028 (60.1387%)
entry 862000/1430028 (60.2785%)
entry 863000/1430028 (60.3485%)
entry 864000/1430028 (60.4184%)
entry 865000/1430028 (60.4883%)
entry 867000/1430028 (60.6282%)
entry 869000/1430028 (60.768%)
entry 870000/1430028 (60.838%)
entry 871000/1430028 (60.9079%)
entry 873000/1430028 (61.0478%)
entry 875000/1430028 (61.1876%)
entry 877000/1430028 (61.3275%)
entry 878000/1430028 (61.3974%)
entry 880000/1430028 (61.5373%)
entry 881000/1430028 (61.6072%)
entry 885000/1430028 (61.8869%)
entry 886000/1430028 (61.9568%)
entry 887000/1430028 (62.0268%)
entry 888000/1430028 (62.0967%)
entry 889000/1430028 (62.1666%)
entry 890000/1430028 (62.2365%)
entry 891000/1430028 (62.3065%)
entry 892000/1430028 (62.3764%)
entry 893000/1430028 (62.4463%)
entry 895000/1430028 (62.5862%)
entry 897000/1430028 (62.726%)
entry 899000/1430028 (62.8659%)
entry 900000/1430028 (62.9358%)
entry 905000/1430028 (63.2855%)
entry 906000/1430028 (63.3554%)
entry 907000/1430028 (63.4253%)
entry 908000/1430028 (63.4953%)
entry 909000/1430028 (63.5652%)
entry 910000/1430028 (63.6351%)
entry 911000/1430028 (63.705%)
entry 912000/1430028 (63.775%)
entry 913000/1430028 (63.8449%)
entry 915000/1430028 (63.9848%)
entry 917000/1430028 (64.1246%)
entry 919000/1430028 (64.2645%)
entry 921000/1430028 (64.4043%)
entry 922000/1430028 (64.4743%)
entry 923000/1430028 (64.5442%)
entry 925000/1430028 (64.684%)
entry 926000/1430028 (64.754%)
entry 927000/1430028 (64.8239%)
entry 928000/1430028 (64.8938%)
entry 930000/1430028 (65.0337%)
entry 931000/1430028 (65.1036%)
entry 933000/1430028 (65.2435%)
entry 934000/1430028 (65.3134%)
entry 935000/1430028 (65.3833%)
entry 936000/1430028 (65.4533%)
entry 938000/1430028 (65.5931%)
entry 939000/1430028 (65.6631%)
entry 940000/1430028 (65.733%)
entry 942000/1430028 (65.8728%)
entry 943000/1430028 (65.9428%)
entry 945000/1430028 (66.0826%)
entry 947000/1430028 (66.2225%)
entry 948000/1430028 (66.2924%)
entry 951000/1430028 (66.5022%)
entry 953000/1430028 (66.6421%)
entry 954000/1430028 (66.712%)
entry 955000/1430028 (66.7819%)
entry 956000/1430028 (66.8518%)
entry 957000/1430028 (66.9218%)
entry 958000/1430028 (66.9917%)
entry 959000/1430028 (67.0616%)
entry 960000/1430028 (67.1316%)
entry 961000/1430028 (67.2015%)
entry 962000/1430028 (67.2714%)
entry 963000/1430028 (67.3413%)
entry 964000/1430028 (67.4113%)
entry 965000/1430028 (67.4812%)
entry 972000/1430028 (67.9707%)
entry 973000/1430028 (68.0406%)
entry 974000/1430028 (68.1106%)
entry 975000/1430028 (68.1805%)
entry 976000/1430028 (68.2504%)
entry 977000/1430028 (68.3203%)
entry 979000/1430028 (68.4602%)
entry 980000/1430028 (68.5301%)
entry 981000/1430028 (68.6001%)
entry 982000/1430028 (68.67%)
entry 985000/1430028 (68.8798%)
entry 987000/1430028 (69.0196%)
entry 988000/1430028 (69.0896%)
entry 991000/1430028 (69.2993%)
entry 995000/1430028 (69.5791%)
entry 996000/1430028 (69.649%)
entry 998000/1430028 (69.7888%)
entry 1000000/1430028 (69.9287%)
entry 1001000/1430028 (69.9986%)
entry 1003000/1430028 (70.1385%)
entry 1005000/1430028 (70.2783%)
entry 1006000/1430028 (70.3483%)
entry 1007000/1430028 (70.4182%)
entry 1011000/1430028 (70.6979%)
entry 1012000/1430028 (70.7678%)
entry 1014000/1430028 (70.9077%)
entry 1015000/1430028 (70.9776%)
entry 1017000/1430028 (71.1175%)
entry 1018000/1430028 (71.1874%)
entry 1019000/1430028 (71.2573%)
entry 1020000/1430028 (71.3273%)
entry 1021000/1430028 (71.3972%)
entry 1022000/1430028 (71.4671%)
entry 1023000/1430028 (71.5371%)
entry 1024000/1430028 (71.607%)
entry 1025000/1430028 (71.6769%)
entry 1026000/1430028 (71.7468%)
entry 1029000/1430028 (71.9566%)
entry 1030000/1430028 (72.0266%)
entry 1031000/1430028 (72.0965%)
entry 1032000/1430028 (72.1664%)
entry 1034000/1430028 (72.3063%)
entry 1035000/1430028 (72.3762%)
entry 1036000/1430028 (72.4461%)
entry 1037000/1430028 (72.5161%)
entry 1038000/1430028 (72.586%)
entry 1039000/1430028 (72.6559%)
entry 1040000/1430028 (72.7259%)
entry 1041000/1430028 (72.7958%)
entry 1043000/1430028 (72.9356%)
entry 1044000/1430028 (73.0056%)
entry 1045000/1430028 (73.0755%)
entry 1046000/1430028 (73.1454%)
entry 1047000/1430028 (73.2153%)
entry 1048000/1430028 (73.2853%)
entry 1049000/1430028 (73.3552%)
entry 1050000/1430028 (73.4251%)
entry 1051000/1430028 (73.4951%)
entry 1053000/1430028 (73.6349%)
entry 1054000/1430028 (73.7049%)
entry 1055000/1430028 (73.7748%)
entry 1057000/1430028 (73.9146%)
entry 1060000/1430028 (74.1244%)
entry 1062000/1430028 (74.2643%)
entry 1063000/1430028 (74.3342%)
entry 1064000/1430028 (74.4041%)
entry 1065000/1430028 (74.4741%)
entry 1071000/1430028 (74.8936%)
entry 1072000/1430028 (74.9636%)
entry 1073000/1430028 (75.0335%)
entry 1074000/1430028 (75.1034%)
entry 1075000/1430028 (75.1734%)
entry 1077000/1430028 (75.3132%)
entry 1078000/1430028 (75.3831%)
entry 1079000/1430028 (75.4531%)
entry 1080000/1430028 (75.523%)
entry 1085000/1430028 (75.8726%)
entry 1086000/1430028 (75.9426%)
entry 1087000/1430028 (76.0125%)
entry 1088000/1430028 (76.0824%)
entry 1091000/1430028 (76.2922%)
entry 1092000/1430028 (76.3621%)
entry 1094000/1430028 (76.502%)
entry 1096000/1430028 (76.6419%)
entry 1097000/1430028 (76.7118%)
entry 1100000/1430028 (76.9216%)
entry 1101000/1430028 (76.9915%)
entry 1103000/1430028 (77.1314%)
entry 1104000/1430028 (77.2013%)
entry 1105000/1430028 (77.2712%)
entry 1106000/1430028 (77.3411%)
entry 1107000/1430028 (77.4111%)
entry 1109000/1430028 (77.5509%)
entry 1111000/1430028 (77.6908%)
entry 1112000/1430028 (77.7607%)
entry 1113000/1430028 (77.8306%)
entry 1114000/1430028 (77.9006%)
entry 1115000/1430028 (77.9705%)
entry 1116000/1430028 (78.0404%)
entry 1117000/1430028 (78.1104%)
entry 1118000/1430028 (78.1803%)
entry 1119000/1430028 (78.2502%)
entry 1122000/1430028 (78.46%)
entry 1123000/1430028 (78.5299%)
entry 1125000/1430028 (78.6698%)
entry 1126000/1430028 (78.7397%)
entry 1129000/1430028 (78.9495%)
entry 1131000/1430028 (79.0894%)
entry 1132000/1430028 (79.1593%)
entry 1133000/1430028 (79.2292%)
entry 1134000/1430028 (79.2991%)
entry 1135000/1430028 (79.3691%)
entry 1136000/1430028 (79.439%)
entry 1137000/1430028 (79.5089%)
entry 1140000/1430028 (79.7187%)
entry 1141000/1430028 (79.7886%)
entry 1143000/1430028 (79.9285%)
entry 1144000/1430028 (79.9984%)
entry 1146000/1430028 (80.1383%)
entry 1147000/1430028 (80.2082%)
entry 1149000/1430028 (80.3481%)
entry 1150000/1430028 (80.418%)
entry 1151000/1430028 (80.4879%)
entry 1153000/1430028 (80.6278%)
entry 1154000/1430028 (80.6977%)
entry 1156000/1430028 (80.8376%)
entry 1157000/1430028 (80.9075%)
entry 1158000/1430028 (80.9774%)
entry 1159000/1430028 (81.0474%)
entry 1163000/1430028 (81.3271%)
entry 1164000/1430028 (81.397%)
entry 1165000/1430028 (81.4669%)
entry 1166000/1430028 (81.5369%)
entry 1167000/1430028 (81.6068%)
entry 1168000/1430028 (81.6767%)
entry 1169000/1430028 (81.7466%)
entry 1171000/1430028 (81.8865%)
entry 1172000/1430028 (81.9564%)
entry 1173000/1430028 (82.0264%)
entry 1174000/1430028 (82.0963%)
entry 1175000/1430028 (82.1662%)
entry 1177000/1430028 (82.3061%)
entry 1178000/1430028 (82.376%)
entry 1179000/1430028 (82.4459%)
entry 1180000/1430028 (82.5159%)
entry 1181000/1430028 (82.5858%)
entry 1183000/1430028 (82.7257%)
entry 1184000/1430028 (82.7956%)
entry 1185000/1430028 (82.8655%)
entry 1186000/1430028 (82.9354%)
entry 1187000/1430028 (83.0054%)
entry 1189000/1430028 (83.1452%)
entry 1190000/1430028 (83.2152%)
entry 1191000/1430028 (83.2851%)
entry 1192000/1430028 (83.355%)
entry 1193000/1430028 (83.4249%)
entry 1194000/1430028 (83.4949%)
entry 1195000/1430028 (83.5648%)
entry 1196000/1430028 (83.6347%)
entry 1198000/1430028 (83.7746%)
entry 1199000/1430028 (83.8445%)
entry 1200000/1430028 (83.9144%)
entry 1201000/1430028 (83.9844%)
entry 1202000/1430028 (84.0543%)
entry 1203000/1430028 (84.1242%)
entry 1206000/1430028 (84.334%)
entry 1208000/1430028 (84.4739%)
entry 1209000/1430028 (84.5438%)
entry 1210000/1430028 (84.6137%)
entry 1211000/1430028 (84.6837%)
entry 1213000/1430028 (84.8235%)
entry 1214000/1430028 (84.8934%)
entry 1215000/1430028 (84.9634%)
entry 1217000/1430028 (85.1032%)
entry 1218000/1430028 (85.1732%)
entry 1219000/1430028 (85.2431%)
entry 1221000/1430028 (85.3829%)
entry 1222000/1430028 (85.4529%)
entry 1223000/1430028 (85.5228%)
entry 1226000/1430028 (85.7326%)
entry 1227000/1430028 (85.8025%)
entry 1231000/1430028 (86.0822%)
entry 1232000/1430028 (86.1522%)
entry 1234000/1430028 (86.292%)
entry 1236000/1430028 (86.4319%)
entry 1237000/1430028 (86.5018%)
entry 1238000/1430028 (86.5717%)
entry 1239000/1430028 (86.6417%)
entry 1240000/1430028 (86.7116%)
entry 1241000/1430028 (86.7815%)
entry 1242000/1430028 (86.8514%)
entry 1244000/1430028 (86.9913%)
entry 1245000/1430028 (87.0612%)
entry 1246000/1430028 (87.1312%)
entry 1247000/1430028 (87.2011%)
entry 1249000/1430028 (87.3409%)
entry 1250000/1430028 (87.4109%)
entry 1251000/1430028 (87.4808%)
entry 1252000/1430028 (87.5507%)
entry 1253000/1430028 (87.6207%)
entry 1257000/1430028 (87.9004%)
entry 1259000/1430028 (88.0402%)
entry 1261000/1430028 (88.1801%)
entry 1262000/1430028 (88.25%)
entry 1263000/1430028 (88.32%)
entry 1264000/1430028 (88.3899%)
entry 1266000/1430028 (88.5297%)
entry 1267000/1430028 (88.5997%)
entry 1268000/1430028 (88.6696%)
entry 1269000/1430028 (88.7395%)
entry 1270000/1430028 (88.8094%)
entry 1271000/1430028 (88.8794%)
entry 1273000/1430028 (89.0192%)
entry 1275000/1430028 (89.1591%)
entry 1276000/1430028 (89.229%)
entry 1277000/1430028 (89.299%)
entry 1278000/1430028 (89.3689%)
entry 1279000/1430028 (89.4388%)
entry 1280000/1430028 (89.5087%)
entry 1285000/1430028 (89.8584%)
entry 1286000/1430028 (89.9283%)
entry 1288000/1430028 (90.0682%)
entry 1291000/1430028 (90.278%)
entry 1292000/1430028 (90.3479%)
entry 1293000/1430028 (90.4178%)
entry 1294000/1430028 (90.4877%)
entry 1295000/1430028 (90.5577%)
entry 1296000/1430028 (90.6276%)
entry 1297000/1430028 (90.6975%)
entry 1298000/1430028 (90.7675%)
entry 1299000/1430028 (90.8374%)
entry 1301000/1430028 (90.9772%)
entry 1302000/1430028 (91.0472%)
entry 1303000/1430028 (91.1171%)
entry 1304000/1430028 (91.187%)
entry 1305000/1430028 (91.257%)
entry 1308000/1430028 (91.4667%)
entry 1309000/1430028 (91.5367%)
entry 1310000/1430028 (91.6066%)
entry 1311000/1430028 (91.6765%)
entry 1312000/1430028 (91.7465%)
entry 1316000/1430028 (92.0262%)
entry 1317000/1430028 (92.0961%)
entry 1318000/1430028 (92.166%)
entry 1319000/1430028 (92.236%)
entry 1320000/1430028 (92.3059%)
entry 1321000/1430028 (92.3758%)
entry 1322000/1430028 (92.4457%)
entry 1323000/1430028 (92.5157%)
entry 1324000/1430028 (92.5856%)
entry 1325000/1430028 (92.6555%)
entry 1326000/1430028 (92.7255%)
entry 1327000/1430028 (92.7954%)
entry 1329000/1430028 (92.9352%)
entry 1332000/1430028 (93.145%)
entry 1333000/1430028 (93.215%)
entry 1335000/1430028 (93.3548%)
entry 1336000/1430028 (93.4247%)
entry 1338000/1430028 (93.5646%)
entry 1341000/1430028 (93.7744%)
entry 1342000/1430028 (93.8443%)
entry 1343000/1430028 (93.9142%)
entry 1344000/1430028 (93.9842%)
entry 1345000/1430028 (94.0541%)
entry 1346000/1430028 (94.124%)
entry 1347000/1430028 (94.194%)
entry 1348000/1430028 (94.2639%)
entry 1349000/1430028 (94.3338%)
entry 1350000/1430028 (94.4037%)
entry 1351000/1430028 (94.4737%)
entry 1354000/1430028 (94.6835%)
entry 1355000/1430028 (94.7534%)
entry 1357000/1430028 (94.8932%)
entry 1358000/1430028 (94.9632%)
entry 1359000/1430028 (95.0331%)
entry 1360000/1430028 (95.103%)
entry 1361000/1430028 (95.173%)
entry 1364000/1430028 (95.3828%)
entry 1366000/1430028 (95.5226%)
entry 1368000/1430028 (95.6625%)
entry 1369000/1430028 (95.7324%)
entry 1370000/1430028 (95.8023%)
entry 1371000/1430028 (95.8722%)
entry 1373000/1430028 (96.0121%)
entry 1375000/1430028 (96.152%)
entry 1376000/1430028 (96.2219%)
entry 1378000/1430028 (96.3618%)
entry 1379000/1430028 (96.4317%)
entry 1380000/1430028 (96.5016%)
entry 1381000/1430028 (96.5715%)
entry 1382000/1430028 (96.6415%)
entry 1384000/1430028 (96.7813%)
entry 1385000/1430028 (96.8512%)
entry 1386000/1430028 (96.9212%)
entry 1388000/1430028 (97.061%)
entry 1389000/1430028 (97.131%)
entry 1391000/1430028 (97.2708%)
entry 1392000/1430028 (97.3408%)
entry 1396000/1430028 (97.6205%)
entry 1397000/1430028 (97.6904%)
entry 1398000/1430028 (97.7603%)
entry 1399000/1430028 (97.8303%)
entry 1400000/1430028 (97.9002%)
entry 1401000/1430028 (97.9701%)
entry 1402000/1430028 (98.04%)
entry 1403000/1430028 (98.11%)
entry 1405000/1430028 (98.2498%)
entry 1406000/1430028 (98.3198%)
entry 1407000/1430028 (98.3897%)
entry 1409000/1430028 (98.5295%)
entry 1411000/1430028 (98.6694%)
entry 1412000/1430028 (98.7393%)
entry 1413000/1430028 (98.8093%)
entry 1414000/1430028 (98.8792%)
entry 1416000/1430028 (99.019%)
entry 1417000/1430028 (99.089%)
entry 1418000/1430028 (99.1589%)
entry 1421000/1430028 (99.3687%)
entry 1423000/1430028 (99.5085%)
entry 1424000/1430028 (99.5785%)
entry 1425000/1430028 (99.6484%)
entry 1426000/1430028 (99.7183%)
entry 1428000/1430028 (99.8582%)
entry 1429000/1430028 (99.9281%)
entry 1430000/1430028 (99.998%)
all done
script done
