sphnx1028.sdcc.bnl.gov
rsyncing from /gpfs/mnt/gpfs02/sphenix/user/samfred/run25/ppg11/histmaking
running: /gpfs/mnt/gpfs02/sphenix/user/samfred/run25/ppg11/histmaking/script_data.sh 51901
LD_LIBRARY_PATH now /sphenix/user/samfred/run25/install//lib:/cvmfs/sphenix.sdcc.bnl.gov/alma9.2-gcc-14.2.0/opt/sphenix/core/gcc/14.2.0-2f0a0/x86_64-el9/lib:/cvmfs/sphenix.sdcc.bnl.gov/alma9.2-gcc-14.2.0/opt/sphenix/core/gcc/14.2.0-2f0a0/x86_64-el9/lib64:/cvmfs/sphenix.sdcc.bnl.gov/alma9.2-gcc-14.2.0/opt/sphenix/core/binutils/2.40-acaab/x86_64-el9/lib:.:/cvmfs/sphenix.sdcc.bnl.gov/alma9.2-gcc-14.2.0/release/release_new/new.10/lib64:/cvmfs/sphenix.sdcc.bnl.gov/alma9.2-gcc-14.2.0/release/release_new/new.10/lib:/cvmfs/sphenix.sdcc.bnl.gov/alma9.2-gcc-14.2.0/opt/sphenix/utils/lib:/cvmfs/sphenix.sdcc.bnl.gov/alma9.2-gcc-14.2.0/opt/sphenix/core/lib:/cvmfs/sphenix.sdcc.bnl.gov/alma9.2-gcc-14.2.0/opt/sphenix/core/root-6.32.06/lib:/cvmfs/sphenix.sdcc.bnl.gov/alma9.2-gcc-14.2.0/opt/sphenix/core/geant4.10.07.p04/lib64:/cvmfs/sphenix.sdcc.bnl.gov/alma9.2-gcc-14.2.0/opt/sphenix/core/lhapdf-5.9.1/lib:/usr/local/lib64:/usr/lib64
PATH now /sphenix/user/samfred/run25/install//bin:/cvmfs/sphenix.sdcc.bnl.gov/alma9.2-gcc-14.2.0/opt/sphenix/core/gcc/14.2.0-2f0a0/x86_64-el9/bin:/cvmfs/sphenix.sdcc.bnl.gov/alma9.2-gcc-14.2.0/opt/sphenix/core/binutils/2.40-acaab/x86_64-el9/bin:.:/cvmfs/sphenix.sdcc.bnl.gov/alma9.2-gcc-14.2.0/release/release_new/new.10/bin:/cvmfs/sphenix.sdcc.bnl.gov/alma9.2-gcc-14.2.0/opt/sphenix/utils/bin:/cvmfs/sphenix.sdcc.bnl.gov/alma9.2-gcc-14.2.0/opt/sphenix/core/bin:/cvmfs/sphenix.sdcc.bnl.gov/alma9.2-gcc-14.2.0/opt/sphenix/core/root-6.32.06/bin:/cvmfs/sphenix.sdcc.bnl.gov/alma9.2-gcc-14.2.0/opt/sphenix/core/geant4.10.07.p04/bin:/usr/local/bin:/usr/bin:/usr/local/sbin:/usr/sbin
SINGULARITY_CACHEDIR=/home/condor/local/sphnx/execute/dir_2442575
_CONDOR_ANCESTOR_317652=317699:1756523315:1303912541
_CONDOR_CHIRP_CONFIG=/home/condor/local/sphnx/execute/dir_2442575/.chirp.config
_CONDOR_JOB_IWD=/sphenix/user/samfred/run25/ppg11/histmaking
G4ENSDFSTATEDATA=/cvmfs/sphenix.sdcc.bnl.gov/alma9.2-gcc-14.2.0/opt/sphenix/core/geant4.10.07.p04/share/Geant4-10.7.4/data/G4ENSDFSTATE2.3
_CONDOR_MACHINE_AD=/home/condor/local/sphnx/execute/dir_2442575/.machine.ad
ROOT_MAX_THREADS=1
NUMEXPR_NUM_THREADS=1
_CONDOR_ANCESTOR_2442575=2443806:1759352725:2933628853
CUBACORES=1
_CHIRP_DELAYED_UPDATE_PREFIX=Chirp*
OMP_THREAD_LIMIT=1
G4PIIDATA=/cvmfs/sphenix.sdcc.bnl.gov/alma9.2-gcc-14.2.0/opt/sphenix/core/geant4.10.07.p04/share/Geant4-10.7.4/data/G4PII1.3
NO_AT_BRIDGE=1
G4_MAIN=/cvmfs/sphenix.sdcc.bnl.gov/alma9.2-gcc-14.2.0/opt/sphenix/core/geant4.10.07.p04
COMPILER_PATH=/cvmfs/sphenix.sdcc.bnl.gov/alma9.2-gcc-14.2.0/opt/sphenix/core/gcc/14.2.0-2f0a0/x86_64-el9
ROOT_INCLUDE_PATH=./:/sphenix/user/samfred/run25/install//include:/sphenix/user/samfred/run25/install//include/caloana:/sphenix/user/samfred/run25/install//include/qa_centrality:/sphenix/user/samfred/run25/install//include/mbdana:/sphenix/user/samfred/run25/install//include/centrality:/sphenix/user/samfred/run25/install//include/Event:/cvmfs/sphenix.sdcc.bnl.gov/alma9.2-gcc-14.2.0/release/release_new/new.10/include:/cvmfs/sphenix.sdcc.bnl.gov/alma9.2-gcc-14.2.0/release/release_new/new.10/include:/cvmfs/sphenix.sdcc.bnl.gov/alma9.2-gcc-14.2.0/release/release_new/new.10/include/g4mbd:/cvmfs/sphenix.sdcc.bnl.gov/alma9.2-gcc-14.2.0/release/release_new/new.10/include/fmt:/cvmfs/sphenix.sdcc.bnl.gov/alma9.2-gcc-14.2.0/release/release_new/new.10/include/ffarawobjects:/cvmfs/sphenix.sdcc.bnl.gov/alma9.2-gcc-14.2.0/release/release_new/new.10/include/JSON:/cvmfs/sphenix.sdcc.bnl.gov/alma9.2-gcc-14.2.0/release/release_new/new.10/include/calotreegen:/cvmfs/sphenix.sdcc.bnl.gov/alma9.2-gcc-14.2.0/release/release_new/new.10/include/torch:/cvmfs/sphenix.sdcc.bnl.gov/alma9.2-gcc-14.2.0/release/release_new/new.10/include/g4detectors:/cvmfs/sphenix.sdcc.bnl.gov/alma9.2-gcc-14.2.0/release/release_new/new.10/include/kineto:/cvmfs/sphenix.sdcc.bnl.gov/alma9.2-gcc-14.2.0/release/release_new/new.10/include/g4decayer:/cvmfs/sphenix.sdcc.bnl.gov/alma9.2-gcc-14.2.0/release/release_new/new.10/include/kfparticleqa:/cvmfs/sphenix.sdcc.bnl.gov/alma9.2-gcc-14.2.0/release/release_new/new.10/include/phfield:/cvmfs/sphenix.sdcc.bnl.gov/alma9.2-gcc-14.2.0/release/release_new/new.10/include/LHAPDF:/cvmfs/sphenix.sdcc.bnl.gov/alma9.2-gcc-14.2.0/release/release_new/new.10/include/readdigitalcurrents:/cvmfs/sphenix.sdcc.bnl.gov/alma9.2-gcc-14.2.0/release/release_new/new.10/include/c10:/cvmfs/sphenix.sdcc.bnl.gov/alma9.2-gcc-14.2.0/release/release_new/new.10/include/calovalid:/cvmfs/sphenix.sdcc.bnl.gov/alma9.2-gcc-14.2.0/release/release_new/new.10/include/oneapi:/cvmfs/sphenix.sdcc.bnl.gov/alma9.2-gcc-14.2.0/release/release_new/new.10/include/DDCond:/cvmfs/sphenix.sdcc.bnl.gov/alma9.2-gcc-14.2.0/release/release_new/new.10/include/g4tracking:/cvmfs/sphenix.sdcc.bnl.gov/alma9.2-gcc-14.2.0/release/release_new/new.10/include/litecaloeval:/cvmfs/sphenix.sdcc.bnl.gov/alma9.2-gcc-14.2.0/release/release_new/new.10/include/g4intt:/cvmfs/sphenix.sdcc.bnl.gov/alma9.2-gcc-14.2.0/release/release_new/new.10/include/phool:/cvmfs/sphenix.sdcc.bnl.gov/alma9.2-gcc-14.2.0/release/release_new/new.10/include/boost:/cvmfs/sphenix.sdcc.bnl.gov/alma9.2-gcc-14.2.0/release/release_new/new.10/include/Pythia8Plugins:/cvmfs/sphenix.sdcc.bnl.gov/alma9.2-gcc-14.2.0/release/release_new/new.10/include/calib_emc_pi0:/cvmfs/sphenix.sdcc.bnl.gov/alma9.2-gcc-14.2.0/release/release_new/new.10/include/hijingflipafterburner:/cvmfs/sphenix.sdcc.bnl.gov/alma9.2-gcc-14.2.0/release/release_new/new.10/include/ffaobjects:/cvmfs/sphenix.sdcc.bnl.gov/alma9.2-gcc-14.2.0/release/release_new/new.10/include/EvtGenBase:/cvmfs/sphenix.sdcc.bnl.gov/alma9.2-gcc-14.2.0/release/release_new/new.10/include/flowafterburner:/cvmfs/sphenix.sdcc.bnl.gov/alma9.2-gcc-14.2.0/release/release_new/new.10/include/google:/cvmfs/sphenix.sdcc.bnl.gov/alma9.2-gcc-14.2.0/release/release_new/new.10/include/g4tpc:/cvmfs/sphenix.sdcc.bnl.gov/alma9.2-gcc-14.2.0/release/release_new/new.10/include/caffe2:/cvmfs/sphenix.sdcc.bnl.gov/alma9.2-gcc-14.2.0/release/release_new/new.10/include/EvtGenExternal:/cvmfs/sphenix.sdcc.bnl.gov/alma9.2-gcc-14.2.0/release/release_new/new.10/include/fp16:/cvmfs/sphenix.sdcc.bnl.gov/alma9.2-gcc-14.2.0/release/release_new/new.10/include/ffamodules:/cvmfs/sphenix.sdcc.bnl.gov/alma9.2-gcc-14.2.0/release/release_new/new.10/include/uspin:/cvmfs/sphenix.sdcc.bnl.gov/alma9.2-gcc-14.2.0/release/release_new/new.10/include/Herwig:/cvmfs/sphenix.sdcc.bnl.gov/alma9.2-gcc-14.2.0/release/release_new/new.10/include/genfitexp:/cvmfs/sphenix.sdcc.bnl.gov/alma9.2-gcc-14.2.0/release/release_new/new.10/include/XML:/cvmfs/sphenix.sdcc.bnl.gov/alma9.2-gcc-14.2.0/release/release_new/new.10/include/fbgemm:/cvmfs/sphenix.sdcc.bnl.gov/alma9.2-gcc-14.2.0/release/release_new/new.10/include/DDAlign:/cvmfs/sphenix.sdcc.bnl.gov/alma9.2-gcc-14.2.0/release/release_new/new.10/include/g4mvtx:/cvmfs/sphenix.sdcc.bnl.gov/alma9.2-gcc-14.2.0/release/release_new/new.10/include/kfparticle_sphenix:/cvmfs/sphenix.sdcc.bnl.gov/alma9.2-gcc-14.2.0/release/release_new/new.10/include/fun4all:/cvmfs/sphenix.sdcc.bnl.gov/alma9.2-gcc-14.2.0/release/release_new/new.10/include/intt:/cvmfs/sphenix.sdcc.bnl.gov/alma9.2-gcc-14.2.0/release/release_new/new.10/include/eventdisplay:/cvmfs/sphenix.sdcc.bnl.gov/alma9.2-gcc-14.2.0/release/release_new/new.10/include/EvtGen:/cvmfs/sphenix.sdcc.bnl.gov/alma9.2-gcc-14.2.0/release/release_new/new.10/include/Evaluator:/cvmfs/sphenix.sdcc.bnl.gov/alma9.2-gcc-14.2.0/release/release_new/new.10/include/tpc:/cvmfs/sphenix.sdcc.bnl.gov/alma9.2-gcc-14.2.0/release/release_new/new.10/include/GenFit:/cvmfs/sphenix.sdcc.bnl.gov/alma9.2-gcc-14.2.0/release/release_new/new.10/include/prototype4:/cvmfs/sphenix.sdcc.bnl.gov/alma9.2-gcc-14.2.0/release/release_new/new.10/include/caloembedding:/cvmfs/sphenix.sdcc.bnl.gov/alma9.2-gcc-14.2.0/release/release_new/new.10/include/EvtGenModels:/cvmfs/sphenix.sdcc.bnl.gov/alma9.2-gcc-14.2.0/release/release_new/new.10/include/fastjet:/cvmfs/sphenix.sdcc.bnl.gov/alma9.2-gcc-14.2.0/release/release_new/new.10/include/DDG4:/cvmfs/sphenix.sdcc.bnl.gov/alma9.2-gcc-14.2.0/release/release_new/new.10/include/mbd:/cvmfs/sphenix.sdcc.bnl.gov/alma9.2-gcc-14.2.0/release/release_new/new.10/include/tbb:/cvmfs/sphenix.sdcc.bnl.gov/alma9.2-gcc-14.2.0/release/release_new/new.10/include/phgeom:/cvmfs/sphenix.sdcc.bnl.gov/alma9.2-gcc-14.2.0/release/release_new/new.10/include/g4epd:/cvmfs/sphenix.sdcc.bnl.gov/alma9.2-gcc-14.2.0/release/release_new/new.10/include/oncal:/cvmfs/sphenix.sdcc.bnl.gov/alma9.2-gcc-14.2.0/release/release_new/new.10/include/pybind11:/cvmfs/sphenix.sdcc.bnl.gov/alma9.2-gcc-14.2.0/release/release_new/new.10/include/tpcdistgenerator:/cvmfs/sphenix.sdcc.bnl.gov/alma9.2-gcc-14.2.0/release/release_new/new.10/include/cdbobjects:/cvmfs/sphenix.sdcc.bnl.gov/alma9.2-gcc-14.2.0/release/release_new/new.10/include/g4micromegas:/cvmfs/sphenix.sdcc.bnl.gov/alma9.2-gcc-14.2.0/release/release_new/new.10/include/g4eval:/cvmfs/sphenix.sdcc.bnl.gov/alma9.2-gcc-14.2.0/release/release_new/new.10/include/jetbackground:/cvmfs/sphenix.sdcc.bnl.gov/alma9.2-gcc-14.2.0/release/release_new/new.10/include/micromegas:/cvmfs/sphenix.sdcc.bnl.gov/alma9.2-gcc-14.2.0/release/release_new/new.10/include/hftrackefficiency:/cvmfs/sphenix.sdcc.bnl.gov/alma9.2-gcc-14.2.0/release/release_new/new.10/include/inttrawhitqa:/cvmfs/sphenix.sdcc.bnl.gov/alma9.2-gcc-14.2.0/release/release_new/new.10/include/centrality:/cvmfs/sphenix.sdcc.bnl.gov/alma9.2-gcc-14.2.0/release/release_new/new.10/include/epd:/cvmfs/sphenix.sdcc.bnl.gov/alma9.2-gcc-14.2.0/release/release_new/new.10/include/caloreco:/cvmfs/sphenix.sdcc.bnl.gov/alma9.2-gcc-14.2.0/release/release_new/new.10/include/HepMC:/cvmfs/sphenix.sdcc.bnl.gov/alma9.2-gcc-14.2.0/release/release_new/new.10/include/CLHEP:/cvmfs/sphenix.sdcc.bnl.gov/alma9.2-gcc-14.2.0/release/release_new/new.10/include/Acts:/cvmfs/sphenix.sdcc.bnl.gov/alma9.2-gcc-14.2.0/release/release_new/new.10/include/g4histos:/cvmfs/sphenix.sdcc.bnl.gov/alma9.2-gcc-14.2.0/release/release_new/new.10/include/eventplaneinfo:/cvmfs/sphenix.sdcc.bnl.gov/alma9.2-gcc-14.2.0/release/release_new/new.10/include/fillspacechargemaps:/cvmfs/sphenix.sdcc.bnl.gov/alma9.2-gcc-14.2.0/release/release_new/new.10/include/phhepmc:/cvmfs/sphenix.sdcc.bnl.gov/alma9.2-gcc-14.2.0/release/release_new/new.10/include/trackingqa:/cvmfs/sphenix.sdcc.bnl.gov/alma9.2-gcc-14.2.0/release/release_new/new.10/include/qautils:/cvmfs/sphenix.sdcc.bnl.gov/alma9.2-gcc-14.2.0/release/release_new/new.10/include/trackreco:/cvmfs/sphenix.sdcc.bnl.gov/alma9.2-gcc-14.2.0/release/release_new/new.10/include/g4ohcal:/cvmfs/sphenix.sdcc.bnl.gov/alma9.2-gcc-14.2.0/release/release_new/new.10/include/tpcdvcalib:/cvmfs/sphenix.sdcc.bnl.gov/alma9.2-gcc-14.2.0/release/release_new/new.10/include/zdcinfo:/cvmfs/sphenix.sdcc.bnl.gov/alma9.2-gcc-14.2.0/release/release_new/new.10/include/phpythia8:/cvmfs/sphenix.sdcc.bnl.gov/alma9.2-gcc-14.2.0/release/release_new/new.10/include/fun4allutils:/cvmfs/sphenix.sdcc.bnl.gov/alma9.2-gcc-14.2.0/release/release_new/new.10/include/tpcqa:/cvmfs/sphenix.sdcc.bnl.gov/alma9.2-gcc-14.2.0/release/release_new/new.10/include/Pythia8:/cvmfs/sphenix.sdcc.bnl.gov/alma9.2-gcc-14.2.0/release/release_new/new.10/include/DDRec:/cvmfs/sphenix.sdcc.bnl.gov/alma9.2-gcc-14.2.0/release/release_new/new.10/include/DDDigi:/cvmfs/sphenix.sdcc.bnl.gov/alma9.2-gcc-14.2.0/release/release_new/new.10/include/g4ihcal:/cvmfs/sphenix.sdcc.bnl.gov/alma9.2-gcc-14.2.0/release/release_new/new.10/include/frog:/cvmfs/sphenix.sdcc.bnl.gov/alma9.2-gcc-14.2.0/release/release_new/new.10/include/eigen3:/cvmfs/sphenix.sdcc.bnl.gov/alma9.2-gcc-14.2.0/release/release_new/new.10/include/tensorpipe:/cvmfs/sphenix.sdcc.bnl.gov/alma9.2-gcc-14.2.0/release/release_new/new.10/include/sphenixnpc:/cvmfs/sphenix.sdcc.bnl.gov/alma9.2-gcc-14.2.0/release/release_new/new.10/include/siscone:/cvmfs/sphenix.sdcc.bnl.gov/alma9.2-gcc-14.2.0/release/release_new/new.10/include/pmonitor:/cvmfs/sphenix.sdcc.bnl.gov/alma9.2-gcc-14.2.0/release/release_new/new.10/include/calobase:/cvmfs/sphenix.sdcc.bnl.gov/alma9.2-gcc-14.2.0/release/release_new/new.10/include/ActsExamples:/cvmfs/sphenix.sdcc.bnl.gov/alma9.2-gcc-14.2.0/release/release_new/new.10/include/g4gdml:/cvmfs/sphenix.sdcc.bnl.gov/alma9.2-gcc-14.2.0/release/release_new/new.10/include/mvtx_decoder:/cvmfs/sphenix.sdcc.bnl.gov/alma9.2-gcc-14.2.0/release/release_new/new.10/include/ROOT:/cvmfs/sphenix.sdcc.bnl.gov/alma9.2-gcc-14.2.0/release/release_new/new.10/include/phparameter:/cvmfs/sphenix.sdcc.bnl.gov/alma9.2-gcc-14.2.0/release/release_new/new.10/include/rsa:/cvmfs/sphenix.sdcc.bnl.gov/alma9.2-gcc-14.2.0/release/release_new/new.10/include/fun4allraw:/cvmfs/sphenix.sdcc.bnl.gov/alma9.2-gcc-14.2.0/release/release_new/new.10/include/trackbase_historic:/cvmfs/sphenix.sdcc.bnl.gov/alma9.2-gcc-14.2.0/release/release_new/new.10/include/g4jets:/cvmfs/sphenix.sdcc.bnl.gov/alma9.2-gcc-14.2.0/release/release_new/new.10/include/jetqa:/cvmfs/sphenix.sdcc.bnl.gov/alma9.2-gcc-14.2.0/release/release_new/new.10/include/phoolraw:/cvmfs/sphenix.sdcc.bnl.gov/alma9.2-gcc-14.2.0/release/release_new/new.10/include/g4calo:/cvmfs/sphenix.sdcc.bnl.gov/alma9.2-gcc-14.2.0/release/release_new/new.10/include/mvtxrawhitqa:/cvmfs/sphenix.sdcc.bnl.gov/alma9.2-gcc-14.2.0/release/release_new/new.10/include/HepMC3:/cvmfs/sphenix.sdcc.bnl.gov/alma9.2-gcc-14.2.0/release/release_new/new.10/include/calowaveformsim:/cvmfs/sphenix.sdcc.bnl.gov/alma9.2-gcc-14.2.0/release/release_new/new.10/include/g4caloprototype:/cvmfs/sphenix.sdcc.bnl.gov/alma9.2-gcc-14.2.0/release/release_new/new.10/include/pdbcalbase:/cvmfs/sphenix.sdcc.bnl.gov/alma9.2-gcc-14.2.0/release/release_new/new.10/include/gsl:/cvmfs/sphenix.sdcc.bnl.gov/alma9.2-gcc-14.2.0/release/release_new/new.10/include/nodedump:/cvmfs/sphenix.sdcc.bnl.gov/alma9.2-gcc-14.2.0/release/release_new/new.10/include/emcnoisytowerfinder:/cvmfs/sphenix.sdcc.bnl.gov/alma9.2-gcc-14.2.0/release/release_new/new.10/include/ActsFatras:/cvmfs/sphenix.sdcc.bnl.gov/alma9.2-gcc-14.2.0/release/release_new/new.10/include/ffarawmodules:/cvmfs/sphenix.sdcc.bnl.gov/alma9.2-gcc-14.2.0/release/release_new/new.10/include/Event:/cvmfs/sphenix.sdcc.bnl.gov/alma9.2-gcc-14.2.0/release/release_new/new.10/include/prototype3:/cvmfs/sphenix.sdcc.bnl.gov/alma9.2-gcc-14.2.0/release/release_new/new.10/include/fermimotionafterburner:/cvmfs/sphenix.sdcc.bnl.gov/alma9.2-gcc-14.2.0/release/release_new/new.10/include/Photos:/cvmfs/sphenix.sdcc.bnl.gov/alma9.2-gcc-14.2.0/release/release_new/new.10/include/xingshiftcal:/cvmfs/sphenix.sdcc.bnl.gov/alma9.2-gcc-14.2.0/release/release_new/new.10/include/trackbase:/cvmfs/sphenix.sdcc.bnl.gov/alma9.2-gcc-14.2.0/release/release_new/new.10/include/jetdstskimmer:/cvmfs/sphenix.sdcc.bnl.gov/alma9.2-gcc-14.2.0/release/release_new/new.10/include/clusteriso:/cvmfs/sphenix.sdcc.bnl.gov/alma9.2-gcc-14.2.0/release/release_new/new.10/include/asmjit:/cvmfs/sphenix.sdcc.bnl.gov/alma9.2-gcc-14.2.0/release/release_new/new.10/include/particleflowreco:/cvmfs/sphenix.sdcc.bnl.gov/alma9.2-gcc-14.2.0/release/release_new/new.10/include/tpchittrackdisplay:/cvmfs/sphenix.sdcc.bnl.gov/alma9.2-gcc-14.2.0/release/release_new/new.10/include/caloana:/cvmfs/sphenix.sdcc.bnl.gov/alma9.2-gcc-14.2.0/release/release_new/new.10/include/calotrigger:/cvmfs/sphenix.sdcc.bnl.gov/alma9.2-gcc-14.2.0/release/release_new/new.10/include/nopayloadclient:/cvmfs/sphenix.sdcc.bnl.gov/alma9.2-gcc-14.2.0/release/release_new/new.10/include/trackermillepedealignment:/cvmfs/sphenix.sdcc.bnl.gov/alma9.2-gcc-14.2.0/release/release_new/new.10/include/DD4hep:/cvmfs/sphenix.sdcc.bnl.gov/alma9.2-gcc-14.2.0/release/release_new/new.10/include/g4trackfastsim:/cvmfs/sphenix.sdcc.bnl.gov/alma9.2-gcc-14.2.0/release/release_new/new.10/include/prototype2:/cvmfs/sphenix.sdcc.bnl.gov/alma9.2-gcc-14.2.0/release/release_new/new.10/include/ATen:/cvmfs/sphenix.sdcc.bnl.gov/alma9.2-gcc-14.2.0/release/release_new/new.10/include/g4main:/cvmfs/sphenix.sdcc.bnl.gov/alma9.2-gcc-14.2.0/release/release_new/new.10/include/Tauola:/cvmfs/sphenix.sdcc.bnl.gov/alma9.2-gcc-14.2.0/release/release_new/new.10/include/inttcalib:/cvmfs/sphenix.sdcc.bnl.gov/alma9.2-gcc-14.2.0/release/release_new/new.10/include/reactionplaneafterburner:/cvmfs/sphenix.sdcc.bnl.gov/alma9.2-gcc-14.2.0/release/release_new/new.10/include/globalqa:/cvmfs/sphenix.sdcc.bnl.gov/alma9.2-gcc-14.2.0/release/release_new/new.10/include/tpccalib:/cvmfs/sphenix.sdcc.bnl.gov/alma9.2-gcc-14.2.0/release/release_new/new.10/include/DDSegmentation:/cvmfs/sphenix.sdcc.bnl.gov/alma9.2-gcc-14.2.0/release/release_new/new.10/include/decayfinder:/cvmfs/sphenix.sdcc.bnl.gov/alma9.2-gcc-14.2.0/release/release_new/new.10/include/compressclus:/cvmfs/sphenix.sdcc.bnl.gov/alma9.2-gcc-14.2.0/release/release_new/new.10/include/simqa_modules:/cvmfs/sphenix.sdcc.bnl.gov/alma9.2-gcc-14.2.0/release/release_new/new.10/include/resonancejettagging:/cvmfs/sphenix.sdcc.bnl.gov/alma9.2-gcc-14.2.0/release/release_new/new.10/include/g4centrality:/cvmfs/sphenix.sdcc.bnl.gov/alma9.2-gcc-14.2.0/release/release_new/new.10/include/mvtx:/cvmfs/sphenix.sdcc.bnl.gov/alma9.2-gcc-14.2.0/release/release_new/new.10/include/nlohmann:/cvmfs/sphenix.sdcc.bnl.gov/alma9.2-gcc-14.2.0/release/release_new/new.10/include/localpoloffmon:/cvmfs/sphenix.sdcc.bnl.gov/alma9.2-gcc-14.2.0/release/release_new/new.10/include/DDEve:/cvmfs/sphenix.sdcc.bnl.gov/alma9.2-gcc-14.2.0/release/release_new/new.10/include/Parsers:/cvmfs/sphenix.sdcc.bnl.gov/alma9.2-gcc-14.2.0/release/release_new/new.10/include/trackingdiagnostics:/cvmfs/sphenix.sdcc.bnl.gov/alma9.2-gcc-14.2.0/release/release_new/new.10/include/g4vertex:/cvmfs/sphenix.sdcc.bnl.gov/alma9.2-gcc-14.2.0/release/release_new/new.10/include/jetbase:/cvmfs/sphenix.sdcc.bnl.gov/alma9.2-gcc-14.2.0/release/release_new/new.10/include/globalvertex:/cvmfs/sphenix.sdcc.bnl.gov/alma9.2-gcc-14.2.0/release/release_new/new.10/include/phgenfit:/cvmfs/sphenix.sdcc.bnl.gov/alma9.2-gcc-14.2.0/release/release_new/new.10/include/rawbcolumi:/cvmfs/sphenix.sdcc.bnl.gov/alma9.2-gcc-14.2.0/release/release_new/new.10/include/eicsmear:/cvmfs/sphenix.sdcc.bnl.gov/alma9.2-gcc-14.2.0/release/release_new/new.10/include/mvtxcalib:/cvmfs/sphenix.sdcc.bnl.gov/alma9.2-gcc-14.2.0/release/release_new/new.10/include/tpclinelaserdiode:/cvmfs/sphenix.sdcc.bnl.gov/alma9.2-gcc-14.2.0/release/release_new/new.10/include/hepmcjettrigger:/cvmfs/sphenix.sdcc.bnl.gov/alma9.2-gcc-14.2.0/release/release_new/new.10/include/core:/cvmfs/sphenix.sdcc.bnl.gov/alma9.2-gcc-14.2.0/release/release_new/new.10/include/calo_cdb:/cvmfs/sphenix.sdcc.bnl.gov/alma9.2-gcc-14.2.0/release/release_new/new.10/include/mvtxclustershapesqa:/cvmfs/sphenix.sdcc.bnl.gov/alma9.2-gcc-14.2.0/release/release_new/new.10/include/calopacketskimmer:/cvmfs/sphenix.sdcc.bnl.gov/alma9.2-gcc-14.2.0/opt/sphenix/core/geant4.10.07.p04/include:/cvmfs/sphenix.sdcc.bnl.gov/alma9.2-gcc-14.2.0/release/release_new/new.10/rootmacros:/cvmfs/sphenix.sdcc.bnl.gov/alma9.2-gcc-14.2.0/opt/sphenix/core/include
GSEARCHPATH=.:PG:LUSTRE:RAWDATA
PWD=/gpfs/mnt/gpfs02/sphenix/user/samfred/run25/ppg11/histmaking
LOGNAME=samfred
_CONDOR_JOB_AD=/home/condor/local/sphnx/execute/dir_2442575/.job.ad
MANPATH=/cvmfs/sphenix.sdcc.bnl.gov/alma9.2-gcc-14.2.0/opt/sphenix/core/gcc/14.2.0-2f0a0/x86_64-el9/share/man:/cvmfs/sphenix.sdcc.bnl.gov/alma9.2-gcc-14.2.0/opt/sphenix/core/binutils/2.40-acaab/x86_64-el9/share/man:/cvmfs/sphenix.sdcc.bnl.gov/alma9.2-gcc-14.2.0/release/release_new/new.10/share/man:/cvmfs/sphenix.sdcc.bnl.gov/alma9.2-gcc-14.2.0/opt/sphenix/utils/share/man:/cvmfs/sphenix.sdcc.bnl.gov/alma9.2-gcc-14.2.0/opt/sphenix/core/share/man:/cvmfs/sphenix.sdcc.bnl.gov/alma9.2-gcc-14.2.0/opt/sphenix/core/root-6.32.06/man:/usr/local/share/man:/usr/share/man
PYTHIA8=/cvmfs/sphenix.sdcc.bnl.gov/alma9.2-gcc-14.2.0/release/release_new/new.10/share/Pythia8
G4INCLDATA=/cvmfs/sphenix.sdcc.bnl.gov/alma9.2-gcc-14.2.0/opt/sphenix/core/geant4.10.07.p04/share/Geant4-10.7.4/data/G4INCL1.0
ORIG_PATH=/usr/local/bin:/usr/bin
CXX=/cvmfs/sphenix.sdcc.bnl.gov/alma9.2-gcc-14.2.0/opt/sphenix/core/gcc/14.2.0-2f0a0/x86_64-el9/bin/g++
G4LEDATA=/cvmfs/sphenix.sdcc.bnl.gov/alma9.2-gcc-14.2.0/opt/sphenix/core/geant4.10.07.p04/share/Geant4-10.7.4/data/G4EMLOW7.13
PYTHON_CPU_COUNT=1
OPENBLAS_NUM_THREADS=1
_CONDOR_BIN=/usr/bin
HOME=/sphenix/u/samfred
G4PARTICLEXSDATA=/cvmfs/sphenix.sdcc.bnl.gov/alma9.2-gcc-14.2.0/opt/sphenix/core/geant4.10.07.p04/share/Geant4-10.7.4/data/G4PARTICLEXS3.1.1
ONLINE_MAIN=/cvmfs/sphenix.sdcc.bnl.gov/alma9.2-gcc-14.2.0/release/release_new/new.10
CALIBRATIONROOT=/cvmfs/sphenix.sdcc.bnl.gov/alma9.2-gcc-14.2.0/release/release_new/new.10/share/calibrations
TMPDIR=/tmp
_CONDOR_SCRATCH_DIR=/home/condor/local/sphnx/execute/dir_2442575
PGUSER=phnxrc
NOPAYLOADCLIENT_CONF=/cvmfs/sphenix.sdcc.bnl.gov/alma9.2-gcc-14.2.0/opt/sphenix/core/etc/sPHENIX_newcdb.json
XERCESCROOT=/cvmfs/sphenix.sdcc.bnl.gov/alma9.2-gcc-14.2.0/opt/sphenix/core/geant4.10.07.p04
LHAPATH=/cvmfs/sphenix.sdcc.bnl.gov/alma9.2-gcc-14.2.0/opt/sphenix/core/lhapdf-5.9.1/share/lhapdf/PDFsets
G4NEUTRONHPDATA=/cvmfs/sphenix.sdcc.bnl.gov/alma9.2-gcc-14.2.0/opt/sphenix/core/geant4.10.07.p04/share/Geant4-10.7.4/data/G4NDL4.6
PYTHONPATH=.:/cvmfs/sphenix.sdcc.bnl.gov/alma9.2-gcc-14.2.0/release/release_new/new.10/lib/python3.13/site-packages:/cvmfs/sphenix.sdcc.bnl.gov/alma9.2-gcc-14.2.0/opt/sphenix/core/lib/python3.13/site-packages:/cvmfs/sphenix.sdcc.bnl.gov/alma9.2-gcc-14.2.0/opt/sphenix/core/root-6.32.06/lib
USER=samfred
_CONDOR_JOB_PIDS=
TEMP=/tmp
GOMAXPROCS=1
OFFLINE_MAIN=/cvmfs/sphenix.sdcc.bnl.gov/alma9.2-gcc-14.2.0/release/release_new/new.10
SHLVL=1
TF_NUM_THREADS=1
G4SAIDXSDATA=/cvmfs/sphenix.sdcc.bnl.gov/alma9.2-gcc-14.2.0/opt/sphenix/core/geant4.10.07.p04/share/Geant4-10.7.4/data/G4SAIDDATA2.0
APPTAINER_CACHEDIR=/home/condor/local/sphnx/execute/dir_2442575
ROOTSYS=/cvmfs/sphenix.sdcc.bnl.gov/alma9.2-gcc-14.2.0/opt/sphenix/core/root-6.32.06
BATCH_SYSTEM=HTCondor
_CONDOR_SLOT=slot1_47
LD_LIBRARY_PATH=/sphenix/user/samfred/run25/install//lib:/cvmfs/sphenix.sdcc.bnl.gov/alma9.2-gcc-14.2.0/opt/sphenix/core/gcc/14.2.0-2f0a0/x86_64-el9/lib:/cvmfs/sphenix.sdcc.bnl.gov/alma9.2-gcc-14.2.0/opt/sphenix/core/gcc/14.2.0-2f0a0/x86_64-el9/lib64:/cvmfs/sphenix.sdcc.bnl.gov/alma9.2-gcc-14.2.0/opt/sphenix/core/binutils/2.40-acaab/x86_64-el9/lib:.:/cvmfs/sphenix.sdcc.bnl.gov/alma9.2-gcc-14.2.0/release/release_new/new.10/lib64:/cvmfs/sphenix.sdcc.bnl.gov/alma9.2-gcc-14.2.0/release/release_new/new.10/lib:/cvmfs/sphenix.sdcc.bnl.gov/alma9.2-gcc-14.2.0/opt/sphenix/utils/lib:/cvmfs/sphenix.sdcc.bnl.gov/alma9.2-gcc-14.2.0/opt/sphenix/core/lib:/cvmfs/sphenix.sdcc.bnl.gov/alma9.2-gcc-14.2.0/opt/sphenix/core/root-6.32.06/lib:/cvmfs/sphenix.sdcc.bnl.gov/alma9.2-gcc-14.2.0/opt/sphenix/core/geant4.10.07.p04/lib64:/cvmfs/sphenix.sdcc.bnl.gov/alma9.2-gcc-14.2.0/opt/sphenix/core/lhapdf-5.9.1/lib:/usr/local/lib64:/usr/lib64
OPT_SPHENIX=/cvmfs/sphenix.sdcc.bnl.gov/alma9.2-gcc-14.2.0/opt/sphenix/core
TF_LOOP_PARALLEL_ITERATIONS=1
_CONDOR_ANCESTOR_317699=2442575:1759352725:2446911813
EVT_LIB=/cvmfs/sphenix.sdcc.bnl.gov/alma9.2-gcc-14.2.0/opt/sphenix/core/root-6.32.06/lib
PGHOST=sphnxdbmaster.sdcc.bnl.gov
OMP_NUM_THREADS=1
G4REALSURFACEDATA=/cvmfs/sphenix.sdcc.bnl.gov/alma9.2-gcc-14.2.0/opt/sphenix/core/geant4.10.07.p04/share/Geant4-10.7.4/data/RealSurface2.2
FC=/cvmfs/sphenix.sdcc.bnl.gov/alma9.2-gcc-14.2.0/opt/sphenix/core/gcc/14.2.0-2f0a0/x86_64-el9/bin/gfortran
G4ABLADATA=/cvmfs/sphenix.sdcc.bnl.gov/alma9.2-gcc-14.2.0/opt/sphenix/core/geant4.10.07.p04/share/Geant4-10.7.4/data/G4ABLA3.1
PARASOFT=doesnotexist
TMP=/tmp
OPT_UTILS=/cvmfs/sphenix.sdcc.bnl.gov/alma9.2-gcc-14.2.0/opt/sphenix/utils
CONFIG_SITE=/cvmfs/sphenix.sdcc.bnl.gov/alma9.2-gcc-14.2.0/opt/sphenix/core/etc/config.site
PATH=/sphenix/user/samfred/run25/install//bin:/cvmfs/sphenix.sdcc.bnl.gov/alma9.2-gcc-14.2.0/opt/sphenix/core/gcc/14.2.0-2f0a0/x86_64-el9/bin:/cvmfs/sphenix.sdcc.bnl.gov/alma9.2-gcc-14.2.0/opt/sphenix/core/binutils/2.40-acaab/x86_64-el9/bin:.:/cvmfs/sphenix.sdcc.bnl.gov/alma9.2-gcc-14.2.0/release/release_new/new.10/bin:/cvmfs/sphenix.sdcc.bnl.gov/alma9.2-gcc-14.2.0/opt/sphenix/utils/bin:/cvmfs/sphenix.sdcc.bnl.gov/alma9.2-gcc-14.2.0/opt/sphenix/core/bin:/cvmfs/sphenix.sdcc.bnl.gov/alma9.2-gcc-14.2.0/opt/sphenix/core/root-6.32.06/bin:/cvmfs/sphenix.sdcc.bnl.gov/alma9.2-gcc-14.2.0/opt/sphenix/core/geant4.10.07.p04/bin:/usr/local/bin:/usr/bin:/usr/local/sbin:/usr/sbin
G4LEVELGAMMADATA=/cvmfs/sphenix.sdcc.bnl.gov/alma9.2-gcc-14.2.0/opt/sphenix/core/geant4.10.07.p04/share/Geant4-10.7.4/data/PhotonEvaporation5.7
CC=/cvmfs/sphenix.sdcc.bnl.gov/alma9.2-gcc-14.2.0/opt/sphenix/core/gcc/14.2.0-2f0a0/x86_64-el9/bin/gcc
G4RADIOACTIVEDATA=/cvmfs/sphenix.sdcc.bnl.gov/alma9.2-gcc-14.2.0/opt/sphenix/core/geant4.10.07.p04/share/Geant4-10.7.4/data/RadioactiveDecay5.6
JULIA_NUM_THREADS=1
MKL_NUM_THREADS=1
LHAPDF_DATA_PATH=/cvmfs/sphenix.sdcc.bnl.gov/alma9.2-gcc-14.2.0/release/release_new/new.10/share/LHAPDF
XPLOAD_CONFIG_DIR=/cvmfs/sphenix.sdcc.bnl.gov/alma9.2-gcc-14.2.0/opt/sphenix/core/etc
OLDPWD=/cvmfs/sphenix.sdcc.bnl.gov/alma9.2-gcc-14.2.0/release/release_new/new.10/geant4
_=/usr/bin/printenv
runnumber...
51901
trigger...

   ------------------------------------------------------------------
  | Welcome to ROOT 6.32.06                        https://root.cern |
  | (c) 1995-2024, The ROOT Team; conception: R. Brun, F. Rademakers |
  | Built for linuxx8664gcc on Dec 13 2024, 17:23:48                 |
  | From tags/6-32-06@6-32-06                                        |
  | With g++ (GCC) 14.2.0                                            |
  | Try '.help'/'.?', '.demo', '.license', '.credits', '.quit'/'.q'  |
   ------------------------------------------------------------------


Processing data_histmaker.C(51901)...
entry 1000/889129 (0.11247%)
entry 2000/889129 (0.224939%)
entry 3000/889129 (0.337409%)
entry 7000/889129 (0.787287%)
entry 8000/889129 (0.899757%)
entry 10000/889129 (1.1247%)
entry 12000/889129 (1.34964%)
entry 13000/889129 (1.46211%)
entry 14000/889129 (1.57457%)
entry 15000/889129 (1.68704%)
entry 19000/889129 (2.13692%)
entry 22000/889129 (2.47433%)
entry 23000/889129 (2.5868%)
entry 25000/889129 (2.81174%)
entry 28000/889129 (3.14915%)
entry 30000/889129 (3.37409%)
entry 31000/889129 (3.48656%)
entry 32000/889129 (3.59903%)
entry 35000/889129 (3.93644%)
entry 38000/889129 (4.27385%)
entry 39000/889129 (4.38632%)
entry 41000/889129 (4.61125%)
entry 42000/889129 (4.72372%)
entry 43000/889129 (4.83619%)
entry 44000/889129 (4.94866%)
entry 45000/889129 (5.06113%)
entry 46000/889129 (5.1736%)
entry 47000/889129 (5.28607%)
entry 50000/889129 (5.62348%)
entry 52000/889129 (5.84842%)
entry 53000/889129 (5.96089%)
entry 54000/889129 (6.07336%)
entry 56000/889129 (6.2983%)
entry 58000/889129 (6.52324%)
entry 59000/889129 (6.63571%)
entry 60000/889129 (6.74818%)
entry 61000/889129 (6.86065%)
entry 62000/889129 (6.97312%)
entry 63000/889129 (7.08559%)
entry 64000/889129 (7.19806%)
entry 66000/889129 (7.42299%)
entry 67000/889129 (7.53546%)
entry 68000/889129 (7.64793%)
entry 69000/889129 (7.7604%)
entry 70000/889129 (7.87287%)
entry 71000/889129 (7.98534%)
entry 72000/889129 (8.09781%)
entry 73000/889129 (8.21028%)
entry 74000/889129 (8.32275%)
entry 76000/889129 (8.54769%)
entry 80000/889129 (8.99757%)
entry 81000/889129 (9.11004%)
entry 84000/889129 (9.44745%)
entry 85000/889129 (9.55992%)
entry 86000/889129 (9.67239%)
entry 87000/889129 (9.78486%)
entry 90000/889129 (10.1223%)
entry 91000/889129 (10.2347%)
entry 92000/889129 (10.3472%)
entry 93000/889129 (10.4597%)
entry 96000/889129 (10.7971%)
entry 98000/889129 (11.022%)
entry 100000/889129 (11.247%)
entry 101000/889129 (11.3594%)
entry 102000/889129 (11.4719%)
entry 103000/889129 (11.5844%)
entry 104000/889129 (11.6968%)
entry 105000/889129 (11.8093%)
entry 106000/889129 (11.9218%)
entry 107000/889129 (12.0342%)
entry 108000/889129 (12.1467%)
entry 109000/889129 (12.2592%)
entry 111000/889129 (12.4841%)
entry 112000/889129 (12.5966%)
entry 113000/889129 (12.7091%)
entry 115000/889129 (12.934%)
entry 117000/889129 (13.1589%)
entry 118000/889129 (13.2714%)
entry 120000/889129 (13.4964%)
entry 121000/889129 (13.6088%)
entry 124000/889129 (13.9462%)
entry 125000/889129 (14.0587%)
entry 126000/889129 (14.1712%)
entry 128000/889129 (14.3961%)
entry 129000/889129 (14.5086%)
entry 130000/889129 (14.6211%)
entry 131000/889129 (14.7335%)
entry 132000/889129 (14.846%)
entry 133000/889129 (14.9585%)
entry 137000/889129 (15.4083%)
entry 138000/889129 (15.5208%)
entry 140000/889129 (15.7457%)
entry 142000/889129 (15.9707%)
entry 145000/889129 (16.3081%)
entry 148000/889129 (16.6455%)
entry 149000/889129 (16.758%)
entry 151000/889129 (16.9829%)
entry 153000/889129 (17.2079%)
entry 155000/889129 (17.4328%)
entry 156000/889129 (17.5453%)
entry 157000/889129 (17.6577%)
entry 158000/889129 (17.7702%)
entry 160000/889129 (17.9951%)
entry 162000/889129 (18.2201%)
entry 165000/889129 (18.5575%)
entry 170000/889129 (19.1198%)
entry 171000/889129 (19.2323%)
entry 173000/889129 (19.4572%)
entry 174000/889129 (19.5697%)
entry 176000/889129 (19.7947%)
entry 177000/889129 (19.9071%)
entry 179000/889129 (20.1321%)
entry 180000/889129 (20.2445%)
entry 181000/889129 (20.357%)
entry 183000/889129 (20.5819%)
entry 184000/889129 (20.6944%)
entry 185000/889129 (20.8069%)
entry 189000/889129 (21.2568%)
entry 191000/889129 (21.4817%)
entry 192000/889129 (21.5942%)
entry 196000/889129 (22.044%)
entry 197000/889129 (22.1565%)
entry 199000/889129 (22.3815%)
entry 204000/889129 (22.9438%)
entry 205000/889129 (23.0563%)
entry 208000/889129 (23.3937%)
entry 209000/889129 (23.5062%)
entry 210000/889129 (23.6186%)
entry 211000/889129 (23.7311%)
entry 212000/889129 (23.8436%)
entry 215000/889129 (24.181%)
entry 216000/889129 (24.2934%)
entry 219000/889129 (24.6308%)
entry 221000/889129 (24.8558%)
entry 222000/889129 (24.9683%)
entry 223000/889129 (25.0807%)
entry 224000/889129 (25.1932%)
entry 225000/889129 (25.3057%)
entry 231000/889129 (25.9805%)
entry 233000/889129 (26.2054%)
entry 234000/889129 (26.3179%)
entry 235000/889129 (26.4304%)
entry 236000/889129 (26.5428%)
entry 237000/889129 (26.6553%)
entry 238000/889129 (26.7678%)
entry 239000/889129 (26.8802%)
entry 240000/889129 (26.9927%)
entry 241000/889129 (27.1052%)
entry 242000/889129 (27.2176%)
entry 244000/889129 (27.4426%)
entry 248000/889129 (27.8925%)
entry 251000/889129 (28.2299%)
entry 252000/889129 (28.3423%)
entry 255000/889129 (28.6798%)
entry 259000/889129 (29.1296%)
entry 261000/889129 (29.3546%)
entry 262000/889129 (29.467%)
entry 264000/889129 (29.692%)
entry 268000/889129 (30.1419%)
entry 269000/889129 (30.2543%)
entry 271000/889129 (30.4793%)
entry 272000/889129 (30.5917%)
entry 273000/889129 (30.7042%)
entry 275000/889129 (30.9291%)
entry 278000/889129 (31.2666%)
entry 280000/889129 (31.4915%)
entry 283000/889129 (31.8289%)
entry 284000/889129 (31.9414%)
entry 285000/889129 (32.0538%)
entry 286000/889129 (32.1663%)
entry 288000/889129 (32.3913%)
entry 290000/889129 (32.6162%)
entry 293000/889129 (32.9536%)
entry 294000/889129 (33.0661%)
entry 297000/889129 (33.4035%)
entry 299000/889129 (33.6284%)
entry 302000/889129 (33.9658%)
entry 303000/889129 (34.0783%)
entry 304000/889129 (34.1908%)
entry 306000/889129 (34.4157%)
entry 307000/889129 (34.5282%)
entry 308000/889129 (34.6406%)
entry 309000/889129 (34.7531%)
entry 310000/889129 (34.8656%)
entry 311000/889129 (34.9781%)
entry 315000/889129 (35.4279%)
entry 316000/889129 (35.5404%)
entry 320000/889129 (35.9903%)
entry 321000/889129 (36.1027%)
entry 322000/889129 (36.2152%)
entry 323000/889129 (36.3277%)
entry 324000/889129 (36.4402%)
entry 325000/889129 (36.5526%)
entry 326000/889129 (36.6651%)
entry 327000/889129 (36.7776%)
entry 328000/889129 (36.89%)
entry 330000/889129 (37.115%)
entry 331000/889129 (37.2274%)
entry 332000/889129 (37.3399%)
entry 337000/889129 (37.9023%)
entry 338000/889129 (38.0147%)
entry 339000/889129 (38.1272%)
entry 340000/889129 (38.2397%)
entry 341000/889129 (38.3521%)
entry 342000/889129 (38.4646%)
entry 343000/889129 (38.5771%)
entry 344000/889129 (38.6895%)
entry 346000/889129 (38.9145%)
entry 347000/889129 (39.027%)
entry 350000/889129 (39.3644%)
entry 351000/889129 (39.4768%)
entry 352000/889129 (39.5893%)
entry 353000/889129 (39.7018%)
entry 354000/889129 (39.8142%)
entry 358000/889129 (40.2641%)
entry 359000/889129 (40.3766%)
entry 361000/889129 (40.6015%)
entry 362000/889129 (40.714%)
entry 363000/889129 (40.8265%)
entry 370000/889129 (41.6138%)
entry 371000/889129 (41.7262%)
entry 374000/889129 (42.0636%)
entry 377000/889129 (42.401%)
entry 378000/889129 (42.5135%)
entry 379000/889129 (42.626%)
entry 380000/889129 (42.7385%)
entry 382000/889129 (42.9634%)
entry 386000/889129 (43.4133%)
entry 389000/889129 (43.7507%)
entry 390000/889129 (43.8632%)
entry 391000/889129 (43.9756%)
entry 392000/889129 (44.0881%)
entry 393000/889129 (44.2006%)
entry 395000/889129 (44.4255%)
entry 397000/889129 (44.6504%)
entry 398000/889129 (44.7629%)
entry 399000/889129 (44.8754%)
entry 401000/889129 (45.1003%)
entry 402000/889129 (45.2128%)
entry 404000/889129 (45.4377%)
entry 406000/889129 (45.6627%)
entry 407000/889129 (45.7751%)
entry 409000/889129 (46.0001%)
entry 410000/889129 (46.1125%)
entry 411000/889129 (46.225%)
entry 412000/889129 (46.3375%)
entry 414000/889129 (46.5624%)
entry 417000/889129 (46.8998%)
entry 418000/889129 (47.0123%)
entry 419000/889129 (47.1248%)
entry 423000/889129 (47.5746%)
entry 424000/889129 (47.6871%)
entry 426000/889129 (47.9121%)
entry 427000/889129 (48.0245%)
entry 428000/889129 (48.137%)
entry 429000/889129 (48.2495%)
entry 430000/889129 (48.3619%)
entry 432000/889129 (48.5869%)
entry 433000/889129 (48.6993%)
entry 435000/889129 (48.9243%)
entry 436000/889129 (49.0368%)
entry 437000/889129 (49.1492%)
entry 440000/889129 (49.4866%)
entry 442000/889129 (49.7116%)
entry 443000/889129 (49.824%)
entry 444000/889129 (49.9365%)
entry 445000/889129 (50.049%)
entry 447000/889129 (50.2739%)
entry 448000/889129 (50.3864%)
entry 449000/889129 (50.4989%)
entry 450000/889129 (50.6113%)
entry 451000/889129 (50.7238%)
entry 452000/889129 (50.8363%)
entry 453000/889129 (50.9487%)
entry 454000/889129 (51.0612%)
entry 457000/889129 (51.3986%)
entry 458000/889129 (51.5111%)
entry 461000/889129 (51.8485%)
entry 462000/889129 (51.961%)
entry 463000/889129 (52.0734%)
entry 464000/889129 (52.1859%)
entry 465000/889129 (52.2984%)
entry 467000/889129 (52.5233%)
entry 468000/889129 (52.6358%)
entry 469000/889129 (52.7483%)
entry 474000/889129 (53.3106%)
entry 475000/889129 (53.4231%)
entry 476000/889129 (53.5355%)
entry 478000/889129 (53.7605%)
entry 480000/889129 (53.9854%)
entry 481000/889129 (54.0979%)
entry 483000/889129 (54.3228%)
entry 484000/889129 (54.4353%)
entry 485000/889129 (54.5478%)
entry 489000/889129 (54.9976%)
entry 490000/889129 (55.1101%)
entry 491000/889129 (55.2226%)
entry 493000/889129 (55.4475%)
entry 494000/889129 (55.56%)
entry 495000/889129 (55.6725%)
entry 496000/889129 (55.7849%)
entry 498000/889129 (56.0099%)
entry 500000/889129 (56.2348%)
entry 501000/889129 (56.3473%)
entry 502000/889129 (56.4597%)
entry 504000/889129 (56.6847%)
entry 505000/889129 (56.7972%)
entry 506000/889129 (56.9096%)
entry 507000/889129 (57.0221%)
entry 509000/889129 (57.247%)
entry 510000/889129 (57.3595%)
entry 511000/889129 (57.472%)
entry 515000/889129 (57.9219%)
entry 519000/889129 (58.3717%)
entry 520000/889129 (58.4842%)
entry 521000/889129 (58.5967%)
entry 522000/889129 (58.7091%)
entry 524000/889129 (58.9341%)
entry 527000/889129 (59.2715%)
entry 531000/889129 (59.7214%)
entry 535000/889129 (60.1712%)
entry 536000/889129 (60.2837%)
entry 537000/889129 (60.3962%)
entry 538000/889129 (60.5087%)
entry 540000/889129 (60.7336%)
entry 542000/889129 (60.9585%)
entry 543000/889129 (61.071%)
entry 548000/889129 (61.6333%)
entry 550000/889129 (61.8583%)
entry 551000/889129 (61.9708%)
entry 552000/889129 (62.0832%)
entry 553000/889129 (62.1957%)
entry 555000/889129 (62.4206%)
entry 556000/889129 (62.5331%)
entry 557000/889129 (62.6456%)
entry 558000/889129 (62.758%)
entry 560000/889129 (62.983%)
entry 562000/889129 (63.2079%)
entry 563000/889129 (63.3204%)
entry 564000/889129 (63.4329%)
entry 565000/889129 (63.5453%)
entry 566000/889129 (63.6578%)
entry 567000/889129 (63.7703%)
entry 568000/889129 (63.8827%)
entry 569000/889129 (63.9952%)
entry 570000/889129 (64.1077%)
entry 571000/889129 (64.2202%)
entry 572000/889129 (64.3326%)
entry 573000/889129 (64.4451%)
entry 574000/889129 (64.5576%)
entry 576000/889129 (64.7825%)
entry 577000/889129 (64.895%)
entry 578000/889129 (65.0074%)
entry 580000/889129 (65.2324%)
entry 581000/889129 (65.3448%)
entry 582000/889129 (65.4573%)
entry 584000/889129 (65.6823%)
entry 587000/889129 (66.0197%)
entry 588000/889129 (66.1321%)
entry 589000/889129 (66.2446%)
entry 590000/889129 (66.3571%)
entry 591000/889129 (66.4695%)
entry 592000/889129 (66.582%)
entry 593000/889129 (66.6945%)
entry 594000/889129 (66.807%)
entry 595000/889129 (66.9194%)
entry 597000/889129 (67.1444%)
entry 599000/889129 (67.3693%)
entry 601000/889129 (67.5942%)
entry 604000/889129 (67.9317%)
entry 605000/889129 (68.0441%)
entry 606000/889129 (68.1566%)
entry 607000/889129 (68.2691%)
entry 608000/889129 (68.3815%)
entry 609000/889129 (68.494%)
entry 610000/889129 (68.6065%)
entry 612000/889129 (68.8314%)
entry 614000/889129 (69.0563%)
entry 616000/889129 (69.2813%)
entry 618000/889129 (69.5062%)
entry 619000/889129 (69.6187%)
entry 620000/889129 (69.7312%)
entry 622000/889129 (69.9561%)
entry 623000/889129 (70.0686%)
entry 624000/889129 (70.181%)
entry 625000/889129 (70.2935%)
entry 626000/889129 (70.406%)
entry 628000/889129 (70.6309%)
entry 629000/889129 (70.7434%)
entry 630000/889129 (70.8559%)
entry 631000/889129 (70.9683%)
entry 632000/889129 (71.0808%)
entry 634000/889129 (71.3057%)
entry 637000/889129 (71.6431%)
entry 638000/889129 (71.7556%)
entry 641000/889129 (72.093%)
entry 642000/889129 (72.2055%)
entry 645000/889129 (72.5429%)
entry 646000/889129 (72.6554%)
entry 647000/889129 (72.7678%)
entry 650000/889129 (73.1053%)
entry 653000/889129 (73.4427%)
entry 657000/889129 (73.8925%)
entry 659000/889129 (74.1175%)
entry 660000/889129 (74.2299%)
entry 662000/889129 (74.4549%)
entry 665000/889129 (74.7923%)
entry 667000/889129 (75.0172%)
entry 668000/889129 (75.1297%)
entry 669000/889129 (75.2422%)
entry 670000/889129 (75.3546%)
entry 671000/889129 (75.4671%)
entry 674000/889129 (75.8045%)
entry 675000/889129 (75.917%)
entry 676000/889129 (76.0295%)
entry 678000/889129 (76.2544%)
entry 679000/889129 (76.3669%)
entry 680000/889129 (76.4793%)
entry 682000/889129 (76.7043%)
entry 684000/889129 (76.9292%)
entry 685000/889129 (77.0417%)
entry 686000/889129 (77.1542%)
entry 691000/889129 (77.7165%)
entry 692000/889129 (77.829%)
entry 693000/889129 (77.9414%)
entry 694000/889129 (78.0539%)
entry 695000/889129 (78.1664%)
entry 697000/889129 (78.3913%)
entry 698000/889129 (78.5038%)
entry 700000/889129 (78.7287%)
entry 701000/889129 (78.8412%)
entry 702000/889129 (78.9537%)
entry 703000/889129 (79.0661%)
entry 704000/889129 (79.1786%)
entry 705000/889129 (79.2911%)
entry 706000/889129 (79.4035%)
entry 708000/889129 (79.6285%)
entry 711000/889129 (79.9659%)
entry 713000/889129 (80.1908%)
entry 714000/889129 (80.3033%)
entry 715000/889129 (80.4158%)
entry 716000/889129 (80.5282%)
entry 718000/889129 (80.7532%)
entry 723000/889129 (81.3155%)
entry 724000/889129 (81.428%)
entry 725000/889129 (81.5405%)
entry 726000/889129 (81.6529%)
entry 727000/889129 (81.7654%)
entry 728000/889129 (81.8779%)
entry 731000/889129 (82.2153%)
entry 732000/889129 (82.3278%)
entry 734000/889129 (82.5527%)
entry 735000/889129 (82.6652%)
entry 737000/889129 (82.8901%)
entry 739000/889129 (83.115%)
entry 742000/889129 (83.4525%)
entry 743000/889129 (83.5649%)
entry 745000/889129 (83.7899%)
entry 746000/889129 (83.9023%)
entry 747000/889129 (84.0148%)
entry 748000/889129 (84.1273%)
entry 750000/889129 (84.3522%)
entry 751000/889129 (84.4647%)
entry 752000/889129 (84.5772%)
entry 756000/889129 (85.027%)
entry 757000/889129 (85.1395%)
entry 759000/889129 (85.3644%)
entry 760000/889129 (85.4769%)
entry 761000/889129 (85.5894%)
entry 762000/889129 (85.7018%)
entry 763000/889129 (85.8143%)
entry 766000/889129 (86.1517%)
entry 768000/889129 (86.3767%)
entry 769000/889129 (86.4891%)
entry 770000/889129 (86.6016%)
entry 774000/889129 (87.0515%)
entry 775000/889129 (87.164%)
entry 776000/889129 (87.2764%)
entry 780000/889129 (87.7263%)
entry 781000/889129 (87.8388%)
entry 782000/889129 (87.9512%)
entry 784000/889129 (88.1762%)
entry 785000/889129 (88.2887%)
entry 786000/889129 (88.4011%)
entry 787000/889129 (88.5136%)
entry 789000/889129 (88.7385%)
entry 791000/889129 (88.9635%)
entry 792000/889129 (89.0759%)
entry 794000/889129 (89.3009%)
entry 796000/889129 (89.5258%)
entry 797000/889129 (89.6383%)
entry 798000/889129 (89.7508%)
entry 799000/889129 (89.8632%)
entry 801000/889129 (90.0882%)
entry 802000/889129 (90.2006%)
entry 805000/889129 (90.538%)
entry 806000/889129 (90.6505%)
entry 808000/889129 (90.8755%)
entry 809000/889129 (90.9879%)
entry 812000/889129 (91.3253%)
entry 813000/889129 (91.4378%)
entry 814000/889129 (91.5503%)
entry 815000/889129 (91.6627%)
entry 818000/889129 (92.0002%)
entry 821000/889129 (92.3376%)
entry 823000/889129 (92.5625%)
entry 824000/889129 (92.675%)
entry 825000/889129 (92.7874%)
entry 826000/889129 (92.8999%)
entry 828000/889129 (93.1248%)
entry 829000/889129 (93.2373%)
entry 834000/889129 (93.7997%)
entry 835000/889129 (93.9121%)
entry 838000/889129 (94.2495%)
entry 839000/889129 (94.362%)
entry 840000/889129 (94.4745%)
entry 842000/889129 (94.6994%)
entry 843000/889129 (94.8119%)
entry 844000/889129 (94.9244%)
entry 845000/889129 (95.0368%)
entry 847000/889129 (95.2618%)
entry 848000/889129 (95.3742%)
entry 849000/889129 (95.4867%)
entry 851000/889129 (95.7116%)
entry 852000/889129 (95.8241%)
entry 854000/889129 (96.0491%)
entry 855000/889129 (96.1615%)
entry 858000/889129 (96.4989%)
entry 860000/889129 (96.7239%)
entry 862000/889129 (96.9488%)
entry 866000/889129 (97.3987%)
entry 868000/889129 (97.6236%)
entry 871000/889129 (97.961%)
entry 874000/889129 (98.2984%)
entry 877000/889129 (98.6359%)
entry 879000/889129 (98.8608%)
entry 882000/889129 (99.1982%)
entry 886000/889129 (99.6481%)
all done
script done
