sphnx1124.sdcc.bnl.gov
rsyncing from /gpfs/mnt/gpfs02/sphenix/user/samfred/run25/ppg11/histmaking
running: /gpfs/mnt/gpfs02/sphenix/user/samfred/run25/ppg11/histmaking/script_data.sh 51986
LD_LIBRARY_PATH now /sphenix/user/samfred/run25/install//lib:/cvmfs/sphenix.sdcc.bnl.gov/alma9.2-gcc-14.2.0/opt/sphenix/core/gcc/14.2.0-2f0a0/x86_64-el9/lib:/cvmfs/sphenix.sdcc.bnl.gov/alma9.2-gcc-14.2.0/opt/sphenix/core/gcc/14.2.0-2f0a0/x86_64-el9/lib64:/cvmfs/sphenix.sdcc.bnl.gov/alma9.2-gcc-14.2.0/opt/sphenix/core/binutils/2.40-acaab/x86_64-el9/lib:.:/cvmfs/sphenix.sdcc.bnl.gov/alma9.2-gcc-14.2.0/release/release_new/new.10/lib64:/cvmfs/sphenix.sdcc.bnl.gov/alma9.2-gcc-14.2.0/release/release_new/new.10/lib:/cvmfs/sphenix.sdcc.bnl.gov/alma9.2-gcc-14.2.0/opt/sphenix/utils/lib:/cvmfs/sphenix.sdcc.bnl.gov/alma9.2-gcc-14.2.0/opt/sphenix/core/lib:/cvmfs/sphenix.sdcc.bnl.gov/alma9.2-gcc-14.2.0/opt/sphenix/core/root-6.32.06/lib:/cvmfs/sphenix.sdcc.bnl.gov/alma9.2-gcc-14.2.0/opt/sphenix/core/geant4.10.07.p04/lib64:/cvmfs/sphenix.sdcc.bnl.gov/alma9.2-gcc-14.2.0/opt/sphenix/core/lhapdf-5.9.1/lib:/usr/local/lib64:/usr/lib64
PATH now /sphenix/user/samfred/run25/install//bin:/cvmfs/sphenix.sdcc.bnl.gov/alma9.2-gcc-14.2.0/opt/sphenix/core/gcc/14.2.0-2f0a0/x86_64-el9/bin:/cvmfs/sphenix.sdcc.bnl.gov/alma9.2-gcc-14.2.0/opt/sphenix/core/binutils/2.40-acaab/x86_64-el9/bin:.:/cvmfs/sphenix.sdcc.bnl.gov/alma9.2-gcc-14.2.0/release/release_new/new.10/bin:/cvmfs/sphenix.sdcc.bnl.gov/alma9.2-gcc-14.2.0/opt/sphenix/utils/bin:/cvmfs/sphenix.sdcc.bnl.gov/alma9.2-gcc-14.2.0/opt/sphenix/core/bin:/cvmfs/sphenix.sdcc.bnl.gov/alma9.2-gcc-14.2.0/opt/sphenix/core/root-6.32.06/bin:/cvmfs/sphenix.sdcc.bnl.gov/alma9.2-gcc-14.2.0/opt/sphenix/core/geant4.10.07.p04/bin:/usr/local/bin:/usr/bin:/usr/local/sbin:/usr/sbin
SINGULARITY_CACHEDIR=/home/condor/local/sphnx/execute/dir_1419000
_CONDOR_CHIRP_CONFIG=/home/condor/local/sphnx/execute/dir_1419000/.chirp.config
_CONDOR_JOB_IWD=/sphenix/user/samfred/run25/ppg11/histmaking
G4ENSDFSTATEDATA=/cvmfs/sphenix.sdcc.bnl.gov/alma9.2-gcc-14.2.0/opt/sphenix/core/geant4.10.07.p04/share/Geant4-10.7.4/data/G4ENSDFSTATE2.3
_CONDOR_MACHINE_AD=/home/condor/local/sphnx/execute/dir_1419000/.machine.ad
ROOT_MAX_THREADS=1
NUMEXPR_NUM_THREADS=1
CUBACORES=1
_CHIRP_DELAYED_UPDATE_PREFIX=Chirp*
OMP_THREAD_LIMIT=1
G4PIIDATA=/cvmfs/sphenix.sdcc.bnl.gov/alma9.2-gcc-14.2.0/opt/sphenix/core/geant4.10.07.p04/share/Geant4-10.7.4/data/G4PII1.3
NO_AT_BRIDGE=1
G4_MAIN=/cvmfs/sphenix.sdcc.bnl.gov/alma9.2-gcc-14.2.0/opt/sphenix/core/geant4.10.07.p04
COMPILER_PATH=/cvmfs/sphenix.sdcc.bnl.gov/alma9.2-gcc-14.2.0/opt/sphenix/core/gcc/14.2.0-2f0a0/x86_64-el9
ROOT_INCLUDE_PATH=./:/sphenix/user/samfred/run25/install//include:/sphenix/user/samfred/run25/install//include/caloana:/sphenix/user/samfred/run25/install//include/qa_centrality:/sphenix/user/samfred/run25/install//include/mbdana:/sphenix/user/samfred/run25/install//include/centrality:/sphenix/user/samfred/run25/install//include/Event:/cvmfs/sphenix.sdcc.bnl.gov/alma9.2-gcc-14.2.0/release/release_new/new.10/include:/cvmfs/sphenix.sdcc.bnl.gov/alma9.2-gcc-14.2.0/release/release_new/new.10/include:/cvmfs/sphenix.sdcc.bnl.gov/alma9.2-gcc-14.2.0/release/release_new/new.10/include/g4mbd:/cvmfs/sphenix.sdcc.bnl.gov/alma9.2-gcc-14.2.0/release/release_new/new.10/include/fmt:/cvmfs/sphenix.sdcc.bnl.gov/alma9.2-gcc-14.2.0/release/release_new/new.10/include/ffarawobjects:/cvmfs/sphenix.sdcc.bnl.gov/alma9.2-gcc-14.2.0/release/release_new/new.10/include/JSON:/cvmfs/sphenix.sdcc.bnl.gov/alma9.2-gcc-14.2.0/release/release_new/new.10/include/calotreegen:/cvmfs/sphenix.sdcc.bnl.gov/alma9.2-gcc-14.2.0/release/release_new/new.10/include/torch:/cvmfs/sphenix.sdcc.bnl.gov/alma9.2-gcc-14.2.0/release/release_new/new.10/include/g4detectors:/cvmfs/sphenix.sdcc.bnl.gov/alma9.2-gcc-14.2.0/release/release_new/new.10/include/kineto:/cvmfs/sphenix.sdcc.bnl.gov/alma9.2-gcc-14.2.0/release/release_new/new.10/include/g4decayer:/cvmfs/sphenix.sdcc.bnl.gov/alma9.2-gcc-14.2.0/release/release_new/new.10/include/kfparticleqa:/cvmfs/sphenix.sdcc.bnl.gov/alma9.2-gcc-14.2.0/release/release_new/new.10/include/phfield:/cvmfs/sphenix.sdcc.bnl.gov/alma9.2-gcc-14.2.0/release/release_new/new.10/include/LHAPDF:/cvmfs/sphenix.sdcc.bnl.gov/alma9.2-gcc-14.2.0/release/release_new/new.10/include/readdigitalcurrents:/cvmfs/sphenix.sdcc.bnl.gov/alma9.2-gcc-14.2.0/release/release_new/new.10/include/c10:/cvmfs/sphenix.sdcc.bnl.gov/alma9.2-gcc-14.2.0/release/release_new/new.10/include/calovalid:/cvmfs/sphenix.sdcc.bnl.gov/alma9.2-gcc-14.2.0/release/release_new/new.10/include/oneapi:/cvmfs/sphenix.sdcc.bnl.gov/alma9.2-gcc-14.2.0/release/release_new/new.10/include/DDCond:/cvmfs/sphenix.sdcc.bnl.gov/alma9.2-gcc-14.2.0/release/release_new/new.10/include/g4tracking:/cvmfs/sphenix.sdcc.bnl.gov/alma9.2-gcc-14.2.0/release/release_new/new.10/include/litecaloeval:/cvmfs/sphenix.sdcc.bnl.gov/alma9.2-gcc-14.2.0/release/release_new/new.10/include/g4intt:/cvmfs/sphenix.sdcc.bnl.gov/alma9.2-gcc-14.2.0/release/release_new/new.10/include/phool:/cvmfs/sphenix.sdcc.bnl.gov/alma9.2-gcc-14.2.0/release/release_new/new.10/include/boost:/cvmfs/sphenix.sdcc.bnl.gov/alma9.2-gcc-14.2.0/release/release_new/new.10/include/Pythia8Plugins:/cvmfs/sphenix.sdcc.bnl.gov/alma9.2-gcc-14.2.0/release/release_new/new.10/include/calib_emc_pi0:/cvmfs/sphenix.sdcc.bnl.gov/alma9.2-gcc-14.2.0/release/release_new/new.10/include/hijingflipafterburner:/cvmfs/sphenix.sdcc.bnl.gov/alma9.2-gcc-14.2.0/release/release_new/new.10/include/ffaobjects:/cvmfs/sphenix.sdcc.bnl.gov/alma9.2-gcc-14.2.0/release/release_new/new.10/include/EvtGenBase:/cvmfs/sphenix.sdcc.bnl.gov/alma9.2-gcc-14.2.0/release/release_new/new.10/include/flowafterburner:/cvmfs/sphenix.sdcc.bnl.gov/alma9.2-gcc-14.2.0/release/release_new/new.10/include/google:/cvmfs/sphenix.sdcc.bnl.gov/alma9.2-gcc-14.2.0/release/release_new/new.10/include/g4tpc:/cvmfs/sphenix.sdcc.bnl.gov/alma9.2-gcc-14.2.0/release/release_new/new.10/include/caffe2:/cvmfs/sphenix.sdcc.bnl.gov/alma9.2-gcc-14.2.0/release/release_new/new.10/include/EvtGenExternal:/cvmfs/sphenix.sdcc.bnl.gov/alma9.2-gcc-14.2.0/release/release_new/new.10/include/fp16:/cvmfs/sphenix.sdcc.bnl.gov/alma9.2-gcc-14.2.0/release/release_new/new.10/include/ffamodules:/cvmfs/sphenix.sdcc.bnl.gov/alma9.2-gcc-14.2.0/release/release_new/new.10/include/uspin:/cvmfs/sphenix.sdcc.bnl.gov/alma9.2-gcc-14.2.0/release/release_new/new.10/include/Herwig:/cvmfs/sphenix.sdcc.bnl.gov/alma9.2-gcc-14.2.0/release/release_new/new.10/include/genfitexp:/cvmfs/sphenix.sdcc.bnl.gov/alma9.2-gcc-14.2.0/release/release_new/new.10/include/XML:/cvmfs/sphenix.sdcc.bnl.gov/alma9.2-gcc-14.2.0/release/release_new/new.10/include/fbgemm:/cvmfs/sphenix.sdcc.bnl.gov/alma9.2-gcc-14.2.0/release/release_new/new.10/include/DDAlign:/cvmfs/sphenix.sdcc.bnl.gov/alma9.2-gcc-14.2.0/release/release_new/new.10/include/g4mvtx:/cvmfs/sphenix.sdcc.bnl.gov/alma9.2-gcc-14.2.0/release/release_new/new.10/include/kfparticle_sphenix:/cvmfs/sphenix.sdcc.bnl.gov/alma9.2-gcc-14.2.0/release/release_new/new.10/include/fun4all:/cvmfs/sphenix.sdcc.bnl.gov/alma9.2-gcc-14.2.0/release/release_new/new.10/include/intt:/cvmfs/sphenix.sdcc.bnl.gov/alma9.2-gcc-14.2.0/release/release_new/new.10/include/eventdisplay:/cvmfs/sphenix.sdcc.bnl.gov/alma9.2-gcc-14.2.0/release/release_new/new.10/include/EvtGen:/cvmfs/sphenix.sdcc.bnl.gov/alma9.2-gcc-14.2.0/release/release_new/new.10/include/Evaluator:/cvmfs/sphenix.sdcc.bnl.gov/alma9.2-gcc-14.2.0/release/release_new/new.10/include/tpc:/cvmfs/sphenix.sdcc.bnl.gov/alma9.2-gcc-14.2.0/release/release_new/new.10/include/GenFit:/cvmfs/sphenix.sdcc.bnl.gov/alma9.2-gcc-14.2.0/release/release_new/new.10/include/prototype4:/cvmfs/sphenix.sdcc.bnl.gov/alma9.2-gcc-14.2.0/release/release_new/new.10/include/caloembedding:/cvmfs/sphenix.sdcc.bnl.gov/alma9.2-gcc-14.2.0/release/release_new/new.10/include/EvtGenModels:/cvmfs/sphenix.sdcc.bnl.gov/alma9.2-gcc-14.2.0/release/release_new/new.10/include/fastjet:/cvmfs/sphenix.sdcc.bnl.gov/alma9.2-gcc-14.2.0/release/release_new/new.10/include/DDG4:/cvmfs/sphenix.sdcc.bnl.gov/alma9.2-gcc-14.2.0/release/release_new/new.10/include/mbd:/cvmfs/sphenix.sdcc.bnl.gov/alma9.2-gcc-14.2.0/release/release_new/new.10/include/tbb:/cvmfs/sphenix.sdcc.bnl.gov/alma9.2-gcc-14.2.0/release/release_new/new.10/include/phgeom:/cvmfs/sphenix.sdcc.bnl.gov/alma9.2-gcc-14.2.0/release/release_new/new.10/include/g4epd:/cvmfs/sphenix.sdcc.bnl.gov/alma9.2-gcc-14.2.0/release/release_new/new.10/include/oncal:/cvmfs/sphenix.sdcc.bnl.gov/alma9.2-gcc-14.2.0/release/release_new/new.10/include/pybind11:/cvmfs/sphenix.sdcc.bnl.gov/alma9.2-gcc-14.2.0/release/release_new/new.10/include/tpcdistgenerator:/cvmfs/sphenix.sdcc.bnl.gov/alma9.2-gcc-14.2.0/release/release_new/new.10/include/cdbobjects:/cvmfs/sphenix.sdcc.bnl.gov/alma9.2-gcc-14.2.0/release/release_new/new.10/include/g4micromegas:/cvmfs/sphenix.sdcc.bnl.gov/alma9.2-gcc-14.2.0/release/release_new/new.10/include/g4eval:/cvmfs/sphenix.sdcc.bnl.gov/alma9.2-gcc-14.2.0/release/release_new/new.10/include/jetbackground:/cvmfs/sphenix.sdcc.bnl.gov/alma9.2-gcc-14.2.0/release/release_new/new.10/include/micromegas:/cvmfs/sphenix.sdcc.bnl.gov/alma9.2-gcc-14.2.0/release/release_new/new.10/include/hftrackefficiency:/cvmfs/sphenix.sdcc.bnl.gov/alma9.2-gcc-14.2.0/release/release_new/new.10/include/inttrawhitqa:/cvmfs/sphenix.sdcc.bnl.gov/alma9.2-gcc-14.2.0/release/release_new/new.10/include/centrality:/cvmfs/sphenix.sdcc.bnl.gov/alma9.2-gcc-14.2.0/release/release_new/new.10/include/epd:/cvmfs/sphenix.sdcc.bnl.gov/alma9.2-gcc-14.2.0/release/release_new/new.10/include/caloreco:/cvmfs/sphenix.sdcc.bnl.gov/alma9.2-gcc-14.2.0/release/release_new/new.10/include/HepMC:/cvmfs/sphenix.sdcc.bnl.gov/alma9.2-gcc-14.2.0/release/release_new/new.10/include/CLHEP:/cvmfs/sphenix.sdcc.bnl.gov/alma9.2-gcc-14.2.0/release/release_new/new.10/include/Acts:/cvmfs/sphenix.sdcc.bnl.gov/alma9.2-gcc-14.2.0/release/release_new/new.10/include/g4histos:/cvmfs/sphenix.sdcc.bnl.gov/alma9.2-gcc-14.2.0/release/release_new/new.10/include/eventplaneinfo:/cvmfs/sphenix.sdcc.bnl.gov/alma9.2-gcc-14.2.0/release/release_new/new.10/include/fillspacechargemaps:/cvmfs/sphenix.sdcc.bnl.gov/alma9.2-gcc-14.2.0/release/release_new/new.10/include/phhepmc:/cvmfs/sphenix.sdcc.bnl.gov/alma9.2-gcc-14.2.0/release/release_new/new.10/include/trackingqa:/cvmfs/sphenix.sdcc.bnl.gov/alma9.2-gcc-14.2.0/release/release_new/new.10/include/qautils:/cvmfs/sphenix.sdcc.bnl.gov/alma9.2-gcc-14.2.0/release/release_new/new.10/include/trackreco:/cvmfs/sphenix.sdcc.bnl.gov/alma9.2-gcc-14.2.0/release/release_new/new.10/include/g4ohcal:/cvmfs/sphenix.sdcc.bnl.gov/alma9.2-gcc-14.2.0/release/release_new/new.10/include/tpcdvcalib:/cvmfs/sphenix.sdcc.bnl.gov/alma9.2-gcc-14.2.0/release/release_new/new.10/include/zdcinfo:/cvmfs/sphenix.sdcc.bnl.gov/alma9.2-gcc-14.2.0/release/release_new/new.10/include/phpythia8:/cvmfs/sphenix.sdcc.bnl.gov/alma9.2-gcc-14.2.0/release/release_new/new.10/include/fun4allutils:/cvmfs/sphenix.sdcc.bnl.gov/alma9.2-gcc-14.2.0/release/release_new/new.10/include/tpcqa:/cvmfs/sphenix.sdcc.bnl.gov/alma9.2-gcc-14.2.0/release/release_new/new.10/include/Pythia8:/cvmfs/sphenix.sdcc.bnl.gov/alma9.2-gcc-14.2.0/release/release_new/new.10/include/DDRec:/cvmfs/sphenix.sdcc.bnl.gov/alma9.2-gcc-14.2.0/release/release_new/new.10/include/DDDigi:/cvmfs/sphenix.sdcc.bnl.gov/alma9.2-gcc-14.2.0/release/release_new/new.10/include/g4ihcal:/cvmfs/sphenix.sdcc.bnl.gov/alma9.2-gcc-14.2.0/release/release_new/new.10/include/frog:/cvmfs/sphenix.sdcc.bnl.gov/alma9.2-gcc-14.2.0/release/release_new/new.10/include/eigen3:/cvmfs/sphenix.sdcc.bnl.gov/alma9.2-gcc-14.2.0/release/release_new/new.10/include/tensorpipe:/cvmfs/sphenix.sdcc.bnl.gov/alma9.2-gcc-14.2.0/release/release_new/new.10/include/sphenixnpc:/cvmfs/sphenix.sdcc.bnl.gov/alma9.2-gcc-14.2.0/release/release_new/new.10/include/siscone:/cvmfs/sphenix.sdcc.bnl.gov/alma9.2-gcc-14.2.0/release/release_new/new.10/include/pmonitor:/cvmfs/sphenix.sdcc.bnl.gov/alma9.2-gcc-14.2.0/release/release_new/new.10/include/calobase:/cvmfs/sphenix.sdcc.bnl.gov/alma9.2-gcc-14.2.0/release/release_new/new.10/include/ActsExamples:/cvmfs/sphenix.sdcc.bnl.gov/alma9.2-gcc-14.2.0/release/release_new/new.10/include/g4gdml:/cvmfs/sphenix.sdcc.bnl.gov/alma9.2-gcc-14.2.0/release/release_new/new.10/include/mvtx_decoder:/cvmfs/sphenix.sdcc.bnl.gov/alma9.2-gcc-14.2.0/release/release_new/new.10/include/ROOT:/cvmfs/sphenix.sdcc.bnl.gov/alma9.2-gcc-14.2.0/release/release_new/new.10/include/phparameter:/cvmfs/sphenix.sdcc.bnl.gov/alma9.2-gcc-14.2.0/release/release_new/new.10/include/rsa:/cvmfs/sphenix.sdcc.bnl.gov/alma9.2-gcc-14.2.0/release/release_new/new.10/include/fun4allraw:/cvmfs/sphenix.sdcc.bnl.gov/alma9.2-gcc-14.2.0/release/release_new/new.10/include/trackbase_historic:/cvmfs/sphenix.sdcc.bnl.gov/alma9.2-gcc-14.2.0/release/release_new/new.10/include/g4jets:/cvmfs/sphenix.sdcc.bnl.gov/alma9.2-gcc-14.2.0/release/release_new/new.10/include/jetqa:/cvmfs/sphenix.sdcc.bnl.gov/alma9.2-gcc-14.2.0/release/release_new/new.10/include/phoolraw:/cvmfs/sphenix.sdcc.bnl.gov/alma9.2-gcc-14.2.0/release/release_new/new.10/include/g4calo:/cvmfs/sphenix.sdcc.bnl.gov/alma9.2-gcc-14.2.0/release/release_new/new.10/include/mvtxrawhitqa:/cvmfs/sphenix.sdcc.bnl.gov/alma9.2-gcc-14.2.0/release/release_new/new.10/include/HepMC3:/cvmfs/sphenix.sdcc.bnl.gov/alma9.2-gcc-14.2.0/release/release_new/new.10/include/calowaveformsim:/cvmfs/sphenix.sdcc.bnl.gov/alma9.2-gcc-14.2.0/release/release_new/new.10/include/g4caloprototype:/cvmfs/sphenix.sdcc.bnl.gov/alma9.2-gcc-14.2.0/release/release_new/new.10/include/pdbcalbase:/cvmfs/sphenix.sdcc.bnl.gov/alma9.2-gcc-14.2.0/release/release_new/new.10/include/gsl:/cvmfs/sphenix.sdcc.bnl.gov/alma9.2-gcc-14.2.0/release/release_new/new.10/include/nodedump:/cvmfs/sphenix.sdcc.bnl.gov/alma9.2-gcc-14.2.0/release/release_new/new.10/include/emcnoisytowerfinder:/cvmfs/sphenix.sdcc.bnl.gov/alma9.2-gcc-14.2.0/release/release_new/new.10/include/ActsFatras:/cvmfs/sphenix.sdcc.bnl.gov/alma9.2-gcc-14.2.0/release/release_new/new.10/include/ffarawmodules:/cvmfs/sphenix.sdcc.bnl.gov/alma9.2-gcc-14.2.0/release/release_new/new.10/include/Event:/cvmfs/sphenix.sdcc.bnl.gov/alma9.2-gcc-14.2.0/release/release_new/new.10/include/prototype3:/cvmfs/sphenix.sdcc.bnl.gov/alma9.2-gcc-14.2.0/release/release_new/new.10/include/fermimotionafterburner:/cvmfs/sphenix.sdcc.bnl.gov/alma9.2-gcc-14.2.0/release/release_new/new.10/include/Photos:/cvmfs/sphenix.sdcc.bnl.gov/alma9.2-gcc-14.2.0/release/release_new/new.10/include/xingshiftcal:/cvmfs/sphenix.sdcc.bnl.gov/alma9.2-gcc-14.2.0/release/release_new/new.10/include/trackbase:/cvmfs/sphenix.sdcc.bnl.gov/alma9.2-gcc-14.2.0/release/release_new/new.10/include/jetdstskimmer:/cvmfs/sphenix.sdcc.bnl.gov/alma9.2-gcc-14.2.0/release/release_new/new.10/include/clusteriso:/cvmfs/sphenix.sdcc.bnl.gov/alma9.2-gcc-14.2.0/release/release_new/new.10/include/asmjit:/cvmfs/sphenix.sdcc.bnl.gov/alma9.2-gcc-14.2.0/release/release_new/new.10/include/particleflowreco:/cvmfs/sphenix.sdcc.bnl.gov/alma9.2-gcc-14.2.0/release/release_new/new.10/include/tpchittrackdisplay:/cvmfs/sphenix.sdcc.bnl.gov/alma9.2-gcc-14.2.0/release/release_new/new.10/include/caloana:/cvmfs/sphenix.sdcc.bnl.gov/alma9.2-gcc-14.2.0/release/release_new/new.10/include/calotrigger:/cvmfs/sphenix.sdcc.bnl.gov/alma9.2-gcc-14.2.0/release/release_new/new.10/include/nopayloadclient:/cvmfs/sphenix.sdcc.bnl.gov/alma9.2-gcc-14.2.0/release/release_new/new.10/include/trackermillepedealignment:/cvmfs/sphenix.sdcc.bnl.gov/alma9.2-gcc-14.2.0/release/release_new/new.10/include/DD4hep:/cvmfs/sphenix.sdcc.bnl.gov/alma9.2-gcc-14.2.0/release/release_new/new.10/include/g4trackfastsim:/cvmfs/sphenix.sdcc.bnl.gov/alma9.2-gcc-14.2.0/release/release_new/new.10/include/prototype2:/cvmfs/sphenix.sdcc.bnl.gov/alma9.2-gcc-14.2.0/release/release_new/new.10/include/ATen:/cvmfs/sphenix.sdcc.bnl.gov/alma9.2-gcc-14.2.0/release/release_new/new.10/include/g4main:/cvmfs/sphenix.sdcc.bnl.gov/alma9.2-gcc-14.2.0/release/release_new/new.10/include/Tauola:/cvmfs/sphenix.sdcc.bnl.gov/alma9.2-gcc-14.2.0/release/release_new/new.10/include/inttcalib:/cvmfs/sphenix.sdcc.bnl.gov/alma9.2-gcc-14.2.0/release/release_new/new.10/include/reactionplaneafterburner:/cvmfs/sphenix.sdcc.bnl.gov/alma9.2-gcc-14.2.0/release/release_new/new.10/include/globalqa:/cvmfs/sphenix.sdcc.bnl.gov/alma9.2-gcc-14.2.0/release/release_new/new.10/include/tpccalib:/cvmfs/sphenix.sdcc.bnl.gov/alma9.2-gcc-14.2.0/release/release_new/new.10/include/DDSegmentation:/cvmfs/sphenix.sdcc.bnl.gov/alma9.2-gcc-14.2.0/release/release_new/new.10/include/decayfinder:/cvmfs/sphenix.sdcc.bnl.gov/alma9.2-gcc-14.2.0/release/release_new/new.10/include/compressclus:/cvmfs/sphenix.sdcc.bnl.gov/alma9.2-gcc-14.2.0/release/release_new/new.10/include/simqa_modules:/cvmfs/sphenix.sdcc.bnl.gov/alma9.2-gcc-14.2.0/release/release_new/new.10/include/resonancejettagging:/cvmfs/sphenix.sdcc.bnl.gov/alma9.2-gcc-14.2.0/release/release_new/new.10/include/g4centrality:/cvmfs/sphenix.sdcc.bnl.gov/alma9.2-gcc-14.2.0/release/release_new/new.10/include/mvtx:/cvmfs/sphenix.sdcc.bnl.gov/alma9.2-gcc-14.2.0/release/release_new/new.10/include/nlohmann:/cvmfs/sphenix.sdcc.bnl.gov/alma9.2-gcc-14.2.0/release/release_new/new.10/include/localpoloffmon:/cvmfs/sphenix.sdcc.bnl.gov/alma9.2-gcc-14.2.0/release/release_new/new.10/include/DDEve:/cvmfs/sphenix.sdcc.bnl.gov/alma9.2-gcc-14.2.0/release/release_new/new.10/include/Parsers:/cvmfs/sphenix.sdcc.bnl.gov/alma9.2-gcc-14.2.0/release/release_new/new.10/include/trackingdiagnostics:/cvmfs/sphenix.sdcc.bnl.gov/alma9.2-gcc-14.2.0/release/release_new/new.10/include/g4vertex:/cvmfs/sphenix.sdcc.bnl.gov/alma9.2-gcc-14.2.0/release/release_new/new.10/include/jetbase:/cvmfs/sphenix.sdcc.bnl.gov/alma9.2-gcc-14.2.0/release/release_new/new.10/include/globalvertex:/cvmfs/sphenix.sdcc.bnl.gov/alma9.2-gcc-14.2.0/release/release_new/new.10/include/phgenfit:/cvmfs/sphenix.sdcc.bnl.gov/alma9.2-gcc-14.2.0/release/release_new/new.10/include/rawbcolumi:/cvmfs/sphenix.sdcc.bnl.gov/alma9.2-gcc-14.2.0/release/release_new/new.10/include/eicsmear:/cvmfs/sphenix.sdcc.bnl.gov/alma9.2-gcc-14.2.0/release/release_new/new.10/include/mvtxcalib:/cvmfs/sphenix.sdcc.bnl.gov/alma9.2-gcc-14.2.0/release/release_new/new.10/include/tpclinelaserdiode:/cvmfs/sphenix.sdcc.bnl.gov/alma9.2-gcc-14.2.0/release/release_new/new.10/include/hepmcjettrigger:/cvmfs/sphenix.sdcc.bnl.gov/alma9.2-gcc-14.2.0/release/release_new/new.10/include/core:/cvmfs/sphenix.sdcc.bnl.gov/alma9.2-gcc-14.2.0/release/release_new/new.10/include/calo_cdb:/cvmfs/sphenix.sdcc.bnl.gov/alma9.2-gcc-14.2.0/release/release_new/new.10/include/mvtxclustershapesqa:/cvmfs/sphenix.sdcc.bnl.gov/alma9.2-gcc-14.2.0/release/release_new/new.10/include/calopacketskimmer:/cvmfs/sphenix.sdcc.bnl.gov/alma9.2-gcc-14.2.0/opt/sphenix/core/geant4.10.07.p04/include:/cvmfs/sphenix.sdcc.bnl.gov/alma9.2-gcc-14.2.0/release/release_new/new.10/rootmacros:/cvmfs/sphenix.sdcc.bnl.gov/alma9.2-gcc-14.2.0/opt/sphenix/core/include
GSEARCHPATH=.:PG:LUSTRE:RAWDATA
PWD=/gpfs/mnt/gpfs02/sphenix/user/samfred/run25/ppg11/histmaking
LOGNAME=samfred
_CONDOR_ANCESTOR_332904=1419000:1759352727:3352846320
_CONDOR_JOB_AD=/home/condor/local/sphnx/execute/dir_1419000/.job.ad
MANPATH=/cvmfs/sphenix.sdcc.bnl.gov/alma9.2-gcc-14.2.0/opt/sphenix/core/gcc/14.2.0-2f0a0/x86_64-el9/share/man:/cvmfs/sphenix.sdcc.bnl.gov/alma9.2-gcc-14.2.0/opt/sphenix/core/binutils/2.40-acaab/x86_64-el9/share/man:/cvmfs/sphenix.sdcc.bnl.gov/alma9.2-gcc-14.2.0/release/release_new/new.10/share/man:/cvmfs/sphenix.sdcc.bnl.gov/alma9.2-gcc-14.2.0/opt/sphenix/utils/share/man:/cvmfs/sphenix.sdcc.bnl.gov/alma9.2-gcc-14.2.0/opt/sphenix/core/share/man:/cvmfs/sphenix.sdcc.bnl.gov/alma9.2-gcc-14.2.0/opt/sphenix/core/root-6.32.06/man:/usr/local/share/man:/usr/share/man
PYTHIA8=/cvmfs/sphenix.sdcc.bnl.gov/alma9.2-gcc-14.2.0/release/release_new/new.10/share/Pythia8
G4INCLDATA=/cvmfs/sphenix.sdcc.bnl.gov/alma9.2-gcc-14.2.0/opt/sphenix/core/geant4.10.07.p04/share/Geant4-10.7.4/data/G4INCL1.0
ORIG_PATH=/usr/local/bin:/usr/bin
CXX=/cvmfs/sphenix.sdcc.bnl.gov/alma9.2-gcc-14.2.0/opt/sphenix/core/gcc/14.2.0-2f0a0/x86_64-el9/bin/g++
G4LEDATA=/cvmfs/sphenix.sdcc.bnl.gov/alma9.2-gcc-14.2.0/opt/sphenix/core/geant4.10.07.p04/share/Geant4-10.7.4/data/G4EMLOW7.13
PYTHON_CPU_COUNT=1
OPENBLAS_NUM_THREADS=1
_CONDOR_BIN=/usr/bin
HOME=/sphenix/u/samfred
G4PARTICLEXSDATA=/cvmfs/sphenix.sdcc.bnl.gov/alma9.2-gcc-14.2.0/opt/sphenix/core/geant4.10.07.p04/share/Geant4-10.7.4/data/G4PARTICLEXS3.1.1
ONLINE_MAIN=/cvmfs/sphenix.sdcc.bnl.gov/alma9.2-gcc-14.2.0/release/release_new/new.10
CALIBRATIONROOT=/cvmfs/sphenix.sdcc.bnl.gov/alma9.2-gcc-14.2.0/release/release_new/new.10/share/calibrations
TMPDIR=/tmp
_CONDOR_SCRATCH_DIR=/home/condor/local/sphnx/execute/dir_1419000
PGUSER=phnxrc
NOPAYLOADCLIENT_CONF=/cvmfs/sphenix.sdcc.bnl.gov/alma9.2-gcc-14.2.0/opt/sphenix/core/etc/sPHENIX_newcdb.json
XERCESCROOT=/cvmfs/sphenix.sdcc.bnl.gov/alma9.2-gcc-14.2.0/opt/sphenix/core/geant4.10.07.p04
LHAPATH=/cvmfs/sphenix.sdcc.bnl.gov/alma9.2-gcc-14.2.0/opt/sphenix/core/lhapdf-5.9.1/share/lhapdf/PDFsets
G4NEUTRONHPDATA=/cvmfs/sphenix.sdcc.bnl.gov/alma9.2-gcc-14.2.0/opt/sphenix/core/geant4.10.07.p04/share/Geant4-10.7.4/data/G4NDL4.6
PYTHONPATH=.:/cvmfs/sphenix.sdcc.bnl.gov/alma9.2-gcc-14.2.0/release/release_new/new.10/lib/python3.13/site-packages:/cvmfs/sphenix.sdcc.bnl.gov/alma9.2-gcc-14.2.0/opt/sphenix/core/lib/python3.13/site-packages:/cvmfs/sphenix.sdcc.bnl.gov/alma9.2-gcc-14.2.0/opt/sphenix/core/root-6.32.06/lib
USER=samfred
_CONDOR_JOB_PIDS=
_CONDOR_ANCESTOR_332869=332904:1756523322:1732495942
TEMP=/tmp
GOMAXPROCS=1
OFFLINE_MAIN=/cvmfs/sphenix.sdcc.bnl.gov/alma9.2-gcc-14.2.0/release/release_new/new.10
SHLVL=1
TF_NUM_THREADS=1
G4SAIDXSDATA=/cvmfs/sphenix.sdcc.bnl.gov/alma9.2-gcc-14.2.0/opt/sphenix/core/geant4.10.07.p04/share/Geant4-10.7.4/data/G4SAIDDATA2.0
APPTAINER_CACHEDIR=/home/condor/local/sphnx/execute/dir_1419000
ROOTSYS=/cvmfs/sphenix.sdcc.bnl.gov/alma9.2-gcc-14.2.0/opt/sphenix/core/root-6.32.06
BATCH_SYSTEM=HTCondor
_CONDOR_SLOT=slot1_41
LD_LIBRARY_PATH=/sphenix/user/samfred/run25/install//lib:/cvmfs/sphenix.sdcc.bnl.gov/alma9.2-gcc-14.2.0/opt/sphenix/core/gcc/14.2.0-2f0a0/x86_64-el9/lib:/cvmfs/sphenix.sdcc.bnl.gov/alma9.2-gcc-14.2.0/opt/sphenix/core/gcc/14.2.0-2f0a0/x86_64-el9/lib64:/cvmfs/sphenix.sdcc.bnl.gov/alma9.2-gcc-14.2.0/opt/sphenix/core/binutils/2.40-acaab/x86_64-el9/lib:.:/cvmfs/sphenix.sdcc.bnl.gov/alma9.2-gcc-14.2.0/release/release_new/new.10/lib64:/cvmfs/sphenix.sdcc.bnl.gov/alma9.2-gcc-14.2.0/release/release_new/new.10/lib:/cvmfs/sphenix.sdcc.bnl.gov/alma9.2-gcc-14.2.0/opt/sphenix/utils/lib:/cvmfs/sphenix.sdcc.bnl.gov/alma9.2-gcc-14.2.0/opt/sphenix/core/lib:/cvmfs/sphenix.sdcc.bnl.gov/alma9.2-gcc-14.2.0/opt/sphenix/core/root-6.32.06/lib:/cvmfs/sphenix.sdcc.bnl.gov/alma9.2-gcc-14.2.0/opt/sphenix/core/geant4.10.07.p04/lib64:/cvmfs/sphenix.sdcc.bnl.gov/alma9.2-gcc-14.2.0/opt/sphenix/core/lhapdf-5.9.1/lib:/usr/local/lib64:/usr/lib64
OPT_SPHENIX=/cvmfs/sphenix.sdcc.bnl.gov/alma9.2-gcc-14.2.0/opt/sphenix/core
TF_LOOP_PARALLEL_ITERATIONS=1
EVT_LIB=/cvmfs/sphenix.sdcc.bnl.gov/alma9.2-gcc-14.2.0/opt/sphenix/core/root-6.32.06/lib
PGHOST=sphnxdbmaster.sdcc.bnl.gov
OMP_NUM_THREADS=1
G4REALSURFACEDATA=/cvmfs/sphenix.sdcc.bnl.gov/alma9.2-gcc-14.2.0/opt/sphenix/core/geant4.10.07.p04/share/Geant4-10.7.4/data/RealSurface2.2
FC=/cvmfs/sphenix.sdcc.bnl.gov/alma9.2-gcc-14.2.0/opt/sphenix/core/gcc/14.2.0-2f0a0/x86_64-el9/bin/gfortran
G4ABLADATA=/cvmfs/sphenix.sdcc.bnl.gov/alma9.2-gcc-14.2.0/opt/sphenix/core/geant4.10.07.p04/share/Geant4-10.7.4/data/G4ABLA3.1
PARASOFT=doesnotexist
TMP=/tmp
OPT_UTILS=/cvmfs/sphenix.sdcc.bnl.gov/alma9.2-gcc-14.2.0/opt/sphenix/utils
CONFIG_SITE=/cvmfs/sphenix.sdcc.bnl.gov/alma9.2-gcc-14.2.0/opt/sphenix/core/etc/config.site
PATH=/sphenix/user/samfred/run25/install//bin:/cvmfs/sphenix.sdcc.bnl.gov/alma9.2-gcc-14.2.0/opt/sphenix/core/gcc/14.2.0-2f0a0/x86_64-el9/bin:/cvmfs/sphenix.sdcc.bnl.gov/alma9.2-gcc-14.2.0/opt/sphenix/core/binutils/2.40-acaab/x86_64-el9/bin:.:/cvmfs/sphenix.sdcc.bnl.gov/alma9.2-gcc-14.2.0/release/release_new/new.10/bin:/cvmfs/sphenix.sdcc.bnl.gov/alma9.2-gcc-14.2.0/opt/sphenix/utils/bin:/cvmfs/sphenix.sdcc.bnl.gov/alma9.2-gcc-14.2.0/opt/sphenix/core/bin:/cvmfs/sphenix.sdcc.bnl.gov/alma9.2-gcc-14.2.0/opt/sphenix/core/root-6.32.06/bin:/cvmfs/sphenix.sdcc.bnl.gov/alma9.2-gcc-14.2.0/opt/sphenix/core/geant4.10.07.p04/bin:/usr/local/bin:/usr/bin:/usr/local/sbin:/usr/sbin
G4LEVELGAMMADATA=/cvmfs/sphenix.sdcc.bnl.gov/alma9.2-gcc-14.2.0/opt/sphenix/core/geant4.10.07.p04/share/Geant4-10.7.4/data/PhotonEvaporation5.7
CC=/cvmfs/sphenix.sdcc.bnl.gov/alma9.2-gcc-14.2.0/opt/sphenix/core/gcc/14.2.0-2f0a0/x86_64-el9/bin/gcc
G4RADIOACTIVEDATA=/cvmfs/sphenix.sdcc.bnl.gov/alma9.2-gcc-14.2.0/opt/sphenix/core/geant4.10.07.p04/share/Geant4-10.7.4/data/RadioactiveDecay5.6
JULIA_NUM_THREADS=1
_CONDOR_ANCESTOR_1419000=1427125:1759352727:276800770
MKL_NUM_THREADS=1
LHAPDF_DATA_PATH=/cvmfs/sphenix.sdcc.bnl.gov/alma9.2-gcc-14.2.0/release/release_new/new.10/share/LHAPDF
XPLOAD_CONFIG_DIR=/cvmfs/sphenix.sdcc.bnl.gov/alma9.2-gcc-14.2.0/opt/sphenix/core/etc
OLDPWD=/cvmfs/sphenix.sdcc.bnl.gov/alma9.2-gcc-14.2.0/release/release_new/new.10/geant4
_=/usr/bin/printenv
runnumber...
51986
trigger...

   ------------------------------------------------------------------
  | Welcome to ROOT 6.32.06                        https://root.cern |
  | (c) 1995-2024, The ROOT Team; conception: R. Brun, F. Rademakers |
  | Built for linuxx8664gcc on Dec 13 2024, 17:23:48                 |
  | From tags/6-32-06@6-32-06                                        |
  | With g++ (GCC) 14.2.0                                            |
  | Try '.help'/'.?', '.demo', '.license', '.credits', '.quit'/'.q'  |
   ------------------------------------------------------------------


Processing data_histmaker.C(51986)...
entry 0/2548714 (0%)
entry 2000/2548714 (0.0784709%)
entry 3000/2548714 (0.117706%)
entry 7000/2548714 (0.274648%)
entry 9000/2548714 (0.353119%)
entry 12000/2548714 (0.470826%)
entry 15000/2548714 (0.588532%)
entry 17000/2548714 (0.667003%)
entry 18000/2548714 (0.706239%)
entry 19000/2548714 (0.745474%)
entry 21000/2548714 (0.823945%)
entry 23000/2548714 (0.902416%)
entry 24000/2548714 (0.941651%)
entry 25000/2548714 (0.980887%)
entry 26000/2548714 (1.02012%)
entry 28000/2548714 (1.09859%)
entry 29000/2548714 (1.13783%)
entry 30000/2548714 (1.17706%)
entry 31000/2548714 (1.2163%)
entry 32000/2548714 (1.25554%)
entry 34000/2548714 (1.33401%)
entry 38000/2548714 (1.49095%)
entry 39000/2548714 (1.53018%)
entry 41000/2548714 (1.60865%)
entry 42000/2548714 (1.64789%)
entry 45000/2548714 (1.7656%)
entry 46000/2548714 (1.80483%)
entry 47000/2548714 (1.84407%)
entry 48000/2548714 (1.8833%)
entry 49000/2548714 (1.92254%)
entry 50000/2548714 (1.96177%)
entry 51000/2548714 (2.00101%)
entry 54000/2548714 (2.11872%)
entry 55000/2548714 (2.15795%)
entry 56000/2548714 (2.19719%)
entry 57000/2548714 (2.23642%)
entry 58000/2548714 (2.27566%)
entry 62000/2548714 (2.4326%)
entry 63000/2548714 (2.47183%)
entry 64000/2548714 (2.51107%)
entry 65000/2548714 (2.55031%)
entry 68000/2548714 (2.66801%)
entry 69000/2548714 (2.70725%)
entry 70000/2548714 (2.74648%)
entry 71000/2548714 (2.78572%)
entry 72000/2548714 (2.82495%)
entry 73000/2548714 (2.86419%)
entry 74000/2548714 (2.90342%)
entry 76000/2548714 (2.9819%)
entry 78000/2548714 (3.06037%)
entry 79000/2548714 (3.0996%)
entry 81000/2548714 (3.17807%)
entry 82000/2548714 (3.21731%)
entry 83000/2548714 (3.25654%)
entry 87000/2548714 (3.41349%)
entry 88000/2548714 (3.45272%)
entry 89000/2548714 (3.49196%)
entry 92000/2548714 (3.60966%)
entry 94000/2548714 (3.68813%)
entry 95000/2548714 (3.72737%)
entry 96000/2548714 (3.76661%)
entry 99000/2548714 (3.88431%)
entry 101000/2548714 (3.96278%)
entry 102000/2548714 (4.00202%)
entry 103000/2548714 (4.04125%)
entry 105000/2548714 (4.11972%)
entry 109000/2548714 (4.27667%)
entry 110000/2548714 (4.3159%)
entry 112000/2548714 (4.39437%)
entry 114000/2548714 (4.47284%)
entry 115000/2548714 (4.51208%)
entry 117000/2548714 (4.59055%)
entry 118000/2548714 (4.62979%)
entry 120000/2548714 (4.70826%)
entry 121000/2548714 (4.74749%)
entry 122000/2548714 (4.78673%)
entry 123000/2548714 (4.82596%)
entry 125000/2548714 (4.90443%)
entry 126000/2548714 (4.94367%)
entry 127000/2548714 (4.98291%)
entry 128000/2548714 (5.02214%)
entry 130000/2548714 (5.10061%)
entry 131000/2548714 (5.13985%)
entry 132000/2548714 (5.17908%)
entry 133000/2548714 (5.21832%)
entry 137000/2548714 (5.37526%)
entry 140000/2548714 (5.49297%)
entry 141000/2548714 (5.5322%)
entry 143000/2548714 (5.61067%)
entry 144000/2548714 (5.64991%)
entry 149000/2548714 (5.84609%)
entry 151000/2548714 (5.92456%)
entry 152000/2548714 (5.96379%)
entry 154000/2548714 (6.04226%)
entry 155000/2548714 (6.0815%)
entry 156000/2548714 (6.12073%)
entry 157000/2548714 (6.15997%)
entry 158000/2548714 (6.1992%)
entry 159000/2548714 (6.23844%)
entry 160000/2548714 (6.27768%)
entry 161000/2548714 (6.31691%)
entry 163000/2548714 (6.39538%)
entry 166000/2548714 (6.51309%)
entry 167000/2548714 (6.55232%)
entry 168000/2548714 (6.59156%)
entry 169000/2548714 (6.63079%)
entry 170000/2548714 (6.67003%)
entry 173000/2548714 (6.78774%)
entry 175000/2548714 (6.86621%)
entry 176000/2548714 (6.90544%)
entry 178000/2548714 (6.98391%)
entry 179000/2548714 (7.02315%)
entry 181000/2548714 (7.10162%)
entry 183000/2548714 (7.18009%)
entry 184000/2548714 (7.21933%)
entry 185000/2548714 (7.25856%)
entry 186000/2548714 (7.2978%)
entry 187000/2548714 (7.33703%)
entry 188000/2548714 (7.37627%)
entry 190000/2548714 (7.45474%)
entry 191000/2548714 (7.49398%)
entry 192000/2548714 (7.53321%)
entry 195000/2548714 (7.65092%)
entry 196000/2548714 (7.69015%)
entry 197000/2548714 (7.72939%)
entry 198000/2548714 (7.76862%)
entry 200000/2548714 (7.84709%)
entry 201000/2548714 (7.88633%)
entry 202000/2548714 (7.92557%)
entry 203000/2548714 (7.9648%)
entry 205000/2548714 (8.04327%)
entry 208000/2548714 (8.16098%)
entry 209000/2548714 (8.20021%)
entry 210000/2548714 (8.23945%)
entry 211000/2548714 (8.27869%)
entry 214000/2548714 (8.39639%)
entry 217000/2548714 (8.5141%)
entry 218000/2548714 (8.55333%)
entry 219000/2548714 (8.59257%)
entry 224000/2548714 (8.78875%)
entry 225000/2548714 (8.82798%)
entry 228000/2548714 (8.94569%)
entry 229000/2548714 (8.98492%)
entry 231000/2548714 (9.06339%)
entry 232000/2548714 (9.10263%)
entry 233000/2548714 (9.14187%)
entry 234000/2548714 (9.1811%)
entry 235000/2548714 (9.22034%)
entry 237000/2548714 (9.29881%)
entry 238000/2548714 (9.33804%)
entry 239000/2548714 (9.37728%)
entry 241000/2548714 (9.45575%)
entry 243000/2548714 (9.53422%)
entry 244000/2548714 (9.57346%)
entry 245000/2548714 (9.61269%)
entry 246000/2548714 (9.65193%)
entry 248000/2548714 (9.7304%)
entry 249000/2548714 (9.76963%)
entry 250000/2548714 (9.80887%)
entry 255000/2548714 (10.005%)
entry 256000/2548714 (10.0443%)
entry 257000/2548714 (10.0835%)
entry 258000/2548714 (10.1228%)
entry 259000/2548714 (10.162%)
entry 262000/2548714 (10.2797%)
entry 265000/2548714 (10.3974%)
entry 266000/2548714 (10.4366%)
entry 267000/2548714 (10.4759%)
entry 272000/2548714 (10.672%)
entry 273000/2548714 (10.7113%)
entry 276000/2548714 (10.829%)
entry 278000/2548714 (10.9075%)
entry 281000/2548714 (11.0252%)
entry 283000/2548714 (11.1036%)
entry 284000/2548714 (11.1429%)
entry 286000/2548714 (11.2213%)
entry 287000/2548714 (11.2606%)
entry 288000/2548714 (11.2998%)
entry 289000/2548714 (11.3391%)
entry 291000/2548714 (11.4175%)
entry 292000/2548714 (11.4568%)
entry 295000/2548714 (11.5745%)
entry 296000/2548714 (11.6137%)
entry 300000/2548714 (11.7706%)
entry 301000/2548714 (11.8099%)
entry 303000/2548714 (11.8883%)
entry 305000/2548714 (11.9668%)
entry 306000/2548714 (12.0061%)
entry 307000/2548714 (12.0453%)
entry 309000/2548714 (12.1238%)
entry 311000/2548714 (12.2022%)
entry 313000/2548714 (12.2807%)
entry 314000/2548714 (12.3199%)
entry 319000/2548714 (12.5161%)
entry 325000/2548714 (12.7515%)
entry 326000/2548714 (12.7908%)
entry 337000/2548714 (13.2224%)
entry 338000/2548714 (13.2616%)
entry 339000/2548714 (13.3008%)
entry 340000/2548714 (13.3401%)
entry 342000/2548714 (13.4185%)
entry 344000/2548714 (13.497%)
entry 346000/2548714 (13.5755%)
entry 347000/2548714 (13.6147%)
entry 348000/2548714 (13.6539%)
entry 349000/2548714 (13.6932%)
entry 350000/2548714 (13.7324%)
entry 353000/2548714 (13.8501%)
entry 354000/2548714 (13.8894%)
entry 356000/2548714 (13.9678%)
entry 357000/2548714 (14.0071%)
entry 359000/2548714 (14.0855%)
entry 362000/2548714 (14.2032%)
entry 364000/2548714 (14.2817%)
entry 367000/2548714 (14.3994%)
entry 370000/2548714 (14.5171%)
entry 372000/2548714 (14.5956%)
entry 373000/2548714 (14.6348%)
entry 374000/2548714 (14.6741%)
entry 375000/2548714 (14.7133%)
entry 376000/2548714 (14.7525%)
entry 377000/2548714 (14.7918%)
entry 385000/2548714 (15.1057%)
entry 386000/2548714 (15.1449%)
entry 388000/2548714 (15.2234%)
entry 389000/2548714 (15.2626%)
entry 391000/2548714 (15.3411%)
entry 392000/2548714 (15.3803%)
entry 393000/2548714 (15.4195%)
entry 395000/2548714 (15.498%)
entry 396000/2548714 (15.5372%)
entry 398000/2548714 (15.6157%)
entry 400000/2548714 (15.6942%)
entry 401000/2548714 (15.7334%)
entry 402000/2548714 (15.7727%)
entry 403000/2548714 (15.8119%)
entry 404000/2548714 (15.8511%)
entry 407000/2548714 (15.9688%)
entry 408000/2548714 (16.0081%)
entry 409000/2548714 (16.0473%)
entry 411000/2548714 (16.1258%)
entry 413000/2548714 (16.2042%)
entry 415000/2548714 (16.2827%)
entry 417000/2548714 (16.3612%)
entry 418000/2548714 (16.4004%)
entry 419000/2548714 (16.4397%)
entry 420000/2548714 (16.4789%)
entry 421000/2548714 (16.5181%)
entry 422000/2548714 (16.5574%)
entry 423000/2548714 (16.5966%)
entry 424000/2548714 (16.6358%)
entry 428000/2548714 (16.7928%)
entry 430000/2548714 (16.8713%)
entry 431000/2548714 (16.9105%)
entry 432000/2548714 (16.9497%)
entry 434000/2548714 (17.0282%)
entry 436000/2548714 (17.1067%)
entry 438000/2548714 (17.1851%)
entry 440000/2548714 (17.2636%)
entry 443000/2548714 (17.3813%)
entry 447000/2548714 (17.5383%)
entry 448000/2548714 (17.5775%)
entry 449000/2548714 (17.6167%)
entry 451000/2548714 (17.6952%)
entry 452000/2548714 (17.7344%)
entry 453000/2548714 (17.7737%)
entry 456000/2548714 (17.8914%)
entry 457000/2548714 (17.9306%)
entry 458000/2548714 (17.9698%)
entry 459000/2548714 (18.0091%)
entry 461000/2548714 (18.0876%)
entry 462000/2548714 (18.1268%)
entry 464000/2548714 (18.2053%)
entry 465000/2548714 (18.2445%)
entry 466000/2548714 (18.2837%)
entry 468000/2548714 (18.3622%)
entry 469000/2548714 (18.4014%)
entry 472000/2548714 (18.5191%)
entry 474000/2548714 (18.5976%)
entry 477000/2548714 (18.7153%)
entry 480000/2548714 (18.833%)
entry 482000/2548714 (18.9115%)
entry 484000/2548714 (18.99%)
entry 485000/2548714 (19.0292%)
entry 487000/2548714 (19.1077%)
entry 488000/2548714 (19.1469%)
entry 489000/2548714 (19.1861%)
entry 490000/2548714 (19.2254%)
entry 491000/2548714 (19.2646%)
entry 492000/2548714 (19.3039%)
entry 494000/2548714 (19.3823%)
entry 496000/2548714 (19.4608%)
entry 499000/2548714 (19.5785%)
entry 500000/2548714 (19.6177%)
entry 501000/2548714 (19.657%)
entry 505000/2548714 (19.8139%)
entry 506000/2548714 (19.8531%)
entry 507000/2548714 (19.8924%)
entry 508000/2548714 (19.9316%)
entry 509000/2548714 (19.9709%)
entry 510000/2548714 (20.0101%)
entry 512000/2548714 (20.0886%)
entry 515000/2548714 (20.2063%)
entry 517000/2548714 (20.2847%)
entry 519000/2548714 (20.3632%)
entry 521000/2548714 (20.4417%)
entry 522000/2548714 (20.4809%)
entry 524000/2548714 (20.5594%)
entry 526000/2548714 (20.6379%)
entry 529000/2548714 (20.7556%)
entry 531000/2548714 (20.834%)
entry 532000/2548714 (20.8733%)
entry 540000/2548714 (21.1872%)
entry 541000/2548714 (21.2264%)
entry 543000/2548714 (21.3049%)
entry 544000/2548714 (21.3441%)
entry 545000/2548714 (21.3833%)
entry 546000/2548714 (21.4226%)
entry 548000/2548714 (21.501%)
entry 549000/2548714 (21.5403%)
entry 550000/2548714 (21.5795%)
entry 551000/2548714 (21.6187%)
entry 552000/2548714 (21.658%)
entry 553000/2548714 (21.6972%)
entry 555000/2548714 (21.7757%)
entry 556000/2548714 (21.8149%)
entry 557000/2548714 (21.8542%)
entry 561000/2548714 (22.0111%)
entry 563000/2548714 (22.0896%)
entry 565000/2548714 (22.168%)
entry 566000/2548714 (22.2073%)
entry 567000/2548714 (22.2465%)
entry 569000/2548714 (22.325%)
entry 570000/2548714 (22.3642%)
entry 572000/2548714 (22.4427%)
entry 573000/2548714 (22.4819%)
entry 574000/2548714 (22.5212%)
entry 575000/2548714 (22.5604%)
entry 577000/2548714 (22.6389%)
entry 578000/2548714 (22.6781%)
entry 579000/2548714 (22.7173%)
entry 580000/2548714 (22.7566%)
entry 581000/2548714 (22.7958%)
entry 582000/2548714 (22.835%)
entry 584000/2548714 (22.9135%)
entry 585000/2548714 (22.9528%)
entry 586000/2548714 (22.992%)
entry 588000/2548714 (23.0705%)
entry 589000/2548714 (23.1097%)
entry 590000/2548714 (23.1489%)
entry 591000/2548714 (23.1882%)
entry 594000/2548714 (23.3059%)
entry 596000/2548714 (23.3843%)
entry 598000/2548714 (23.4628%)
entry 599000/2548714 (23.502%)
entry 600000/2548714 (23.5413%)
entry 601000/2548714 (23.5805%)
entry 602000/2548714 (23.6198%)
entry 604000/2548714 (23.6982%)
entry 606000/2548714 (23.7767%)
entry 608000/2548714 (23.8552%)
entry 610000/2548714 (23.9336%)
entry 611000/2548714 (23.9729%)
entry 612000/2548714 (24.0121%)
entry 613000/2548714 (24.0513%)
entry 614000/2548714 (24.0906%)
entry 615000/2548714 (24.1298%)
entry 617000/2548714 (24.2083%)
entry 618000/2548714 (24.2475%)
entry 619000/2548714 (24.2868%)
entry 620000/2548714 (24.326%)
entry 621000/2548714 (24.3652%)
entry 622000/2548714 (24.4045%)
entry 623000/2548714 (24.4437%)
entry 624000/2548714 (24.4829%)
entry 626000/2548714 (24.5614%)
entry 632000/2548714 (24.7968%)
entry 634000/2548714 (24.8753%)
entry 636000/2548714 (24.9538%)
entry 637000/2548714 (24.993%)
entry 640000/2548714 (25.1107%)
entry 641000/2548714 (25.1499%)
entry 642000/2548714 (25.1892%)
entry 644000/2548714 (25.2676%)
entry 645000/2548714 (25.3069%)
entry 647000/2548714 (25.3853%)
entry 652000/2548714 (25.5815%)
entry 654000/2548714 (25.66%)
entry 655000/2548714 (25.6992%)
entry 656000/2548714 (25.7385%)
entry 658000/2548714 (25.8169%)
entry 659000/2548714 (25.8562%)
entry 660000/2548714 (25.8954%)
entry 661000/2548714 (25.9346%)
entry 662000/2548714 (25.9739%)
entry 666000/2548714 (26.1308%)
entry 667000/2548714 (26.1701%)
entry 668000/2548714 (26.2093%)
entry 670000/2548714 (26.2878%)
entry 672000/2548714 (26.3662%)
entry 674000/2548714 (26.4447%)
entry 675000/2548714 (26.4839%)
entry 677000/2548714 (26.5624%)
entry 678000/2548714 (26.6017%)
entry 680000/2548714 (26.6801%)
entry 682000/2548714 (26.7586%)
entry 683000/2548714 (26.7978%)
entry 685000/2548714 (26.8763%)
entry 686000/2548714 (26.9155%)
entry 687000/2548714 (26.9548%)
entry 688000/2548714 (26.994%)
entry 689000/2548714 (27.0332%)
entry 690000/2548714 (27.0725%)
entry 692000/2548714 (27.1509%)
entry 694000/2548714 (27.2294%)
entry 695000/2548714 (27.2687%)
entry 696000/2548714 (27.3079%)
entry 698000/2548714 (27.3864%)
entry 700000/2548714 (27.4648%)
entry 702000/2548714 (27.5433%)
entry 703000/2548714 (27.5825%)
entry 704000/2548714 (27.6218%)
entry 707000/2548714 (27.7395%)
entry 709000/2548714 (27.8179%)
entry 710000/2548714 (27.8572%)
entry 711000/2548714 (27.8964%)
entry 712000/2548714 (27.9357%)
entry 713000/2548714 (27.9749%)
entry 714000/2548714 (28.0141%)
entry 716000/2548714 (28.0926%)
entry 717000/2548714 (28.1318%)
entry 718000/2548714 (28.1711%)
entry 719000/2548714 (28.2103%)
entry 720000/2548714 (28.2495%)
entry 721000/2548714 (28.2888%)
entry 722000/2548714 (28.328%)
entry 724000/2548714 (28.4065%)
entry 726000/2548714 (28.485%)
entry 727000/2548714 (28.5242%)
entry 728000/2548714 (28.5634%)
entry 730000/2548714 (28.6419%)
entry 731000/2548714 (28.6811%)
entry 734000/2548714 (28.7988%)
entry 738000/2548714 (28.9558%)
entry 739000/2548714 (28.995%)
entry 741000/2548714 (29.0735%)
entry 744000/2548714 (29.1912%)
entry 745000/2548714 (29.2304%)
entry 746000/2548714 (29.2697%)
entry 747000/2548714 (29.3089%)
entry 748000/2548714 (29.3481%)
entry 749000/2548714 (29.3874%)
entry 750000/2548714 (29.4266%)
entry 754000/2548714 (29.5835%)
entry 757000/2548714 (29.7013%)
entry 759000/2548714 (29.7797%)
entry 763000/2548714 (29.9367%)
entry 764000/2548714 (29.9759%)
entry 765000/2548714 (30.0151%)
entry 766000/2548714 (30.0544%)
entry 771000/2548714 (30.2505%)
entry 772000/2548714 (30.2898%)
entry 773000/2548714 (30.329%)
entry 775000/2548714 (30.4075%)
entry 776000/2548714 (30.4467%)
entry 777000/2548714 (30.486%)
entry 779000/2548714 (30.5644%)
entry 781000/2548714 (30.6429%)
entry 782000/2548714 (30.6821%)
entry 784000/2548714 (30.7606%)
entry 786000/2548714 (30.8391%)
entry 787000/2548714 (30.8783%)
entry 788000/2548714 (30.9176%)
entry 792000/2548714 (31.0745%)
entry 793000/2548714 (31.1137%)
entry 794000/2548714 (31.153%)
entry 796000/2548714 (31.2314%)
entry 797000/2548714 (31.2707%)
entry 799000/2548714 (31.3491%)
entry 800000/2548714 (31.3884%)
entry 801000/2548714 (31.4276%)
entry 802000/2548714 (31.4669%)
entry 803000/2548714 (31.5061%)
entry 805000/2548714 (31.5846%)
entry 807000/2548714 (31.663%)
entry 808000/2548714 (31.7023%)
entry 809000/2548714 (31.7415%)
entry 812000/2548714 (31.8592%)
entry 813000/2548714 (31.8984%)
entry 815000/2548714 (31.9769%)
entry 816000/2548714 (32.0161%)
entry 817000/2548714 (32.0554%)
entry 818000/2548714 (32.0946%)
entry 820000/2548714 (32.1731%)
entry 822000/2548714 (32.2516%)
entry 823000/2548714 (32.2908%)
entry 824000/2548714 (32.33%)
entry 826000/2548714 (32.4085%)
entry 827000/2548714 (32.4477%)
entry 828000/2548714 (32.487%)
entry 830000/2548714 (32.5654%)
entry 831000/2548714 (32.6047%)
entry 834000/2548714 (32.7224%)
entry 835000/2548714 (32.7616%)
entry 836000/2548714 (32.8009%)
entry 838000/2548714 (32.8793%)
entry 839000/2548714 (32.9186%)
entry 840000/2548714 (32.9578%)
entry 841000/2548714 (32.997%)
entry 843000/2548714 (33.0755%)
entry 844000/2548714 (33.1147%)
entry 845000/2548714 (33.154%)
entry 848000/2548714 (33.2717%)
entry 850000/2548714 (33.3502%)
entry 851000/2548714 (33.3894%)
entry 852000/2548714 (33.4286%)
entry 857000/2548714 (33.6248%)
entry 860000/2548714 (33.7425%)
entry 861000/2548714 (33.7817%)
entry 862000/2548714 (33.821%)
entry 863000/2548714 (33.8602%)
entry 864000/2548714 (33.8995%)
entry 865000/2548714 (33.9387%)
entry 866000/2548714 (33.9779%)
entry 869000/2548714 (34.0956%)
entry 870000/2548714 (34.1349%)
entry 871000/2548714 (34.1741%)
entry 873000/2548714 (34.2526%)
entry 875000/2548714 (34.331%)
entry 877000/2548714 (34.4095%)
entry 880000/2548714 (34.5272%)
entry 882000/2548714 (34.6057%)
entry 883000/2548714 (34.6449%)
entry 884000/2548714 (34.6842%)
entry 886000/2548714 (34.7626%)
entry 888000/2548714 (34.8411%)
entry 891000/2548714 (34.9588%)
entry 892000/2548714 (34.998%)
entry 893000/2548714 (35.0373%)
entry 894000/2548714 (35.0765%)
entry 897000/2548714 (35.1942%)
entry 899000/2548714 (35.2727%)
entry 902000/2548714 (35.3904%)
entry 903000/2548714 (35.4296%)
entry 905000/2548714 (35.5081%)
entry 908000/2548714 (35.6258%)
entry 911000/2548714 (35.7435%)
entry 912000/2548714 (35.7828%)
entry 913000/2548714 (35.822%)
entry 916000/2548714 (35.9397%)
entry 918000/2548714 (36.0182%)
entry 919000/2548714 (36.0574%)
entry 920000/2548714 (36.0966%)
entry 921000/2548714 (36.1359%)
entry 923000/2548714 (36.2143%)
entry 924000/2548714 (36.2536%)
entry 925000/2548714 (36.2928%)
entry 926000/2548714 (36.332%)
entry 930000/2548714 (36.489%)
entry 931000/2548714 (36.5282%)
entry 933000/2548714 (36.6067%)
entry 934000/2548714 (36.6459%)
entry 935000/2548714 (36.6852%)
entry 937000/2548714 (36.7636%)
entry 938000/2548714 (36.8029%)
entry 943000/2548714 (36.9991%)
entry 944000/2548714 (37.0383%)
entry 950000/2548714 (37.2737%)
entry 952000/2548714 (37.3522%)
entry 953000/2548714 (37.3914%)
entry 954000/2548714 (37.4306%)
entry 955000/2548714 (37.4699%)
entry 957000/2548714 (37.5483%)
entry 958000/2548714 (37.5876%)
entry 959000/2548714 (37.6268%)
entry 961000/2548714 (37.7053%)
entry 962000/2548714 (37.7445%)
entry 963000/2548714 (37.7838%)
entry 964000/2548714 (37.823%)
entry 966000/2548714 (37.9015%)
entry 969000/2548714 (38.0192%)
entry 970000/2548714 (38.0584%)
entry 972000/2548714 (38.1369%)
entry 974000/2548714 (38.2154%)
entry 975000/2548714 (38.2546%)
entry 976000/2548714 (38.2938%)
entry 977000/2548714 (38.3331%)
entry 980000/2548714 (38.4508%)
entry 982000/2548714 (38.5292%)
entry 984000/2548714 (38.6077%)
entry 986000/2548714 (38.6862%)
entry 987000/2548714 (38.7254%)
entry 990000/2548714 (38.8431%)
entry 991000/2548714 (38.8824%)
entry 995000/2548714 (39.0393%)
entry 996000/2548714 (39.0785%)
entry 999000/2548714 (39.1962%)
entry 1000000/2548714 (39.2355%)
entry 1001000/2548714 (39.2747%)
entry 1004000/2548714 (39.3924%)
entry 1006000/2548714 (39.4709%)
entry 1007000/2548714 (39.5101%)
entry 1008000/2548714 (39.5494%)
entry 1009000/2548714 (39.5886%)
entry 1010000/2548714 (39.6278%)
entry 1011000/2548714 (39.6671%)
entry 1013000/2548714 (39.7455%)
entry 1014000/2548714 (39.7848%)
entry 1017000/2548714 (39.9025%)
entry 1018000/2548714 (39.9417%)
entry 1019000/2548714 (39.9809%)
entry 1022000/2548714 (40.0987%)
entry 1023000/2548714 (40.1379%)
entry 1025000/2548714 (40.2164%)
entry 1026000/2548714 (40.2556%)
entry 1027000/2548714 (40.2948%)
entry 1029000/2548714 (40.3733%)
entry 1034000/2548714 (40.5695%)
entry 1036000/2548714 (40.648%)
entry 1038000/2548714 (40.7264%)
entry 1041000/2548714 (40.8441%)
entry 1043000/2548714 (40.9226%)
entry 1045000/2548714 (41.0011%)
entry 1046000/2548714 (41.0403%)
entry 1047000/2548714 (41.0795%)
entry 1048000/2548714 (41.1188%)
entry 1050000/2548714 (41.1972%)
entry 1051000/2548714 (41.2365%)
entry 1052000/2548714 (41.2757%)
entry 1054000/2548714 (41.3542%)
entry 1055000/2548714 (41.3934%)
entry 1056000/2548714 (41.4327%)
entry 1058000/2548714 (41.5111%)
entry 1059000/2548714 (41.5504%)
entry 1061000/2548714 (41.6288%)
entry 1062000/2548714 (41.6681%)
entry 1064000/2548714 (41.7465%)
entry 1065000/2548714 (41.7858%)
entry 1066000/2548714 (41.825%)
entry 1067000/2548714 (41.8642%)
entry 1068000/2548714 (41.9035%)
entry 1070000/2548714 (41.982%)
entry 1071000/2548714 (42.0212%)
entry 1072000/2548714 (42.0604%)
entry 1074000/2548714 (42.1389%)
entry 1075000/2548714 (42.1781%)
entry 1076000/2548714 (42.2174%)
entry 1078000/2548714 (42.2958%)
entry 1079000/2548714 (42.3351%)
entry 1081000/2548714 (42.4135%)
entry 1082000/2548714 (42.4528%)
entry 1083000/2548714 (42.492%)
entry 1086000/2548714 (42.6097%)
entry 1087000/2548714 (42.649%)
entry 1093000/2548714 (42.8844%)
entry 1097000/2548714 (43.0413%)
entry 1101000/2548714 (43.1983%)
entry 1103000/2548714 (43.2767%)
entry 1104000/2548714 (43.316%)
entry 1105000/2548714 (43.3552%)
entry 1106000/2548714 (43.3944%)
entry 1107000/2548714 (43.4337%)
entry 1111000/2548714 (43.5906%)
entry 1112000/2548714 (43.6298%)
entry 1113000/2548714 (43.6691%)
entry 1114000/2548714 (43.7083%)
entry 1118000/2548714 (43.8653%)
entry 1121000/2548714 (43.983%)
entry 1122000/2548714 (44.0222%)
entry 1124000/2548714 (44.1007%)
entry 1127000/2548714 (44.2184%)
entry 1129000/2548714 (44.2968%)
entry 1130000/2548714 (44.3361%)
entry 1132000/2548714 (44.4146%)
entry 1135000/2548714 (44.5323%)
entry 1137000/2548714 (44.6107%)
entry 1138000/2548714 (44.65%)
entry 1139000/2548714 (44.6892%)
entry 1140000/2548714 (44.7284%)
entry 1141000/2548714 (44.7677%)
entry 1142000/2548714 (44.8069%)
entry 1143000/2548714 (44.8461%)
entry 1144000/2548714 (44.8854%)
entry 1150000/2548714 (45.1208%)
entry 1151000/2548714 (45.16%)
entry 1152000/2548714 (45.1993%)
entry 1153000/2548714 (45.2385%)
entry 1154000/2548714 (45.2777%)
entry 1156000/2548714 (45.3562%)
entry 1158000/2548714 (45.4347%)
entry 1161000/2548714 (45.5524%)
entry 1163000/2548714 (45.6309%)
entry 1165000/2548714 (45.7093%)
entry 1166000/2548714 (45.7486%)
entry 1167000/2548714 (45.7878%)
entry 1168000/2548714 (45.827%)
entry 1169000/2548714 (45.8663%)
entry 1170000/2548714 (45.9055%)
entry 1171000/2548714 (45.9447%)
entry 1172000/2548714 (45.984%)
entry 1173000/2548714 (46.0232%)
entry 1174000/2548714 (46.0624%)
entry 1176000/2548714 (46.1409%)
entry 1177000/2548714 (46.1802%)
entry 1180000/2548714 (46.2979%)
entry 1181000/2548714 (46.3371%)
entry 1184000/2548714 (46.4548%)
entry 1185000/2548714 (46.494%)
entry 1186000/2548714 (46.5333%)
entry 1187000/2548714 (46.5725%)
entry 1188000/2548714 (46.6117%)
entry 1190000/2548714 (46.6902%)
entry 1192000/2548714 (46.7687%)
entry 1193000/2548714 (46.8079%)
entry 1194000/2548714 (46.8472%)
entry 1195000/2548714 (46.8864%)
entry 1197000/2548714 (46.9649%)
entry 1198000/2548714 (47.0041%)
entry 1199000/2548714 (47.0433%)
entry 1200000/2548714 (47.0826%)
entry 1202000/2548714 (47.161%)
entry 1203000/2548714 (47.2003%)
entry 1204000/2548714 (47.2395%)
entry 1205000/2548714 (47.2787%)
entry 1207000/2548714 (47.3572%)
entry 1208000/2548714 (47.3965%)
entry 1210000/2548714 (47.4749%)
entry 1211000/2548714 (47.5142%)
entry 1212000/2548714 (47.5534%)
entry 1214000/2548714 (47.6319%)
entry 1215000/2548714 (47.6711%)
entry 1216000/2548714 (47.7103%)
entry 1217000/2548714 (47.7496%)
entry 1218000/2548714 (47.7888%)
entry 1222000/2548714 (47.9457%)
entry 1223000/2548714 (47.985%)
entry 1224000/2548714 (48.0242%)
entry 1227000/2548714 (48.1419%)
entry 1229000/2548714 (48.2204%)
entry 1230000/2548714 (48.2596%)
entry 1231000/2548714 (48.2989%)
entry 1232000/2548714 (48.3381%)
entry 1233000/2548714 (48.3773%)
entry 1234000/2548714 (48.4166%)
entry 1236000/2548714 (48.495%)
entry 1238000/2548714 (48.5735%)
entry 1240000/2548714 (48.652%)
entry 1241000/2548714 (48.6912%)
entry 1245000/2548714 (48.8482%)
entry 1246000/2548714 (48.8874%)
entry 1247000/2548714 (48.9266%)
entry 1249000/2548714 (49.0051%)
entry 1251000/2548714 (49.0836%)
entry 1252000/2548714 (49.1228%)
entry 1253000/2548714 (49.162%)
entry 1255000/2548714 (49.2405%)
entry 1262000/2548714 (49.5152%)
entry 1265000/2548714 (49.6329%)
entry 1267000/2548714 (49.7113%)
entry 1270000/2548714 (49.8291%)
entry 1272000/2548714 (49.9075%)
entry 1273000/2548714 (49.9468%)
entry 1275000/2548714 (50.0252%)
entry 1276000/2548714 (50.0645%)
entry 1277000/2548714 (50.1037%)
entry 1278000/2548714 (50.1429%)
entry 1280000/2548714 (50.2214%)
entry 1282000/2548714 (50.2999%)
entry 1283000/2548714 (50.3391%)
entry 1284000/2548714 (50.3783%)
entry 1285000/2548714 (50.4176%)
entry 1286000/2548714 (50.4568%)
entry 1287000/2548714 (50.4961%)
entry 1288000/2548714 (50.5353%)
entry 1289000/2548714 (50.5745%)
entry 1290000/2548714 (50.6138%)
entry 1291000/2548714 (50.653%)
entry 1294000/2548714 (50.7707%)
entry 1295000/2548714 (50.8099%)
entry 1296000/2548714 (50.8492%)
entry 1297000/2548714 (50.8884%)
entry 1298000/2548714 (50.9276%)
entry 1301000/2548714 (51.0454%)
entry 1302000/2548714 (51.0846%)
entry 1305000/2548714 (51.2023%)
entry 1306000/2548714 (51.2415%)
entry 1307000/2548714 (51.2808%)
entry 1308000/2548714 (51.32%)
entry 1310000/2548714 (51.3985%)
entry 1311000/2548714 (51.4377%)
entry 1314000/2548714 (51.5554%)
entry 1316000/2548714 (51.6339%)
entry 1320000/2548714 (51.7908%)
entry 1321000/2548714 (51.8301%)
entry 1325000/2548714 (51.987%)
entry 1326000/2548714 (52.0262%)
entry 1327000/2548714 (52.0655%)
entry 1328000/2548714 (52.1047%)
entry 1329000/2548714 (52.1439%)
entry 1330000/2548714 (52.1832%)
entry 1331000/2548714 (52.2224%)
entry 1332000/2548714 (52.2617%)
entry 1333000/2548714 (52.3009%)
entry 1334000/2548714 (52.3401%)
entry 1335000/2548714 (52.3794%)
entry 1336000/2548714 (52.4186%)
entry 1338000/2548714 (52.4971%)
entry 1339000/2548714 (52.5363%)
entry 1340000/2548714 (52.5755%)
entry 1341000/2548714 (52.6148%)
entry 1343000/2548714 (52.6932%)
entry 1346000/2548714 (52.8109%)
entry 1349000/2548714 (52.9287%)
entry 1350000/2548714 (52.9679%)
entry 1351000/2548714 (53.0071%)
entry 1353000/2548714 (53.0856%)
entry 1355000/2548714 (53.1641%)
entry 1356000/2548714 (53.2033%)
entry 1357000/2548714 (53.2425%)
entry 1358000/2548714 (53.2818%)
entry 1360000/2548714 (53.3602%)
entry 1361000/2548714 (53.3995%)
entry 1362000/2548714 (53.4387%)
entry 1364000/2548714 (53.5172%)
entry 1366000/2548714 (53.5957%)
entry 1367000/2548714 (53.6349%)
entry 1368000/2548714 (53.6741%)
entry 1369000/2548714 (53.7134%)
entry 1370000/2548714 (53.7526%)
entry 1374000/2548714 (53.9095%)
entry 1375000/2548714 (53.9488%)
entry 1381000/2548714 (54.1842%)
entry 1382000/2548714 (54.2234%)
entry 1387000/2548714 (54.4196%)
entry 1390000/2548714 (54.5373%)
entry 1392000/2548714 (54.6158%)
entry 1394000/2548714 (54.6942%)
entry 1395000/2548714 (54.7335%)
entry 1397000/2548714 (54.812%)
entry 1398000/2548714 (54.8512%)
entry 1400000/2548714 (54.9297%)
entry 1401000/2548714 (54.9689%)
entry 1407000/2548714 (55.2043%)
entry 1409000/2548714 (55.2828%)
entry 1411000/2548714 (55.3613%)
entry 1412000/2548714 (55.4005%)
entry 1414000/2548714 (55.479%)
entry 1416000/2548714 (55.5574%)
entry 1418000/2548714 (55.6359%)
entry 1420000/2548714 (55.7144%)
entry 1422000/2548714 (55.7928%)
entry 1425000/2548714 (55.9106%)
entry 1426000/2548714 (55.9498%)
entry 1427000/2548714 (55.989%)
entry 1431000/2548714 (56.146%)
entry 1432000/2548714 (56.1852%)
entry 1433000/2548714 (56.2244%)
entry 1444000/2548714 (56.656%)
entry 1453000/2548714 (57.0091%)
entry 1454000/2548714 (57.0484%)
entry 1458000/2548714 (57.2053%)
entry 1460000/2548714 (57.2838%)
entry 1464000/2548714 (57.4407%)
entry 1466000/2548714 (57.5192%)
entry 1468000/2548714 (57.5977%)
entry 1470000/2548714 (57.6761%)
entry 1476000/2548714 (57.9116%)
entry 1477000/2548714 (57.9508%)
entry 1479000/2548714 (58.0293%)
entry 1480000/2548714 (58.0685%)
entry 1481000/2548714 (58.1077%)
entry 1482000/2548714 (58.147%)
entry 1484000/2548714 (58.2254%)
entry 1486000/2548714 (58.3039%)
entry 1487000/2548714 (58.3431%)
entry 1488000/2548714 (58.3824%)
entry 1489000/2548714 (58.4216%)
entry 1493000/2548714 (58.5786%)
entry 1494000/2548714 (58.6178%)
entry 1496000/2548714 (58.6963%)
entry 1497000/2548714 (58.7355%)
entry 1498000/2548714 (58.7747%)
entry 1499000/2548714 (58.814%)
entry 1500000/2548714 (58.8532%)
entry 1501000/2548714 (58.8924%)
entry 1502000/2548714 (58.9317%)
entry 1503000/2548714 (58.9709%)
entry 1504000/2548714 (59.0102%)
entry 1505000/2548714 (59.0494%)
entry 1506000/2548714 (59.0886%)
entry 1507000/2548714 (59.1279%)
entry 1509000/2548714 (59.2063%)
entry 1511000/2548714 (59.2848%)
entry 1512000/2548714 (59.324%)
entry 1513000/2548714 (59.3633%)
entry 1514000/2548714 (59.4025%)
entry 1517000/2548714 (59.5202%)
entry 1518000/2548714 (59.5594%)
entry 1524000/2548714 (59.7949%)
entry 1526000/2548714 (59.8733%)
entry 1531000/2548714 (60.0695%)
entry 1533000/2548714 (60.148%)
entry 1544000/2548714 (60.5796%)
entry 1548000/2548714 (60.7365%)
entry 1551000/2548714 (60.8542%)
entry 1553000/2548714 (60.9327%)
entry 1554000/2548714 (60.9719%)
entry 1555000/2548714 (61.0112%)
entry 1557000/2548714 (61.0896%)
entry 1558000/2548714 (61.1289%)
entry 1563000/2548714 (61.325%)
entry 1565000/2548714 (61.4035%)
entry 1566000/2548714 (61.4428%)
entry 1568000/2548714 (61.5212%)
entry 1571000/2548714 (61.6389%)
entry 1572000/2548714 (61.6782%)
entry 1573000/2548714 (61.7174%)
entry 1577000/2548714 (61.8743%)
entry 1578000/2548714 (61.9136%)
entry 1579000/2548714 (61.9528%)
entry 1581000/2548714 (62.0313%)
entry 1584000/2548714 (62.149%)
entry 1585000/2548714 (62.1882%)
entry 1587000/2548714 (62.2667%)
entry 1589000/2548714 (62.3452%)
entry 1591000/2548714 (62.4236%)
entry 1592000/2548714 (62.4629%)
entry 1593000/2548714 (62.5021%)
entry 1596000/2548714 (62.6198%)
entry 1598000/2548714 (62.6983%)
entry 1600000/2548714 (62.7768%)
entry 1601000/2548714 (62.816%)
entry 1602000/2548714 (62.8552%)
entry 1606000/2548714 (63.0122%)
entry 1608000/2548714 (63.0906%)
entry 1610000/2548714 (63.1691%)
entry 1612000/2548714 (63.2476%)
entry 1613000/2548714 (63.2868%)
entry 1614000/2548714 (63.3261%)
entry 1615000/2548714 (63.3653%)
entry 1616000/2548714 (63.4045%)
entry 1617000/2548714 (63.4438%)
entry 1619000/2548714 (63.5222%)
entry 1620000/2548714 (63.5615%)
entry 1621000/2548714 (63.6007%)
entry 1625000/2548714 (63.7576%)
entry 1630000/2548714 (63.9538%)
entry 1631000/2548714 (63.9931%)
entry 1632000/2548714 (64.0323%)
entry 1637000/2548714 (64.2285%)
entry 1639000/2548714 (64.3069%)
entry 1642000/2548714 (64.4246%)
entry 1644000/2548714 (64.5031%)
entry 1645000/2548714 (64.5424%)
entry 1647000/2548714 (64.6208%)
entry 1649000/2548714 (64.6993%)
entry 1650000/2548714 (64.7385%)
entry 1655000/2548714 (64.9347%)
entry 1658000/2548714 (65.0524%)
entry 1660000/2548714 (65.1309%)
entry 1661000/2548714 (65.1701%)
entry 1663000/2548714 (65.2486%)
entry 1670000/2548714 (65.5232%)
entry 1673000/2548714 (65.6409%)
entry 1674000/2548714 (65.6802%)
entry 1675000/2548714 (65.7194%)
entry 1679000/2548714 (65.8764%)
entry 1680000/2548714 (65.9156%)
entry 1681000/2548714 (65.9548%)
entry 1682000/2548714 (65.9941%)
entry 1683000/2548714 (66.0333%)
entry 1690000/2548714 (66.308%)
entry 1691000/2548714 (66.3472%)
entry 1692000/2548714 (66.3864%)
entry 1693000/2548714 (66.4257%)
entry 1695000/2548714 (66.5041%)
entry 1697000/2548714 (66.5826%)
entry 1701000/2548714 (66.7395%)
entry 1702000/2548714 (66.7788%)
entry 1704000/2548714 (66.8572%)
entry 1705000/2548714 (66.8965%)
entry 1706000/2548714 (66.9357%)
entry 1709000/2548714 (67.0534%)
entry 1711000/2548714 (67.1319%)
entry 1713000/2548714 (67.2104%)
entry 1714000/2548714 (67.2496%)
entry 1716000/2548714 (67.3281%)
entry 1718000/2548714 (67.4065%)
entry 1719000/2548714 (67.4458%)
entry 1720000/2548714 (67.485%)
entry 1721000/2548714 (67.5242%)
entry 1722000/2548714 (67.5635%)
entry 1723000/2548714 (67.6027%)
entry 1724000/2548714 (67.642%)
entry 1725000/2548714 (67.6812%)
entry 1726000/2548714 (67.7204%)
entry 1727000/2548714 (67.7597%)
entry 1729000/2548714 (67.8381%)
entry 1730000/2548714 (67.8774%)
entry 1731000/2548714 (67.9166%)
entry 1734000/2548714 (68.0343%)
entry 1735000/2548714 (68.0735%)
entry 1736000/2548714 (68.1128%)
entry 1737000/2548714 (68.152%)
entry 1739000/2548714 (68.2305%)
entry 1740000/2548714 (68.2697%)
entry 1741000/2548714 (68.309%)
entry 1743000/2548714 (68.3874%)
entry 1744000/2548714 (68.4267%)
entry 1747000/2548714 (68.5444%)
entry 1748000/2548714 (68.5836%)
entry 1749000/2548714 (68.6228%)
entry 1750000/2548714 (68.6621%)
entry 1754000/2548714 (68.819%)
entry 1755000/2548714 (68.8583%)
entry 1757000/2548714 (68.9367%)
entry 1758000/2548714 (68.976%)
entry 1759000/2548714 (69.0152%)
entry 1760000/2548714 (69.0544%)
entry 1761000/2548714 (69.0937%)
entry 1762000/2548714 (69.1329%)
entry 1764000/2548714 (69.2114%)
entry 1765000/2548714 (69.2506%)
entry 1766000/2548714 (69.2898%)
entry 1767000/2548714 (69.3291%)
entry 1771000/2548714 (69.486%)
entry 1772000/2548714 (69.5253%)
entry 1773000/2548714 (69.5645%)
entry 1775000/2548714 (69.643%)
entry 1776000/2548714 (69.6822%)
entry 1777000/2548714 (69.7214%)
entry 1778000/2548714 (69.7607%)
entry 1779000/2548714 (69.7999%)
entry 1780000/2548714 (69.8391%)
entry 1782000/2548714 (69.9176%)
entry 1783000/2548714 (69.9569%)
entry 1784000/2548714 (69.9961%)
entry 1785000/2548714 (70.0353%)
entry 1786000/2548714 (70.0746%)
entry 1788000/2548714 (70.153%)
entry 1789000/2548714 (70.1923%)
entry 1790000/2548714 (70.2315%)
entry 1791000/2548714 (70.2707%)
entry 1792000/2548714 (70.31%)
entry 1796000/2548714 (70.4669%)
entry 1797000/2548714 (70.5061%)
entry 1799000/2548714 (70.5846%)
entry 1805000/2548714 (70.82%)
entry 1806000/2548714 (70.8593%)
entry 1808000/2548714 (70.9377%)
entry 1809000/2548714 (70.977%)
entry 1812000/2548714 (71.0947%)
entry 1813000/2548714 (71.1339%)
entry 1814000/2548714 (71.1731%)
entry 1815000/2548714 (71.2124%)
entry 1816000/2548714 (71.2516%)
entry 1817000/2548714 (71.2909%)
entry 1818000/2548714 (71.3301%)
entry 1822000/2548714 (71.487%)
entry 1823000/2548714 (71.5263%)
entry 1824000/2548714 (71.5655%)
entry 1826000/2548714 (71.644%)
entry 1827000/2548714 (71.6832%)
entry 1833000/2548714 (71.9186%)
entry 1834000/2548714 (71.9579%)
entry 1835000/2548714 (71.9971%)
entry 1836000/2548714 (72.0363%)
entry 1838000/2548714 (72.1148%)
entry 1839000/2548714 (72.154%)
entry 1844000/2548714 (72.3502%)
entry 1849000/2548714 (72.5464%)
entry 1853000/2548714 (72.7033%)
entry 1856000/2548714 (72.821%)
entry 1857000/2548714 (72.8603%)
entry 1859000/2548714 (72.9387%)
entry 1860000/2548714 (72.978%)
entry 1861000/2548714 (73.0172%)
entry 1862000/2548714 (73.0565%)
entry 1863000/2548714 (73.0957%)
entry 1864000/2548714 (73.1349%)
entry 1865000/2548714 (73.1742%)
entry 1866000/2548714 (73.2134%)
entry 1868000/2548714 (73.2919%)
entry 1869000/2548714 (73.3311%)
entry 1870000/2548714 (73.3703%)
entry 1871000/2548714 (73.4096%)
entry 1873000/2548714 (73.488%)
entry 1875000/2548714 (73.5665%)
entry 1878000/2548714 (73.6842%)
entry 1880000/2548714 (73.7627%)
entry 1881000/2548714 (73.8019%)
entry 1884000/2548714 (73.9196%)
entry 1887000/2548714 (74.0373%)
entry 1888000/2548714 (74.0766%)
entry 1890000/2548714 (74.155%)
entry 1893000/2548714 (74.2728%)
entry 1894000/2548714 (74.312%)
entry 1895000/2548714 (74.3512%)
entry 1896000/2548714 (74.3905%)
entry 1897000/2548714 (74.4297%)
entry 1899000/2548714 (74.5082%)
entry 1900000/2548714 (74.5474%)
entry 1901000/2548714 (74.5866%)
entry 1902000/2548714 (74.6259%)
entry 1906000/2548714 (74.7828%)
entry 1910000/2548714 (74.9398%)
entry 1911000/2548714 (74.979%)
entry 1912000/2548714 (75.0182%)
entry 1914000/2548714 (75.0967%)
entry 1917000/2548714 (75.2144%)
entry 1919000/2548714 (75.2929%)
entry 1920000/2548714 (75.3321%)
entry 1922000/2548714 (75.4106%)
entry 1923000/2548714 (75.4498%)
entry 1924000/2548714 (75.4891%)
entry 1925000/2548714 (75.5283%)
entry 1926000/2548714 (75.5675%)
entry 1928000/2548714 (75.646%)
entry 1931000/2548714 (75.7637%)
entry 1933000/2548714 (75.8422%)
entry 1935000/2548714 (75.9206%)
entry 1936000/2548714 (75.9599%)
entry 1937000/2548714 (75.9991%)
entry 1938000/2548714 (76.0383%)
entry 1939000/2548714 (76.0776%)
entry 1941000/2548714 (76.1561%)
entry 1942000/2548714 (76.1953%)
entry 1943000/2548714 (76.2345%)
entry 1944000/2548714 (76.2738%)
entry 1945000/2548714 (76.313%)
entry 1946000/2548714 (76.3522%)
entry 1947000/2548714 (76.3915%)
entry 1948000/2548714 (76.4307%)
entry 1949000/2548714 (76.4699%)
entry 1950000/2548714 (76.5092%)
entry 1951000/2548714 (76.5484%)
entry 1952000/2548714 (76.5876%)
entry 1955000/2548714 (76.7053%)
entry 1959000/2548714 (76.8623%)
entry 1961000/2548714 (76.9408%)
entry 1962000/2548714 (76.98%)
entry 1966000/2548714 (77.1369%)
entry 1967000/2548714 (77.1762%)
entry 1968000/2548714 (77.2154%)
entry 1971000/2548714 (77.3331%)
entry 1976000/2548714 (77.5293%)
entry 1977000/2548714 (77.5685%)
entry 1978000/2548714 (77.6078%)
entry 1979000/2548714 (77.647%)
entry 1980000/2548714 (77.6862%)
entry 1981000/2548714 (77.7255%)
entry 1982000/2548714 (77.7647%)
entry 1983000/2548714 (77.8039%)
entry 1985000/2548714 (77.8824%)
entry 1986000/2548714 (77.9217%)
entry 1989000/2548714 (78.0394%)
entry 1990000/2548714 (78.0786%)
entry 1993000/2548714 (78.1963%)
entry 1994000/2548714 (78.2355%)
entry 1995000/2548714 (78.2748%)
entry 1999000/2548714 (78.4317%)
entry 2003000/2548714 (78.5887%)
entry 2004000/2548714 (78.6279%)
entry 2005000/2548714 (78.6671%)
entry 2006000/2548714 (78.7064%)
entry 2007000/2548714 (78.7456%)
entry 2009000/2548714 (78.8241%)
entry 2010000/2548714 (78.8633%)
entry 2015000/2548714 (79.0595%)
entry 2016000/2548714 (79.0987%)
entry 2018000/2548714 (79.1772%)
entry 2019000/2548714 (79.2164%)
entry 2021000/2548714 (79.2949%)
entry 2022000/2548714 (79.3341%)
entry 2023000/2548714 (79.3734%)
entry 2024000/2548714 (79.4126%)
entry 2027000/2548714 (79.5303%)
entry 2028000/2548714 (79.5695%)
entry 2029000/2548714 (79.6088%)
entry 2030000/2548714 (79.648%)
entry 2031000/2548714 (79.6872%)
entry 2035000/2548714 (79.8442%)
entry 2037000/2548714 (79.9227%)
entry 2040000/2548714 (80.0404%)
entry 2043000/2548714 (80.1581%)
entry 2044000/2548714 (80.1973%)
entry 2045000/2548714 (80.2365%)
entry 2047000/2548714 (80.315%)
entry 2048000/2548714 (80.3542%)
entry 2049000/2548714 (80.3935%)
entry 2050000/2548714 (80.4327%)
entry 2052000/2548714 (80.5112%)
entry 2053000/2548714 (80.5504%)
entry 2055000/2548714 (80.6289%)
entry 2056000/2548714 (80.6681%)
entry 2058000/2548714 (80.7466%)
entry 2059000/2548714 (80.7858%)
entry 2060000/2548714 (80.8251%)
entry 2061000/2548714 (80.8643%)
entry 2062000/2548714 (80.9035%)
entry 2067000/2548714 (81.0997%)
entry 2068000/2548714 (81.139%)
entry 2070000/2548714 (81.2174%)
entry 2073000/2548714 (81.3351%)
entry 2074000/2548714 (81.3744%)
entry 2075000/2548714 (81.4136%)
entry 2076000/2548714 (81.4528%)
entry 2077000/2548714 (81.4921%)
entry 2078000/2548714 (81.5313%)
entry 2079000/2548714 (81.5705%)
entry 2081000/2548714 (81.649%)
entry 2082000/2548714 (81.6883%)
entry 2083000/2548714 (81.7275%)
entry 2086000/2548714 (81.8452%)
entry 2088000/2548714 (81.9237%)
entry 2090000/2548714 (82.0021%)
entry 2091000/2548714 (82.0414%)
entry 2092000/2548714 (82.0806%)
entry 2093000/2548714 (82.1198%)
entry 2094000/2548714 (82.1591%)
entry 2095000/2548714 (82.1983%)
entry 2097000/2548714 (82.2768%)
entry 2098000/2548714 (82.316%)
entry 2100000/2548714 (82.3945%)
entry 2102000/2548714 (82.473%)
entry 2105000/2548714 (82.5907%)
entry 2106000/2548714 (82.6299%)
entry 2107000/2548714 (82.6691%)
entry 2110000/2548714 (82.7868%)
entry 2111000/2548714 (82.8261%)
entry 2112000/2548714 (82.8653%)
entry 2113000/2548714 (82.9046%)
entry 2114000/2548714 (82.9438%)
entry 2116000/2548714 (83.0223%)
entry 2120000/2548714 (83.1792%)
entry 2122000/2548714 (83.2577%)
entry 2123000/2548714 (83.2969%)
entry 2126000/2548714 (83.4146%)
entry 2129000/2548714 (83.5323%)
entry 2130000/2548714 (83.5716%)
entry 2131000/2548714 (83.6108%)
entry 2132000/2548714 (83.65%)
entry 2133000/2548714 (83.6893%)
entry 2134000/2548714 (83.7285%)
entry 2136000/2548714 (83.807%)
entry 2138000/2548714 (83.8854%)
entry 2139000/2548714 (83.9247%)
entry 2141000/2548714 (84.0032%)
entry 2143000/2548714 (84.0816%)
entry 2145000/2548714 (84.1601%)
entry 2147000/2548714 (84.2386%)
entry 2155000/2548714 (84.5524%)
entry 2156000/2548714 (84.5917%)
entry 2168000/2548714 (85.0625%)
entry 2169000/2548714 (85.1017%)
entry 2172000/2548714 (85.2194%)
entry 2174000/2548714 (85.2979%)
entry 2175000/2548714 (85.3372%)
entry 2183000/2548714 (85.651%)
entry 2188000/2548714 (85.8472%)
entry 2190000/2548714 (85.9257%)
entry 2191000/2548714 (85.9649%)
entry 2193000/2548714 (86.0434%)
entry 2194000/2548714 (86.0826%)
entry 2195000/2548714 (86.1219%)
entry 2200000/2548714 (86.318%)
entry 2202000/2548714 (86.3965%)
entry 2205000/2548714 (86.5142%)
entry 2206000/2548714 (86.5535%)
entry 2207000/2548714 (86.5927%)
entry 2209000/2548714 (86.6712%)
entry 2211000/2548714 (86.7496%)
entry 2215000/2548714 (86.9066%)
entry 2218000/2548714 (87.0243%)
entry 2219000/2548714 (87.0635%)
entry 2221000/2548714 (87.142%)
entry 2222000/2548714 (87.1812%)
entry 2223000/2548714 (87.2205%)
entry 2224000/2548714 (87.2597%)
entry 2225000/2548714 (87.2989%)
entry 2229000/2548714 (87.4559%)
entry 2233000/2548714 (87.6128%)
entry 2234000/2548714 (87.652%)
entry 2237000/2548714 (87.7698%)
entry 2239000/2548714 (87.8482%)
entry 2245000/2548714 (88.0836%)
entry 2249000/2548714 (88.2406%)
entry 2250000/2548714 (88.2798%)
entry 2253000/2548714 (88.3975%)
entry 2258000/2548714 (88.5937%)
entry 2259000/2548714 (88.6329%)
entry 2265000/2548714 (88.8683%)
entry 2266000/2548714 (88.9076%)
entry 2269000/2548714 (89.0253%)
entry 2270000/2548714 (89.0645%)
entry 2272000/2548714 (89.143%)
entry 2274000/2548714 (89.2215%)
entry 2275000/2548714 (89.2607%)
entry 2276000/2548714 (89.2999%)
entry 2277000/2548714 (89.3392%)
entry 2278000/2548714 (89.3784%)
entry 2279000/2548714 (89.4176%)
entry 2280000/2548714 (89.4569%)
entry 2282000/2548714 (89.5353%)
entry 2283000/2548714 (89.5746%)
entry 2285000/2548714 (89.6531%)
entry 2289000/2548714 (89.81%)
entry 2290000/2548714 (89.8492%)
entry 2292000/2548714 (89.9277%)
entry 2294000/2548714 (90.0062%)
entry 2295000/2548714 (90.0454%)
entry 2296000/2548714 (90.0846%)
entry 2297000/2548714 (90.1239%)
entry 2300000/2548714 (90.2416%)
entry 2301000/2548714 (90.2808%)
entry 2302000/2548714 (90.3201%)
entry 2303000/2548714 (90.3593%)
entry 2304000/2548714 (90.3985%)
entry 2308000/2548714 (90.5555%)
entry 2311000/2548714 (90.6732%)
entry 2314000/2548714 (90.7909%)
entry 2315000/2548714 (90.8301%)
entry 2316000/2548714 (90.8694%)
entry 2319000/2548714 (90.9871%)
entry 2321000/2548714 (91.0655%)
entry 2325000/2548714 (91.2225%)
entry 2326000/2548714 (91.2617%)
entry 2327000/2548714 (91.3009%)
entry 2331000/2548714 (91.4579%)
entry 2334000/2548714 (91.5756%)
entry 2335000/2548714 (91.6148%)
entry 2336000/2548714 (91.6541%)
entry 2338000/2548714 (91.7325%)
entry 2340000/2548714 (91.811%)
entry 2343000/2548714 (91.9287%)
entry 2345000/2548714 (92.0072%)
entry 2350000/2548714 (92.2034%)
entry 2352000/2548714 (92.2818%)
entry 2353000/2548714 (92.3211%)
entry 2354000/2548714 (92.3603%)
entry 2355000/2548714 (92.3995%)
entry 2358000/2548714 (92.5172%)
entry 2363000/2548714 (92.7134%)
entry 2364000/2548714 (92.7527%)
entry 2365000/2548714 (92.7919%)
entry 2366000/2548714 (92.8311%)
entry 2367000/2548714 (92.8704%)
entry 2368000/2548714 (92.9096%)
entry 2370000/2548714 (92.9881%)
entry 2371000/2548714 (93.0273%)
entry 2372000/2548714 (93.0665%)
entry 2373000/2548714 (93.1058%)
entry 2374000/2548714 (93.145%)
entry 2376000/2548714 (93.2235%)
entry 2379000/2548714 (93.3412%)
entry 2380000/2548714 (93.3804%)
entry 2381000/2548714 (93.4197%)
entry 2383000/2548714 (93.4981%)
entry 2386000/2548714 (93.6158%)
entry 2387000/2548714 (93.6551%)
entry 2388000/2548714 (93.6943%)
entry 2389000/2548714 (93.7335%)
entry 2390000/2548714 (93.7728%)
entry 2391000/2548714 (93.812%)
entry 2392000/2548714 (93.8513%)
entry 2395000/2548714 (93.969%)
entry 2396000/2548714 (94.0082%)
entry 2397000/2548714 (94.0474%)
entry 2398000/2548714 (94.0867%)
entry 2399000/2548714 (94.1259%)
entry 2400000/2548714 (94.1651%)
entry 2402000/2548714 (94.2436%)
entry 2411000/2548714 (94.5967%)
entry 2413000/2548714 (94.6752%)
entry 2414000/2548714 (94.7144%)
entry 2415000/2548714 (94.7537%)
entry 2416000/2548714 (94.7929%)
entry 2419000/2548714 (94.9106%)
entry 2425000/2548714 (95.146%)
entry 2429000/2548714 (95.303%)
entry 2432000/2548714 (95.4207%)
entry 2433000/2548714 (95.4599%)
entry 2434000/2548714 (95.4991%)
entry 2435000/2548714 (95.5384%)
entry 2436000/2548714 (95.5776%)
entry 2437000/2548714 (95.6168%)
entry 2438000/2548714 (95.6561%)
entry 2441000/2548714 (95.7738%)
entry 2443000/2548714 (95.8523%)
entry 2444000/2548714 (95.8915%)
entry 2445000/2548714 (95.9307%)
entry 2447000/2548714 (96.0092%)
entry 2448000/2548714 (96.0484%)
entry 2449000/2548714 (96.0877%)
entry 2451000/2548714 (96.1661%)
entry 2452000/2548714 (96.2054%)
entry 2454000/2548714 (96.2839%)
entry 2455000/2548714 (96.3231%)
entry 2456000/2548714 (96.3623%)
entry 2457000/2548714 (96.4016%)
entry 2461000/2548714 (96.5585%)
entry 2462000/2548714 (96.5977%)
entry 2463000/2548714 (96.637%)
entry 2464000/2548714 (96.6762%)
entry 2465000/2548714 (96.7154%)
entry 2466000/2548714 (96.7547%)
entry 2468000/2548714 (96.8331%)
entry 2470000/2548714 (96.9116%)
entry 2471000/2548714 (96.9509%)
entry 2472000/2548714 (96.9901%)
entry 2473000/2548714 (97.0293%)
entry 2475000/2548714 (97.1078%)
entry 2476000/2548714 (97.147%)
entry 2479000/2548714 (97.2647%)
entry 2480000/2548714 (97.304%)
entry 2481000/2548714 (97.3432%)
entry 2482000/2548714 (97.3824%)
entry 2488000/2548714 (97.6179%)
entry 2489000/2548714 (97.6571%)
entry 2491000/2548714 (97.7356%)
entry 2494000/2548714 (97.8533%)
entry 2495000/2548714 (97.8925%)
entry 2496000/2548714 (97.9317%)
entry 2500000/2548714 (98.0887%)
entry 2502000/2548714 (98.1672%)
entry 2503000/2548714 (98.2064%)
entry 2504000/2548714 (98.2456%)
entry 2505000/2548714 (98.2849%)
entry 2506000/2548714 (98.3241%)
entry 2507000/2548714 (98.3633%)
entry 2508000/2548714 (98.4026%)
entry 2511000/2548714 (98.5203%)
entry 2513000/2548714 (98.5987%)
entry 2514000/2548714 (98.638%)
entry 2515000/2548714 (98.6772%)
entry 2517000/2548714 (98.7557%)
entry 2518000/2548714 (98.7949%)
entry 2520000/2548714 (98.8734%)
entry 2523000/2548714 (98.9911%)
entry 2524000/2548714 (99.0303%)
entry 2525000/2548714 (99.0696%)
entry 2526000/2548714 (99.1088%)
entry 2527000/2548714 (99.148%)
entry 2528000/2548714 (99.1873%)
entry 2529000/2548714 (99.2265%)
entry 2531000/2548714 (99.305%)
entry 2533000/2548714 (99.3835%)
entry 2534000/2548714 (99.4227%)
entry 2536000/2548714 (99.5012%)
entry 2537000/2548714 (99.5404%)
entry 2539000/2548714 (99.6189%)
entry 2540000/2548714 (99.6581%)
entry 2542000/2548714 (99.7366%)
entry 2547000/2548714 (99.9327%)
all done
script done
