sphnx1130.sdcc.bnl.gov
rsyncing from /gpfs/mnt/gpfs02/sphenix/user/samfred/run25/ppg11/histmaking
running: /gpfs/mnt/gpfs02/sphenix/user/samfred/run25/ppg11/histmaking/script_data.sh 52019
LD_LIBRARY_PATH now /sphenix/user/samfred/run25/install//lib:/cvmfs/sphenix.sdcc.bnl.gov/alma9.2-gcc-14.2.0/opt/sphenix/core/gcc/14.2.0-2f0a0/x86_64-el9/lib:/cvmfs/sphenix.sdcc.bnl.gov/alma9.2-gcc-14.2.0/opt/sphenix/core/gcc/14.2.0-2f0a0/x86_64-el9/lib64:/cvmfs/sphenix.sdcc.bnl.gov/alma9.2-gcc-14.2.0/opt/sphenix/core/binutils/2.40-acaab/x86_64-el9/lib:.:/cvmfs/sphenix.sdcc.bnl.gov/alma9.2-gcc-14.2.0/release/release_new/new.10/lib64:/cvmfs/sphenix.sdcc.bnl.gov/alma9.2-gcc-14.2.0/release/release_new/new.10/lib:/cvmfs/sphenix.sdcc.bnl.gov/alma9.2-gcc-14.2.0/opt/sphenix/utils/lib:/cvmfs/sphenix.sdcc.bnl.gov/alma9.2-gcc-14.2.0/opt/sphenix/core/lib:/cvmfs/sphenix.sdcc.bnl.gov/alma9.2-gcc-14.2.0/opt/sphenix/core/root-6.32.06/lib:/cvmfs/sphenix.sdcc.bnl.gov/alma9.2-gcc-14.2.0/opt/sphenix/core/geant4.10.07.p04/lib64:/cvmfs/sphenix.sdcc.bnl.gov/alma9.2-gcc-14.2.0/opt/sphenix/core/lhapdf-5.9.1/lib:/usr/local/lib64:/usr/lib64
PATH now /sphenix/user/samfred/run25/install//bin:/cvmfs/sphenix.sdcc.bnl.gov/alma9.2-gcc-14.2.0/opt/sphenix/core/gcc/14.2.0-2f0a0/x86_64-el9/bin:/cvmfs/sphenix.sdcc.bnl.gov/alma9.2-gcc-14.2.0/opt/sphenix/core/binutils/2.40-acaab/x86_64-el9/bin:.:/cvmfs/sphenix.sdcc.bnl.gov/alma9.2-gcc-14.2.0/release/release_new/new.10/bin:/cvmfs/sphenix.sdcc.bnl.gov/alma9.2-gcc-14.2.0/opt/sphenix/utils/bin:/cvmfs/sphenix.sdcc.bnl.gov/alma9.2-gcc-14.2.0/opt/sphenix/core/bin:/cvmfs/sphenix.sdcc.bnl.gov/alma9.2-gcc-14.2.0/opt/sphenix/core/root-6.32.06/bin:/cvmfs/sphenix.sdcc.bnl.gov/alma9.2-gcc-14.2.0/opt/sphenix/core/geant4.10.07.p04/bin:/usr/local/bin:/usr/bin:/usr/local/sbin:/usr/sbin
SINGULARITY_CACHEDIR=/home/condor/local/sphnx/execute/dir_2833930
_CONDOR_CHIRP_CONFIG=/home/condor/local/sphnx/execute/dir_2833930/.chirp.config
_CONDOR_JOB_IWD=/sphenix/user/samfred/run25/ppg11/histmaking
G4ENSDFSTATEDATA=/cvmfs/sphenix.sdcc.bnl.gov/alma9.2-gcc-14.2.0/opt/sphenix/core/geant4.10.07.p04/share/Geant4-10.7.4/data/G4ENSDFSTATE2.3
_CONDOR_MACHINE_AD=/home/condor/local/sphnx/execute/dir_2833930/.machine.ad
ROOT_MAX_THREADS=1
NUMEXPR_NUM_THREADS=1
CUBACORES=1
_CHIRP_DELAYED_UPDATE_PREFIX=Chirp*
OMP_THREAD_LIMIT=1
G4PIIDATA=/cvmfs/sphenix.sdcc.bnl.gov/alma9.2-gcc-14.2.0/opt/sphenix/core/geant4.10.07.p04/share/Geant4-10.7.4/data/G4PII1.3
NO_AT_BRIDGE=1
G4_MAIN=/cvmfs/sphenix.sdcc.bnl.gov/alma9.2-gcc-14.2.0/opt/sphenix/core/geant4.10.07.p04
COMPILER_PATH=/cvmfs/sphenix.sdcc.bnl.gov/alma9.2-gcc-14.2.0/opt/sphenix/core/gcc/14.2.0-2f0a0/x86_64-el9
ROOT_INCLUDE_PATH=./:/sphenix/user/samfred/run25/install//include:/sphenix/user/samfred/run25/install//include/caloana:/sphenix/user/samfred/run25/install//include/qa_centrality:/sphenix/user/samfred/run25/install//include/mbdana:/sphenix/user/samfred/run25/install//include/centrality:/sphenix/user/samfred/run25/install//include/Event:/cvmfs/sphenix.sdcc.bnl.gov/alma9.2-gcc-14.2.0/release/release_new/new.10/include:/cvmfs/sphenix.sdcc.bnl.gov/alma9.2-gcc-14.2.0/release/release_new/new.10/include:/cvmfs/sphenix.sdcc.bnl.gov/alma9.2-gcc-14.2.0/release/release_new/new.10/include/g4mbd:/cvmfs/sphenix.sdcc.bnl.gov/alma9.2-gcc-14.2.0/release/release_new/new.10/include/fmt:/cvmfs/sphenix.sdcc.bnl.gov/alma9.2-gcc-14.2.0/release/release_new/new.10/include/ffarawobjects:/cvmfs/sphenix.sdcc.bnl.gov/alma9.2-gcc-14.2.0/release/release_new/new.10/include/JSON:/cvmfs/sphenix.sdcc.bnl.gov/alma9.2-gcc-14.2.0/release/release_new/new.10/include/calotreegen:/cvmfs/sphenix.sdcc.bnl.gov/alma9.2-gcc-14.2.0/release/release_new/new.10/include/torch:/cvmfs/sphenix.sdcc.bnl.gov/alma9.2-gcc-14.2.0/release/release_new/new.10/include/g4detectors:/cvmfs/sphenix.sdcc.bnl.gov/alma9.2-gcc-14.2.0/release/release_new/new.10/include/kineto:/cvmfs/sphenix.sdcc.bnl.gov/alma9.2-gcc-14.2.0/release/release_new/new.10/include/g4decayer:/cvmfs/sphenix.sdcc.bnl.gov/alma9.2-gcc-14.2.0/release/release_new/new.10/include/kfparticleqa:/cvmfs/sphenix.sdcc.bnl.gov/alma9.2-gcc-14.2.0/release/release_new/new.10/include/phfield:/cvmfs/sphenix.sdcc.bnl.gov/alma9.2-gcc-14.2.0/release/release_new/new.10/include/LHAPDF:/cvmfs/sphenix.sdcc.bnl.gov/alma9.2-gcc-14.2.0/release/release_new/new.10/include/readdigitalcurrents:/cvmfs/sphenix.sdcc.bnl.gov/alma9.2-gcc-14.2.0/release/release_new/new.10/include/c10:/cvmfs/sphenix.sdcc.bnl.gov/alma9.2-gcc-14.2.0/release/release_new/new.10/include/calovalid:/cvmfs/sphenix.sdcc.bnl.gov/alma9.2-gcc-14.2.0/release/release_new/new.10/include/oneapi:/cvmfs/sphenix.sdcc.bnl.gov/alma9.2-gcc-14.2.0/release/release_new/new.10/include/DDCond:/cvmfs/sphenix.sdcc.bnl.gov/alma9.2-gcc-14.2.0/release/release_new/new.10/include/g4tracking:/cvmfs/sphenix.sdcc.bnl.gov/alma9.2-gcc-14.2.0/release/release_new/new.10/include/litecaloeval:/cvmfs/sphenix.sdcc.bnl.gov/alma9.2-gcc-14.2.0/release/release_new/new.10/include/g4intt:/cvmfs/sphenix.sdcc.bnl.gov/alma9.2-gcc-14.2.0/release/release_new/new.10/include/phool:/cvmfs/sphenix.sdcc.bnl.gov/alma9.2-gcc-14.2.0/release/release_new/new.10/include/boost:/cvmfs/sphenix.sdcc.bnl.gov/alma9.2-gcc-14.2.0/release/release_new/new.10/include/Pythia8Plugins:/cvmfs/sphenix.sdcc.bnl.gov/alma9.2-gcc-14.2.0/release/release_new/new.10/include/calib_emc_pi0:/cvmfs/sphenix.sdcc.bnl.gov/alma9.2-gcc-14.2.0/release/release_new/new.10/include/hijingflipafterburner:/cvmfs/sphenix.sdcc.bnl.gov/alma9.2-gcc-14.2.0/release/release_new/new.10/include/ffaobjects:/cvmfs/sphenix.sdcc.bnl.gov/alma9.2-gcc-14.2.0/release/release_new/new.10/include/EvtGenBase:/cvmfs/sphenix.sdcc.bnl.gov/alma9.2-gcc-14.2.0/release/release_new/new.10/include/flowafterburner:/cvmfs/sphenix.sdcc.bnl.gov/alma9.2-gcc-14.2.0/release/release_new/new.10/include/google:/cvmfs/sphenix.sdcc.bnl.gov/alma9.2-gcc-14.2.0/release/release_new/new.10/include/g4tpc:/cvmfs/sphenix.sdcc.bnl.gov/alma9.2-gcc-14.2.0/release/release_new/new.10/include/caffe2:/cvmfs/sphenix.sdcc.bnl.gov/alma9.2-gcc-14.2.0/release/release_new/new.10/include/EvtGenExternal:/cvmfs/sphenix.sdcc.bnl.gov/alma9.2-gcc-14.2.0/release/release_new/new.10/include/fp16:/cvmfs/sphenix.sdcc.bnl.gov/alma9.2-gcc-14.2.0/release/release_new/new.10/include/ffamodules:/cvmfs/sphenix.sdcc.bnl.gov/alma9.2-gcc-14.2.0/release/release_new/new.10/include/uspin:/cvmfs/sphenix.sdcc.bnl.gov/alma9.2-gcc-14.2.0/release/release_new/new.10/include/Herwig:/cvmfs/sphenix.sdcc.bnl.gov/alma9.2-gcc-14.2.0/release/release_new/new.10/include/genfitexp:/cvmfs/sphenix.sdcc.bnl.gov/alma9.2-gcc-14.2.0/release/release_new/new.10/include/XML:/cvmfs/sphenix.sdcc.bnl.gov/alma9.2-gcc-14.2.0/release/release_new/new.10/include/fbgemm:/cvmfs/sphenix.sdcc.bnl.gov/alma9.2-gcc-14.2.0/release/release_new/new.10/include/DDAlign:/cvmfs/sphenix.sdcc.bnl.gov/alma9.2-gcc-14.2.0/release/release_new/new.10/include/g4mvtx:/cvmfs/sphenix.sdcc.bnl.gov/alma9.2-gcc-14.2.0/release/release_new/new.10/include/kfparticle_sphenix:/cvmfs/sphenix.sdcc.bnl.gov/alma9.2-gcc-14.2.0/release/release_new/new.10/include/fun4all:/cvmfs/sphenix.sdcc.bnl.gov/alma9.2-gcc-14.2.0/release/release_new/new.10/include/intt:/cvmfs/sphenix.sdcc.bnl.gov/alma9.2-gcc-14.2.0/release/release_new/new.10/include/eventdisplay:/cvmfs/sphenix.sdcc.bnl.gov/alma9.2-gcc-14.2.0/release/release_new/new.10/include/EvtGen:/cvmfs/sphenix.sdcc.bnl.gov/alma9.2-gcc-14.2.0/release/release_new/new.10/include/Evaluator:/cvmfs/sphenix.sdcc.bnl.gov/alma9.2-gcc-14.2.0/release/release_new/new.10/include/tpc:/cvmfs/sphenix.sdcc.bnl.gov/alma9.2-gcc-14.2.0/release/release_new/new.10/include/GenFit:/cvmfs/sphenix.sdcc.bnl.gov/alma9.2-gcc-14.2.0/release/release_new/new.10/include/prototype4:/cvmfs/sphenix.sdcc.bnl.gov/alma9.2-gcc-14.2.0/release/release_new/new.10/include/caloembedding:/cvmfs/sphenix.sdcc.bnl.gov/alma9.2-gcc-14.2.0/release/release_new/new.10/include/EvtGenModels:/cvmfs/sphenix.sdcc.bnl.gov/alma9.2-gcc-14.2.0/release/release_new/new.10/include/fastjet:/cvmfs/sphenix.sdcc.bnl.gov/alma9.2-gcc-14.2.0/release/release_new/new.10/include/DDG4:/cvmfs/sphenix.sdcc.bnl.gov/alma9.2-gcc-14.2.0/release/release_new/new.10/include/mbd:/cvmfs/sphenix.sdcc.bnl.gov/alma9.2-gcc-14.2.0/release/release_new/new.10/include/tbb:/cvmfs/sphenix.sdcc.bnl.gov/alma9.2-gcc-14.2.0/release/release_new/new.10/include/phgeom:/cvmfs/sphenix.sdcc.bnl.gov/alma9.2-gcc-14.2.0/release/release_new/new.10/include/g4epd:/cvmfs/sphenix.sdcc.bnl.gov/alma9.2-gcc-14.2.0/release/release_new/new.10/include/oncal:/cvmfs/sphenix.sdcc.bnl.gov/alma9.2-gcc-14.2.0/release/release_new/new.10/include/pybind11:/cvmfs/sphenix.sdcc.bnl.gov/alma9.2-gcc-14.2.0/release/release_new/new.10/include/tpcdistgenerator:/cvmfs/sphenix.sdcc.bnl.gov/alma9.2-gcc-14.2.0/release/release_new/new.10/include/cdbobjects:/cvmfs/sphenix.sdcc.bnl.gov/alma9.2-gcc-14.2.0/release/release_new/new.10/include/g4micromegas:/cvmfs/sphenix.sdcc.bnl.gov/alma9.2-gcc-14.2.0/release/release_new/new.10/include/g4eval:/cvmfs/sphenix.sdcc.bnl.gov/alma9.2-gcc-14.2.0/release/release_new/new.10/include/jetbackground:/cvmfs/sphenix.sdcc.bnl.gov/alma9.2-gcc-14.2.0/release/release_new/new.10/include/micromegas:/cvmfs/sphenix.sdcc.bnl.gov/alma9.2-gcc-14.2.0/release/release_new/new.10/include/hftrackefficiency:/cvmfs/sphenix.sdcc.bnl.gov/alma9.2-gcc-14.2.0/release/release_new/new.10/include/inttrawhitqa:/cvmfs/sphenix.sdcc.bnl.gov/alma9.2-gcc-14.2.0/release/release_new/new.10/include/centrality:/cvmfs/sphenix.sdcc.bnl.gov/alma9.2-gcc-14.2.0/release/release_new/new.10/include/epd:/cvmfs/sphenix.sdcc.bnl.gov/alma9.2-gcc-14.2.0/release/release_new/new.10/include/caloreco:/cvmfs/sphenix.sdcc.bnl.gov/alma9.2-gcc-14.2.0/release/release_new/new.10/include/HepMC:/cvmfs/sphenix.sdcc.bnl.gov/alma9.2-gcc-14.2.0/release/release_new/new.10/include/CLHEP:/cvmfs/sphenix.sdcc.bnl.gov/alma9.2-gcc-14.2.0/release/release_new/new.10/include/Acts:/cvmfs/sphenix.sdcc.bnl.gov/alma9.2-gcc-14.2.0/release/release_new/new.10/include/g4histos:/cvmfs/sphenix.sdcc.bnl.gov/alma9.2-gcc-14.2.0/release/release_new/new.10/include/eventplaneinfo:/cvmfs/sphenix.sdcc.bnl.gov/alma9.2-gcc-14.2.0/release/release_new/new.10/include/fillspacechargemaps:/cvmfs/sphenix.sdcc.bnl.gov/alma9.2-gcc-14.2.0/release/release_new/new.10/include/phhepmc:/cvmfs/sphenix.sdcc.bnl.gov/alma9.2-gcc-14.2.0/release/release_new/new.10/include/trackingqa:/cvmfs/sphenix.sdcc.bnl.gov/alma9.2-gcc-14.2.0/release/release_new/new.10/include/qautils:/cvmfs/sphenix.sdcc.bnl.gov/alma9.2-gcc-14.2.0/release/release_new/new.10/include/trackreco:/cvmfs/sphenix.sdcc.bnl.gov/alma9.2-gcc-14.2.0/release/release_new/new.10/include/g4ohcal:/cvmfs/sphenix.sdcc.bnl.gov/alma9.2-gcc-14.2.0/release/release_new/new.10/include/tpcdvcalib:/cvmfs/sphenix.sdcc.bnl.gov/alma9.2-gcc-14.2.0/release/release_new/new.10/include/zdcinfo:/cvmfs/sphenix.sdcc.bnl.gov/alma9.2-gcc-14.2.0/release/release_new/new.10/include/phpythia8:/cvmfs/sphenix.sdcc.bnl.gov/alma9.2-gcc-14.2.0/release/release_new/new.10/include/fun4allutils:/cvmfs/sphenix.sdcc.bnl.gov/alma9.2-gcc-14.2.0/release/release_new/new.10/include/tpcqa:/cvmfs/sphenix.sdcc.bnl.gov/alma9.2-gcc-14.2.0/release/release_new/new.10/include/Pythia8:/cvmfs/sphenix.sdcc.bnl.gov/alma9.2-gcc-14.2.0/release/release_new/new.10/include/DDRec:/cvmfs/sphenix.sdcc.bnl.gov/alma9.2-gcc-14.2.0/release/release_new/new.10/include/DDDigi:/cvmfs/sphenix.sdcc.bnl.gov/alma9.2-gcc-14.2.0/release/release_new/new.10/include/g4ihcal:/cvmfs/sphenix.sdcc.bnl.gov/alma9.2-gcc-14.2.0/release/release_new/new.10/include/frog:/cvmfs/sphenix.sdcc.bnl.gov/alma9.2-gcc-14.2.0/release/release_new/new.10/include/eigen3:/cvmfs/sphenix.sdcc.bnl.gov/alma9.2-gcc-14.2.0/release/release_new/new.10/include/tensorpipe:/cvmfs/sphenix.sdcc.bnl.gov/alma9.2-gcc-14.2.0/release/release_new/new.10/include/sphenixnpc:/cvmfs/sphenix.sdcc.bnl.gov/alma9.2-gcc-14.2.0/release/release_new/new.10/include/siscone:/cvmfs/sphenix.sdcc.bnl.gov/alma9.2-gcc-14.2.0/release/release_new/new.10/include/pmonitor:/cvmfs/sphenix.sdcc.bnl.gov/alma9.2-gcc-14.2.0/release/release_new/new.10/include/calobase:/cvmfs/sphenix.sdcc.bnl.gov/alma9.2-gcc-14.2.0/release/release_new/new.10/include/ActsExamples:/cvmfs/sphenix.sdcc.bnl.gov/alma9.2-gcc-14.2.0/release/release_new/new.10/include/g4gdml:/cvmfs/sphenix.sdcc.bnl.gov/alma9.2-gcc-14.2.0/release/release_new/new.10/include/mvtx_decoder:/cvmfs/sphenix.sdcc.bnl.gov/alma9.2-gcc-14.2.0/release/release_new/new.10/include/ROOT:/cvmfs/sphenix.sdcc.bnl.gov/alma9.2-gcc-14.2.0/release/release_new/new.10/include/phparameter:/cvmfs/sphenix.sdcc.bnl.gov/alma9.2-gcc-14.2.0/release/release_new/new.10/include/rsa:/cvmfs/sphenix.sdcc.bnl.gov/alma9.2-gcc-14.2.0/release/release_new/new.10/include/fun4allraw:/cvmfs/sphenix.sdcc.bnl.gov/alma9.2-gcc-14.2.0/release/release_new/new.10/include/trackbase_historic:/cvmfs/sphenix.sdcc.bnl.gov/alma9.2-gcc-14.2.0/release/release_new/new.10/include/g4jets:/cvmfs/sphenix.sdcc.bnl.gov/alma9.2-gcc-14.2.0/release/release_new/new.10/include/jetqa:/cvmfs/sphenix.sdcc.bnl.gov/alma9.2-gcc-14.2.0/release/release_new/new.10/include/phoolraw:/cvmfs/sphenix.sdcc.bnl.gov/alma9.2-gcc-14.2.0/release/release_new/new.10/include/g4calo:/cvmfs/sphenix.sdcc.bnl.gov/alma9.2-gcc-14.2.0/release/release_new/new.10/include/mvtxrawhitqa:/cvmfs/sphenix.sdcc.bnl.gov/alma9.2-gcc-14.2.0/release/release_new/new.10/include/HepMC3:/cvmfs/sphenix.sdcc.bnl.gov/alma9.2-gcc-14.2.0/release/release_new/new.10/include/calowaveformsim:/cvmfs/sphenix.sdcc.bnl.gov/alma9.2-gcc-14.2.0/release/release_new/new.10/include/g4caloprototype:/cvmfs/sphenix.sdcc.bnl.gov/alma9.2-gcc-14.2.0/release/release_new/new.10/include/pdbcalbase:/cvmfs/sphenix.sdcc.bnl.gov/alma9.2-gcc-14.2.0/release/release_new/new.10/include/gsl:/cvmfs/sphenix.sdcc.bnl.gov/alma9.2-gcc-14.2.0/release/release_new/new.10/include/nodedump:/cvmfs/sphenix.sdcc.bnl.gov/alma9.2-gcc-14.2.0/release/release_new/new.10/include/emcnoisytowerfinder:/cvmfs/sphenix.sdcc.bnl.gov/alma9.2-gcc-14.2.0/release/release_new/new.10/include/ActsFatras:/cvmfs/sphenix.sdcc.bnl.gov/alma9.2-gcc-14.2.0/release/release_new/new.10/include/ffarawmodules:/cvmfs/sphenix.sdcc.bnl.gov/alma9.2-gcc-14.2.0/release/release_new/new.10/include/Event:/cvmfs/sphenix.sdcc.bnl.gov/alma9.2-gcc-14.2.0/release/release_new/new.10/include/prototype3:/cvmfs/sphenix.sdcc.bnl.gov/alma9.2-gcc-14.2.0/release/release_new/new.10/include/fermimotionafterburner:/cvmfs/sphenix.sdcc.bnl.gov/alma9.2-gcc-14.2.0/release/release_new/new.10/include/Photos:/cvmfs/sphenix.sdcc.bnl.gov/alma9.2-gcc-14.2.0/release/release_new/new.10/include/xingshiftcal:/cvmfs/sphenix.sdcc.bnl.gov/alma9.2-gcc-14.2.0/release/release_new/new.10/include/trackbase:/cvmfs/sphenix.sdcc.bnl.gov/alma9.2-gcc-14.2.0/release/release_new/new.10/include/jetdstskimmer:/cvmfs/sphenix.sdcc.bnl.gov/alma9.2-gcc-14.2.0/release/release_new/new.10/include/clusteriso:/cvmfs/sphenix.sdcc.bnl.gov/alma9.2-gcc-14.2.0/release/release_new/new.10/include/asmjit:/cvmfs/sphenix.sdcc.bnl.gov/alma9.2-gcc-14.2.0/release/release_new/new.10/include/particleflowreco:/cvmfs/sphenix.sdcc.bnl.gov/alma9.2-gcc-14.2.0/release/release_new/new.10/include/tpchittrackdisplay:/cvmfs/sphenix.sdcc.bnl.gov/alma9.2-gcc-14.2.0/release/release_new/new.10/include/caloana:/cvmfs/sphenix.sdcc.bnl.gov/alma9.2-gcc-14.2.0/release/release_new/new.10/include/calotrigger:/cvmfs/sphenix.sdcc.bnl.gov/alma9.2-gcc-14.2.0/release/release_new/new.10/include/nopayloadclient:/cvmfs/sphenix.sdcc.bnl.gov/alma9.2-gcc-14.2.0/release/release_new/new.10/include/trackermillepedealignment:/cvmfs/sphenix.sdcc.bnl.gov/alma9.2-gcc-14.2.0/release/release_new/new.10/include/DD4hep:/cvmfs/sphenix.sdcc.bnl.gov/alma9.2-gcc-14.2.0/release/release_new/new.10/include/g4trackfastsim:/cvmfs/sphenix.sdcc.bnl.gov/alma9.2-gcc-14.2.0/release/release_new/new.10/include/prototype2:/cvmfs/sphenix.sdcc.bnl.gov/alma9.2-gcc-14.2.0/release/release_new/new.10/include/ATen:/cvmfs/sphenix.sdcc.bnl.gov/alma9.2-gcc-14.2.0/release/release_new/new.10/include/g4main:/cvmfs/sphenix.sdcc.bnl.gov/alma9.2-gcc-14.2.0/release/release_new/new.10/include/Tauola:/cvmfs/sphenix.sdcc.bnl.gov/alma9.2-gcc-14.2.0/release/release_new/new.10/include/inttcalib:/cvmfs/sphenix.sdcc.bnl.gov/alma9.2-gcc-14.2.0/release/release_new/new.10/include/reactionplaneafterburner:/cvmfs/sphenix.sdcc.bnl.gov/alma9.2-gcc-14.2.0/release/release_new/new.10/include/globalqa:/cvmfs/sphenix.sdcc.bnl.gov/alma9.2-gcc-14.2.0/release/release_new/new.10/include/tpccalib:/cvmfs/sphenix.sdcc.bnl.gov/alma9.2-gcc-14.2.0/release/release_new/new.10/include/DDSegmentation:/cvmfs/sphenix.sdcc.bnl.gov/alma9.2-gcc-14.2.0/release/release_new/new.10/include/decayfinder:/cvmfs/sphenix.sdcc.bnl.gov/alma9.2-gcc-14.2.0/release/release_new/new.10/include/compressclus:/cvmfs/sphenix.sdcc.bnl.gov/alma9.2-gcc-14.2.0/release/release_new/new.10/include/simqa_modules:/cvmfs/sphenix.sdcc.bnl.gov/alma9.2-gcc-14.2.0/release/release_new/new.10/include/resonancejettagging:/cvmfs/sphenix.sdcc.bnl.gov/alma9.2-gcc-14.2.0/release/release_new/new.10/include/g4centrality:/cvmfs/sphenix.sdcc.bnl.gov/alma9.2-gcc-14.2.0/release/release_new/new.10/include/mvtx:/cvmfs/sphenix.sdcc.bnl.gov/alma9.2-gcc-14.2.0/release/release_new/new.10/include/nlohmann:/cvmfs/sphenix.sdcc.bnl.gov/alma9.2-gcc-14.2.0/release/release_new/new.10/include/localpoloffmon:/cvmfs/sphenix.sdcc.bnl.gov/alma9.2-gcc-14.2.0/release/release_new/new.10/include/DDEve:/cvmfs/sphenix.sdcc.bnl.gov/alma9.2-gcc-14.2.0/release/release_new/new.10/include/Parsers:/cvmfs/sphenix.sdcc.bnl.gov/alma9.2-gcc-14.2.0/release/release_new/new.10/include/trackingdiagnostics:/cvmfs/sphenix.sdcc.bnl.gov/alma9.2-gcc-14.2.0/release/release_new/new.10/include/g4vertex:/cvmfs/sphenix.sdcc.bnl.gov/alma9.2-gcc-14.2.0/release/release_new/new.10/include/jetbase:/cvmfs/sphenix.sdcc.bnl.gov/alma9.2-gcc-14.2.0/release/release_new/new.10/include/globalvertex:/cvmfs/sphenix.sdcc.bnl.gov/alma9.2-gcc-14.2.0/release/release_new/new.10/include/phgenfit:/cvmfs/sphenix.sdcc.bnl.gov/alma9.2-gcc-14.2.0/release/release_new/new.10/include/rawbcolumi:/cvmfs/sphenix.sdcc.bnl.gov/alma9.2-gcc-14.2.0/release/release_new/new.10/include/eicsmear:/cvmfs/sphenix.sdcc.bnl.gov/alma9.2-gcc-14.2.0/release/release_new/new.10/include/mvtxcalib:/cvmfs/sphenix.sdcc.bnl.gov/alma9.2-gcc-14.2.0/release/release_new/new.10/include/tpclinelaserdiode:/cvmfs/sphenix.sdcc.bnl.gov/alma9.2-gcc-14.2.0/release/release_new/new.10/include/hepmcjettrigger:/cvmfs/sphenix.sdcc.bnl.gov/alma9.2-gcc-14.2.0/release/release_new/new.10/include/core:/cvmfs/sphenix.sdcc.bnl.gov/alma9.2-gcc-14.2.0/release/release_new/new.10/include/calo_cdb:/cvmfs/sphenix.sdcc.bnl.gov/alma9.2-gcc-14.2.0/release/release_new/new.10/include/mvtxclustershapesqa:/cvmfs/sphenix.sdcc.bnl.gov/alma9.2-gcc-14.2.0/release/release_new/new.10/include/calopacketskimmer:/cvmfs/sphenix.sdcc.bnl.gov/alma9.2-gcc-14.2.0/opt/sphenix/core/geant4.10.07.p04/include:/cvmfs/sphenix.sdcc.bnl.gov/alma9.2-gcc-14.2.0/release/release_new/new.10/rootmacros:/cvmfs/sphenix.sdcc.bnl.gov/alma9.2-gcc-14.2.0/opt/sphenix/core/include
GSEARCHPATH=.:PG:LUSTRE:RAWDATA
PWD=/gpfs/mnt/gpfs02/sphenix/user/samfred/run25/ppg11/histmaking
LOGNAME=samfred
_CONDOR_JOB_AD=/home/condor/local/sphnx/execute/dir_2833930/.job.ad
MANPATH=/cvmfs/sphenix.sdcc.bnl.gov/alma9.2-gcc-14.2.0/opt/sphenix/core/gcc/14.2.0-2f0a0/x86_64-el9/share/man:/cvmfs/sphenix.sdcc.bnl.gov/alma9.2-gcc-14.2.0/opt/sphenix/core/binutils/2.40-acaab/x86_64-el9/share/man:/cvmfs/sphenix.sdcc.bnl.gov/alma9.2-gcc-14.2.0/release/release_new/new.10/share/man:/cvmfs/sphenix.sdcc.bnl.gov/alma9.2-gcc-14.2.0/opt/sphenix/utils/share/man:/cvmfs/sphenix.sdcc.bnl.gov/alma9.2-gcc-14.2.0/opt/sphenix/core/share/man:/cvmfs/sphenix.sdcc.bnl.gov/alma9.2-gcc-14.2.0/opt/sphenix/core/root-6.32.06/man:/usr/local/share/man:/usr/share/man
PYTHIA8=/cvmfs/sphenix.sdcc.bnl.gov/alma9.2-gcc-14.2.0/release/release_new/new.10/share/Pythia8
G4INCLDATA=/cvmfs/sphenix.sdcc.bnl.gov/alma9.2-gcc-14.2.0/opt/sphenix/core/geant4.10.07.p04/share/Geant4-10.7.4/data/G4INCL1.0
ORIG_PATH=/usr/local/bin:/usr/bin
CXX=/cvmfs/sphenix.sdcc.bnl.gov/alma9.2-gcc-14.2.0/opt/sphenix/core/gcc/14.2.0-2f0a0/x86_64-el9/bin/g++
G4LEDATA=/cvmfs/sphenix.sdcc.bnl.gov/alma9.2-gcc-14.2.0/opt/sphenix/core/geant4.10.07.p04/share/Geant4-10.7.4/data/G4EMLOW7.13
PYTHON_CPU_COUNT=1
OPENBLAS_NUM_THREADS=1
_CONDOR_BIN=/usr/bin
HOME=/sphenix/u/samfred
G4PARTICLEXSDATA=/cvmfs/sphenix.sdcc.bnl.gov/alma9.2-gcc-14.2.0/opt/sphenix/core/geant4.10.07.p04/share/Geant4-10.7.4/data/G4PARTICLEXS3.1.1
ONLINE_MAIN=/cvmfs/sphenix.sdcc.bnl.gov/alma9.2-gcc-14.2.0/release/release_new/new.10
CALIBRATIONROOT=/cvmfs/sphenix.sdcc.bnl.gov/alma9.2-gcc-14.2.0/release/release_new/new.10/share/calibrations
TMPDIR=/tmp
_CONDOR_SCRATCH_DIR=/home/condor/local/sphnx/execute/dir_2833930
PGUSER=phnxrc
NOPAYLOADCLIENT_CONF=/cvmfs/sphenix.sdcc.bnl.gov/alma9.2-gcc-14.2.0/opt/sphenix/core/etc/sPHENIX_newcdb.json
_CONDOR_ANCESTOR_2833930=2836293:1759352728:1138659932
_CONDOR_ANCESTOR_310628=310663:1756523322:472154221
XERCESCROOT=/cvmfs/sphenix.sdcc.bnl.gov/alma9.2-gcc-14.2.0/opt/sphenix/core/geant4.10.07.p04
LHAPATH=/cvmfs/sphenix.sdcc.bnl.gov/alma9.2-gcc-14.2.0/opt/sphenix/core/lhapdf-5.9.1/share/lhapdf/PDFsets
G4NEUTRONHPDATA=/cvmfs/sphenix.sdcc.bnl.gov/alma9.2-gcc-14.2.0/opt/sphenix/core/geant4.10.07.p04/share/Geant4-10.7.4/data/G4NDL4.6
PYTHONPATH=.:/cvmfs/sphenix.sdcc.bnl.gov/alma9.2-gcc-14.2.0/release/release_new/new.10/lib/python3.13/site-packages:/cvmfs/sphenix.sdcc.bnl.gov/alma9.2-gcc-14.2.0/opt/sphenix/core/lib/python3.13/site-packages:/cvmfs/sphenix.sdcc.bnl.gov/alma9.2-gcc-14.2.0/opt/sphenix/core/root-6.32.06/lib
USER=samfred
_CONDOR_JOB_PIDS=
TEMP=/tmp
GOMAXPROCS=1
OFFLINE_MAIN=/cvmfs/sphenix.sdcc.bnl.gov/alma9.2-gcc-14.2.0/release/release_new/new.10
SHLVL=1
TF_NUM_THREADS=1
G4SAIDXSDATA=/cvmfs/sphenix.sdcc.bnl.gov/alma9.2-gcc-14.2.0/opt/sphenix/core/geant4.10.07.p04/share/Geant4-10.7.4/data/G4SAIDDATA2.0
APPTAINER_CACHEDIR=/home/condor/local/sphnx/execute/dir_2833930
ROOTSYS=/cvmfs/sphenix.sdcc.bnl.gov/alma9.2-gcc-14.2.0/opt/sphenix/core/root-6.32.06
BATCH_SYSTEM=HTCondor
_CONDOR_SLOT=slot1_64
LD_LIBRARY_PATH=/sphenix/user/samfred/run25/install//lib:/cvmfs/sphenix.sdcc.bnl.gov/alma9.2-gcc-14.2.0/opt/sphenix/core/gcc/14.2.0-2f0a0/x86_64-el9/lib:/cvmfs/sphenix.sdcc.bnl.gov/alma9.2-gcc-14.2.0/opt/sphenix/core/gcc/14.2.0-2f0a0/x86_64-el9/lib64:/cvmfs/sphenix.sdcc.bnl.gov/alma9.2-gcc-14.2.0/opt/sphenix/core/binutils/2.40-acaab/x86_64-el9/lib:.:/cvmfs/sphenix.sdcc.bnl.gov/alma9.2-gcc-14.2.0/release/release_new/new.10/lib64:/cvmfs/sphenix.sdcc.bnl.gov/alma9.2-gcc-14.2.0/release/release_new/new.10/lib:/cvmfs/sphenix.sdcc.bnl.gov/alma9.2-gcc-14.2.0/opt/sphenix/utils/lib:/cvmfs/sphenix.sdcc.bnl.gov/alma9.2-gcc-14.2.0/opt/sphenix/core/lib:/cvmfs/sphenix.sdcc.bnl.gov/alma9.2-gcc-14.2.0/opt/sphenix/core/root-6.32.06/lib:/cvmfs/sphenix.sdcc.bnl.gov/alma9.2-gcc-14.2.0/opt/sphenix/core/geant4.10.07.p04/lib64:/cvmfs/sphenix.sdcc.bnl.gov/alma9.2-gcc-14.2.0/opt/sphenix/core/lhapdf-5.9.1/lib:/usr/local/lib64:/usr/lib64
OPT_SPHENIX=/cvmfs/sphenix.sdcc.bnl.gov/alma9.2-gcc-14.2.0/opt/sphenix/core
TF_LOOP_PARALLEL_ITERATIONS=1
EVT_LIB=/cvmfs/sphenix.sdcc.bnl.gov/alma9.2-gcc-14.2.0/opt/sphenix/core/root-6.32.06/lib
PGHOST=sphnxdbmaster.sdcc.bnl.gov
OMP_NUM_THREADS=1
G4REALSURFACEDATA=/cvmfs/sphenix.sdcc.bnl.gov/alma9.2-gcc-14.2.0/opt/sphenix/core/geant4.10.07.p04/share/Geant4-10.7.4/data/RealSurface2.2
FC=/cvmfs/sphenix.sdcc.bnl.gov/alma9.2-gcc-14.2.0/opt/sphenix/core/gcc/14.2.0-2f0a0/x86_64-el9/bin/gfortran
G4ABLADATA=/cvmfs/sphenix.sdcc.bnl.gov/alma9.2-gcc-14.2.0/opt/sphenix/core/geant4.10.07.p04/share/Geant4-10.7.4/data/G4ABLA3.1
PARASOFT=doesnotexist
TMP=/tmp
OPT_UTILS=/cvmfs/sphenix.sdcc.bnl.gov/alma9.2-gcc-14.2.0/opt/sphenix/utils
CONFIG_SITE=/cvmfs/sphenix.sdcc.bnl.gov/alma9.2-gcc-14.2.0/opt/sphenix/core/etc/config.site
PATH=/sphenix/user/samfred/run25/install//bin:/cvmfs/sphenix.sdcc.bnl.gov/alma9.2-gcc-14.2.0/opt/sphenix/core/gcc/14.2.0-2f0a0/x86_64-el9/bin:/cvmfs/sphenix.sdcc.bnl.gov/alma9.2-gcc-14.2.0/opt/sphenix/core/binutils/2.40-acaab/x86_64-el9/bin:.:/cvmfs/sphenix.sdcc.bnl.gov/alma9.2-gcc-14.2.0/release/release_new/new.10/bin:/cvmfs/sphenix.sdcc.bnl.gov/alma9.2-gcc-14.2.0/opt/sphenix/utils/bin:/cvmfs/sphenix.sdcc.bnl.gov/alma9.2-gcc-14.2.0/opt/sphenix/core/bin:/cvmfs/sphenix.sdcc.bnl.gov/alma9.2-gcc-14.2.0/opt/sphenix/core/root-6.32.06/bin:/cvmfs/sphenix.sdcc.bnl.gov/alma9.2-gcc-14.2.0/opt/sphenix/core/geant4.10.07.p04/bin:/usr/local/bin:/usr/bin:/usr/local/sbin:/usr/sbin
G4LEVELGAMMADATA=/cvmfs/sphenix.sdcc.bnl.gov/alma9.2-gcc-14.2.0/opt/sphenix/core/geant4.10.07.p04/share/Geant4-10.7.4/data/PhotonEvaporation5.7
CC=/cvmfs/sphenix.sdcc.bnl.gov/alma9.2-gcc-14.2.0/opt/sphenix/core/gcc/14.2.0-2f0a0/x86_64-el9/bin/gcc
G4RADIOACTIVEDATA=/cvmfs/sphenix.sdcc.bnl.gov/alma9.2-gcc-14.2.0/opt/sphenix/core/geant4.10.07.p04/share/Geant4-10.7.4/data/RadioactiveDecay5.6
JULIA_NUM_THREADS=1
MKL_NUM_THREADS=1
LHAPDF_DATA_PATH=/cvmfs/sphenix.sdcc.bnl.gov/alma9.2-gcc-14.2.0/release/release_new/new.10/share/LHAPDF
XPLOAD_CONFIG_DIR=/cvmfs/sphenix.sdcc.bnl.gov/alma9.2-gcc-14.2.0/opt/sphenix/core/etc
_CONDOR_ANCESTOR_310663=2833930:1759352728:2042665390
OLDPWD=/cvmfs/sphenix.sdcc.bnl.gov/alma9.2-gcc-14.2.0/release/release_new/new.10/geant4
_=/usr/bin/printenv
runnumber...
52019
trigger...

   ------------------------------------------------------------------
  | Welcome to ROOT 6.32.06                        https://root.cern |
  | (c) 1995-2024, The ROOT Team; conception: R. Brun, F. Rademakers |
  | Built for linuxx8664gcc on Dec 13 2024, 17:23:48                 |
  | From tags/6-32-06@6-32-06                                        |
  | With g++ (GCC) 14.2.0                                            |
  | Try '.help'/'.?', '.demo', '.license', '.credits', '.quit'/'.q'  |
   ------------------------------------------------------------------


Processing data_histmaker.C(52019)...
entry 1000/3004280 (0.0332858%)
entry 3000/3004280 (0.0998575%)
entry 4000/3004280 (0.133143%)
entry 5000/3004280 (0.166429%)
entry 6000/3004280 (0.199715%)
entry 7000/3004280 (0.233001%)
entry 8000/3004280 (0.266287%)
entry 9000/3004280 (0.299573%)
entry 11000/3004280 (0.366144%)
entry 13000/3004280 (0.432716%)
entry 15000/3004280 (0.499288%)
entry 16000/3004280 (0.532574%)
entry 17000/3004280 (0.565859%)
entry 18000/3004280 (0.599145%)
entry 19000/3004280 (0.632431%)
entry 22000/3004280 (0.732289%)
entry 23000/3004280 (0.765574%)
entry 25000/3004280 (0.832146%)
entry 28000/3004280 (0.932004%)
entry 29000/3004280 (0.965289%)
entry 31000/3004280 (1.03186%)
entry 32000/3004280 (1.06515%)
entry 33000/3004280 (1.09843%)
entry 34000/3004280 (1.13172%)
entry 35000/3004280 (1.165%)
entry 38000/3004280 (1.26486%)
entry 41000/3004280 (1.36472%)
entry 42000/3004280 (1.39801%)
entry 43000/3004280 (1.43129%)
entry 44000/3004280 (1.46458%)
entry 45000/3004280 (1.49786%)
entry 47000/3004280 (1.56443%)
entry 48000/3004280 (1.59772%)
entry 49000/3004280 (1.63101%)
entry 50000/3004280 (1.66429%)
entry 55000/3004280 (1.83072%)
entry 58000/3004280 (1.93058%)
entry 59000/3004280 (1.96386%)
entry 61000/3004280 (2.03044%)
entry 64000/3004280 (2.13029%)
entry 65000/3004280 (2.16358%)
entry 67000/3004280 (2.23015%)
entry 70000/3004280 (2.33001%)
entry 73000/3004280 (2.42987%)
entry 76000/3004280 (2.52972%)
entry 79000/3004280 (2.62958%)
entry 80000/3004280 (2.66287%)
entry 82000/3004280 (2.72944%)
entry 83000/3004280 (2.76273%)
entry 84000/3004280 (2.79601%)
entry 85000/3004280 (2.8293%)
entry 86000/3004280 (2.86258%)
entry 89000/3004280 (2.96244%)
entry 92000/3004280 (3.0623%)
entry 93000/3004280 (3.09558%)
entry 96000/3004280 (3.19544%)
entry 97000/3004280 (3.22873%)
entry 99000/3004280 (3.2953%)
entry 100000/3004280 (3.32858%)
entry 102000/3004280 (3.39516%)
entry 103000/3004280 (3.42844%)
entry 106000/3004280 (3.5283%)
entry 107000/3004280 (3.56159%)
entry 108000/3004280 (3.59487%)
entry 109000/3004280 (3.62816%)
entry 110000/3004280 (3.66144%)
entry 111000/3004280 (3.69473%)
entry 113000/3004280 (3.7613%)
entry 116000/3004280 (3.86116%)
entry 119000/3004280 (3.96102%)
entry 127000/3004280 (4.2273%)
entry 128000/3004280 (4.26059%)
entry 130000/3004280 (4.32716%)
entry 131000/3004280 (4.36045%)
entry 133000/3004280 (4.42702%)
entry 137000/3004280 (4.56016%)
entry 138000/3004280 (4.59345%)
entry 139000/3004280 (4.62673%)
entry 140000/3004280 (4.66002%)
entry 141000/3004280 (4.6933%)
entry 142000/3004280 (4.72659%)
entry 144000/3004280 (4.79316%)
entry 145000/3004280 (4.82645%)
entry 147000/3004280 (4.89302%)
entry 148000/3004280 (4.92631%)
entry 150000/3004280 (4.99288%)
entry 151000/3004280 (5.02616%)
entry 152000/3004280 (5.05945%)
entry 153000/3004280 (5.09273%)
entry 156000/3004280 (5.19259%)
entry 157000/3004280 (5.22588%)
entry 159000/3004280 (5.29245%)
entry 162000/3004280 (5.39231%)
entry 164000/3004280 (5.45888%)
entry 165000/3004280 (5.49216%)
entry 167000/3004280 (5.55874%)
entry 168000/3004280 (5.59202%)
entry 169000/3004280 (5.62531%)
entry 170000/3004280 (5.65859%)
entry 171000/3004280 (5.69188%)
entry 173000/3004280 (5.75845%)
entry 175000/3004280 (5.82502%)
entry 177000/3004280 (5.89159%)
entry 178000/3004280 (5.92488%)
entry 179000/3004280 (5.95817%)
entry 180000/3004280 (5.99145%)
entry 191000/3004280 (6.3576%)
entry 192000/3004280 (6.39088%)
entry 194000/3004280 (6.45745%)
entry 196000/3004280 (6.52403%)
entry 199000/3004280 (6.62388%)
entry 203000/3004280 (6.75703%)
entry 205000/3004280 (6.8236%)
entry 207000/3004280 (6.89017%)
entry 208000/3004280 (6.92346%)
entry 210000/3004280 (6.99003%)
entry 211000/3004280 (7.02331%)
entry 213000/3004280 (7.08989%)
entry 214000/3004280 (7.12317%)
entry 215000/3004280 (7.15646%)
entry 216000/3004280 (7.18974%)
entry 219000/3004280 (7.2896%)
entry 220000/3004280 (7.32289%)
entry 224000/3004280 (7.45603%)
entry 225000/3004280 (7.48932%)
entry 227000/3004280 (7.55589%)
entry 228000/3004280 (7.58917%)
entry 229000/3004280 (7.62246%)
entry 230000/3004280 (7.65574%)
entry 231000/3004280 (7.68903%)
entry 232000/3004280 (7.72232%)
entry 234000/3004280 (7.78889%)
entry 236000/3004280 (7.85546%)
entry 241000/3004280 (8.02189%)
entry 242000/3004280 (8.05517%)
entry 245000/3004280 (8.15503%)
entry 247000/3004280 (8.2216%)
entry 249000/3004280 (8.28818%)
entry 250000/3004280 (8.32146%)
entry 251000/3004280 (8.35475%)
entry 252000/3004280 (8.38803%)
entry 253000/3004280 (8.42132%)
entry 254000/3004280 (8.4546%)
entry 256000/3004280 (8.52118%)
entry 258000/3004280 (8.58775%)
entry 259000/3004280 (8.62103%)
entry 260000/3004280 (8.65432%)
entry 262000/3004280 (8.72089%)
entry 263000/3004280 (8.75418%)
entry 264000/3004280 (8.78746%)
entry 265000/3004280 (8.82075%)
entry 268000/3004280 (8.92061%)
entry 269000/3004280 (8.95389%)
entry 270000/3004280 (8.98718%)
entry 273000/3004280 (9.08704%)
entry 278000/3004280 (9.25347%)
entry 279000/3004280 (9.28675%)
entry 280000/3004280 (9.32004%)
entry 282000/3004280 (9.38661%)
entry 285000/3004280 (9.48647%)
entry 286000/3004280 (9.51975%)
entry 287000/3004280 (9.55304%)
entry 289000/3004280 (9.61961%)
entry 290000/3004280 (9.6529%)
entry 291000/3004280 (9.68618%)
entry 293000/3004280 (9.75275%)
entry 294000/3004280 (9.78604%)
entry 296000/3004280 (9.85261%)
entry 298000/3004280 (9.91918%)
entry 300000/3004280 (9.98575%)
entry 302000/3004280 (10.0523%)
entry 303000/3004280 (10.0856%)
entry 305000/3004280 (10.1522%)
entry 306000/3004280 (10.1855%)
entry 308000/3004280 (10.252%)
entry 309000/3004280 (10.2853%)
entry 310000/3004280 (10.3186%)
entry 312000/3004280 (10.3852%)
entry 313000/3004280 (10.4185%)
entry 314000/3004280 (10.4518%)
entry 315000/3004280 (10.485%)
entry 316000/3004280 (10.5183%)
entry 317000/3004280 (10.5516%)
entry 318000/3004280 (10.5849%)
entry 319000/3004280 (10.6182%)
entry 320000/3004280 (10.6515%)
entry 323000/3004280 (10.7513%)
entry 326000/3004280 (10.8512%)
entry 327000/3004280 (10.8845%)
entry 328000/3004280 (10.9178%)
entry 329000/3004280 (10.951%)
entry 330000/3004280 (10.9843%)
entry 332000/3004280 (11.0509%)
entry 333000/3004280 (11.0842%)
entry 335000/3004280 (11.1508%)
entry 338000/3004280 (11.2506%)
entry 340000/3004280 (11.3172%)
entry 344000/3004280 (11.4503%)
entry 345000/3004280 (11.4836%)
entry 347000/3004280 (11.5502%)
entry 348000/3004280 (11.5835%)
entry 349000/3004280 (11.6168%)
entry 352000/3004280 (11.7166%)
entry 353000/3004280 (11.7499%)
entry 355000/3004280 (11.8165%)
entry 356000/3004280 (11.8498%)
entry 357000/3004280 (11.883%)
entry 358000/3004280 (11.9163%)
entry 360000/3004280 (11.9829%)
entry 363000/3004280 (12.0828%)
entry 364000/3004280 (12.116%)
entry 365000/3004280 (12.1493%)
entry 366000/3004280 (12.1826%)
entry 367000/3004280 (12.2159%)
entry 368000/3004280 (12.2492%)
entry 374000/3004280 (12.4489%)
entry 375000/3004280 (12.4822%)
entry 376000/3004280 (12.5155%)
entry 379000/3004280 (12.6153%)
entry 381000/3004280 (12.6819%)
entry 382000/3004280 (12.7152%)
entry 383000/3004280 (12.7485%)
entry 384000/3004280 (12.7818%)
entry 385000/3004280 (12.8151%)
entry 386000/3004280 (12.8483%)
entry 387000/3004280 (12.8816%)
entry 390000/3004280 (12.9815%)
entry 391000/3004280 (13.0148%)
entry 392000/3004280 (13.0481%)
entry 393000/3004280 (13.0813%)
entry 395000/3004280 (13.1479%)
entry 396000/3004280 (13.1812%)
entry 397000/3004280 (13.2145%)
entry 399000/3004280 (13.2811%)
entry 400000/3004280 (13.3143%)
entry 401000/3004280 (13.3476%)
entry 408000/3004280 (13.5806%)
entry 410000/3004280 (13.6472%)
entry 411000/3004280 (13.6805%)
entry 412000/3004280 (13.7138%)
entry 414000/3004280 (13.7803%)
entry 415000/3004280 (13.8136%)
entry 416000/3004280 (13.8469%)
entry 417000/3004280 (13.8802%)
entry 418000/3004280 (13.9135%)
entry 421000/3004280 (14.0133%)
entry 425000/3004280 (14.1465%)
entry 427000/3004280 (14.2131%)
entry 429000/3004280 (14.2796%)
entry 432000/3004280 (14.3795%)
entry 433000/3004280 (14.4128%)
entry 434000/3004280 (14.4461%)
entry 436000/3004280 (14.5126%)
entry 437000/3004280 (14.5459%)
entry 438000/3004280 (14.5792%)
entry 439000/3004280 (14.6125%)
entry 442000/3004280 (14.7123%)
entry 443000/3004280 (14.7456%)
entry 444000/3004280 (14.7789%)
entry 448000/3004280 (14.9121%)
entry 449000/3004280 (14.9453%)
entry 454000/3004280 (15.1118%)
entry 456000/3004280 (15.1783%)
entry 459000/3004280 (15.2782%)
entry 460000/3004280 (15.3115%)
entry 461000/3004280 (15.3448%)
entry 462000/3004280 (15.3781%)
entry 463000/3004280 (15.4113%)
entry 464000/3004280 (15.4446%)
entry 466000/3004280 (15.5112%)
entry 468000/3004280 (15.5778%)
entry 470000/3004280 (15.6443%)
entry 471000/3004280 (15.6776%)
entry 472000/3004280 (15.7109%)
entry 473000/3004280 (15.7442%)
entry 476000/3004280 (15.8441%)
entry 480000/3004280 (15.9772%)
entry 481000/3004280 (16.0105%)
entry 483000/3004280 (16.0771%)
entry 484000/3004280 (16.1103%)
entry 485000/3004280 (16.1436%)
entry 488000/3004280 (16.2435%)
entry 491000/3004280 (16.3434%)
entry 494000/3004280 (16.4432%)
entry 495000/3004280 (16.4765%)
entry 496000/3004280 (16.5098%)
entry 497000/3004280 (16.5431%)
entry 499000/3004280 (16.6096%)
entry 500000/3004280 (16.6429%)
entry 501000/3004280 (16.6762%)
entry 502000/3004280 (16.7095%)
entry 503000/3004280 (16.7428%)
entry 504000/3004280 (16.7761%)
entry 505000/3004280 (16.8094%)
entry 510000/3004280 (16.9758%)
entry 511000/3004280 (17.0091%)
entry 512000/3004280 (17.0424%)
entry 513000/3004280 (17.0756%)
entry 518000/3004280 (17.2421%)
entry 519000/3004280 (17.2754%)
entry 520000/3004280 (17.3086%)
entry 521000/3004280 (17.3419%)
entry 522000/3004280 (17.3752%)
entry 523000/3004280 (17.4085%)
entry 526000/3004280 (17.5084%)
entry 527000/3004280 (17.5416%)
entry 530000/3004280 (17.6415%)
entry 531000/3004280 (17.6748%)
entry 535000/3004280 (17.8079%)
entry 536000/3004280 (17.8412%)
entry 537000/3004280 (17.8745%)
entry 538000/3004280 (17.9078%)
entry 539000/3004280 (17.9411%)
entry 540000/3004280 (17.9744%)
entry 541000/3004280 (18.0076%)
entry 542000/3004280 (18.0409%)
entry 543000/3004280 (18.0742%)
entry 544000/3004280 (18.1075%)
entry 545000/3004280 (18.1408%)
entry 546000/3004280 (18.1741%)
entry 547000/3004280 (18.2074%)
entry 548000/3004280 (18.2406%)
entry 549000/3004280 (18.2739%)
entry 550000/3004280 (18.3072%)
entry 551000/3004280 (18.3405%)
entry 552000/3004280 (18.3738%)
entry 554000/3004280 (18.4404%)
entry 555000/3004280 (18.4736%)
entry 558000/3004280 (18.5735%)
entry 559000/3004280 (18.6068%)
entry 560000/3004280 (18.6401%)
entry 562000/3004280 (18.7066%)
entry 563000/3004280 (18.7399%)
entry 564000/3004280 (18.7732%)
entry 565000/3004280 (18.8065%)
entry 566000/3004280 (18.8398%)
entry 568000/3004280 (18.9064%)
entry 571000/3004280 (19.0062%)
entry 573000/3004280 (19.0728%)
entry 574000/3004280 (19.1061%)
entry 576000/3004280 (19.1726%)
entry 578000/3004280 (19.2392%)
entry 579000/3004280 (19.2725%)
entry 582000/3004280 (19.3724%)
entry 583000/3004280 (19.4056%)
entry 585000/3004280 (19.4722%)
entry 586000/3004280 (19.5055%)
entry 587000/3004280 (19.5388%)
entry 594000/3004280 (19.7718%)
entry 595000/3004280 (19.8051%)
entry 598000/3004280 (19.9049%)
entry 599000/3004280 (19.9382%)
entry 601000/3004280 (20.0048%)
entry 602000/3004280 (20.0381%)
entry 603000/3004280 (20.0714%)
entry 604000/3004280 (20.1047%)
entry 606000/3004280 (20.1712%)
entry 607000/3004280 (20.2045%)
entry 609000/3004280 (20.2711%)
entry 610000/3004280 (20.3044%)
entry 611000/3004280 (20.3377%)
entry 613000/3004280 (20.4042%)
entry 614000/3004280 (20.4375%)
entry 618000/3004280 (20.5707%)
entry 619000/3004280 (20.6039%)
entry 620000/3004280 (20.6372%)
entry 621000/3004280 (20.6705%)
entry 623000/3004280 (20.7371%)
entry 625000/3004280 (20.8037%)
entry 627000/3004280 (20.8702%)
entry 629000/3004280 (20.9368%)
entry 631000/3004280 (21.0034%)
entry 632000/3004280 (21.0367%)
entry 633000/3004280 (21.0699%)
entry 634000/3004280 (21.1032%)
entry 635000/3004280 (21.1365%)
entry 637000/3004280 (21.2031%)
entry 641000/3004280 (21.3362%)
entry 642000/3004280 (21.3695%)
entry 645000/3004280 (21.4694%)
entry 647000/3004280 (21.5359%)
entry 648000/3004280 (21.5692%)
entry 649000/3004280 (21.6025%)
entry 650000/3004280 (21.6358%)
entry 651000/3004280 (21.6691%)
entry 652000/3004280 (21.7024%)
entry 653000/3004280 (21.7357%)
entry 654000/3004280 (21.7689%)
entry 656000/3004280 (21.8355%)
entry 658000/3004280 (21.9021%)
entry 659000/3004280 (21.9354%)
entry 661000/3004280 (22.0019%)
entry 662000/3004280 (22.0352%)
entry 665000/3004280 (22.1351%)
entry 666000/3004280 (22.1684%)
entry 670000/3004280 (22.3015%)
entry 672000/3004280 (22.3681%)
entry 674000/3004280 (22.4347%)
entry 677000/3004280 (22.5345%)
entry 681000/3004280 (22.6677%)
entry 682000/3004280 (22.7009%)
entry 683000/3004280 (22.7342%)
entry 686000/3004280 (22.8341%)
entry 687000/3004280 (22.8674%)
entry 688000/3004280 (22.9007%)
entry 691000/3004280 (23.0005%)
entry 694000/3004280 (23.1004%)
entry 696000/3004280 (23.1669%)
entry 698000/3004280 (23.2335%)
entry 701000/3004280 (23.3334%)
entry 703000/3004280 (23.3999%)
entry 706000/3004280 (23.4998%)
entry 711000/3004280 (23.6662%)
entry 712000/3004280 (23.6995%)
entry 713000/3004280 (23.7328%)
entry 714000/3004280 (23.7661%)
entry 715000/3004280 (23.7994%)
entry 716000/3004280 (23.8327%)
entry 718000/3004280 (23.8992%)
entry 721000/3004280 (23.9991%)
entry 723000/3004280 (24.0657%)
entry 724000/3004280 (24.099%)
entry 726000/3004280 (24.1655%)
entry 727000/3004280 (24.1988%)
entry 728000/3004280 (24.2321%)
entry 729000/3004280 (24.2654%)
entry 732000/3004280 (24.3652%)
entry 733000/3004280 (24.3985%)
entry 734000/3004280 (24.4318%)
entry 735000/3004280 (24.4651%)
entry 736000/3004280 (24.4984%)
entry 737000/3004280 (24.5317%)
entry 738000/3004280 (24.565%)
entry 739000/3004280 (24.5982%)
entry 741000/3004280 (24.6648%)
entry 742000/3004280 (24.6981%)
entry 743000/3004280 (24.7314%)
entry 746000/3004280 (24.8312%)
entry 747000/3004280 (24.8645%)
entry 748000/3004280 (24.8978%)
entry 751000/3004280 (24.9977%)
entry 752000/3004280 (25.031%)
entry 753000/3004280 (25.0642%)
entry 755000/3004280 (25.1308%)
entry 757000/3004280 (25.1974%)
entry 758000/3004280 (25.2307%)
entry 759000/3004280 (25.264%)
entry 762000/3004280 (25.3638%)
entry 765000/3004280 (25.4637%)
entry 766000/3004280 (25.497%)
entry 767000/3004280 (25.5302%)
entry 768000/3004280 (25.5635%)
entry 769000/3004280 (25.5968%)
entry 771000/3004280 (25.6634%)
entry 772000/3004280 (25.6967%)
entry 773000/3004280 (25.73%)
entry 774000/3004280 (25.7632%)
entry 775000/3004280 (25.7965%)
entry 776000/3004280 (25.8298%)
entry 777000/3004280 (25.8631%)
entry 778000/3004280 (25.8964%)
entry 780000/3004280 (25.963%)
entry 782000/3004280 (26.0295%)
entry 783000/3004280 (26.0628%)
entry 784000/3004280 (26.0961%)
entry 785000/3004280 (26.1294%)
entry 787000/3004280 (26.196%)
entry 788000/3004280 (26.2292%)
entry 790000/3004280 (26.2958%)
entry 791000/3004280 (26.3291%)
entry 792000/3004280 (26.3624%)
entry 794000/3004280 (26.429%)
entry 796000/3004280 (26.4955%)
entry 800000/3004280 (26.6287%)
entry 802000/3004280 (26.6952%)
entry 806000/3004280 (26.8284%)
entry 807000/3004280 (26.8617%)
entry 808000/3004280 (26.895%)
entry 809000/3004280 (26.9282%)
entry 810000/3004280 (26.9615%)
entry 811000/3004280 (26.9948%)
entry 813000/3004280 (27.0614%)
entry 814000/3004280 (27.0947%)
entry 815000/3004280 (27.128%)
entry 817000/3004280 (27.1945%)
entry 819000/3004280 (27.2611%)
entry 821000/3004280 (27.3277%)
entry 824000/3004280 (27.4275%)
entry 829000/3004280 (27.594%)
entry 830000/3004280 (27.6273%)
entry 833000/3004280 (27.7271%)
entry 834000/3004280 (27.7604%)
entry 836000/3004280 (27.827%)
entry 837000/3004280 (27.8603%)
entry 842000/3004280 (28.0267%)
entry 847000/3004280 (28.1931%)
entry 848000/3004280 (28.2264%)
entry 849000/3004280 (28.2597%)
entry 850000/3004280 (28.293%)
entry 854000/3004280 (28.4261%)
entry 855000/3004280 (28.4594%)
entry 856000/3004280 (28.4927%)
entry 857000/3004280 (28.526%)
entry 860000/3004280 (28.6258%)
entry 861000/3004280 (28.6591%)
entry 862000/3004280 (28.6924%)
entry 869000/3004280 (28.9254%)
entry 870000/3004280 (28.9587%)
entry 871000/3004280 (28.992%)
entry 875000/3004280 (29.1251%)
entry 876000/3004280 (29.1584%)
entry 879000/3004280 (29.2583%)
entry 880000/3004280 (29.2915%)
entry 881000/3004280 (29.3248%)
entry 883000/3004280 (29.3914%)
entry 884000/3004280 (29.4247%)
entry 886000/3004280 (29.4913%)
entry 887000/3004280 (29.5245%)
entry 889000/3004280 (29.5911%)
entry 892000/3004280 (29.691%)
entry 895000/3004280 (29.7908%)
entry 896000/3004280 (29.8241%)
entry 898000/3004280 (29.8907%)
entry 899000/3004280 (29.924%)
entry 900000/3004280 (29.9573%)
entry 901000/3004280 (29.9905%)
entry 903000/3004280 (30.0571%)
entry 906000/3004280 (30.157%)
entry 907000/3004280 (30.1903%)
entry 908000/3004280 (30.2235%)
entry 909000/3004280 (30.2568%)
entry 911000/3004280 (30.3234%)
entry 912000/3004280 (30.3567%)
entry 913000/3004280 (30.39%)
entry 914000/3004280 (30.4233%)
entry 915000/3004280 (30.4565%)
entry 916000/3004280 (30.4898%)
entry 917000/3004280 (30.5231%)
entry 920000/3004280 (30.623%)
entry 923000/3004280 (30.7228%)
entry 925000/3004280 (30.7894%)
entry 926000/3004280 (30.8227%)
entry 927000/3004280 (30.856%)
entry 928000/3004280 (30.8893%)
entry 929000/3004280 (30.9225%)
entry 930000/3004280 (30.9558%)
entry 932000/3004280 (31.0224%)
entry 933000/3004280 (31.0557%)
entry 934000/3004280 (31.089%)
entry 935000/3004280 (31.1223%)
entry 936000/3004280 (31.1556%)
entry 938000/3004280 (31.2221%)
entry 939000/3004280 (31.2554%)
entry 940000/3004280 (31.2887%)
entry 941000/3004280 (31.322%)
entry 944000/3004280 (31.4218%)
entry 946000/3004280 (31.4884%)
entry 948000/3004280 (31.555%)
entry 949000/3004280 (31.5883%)
entry 950000/3004280 (31.6216%)
entry 951000/3004280 (31.6548%)
entry 952000/3004280 (31.6881%)
entry 954000/3004280 (31.7547%)
entry 955000/3004280 (31.788%)
entry 956000/3004280 (31.8213%)
entry 958000/3004280 (31.8878%)
entry 960000/3004280 (31.9544%)
entry 962000/3004280 (32.021%)
entry 964000/3004280 (32.0876%)
entry 966000/3004280 (32.1541%)
entry 967000/3004280 (32.1874%)
entry 969000/3004280 (32.254%)
entry 971000/3004280 (32.3206%)
entry 972000/3004280 (32.3538%)
entry 973000/3004280 (32.3871%)
entry 974000/3004280 (32.4204%)
entry 977000/3004280 (32.5203%)
entry 979000/3004280 (32.5868%)
entry 980000/3004280 (32.6201%)
entry 982000/3004280 (32.6867%)
entry 983000/3004280 (32.72%)
entry 984000/3004280 (32.7533%)
entry 985000/3004280 (32.7866%)
entry 987000/3004280 (32.8531%)
entry 989000/3004280 (32.9197%)
entry 990000/3004280 (32.953%)
entry 992000/3004280 (33.0196%)
entry 995000/3004280 (33.1194%)
entry 997000/3004280 (33.186%)
entry 998000/3004280 (33.2193%)
entry 999000/3004280 (33.2526%)
entry 1002000/3004280 (33.3524%)
entry 1004000/3004280 (33.419%)
entry 1006000/3004280 (33.4856%)
entry 1009000/3004280 (33.5854%)
entry 1013000/3004280 (33.7186%)
entry 1014000/3004280 (33.7518%)
entry 1015000/3004280 (33.7851%)
entry 1016000/3004280 (33.8184%)
entry 1017000/3004280 (33.8517%)
entry 1019000/3004280 (33.9183%)
entry 1021000/3004280 (33.9848%)
entry 1022000/3004280 (34.0181%)
entry 1023000/3004280 (34.0514%)
entry 1024000/3004280 (34.0847%)
entry 1025000/3004280 (34.118%)
entry 1026000/3004280 (34.1513%)
entry 1027000/3004280 (34.1846%)
entry 1029000/3004280 (34.2511%)
entry 1030000/3004280 (34.2844%)
entry 1032000/3004280 (34.351%)
entry 1033000/3004280 (34.3843%)
entry 1034000/3004280 (34.4176%)
entry 1036000/3004280 (34.4841%)
entry 1037000/3004280 (34.5174%)
entry 1038000/3004280 (34.5507%)
entry 1040000/3004280 (34.6173%)
entry 1041000/3004280 (34.6506%)
entry 1043000/3004280 (34.7171%)
entry 1045000/3004280 (34.7837%)
entry 1047000/3004280 (34.8503%)
entry 1048000/3004280 (34.8836%)
entry 1051000/3004280 (34.9834%)
entry 1052000/3004280 (35.0167%)
entry 1054000/3004280 (35.0833%)
entry 1055000/3004280 (35.1166%)
entry 1056000/3004280 (35.1499%)
entry 1058000/3004280 (35.2164%)
entry 1060000/3004280 (35.283%)
entry 1061000/3004280 (35.3163%)
entry 1062000/3004280 (35.3496%)
entry 1065000/3004280 (35.4494%)
entry 1066000/3004280 (35.4827%)
entry 1067000/3004280 (35.516%)
entry 1070000/3004280 (35.6159%)
entry 1077000/3004280 (35.8489%)
entry 1079000/3004280 (35.9154%)
entry 1080000/3004280 (35.9487%)
entry 1084000/3004280 (36.0819%)
entry 1086000/3004280 (36.1484%)
entry 1087000/3004280 (36.1817%)
entry 1089000/3004280 (36.2483%)
entry 1091000/3004280 (36.3149%)
entry 1093000/3004280 (36.3814%)
entry 1094000/3004280 (36.4147%)
entry 1097000/3004280 (36.5146%)
entry 1099000/3004280 (36.5811%)
entry 1100000/3004280 (36.6144%)
entry 1102000/3004280 (36.681%)
entry 1105000/3004280 (36.7809%)
entry 1107000/3004280 (36.8474%)
entry 1108000/3004280 (36.8807%)
entry 1110000/3004280 (36.9473%)
entry 1111000/3004280 (36.9806%)
entry 1112000/3004280 (37.0139%)
entry 1114000/3004280 (37.0804%)
entry 1116000/3004280 (37.147%)
entry 1117000/3004280 (37.1803%)
entry 1118000/3004280 (37.2136%)
entry 1120000/3004280 (37.2801%)
entry 1123000/3004280 (37.38%)
entry 1124000/3004280 (37.4133%)
entry 1125000/3004280 (37.4466%)
entry 1126000/3004280 (37.4799%)
entry 1128000/3004280 (37.5464%)
entry 1131000/3004280 (37.6463%)
entry 1132000/3004280 (37.6796%)
entry 1133000/3004280 (37.7129%)
entry 1135000/3004280 (37.7794%)
entry 1137000/3004280 (37.846%)
entry 1138000/3004280 (37.8793%)
entry 1140000/3004280 (37.9459%)
entry 1142000/3004280 (38.0124%)
entry 1144000/3004280 (38.079%)
entry 1145000/3004280 (38.1123%)
entry 1146000/3004280 (38.1456%)
entry 1147000/3004280 (38.1789%)
entry 1148000/3004280 (38.2122%)
entry 1151000/3004280 (38.312%)
entry 1152000/3004280 (38.3453%)
entry 1153000/3004280 (38.3786%)
entry 1154000/3004280 (38.4119%)
entry 1155000/3004280 (38.4452%)
entry 1156000/3004280 (38.4784%)
entry 1157000/3004280 (38.5117%)
entry 1158000/3004280 (38.545%)
entry 1160000/3004280 (38.6116%)
entry 1161000/3004280 (38.6449%)
entry 1164000/3004280 (38.7447%)
entry 1165000/3004280 (38.778%)
entry 1166000/3004280 (38.8113%)
entry 1167000/3004280 (38.8446%)
entry 1168000/3004280 (38.8779%)
entry 1169000/3004280 (38.9112%)
entry 1170000/3004280 (38.9444%)
entry 1171000/3004280 (38.9777%)
entry 1172000/3004280 (39.011%)
entry 1173000/3004280 (39.0443%)
entry 1175000/3004280 (39.1109%)
entry 1177000/3004280 (39.1774%)
entry 1181000/3004280 (39.3106%)
entry 1182000/3004280 (39.3439%)
entry 1184000/3004280 (39.4104%)
entry 1186000/3004280 (39.477%)
entry 1187000/3004280 (39.5103%)
entry 1188000/3004280 (39.5436%)
entry 1189000/3004280 (39.5769%)
entry 1190000/3004280 (39.6102%)
entry 1191000/3004280 (39.6434%)
entry 1192000/3004280 (39.6767%)
entry 1193000/3004280 (39.71%)
entry 1194000/3004280 (39.7433%)
entry 1198000/3004280 (39.8764%)
entry 1199000/3004280 (39.9097%)
entry 1201000/3004280 (39.9763%)
entry 1202000/3004280 (40.0096%)
entry 1203000/3004280 (40.0429%)
entry 1205000/3004280 (40.1094%)
entry 1206000/3004280 (40.1427%)
entry 1207000/3004280 (40.176%)
entry 1212000/3004280 (40.3424%)
entry 1214000/3004280 (40.409%)
entry 1215000/3004280 (40.4423%)
entry 1216000/3004280 (40.4756%)
entry 1219000/3004280 (40.5754%)
entry 1222000/3004280 (40.6753%)
entry 1223000/3004280 (40.7086%)
entry 1225000/3004280 (40.7752%)
entry 1227000/3004280 (40.8417%)
entry 1228000/3004280 (40.875%)
entry 1231000/3004280 (40.9749%)
entry 1234000/3004280 (41.0747%)
entry 1237000/3004280 (41.1746%)
entry 1238000/3004280 (41.2079%)
entry 1239000/3004280 (41.2412%)
entry 1240000/3004280 (41.2744%)
entry 1241000/3004280 (41.3077%)
entry 1242000/3004280 (41.341%)
entry 1243000/3004280 (41.3743%)
entry 1244000/3004280 (41.4076%)
entry 1245000/3004280 (41.4409%)
entry 1246000/3004280 (41.4742%)
entry 1247000/3004280 (41.5074%)
entry 1250000/3004280 (41.6073%)
entry 1254000/3004280 (41.7405%)
entry 1255000/3004280 (41.7737%)
entry 1257000/3004280 (41.8403%)
entry 1258000/3004280 (41.8736%)
entry 1259000/3004280 (41.9069%)
entry 1260000/3004280 (41.9402%)
entry 1262000/3004280 (42.0067%)
entry 1264000/3004280 (42.0733%)
entry 1267000/3004280 (42.1732%)
entry 1268000/3004280 (42.2065%)
entry 1269000/3004280 (42.2397%)
entry 1271000/3004280 (42.3063%)
entry 1272000/3004280 (42.3396%)
entry 1273000/3004280 (42.3729%)
entry 1274000/3004280 (42.4062%)
entry 1275000/3004280 (42.4395%)
entry 1277000/3004280 (42.506%)
entry 1278000/3004280 (42.5393%)
entry 1280000/3004280 (42.6059%)
entry 1281000/3004280 (42.6392%)
entry 1282000/3004280 (42.6725%)
entry 1283000/3004280 (42.7057%)
entry 1284000/3004280 (42.739%)
entry 1287000/3004280 (42.8389%)
entry 1288000/3004280 (42.8722%)
entry 1289000/3004280 (42.9055%)
entry 1290000/3004280 (42.9387%)
entry 1291000/3004280 (42.972%)
entry 1292000/3004280 (43.0053%)
entry 1293000/3004280 (43.0386%)
entry 1296000/3004280 (43.1385%)
entry 1298000/3004280 (43.205%)
entry 1301000/3004280 (43.3049%)
entry 1302000/3004280 (43.3382%)
entry 1303000/3004280 (43.3715%)
entry 1305000/3004280 (43.438%)
entry 1306000/3004280 (43.4713%)
entry 1309000/3004280 (43.5712%)
entry 1311000/3004280 (43.6377%)
entry 1315000/3004280 (43.7709%)
entry 1316000/3004280 (43.8042%)
entry 1317000/3004280 (43.8375%)
entry 1318000/3004280 (43.8707%)
entry 1321000/3004280 (43.9706%)
entry 1322000/3004280 (44.0039%)
entry 1323000/3004280 (44.0372%)
entry 1325000/3004280 (44.1037%)
entry 1326000/3004280 (44.137%)
entry 1328000/3004280 (44.2036%)
entry 1329000/3004280 (44.2369%)
entry 1330000/3004280 (44.2702%)
entry 1331000/3004280 (44.3035%)
entry 1333000/3004280 (44.37%)
entry 1334000/3004280 (44.4033%)
entry 1336000/3004280 (44.4699%)
entry 1337000/3004280 (44.5032%)
entry 1339000/3004280 (44.5697%)
entry 1340000/3004280 (44.603%)
entry 1341000/3004280 (44.6363%)
entry 1342000/3004280 (44.6696%)
entry 1344000/3004280 (44.7362%)
entry 1346000/3004280 (44.8027%)
entry 1347000/3004280 (44.836%)
entry 1348000/3004280 (44.8693%)
entry 1349000/3004280 (44.9026%)
entry 1350000/3004280 (44.9359%)
entry 1351000/3004280 (44.9692%)
entry 1353000/3004280 (45.0357%)
entry 1354000/3004280 (45.069%)
entry 1355000/3004280 (45.1023%)
entry 1356000/3004280 (45.1356%)
entry 1357000/3004280 (45.1689%)
entry 1361000/3004280 (45.302%)
entry 1362000/3004280 (45.3353%)
entry 1363000/3004280 (45.3686%)
entry 1365000/3004280 (45.4352%)
entry 1369000/3004280 (45.5683%)
entry 1372000/3004280 (45.6682%)
entry 1373000/3004280 (45.7015%)
entry 1375000/3004280 (45.768%)
entry 1377000/3004280 (45.8346%)
entry 1378000/3004280 (45.8679%)
entry 1379000/3004280 (45.9012%)
entry 1380000/3004280 (45.9345%)
entry 1381000/3004280 (45.9678%)
entry 1383000/3004280 (46.0343%)
entry 1384000/3004280 (46.0676%)
entry 1386000/3004280 (46.1342%)
entry 1387000/3004280 (46.1675%)
entry 1388000/3004280 (46.2008%)
entry 1389000/3004280 (46.234%)
entry 1390000/3004280 (46.2673%)
entry 1392000/3004280 (46.3339%)
entry 1393000/3004280 (46.3672%)
entry 1394000/3004280 (46.4005%)
entry 1395000/3004280 (46.4338%)
entry 1396000/3004280 (46.467%)
entry 1399000/3004280 (46.5669%)
entry 1400000/3004280 (46.6002%)
entry 1401000/3004280 (46.6335%)
entry 1402000/3004280 (46.6668%)
entry 1403000/3004280 (46.7%)
entry 1407000/3004280 (46.8332%)
entry 1410000/3004280 (46.933%)
entry 1412000/3004280 (46.9996%)
entry 1414000/3004280 (47.0662%)
entry 1415000/3004280 (47.0995%)
entry 1416000/3004280 (47.1328%)
entry 1420000/3004280 (47.2659%)
entry 1422000/3004280 (47.3325%)
entry 1423000/3004280 (47.3658%)
entry 1424000/3004280 (47.399%)
entry 1425000/3004280 (47.4323%)
entry 1428000/3004280 (47.5322%)
entry 1430000/3004280 (47.5988%)
entry 1434000/3004280 (47.7319%)
entry 1435000/3004280 (47.7652%)
entry 1437000/3004280 (47.8318%)
entry 1439000/3004280 (47.8983%)
entry 1440000/3004280 (47.9316%)
entry 1441000/3004280 (47.9649%)
entry 1443000/3004280 (48.0315%)
entry 1444000/3004280 (48.0648%)
entry 1445000/3004280 (48.098%)
entry 1446000/3004280 (48.1313%)
entry 1449000/3004280 (48.2312%)
entry 1450000/3004280 (48.2645%)
entry 1451000/3004280 (48.2978%)
entry 1456000/3004280 (48.4642%)
entry 1457000/3004280 (48.4975%)
entry 1459000/3004280 (48.564%)
entry 1460000/3004280 (48.5973%)
entry 1461000/3004280 (48.6306%)
entry 1462000/3004280 (48.6639%)
entry 1463000/3004280 (48.6972%)
entry 1465000/3004280 (48.7638%)
entry 1467000/3004280 (48.8303%)
entry 1469000/3004280 (48.8969%)
entry 1470000/3004280 (48.9302%)
entry 1471000/3004280 (48.9635%)
entry 1472000/3004280 (48.9968%)
entry 1474000/3004280 (49.0633%)
entry 1475000/3004280 (49.0966%)
entry 1476000/3004280 (49.1299%)
entry 1477000/3004280 (49.1632%)
entry 1478000/3004280 (49.1965%)
entry 1479000/3004280 (49.2298%)
entry 1481000/3004280 (49.2963%)
entry 1482000/3004280 (49.3296%)
entry 1483000/3004280 (49.3629%)
entry 1484000/3004280 (49.3962%)
entry 1486000/3004280 (49.4628%)
entry 1487000/3004280 (49.4961%)
entry 1488000/3004280 (49.5293%)
entry 1489000/3004280 (49.5626%)
entry 1493000/3004280 (49.6958%)
entry 1495000/3004280 (49.7623%)
entry 1497000/3004280 (49.8289%)
entry 1500000/3004280 (49.9288%)
entry 1501000/3004280 (49.9621%)
entry 1503000/3004280 (50.0286%)
entry 1504000/3004280 (50.0619%)
entry 1506000/3004280 (50.1285%)
entry 1507000/3004280 (50.1618%)
entry 1508000/3004280 (50.1951%)
entry 1509000/3004280 (50.2283%)
entry 1510000/3004280 (50.2616%)
entry 1511000/3004280 (50.2949%)
entry 1514000/3004280 (50.3948%)
entry 1515000/3004280 (50.4281%)
entry 1516000/3004280 (50.4613%)
entry 1517000/3004280 (50.4946%)
entry 1518000/3004280 (50.5279%)
entry 1519000/3004280 (50.5612%)
entry 1521000/3004280 (50.6278%)
entry 1525000/3004280 (50.7609%)
entry 1526000/3004280 (50.7942%)
entry 1530000/3004280 (50.9273%)
entry 1533000/3004280 (51.0272%)
entry 1535000/3004280 (51.0938%)
entry 1536000/3004280 (51.1271%)
entry 1538000/3004280 (51.1936%)
entry 1539000/3004280 (51.2269%)
entry 1544000/3004280 (51.3933%)
entry 1546000/3004280 (51.4599%)
entry 1549000/3004280 (51.5598%)
entry 1550000/3004280 (51.5931%)
entry 1551000/3004280 (51.6263%)
entry 1552000/3004280 (51.6596%)
entry 1556000/3004280 (51.7928%)
entry 1557000/3004280 (51.8261%)
entry 1558000/3004280 (51.8593%)
entry 1559000/3004280 (51.8926%)
entry 1560000/3004280 (51.9259%)
entry 1564000/3004280 (52.0591%)
entry 1566000/3004280 (52.1256%)
entry 1567000/3004280 (52.1589%)
entry 1568000/3004280 (52.1922%)
entry 1570000/3004280 (52.2588%)
entry 1571000/3004280 (52.2921%)
entry 1572000/3004280 (52.3254%)
entry 1573000/3004280 (52.3586%)
entry 1574000/3004280 (52.3919%)
entry 1578000/3004280 (52.5251%)
entry 1579000/3004280 (52.5584%)
entry 1580000/3004280 (52.5916%)
entry 1581000/3004280 (52.6249%)
entry 1582000/3004280 (52.6582%)
entry 1583000/3004280 (52.6915%)
entry 1585000/3004280 (52.7581%)
entry 1586000/3004280 (52.7914%)
entry 1588000/3004280 (52.8579%)
entry 1589000/3004280 (52.8912%)
entry 1590000/3004280 (52.9245%)
entry 1591000/3004280 (52.9578%)
entry 1593000/3004280 (53.0244%)
entry 1595000/3004280 (53.0909%)
entry 1597000/3004280 (53.1575%)
entry 1599000/3004280 (53.2241%)
entry 1601000/3004280 (53.2906%)
entry 1602000/3004280 (53.3239%)
entry 1603000/3004280 (53.3572%)
entry 1604000/3004280 (53.3905%)
entry 1605000/3004280 (53.4238%)
entry 1606000/3004280 (53.4571%)
entry 1607000/3004280 (53.4904%)
entry 1608000/3004280 (53.5236%)
entry 1609000/3004280 (53.5569%)
entry 1610000/3004280 (53.5902%)
entry 1611000/3004280 (53.6235%)
entry 1612000/3004280 (53.6568%)
entry 1613000/3004280 (53.6901%)
entry 1614000/3004280 (53.7234%)
entry 1618000/3004280 (53.8565%)
entry 1619000/3004280 (53.8898%)
entry 1621000/3004280 (53.9564%)
entry 1622000/3004280 (53.9896%)
entry 1623000/3004280 (54.0229%)
entry 1626000/3004280 (54.1228%)
entry 1628000/3004280 (54.1894%)
entry 1629000/3004280 (54.2226%)
entry 1630000/3004280 (54.2559%)
entry 1631000/3004280 (54.2892%)
entry 1633000/3004280 (54.3558%)
entry 1635000/3004280 (54.4224%)
entry 1636000/3004280 (54.4556%)
entry 1637000/3004280 (54.4889%)
entry 1640000/3004280 (54.5888%)
entry 1642000/3004280 (54.6554%)
entry 1643000/3004280 (54.6886%)
entry 1644000/3004280 (54.7219%)
entry 1646000/3004280 (54.7885%)
entry 1647000/3004280 (54.8218%)
entry 1653000/3004280 (55.0215%)
entry 1654000/3004280 (55.0548%)
entry 1656000/3004280 (55.1214%)
entry 1657000/3004280 (55.1546%)
entry 1660000/3004280 (55.2545%)
entry 1662000/3004280 (55.3211%)
entry 1663000/3004280 (55.3544%)
entry 1664000/3004280 (55.3876%)
entry 1665000/3004280 (55.4209%)
entry 1666000/3004280 (55.4542%)
entry 1668000/3004280 (55.5208%)
entry 1670000/3004280 (55.5874%)
entry 1671000/3004280 (55.6206%)
entry 1672000/3004280 (55.6539%)
entry 1673000/3004280 (55.6872%)
entry 1674000/3004280 (55.7205%)
entry 1675000/3004280 (55.7538%)
entry 1676000/3004280 (55.7871%)
entry 1678000/3004280 (55.8536%)
entry 1681000/3004280 (55.9535%)
entry 1682000/3004280 (55.9868%)
entry 1687000/3004280 (56.1532%)
entry 1688000/3004280 (56.1865%)
entry 1693000/3004280 (56.3529%)
entry 1695000/3004280 (56.4195%)
entry 1696000/3004280 (56.4528%)
entry 1698000/3004280 (56.5194%)
entry 1703000/3004280 (56.6858%)
entry 1704000/3004280 (56.7191%)
entry 1708000/3004280 (56.8522%)
entry 1709000/3004280 (56.8855%)
entry 1710000/3004280 (56.9188%)
entry 1712000/3004280 (56.9854%)
entry 1713000/3004280 (57.0187%)
entry 1714000/3004280 (57.0519%)
entry 1716000/3004280 (57.1185%)
entry 1717000/3004280 (57.1518%)
entry 1719000/3004280 (57.2184%)
entry 1720000/3004280 (57.2517%)
entry 1721000/3004280 (57.2849%)
entry 1722000/3004280 (57.3182%)
entry 1723000/3004280 (57.3515%)
entry 1726000/3004280 (57.4514%)
entry 1730000/3004280 (57.5845%)
entry 1731000/3004280 (57.6178%)
entry 1734000/3004280 (57.7177%)
entry 1735000/3004280 (57.7509%)
entry 1739000/3004280 (57.8841%)
entry 1740000/3004280 (57.9174%)
entry 1741000/3004280 (57.9507%)
entry 1743000/3004280 (58.0172%)
entry 1745000/3004280 (58.0838%)
entry 1746000/3004280 (58.1171%)
entry 1748000/3004280 (58.1837%)
entry 1749000/3004280 (58.2169%)
entry 1750000/3004280 (58.2502%)
entry 1752000/3004280 (58.3168%)
entry 1754000/3004280 (58.3834%)
entry 1755000/3004280 (58.4167%)
entry 1757000/3004280 (58.4832%)
entry 1758000/3004280 (58.5165%)
entry 1759000/3004280 (58.5498%)
entry 1760000/3004280 (58.5831%)
entry 1763000/3004280 (58.6829%)
entry 1764000/3004280 (58.7162%)
entry 1766000/3004280 (58.7828%)
entry 1767000/3004280 (58.8161%)
entry 1769000/3004280 (58.8827%)
entry 1770000/3004280 (58.9159%)
entry 1771000/3004280 (58.9492%)
entry 1772000/3004280 (58.9825%)
entry 1775000/3004280 (59.0824%)
entry 1776000/3004280 (59.1157%)
entry 1777000/3004280 (59.1489%)
entry 1778000/3004280 (59.1822%)
entry 1779000/3004280 (59.2155%)
entry 1781000/3004280 (59.2821%)
entry 1782000/3004280 (59.3154%)
entry 1784000/3004280 (59.3819%)
entry 1785000/3004280 (59.4152%)
entry 1786000/3004280 (59.4485%)
entry 1787000/3004280 (59.4818%)
entry 1788000/3004280 (59.5151%)
entry 1791000/3004280 (59.615%)
entry 1792000/3004280 (59.6482%)
entry 1793000/3004280 (59.6815%)
entry 1795000/3004280 (59.7481%)
entry 1797000/3004280 (59.8147%)
entry 1799000/3004280 (59.8812%)
entry 1800000/3004280 (59.9145%)
entry 1801000/3004280 (59.9478%)
entry 1803000/3004280 (60.0144%)
entry 1805000/3004280 (60.081%)
entry 1806000/3004280 (60.1142%)
entry 1808000/3004280 (60.1808%)
entry 1810000/3004280 (60.2474%)
entry 1811000/3004280 (60.2807%)
entry 1812000/3004280 (60.314%)
entry 1813000/3004280 (60.3472%)
entry 1814000/3004280 (60.3805%)
entry 1816000/3004280 (60.4471%)
entry 1817000/3004280 (60.4804%)
entry 1818000/3004280 (60.5137%)
entry 1819000/3004280 (60.547%)
entry 1820000/3004280 (60.5802%)
entry 1821000/3004280 (60.6135%)
entry 1822000/3004280 (60.6468%)
entry 1824000/3004280 (60.7134%)
entry 1826000/3004280 (60.78%)
entry 1827000/3004280 (60.8132%)
entry 1828000/3004280 (60.8465%)
entry 1829000/3004280 (60.8798%)
entry 1830000/3004280 (60.9131%)
entry 1831000/3004280 (60.9464%)
entry 1833000/3004280 (61.013%)
entry 1834000/3004280 (61.0462%)
entry 1835000/3004280 (61.0795%)
entry 1837000/3004280 (61.1461%)
entry 1841000/3004280 (61.2792%)
entry 1842000/3004280 (61.3125%)
entry 1843000/3004280 (61.3458%)
entry 1844000/3004280 (61.3791%)
entry 1845000/3004280 (61.4124%)
entry 1846000/3004280 (61.4457%)
entry 1847000/3004280 (61.479%)
entry 1848000/3004280 (61.5122%)
entry 1849000/3004280 (61.5455%)
entry 1850000/3004280 (61.5788%)
entry 1854000/3004280 (61.712%)
entry 1855000/3004280 (61.7452%)
entry 1859000/3004280 (61.8784%)
entry 1860000/3004280 (61.9117%)
entry 1861000/3004280 (61.945%)
entry 1863000/3004280 (62.0115%)
entry 1867000/3004280 (62.1447%)
entry 1868000/3004280 (62.178%)
entry 1871000/3004280 (62.2778%)
entry 1872000/3004280 (62.3111%)
entry 1874000/3004280 (62.3777%)
entry 1879000/3004280 (62.5441%)
entry 1880000/3004280 (62.5774%)
entry 1881000/3004280 (62.6107%)
entry 1882000/3004280 (62.644%)
entry 1887000/3004280 (62.8104%)
entry 1889000/3004280 (62.877%)
entry 1894000/3004280 (63.0434%)
entry 1895000/3004280 (63.0767%)
entry 1896000/3004280 (63.11%)
entry 1897000/3004280 (63.1432%)
entry 1898000/3004280 (63.1765%)
entry 1899000/3004280 (63.2098%)
entry 1901000/3004280 (63.2764%)
entry 1902000/3004280 (63.3097%)
entry 1904000/3004280 (63.3762%)
entry 1906000/3004280 (63.4428%)
entry 1907000/3004280 (63.4761%)
entry 1908000/3004280 (63.5094%)
entry 1909000/3004280 (63.5427%)
entry 1911000/3004280 (63.6092%)
entry 1912000/3004280 (63.6425%)
entry 1913000/3004280 (63.6758%)
entry 1915000/3004280 (63.7424%)
entry 1917000/3004280 (63.809%)
entry 1918000/3004280 (63.8422%)
entry 1919000/3004280 (63.8755%)
entry 1920000/3004280 (63.9088%)
entry 1921000/3004280 (63.9421%)
entry 1922000/3004280 (63.9754%)
entry 1925000/3004280 (64.0753%)
entry 1927000/3004280 (64.1418%)
entry 1928000/3004280 (64.1751%)
entry 1929000/3004280 (64.2084%)
entry 1930000/3004280 (64.2417%)
entry 1931000/3004280 (64.275%)
entry 1932000/3004280 (64.3083%)
entry 1933000/3004280 (64.3415%)
entry 1934000/3004280 (64.3748%)
entry 1936000/3004280 (64.4414%)
entry 1937000/3004280 (64.4747%)
entry 1940000/3004280 (64.5745%)
entry 1941000/3004280 (64.6078%)
entry 1943000/3004280 (64.6744%)
entry 1944000/3004280 (64.7077%)
entry 1950000/3004280 (64.9074%)
entry 1951000/3004280 (64.9407%)
entry 1952000/3004280 (64.974%)
entry 1953000/3004280 (65.0073%)
entry 1954000/3004280 (65.0405%)
entry 1958000/3004280 (65.1737%)
entry 1961000/3004280 (65.2735%)
entry 1962000/3004280 (65.3068%)
entry 1964000/3004280 (65.3734%)
entry 1965000/3004280 (65.4067%)
entry 1966000/3004280 (65.44%)
entry 1967000/3004280 (65.4733%)
entry 1968000/3004280 (65.5065%)
entry 1969000/3004280 (65.5398%)
entry 1971000/3004280 (65.6064%)
entry 1972000/3004280 (65.6397%)
entry 1976000/3004280 (65.7728%)
entry 1978000/3004280 (65.8394%)
entry 1981000/3004280 (65.9393%)
entry 1982000/3004280 (65.9725%)
entry 1984000/3004280 (66.0391%)
entry 1985000/3004280 (66.0724%)
entry 1986000/3004280 (66.1057%)
entry 1987000/3004280 (66.139%)
entry 1988000/3004280 (66.1723%)
entry 1989000/3004280 (66.2055%)
entry 1990000/3004280 (66.2388%)
entry 1991000/3004280 (66.2721%)
entry 1992000/3004280 (66.3054%)
entry 1995000/3004280 (66.4053%)
entry 1996000/3004280 (66.4385%)
entry 1998000/3004280 (66.5051%)
entry 1999000/3004280 (66.5384%)
entry 2000000/3004280 (66.5717%)
entry 2003000/3004280 (66.6716%)
entry 2005000/3004280 (66.7381%)
entry 2006000/3004280 (66.7714%)
entry 2007000/3004280 (66.8047%)
entry 2010000/3004280 (66.9046%)
entry 2012000/3004280 (66.9711%)
entry 2013000/3004280 (67.0044%)
entry 2015000/3004280 (67.071%)
entry 2016000/3004280 (67.1043%)
entry 2017000/3004280 (67.1376%)
entry 2018000/3004280 (67.1708%)
entry 2019000/3004280 (67.2041%)
entry 2020000/3004280 (67.2374%)
entry 2021000/3004280 (67.2707%)
entry 2023000/3004280 (67.3373%)
entry 2024000/3004280 (67.3706%)
entry 2025000/3004280 (67.4038%)
entry 2027000/3004280 (67.4704%)
entry 2028000/3004280 (67.5037%)
entry 2029000/3004280 (67.537%)
entry 2031000/3004280 (67.6036%)
entry 2032000/3004280 (67.6368%)
entry 2033000/3004280 (67.6701%)
entry 2034000/3004280 (67.7034%)
entry 2035000/3004280 (67.7367%)
entry 2036000/3004280 (67.77%)
entry 2037000/3004280 (67.8033%)
entry 2040000/3004280 (67.9031%)
entry 2041000/3004280 (67.9364%)
entry 2042000/3004280 (67.9697%)
entry 2044000/3004280 (68.0363%)
entry 2045000/3004280 (68.0696%)
entry 2046000/3004280 (68.1028%)
entry 2047000/3004280 (68.1361%)
entry 2049000/3004280 (68.2027%)
entry 2051000/3004280 (68.2693%)
entry 2053000/3004280 (68.3358%)
entry 2054000/3004280 (68.3691%)
entry 2055000/3004280 (68.4024%)
entry 2056000/3004280 (68.4357%)
entry 2057000/3004280 (68.469%)
entry 2060000/3004280 (68.5688%)
entry 2061000/3004280 (68.6021%)
entry 2062000/3004280 (68.6354%)
entry 2063000/3004280 (68.6687%)
entry 2064000/3004280 (68.702%)
entry 2065000/3004280 (68.7353%)
entry 2067000/3004280 (68.8018%)
entry 2068000/3004280 (68.8351%)
entry 2069000/3004280 (68.8684%)
entry 2070000/3004280 (68.9017%)
entry 2071000/3004280 (68.935%)
entry 2074000/3004280 (69.0348%)
entry 2076000/3004280 (69.1014%)
entry 2077000/3004280 (69.1347%)
entry 2078000/3004280 (69.168%)
entry 2082000/3004280 (69.3011%)
entry 2083000/3004280 (69.3344%)
entry 2084000/3004280 (69.3677%)
entry 2085000/3004280 (69.401%)
entry 2087000/3004280 (69.4676%)
entry 2088000/3004280 (69.5008%)
entry 2089000/3004280 (69.5341%)
entry 2091000/3004280 (69.6007%)
entry 2092000/3004280 (69.634%)
entry 2094000/3004280 (69.7006%)
entry 2095000/3004280 (69.7338%)
entry 2096000/3004280 (69.7671%)
entry 2097000/3004280 (69.8004%)
entry 2099000/3004280 (69.867%)
entry 2101000/3004280 (69.9336%)
entry 2102000/3004280 (69.9668%)
entry 2103000/3004280 (70.0001%)
entry 2104000/3004280 (70.0334%)
entry 2106000/3004280 (70.1%)
entry 2108000/3004280 (70.1666%)
entry 2110000/3004280 (70.2331%)
entry 2111000/3004280 (70.2664%)
entry 2113000/3004280 (70.333%)
entry 2114000/3004280 (70.3663%)
entry 2115000/3004280 (70.3996%)
entry 2119000/3004280 (70.5327%)
entry 2124000/3004280 (70.6991%)
entry 2125000/3004280 (70.7324%)
entry 2126000/3004280 (70.7657%)
entry 2129000/3004280 (70.8656%)
entry 2130000/3004280 (70.8988%)
entry 2135000/3004280 (71.0653%)
entry 2136000/3004280 (71.0986%)
entry 2137000/3004280 (71.1318%)
entry 2138000/3004280 (71.1651%)
entry 2139000/3004280 (71.1984%)
entry 2140000/3004280 (71.2317%)
entry 2143000/3004280 (71.3316%)
entry 2144000/3004280 (71.3649%)
entry 2145000/3004280 (71.3981%)
entry 2147000/3004280 (71.4647%)
entry 2152000/3004280 (71.6311%)
entry 2153000/3004280 (71.6644%)
entry 2155000/3004280 (71.731%)
entry 2156000/3004280 (71.7643%)
entry 2157000/3004280 (71.7976%)
entry 2158000/3004280 (71.8309%)
entry 2159000/3004280 (71.8641%)
entry 2160000/3004280 (71.8974%)
entry 2162000/3004280 (71.964%)
entry 2163000/3004280 (71.9973%)
entry 2166000/3004280 (72.0971%)
entry 2167000/3004280 (72.1304%)
entry 2168000/3004280 (72.1637%)
entry 2170000/3004280 (72.2303%)
entry 2171000/3004280 (72.2636%)
entry 2172000/3004280 (72.2969%)
entry 2173000/3004280 (72.3301%)
entry 2174000/3004280 (72.3634%)
entry 2176000/3004280 (72.43%)
entry 2177000/3004280 (72.4633%)
entry 2178000/3004280 (72.4966%)
entry 2179000/3004280 (72.5299%)
entry 2182000/3004280 (72.6297%)
entry 2184000/3004280 (72.6963%)
entry 2185000/3004280 (72.7296%)
entry 2186000/3004280 (72.7629%)
entry 2188000/3004280 (72.8294%)
entry 2189000/3004280 (72.8627%)
entry 2190000/3004280 (72.896%)
entry 2192000/3004280 (72.9626%)
entry 2193000/3004280 (72.9959%)
entry 2194000/3004280 (73.0291%)
entry 2195000/3004280 (73.0624%)
entry 2200000/3004280 (73.2289%)
entry 2202000/3004280 (73.2954%)
entry 2206000/3004280 (73.4286%)
entry 2207000/3004280 (73.4619%)
entry 2208000/3004280 (73.4951%)
entry 2210000/3004280 (73.5617%)
entry 2211000/3004280 (73.595%)
entry 2212000/3004280 (73.6283%)
entry 2218000/3004280 (73.828%)
entry 2220000/3004280 (73.8946%)
entry 2221000/3004280 (73.9279%)
entry 2222000/3004280 (73.9612%)
entry 2225000/3004280 (74.061%)
entry 2229000/3004280 (74.1942%)
entry 2230000/3004280 (74.2274%)
entry 2231000/3004280 (74.2607%)
entry 2232000/3004280 (74.294%)
entry 2233000/3004280 (74.3273%)
entry 2234000/3004280 (74.3606%)
entry 2235000/3004280 (74.3939%)
entry 2236000/3004280 (74.4272%)
entry 2237000/3004280 (74.4604%)
entry 2238000/3004280 (74.4937%)
entry 2239000/3004280 (74.527%)
entry 2240000/3004280 (74.5603%)
entry 2241000/3004280 (74.5936%)
entry 2243000/3004280 (74.6602%)
entry 2248000/3004280 (74.8266%)
entry 2249000/3004280 (74.8599%)
entry 2250000/3004280 (74.8932%)
entry 2252000/3004280 (74.9597%)
entry 2255000/3004280 (75.0596%)
entry 2256000/3004280 (75.0929%)
entry 2258000/3004280 (75.1594%)
entry 2259000/3004280 (75.1927%)
entry 2260000/3004280 (75.226%)
entry 2262000/3004280 (75.2926%)
entry 2263000/3004280 (75.3259%)
entry 2269000/3004280 (75.5256%)
entry 2270000/3004280 (75.5589%)
entry 2271000/3004280 (75.5922%)
entry 2273000/3004280 (75.6587%)
entry 2274000/3004280 (75.692%)
entry 2275000/3004280 (75.7253%)
entry 2276000/3004280 (75.7586%)
entry 2277000/3004280 (75.7919%)
entry 2279000/3004280 (75.8584%)
entry 2281000/3004280 (75.925%)
entry 2282000/3004280 (75.9583%)
entry 2283000/3004280 (75.9916%)
entry 2284000/3004280 (76.0249%)
entry 2285000/3004280 (76.0582%)
entry 2287000/3004280 (76.1247%)
entry 2289000/3004280 (76.1913%)
entry 2290000/3004280 (76.2246%)
entry 2292000/3004280 (76.2912%)
entry 2293000/3004280 (76.3244%)
entry 2294000/3004280 (76.3577%)
entry 2295000/3004280 (76.391%)
entry 2296000/3004280 (76.4243%)
entry 2298000/3004280 (76.4909%)
entry 2299000/3004280 (76.5242%)
entry 2304000/3004280 (76.6906%)
entry 2307000/3004280 (76.7904%)
entry 2308000/3004280 (76.8237%)
entry 2310000/3004280 (76.8903%)
entry 2312000/3004280 (76.9569%)
entry 2313000/3004280 (76.9902%)
entry 2314000/3004280 (77.0234%)
entry 2315000/3004280 (77.0567%)
entry 2316000/3004280 (77.09%)
entry 2318000/3004280 (77.1566%)
entry 2319000/3004280 (77.1899%)
entry 2320000/3004280 (77.2232%)
entry 2322000/3004280 (77.2897%)
entry 2325000/3004280 (77.3896%)
entry 2326000/3004280 (77.4229%)
entry 2330000/3004280 (77.556%)
entry 2333000/3004280 (77.6559%)
entry 2335000/3004280 (77.7224%)
entry 2337000/3004280 (77.789%)
entry 2339000/3004280 (77.8556%)
entry 2342000/3004280 (77.9554%)
entry 2343000/3004280 (77.9887%)
entry 2344000/3004280 (78.022%)
entry 2345000/3004280 (78.0553%)
entry 2346000/3004280 (78.0886%)
entry 2349000/3004280 (78.1884%)
entry 2350000/3004280 (78.2217%)
entry 2351000/3004280 (78.255%)
entry 2352000/3004280 (78.2883%)
entry 2353000/3004280 (78.3216%)
entry 2354000/3004280 (78.3549%)
entry 2356000/3004280 (78.4214%)
entry 2359000/3004280 (78.5213%)
entry 2361000/3004280 (78.5879%)
entry 2363000/3004280 (78.6545%)
entry 2365000/3004280 (78.721%)
entry 2367000/3004280 (78.7876%)
entry 2370000/3004280 (78.8875%)
entry 2373000/3004280 (78.9873%)
entry 2374000/3004280 (79.0206%)
entry 2376000/3004280 (79.0872%)
entry 2377000/3004280 (79.1205%)
entry 2379000/3004280 (79.187%)
entry 2381000/3004280 (79.2536%)
entry 2384000/3004280 (79.3535%)
entry 2385000/3004280 (79.3867%)
entry 2387000/3004280 (79.4533%)
entry 2388000/3004280 (79.4866%)
entry 2389000/3004280 (79.5199%)
entry 2391000/3004280 (79.5865%)
entry 2392000/3004280 (79.6197%)
entry 2393000/3004280 (79.653%)
entry 2394000/3004280 (79.6863%)
entry 2396000/3004280 (79.7529%)
entry 2399000/3004280 (79.8527%)
entry 2401000/3004280 (79.9193%)
entry 2402000/3004280 (79.9526%)
entry 2403000/3004280 (79.9859%)
entry 2405000/3004280 (80.0525%)
entry 2406000/3004280 (80.0857%)
entry 2408000/3004280 (80.1523%)
entry 2411000/3004280 (80.2522%)
entry 2412000/3004280 (80.2855%)
entry 2414000/3004280 (80.352%)
entry 2415000/3004280 (80.3853%)
entry 2416000/3004280 (80.4186%)
entry 2417000/3004280 (80.4519%)
entry 2418000/3004280 (80.4852%)
entry 2419000/3004280 (80.5185%)
entry 2421000/3004280 (80.585%)
entry 2423000/3004280 (80.6516%)
entry 2424000/3004280 (80.6849%)
entry 2427000/3004280 (80.7847%)
entry 2428000/3004280 (80.818%)
entry 2429000/3004280 (80.8513%)
entry 2430000/3004280 (80.8846%)
entry 2431000/3004280 (80.9179%)
entry 2432000/3004280 (80.9512%)
entry 2433000/3004280 (80.9845%)
entry 2435000/3004280 (81.051%)
entry 2437000/3004280 (81.1176%)
entry 2438000/3004280 (81.1509%)
entry 2439000/3004280 (81.1842%)
entry 2440000/3004280 (81.2175%)
entry 2441000/3004280 (81.2508%)
entry 2443000/3004280 (81.3173%)
entry 2444000/3004280 (81.3506%)
entry 2447000/3004280 (81.4505%)
entry 2448000/3004280 (81.4838%)
entry 2449000/3004280 (81.517%)
entry 2450000/3004280 (81.5503%)
entry 2451000/3004280 (81.5836%)
entry 2452000/3004280 (81.6169%)
entry 2455000/3004280 (81.7168%)
entry 2456000/3004280 (81.75%)
entry 2457000/3004280 (81.7833%)
entry 2458000/3004280 (81.8166%)
entry 2461000/3004280 (81.9165%)
entry 2463000/3004280 (81.983%)
entry 2464000/3004280 (82.0163%)
entry 2467000/3004280 (82.1162%)
entry 2469000/3004280 (82.1828%)
entry 2472000/3004280 (82.2826%)
entry 2473000/3004280 (82.3159%)
entry 2474000/3004280 (82.3492%)
entry 2475000/3004280 (82.3825%)
entry 2476000/3004280 (82.4158%)
entry 2477000/3004280 (82.449%)
entry 2478000/3004280 (82.4823%)
entry 2479000/3004280 (82.5156%)
entry 2480000/3004280 (82.5489%)
entry 2481000/3004280 (82.5822%)
entry 2483000/3004280 (82.6488%)
entry 2484000/3004280 (82.682%)
entry 2485000/3004280 (82.7153%)
entry 2486000/3004280 (82.7486%)
entry 2487000/3004280 (82.7819%)
entry 2494000/3004280 (83.0149%)
entry 2495000/3004280 (83.0482%)
entry 2497000/3004280 (83.1148%)
entry 2498000/3004280 (83.148%)
entry 2499000/3004280 (83.1813%)
entry 2500000/3004280 (83.2146%)
entry 2502000/3004280 (83.2812%)
entry 2503000/3004280 (83.3145%)
entry 2507000/3004280 (83.4476%)
entry 2510000/3004280 (83.5475%)
entry 2511000/3004280 (83.5808%)
entry 2512000/3004280 (83.614%)
entry 2513000/3004280 (83.6473%)
entry 2514000/3004280 (83.6806%)
entry 2515000/3004280 (83.7139%)
entry 2516000/3004280 (83.7472%)
entry 2517000/3004280 (83.7805%)
entry 2518000/3004280 (83.8138%)
entry 2520000/3004280 (83.8803%)
entry 2522000/3004280 (83.9469%)
entry 2524000/3004280 (84.0135%)
entry 2526000/3004280 (84.08%)
entry 2527000/3004280 (84.1133%)
entry 2529000/3004280 (84.1799%)
entry 2531000/3004280 (84.2465%)
entry 2532000/3004280 (84.2798%)
entry 2533000/3004280 (84.313%)
entry 2535000/3004280 (84.3796%)
entry 2536000/3004280 (84.4129%)
entry 2537000/3004280 (84.4462%)
entry 2538000/3004280 (84.4795%)
entry 2539000/3004280 (84.5128%)
entry 2541000/3004280 (84.5793%)
entry 2542000/3004280 (84.6126%)
entry 2549000/3004280 (84.8456%)
entry 2550000/3004280 (84.8789%)
entry 2551000/3004280 (84.9122%)
entry 2553000/3004280 (84.9788%)
entry 2554000/3004280 (85.012%)
entry 2556000/3004280 (85.0786%)
entry 2558000/3004280 (85.1452%)
entry 2561000/3004280 (85.245%)
entry 2564000/3004280 (85.3449%)
entry 2568000/3004280 (85.478%)
entry 2569000/3004280 (85.5113%)
entry 2572000/3004280 (85.6112%)
entry 2573000/3004280 (85.6445%)
entry 2574000/3004280 (85.6778%)
entry 2575000/3004280 (85.7111%)
entry 2576000/3004280 (85.7443%)
entry 2580000/3004280 (85.8775%)
entry 2581000/3004280 (85.9108%)
entry 2582000/3004280 (85.9441%)
entry 2585000/3004280 (86.0439%)
entry 2586000/3004280 (86.0772%)
entry 2587000/3004280 (86.1105%)
entry 2588000/3004280 (86.1438%)
entry 2589000/3004280 (86.1771%)
entry 2591000/3004280 (86.2436%)
entry 2592000/3004280 (86.2769%)
entry 2593000/3004280 (86.3102%)
entry 2594000/3004280 (86.3435%)
entry 2596000/3004280 (86.4101%)
entry 2598000/3004280 (86.4766%)
entry 2599000/3004280 (86.5099%)
entry 2601000/3004280 (86.5765%)
entry 2602000/3004280 (86.6098%)
entry 2604000/3004280 (86.6763%)
entry 2605000/3004280 (86.7096%)
entry 2607000/3004280 (86.7762%)
entry 2608000/3004280 (86.8095%)
entry 2609000/3004280 (86.8428%)
entry 2610000/3004280 (86.8761%)
entry 2611000/3004280 (86.9093%)
entry 2613000/3004280 (86.9759%)
entry 2614000/3004280 (87.0092%)
entry 2615000/3004280 (87.0425%)
entry 2616000/3004280 (87.0758%)
entry 2617000/3004280 (87.1091%)
entry 2618000/3004280 (87.1423%)
entry 2619000/3004280 (87.1756%)
entry 2620000/3004280 (87.2089%)
entry 2622000/3004280 (87.2755%)
entry 2625000/3004280 (87.3753%)
entry 2626000/3004280 (87.4086%)
entry 2628000/3004280 (87.4752%)
entry 2631000/3004280 (87.5751%)
entry 2632000/3004280 (87.6083%)
entry 2633000/3004280 (87.6416%)
entry 2634000/3004280 (87.6749%)
entry 2635000/3004280 (87.7082%)
entry 2637000/3004280 (87.7748%)
entry 2638000/3004280 (87.8081%)
entry 2640000/3004280 (87.8746%)
entry 2641000/3004280 (87.9079%)
entry 2643000/3004280 (87.9745%)
entry 2645000/3004280 (88.0411%)
entry 2646000/3004280 (88.0743%)
entry 2648000/3004280 (88.1409%)
entry 2649000/3004280 (88.1742%)
entry 2651000/3004280 (88.2408%)
entry 2652000/3004280 (88.2741%)
entry 2653000/3004280 (88.3074%)
entry 2654000/3004280 (88.3406%)
entry 2655000/3004280 (88.3739%)
entry 2656000/3004280 (88.4072%)
entry 2657000/3004280 (88.4405%)
entry 2658000/3004280 (88.4738%)
entry 2659000/3004280 (88.5071%)
entry 2660000/3004280 (88.5404%)
entry 2661000/3004280 (88.5736%)
entry 2663000/3004280 (88.6402%)
entry 2665000/3004280 (88.7068%)
entry 2666000/3004280 (88.7401%)
entry 2668000/3004280 (88.8066%)
entry 2669000/3004280 (88.8399%)
entry 2670000/3004280 (88.8732%)
entry 2674000/3004280 (89.0064%)
entry 2675000/3004280 (89.0396%)
entry 2676000/3004280 (89.0729%)
entry 2679000/3004280 (89.1728%)
entry 2681000/3004280 (89.2394%)
entry 2682000/3004280 (89.2726%)
entry 2683000/3004280 (89.3059%)
entry 2685000/3004280 (89.3725%)
entry 2687000/3004280 (89.4391%)
entry 2689000/3004280 (89.5056%)
entry 2690000/3004280 (89.5389%)
entry 2691000/3004280 (89.5722%)
entry 2692000/3004280 (89.6055%)
entry 2693000/3004280 (89.6388%)
entry 2694000/3004280 (89.6721%)
entry 2695000/3004280 (89.7054%)
entry 2697000/3004280 (89.7719%)
entry 2698000/3004280 (89.8052%)
entry 2699000/3004280 (89.8385%)
entry 2702000/3004280 (89.9384%)
entry 2703000/3004280 (89.9716%)
entry 2704000/3004280 (90.0049%)
entry 2705000/3004280 (90.0382%)
entry 2707000/3004280 (90.1048%)
entry 2708000/3004280 (90.1381%)
entry 2709000/3004280 (90.1714%)
entry 2712000/3004280 (90.2712%)
entry 2713000/3004280 (90.3045%)
entry 2716000/3004280 (90.4044%)
entry 2717000/3004280 (90.4376%)
entry 2718000/3004280 (90.4709%)
entry 2719000/3004280 (90.5042%)
entry 2720000/3004280 (90.5375%)
entry 2721000/3004280 (90.5708%)
entry 2725000/3004280 (90.7039%)
entry 2726000/3004280 (90.7372%)
entry 2727000/3004280 (90.7705%)
entry 2728000/3004280 (90.8038%)
entry 2729000/3004280 (90.8371%)
entry 2731000/3004280 (90.9036%)
entry 2732000/3004280 (90.9369%)
entry 2733000/3004280 (90.9702%)
entry 2734000/3004280 (91.0035%)
entry 2736000/3004280 (91.0701%)
entry 2737000/3004280 (91.1034%)
entry 2738000/3004280 (91.1366%)
entry 2742000/3004280 (91.2698%)
entry 2743000/3004280 (91.3031%)
entry 2744000/3004280 (91.3364%)
entry 2745000/3004280 (91.3696%)
entry 2746000/3004280 (91.4029%)
entry 2747000/3004280 (91.4362%)
entry 2748000/3004280 (91.4695%)
entry 2751000/3004280 (91.5694%)
entry 2753000/3004280 (91.6359%)
entry 2754000/3004280 (91.6692%)
entry 2755000/3004280 (91.7025%)
entry 2757000/3004280 (91.7691%)
entry 2758000/3004280 (91.8024%)
entry 2759000/3004280 (91.8356%)
entry 2760000/3004280 (91.8689%)
entry 2761000/3004280 (91.9022%)
entry 2762000/3004280 (91.9355%)
entry 2763000/3004280 (91.9688%)
entry 2764000/3004280 (92.0021%)
entry 2765000/3004280 (92.0354%)
entry 2766000/3004280 (92.0686%)
entry 2770000/3004280 (92.2018%)
entry 2771000/3004280 (92.2351%)
entry 2772000/3004280 (92.2684%)
entry 2773000/3004280 (92.3016%)
entry 2774000/3004280 (92.3349%)
entry 2775000/3004280 (92.3682%)
entry 2776000/3004280 (92.4015%)
entry 2778000/3004280 (92.4681%)
entry 2781000/3004280 (92.5679%)
entry 2782000/3004280 (92.6012%)
entry 2783000/3004280 (92.6345%)
entry 2784000/3004280 (92.6678%)
entry 2785000/3004280 (92.7011%)
entry 2786000/3004280 (92.7344%)
entry 2788000/3004280 (92.8009%)
entry 2789000/3004280 (92.8342%)
entry 2790000/3004280 (92.8675%)
entry 2791000/3004280 (92.9008%)
entry 2792000/3004280 (92.9341%)
entry 2793000/3004280 (92.9674%)
entry 2796000/3004280 (93.0672%)
entry 2797000/3004280 (93.1005%)
entry 2798000/3004280 (93.1338%)
entry 2801000/3004280 (93.2337%)
entry 2802000/3004280 (93.2669%)
entry 2804000/3004280 (93.3335%)
entry 2805000/3004280 (93.3668%)
entry 2806000/3004280 (93.4001%)
entry 2808000/3004280 (93.4667%)
entry 2809000/3004280 (93.4999%)
entry 2810000/3004280 (93.5332%)
entry 2813000/3004280 (93.6331%)
entry 2815000/3004280 (93.6997%)
entry 2819000/3004280 (93.8328%)
entry 2822000/3004280 (93.9327%)
entry 2823000/3004280 (93.9659%)
entry 2824000/3004280 (93.9992%)
entry 2825000/3004280 (94.0325%)
entry 2827000/3004280 (94.0991%)
entry 2828000/3004280 (94.1324%)
entry 2829000/3004280 (94.1657%)
entry 2830000/3004280 (94.1989%)
entry 2831000/3004280 (94.2322%)
entry 2833000/3004280 (94.2988%)
entry 2835000/3004280 (94.3654%)
entry 2836000/3004280 (94.3987%)
entry 2838000/3004280 (94.4652%)
entry 2839000/3004280 (94.4985%)
entry 2840000/3004280 (94.5318%)
entry 2842000/3004280 (94.5984%)
entry 2843000/3004280 (94.6317%)
entry 2845000/3004280 (94.6982%)
entry 2852000/3004280 (94.9312%)
entry 2853000/3004280 (94.9645%)
entry 2854000/3004280 (94.9978%)
entry 2855000/3004280 (95.0311%)
entry 2856000/3004280 (95.0644%)
entry 2857000/3004280 (95.0977%)
entry 2858000/3004280 (95.1309%)
entry 2859000/3004280 (95.1642%)
entry 2862000/3004280 (95.2641%)
entry 2863000/3004280 (95.2974%)
entry 2864000/3004280 (95.3307%)
entry 2866000/3004280 (95.3972%)
entry 2868000/3004280 (95.4638%)
entry 2869000/3004280 (95.4971%)
entry 2872000/3004280 (95.597%)
entry 2873000/3004280 (95.6302%)
entry 2874000/3004280 (95.6635%)
entry 2875000/3004280 (95.6968%)
entry 2877000/3004280 (95.7634%)
entry 2878000/3004280 (95.7967%)
entry 2880000/3004280 (95.8632%)
entry 2881000/3004280 (95.8965%)
entry 2884000/3004280 (95.9964%)
entry 2885000/3004280 (96.0297%)
entry 2886000/3004280 (96.063%)
entry 2887000/3004280 (96.0962%)
entry 2888000/3004280 (96.1295%)
entry 2889000/3004280 (96.1628%)
entry 2891000/3004280 (96.2294%)
entry 2893000/3004280 (96.296%)
entry 2894000/3004280 (96.3292%)
entry 2895000/3004280 (96.3625%)
entry 2897000/3004280 (96.4291%)
entry 2898000/3004280 (96.4624%)
entry 2900000/3004280 (96.529%)
entry 2901000/3004280 (96.5622%)
entry 2903000/3004280 (96.6288%)
entry 2906000/3004280 (96.7287%)
entry 2907000/3004280 (96.762%)
entry 2910000/3004280 (96.8618%)
entry 2911000/3004280 (96.8951%)
entry 2912000/3004280 (96.9284%)
entry 2914000/3004280 (96.995%)
entry 2915000/3004280 (97.0282%)
entry 2919000/3004280 (97.1614%)
entry 2921000/3004280 (97.228%)
entry 2923000/3004280 (97.2945%)
entry 2925000/3004280 (97.3611%)
entry 2926000/3004280 (97.3944%)
entry 2927000/3004280 (97.4277%)
entry 2928000/3004280 (97.461%)
entry 2929000/3004280 (97.4942%)
entry 2930000/3004280 (97.5275%)
entry 2932000/3004280 (97.5941%)
entry 2934000/3004280 (97.6607%)
entry 2935000/3004280 (97.694%)
entry 2936000/3004280 (97.7272%)
entry 2937000/3004280 (97.7605%)
entry 2938000/3004280 (97.7938%)
entry 2943000/3004280 (97.9602%)
entry 2945000/3004280 (98.0268%)
entry 2949000/3004280 (98.16%)
entry 2951000/3004280 (98.2265%)
entry 2952000/3004280 (98.2598%)
entry 2955000/3004280 (98.3597%)
entry 2956000/3004280 (98.393%)
entry 2957000/3004280 (98.4262%)
entry 2958000/3004280 (98.4595%)
entry 2959000/3004280 (98.4928%)
entry 2960000/3004280 (98.5261%)
entry 2961000/3004280 (98.5594%)
entry 2962000/3004280 (98.5927%)
entry 2963000/3004280 (98.626%)
entry 2965000/3004280 (98.6925%)
entry 2967000/3004280 (98.7591%)
entry 2968000/3004280 (98.7924%)
entry 2969000/3004280 (98.8257%)
entry 2971000/3004280 (98.8922%)
entry 2973000/3004280 (98.9588%)
entry 2974000/3004280 (98.9921%)
entry 2976000/3004280 (99.0587%)
entry 2980000/3004280 (99.1918%)
entry 2981000/3004280 (99.2251%)
entry 2982000/3004280 (99.2584%)
entry 2983000/3004280 (99.2917%)
entry 2984000/3004280 (99.325%)
entry 2986000/3004280 (99.3915%)
entry 2987000/3004280 (99.4248%)
entry 2988000/3004280 (99.4581%)
entry 2991000/3004280 (99.558%)
entry 2993000/3004280 (99.6245%)
entry 2994000/3004280 (99.6578%)
entry 2995000/3004280 (99.6911%)
entry 2997000/3004280 (99.7577%)
entry 2998000/3004280 (99.791%)
entry 3002000/3004280 (99.9241%)
entry 3003000/3004280 (99.9574%)
entry 3004000/3004280 (99.9907%)
all done
script done
