sphnx1092.sdcc.bnl.gov
rsyncing from /gpfs/mnt/gpfs02/sphenix/user/samfred/run25/ppg11/histmaking
running: /gpfs/mnt/gpfs02/sphenix/user/samfred/run25/ppg11/histmaking/script_data.sh 52304
LD_LIBRARY_PATH now /sphenix/user/samfred/run25/install//lib:/cvmfs/sphenix.sdcc.bnl.gov/alma9.2-gcc-14.2.0/opt/sphenix/core/gcc/14.2.0-2f0a0/x86_64-el9/lib:/cvmfs/sphenix.sdcc.bnl.gov/alma9.2-gcc-14.2.0/opt/sphenix/core/gcc/14.2.0-2f0a0/x86_64-el9/lib64:/cvmfs/sphenix.sdcc.bnl.gov/alma9.2-gcc-14.2.0/opt/sphenix/core/binutils/2.40-acaab/x86_64-el9/lib:.:/cvmfs/sphenix.sdcc.bnl.gov/alma9.2-gcc-14.2.0/release/release_new/new.10/lib64:/cvmfs/sphenix.sdcc.bnl.gov/alma9.2-gcc-14.2.0/release/release_new/new.10/lib:/cvmfs/sphenix.sdcc.bnl.gov/alma9.2-gcc-14.2.0/opt/sphenix/utils/lib:/cvmfs/sphenix.sdcc.bnl.gov/alma9.2-gcc-14.2.0/opt/sphenix/core/lib:/cvmfs/sphenix.sdcc.bnl.gov/alma9.2-gcc-14.2.0/opt/sphenix/core/root-6.32.06/lib:/cvmfs/sphenix.sdcc.bnl.gov/alma9.2-gcc-14.2.0/opt/sphenix/core/geant4.10.07.p04/lib64:/cvmfs/sphenix.sdcc.bnl.gov/alma9.2-gcc-14.2.0/opt/sphenix/core/lhapdf-5.9.1/lib:/usr/local/lib64:/usr/lib64
PATH now /sphenix/user/samfred/run25/install//bin:/cvmfs/sphenix.sdcc.bnl.gov/alma9.2-gcc-14.2.0/opt/sphenix/core/gcc/14.2.0-2f0a0/x86_64-el9/bin:/cvmfs/sphenix.sdcc.bnl.gov/alma9.2-gcc-14.2.0/opt/sphenix/core/binutils/2.40-acaab/x86_64-el9/bin:.:/cvmfs/sphenix.sdcc.bnl.gov/alma9.2-gcc-14.2.0/release/release_new/new.10/bin:/cvmfs/sphenix.sdcc.bnl.gov/alma9.2-gcc-14.2.0/opt/sphenix/utils/bin:/cvmfs/sphenix.sdcc.bnl.gov/alma9.2-gcc-14.2.0/opt/sphenix/core/bin:/cvmfs/sphenix.sdcc.bnl.gov/alma9.2-gcc-14.2.0/opt/sphenix/core/root-6.32.06/bin:/cvmfs/sphenix.sdcc.bnl.gov/alma9.2-gcc-14.2.0/opt/sphenix/core/geant4.10.07.p04/bin:/usr/local/bin:/usr/bin:/usr/local/sbin:/usr/sbin
_CONDOR_ANCESTOR_287967=288002:1756523320:967137808
SINGULARITY_CACHEDIR=/home/condor/local/sphnx/execute/dir_1729650
_CONDOR_CHIRP_CONFIG=/home/condor/local/sphnx/execute/dir_1729650/.chirp.config
_CONDOR_JOB_IWD=/sphenix/user/samfred/run25/ppg11/histmaking
G4ENSDFSTATEDATA=/cvmfs/sphenix.sdcc.bnl.gov/alma9.2-gcc-14.2.0/opt/sphenix/core/geant4.10.07.p04/share/Geant4-10.7.4/data/G4ENSDFSTATE2.3
_CONDOR_MACHINE_AD=/home/condor/local/sphnx/execute/dir_1729650/.machine.ad
ROOT_MAX_THREADS=1
NUMEXPR_NUM_THREADS=1
CUBACORES=1
_CHIRP_DELAYED_UPDATE_PREFIX=Chirp*
OMP_THREAD_LIMIT=1
G4PIIDATA=/cvmfs/sphenix.sdcc.bnl.gov/alma9.2-gcc-14.2.0/opt/sphenix/core/geant4.10.07.p04/share/Geant4-10.7.4/data/G4PII1.3
NO_AT_BRIDGE=1
G4_MAIN=/cvmfs/sphenix.sdcc.bnl.gov/alma9.2-gcc-14.2.0/opt/sphenix/core/geant4.10.07.p04
COMPILER_PATH=/cvmfs/sphenix.sdcc.bnl.gov/alma9.2-gcc-14.2.0/opt/sphenix/core/gcc/14.2.0-2f0a0/x86_64-el9
ROOT_INCLUDE_PATH=./:/sphenix/user/samfred/run25/install//include:/sphenix/user/samfred/run25/install//include/caloana:/sphenix/user/samfred/run25/install//include/qa_centrality:/sphenix/user/samfred/run25/install//include/mbdana:/sphenix/user/samfred/run25/install//include/centrality:/sphenix/user/samfred/run25/install//include/Event:/cvmfs/sphenix.sdcc.bnl.gov/alma9.2-gcc-14.2.0/release/release_new/new.10/include:/cvmfs/sphenix.sdcc.bnl.gov/alma9.2-gcc-14.2.0/release/release_new/new.10/include:/cvmfs/sphenix.sdcc.bnl.gov/alma9.2-gcc-14.2.0/release/release_new/new.10/include/g4mbd:/cvmfs/sphenix.sdcc.bnl.gov/alma9.2-gcc-14.2.0/release/release_new/new.10/include/fmt:/cvmfs/sphenix.sdcc.bnl.gov/alma9.2-gcc-14.2.0/release/release_new/new.10/include/ffarawobjects:/cvmfs/sphenix.sdcc.bnl.gov/alma9.2-gcc-14.2.0/release/release_new/new.10/include/JSON:/cvmfs/sphenix.sdcc.bnl.gov/alma9.2-gcc-14.2.0/release/release_new/new.10/include/calotreegen:/cvmfs/sphenix.sdcc.bnl.gov/alma9.2-gcc-14.2.0/release/release_new/new.10/include/torch:/cvmfs/sphenix.sdcc.bnl.gov/alma9.2-gcc-14.2.0/release/release_new/new.10/include/g4detectors:/cvmfs/sphenix.sdcc.bnl.gov/alma9.2-gcc-14.2.0/release/release_new/new.10/include/kineto:/cvmfs/sphenix.sdcc.bnl.gov/alma9.2-gcc-14.2.0/release/release_new/new.10/include/g4decayer:/cvmfs/sphenix.sdcc.bnl.gov/alma9.2-gcc-14.2.0/release/release_new/new.10/include/kfparticleqa:/cvmfs/sphenix.sdcc.bnl.gov/alma9.2-gcc-14.2.0/release/release_new/new.10/include/phfield:/cvmfs/sphenix.sdcc.bnl.gov/alma9.2-gcc-14.2.0/release/release_new/new.10/include/LHAPDF:/cvmfs/sphenix.sdcc.bnl.gov/alma9.2-gcc-14.2.0/release/release_new/new.10/include/readdigitalcurrents:/cvmfs/sphenix.sdcc.bnl.gov/alma9.2-gcc-14.2.0/release/release_new/new.10/include/c10:/cvmfs/sphenix.sdcc.bnl.gov/alma9.2-gcc-14.2.0/release/release_new/new.10/include/calovalid:/cvmfs/sphenix.sdcc.bnl.gov/alma9.2-gcc-14.2.0/release/release_new/new.10/include/oneapi:/cvmfs/sphenix.sdcc.bnl.gov/alma9.2-gcc-14.2.0/release/release_new/new.10/include/DDCond:/cvmfs/sphenix.sdcc.bnl.gov/alma9.2-gcc-14.2.0/release/release_new/new.10/include/g4tracking:/cvmfs/sphenix.sdcc.bnl.gov/alma9.2-gcc-14.2.0/release/release_new/new.10/include/litecaloeval:/cvmfs/sphenix.sdcc.bnl.gov/alma9.2-gcc-14.2.0/release/release_new/new.10/include/g4intt:/cvmfs/sphenix.sdcc.bnl.gov/alma9.2-gcc-14.2.0/release/release_new/new.10/include/phool:/cvmfs/sphenix.sdcc.bnl.gov/alma9.2-gcc-14.2.0/release/release_new/new.10/include/boost:/cvmfs/sphenix.sdcc.bnl.gov/alma9.2-gcc-14.2.0/release/release_new/new.10/include/Pythia8Plugins:/cvmfs/sphenix.sdcc.bnl.gov/alma9.2-gcc-14.2.0/release/release_new/new.10/include/calib_emc_pi0:/cvmfs/sphenix.sdcc.bnl.gov/alma9.2-gcc-14.2.0/release/release_new/new.10/include/hijingflipafterburner:/cvmfs/sphenix.sdcc.bnl.gov/alma9.2-gcc-14.2.0/release/release_new/new.10/include/ffaobjects:/cvmfs/sphenix.sdcc.bnl.gov/alma9.2-gcc-14.2.0/release/release_new/new.10/include/EvtGenBase:/cvmfs/sphenix.sdcc.bnl.gov/alma9.2-gcc-14.2.0/release/release_new/new.10/include/flowafterburner:/cvmfs/sphenix.sdcc.bnl.gov/alma9.2-gcc-14.2.0/release/release_new/new.10/include/google:/cvmfs/sphenix.sdcc.bnl.gov/alma9.2-gcc-14.2.0/release/release_new/new.10/include/g4tpc:/cvmfs/sphenix.sdcc.bnl.gov/alma9.2-gcc-14.2.0/release/release_new/new.10/include/caffe2:/cvmfs/sphenix.sdcc.bnl.gov/alma9.2-gcc-14.2.0/release/release_new/new.10/include/EvtGenExternal:/cvmfs/sphenix.sdcc.bnl.gov/alma9.2-gcc-14.2.0/release/release_new/new.10/include/fp16:/cvmfs/sphenix.sdcc.bnl.gov/alma9.2-gcc-14.2.0/release/release_new/new.10/include/ffamodules:/cvmfs/sphenix.sdcc.bnl.gov/alma9.2-gcc-14.2.0/release/release_new/new.10/include/uspin:/cvmfs/sphenix.sdcc.bnl.gov/alma9.2-gcc-14.2.0/release/release_new/new.10/include/Herwig:/cvmfs/sphenix.sdcc.bnl.gov/alma9.2-gcc-14.2.0/release/release_new/new.10/include/genfitexp:/cvmfs/sphenix.sdcc.bnl.gov/alma9.2-gcc-14.2.0/release/release_new/new.10/include/XML:/cvmfs/sphenix.sdcc.bnl.gov/alma9.2-gcc-14.2.0/release/release_new/new.10/include/fbgemm:/cvmfs/sphenix.sdcc.bnl.gov/alma9.2-gcc-14.2.0/release/release_new/new.10/include/DDAlign:/cvmfs/sphenix.sdcc.bnl.gov/alma9.2-gcc-14.2.0/release/release_new/new.10/include/g4mvtx:/cvmfs/sphenix.sdcc.bnl.gov/alma9.2-gcc-14.2.0/release/release_new/new.10/include/kfparticle_sphenix:/cvmfs/sphenix.sdcc.bnl.gov/alma9.2-gcc-14.2.0/release/release_new/new.10/include/fun4all:/cvmfs/sphenix.sdcc.bnl.gov/alma9.2-gcc-14.2.0/release/release_new/new.10/include/intt:/cvmfs/sphenix.sdcc.bnl.gov/alma9.2-gcc-14.2.0/release/release_new/new.10/include/eventdisplay:/cvmfs/sphenix.sdcc.bnl.gov/alma9.2-gcc-14.2.0/release/release_new/new.10/include/EvtGen:/cvmfs/sphenix.sdcc.bnl.gov/alma9.2-gcc-14.2.0/release/release_new/new.10/include/Evaluator:/cvmfs/sphenix.sdcc.bnl.gov/alma9.2-gcc-14.2.0/release/release_new/new.10/include/tpc:/cvmfs/sphenix.sdcc.bnl.gov/alma9.2-gcc-14.2.0/release/release_new/new.10/include/GenFit:/cvmfs/sphenix.sdcc.bnl.gov/alma9.2-gcc-14.2.0/release/release_new/new.10/include/prototype4:/cvmfs/sphenix.sdcc.bnl.gov/alma9.2-gcc-14.2.0/release/release_new/new.10/include/caloembedding:/cvmfs/sphenix.sdcc.bnl.gov/alma9.2-gcc-14.2.0/release/release_new/new.10/include/EvtGenModels:/cvmfs/sphenix.sdcc.bnl.gov/alma9.2-gcc-14.2.0/release/release_new/new.10/include/fastjet:/cvmfs/sphenix.sdcc.bnl.gov/alma9.2-gcc-14.2.0/release/release_new/new.10/include/DDG4:/cvmfs/sphenix.sdcc.bnl.gov/alma9.2-gcc-14.2.0/release/release_new/new.10/include/mbd:/cvmfs/sphenix.sdcc.bnl.gov/alma9.2-gcc-14.2.0/release/release_new/new.10/include/tbb:/cvmfs/sphenix.sdcc.bnl.gov/alma9.2-gcc-14.2.0/release/release_new/new.10/include/phgeom:/cvmfs/sphenix.sdcc.bnl.gov/alma9.2-gcc-14.2.0/release/release_new/new.10/include/g4epd:/cvmfs/sphenix.sdcc.bnl.gov/alma9.2-gcc-14.2.0/release/release_new/new.10/include/oncal:/cvmfs/sphenix.sdcc.bnl.gov/alma9.2-gcc-14.2.0/release/release_new/new.10/include/pybind11:/cvmfs/sphenix.sdcc.bnl.gov/alma9.2-gcc-14.2.0/release/release_new/new.10/include/tpcdistgenerator:/cvmfs/sphenix.sdcc.bnl.gov/alma9.2-gcc-14.2.0/release/release_new/new.10/include/cdbobjects:/cvmfs/sphenix.sdcc.bnl.gov/alma9.2-gcc-14.2.0/release/release_new/new.10/include/g4micromegas:/cvmfs/sphenix.sdcc.bnl.gov/alma9.2-gcc-14.2.0/release/release_new/new.10/include/g4eval:/cvmfs/sphenix.sdcc.bnl.gov/alma9.2-gcc-14.2.0/release/release_new/new.10/include/jetbackground:/cvmfs/sphenix.sdcc.bnl.gov/alma9.2-gcc-14.2.0/release/release_new/new.10/include/micromegas:/cvmfs/sphenix.sdcc.bnl.gov/alma9.2-gcc-14.2.0/release/release_new/new.10/include/hftrackefficiency:/cvmfs/sphenix.sdcc.bnl.gov/alma9.2-gcc-14.2.0/release/release_new/new.10/include/inttrawhitqa:/cvmfs/sphenix.sdcc.bnl.gov/alma9.2-gcc-14.2.0/release/release_new/new.10/include/centrality:/cvmfs/sphenix.sdcc.bnl.gov/alma9.2-gcc-14.2.0/release/release_new/new.10/include/epd:/cvmfs/sphenix.sdcc.bnl.gov/alma9.2-gcc-14.2.0/release/release_new/new.10/include/caloreco:/cvmfs/sphenix.sdcc.bnl.gov/alma9.2-gcc-14.2.0/release/release_new/new.10/include/HepMC:/cvmfs/sphenix.sdcc.bnl.gov/alma9.2-gcc-14.2.0/release/release_new/new.10/include/CLHEP:/cvmfs/sphenix.sdcc.bnl.gov/alma9.2-gcc-14.2.0/release/release_new/new.10/include/Acts:/cvmfs/sphenix.sdcc.bnl.gov/alma9.2-gcc-14.2.0/release/release_new/new.10/include/g4histos:/cvmfs/sphenix.sdcc.bnl.gov/alma9.2-gcc-14.2.0/release/release_new/new.10/include/eventplaneinfo:/cvmfs/sphenix.sdcc.bnl.gov/alma9.2-gcc-14.2.0/release/release_new/new.10/include/fillspacechargemaps:/cvmfs/sphenix.sdcc.bnl.gov/alma9.2-gcc-14.2.0/release/release_new/new.10/include/phhepmc:/cvmfs/sphenix.sdcc.bnl.gov/alma9.2-gcc-14.2.0/release/release_new/new.10/include/trackingqa:/cvmfs/sphenix.sdcc.bnl.gov/alma9.2-gcc-14.2.0/release/release_new/new.10/include/qautils:/cvmfs/sphenix.sdcc.bnl.gov/alma9.2-gcc-14.2.0/release/release_new/new.10/include/trackreco:/cvmfs/sphenix.sdcc.bnl.gov/alma9.2-gcc-14.2.0/release/release_new/new.10/include/g4ohcal:/cvmfs/sphenix.sdcc.bnl.gov/alma9.2-gcc-14.2.0/release/release_new/new.10/include/tpcdvcalib:/cvmfs/sphenix.sdcc.bnl.gov/alma9.2-gcc-14.2.0/release/release_new/new.10/include/zdcinfo:/cvmfs/sphenix.sdcc.bnl.gov/alma9.2-gcc-14.2.0/release/release_new/new.10/include/phpythia8:/cvmfs/sphenix.sdcc.bnl.gov/alma9.2-gcc-14.2.0/release/release_new/new.10/include/fun4allutils:/cvmfs/sphenix.sdcc.bnl.gov/alma9.2-gcc-14.2.0/release/release_new/new.10/include/tpcqa:/cvmfs/sphenix.sdcc.bnl.gov/alma9.2-gcc-14.2.0/release/release_new/new.10/include/Pythia8:/cvmfs/sphenix.sdcc.bnl.gov/alma9.2-gcc-14.2.0/release/release_new/new.10/include/DDRec:/cvmfs/sphenix.sdcc.bnl.gov/alma9.2-gcc-14.2.0/release/release_new/new.10/include/DDDigi:/cvmfs/sphenix.sdcc.bnl.gov/alma9.2-gcc-14.2.0/release/release_new/new.10/include/g4ihcal:/cvmfs/sphenix.sdcc.bnl.gov/alma9.2-gcc-14.2.0/release/release_new/new.10/include/frog:/cvmfs/sphenix.sdcc.bnl.gov/alma9.2-gcc-14.2.0/release/release_new/new.10/include/eigen3:/cvmfs/sphenix.sdcc.bnl.gov/alma9.2-gcc-14.2.0/release/release_new/new.10/include/tensorpipe:/cvmfs/sphenix.sdcc.bnl.gov/alma9.2-gcc-14.2.0/release/release_new/new.10/include/sphenixnpc:/cvmfs/sphenix.sdcc.bnl.gov/alma9.2-gcc-14.2.0/release/release_new/new.10/include/siscone:/cvmfs/sphenix.sdcc.bnl.gov/alma9.2-gcc-14.2.0/release/release_new/new.10/include/pmonitor:/cvmfs/sphenix.sdcc.bnl.gov/alma9.2-gcc-14.2.0/release/release_new/new.10/include/calobase:/cvmfs/sphenix.sdcc.bnl.gov/alma9.2-gcc-14.2.0/release/release_new/new.10/include/ActsExamples:/cvmfs/sphenix.sdcc.bnl.gov/alma9.2-gcc-14.2.0/release/release_new/new.10/include/g4gdml:/cvmfs/sphenix.sdcc.bnl.gov/alma9.2-gcc-14.2.0/release/release_new/new.10/include/mvtx_decoder:/cvmfs/sphenix.sdcc.bnl.gov/alma9.2-gcc-14.2.0/release/release_new/new.10/include/ROOT:/cvmfs/sphenix.sdcc.bnl.gov/alma9.2-gcc-14.2.0/release/release_new/new.10/include/phparameter:/cvmfs/sphenix.sdcc.bnl.gov/alma9.2-gcc-14.2.0/release/release_new/new.10/include/rsa:/cvmfs/sphenix.sdcc.bnl.gov/alma9.2-gcc-14.2.0/release/release_new/new.10/include/fun4allraw:/cvmfs/sphenix.sdcc.bnl.gov/alma9.2-gcc-14.2.0/release/release_new/new.10/include/trackbase_historic:/cvmfs/sphenix.sdcc.bnl.gov/alma9.2-gcc-14.2.0/release/release_new/new.10/include/g4jets:/cvmfs/sphenix.sdcc.bnl.gov/alma9.2-gcc-14.2.0/release/release_new/new.10/include/jetqa:/cvmfs/sphenix.sdcc.bnl.gov/alma9.2-gcc-14.2.0/release/release_new/new.10/include/phoolraw:/cvmfs/sphenix.sdcc.bnl.gov/alma9.2-gcc-14.2.0/release/release_new/new.10/include/g4calo:/cvmfs/sphenix.sdcc.bnl.gov/alma9.2-gcc-14.2.0/release/release_new/new.10/include/mvtxrawhitqa:/cvmfs/sphenix.sdcc.bnl.gov/alma9.2-gcc-14.2.0/release/release_new/new.10/include/HepMC3:/cvmfs/sphenix.sdcc.bnl.gov/alma9.2-gcc-14.2.0/release/release_new/new.10/include/calowaveformsim:/cvmfs/sphenix.sdcc.bnl.gov/alma9.2-gcc-14.2.0/release/release_new/new.10/include/g4caloprototype:/cvmfs/sphenix.sdcc.bnl.gov/alma9.2-gcc-14.2.0/release/release_new/new.10/include/pdbcalbase:/cvmfs/sphenix.sdcc.bnl.gov/alma9.2-gcc-14.2.0/release/release_new/new.10/include/gsl:/cvmfs/sphenix.sdcc.bnl.gov/alma9.2-gcc-14.2.0/release/release_new/new.10/include/nodedump:/cvmfs/sphenix.sdcc.bnl.gov/alma9.2-gcc-14.2.0/release/release_new/new.10/include/emcnoisytowerfinder:/cvmfs/sphenix.sdcc.bnl.gov/alma9.2-gcc-14.2.0/release/release_new/new.10/include/ActsFatras:/cvmfs/sphenix.sdcc.bnl.gov/alma9.2-gcc-14.2.0/release/release_new/new.10/include/ffarawmodules:/cvmfs/sphenix.sdcc.bnl.gov/alma9.2-gcc-14.2.0/release/release_new/new.10/include/Event:/cvmfs/sphenix.sdcc.bnl.gov/alma9.2-gcc-14.2.0/release/release_new/new.10/include/prototype3:/cvmfs/sphenix.sdcc.bnl.gov/alma9.2-gcc-14.2.0/release/release_new/new.10/include/fermimotionafterburner:/cvmfs/sphenix.sdcc.bnl.gov/alma9.2-gcc-14.2.0/release/release_new/new.10/include/Photos:/cvmfs/sphenix.sdcc.bnl.gov/alma9.2-gcc-14.2.0/release/release_new/new.10/include/xingshiftcal:/cvmfs/sphenix.sdcc.bnl.gov/alma9.2-gcc-14.2.0/release/release_new/new.10/include/trackbase:/cvmfs/sphenix.sdcc.bnl.gov/alma9.2-gcc-14.2.0/release/release_new/new.10/include/jetdstskimmer:/cvmfs/sphenix.sdcc.bnl.gov/alma9.2-gcc-14.2.0/release/release_new/new.10/include/clusteriso:/cvmfs/sphenix.sdcc.bnl.gov/alma9.2-gcc-14.2.0/release/release_new/new.10/include/asmjit:/cvmfs/sphenix.sdcc.bnl.gov/alma9.2-gcc-14.2.0/release/release_new/new.10/include/particleflowreco:/cvmfs/sphenix.sdcc.bnl.gov/alma9.2-gcc-14.2.0/release/release_new/new.10/include/tpchittrackdisplay:/cvmfs/sphenix.sdcc.bnl.gov/alma9.2-gcc-14.2.0/release/release_new/new.10/include/caloana:/cvmfs/sphenix.sdcc.bnl.gov/alma9.2-gcc-14.2.0/release/release_new/new.10/include/calotrigger:/cvmfs/sphenix.sdcc.bnl.gov/alma9.2-gcc-14.2.0/release/release_new/new.10/include/nopayloadclient:/cvmfs/sphenix.sdcc.bnl.gov/alma9.2-gcc-14.2.0/release/release_new/new.10/include/trackermillepedealignment:/cvmfs/sphenix.sdcc.bnl.gov/alma9.2-gcc-14.2.0/release/release_new/new.10/include/DD4hep:/cvmfs/sphenix.sdcc.bnl.gov/alma9.2-gcc-14.2.0/release/release_new/new.10/include/g4trackfastsim:/cvmfs/sphenix.sdcc.bnl.gov/alma9.2-gcc-14.2.0/release/release_new/new.10/include/prototype2:/cvmfs/sphenix.sdcc.bnl.gov/alma9.2-gcc-14.2.0/release/release_new/new.10/include/ATen:/cvmfs/sphenix.sdcc.bnl.gov/alma9.2-gcc-14.2.0/release/release_new/new.10/include/g4main:/cvmfs/sphenix.sdcc.bnl.gov/alma9.2-gcc-14.2.0/release/release_new/new.10/include/Tauola:/cvmfs/sphenix.sdcc.bnl.gov/alma9.2-gcc-14.2.0/release/release_new/new.10/include/inttcalib:/cvmfs/sphenix.sdcc.bnl.gov/alma9.2-gcc-14.2.0/release/release_new/new.10/include/reactionplaneafterburner:/cvmfs/sphenix.sdcc.bnl.gov/alma9.2-gcc-14.2.0/release/release_new/new.10/include/globalqa:/cvmfs/sphenix.sdcc.bnl.gov/alma9.2-gcc-14.2.0/release/release_new/new.10/include/tpccalib:/cvmfs/sphenix.sdcc.bnl.gov/alma9.2-gcc-14.2.0/release/release_new/new.10/include/DDSegmentation:/cvmfs/sphenix.sdcc.bnl.gov/alma9.2-gcc-14.2.0/release/release_new/new.10/include/decayfinder:/cvmfs/sphenix.sdcc.bnl.gov/alma9.2-gcc-14.2.0/release/release_new/new.10/include/compressclus:/cvmfs/sphenix.sdcc.bnl.gov/alma9.2-gcc-14.2.0/release/release_new/new.10/include/simqa_modules:/cvmfs/sphenix.sdcc.bnl.gov/alma9.2-gcc-14.2.0/release/release_new/new.10/include/resonancejettagging:/cvmfs/sphenix.sdcc.bnl.gov/alma9.2-gcc-14.2.0/release/release_new/new.10/include/g4centrality:/cvmfs/sphenix.sdcc.bnl.gov/alma9.2-gcc-14.2.0/release/release_new/new.10/include/mvtx:/cvmfs/sphenix.sdcc.bnl.gov/alma9.2-gcc-14.2.0/release/release_new/new.10/include/nlohmann:/cvmfs/sphenix.sdcc.bnl.gov/alma9.2-gcc-14.2.0/release/release_new/new.10/include/localpoloffmon:/cvmfs/sphenix.sdcc.bnl.gov/alma9.2-gcc-14.2.0/release/release_new/new.10/include/DDEve:/cvmfs/sphenix.sdcc.bnl.gov/alma9.2-gcc-14.2.0/release/release_new/new.10/include/Parsers:/cvmfs/sphenix.sdcc.bnl.gov/alma9.2-gcc-14.2.0/release/release_new/new.10/include/trackingdiagnostics:/cvmfs/sphenix.sdcc.bnl.gov/alma9.2-gcc-14.2.0/release/release_new/new.10/include/g4vertex:/cvmfs/sphenix.sdcc.bnl.gov/alma9.2-gcc-14.2.0/release/release_new/new.10/include/jetbase:/cvmfs/sphenix.sdcc.bnl.gov/alma9.2-gcc-14.2.0/release/release_new/new.10/include/globalvertex:/cvmfs/sphenix.sdcc.bnl.gov/alma9.2-gcc-14.2.0/release/release_new/new.10/include/phgenfit:/cvmfs/sphenix.sdcc.bnl.gov/alma9.2-gcc-14.2.0/release/release_new/new.10/include/rawbcolumi:/cvmfs/sphenix.sdcc.bnl.gov/alma9.2-gcc-14.2.0/release/release_new/new.10/include/eicsmear:/cvmfs/sphenix.sdcc.bnl.gov/alma9.2-gcc-14.2.0/release/release_new/new.10/include/mvtxcalib:/cvmfs/sphenix.sdcc.bnl.gov/alma9.2-gcc-14.2.0/release/release_new/new.10/include/tpclinelaserdiode:/cvmfs/sphenix.sdcc.bnl.gov/alma9.2-gcc-14.2.0/release/release_new/new.10/include/hepmcjettrigger:/cvmfs/sphenix.sdcc.bnl.gov/alma9.2-gcc-14.2.0/release/release_new/new.10/include/core:/cvmfs/sphenix.sdcc.bnl.gov/alma9.2-gcc-14.2.0/release/release_new/new.10/include/calo_cdb:/cvmfs/sphenix.sdcc.bnl.gov/alma9.2-gcc-14.2.0/release/release_new/new.10/include/mvtxclustershapesqa:/cvmfs/sphenix.sdcc.bnl.gov/alma9.2-gcc-14.2.0/release/release_new/new.10/include/calopacketskimmer:/cvmfs/sphenix.sdcc.bnl.gov/alma9.2-gcc-14.2.0/opt/sphenix/core/geant4.10.07.p04/include:/cvmfs/sphenix.sdcc.bnl.gov/alma9.2-gcc-14.2.0/release/release_new/new.10/rootmacros:/cvmfs/sphenix.sdcc.bnl.gov/alma9.2-gcc-14.2.0/opt/sphenix/core/include
GSEARCHPATH=.:PG:LUSTRE:RAWDATA
PWD=/gpfs/mnt/gpfs02/sphenix/user/samfred/run25/ppg11/histmaking
LOGNAME=samfred
_CONDOR_JOB_AD=/home/condor/local/sphnx/execute/dir_1729650/.job.ad
MANPATH=/cvmfs/sphenix.sdcc.bnl.gov/alma9.2-gcc-14.2.0/opt/sphenix/core/gcc/14.2.0-2f0a0/x86_64-el9/share/man:/cvmfs/sphenix.sdcc.bnl.gov/alma9.2-gcc-14.2.0/opt/sphenix/core/binutils/2.40-acaab/x86_64-el9/share/man:/cvmfs/sphenix.sdcc.bnl.gov/alma9.2-gcc-14.2.0/release/release_new/new.10/share/man:/cvmfs/sphenix.sdcc.bnl.gov/alma9.2-gcc-14.2.0/opt/sphenix/utils/share/man:/cvmfs/sphenix.sdcc.bnl.gov/alma9.2-gcc-14.2.0/opt/sphenix/core/share/man:/cvmfs/sphenix.sdcc.bnl.gov/alma9.2-gcc-14.2.0/opt/sphenix/core/root-6.32.06/man:/usr/local/share/man:/usr/share/man
PYTHIA8=/cvmfs/sphenix.sdcc.bnl.gov/alma9.2-gcc-14.2.0/release/release_new/new.10/share/Pythia8
G4INCLDATA=/cvmfs/sphenix.sdcc.bnl.gov/alma9.2-gcc-14.2.0/opt/sphenix/core/geant4.10.07.p04/share/Geant4-10.7.4/data/G4INCL1.0
ORIG_PATH=/usr/local/bin:/usr/bin
CXX=/cvmfs/sphenix.sdcc.bnl.gov/alma9.2-gcc-14.2.0/opt/sphenix/core/gcc/14.2.0-2f0a0/x86_64-el9/bin/g++
G4LEDATA=/cvmfs/sphenix.sdcc.bnl.gov/alma9.2-gcc-14.2.0/opt/sphenix/core/geant4.10.07.p04/share/Geant4-10.7.4/data/G4EMLOW7.13
PYTHON_CPU_COUNT=1
OPENBLAS_NUM_THREADS=1
_CONDOR_BIN=/usr/bin
HOME=/sphenix/u/samfred
G4PARTICLEXSDATA=/cvmfs/sphenix.sdcc.bnl.gov/alma9.2-gcc-14.2.0/opt/sphenix/core/geant4.10.07.p04/share/Geant4-10.7.4/data/G4PARTICLEXS3.1.1
ONLINE_MAIN=/cvmfs/sphenix.sdcc.bnl.gov/alma9.2-gcc-14.2.0/release/release_new/new.10
CALIBRATIONROOT=/cvmfs/sphenix.sdcc.bnl.gov/alma9.2-gcc-14.2.0/release/release_new/new.10/share/calibrations
TMPDIR=/tmp
_CONDOR_SCRATCH_DIR=/home/condor/local/sphnx/execute/dir_1729650
PGUSER=phnxrc
NOPAYLOADCLIENT_CONF=/cvmfs/sphenix.sdcc.bnl.gov/alma9.2-gcc-14.2.0/opt/sphenix/core/etc/sPHENIX_newcdb.json
_CONDOR_ANCESTOR_288002=1729650:1759352732:3577363226
XERCESCROOT=/cvmfs/sphenix.sdcc.bnl.gov/alma9.2-gcc-14.2.0/opt/sphenix/core/geant4.10.07.p04
LHAPATH=/cvmfs/sphenix.sdcc.bnl.gov/alma9.2-gcc-14.2.0/opt/sphenix/core/lhapdf-5.9.1/share/lhapdf/PDFsets
G4NEUTRONHPDATA=/cvmfs/sphenix.sdcc.bnl.gov/alma9.2-gcc-14.2.0/opt/sphenix/core/geant4.10.07.p04/share/Geant4-10.7.4/data/G4NDL4.6
PYTHONPATH=.:/cvmfs/sphenix.sdcc.bnl.gov/alma9.2-gcc-14.2.0/release/release_new/new.10/lib/python3.13/site-packages:/cvmfs/sphenix.sdcc.bnl.gov/alma9.2-gcc-14.2.0/opt/sphenix/core/lib/python3.13/site-packages:/cvmfs/sphenix.sdcc.bnl.gov/alma9.2-gcc-14.2.0/opt/sphenix/core/root-6.32.06/lib
USER=samfred
_CONDOR_JOB_PIDS=
TEMP=/tmp
GOMAXPROCS=1
OFFLINE_MAIN=/cvmfs/sphenix.sdcc.bnl.gov/alma9.2-gcc-14.2.0/release/release_new/new.10
SHLVL=1
TF_NUM_THREADS=1
G4SAIDXSDATA=/cvmfs/sphenix.sdcc.bnl.gov/alma9.2-gcc-14.2.0/opt/sphenix/core/geant4.10.07.p04/share/Geant4-10.7.4/data/G4SAIDDATA2.0
APPTAINER_CACHEDIR=/home/condor/local/sphnx/execute/dir_1729650
ROOTSYS=/cvmfs/sphenix.sdcc.bnl.gov/alma9.2-gcc-14.2.0/opt/sphenix/core/root-6.32.06
BATCH_SYSTEM=HTCondor
_CONDOR_SLOT=slot1_54
LD_LIBRARY_PATH=/sphenix/user/samfred/run25/install//lib:/cvmfs/sphenix.sdcc.bnl.gov/alma9.2-gcc-14.2.0/opt/sphenix/core/gcc/14.2.0-2f0a0/x86_64-el9/lib:/cvmfs/sphenix.sdcc.bnl.gov/alma9.2-gcc-14.2.0/opt/sphenix/core/gcc/14.2.0-2f0a0/x86_64-el9/lib64:/cvmfs/sphenix.sdcc.bnl.gov/alma9.2-gcc-14.2.0/opt/sphenix/core/binutils/2.40-acaab/x86_64-el9/lib:.:/cvmfs/sphenix.sdcc.bnl.gov/alma9.2-gcc-14.2.0/release/release_new/new.10/lib64:/cvmfs/sphenix.sdcc.bnl.gov/alma9.2-gcc-14.2.0/release/release_new/new.10/lib:/cvmfs/sphenix.sdcc.bnl.gov/alma9.2-gcc-14.2.0/opt/sphenix/utils/lib:/cvmfs/sphenix.sdcc.bnl.gov/alma9.2-gcc-14.2.0/opt/sphenix/core/lib:/cvmfs/sphenix.sdcc.bnl.gov/alma9.2-gcc-14.2.0/opt/sphenix/core/root-6.32.06/lib:/cvmfs/sphenix.sdcc.bnl.gov/alma9.2-gcc-14.2.0/opt/sphenix/core/geant4.10.07.p04/lib64:/cvmfs/sphenix.sdcc.bnl.gov/alma9.2-gcc-14.2.0/opt/sphenix/core/lhapdf-5.9.1/lib:/usr/local/lib64:/usr/lib64
OPT_SPHENIX=/cvmfs/sphenix.sdcc.bnl.gov/alma9.2-gcc-14.2.0/opt/sphenix/core
TF_LOOP_PARALLEL_ITERATIONS=1
EVT_LIB=/cvmfs/sphenix.sdcc.bnl.gov/alma9.2-gcc-14.2.0/opt/sphenix/core/root-6.32.06/lib
PGHOST=sphnxdbmaster.sdcc.bnl.gov
OMP_NUM_THREADS=1
G4REALSURFACEDATA=/cvmfs/sphenix.sdcc.bnl.gov/alma9.2-gcc-14.2.0/opt/sphenix/core/geant4.10.07.p04/share/Geant4-10.7.4/data/RealSurface2.2
FC=/cvmfs/sphenix.sdcc.bnl.gov/alma9.2-gcc-14.2.0/opt/sphenix/core/gcc/14.2.0-2f0a0/x86_64-el9/bin/gfortran
G4ABLADATA=/cvmfs/sphenix.sdcc.bnl.gov/alma9.2-gcc-14.2.0/opt/sphenix/core/geant4.10.07.p04/share/Geant4-10.7.4/data/G4ABLA3.1
_CONDOR_ANCESTOR_1729650=1738960:1759352732:3155352164
PARASOFT=doesnotexist
TMP=/tmp
OPT_UTILS=/cvmfs/sphenix.sdcc.bnl.gov/alma9.2-gcc-14.2.0/opt/sphenix/utils
CONFIG_SITE=/cvmfs/sphenix.sdcc.bnl.gov/alma9.2-gcc-14.2.0/opt/sphenix/core/etc/config.site
PATH=/sphenix/user/samfred/run25/install//bin:/cvmfs/sphenix.sdcc.bnl.gov/alma9.2-gcc-14.2.0/opt/sphenix/core/gcc/14.2.0-2f0a0/x86_64-el9/bin:/cvmfs/sphenix.sdcc.bnl.gov/alma9.2-gcc-14.2.0/opt/sphenix/core/binutils/2.40-acaab/x86_64-el9/bin:.:/cvmfs/sphenix.sdcc.bnl.gov/alma9.2-gcc-14.2.0/release/release_new/new.10/bin:/cvmfs/sphenix.sdcc.bnl.gov/alma9.2-gcc-14.2.0/opt/sphenix/utils/bin:/cvmfs/sphenix.sdcc.bnl.gov/alma9.2-gcc-14.2.0/opt/sphenix/core/bin:/cvmfs/sphenix.sdcc.bnl.gov/alma9.2-gcc-14.2.0/opt/sphenix/core/root-6.32.06/bin:/cvmfs/sphenix.sdcc.bnl.gov/alma9.2-gcc-14.2.0/opt/sphenix/core/geant4.10.07.p04/bin:/usr/local/bin:/usr/bin:/usr/local/sbin:/usr/sbin
G4LEVELGAMMADATA=/cvmfs/sphenix.sdcc.bnl.gov/alma9.2-gcc-14.2.0/opt/sphenix/core/geant4.10.07.p04/share/Geant4-10.7.4/data/PhotonEvaporation5.7
CC=/cvmfs/sphenix.sdcc.bnl.gov/alma9.2-gcc-14.2.0/opt/sphenix/core/gcc/14.2.0-2f0a0/x86_64-el9/bin/gcc
G4RADIOACTIVEDATA=/cvmfs/sphenix.sdcc.bnl.gov/alma9.2-gcc-14.2.0/opt/sphenix/core/geant4.10.07.p04/share/Geant4-10.7.4/data/RadioactiveDecay5.6
JULIA_NUM_THREADS=1
MKL_NUM_THREADS=1
LHAPDF_DATA_PATH=/cvmfs/sphenix.sdcc.bnl.gov/alma9.2-gcc-14.2.0/release/release_new/new.10/share/LHAPDF
XPLOAD_CONFIG_DIR=/cvmfs/sphenix.sdcc.bnl.gov/alma9.2-gcc-14.2.0/opt/sphenix/core/etc
OLDPWD=/cvmfs/sphenix.sdcc.bnl.gov/alma9.2-gcc-14.2.0/release/release_new/new.10/geant4
_=/usr/bin/printenv
runnumber...
52304
trigger...

   ------------------------------------------------------------------
  | Welcome to ROOT 6.32.06                        https://root.cern |
  | (c) 1995-2024, The ROOT Team; conception: R. Brun, F. Rademakers |
  | Built for linuxx8664gcc on Dec 13 2024, 17:23:48                 |
  | From tags/6-32-06@6-32-06                                        |
  | With g++ (GCC) 14.2.0                                            |
  | Try '.help'/'.?', '.demo', '.license', '.credits', '.quit'/'.q'  |
   ------------------------------------------------------------------


Processing data_histmaker.C(52304)...
entry 0/1697562 (0%)
entry 1000/1697562 (0.058908%)
entry 5000/1697562 (0.29454%)
entry 8000/1697562 (0.471264%)
entry 10000/1697562 (0.58908%)
entry 11000/1697562 (0.647988%)
entry 12000/1697562 (0.706896%)
entry 13000/1697562 (0.765804%)
entry 14000/1697562 (0.824712%)
entry 15000/1697562 (0.88362%)
entry 16000/1697562 (0.942528%)
entry 17000/1697562 (1.00144%)
entry 18000/1697562 (1.06034%)
entry 19000/1697562 (1.11925%)
entry 20000/1697562 (1.17816%)
entry 22000/1697562 (1.29598%)
entry 25000/1697562 (1.4727%)
entry 26000/1697562 (1.53161%)
entry 28000/1697562 (1.64942%)
entry 30000/1697562 (1.76724%)
entry 33000/1697562 (1.94396%)
entry 34000/1697562 (2.00287%)
entry 35000/1697562 (2.06178%)
entry 39000/1697562 (2.29741%)
entry 40000/1697562 (2.35632%)
entry 41000/1697562 (2.41523%)
entry 42000/1697562 (2.47414%)
entry 43000/1697562 (2.53304%)
entry 44000/1697562 (2.59195%)
entry 45000/1697562 (2.65086%)
entry 46000/1697562 (2.70977%)
entry 48000/1697562 (2.82758%)
entry 49000/1697562 (2.88649%)
entry 51000/1697562 (3.00431%)
entry 52000/1697562 (3.06322%)
entry 56000/1697562 (3.29885%)
entry 57000/1697562 (3.35776%)
entry 61000/1697562 (3.59339%)
entry 62000/1697562 (3.6523%)
entry 63000/1697562 (3.7112%)
entry 64000/1697562 (3.77011%)
entry 65000/1697562 (3.82902%)
entry 67000/1697562 (3.94684%)
entry 69000/1697562 (4.06465%)
entry 71000/1697562 (4.18247%)
entry 72000/1697562 (4.24138%)
entry 74000/1697562 (4.35919%)
entry 79000/1697562 (4.65373%)
entry 82000/1697562 (4.83046%)
entry 84000/1697562 (4.94827%)
entry 85000/1697562 (5.00718%)
entry 86000/1697562 (5.06609%)
entry 90000/1697562 (5.30172%)
entry 91000/1697562 (5.36063%)
entry 92000/1697562 (5.41954%)
entry 94000/1697562 (5.53735%)
entry 95000/1697562 (5.59626%)
entry 96000/1697562 (5.65517%)
entry 97000/1697562 (5.71408%)
entry 100000/1697562 (5.8908%)
entry 101000/1697562 (5.94971%)
entry 102000/1697562 (6.00862%)
entry 104000/1697562 (6.12643%)
entry 106000/1697562 (6.24425%)
entry 108000/1697562 (6.36206%)
entry 109000/1697562 (6.42097%)
entry 110000/1697562 (6.47988%)
entry 111000/1697562 (6.53879%)
entry 112000/1697562 (6.5977%)
entry 113000/1697562 (6.65661%)
entry 115000/1697562 (6.77442%)
entry 116000/1697562 (6.83333%)
entry 117000/1697562 (6.89224%)
entry 119000/1697562 (7.01005%)
entry 120000/1697562 (7.06896%)
entry 121000/1697562 (7.12787%)
entry 122000/1697562 (7.18678%)
entry 124000/1697562 (7.30459%)
entry 125000/1697562 (7.3635%)
entry 126000/1697562 (7.42241%)
entry 131000/1697562 (7.71695%)
entry 132000/1697562 (7.77586%)
entry 134000/1697562 (7.89367%)
entry 135000/1697562 (7.95258%)
entry 136000/1697562 (8.01149%)
entry 137000/1697562 (8.0704%)
entry 138000/1697562 (8.12931%)
entry 140000/1697562 (8.24712%)
entry 142000/1697562 (8.36494%)
entry 144000/1697562 (8.48275%)
entry 145000/1697562 (8.54166%)
entry 146000/1697562 (8.60057%)
entry 147000/1697562 (8.65948%)
entry 149000/1697562 (8.77729%)
entry 150000/1697562 (8.8362%)
entry 151000/1697562 (8.89511%)
entry 152000/1697562 (8.95402%)
entry 154000/1697562 (9.07183%)
entry 155000/1697562 (9.13074%)
entry 157000/1697562 (9.24856%)
entry 159000/1697562 (9.36637%)
entry 161000/1697562 (9.48419%)
entry 162000/1697562 (9.5431%)
entry 163000/1697562 (9.60201%)
entry 164000/1697562 (9.66091%)
entry 165000/1697562 (9.71982%)
entry 166000/1697562 (9.77873%)
entry 168000/1697562 (9.89655%)
entry 169000/1697562 (9.95545%)
entry 171000/1697562 (10.0733%)
entry 172000/1697562 (10.1322%)
entry 173000/1697562 (10.1911%)
entry 174000/1697562 (10.25%)
entry 175000/1697562 (10.3089%)
entry 176000/1697562 (10.3678%)
entry 179000/1697562 (10.5445%)
entry 182000/1697562 (10.7213%)
entry 190000/1697562 (11.1925%)
entry 192000/1697562 (11.3103%)
entry 193000/1697562 (11.3692%)
entry 194000/1697562 (11.4282%)
entry 199000/1697562 (11.7227%)
entry 200000/1697562 (11.7816%)
entry 202000/1697562 (11.8994%)
entry 204000/1697562 (12.0172%)
entry 205000/1697562 (12.0761%)
entry 207000/1697562 (12.194%)
entry 208000/1697562 (12.2529%)
entry 209000/1697562 (12.3118%)
entry 212000/1697562 (12.4885%)
entry 214000/1697562 (12.6063%)
entry 216000/1697562 (12.7241%)
entry 218000/1697562 (12.8419%)
entry 219000/1697562 (12.9009%)
entry 221000/1697562 (13.0187%)
entry 224000/1697562 (13.1954%)
entry 225000/1697562 (13.2543%)
entry 227000/1697562 (13.3721%)
entry 228000/1697562 (13.431%)
entry 229000/1697562 (13.4899%)
entry 230000/1697562 (13.5488%)
entry 232000/1697562 (13.6667%)
entry 233000/1697562 (13.7256%)
entry 235000/1697562 (13.8434%)
entry 236000/1697562 (13.9023%)
entry 237000/1697562 (13.9612%)
entry 238000/1697562 (14.0201%)
entry 239000/1697562 (14.079%)
entry 240000/1697562 (14.1379%)
entry 241000/1697562 (14.1968%)
entry 242000/1697562 (14.2557%)
entry 243000/1697562 (14.3146%)
entry 245000/1697562 (14.4325%)
entry 247000/1697562 (14.5503%)
entry 250000/1697562 (14.727%)
entry 251000/1697562 (14.7859%)
entry 253000/1697562 (14.9037%)
entry 257000/1697562 (15.1394%)
entry 262000/1697562 (15.4339%)
entry 263000/1697562 (15.4928%)
entry 264000/1697562 (15.5517%)
entry 265000/1697562 (15.6106%)
entry 267000/1697562 (15.7284%)
entry 268000/1697562 (15.7873%)
entry 270000/1697562 (15.9052%)
entry 271000/1697562 (15.9641%)
entry 272000/1697562 (16.023%)
entry 276000/1697562 (16.2586%)
entry 277000/1697562 (16.3175%)
entry 278000/1697562 (16.3764%)
entry 281000/1697562 (16.5532%)
entry 283000/1697562 (16.671%)
entry 287000/1697562 (16.9066%)
entry 288000/1697562 (16.9655%)
entry 289000/1697562 (17.0244%)
entry 290000/1697562 (17.0833%)
entry 291000/1697562 (17.1422%)
entry 292000/1697562 (17.2011%)
entry 293000/1697562 (17.26%)
entry 294000/1697562 (17.319%)
entry 295000/1697562 (17.3779%)
entry 297000/1697562 (17.4957%)
entry 298000/1697562 (17.5546%)
entry 299000/1697562 (17.6135%)
entry 301000/1697562 (17.7313%)
entry 302000/1697562 (17.7902%)
entry 303000/1697562 (17.8491%)
entry 304000/1697562 (17.908%)
entry 305000/1697562 (17.9669%)
entry 306000/1697562 (18.0259%)
entry 307000/1697562 (18.0848%)
entry 308000/1697562 (18.1437%)
entry 311000/1697562 (18.3204%)
entry 312000/1697562 (18.3793%)
entry 313000/1697562 (18.4382%)
entry 314000/1697562 (18.4971%)
entry 315000/1697562 (18.556%)
entry 316000/1697562 (18.6149%)
entry 317000/1697562 (18.6738%)
entry 319000/1697562 (18.7917%)
entry 320000/1697562 (18.8506%)
entry 322000/1697562 (18.9684%)
entry 326000/1697562 (19.204%)
entry 327000/1697562 (19.2629%)
entry 329000/1697562 (19.3807%)
entry 330000/1697562 (19.4396%)
entry 331000/1697562 (19.4986%)
entry 336000/1697562 (19.7931%)
entry 337000/1697562 (19.852%)
entry 338000/1697562 (19.9109%)
entry 339000/1697562 (19.9698%)
entry 340000/1697562 (20.0287%)
entry 342000/1697562 (20.1465%)
entry 343000/1697562 (20.2054%)
entry 345000/1697562 (20.3233%)
entry 346000/1697562 (20.3822%)
entry 347000/1697562 (20.4411%)
entry 348000/1697562 (20.5%)
entry 350000/1697562 (20.6178%)
entry 352000/1697562 (20.7356%)
entry 353000/1697562 (20.7945%)
entry 355000/1697562 (20.9123%)
entry 356000/1697562 (20.9713%)
entry 357000/1697562 (21.0302%)
entry 359000/1697562 (21.148%)
entry 360000/1697562 (21.2069%)
entry 362000/1697562 (21.3247%)
entry 363000/1697562 (21.3836%)
entry 364000/1697562 (21.4425%)
entry 365000/1697562 (21.5014%)
entry 366000/1697562 (21.5603%)
entry 369000/1697562 (21.7371%)
entry 372000/1697562 (21.9138%)
entry 373000/1697562 (21.9727%)
entry 374000/1697562 (22.0316%)
entry 375000/1697562 (22.0905%)
entry 379000/1697562 (22.3261%)
entry 380000/1697562 (22.385%)
entry 383000/1697562 (22.5618%)
entry 384000/1697562 (22.6207%)
entry 385000/1697562 (22.6796%)
entry 387000/1697562 (22.7974%)
entry 388000/1697562 (22.8563%)
entry 390000/1697562 (22.9741%)
entry 392000/1697562 (23.0919%)
entry 393000/1697562 (23.1508%)
entry 395000/1697562 (23.2687%)
entry 396000/1697562 (23.3276%)
entry 399000/1697562 (23.5043%)
entry 400000/1697562 (23.5632%)
entry 402000/1697562 (23.681%)
entry 403000/1697562 (23.7399%)
entry 407000/1697562 (23.9756%)
entry 408000/1697562 (24.0345%)
entry 409000/1697562 (24.0934%)
entry 410000/1697562 (24.1523%)
entry 416000/1697562 (24.5057%)
entry 418000/1697562 (24.6235%)
entry 420000/1697562 (24.7414%)
entry 421000/1697562 (24.8003%)
entry 423000/1697562 (24.9181%)
entry 424000/1697562 (24.977%)
entry 427000/1697562 (25.1537%)
entry 428000/1697562 (25.2126%)
entry 430000/1697562 (25.3304%)
entry 432000/1697562 (25.4483%)
entry 433000/1697562 (25.5072%)
entry 434000/1697562 (25.5661%)
entry 435000/1697562 (25.625%)
entry 439000/1697562 (25.8606%)
entry 440000/1697562 (25.9195%)
entry 441000/1697562 (25.9784%)
entry 442000/1697562 (26.0373%)
entry 443000/1697562 (26.0962%)
entry 444000/1697562 (26.1552%)
entry 446000/1697562 (26.273%)
entry 447000/1697562 (26.3319%)
entry 448000/1697562 (26.3908%)
entry 449000/1697562 (26.4497%)
entry 450000/1697562 (26.5086%)
entry 451000/1697562 (26.5675%)
entry 452000/1697562 (26.6264%)
entry 453000/1697562 (26.6853%)
entry 456000/1697562 (26.8621%)
entry 458000/1697562 (26.9799%)
entry 460000/1697562 (27.0977%)
entry 461000/1697562 (27.1566%)
entry 462000/1697562 (27.2155%)
entry 463000/1697562 (27.2744%)
entry 466000/1697562 (27.4511%)
entry 467000/1697562 (27.51%)
entry 469000/1697562 (27.6279%)
entry 473000/1697562 (27.8635%)
entry 474000/1697562 (27.9224%)
entry 475000/1697562 (27.9813%)
entry 476000/1697562 (28.0402%)
entry 478000/1697562 (28.158%)
entry 479000/1697562 (28.2169%)
entry 483000/1697562 (28.4526%)
entry 484000/1697562 (28.5115%)
entry 486000/1697562 (28.6293%)
entry 489000/1697562 (28.806%)
entry 490000/1697562 (28.8649%)
entry 492000/1697562 (28.9827%)
entry 494000/1697562 (29.1006%)
entry 496000/1697562 (29.2184%)
entry 498000/1697562 (29.3362%)
entry 499000/1697562 (29.3951%)
entry 500000/1697562 (29.454%)
entry 501000/1697562 (29.5129%)
entry 503000/1697562 (29.6307%)
entry 504000/1697562 (29.6896%)
entry 505000/1697562 (29.7485%)
entry 507000/1697562 (29.8664%)
entry 509000/1697562 (29.9842%)
entry 510000/1697562 (30.0431%)
entry 511000/1697562 (30.102%)
entry 514000/1697562 (30.2787%)
entry 516000/1697562 (30.3965%)
entry 523000/1697562 (30.8089%)
entry 524000/1697562 (30.8678%)
entry 525000/1697562 (30.9267%)
entry 527000/1697562 (31.0445%)
entry 529000/1697562 (31.1623%)
entry 530000/1697562 (31.2212%)
entry 531000/1697562 (31.2802%)
entry 533000/1697562 (31.398%)
entry 536000/1697562 (31.5747%)
entry 537000/1697562 (31.6336%)
entry 540000/1697562 (31.8103%)
entry 541000/1697562 (31.8692%)
entry 543000/1697562 (31.9871%)
entry 544000/1697562 (32.046%)
entry 547000/1697562 (32.2227%)
entry 550000/1697562 (32.3994%)
entry 552000/1697562 (32.5172%)
entry 553000/1697562 (32.5761%)
entry 555000/1697562 (32.6939%)
entry 557000/1697562 (32.8118%)
entry 558000/1697562 (32.8707%)
entry 559000/1697562 (32.9296%)
entry 560000/1697562 (32.9885%)
entry 561000/1697562 (33.0474%)
entry 562000/1697562 (33.1063%)
entry 563000/1697562 (33.1652%)
entry 564000/1697562 (33.2241%)
entry 565000/1697562 (33.283%)
entry 567000/1697562 (33.4008%)
entry 570000/1697562 (33.5776%)
entry 571000/1697562 (33.6365%)
entry 572000/1697562 (33.6954%)
entry 573000/1697562 (33.7543%)
entry 574000/1697562 (33.8132%)
entry 577000/1697562 (33.9899%)
entry 579000/1697562 (34.1077%)
entry 581000/1697562 (34.2256%)
entry 582000/1697562 (34.2845%)
entry 584000/1697562 (34.4023%)
entry 585000/1697562 (34.4612%)
entry 586000/1697562 (34.5201%)
entry 588000/1697562 (34.6379%)
entry 589000/1697562 (34.6968%)
entry 592000/1697562 (34.8735%)
entry 593000/1697562 (34.9324%)
entry 594000/1697562 (34.9914%)
entry 595000/1697562 (35.0503%)
entry 596000/1697562 (35.1092%)
entry 597000/1697562 (35.1681%)
entry 598000/1697562 (35.227%)
entry 599000/1697562 (35.2859%)
entry 602000/1697562 (35.4626%)
entry 604000/1697562 (35.5804%)
entry 606000/1697562 (35.6983%)
entry 607000/1697562 (35.7572%)
entry 612000/1697562 (36.0517%)
entry 613000/1697562 (36.1106%)
entry 615000/1697562 (36.2284%)
entry 616000/1697562 (36.2873%)
entry 618000/1697562 (36.4051%)
entry 624000/1697562 (36.7586%)
entry 626000/1697562 (36.8764%)
entry 627000/1697562 (36.9353%)
entry 628000/1697562 (36.9942%)
entry 629000/1697562 (37.0531%)
entry 631000/1697562 (37.171%)
entry 632000/1697562 (37.2299%)
entry 633000/1697562 (37.2888%)
entry 635000/1697562 (37.4066%)
entry 637000/1697562 (37.5244%)
entry 641000/1697562 (37.76%)
entry 642000/1697562 (37.8189%)
entry 643000/1697562 (37.8779%)
entry 645000/1697562 (37.9957%)
entry 647000/1697562 (38.1135%)
entry 648000/1697562 (38.1724%)
entry 649000/1697562 (38.2313%)
entry 650000/1697562 (38.2902%)
entry 651000/1697562 (38.3491%)
entry 652000/1697562 (38.408%)
entry 653000/1697562 (38.4669%)
entry 654000/1697562 (38.5258%)
entry 655000/1697562 (38.5847%)
entry 657000/1697562 (38.7026%)
entry 659000/1697562 (38.8204%)
entry 661000/1697562 (38.9382%)
entry 663000/1697562 (39.056%)
entry 665000/1697562 (39.1738%)
entry 666000/1697562 (39.2327%)
entry 667000/1697562 (39.2916%)
entry 669000/1697562 (39.4095%)
entry 670000/1697562 (39.4684%)
entry 673000/1697562 (39.6451%)
entry 674000/1697562 (39.704%)
entry 676000/1697562 (39.8218%)
entry 677000/1697562 (39.8807%)
entry 678000/1697562 (39.9396%)
entry 679000/1697562 (39.9985%)
entry 682000/1697562 (40.1753%)
entry 683000/1697562 (40.2342%)
entry 684000/1697562 (40.2931%)
entry 685000/1697562 (40.352%)
entry 686000/1697562 (40.4109%)
entry 687000/1697562 (40.4698%)
entry 688000/1697562 (40.5287%)
entry 689000/1697562 (40.5876%)
entry 692000/1697562 (40.7643%)
entry 693000/1697562 (40.8233%)
entry 695000/1697562 (40.9411%)
entry 698000/1697562 (41.1178%)
entry 699000/1697562 (41.1767%)
entry 700000/1697562 (41.2356%)
entry 701000/1697562 (41.2945%)
entry 702000/1697562 (41.3534%)
entry 704000/1697562 (41.4712%)
entry 706000/1697562 (41.5891%)
entry 707000/1697562 (41.648%)
entry 708000/1697562 (41.7069%)
entry 709000/1697562 (41.7658%)
entry 712000/1697562 (41.9425%)
entry 713000/1697562 (42.0014%)
entry 714000/1697562 (42.0603%)
entry 715000/1697562 (42.1192%)
entry 719000/1697562 (42.3549%)
entry 720000/1697562 (42.4138%)
entry 721000/1697562 (42.4727%)
entry 723000/1697562 (42.5905%)
entry 725000/1697562 (42.7083%)
entry 726000/1697562 (42.7672%)
entry 727000/1697562 (42.8261%)
entry 728000/1697562 (42.885%)
entry 730000/1697562 (43.0028%)
entry 731000/1697562 (43.0618%)
entry 732000/1697562 (43.1207%)
entry 735000/1697562 (43.2974%)
entry 738000/1697562 (43.4741%)
entry 739000/1697562 (43.533%)
entry 743000/1697562 (43.7687%)
entry 744000/1697562 (43.8276%)
entry 746000/1697562 (43.9454%)
entry 747000/1697562 (44.0043%)
entry 748000/1697562 (44.0632%)
entry 749000/1697562 (44.1221%)
entry 750000/1697562 (44.181%)
entry 751000/1697562 (44.2399%)
entry 752000/1697562 (44.2988%)
entry 753000/1697562 (44.3577%)
entry 754000/1697562 (44.4166%)
entry 755000/1697562 (44.4755%)
entry 756000/1697562 (44.5345%)
entry 758000/1697562 (44.6523%)
entry 759000/1697562 (44.7112%)
entry 760000/1697562 (44.7701%)
entry 761000/1697562 (44.829%)
entry 762000/1697562 (44.8879%)
entry 765000/1697562 (45.0646%)
entry 766000/1697562 (45.1235%)
entry 769000/1697562 (45.3003%)
entry 771000/1697562 (45.4181%)
entry 773000/1697562 (45.5359%)
entry 774000/1697562 (45.5948%)
entry 775000/1697562 (45.6537%)
entry 776000/1697562 (45.7126%)
entry 779000/1697562 (45.8893%)
entry 780000/1697562 (45.9482%)
entry 782000/1697562 (46.0661%)
entry 784000/1697562 (46.1839%)
entry 785000/1697562 (46.2428%)
entry 786000/1697562 (46.3017%)
entry 787000/1697562 (46.3606%)
entry 790000/1697562 (46.5373%)
entry 791000/1697562 (46.5962%)
entry 792000/1697562 (46.6551%)
entry 793000/1697562 (46.7141%)
entry 795000/1697562 (46.8319%)
entry 796000/1697562 (46.8908%)
entry 798000/1697562 (47.0086%)
entry 799000/1697562 (47.0675%)
entry 800000/1697562 (47.1264%)
entry 801000/1697562 (47.1853%)
entry 802000/1697562 (47.2442%)
entry 803000/1697562 (47.3031%)
entry 805000/1697562 (47.4209%)
entry 809000/1697562 (47.6566%)
entry 811000/1697562 (47.7744%)
entry 812000/1697562 (47.8333%)
entry 814000/1697562 (47.9511%)
entry 815000/1697562 (48.01%)
entry 817000/1697562 (48.1278%)
entry 819000/1697562 (48.2457%)
entry 821000/1697562 (48.3635%)
entry 822000/1697562 (48.4224%)
entry 823000/1697562 (48.4813%)
entry 825000/1697562 (48.5991%)
entry 827000/1697562 (48.7169%)
entry 828000/1697562 (48.7758%)
entry 829000/1697562 (48.8347%)
entry 833000/1697562 (49.0704%)
entry 834000/1697562 (49.1293%)
entry 835000/1697562 (49.1882%)
entry 836000/1697562 (49.2471%)
entry 837000/1697562 (49.306%)
entry 843000/1697562 (49.6595%)
entry 846000/1697562 (49.8362%)
entry 848000/1697562 (49.954%)
entry 850000/1697562 (50.0718%)
entry 852000/1697562 (50.1896%)
entry 853000/1697562 (50.2485%)
entry 854000/1697562 (50.3074%)
entry 856000/1697562 (50.4253%)
entry 858000/1697562 (50.5431%)
entry 859000/1697562 (50.602%)
entry 860000/1697562 (50.6609%)
entry 863000/1697562 (50.8376%)
entry 864000/1697562 (50.8965%)
entry 865000/1697562 (50.9554%)
entry 868000/1697562 (51.1322%)
entry 870000/1697562 (51.25%)
entry 874000/1697562 (51.4856%)
entry 876000/1697562 (51.6034%)
entry 877000/1697562 (51.6623%)
entry 880000/1697562 (51.839%)
entry 881000/1697562 (51.898%)
entry 882000/1697562 (51.9569%)
entry 885000/1697562 (52.1336%)
entry 886000/1697562 (52.1925%)
entry 887000/1697562 (52.2514%)
entry 888000/1697562 (52.3103%)
entry 890000/1697562 (52.4281%)
entry 891000/1697562 (52.487%)
entry 892000/1697562 (52.5459%)
entry 893000/1697562 (52.6049%)
entry 894000/1697562 (52.6638%)
entry 895000/1697562 (52.7227%)
entry 896000/1697562 (52.7816%)
entry 897000/1697562 (52.8405%)
entry 899000/1697562 (52.9583%)
entry 900000/1697562 (53.0172%)
entry 901000/1697562 (53.0761%)
entry 902000/1697562 (53.135%)
entry 903000/1697562 (53.1939%)
entry 905000/1697562 (53.3117%)
entry 907000/1697562 (53.4296%)
entry 908000/1697562 (53.4885%)
entry 910000/1697562 (53.6063%)
entry 911000/1697562 (53.6652%)
entry 913000/1697562 (53.783%)
entry 914000/1697562 (53.8419%)
entry 915000/1697562 (53.9008%)
entry 916000/1697562 (53.9597%)
entry 917000/1697562 (54.0186%)
entry 918000/1697562 (54.0776%)
entry 919000/1697562 (54.1365%)
entry 922000/1697562 (54.3132%)
entry 923000/1697562 (54.3721%)
entry 924000/1697562 (54.431%)
entry 925000/1697562 (54.4899%)
entry 926000/1697562 (54.5488%)
entry 928000/1697562 (54.6666%)
entry 930000/1697562 (54.7844%)
entry 931000/1697562 (54.8434%)
entry 933000/1697562 (54.9612%)
entry 935000/1697562 (55.079%)
entry 937000/1697562 (55.1968%)
entry 939000/1697562 (55.3146%)
entry 943000/1697562 (55.5503%)
entry 944000/1697562 (55.6092%)
entry 945000/1697562 (55.6681%)
entry 949000/1697562 (55.9037%)
entry 950000/1697562 (55.9626%)
entry 951000/1697562 (56.0215%)
entry 952000/1697562 (56.0804%)
entry 953000/1697562 (56.1393%)
entry 955000/1697562 (56.2572%)
entry 956000/1697562 (56.3161%)
entry 958000/1697562 (56.4339%)
entry 959000/1697562 (56.4928%)
entry 960000/1697562 (56.5517%)
entry 961000/1697562 (56.6106%)
entry 962000/1697562 (56.6695%)
entry 963000/1697562 (56.7284%)
entry 965000/1697562 (56.8462%)
entry 966000/1697562 (56.9051%)
entry 967000/1697562 (56.964%)
entry 968000/1697562 (57.023%)
entry 969000/1697562 (57.0819%)
entry 970000/1697562 (57.1408%)
entry 972000/1697562 (57.2586%)
entry 973000/1697562 (57.3175%)
entry 974000/1697562 (57.3764%)
entry 975000/1697562 (57.4353%)
entry 978000/1697562 (57.612%)
entry 979000/1697562 (57.6709%)
entry 980000/1697562 (57.7299%)
entry 983000/1697562 (57.9066%)
entry 984000/1697562 (57.9655%)
entry 985000/1697562 (58.0244%)
entry 987000/1697562 (58.1422%)
entry 988000/1697562 (58.2011%)
entry 994000/1697562 (58.5546%)
entry 996000/1697562 (58.6724%)
entry 997000/1697562 (58.7313%)
entry 999000/1697562 (58.8491%)
entry 1000000/1697562 (58.908%)
entry 1001000/1697562 (58.9669%)
entry 1002000/1697562 (59.0258%)
entry 1004000/1697562 (59.1436%)
entry 1006000/1697562 (59.2615%)
entry 1007000/1697562 (59.3204%)
entry 1010000/1697562 (59.4971%)
entry 1012000/1697562 (59.6149%)
entry 1013000/1697562 (59.6738%)
entry 1014000/1697562 (59.7327%)
entry 1017000/1697562 (59.9094%)
entry 1019000/1697562 (60.0273%)
entry 1020000/1697562 (60.0862%)
entry 1021000/1697562 (60.1451%)
entry 1022000/1697562 (60.204%)
entry 1023000/1697562 (60.2629%)
entry 1024000/1697562 (60.3218%)
entry 1025000/1697562 (60.3807%)
entry 1026000/1697562 (60.4396%)
entry 1027000/1697562 (60.4985%)
entry 1028000/1697562 (60.5574%)
entry 1030000/1697562 (60.6753%)
entry 1031000/1697562 (60.7342%)
entry 1032000/1697562 (60.7931%)
entry 1033000/1697562 (60.852%)
entry 1034000/1697562 (60.9109%)
entry 1035000/1697562 (60.9698%)
entry 1036000/1697562 (61.0287%)
entry 1037000/1697562 (61.0876%)
entry 1038000/1697562 (61.1465%)
entry 1041000/1697562 (61.3232%)
entry 1043000/1697562 (61.4411%)
entry 1044000/1697562 (61.5%)
entry 1045000/1697562 (61.5589%)
entry 1046000/1697562 (61.6178%)
entry 1047000/1697562 (61.6767%)
entry 1048000/1697562 (61.7356%)
entry 1049000/1697562 (61.7945%)
entry 1050000/1697562 (61.8534%)
entry 1051000/1697562 (61.9123%)
entry 1054000/1697562 (62.089%)
entry 1055000/1697562 (62.148%)
entry 1056000/1697562 (62.2069%)
entry 1060000/1697562 (62.4425%)
entry 1061000/1697562 (62.5014%)
entry 1065000/1697562 (62.737%)
entry 1066000/1697562 (62.7959%)
entry 1067000/1697562 (62.8548%)
entry 1068000/1697562 (62.9138%)
entry 1070000/1697562 (63.0316%)
entry 1071000/1697562 (63.0905%)
entry 1073000/1697562 (63.2083%)
entry 1075000/1697562 (63.3261%)
entry 1076000/1697562 (63.385%)
entry 1078000/1697562 (63.5028%)
entry 1081000/1697562 (63.6796%)
entry 1082000/1697562 (63.7385%)
entry 1083000/1697562 (63.7974%)
entry 1084000/1697562 (63.8563%)
entry 1085000/1697562 (63.9152%)
entry 1088000/1697562 (64.0919%)
entry 1090000/1697562 (64.2097%)
entry 1092000/1697562 (64.3275%)
entry 1093000/1697562 (64.3865%)
entry 1095000/1697562 (64.5043%)
entry 1096000/1697562 (64.5632%)
entry 1097000/1697562 (64.6221%)
entry 1098000/1697562 (64.681%)
entry 1100000/1697562 (64.7988%)
entry 1102000/1697562 (64.9166%)
entry 1103000/1697562 (64.9755%)
entry 1105000/1697562 (65.0934%)
entry 1107000/1697562 (65.2112%)
entry 1112000/1697562 (65.5057%)
entry 1114000/1697562 (65.6235%)
entry 1115000/1697562 (65.6824%)
entry 1116000/1697562 (65.7413%)
entry 1117000/1697562 (65.8002%)
entry 1119000/1697562 (65.9181%)
entry 1121000/1697562 (66.0359%)
entry 1122000/1697562 (66.0948%)
entry 1123000/1697562 (66.1537%)
entry 1125000/1697562 (66.2715%)
entry 1127000/1697562 (66.3893%)
entry 1128000/1697562 (66.4482%)
entry 1129000/1697562 (66.5071%)
entry 1130000/1697562 (66.5661%)
entry 1132000/1697562 (66.6839%)
entry 1133000/1697562 (66.7428%)
entry 1134000/1697562 (66.8017%)
entry 1136000/1697562 (66.9195%)
entry 1137000/1697562 (66.9784%)
entry 1138000/1697562 (67.0373%)
entry 1139000/1697562 (67.0962%)
entry 1140000/1697562 (67.1551%)
entry 1141000/1697562 (67.214%)
entry 1143000/1697562 (67.3319%)
entry 1148000/1697562 (67.6264%)
entry 1149000/1697562 (67.6853%)
entry 1152000/1697562 (67.862%)
entry 1153000/1697562 (67.9209%)
entry 1154000/1697562 (67.9798%)
entry 1156000/1697562 (68.0977%)
entry 1160000/1697562 (68.3333%)
entry 1161000/1697562 (68.3922%)
entry 1162000/1697562 (68.4511%)
entry 1163000/1697562 (68.51%)
entry 1164000/1697562 (68.5689%)
entry 1165000/1697562 (68.6278%)
entry 1168000/1697562 (68.8046%)
entry 1169000/1697562 (68.8635%)
entry 1170000/1697562 (68.9224%)
entry 1172000/1697562 (69.0402%)
entry 1179000/1697562 (69.4525%)
entry 1181000/1697562 (69.5704%)
entry 1183000/1697562 (69.6882%)
entry 1186000/1697562 (69.8649%)
entry 1187000/1697562 (69.9238%)
entry 1190000/1697562 (70.1005%)
entry 1192000/1697562 (70.2183%)
entry 1193000/1697562 (70.2773%)
entry 1194000/1697562 (70.3362%)
entry 1195000/1697562 (70.3951%)
entry 1196000/1697562 (70.454%)
entry 1197000/1697562 (70.5129%)
entry 1198000/1697562 (70.5718%)
entry 1200000/1697562 (70.6896%)
entry 1202000/1697562 (70.8074%)
entry 1204000/1697562 (70.9252%)
entry 1205000/1697562 (70.9842%)
entry 1207000/1697562 (71.102%)
entry 1210000/1697562 (71.2787%)
entry 1211000/1697562 (71.3376%)
entry 1212000/1697562 (71.3965%)
entry 1214000/1697562 (71.5143%)
entry 1216000/1697562 (71.6321%)
entry 1217000/1697562 (71.691%)
entry 1219000/1697562 (71.8089%)
entry 1220000/1697562 (71.8678%)
entry 1221000/1697562 (71.9267%)
entry 1222000/1697562 (71.9856%)
entry 1223000/1697562 (72.0445%)
entry 1225000/1697562 (72.1623%)
entry 1226000/1697562 (72.2212%)
entry 1230000/1697562 (72.4569%)
entry 1231000/1697562 (72.5158%)
entry 1232000/1697562 (72.5747%)
entry 1239000/1697562 (72.987%)
entry 1240000/1697562 (73.0459%)
entry 1241000/1697562 (73.1048%)
entry 1244000/1697562 (73.2816%)
entry 1245000/1697562 (73.3405%)
entry 1246000/1697562 (73.3994%)
entry 1247000/1697562 (73.4583%)
entry 1249000/1697562 (73.5761%)
entry 1251000/1697562 (73.6939%)
entry 1252000/1697562 (73.7528%)
entry 1255000/1697562 (73.9296%)
entry 1256000/1697562 (73.9885%)
entry 1259000/1697562 (74.1652%)
entry 1260000/1697562 (74.2241%)
entry 1261000/1697562 (74.283%)
entry 1262000/1697562 (74.3419%)
entry 1263000/1697562 (74.4008%)
entry 1264000/1697562 (74.4597%)
entry 1269000/1697562 (74.7543%)
entry 1270000/1697562 (74.8132%)
entry 1271000/1697562 (74.8721%)
entry 1272000/1697562 (74.931%)
entry 1275000/1697562 (75.1077%)
entry 1277000/1697562 (75.2255%)
entry 1278000/1697562 (75.2844%)
entry 1280000/1697562 (75.4023%)
entry 1281000/1697562 (75.4612%)
entry 1282000/1697562 (75.5201%)
entry 1285000/1697562 (75.6968%)
entry 1288000/1697562 (75.8735%)
entry 1289000/1697562 (75.9324%)
entry 1292000/1697562 (76.1091%)
entry 1293000/1697562 (76.1681%)
entry 1294000/1697562 (76.227%)
entry 1295000/1697562 (76.2859%)
entry 1296000/1697562 (76.3448%)
entry 1297000/1697562 (76.4037%)
entry 1299000/1697562 (76.5215%)
entry 1300000/1697562 (76.5804%)
entry 1302000/1697562 (76.6982%)
entry 1303000/1697562 (76.7571%)
entry 1304000/1697562 (76.816%)
entry 1306000/1697562 (76.9339%)
entry 1310000/1697562 (77.1695%)
entry 1311000/1697562 (77.2284%)
entry 1312000/1697562 (77.2873%)
entry 1313000/1697562 (77.3462%)
entry 1314000/1697562 (77.4051%)
entry 1316000/1697562 (77.5229%)
entry 1317000/1697562 (77.5819%)
entry 1318000/1697562 (77.6408%)
entry 1319000/1697562 (77.6997%)
entry 1321000/1697562 (77.8175%)
entry 1322000/1697562 (77.8764%)
entry 1324000/1697562 (77.9942%)
entry 1325000/1697562 (78.0531%)
entry 1326000/1697562 (78.112%)
entry 1327000/1697562 (78.1709%)
entry 1328000/1697562 (78.2298%)
entry 1329000/1697562 (78.2887%)
entry 1332000/1697562 (78.4655%)
entry 1335000/1697562 (78.6422%)
entry 1336000/1697562 (78.7011%)
entry 1337000/1697562 (78.76%)
entry 1338000/1697562 (78.8189%)
entry 1342000/1697562 (79.0546%)
entry 1343000/1697562 (79.1135%)
entry 1346000/1697562 (79.2902%)
entry 1348000/1697562 (79.408%)
entry 1350000/1697562 (79.5258%)
entry 1352000/1697562 (79.6436%)
entry 1353000/1697562 (79.7025%)
entry 1354000/1697562 (79.7614%)
entry 1355000/1697562 (79.8204%)
entry 1357000/1697562 (79.9382%)
entry 1358000/1697562 (79.9971%)
entry 1360000/1697562 (80.1149%)
entry 1361000/1697562 (80.1738%)
entry 1362000/1697562 (80.2327%)
entry 1364000/1697562 (80.3505%)
entry 1366000/1697562 (80.4683%)
entry 1367000/1697562 (80.5273%)
entry 1369000/1697562 (80.6451%)
entry 1373000/1697562 (80.8807%)
entry 1374000/1697562 (80.9396%)
entry 1375000/1697562 (80.9985%)
entry 1376000/1697562 (81.0574%)
entry 1382000/1697562 (81.4109%)
entry 1383000/1697562 (81.4698%)
entry 1384000/1697562 (81.5287%)
entry 1385000/1697562 (81.5876%)
entry 1386000/1697562 (81.6465%)
entry 1388000/1697562 (81.7643%)
entry 1389000/1697562 (81.8232%)
entry 1390000/1697562 (81.8821%)
entry 1391000/1697562 (81.941%)
entry 1393000/1697562 (82.0589%)
entry 1395000/1697562 (82.1767%)
entry 1396000/1697562 (82.2356%)
entry 1398000/1697562 (82.3534%)
entry 1399000/1697562 (82.4123%)
entry 1400000/1697562 (82.4712%)
entry 1402000/1697562 (82.589%)
entry 1403000/1697562 (82.6479%)
entry 1404000/1697562 (82.7068%)
entry 1407000/1697562 (82.8836%)
entry 1409000/1697562 (83.0014%)
entry 1410000/1697562 (83.0603%)
entry 1411000/1697562 (83.1192%)
entry 1414000/1697562 (83.2959%)
entry 1415000/1697562 (83.3548%)
entry 1416000/1697562 (83.4137%)
entry 1417000/1697562 (83.4727%)
entry 1419000/1697562 (83.5905%)
entry 1420000/1697562 (83.6494%)
entry 1421000/1697562 (83.7083%)
entry 1422000/1697562 (83.7672%)
entry 1423000/1697562 (83.8261%)
entry 1425000/1697562 (83.9439%)
entry 1426000/1697562 (84.0028%)
entry 1427000/1697562 (84.0617%)
entry 1428000/1697562 (84.1206%)
entry 1429000/1697562 (84.1795%)
entry 1430000/1697562 (84.2385%)
entry 1433000/1697562 (84.4152%)
entry 1434000/1697562 (84.4741%)
entry 1435000/1697562 (84.533%)
entry 1436000/1697562 (84.5919%)
entry 1437000/1697562 (84.6508%)
entry 1441000/1697562 (84.8864%)
entry 1443000/1697562 (85.0043%)
entry 1444000/1697562 (85.0632%)
entry 1447000/1697562 (85.2399%)
entry 1451000/1697562 (85.4755%)
entry 1452000/1697562 (85.5344%)
entry 1453000/1697562 (85.5933%)
entry 1455000/1697562 (85.7112%)
entry 1458000/1697562 (85.8879%)
entry 1459000/1697562 (85.9468%)
entry 1461000/1697562 (86.0646%)
entry 1462000/1697562 (86.1235%)
entry 1463000/1697562 (86.1824%)
entry 1465000/1697562 (86.3002%)
entry 1466000/1697562 (86.3591%)
entry 1467000/1697562 (86.4181%)
entry 1470000/1697562 (86.5948%)
entry 1472000/1697562 (86.7126%)
entry 1473000/1697562 (86.7715%)
entry 1474000/1697562 (86.8304%)
entry 1479000/1697562 (87.1249%)
entry 1480000/1697562 (87.1839%)
entry 1482000/1697562 (87.3017%)
entry 1483000/1697562 (87.3606%)
entry 1484000/1697562 (87.4195%)
entry 1486000/1697562 (87.5373%)
entry 1487000/1697562 (87.5962%)
entry 1489000/1697562 (87.714%)
entry 1492000/1697562 (87.8908%)
entry 1494000/1697562 (88.0086%)
entry 1495000/1697562 (88.0675%)
entry 1496000/1697562 (88.1264%)
entry 1498000/1697562 (88.2442%)
entry 1499000/1697562 (88.3031%)
entry 1500000/1697562 (88.362%)
entry 1502000/1697562 (88.4798%)
entry 1504000/1697562 (88.5976%)
entry 1505000/1697562 (88.6566%)
entry 1506000/1697562 (88.7155%)
entry 1507000/1697562 (88.7744%)
entry 1508000/1697562 (88.8333%)
entry 1509000/1697562 (88.8922%)
entry 1511000/1697562 (89.01%)
entry 1514000/1697562 (89.1867%)
entry 1515000/1697562 (89.2456%)
entry 1518000/1697562 (89.4224%)
entry 1519000/1697562 (89.4813%)
entry 1520000/1697562 (89.5402%)
entry 1521000/1697562 (89.5991%)
entry 1522000/1697562 (89.658%)
entry 1523000/1697562 (89.7169%)
entry 1525000/1697562 (89.8347%)
entry 1526000/1697562 (89.8936%)
entry 1528000/1697562 (90.0114%)
entry 1531000/1697562 (90.1882%)
entry 1532000/1697562 (90.2471%)
entry 1533000/1697562 (90.306%)
entry 1534000/1697562 (90.3649%)
entry 1535000/1697562 (90.4238%)
entry 1536000/1697562 (90.4827%)
entry 1539000/1697562 (90.6594%)
entry 1540000/1697562 (90.7183%)
entry 1541000/1697562 (90.7772%)
entry 1543000/1697562 (90.8951%)
entry 1545000/1697562 (91.0129%)
entry 1546000/1697562 (91.0718%)
entry 1547000/1697562 (91.1307%)
entry 1548000/1697562 (91.1896%)
entry 1549000/1697562 (91.2485%)
entry 1550000/1697562 (91.3074%)
entry 1551000/1697562 (91.3663%)
entry 1552000/1697562 (91.4252%)
entry 1554000/1697562 (91.543%)
entry 1555000/1697562 (91.602%)
entry 1556000/1697562 (91.6609%)
entry 1557000/1697562 (91.7198%)
entry 1561000/1697562 (91.9554%)
entry 1563000/1697562 (92.0732%)
entry 1565000/1697562 (92.191%)
entry 1567000/1697562 (92.3089%)
entry 1568000/1697562 (92.3678%)
entry 1569000/1697562 (92.4267%)
entry 1571000/1697562 (92.5445%)
entry 1572000/1697562 (92.6034%)
entry 1574000/1697562 (92.7212%)
entry 1576000/1697562 (92.839%)
entry 1577000/1697562 (92.8979%)
entry 1578000/1697562 (92.9568%)
entry 1580000/1697562 (93.0747%)
entry 1581000/1697562 (93.1336%)
entry 1582000/1697562 (93.1925%)
entry 1584000/1697562 (93.3103%)
entry 1585000/1697562 (93.3692%)
entry 1586000/1697562 (93.4281%)
entry 1587000/1697562 (93.487%)
entry 1588000/1697562 (93.5459%)
entry 1589000/1697562 (93.6048%)
entry 1590000/1697562 (93.6637%)
entry 1593000/1697562 (93.8405%)
entry 1594000/1697562 (93.8994%)
entry 1595000/1697562 (93.9583%)
entry 1596000/1697562 (94.0172%)
entry 1597000/1697562 (94.0761%)
entry 1599000/1697562 (94.1939%)
entry 1601000/1697562 (94.3117%)
entry 1602000/1697562 (94.3706%)
entry 1603000/1697562 (94.4295%)
entry 1604000/1697562 (94.4884%)
entry 1605000/1697562 (94.5474%)
entry 1606000/1697562 (94.6063%)
entry 1607000/1697562 (94.6652%)
entry 1608000/1697562 (94.7241%)
entry 1609000/1697562 (94.783%)
entry 1610000/1697562 (94.8419%)
entry 1611000/1697562 (94.9008%)
entry 1615000/1697562 (95.1364%)
entry 1616000/1697562 (95.1953%)
entry 1619000/1697562 (95.3721%)
entry 1620000/1697562 (95.431%)
entry 1621000/1697562 (95.4899%)
entry 1623000/1697562 (95.6077%)
entry 1624000/1697562 (95.6666%)
entry 1626000/1697562 (95.7844%)
entry 1628000/1697562 (95.9022%)
entry 1629000/1697562 (95.9611%)
entry 1630000/1697562 (96.0201%)
entry 1632000/1697562 (96.1379%)
entry 1633000/1697562 (96.1968%)
entry 1634000/1697562 (96.2557%)
entry 1635000/1697562 (96.3146%)
entry 1636000/1697562 (96.3735%)
entry 1638000/1697562 (96.4913%)
entry 1639000/1697562 (96.5502%)
entry 1641000/1697562 (96.668%)
entry 1642000/1697562 (96.727%)
entry 1643000/1697562 (96.7859%)
entry 1644000/1697562 (96.8448%)
entry 1645000/1697562 (96.9037%)
entry 1647000/1697562 (97.0215%)
entry 1648000/1697562 (97.0804%)
entry 1651000/1697562 (97.2571%)
entry 1655000/1697562 (97.4928%)
entry 1656000/1697562 (97.5517%)
entry 1657000/1697562 (97.6106%)
entry 1658000/1697562 (97.6695%)
entry 1659000/1697562 (97.7284%)
entry 1660000/1697562 (97.7873%)
entry 1662000/1697562 (97.9051%)
entry 1663000/1697562 (97.964%)
entry 1664000/1697562 (98.0229%)
entry 1666000/1697562 (98.1407%)
entry 1667000/1697562 (98.1997%)
entry 1668000/1697562 (98.2586%)
entry 1669000/1697562 (98.3175%)
entry 1670000/1697562 (98.3764%)
entry 1674000/1697562 (98.612%)
entry 1676000/1697562 (98.7298%)
entry 1679000/1697562 (98.9065%)
entry 1682000/1697562 (99.0833%)
entry 1683000/1697562 (99.1422%)
entry 1684000/1697562 (99.2011%)
entry 1685000/1697562 (99.26%)
entry 1687000/1697562 (99.3778%)
entry 1688000/1697562 (99.4367%)
entry 1689000/1697562 (99.4956%)
entry 1690000/1697562 (99.5545%)
entry 1693000/1697562 (99.7313%)
entry 1694000/1697562 (99.7902%)
entry 1695000/1697562 (99.8491%)
entry 1696000/1697562 (99.908%)
entry 1697000/1697562 (99.9669%)
all done
script done
