sphnx1179.sdcc.bnl.gov
rsyncing from /gpfs/mnt/gpfs02/sphenix/user/samfred/run25/ppg11/histmaking
running: /gpfs/mnt/gpfs02/sphenix/user/samfred/run25/ppg11/histmaking/script_data.sh 52441
LD_LIBRARY_PATH now /sphenix/user/samfred/run25/install//lib:/cvmfs/sphenix.sdcc.bnl.gov/alma9.2-gcc-14.2.0/opt/sphenix/core/gcc/14.2.0-2f0a0/x86_64-el9/lib:/cvmfs/sphenix.sdcc.bnl.gov/alma9.2-gcc-14.2.0/opt/sphenix/core/gcc/14.2.0-2f0a0/x86_64-el9/lib64:/cvmfs/sphenix.sdcc.bnl.gov/alma9.2-gcc-14.2.0/opt/sphenix/core/binutils/2.40-acaab/x86_64-el9/lib:.:/cvmfs/sphenix.sdcc.bnl.gov/alma9.2-gcc-14.2.0/release/release_new/new.10/lib64:/cvmfs/sphenix.sdcc.bnl.gov/alma9.2-gcc-14.2.0/release/release_new/new.10/lib:/cvmfs/sphenix.sdcc.bnl.gov/alma9.2-gcc-14.2.0/opt/sphenix/utils/lib:/cvmfs/sphenix.sdcc.bnl.gov/alma9.2-gcc-14.2.0/opt/sphenix/core/lib:/cvmfs/sphenix.sdcc.bnl.gov/alma9.2-gcc-14.2.0/opt/sphenix/core/root-6.32.06/lib:/cvmfs/sphenix.sdcc.bnl.gov/alma9.2-gcc-14.2.0/opt/sphenix/core/geant4.10.07.p04/lib64:/cvmfs/sphenix.sdcc.bnl.gov/alma9.2-gcc-14.2.0/opt/sphenix/core/lhapdf-5.9.1/lib:/usr/local/lib64:/usr/lib64
PATH now /sphenix/user/samfred/run25/install//bin:/cvmfs/sphenix.sdcc.bnl.gov/alma9.2-gcc-14.2.0/opt/sphenix/core/gcc/14.2.0-2f0a0/x86_64-el9/bin:/cvmfs/sphenix.sdcc.bnl.gov/alma9.2-gcc-14.2.0/opt/sphenix/core/binutils/2.40-acaab/x86_64-el9/bin:.:/cvmfs/sphenix.sdcc.bnl.gov/alma9.2-gcc-14.2.0/release/release_new/new.10/bin:/cvmfs/sphenix.sdcc.bnl.gov/alma9.2-gcc-14.2.0/opt/sphenix/utils/bin:/cvmfs/sphenix.sdcc.bnl.gov/alma9.2-gcc-14.2.0/opt/sphenix/core/bin:/cvmfs/sphenix.sdcc.bnl.gov/alma9.2-gcc-14.2.0/opt/sphenix/core/root-6.32.06/bin:/cvmfs/sphenix.sdcc.bnl.gov/alma9.2-gcc-14.2.0/opt/sphenix/core/geant4.10.07.p04/bin:/usr/local/bin:/usr/bin:/usr/local/sbin:/usr/sbin
SINGULARITY_CACHEDIR=/home/condor/local/sphnx/execute/dir_3318636
_CONDOR_CHIRP_CONFIG=/home/condor/local/sphnx/execute/dir_3318636/.chirp.config
_CONDOR_JOB_IWD=/sphenix/user/samfred/run25/ppg11/histmaking
G4ENSDFSTATEDATA=/cvmfs/sphenix.sdcc.bnl.gov/alma9.2-gcc-14.2.0/opt/sphenix/core/geant4.10.07.p04/share/Geant4-10.7.4/data/G4ENSDFSTATE2.3
_CONDOR_MACHINE_AD=/home/condor/local/sphnx/execute/dir_3318636/.machine.ad
ROOT_MAX_THREADS=1
NUMEXPR_NUM_THREADS=1
CUBACORES=1
_CHIRP_DELAYED_UPDATE_PREFIX=Chirp*
OMP_THREAD_LIMIT=1
G4PIIDATA=/cvmfs/sphenix.sdcc.bnl.gov/alma9.2-gcc-14.2.0/opt/sphenix/core/geant4.10.07.p04/share/Geant4-10.7.4/data/G4PII1.3
NO_AT_BRIDGE=1
G4_MAIN=/cvmfs/sphenix.sdcc.bnl.gov/alma9.2-gcc-14.2.0/opt/sphenix/core/geant4.10.07.p04
COMPILER_PATH=/cvmfs/sphenix.sdcc.bnl.gov/alma9.2-gcc-14.2.0/opt/sphenix/core/gcc/14.2.0-2f0a0/x86_64-el9
ROOT_INCLUDE_PATH=./:/sphenix/user/samfred/run25/install//include:/sphenix/user/samfred/run25/install//include/caloana:/sphenix/user/samfred/run25/install//include/qa_centrality:/sphenix/user/samfred/run25/install//include/mbdana:/sphenix/user/samfred/run25/install//include/centrality:/sphenix/user/samfred/run25/install//include/Event:/cvmfs/sphenix.sdcc.bnl.gov/alma9.2-gcc-14.2.0/release/release_new/new.10/include:/cvmfs/sphenix.sdcc.bnl.gov/alma9.2-gcc-14.2.0/release/release_new/new.10/include:/cvmfs/sphenix.sdcc.bnl.gov/alma9.2-gcc-14.2.0/release/release_new/new.10/include/g4mbd:/cvmfs/sphenix.sdcc.bnl.gov/alma9.2-gcc-14.2.0/release/release_new/new.10/include/fmt:/cvmfs/sphenix.sdcc.bnl.gov/alma9.2-gcc-14.2.0/release/release_new/new.10/include/ffarawobjects:/cvmfs/sphenix.sdcc.bnl.gov/alma9.2-gcc-14.2.0/release/release_new/new.10/include/JSON:/cvmfs/sphenix.sdcc.bnl.gov/alma9.2-gcc-14.2.0/release/release_new/new.10/include/calotreegen:/cvmfs/sphenix.sdcc.bnl.gov/alma9.2-gcc-14.2.0/release/release_new/new.10/include/torch:/cvmfs/sphenix.sdcc.bnl.gov/alma9.2-gcc-14.2.0/release/release_new/new.10/include/g4detectors:/cvmfs/sphenix.sdcc.bnl.gov/alma9.2-gcc-14.2.0/release/release_new/new.10/include/kineto:/cvmfs/sphenix.sdcc.bnl.gov/alma9.2-gcc-14.2.0/release/release_new/new.10/include/g4decayer:/cvmfs/sphenix.sdcc.bnl.gov/alma9.2-gcc-14.2.0/release/release_new/new.10/include/kfparticleqa:/cvmfs/sphenix.sdcc.bnl.gov/alma9.2-gcc-14.2.0/release/release_new/new.10/include/phfield:/cvmfs/sphenix.sdcc.bnl.gov/alma9.2-gcc-14.2.0/release/release_new/new.10/include/LHAPDF:/cvmfs/sphenix.sdcc.bnl.gov/alma9.2-gcc-14.2.0/release/release_new/new.10/include/readdigitalcurrents:/cvmfs/sphenix.sdcc.bnl.gov/alma9.2-gcc-14.2.0/release/release_new/new.10/include/c10:/cvmfs/sphenix.sdcc.bnl.gov/alma9.2-gcc-14.2.0/release/release_new/new.10/include/calovalid:/cvmfs/sphenix.sdcc.bnl.gov/alma9.2-gcc-14.2.0/release/release_new/new.10/include/oneapi:/cvmfs/sphenix.sdcc.bnl.gov/alma9.2-gcc-14.2.0/release/release_new/new.10/include/DDCond:/cvmfs/sphenix.sdcc.bnl.gov/alma9.2-gcc-14.2.0/release/release_new/new.10/include/g4tracking:/cvmfs/sphenix.sdcc.bnl.gov/alma9.2-gcc-14.2.0/release/release_new/new.10/include/litecaloeval:/cvmfs/sphenix.sdcc.bnl.gov/alma9.2-gcc-14.2.0/release/release_new/new.10/include/g4intt:/cvmfs/sphenix.sdcc.bnl.gov/alma9.2-gcc-14.2.0/release/release_new/new.10/include/phool:/cvmfs/sphenix.sdcc.bnl.gov/alma9.2-gcc-14.2.0/release/release_new/new.10/include/boost:/cvmfs/sphenix.sdcc.bnl.gov/alma9.2-gcc-14.2.0/release/release_new/new.10/include/Pythia8Plugins:/cvmfs/sphenix.sdcc.bnl.gov/alma9.2-gcc-14.2.0/release/release_new/new.10/include/calib_emc_pi0:/cvmfs/sphenix.sdcc.bnl.gov/alma9.2-gcc-14.2.0/release/release_new/new.10/include/hijingflipafterburner:/cvmfs/sphenix.sdcc.bnl.gov/alma9.2-gcc-14.2.0/release/release_new/new.10/include/ffaobjects:/cvmfs/sphenix.sdcc.bnl.gov/alma9.2-gcc-14.2.0/release/release_new/new.10/include/EvtGenBase:/cvmfs/sphenix.sdcc.bnl.gov/alma9.2-gcc-14.2.0/release/release_new/new.10/include/flowafterburner:/cvmfs/sphenix.sdcc.bnl.gov/alma9.2-gcc-14.2.0/release/release_new/new.10/include/google:/cvmfs/sphenix.sdcc.bnl.gov/alma9.2-gcc-14.2.0/release/release_new/new.10/include/g4tpc:/cvmfs/sphenix.sdcc.bnl.gov/alma9.2-gcc-14.2.0/release/release_new/new.10/include/caffe2:/cvmfs/sphenix.sdcc.bnl.gov/alma9.2-gcc-14.2.0/release/release_new/new.10/include/EvtGenExternal:/cvmfs/sphenix.sdcc.bnl.gov/alma9.2-gcc-14.2.0/release/release_new/new.10/include/fp16:/cvmfs/sphenix.sdcc.bnl.gov/alma9.2-gcc-14.2.0/release/release_new/new.10/include/ffamodules:/cvmfs/sphenix.sdcc.bnl.gov/alma9.2-gcc-14.2.0/release/release_new/new.10/include/uspin:/cvmfs/sphenix.sdcc.bnl.gov/alma9.2-gcc-14.2.0/release/release_new/new.10/include/Herwig:/cvmfs/sphenix.sdcc.bnl.gov/alma9.2-gcc-14.2.0/release/release_new/new.10/include/genfitexp:/cvmfs/sphenix.sdcc.bnl.gov/alma9.2-gcc-14.2.0/release/release_new/new.10/include/XML:/cvmfs/sphenix.sdcc.bnl.gov/alma9.2-gcc-14.2.0/release/release_new/new.10/include/fbgemm:/cvmfs/sphenix.sdcc.bnl.gov/alma9.2-gcc-14.2.0/release/release_new/new.10/include/DDAlign:/cvmfs/sphenix.sdcc.bnl.gov/alma9.2-gcc-14.2.0/release/release_new/new.10/include/g4mvtx:/cvmfs/sphenix.sdcc.bnl.gov/alma9.2-gcc-14.2.0/release/release_new/new.10/include/kfparticle_sphenix:/cvmfs/sphenix.sdcc.bnl.gov/alma9.2-gcc-14.2.0/release/release_new/new.10/include/fun4all:/cvmfs/sphenix.sdcc.bnl.gov/alma9.2-gcc-14.2.0/release/release_new/new.10/include/intt:/cvmfs/sphenix.sdcc.bnl.gov/alma9.2-gcc-14.2.0/release/release_new/new.10/include/eventdisplay:/cvmfs/sphenix.sdcc.bnl.gov/alma9.2-gcc-14.2.0/release/release_new/new.10/include/EvtGen:/cvmfs/sphenix.sdcc.bnl.gov/alma9.2-gcc-14.2.0/release/release_new/new.10/include/Evaluator:/cvmfs/sphenix.sdcc.bnl.gov/alma9.2-gcc-14.2.0/release/release_new/new.10/include/tpc:/cvmfs/sphenix.sdcc.bnl.gov/alma9.2-gcc-14.2.0/release/release_new/new.10/include/GenFit:/cvmfs/sphenix.sdcc.bnl.gov/alma9.2-gcc-14.2.0/release/release_new/new.10/include/prototype4:/cvmfs/sphenix.sdcc.bnl.gov/alma9.2-gcc-14.2.0/release/release_new/new.10/include/caloembedding:/cvmfs/sphenix.sdcc.bnl.gov/alma9.2-gcc-14.2.0/release/release_new/new.10/include/EvtGenModels:/cvmfs/sphenix.sdcc.bnl.gov/alma9.2-gcc-14.2.0/release/release_new/new.10/include/fastjet:/cvmfs/sphenix.sdcc.bnl.gov/alma9.2-gcc-14.2.0/release/release_new/new.10/include/DDG4:/cvmfs/sphenix.sdcc.bnl.gov/alma9.2-gcc-14.2.0/release/release_new/new.10/include/mbd:/cvmfs/sphenix.sdcc.bnl.gov/alma9.2-gcc-14.2.0/release/release_new/new.10/include/tbb:/cvmfs/sphenix.sdcc.bnl.gov/alma9.2-gcc-14.2.0/release/release_new/new.10/include/phgeom:/cvmfs/sphenix.sdcc.bnl.gov/alma9.2-gcc-14.2.0/release/release_new/new.10/include/g4epd:/cvmfs/sphenix.sdcc.bnl.gov/alma9.2-gcc-14.2.0/release/release_new/new.10/include/oncal:/cvmfs/sphenix.sdcc.bnl.gov/alma9.2-gcc-14.2.0/release/release_new/new.10/include/pybind11:/cvmfs/sphenix.sdcc.bnl.gov/alma9.2-gcc-14.2.0/release/release_new/new.10/include/tpcdistgenerator:/cvmfs/sphenix.sdcc.bnl.gov/alma9.2-gcc-14.2.0/release/release_new/new.10/include/cdbobjects:/cvmfs/sphenix.sdcc.bnl.gov/alma9.2-gcc-14.2.0/release/release_new/new.10/include/g4micromegas:/cvmfs/sphenix.sdcc.bnl.gov/alma9.2-gcc-14.2.0/release/release_new/new.10/include/g4eval:/cvmfs/sphenix.sdcc.bnl.gov/alma9.2-gcc-14.2.0/release/release_new/new.10/include/jetbackground:/cvmfs/sphenix.sdcc.bnl.gov/alma9.2-gcc-14.2.0/release/release_new/new.10/include/micromegas:/cvmfs/sphenix.sdcc.bnl.gov/alma9.2-gcc-14.2.0/release/release_new/new.10/include/hftrackefficiency:/cvmfs/sphenix.sdcc.bnl.gov/alma9.2-gcc-14.2.0/release/release_new/new.10/include/inttrawhitqa:/cvmfs/sphenix.sdcc.bnl.gov/alma9.2-gcc-14.2.0/release/release_new/new.10/include/centrality:/cvmfs/sphenix.sdcc.bnl.gov/alma9.2-gcc-14.2.0/release/release_new/new.10/include/epd:/cvmfs/sphenix.sdcc.bnl.gov/alma9.2-gcc-14.2.0/release/release_new/new.10/include/caloreco:/cvmfs/sphenix.sdcc.bnl.gov/alma9.2-gcc-14.2.0/release/release_new/new.10/include/HepMC:/cvmfs/sphenix.sdcc.bnl.gov/alma9.2-gcc-14.2.0/release/release_new/new.10/include/CLHEP:/cvmfs/sphenix.sdcc.bnl.gov/alma9.2-gcc-14.2.0/release/release_new/new.10/include/Acts:/cvmfs/sphenix.sdcc.bnl.gov/alma9.2-gcc-14.2.0/release/release_new/new.10/include/g4histos:/cvmfs/sphenix.sdcc.bnl.gov/alma9.2-gcc-14.2.0/release/release_new/new.10/include/eventplaneinfo:/cvmfs/sphenix.sdcc.bnl.gov/alma9.2-gcc-14.2.0/release/release_new/new.10/include/fillspacechargemaps:/cvmfs/sphenix.sdcc.bnl.gov/alma9.2-gcc-14.2.0/release/release_new/new.10/include/phhepmc:/cvmfs/sphenix.sdcc.bnl.gov/alma9.2-gcc-14.2.0/release/release_new/new.10/include/trackingqa:/cvmfs/sphenix.sdcc.bnl.gov/alma9.2-gcc-14.2.0/release/release_new/new.10/include/qautils:/cvmfs/sphenix.sdcc.bnl.gov/alma9.2-gcc-14.2.0/release/release_new/new.10/include/trackreco:/cvmfs/sphenix.sdcc.bnl.gov/alma9.2-gcc-14.2.0/release/release_new/new.10/include/g4ohcal:/cvmfs/sphenix.sdcc.bnl.gov/alma9.2-gcc-14.2.0/release/release_new/new.10/include/tpcdvcalib:/cvmfs/sphenix.sdcc.bnl.gov/alma9.2-gcc-14.2.0/release/release_new/new.10/include/zdcinfo:/cvmfs/sphenix.sdcc.bnl.gov/alma9.2-gcc-14.2.0/release/release_new/new.10/include/phpythia8:/cvmfs/sphenix.sdcc.bnl.gov/alma9.2-gcc-14.2.0/release/release_new/new.10/include/fun4allutils:/cvmfs/sphenix.sdcc.bnl.gov/alma9.2-gcc-14.2.0/release/release_new/new.10/include/tpcqa:/cvmfs/sphenix.sdcc.bnl.gov/alma9.2-gcc-14.2.0/release/release_new/new.10/include/Pythia8:/cvmfs/sphenix.sdcc.bnl.gov/alma9.2-gcc-14.2.0/release/release_new/new.10/include/DDRec:/cvmfs/sphenix.sdcc.bnl.gov/alma9.2-gcc-14.2.0/release/release_new/new.10/include/DDDigi:/cvmfs/sphenix.sdcc.bnl.gov/alma9.2-gcc-14.2.0/release/release_new/new.10/include/g4ihcal:/cvmfs/sphenix.sdcc.bnl.gov/alma9.2-gcc-14.2.0/release/release_new/new.10/include/frog:/cvmfs/sphenix.sdcc.bnl.gov/alma9.2-gcc-14.2.0/release/release_new/new.10/include/eigen3:/cvmfs/sphenix.sdcc.bnl.gov/alma9.2-gcc-14.2.0/release/release_new/new.10/include/tensorpipe:/cvmfs/sphenix.sdcc.bnl.gov/alma9.2-gcc-14.2.0/release/release_new/new.10/include/sphenixnpc:/cvmfs/sphenix.sdcc.bnl.gov/alma9.2-gcc-14.2.0/release/release_new/new.10/include/siscone:/cvmfs/sphenix.sdcc.bnl.gov/alma9.2-gcc-14.2.0/release/release_new/new.10/include/pmonitor:/cvmfs/sphenix.sdcc.bnl.gov/alma9.2-gcc-14.2.0/release/release_new/new.10/include/calobase:/cvmfs/sphenix.sdcc.bnl.gov/alma9.2-gcc-14.2.0/release/release_new/new.10/include/ActsExamples:/cvmfs/sphenix.sdcc.bnl.gov/alma9.2-gcc-14.2.0/release/release_new/new.10/include/g4gdml:/cvmfs/sphenix.sdcc.bnl.gov/alma9.2-gcc-14.2.0/release/release_new/new.10/include/mvtx_decoder:/cvmfs/sphenix.sdcc.bnl.gov/alma9.2-gcc-14.2.0/release/release_new/new.10/include/ROOT:/cvmfs/sphenix.sdcc.bnl.gov/alma9.2-gcc-14.2.0/release/release_new/new.10/include/phparameter:/cvmfs/sphenix.sdcc.bnl.gov/alma9.2-gcc-14.2.0/release/release_new/new.10/include/rsa:/cvmfs/sphenix.sdcc.bnl.gov/alma9.2-gcc-14.2.0/release/release_new/new.10/include/fun4allraw:/cvmfs/sphenix.sdcc.bnl.gov/alma9.2-gcc-14.2.0/release/release_new/new.10/include/trackbase_historic:/cvmfs/sphenix.sdcc.bnl.gov/alma9.2-gcc-14.2.0/release/release_new/new.10/include/g4jets:/cvmfs/sphenix.sdcc.bnl.gov/alma9.2-gcc-14.2.0/release/release_new/new.10/include/jetqa:/cvmfs/sphenix.sdcc.bnl.gov/alma9.2-gcc-14.2.0/release/release_new/new.10/include/phoolraw:/cvmfs/sphenix.sdcc.bnl.gov/alma9.2-gcc-14.2.0/release/release_new/new.10/include/g4calo:/cvmfs/sphenix.sdcc.bnl.gov/alma9.2-gcc-14.2.0/release/release_new/new.10/include/mvtxrawhitqa:/cvmfs/sphenix.sdcc.bnl.gov/alma9.2-gcc-14.2.0/release/release_new/new.10/include/HepMC3:/cvmfs/sphenix.sdcc.bnl.gov/alma9.2-gcc-14.2.0/release/release_new/new.10/include/calowaveformsim:/cvmfs/sphenix.sdcc.bnl.gov/alma9.2-gcc-14.2.0/release/release_new/new.10/include/g4caloprototype:/cvmfs/sphenix.sdcc.bnl.gov/alma9.2-gcc-14.2.0/release/release_new/new.10/include/pdbcalbase:/cvmfs/sphenix.sdcc.bnl.gov/alma9.2-gcc-14.2.0/release/release_new/new.10/include/gsl:/cvmfs/sphenix.sdcc.bnl.gov/alma9.2-gcc-14.2.0/release/release_new/new.10/include/nodedump:/cvmfs/sphenix.sdcc.bnl.gov/alma9.2-gcc-14.2.0/release/release_new/new.10/include/emcnoisytowerfinder:/cvmfs/sphenix.sdcc.bnl.gov/alma9.2-gcc-14.2.0/release/release_new/new.10/include/ActsFatras:/cvmfs/sphenix.sdcc.bnl.gov/alma9.2-gcc-14.2.0/release/release_new/new.10/include/ffarawmodules:/cvmfs/sphenix.sdcc.bnl.gov/alma9.2-gcc-14.2.0/release/release_new/new.10/include/Event:/cvmfs/sphenix.sdcc.bnl.gov/alma9.2-gcc-14.2.0/release/release_new/new.10/include/prototype3:/cvmfs/sphenix.sdcc.bnl.gov/alma9.2-gcc-14.2.0/release/release_new/new.10/include/fermimotionafterburner:/cvmfs/sphenix.sdcc.bnl.gov/alma9.2-gcc-14.2.0/release/release_new/new.10/include/Photos:/cvmfs/sphenix.sdcc.bnl.gov/alma9.2-gcc-14.2.0/release/release_new/new.10/include/xingshiftcal:/cvmfs/sphenix.sdcc.bnl.gov/alma9.2-gcc-14.2.0/release/release_new/new.10/include/trackbase:/cvmfs/sphenix.sdcc.bnl.gov/alma9.2-gcc-14.2.0/release/release_new/new.10/include/jetdstskimmer:/cvmfs/sphenix.sdcc.bnl.gov/alma9.2-gcc-14.2.0/release/release_new/new.10/include/clusteriso:/cvmfs/sphenix.sdcc.bnl.gov/alma9.2-gcc-14.2.0/release/release_new/new.10/include/asmjit:/cvmfs/sphenix.sdcc.bnl.gov/alma9.2-gcc-14.2.0/release/release_new/new.10/include/particleflowreco:/cvmfs/sphenix.sdcc.bnl.gov/alma9.2-gcc-14.2.0/release/release_new/new.10/include/tpchittrackdisplay:/cvmfs/sphenix.sdcc.bnl.gov/alma9.2-gcc-14.2.0/release/release_new/new.10/include/caloana:/cvmfs/sphenix.sdcc.bnl.gov/alma9.2-gcc-14.2.0/release/release_new/new.10/include/calotrigger:/cvmfs/sphenix.sdcc.bnl.gov/alma9.2-gcc-14.2.0/release/release_new/new.10/include/nopayloadclient:/cvmfs/sphenix.sdcc.bnl.gov/alma9.2-gcc-14.2.0/release/release_new/new.10/include/trackermillepedealignment:/cvmfs/sphenix.sdcc.bnl.gov/alma9.2-gcc-14.2.0/release/release_new/new.10/include/DD4hep:/cvmfs/sphenix.sdcc.bnl.gov/alma9.2-gcc-14.2.0/release/release_new/new.10/include/g4trackfastsim:/cvmfs/sphenix.sdcc.bnl.gov/alma9.2-gcc-14.2.0/release/release_new/new.10/include/prototype2:/cvmfs/sphenix.sdcc.bnl.gov/alma9.2-gcc-14.2.0/release/release_new/new.10/include/ATen:/cvmfs/sphenix.sdcc.bnl.gov/alma9.2-gcc-14.2.0/release/release_new/new.10/include/g4main:/cvmfs/sphenix.sdcc.bnl.gov/alma9.2-gcc-14.2.0/release/release_new/new.10/include/Tauola:/cvmfs/sphenix.sdcc.bnl.gov/alma9.2-gcc-14.2.0/release/release_new/new.10/include/inttcalib:/cvmfs/sphenix.sdcc.bnl.gov/alma9.2-gcc-14.2.0/release/release_new/new.10/include/reactionplaneafterburner:/cvmfs/sphenix.sdcc.bnl.gov/alma9.2-gcc-14.2.0/release/release_new/new.10/include/globalqa:/cvmfs/sphenix.sdcc.bnl.gov/alma9.2-gcc-14.2.0/release/release_new/new.10/include/tpccalib:/cvmfs/sphenix.sdcc.bnl.gov/alma9.2-gcc-14.2.0/release/release_new/new.10/include/DDSegmentation:/cvmfs/sphenix.sdcc.bnl.gov/alma9.2-gcc-14.2.0/release/release_new/new.10/include/decayfinder:/cvmfs/sphenix.sdcc.bnl.gov/alma9.2-gcc-14.2.0/release/release_new/new.10/include/compressclus:/cvmfs/sphenix.sdcc.bnl.gov/alma9.2-gcc-14.2.0/release/release_new/new.10/include/simqa_modules:/cvmfs/sphenix.sdcc.bnl.gov/alma9.2-gcc-14.2.0/release/release_new/new.10/include/resonancejettagging:/cvmfs/sphenix.sdcc.bnl.gov/alma9.2-gcc-14.2.0/release/release_new/new.10/include/g4centrality:/cvmfs/sphenix.sdcc.bnl.gov/alma9.2-gcc-14.2.0/release/release_new/new.10/include/mvtx:/cvmfs/sphenix.sdcc.bnl.gov/alma9.2-gcc-14.2.0/release/release_new/new.10/include/nlohmann:/cvmfs/sphenix.sdcc.bnl.gov/alma9.2-gcc-14.2.0/release/release_new/new.10/include/localpoloffmon:/cvmfs/sphenix.sdcc.bnl.gov/alma9.2-gcc-14.2.0/release/release_new/new.10/include/DDEve:/cvmfs/sphenix.sdcc.bnl.gov/alma9.2-gcc-14.2.0/release/release_new/new.10/include/Parsers:/cvmfs/sphenix.sdcc.bnl.gov/alma9.2-gcc-14.2.0/release/release_new/new.10/include/trackingdiagnostics:/cvmfs/sphenix.sdcc.bnl.gov/alma9.2-gcc-14.2.0/release/release_new/new.10/include/g4vertex:/cvmfs/sphenix.sdcc.bnl.gov/alma9.2-gcc-14.2.0/release/release_new/new.10/include/jetbase:/cvmfs/sphenix.sdcc.bnl.gov/alma9.2-gcc-14.2.0/release/release_new/new.10/include/globalvertex:/cvmfs/sphenix.sdcc.bnl.gov/alma9.2-gcc-14.2.0/release/release_new/new.10/include/phgenfit:/cvmfs/sphenix.sdcc.bnl.gov/alma9.2-gcc-14.2.0/release/release_new/new.10/include/rawbcolumi:/cvmfs/sphenix.sdcc.bnl.gov/alma9.2-gcc-14.2.0/release/release_new/new.10/include/eicsmear:/cvmfs/sphenix.sdcc.bnl.gov/alma9.2-gcc-14.2.0/release/release_new/new.10/include/mvtxcalib:/cvmfs/sphenix.sdcc.bnl.gov/alma9.2-gcc-14.2.0/release/release_new/new.10/include/tpclinelaserdiode:/cvmfs/sphenix.sdcc.bnl.gov/alma9.2-gcc-14.2.0/release/release_new/new.10/include/hepmcjettrigger:/cvmfs/sphenix.sdcc.bnl.gov/alma9.2-gcc-14.2.0/release/release_new/new.10/include/core:/cvmfs/sphenix.sdcc.bnl.gov/alma9.2-gcc-14.2.0/release/release_new/new.10/include/calo_cdb:/cvmfs/sphenix.sdcc.bnl.gov/alma9.2-gcc-14.2.0/release/release_new/new.10/include/mvtxclustershapesqa:/cvmfs/sphenix.sdcc.bnl.gov/alma9.2-gcc-14.2.0/release/release_new/new.10/include/calopacketskimmer:/cvmfs/sphenix.sdcc.bnl.gov/alma9.2-gcc-14.2.0/opt/sphenix/core/geant4.10.07.p04/include:/cvmfs/sphenix.sdcc.bnl.gov/alma9.2-gcc-14.2.0/release/release_new/new.10/rootmacros:/cvmfs/sphenix.sdcc.bnl.gov/alma9.2-gcc-14.2.0/opt/sphenix/core/include
GSEARCHPATH=.:PG:LUSTRE:RAWDATA
PWD=/gpfs/mnt/gpfs02/sphenix/user/samfred/run25/ppg11/histmaking
LOGNAME=samfred
_CONDOR_JOB_AD=/home/condor/local/sphnx/execute/dir_3318636/.job.ad
MANPATH=/cvmfs/sphenix.sdcc.bnl.gov/alma9.2-gcc-14.2.0/opt/sphenix/core/gcc/14.2.0-2f0a0/x86_64-el9/share/man:/cvmfs/sphenix.sdcc.bnl.gov/alma9.2-gcc-14.2.0/opt/sphenix/core/binutils/2.40-acaab/x86_64-el9/share/man:/cvmfs/sphenix.sdcc.bnl.gov/alma9.2-gcc-14.2.0/release/release_new/new.10/share/man:/cvmfs/sphenix.sdcc.bnl.gov/alma9.2-gcc-14.2.0/opt/sphenix/utils/share/man:/cvmfs/sphenix.sdcc.bnl.gov/alma9.2-gcc-14.2.0/opt/sphenix/core/share/man:/cvmfs/sphenix.sdcc.bnl.gov/alma9.2-gcc-14.2.0/opt/sphenix/core/root-6.32.06/man:/usr/local/share/man:/usr/share/man
PYTHIA8=/cvmfs/sphenix.sdcc.bnl.gov/alma9.2-gcc-14.2.0/release/release_new/new.10/share/Pythia8
G4INCLDATA=/cvmfs/sphenix.sdcc.bnl.gov/alma9.2-gcc-14.2.0/opt/sphenix/core/geant4.10.07.p04/share/Geant4-10.7.4/data/G4INCL1.0
ORIG_PATH=/usr/local/bin:/usr/bin
CXX=/cvmfs/sphenix.sdcc.bnl.gov/alma9.2-gcc-14.2.0/opt/sphenix/core/gcc/14.2.0-2f0a0/x86_64-el9/bin/g++
G4LEDATA=/cvmfs/sphenix.sdcc.bnl.gov/alma9.2-gcc-14.2.0/opt/sphenix/core/geant4.10.07.p04/share/Geant4-10.7.4/data/G4EMLOW7.13
PYTHON_CPU_COUNT=1
OPENBLAS_NUM_THREADS=1
_CONDOR_BIN=/usr/bin
HOME=/sphenix/u/samfred
G4PARTICLEXSDATA=/cvmfs/sphenix.sdcc.bnl.gov/alma9.2-gcc-14.2.0/opt/sphenix/core/geant4.10.07.p04/share/Geant4-10.7.4/data/G4PARTICLEXS3.1.1
ONLINE_MAIN=/cvmfs/sphenix.sdcc.bnl.gov/alma9.2-gcc-14.2.0/release/release_new/new.10
CALIBRATIONROOT=/cvmfs/sphenix.sdcc.bnl.gov/alma9.2-gcc-14.2.0/release/release_new/new.10/share/calibrations
TMPDIR=/tmp
_CONDOR_SCRATCH_DIR=/home/condor/local/sphnx/execute/dir_3318636
PGUSER=phnxrc
NOPAYLOADCLIENT_CONF=/cvmfs/sphenix.sdcc.bnl.gov/alma9.2-gcc-14.2.0/opt/sphenix/core/etc/sPHENIX_newcdb.json
_CONDOR_ANCESTOR_3318636=3319880:1759352735:495392582
_CONDOR_ANCESTOR_342407=3318636:1759352735:3817645276
XERCESCROOT=/cvmfs/sphenix.sdcc.bnl.gov/alma9.2-gcc-14.2.0/opt/sphenix/core/geant4.10.07.p04
LHAPATH=/cvmfs/sphenix.sdcc.bnl.gov/alma9.2-gcc-14.2.0/opt/sphenix/core/lhapdf-5.9.1/share/lhapdf/PDFsets
G4NEUTRONHPDATA=/cvmfs/sphenix.sdcc.bnl.gov/alma9.2-gcc-14.2.0/opt/sphenix/core/geant4.10.07.p04/share/Geant4-10.7.4/data/G4NDL4.6
PYTHONPATH=.:/cvmfs/sphenix.sdcc.bnl.gov/alma9.2-gcc-14.2.0/release/release_new/new.10/lib/python3.13/site-packages:/cvmfs/sphenix.sdcc.bnl.gov/alma9.2-gcc-14.2.0/opt/sphenix/core/lib/python3.13/site-packages:/cvmfs/sphenix.sdcc.bnl.gov/alma9.2-gcc-14.2.0/opt/sphenix/core/root-6.32.06/lib
USER=samfred
_CONDOR_JOB_PIDS=
TEMP=/tmp
GOMAXPROCS=1
OFFLINE_MAIN=/cvmfs/sphenix.sdcc.bnl.gov/alma9.2-gcc-14.2.0/release/release_new/new.10
SHLVL=1
TF_NUM_THREADS=1
G4SAIDXSDATA=/cvmfs/sphenix.sdcc.bnl.gov/alma9.2-gcc-14.2.0/opt/sphenix/core/geant4.10.07.p04/share/Geant4-10.7.4/data/G4SAIDDATA2.0
APPTAINER_CACHEDIR=/home/condor/local/sphnx/execute/dir_3318636
ROOTSYS=/cvmfs/sphenix.sdcc.bnl.gov/alma9.2-gcc-14.2.0/opt/sphenix/core/root-6.32.06
BATCH_SYSTEM=HTCondor
_CONDOR_SLOT=slot1_50
LD_LIBRARY_PATH=/sphenix/user/samfred/run25/install//lib:/cvmfs/sphenix.sdcc.bnl.gov/alma9.2-gcc-14.2.0/opt/sphenix/core/gcc/14.2.0-2f0a0/x86_64-el9/lib:/cvmfs/sphenix.sdcc.bnl.gov/alma9.2-gcc-14.2.0/opt/sphenix/core/gcc/14.2.0-2f0a0/x86_64-el9/lib64:/cvmfs/sphenix.sdcc.bnl.gov/alma9.2-gcc-14.2.0/opt/sphenix/core/binutils/2.40-acaab/x86_64-el9/lib:.:/cvmfs/sphenix.sdcc.bnl.gov/alma9.2-gcc-14.2.0/release/release_new/new.10/lib64:/cvmfs/sphenix.sdcc.bnl.gov/alma9.2-gcc-14.2.0/release/release_new/new.10/lib:/cvmfs/sphenix.sdcc.bnl.gov/alma9.2-gcc-14.2.0/opt/sphenix/utils/lib:/cvmfs/sphenix.sdcc.bnl.gov/alma9.2-gcc-14.2.0/opt/sphenix/core/lib:/cvmfs/sphenix.sdcc.bnl.gov/alma9.2-gcc-14.2.0/opt/sphenix/core/root-6.32.06/lib:/cvmfs/sphenix.sdcc.bnl.gov/alma9.2-gcc-14.2.0/opt/sphenix/core/geant4.10.07.p04/lib64:/cvmfs/sphenix.sdcc.bnl.gov/alma9.2-gcc-14.2.0/opt/sphenix/core/lhapdf-5.9.1/lib:/usr/local/lib64:/usr/lib64
OPT_SPHENIX=/cvmfs/sphenix.sdcc.bnl.gov/alma9.2-gcc-14.2.0/opt/sphenix/core
TF_LOOP_PARALLEL_ITERATIONS=1
EVT_LIB=/cvmfs/sphenix.sdcc.bnl.gov/alma9.2-gcc-14.2.0/opt/sphenix/core/root-6.32.06/lib
PGHOST=sphnxdbmaster.sdcc.bnl.gov
OMP_NUM_THREADS=1
G4REALSURFACEDATA=/cvmfs/sphenix.sdcc.bnl.gov/alma9.2-gcc-14.2.0/opt/sphenix/core/geant4.10.07.p04/share/Geant4-10.7.4/data/RealSurface2.2
FC=/cvmfs/sphenix.sdcc.bnl.gov/alma9.2-gcc-14.2.0/opt/sphenix/core/gcc/14.2.0-2f0a0/x86_64-el9/bin/gfortran
G4ABLADATA=/cvmfs/sphenix.sdcc.bnl.gov/alma9.2-gcc-14.2.0/opt/sphenix/core/geant4.10.07.p04/share/Geant4-10.7.4/data/G4ABLA3.1
PARASOFT=doesnotexist
TMP=/tmp
OPT_UTILS=/cvmfs/sphenix.sdcc.bnl.gov/alma9.2-gcc-14.2.0/opt/sphenix/utils
CONFIG_SITE=/cvmfs/sphenix.sdcc.bnl.gov/alma9.2-gcc-14.2.0/opt/sphenix/core/etc/config.site
PATH=/sphenix/user/samfred/run25/install//bin:/cvmfs/sphenix.sdcc.bnl.gov/alma9.2-gcc-14.2.0/opt/sphenix/core/gcc/14.2.0-2f0a0/x86_64-el9/bin:/cvmfs/sphenix.sdcc.bnl.gov/alma9.2-gcc-14.2.0/opt/sphenix/core/binutils/2.40-acaab/x86_64-el9/bin:.:/cvmfs/sphenix.sdcc.bnl.gov/alma9.2-gcc-14.2.0/release/release_new/new.10/bin:/cvmfs/sphenix.sdcc.bnl.gov/alma9.2-gcc-14.2.0/opt/sphenix/utils/bin:/cvmfs/sphenix.sdcc.bnl.gov/alma9.2-gcc-14.2.0/opt/sphenix/core/bin:/cvmfs/sphenix.sdcc.bnl.gov/alma9.2-gcc-14.2.0/opt/sphenix/core/root-6.32.06/bin:/cvmfs/sphenix.sdcc.bnl.gov/alma9.2-gcc-14.2.0/opt/sphenix/core/geant4.10.07.p04/bin:/usr/local/bin:/usr/bin:/usr/local/sbin:/usr/sbin
G4LEVELGAMMADATA=/cvmfs/sphenix.sdcc.bnl.gov/alma9.2-gcc-14.2.0/opt/sphenix/core/geant4.10.07.p04/share/Geant4-10.7.4/data/PhotonEvaporation5.7
CC=/cvmfs/sphenix.sdcc.bnl.gov/alma9.2-gcc-14.2.0/opt/sphenix/core/gcc/14.2.0-2f0a0/x86_64-el9/bin/gcc
G4RADIOACTIVEDATA=/cvmfs/sphenix.sdcc.bnl.gov/alma9.2-gcc-14.2.0/opt/sphenix/core/geant4.10.07.p04/share/Geant4-10.7.4/data/RadioactiveDecay5.6
JULIA_NUM_THREADS=1
MKL_NUM_THREADS=1
_CONDOR_ANCESTOR_342372=342407:1756523326:2910395501
LHAPDF_DATA_PATH=/cvmfs/sphenix.sdcc.bnl.gov/alma9.2-gcc-14.2.0/release/release_new/new.10/share/LHAPDF
XPLOAD_CONFIG_DIR=/cvmfs/sphenix.sdcc.bnl.gov/alma9.2-gcc-14.2.0/opt/sphenix/core/etc
OLDPWD=/cvmfs/sphenix.sdcc.bnl.gov/alma9.2-gcc-14.2.0/release/release_new/new.10/geant4
_=/usr/bin/printenv
runnumber...
52441
trigger...

   ------------------------------------------------------------------
  | Welcome to ROOT 6.32.06                        https://root.cern |
  | (c) 1995-2024, The ROOT Team; conception: R. Brun, F. Rademakers |
  | Built for linuxx8664gcc on Dec 13 2024, 17:23:48                 |
  | From tags/6-32-06@6-32-06                                        |
  | With g++ (GCC) 14.2.0                                            |
  | Try '.help'/'.?', '.demo', '.license', '.credits', '.quit'/'.q'  |
   ------------------------------------------------------------------


Processing data_histmaker.C(52441)...
entry 0/3143250 (0%)
entry 1000/3143250 (0.0318142%)
entry 2000/3143250 (0.0636284%)
entry 3000/3143250 (0.0954426%)
entry 4000/3143250 (0.127257%)
entry 6000/3143250 (0.190885%)
entry 7000/3143250 (0.222699%)
entry 9000/3143250 (0.286328%)
entry 12000/3143250 (0.38177%)
entry 13000/3143250 (0.413585%)
entry 15000/3143250 (0.477213%)
entry 16000/3143250 (0.509027%)
entry 17000/3143250 (0.540841%)
entry 18000/3143250 (0.572656%)
entry 19000/3143250 (0.60447%)
entry 20000/3143250 (0.636284%)
entry 21000/3143250 (0.668098%)
entry 22000/3143250 (0.699913%)
entry 23000/3143250 (0.731727%)
entry 24000/3143250 (0.763541%)
entry 26000/3143250 (0.827169%)
entry 27000/3143250 (0.858983%)
entry 28000/3143250 (0.890798%)
entry 29000/3143250 (0.922612%)
entry 30000/3143250 (0.954426%)
entry 33000/3143250 (1.04987%)
entry 35000/3143250 (1.1135%)
entry 36000/3143250 (1.14531%)
entry 39000/3143250 (1.24075%)
entry 40000/3143250 (1.27257%)
entry 42000/3143250 (1.3362%)
entry 43000/3143250 (1.36801%)
entry 44000/3143250 (1.39983%)
entry 45000/3143250 (1.43164%)
entry 47000/3143250 (1.49527%)
entry 48000/3143250 (1.52708%)
entry 51000/3143250 (1.62252%)
entry 53000/3143250 (1.68615%)
entry 54000/3143250 (1.71797%)
entry 55000/3143250 (1.74978%)
entry 56000/3143250 (1.7816%)
entry 57000/3143250 (1.81341%)
entry 60000/3143250 (1.90885%)
entry 62000/3143250 (1.97248%)
entry 63000/3143250 (2.00429%)
entry 64000/3143250 (2.03611%)
entry 65000/3143250 (2.06792%)
entry 67000/3143250 (2.13155%)
entry 71000/3143250 (2.25881%)
entry 72000/3143250 (2.29062%)
entry 73000/3143250 (2.32244%)
entry 74000/3143250 (2.35425%)
entry 77000/3143250 (2.44969%)
entry 78000/3143250 (2.48151%)
entry 79000/3143250 (2.51332%)
entry 80000/3143250 (2.54514%)
entry 81000/3143250 (2.57695%)
entry 83000/3143250 (2.64058%)
entry 84000/3143250 (2.67239%)
entry 85000/3143250 (2.70421%)
entry 87000/3143250 (2.76784%)
entry 89000/3143250 (2.83146%)
entry 90000/3143250 (2.86328%)
entry 91000/3143250 (2.89509%)
entry 92000/3143250 (2.92691%)
entry 93000/3143250 (2.95872%)
entry 94000/3143250 (2.99054%)
entry 95000/3143250 (3.02235%)
entry 96000/3143250 (3.05416%)
entry 98000/3143250 (3.11779%)
entry 99000/3143250 (3.14961%)
entry 100000/3143250 (3.18142%)
entry 102000/3143250 (3.24505%)
entry 103000/3143250 (3.27686%)
entry 106000/3143250 (3.37231%)
entry 107000/3143250 (3.40412%)
entry 108000/3143250 (3.43593%)
entry 109000/3143250 (3.46775%)
entry 110000/3143250 (3.49956%)
entry 113000/3143250 (3.59501%)
entry 114000/3143250 (3.62682%)
entry 116000/3143250 (3.69045%)
entry 117000/3143250 (3.72226%)
entry 118000/3143250 (3.75408%)
entry 120000/3143250 (3.8177%)
entry 121000/3143250 (3.84952%)
entry 124000/3143250 (3.94496%)
entry 125000/3143250 (3.97678%)
entry 127000/3143250 (4.0404%)
entry 129000/3143250 (4.10403%)
entry 131000/3143250 (4.16766%)
entry 133000/3143250 (4.23129%)
entry 134000/3143250 (4.2631%)
entry 135000/3143250 (4.29492%)
entry 136000/3143250 (4.32673%)
entry 137000/3143250 (4.35855%)
entry 138000/3143250 (4.39036%)
entry 139000/3143250 (4.42217%)
entry 140000/3143250 (4.45399%)
entry 141000/3143250 (4.4858%)
entry 142000/3143250 (4.51762%)
entry 144000/3143250 (4.58125%)
entry 145000/3143250 (4.61306%)
entry 146000/3143250 (4.64487%)
entry 147000/3143250 (4.67669%)
entry 148000/3143250 (4.7085%)
entry 149000/3143250 (4.74032%)
entry 150000/3143250 (4.77213%)
entry 151000/3143250 (4.80395%)
entry 152000/3143250 (4.83576%)
entry 153000/3143250 (4.86757%)
entry 154000/3143250 (4.89939%)
entry 155000/3143250 (4.9312%)
entry 156000/3143250 (4.96302%)
entry 157000/3143250 (4.99483%)
entry 159000/3143250 (5.05846%)
entry 160000/3143250 (5.09027%)
entry 161000/3143250 (5.12209%)
entry 162000/3143250 (5.1539%)
entry 163000/3143250 (5.18572%)
entry 164000/3143250 (5.21753%)
entry 165000/3143250 (5.24934%)
entry 166000/3143250 (5.28116%)
entry 168000/3143250 (5.34479%)
entry 169000/3143250 (5.3766%)
entry 170000/3143250 (5.40841%)
entry 171000/3143250 (5.44023%)
entry 172000/3143250 (5.47204%)
entry 173000/3143250 (5.50386%)
entry 176000/3143250 (5.5993%)
entry 177000/3143250 (5.63111%)
entry 179000/3143250 (5.69474%)
entry 180000/3143250 (5.72656%)
entry 183000/3143250 (5.822%)
entry 184000/3143250 (5.85381%)
entry 185000/3143250 (5.88563%)
entry 186000/3143250 (5.91744%)
entry 187000/3143250 (5.94926%)
entry 188000/3143250 (5.98107%)
entry 189000/3143250 (6.01288%)
entry 190000/3143250 (6.0447%)
entry 193000/3143250 (6.14014%)
entry 195000/3143250 (6.20377%)
entry 198000/3143250 (6.29921%)
entry 201000/3143250 (6.39466%)
entry 202000/3143250 (6.42647%)
entry 204000/3143250 (6.4901%)
entry 209000/3143250 (6.64917%)
entry 210000/3143250 (6.68098%)
entry 215000/3143250 (6.84005%)
entry 216000/3143250 (6.87187%)
entry 218000/3143250 (6.9355%)
entry 220000/3143250 (6.99913%)
entry 223000/3143250 (7.09457%)
entry 225000/3143250 (7.1582%)
entry 227000/3143250 (7.22182%)
entry 229000/3143250 (7.28545%)
entry 230000/3143250 (7.31727%)
entry 231000/3143250 (7.34908%)
entry 235000/3143250 (7.47634%)
entry 236000/3143250 (7.50815%)
entry 238000/3143250 (7.57178%)
entry 239000/3143250 (7.60359%)
entry 241000/3143250 (7.66722%)
entry 242000/3143250 (7.69904%)
entry 246000/3143250 (7.82629%)
entry 247000/3143250 (7.85811%)
entry 248000/3143250 (7.88992%)
entry 251000/3143250 (7.98537%)
entry 252000/3143250 (8.01718%)
entry 254000/3143250 (8.08081%)
entry 255000/3143250 (8.11262%)
entry 256000/3143250 (8.14444%)
entry 258000/3143250 (8.20806%)
entry 259000/3143250 (8.23988%)
entry 260000/3143250 (8.27169%)
entry 261000/3143250 (8.30351%)
entry 262000/3143250 (8.33532%)
entry 263000/3143250 (8.36714%)
entry 265000/3143250 (8.43076%)
entry 266000/3143250 (8.46258%)
entry 268000/3143250 (8.52621%)
entry 270000/3143250 (8.58984%)
entry 272000/3143250 (8.65346%)
entry 273000/3143250 (8.68528%)
entry 274000/3143250 (8.71709%)
entry 275000/3143250 (8.74891%)
entry 276000/3143250 (8.78072%)
entry 277000/3143250 (8.81253%)
entry 278000/3143250 (8.84435%)
entry 279000/3143250 (8.87616%)
entry 281000/3143250 (8.93979%)
entry 282000/3143250 (8.97161%)
entry 283000/3143250 (9.00342%)
entry 285000/3143250 (9.06705%)
entry 286000/3143250 (9.09886%)
entry 287000/3143250 (9.13068%)
entry 289000/3143250 (9.19431%)
entry 290000/3143250 (9.22612%)
entry 292000/3143250 (9.28975%)
entry 293000/3143250 (9.32156%)
entry 294000/3143250 (9.35338%)
entry 296000/3143250 (9.417%)
entry 297000/3143250 (9.44882%)
entry 300000/3143250 (9.54426%)
entry 301000/3143250 (9.57608%)
entry 302000/3143250 (9.60789%)
entry 304000/3143250 (9.67152%)
entry 305000/3143250 (9.70333%)
entry 306000/3143250 (9.73515%)
entry 310000/3143250 (9.8624%)
entry 311000/3143250 (9.89422%)
entry 312000/3143250 (9.92603%)
entry 314000/3143250 (9.98966%)
entry 315000/3143250 (10.0215%)
entry 316000/3143250 (10.0533%)
entry 320000/3143250 (10.1805%)
entry 322000/3143250 (10.2442%)
entry 328000/3143250 (10.4351%)
entry 334000/3143250 (10.6259%)
entry 335000/3143250 (10.6578%)
entry 336000/3143250 (10.6896%)
entry 338000/3143250 (10.7532%)
entry 339000/3143250 (10.785%)
entry 340000/3143250 (10.8168%)
entry 341000/3143250 (10.8486%)
entry 342000/3143250 (10.8805%)
entry 343000/3143250 (10.9123%)
entry 344000/3143250 (10.9441%)
entry 345000/3143250 (10.9759%)
entry 347000/3143250 (11.0395%)
entry 348000/3143250 (11.0713%)
entry 349000/3143250 (11.1032%)
entry 351000/3143250 (11.1668%)
entry 352000/3143250 (11.1986%)
entry 354000/3143250 (11.2622%)
entry 356000/3143250 (11.3259%)
entry 357000/3143250 (11.3577%)
entry 358000/3143250 (11.3895%)
entry 359000/3143250 (11.4213%)
entry 361000/3143250 (11.4849%)
entry 365000/3143250 (11.6122%)
entry 366000/3143250 (11.644%)
entry 368000/3143250 (11.7076%)
entry 371000/3143250 (11.8031%)
entry 372000/3143250 (11.8349%)
entry 374000/3143250 (11.8985%)
entry 375000/3143250 (11.9303%)
entry 377000/3143250 (11.994%)
entry 378000/3143250 (12.0258%)
entry 379000/3143250 (12.0576%)
entry 381000/3143250 (12.1212%)
entry 383000/3143250 (12.1848%)
entry 386000/3143250 (12.2803%)
entry 390000/3143250 (12.4075%)
entry 391000/3143250 (12.4394%)
entry 392000/3143250 (12.4712%)
entry 393000/3143250 (12.503%)
entry 395000/3143250 (12.5666%)
entry 397000/3143250 (12.6302%)
entry 401000/3143250 (12.7575%)
entry 402000/3143250 (12.7893%)
entry 403000/3143250 (12.8211%)
entry 404000/3143250 (12.8529%)
entry 407000/3143250 (12.9484%)
entry 409000/3143250 (13.012%)
entry 413000/3143250 (13.1393%)
entry 414000/3143250 (13.1711%)
entry 417000/3143250 (13.2665%)
entry 418000/3143250 (13.2983%)
entry 420000/3143250 (13.362%)
entry 425000/3143250 (13.521%)
entry 427000/3143250 (13.5847%)
entry 428000/3143250 (13.6165%)
entry 431000/3143250 (13.7119%)
entry 432000/3143250 (13.7437%)
entry 433000/3143250 (13.7756%)
entry 434000/3143250 (13.8074%)
entry 436000/3143250 (13.871%)
entry 438000/3143250 (13.9346%)
entry 441000/3143250 (14.0301%)
entry 442000/3143250 (14.0619%)
entry 443000/3143250 (14.0937%)
entry 444000/3143250 (14.1255%)
entry 445000/3143250 (14.1573%)
entry 447000/3143250 (14.221%)
entry 448000/3143250 (14.2528%)
entry 449000/3143250 (14.2846%)
entry 451000/3143250 (14.3482%)
entry 452000/3143250 (14.38%)
entry 454000/3143250 (14.4436%)
entry 455000/3143250 (14.4755%)
entry 456000/3143250 (14.5073%)
entry 457000/3143250 (14.5391%)
entry 459000/3143250 (14.6027%)
entry 460000/3143250 (14.6345%)
entry 462000/3143250 (14.6982%)
entry 463000/3143250 (14.73%)
entry 466000/3143250 (14.8254%)
entry 467000/3143250 (14.8572%)
entry 468000/3143250 (14.889%)
entry 469000/3143250 (14.9209%)
entry 471000/3143250 (14.9845%)
entry 472000/3143250 (15.0163%)
entry 473000/3143250 (15.0481%)
entry 474000/3143250 (15.0799%)
entry 476000/3143250 (15.1436%)
entry 477000/3143250 (15.1754%)
entry 478000/3143250 (15.2072%)
entry 480000/3143250 (15.2708%)
entry 481000/3143250 (15.3026%)
entry 482000/3143250 (15.3344%)
entry 484000/3143250 (15.3981%)
entry 485000/3143250 (15.4299%)
entry 486000/3143250 (15.4617%)
entry 487000/3143250 (15.4935%)
entry 489000/3143250 (15.5571%)
entry 490000/3143250 (15.589%)
entry 491000/3143250 (15.6208%)
entry 493000/3143250 (15.6844%)
entry 494000/3143250 (15.7162%)
entry 495000/3143250 (15.748%)
entry 496000/3143250 (15.7798%)
entry 498000/3143250 (15.8435%)
entry 499000/3143250 (15.8753%)
entry 500000/3143250 (15.9071%)
entry 504000/3143250 (16.0344%)
entry 505000/3143250 (16.0662%)
entry 506000/3143250 (16.098%)
entry 507000/3143250 (16.1298%)
entry 508000/3143250 (16.1616%)
entry 510000/3143250 (16.2252%)
entry 511000/3143250 (16.2571%)
entry 512000/3143250 (16.2889%)
entry 515000/3143250 (16.3843%)
entry 516000/3143250 (16.4161%)
entry 517000/3143250 (16.4479%)
entry 518000/3143250 (16.4798%)
entry 519000/3143250 (16.5116%)
entry 520000/3143250 (16.5434%)
entry 521000/3143250 (16.5752%)
entry 523000/3143250 (16.6388%)
entry 524000/3143250 (16.6706%)
entry 525000/3143250 (16.7025%)
entry 528000/3143250 (16.7979%)
entry 529000/3143250 (16.8297%)
entry 531000/3143250 (16.8933%)
entry 534000/3143250 (16.9888%)
entry 536000/3143250 (17.0524%)
entry 537000/3143250 (17.0842%)
entry 538000/3143250 (17.116%)
entry 539000/3143250 (17.1479%)
entry 540000/3143250 (17.1797%)
entry 541000/3143250 (17.2115%)
entry 542000/3143250 (17.2433%)
entry 545000/3143250 (17.3387%)
entry 548000/3143250 (17.4342%)
entry 549000/3143250 (17.466%)
entry 550000/3143250 (17.4978%)
entry 551000/3143250 (17.5296%)
entry 552000/3143250 (17.5614%)
entry 554000/3143250 (17.6251%)
entry 555000/3143250 (17.6569%)
entry 559000/3143250 (17.7841%)
entry 560000/3143250 (17.816%)
entry 561000/3143250 (17.8478%)
entry 562000/3143250 (17.8796%)
entry 563000/3143250 (17.9114%)
entry 565000/3143250 (17.975%)
entry 566000/3143250 (18.0068%)
entry 567000/3143250 (18.0387%)
entry 570000/3143250 (18.1341%)
entry 571000/3143250 (18.1659%)
entry 572000/3143250 (18.1977%)
entry 573000/3143250 (18.2295%)
entry 575000/3143250 (18.2932%)
entry 578000/3143250 (18.3886%)
entry 579000/3143250 (18.4204%)
entry 580000/3143250 (18.4522%)
entry 582000/3143250 (18.5159%)
entry 586000/3143250 (18.6431%)
entry 587000/3143250 (18.6749%)
entry 588000/3143250 (18.7068%)
entry 589000/3143250 (18.7386%)
entry 590000/3143250 (18.7704%)
entry 592000/3143250 (18.834%)
entry 594000/3143250 (18.8976%)
entry 595000/3143250 (18.9295%)
entry 596000/3143250 (18.9613%)
entry 599000/3143250 (19.0567%)
entry 600000/3143250 (19.0885%)
entry 601000/3143250 (19.1203%)
entry 602000/3143250 (19.1522%)
entry 603000/3143250 (19.184%)
entry 604000/3143250 (19.2158%)
entry 605000/3143250 (19.2476%)
entry 607000/3143250 (19.3112%)
entry 608000/3143250 (19.343%)
entry 610000/3143250 (19.4067%)
entry 611000/3143250 (19.4385%)
entry 612000/3143250 (19.4703%)
entry 613000/3143250 (19.5021%)
entry 614000/3143250 (19.5339%)
entry 619000/3143250 (19.693%)
entry 620000/3143250 (19.7248%)
entry 621000/3143250 (19.7566%)
entry 622000/3143250 (19.7884%)
entry 623000/3143250 (19.8202%)
entry 626000/3143250 (19.9157%)
entry 630000/3143250 (20.0429%)
entry 632000/3143250 (20.1066%)
entry 633000/3143250 (20.1384%)
entry 635000/3143250 (20.202%)
entry 636000/3143250 (20.2338%)
entry 637000/3143250 (20.2656%)
entry 640000/3143250 (20.3611%)
entry 641000/3143250 (20.3929%)
entry 642000/3143250 (20.4247%)
entry 645000/3143250 (20.5202%)
entry 646000/3143250 (20.552%)
entry 647000/3143250 (20.5838%)
entry 648000/3143250 (20.6156%)
entry 649000/3143250 (20.6474%)
entry 650000/3143250 (20.6792%)
entry 651000/3143250 (20.711%)
entry 653000/3143250 (20.7747%)
entry 655000/3143250 (20.8383%)
entry 656000/3143250 (20.8701%)
entry 657000/3143250 (20.9019%)
entry 658000/3143250 (20.9337%)
entry 659000/3143250 (20.9656%)
entry 660000/3143250 (20.9974%)
entry 661000/3143250 (21.0292%)
entry 663000/3143250 (21.0928%)
entry 664000/3143250 (21.1246%)
entry 665000/3143250 (21.1564%)
entry 668000/3143250 (21.2519%)
entry 669000/3143250 (21.2837%)
entry 670000/3143250 (21.3155%)
entry 671000/3143250 (21.3473%)
entry 673000/3143250 (21.411%)
entry 674000/3143250 (21.4428%)
entry 675000/3143250 (21.4746%)
entry 677000/3143250 (21.5382%)
entry 678000/3143250 (21.57%)
entry 682000/3143250 (21.6973%)
entry 683000/3143250 (21.7291%)
entry 684000/3143250 (21.7609%)
entry 687000/3143250 (21.8564%)
entry 688000/3143250 (21.8882%)
entry 689000/3143250 (21.92%)
entry 690000/3143250 (21.9518%)
entry 691000/3143250 (21.9836%)
entry 693000/3143250 (22.0472%)
entry 694000/3143250 (22.0791%)
entry 695000/3143250 (22.1109%)
entry 697000/3143250 (22.1745%)
entry 698000/3143250 (22.2063%)
entry 699000/3143250 (22.2381%)
entry 704000/3143250 (22.3972%)
entry 705000/3143250 (22.429%)
entry 706000/3143250 (22.4608%)
entry 707000/3143250 (22.4926%)
entry 709000/3143250 (22.5563%)
entry 711000/3143250 (22.6199%)
entry 712000/3143250 (22.6517%)
entry 714000/3143250 (22.7153%)
entry 715000/3143250 (22.7472%)
entry 717000/3143250 (22.8108%)
entry 719000/3143250 (22.8744%)
entry 720000/3143250 (22.9062%)
entry 721000/3143250 (22.938%)
entry 723000/3143250 (23.0017%)
entry 724000/3143250 (23.0335%)
entry 725000/3143250 (23.0653%)
entry 726000/3143250 (23.0971%)
entry 727000/3143250 (23.1289%)
entry 728000/3143250 (23.1607%)
entry 730000/3143250 (23.2244%)
entry 731000/3143250 (23.2562%)
entry 732000/3143250 (23.288%)
entry 733000/3143250 (23.3198%)
entry 734000/3143250 (23.3516%)
entry 736000/3143250 (23.4153%)
entry 739000/3143250 (23.5107%)
entry 741000/3143250 (23.5743%)
entry 744000/3143250 (23.6698%)
entry 745000/3143250 (23.7016%)
entry 746000/3143250 (23.7334%)
entry 749000/3143250 (23.8288%)
entry 751000/3143250 (23.8925%)
entry 752000/3143250 (23.9243%)
entry 753000/3143250 (23.9561%)
entry 754000/3143250 (23.9879%)
entry 756000/3143250 (24.0515%)
entry 759000/3143250 (24.147%)
entry 760000/3143250 (24.1788%)
entry 761000/3143250 (24.2106%)
entry 762000/3143250 (24.2424%)
entry 764000/3143250 (24.3061%)
entry 765000/3143250 (24.3379%)
entry 766000/3143250 (24.3697%)
entry 767000/3143250 (24.4015%)
entry 768000/3143250 (24.4333%)
entry 769000/3143250 (24.4651%)
entry 771000/3143250 (24.5288%)
entry 772000/3143250 (24.5606%)
entry 773000/3143250 (24.5924%)
entry 778000/3143250 (24.7515%)
entry 779000/3143250 (24.7833%)
entry 781000/3143250 (24.8469%)
entry 782000/3143250 (24.8787%)
entry 783000/3143250 (24.9105%)
entry 787000/3143250 (25.0378%)
entry 789000/3143250 (25.1014%)
entry 790000/3143250 (25.1332%)
entry 791000/3143250 (25.165%)
entry 792000/3143250 (25.1969%)
entry 795000/3143250 (25.2923%)
entry 799000/3143250 (25.4196%)
entry 800000/3143250 (25.4514%)
entry 801000/3143250 (25.4832%)
entry 803000/3143250 (25.5468%)
entry 804000/3143250 (25.5786%)
entry 811000/3143250 (25.8013%)
entry 812000/3143250 (25.8331%)
entry 814000/3143250 (25.8968%)
entry 816000/3143250 (25.9604%)
entry 817000/3143250 (25.9922%)
entry 818000/3143250 (26.024%)
entry 822000/3143250 (26.1513%)
entry 825000/3143250 (26.2467%)
entry 826000/3143250 (26.2785%)
entry 827000/3143250 (26.3103%)
entry 829000/3143250 (26.374%)
entry 830000/3143250 (26.4058%)
entry 831000/3143250 (26.4376%)
entry 832000/3143250 (26.4694%)
entry 834000/3143250 (26.533%)
entry 835000/3143250 (26.5649%)
entry 837000/3143250 (26.6285%)
entry 838000/3143250 (26.6603%)
entry 840000/3143250 (26.7239%)
entry 841000/3143250 (26.7557%)
entry 842000/3143250 (26.7876%)
entry 843000/3143250 (26.8194%)
entry 846000/3143250 (26.9148%)
entry 847000/3143250 (26.9466%)
entry 850000/3143250 (27.0421%)
entry 851000/3143250 (27.0739%)
entry 852000/3143250 (27.1057%)
entry 853000/3143250 (27.1375%)
entry 854000/3143250 (27.1693%)
entry 858000/3143250 (27.2966%)
entry 860000/3143250 (27.3602%)
entry 862000/3143250 (27.4238%)
entry 863000/3143250 (27.4557%)
entry 865000/3143250 (27.5193%)
entry 866000/3143250 (27.5511%)
entry 868000/3143250 (27.6147%)
entry 869000/3143250 (27.6465%)
entry 871000/3143250 (27.7102%)
entry 872000/3143250 (27.742%)
entry 873000/3143250 (27.7738%)
entry 874000/3143250 (27.8056%)
entry 875000/3143250 (27.8374%)
entry 876000/3143250 (27.8692%)
entry 877000/3143250 (27.9011%)
entry 878000/3143250 (27.9329%)
entry 879000/3143250 (27.9647%)
entry 880000/3143250 (27.9965%)
entry 883000/3143250 (28.0919%)
entry 884000/3143250 (28.1238%)
entry 885000/3143250 (28.1556%)
entry 887000/3143250 (28.2192%)
entry 888000/3143250 (28.251%)
entry 889000/3143250 (28.2828%)
entry 890000/3143250 (28.3146%)
entry 891000/3143250 (28.3465%)
entry 892000/3143250 (28.3783%)
entry 894000/3143250 (28.4419%)
entry 895000/3143250 (28.4737%)
entry 899000/3143250 (28.601%)
entry 901000/3143250 (28.6646%)
entry 902000/3143250 (28.6964%)
entry 904000/3143250 (28.76%)
entry 905000/3143250 (28.7919%)
entry 907000/3143250 (28.8555%)
entry 909000/3143250 (28.9191%)
entry 911000/3143250 (28.9827%)
entry 912000/3143250 (29.0146%)
entry 913000/3143250 (29.0464%)
entry 916000/3143250 (29.1418%)
entry 917000/3143250 (29.1736%)
entry 918000/3143250 (29.2054%)
entry 920000/3143250 (29.2691%)
entry 922000/3143250 (29.3327%)
entry 923000/3143250 (29.3645%)
entry 927000/3143250 (29.4918%)
entry 929000/3143250 (29.5554%)
entry 933000/3143250 (29.6827%)
entry 934000/3143250 (29.7145%)
entry 935000/3143250 (29.7463%)
entry 936000/3143250 (29.7781%)
entry 937000/3143250 (29.8099%)
entry 938000/3143250 (29.8417%)
entry 939000/3143250 (29.8735%)
entry 940000/3143250 (29.9054%)
entry 942000/3143250 (29.969%)
entry 944000/3143250 (30.0326%)
entry 946000/3143250 (30.0962%)
entry 948000/3143250 (30.1599%)
entry 949000/3143250 (30.1917%)
entry 956000/3143250 (30.4144%)
entry 957000/3143250 (30.4462%)
entry 958000/3143250 (30.478%)
entry 959000/3143250 (30.5098%)
entry 964000/3143250 (30.6689%)
entry 965000/3143250 (30.7007%)
entry 967000/3143250 (30.7643%)
entry 968000/3143250 (30.7961%)
entry 969000/3143250 (30.828%)
entry 970000/3143250 (30.8598%)
entry 971000/3143250 (30.8916%)
entry 973000/3143250 (30.9552%)
entry 974000/3143250 (30.987%)
entry 978000/3143250 (31.1143%)
entry 979000/3143250 (31.1461%)
entry 980000/3143250 (31.1779%)
entry 981000/3143250 (31.2097%)
entry 983000/3143250 (31.2734%)
entry 985000/3143250 (31.337%)
entry 987000/3143250 (31.4006%)
entry 988000/3143250 (31.4324%)
entry 990000/3143250 (31.4961%)
entry 992000/3143250 (31.5597%)
entry 993000/3143250 (31.5915%)
entry 994000/3143250 (31.6233%)
entry 995000/3143250 (31.6551%)
entry 997000/3143250 (31.7188%)
entry 998000/3143250 (31.7506%)
entry 999000/3143250 (31.7824%)
entry 1001000/3143250 (31.846%)
entry 1003000/3143250 (31.9096%)
entry 1005000/3143250 (31.9733%)
entry 1007000/3143250 (32.0369%)
entry 1008000/3143250 (32.0687%)
entry 1009000/3143250 (32.1005%)
entry 1010000/3143250 (32.1323%)
entry 1011000/3143250 (32.1642%)
entry 1012000/3143250 (32.196%)
entry 1013000/3143250 (32.2278%)
entry 1014000/3143250 (32.2596%)
entry 1015000/3143250 (32.2914%)
entry 1016000/3143250 (32.3232%)
entry 1018000/3143250 (32.3869%)
entry 1022000/3143250 (32.5141%)
entry 1024000/3143250 (32.5777%)
entry 1025000/3143250 (32.6096%)
entry 1026000/3143250 (32.6414%)
entry 1027000/3143250 (32.6732%)
entry 1028000/3143250 (32.705%)
entry 1029000/3143250 (32.7368%)
entry 1032000/3143250 (32.8323%)
entry 1033000/3143250 (32.8641%)
entry 1034000/3143250 (32.8959%)
entry 1037000/3143250 (32.9913%)
entry 1038000/3143250 (33.0231%)
entry 1039000/3143250 (33.055%)
entry 1040000/3143250 (33.0868%)
entry 1044000/3143250 (33.214%)
entry 1045000/3143250 (33.2458%)
entry 1046000/3143250 (33.2777%)
entry 1047000/3143250 (33.3095%)
entry 1048000/3143250 (33.3413%)
entry 1049000/3143250 (33.3731%)
entry 1050000/3143250 (33.4049%)
entry 1051000/3143250 (33.4367%)
entry 1053000/3143250 (33.5004%)
entry 1055000/3143250 (33.564%)
entry 1056000/3143250 (33.5958%)
entry 1061000/3143250 (33.7549%)
entry 1062000/3143250 (33.7867%)
entry 1063000/3143250 (33.8185%)
entry 1065000/3143250 (33.8821%)
entry 1067000/3143250 (33.9458%)
entry 1068000/3143250 (33.9776%)
entry 1070000/3143250 (34.0412%)
entry 1075000/3143250 (34.2003%)
entry 1076000/3143250 (34.2321%)
entry 1077000/3143250 (34.2639%)
entry 1078000/3143250 (34.2957%)
entry 1080000/3143250 (34.3593%)
entry 1081000/3143250 (34.3912%)
entry 1083000/3143250 (34.4548%)
entry 1087000/3143250 (34.582%)
entry 1089000/3143250 (34.6457%)
entry 1090000/3143250 (34.6775%)
entry 1091000/3143250 (34.7093%)
entry 1094000/3143250 (34.8047%)
entry 1097000/3143250 (34.9002%)
entry 1098000/3143250 (34.932%)
entry 1099000/3143250 (34.9638%)
entry 1101000/3143250 (35.0274%)
entry 1105000/3143250 (35.1547%)
entry 1106000/3143250 (35.1865%)
entry 1114000/3143250 (35.441%)
entry 1115000/3143250 (35.4728%)
entry 1119000/3143250 (35.6001%)
entry 1122000/3143250 (35.6955%)
entry 1123000/3143250 (35.7274%)
entry 1124000/3143250 (35.7592%)
entry 1125000/3143250 (35.791%)
entry 1127000/3143250 (35.8546%)
entry 1130000/3143250 (35.9501%)
entry 1134000/3143250 (36.0773%)
entry 1135000/3143250 (36.1091%)
entry 1136000/3143250 (36.1409%)
entry 1137000/3143250 (36.1728%)
entry 1140000/3143250 (36.2682%)
entry 1143000/3143250 (36.3636%)
entry 1145000/3143250 (36.4273%)
entry 1146000/3143250 (36.4591%)
entry 1147000/3143250 (36.4909%)
entry 1149000/3143250 (36.5545%)
entry 1150000/3143250 (36.5863%)
entry 1151000/3143250 (36.6181%)
entry 1152000/3143250 (36.65%)
entry 1153000/3143250 (36.6818%)
entry 1155000/3143250 (36.7454%)
entry 1156000/3143250 (36.7772%)
entry 1158000/3143250 (36.8409%)
entry 1159000/3143250 (36.8727%)
entry 1161000/3143250 (36.9363%)
entry 1163000/3143250 (36.9999%)
entry 1164000/3143250 (37.0317%)
entry 1165000/3143250 (37.0635%)
entry 1166000/3143250 (37.0954%)
entry 1167000/3143250 (37.1272%)
entry 1168000/3143250 (37.159%)
entry 1169000/3143250 (37.1908%)
entry 1170000/3143250 (37.2226%)
entry 1172000/3143250 (37.2862%)
entry 1173000/3143250 (37.3181%)
entry 1176000/3143250 (37.4135%)
entry 1179000/3143250 (37.5089%)
entry 1180000/3143250 (37.5408%)
entry 1183000/3143250 (37.6362%)
entry 1184000/3143250 (37.668%)
entry 1185000/3143250 (37.6998%)
entry 1186000/3143250 (37.7316%)
entry 1187000/3143250 (37.7635%)
entry 1189000/3143250 (37.8271%)
entry 1190000/3143250 (37.8589%)
entry 1192000/3143250 (37.9225%)
entry 1193000/3143250 (37.9543%)
entry 1199000/3143250 (38.1452%)
entry 1201000/3143250 (38.2089%)
entry 1204000/3143250 (38.3043%)
entry 1205000/3143250 (38.3361%)
entry 1206000/3143250 (38.3679%)
entry 1207000/3143250 (38.3997%)
entry 1208000/3143250 (38.4316%)
entry 1209000/3143250 (38.4634%)
entry 1212000/3143250 (38.5588%)
entry 1213000/3143250 (38.5906%)
entry 1216000/3143250 (38.6861%)
entry 1220000/3143250 (38.8133%)
entry 1221000/3143250 (38.8451%)
entry 1222000/3143250 (38.877%)
entry 1225000/3143250 (38.9724%)
entry 1227000/3143250 (39.036%)
entry 1229000/3143250 (39.0997%)
entry 1230000/3143250 (39.1315%)
entry 1232000/3143250 (39.1951%)
entry 1234000/3143250 (39.2587%)
entry 1236000/3143250 (39.3224%)
entry 1237000/3143250 (39.3542%)
entry 1239000/3143250 (39.4178%)
entry 1240000/3143250 (39.4496%)
entry 1242000/3143250 (39.5132%)
entry 1243000/3143250 (39.5451%)
entry 1245000/3143250 (39.6087%)
entry 1248000/3143250 (39.7041%)
entry 1250000/3143250 (39.7678%)
entry 1254000/3143250 (39.895%)
entry 1255000/3143250 (39.9268%)
entry 1260000/3143250 (40.0859%)
entry 1261000/3143250 (40.1177%)
entry 1263000/3143250 (40.1813%)
entry 1264000/3143250 (40.2132%)
entry 1265000/3143250 (40.245%)
entry 1267000/3143250 (40.3086%)
entry 1268000/3143250 (40.3404%)
entry 1269000/3143250 (40.3722%)
entry 1272000/3143250 (40.4677%)
entry 1273000/3143250 (40.4995%)
entry 1274000/3143250 (40.5313%)
entry 1277000/3143250 (40.6267%)
entry 1279000/3143250 (40.6904%)
entry 1281000/3143250 (40.754%)
entry 1283000/3143250 (40.8176%)
entry 1284000/3143250 (40.8494%)
entry 1287000/3143250 (40.9449%)
entry 1289000/3143250 (41.0085%)
entry 1291000/3143250 (41.0721%)
entry 1293000/3143250 (41.1358%)
entry 1299000/3143250 (41.3267%)
entry 1300000/3143250 (41.3585%)
entry 1301000/3143250 (41.3903%)
entry 1302000/3143250 (41.4221%)
entry 1304000/3143250 (41.4857%)
entry 1305000/3143250 (41.5175%)
entry 1306000/3143250 (41.5494%)
entry 1308000/3143250 (41.613%)
entry 1310000/3143250 (41.6766%)
entry 1312000/3143250 (41.7402%)
entry 1313000/3143250 (41.7721%)
entry 1314000/3143250 (41.8039%)
entry 1316000/3143250 (41.8675%)
entry 1317000/3143250 (41.8993%)
entry 1318000/3143250 (41.9311%)
entry 1320000/3143250 (41.9948%)
entry 1321000/3143250 (42.0266%)
entry 1324000/3143250 (42.122%)
entry 1325000/3143250 (42.1538%)
entry 1327000/3143250 (42.2175%)
entry 1328000/3143250 (42.2493%)
entry 1330000/3143250 (42.3129%)
entry 1332000/3143250 (42.3765%)
entry 1334000/3143250 (42.4401%)
entry 1335000/3143250 (42.472%)
entry 1337000/3143250 (42.5356%)
entry 1339000/3143250 (42.5992%)
entry 1340000/3143250 (42.631%)
entry 1342000/3143250 (42.6947%)
entry 1343000/3143250 (42.7265%)
entry 1345000/3143250 (42.7901%)
entry 1346000/3143250 (42.8219%)
entry 1348000/3143250 (42.8855%)
entry 1349000/3143250 (42.9174%)
entry 1350000/3143250 (42.9492%)
entry 1351000/3143250 (42.981%)
entry 1352000/3143250 (43.0128%)
entry 1353000/3143250 (43.0446%)
entry 1354000/3143250 (43.0764%)
entry 1356000/3143250 (43.1401%)
entry 1357000/3143250 (43.1719%)
entry 1359000/3143250 (43.2355%)
entry 1360000/3143250 (43.2673%)
entry 1361000/3143250 (43.2991%)
entry 1367000/3143250 (43.49%)
entry 1368000/3143250 (43.5218%)
entry 1370000/3143250 (43.5855%)
entry 1371000/3143250 (43.6173%)
entry 1372000/3143250 (43.6491%)
entry 1373000/3143250 (43.6809%)
entry 1374000/3143250 (43.7127%)
entry 1376000/3143250 (43.7763%)
entry 1377000/3143250 (43.8082%)
entry 1380000/3143250 (43.9036%)
entry 1382000/3143250 (43.9672%)
entry 1383000/3143250 (43.999%)
entry 1385000/3143250 (44.0627%)
entry 1386000/3143250 (44.0945%)
entry 1387000/3143250 (44.1263%)
entry 1388000/3143250 (44.1581%)
entry 1389000/3143250 (44.1899%)
entry 1390000/3143250 (44.2217%)
entry 1391000/3143250 (44.2536%)
entry 1392000/3143250 (44.2854%)
entry 1393000/3143250 (44.3172%)
entry 1396000/3143250 (44.4126%)
entry 1397000/3143250 (44.4444%)
entry 1398000/3143250 (44.4763%)
entry 1399000/3143250 (44.5081%)
entry 1400000/3143250 (44.5399%)
entry 1403000/3143250 (44.6353%)
entry 1404000/3143250 (44.6671%)
entry 1406000/3143250 (44.7308%)
entry 1407000/3143250 (44.7626%)
entry 1408000/3143250 (44.7944%)
entry 1409000/3143250 (44.8262%)
entry 1414000/3143250 (44.9853%)
entry 1415000/3143250 (45.0171%)
entry 1416000/3143250 (45.0489%)
entry 1417000/3143250 (45.0807%)
entry 1419000/3143250 (45.1444%)
entry 1422000/3143250 (45.2398%)
entry 1423000/3143250 (45.2716%)
entry 1425000/3143250 (45.3352%)
entry 1427000/3143250 (45.3989%)
entry 1431000/3143250 (45.5261%)
entry 1432000/3143250 (45.5579%)
entry 1436000/3143250 (45.6852%)
entry 1437000/3143250 (45.717%)
entry 1438000/3143250 (45.7488%)
entry 1439000/3143250 (45.7806%)
entry 1440000/3143250 (45.8125%)
entry 1441000/3143250 (45.8443%)
entry 1442000/3143250 (45.8761%)
entry 1443000/3143250 (45.9079%)
entry 1444000/3143250 (45.9397%)
entry 1446000/3143250 (46.0033%)
entry 1447000/3143250 (46.0352%)
entry 1451000/3143250 (46.1624%)
entry 1452000/3143250 (46.1942%)
entry 1453000/3143250 (46.226%)
entry 1455000/3143250 (46.2897%)
entry 1457000/3143250 (46.3533%)
entry 1460000/3143250 (46.4487%)
entry 1461000/3143250 (46.4806%)
entry 1462000/3143250 (46.5124%)
entry 1464000/3143250 (46.576%)
entry 1465000/3143250 (46.6078%)
entry 1466000/3143250 (46.6396%)
entry 1468000/3143250 (46.7033%)
entry 1469000/3143250 (46.7351%)
entry 1470000/3143250 (46.7669%)
entry 1472000/3143250 (46.8305%)
entry 1473000/3143250 (46.8623%)
entry 1474000/3143250 (46.8941%)
entry 1475000/3143250 (46.926%)
entry 1476000/3143250 (46.9578%)
entry 1477000/3143250 (46.9896%)
entry 1478000/3143250 (47.0214%)
entry 1479000/3143250 (47.0532%)
entry 1481000/3143250 (47.1168%)
entry 1485000/3143250 (47.2441%)
entry 1486000/3143250 (47.2759%)
entry 1487000/3143250 (47.3077%)
entry 1488000/3143250 (47.3395%)
entry 1491000/3143250 (47.435%)
entry 1494000/3143250 (47.5304%)
entry 1495000/3143250 (47.5622%)
entry 1497000/3143250 (47.6259%)
entry 1498000/3143250 (47.6577%)
entry 1501000/3143250 (47.7531%)
entry 1502000/3143250 (47.7849%)
entry 1503000/3143250 (47.8168%)
entry 1505000/3143250 (47.8804%)
entry 1508000/3143250 (47.9758%)
entry 1510000/3143250 (48.0394%)
entry 1515000/3143250 (48.1985%)
entry 1517000/3143250 (48.2621%)
entry 1519000/3143250 (48.3258%)
entry 1521000/3143250 (48.3894%)
entry 1522000/3143250 (48.4212%)
entry 1525000/3143250 (48.5167%)
entry 1526000/3143250 (48.5485%)
entry 1527000/3143250 (48.5803%)
entry 1528000/3143250 (48.6121%)
entry 1529000/3143250 (48.6439%)
entry 1530000/3143250 (48.6757%)
entry 1532000/3143250 (48.7394%)
entry 1533000/3143250 (48.7712%)
entry 1534000/3143250 (48.803%)
entry 1537000/3143250 (48.8984%)
entry 1542000/3143250 (49.0575%)
entry 1543000/3143250 (49.0893%)
entry 1544000/3143250 (49.1211%)
entry 1545000/3143250 (49.1529%)
entry 1546000/3143250 (49.1848%)
entry 1548000/3143250 (49.2484%)
entry 1549000/3143250 (49.2802%)
entry 1553000/3143250 (49.4075%)
entry 1554000/3143250 (49.4393%)
entry 1555000/3143250 (49.4711%)
entry 1556000/3143250 (49.5029%)
entry 1557000/3143250 (49.5347%)
entry 1558000/3143250 (49.5665%)
entry 1560000/3143250 (49.6302%)
entry 1562000/3143250 (49.6938%)
entry 1563000/3143250 (49.7256%)
entry 1564000/3143250 (49.7574%)
entry 1566000/3143250 (49.821%)
entry 1568000/3143250 (49.8847%)
entry 1569000/3143250 (49.9165%)
entry 1570000/3143250 (49.9483%)
entry 1572000/3143250 (50.0119%)
entry 1573000/3143250 (50.0437%)
entry 1575000/3143250 (50.1074%)
entry 1577000/3143250 (50.171%)
entry 1578000/3143250 (50.2028%)
entry 1579000/3143250 (50.2346%)
entry 1582000/3143250 (50.3301%)
entry 1584000/3143250 (50.3937%)
entry 1585000/3143250 (50.4255%)
entry 1587000/3143250 (50.4891%)
entry 1589000/3143250 (50.5528%)
entry 1590000/3143250 (50.5846%)
entry 1592000/3143250 (50.6482%)
entry 1593000/3143250 (50.68%)
entry 1594000/3143250 (50.7118%)
entry 1595000/3143250 (50.7437%)
entry 1596000/3143250 (50.7755%)
entry 1597000/3143250 (50.8073%)
entry 1598000/3143250 (50.8391%)
entry 1599000/3143250 (50.8709%)
entry 1601000/3143250 (50.9345%)
entry 1604000/3143250 (51.03%)
entry 1605000/3143250 (51.0618%)
entry 1607000/3143250 (51.1254%)
entry 1612000/3143250 (51.2845%)
entry 1614000/3143250 (51.3481%)
entry 1615000/3143250 (51.3799%)
entry 1616000/3143250 (51.4118%)
entry 1617000/3143250 (51.4436%)
entry 1618000/3143250 (51.4754%)
entry 1621000/3143250 (51.5708%)
entry 1622000/3143250 (51.6026%)
entry 1623000/3143250 (51.6345%)
entry 1624000/3143250 (51.6663%)
entry 1625000/3143250 (51.6981%)
entry 1626000/3143250 (51.7299%)
entry 1629000/3143250 (51.8253%)
entry 1635000/3143250 (52.0162%)
entry 1636000/3143250 (52.048%)
entry 1637000/3143250 (52.0799%)
entry 1638000/3143250 (52.1117%)
entry 1639000/3143250 (52.1435%)
entry 1641000/3143250 (52.2071%)
entry 1642000/3143250 (52.2389%)
entry 1643000/3143250 (52.2707%)
entry 1645000/3143250 (52.3344%)
entry 1646000/3143250 (52.3662%)
entry 1647000/3143250 (52.398%)
entry 1648000/3143250 (52.4298%)
entry 1649000/3143250 (52.4616%)
entry 1651000/3143250 (52.5253%)
entry 1653000/3143250 (52.5889%)
entry 1656000/3143250 (52.6843%)
entry 1657000/3143250 (52.7161%)
entry 1658000/3143250 (52.748%)
entry 1659000/3143250 (52.7798%)
entry 1660000/3143250 (52.8116%)
entry 1663000/3143250 (52.907%)
entry 1664000/3143250 (52.9388%)
entry 1666000/3143250 (53.0025%)
entry 1667000/3143250 (53.0343%)
entry 1669000/3143250 (53.0979%)
entry 1670000/3143250 (53.1297%)
entry 1671000/3143250 (53.1615%)
entry 1672000/3143250 (53.1933%)
entry 1673000/3143250 (53.2252%)
entry 1676000/3143250 (53.3206%)
entry 1677000/3143250 (53.3524%)
entry 1678000/3143250 (53.3842%)
entry 1679000/3143250 (53.416%)
entry 1682000/3143250 (53.5115%)
entry 1685000/3143250 (53.6069%)
entry 1686000/3143250 (53.6388%)
entry 1687000/3143250 (53.6706%)
entry 1688000/3143250 (53.7024%)
entry 1691000/3143250 (53.7978%)
entry 1694000/3143250 (53.8933%)
entry 1696000/3143250 (53.9569%)
entry 1698000/3143250 (54.0205%)
entry 1699000/3143250 (54.0523%)
entry 1700000/3143250 (54.0841%)
entry 1703000/3143250 (54.1796%)
entry 1704000/3143250 (54.2114%)
entry 1705000/3143250 (54.2432%)
entry 1706000/3143250 (54.275%)
entry 1708000/3143250 (54.3387%)
entry 1710000/3143250 (54.4023%)
entry 1711000/3143250 (54.4341%)
entry 1713000/3143250 (54.4977%)
entry 1714000/3143250 (54.5295%)
entry 1715000/3143250 (54.5614%)
entry 1716000/3143250 (54.5932%)
entry 1717000/3143250 (54.625%)
entry 1719000/3143250 (54.6886%)
entry 1720000/3143250 (54.7204%)
entry 1721000/3143250 (54.7522%)
entry 1722000/3143250 (54.7841%)
entry 1723000/3143250 (54.8159%)
entry 1725000/3143250 (54.8795%)
entry 1726000/3143250 (54.9113%)
entry 1729000/3143250 (55.0068%)
entry 1730000/3143250 (55.0386%)
entry 1732000/3143250 (55.1022%)
entry 1734000/3143250 (55.1658%)
entry 1735000/3143250 (55.1976%)
entry 1736000/3143250 (55.2295%)
entry 1738000/3143250 (55.2931%)
entry 1739000/3143250 (55.3249%)
entry 1741000/3143250 (55.3885%)
entry 1743000/3143250 (55.4522%)
entry 1744000/3143250 (55.484%)
entry 1746000/3143250 (55.5476%)
entry 1747000/3143250 (55.5794%)
entry 1749000/3143250 (55.643%)
entry 1751000/3143250 (55.7067%)
entry 1752000/3143250 (55.7385%)
entry 1755000/3143250 (55.8339%)
entry 1756000/3143250 (55.8657%)
entry 1757000/3143250 (55.8976%)
entry 1758000/3143250 (55.9294%)
entry 1759000/3143250 (55.9612%)
entry 1760000/3143250 (55.993%)
entry 1761000/3143250 (56.0248%)
entry 1762000/3143250 (56.0566%)
entry 1764000/3143250 (56.1203%)
entry 1766000/3143250 (56.1839%)
entry 1768000/3143250 (56.2475%)
entry 1771000/3143250 (56.343%)
entry 1774000/3143250 (56.4384%)
entry 1776000/3143250 (56.502%)
entry 1777000/3143250 (56.5338%)
entry 1778000/3143250 (56.5657%)
entry 1780000/3143250 (56.6293%)
entry 1781000/3143250 (56.6611%)
entry 1782000/3143250 (56.6929%)
entry 1783000/3143250 (56.7247%)
entry 1785000/3143250 (56.7884%)
entry 1788000/3143250 (56.8838%)
entry 1789000/3143250 (56.9156%)
entry 1791000/3143250 (56.9792%)
entry 1793000/3143250 (57.0429%)
entry 1796000/3143250 (57.1383%)
entry 1798000/3143250 (57.2019%)
entry 1801000/3143250 (57.2974%)
entry 1802000/3143250 (57.3292%)
entry 1803000/3143250 (57.361%)
entry 1804000/3143250 (57.3928%)
entry 1805000/3143250 (57.4246%)
entry 1806000/3143250 (57.4565%)
entry 1808000/3143250 (57.5201%)
entry 1809000/3143250 (57.5519%)
entry 1810000/3143250 (57.5837%)
entry 1812000/3143250 (57.6473%)
entry 1814000/3143250 (57.711%)
entry 1815000/3143250 (57.7428%)
entry 1817000/3143250 (57.8064%)
entry 1818000/3143250 (57.8382%)
entry 1820000/3143250 (57.9019%)
entry 1821000/3143250 (57.9337%)
entry 1823000/3143250 (57.9973%)
entry 1824000/3143250 (58.0291%)
entry 1825000/3143250 (58.0609%)
entry 1827000/3143250 (58.1246%)
entry 1828000/3143250 (58.1564%)
entry 1829000/3143250 (58.1882%)
entry 1830000/3143250 (58.22%)
entry 1832000/3143250 (58.2836%)
entry 1835000/3143250 (58.3791%)
entry 1836000/3143250 (58.4109%)
entry 1837000/3143250 (58.4427%)
entry 1839000/3143250 (58.5063%)
entry 1843000/3143250 (58.6336%)
entry 1844000/3143250 (58.6654%)
entry 1845000/3143250 (58.6972%)
entry 1846000/3143250 (58.729%)
entry 1848000/3143250 (58.7927%)
entry 1850000/3143250 (58.8563%)
entry 1851000/3143250 (58.8881%)
entry 1852000/3143250 (58.9199%)
entry 1853000/3143250 (58.9517%)
entry 1855000/3143250 (59.0154%)
entry 1856000/3143250 (59.0472%)
entry 1859000/3143250 (59.1426%)
entry 1860000/3143250 (59.1744%)
entry 1861000/3143250 (59.2062%)
entry 1862000/3143250 (59.2381%)
entry 1863000/3143250 (59.2699%)
entry 1864000/3143250 (59.3017%)
entry 1865000/3143250 (59.3335%)
entry 1866000/3143250 (59.3653%)
entry 1869000/3143250 (59.4607%)
entry 1870000/3143250 (59.4926%)
entry 1871000/3143250 (59.5244%)
entry 1872000/3143250 (59.5562%)
entry 1873000/3143250 (59.588%)
entry 1874000/3143250 (59.6198%)
entry 1880000/3143250 (59.8107%)
entry 1882000/3143250 (59.8743%)
entry 1883000/3143250 (59.9061%)
entry 1888000/3143250 (60.0652%)
entry 1890000/3143250 (60.1288%)
entry 1891000/3143250 (60.1607%)
entry 1892000/3143250 (60.1925%)
entry 1893000/3143250 (60.2243%)
entry 1894000/3143250 (60.2561%)
entry 1897000/3143250 (60.3515%)
entry 1900000/3143250 (60.447%)
entry 1901000/3143250 (60.4788%)
entry 1902000/3143250 (60.5106%)
entry 1903000/3143250 (60.5424%)
entry 1904000/3143250 (60.5742%)
entry 1905000/3143250 (60.6061%)
entry 1906000/3143250 (60.6379%)
entry 1910000/3143250 (60.7651%)
entry 1911000/3143250 (60.7969%)
entry 1913000/3143250 (60.8606%)
entry 1915000/3143250 (60.9242%)
entry 1917000/3143250 (60.9878%)
entry 1920000/3143250 (61.0833%)
entry 1922000/3143250 (61.1469%)
entry 1923000/3143250 (61.1787%)
entry 1927000/3143250 (61.306%)
entry 1928000/3143250 (61.3378%)
entry 1932000/3143250 (61.465%)
entry 1933000/3143250 (61.4969%)
entry 1934000/3143250 (61.5287%)
entry 1936000/3143250 (61.5923%)
entry 1937000/3143250 (61.6241%)
entry 1938000/3143250 (61.6559%)
entry 1939000/3143250 (61.6877%)
entry 1942000/3143250 (61.7832%)
entry 1944000/3143250 (61.8468%)
entry 1945000/3143250 (61.8786%)
entry 1949000/3143250 (62.0059%)
entry 1950000/3143250 (62.0377%)
entry 1951000/3143250 (62.0695%)
entry 1954000/3143250 (62.165%)
entry 1955000/3143250 (62.1968%)
entry 1956000/3143250 (62.2286%)
entry 1958000/3143250 (62.2922%)
entry 1959000/3143250 (62.324%)
entry 1960000/3143250 (62.3558%)
entry 1963000/3143250 (62.4513%)
entry 1964000/3143250 (62.4831%)
entry 1965000/3143250 (62.5149%)
entry 1967000/3143250 (62.5785%)
entry 1971000/3143250 (62.7058%)
entry 1974000/3143250 (62.8012%)
entry 1977000/3143250 (62.8967%)
entry 1978000/3143250 (62.9285%)
entry 1979000/3143250 (62.9603%)
entry 1982000/3143250 (63.0558%)
entry 1984000/3143250 (63.1194%)
entry 1985000/3143250 (63.1512%)
entry 1991000/3143250 (63.3421%)
entry 1992000/3143250 (63.3739%)
entry 1994000/3143250 (63.4375%)
entry 1996000/3143250 (63.5012%)
entry 1997000/3143250 (63.533%)
entry 2000000/3143250 (63.6284%)
entry 2001000/3143250 (63.6602%)
entry 2003000/3143250 (63.7239%)
entry 2005000/3143250 (63.7875%)
entry 2007000/3143250 (63.8511%)
entry 2010000/3143250 (63.9466%)
entry 2012000/3143250 (64.0102%)
entry 2014000/3143250 (64.0738%)
entry 2017000/3143250 (64.1693%)
entry 2018000/3143250 (64.2011%)
entry 2021000/3143250 (64.2965%)
entry 2022000/3143250 (64.3283%)
entry 2027000/3143250 (64.4874%)
entry 2028000/3143250 (64.5192%)
entry 2029000/3143250 (64.551%)
entry 2030000/3143250 (64.5828%)
entry 2032000/3143250 (64.6465%)
entry 2033000/3143250 (64.6783%)
entry 2034000/3143250 (64.7101%)
entry 2036000/3143250 (64.7737%)
entry 2042000/3143250 (64.9646%)
entry 2043000/3143250 (64.9964%)
entry 2044000/3143250 (65.0282%)
entry 2045000/3143250 (65.06%)
entry 2046000/3143250 (65.0919%)
entry 2048000/3143250 (65.1555%)
entry 2049000/3143250 (65.1873%)
entry 2050000/3143250 (65.2191%)
entry 2052000/3143250 (65.2828%)
entry 2053000/3143250 (65.3146%)
entry 2055000/3143250 (65.3782%)
entry 2059000/3143250 (65.5055%)
entry 2060000/3143250 (65.5373%)
entry 2061000/3143250 (65.5691%)
entry 2062000/3143250 (65.6009%)
entry 2063000/3143250 (65.6327%)
entry 2065000/3143250 (65.6963%)
entry 2066000/3143250 (65.7281%)
entry 2067000/3143250 (65.76%)
entry 2070000/3143250 (65.8554%)
entry 2071000/3143250 (65.8872%)
entry 2072000/3143250 (65.919%)
entry 2073000/3143250 (65.9508%)
entry 2076000/3143250 (66.0463%)
entry 2078000/3143250 (66.1099%)
entry 2079000/3143250 (66.1417%)
entry 2080000/3143250 (66.1735%)
entry 2081000/3143250 (66.2054%)
entry 2082000/3143250 (66.2372%)
entry 2085000/3143250 (66.3326%)
entry 2086000/3143250 (66.3644%)
entry 2087000/3143250 (66.3962%)
entry 2089000/3143250 (66.4599%)
entry 2091000/3143250 (66.5235%)
entry 2093000/3143250 (66.5871%)
entry 2095000/3143250 (66.6508%)
entry 2096000/3143250 (66.6826%)
entry 2097000/3143250 (66.7144%)
entry 2098000/3143250 (66.7462%)
entry 2101000/3143250 (66.8416%)
entry 2103000/3143250 (66.9053%)
entry 2104000/3143250 (66.9371%)
entry 2107000/3143250 (67.0325%)
entry 2110000/3143250 (67.128%)
entry 2112000/3143250 (67.1916%)
entry 2113000/3143250 (67.2234%)
entry 2115000/3143250 (67.287%)
entry 2116000/3143250 (67.3189%)
entry 2117000/3143250 (67.3507%)
entry 2118000/3143250 (67.3825%)
entry 2120000/3143250 (67.4461%)
entry 2121000/3143250 (67.4779%)
entry 2123000/3143250 (67.5416%)
entry 2124000/3143250 (67.5734%)
entry 2125000/3143250 (67.6052%)
entry 2128000/3143250 (67.7006%)
entry 2130000/3143250 (67.7643%)
entry 2131000/3143250 (67.7961%)
entry 2132000/3143250 (67.8279%)
entry 2133000/3143250 (67.8597%)
entry 2134000/3143250 (67.8915%)
entry 2135000/3143250 (67.9233%)
entry 2136000/3143250 (67.9551%)
entry 2137000/3143250 (67.987%)
entry 2138000/3143250 (68.0188%)
entry 2140000/3143250 (68.0824%)
entry 2142000/3143250 (68.146%)
entry 2143000/3143250 (68.1778%)
entry 2144000/3143250 (68.2097%)
entry 2149000/3143250 (68.3687%)
entry 2151000/3143250 (68.4324%)
entry 2152000/3143250 (68.4642%)
entry 2157000/3143250 (68.6232%)
entry 2158000/3143250 (68.6551%)
entry 2159000/3143250 (68.6869%)
entry 2160000/3143250 (68.7187%)
entry 2161000/3143250 (68.7505%)
entry 2164000/3143250 (68.8459%)
entry 2167000/3143250 (68.9414%)
entry 2168000/3143250 (68.9732%)
entry 2169000/3143250 (69.005%)
entry 2170000/3143250 (69.0368%)
entry 2172000/3143250 (69.1005%)
entry 2173000/3143250 (69.1323%)
entry 2175000/3143250 (69.1959%)
entry 2176000/3143250 (69.2277%)
entry 2178000/3143250 (69.2913%)
entry 2179000/3143250 (69.3232%)
entry 2184000/3143250 (69.4822%)
entry 2185000/3143250 (69.514%)
entry 2186000/3143250 (69.5459%)
entry 2187000/3143250 (69.5777%)
entry 2188000/3143250 (69.6095%)
entry 2189000/3143250 (69.6413%)
entry 2190000/3143250 (69.6731%)
entry 2191000/3143250 (69.7049%)
entry 2193000/3143250 (69.7686%)
entry 2195000/3143250 (69.8322%)
entry 2196000/3143250 (69.864%)
entry 2197000/3143250 (69.8958%)
entry 2200000/3143250 (69.9912%)
entry 2203000/3143250 (70.0867%)
entry 2206000/3143250 (70.1821%)
entry 2207000/3143250 (70.2139%)
entry 2208000/3143250 (70.2458%)
entry 2209000/3143250 (70.2776%)
entry 2210000/3143250 (70.3094%)
entry 2211000/3143250 (70.3412%)
entry 2216000/3143250 (70.5003%)
entry 2219000/3143250 (70.5957%)
entry 2220000/3143250 (70.6275%)
entry 2223000/3143250 (70.723%)
entry 2225000/3143250 (70.7866%)
entry 2226000/3143250 (70.8184%)
entry 2229000/3143250 (70.9139%)
entry 2230000/3143250 (70.9457%)
entry 2231000/3143250 (70.9775%)
entry 2232000/3143250 (71.0093%)
entry 2233000/3143250 (71.0411%)
entry 2237000/3143250 (71.1684%)
entry 2238000/3143250 (71.2002%)
entry 2239000/3143250 (71.232%)
entry 2241000/3143250 (71.2956%)
entry 2242000/3143250 (71.3274%)
entry 2245000/3143250 (71.4229%)
entry 2247000/3143250 (71.4865%)
entry 2248000/3143250 (71.5183%)
entry 2251000/3143250 (71.6138%)
entry 2254000/3143250 (71.7092%)
entry 2255000/3143250 (71.741%)
entry 2256000/3143250 (71.7728%)
entry 2258000/3143250 (71.8365%)
entry 2262000/3143250 (71.9637%)
entry 2263000/3143250 (71.9955%)
entry 2264000/3143250 (72.0274%)
entry 2265000/3143250 (72.0592%)
entry 2266000/3143250 (72.091%)
entry 2267000/3143250 (72.1228%)
entry 2272000/3143250 (72.2819%)
entry 2273000/3143250 (72.3137%)
entry 2274000/3143250 (72.3455%)
entry 2277000/3143250 (72.4409%)
entry 2278000/3143250 (72.4728%)
entry 2279000/3143250 (72.5046%)
entry 2280000/3143250 (72.5364%)
entry 2282000/3143250 (72.6%)
entry 2285000/3143250 (72.6955%)
entry 2287000/3143250 (72.7591%)
entry 2291000/3143250 (72.8863%)
entry 2292000/3143250 (72.9182%)
entry 2293000/3143250 (72.95%)
entry 2296000/3143250 (73.0454%)
entry 2297000/3143250 (73.0772%)
entry 2298000/3143250 (73.109%)
entry 2299000/3143250 (73.1409%)
entry 2301000/3143250 (73.2045%)
entry 2303000/3143250 (73.2681%)
entry 2304000/3143250 (73.2999%)
entry 2305000/3143250 (73.3317%)
entry 2306000/3143250 (73.3636%)
entry 2307000/3143250 (73.3954%)
entry 2308000/3143250 (73.4272%)
entry 2309000/3143250 (73.459%)
entry 2311000/3143250 (73.5226%)
entry 2312000/3143250 (73.5544%)
entry 2313000/3143250 (73.5863%)
entry 2314000/3143250 (73.6181%)
entry 2315000/3143250 (73.6499%)
entry 2318000/3143250 (73.7453%)
entry 2320000/3143250 (73.809%)
entry 2322000/3143250 (73.8726%)
entry 2323000/3143250 (73.9044%)
entry 2325000/3143250 (73.968%)
entry 2326000/3143250 (73.9998%)
entry 2327000/3143250 (74.0317%)
entry 2330000/3143250 (74.1271%)
entry 2332000/3143250 (74.1907%)
entry 2334000/3143250 (74.2544%)
entry 2335000/3143250 (74.2862%)
entry 2336000/3143250 (74.318%)
entry 2338000/3143250 (74.3816%)
entry 2339000/3143250 (74.4134%)
entry 2343000/3143250 (74.5407%)
entry 2345000/3143250 (74.6043%)
entry 2350000/3143250 (74.7634%)
entry 2352000/3143250 (74.827%)
entry 2353000/3143250 (74.8588%)
entry 2354000/3143250 (74.8906%)
entry 2356000/3143250 (74.9543%)
entry 2358000/3143250 (75.0179%)
entry 2359000/3143250 (75.0497%)
entry 2361000/3143250 (75.1133%)
entry 2362000/3143250 (75.1452%)
entry 2363000/3143250 (75.177%)
entry 2366000/3143250 (75.2724%)
entry 2368000/3143250 (75.336%)
entry 2370000/3143250 (75.3997%)
entry 2371000/3143250 (75.4315%)
entry 2372000/3143250 (75.4633%)
entry 2374000/3143250 (75.5269%)
entry 2375000/3143250 (75.5587%)
entry 2376000/3143250 (75.5906%)
entry 2377000/3143250 (75.6224%)
entry 2378000/3143250 (75.6542%)
entry 2379000/3143250 (75.686%)
entry 2380000/3143250 (75.7178%)
entry 2381000/3143250 (75.7496%)
entry 2383000/3143250 (75.8133%)
entry 2384000/3143250 (75.8451%)
entry 2386000/3143250 (75.9087%)
entry 2390000/3143250 (76.036%)
entry 2394000/3143250 (76.1632%)
entry 2395000/3143250 (76.195%)
entry 2396000/3143250 (76.2268%)
entry 2397000/3143250 (76.2586%)
entry 2399000/3143250 (76.3223%)
entry 2401000/3143250 (76.3859%)
entry 2403000/3143250 (76.4495%)
entry 2404000/3143250 (76.4813%)
entry 2408000/3143250 (76.6086%)
entry 2409000/3143250 (76.6404%)
entry 2412000/3143250 (76.7359%)
entry 2416000/3143250 (76.8631%)
entry 2420000/3143250 (76.9904%)
entry 2422000/3143250 (77.054%)
entry 2423000/3143250 (77.0858%)
entry 2424000/3143250 (77.1176%)
entry 2425000/3143250 (77.1494%)
entry 2426000/3143250 (77.1813%)
entry 2428000/3143250 (77.2449%)
entry 2429000/3143250 (77.2767%)
entry 2431000/3143250 (77.3403%)
entry 2432000/3143250 (77.3721%)
entry 2433000/3143250 (77.404%)
entry 2434000/3143250 (77.4358%)
entry 2435000/3143250 (77.4676%)
entry 2436000/3143250 (77.4994%)
entry 2437000/3143250 (77.5312%)
entry 2438000/3143250 (77.563%)
entry 2439000/3143250 (77.5948%)
entry 2442000/3143250 (77.6903%)
entry 2445000/3143250 (77.7857%)
entry 2446000/3143250 (77.8175%)
entry 2447000/3143250 (77.8494%)
entry 2452000/3143250 (78.0084%)
entry 2453000/3143250 (78.0402%)
entry 2454000/3143250 (78.0721%)
entry 2456000/3143250 (78.1357%)
entry 2457000/3143250 (78.1675%)
entry 2458000/3143250 (78.1993%)
entry 2459000/3143250 (78.2311%)
entry 2460000/3143250 (78.2629%)
entry 2464000/3143250 (78.3902%)
entry 2465000/3143250 (78.422%)
entry 2467000/3143250 (78.4856%)
entry 2468000/3143250 (78.5175%)
entry 2470000/3143250 (78.5811%)
entry 2473000/3143250 (78.6765%)
entry 2474000/3143250 (78.7083%)
entry 2475000/3143250 (78.7402%)
entry 2476000/3143250 (78.772%)
entry 2477000/3143250 (78.8038%)
entry 2479000/3143250 (78.8674%)
entry 2480000/3143250 (78.8992%)
entry 2482000/3143250 (78.9629%)
entry 2483000/3143250 (78.9947%)
entry 2486000/3143250 (79.0901%)
entry 2489000/3143250 (79.1856%)
entry 2490000/3143250 (79.2174%)
entry 2495000/3143250 (79.3764%)
entry 2496000/3143250 (79.4083%)
entry 2497000/3143250 (79.4401%)
entry 2502000/3143250 (79.5991%)
entry 2507000/3143250 (79.7582%)
entry 2513000/3143250 (79.9491%)
entry 2514000/3143250 (79.9809%)
entry 2515000/3143250 (80.0127%)
entry 2517000/3143250 (80.0764%)
entry 2518000/3143250 (80.1082%)
entry 2519000/3143250 (80.14%)
entry 2520000/3143250 (80.1718%)
entry 2521000/3143250 (80.2036%)
entry 2523000/3143250 (80.2672%)
entry 2524000/3143250 (80.2991%)
entry 2525000/3143250 (80.3309%)
entry 2526000/3143250 (80.3627%)
entry 2528000/3143250 (80.4263%)
entry 2530000/3143250 (80.4899%)
entry 2532000/3143250 (80.5536%)
entry 2533000/3143250 (80.5854%)
entry 2535000/3143250 (80.649%)
entry 2536000/3143250 (80.6808%)
entry 2539000/3143250 (80.7763%)
entry 2542000/3143250 (80.8717%)
entry 2543000/3143250 (80.9035%)
entry 2544000/3143250 (80.9353%)
entry 2546000/3143250 (80.999%)
entry 2548000/3143250 (81.0626%)
entry 2551000/3143250 (81.158%)
entry 2554000/3143250 (81.2535%)
entry 2555000/3143250 (81.2853%)
entry 2558000/3143250 (81.3807%)
entry 2559000/3143250 (81.4125%)
entry 2562000/3143250 (81.508%)
entry 2563000/3143250 (81.5398%)
entry 2566000/3143250 (81.6352%)
entry 2567000/3143250 (81.6671%)
entry 2568000/3143250 (81.6989%)
entry 2570000/3143250 (81.7625%)
entry 2571000/3143250 (81.7943%)
entry 2573000/3143250 (81.8579%)
entry 2574000/3143250 (81.8898%)
entry 2576000/3143250 (81.9534%)
entry 2578000/3143250 (82.017%)
entry 2579000/3143250 (82.0488%)
entry 2582000/3143250 (82.1443%)
entry 2585000/3143250 (82.2397%)
entry 2586000/3143250 (82.2715%)
entry 2588000/3143250 (82.3352%)
entry 2590000/3143250 (82.3988%)
entry 2591000/3143250 (82.4306%)
entry 2592000/3143250 (82.4624%)
entry 2596000/3143250 (82.5897%)
entry 2597000/3143250 (82.6215%)
entry 2598000/3143250 (82.6533%)
entry 2602000/3143250 (82.7806%)
entry 2603000/3143250 (82.8124%)
entry 2604000/3143250 (82.8442%)
entry 2606000/3143250 (82.9078%)
entry 2607000/3143250 (82.9396%)
entry 2611000/3143250 (83.0669%)
entry 2613000/3143250 (83.1305%)
entry 2616000/3143250 (83.226%)
entry 2618000/3143250 (83.2896%)
entry 2621000/3143250 (83.385%)
entry 2623000/3143250 (83.4487%)
entry 2624000/3143250 (83.4805%)
entry 2627000/3143250 (83.5759%)
entry 2628000/3143250 (83.6077%)
entry 2631000/3143250 (83.7032%)
entry 2632000/3143250 (83.735%)
entry 2638000/3143250 (83.9259%)
entry 2641000/3143250 (84.0213%)
entry 2642000/3143250 (84.0531%)
entry 2644000/3143250 (84.1168%)
entry 2645000/3143250 (84.1486%)
entry 2649000/3143250 (84.2758%)
entry 2650000/3143250 (84.3076%)
entry 2652000/3143250 (84.3713%)
entry 2654000/3143250 (84.4349%)
entry 2656000/3143250 (84.4985%)
entry 2657000/3143250 (84.5303%)
entry 2658000/3143250 (84.5622%)
entry 2660000/3143250 (84.6258%)
entry 2665000/3143250 (84.7849%)
entry 2666000/3143250 (84.8167%)
entry 2672000/3143250 (85.0076%)
entry 2674000/3143250 (85.0712%)
entry 2675000/3143250 (85.103%)
entry 2678000/3143250 (85.1984%)
entry 2679000/3143250 (85.2303%)
entry 2680000/3143250 (85.2621%)
entry 2684000/3143250 (85.3893%)
entry 2688000/3143250 (85.5166%)
entry 2689000/3143250 (85.5484%)
entry 2694000/3143250 (85.7075%)
entry 2695000/3143250 (85.7393%)
entry 2696000/3143250 (85.7711%)
entry 2700000/3143250 (85.8984%)
entry 2702000/3143250 (85.962%)
entry 2704000/3143250 (86.0256%)
entry 2705000/3143250 (86.0574%)
entry 2707000/3143250 (86.1211%)
entry 2708000/3143250 (86.1529%)
entry 2710000/3143250 (86.2165%)
entry 2711000/3143250 (86.2483%)
entry 2712000/3143250 (86.2801%)
entry 2713000/3143250 (86.3119%)
entry 2716000/3143250 (86.4074%)
entry 2719000/3143250 (86.5028%)
entry 2722000/3143250 (86.5983%)
entry 2723000/3143250 (86.6301%)
entry 2725000/3143250 (86.6937%)
entry 2727000/3143250 (86.7573%)
entry 2729000/3143250 (86.821%)
entry 2730000/3143250 (86.8528%)
entry 2731000/3143250 (86.8846%)
entry 2733000/3143250 (86.9482%)
entry 2734000/3143250 (86.98%)
entry 2735000/3143250 (87.0118%)
entry 2736000/3143250 (87.0437%)
entry 2737000/3143250 (87.0755%)
entry 2739000/3143250 (87.1391%)
entry 2741000/3143250 (87.2027%)
entry 2743000/3143250 (87.2664%)
entry 2746000/3143250 (87.3618%)
entry 2747000/3143250 (87.3936%)
entry 2748000/3143250 (87.4254%)
entry 2750000/3143250 (87.4891%)
entry 2751000/3143250 (87.5209%)
entry 2754000/3143250 (87.6163%)
entry 2755000/3143250 (87.6481%)
entry 2757000/3143250 (87.7118%)
entry 2758000/3143250 (87.7436%)
entry 2759000/3143250 (87.7754%)
entry 2762000/3143250 (87.8708%)
entry 2763000/3143250 (87.9026%)
entry 2764000/3143250 (87.9345%)
entry 2767000/3143250 (88.0299%)
entry 2771000/3143250 (88.1572%)
entry 2773000/3143250 (88.2208%)
entry 2774000/3143250 (88.2526%)
entry 2776000/3143250 (88.3162%)
entry 2777000/3143250 (88.348%)
entry 2779000/3143250 (88.4117%)
entry 2781000/3143250 (88.4753%)
entry 2782000/3143250 (88.5071%)
entry 2785000/3143250 (88.6026%)
entry 2786000/3143250 (88.6344%)
entry 2787000/3143250 (88.6662%)
entry 2790000/3143250 (88.7616%)
entry 2791000/3143250 (88.7934%)
entry 2792000/3143250 (88.8253%)
entry 2793000/3143250 (88.8571%)
entry 2796000/3143250 (88.9525%)
entry 2797000/3143250 (88.9843%)
entry 2798000/3143250 (89.0161%)
entry 2799000/3143250 (89.048%)
entry 2800000/3143250 (89.0798%)
entry 2801000/3143250 (89.1116%)
entry 2802000/3143250 (89.1434%)
entry 2804000/3143250 (89.207%)
entry 2807000/3143250 (89.3025%)
entry 2810000/3143250 (89.3979%)
entry 2811000/3143250 (89.4297%)
entry 2812000/3143250 (89.4615%)
entry 2814000/3143250 (89.5252%)
entry 2815000/3143250 (89.557%)
entry 2817000/3143250 (89.6206%)
entry 2818000/3143250 (89.6524%)
entry 2819000/3143250 (89.6842%)
entry 2820000/3143250 (89.7161%)
entry 2823000/3143250 (89.8115%)
entry 2824000/3143250 (89.8433%)
entry 2825000/3143250 (89.8751%)
entry 2826000/3143250 (89.9069%)
entry 2827000/3143250 (89.9388%)
entry 2829000/3143250 (90.0024%)
entry 2830000/3143250 (90.0342%)
entry 2832000/3143250 (90.0978%)
entry 2833000/3143250 (90.1296%)
entry 2835000/3143250 (90.1933%)
entry 2837000/3143250 (90.2569%)
entry 2839000/3143250 (90.3205%)
entry 2840000/3143250 (90.3523%)
entry 2841000/3143250 (90.3842%)
entry 2842000/3143250 (90.416%)
entry 2844000/3143250 (90.4796%)
entry 2845000/3143250 (90.5114%)
entry 2847000/3143250 (90.575%)
entry 2848000/3143250 (90.6069%)
entry 2849000/3143250 (90.6387%)
entry 2852000/3143250 (90.7341%)
entry 2853000/3143250 (90.7659%)
entry 2855000/3143250 (90.8296%)
entry 2856000/3143250 (90.8614%)
entry 2857000/3143250 (90.8932%)
entry 2859000/3143250 (90.9568%)
entry 2860000/3143250 (90.9886%)
entry 2861000/3143250 (91.0204%)
entry 2863000/3143250 (91.0841%)
entry 2864000/3143250 (91.1159%)
entry 2865000/3143250 (91.1477%)
entry 2867000/3143250 (91.2113%)
entry 2869000/3143250 (91.275%)
entry 2870000/3143250 (91.3068%)
entry 2872000/3143250 (91.3704%)
entry 2874000/3143250 (91.434%)
entry 2877000/3143250 (91.5295%)
entry 2878000/3143250 (91.5613%)
entry 2880000/3143250 (91.6249%)
entry 2881000/3143250 (91.6567%)
entry 2885000/3143250 (91.784%)
entry 2890000/3143250 (91.9431%)
entry 2891000/3143250 (91.9749%)
entry 2892000/3143250 (92.0067%)
entry 2893000/3143250 (92.0385%)
entry 2894000/3143250 (92.0703%)
entry 2898000/3143250 (92.1976%)
entry 2902000/3143250 (92.3248%)
entry 2905000/3143250 (92.4203%)
entry 2907000/3143250 (92.4839%)
entry 2909000/3143250 (92.5475%)
entry 2910000/3143250 (92.5793%)
entry 2911000/3143250 (92.6112%)
entry 2912000/3143250 (92.643%)
entry 2917000/3143250 (92.802%)
entry 2919000/3143250 (92.8657%)
entry 2924000/3143250 (93.0247%)
entry 2925000/3143250 (93.0565%)
entry 2926000/3143250 (93.0884%)
entry 2928000/3143250 (93.152%)
entry 2930000/3143250 (93.2156%)
entry 2931000/3143250 (93.2474%)
entry 2932000/3143250 (93.2792%)
entry 2934000/3143250 (93.3429%)
entry 2935000/3143250 (93.3747%)
entry 2936000/3143250 (93.4065%)
entry 2937000/3143250 (93.4383%)
entry 2938000/3143250 (93.4701%)
entry 2944000/3143250 (93.661%)
entry 2945000/3143250 (93.6928%)
entry 2949000/3143250 (93.8201%)
entry 2951000/3143250 (93.8837%)
entry 2952000/3143250 (93.9155%)
entry 2953000/3143250 (93.9473%)
entry 2955000/3143250 (94.011%)
entry 2956000/3143250 (94.0428%)
entry 2957000/3143250 (94.0746%)
entry 2958000/3143250 (94.1064%)
entry 2960000/3143250 (94.17%)
entry 2961000/3143250 (94.2019%)
entry 2964000/3143250 (94.2973%)
entry 2966000/3143250 (94.3609%)
entry 2967000/3143250 (94.3927%)
entry 2968000/3143250 (94.4246%)
entry 2969000/3143250 (94.4564%)
entry 2971000/3143250 (94.52%)
entry 2972000/3143250 (94.5518%)
entry 2975000/3143250 (94.6473%)
entry 2978000/3143250 (94.7427%)
entry 2982000/3143250 (94.87%)
entry 2984000/3143250 (94.9336%)
entry 2985000/3143250 (94.9654%)
entry 2990000/3143250 (95.1245%)
entry 2991000/3143250 (95.1563%)
entry 2993000/3143250 (95.2199%)
entry 2995000/3143250 (95.2835%)
entry 3000000/3143250 (95.4426%)
entry 3003000/3143250 (95.5381%)
entry 3006000/3143250 (95.6335%)
entry 3007000/3143250 (95.6653%)
entry 3009000/3143250 (95.7289%)
entry 3010000/3143250 (95.7608%)
entry 3013000/3143250 (95.8562%)
entry 3015000/3143250 (95.9198%)
entry 3016000/3143250 (95.9516%)
entry 3017000/3143250 (95.9835%)
entry 3019000/3143250 (96.0471%)
entry 3021000/3143250 (96.1107%)
entry 3022000/3143250 (96.1425%)
entry 3023000/3143250 (96.1743%)
entry 3024000/3143250 (96.2062%)
entry 3025000/3143250 (96.238%)
entry 3026000/3143250 (96.2698%)
entry 3028000/3143250 (96.3334%)
entry 3029000/3143250 (96.3652%)
entry 3030000/3143250 (96.397%)
entry 3032000/3143250 (96.4607%)
entry 3034000/3143250 (96.5243%)
entry 3036000/3143250 (96.5879%)
entry 3038000/3143250 (96.6516%)
entry 3039000/3143250 (96.6834%)
entry 3040000/3143250 (96.7152%)
entry 3041000/3143250 (96.747%)
entry 3046000/3143250 (96.9061%)
entry 3047000/3143250 (96.9379%)
entry 3051000/3143250 (97.0651%)
entry 3053000/3143250 (97.1288%)
entry 3054000/3143250 (97.1606%)
entry 3056000/3143250 (97.2242%)
entry 3058000/3143250 (97.2878%)
entry 3059000/3143250 (97.3197%)
entry 3060000/3143250 (97.3515%)
entry 3061000/3143250 (97.3833%)
entry 3063000/3143250 (97.4469%)
entry 3064000/3143250 (97.4787%)
entry 3065000/3143250 (97.5105%)
entry 3067000/3143250 (97.5742%)
entry 3068000/3143250 (97.606%)
entry 3069000/3143250 (97.6378%)
entry 3071000/3143250 (97.7014%)
entry 3073000/3143250 (97.7651%)
entry 3075000/3143250 (97.8287%)
entry 3077000/3143250 (97.8923%)
entry 3078000/3143250 (97.9241%)
entry 3080000/3143250 (97.9878%)
entry 3081000/3143250 (98.0196%)
entry 3082000/3143250 (98.0514%)
entry 3084000/3143250 (98.115%)
entry 3085000/3143250 (98.1468%)
entry 3090000/3143250 (98.3059%)
entry 3091000/3143250 (98.3377%)
entry 3093000/3143250 (98.4013%)
entry 3094000/3143250 (98.4331%)
entry 3095000/3143250 (98.465%)
entry 3098000/3143250 (98.5604%)
entry 3099000/3143250 (98.5922%)
entry 3102000/3143250 (98.6877%)
entry 3103000/3143250 (98.7195%)
entry 3105000/3143250 (98.7831%)
entry 3106000/3143250 (98.8149%)
entry 3108000/3143250 (98.8786%)
entry 3111000/3143250 (98.974%)
entry 3112000/3143250 (99.0058%)
entry 3115000/3143250 (99.1013%)
entry 3116000/3143250 (99.1331%)
entry 3117000/3143250 (99.1649%)
entry 3118000/3143250 (99.1967%)
entry 3120000/3143250 (99.2603%)
entry 3121000/3143250 (99.2921%)
entry 3124000/3143250 (99.3876%)
entry 3125000/3143250 (99.4194%)
entry 3129000/3143250 (99.5466%)
entry 3130000/3143250 (99.5785%)
entry 3132000/3143250 (99.6421%)
entry 3133000/3143250 (99.6739%)
entry 3134000/3143250 (99.7057%)
entry 3135000/3143250 (99.7375%)
entry 3136000/3143250 (99.7693%)
entry 3138000/3143250 (99.833%)
entry 3141000/3143250 (99.9284%)
entry 3142000/3143250 (99.9602%)
all done
script done
