sphnx1142.sdcc.bnl.gov
rsyncing from /gpfs/mnt/gpfs02/sphenix/user/samfred/run25/ppg11/histmaking
running: /gpfs/mnt/gpfs02/sphenix/user/samfred/run25/ppg11/histmaking/script_data.sh 52584
LD_LIBRARY_PATH now /sphenix/user/samfred/run25/install//lib:/cvmfs/sphenix.sdcc.bnl.gov/alma9.2-gcc-14.2.0/opt/sphenix/core/gcc/14.2.0-2f0a0/x86_64-el9/lib:/cvmfs/sphenix.sdcc.bnl.gov/alma9.2-gcc-14.2.0/opt/sphenix/core/gcc/14.2.0-2f0a0/x86_64-el9/lib64:/cvmfs/sphenix.sdcc.bnl.gov/alma9.2-gcc-14.2.0/opt/sphenix/core/binutils/2.40-acaab/x86_64-el9/lib:.:/cvmfs/sphenix.sdcc.bnl.gov/alma9.2-gcc-14.2.0/release/release_new/new.10/lib64:/cvmfs/sphenix.sdcc.bnl.gov/alma9.2-gcc-14.2.0/release/release_new/new.10/lib:/cvmfs/sphenix.sdcc.bnl.gov/alma9.2-gcc-14.2.0/opt/sphenix/utils/lib:/cvmfs/sphenix.sdcc.bnl.gov/alma9.2-gcc-14.2.0/opt/sphenix/core/lib:/cvmfs/sphenix.sdcc.bnl.gov/alma9.2-gcc-14.2.0/opt/sphenix/core/root-6.32.06/lib:/cvmfs/sphenix.sdcc.bnl.gov/alma9.2-gcc-14.2.0/opt/sphenix/core/geant4.10.07.p04/lib64:/cvmfs/sphenix.sdcc.bnl.gov/alma9.2-gcc-14.2.0/opt/sphenix/core/lhapdf-5.9.1/lib:/usr/local/lib64:/usr/lib64
PATH now /sphenix/user/samfred/run25/install//bin:/cvmfs/sphenix.sdcc.bnl.gov/alma9.2-gcc-14.2.0/opt/sphenix/core/gcc/14.2.0-2f0a0/x86_64-el9/bin:/cvmfs/sphenix.sdcc.bnl.gov/alma9.2-gcc-14.2.0/opt/sphenix/core/binutils/2.40-acaab/x86_64-el9/bin:.:/cvmfs/sphenix.sdcc.bnl.gov/alma9.2-gcc-14.2.0/release/release_new/new.10/bin:/cvmfs/sphenix.sdcc.bnl.gov/alma9.2-gcc-14.2.0/opt/sphenix/utils/bin:/cvmfs/sphenix.sdcc.bnl.gov/alma9.2-gcc-14.2.0/opt/sphenix/core/bin:/cvmfs/sphenix.sdcc.bnl.gov/alma9.2-gcc-14.2.0/opt/sphenix/core/root-6.32.06/bin:/cvmfs/sphenix.sdcc.bnl.gov/alma9.2-gcc-14.2.0/opt/sphenix/core/geant4.10.07.p04/bin:/usr/local/bin:/usr/bin:/usr/local/sbin:/usr/sbin
SINGULARITY_CACHEDIR=/home/condor/local/sphnx/execute/dir_2505471
_CONDOR_CHIRP_CONFIG=/home/condor/local/sphnx/execute/dir_2505471/.chirp.config
_CONDOR_JOB_IWD=/sphenix/user/samfred/run25/ppg11/histmaking
G4ENSDFSTATEDATA=/cvmfs/sphenix.sdcc.bnl.gov/alma9.2-gcc-14.2.0/opt/sphenix/core/geant4.10.07.p04/share/Geant4-10.7.4/data/G4ENSDFSTATE2.3
_CONDOR_ANCESTOR_281815=2505471:1759352738:490240571
_CONDOR_MACHINE_AD=/home/condor/local/sphnx/execute/dir_2505471/.machine.ad
_CONDOR_ANCESTOR_281780=281815:1756523323:3601249597
ROOT_MAX_THREADS=1
NUMEXPR_NUM_THREADS=1
CUBACORES=1
_CHIRP_DELAYED_UPDATE_PREFIX=Chirp*
OMP_THREAD_LIMIT=1
G4PIIDATA=/cvmfs/sphenix.sdcc.bnl.gov/alma9.2-gcc-14.2.0/opt/sphenix/core/geant4.10.07.p04/share/Geant4-10.7.4/data/G4PII1.3
NO_AT_BRIDGE=1
G4_MAIN=/cvmfs/sphenix.sdcc.bnl.gov/alma9.2-gcc-14.2.0/opt/sphenix/core/geant4.10.07.p04
COMPILER_PATH=/cvmfs/sphenix.sdcc.bnl.gov/alma9.2-gcc-14.2.0/opt/sphenix/core/gcc/14.2.0-2f0a0/x86_64-el9
ROOT_INCLUDE_PATH=./:/sphenix/user/samfred/run25/install//include:/sphenix/user/samfred/run25/install//include/caloana:/sphenix/user/samfred/run25/install//include/qa_centrality:/sphenix/user/samfred/run25/install//include/mbdana:/sphenix/user/samfred/run25/install//include/centrality:/sphenix/user/samfred/run25/install//include/Event:/cvmfs/sphenix.sdcc.bnl.gov/alma9.2-gcc-14.2.0/release/release_new/new.10/include:/cvmfs/sphenix.sdcc.bnl.gov/alma9.2-gcc-14.2.0/release/release_new/new.10/include:/cvmfs/sphenix.sdcc.bnl.gov/alma9.2-gcc-14.2.0/release/release_new/new.10/include/g4mbd:/cvmfs/sphenix.sdcc.bnl.gov/alma9.2-gcc-14.2.0/release/release_new/new.10/include/fmt:/cvmfs/sphenix.sdcc.bnl.gov/alma9.2-gcc-14.2.0/release/release_new/new.10/include/ffarawobjects:/cvmfs/sphenix.sdcc.bnl.gov/alma9.2-gcc-14.2.0/release/release_new/new.10/include/JSON:/cvmfs/sphenix.sdcc.bnl.gov/alma9.2-gcc-14.2.0/release/release_new/new.10/include/calotreegen:/cvmfs/sphenix.sdcc.bnl.gov/alma9.2-gcc-14.2.0/release/release_new/new.10/include/torch:/cvmfs/sphenix.sdcc.bnl.gov/alma9.2-gcc-14.2.0/release/release_new/new.10/include/g4detectors:/cvmfs/sphenix.sdcc.bnl.gov/alma9.2-gcc-14.2.0/release/release_new/new.10/include/kineto:/cvmfs/sphenix.sdcc.bnl.gov/alma9.2-gcc-14.2.0/release/release_new/new.10/include/g4decayer:/cvmfs/sphenix.sdcc.bnl.gov/alma9.2-gcc-14.2.0/release/release_new/new.10/include/kfparticleqa:/cvmfs/sphenix.sdcc.bnl.gov/alma9.2-gcc-14.2.0/release/release_new/new.10/include/phfield:/cvmfs/sphenix.sdcc.bnl.gov/alma9.2-gcc-14.2.0/release/release_new/new.10/include/LHAPDF:/cvmfs/sphenix.sdcc.bnl.gov/alma9.2-gcc-14.2.0/release/release_new/new.10/include/readdigitalcurrents:/cvmfs/sphenix.sdcc.bnl.gov/alma9.2-gcc-14.2.0/release/release_new/new.10/include/c10:/cvmfs/sphenix.sdcc.bnl.gov/alma9.2-gcc-14.2.0/release/release_new/new.10/include/calovalid:/cvmfs/sphenix.sdcc.bnl.gov/alma9.2-gcc-14.2.0/release/release_new/new.10/include/oneapi:/cvmfs/sphenix.sdcc.bnl.gov/alma9.2-gcc-14.2.0/release/release_new/new.10/include/DDCond:/cvmfs/sphenix.sdcc.bnl.gov/alma9.2-gcc-14.2.0/release/release_new/new.10/include/g4tracking:/cvmfs/sphenix.sdcc.bnl.gov/alma9.2-gcc-14.2.0/release/release_new/new.10/include/litecaloeval:/cvmfs/sphenix.sdcc.bnl.gov/alma9.2-gcc-14.2.0/release/release_new/new.10/include/g4intt:/cvmfs/sphenix.sdcc.bnl.gov/alma9.2-gcc-14.2.0/release/release_new/new.10/include/phool:/cvmfs/sphenix.sdcc.bnl.gov/alma9.2-gcc-14.2.0/release/release_new/new.10/include/boost:/cvmfs/sphenix.sdcc.bnl.gov/alma9.2-gcc-14.2.0/release/release_new/new.10/include/Pythia8Plugins:/cvmfs/sphenix.sdcc.bnl.gov/alma9.2-gcc-14.2.0/release/release_new/new.10/include/calib_emc_pi0:/cvmfs/sphenix.sdcc.bnl.gov/alma9.2-gcc-14.2.0/release/release_new/new.10/include/hijingflipafterburner:/cvmfs/sphenix.sdcc.bnl.gov/alma9.2-gcc-14.2.0/release/release_new/new.10/include/ffaobjects:/cvmfs/sphenix.sdcc.bnl.gov/alma9.2-gcc-14.2.0/release/release_new/new.10/include/EvtGenBase:/cvmfs/sphenix.sdcc.bnl.gov/alma9.2-gcc-14.2.0/release/release_new/new.10/include/flowafterburner:/cvmfs/sphenix.sdcc.bnl.gov/alma9.2-gcc-14.2.0/release/release_new/new.10/include/google:/cvmfs/sphenix.sdcc.bnl.gov/alma9.2-gcc-14.2.0/release/release_new/new.10/include/g4tpc:/cvmfs/sphenix.sdcc.bnl.gov/alma9.2-gcc-14.2.0/release/release_new/new.10/include/caffe2:/cvmfs/sphenix.sdcc.bnl.gov/alma9.2-gcc-14.2.0/release/release_new/new.10/include/EvtGenExternal:/cvmfs/sphenix.sdcc.bnl.gov/alma9.2-gcc-14.2.0/release/release_new/new.10/include/fp16:/cvmfs/sphenix.sdcc.bnl.gov/alma9.2-gcc-14.2.0/release/release_new/new.10/include/ffamodules:/cvmfs/sphenix.sdcc.bnl.gov/alma9.2-gcc-14.2.0/release/release_new/new.10/include/uspin:/cvmfs/sphenix.sdcc.bnl.gov/alma9.2-gcc-14.2.0/release/release_new/new.10/include/Herwig:/cvmfs/sphenix.sdcc.bnl.gov/alma9.2-gcc-14.2.0/release/release_new/new.10/include/genfitexp:/cvmfs/sphenix.sdcc.bnl.gov/alma9.2-gcc-14.2.0/release/release_new/new.10/include/XML:/cvmfs/sphenix.sdcc.bnl.gov/alma9.2-gcc-14.2.0/release/release_new/new.10/include/fbgemm:/cvmfs/sphenix.sdcc.bnl.gov/alma9.2-gcc-14.2.0/release/release_new/new.10/include/DDAlign:/cvmfs/sphenix.sdcc.bnl.gov/alma9.2-gcc-14.2.0/release/release_new/new.10/include/g4mvtx:/cvmfs/sphenix.sdcc.bnl.gov/alma9.2-gcc-14.2.0/release/release_new/new.10/include/kfparticle_sphenix:/cvmfs/sphenix.sdcc.bnl.gov/alma9.2-gcc-14.2.0/release/release_new/new.10/include/fun4all:/cvmfs/sphenix.sdcc.bnl.gov/alma9.2-gcc-14.2.0/release/release_new/new.10/include/intt:/cvmfs/sphenix.sdcc.bnl.gov/alma9.2-gcc-14.2.0/release/release_new/new.10/include/eventdisplay:/cvmfs/sphenix.sdcc.bnl.gov/alma9.2-gcc-14.2.0/release/release_new/new.10/include/EvtGen:/cvmfs/sphenix.sdcc.bnl.gov/alma9.2-gcc-14.2.0/release/release_new/new.10/include/Evaluator:/cvmfs/sphenix.sdcc.bnl.gov/alma9.2-gcc-14.2.0/release/release_new/new.10/include/tpc:/cvmfs/sphenix.sdcc.bnl.gov/alma9.2-gcc-14.2.0/release/release_new/new.10/include/GenFit:/cvmfs/sphenix.sdcc.bnl.gov/alma9.2-gcc-14.2.0/release/release_new/new.10/include/prototype4:/cvmfs/sphenix.sdcc.bnl.gov/alma9.2-gcc-14.2.0/release/release_new/new.10/include/caloembedding:/cvmfs/sphenix.sdcc.bnl.gov/alma9.2-gcc-14.2.0/release/release_new/new.10/include/EvtGenModels:/cvmfs/sphenix.sdcc.bnl.gov/alma9.2-gcc-14.2.0/release/release_new/new.10/include/fastjet:/cvmfs/sphenix.sdcc.bnl.gov/alma9.2-gcc-14.2.0/release/release_new/new.10/include/DDG4:/cvmfs/sphenix.sdcc.bnl.gov/alma9.2-gcc-14.2.0/release/release_new/new.10/include/mbd:/cvmfs/sphenix.sdcc.bnl.gov/alma9.2-gcc-14.2.0/release/release_new/new.10/include/tbb:/cvmfs/sphenix.sdcc.bnl.gov/alma9.2-gcc-14.2.0/release/release_new/new.10/include/phgeom:/cvmfs/sphenix.sdcc.bnl.gov/alma9.2-gcc-14.2.0/release/release_new/new.10/include/g4epd:/cvmfs/sphenix.sdcc.bnl.gov/alma9.2-gcc-14.2.0/release/release_new/new.10/include/oncal:/cvmfs/sphenix.sdcc.bnl.gov/alma9.2-gcc-14.2.0/release/release_new/new.10/include/pybind11:/cvmfs/sphenix.sdcc.bnl.gov/alma9.2-gcc-14.2.0/release/release_new/new.10/include/tpcdistgenerator:/cvmfs/sphenix.sdcc.bnl.gov/alma9.2-gcc-14.2.0/release/release_new/new.10/include/cdbobjects:/cvmfs/sphenix.sdcc.bnl.gov/alma9.2-gcc-14.2.0/release/release_new/new.10/include/g4micromegas:/cvmfs/sphenix.sdcc.bnl.gov/alma9.2-gcc-14.2.0/release/release_new/new.10/include/g4eval:/cvmfs/sphenix.sdcc.bnl.gov/alma9.2-gcc-14.2.0/release/release_new/new.10/include/jetbackground:/cvmfs/sphenix.sdcc.bnl.gov/alma9.2-gcc-14.2.0/release/release_new/new.10/include/micromegas:/cvmfs/sphenix.sdcc.bnl.gov/alma9.2-gcc-14.2.0/release/release_new/new.10/include/hftrackefficiency:/cvmfs/sphenix.sdcc.bnl.gov/alma9.2-gcc-14.2.0/release/release_new/new.10/include/inttrawhitqa:/cvmfs/sphenix.sdcc.bnl.gov/alma9.2-gcc-14.2.0/release/release_new/new.10/include/centrality:/cvmfs/sphenix.sdcc.bnl.gov/alma9.2-gcc-14.2.0/release/release_new/new.10/include/epd:/cvmfs/sphenix.sdcc.bnl.gov/alma9.2-gcc-14.2.0/release/release_new/new.10/include/caloreco:/cvmfs/sphenix.sdcc.bnl.gov/alma9.2-gcc-14.2.0/release/release_new/new.10/include/HepMC:/cvmfs/sphenix.sdcc.bnl.gov/alma9.2-gcc-14.2.0/release/release_new/new.10/include/CLHEP:/cvmfs/sphenix.sdcc.bnl.gov/alma9.2-gcc-14.2.0/release/release_new/new.10/include/Acts:/cvmfs/sphenix.sdcc.bnl.gov/alma9.2-gcc-14.2.0/release/release_new/new.10/include/g4histos:/cvmfs/sphenix.sdcc.bnl.gov/alma9.2-gcc-14.2.0/release/release_new/new.10/include/eventplaneinfo:/cvmfs/sphenix.sdcc.bnl.gov/alma9.2-gcc-14.2.0/release/release_new/new.10/include/fillspacechargemaps:/cvmfs/sphenix.sdcc.bnl.gov/alma9.2-gcc-14.2.0/release/release_new/new.10/include/phhepmc:/cvmfs/sphenix.sdcc.bnl.gov/alma9.2-gcc-14.2.0/release/release_new/new.10/include/trackingqa:/cvmfs/sphenix.sdcc.bnl.gov/alma9.2-gcc-14.2.0/release/release_new/new.10/include/qautils:/cvmfs/sphenix.sdcc.bnl.gov/alma9.2-gcc-14.2.0/release/release_new/new.10/include/trackreco:/cvmfs/sphenix.sdcc.bnl.gov/alma9.2-gcc-14.2.0/release/release_new/new.10/include/g4ohcal:/cvmfs/sphenix.sdcc.bnl.gov/alma9.2-gcc-14.2.0/release/release_new/new.10/include/tpcdvcalib:/cvmfs/sphenix.sdcc.bnl.gov/alma9.2-gcc-14.2.0/release/release_new/new.10/include/zdcinfo:/cvmfs/sphenix.sdcc.bnl.gov/alma9.2-gcc-14.2.0/release/release_new/new.10/include/phpythia8:/cvmfs/sphenix.sdcc.bnl.gov/alma9.2-gcc-14.2.0/release/release_new/new.10/include/fun4allutils:/cvmfs/sphenix.sdcc.bnl.gov/alma9.2-gcc-14.2.0/release/release_new/new.10/include/tpcqa:/cvmfs/sphenix.sdcc.bnl.gov/alma9.2-gcc-14.2.0/release/release_new/new.10/include/Pythia8:/cvmfs/sphenix.sdcc.bnl.gov/alma9.2-gcc-14.2.0/release/release_new/new.10/include/DDRec:/cvmfs/sphenix.sdcc.bnl.gov/alma9.2-gcc-14.2.0/release/release_new/new.10/include/DDDigi:/cvmfs/sphenix.sdcc.bnl.gov/alma9.2-gcc-14.2.0/release/release_new/new.10/include/g4ihcal:/cvmfs/sphenix.sdcc.bnl.gov/alma9.2-gcc-14.2.0/release/release_new/new.10/include/frog:/cvmfs/sphenix.sdcc.bnl.gov/alma9.2-gcc-14.2.0/release/release_new/new.10/include/eigen3:/cvmfs/sphenix.sdcc.bnl.gov/alma9.2-gcc-14.2.0/release/release_new/new.10/include/tensorpipe:/cvmfs/sphenix.sdcc.bnl.gov/alma9.2-gcc-14.2.0/release/release_new/new.10/include/sphenixnpc:/cvmfs/sphenix.sdcc.bnl.gov/alma9.2-gcc-14.2.0/release/release_new/new.10/include/siscone:/cvmfs/sphenix.sdcc.bnl.gov/alma9.2-gcc-14.2.0/release/release_new/new.10/include/pmonitor:/cvmfs/sphenix.sdcc.bnl.gov/alma9.2-gcc-14.2.0/release/release_new/new.10/include/calobase:/cvmfs/sphenix.sdcc.bnl.gov/alma9.2-gcc-14.2.0/release/release_new/new.10/include/ActsExamples:/cvmfs/sphenix.sdcc.bnl.gov/alma9.2-gcc-14.2.0/release/release_new/new.10/include/g4gdml:/cvmfs/sphenix.sdcc.bnl.gov/alma9.2-gcc-14.2.0/release/release_new/new.10/include/mvtx_decoder:/cvmfs/sphenix.sdcc.bnl.gov/alma9.2-gcc-14.2.0/release/release_new/new.10/include/ROOT:/cvmfs/sphenix.sdcc.bnl.gov/alma9.2-gcc-14.2.0/release/release_new/new.10/include/phparameter:/cvmfs/sphenix.sdcc.bnl.gov/alma9.2-gcc-14.2.0/release/release_new/new.10/include/rsa:/cvmfs/sphenix.sdcc.bnl.gov/alma9.2-gcc-14.2.0/release/release_new/new.10/include/fun4allraw:/cvmfs/sphenix.sdcc.bnl.gov/alma9.2-gcc-14.2.0/release/release_new/new.10/include/trackbase_historic:/cvmfs/sphenix.sdcc.bnl.gov/alma9.2-gcc-14.2.0/release/release_new/new.10/include/g4jets:/cvmfs/sphenix.sdcc.bnl.gov/alma9.2-gcc-14.2.0/release/release_new/new.10/include/jetqa:/cvmfs/sphenix.sdcc.bnl.gov/alma9.2-gcc-14.2.0/release/release_new/new.10/include/phoolraw:/cvmfs/sphenix.sdcc.bnl.gov/alma9.2-gcc-14.2.0/release/release_new/new.10/include/g4calo:/cvmfs/sphenix.sdcc.bnl.gov/alma9.2-gcc-14.2.0/release/release_new/new.10/include/mvtxrawhitqa:/cvmfs/sphenix.sdcc.bnl.gov/alma9.2-gcc-14.2.0/release/release_new/new.10/include/HepMC3:/cvmfs/sphenix.sdcc.bnl.gov/alma9.2-gcc-14.2.0/release/release_new/new.10/include/calowaveformsim:/cvmfs/sphenix.sdcc.bnl.gov/alma9.2-gcc-14.2.0/release/release_new/new.10/include/g4caloprototype:/cvmfs/sphenix.sdcc.bnl.gov/alma9.2-gcc-14.2.0/release/release_new/new.10/include/pdbcalbase:/cvmfs/sphenix.sdcc.bnl.gov/alma9.2-gcc-14.2.0/release/release_new/new.10/include/gsl:/cvmfs/sphenix.sdcc.bnl.gov/alma9.2-gcc-14.2.0/release/release_new/new.10/include/nodedump:/cvmfs/sphenix.sdcc.bnl.gov/alma9.2-gcc-14.2.0/release/release_new/new.10/include/emcnoisytowerfinder:/cvmfs/sphenix.sdcc.bnl.gov/alma9.2-gcc-14.2.0/release/release_new/new.10/include/ActsFatras:/cvmfs/sphenix.sdcc.bnl.gov/alma9.2-gcc-14.2.0/release/release_new/new.10/include/ffarawmodules:/cvmfs/sphenix.sdcc.bnl.gov/alma9.2-gcc-14.2.0/release/release_new/new.10/include/Event:/cvmfs/sphenix.sdcc.bnl.gov/alma9.2-gcc-14.2.0/release/release_new/new.10/include/prototype3:/cvmfs/sphenix.sdcc.bnl.gov/alma9.2-gcc-14.2.0/release/release_new/new.10/include/fermimotionafterburner:/cvmfs/sphenix.sdcc.bnl.gov/alma9.2-gcc-14.2.0/release/release_new/new.10/include/Photos:/cvmfs/sphenix.sdcc.bnl.gov/alma9.2-gcc-14.2.0/release/release_new/new.10/include/xingshiftcal:/cvmfs/sphenix.sdcc.bnl.gov/alma9.2-gcc-14.2.0/release/release_new/new.10/include/trackbase:/cvmfs/sphenix.sdcc.bnl.gov/alma9.2-gcc-14.2.0/release/release_new/new.10/include/jetdstskimmer:/cvmfs/sphenix.sdcc.bnl.gov/alma9.2-gcc-14.2.0/release/release_new/new.10/include/clusteriso:/cvmfs/sphenix.sdcc.bnl.gov/alma9.2-gcc-14.2.0/release/release_new/new.10/include/asmjit:/cvmfs/sphenix.sdcc.bnl.gov/alma9.2-gcc-14.2.0/release/release_new/new.10/include/particleflowreco:/cvmfs/sphenix.sdcc.bnl.gov/alma9.2-gcc-14.2.0/release/release_new/new.10/include/tpchittrackdisplay:/cvmfs/sphenix.sdcc.bnl.gov/alma9.2-gcc-14.2.0/release/release_new/new.10/include/caloana:/cvmfs/sphenix.sdcc.bnl.gov/alma9.2-gcc-14.2.0/release/release_new/new.10/include/calotrigger:/cvmfs/sphenix.sdcc.bnl.gov/alma9.2-gcc-14.2.0/release/release_new/new.10/include/nopayloadclient:/cvmfs/sphenix.sdcc.bnl.gov/alma9.2-gcc-14.2.0/release/release_new/new.10/include/trackermillepedealignment:/cvmfs/sphenix.sdcc.bnl.gov/alma9.2-gcc-14.2.0/release/release_new/new.10/include/DD4hep:/cvmfs/sphenix.sdcc.bnl.gov/alma9.2-gcc-14.2.0/release/release_new/new.10/include/g4trackfastsim:/cvmfs/sphenix.sdcc.bnl.gov/alma9.2-gcc-14.2.0/release/release_new/new.10/include/prototype2:/cvmfs/sphenix.sdcc.bnl.gov/alma9.2-gcc-14.2.0/release/release_new/new.10/include/ATen:/cvmfs/sphenix.sdcc.bnl.gov/alma9.2-gcc-14.2.0/release/release_new/new.10/include/g4main:/cvmfs/sphenix.sdcc.bnl.gov/alma9.2-gcc-14.2.0/release/release_new/new.10/include/Tauola:/cvmfs/sphenix.sdcc.bnl.gov/alma9.2-gcc-14.2.0/release/release_new/new.10/include/inttcalib:/cvmfs/sphenix.sdcc.bnl.gov/alma9.2-gcc-14.2.0/release/release_new/new.10/include/reactionplaneafterburner:/cvmfs/sphenix.sdcc.bnl.gov/alma9.2-gcc-14.2.0/release/release_new/new.10/include/globalqa:/cvmfs/sphenix.sdcc.bnl.gov/alma9.2-gcc-14.2.0/release/release_new/new.10/include/tpccalib:/cvmfs/sphenix.sdcc.bnl.gov/alma9.2-gcc-14.2.0/release/release_new/new.10/include/DDSegmentation:/cvmfs/sphenix.sdcc.bnl.gov/alma9.2-gcc-14.2.0/release/release_new/new.10/include/decayfinder:/cvmfs/sphenix.sdcc.bnl.gov/alma9.2-gcc-14.2.0/release/release_new/new.10/include/compressclus:/cvmfs/sphenix.sdcc.bnl.gov/alma9.2-gcc-14.2.0/release/release_new/new.10/include/simqa_modules:/cvmfs/sphenix.sdcc.bnl.gov/alma9.2-gcc-14.2.0/release/release_new/new.10/include/resonancejettagging:/cvmfs/sphenix.sdcc.bnl.gov/alma9.2-gcc-14.2.0/release/release_new/new.10/include/g4centrality:/cvmfs/sphenix.sdcc.bnl.gov/alma9.2-gcc-14.2.0/release/release_new/new.10/include/mvtx:/cvmfs/sphenix.sdcc.bnl.gov/alma9.2-gcc-14.2.0/release/release_new/new.10/include/nlohmann:/cvmfs/sphenix.sdcc.bnl.gov/alma9.2-gcc-14.2.0/release/release_new/new.10/include/localpoloffmon:/cvmfs/sphenix.sdcc.bnl.gov/alma9.2-gcc-14.2.0/release/release_new/new.10/include/DDEve:/cvmfs/sphenix.sdcc.bnl.gov/alma9.2-gcc-14.2.0/release/release_new/new.10/include/Parsers:/cvmfs/sphenix.sdcc.bnl.gov/alma9.2-gcc-14.2.0/release/release_new/new.10/include/trackingdiagnostics:/cvmfs/sphenix.sdcc.bnl.gov/alma9.2-gcc-14.2.0/release/release_new/new.10/include/g4vertex:/cvmfs/sphenix.sdcc.bnl.gov/alma9.2-gcc-14.2.0/release/release_new/new.10/include/jetbase:/cvmfs/sphenix.sdcc.bnl.gov/alma9.2-gcc-14.2.0/release/release_new/new.10/include/globalvertex:/cvmfs/sphenix.sdcc.bnl.gov/alma9.2-gcc-14.2.0/release/release_new/new.10/include/phgenfit:/cvmfs/sphenix.sdcc.bnl.gov/alma9.2-gcc-14.2.0/release/release_new/new.10/include/rawbcolumi:/cvmfs/sphenix.sdcc.bnl.gov/alma9.2-gcc-14.2.0/release/release_new/new.10/include/eicsmear:/cvmfs/sphenix.sdcc.bnl.gov/alma9.2-gcc-14.2.0/release/release_new/new.10/include/mvtxcalib:/cvmfs/sphenix.sdcc.bnl.gov/alma9.2-gcc-14.2.0/release/release_new/new.10/include/tpclinelaserdiode:/cvmfs/sphenix.sdcc.bnl.gov/alma9.2-gcc-14.2.0/release/release_new/new.10/include/hepmcjettrigger:/cvmfs/sphenix.sdcc.bnl.gov/alma9.2-gcc-14.2.0/release/release_new/new.10/include/core:/cvmfs/sphenix.sdcc.bnl.gov/alma9.2-gcc-14.2.0/release/release_new/new.10/include/calo_cdb:/cvmfs/sphenix.sdcc.bnl.gov/alma9.2-gcc-14.2.0/release/release_new/new.10/include/mvtxclustershapesqa:/cvmfs/sphenix.sdcc.bnl.gov/alma9.2-gcc-14.2.0/release/release_new/new.10/include/calopacketskimmer:/cvmfs/sphenix.sdcc.bnl.gov/alma9.2-gcc-14.2.0/opt/sphenix/core/geant4.10.07.p04/include:/cvmfs/sphenix.sdcc.bnl.gov/alma9.2-gcc-14.2.0/release/release_new/new.10/rootmacros:/cvmfs/sphenix.sdcc.bnl.gov/alma9.2-gcc-14.2.0/opt/sphenix/core/include
GSEARCHPATH=.:PG:LUSTRE:RAWDATA
PWD=/gpfs/mnt/gpfs02/sphenix/user/samfred/run25/ppg11/histmaking
LOGNAME=samfred
_CONDOR_JOB_AD=/home/condor/local/sphnx/execute/dir_2505471/.job.ad
MANPATH=/cvmfs/sphenix.sdcc.bnl.gov/alma9.2-gcc-14.2.0/opt/sphenix/core/gcc/14.2.0-2f0a0/x86_64-el9/share/man:/cvmfs/sphenix.sdcc.bnl.gov/alma9.2-gcc-14.2.0/opt/sphenix/core/binutils/2.40-acaab/x86_64-el9/share/man:/cvmfs/sphenix.sdcc.bnl.gov/alma9.2-gcc-14.2.0/release/release_new/new.10/share/man:/cvmfs/sphenix.sdcc.bnl.gov/alma9.2-gcc-14.2.0/opt/sphenix/utils/share/man:/cvmfs/sphenix.sdcc.bnl.gov/alma9.2-gcc-14.2.0/opt/sphenix/core/share/man:/cvmfs/sphenix.sdcc.bnl.gov/alma9.2-gcc-14.2.0/opt/sphenix/core/root-6.32.06/man:/usr/local/share/man:/usr/share/man
PYTHIA8=/cvmfs/sphenix.sdcc.bnl.gov/alma9.2-gcc-14.2.0/release/release_new/new.10/share/Pythia8
G4INCLDATA=/cvmfs/sphenix.sdcc.bnl.gov/alma9.2-gcc-14.2.0/opt/sphenix/core/geant4.10.07.p04/share/Geant4-10.7.4/data/G4INCL1.0
ORIG_PATH=/usr/local/bin:/usr/bin
CXX=/cvmfs/sphenix.sdcc.bnl.gov/alma9.2-gcc-14.2.0/opt/sphenix/core/gcc/14.2.0-2f0a0/x86_64-el9/bin/g++
G4LEDATA=/cvmfs/sphenix.sdcc.bnl.gov/alma9.2-gcc-14.2.0/opt/sphenix/core/geant4.10.07.p04/share/Geant4-10.7.4/data/G4EMLOW7.13
PYTHON_CPU_COUNT=1
OPENBLAS_NUM_THREADS=1
_CONDOR_BIN=/usr/bin
HOME=/sphenix/u/samfred
G4PARTICLEXSDATA=/cvmfs/sphenix.sdcc.bnl.gov/alma9.2-gcc-14.2.0/opt/sphenix/core/geant4.10.07.p04/share/Geant4-10.7.4/data/G4PARTICLEXS3.1.1
ONLINE_MAIN=/cvmfs/sphenix.sdcc.bnl.gov/alma9.2-gcc-14.2.0/release/release_new/new.10
CALIBRATIONROOT=/cvmfs/sphenix.sdcc.bnl.gov/alma9.2-gcc-14.2.0/release/release_new/new.10/share/calibrations
TMPDIR=/tmp
_CONDOR_SCRATCH_DIR=/home/condor/local/sphnx/execute/dir_2505471
PGUSER=phnxrc
NOPAYLOADCLIENT_CONF=/cvmfs/sphenix.sdcc.bnl.gov/alma9.2-gcc-14.2.0/opt/sphenix/core/etc/sPHENIX_newcdb.json
XERCESCROOT=/cvmfs/sphenix.sdcc.bnl.gov/alma9.2-gcc-14.2.0/opt/sphenix/core/geant4.10.07.p04
LHAPATH=/cvmfs/sphenix.sdcc.bnl.gov/alma9.2-gcc-14.2.0/opt/sphenix/core/lhapdf-5.9.1/share/lhapdf/PDFsets
G4NEUTRONHPDATA=/cvmfs/sphenix.sdcc.bnl.gov/alma9.2-gcc-14.2.0/opt/sphenix/core/geant4.10.07.p04/share/Geant4-10.7.4/data/G4NDL4.6
PYTHONPATH=.:/cvmfs/sphenix.sdcc.bnl.gov/alma9.2-gcc-14.2.0/release/release_new/new.10/lib/python3.13/site-packages:/cvmfs/sphenix.sdcc.bnl.gov/alma9.2-gcc-14.2.0/opt/sphenix/core/lib/python3.13/site-packages:/cvmfs/sphenix.sdcc.bnl.gov/alma9.2-gcc-14.2.0/opt/sphenix/core/root-6.32.06/lib
USER=samfred
_CONDOR_JOB_PIDS=
TEMP=/tmp
GOMAXPROCS=1
OFFLINE_MAIN=/cvmfs/sphenix.sdcc.bnl.gov/alma9.2-gcc-14.2.0/release/release_new/new.10
SHLVL=1
TF_NUM_THREADS=1
_CONDOR_ANCESTOR_2505471=2516403:1759352738:1466162213
G4SAIDXSDATA=/cvmfs/sphenix.sdcc.bnl.gov/alma9.2-gcc-14.2.0/opt/sphenix/core/geant4.10.07.p04/share/Geant4-10.7.4/data/G4SAIDDATA2.0
APPTAINER_CACHEDIR=/home/condor/local/sphnx/execute/dir_2505471
ROOTSYS=/cvmfs/sphenix.sdcc.bnl.gov/alma9.2-gcc-14.2.0/opt/sphenix/core/root-6.32.06
BATCH_SYSTEM=HTCondor
_CONDOR_SLOT=slot1_47
LD_LIBRARY_PATH=/sphenix/user/samfred/run25/install//lib:/cvmfs/sphenix.sdcc.bnl.gov/alma9.2-gcc-14.2.0/opt/sphenix/core/gcc/14.2.0-2f0a0/x86_64-el9/lib:/cvmfs/sphenix.sdcc.bnl.gov/alma9.2-gcc-14.2.0/opt/sphenix/core/gcc/14.2.0-2f0a0/x86_64-el9/lib64:/cvmfs/sphenix.sdcc.bnl.gov/alma9.2-gcc-14.2.0/opt/sphenix/core/binutils/2.40-acaab/x86_64-el9/lib:.:/cvmfs/sphenix.sdcc.bnl.gov/alma9.2-gcc-14.2.0/release/release_new/new.10/lib64:/cvmfs/sphenix.sdcc.bnl.gov/alma9.2-gcc-14.2.0/release/release_new/new.10/lib:/cvmfs/sphenix.sdcc.bnl.gov/alma9.2-gcc-14.2.0/opt/sphenix/utils/lib:/cvmfs/sphenix.sdcc.bnl.gov/alma9.2-gcc-14.2.0/opt/sphenix/core/lib:/cvmfs/sphenix.sdcc.bnl.gov/alma9.2-gcc-14.2.0/opt/sphenix/core/root-6.32.06/lib:/cvmfs/sphenix.sdcc.bnl.gov/alma9.2-gcc-14.2.0/opt/sphenix/core/geant4.10.07.p04/lib64:/cvmfs/sphenix.sdcc.bnl.gov/alma9.2-gcc-14.2.0/opt/sphenix/core/lhapdf-5.9.1/lib:/usr/local/lib64:/usr/lib64
OPT_SPHENIX=/cvmfs/sphenix.sdcc.bnl.gov/alma9.2-gcc-14.2.0/opt/sphenix/core
TF_LOOP_PARALLEL_ITERATIONS=1
EVT_LIB=/cvmfs/sphenix.sdcc.bnl.gov/alma9.2-gcc-14.2.0/opt/sphenix/core/root-6.32.06/lib
PGHOST=sphnxdbmaster.sdcc.bnl.gov
OMP_NUM_THREADS=1
G4REALSURFACEDATA=/cvmfs/sphenix.sdcc.bnl.gov/alma9.2-gcc-14.2.0/opt/sphenix/core/geant4.10.07.p04/share/Geant4-10.7.4/data/RealSurface2.2
FC=/cvmfs/sphenix.sdcc.bnl.gov/alma9.2-gcc-14.2.0/opt/sphenix/core/gcc/14.2.0-2f0a0/x86_64-el9/bin/gfortran
G4ABLADATA=/cvmfs/sphenix.sdcc.bnl.gov/alma9.2-gcc-14.2.0/opt/sphenix/core/geant4.10.07.p04/share/Geant4-10.7.4/data/G4ABLA3.1
PARASOFT=doesnotexist
TMP=/tmp
OPT_UTILS=/cvmfs/sphenix.sdcc.bnl.gov/alma9.2-gcc-14.2.0/opt/sphenix/utils
CONFIG_SITE=/cvmfs/sphenix.sdcc.bnl.gov/alma9.2-gcc-14.2.0/opt/sphenix/core/etc/config.site
PATH=/sphenix/user/samfred/run25/install//bin:/cvmfs/sphenix.sdcc.bnl.gov/alma9.2-gcc-14.2.0/opt/sphenix/core/gcc/14.2.0-2f0a0/x86_64-el9/bin:/cvmfs/sphenix.sdcc.bnl.gov/alma9.2-gcc-14.2.0/opt/sphenix/core/binutils/2.40-acaab/x86_64-el9/bin:.:/cvmfs/sphenix.sdcc.bnl.gov/alma9.2-gcc-14.2.0/release/release_new/new.10/bin:/cvmfs/sphenix.sdcc.bnl.gov/alma9.2-gcc-14.2.0/opt/sphenix/utils/bin:/cvmfs/sphenix.sdcc.bnl.gov/alma9.2-gcc-14.2.0/opt/sphenix/core/bin:/cvmfs/sphenix.sdcc.bnl.gov/alma9.2-gcc-14.2.0/opt/sphenix/core/root-6.32.06/bin:/cvmfs/sphenix.sdcc.bnl.gov/alma9.2-gcc-14.2.0/opt/sphenix/core/geant4.10.07.p04/bin:/usr/local/bin:/usr/bin:/usr/local/sbin:/usr/sbin
G4LEVELGAMMADATA=/cvmfs/sphenix.sdcc.bnl.gov/alma9.2-gcc-14.2.0/opt/sphenix/core/geant4.10.07.p04/share/Geant4-10.7.4/data/PhotonEvaporation5.7
CC=/cvmfs/sphenix.sdcc.bnl.gov/alma9.2-gcc-14.2.0/opt/sphenix/core/gcc/14.2.0-2f0a0/x86_64-el9/bin/gcc
G4RADIOACTIVEDATA=/cvmfs/sphenix.sdcc.bnl.gov/alma9.2-gcc-14.2.0/opt/sphenix/core/geant4.10.07.p04/share/Geant4-10.7.4/data/RadioactiveDecay5.6
JULIA_NUM_THREADS=1
MKL_NUM_THREADS=1
LHAPDF_DATA_PATH=/cvmfs/sphenix.sdcc.bnl.gov/alma9.2-gcc-14.2.0/release/release_new/new.10/share/LHAPDF
XPLOAD_CONFIG_DIR=/cvmfs/sphenix.sdcc.bnl.gov/alma9.2-gcc-14.2.0/opt/sphenix/core/etc
OLDPWD=/cvmfs/sphenix.sdcc.bnl.gov/alma9.2-gcc-14.2.0/release/release_new/new.10/geant4
_=/usr/bin/printenv
runnumber...
52584
trigger...

   ------------------------------------------------------------------
  | Welcome to ROOT 6.32.06                        https://root.cern |
  | (c) 1995-2024, The ROOT Team; conception: R. Brun, F. Rademakers |
  | Built for linuxx8664gcc on Dec 13 2024, 17:23:48                 |
  | From tags/6-32-06@6-32-06                                        |
  | With g++ (GCC) 14.2.0                                            |
  | Try '.help'/'.?', '.demo', '.license', '.credits', '.quit'/'.q'  |
   ------------------------------------------------------------------


Processing data_histmaker.C(52584)...
entry 1000/617868 (0.161847%)
entry 2000/617868 (0.323694%)
entry 3000/617868 (0.485541%)
entry 4000/617868 (0.647387%)
entry 6000/617868 (0.971081%)
entry 8000/617868 (1.29477%)
entry 9000/617868 (1.45662%)
entry 10000/617868 (1.61847%)
entry 11000/617868 (1.78032%)
entry 12000/617868 (1.94216%)
entry 13000/617868 (2.10401%)
entry 15000/617868 (2.4277%)
entry 16000/617868 (2.58955%)
entry 17000/617868 (2.7514%)
entry 19000/617868 (3.07509%)
entry 21000/617868 (3.39878%)
entry 22000/617868 (3.56063%)
entry 25000/617868 (4.04617%)
entry 26000/617868 (4.20802%)
entry 27000/617868 (4.36987%)
entry 29000/617868 (4.69356%)
entry 31000/617868 (5.01725%)
entry 32000/617868 (5.1791%)
entry 33000/617868 (5.34095%)
entry 34000/617868 (5.50279%)
entry 36000/617868 (5.82649%)
entry 38000/617868 (6.15018%)
entry 39000/617868 (6.31203%)
entry 40000/617868 (6.47388%)
entry 41000/617868 (6.63572%)
entry 42000/617868 (6.79757%)
entry 43000/617868 (6.95942%)
entry 44000/617868 (7.12126%)
entry 45000/617868 (7.28311%)
entry 46000/617868 (7.44496%)
entry 47000/617868 (7.6068%)
entry 48000/617868 (7.76865%)
entry 49000/617868 (7.9305%)
entry 51000/617868 (8.25419%)
entry 52000/617868 (8.41604%)
entry 53000/617868 (8.57788%)
entry 54000/617868 (8.73973%)
entry 55000/617868 (8.90158%)
entry 56000/617868 (9.06342%)
entry 57000/617868 (9.22527%)
entry 58000/617868 (9.38712%)
entry 59000/617868 (9.54897%)
entry 60000/617868 (9.71081%)
entry 61000/617868 (9.87266%)
entry 63000/617868 (10.1964%)
entry 66000/617868 (10.6819%)
entry 67000/617868 (10.8437%)
entry 68000/617868 (11.0056%)
entry 70000/617868 (11.3293%)
entry 71000/617868 (11.4911%)
entry 72000/617868 (11.653%)
entry 74000/617868 (11.9767%)
entry 75000/617868 (12.1385%)
entry 76000/617868 (12.3004%)
entry 77000/617868 (12.4622%)
entry 78000/617868 (12.6241%)
entry 79000/617868 (12.7859%)
entry 81000/617868 (13.1096%)
entry 82000/617868 (13.2714%)
entry 83000/617868 (13.4333%)
entry 86000/617868 (13.9188%)
entry 87000/617868 (14.0807%)
entry 88000/617868 (14.2425%)
entry 89000/617868 (14.4044%)
entry 91000/617868 (14.7281%)
entry 93000/617868 (15.0518%)
entry 94000/617868 (15.2136%)
entry 95000/617868 (15.3755%)
entry 96000/617868 (15.5373%)
entry 97000/617868 (15.6991%)
entry 98000/617868 (15.861%)
entry 99000/617868 (16.0228%)
entry 100000/617868 (16.1847%)
entry 101000/617868 (16.3465%)
entry 102000/617868 (16.5084%)
entry 103000/617868 (16.6702%)
entry 104000/617868 (16.8321%)
entry 105000/617868 (16.9939%)
entry 106000/617868 (17.1558%)
entry 107000/617868 (17.3176%)
entry 108000/617868 (17.4795%)
entry 109000/617868 (17.6413%)
entry 110000/617868 (17.8032%)
entry 111000/617868 (17.965%)
entry 112000/617868 (18.1268%)
entry 113000/617868 (18.2887%)
entry 114000/617868 (18.4505%)
entry 115000/617868 (18.6124%)
entry 116000/617868 (18.7742%)
entry 117000/617868 (18.9361%)
entry 118000/617868 (19.0979%)
entry 119000/617868 (19.2598%)
entry 121000/617868 (19.5835%)
entry 122000/617868 (19.7453%)
entry 123000/617868 (19.9072%)
entry 124000/617868 (20.069%)
entry 125000/617868 (20.2309%)
entry 127000/617868 (20.5546%)
entry 128000/617868 (20.7164%)
entry 129000/617868 (20.8782%)
entry 132000/617868 (21.3638%)
entry 133000/617868 (21.5256%)
entry 134000/617868 (21.6875%)
entry 135000/617868 (21.8493%)
entry 136000/617868 (22.0112%)
entry 137000/617868 (22.173%)
entry 138000/617868 (22.3349%)
entry 139000/617868 (22.4967%)
entry 140000/617868 (22.6586%)
entry 141000/617868 (22.8204%)
entry 142000/617868 (22.9823%)
entry 143000/617868 (23.1441%)
entry 145000/617868 (23.4678%)
entry 146000/617868 (23.6296%)
entry 147000/617868 (23.7915%)
entry 148000/617868 (23.9533%)
entry 149000/617868 (24.1152%)
entry 151000/617868 (24.4389%)
entry 152000/617868 (24.6007%)
entry 154000/617868 (24.9244%)
entry 156000/617868 (25.2481%)
entry 157000/617868 (25.41%)
entry 158000/617868 (25.5718%)
entry 159000/617868 (25.7337%)
entry 160000/617868 (25.8955%)
entry 161000/617868 (26.0573%)
entry 162000/617868 (26.2192%)
entry 163000/617868 (26.381%)
entry 164000/617868 (26.5429%)
entry 165000/617868 (26.7047%)
entry 166000/617868 (26.8666%)
entry 167000/617868 (27.0284%)
entry 168000/617868 (27.1903%)
entry 169000/617868 (27.3521%)
entry 170000/617868 (27.514%)
entry 171000/617868 (27.6758%)
entry 172000/617868 (27.8377%)
entry 173000/617868 (27.9995%)
entry 174000/617868 (28.1614%)
entry 175000/617868 (28.3232%)
entry 176000/617868 (28.485%)
entry 177000/617868 (28.6469%)
entry 178000/617868 (28.8087%)
entry 179000/617868 (28.9706%)
entry 180000/617868 (29.1324%)
entry 181000/617868 (29.2943%)
entry 184000/617868 (29.7798%)
entry 185000/617868 (29.9417%)
entry 186000/617868 (30.1035%)
entry 188000/617868 (30.4272%)
entry 189000/617868 (30.5891%)
entry 190000/617868 (30.7509%)
entry 191000/617868 (30.9128%)
entry 192000/617868 (31.0746%)
entry 193000/617868 (31.2364%)
entry 194000/617868 (31.3983%)
entry 195000/617868 (31.5601%)
entry 196000/617868 (31.722%)
entry 198000/617868 (32.0457%)
entry 199000/617868 (32.2075%)
entry 200000/617868 (32.3694%)
entry 203000/617868 (32.8549%)
entry 204000/617868 (33.0168%)
entry 207000/617868 (33.5023%)
entry 208000/617868 (33.6641%)
entry 209000/617868 (33.826%)
entry 210000/617868 (33.9878%)
entry 211000/617868 (34.1497%)
entry 215000/617868 (34.7971%)
entry 216000/617868 (34.9589%)
entry 217000/617868 (35.1208%)
entry 220000/617868 (35.6063%)
entry 221000/617868 (35.7682%)
entry 223000/617868 (36.0919%)
entry 224000/617868 (36.2537%)
entry 225000/617868 (36.4155%)
entry 227000/617868 (36.7392%)
entry 229000/617868 (37.0629%)
entry 230000/617868 (37.2248%)
entry 231000/617868 (37.3866%)
entry 232000/617868 (37.5485%)
entry 233000/617868 (37.7103%)
entry 234000/617868 (37.8722%)
entry 235000/617868 (38.034%)
entry 236000/617868 (38.1959%)
entry 237000/617868 (38.3577%)
entry 238000/617868 (38.5196%)
entry 239000/617868 (38.6814%)
entry 240000/617868 (38.8432%)
entry 241000/617868 (39.0051%)
entry 242000/617868 (39.1669%)
entry 243000/617868 (39.3288%)
entry 244000/617868 (39.4906%)
entry 245000/617868 (39.6525%)
entry 246000/617868 (39.8143%)
entry 247000/617868 (39.9762%)
entry 249000/617868 (40.2999%)
entry 250000/617868 (40.4617%)
entry 255000/617868 (41.271%)
entry 256000/617868 (41.4328%)
entry 257000/617868 (41.5946%)
entry 258000/617868 (41.7565%)
entry 259000/617868 (41.9183%)
entry 260000/617868 (42.0802%)
entry 261000/617868 (42.242%)
entry 262000/617868 (42.4039%)
entry 263000/617868 (42.5657%)
entry 264000/617868 (42.7276%)
entry 265000/617868 (42.8894%)
entry 266000/617868 (43.0513%)
entry 267000/617868 (43.2131%)
entry 268000/617868 (43.375%)
entry 271000/617868 (43.8605%)
entry 272000/617868 (44.0223%)
entry 273000/617868 (44.1842%)
entry 274000/617868 (44.346%)
entry 275000/617868 (44.5079%)
entry 277000/617868 (44.8316%)
entry 278000/617868 (44.9934%)
entry 279000/617868 (45.1553%)
entry 280000/617868 (45.3171%)
entry 281000/617868 (45.479%)
entry 282000/617868 (45.6408%)
entry 283000/617868 (45.8027%)
entry 284000/617868 (45.9645%)
entry 285000/617868 (46.1264%)
entry 286000/617868 (46.2882%)
entry 287000/617868 (46.4501%)
entry 288000/617868 (46.6119%)
entry 289000/617868 (46.7737%)
entry 293000/617868 (47.4211%)
entry 294000/617868 (47.583%)
entry 295000/617868 (47.7448%)
entry 297000/617868 (48.0685%)
entry 298000/617868 (48.2304%)
entry 299000/617868 (48.3922%)
entry 300000/617868 (48.5541%)
entry 301000/617868 (48.7159%)
entry 302000/617868 (48.8778%)
entry 303000/617868 (49.0396%)
entry 304000/617868 (49.2014%)
entry 305000/617868 (49.3633%)
entry 306000/617868 (49.5251%)
entry 307000/617868 (49.687%)
entry 308000/617868 (49.8488%)
entry 309000/617868 (50.0107%)
entry 310000/617868 (50.1725%)
entry 311000/617868 (50.3344%)
entry 312000/617868 (50.4962%)
entry 314000/617868 (50.8199%)
entry 315000/617868 (50.9818%)
entry 316000/617868 (51.1436%)
entry 317000/617868 (51.3055%)
entry 318000/617868 (51.4673%)
entry 319000/617868 (51.6291%)
entry 321000/617868 (51.9528%)
entry 322000/617868 (52.1147%)
entry 323000/617868 (52.2765%)
entry 324000/617868 (52.4384%)
entry 325000/617868 (52.6002%)
entry 326000/617868 (52.7621%)
entry 327000/617868 (52.9239%)
entry 328000/617868 (53.0858%)
entry 330000/617868 (53.4095%)
entry 331000/617868 (53.5713%)
entry 332000/617868 (53.7332%)
entry 333000/617868 (53.895%)
entry 334000/617868 (54.0569%)
entry 335000/617868 (54.2187%)
entry 336000/617868 (54.3805%)
entry 338000/617868 (54.7042%)
entry 339000/617868 (54.8661%)
entry 340000/617868 (55.0279%)
entry 341000/617868 (55.1898%)
entry 342000/617868 (55.3516%)
entry 343000/617868 (55.5135%)
entry 344000/617868 (55.6753%)
entry 346000/617868 (55.999%)
entry 347000/617868 (56.1609%)
entry 350000/617868 (56.6464%)
entry 354000/617868 (57.2938%)
entry 355000/617868 (57.4556%)
entry 357000/617868 (57.7793%)
entry 358000/617868 (57.9412%)
entry 360000/617868 (58.2649%)
entry 361000/617868 (58.4267%)
entry 362000/617868 (58.5886%)
entry 363000/617868 (58.7504%)
entry 366000/617868 (59.236%)
entry 368000/617868 (59.5596%)
entry 369000/617868 (59.7215%)
entry 370000/617868 (59.8833%)
entry 372000/617868 (60.207%)
entry 373000/617868 (60.3689%)
entry 375000/617868 (60.6926%)
entry 376000/617868 (60.8544%)
entry 377000/617868 (61.0163%)
entry 378000/617868 (61.1781%)
entry 379000/617868 (61.34%)
entry 380000/617868 (61.5018%)
entry 381000/617868 (61.6637%)
entry 382000/617868 (61.8255%)
entry 383000/617868 (61.9874%)
entry 384000/617868 (62.1492%)
entry 386000/617868 (62.4729%)
entry 387000/617868 (62.6347%)
entry 388000/617868 (62.7966%)
entry 390000/617868 (63.1203%)
entry 391000/617868 (63.2821%)
entry 393000/617868 (63.6058%)
entry 395000/617868 (63.9295%)
entry 396000/617868 (64.0914%)
entry 397000/617868 (64.2532%)
entry 398000/617868 (64.4151%)
entry 399000/617868 (64.5769%)
entry 400000/617868 (64.7387%)
entry 401000/617868 (64.9006%)
entry 402000/617868 (65.0624%)
entry 403000/617868 (65.2243%)
entry 404000/617868 (65.3861%)
entry 405000/617868 (65.548%)
entry 406000/617868 (65.7098%)
entry 407000/617868 (65.8717%)
entry 408000/617868 (66.0335%)
entry 409000/617868 (66.1954%)
entry 410000/617868 (66.3572%)
entry 411000/617868 (66.5191%)
entry 412000/617868 (66.6809%)
entry 414000/617868 (67.0046%)
entry 416000/617868 (67.3283%)
entry 418000/617868 (67.652%)
entry 419000/617868 (67.8138%)
entry 420000/617868 (67.9757%)
entry 421000/617868 (68.1375%)
entry 422000/617868 (68.2994%)
entry 425000/617868 (68.7849%)
entry 426000/617868 (68.9468%)
entry 429000/617868 (69.4323%)
entry 430000/617868 (69.5942%)
entry 432000/617868 (69.9178%)
entry 434000/617868 (70.2415%)
entry 438000/617868 (70.8889%)
entry 439000/617868 (71.0508%)
entry 440000/617868 (71.2126%)
entry 441000/617868 (71.3745%)
entry 443000/617868 (71.6982%)
entry 445000/617868 (72.0219%)
entry 447000/617868 (72.3455%)
entry 448000/617868 (72.5074%)
entry 449000/617868 (72.6692%)
entry 450000/617868 (72.8311%)
entry 451000/617868 (72.9929%)
entry 452000/617868 (73.1548%)
entry 453000/617868 (73.3166%)
entry 454000/617868 (73.4785%)
entry 456000/617868 (73.8022%)
entry 460000/617868 (74.4496%)
entry 462000/617868 (74.7733%)
entry 463000/617868 (74.9351%)
entry 464000/617868 (75.0969%)
entry 465000/617868 (75.2588%)
entry 466000/617868 (75.4206%)
entry 467000/617868 (75.5825%)
entry 468000/617868 (75.7443%)
entry 469000/617868 (75.9062%)
entry 470000/617868 (76.068%)
entry 471000/617868 (76.2299%)
entry 472000/617868 (76.3917%)
entry 473000/617868 (76.5536%)
entry 474000/617868 (76.7154%)
entry 475000/617868 (76.8773%)
entry 476000/617868 (77.0391%)
entry 477000/617868 (77.201%)
entry 479000/617868 (77.5247%)
entry 480000/617868 (77.6865%)
entry 481000/617868 (77.8483%)
entry 482000/617868 (78.0102%)
entry 483000/617868 (78.172%)
entry 485000/617868 (78.4957%)
entry 487000/617868 (78.8194%)
entry 488000/617868 (78.9813%)
entry 490000/617868 (79.305%)
entry 491000/617868 (79.4668%)
entry 492000/617868 (79.6287%)
entry 493000/617868 (79.7905%)
entry 494000/617868 (79.9524%)
entry 495000/617868 (80.1142%)
entry 496000/617868 (80.276%)
entry 497000/617868 (80.4379%)
entry 499000/617868 (80.7616%)
entry 500000/617868 (80.9234%)
entry 501000/617868 (81.0853%)
entry 503000/617868 (81.409%)
entry 504000/617868 (81.5708%)
entry 505000/617868 (81.7327%)
entry 508000/617868 (82.2182%)
entry 510000/617868 (82.5419%)
entry 512000/617868 (82.8656%)
entry 513000/617868 (83.0274%)
entry 514000/617868 (83.1893%)
entry 515000/617868 (83.3511%)
entry 516000/617868 (83.513%)
entry 517000/617868 (83.6748%)
entry 518000/617868 (83.8367%)
entry 519000/617868 (83.9985%)
entry 520000/617868 (84.1604%)
entry 521000/617868 (84.3222%)
entry 523000/617868 (84.6459%)
entry 524000/617868 (84.8078%)
entry 526000/617868 (85.1315%)
entry 528000/617868 (85.4551%)
entry 529000/617868 (85.617%)
entry 530000/617868 (85.7788%)
entry 531000/617868 (85.9407%)
entry 532000/617868 (86.1025%)
entry 534000/617868 (86.4262%)
entry 536000/617868 (86.7499%)
entry 537000/617868 (86.9118%)
entry 538000/617868 (87.0736%)
entry 539000/617868 (87.2355%)
entry 540000/617868 (87.3973%)
entry 541000/617868 (87.5592%)
entry 542000/617868 (87.721%)
entry 543000/617868 (87.8828%)
entry 545000/617868 (88.2065%)
entry 546000/617868 (88.3684%)
entry 548000/617868 (88.6921%)
entry 549000/617868 (88.8539%)
entry 552000/617868 (89.3395%)
entry 553000/617868 (89.5013%)
entry 554000/617868 (89.6632%)
entry 555000/617868 (89.825%)
entry 556000/617868 (89.9869%)
entry 557000/617868 (90.1487%)
entry 558000/617868 (90.3105%)
entry 560000/617868 (90.6342%)
entry 561000/617868 (90.7961%)
entry 562000/617868 (90.9579%)
entry 563000/617868 (91.1198%)
entry 564000/617868 (91.2816%)
entry 566000/617868 (91.6053%)
entry 567000/617868 (91.7672%)
entry 568000/617868 (91.929%)
entry 570000/617868 (92.2527%)
entry 571000/617868 (92.4146%)
entry 572000/617868 (92.5764%)
entry 573000/617868 (92.7383%)
entry 574000/617868 (92.9001%)
entry 578000/617868 (93.5475%)
entry 579000/617868 (93.7093%)
entry 580000/617868 (93.8712%)
entry 581000/617868 (94.033%)
entry 582000/617868 (94.1949%)
entry 584000/617868 (94.5186%)
entry 585000/617868 (94.6804%)
entry 586000/617868 (94.8423%)
entry 587000/617868 (95.0041%)
entry 588000/617868 (95.166%)
entry 589000/617868 (95.3278%)
entry 590000/617868 (95.4897%)
entry 592000/617868 (95.8133%)
entry 593000/617868 (95.9752%)
entry 594000/617868 (96.137%)
entry 595000/617868 (96.2989%)
entry 597000/617868 (96.6226%)
entry 598000/617868 (96.7844%)
entry 599000/617868 (96.9463%)
entry 601000/617868 (97.27%)
entry 602000/617868 (97.4318%)
entry 604000/617868 (97.7555%)
entry 605000/617868 (97.9174%)
entry 606000/617868 (98.0792%)
entry 608000/617868 (98.4029%)
entry 609000/617868 (98.5647%)
entry 610000/617868 (98.7266%)
entry 611000/617868 (98.8884%)
entry 612000/617868 (99.0503%)
entry 613000/617868 (99.2121%)
entry 614000/617868 (99.374%)
entry 615000/617868 (99.5358%)
entry 616000/617868 (99.6977%)
entry 617000/617868 (99.8595%)
all done
script done
