sphnx1154.sdcc.bnl.gov
rsyncing from /gpfs/mnt/gpfs02/sphenix/user/samfred/run25/ppg11/histmaking
running: /gpfs/mnt/gpfs02/sphenix/user/samfred/run25/ppg11/histmaking/script_data.sh 52615
LD_LIBRARY_PATH now /sphenix/user/samfred/run25/install//lib:/cvmfs/sphenix.sdcc.bnl.gov/alma9.2-gcc-14.2.0/opt/sphenix/core/gcc/14.2.0-2f0a0/x86_64-el9/lib:/cvmfs/sphenix.sdcc.bnl.gov/alma9.2-gcc-14.2.0/opt/sphenix/core/gcc/14.2.0-2f0a0/x86_64-el9/lib64:/cvmfs/sphenix.sdcc.bnl.gov/alma9.2-gcc-14.2.0/opt/sphenix/core/binutils/2.40-acaab/x86_64-el9/lib:.:/cvmfs/sphenix.sdcc.bnl.gov/alma9.2-gcc-14.2.0/release/release_new/new.10/lib64:/cvmfs/sphenix.sdcc.bnl.gov/alma9.2-gcc-14.2.0/release/release_new/new.10/lib:/cvmfs/sphenix.sdcc.bnl.gov/alma9.2-gcc-14.2.0/opt/sphenix/utils/lib:/cvmfs/sphenix.sdcc.bnl.gov/alma9.2-gcc-14.2.0/opt/sphenix/core/lib:/cvmfs/sphenix.sdcc.bnl.gov/alma9.2-gcc-14.2.0/opt/sphenix/core/root-6.32.06/lib:/cvmfs/sphenix.sdcc.bnl.gov/alma9.2-gcc-14.2.0/opt/sphenix/core/geant4.10.07.p04/lib64:/cvmfs/sphenix.sdcc.bnl.gov/alma9.2-gcc-14.2.0/opt/sphenix/core/lhapdf-5.9.1/lib:/usr/local/lib64:/usr/lib64
PATH now /sphenix/user/samfred/run25/install//bin:/cvmfs/sphenix.sdcc.bnl.gov/alma9.2-gcc-14.2.0/opt/sphenix/core/gcc/14.2.0-2f0a0/x86_64-el9/bin:/cvmfs/sphenix.sdcc.bnl.gov/alma9.2-gcc-14.2.0/opt/sphenix/core/binutils/2.40-acaab/x86_64-el9/bin:.:/cvmfs/sphenix.sdcc.bnl.gov/alma9.2-gcc-14.2.0/release/release_new/new.10/bin:/cvmfs/sphenix.sdcc.bnl.gov/alma9.2-gcc-14.2.0/opt/sphenix/utils/bin:/cvmfs/sphenix.sdcc.bnl.gov/alma9.2-gcc-14.2.0/opt/sphenix/core/bin:/cvmfs/sphenix.sdcc.bnl.gov/alma9.2-gcc-14.2.0/opt/sphenix/core/root-6.32.06/bin:/cvmfs/sphenix.sdcc.bnl.gov/alma9.2-gcc-14.2.0/opt/sphenix/core/geant4.10.07.p04/bin:/usr/local/bin:/usr/bin:/usr/local/sbin:/usr/sbin
SINGULARITY_CACHEDIR=/home/condor/local/sphnx/execute/dir_2528980
_CONDOR_CHIRP_CONFIG=/home/condor/local/sphnx/execute/dir_2528980/.chirp.config
_CONDOR_JOB_IWD=/sphenix/user/samfred/run25/ppg11/histmaking
_CONDOR_ANCESTOR_2528980=2531262:1759352738:1189371982
G4ENSDFSTATEDATA=/cvmfs/sphenix.sdcc.bnl.gov/alma9.2-gcc-14.2.0/opt/sphenix/core/geant4.10.07.p04/share/Geant4-10.7.4/data/G4ENSDFSTATE2.3
_CONDOR_MACHINE_AD=/home/condor/local/sphnx/execute/dir_2528980/.machine.ad
ROOT_MAX_THREADS=1
NUMEXPR_NUM_THREADS=1
CUBACORES=1
_CHIRP_DELAYED_UPDATE_PREFIX=Chirp*
OMP_THREAD_LIMIT=1
G4PIIDATA=/cvmfs/sphenix.sdcc.bnl.gov/alma9.2-gcc-14.2.0/opt/sphenix/core/geant4.10.07.p04/share/Geant4-10.7.4/data/G4PII1.3
NO_AT_BRIDGE=1
G4_MAIN=/cvmfs/sphenix.sdcc.bnl.gov/alma9.2-gcc-14.2.0/opt/sphenix/core/geant4.10.07.p04
COMPILER_PATH=/cvmfs/sphenix.sdcc.bnl.gov/alma9.2-gcc-14.2.0/opt/sphenix/core/gcc/14.2.0-2f0a0/x86_64-el9
ROOT_INCLUDE_PATH=./:/sphenix/user/samfred/run25/install//include:/sphenix/user/samfred/run25/install//include/caloana:/sphenix/user/samfred/run25/install//include/qa_centrality:/sphenix/user/samfred/run25/install//include/mbdana:/sphenix/user/samfred/run25/install//include/centrality:/sphenix/user/samfred/run25/install//include/Event:/cvmfs/sphenix.sdcc.bnl.gov/alma9.2-gcc-14.2.0/release/release_new/new.10/include:/cvmfs/sphenix.sdcc.bnl.gov/alma9.2-gcc-14.2.0/release/release_new/new.10/include:/cvmfs/sphenix.sdcc.bnl.gov/alma9.2-gcc-14.2.0/release/release_new/new.10/include/g4mbd:/cvmfs/sphenix.sdcc.bnl.gov/alma9.2-gcc-14.2.0/release/release_new/new.10/include/fmt:/cvmfs/sphenix.sdcc.bnl.gov/alma9.2-gcc-14.2.0/release/release_new/new.10/include/ffarawobjects:/cvmfs/sphenix.sdcc.bnl.gov/alma9.2-gcc-14.2.0/release/release_new/new.10/include/JSON:/cvmfs/sphenix.sdcc.bnl.gov/alma9.2-gcc-14.2.0/release/release_new/new.10/include/calotreegen:/cvmfs/sphenix.sdcc.bnl.gov/alma9.2-gcc-14.2.0/release/release_new/new.10/include/torch:/cvmfs/sphenix.sdcc.bnl.gov/alma9.2-gcc-14.2.0/release/release_new/new.10/include/g4detectors:/cvmfs/sphenix.sdcc.bnl.gov/alma9.2-gcc-14.2.0/release/release_new/new.10/include/kineto:/cvmfs/sphenix.sdcc.bnl.gov/alma9.2-gcc-14.2.0/release/release_new/new.10/include/g4decayer:/cvmfs/sphenix.sdcc.bnl.gov/alma9.2-gcc-14.2.0/release/release_new/new.10/include/kfparticleqa:/cvmfs/sphenix.sdcc.bnl.gov/alma9.2-gcc-14.2.0/release/release_new/new.10/include/phfield:/cvmfs/sphenix.sdcc.bnl.gov/alma9.2-gcc-14.2.0/release/release_new/new.10/include/LHAPDF:/cvmfs/sphenix.sdcc.bnl.gov/alma9.2-gcc-14.2.0/release/release_new/new.10/include/readdigitalcurrents:/cvmfs/sphenix.sdcc.bnl.gov/alma9.2-gcc-14.2.0/release/release_new/new.10/include/c10:/cvmfs/sphenix.sdcc.bnl.gov/alma9.2-gcc-14.2.0/release/release_new/new.10/include/calovalid:/cvmfs/sphenix.sdcc.bnl.gov/alma9.2-gcc-14.2.0/release/release_new/new.10/include/oneapi:/cvmfs/sphenix.sdcc.bnl.gov/alma9.2-gcc-14.2.0/release/release_new/new.10/include/DDCond:/cvmfs/sphenix.sdcc.bnl.gov/alma9.2-gcc-14.2.0/release/release_new/new.10/include/g4tracking:/cvmfs/sphenix.sdcc.bnl.gov/alma9.2-gcc-14.2.0/release/release_new/new.10/include/litecaloeval:/cvmfs/sphenix.sdcc.bnl.gov/alma9.2-gcc-14.2.0/release/release_new/new.10/include/g4intt:/cvmfs/sphenix.sdcc.bnl.gov/alma9.2-gcc-14.2.0/release/release_new/new.10/include/phool:/cvmfs/sphenix.sdcc.bnl.gov/alma9.2-gcc-14.2.0/release/release_new/new.10/include/boost:/cvmfs/sphenix.sdcc.bnl.gov/alma9.2-gcc-14.2.0/release/release_new/new.10/include/Pythia8Plugins:/cvmfs/sphenix.sdcc.bnl.gov/alma9.2-gcc-14.2.0/release/release_new/new.10/include/calib_emc_pi0:/cvmfs/sphenix.sdcc.bnl.gov/alma9.2-gcc-14.2.0/release/release_new/new.10/include/hijingflipafterburner:/cvmfs/sphenix.sdcc.bnl.gov/alma9.2-gcc-14.2.0/release/release_new/new.10/include/ffaobjects:/cvmfs/sphenix.sdcc.bnl.gov/alma9.2-gcc-14.2.0/release/release_new/new.10/include/EvtGenBase:/cvmfs/sphenix.sdcc.bnl.gov/alma9.2-gcc-14.2.0/release/release_new/new.10/include/flowafterburner:/cvmfs/sphenix.sdcc.bnl.gov/alma9.2-gcc-14.2.0/release/release_new/new.10/include/google:/cvmfs/sphenix.sdcc.bnl.gov/alma9.2-gcc-14.2.0/release/release_new/new.10/include/g4tpc:/cvmfs/sphenix.sdcc.bnl.gov/alma9.2-gcc-14.2.0/release/release_new/new.10/include/caffe2:/cvmfs/sphenix.sdcc.bnl.gov/alma9.2-gcc-14.2.0/release/release_new/new.10/include/EvtGenExternal:/cvmfs/sphenix.sdcc.bnl.gov/alma9.2-gcc-14.2.0/release/release_new/new.10/include/fp16:/cvmfs/sphenix.sdcc.bnl.gov/alma9.2-gcc-14.2.0/release/release_new/new.10/include/ffamodules:/cvmfs/sphenix.sdcc.bnl.gov/alma9.2-gcc-14.2.0/release/release_new/new.10/include/uspin:/cvmfs/sphenix.sdcc.bnl.gov/alma9.2-gcc-14.2.0/release/release_new/new.10/include/Herwig:/cvmfs/sphenix.sdcc.bnl.gov/alma9.2-gcc-14.2.0/release/release_new/new.10/include/genfitexp:/cvmfs/sphenix.sdcc.bnl.gov/alma9.2-gcc-14.2.0/release/release_new/new.10/include/XML:/cvmfs/sphenix.sdcc.bnl.gov/alma9.2-gcc-14.2.0/release/release_new/new.10/include/fbgemm:/cvmfs/sphenix.sdcc.bnl.gov/alma9.2-gcc-14.2.0/release/release_new/new.10/include/DDAlign:/cvmfs/sphenix.sdcc.bnl.gov/alma9.2-gcc-14.2.0/release/release_new/new.10/include/g4mvtx:/cvmfs/sphenix.sdcc.bnl.gov/alma9.2-gcc-14.2.0/release/release_new/new.10/include/kfparticle_sphenix:/cvmfs/sphenix.sdcc.bnl.gov/alma9.2-gcc-14.2.0/release/release_new/new.10/include/fun4all:/cvmfs/sphenix.sdcc.bnl.gov/alma9.2-gcc-14.2.0/release/release_new/new.10/include/intt:/cvmfs/sphenix.sdcc.bnl.gov/alma9.2-gcc-14.2.0/release/release_new/new.10/include/eventdisplay:/cvmfs/sphenix.sdcc.bnl.gov/alma9.2-gcc-14.2.0/release/release_new/new.10/include/EvtGen:/cvmfs/sphenix.sdcc.bnl.gov/alma9.2-gcc-14.2.0/release/release_new/new.10/include/Evaluator:/cvmfs/sphenix.sdcc.bnl.gov/alma9.2-gcc-14.2.0/release/release_new/new.10/include/tpc:/cvmfs/sphenix.sdcc.bnl.gov/alma9.2-gcc-14.2.0/release/release_new/new.10/include/GenFit:/cvmfs/sphenix.sdcc.bnl.gov/alma9.2-gcc-14.2.0/release/release_new/new.10/include/prototype4:/cvmfs/sphenix.sdcc.bnl.gov/alma9.2-gcc-14.2.0/release/release_new/new.10/include/caloembedding:/cvmfs/sphenix.sdcc.bnl.gov/alma9.2-gcc-14.2.0/release/release_new/new.10/include/EvtGenModels:/cvmfs/sphenix.sdcc.bnl.gov/alma9.2-gcc-14.2.0/release/release_new/new.10/include/fastjet:/cvmfs/sphenix.sdcc.bnl.gov/alma9.2-gcc-14.2.0/release/release_new/new.10/include/DDG4:/cvmfs/sphenix.sdcc.bnl.gov/alma9.2-gcc-14.2.0/release/release_new/new.10/include/mbd:/cvmfs/sphenix.sdcc.bnl.gov/alma9.2-gcc-14.2.0/release/release_new/new.10/include/tbb:/cvmfs/sphenix.sdcc.bnl.gov/alma9.2-gcc-14.2.0/release/release_new/new.10/include/phgeom:/cvmfs/sphenix.sdcc.bnl.gov/alma9.2-gcc-14.2.0/release/release_new/new.10/include/g4epd:/cvmfs/sphenix.sdcc.bnl.gov/alma9.2-gcc-14.2.0/release/release_new/new.10/include/oncal:/cvmfs/sphenix.sdcc.bnl.gov/alma9.2-gcc-14.2.0/release/release_new/new.10/include/pybind11:/cvmfs/sphenix.sdcc.bnl.gov/alma9.2-gcc-14.2.0/release/release_new/new.10/include/tpcdistgenerator:/cvmfs/sphenix.sdcc.bnl.gov/alma9.2-gcc-14.2.0/release/release_new/new.10/include/cdbobjects:/cvmfs/sphenix.sdcc.bnl.gov/alma9.2-gcc-14.2.0/release/release_new/new.10/include/g4micromegas:/cvmfs/sphenix.sdcc.bnl.gov/alma9.2-gcc-14.2.0/release/release_new/new.10/include/g4eval:/cvmfs/sphenix.sdcc.bnl.gov/alma9.2-gcc-14.2.0/release/release_new/new.10/include/jetbackground:/cvmfs/sphenix.sdcc.bnl.gov/alma9.2-gcc-14.2.0/release/release_new/new.10/include/micromegas:/cvmfs/sphenix.sdcc.bnl.gov/alma9.2-gcc-14.2.0/release/release_new/new.10/include/hftrackefficiency:/cvmfs/sphenix.sdcc.bnl.gov/alma9.2-gcc-14.2.0/release/release_new/new.10/include/inttrawhitqa:/cvmfs/sphenix.sdcc.bnl.gov/alma9.2-gcc-14.2.0/release/release_new/new.10/include/centrality:/cvmfs/sphenix.sdcc.bnl.gov/alma9.2-gcc-14.2.0/release/release_new/new.10/include/epd:/cvmfs/sphenix.sdcc.bnl.gov/alma9.2-gcc-14.2.0/release/release_new/new.10/include/caloreco:/cvmfs/sphenix.sdcc.bnl.gov/alma9.2-gcc-14.2.0/release/release_new/new.10/include/HepMC:/cvmfs/sphenix.sdcc.bnl.gov/alma9.2-gcc-14.2.0/release/release_new/new.10/include/CLHEP:/cvmfs/sphenix.sdcc.bnl.gov/alma9.2-gcc-14.2.0/release/release_new/new.10/include/Acts:/cvmfs/sphenix.sdcc.bnl.gov/alma9.2-gcc-14.2.0/release/release_new/new.10/include/g4histos:/cvmfs/sphenix.sdcc.bnl.gov/alma9.2-gcc-14.2.0/release/release_new/new.10/include/eventplaneinfo:/cvmfs/sphenix.sdcc.bnl.gov/alma9.2-gcc-14.2.0/release/release_new/new.10/include/fillspacechargemaps:/cvmfs/sphenix.sdcc.bnl.gov/alma9.2-gcc-14.2.0/release/release_new/new.10/include/phhepmc:/cvmfs/sphenix.sdcc.bnl.gov/alma9.2-gcc-14.2.0/release/release_new/new.10/include/trackingqa:/cvmfs/sphenix.sdcc.bnl.gov/alma9.2-gcc-14.2.0/release/release_new/new.10/include/qautils:/cvmfs/sphenix.sdcc.bnl.gov/alma9.2-gcc-14.2.0/release/release_new/new.10/include/trackreco:/cvmfs/sphenix.sdcc.bnl.gov/alma9.2-gcc-14.2.0/release/release_new/new.10/include/g4ohcal:/cvmfs/sphenix.sdcc.bnl.gov/alma9.2-gcc-14.2.0/release/release_new/new.10/include/tpcdvcalib:/cvmfs/sphenix.sdcc.bnl.gov/alma9.2-gcc-14.2.0/release/release_new/new.10/include/zdcinfo:/cvmfs/sphenix.sdcc.bnl.gov/alma9.2-gcc-14.2.0/release/release_new/new.10/include/phpythia8:/cvmfs/sphenix.sdcc.bnl.gov/alma9.2-gcc-14.2.0/release/release_new/new.10/include/fun4allutils:/cvmfs/sphenix.sdcc.bnl.gov/alma9.2-gcc-14.2.0/release/release_new/new.10/include/tpcqa:/cvmfs/sphenix.sdcc.bnl.gov/alma9.2-gcc-14.2.0/release/release_new/new.10/include/Pythia8:/cvmfs/sphenix.sdcc.bnl.gov/alma9.2-gcc-14.2.0/release/release_new/new.10/include/DDRec:/cvmfs/sphenix.sdcc.bnl.gov/alma9.2-gcc-14.2.0/release/release_new/new.10/include/DDDigi:/cvmfs/sphenix.sdcc.bnl.gov/alma9.2-gcc-14.2.0/release/release_new/new.10/include/g4ihcal:/cvmfs/sphenix.sdcc.bnl.gov/alma9.2-gcc-14.2.0/release/release_new/new.10/include/frog:/cvmfs/sphenix.sdcc.bnl.gov/alma9.2-gcc-14.2.0/release/release_new/new.10/include/eigen3:/cvmfs/sphenix.sdcc.bnl.gov/alma9.2-gcc-14.2.0/release/release_new/new.10/include/tensorpipe:/cvmfs/sphenix.sdcc.bnl.gov/alma9.2-gcc-14.2.0/release/release_new/new.10/include/sphenixnpc:/cvmfs/sphenix.sdcc.bnl.gov/alma9.2-gcc-14.2.0/release/release_new/new.10/include/siscone:/cvmfs/sphenix.sdcc.bnl.gov/alma9.2-gcc-14.2.0/release/release_new/new.10/include/pmonitor:/cvmfs/sphenix.sdcc.bnl.gov/alma9.2-gcc-14.2.0/release/release_new/new.10/include/calobase:/cvmfs/sphenix.sdcc.bnl.gov/alma9.2-gcc-14.2.0/release/release_new/new.10/include/ActsExamples:/cvmfs/sphenix.sdcc.bnl.gov/alma9.2-gcc-14.2.0/release/release_new/new.10/include/g4gdml:/cvmfs/sphenix.sdcc.bnl.gov/alma9.2-gcc-14.2.0/release/release_new/new.10/include/mvtx_decoder:/cvmfs/sphenix.sdcc.bnl.gov/alma9.2-gcc-14.2.0/release/release_new/new.10/include/ROOT:/cvmfs/sphenix.sdcc.bnl.gov/alma9.2-gcc-14.2.0/release/release_new/new.10/include/phparameter:/cvmfs/sphenix.sdcc.bnl.gov/alma9.2-gcc-14.2.0/release/release_new/new.10/include/rsa:/cvmfs/sphenix.sdcc.bnl.gov/alma9.2-gcc-14.2.0/release/release_new/new.10/include/fun4allraw:/cvmfs/sphenix.sdcc.bnl.gov/alma9.2-gcc-14.2.0/release/release_new/new.10/include/trackbase_historic:/cvmfs/sphenix.sdcc.bnl.gov/alma9.2-gcc-14.2.0/release/release_new/new.10/include/g4jets:/cvmfs/sphenix.sdcc.bnl.gov/alma9.2-gcc-14.2.0/release/release_new/new.10/include/jetqa:/cvmfs/sphenix.sdcc.bnl.gov/alma9.2-gcc-14.2.0/release/release_new/new.10/include/phoolraw:/cvmfs/sphenix.sdcc.bnl.gov/alma9.2-gcc-14.2.0/release/release_new/new.10/include/g4calo:/cvmfs/sphenix.sdcc.bnl.gov/alma9.2-gcc-14.2.0/release/release_new/new.10/include/mvtxrawhitqa:/cvmfs/sphenix.sdcc.bnl.gov/alma9.2-gcc-14.2.0/release/release_new/new.10/include/HepMC3:/cvmfs/sphenix.sdcc.bnl.gov/alma9.2-gcc-14.2.0/release/release_new/new.10/include/calowaveformsim:/cvmfs/sphenix.sdcc.bnl.gov/alma9.2-gcc-14.2.0/release/release_new/new.10/include/g4caloprototype:/cvmfs/sphenix.sdcc.bnl.gov/alma9.2-gcc-14.2.0/release/release_new/new.10/include/pdbcalbase:/cvmfs/sphenix.sdcc.bnl.gov/alma9.2-gcc-14.2.0/release/release_new/new.10/include/gsl:/cvmfs/sphenix.sdcc.bnl.gov/alma9.2-gcc-14.2.0/release/release_new/new.10/include/nodedump:/cvmfs/sphenix.sdcc.bnl.gov/alma9.2-gcc-14.2.0/release/release_new/new.10/include/emcnoisytowerfinder:/cvmfs/sphenix.sdcc.bnl.gov/alma9.2-gcc-14.2.0/release/release_new/new.10/include/ActsFatras:/cvmfs/sphenix.sdcc.bnl.gov/alma9.2-gcc-14.2.0/release/release_new/new.10/include/ffarawmodules:/cvmfs/sphenix.sdcc.bnl.gov/alma9.2-gcc-14.2.0/release/release_new/new.10/include/Event:/cvmfs/sphenix.sdcc.bnl.gov/alma9.2-gcc-14.2.0/release/release_new/new.10/include/prototype3:/cvmfs/sphenix.sdcc.bnl.gov/alma9.2-gcc-14.2.0/release/release_new/new.10/include/fermimotionafterburner:/cvmfs/sphenix.sdcc.bnl.gov/alma9.2-gcc-14.2.0/release/release_new/new.10/include/Photos:/cvmfs/sphenix.sdcc.bnl.gov/alma9.2-gcc-14.2.0/release/release_new/new.10/include/xingshiftcal:/cvmfs/sphenix.sdcc.bnl.gov/alma9.2-gcc-14.2.0/release/release_new/new.10/include/trackbase:/cvmfs/sphenix.sdcc.bnl.gov/alma9.2-gcc-14.2.0/release/release_new/new.10/include/jetdstskimmer:/cvmfs/sphenix.sdcc.bnl.gov/alma9.2-gcc-14.2.0/release/release_new/new.10/include/clusteriso:/cvmfs/sphenix.sdcc.bnl.gov/alma9.2-gcc-14.2.0/release/release_new/new.10/include/asmjit:/cvmfs/sphenix.sdcc.bnl.gov/alma9.2-gcc-14.2.0/release/release_new/new.10/include/particleflowreco:/cvmfs/sphenix.sdcc.bnl.gov/alma9.2-gcc-14.2.0/release/release_new/new.10/include/tpchittrackdisplay:/cvmfs/sphenix.sdcc.bnl.gov/alma9.2-gcc-14.2.0/release/release_new/new.10/include/caloana:/cvmfs/sphenix.sdcc.bnl.gov/alma9.2-gcc-14.2.0/release/release_new/new.10/include/calotrigger:/cvmfs/sphenix.sdcc.bnl.gov/alma9.2-gcc-14.2.0/release/release_new/new.10/include/nopayloadclient:/cvmfs/sphenix.sdcc.bnl.gov/alma9.2-gcc-14.2.0/release/release_new/new.10/include/trackermillepedealignment:/cvmfs/sphenix.sdcc.bnl.gov/alma9.2-gcc-14.2.0/release/release_new/new.10/include/DD4hep:/cvmfs/sphenix.sdcc.bnl.gov/alma9.2-gcc-14.2.0/release/release_new/new.10/include/g4trackfastsim:/cvmfs/sphenix.sdcc.bnl.gov/alma9.2-gcc-14.2.0/release/release_new/new.10/include/prototype2:/cvmfs/sphenix.sdcc.bnl.gov/alma9.2-gcc-14.2.0/release/release_new/new.10/include/ATen:/cvmfs/sphenix.sdcc.bnl.gov/alma9.2-gcc-14.2.0/release/release_new/new.10/include/g4main:/cvmfs/sphenix.sdcc.bnl.gov/alma9.2-gcc-14.2.0/release/release_new/new.10/include/Tauola:/cvmfs/sphenix.sdcc.bnl.gov/alma9.2-gcc-14.2.0/release/release_new/new.10/include/inttcalib:/cvmfs/sphenix.sdcc.bnl.gov/alma9.2-gcc-14.2.0/release/release_new/new.10/include/reactionplaneafterburner:/cvmfs/sphenix.sdcc.bnl.gov/alma9.2-gcc-14.2.0/release/release_new/new.10/include/globalqa:/cvmfs/sphenix.sdcc.bnl.gov/alma9.2-gcc-14.2.0/release/release_new/new.10/include/tpccalib:/cvmfs/sphenix.sdcc.bnl.gov/alma9.2-gcc-14.2.0/release/release_new/new.10/include/DDSegmentation:/cvmfs/sphenix.sdcc.bnl.gov/alma9.2-gcc-14.2.0/release/release_new/new.10/include/decayfinder:/cvmfs/sphenix.sdcc.bnl.gov/alma9.2-gcc-14.2.0/release/release_new/new.10/include/compressclus:/cvmfs/sphenix.sdcc.bnl.gov/alma9.2-gcc-14.2.0/release/release_new/new.10/include/simqa_modules:/cvmfs/sphenix.sdcc.bnl.gov/alma9.2-gcc-14.2.0/release/release_new/new.10/include/resonancejettagging:/cvmfs/sphenix.sdcc.bnl.gov/alma9.2-gcc-14.2.0/release/release_new/new.10/include/g4centrality:/cvmfs/sphenix.sdcc.bnl.gov/alma9.2-gcc-14.2.0/release/release_new/new.10/include/mvtx:/cvmfs/sphenix.sdcc.bnl.gov/alma9.2-gcc-14.2.0/release/release_new/new.10/include/nlohmann:/cvmfs/sphenix.sdcc.bnl.gov/alma9.2-gcc-14.2.0/release/release_new/new.10/include/localpoloffmon:/cvmfs/sphenix.sdcc.bnl.gov/alma9.2-gcc-14.2.0/release/release_new/new.10/include/DDEve:/cvmfs/sphenix.sdcc.bnl.gov/alma9.2-gcc-14.2.0/release/release_new/new.10/include/Parsers:/cvmfs/sphenix.sdcc.bnl.gov/alma9.2-gcc-14.2.0/release/release_new/new.10/include/trackingdiagnostics:/cvmfs/sphenix.sdcc.bnl.gov/alma9.2-gcc-14.2.0/release/release_new/new.10/include/g4vertex:/cvmfs/sphenix.sdcc.bnl.gov/alma9.2-gcc-14.2.0/release/release_new/new.10/include/jetbase:/cvmfs/sphenix.sdcc.bnl.gov/alma9.2-gcc-14.2.0/release/release_new/new.10/include/globalvertex:/cvmfs/sphenix.sdcc.bnl.gov/alma9.2-gcc-14.2.0/release/release_new/new.10/include/phgenfit:/cvmfs/sphenix.sdcc.bnl.gov/alma9.2-gcc-14.2.0/release/release_new/new.10/include/rawbcolumi:/cvmfs/sphenix.sdcc.bnl.gov/alma9.2-gcc-14.2.0/release/release_new/new.10/include/eicsmear:/cvmfs/sphenix.sdcc.bnl.gov/alma9.2-gcc-14.2.0/release/release_new/new.10/include/mvtxcalib:/cvmfs/sphenix.sdcc.bnl.gov/alma9.2-gcc-14.2.0/release/release_new/new.10/include/tpclinelaserdiode:/cvmfs/sphenix.sdcc.bnl.gov/alma9.2-gcc-14.2.0/release/release_new/new.10/include/hepmcjettrigger:/cvmfs/sphenix.sdcc.bnl.gov/alma9.2-gcc-14.2.0/release/release_new/new.10/include/core:/cvmfs/sphenix.sdcc.bnl.gov/alma9.2-gcc-14.2.0/release/release_new/new.10/include/calo_cdb:/cvmfs/sphenix.sdcc.bnl.gov/alma9.2-gcc-14.2.0/release/release_new/new.10/include/mvtxclustershapesqa:/cvmfs/sphenix.sdcc.bnl.gov/alma9.2-gcc-14.2.0/release/release_new/new.10/include/calopacketskimmer:/cvmfs/sphenix.sdcc.bnl.gov/alma9.2-gcc-14.2.0/opt/sphenix/core/geant4.10.07.p04/include:/cvmfs/sphenix.sdcc.bnl.gov/alma9.2-gcc-14.2.0/release/release_new/new.10/rootmacros:/cvmfs/sphenix.sdcc.bnl.gov/alma9.2-gcc-14.2.0/opt/sphenix/core/include
GSEARCHPATH=.:PG:LUSTRE:RAWDATA
PWD=/gpfs/mnt/gpfs02/sphenix/user/samfred/run25/ppg11/histmaking
LOGNAME=samfred
_CONDOR_JOB_AD=/home/condor/local/sphnx/execute/dir_2528980/.job.ad
MANPATH=/cvmfs/sphenix.sdcc.bnl.gov/alma9.2-gcc-14.2.0/opt/sphenix/core/gcc/14.2.0-2f0a0/x86_64-el9/share/man:/cvmfs/sphenix.sdcc.bnl.gov/alma9.2-gcc-14.2.0/opt/sphenix/core/binutils/2.40-acaab/x86_64-el9/share/man:/cvmfs/sphenix.sdcc.bnl.gov/alma9.2-gcc-14.2.0/release/release_new/new.10/share/man:/cvmfs/sphenix.sdcc.bnl.gov/alma9.2-gcc-14.2.0/opt/sphenix/utils/share/man:/cvmfs/sphenix.sdcc.bnl.gov/alma9.2-gcc-14.2.0/opt/sphenix/core/share/man:/cvmfs/sphenix.sdcc.bnl.gov/alma9.2-gcc-14.2.0/opt/sphenix/core/root-6.32.06/man:/usr/local/share/man:/usr/share/man
PYTHIA8=/cvmfs/sphenix.sdcc.bnl.gov/alma9.2-gcc-14.2.0/release/release_new/new.10/share/Pythia8
G4INCLDATA=/cvmfs/sphenix.sdcc.bnl.gov/alma9.2-gcc-14.2.0/opt/sphenix/core/geant4.10.07.p04/share/Geant4-10.7.4/data/G4INCL1.0
ORIG_PATH=/usr/local/bin:/usr/bin
CXX=/cvmfs/sphenix.sdcc.bnl.gov/alma9.2-gcc-14.2.0/opt/sphenix/core/gcc/14.2.0-2f0a0/x86_64-el9/bin/g++
G4LEDATA=/cvmfs/sphenix.sdcc.bnl.gov/alma9.2-gcc-14.2.0/opt/sphenix/core/geant4.10.07.p04/share/Geant4-10.7.4/data/G4EMLOW7.13
PYTHON_CPU_COUNT=1
OPENBLAS_NUM_THREADS=1
_CONDOR_BIN=/usr/bin
HOME=/sphenix/u/samfred
G4PARTICLEXSDATA=/cvmfs/sphenix.sdcc.bnl.gov/alma9.2-gcc-14.2.0/opt/sphenix/core/geant4.10.07.p04/share/Geant4-10.7.4/data/G4PARTICLEXS3.1.1
ONLINE_MAIN=/cvmfs/sphenix.sdcc.bnl.gov/alma9.2-gcc-14.2.0/release/release_new/new.10
CALIBRATIONROOT=/cvmfs/sphenix.sdcc.bnl.gov/alma9.2-gcc-14.2.0/release/release_new/new.10/share/calibrations
TMPDIR=/tmp
_CONDOR_SCRATCH_DIR=/home/condor/local/sphnx/execute/dir_2528980
PGUSER=phnxrc
NOPAYLOADCLIENT_CONF=/cvmfs/sphenix.sdcc.bnl.gov/alma9.2-gcc-14.2.0/opt/sphenix/core/etc/sPHENIX_newcdb.json
XERCESCROOT=/cvmfs/sphenix.sdcc.bnl.gov/alma9.2-gcc-14.2.0/opt/sphenix/core/geant4.10.07.p04
LHAPATH=/cvmfs/sphenix.sdcc.bnl.gov/alma9.2-gcc-14.2.0/opt/sphenix/core/lhapdf-5.9.1/share/lhapdf/PDFsets
G4NEUTRONHPDATA=/cvmfs/sphenix.sdcc.bnl.gov/alma9.2-gcc-14.2.0/opt/sphenix/core/geant4.10.07.p04/share/Geant4-10.7.4/data/G4NDL4.6
PYTHONPATH=.:/cvmfs/sphenix.sdcc.bnl.gov/alma9.2-gcc-14.2.0/release/release_new/new.10/lib/python3.13/site-packages:/cvmfs/sphenix.sdcc.bnl.gov/alma9.2-gcc-14.2.0/opt/sphenix/core/lib/python3.13/site-packages:/cvmfs/sphenix.sdcc.bnl.gov/alma9.2-gcc-14.2.0/opt/sphenix/core/root-6.32.06/lib
USER=samfred
_CONDOR_JOB_PIDS=
TEMP=/tmp
GOMAXPROCS=1
OFFLINE_MAIN=/cvmfs/sphenix.sdcc.bnl.gov/alma9.2-gcc-14.2.0/release/release_new/new.10
SHLVL=1
TF_NUM_THREADS=1
G4SAIDXSDATA=/cvmfs/sphenix.sdcc.bnl.gov/alma9.2-gcc-14.2.0/opt/sphenix/core/geant4.10.07.p04/share/Geant4-10.7.4/data/G4SAIDDATA2.0
APPTAINER_CACHEDIR=/home/condor/local/sphnx/execute/dir_2528980
_CONDOR_ANCESTOR_282513=2528980:1759352738:4147734368
ROOTSYS=/cvmfs/sphenix.sdcc.bnl.gov/alma9.2-gcc-14.2.0/opt/sphenix/core/root-6.32.06
BATCH_SYSTEM=HTCondor
_CONDOR_SLOT=slot1_51
LD_LIBRARY_PATH=/sphenix/user/samfred/run25/install//lib:/cvmfs/sphenix.sdcc.bnl.gov/alma9.2-gcc-14.2.0/opt/sphenix/core/gcc/14.2.0-2f0a0/x86_64-el9/lib:/cvmfs/sphenix.sdcc.bnl.gov/alma9.2-gcc-14.2.0/opt/sphenix/core/gcc/14.2.0-2f0a0/x86_64-el9/lib64:/cvmfs/sphenix.sdcc.bnl.gov/alma9.2-gcc-14.2.0/opt/sphenix/core/binutils/2.40-acaab/x86_64-el9/lib:.:/cvmfs/sphenix.sdcc.bnl.gov/alma9.2-gcc-14.2.0/release/release_new/new.10/lib64:/cvmfs/sphenix.sdcc.bnl.gov/alma9.2-gcc-14.2.0/release/release_new/new.10/lib:/cvmfs/sphenix.sdcc.bnl.gov/alma9.2-gcc-14.2.0/opt/sphenix/utils/lib:/cvmfs/sphenix.sdcc.bnl.gov/alma9.2-gcc-14.2.0/opt/sphenix/core/lib:/cvmfs/sphenix.sdcc.bnl.gov/alma9.2-gcc-14.2.0/opt/sphenix/core/root-6.32.06/lib:/cvmfs/sphenix.sdcc.bnl.gov/alma9.2-gcc-14.2.0/opt/sphenix/core/geant4.10.07.p04/lib64:/cvmfs/sphenix.sdcc.bnl.gov/alma9.2-gcc-14.2.0/opt/sphenix/core/lhapdf-5.9.1/lib:/usr/local/lib64:/usr/lib64
OPT_SPHENIX=/cvmfs/sphenix.sdcc.bnl.gov/alma9.2-gcc-14.2.0/opt/sphenix/core
TF_LOOP_PARALLEL_ITERATIONS=1
EVT_LIB=/cvmfs/sphenix.sdcc.bnl.gov/alma9.2-gcc-14.2.0/opt/sphenix/core/root-6.32.06/lib
PGHOST=sphnxdbmaster.sdcc.bnl.gov
OMP_NUM_THREADS=1
G4REALSURFACEDATA=/cvmfs/sphenix.sdcc.bnl.gov/alma9.2-gcc-14.2.0/opt/sphenix/core/geant4.10.07.p04/share/Geant4-10.7.4/data/RealSurface2.2
FC=/cvmfs/sphenix.sdcc.bnl.gov/alma9.2-gcc-14.2.0/opt/sphenix/core/gcc/14.2.0-2f0a0/x86_64-el9/bin/gfortran
G4ABLADATA=/cvmfs/sphenix.sdcc.bnl.gov/alma9.2-gcc-14.2.0/opt/sphenix/core/geant4.10.07.p04/share/Geant4-10.7.4/data/G4ABLA3.1
_CONDOR_ANCESTOR_282478=282513:1756523324:2463409703
PARASOFT=doesnotexist
TMP=/tmp
OPT_UTILS=/cvmfs/sphenix.sdcc.bnl.gov/alma9.2-gcc-14.2.0/opt/sphenix/utils
CONFIG_SITE=/cvmfs/sphenix.sdcc.bnl.gov/alma9.2-gcc-14.2.0/opt/sphenix/core/etc/config.site
PATH=/sphenix/user/samfred/run25/install//bin:/cvmfs/sphenix.sdcc.bnl.gov/alma9.2-gcc-14.2.0/opt/sphenix/core/gcc/14.2.0-2f0a0/x86_64-el9/bin:/cvmfs/sphenix.sdcc.bnl.gov/alma9.2-gcc-14.2.0/opt/sphenix/core/binutils/2.40-acaab/x86_64-el9/bin:.:/cvmfs/sphenix.sdcc.bnl.gov/alma9.2-gcc-14.2.0/release/release_new/new.10/bin:/cvmfs/sphenix.sdcc.bnl.gov/alma9.2-gcc-14.2.0/opt/sphenix/utils/bin:/cvmfs/sphenix.sdcc.bnl.gov/alma9.2-gcc-14.2.0/opt/sphenix/core/bin:/cvmfs/sphenix.sdcc.bnl.gov/alma9.2-gcc-14.2.0/opt/sphenix/core/root-6.32.06/bin:/cvmfs/sphenix.sdcc.bnl.gov/alma9.2-gcc-14.2.0/opt/sphenix/core/geant4.10.07.p04/bin:/usr/local/bin:/usr/bin:/usr/local/sbin:/usr/sbin
G4LEVELGAMMADATA=/cvmfs/sphenix.sdcc.bnl.gov/alma9.2-gcc-14.2.0/opt/sphenix/core/geant4.10.07.p04/share/Geant4-10.7.4/data/PhotonEvaporation5.7
CC=/cvmfs/sphenix.sdcc.bnl.gov/alma9.2-gcc-14.2.0/opt/sphenix/core/gcc/14.2.0-2f0a0/x86_64-el9/bin/gcc
G4RADIOACTIVEDATA=/cvmfs/sphenix.sdcc.bnl.gov/alma9.2-gcc-14.2.0/opt/sphenix/core/geant4.10.07.p04/share/Geant4-10.7.4/data/RadioactiveDecay5.6
JULIA_NUM_THREADS=1
MKL_NUM_THREADS=1
LHAPDF_DATA_PATH=/cvmfs/sphenix.sdcc.bnl.gov/alma9.2-gcc-14.2.0/release/release_new/new.10/share/LHAPDF
XPLOAD_CONFIG_DIR=/cvmfs/sphenix.sdcc.bnl.gov/alma9.2-gcc-14.2.0/opt/sphenix/core/etc
OLDPWD=/cvmfs/sphenix.sdcc.bnl.gov/alma9.2-gcc-14.2.0/release/release_new/new.10/geant4
_=/usr/bin/printenv
runnumber...
52615
trigger...

   ------------------------------------------------------------------
  | Welcome to ROOT 6.32.06                        https://root.cern |
  | (c) 1995-2024, The ROOT Team; conception: R. Brun, F. Rademakers |
  | Built for linuxx8664gcc on Dec 13 2024, 17:23:48                 |
  | From tags/6-32-06@6-32-06                                        |
  | With g++ (GCC) 14.2.0                                            |
  | Try '.help'/'.?', '.demo', '.license', '.credits', '.quit'/'.q'  |
   ------------------------------------------------------------------


Processing data_histmaker.C(52615)...
entry 1000/1372621 (0.0728533%)
entry 2000/1372621 (0.145707%)
entry 4000/1372621 (0.291413%)
entry 5000/1372621 (0.364267%)
entry 7000/1372621 (0.509973%)
entry 8000/1372621 (0.582827%)
entry 9000/1372621 (0.65568%)
entry 10000/1372621 (0.728533%)
entry 12000/1372621 (0.87424%)
entry 13000/1372621 (0.947093%)
entry 16000/1372621 (1.16565%)
entry 18000/1372621 (1.31136%)
entry 19000/1372621 (1.38421%)
entry 20000/1372621 (1.45707%)
entry 22000/1372621 (1.60277%)
entry 24000/1372621 (1.74848%)
entry 26000/1372621 (1.89419%)
entry 27000/1372621 (1.96704%)
entry 30000/1372621 (2.1856%)
entry 31000/1372621 (2.25845%)
entry 32000/1372621 (2.33131%)
entry 33000/1372621 (2.40416%)
entry 34000/1372621 (2.47701%)
entry 37000/1372621 (2.69557%)
entry 38000/1372621 (2.76843%)
entry 39000/1372621 (2.84128%)
entry 40000/1372621 (2.91413%)
entry 41000/1372621 (2.98699%)
entry 42000/1372621 (3.05984%)
entry 45000/1372621 (3.2784%)
entry 48000/1372621 (3.49696%)
entry 50000/1372621 (3.64267%)
entry 51000/1372621 (3.71552%)
entry 53000/1372621 (3.86123%)
entry 55000/1372621 (4.00693%)
entry 56000/1372621 (4.07979%)
entry 57000/1372621 (4.15264%)
entry 58000/1372621 (4.22549%)
entry 63000/1372621 (4.58976%)
entry 65000/1372621 (4.73547%)
entry 66000/1372621 (4.80832%)
entry 68000/1372621 (4.95403%)
entry 69000/1372621 (5.02688%)
entry 72000/1372621 (5.24544%)
entry 74000/1372621 (5.39115%)
entry 75000/1372621 (5.464%)
entry 76000/1372621 (5.53685%)
entry 78000/1372621 (5.68256%)
entry 80000/1372621 (5.82827%)
entry 81000/1372621 (5.90112%)
entry 82000/1372621 (5.97397%)
entry 83000/1372621 (6.04683%)
entry 84000/1372621 (6.11968%)
entry 85000/1372621 (6.19253%)
entry 86000/1372621 (6.26539%)
entry 87000/1372621 (6.33824%)
entry 88000/1372621 (6.41109%)
entry 89000/1372621 (6.48395%)
entry 90000/1372621 (6.5568%)
entry 92000/1372621 (6.70251%)
entry 95000/1372621 (6.92107%)
entry 96000/1372621 (6.99392%)
entry 97000/1372621 (7.06677%)
entry 98000/1372621 (7.13963%)
entry 99000/1372621 (7.21248%)
entry 100000/1372621 (7.28533%)
entry 101000/1372621 (7.35819%)
entry 102000/1372621 (7.43104%)
entry 103000/1372621 (7.50389%)
entry 105000/1372621 (7.6496%)
entry 106000/1372621 (7.72245%)
entry 107000/1372621 (7.79531%)
entry 108000/1372621 (7.86816%)
entry 110000/1372621 (8.01387%)
entry 113000/1372621 (8.23243%)
entry 114000/1372621 (8.30528%)
entry 115000/1372621 (8.37813%)
entry 116000/1372621 (8.45099%)
entry 117000/1372621 (8.52384%)
entry 118000/1372621 (8.59669%)
entry 119000/1372621 (8.66955%)
entry 120000/1372621 (8.7424%)
entry 121000/1372621 (8.81525%)
entry 122000/1372621 (8.88811%)
entry 123000/1372621 (8.96096%)
entry 124000/1372621 (9.03381%)
entry 125000/1372621 (9.10667%)
entry 127000/1372621 (9.25237%)
entry 128000/1372621 (9.32522%)
entry 129000/1372621 (9.39808%)
entry 130000/1372621 (9.47093%)
entry 133000/1372621 (9.68949%)
entry 134000/1372621 (9.76235%)
entry 135000/1372621 (9.8352%)
entry 136000/1372621 (9.90805%)
entry 138000/1372621 (10.0538%)
entry 139000/1372621 (10.1266%)
entry 141000/1372621 (10.2723%)
entry 142000/1372621 (10.3452%)
entry 145000/1372621 (10.5637%)
entry 148000/1372621 (10.7823%)
entry 149000/1372621 (10.8551%)
entry 150000/1372621 (10.928%)
entry 151000/1372621 (11.0009%)
entry 152000/1372621 (11.0737%)
entry 155000/1372621 (11.2923%)
entry 156000/1372621 (11.3651%)
entry 157000/1372621 (11.438%)
entry 158000/1372621 (11.5108%)
entry 160000/1372621 (11.6565%)
entry 161000/1372621 (11.7294%)
entry 162000/1372621 (11.8022%)
entry 164000/1372621 (11.9479%)
entry 165000/1372621 (12.0208%)
entry 166000/1372621 (12.0937%)
entry 167000/1372621 (12.1665%)
entry 168000/1372621 (12.2394%)
entry 169000/1372621 (12.3122%)
entry 172000/1372621 (12.5308%)
entry 174000/1372621 (12.6765%)
entry 176000/1372621 (12.8222%)
entry 178000/1372621 (12.9679%)
entry 179000/1372621 (13.0407%)
entry 180000/1372621 (13.1136%)
entry 181000/1372621 (13.1865%)
entry 183000/1372621 (13.3322%)
entry 186000/1372621 (13.5507%)
entry 188000/1372621 (13.6964%)
entry 189000/1372621 (13.7693%)
entry 191000/1372621 (13.915%)
entry 192000/1372621 (13.9878%)
entry 193000/1372621 (14.0607%)
entry 195000/1372621 (14.2064%)
entry 196000/1372621 (14.2793%)
entry 199000/1372621 (14.4978%)
entry 200000/1372621 (14.5707%)
entry 201000/1372621 (14.6435%)
entry 202000/1372621 (14.7164%)
entry 203000/1372621 (14.7892%)
entry 210000/1372621 (15.2992%)
entry 211000/1372621 (15.3721%)
entry 212000/1372621 (15.4449%)
entry 213000/1372621 (15.5178%)
entry 215000/1372621 (15.6635%)
entry 218000/1372621 (15.882%)
entry 219000/1372621 (15.9549%)
entry 223000/1372621 (16.2463%)
entry 224000/1372621 (16.3191%)
entry 225000/1372621 (16.392%)
entry 226000/1372621 (16.4649%)
entry 227000/1372621 (16.5377%)
entry 228000/1372621 (16.6106%)
entry 229000/1372621 (16.6834%)
entry 230000/1372621 (16.7563%)
entry 232000/1372621 (16.902%)
entry 235000/1372621 (17.1205%)
entry 237000/1372621 (17.2662%)
entry 238000/1372621 (17.3391%)
entry 240000/1372621 (17.4848%)
entry 241000/1372621 (17.5577%)
entry 242000/1372621 (17.6305%)
entry 244000/1372621 (17.7762%)
entry 247000/1372621 (17.9948%)
entry 248000/1372621 (18.0676%)
entry 249000/1372621 (18.1405%)
entry 250000/1372621 (18.2133%)
entry 251000/1372621 (18.2862%)
entry 252000/1372621 (18.359%)
entry 254000/1372621 (18.5047%)
entry 259000/1372621 (18.869%)
entry 260000/1372621 (18.9419%)
entry 262000/1372621 (19.0876%)
entry 263000/1372621 (19.1604%)
entry 264000/1372621 (19.2333%)
entry 265000/1372621 (19.3061%)
entry 266000/1372621 (19.379%)
entry 267000/1372621 (19.4518%)
entry 268000/1372621 (19.5247%)
entry 271000/1372621 (19.7433%)
entry 273000/1372621 (19.889%)
entry 274000/1372621 (19.9618%)
entry 275000/1372621 (20.0347%)
entry 278000/1372621 (20.2532%)
entry 279000/1372621 (20.3261%)
entry 280000/1372621 (20.3989%)
entry 281000/1372621 (20.4718%)
entry 282000/1372621 (20.5446%)
entry 283000/1372621 (20.6175%)
entry 286000/1372621 (20.8361%)
entry 290000/1372621 (21.1275%)
entry 291000/1372621 (21.2003%)
entry 292000/1372621 (21.2732%)
entry 293000/1372621 (21.346%)
entry 295000/1372621 (21.4917%)
entry 297000/1372621 (21.6374%)
entry 298000/1372621 (21.7103%)
entry 299000/1372621 (21.7831%)
entry 300000/1372621 (21.856%)
entry 301000/1372621 (21.9288%)
entry 302000/1372621 (22.0017%)
entry 303000/1372621 (22.0746%)
entry 304000/1372621 (22.1474%)
entry 306000/1372621 (22.2931%)
entry 307000/1372621 (22.366%)
entry 308000/1372621 (22.4388%)
entry 309000/1372621 (22.5117%)
entry 310000/1372621 (22.5845%)
entry 311000/1372621 (22.6574%)
entry 312000/1372621 (22.7302%)
entry 314000/1372621 (22.8759%)
entry 315000/1372621 (22.9488%)
entry 317000/1372621 (23.0945%)
entry 318000/1372621 (23.1674%)
entry 319000/1372621 (23.2402%)
entry 320000/1372621 (23.3131%)
entry 322000/1372621 (23.4588%)
entry 323000/1372621 (23.5316%)
entry 326000/1372621 (23.7502%)
entry 327000/1372621 (23.823%)
entry 328000/1372621 (23.8959%)
entry 330000/1372621 (24.0416%)
entry 333000/1372621 (24.2602%)
entry 335000/1372621 (24.4059%)
entry 336000/1372621 (24.4787%)
entry 339000/1372621 (24.6973%)
entry 341000/1372621 (24.843%)
entry 342000/1372621 (24.9158%)
entry 343000/1372621 (24.9887%)
entry 345000/1372621 (25.1344%)
entry 346000/1372621 (25.2072%)
entry 347000/1372621 (25.2801%)
entry 348000/1372621 (25.353%)
entry 350000/1372621 (25.4987%)
entry 352000/1372621 (25.6444%)
entry 353000/1372621 (25.7172%)
entry 354000/1372621 (25.7901%)
entry 356000/1372621 (25.9358%)
entry 357000/1372621 (26.0086%)
entry 358000/1372621 (26.0815%)
entry 359000/1372621 (26.1543%)
entry 360000/1372621 (26.2272%)
entry 361000/1372621 (26.3%)
entry 362000/1372621 (26.3729%)
entry 363000/1372621 (26.4458%)
entry 364000/1372621 (26.5186%)
entry 365000/1372621 (26.5915%)
entry 366000/1372621 (26.6643%)
entry 368000/1372621 (26.81%)
entry 369000/1372621 (26.8829%)
entry 371000/1372621 (27.0286%)
entry 376000/1372621 (27.3928%)
entry 379000/1372621 (27.6114%)
entry 380000/1372621 (27.6843%)
entry 381000/1372621 (27.7571%)
entry 383000/1372621 (27.9028%)
entry 384000/1372621 (27.9757%)
entry 385000/1372621 (28.0485%)
entry 386000/1372621 (28.1214%)
entry 387000/1372621 (28.1942%)
entry 389000/1372621 (28.3399%)
entry 390000/1372621 (28.4128%)
entry 391000/1372621 (28.4856%)
entry 392000/1372621 (28.5585%)
entry 394000/1372621 (28.7042%)
entry 396000/1372621 (28.8499%)
entry 397000/1372621 (28.9228%)
entry 398000/1372621 (28.9956%)
entry 399000/1372621 (29.0685%)
entry 400000/1372621 (29.1413%)
entry 404000/1372621 (29.4327%)
entry 405000/1372621 (29.5056%)
entry 406000/1372621 (29.5784%)
entry 408000/1372621 (29.7242%)
entry 409000/1372621 (29.797%)
entry 411000/1372621 (29.9427%)
entry 413000/1372621 (30.0884%)
entry 414000/1372621 (30.1613%)
entry 415000/1372621 (30.2341%)
entry 416000/1372621 (30.307%)
entry 417000/1372621 (30.3798%)
entry 418000/1372621 (30.4527%)
entry 422000/1372621 (30.7441%)
entry 423000/1372621 (30.817%)
entry 424000/1372621 (30.8898%)
entry 426000/1372621 (31.0355%)
entry 430000/1372621 (31.3269%)
entry 431000/1372621 (31.3998%)
entry 432000/1372621 (31.4726%)
entry 433000/1372621 (31.5455%)
entry 434000/1372621 (31.6183%)
entry 435000/1372621 (31.6912%)
entry 436000/1372621 (31.764%)
entry 438000/1372621 (31.9098%)
entry 440000/1372621 (32.0555%)
entry 441000/1372621 (32.1283%)
entry 442000/1372621 (32.2012%)
entry 443000/1372621 (32.274%)
entry 444000/1372621 (32.3469%)
entry 445000/1372621 (32.4197%)
entry 446000/1372621 (32.4926%)
entry 448000/1372621 (32.6383%)
entry 449000/1372621 (32.7111%)
entry 450000/1372621 (32.784%)
entry 452000/1372621 (32.9297%)
entry 455000/1372621 (33.1483%)
entry 456000/1372621 (33.2211%)
entry 457000/1372621 (33.294%)
entry 458000/1372621 (33.3668%)
entry 462000/1372621 (33.6582%)
entry 463000/1372621 (33.7311%)
entry 465000/1372621 (33.8768%)
entry 466000/1372621 (33.9496%)
entry 468000/1372621 (34.0954%)
entry 473000/1372621 (34.4596%)
entry 475000/1372621 (34.6053%)
entry 477000/1372621 (34.751%)
entry 478000/1372621 (34.8239%)
entry 479000/1372621 (34.8967%)
entry 482000/1372621 (35.1153%)
entry 483000/1372621 (35.1882%)
entry 485000/1372621 (35.3339%)
entry 486000/1372621 (35.4067%)
entry 487000/1372621 (35.4796%)
entry 488000/1372621 (35.5524%)
entry 489000/1372621 (35.6253%)
entry 490000/1372621 (35.6981%)
entry 491000/1372621 (35.771%)
entry 492000/1372621 (35.8438%)
entry 495000/1372621 (36.0624%)
entry 496000/1372621 (36.1352%)
entry 497000/1372621 (36.2081%)
entry 498000/1372621 (36.281%)
entry 499000/1372621 (36.3538%)
entry 501000/1372621 (36.4995%)
entry 502000/1372621 (36.5724%)
entry 503000/1372621 (36.6452%)
entry 507000/1372621 (36.9366%)
entry 510000/1372621 (37.1552%)
entry 511000/1372621 (37.228%)
entry 516000/1372621 (37.5923%)
entry 517000/1372621 (37.6652%)
entry 519000/1372621 (37.8109%)
entry 520000/1372621 (37.8837%)
entry 521000/1372621 (37.9566%)
entry 522000/1372621 (38.0294%)
entry 524000/1372621 (38.1751%)
entry 526000/1372621 (38.3208%)
entry 527000/1372621 (38.3937%)
entry 528000/1372621 (38.4666%)
entry 529000/1372621 (38.5394%)
entry 530000/1372621 (38.6123%)
entry 531000/1372621 (38.6851%)
entry 532000/1372621 (38.758%)
entry 533000/1372621 (38.8308%)
entry 534000/1372621 (38.9037%)
entry 535000/1372621 (38.9765%)
entry 536000/1372621 (39.0494%)
entry 537000/1372621 (39.1222%)
entry 538000/1372621 (39.1951%)
entry 541000/1372621 (39.4136%)
entry 542000/1372621 (39.4865%)
entry 543000/1372621 (39.5594%)
entry 544000/1372621 (39.6322%)
entry 545000/1372621 (39.7051%)
entry 546000/1372621 (39.7779%)
entry 547000/1372621 (39.8508%)
entry 548000/1372621 (39.9236%)
entry 553000/1372621 (40.2879%)
entry 555000/1372621 (40.4336%)
entry 556000/1372621 (40.5064%)
entry 558000/1372621 (40.6522%)
entry 560000/1372621 (40.7979%)
entry 561000/1372621 (40.8707%)
entry 562000/1372621 (40.9436%)
entry 563000/1372621 (41.0164%)
entry 564000/1372621 (41.0893%)
entry 565000/1372621 (41.1621%)
entry 567000/1372621 (41.3078%)
entry 569000/1372621 (41.4535%)
entry 570000/1372621 (41.5264%)
entry 571000/1372621 (41.5992%)
entry 572000/1372621 (41.6721%)
entry 573000/1372621 (41.745%)
entry 575000/1372621 (41.8907%)
entry 576000/1372621 (41.9635%)
entry 577000/1372621 (42.0364%)
entry 578000/1372621 (42.1092%)
entry 580000/1372621 (42.2549%)
entry 581000/1372621 (42.3278%)
entry 582000/1372621 (42.4006%)
entry 583000/1372621 (42.4735%)
entry 584000/1372621 (42.5463%)
entry 586000/1372621 (42.692%)
entry 587000/1372621 (42.7649%)
entry 589000/1372621 (42.9106%)
entry 590000/1372621 (42.9835%)
entry 591000/1372621 (43.0563%)
entry 592000/1372621 (43.1292%)
entry 593000/1372621 (43.202%)
entry 597000/1372621 (43.4934%)
entry 599000/1372621 (43.6391%)
entry 600000/1372621 (43.712%)
entry 601000/1372621 (43.7848%)
entry 602000/1372621 (43.8577%)
entry 603000/1372621 (43.9306%)
entry 604000/1372621 (44.0034%)
entry 609000/1372621 (44.3677%)
entry 610000/1372621 (44.4405%)
entry 611000/1372621 (44.5134%)
entry 612000/1372621 (44.5862%)
entry 613000/1372621 (44.6591%)
entry 615000/1372621 (44.8048%)
entry 616000/1372621 (44.8776%)
entry 617000/1372621 (44.9505%)
entry 618000/1372621 (45.0234%)
entry 620000/1372621 (45.1691%)
entry 621000/1372621 (45.2419%)
entry 622000/1372621 (45.3148%)
entry 623000/1372621 (45.3876%)
entry 625000/1372621 (45.5333%)
entry 626000/1372621 (45.6062%)
entry 628000/1372621 (45.7519%)
entry 630000/1372621 (45.8976%)
entry 631000/1372621 (45.9704%)
entry 632000/1372621 (46.0433%)
entry 634000/1372621 (46.189%)
entry 635000/1372621 (46.2619%)
entry 638000/1372621 (46.4804%)
entry 639000/1372621 (46.5533%)
entry 640000/1372621 (46.6261%)
entry 641000/1372621 (46.699%)
entry 643000/1372621 (46.8447%)
entry 644000/1372621 (46.9175%)
entry 649000/1372621 (47.2818%)
entry 650000/1372621 (47.3547%)
entry 651000/1372621 (47.4275%)
entry 652000/1372621 (47.5004%)
entry 653000/1372621 (47.5732%)
entry 654000/1372621 (47.6461%)
entry 655000/1372621 (47.7189%)
entry 656000/1372621 (47.7918%)
entry 657000/1372621 (47.8646%)
entry 658000/1372621 (47.9375%)
entry 661000/1372621 (48.156%)
entry 662000/1372621 (48.2289%)
entry 663000/1372621 (48.3018%)
entry 665000/1372621 (48.4475%)
entry 670000/1372621 (48.8117%)
entry 671000/1372621 (48.8846%)
entry 672000/1372621 (48.9574%)
entry 673000/1372621 (49.0303%)
entry 674000/1372621 (49.1031%)
entry 675000/1372621 (49.176%)
entry 677000/1372621 (49.3217%)
entry 679000/1372621 (49.4674%)
entry 680000/1372621 (49.5403%)
entry 681000/1372621 (49.6131%)
entry 684000/1372621 (49.8317%)
entry 685000/1372621 (49.9045%)
entry 687000/1372621 (50.0502%)
entry 688000/1372621 (50.1231%)
entry 689000/1372621 (50.1959%)
entry 691000/1372621 (50.3416%)
entry 692000/1372621 (50.4145%)
entry 693000/1372621 (50.4874%)
entry 695000/1372621 (50.6331%)
entry 696000/1372621 (50.7059%)
entry 697000/1372621 (50.7788%)
entry 698000/1372621 (50.8516%)
entry 699000/1372621 (50.9245%)
entry 700000/1372621 (50.9973%)
entry 701000/1372621 (51.0702%)
entry 702000/1372621 (51.143%)
entry 703000/1372621 (51.2159%)
entry 704000/1372621 (51.2887%)
entry 706000/1372621 (51.4344%)
entry 708000/1372621 (51.5802%)
entry 710000/1372621 (51.7259%)
entry 711000/1372621 (51.7987%)
entry 714000/1372621 (52.0173%)
entry 715000/1372621 (52.0901%)
entry 716000/1372621 (52.163%)
entry 717000/1372621 (52.2358%)
entry 719000/1372621 (52.3815%)
entry 720000/1372621 (52.4544%)
entry 722000/1372621 (52.6001%)
entry 723000/1372621 (52.673%)
entry 724000/1372621 (52.7458%)
entry 725000/1372621 (52.8187%)
entry 726000/1372621 (52.8915%)
entry 727000/1372621 (52.9644%)
entry 728000/1372621 (53.0372%)
entry 729000/1372621 (53.1101%)
entry 730000/1372621 (53.1829%)
entry 732000/1372621 (53.3286%)
entry 734000/1372621 (53.4743%)
entry 735000/1372621 (53.5472%)
entry 737000/1372621 (53.6929%)
entry 738000/1372621 (53.7657%)
entry 739000/1372621 (53.8386%)
entry 740000/1372621 (53.9115%)
entry 741000/1372621 (53.9843%)
entry 742000/1372621 (54.0572%)
entry 743000/1372621 (54.13%)
entry 745000/1372621 (54.2757%)
entry 746000/1372621 (54.3486%)
entry 748000/1372621 (54.4943%)
entry 750000/1372621 (54.64%)
entry 751000/1372621 (54.7128%)
entry 752000/1372621 (54.7857%)
entry 759000/1372621 (55.2957%)
entry 760000/1372621 (55.3685%)
entry 761000/1372621 (55.4414%)
entry 762000/1372621 (55.5142%)
entry 763000/1372621 (55.5871%)
entry 764000/1372621 (55.6599%)
entry 765000/1372621 (55.7328%)
entry 766000/1372621 (55.8056%)
entry 768000/1372621 (55.9514%)
entry 769000/1372621 (56.0242%)
entry 771000/1372621 (56.1699%)
entry 772000/1372621 (56.2428%)
entry 773000/1372621 (56.3156%)
entry 774000/1372621 (56.3885%)
entry 775000/1372621 (56.4613%)
entry 776000/1372621 (56.5342%)
entry 777000/1372621 (56.607%)
entry 778000/1372621 (56.6799%)
entry 779000/1372621 (56.7527%)
entry 780000/1372621 (56.8256%)
entry 781000/1372621 (56.8984%)
entry 782000/1372621 (56.9713%)
entry 783000/1372621 (57.0441%)
entry 786000/1372621 (57.2627%)
entry 787000/1372621 (57.3356%)
entry 788000/1372621 (57.4084%)
entry 790000/1372621 (57.5541%)
entry 792000/1372621 (57.6998%)
entry 793000/1372621 (57.7727%)
entry 794000/1372621 (57.8455%)
entry 798000/1372621 (58.137%)
entry 801000/1372621 (58.3555%)
entry 802000/1372621 (58.4284%)
entry 803000/1372621 (58.5012%)
entry 804000/1372621 (58.5741%)
entry 806000/1372621 (58.7198%)
entry 807000/1372621 (58.7926%)
entry 808000/1372621 (58.8655%)
entry 809000/1372621 (58.9383%)
entry 811000/1372621 (59.084%)
entry 812000/1372621 (59.1569%)
entry 814000/1372621 (59.3026%)
entry 815000/1372621 (59.3755%)
entry 816000/1372621 (59.4483%)
entry 818000/1372621 (59.594%)
entry 819000/1372621 (59.6669%)
entry 822000/1372621 (59.8854%)
entry 823000/1372621 (59.9583%)
entry 824000/1372621 (60.0311%)
entry 826000/1372621 (60.1768%)
entry 827000/1372621 (60.2497%)
entry 828000/1372621 (60.3226%)
entry 829000/1372621 (60.3954%)
entry 830000/1372621 (60.4683%)
entry 831000/1372621 (60.5411%)
entry 832000/1372621 (60.614%)
entry 833000/1372621 (60.6868%)
entry 837000/1372621 (60.9782%)
entry 838000/1372621 (61.0511%)
entry 840000/1372621 (61.1968%)
entry 841000/1372621 (61.2696%)
entry 844000/1372621 (61.4882%)
entry 845000/1372621 (61.5611%)
entry 849000/1372621 (61.8525%)
entry 850000/1372621 (61.9253%)
entry 852000/1372621 (62.071%)
entry 853000/1372621 (62.1439%)
entry 854000/1372621 (62.2167%)
entry 855000/1372621 (62.2896%)
entry 857000/1372621 (62.4353%)
entry 858000/1372621 (62.5081%)
entry 859000/1372621 (62.581%)
entry 860000/1372621 (62.6539%)
entry 861000/1372621 (62.7267%)
entry 863000/1372621 (62.8724%)
entry 864000/1372621 (62.9453%)
entry 866000/1372621 (63.091%)
entry 867000/1372621 (63.1638%)
entry 868000/1372621 (63.2367%)
entry 869000/1372621 (63.3095%)
entry 878000/1372621 (63.9652%)
entry 879000/1372621 (64.0381%)
entry 882000/1372621 (64.2566%)
entry 883000/1372621 (64.3295%)
entry 886000/1372621 (64.548%)
entry 887000/1372621 (64.6209%)
entry 889000/1372621 (64.7666%)
entry 892000/1372621 (64.9852%)
entry 894000/1372621 (65.1309%)
entry 896000/1372621 (65.2766%)
entry 897000/1372621 (65.3494%)
entry 898000/1372621 (65.4223%)
entry 899000/1372621 (65.4951%)
entry 900000/1372621 (65.568%)
entry 901000/1372621 (65.6408%)
entry 903000/1372621 (65.7866%)
entry 905000/1372621 (65.9323%)
entry 910000/1372621 (66.2965%)
entry 913000/1372621 (66.5151%)
entry 914000/1372621 (66.5879%)
entry 916000/1372621 (66.7336%)
entry 921000/1372621 (67.0979%)
entry 922000/1372621 (67.1708%)
entry 923000/1372621 (67.2436%)
entry 924000/1372621 (67.3165%)
entry 925000/1372621 (67.3893%)
entry 927000/1372621 (67.535%)
entry 929000/1372621 (67.6807%)
entry 931000/1372621 (67.8264%)
entry 932000/1372621 (67.8993%)
entry 933000/1372621 (67.9721%)
entry 934000/1372621 (68.045%)
entry 936000/1372621 (68.1907%)
entry 939000/1372621 (68.4093%)
entry 940000/1372621 (68.4821%)
entry 942000/1372621 (68.6278%)
entry 943000/1372621 (68.7007%)
entry 944000/1372621 (68.7735%)
entry 945000/1372621 (68.8464%)
entry 946000/1372621 (68.9192%)
entry 947000/1372621 (68.9921%)
entry 950000/1372621 (69.2107%)
entry 951000/1372621 (69.2835%)
entry 952000/1372621 (69.3564%)
entry 953000/1372621 (69.4292%)
entry 954000/1372621 (69.5021%)
entry 956000/1372621 (69.6478%)
entry 957000/1372621 (69.7206%)
entry 958000/1372621 (69.7935%)
entry 959000/1372621 (69.8663%)
entry 960000/1372621 (69.9392%)
entry 961000/1372621 (70.012%)
entry 962000/1372621 (70.0849%)
entry 964000/1372621 (70.2306%)
entry 966000/1372621 (70.3763%)
entry 967000/1372621 (70.4492%)
entry 968000/1372621 (70.522%)
entry 969000/1372621 (70.5949%)
entry 970000/1372621 (70.6677%)
entry 972000/1372621 (70.8134%)
entry 975000/1372621 (71.032%)
entry 978000/1372621 (71.2506%)
entry 979000/1372621 (71.3234%)
entry 980000/1372621 (71.3963%)
entry 982000/1372621 (71.542%)
entry 983000/1372621 (71.6148%)
entry 989000/1372621 (72.0519%)
entry 990000/1372621 (72.1248%)
entry 991000/1372621 (72.1976%)
entry 992000/1372621 (72.2705%)
entry 994000/1372621 (72.4162%)
entry 995000/1372621 (72.4891%)
entry 996000/1372621 (72.5619%)
entry 997000/1372621 (72.6348%)
entry 998000/1372621 (72.7076%)
entry 1000000/1372621 (72.8533%)
entry 1001000/1372621 (72.9262%)
entry 1004000/1372621 (73.1447%)
entry 1006000/1372621 (73.2904%)
entry 1007000/1372621 (73.3633%)
entry 1009000/1372621 (73.509%)
entry 1010000/1372621 (73.5819%)
entry 1012000/1372621 (73.7276%)
entry 1014000/1372621 (73.8733%)
entry 1015000/1372621 (73.9461%)
entry 1016000/1372621 (74.019%)
entry 1017000/1372621 (74.0918%)
entry 1018000/1372621 (74.1647%)
entry 1019000/1372621 (74.2375%)
entry 1020000/1372621 (74.3104%)
entry 1022000/1372621 (74.4561%)
entry 1023000/1372621 (74.529%)
entry 1025000/1372621 (74.6747%)
entry 1026000/1372621 (74.7475%)
entry 1032000/1372621 (75.1846%)
entry 1036000/1372621 (75.476%)
entry 1040000/1372621 (75.7675%)
entry 1041000/1372621 (75.8403%)
entry 1042000/1372621 (75.9132%)
entry 1044000/1372621 (76.0589%)
entry 1045000/1372621 (76.1317%)
entry 1046000/1372621 (76.2046%)
entry 1047000/1372621 (76.2774%)
entry 1049000/1372621 (76.4231%)
entry 1050000/1372621 (76.496%)
entry 1051000/1372621 (76.5688%)
entry 1053000/1372621 (76.7145%)
entry 1054000/1372621 (76.7874%)
entry 1057000/1372621 (77.006%)
entry 1058000/1372621 (77.0788%)
entry 1059000/1372621 (77.1517%)
entry 1060000/1372621 (77.2245%)
entry 1066000/1372621 (77.6616%)
entry 1067000/1372621 (77.7345%)
entry 1068000/1372621 (77.8073%)
entry 1069000/1372621 (77.8802%)
entry 1070000/1372621 (77.9531%)
entry 1072000/1372621 (78.0988%)
entry 1073000/1372621 (78.1716%)
entry 1074000/1372621 (78.2445%)
entry 1075000/1372621 (78.3173%)
entry 1076000/1372621 (78.3902%)
entry 1077000/1372621 (78.463%)
entry 1078000/1372621 (78.5359%)
entry 1079000/1372621 (78.6087%)
entry 1080000/1372621 (78.6816%)
entry 1081000/1372621 (78.7544%)
entry 1083000/1372621 (78.9001%)
entry 1084000/1372621 (78.973%)
entry 1086000/1372621 (79.1187%)
entry 1091000/1372621 (79.483%)
entry 1092000/1372621 (79.5558%)
entry 1093000/1372621 (79.6287%)
entry 1095000/1372621 (79.7744%)
entry 1098000/1372621 (79.9929%)
entry 1100000/1372621 (80.1387%)
entry 1102000/1372621 (80.2844%)
entry 1104000/1372621 (80.4301%)
entry 1105000/1372621 (80.5029%)
entry 1106000/1372621 (80.5758%)
entry 1110000/1372621 (80.8672%)
entry 1111000/1372621 (80.94%)
entry 1112000/1372621 (81.0129%)
entry 1115000/1372621 (81.2315%)
entry 1116000/1372621 (81.3043%)
entry 1117000/1372621 (81.3772%)
entry 1118000/1372621 (81.45%)
entry 1120000/1372621 (81.5957%)
entry 1122000/1372621 (81.7414%)
entry 1124000/1372621 (81.8871%)
entry 1127000/1372621 (82.1057%)
entry 1130000/1372621 (82.3243%)
entry 1132000/1372621 (82.47%)
entry 1133000/1372621 (82.5428%)
entry 1134000/1372621 (82.6157%)
entry 1135000/1372621 (82.6885%)
entry 1137000/1372621 (82.8342%)
entry 1138000/1372621 (82.9071%)
entry 1139000/1372621 (82.9799%)
entry 1140000/1372621 (83.0528%)
entry 1141000/1372621 (83.1256%)
entry 1143000/1372621 (83.2713%)
entry 1144000/1372621 (83.3442%)
entry 1145000/1372621 (83.4171%)
entry 1146000/1372621 (83.4899%)
entry 1147000/1372621 (83.5628%)
entry 1148000/1372621 (83.6356%)
entry 1149000/1372621 (83.7085%)
entry 1150000/1372621 (83.7813%)
entry 1153000/1372621 (83.9999%)
entry 1154000/1372621 (84.0727%)
entry 1156000/1372621 (84.2184%)
entry 1157000/1372621 (84.2913%)
entry 1158000/1372621 (84.3641%)
entry 1161000/1372621 (84.5827%)
entry 1162000/1372621 (84.6556%)
entry 1163000/1372621 (84.7284%)
entry 1164000/1372621 (84.8013%)
entry 1166000/1372621 (84.947%)
entry 1167000/1372621 (85.0198%)
entry 1168000/1372621 (85.0927%)
entry 1170000/1372621 (85.2384%)
entry 1173000/1372621 (85.4569%)
entry 1176000/1372621 (85.6755%)
entry 1178000/1372621 (85.8212%)
entry 1180000/1372621 (85.9669%)
entry 1181000/1372621 (86.0398%)
entry 1182000/1372621 (86.1126%)
entry 1183000/1372621 (86.1855%)
entry 1185000/1372621 (86.3312%)
entry 1186000/1372621 (86.404%)
entry 1188000/1372621 (86.5497%)
entry 1189000/1372621 (86.6226%)
entry 1191000/1372621 (86.7683%)
entry 1192000/1372621 (86.8412%)
entry 1193000/1372621 (86.914%)
entry 1194000/1372621 (86.9869%)
entry 1197000/1372621 (87.2054%)
entry 1199000/1372621 (87.3511%)
entry 1200000/1372621 (87.424%)
entry 1202000/1372621 (87.5697%)
entry 1203000/1372621 (87.6425%)
entry 1204000/1372621 (87.7154%)
entry 1206000/1372621 (87.8611%)
entry 1207000/1372621 (87.934%)
entry 1208000/1372621 (88.0068%)
entry 1210000/1372621 (88.1525%)
entry 1212000/1372621 (88.2982%)
entry 1213000/1372621 (88.3711%)
entry 1216000/1372621 (88.5896%)
entry 1217000/1372621 (88.6625%)
entry 1219000/1372621 (88.8082%)
entry 1223000/1372621 (89.0996%)
entry 1224000/1372621 (89.1725%)
entry 1226000/1372621 (89.3182%)
entry 1227000/1372621 (89.391%)
entry 1228000/1372621 (89.4639%)
entry 1229000/1372621 (89.5367%)
entry 1230000/1372621 (89.6096%)
entry 1233000/1372621 (89.8281%)
entry 1235000/1372621 (89.9739%)
entry 1236000/1372621 (90.0467%)
entry 1238000/1372621 (90.1924%)
entry 1239000/1372621 (90.2653%)
entry 1240000/1372621 (90.3381%)
entry 1243000/1372621 (90.5567%)
entry 1245000/1372621 (90.7024%)
entry 1248000/1372621 (90.9209%)
entry 1249000/1372621 (90.9938%)
entry 1250000/1372621 (91.0667%)
entry 1251000/1372621 (91.1395%)
entry 1261000/1372621 (91.868%)
entry 1263000/1372621 (92.0137%)
entry 1264000/1372621 (92.0866%)
entry 1265000/1372621 (92.1595%)
entry 1266000/1372621 (92.2323%)
entry 1267000/1372621 (92.3052%)
entry 1268000/1372621 (92.378%)
entry 1269000/1372621 (92.4509%)
entry 1270000/1372621 (92.5237%)
entry 1273000/1372621 (92.7423%)
entry 1274000/1372621 (92.8151%)
entry 1275000/1372621 (92.888%)
entry 1276000/1372621 (92.9608%)
entry 1277000/1372621 (93.0337%)
entry 1278000/1372621 (93.1065%)
entry 1279000/1372621 (93.1794%)
entry 1280000/1372621 (93.2523%)
entry 1281000/1372621 (93.3251%)
entry 1282000/1372621 (93.398%)
entry 1283000/1372621 (93.4708%)
entry 1286000/1372621 (93.6894%)
entry 1287000/1372621 (93.7622%)
entry 1291000/1372621 (94.0536%)
entry 1292000/1372621 (94.1265%)
entry 1293000/1372621 (94.1993%)
entry 1295000/1372621 (94.3451%)
entry 1297000/1372621 (94.4908%)
entry 1299000/1372621 (94.6365%)
entry 1300000/1372621 (94.7093%)
entry 1301000/1372621 (94.7822%)
entry 1308000/1372621 (95.2921%)
entry 1309000/1372621 (95.365%)
entry 1310000/1372621 (95.4379%)
entry 1312000/1372621 (95.5836%)
entry 1313000/1372621 (95.6564%)
entry 1316000/1372621 (95.875%)
entry 1317000/1372621 (95.9478%)
entry 1318000/1372621 (96.0207%)
entry 1320000/1372621 (96.1664%)
entry 1321000/1372621 (96.2392%)
entry 1322000/1372621 (96.3121%)
entry 1323000/1372621 (96.3849%)
entry 1324000/1372621 (96.4578%)
entry 1325000/1372621 (96.5307%)
entry 1328000/1372621 (96.7492%)
entry 1329000/1372621 (96.8221%)
entry 1330000/1372621 (96.8949%)
entry 1331000/1372621 (96.9678%)
entry 1332000/1372621 (97.0406%)
entry 1333000/1372621 (97.1135%)
entry 1334000/1372621 (97.1863%)
entry 1336000/1372621 (97.332%)
entry 1337000/1372621 (97.4049%)
entry 1338000/1372621 (97.4777%)
entry 1341000/1372621 (97.6963%)
entry 1342000/1372621 (97.7692%)
entry 1343000/1372621 (97.842%)
entry 1345000/1372621 (97.9877%)
entry 1348000/1372621 (98.2063%)
entry 1351000/1372621 (98.4248%)
entry 1354000/1372621 (98.6434%)
entry 1355000/1372621 (98.7163%)
entry 1357000/1372621 (98.862%)
entry 1358000/1372621 (98.9348%)
entry 1359000/1372621 (99.0077%)
entry 1361000/1372621 (99.1534%)
entry 1363000/1372621 (99.2991%)
entry 1364000/1372621 (99.3719%)
entry 1366000/1372621 (99.5176%)
entry 1367000/1372621 (99.5905%)
entry 1369000/1372621 (99.7362%)
entry 1370000/1372621 (99.8091%)
entry 1371000/1372621 (99.8819%)
entry 1372000/1372621 (99.9548%)
all done
script done
