sphnx1101.sdcc.bnl.gov
rsyncing from /gpfs/mnt/gpfs02/sphenix/user/samfred/run25/ppg11/histmaking
running: /gpfs/mnt/gpfs02/sphenix/user/samfred/run25/ppg11/histmaking/script_data.sh 52618
LD_LIBRARY_PATH now /sphenix/user/samfred/run25/install//lib:/cvmfs/sphenix.sdcc.bnl.gov/alma9.2-gcc-14.2.0/opt/sphenix/core/gcc/14.2.0-2f0a0/x86_64-el9/lib:/cvmfs/sphenix.sdcc.bnl.gov/alma9.2-gcc-14.2.0/opt/sphenix/core/gcc/14.2.0-2f0a0/x86_64-el9/lib64:/cvmfs/sphenix.sdcc.bnl.gov/alma9.2-gcc-14.2.0/opt/sphenix/core/binutils/2.40-acaab/x86_64-el9/lib:.:/cvmfs/sphenix.sdcc.bnl.gov/alma9.2-gcc-14.2.0/release/release_new/new.10/lib64:/cvmfs/sphenix.sdcc.bnl.gov/alma9.2-gcc-14.2.0/release/release_new/new.10/lib:/cvmfs/sphenix.sdcc.bnl.gov/alma9.2-gcc-14.2.0/opt/sphenix/utils/lib:/cvmfs/sphenix.sdcc.bnl.gov/alma9.2-gcc-14.2.0/opt/sphenix/core/lib:/cvmfs/sphenix.sdcc.bnl.gov/alma9.2-gcc-14.2.0/opt/sphenix/core/root-6.32.06/lib:/cvmfs/sphenix.sdcc.bnl.gov/alma9.2-gcc-14.2.0/opt/sphenix/core/geant4.10.07.p04/lib64:/cvmfs/sphenix.sdcc.bnl.gov/alma9.2-gcc-14.2.0/opt/sphenix/core/lhapdf-5.9.1/lib:/usr/local/lib64:/usr/lib64
PATH now /sphenix/user/samfred/run25/install//bin:/cvmfs/sphenix.sdcc.bnl.gov/alma9.2-gcc-14.2.0/opt/sphenix/core/gcc/14.2.0-2f0a0/x86_64-el9/bin:/cvmfs/sphenix.sdcc.bnl.gov/alma9.2-gcc-14.2.0/opt/sphenix/core/binutils/2.40-acaab/x86_64-el9/bin:.:/cvmfs/sphenix.sdcc.bnl.gov/alma9.2-gcc-14.2.0/release/release_new/new.10/bin:/cvmfs/sphenix.sdcc.bnl.gov/alma9.2-gcc-14.2.0/opt/sphenix/utils/bin:/cvmfs/sphenix.sdcc.bnl.gov/alma9.2-gcc-14.2.0/opt/sphenix/core/bin:/cvmfs/sphenix.sdcc.bnl.gov/alma9.2-gcc-14.2.0/opt/sphenix/core/root-6.32.06/bin:/cvmfs/sphenix.sdcc.bnl.gov/alma9.2-gcc-14.2.0/opt/sphenix/core/geant4.10.07.p04/bin:/usr/local/bin:/usr/bin:/usr/local/sbin:/usr/sbin
SINGULARITY_CACHEDIR=/home/condor/local/sphnx/execute/dir_1427332
_CONDOR_CHIRP_CONFIG=/home/condor/local/sphnx/execute/dir_1427332/.chirp.config
_CONDOR_JOB_IWD=/sphenix/user/samfred/run25/ppg11/histmaking
G4ENSDFSTATEDATA=/cvmfs/sphenix.sdcc.bnl.gov/alma9.2-gcc-14.2.0/opt/sphenix/core/geant4.10.07.p04/share/Geant4-10.7.4/data/G4ENSDFSTATE2.3
_CONDOR_MACHINE_AD=/home/condor/local/sphnx/execute/dir_1427332/.machine.ad
ROOT_MAX_THREADS=1
NUMEXPR_NUM_THREADS=1
CUBACORES=1
_CHIRP_DELAYED_UPDATE_PREFIX=Chirp*
OMP_THREAD_LIMIT=1
G4PIIDATA=/cvmfs/sphenix.sdcc.bnl.gov/alma9.2-gcc-14.2.0/opt/sphenix/core/geant4.10.07.p04/share/Geant4-10.7.4/data/G4PII1.3
NO_AT_BRIDGE=1
G4_MAIN=/cvmfs/sphenix.sdcc.bnl.gov/alma9.2-gcc-14.2.0/opt/sphenix/core/geant4.10.07.p04
COMPILER_PATH=/cvmfs/sphenix.sdcc.bnl.gov/alma9.2-gcc-14.2.0/opt/sphenix/core/gcc/14.2.0-2f0a0/x86_64-el9
ROOT_INCLUDE_PATH=./:/sphenix/user/samfred/run25/install//include:/sphenix/user/samfred/run25/install//include/caloana:/sphenix/user/samfred/run25/install//include/qa_centrality:/sphenix/user/samfred/run25/install//include/mbdana:/sphenix/user/samfred/run25/install//include/centrality:/sphenix/user/samfred/run25/install//include/Event:/cvmfs/sphenix.sdcc.bnl.gov/alma9.2-gcc-14.2.0/release/release_new/new.10/include:/cvmfs/sphenix.sdcc.bnl.gov/alma9.2-gcc-14.2.0/release/release_new/new.10/include:/cvmfs/sphenix.sdcc.bnl.gov/alma9.2-gcc-14.2.0/release/release_new/new.10/include/g4mbd:/cvmfs/sphenix.sdcc.bnl.gov/alma9.2-gcc-14.2.0/release/release_new/new.10/include/fmt:/cvmfs/sphenix.sdcc.bnl.gov/alma9.2-gcc-14.2.0/release/release_new/new.10/include/ffarawobjects:/cvmfs/sphenix.sdcc.bnl.gov/alma9.2-gcc-14.2.0/release/release_new/new.10/include/JSON:/cvmfs/sphenix.sdcc.bnl.gov/alma9.2-gcc-14.2.0/release/release_new/new.10/include/calotreegen:/cvmfs/sphenix.sdcc.bnl.gov/alma9.2-gcc-14.2.0/release/release_new/new.10/include/torch:/cvmfs/sphenix.sdcc.bnl.gov/alma9.2-gcc-14.2.0/release/release_new/new.10/include/g4detectors:/cvmfs/sphenix.sdcc.bnl.gov/alma9.2-gcc-14.2.0/release/release_new/new.10/include/kineto:/cvmfs/sphenix.sdcc.bnl.gov/alma9.2-gcc-14.2.0/release/release_new/new.10/include/g4decayer:/cvmfs/sphenix.sdcc.bnl.gov/alma9.2-gcc-14.2.0/release/release_new/new.10/include/kfparticleqa:/cvmfs/sphenix.sdcc.bnl.gov/alma9.2-gcc-14.2.0/release/release_new/new.10/include/phfield:/cvmfs/sphenix.sdcc.bnl.gov/alma9.2-gcc-14.2.0/release/release_new/new.10/include/LHAPDF:/cvmfs/sphenix.sdcc.bnl.gov/alma9.2-gcc-14.2.0/release/release_new/new.10/include/readdigitalcurrents:/cvmfs/sphenix.sdcc.bnl.gov/alma9.2-gcc-14.2.0/release/release_new/new.10/include/c10:/cvmfs/sphenix.sdcc.bnl.gov/alma9.2-gcc-14.2.0/release/release_new/new.10/include/calovalid:/cvmfs/sphenix.sdcc.bnl.gov/alma9.2-gcc-14.2.0/release/release_new/new.10/include/oneapi:/cvmfs/sphenix.sdcc.bnl.gov/alma9.2-gcc-14.2.0/release/release_new/new.10/include/DDCond:/cvmfs/sphenix.sdcc.bnl.gov/alma9.2-gcc-14.2.0/release/release_new/new.10/include/g4tracking:/cvmfs/sphenix.sdcc.bnl.gov/alma9.2-gcc-14.2.0/release/release_new/new.10/include/litecaloeval:/cvmfs/sphenix.sdcc.bnl.gov/alma9.2-gcc-14.2.0/release/release_new/new.10/include/g4intt:/cvmfs/sphenix.sdcc.bnl.gov/alma9.2-gcc-14.2.0/release/release_new/new.10/include/phool:/cvmfs/sphenix.sdcc.bnl.gov/alma9.2-gcc-14.2.0/release/release_new/new.10/include/boost:/cvmfs/sphenix.sdcc.bnl.gov/alma9.2-gcc-14.2.0/release/release_new/new.10/include/Pythia8Plugins:/cvmfs/sphenix.sdcc.bnl.gov/alma9.2-gcc-14.2.0/release/release_new/new.10/include/calib_emc_pi0:/cvmfs/sphenix.sdcc.bnl.gov/alma9.2-gcc-14.2.0/release/release_new/new.10/include/hijingflipafterburner:/cvmfs/sphenix.sdcc.bnl.gov/alma9.2-gcc-14.2.0/release/release_new/new.10/include/ffaobjects:/cvmfs/sphenix.sdcc.bnl.gov/alma9.2-gcc-14.2.0/release/release_new/new.10/include/EvtGenBase:/cvmfs/sphenix.sdcc.bnl.gov/alma9.2-gcc-14.2.0/release/release_new/new.10/include/flowafterburner:/cvmfs/sphenix.sdcc.bnl.gov/alma9.2-gcc-14.2.0/release/release_new/new.10/include/google:/cvmfs/sphenix.sdcc.bnl.gov/alma9.2-gcc-14.2.0/release/release_new/new.10/include/g4tpc:/cvmfs/sphenix.sdcc.bnl.gov/alma9.2-gcc-14.2.0/release/release_new/new.10/include/caffe2:/cvmfs/sphenix.sdcc.bnl.gov/alma9.2-gcc-14.2.0/release/release_new/new.10/include/EvtGenExternal:/cvmfs/sphenix.sdcc.bnl.gov/alma9.2-gcc-14.2.0/release/release_new/new.10/include/fp16:/cvmfs/sphenix.sdcc.bnl.gov/alma9.2-gcc-14.2.0/release/release_new/new.10/include/ffamodules:/cvmfs/sphenix.sdcc.bnl.gov/alma9.2-gcc-14.2.0/release/release_new/new.10/include/uspin:/cvmfs/sphenix.sdcc.bnl.gov/alma9.2-gcc-14.2.0/release/release_new/new.10/include/Herwig:/cvmfs/sphenix.sdcc.bnl.gov/alma9.2-gcc-14.2.0/release/release_new/new.10/include/genfitexp:/cvmfs/sphenix.sdcc.bnl.gov/alma9.2-gcc-14.2.0/release/release_new/new.10/include/XML:/cvmfs/sphenix.sdcc.bnl.gov/alma9.2-gcc-14.2.0/release/release_new/new.10/include/fbgemm:/cvmfs/sphenix.sdcc.bnl.gov/alma9.2-gcc-14.2.0/release/release_new/new.10/include/DDAlign:/cvmfs/sphenix.sdcc.bnl.gov/alma9.2-gcc-14.2.0/release/release_new/new.10/include/g4mvtx:/cvmfs/sphenix.sdcc.bnl.gov/alma9.2-gcc-14.2.0/release/release_new/new.10/include/kfparticle_sphenix:/cvmfs/sphenix.sdcc.bnl.gov/alma9.2-gcc-14.2.0/release/release_new/new.10/include/fun4all:/cvmfs/sphenix.sdcc.bnl.gov/alma9.2-gcc-14.2.0/release/release_new/new.10/include/intt:/cvmfs/sphenix.sdcc.bnl.gov/alma9.2-gcc-14.2.0/release/release_new/new.10/include/eventdisplay:/cvmfs/sphenix.sdcc.bnl.gov/alma9.2-gcc-14.2.0/release/release_new/new.10/include/EvtGen:/cvmfs/sphenix.sdcc.bnl.gov/alma9.2-gcc-14.2.0/release/release_new/new.10/include/Evaluator:/cvmfs/sphenix.sdcc.bnl.gov/alma9.2-gcc-14.2.0/release/release_new/new.10/include/tpc:/cvmfs/sphenix.sdcc.bnl.gov/alma9.2-gcc-14.2.0/release/release_new/new.10/include/GenFit:/cvmfs/sphenix.sdcc.bnl.gov/alma9.2-gcc-14.2.0/release/release_new/new.10/include/prototype4:/cvmfs/sphenix.sdcc.bnl.gov/alma9.2-gcc-14.2.0/release/release_new/new.10/include/caloembedding:/cvmfs/sphenix.sdcc.bnl.gov/alma9.2-gcc-14.2.0/release/release_new/new.10/include/EvtGenModels:/cvmfs/sphenix.sdcc.bnl.gov/alma9.2-gcc-14.2.0/release/release_new/new.10/include/fastjet:/cvmfs/sphenix.sdcc.bnl.gov/alma9.2-gcc-14.2.0/release/release_new/new.10/include/DDG4:/cvmfs/sphenix.sdcc.bnl.gov/alma9.2-gcc-14.2.0/release/release_new/new.10/include/mbd:/cvmfs/sphenix.sdcc.bnl.gov/alma9.2-gcc-14.2.0/release/release_new/new.10/include/tbb:/cvmfs/sphenix.sdcc.bnl.gov/alma9.2-gcc-14.2.0/release/release_new/new.10/include/phgeom:/cvmfs/sphenix.sdcc.bnl.gov/alma9.2-gcc-14.2.0/release/release_new/new.10/include/g4epd:/cvmfs/sphenix.sdcc.bnl.gov/alma9.2-gcc-14.2.0/release/release_new/new.10/include/oncal:/cvmfs/sphenix.sdcc.bnl.gov/alma9.2-gcc-14.2.0/release/release_new/new.10/include/pybind11:/cvmfs/sphenix.sdcc.bnl.gov/alma9.2-gcc-14.2.0/release/release_new/new.10/include/tpcdistgenerator:/cvmfs/sphenix.sdcc.bnl.gov/alma9.2-gcc-14.2.0/release/release_new/new.10/include/cdbobjects:/cvmfs/sphenix.sdcc.bnl.gov/alma9.2-gcc-14.2.0/release/release_new/new.10/include/g4micromegas:/cvmfs/sphenix.sdcc.bnl.gov/alma9.2-gcc-14.2.0/release/release_new/new.10/include/g4eval:/cvmfs/sphenix.sdcc.bnl.gov/alma9.2-gcc-14.2.0/release/release_new/new.10/include/jetbackground:/cvmfs/sphenix.sdcc.bnl.gov/alma9.2-gcc-14.2.0/release/release_new/new.10/include/micromegas:/cvmfs/sphenix.sdcc.bnl.gov/alma9.2-gcc-14.2.0/release/release_new/new.10/include/hftrackefficiency:/cvmfs/sphenix.sdcc.bnl.gov/alma9.2-gcc-14.2.0/release/release_new/new.10/include/inttrawhitqa:/cvmfs/sphenix.sdcc.bnl.gov/alma9.2-gcc-14.2.0/release/release_new/new.10/include/centrality:/cvmfs/sphenix.sdcc.bnl.gov/alma9.2-gcc-14.2.0/release/release_new/new.10/include/epd:/cvmfs/sphenix.sdcc.bnl.gov/alma9.2-gcc-14.2.0/release/release_new/new.10/include/caloreco:/cvmfs/sphenix.sdcc.bnl.gov/alma9.2-gcc-14.2.0/release/release_new/new.10/include/HepMC:/cvmfs/sphenix.sdcc.bnl.gov/alma9.2-gcc-14.2.0/release/release_new/new.10/include/CLHEP:/cvmfs/sphenix.sdcc.bnl.gov/alma9.2-gcc-14.2.0/release/release_new/new.10/include/Acts:/cvmfs/sphenix.sdcc.bnl.gov/alma9.2-gcc-14.2.0/release/release_new/new.10/include/g4histos:/cvmfs/sphenix.sdcc.bnl.gov/alma9.2-gcc-14.2.0/release/release_new/new.10/include/eventplaneinfo:/cvmfs/sphenix.sdcc.bnl.gov/alma9.2-gcc-14.2.0/release/release_new/new.10/include/fillspacechargemaps:/cvmfs/sphenix.sdcc.bnl.gov/alma9.2-gcc-14.2.0/release/release_new/new.10/include/phhepmc:/cvmfs/sphenix.sdcc.bnl.gov/alma9.2-gcc-14.2.0/release/release_new/new.10/include/trackingqa:/cvmfs/sphenix.sdcc.bnl.gov/alma9.2-gcc-14.2.0/release/release_new/new.10/include/qautils:/cvmfs/sphenix.sdcc.bnl.gov/alma9.2-gcc-14.2.0/release/release_new/new.10/include/trackreco:/cvmfs/sphenix.sdcc.bnl.gov/alma9.2-gcc-14.2.0/release/release_new/new.10/include/g4ohcal:/cvmfs/sphenix.sdcc.bnl.gov/alma9.2-gcc-14.2.0/release/release_new/new.10/include/tpcdvcalib:/cvmfs/sphenix.sdcc.bnl.gov/alma9.2-gcc-14.2.0/release/release_new/new.10/include/zdcinfo:/cvmfs/sphenix.sdcc.bnl.gov/alma9.2-gcc-14.2.0/release/release_new/new.10/include/phpythia8:/cvmfs/sphenix.sdcc.bnl.gov/alma9.2-gcc-14.2.0/release/release_new/new.10/include/fun4allutils:/cvmfs/sphenix.sdcc.bnl.gov/alma9.2-gcc-14.2.0/release/release_new/new.10/include/tpcqa:/cvmfs/sphenix.sdcc.bnl.gov/alma9.2-gcc-14.2.0/release/release_new/new.10/include/Pythia8:/cvmfs/sphenix.sdcc.bnl.gov/alma9.2-gcc-14.2.0/release/release_new/new.10/include/DDRec:/cvmfs/sphenix.sdcc.bnl.gov/alma9.2-gcc-14.2.0/release/release_new/new.10/include/DDDigi:/cvmfs/sphenix.sdcc.bnl.gov/alma9.2-gcc-14.2.0/release/release_new/new.10/include/g4ihcal:/cvmfs/sphenix.sdcc.bnl.gov/alma9.2-gcc-14.2.0/release/release_new/new.10/include/frog:/cvmfs/sphenix.sdcc.bnl.gov/alma9.2-gcc-14.2.0/release/release_new/new.10/include/eigen3:/cvmfs/sphenix.sdcc.bnl.gov/alma9.2-gcc-14.2.0/release/release_new/new.10/include/tensorpipe:/cvmfs/sphenix.sdcc.bnl.gov/alma9.2-gcc-14.2.0/release/release_new/new.10/include/sphenixnpc:/cvmfs/sphenix.sdcc.bnl.gov/alma9.2-gcc-14.2.0/release/release_new/new.10/include/siscone:/cvmfs/sphenix.sdcc.bnl.gov/alma9.2-gcc-14.2.0/release/release_new/new.10/include/pmonitor:/cvmfs/sphenix.sdcc.bnl.gov/alma9.2-gcc-14.2.0/release/release_new/new.10/include/calobase:/cvmfs/sphenix.sdcc.bnl.gov/alma9.2-gcc-14.2.0/release/release_new/new.10/include/ActsExamples:/cvmfs/sphenix.sdcc.bnl.gov/alma9.2-gcc-14.2.0/release/release_new/new.10/include/g4gdml:/cvmfs/sphenix.sdcc.bnl.gov/alma9.2-gcc-14.2.0/release/release_new/new.10/include/mvtx_decoder:/cvmfs/sphenix.sdcc.bnl.gov/alma9.2-gcc-14.2.0/release/release_new/new.10/include/ROOT:/cvmfs/sphenix.sdcc.bnl.gov/alma9.2-gcc-14.2.0/release/release_new/new.10/include/phparameter:/cvmfs/sphenix.sdcc.bnl.gov/alma9.2-gcc-14.2.0/release/release_new/new.10/include/rsa:/cvmfs/sphenix.sdcc.bnl.gov/alma9.2-gcc-14.2.0/release/release_new/new.10/include/fun4allraw:/cvmfs/sphenix.sdcc.bnl.gov/alma9.2-gcc-14.2.0/release/release_new/new.10/include/trackbase_historic:/cvmfs/sphenix.sdcc.bnl.gov/alma9.2-gcc-14.2.0/release/release_new/new.10/include/g4jets:/cvmfs/sphenix.sdcc.bnl.gov/alma9.2-gcc-14.2.0/release/release_new/new.10/include/jetqa:/cvmfs/sphenix.sdcc.bnl.gov/alma9.2-gcc-14.2.0/release/release_new/new.10/include/phoolraw:/cvmfs/sphenix.sdcc.bnl.gov/alma9.2-gcc-14.2.0/release/release_new/new.10/include/g4calo:/cvmfs/sphenix.sdcc.bnl.gov/alma9.2-gcc-14.2.0/release/release_new/new.10/include/mvtxrawhitqa:/cvmfs/sphenix.sdcc.bnl.gov/alma9.2-gcc-14.2.0/release/release_new/new.10/include/HepMC3:/cvmfs/sphenix.sdcc.bnl.gov/alma9.2-gcc-14.2.0/release/release_new/new.10/include/calowaveformsim:/cvmfs/sphenix.sdcc.bnl.gov/alma9.2-gcc-14.2.0/release/release_new/new.10/include/g4caloprototype:/cvmfs/sphenix.sdcc.bnl.gov/alma9.2-gcc-14.2.0/release/release_new/new.10/include/pdbcalbase:/cvmfs/sphenix.sdcc.bnl.gov/alma9.2-gcc-14.2.0/release/release_new/new.10/include/gsl:/cvmfs/sphenix.sdcc.bnl.gov/alma9.2-gcc-14.2.0/release/release_new/new.10/include/nodedump:/cvmfs/sphenix.sdcc.bnl.gov/alma9.2-gcc-14.2.0/release/release_new/new.10/include/emcnoisytowerfinder:/cvmfs/sphenix.sdcc.bnl.gov/alma9.2-gcc-14.2.0/release/release_new/new.10/include/ActsFatras:/cvmfs/sphenix.sdcc.bnl.gov/alma9.2-gcc-14.2.0/release/release_new/new.10/include/ffarawmodules:/cvmfs/sphenix.sdcc.bnl.gov/alma9.2-gcc-14.2.0/release/release_new/new.10/include/Event:/cvmfs/sphenix.sdcc.bnl.gov/alma9.2-gcc-14.2.0/release/release_new/new.10/include/prototype3:/cvmfs/sphenix.sdcc.bnl.gov/alma9.2-gcc-14.2.0/release/release_new/new.10/include/fermimotionafterburner:/cvmfs/sphenix.sdcc.bnl.gov/alma9.2-gcc-14.2.0/release/release_new/new.10/include/Photos:/cvmfs/sphenix.sdcc.bnl.gov/alma9.2-gcc-14.2.0/release/release_new/new.10/include/xingshiftcal:/cvmfs/sphenix.sdcc.bnl.gov/alma9.2-gcc-14.2.0/release/release_new/new.10/include/trackbase:/cvmfs/sphenix.sdcc.bnl.gov/alma9.2-gcc-14.2.0/release/release_new/new.10/include/jetdstskimmer:/cvmfs/sphenix.sdcc.bnl.gov/alma9.2-gcc-14.2.0/release/release_new/new.10/include/clusteriso:/cvmfs/sphenix.sdcc.bnl.gov/alma9.2-gcc-14.2.0/release/release_new/new.10/include/asmjit:/cvmfs/sphenix.sdcc.bnl.gov/alma9.2-gcc-14.2.0/release/release_new/new.10/include/particleflowreco:/cvmfs/sphenix.sdcc.bnl.gov/alma9.2-gcc-14.2.0/release/release_new/new.10/include/tpchittrackdisplay:/cvmfs/sphenix.sdcc.bnl.gov/alma9.2-gcc-14.2.0/release/release_new/new.10/include/caloana:/cvmfs/sphenix.sdcc.bnl.gov/alma9.2-gcc-14.2.0/release/release_new/new.10/include/calotrigger:/cvmfs/sphenix.sdcc.bnl.gov/alma9.2-gcc-14.2.0/release/release_new/new.10/include/nopayloadclient:/cvmfs/sphenix.sdcc.bnl.gov/alma9.2-gcc-14.2.0/release/release_new/new.10/include/trackermillepedealignment:/cvmfs/sphenix.sdcc.bnl.gov/alma9.2-gcc-14.2.0/release/release_new/new.10/include/DD4hep:/cvmfs/sphenix.sdcc.bnl.gov/alma9.2-gcc-14.2.0/release/release_new/new.10/include/g4trackfastsim:/cvmfs/sphenix.sdcc.bnl.gov/alma9.2-gcc-14.2.0/release/release_new/new.10/include/prototype2:/cvmfs/sphenix.sdcc.bnl.gov/alma9.2-gcc-14.2.0/release/release_new/new.10/include/ATen:/cvmfs/sphenix.sdcc.bnl.gov/alma9.2-gcc-14.2.0/release/release_new/new.10/include/g4main:/cvmfs/sphenix.sdcc.bnl.gov/alma9.2-gcc-14.2.0/release/release_new/new.10/include/Tauola:/cvmfs/sphenix.sdcc.bnl.gov/alma9.2-gcc-14.2.0/release/release_new/new.10/include/inttcalib:/cvmfs/sphenix.sdcc.bnl.gov/alma9.2-gcc-14.2.0/release/release_new/new.10/include/reactionplaneafterburner:/cvmfs/sphenix.sdcc.bnl.gov/alma9.2-gcc-14.2.0/release/release_new/new.10/include/globalqa:/cvmfs/sphenix.sdcc.bnl.gov/alma9.2-gcc-14.2.0/release/release_new/new.10/include/tpccalib:/cvmfs/sphenix.sdcc.bnl.gov/alma9.2-gcc-14.2.0/release/release_new/new.10/include/DDSegmentation:/cvmfs/sphenix.sdcc.bnl.gov/alma9.2-gcc-14.2.0/release/release_new/new.10/include/decayfinder:/cvmfs/sphenix.sdcc.bnl.gov/alma9.2-gcc-14.2.0/release/release_new/new.10/include/compressclus:/cvmfs/sphenix.sdcc.bnl.gov/alma9.2-gcc-14.2.0/release/release_new/new.10/include/simqa_modules:/cvmfs/sphenix.sdcc.bnl.gov/alma9.2-gcc-14.2.0/release/release_new/new.10/include/resonancejettagging:/cvmfs/sphenix.sdcc.bnl.gov/alma9.2-gcc-14.2.0/release/release_new/new.10/include/g4centrality:/cvmfs/sphenix.sdcc.bnl.gov/alma9.2-gcc-14.2.0/release/release_new/new.10/include/mvtx:/cvmfs/sphenix.sdcc.bnl.gov/alma9.2-gcc-14.2.0/release/release_new/new.10/include/nlohmann:/cvmfs/sphenix.sdcc.bnl.gov/alma9.2-gcc-14.2.0/release/release_new/new.10/include/localpoloffmon:/cvmfs/sphenix.sdcc.bnl.gov/alma9.2-gcc-14.2.0/release/release_new/new.10/include/DDEve:/cvmfs/sphenix.sdcc.bnl.gov/alma9.2-gcc-14.2.0/release/release_new/new.10/include/Parsers:/cvmfs/sphenix.sdcc.bnl.gov/alma9.2-gcc-14.2.0/release/release_new/new.10/include/trackingdiagnostics:/cvmfs/sphenix.sdcc.bnl.gov/alma9.2-gcc-14.2.0/release/release_new/new.10/include/g4vertex:/cvmfs/sphenix.sdcc.bnl.gov/alma9.2-gcc-14.2.0/release/release_new/new.10/include/jetbase:/cvmfs/sphenix.sdcc.bnl.gov/alma9.2-gcc-14.2.0/release/release_new/new.10/include/globalvertex:/cvmfs/sphenix.sdcc.bnl.gov/alma9.2-gcc-14.2.0/release/release_new/new.10/include/phgenfit:/cvmfs/sphenix.sdcc.bnl.gov/alma9.2-gcc-14.2.0/release/release_new/new.10/include/rawbcolumi:/cvmfs/sphenix.sdcc.bnl.gov/alma9.2-gcc-14.2.0/release/release_new/new.10/include/eicsmear:/cvmfs/sphenix.sdcc.bnl.gov/alma9.2-gcc-14.2.0/release/release_new/new.10/include/mvtxcalib:/cvmfs/sphenix.sdcc.bnl.gov/alma9.2-gcc-14.2.0/release/release_new/new.10/include/tpclinelaserdiode:/cvmfs/sphenix.sdcc.bnl.gov/alma9.2-gcc-14.2.0/release/release_new/new.10/include/hepmcjettrigger:/cvmfs/sphenix.sdcc.bnl.gov/alma9.2-gcc-14.2.0/release/release_new/new.10/include/core:/cvmfs/sphenix.sdcc.bnl.gov/alma9.2-gcc-14.2.0/release/release_new/new.10/include/calo_cdb:/cvmfs/sphenix.sdcc.bnl.gov/alma9.2-gcc-14.2.0/release/release_new/new.10/include/mvtxclustershapesqa:/cvmfs/sphenix.sdcc.bnl.gov/alma9.2-gcc-14.2.0/release/release_new/new.10/include/calopacketskimmer:/cvmfs/sphenix.sdcc.bnl.gov/alma9.2-gcc-14.2.0/opt/sphenix/core/geant4.10.07.p04/include:/cvmfs/sphenix.sdcc.bnl.gov/alma9.2-gcc-14.2.0/release/release_new/new.10/rootmacros:/cvmfs/sphenix.sdcc.bnl.gov/alma9.2-gcc-14.2.0/opt/sphenix/core/include
GSEARCHPATH=.:PG:LUSTRE:RAWDATA
PWD=/gpfs/mnt/gpfs02/sphenix/user/samfred/run25/ppg11/histmaking
LOGNAME=samfred
_CONDOR_JOB_AD=/home/condor/local/sphnx/execute/dir_1427332/.job.ad
MANPATH=/cvmfs/sphenix.sdcc.bnl.gov/alma9.2-gcc-14.2.0/opt/sphenix/core/gcc/14.2.0-2f0a0/x86_64-el9/share/man:/cvmfs/sphenix.sdcc.bnl.gov/alma9.2-gcc-14.2.0/opt/sphenix/core/binutils/2.40-acaab/x86_64-el9/share/man:/cvmfs/sphenix.sdcc.bnl.gov/alma9.2-gcc-14.2.0/release/release_new/new.10/share/man:/cvmfs/sphenix.sdcc.bnl.gov/alma9.2-gcc-14.2.0/opt/sphenix/utils/share/man:/cvmfs/sphenix.sdcc.bnl.gov/alma9.2-gcc-14.2.0/opt/sphenix/core/share/man:/cvmfs/sphenix.sdcc.bnl.gov/alma9.2-gcc-14.2.0/opt/sphenix/core/root-6.32.06/man:/usr/local/share/man:/usr/share/man
PYTHIA8=/cvmfs/sphenix.sdcc.bnl.gov/alma9.2-gcc-14.2.0/release/release_new/new.10/share/Pythia8
_CONDOR_ANCESTOR_290438=1427332:1759352738:4256942268
G4INCLDATA=/cvmfs/sphenix.sdcc.bnl.gov/alma9.2-gcc-14.2.0/opt/sphenix/core/geant4.10.07.p04/share/Geant4-10.7.4/data/G4INCL1.0
ORIG_PATH=/usr/local/bin:/usr/bin
CXX=/cvmfs/sphenix.sdcc.bnl.gov/alma9.2-gcc-14.2.0/opt/sphenix/core/gcc/14.2.0-2f0a0/x86_64-el9/bin/g++
G4LEDATA=/cvmfs/sphenix.sdcc.bnl.gov/alma9.2-gcc-14.2.0/opt/sphenix/core/geant4.10.07.p04/share/Geant4-10.7.4/data/G4EMLOW7.13
PYTHON_CPU_COUNT=1
OPENBLAS_NUM_THREADS=1
_CONDOR_BIN=/usr/bin
_CONDOR_ANCESTOR_1427332=1428582:1759352738:3618292670
HOME=/sphenix/u/samfred
G4PARTICLEXSDATA=/cvmfs/sphenix.sdcc.bnl.gov/alma9.2-gcc-14.2.0/opt/sphenix/core/geant4.10.07.p04/share/Geant4-10.7.4/data/G4PARTICLEXS3.1.1
ONLINE_MAIN=/cvmfs/sphenix.sdcc.bnl.gov/alma9.2-gcc-14.2.0/release/release_new/new.10
CALIBRATIONROOT=/cvmfs/sphenix.sdcc.bnl.gov/alma9.2-gcc-14.2.0/release/release_new/new.10/share/calibrations
TMPDIR=/tmp
_CONDOR_SCRATCH_DIR=/home/condor/local/sphnx/execute/dir_1427332
PGUSER=phnxrc
NOPAYLOADCLIENT_CONF=/cvmfs/sphenix.sdcc.bnl.gov/alma9.2-gcc-14.2.0/opt/sphenix/core/etc/sPHENIX_newcdb.json
XERCESCROOT=/cvmfs/sphenix.sdcc.bnl.gov/alma9.2-gcc-14.2.0/opt/sphenix/core/geant4.10.07.p04
LHAPATH=/cvmfs/sphenix.sdcc.bnl.gov/alma9.2-gcc-14.2.0/opt/sphenix/core/lhapdf-5.9.1/share/lhapdf/PDFsets
G4NEUTRONHPDATA=/cvmfs/sphenix.sdcc.bnl.gov/alma9.2-gcc-14.2.0/opt/sphenix/core/geant4.10.07.p04/share/Geant4-10.7.4/data/G4NDL4.6
PYTHONPATH=.:/cvmfs/sphenix.sdcc.bnl.gov/alma9.2-gcc-14.2.0/release/release_new/new.10/lib/python3.13/site-packages:/cvmfs/sphenix.sdcc.bnl.gov/alma9.2-gcc-14.2.0/opt/sphenix/core/lib/python3.13/site-packages:/cvmfs/sphenix.sdcc.bnl.gov/alma9.2-gcc-14.2.0/opt/sphenix/core/root-6.32.06/lib
USER=samfred
_CONDOR_JOB_PIDS=
TEMP=/tmp
GOMAXPROCS=1
OFFLINE_MAIN=/cvmfs/sphenix.sdcc.bnl.gov/alma9.2-gcc-14.2.0/release/release_new/new.10
SHLVL=1
TF_NUM_THREADS=1
G4SAIDXSDATA=/cvmfs/sphenix.sdcc.bnl.gov/alma9.2-gcc-14.2.0/opt/sphenix/core/geant4.10.07.p04/share/Geant4-10.7.4/data/G4SAIDDATA2.0
APPTAINER_CACHEDIR=/home/condor/local/sphnx/execute/dir_1427332
ROOTSYS=/cvmfs/sphenix.sdcc.bnl.gov/alma9.2-gcc-14.2.0/opt/sphenix/core/root-6.32.06
BATCH_SYSTEM=HTCondor
_CONDOR_SLOT=slot1_49
LD_LIBRARY_PATH=/sphenix/user/samfred/run25/install//lib:/cvmfs/sphenix.sdcc.bnl.gov/alma9.2-gcc-14.2.0/opt/sphenix/core/gcc/14.2.0-2f0a0/x86_64-el9/lib:/cvmfs/sphenix.sdcc.bnl.gov/alma9.2-gcc-14.2.0/opt/sphenix/core/gcc/14.2.0-2f0a0/x86_64-el9/lib64:/cvmfs/sphenix.sdcc.bnl.gov/alma9.2-gcc-14.2.0/opt/sphenix/core/binutils/2.40-acaab/x86_64-el9/lib:.:/cvmfs/sphenix.sdcc.bnl.gov/alma9.2-gcc-14.2.0/release/release_new/new.10/lib64:/cvmfs/sphenix.sdcc.bnl.gov/alma9.2-gcc-14.2.0/release/release_new/new.10/lib:/cvmfs/sphenix.sdcc.bnl.gov/alma9.2-gcc-14.2.0/opt/sphenix/utils/lib:/cvmfs/sphenix.sdcc.bnl.gov/alma9.2-gcc-14.2.0/opt/sphenix/core/lib:/cvmfs/sphenix.sdcc.bnl.gov/alma9.2-gcc-14.2.0/opt/sphenix/core/root-6.32.06/lib:/cvmfs/sphenix.sdcc.bnl.gov/alma9.2-gcc-14.2.0/opt/sphenix/core/geant4.10.07.p04/lib64:/cvmfs/sphenix.sdcc.bnl.gov/alma9.2-gcc-14.2.0/opt/sphenix/core/lhapdf-5.9.1/lib:/usr/local/lib64:/usr/lib64
OPT_SPHENIX=/cvmfs/sphenix.sdcc.bnl.gov/alma9.2-gcc-14.2.0/opt/sphenix/core
TF_LOOP_PARALLEL_ITERATIONS=1
EVT_LIB=/cvmfs/sphenix.sdcc.bnl.gov/alma9.2-gcc-14.2.0/opt/sphenix/core/root-6.32.06/lib
PGHOST=sphnxdbmaster.sdcc.bnl.gov
_CONDOR_ANCESTOR_290403=290438:1756523320:1094172532
OMP_NUM_THREADS=1
G4REALSURFACEDATA=/cvmfs/sphenix.sdcc.bnl.gov/alma9.2-gcc-14.2.0/opt/sphenix/core/geant4.10.07.p04/share/Geant4-10.7.4/data/RealSurface2.2
FC=/cvmfs/sphenix.sdcc.bnl.gov/alma9.2-gcc-14.2.0/opt/sphenix/core/gcc/14.2.0-2f0a0/x86_64-el9/bin/gfortran
G4ABLADATA=/cvmfs/sphenix.sdcc.bnl.gov/alma9.2-gcc-14.2.0/opt/sphenix/core/geant4.10.07.p04/share/Geant4-10.7.4/data/G4ABLA3.1
PARASOFT=doesnotexist
TMP=/tmp
OPT_UTILS=/cvmfs/sphenix.sdcc.bnl.gov/alma9.2-gcc-14.2.0/opt/sphenix/utils
CONFIG_SITE=/cvmfs/sphenix.sdcc.bnl.gov/alma9.2-gcc-14.2.0/opt/sphenix/core/etc/config.site
PATH=/sphenix/user/samfred/run25/install//bin:/cvmfs/sphenix.sdcc.bnl.gov/alma9.2-gcc-14.2.0/opt/sphenix/core/gcc/14.2.0-2f0a0/x86_64-el9/bin:/cvmfs/sphenix.sdcc.bnl.gov/alma9.2-gcc-14.2.0/opt/sphenix/core/binutils/2.40-acaab/x86_64-el9/bin:.:/cvmfs/sphenix.sdcc.bnl.gov/alma9.2-gcc-14.2.0/release/release_new/new.10/bin:/cvmfs/sphenix.sdcc.bnl.gov/alma9.2-gcc-14.2.0/opt/sphenix/utils/bin:/cvmfs/sphenix.sdcc.bnl.gov/alma9.2-gcc-14.2.0/opt/sphenix/core/bin:/cvmfs/sphenix.sdcc.bnl.gov/alma9.2-gcc-14.2.0/opt/sphenix/core/root-6.32.06/bin:/cvmfs/sphenix.sdcc.bnl.gov/alma9.2-gcc-14.2.0/opt/sphenix/core/geant4.10.07.p04/bin:/usr/local/bin:/usr/bin:/usr/local/sbin:/usr/sbin
G4LEVELGAMMADATA=/cvmfs/sphenix.sdcc.bnl.gov/alma9.2-gcc-14.2.0/opt/sphenix/core/geant4.10.07.p04/share/Geant4-10.7.4/data/PhotonEvaporation5.7
CC=/cvmfs/sphenix.sdcc.bnl.gov/alma9.2-gcc-14.2.0/opt/sphenix/core/gcc/14.2.0-2f0a0/x86_64-el9/bin/gcc
G4RADIOACTIVEDATA=/cvmfs/sphenix.sdcc.bnl.gov/alma9.2-gcc-14.2.0/opt/sphenix/core/geant4.10.07.p04/share/Geant4-10.7.4/data/RadioactiveDecay5.6
JULIA_NUM_THREADS=1
MKL_NUM_THREADS=1
LHAPDF_DATA_PATH=/cvmfs/sphenix.sdcc.bnl.gov/alma9.2-gcc-14.2.0/release/release_new/new.10/share/LHAPDF
XPLOAD_CONFIG_DIR=/cvmfs/sphenix.sdcc.bnl.gov/alma9.2-gcc-14.2.0/opt/sphenix/core/etc
OLDPWD=/cvmfs/sphenix.sdcc.bnl.gov/alma9.2-gcc-14.2.0/release/release_new/new.10/geant4
_=/usr/bin/printenv
runnumber...
52618
trigger...

   ------------------------------------------------------------------
  | Welcome to ROOT 6.32.06                        https://root.cern |
  | (c) 1995-2024, The ROOT Team; conception: R. Brun, F. Rademakers |
  | Built for linuxx8664gcc on Dec 13 2024, 17:23:48                 |
  | From tags/6-32-06@6-32-06                                        |
  | With g++ (GCC) 14.2.0                                            |
  | Try '.help'/'.?', '.demo', '.license', '.credits', '.quit'/'.q'  |
   ------------------------------------------------------------------


Processing data_histmaker.C(52618)...
entry 0/956452 (0%)
entry 2000/956452 (0.209106%)
entry 3000/956452 (0.313659%)
entry 4000/956452 (0.418212%)
entry 5000/956452 (0.522765%)
entry 6000/956452 (0.627318%)
entry 7000/956452 (0.731872%)
entry 8000/956452 (0.836425%)
entry 10000/956452 (1.04553%)
entry 13000/956452 (1.35919%)
entry 14000/956452 (1.46374%)
entry 18000/956452 (1.88196%)
entry 19000/956452 (1.98651%)
entry 20000/956452 (2.09106%)
entry 22000/956452 (2.30017%)
entry 23000/956452 (2.40472%)
entry 24000/956452 (2.50927%)
entry 25000/956452 (2.61383%)
entry 26000/956452 (2.71838%)
entry 27000/956452 (2.82293%)
entry 28000/956452 (2.92749%)
entry 30000/956452 (3.13659%)
entry 31000/956452 (3.24115%)
entry 32000/956452 (3.3457%)
entry 33000/956452 (3.45025%)
entry 34000/956452 (3.5548%)
entry 36000/956452 (3.76391%)
entry 37000/956452 (3.86846%)
entry 39000/956452 (4.07757%)
entry 41000/956452 (4.28668%)
entry 42000/956452 (4.39123%)
entry 43000/956452 (4.49578%)
entry 45000/956452 (4.70489%)
entry 46000/956452 (4.80944%)
entry 47000/956452 (4.91399%)
entry 48000/956452 (5.01855%)
entry 49000/956452 (5.1231%)
entry 54000/956452 (5.64587%)
entry 56000/956452 (5.85497%)
entry 57000/956452 (5.95953%)
entry 59000/956452 (6.16863%)
entry 60000/956452 (6.27318%)
entry 61000/956452 (6.37774%)
entry 62000/956452 (6.48229%)
entry 63000/956452 (6.58684%)
entry 66000/956452 (6.9005%)
entry 67000/956452 (7.00506%)
entry 68000/956452 (7.10961%)
entry 72000/956452 (7.52782%)
entry 74000/956452 (7.73693%)
entry 75000/956452 (7.84148%)
entry 76000/956452 (7.94603%)
entry 78000/956452 (8.15514%)
entry 79000/956452 (8.25969%)
entry 80000/956452 (8.36425%)
entry 83000/956452 (8.67791%)
entry 85000/956452 (8.88701%)
entry 88000/956452 (9.20067%)
entry 90000/956452 (9.40978%)
entry 91000/956452 (9.51433%)
entry 92000/956452 (9.61888%)
entry 93000/956452 (9.72344%)
entry 94000/956452 (9.82799%)
entry 95000/956452 (9.93254%)
entry 96000/956452 (10.0371%)
entry 97000/956452 (10.1416%)
entry 98000/956452 (10.2462%)
entry 99000/956452 (10.3508%)
entry 101000/956452 (10.5599%)
entry 102000/956452 (10.6644%)
entry 103000/956452 (10.769%)
entry 107000/956452 (11.1872%)
entry 108000/956452 (11.2917%)
entry 110000/956452 (11.5008%)
entry 111000/956452 (11.6054%)
entry 113000/956452 (11.8145%)
entry 115000/956452 (12.0236%)
entry 116000/956452 (12.1282%)
entry 117000/956452 (12.2327%)
entry 119000/956452 (12.4418%)
entry 121000/956452 (12.6509%)
entry 122000/956452 (12.7555%)
entry 123000/956452 (12.86%)
entry 124000/956452 (12.9646%)
entry 125000/956452 (13.0691%)
entry 126000/956452 (13.1737%)
entry 127000/956452 (13.2782%)
entry 128000/956452 (13.3828%)
entry 129000/956452 (13.4873%)
entry 130000/956452 (13.5919%)
entry 131000/956452 (13.6965%)
entry 133000/956452 (13.9056%)
entry 134000/956452 (14.0101%)
entry 135000/956452 (14.1147%)
entry 136000/956452 (14.2192%)
entry 137000/956452 (14.3238%)
entry 138000/956452 (14.4283%)
entry 143000/956452 (14.9511%)
entry 144000/956452 (15.0556%)
entry 145000/956452 (15.1602%)
entry 147000/956452 (15.3693%)
entry 150000/956452 (15.683%)
entry 151000/956452 (15.7875%)
entry 152000/956452 (15.8921%)
entry 153000/956452 (15.9966%)
entry 156000/956452 (16.3103%)
entry 158000/956452 (16.5194%)
entry 159000/956452 (16.6239%)
entry 160000/956452 (16.7285%)
entry 161000/956452 (16.833%)
entry 162000/956452 (16.9376%)
entry 163000/956452 (17.0422%)
entry 164000/956452 (17.1467%)
entry 168000/956452 (17.5649%)
entry 169000/956452 (17.6695%)
entry 170000/956452 (17.774%)
entry 171000/956452 (17.8786%)
entry 173000/956452 (18.0877%)
entry 176000/956452 (18.4013%)
entry 177000/956452 (18.5059%)
entry 179000/956452 (18.715%)
entry 180000/956452 (18.8196%)
entry 181000/956452 (18.9241%)
entry 182000/956452 (19.0287%)
entry 183000/956452 (19.1332%)
entry 185000/956452 (19.3423%)
entry 187000/956452 (19.5514%)
entry 189000/956452 (19.7605%)
entry 191000/956452 (19.9696%)
entry 192000/956452 (20.0742%)
entry 193000/956452 (20.1787%)
entry 194000/956452 (20.2833%)
entry 195000/956452 (20.3879%)
entry 196000/956452 (20.4924%)
entry 197000/956452 (20.597%)
entry 198000/956452 (20.7015%)
entry 199000/956452 (20.8061%)
entry 201000/956452 (21.0152%)
entry 202000/956452 (21.1197%)
entry 203000/956452 (21.2243%)
entry 204000/956452 (21.3288%)
entry 205000/956452 (21.4334%)
entry 206000/956452 (21.5379%)
entry 207000/956452 (21.6425%)
entry 208000/956452 (21.747%)
entry 209000/956452 (21.8516%)
entry 210000/956452 (21.9561%)
entry 213000/956452 (22.2698%)
entry 215000/956452 (22.4789%)
entry 216000/956452 (22.5835%)
entry 217000/956452 (22.688%)
entry 218000/956452 (22.7926%)
entry 220000/956452 (23.0017%)
entry 221000/956452 (23.1062%)
entry 222000/956452 (23.2108%)
entry 228000/956452 (23.8381%)
entry 229000/956452 (23.9427%)
entry 231000/956452 (24.1518%)
entry 233000/956452 (24.3609%)
entry 234000/956452 (24.4654%)
entry 235000/956452 (24.57%)
entry 236000/956452 (24.6745%)
entry 239000/956452 (24.9882%)
entry 241000/956452 (25.1973%)
entry 244000/956452 (25.511%)
entry 245000/956452 (25.6155%)
entry 246000/956452 (25.7201%)
entry 249000/956452 (26.0337%)
entry 251000/956452 (26.2428%)
entry 252000/956452 (26.3474%)
entry 253000/956452 (26.4519%)
entry 254000/956452 (26.5565%)
entry 258000/956452 (26.9747%)
entry 259000/956452 (27.0792%)
entry 260000/956452 (27.1838%)
entry 262000/956452 (27.3929%)
entry 267000/956452 (27.9157%)
entry 268000/956452 (28.0202%)
entry 269000/956452 (28.1248%)
entry 270000/956452 (28.2293%)
entry 271000/956452 (28.3339%)
entry 272000/956452 (28.4384%)
entry 273000/956452 (28.543%)
entry 274000/956452 (28.6475%)
entry 275000/956452 (28.7521%)
entry 276000/956452 (28.8566%)
entry 277000/956452 (28.9612%)
entry 278000/956452 (29.0658%)
entry 279000/956452 (29.1703%)
entry 280000/956452 (29.2749%)
entry 281000/956452 (29.3794%)
entry 282000/956452 (29.484%)
entry 283000/956452 (29.5885%)
entry 284000/956452 (29.6931%)
entry 285000/956452 (29.7976%)
entry 286000/956452 (29.9022%)
entry 287000/956452 (30.0067%)
entry 288000/956452 (30.1113%)
entry 289000/956452 (30.2158%)
entry 292000/956452 (30.5295%)
entry 294000/956452 (30.7386%)
entry 297000/956452 (31.0523%)
entry 299000/956452 (31.2614%)
entry 300000/956452 (31.3659%)
entry 301000/956452 (31.4705%)
entry 303000/956452 (31.6796%)
entry 304000/956452 (31.7841%)
entry 306000/956452 (31.9932%)
entry 307000/956452 (32.0978%)
entry 308000/956452 (32.2023%)
entry 309000/956452 (32.3069%)
entry 310000/956452 (32.4115%)
entry 312000/956452 (32.6206%)
entry 313000/956452 (32.7251%)
entry 315000/956452 (32.9342%)
entry 317000/956452 (33.1433%)
entry 318000/956452 (33.2479%)
entry 319000/956452 (33.3524%)
entry 320000/956452 (33.457%)
entry 322000/956452 (33.6661%)
entry 323000/956452 (33.7706%)
entry 326000/956452 (34.0843%)
entry 327000/956452 (34.1889%)
entry 328000/956452 (34.2934%)
entry 329000/956452 (34.398%)
entry 330000/956452 (34.5025%)
entry 333000/956452 (34.8162%)
entry 334000/956452 (34.9207%)
entry 335000/956452 (35.0253%)
entry 339000/956452 (35.4435%)
entry 340000/956452 (35.548%)
entry 341000/956452 (35.6526%)
entry 342000/956452 (35.7572%)
entry 345000/956452 (36.0708%)
entry 346000/956452 (36.1754%)
entry 347000/956452 (36.2799%)
entry 349000/956452 (36.489%)
entry 350000/956452 (36.5936%)
entry 352000/956452 (36.8027%)
entry 358000/956452 (37.43%)
entry 359000/956452 (37.5346%)
entry 360000/956452 (37.6391%)
entry 361000/956452 (37.7437%)
entry 362000/956452 (37.8482%)
entry 363000/956452 (37.9528%)
entry 365000/956452 (38.1619%)
entry 368000/956452 (38.4755%)
entry 369000/956452 (38.5801%)
entry 370000/956452 (38.6846%)
entry 371000/956452 (38.7892%)
entry 372000/956452 (38.8937%)
entry 374000/956452 (39.1029%)
entry 375000/956452 (39.2074%)
entry 376000/956452 (39.312%)
entry 377000/956452 (39.4165%)
entry 379000/956452 (39.6256%)
entry 380000/956452 (39.7302%)
entry 383000/956452 (40.0438%)
entry 386000/956452 (40.3575%)
entry 388000/956452 (40.5666%)
entry 389000/956452 (40.6711%)
entry 390000/956452 (40.7757%)
entry 394000/956452 (41.1939%)
entry 395000/956452 (41.2985%)
entry 397000/956452 (41.5076%)
entry 398000/956452 (41.6121%)
entry 400000/956452 (41.8212%)
entry 401000/956452 (41.9258%)
entry 404000/956452 (42.2394%)
entry 405000/956452 (42.344%)
entry 406000/956452 (42.4486%)
entry 407000/956452 (42.5531%)
entry 408000/956452 (42.6577%)
entry 409000/956452 (42.7622%)
entry 411000/956452 (42.9713%)
entry 412000/956452 (43.0759%)
entry 414000/956452 (43.285%)
entry 415000/956452 (43.3895%)
entry 416000/956452 (43.4941%)
entry 417000/956452 (43.5986%)
entry 419000/956452 (43.8077%)
entry 422000/956452 (44.1214%)
entry 423000/956452 (44.226%)
entry 424000/956452 (44.3305%)
entry 426000/956452 (44.5396%)
entry 428000/956452 (44.7487%)
entry 429000/956452 (44.8533%)
entry 430000/956452 (44.9578%)
entry 431000/956452 (45.0624%)
entry 434000/956452 (45.376%)
entry 435000/956452 (45.4806%)
entry 436000/956452 (45.5851%)
entry 437000/956452 (45.6897%)
entry 440000/956452 (46.0034%)
entry 441000/956452 (46.1079%)
entry 442000/956452 (46.2125%)
entry 443000/956452 (46.317%)
entry 444000/956452 (46.4216%)
entry 445000/956452 (46.5261%)
entry 447000/956452 (46.7352%)
entry 448000/956452 (46.8398%)
entry 452000/956452 (47.258%)
entry 453000/956452 (47.3625%)
entry 455000/956452 (47.5717%)
entry 456000/956452 (47.6762%)
entry 457000/956452 (47.7808%)
entry 463000/956452 (48.4081%)
entry 464000/956452 (48.5126%)
entry 465000/956452 (48.6172%)
entry 466000/956452 (48.7217%)
entry 467000/956452 (48.8263%)
entry 468000/956452 (48.9308%)
entry 469000/956452 (49.0354%)
entry 474000/956452 (49.5582%)
entry 476000/956452 (49.7673%)
entry 477000/956452 (49.8718%)
entry 478000/956452 (49.9764%)
entry 479000/956452 (50.0809%)
entry 481000/956452 (50.29%)
entry 485000/956452 (50.7082%)
entry 487000/956452 (50.9174%)
entry 489000/956452 (51.1265%)
entry 490000/956452 (51.231%)
entry 492000/956452 (51.4401%)
entry 494000/956452 (51.6492%)
entry 495000/956452 (51.7538%)
entry 496000/956452 (51.8583%)
entry 497000/956452 (51.9629%)
entry 498000/956452 (52.0674%)
entry 499000/956452 (52.172%)
entry 501000/956452 (52.3811%)
entry 502000/956452 (52.4856%)
entry 503000/956452 (52.5902%)
entry 504000/956452 (52.6947%)
entry 505000/956452 (52.7993%)
entry 506000/956452 (52.9039%)
entry 508000/956452 (53.113%)
entry 509000/956452 (53.2175%)
entry 510000/956452 (53.3221%)
entry 511000/956452 (53.4266%)
entry 512000/956452 (53.5312%)
entry 514000/956452 (53.7403%)
entry 516000/956452 (53.9494%)
entry 517000/956452 (54.0539%)
entry 519000/956452 (54.263%)
entry 524000/956452 (54.7858%)
entry 525000/956452 (54.8904%)
entry 526000/956452 (54.9949%)
entry 527000/956452 (55.0995%)
entry 528000/956452 (55.204%)
entry 529000/956452 (55.3086%)
entry 532000/956452 (55.6222%)
entry 533000/956452 (55.7268%)
entry 534000/956452 (55.8313%)
entry 535000/956452 (55.9359%)
entry 536000/956452 (56.0404%)
entry 537000/956452 (56.145%)
entry 539000/956452 (56.3541%)
entry 541000/956452 (56.5632%)
entry 542000/956452 (56.6678%)
entry 544000/956452 (56.8769%)
entry 545000/956452 (56.9814%)
entry 546000/956452 (57.086%)
entry 547000/956452 (57.1905%)
entry 549000/956452 (57.3996%)
entry 552000/956452 (57.7133%)
entry 553000/956452 (57.8179%)
entry 556000/956452 (58.1315%)
entry 557000/956452 (58.2361%)
entry 561000/956452 (58.6543%)
entry 562000/956452 (58.7588%)
entry 563000/956452 (58.8634%)
entry 564000/956452 (58.9679%)
entry 565000/956452 (59.0725%)
entry 568000/956452 (59.3861%)
entry 571000/956452 (59.6998%)
entry 572000/956452 (59.8044%)
entry 573000/956452 (59.9089%)
entry 574000/956452 (60.0135%)
entry 578000/956452 (60.4317%)
entry 579000/956452 (60.5362%)
entry 580000/956452 (60.6408%)
entry 581000/956452 (60.7453%)
entry 582000/956452 (60.8499%)
entry 583000/956452 (60.9544%)
entry 584000/956452 (61.059%)
entry 585000/956452 (61.1636%)
entry 588000/956452 (61.4772%)
entry 589000/956452 (61.5818%)
entry 590000/956452 (61.6863%)
entry 591000/956452 (61.7909%)
entry 592000/956452 (61.8954%)
entry 594000/956452 (62.1045%)
entry 595000/956452 (62.2091%)
entry 596000/956452 (62.3136%)
entry 597000/956452 (62.4182%)
entry 598000/956452 (62.5227%)
entry 599000/956452 (62.6273%)
entry 600000/956452 (62.7318%)
entry 603000/956452 (63.0455%)
entry 607000/956452 (63.4637%)
entry 608000/956452 (63.5683%)
entry 610000/956452 (63.7774%)
entry 612000/956452 (63.9865%)
entry 614000/956452 (64.1956%)
entry 617000/956452 (64.5092%)
entry 619000/956452 (64.7184%)
entry 620000/956452 (64.8229%)
entry 621000/956452 (64.9275%)
entry 622000/956452 (65.032%)
entry 623000/956452 (65.1366%)
entry 624000/956452 (65.2411%)
entry 625000/956452 (65.3457%)
entry 626000/956452 (65.4502%)
entry 627000/956452 (65.5548%)
entry 629000/956452 (65.7639%)
entry 630000/956452 (65.8684%)
entry 633000/956452 (66.1821%)
entry 635000/956452 (66.3912%)
entry 636000/956452 (66.4958%)
entry 638000/956452 (66.7049%)
entry 639000/956452 (66.8094%)
entry 642000/956452 (67.1231%)
entry 646000/956452 (67.5413%)
entry 647000/956452 (67.6458%)
entry 650000/956452 (67.9595%)
entry 651000/956452 (68.0641%)
entry 652000/956452 (68.1686%)
entry 653000/956452 (68.2732%)
entry 655000/956452 (68.4823%)
entry 656000/956452 (68.5868%)
entry 657000/956452 (68.6914%)
entry 658000/956452 (68.7959%)
entry 659000/956452 (68.9005%)
entry 660000/956452 (69.005%)
entry 661000/956452 (69.1096%)
entry 662000/956452 (69.2141%)
entry 663000/956452 (69.3187%)
entry 664000/956452 (69.4232%)
entry 665000/956452 (69.5278%)
entry 666000/956452 (69.6324%)
entry 667000/956452 (69.7369%)
entry 670000/956452 (70.0506%)
entry 672000/956452 (70.2597%)
entry 675000/956452 (70.5733%)
entry 676000/956452 (70.6779%)
entry 678000/956452 (70.887%)
entry 679000/956452 (70.9915%)
entry 680000/956452 (71.0961%)
entry 681000/956452 (71.2006%)
entry 682000/956452 (71.3052%)
entry 683000/956452 (71.4097%)
entry 685000/956452 (71.6189%)
entry 686000/956452 (71.7234%)
entry 687000/956452 (71.828%)
entry 688000/956452 (71.9325%)
entry 689000/956452 (72.0371%)
entry 690000/956452 (72.1416%)
entry 691000/956452 (72.2462%)
entry 692000/956452 (72.3507%)
entry 693000/956452 (72.4553%)
entry 694000/956452 (72.5598%)
entry 695000/956452 (72.6644%)
entry 696000/956452 (72.7689%)
entry 697000/956452 (72.8735%)
entry 699000/956452 (73.0826%)
entry 700000/956452 (73.1872%)
entry 701000/956452 (73.2917%)
entry 702000/956452 (73.3963%)
entry 703000/956452 (73.5008%)
entry 706000/956452 (73.8145%)
entry 707000/956452 (73.919%)
entry 708000/956452 (74.0236%)
entry 709000/956452 (74.1281%)
entry 710000/956452 (74.2327%)
entry 711000/956452 (74.3372%)
entry 712000/956452 (74.4418%)
entry 714000/956452 (74.6509%)
entry 715000/956452 (74.7554%)
entry 717000/956452 (74.9646%)
entry 718000/956452 (75.0691%)
entry 720000/956452 (75.2782%)
entry 721000/956452 (75.3828%)
entry 722000/956452 (75.4873%)
entry 723000/956452 (75.5919%)
entry 725000/956452 (75.801%)
entry 726000/956452 (75.9055%)
entry 730000/956452 (76.3237%)
entry 731000/956452 (76.4283%)
entry 732000/956452 (76.5329%)
entry 735000/956452 (76.8465%)
entry 737000/956452 (77.0556%)
entry 738000/956452 (77.1602%)
entry 739000/956452 (77.2647%)
entry 740000/956452 (77.3693%)
entry 741000/956452 (77.4738%)
entry 742000/956452 (77.5784%)
entry 744000/956452 (77.7875%)
entry 746000/956452 (77.9966%)
entry 747000/956452 (78.1011%)
entry 748000/956452 (78.2057%)
entry 749000/956452 (78.3103%)
entry 751000/956452 (78.5194%)
entry 752000/956452 (78.6239%)
entry 754000/956452 (78.833%)
entry 755000/956452 (78.9376%)
entry 756000/956452 (79.0421%)
entry 757000/956452 (79.1467%)
entry 762000/956452 (79.6694%)
entry 764000/956452 (79.8786%)
entry 765000/956452 (79.9831%)
entry 766000/956452 (80.0877%)
entry 768000/956452 (80.2968%)
entry 769000/956452 (80.4013%)
entry 770000/956452 (80.5059%)
entry 771000/956452 (80.6104%)
entry 772000/956452 (80.715%)
entry 773000/956452 (80.8195%)
entry 774000/956452 (80.9241%)
entry 775000/956452 (81.0286%)
entry 776000/956452 (81.1332%)
entry 779000/956452 (81.4468%)
entry 782000/956452 (81.7605%)
entry 783000/956452 (81.8651%)
entry 786000/956452 (82.1787%)
entry 787000/956452 (82.2833%)
entry 788000/956452 (82.3878%)
entry 789000/956452 (82.4924%)
entry 791000/956452 (82.7015%)
entry 793000/956452 (82.9106%)
entry 796000/956452 (83.2242%)
entry 797000/956452 (83.3288%)
entry 798000/956452 (83.4334%)
entry 800000/956452 (83.6425%)
entry 802000/956452 (83.8516%)
entry 803000/956452 (83.9561%)
entry 804000/956452 (84.0607%)
entry 805000/956452 (84.1652%)
entry 806000/956452 (84.2698%)
entry 807000/956452 (84.3743%)
entry 808000/956452 (84.4789%)
entry 809000/956452 (84.5834%)
entry 811000/956452 (84.7925%)
entry 813000/956452 (85.0017%)
entry 815000/956452 (85.2108%)
entry 817000/956452 (85.4199%)
entry 818000/956452 (85.5244%)
entry 819000/956452 (85.629%)
entry 820000/956452 (85.7335%)
entry 822000/956452 (85.9426%)
entry 823000/956452 (86.0472%)
entry 824000/956452 (86.1517%)
entry 825000/956452 (86.2563%)
entry 826000/956452 (86.3608%)
entry 827000/956452 (86.4654%)
entry 829000/956452 (86.6745%)
entry 832000/956452 (86.9882%)
entry 833000/956452 (87.0927%)
entry 834000/956452 (87.1973%)
entry 835000/956452 (87.3018%)
entry 837000/956452 (87.5109%)
entry 838000/956452 (87.6155%)
entry 839000/956452 (87.72%)
entry 841000/956452 (87.9291%)
entry 842000/956452 (88.0337%)
entry 843000/956452 (88.1382%)
entry 844000/956452 (88.2428%)
entry 846000/956452 (88.4519%)
entry 848000/956452 (88.661%)
entry 849000/956452 (88.7656%)
entry 850000/956452 (88.8701%)
entry 851000/956452 (88.9747%)
entry 852000/956452 (89.0792%)
entry 853000/956452 (89.1838%)
entry 854000/956452 (89.2883%)
entry 855000/956452 (89.3929%)
entry 856000/956452 (89.4974%)
entry 860000/956452 (89.9156%)
entry 863000/956452 (90.2293%)
entry 864000/956452 (90.3339%)
entry 865000/956452 (90.4384%)
entry 867000/956452 (90.6475%)
entry 868000/956452 (90.7521%)
entry 870000/956452 (90.9612%)
entry 872000/956452 (91.1703%)
entry 873000/956452 (91.2748%)
entry 874000/956452 (91.3794%)
entry 876000/956452 (91.5885%)
entry 877000/956452 (91.693%)
entry 878000/956452 (91.7976%)
entry 879000/956452 (91.9022%)
entry 880000/956452 (92.0067%)
entry 881000/956452 (92.1113%)
entry 883000/956452 (92.3204%)
entry 884000/956452 (92.4249%)
entry 885000/956452 (92.5295%)
entry 886000/956452 (92.634%)
entry 887000/956452 (92.7386%)
entry 888000/956452 (92.8431%)
entry 891000/956452 (93.1568%)
entry 893000/956452 (93.3659%)
entry 894000/956452 (93.4704%)
entry 896000/956452 (93.6796%)
entry 897000/956452 (93.7841%)
entry 898000/956452 (93.8887%)
entry 899000/956452 (93.9932%)
entry 900000/956452 (94.0978%)
entry 901000/956452 (94.2023%)
entry 903000/956452 (94.4114%)
entry 904000/956452 (94.516%)
entry 908000/956452 (94.9342%)
entry 910000/956452 (95.1433%)
entry 912000/956452 (95.3524%)
entry 913000/956452 (95.457%)
entry 914000/956452 (95.5615%)
entry 915000/956452 (95.6661%)
entry 917000/956452 (95.8752%)
entry 918000/956452 (95.9797%)
entry 919000/956452 (96.0843%)
entry 920000/956452 (96.1888%)
entry 921000/956452 (96.2934%)
entry 922000/956452 (96.3979%)
entry 923000/956452 (96.5025%)
entry 924000/956452 (96.607%)
entry 925000/956452 (96.7116%)
entry 927000/956452 (96.9207%)
entry 930000/956452 (97.2344%)
entry 931000/956452 (97.3389%)
entry 933000/956452 (97.548%)
entry 935000/956452 (97.7571%)
entry 937000/956452 (97.9662%)
entry 940000/956452 (98.2799%)
entry 943000/956452 (98.5936%)
entry 944000/956452 (98.6981%)
entry 945000/956452 (98.8027%)
entry 946000/956452 (98.9072%)
entry 947000/956452 (99.0118%)
entry 950000/956452 (99.3254%)
entry 951000/956452 (99.43%)
entry 952000/956452 (99.5345%)
entry 954000/956452 (99.7436%)
all done
script done
