sphnx1148.sdcc.bnl.gov
rsyncing from /gpfs/mnt/gpfs02/sphenix/user/samfred/run25/ppg11/histmaking
running: /gpfs/mnt/gpfs02/sphenix/user/samfred/run25/ppg11/histmaking/script_data.sh 52685
LD_LIBRARY_PATH now /sphenix/user/samfred/run25/install//lib:/cvmfs/sphenix.sdcc.bnl.gov/alma9.2-gcc-14.2.0/opt/sphenix/core/gcc/14.2.0-2f0a0/x86_64-el9/lib:/cvmfs/sphenix.sdcc.bnl.gov/alma9.2-gcc-14.2.0/opt/sphenix/core/gcc/14.2.0-2f0a0/x86_64-el9/lib64:/cvmfs/sphenix.sdcc.bnl.gov/alma9.2-gcc-14.2.0/opt/sphenix/core/binutils/2.40-acaab/x86_64-el9/lib:.:/cvmfs/sphenix.sdcc.bnl.gov/alma9.2-gcc-14.2.0/release/release_new/new.10/lib64:/cvmfs/sphenix.sdcc.bnl.gov/alma9.2-gcc-14.2.0/release/release_new/new.10/lib:/cvmfs/sphenix.sdcc.bnl.gov/alma9.2-gcc-14.2.0/opt/sphenix/utils/lib:/cvmfs/sphenix.sdcc.bnl.gov/alma9.2-gcc-14.2.0/opt/sphenix/core/lib:/cvmfs/sphenix.sdcc.bnl.gov/alma9.2-gcc-14.2.0/opt/sphenix/core/root-6.32.06/lib:/cvmfs/sphenix.sdcc.bnl.gov/alma9.2-gcc-14.2.0/opt/sphenix/core/geant4.10.07.p04/lib64:/cvmfs/sphenix.sdcc.bnl.gov/alma9.2-gcc-14.2.0/opt/sphenix/core/lhapdf-5.9.1/lib:/usr/local/lib64:/usr/lib64
PATH now /sphenix/user/samfred/run25/install//bin:/cvmfs/sphenix.sdcc.bnl.gov/alma9.2-gcc-14.2.0/opt/sphenix/core/gcc/14.2.0-2f0a0/x86_64-el9/bin:/cvmfs/sphenix.sdcc.bnl.gov/alma9.2-gcc-14.2.0/opt/sphenix/core/binutils/2.40-acaab/x86_64-el9/bin:.:/cvmfs/sphenix.sdcc.bnl.gov/alma9.2-gcc-14.2.0/release/release_new/new.10/bin:/cvmfs/sphenix.sdcc.bnl.gov/alma9.2-gcc-14.2.0/opt/sphenix/utils/bin:/cvmfs/sphenix.sdcc.bnl.gov/alma9.2-gcc-14.2.0/opt/sphenix/core/bin:/cvmfs/sphenix.sdcc.bnl.gov/alma9.2-gcc-14.2.0/opt/sphenix/core/root-6.32.06/bin:/cvmfs/sphenix.sdcc.bnl.gov/alma9.2-gcc-14.2.0/opt/sphenix/core/geant4.10.07.p04/bin:/usr/local/bin:/usr/bin:/usr/local/sbin:/usr/sbin
SINGULARITY_CACHEDIR=/home/condor/local/sphnx/execute/dir_3871778
_CONDOR_CHIRP_CONFIG=/home/condor/local/sphnx/execute/dir_3871778/.chirp.config
_CONDOR_JOB_IWD=/sphenix/user/samfred/run25/ppg11/histmaking
G4ENSDFSTATEDATA=/cvmfs/sphenix.sdcc.bnl.gov/alma9.2-gcc-14.2.0/opt/sphenix/core/geant4.10.07.p04/share/Geant4-10.7.4/data/G4ENSDFSTATE2.3
_CONDOR_MACHINE_AD=/home/condor/local/sphnx/execute/dir_3871778/.machine.ad
ROOT_MAX_THREADS=1
NUMEXPR_NUM_THREADS=1
CUBACORES=1
_CHIRP_DELAYED_UPDATE_PREFIX=Chirp*
OMP_THREAD_LIMIT=1
G4PIIDATA=/cvmfs/sphenix.sdcc.bnl.gov/alma9.2-gcc-14.2.0/opt/sphenix/core/geant4.10.07.p04/share/Geant4-10.7.4/data/G4PII1.3
NO_AT_BRIDGE=1
G4_MAIN=/cvmfs/sphenix.sdcc.bnl.gov/alma9.2-gcc-14.2.0/opt/sphenix/core/geant4.10.07.p04
COMPILER_PATH=/cvmfs/sphenix.sdcc.bnl.gov/alma9.2-gcc-14.2.0/opt/sphenix/core/gcc/14.2.0-2f0a0/x86_64-el9
ROOT_INCLUDE_PATH=./:/sphenix/user/samfred/run25/install//include:/sphenix/user/samfred/run25/install//include/caloana:/sphenix/user/samfred/run25/install//include/qa_centrality:/sphenix/user/samfred/run25/install//include/mbdana:/sphenix/user/samfred/run25/install//include/centrality:/sphenix/user/samfred/run25/install//include/Event:/cvmfs/sphenix.sdcc.bnl.gov/alma9.2-gcc-14.2.0/release/release_new/new.10/include:/cvmfs/sphenix.sdcc.bnl.gov/alma9.2-gcc-14.2.0/release/release_new/new.10/include:/cvmfs/sphenix.sdcc.bnl.gov/alma9.2-gcc-14.2.0/release/release_new/new.10/include/g4mbd:/cvmfs/sphenix.sdcc.bnl.gov/alma9.2-gcc-14.2.0/release/release_new/new.10/include/fmt:/cvmfs/sphenix.sdcc.bnl.gov/alma9.2-gcc-14.2.0/release/release_new/new.10/include/ffarawobjects:/cvmfs/sphenix.sdcc.bnl.gov/alma9.2-gcc-14.2.0/release/release_new/new.10/include/JSON:/cvmfs/sphenix.sdcc.bnl.gov/alma9.2-gcc-14.2.0/release/release_new/new.10/include/calotreegen:/cvmfs/sphenix.sdcc.bnl.gov/alma9.2-gcc-14.2.0/release/release_new/new.10/include/torch:/cvmfs/sphenix.sdcc.bnl.gov/alma9.2-gcc-14.2.0/release/release_new/new.10/include/g4detectors:/cvmfs/sphenix.sdcc.bnl.gov/alma9.2-gcc-14.2.0/release/release_new/new.10/include/kineto:/cvmfs/sphenix.sdcc.bnl.gov/alma9.2-gcc-14.2.0/release/release_new/new.10/include/g4decayer:/cvmfs/sphenix.sdcc.bnl.gov/alma9.2-gcc-14.2.0/release/release_new/new.10/include/kfparticleqa:/cvmfs/sphenix.sdcc.bnl.gov/alma9.2-gcc-14.2.0/release/release_new/new.10/include/phfield:/cvmfs/sphenix.sdcc.bnl.gov/alma9.2-gcc-14.2.0/release/release_new/new.10/include/LHAPDF:/cvmfs/sphenix.sdcc.bnl.gov/alma9.2-gcc-14.2.0/release/release_new/new.10/include/readdigitalcurrents:/cvmfs/sphenix.sdcc.bnl.gov/alma9.2-gcc-14.2.0/release/release_new/new.10/include/c10:/cvmfs/sphenix.sdcc.bnl.gov/alma9.2-gcc-14.2.0/release/release_new/new.10/include/calovalid:/cvmfs/sphenix.sdcc.bnl.gov/alma9.2-gcc-14.2.0/release/release_new/new.10/include/oneapi:/cvmfs/sphenix.sdcc.bnl.gov/alma9.2-gcc-14.2.0/release/release_new/new.10/include/DDCond:/cvmfs/sphenix.sdcc.bnl.gov/alma9.2-gcc-14.2.0/release/release_new/new.10/include/g4tracking:/cvmfs/sphenix.sdcc.bnl.gov/alma9.2-gcc-14.2.0/release/release_new/new.10/include/litecaloeval:/cvmfs/sphenix.sdcc.bnl.gov/alma9.2-gcc-14.2.0/release/release_new/new.10/include/g4intt:/cvmfs/sphenix.sdcc.bnl.gov/alma9.2-gcc-14.2.0/release/release_new/new.10/include/phool:/cvmfs/sphenix.sdcc.bnl.gov/alma9.2-gcc-14.2.0/release/release_new/new.10/include/boost:/cvmfs/sphenix.sdcc.bnl.gov/alma9.2-gcc-14.2.0/release/release_new/new.10/include/Pythia8Plugins:/cvmfs/sphenix.sdcc.bnl.gov/alma9.2-gcc-14.2.0/release/release_new/new.10/include/calib_emc_pi0:/cvmfs/sphenix.sdcc.bnl.gov/alma9.2-gcc-14.2.0/release/release_new/new.10/include/hijingflipafterburner:/cvmfs/sphenix.sdcc.bnl.gov/alma9.2-gcc-14.2.0/release/release_new/new.10/include/ffaobjects:/cvmfs/sphenix.sdcc.bnl.gov/alma9.2-gcc-14.2.0/release/release_new/new.10/include/EvtGenBase:/cvmfs/sphenix.sdcc.bnl.gov/alma9.2-gcc-14.2.0/release/release_new/new.10/include/flowafterburner:/cvmfs/sphenix.sdcc.bnl.gov/alma9.2-gcc-14.2.0/release/release_new/new.10/include/google:/cvmfs/sphenix.sdcc.bnl.gov/alma9.2-gcc-14.2.0/release/release_new/new.10/include/g4tpc:/cvmfs/sphenix.sdcc.bnl.gov/alma9.2-gcc-14.2.0/release/release_new/new.10/include/caffe2:/cvmfs/sphenix.sdcc.bnl.gov/alma9.2-gcc-14.2.0/release/release_new/new.10/include/EvtGenExternal:/cvmfs/sphenix.sdcc.bnl.gov/alma9.2-gcc-14.2.0/release/release_new/new.10/include/fp16:/cvmfs/sphenix.sdcc.bnl.gov/alma9.2-gcc-14.2.0/release/release_new/new.10/include/ffamodules:/cvmfs/sphenix.sdcc.bnl.gov/alma9.2-gcc-14.2.0/release/release_new/new.10/include/uspin:/cvmfs/sphenix.sdcc.bnl.gov/alma9.2-gcc-14.2.0/release/release_new/new.10/include/Herwig:/cvmfs/sphenix.sdcc.bnl.gov/alma9.2-gcc-14.2.0/release/release_new/new.10/include/genfitexp:/cvmfs/sphenix.sdcc.bnl.gov/alma9.2-gcc-14.2.0/release/release_new/new.10/include/XML:/cvmfs/sphenix.sdcc.bnl.gov/alma9.2-gcc-14.2.0/release/release_new/new.10/include/fbgemm:/cvmfs/sphenix.sdcc.bnl.gov/alma9.2-gcc-14.2.0/release/release_new/new.10/include/DDAlign:/cvmfs/sphenix.sdcc.bnl.gov/alma9.2-gcc-14.2.0/release/release_new/new.10/include/g4mvtx:/cvmfs/sphenix.sdcc.bnl.gov/alma9.2-gcc-14.2.0/release/release_new/new.10/include/kfparticle_sphenix:/cvmfs/sphenix.sdcc.bnl.gov/alma9.2-gcc-14.2.0/release/release_new/new.10/include/fun4all:/cvmfs/sphenix.sdcc.bnl.gov/alma9.2-gcc-14.2.0/release/release_new/new.10/include/intt:/cvmfs/sphenix.sdcc.bnl.gov/alma9.2-gcc-14.2.0/release/release_new/new.10/include/eventdisplay:/cvmfs/sphenix.sdcc.bnl.gov/alma9.2-gcc-14.2.0/release/release_new/new.10/include/EvtGen:/cvmfs/sphenix.sdcc.bnl.gov/alma9.2-gcc-14.2.0/release/release_new/new.10/include/Evaluator:/cvmfs/sphenix.sdcc.bnl.gov/alma9.2-gcc-14.2.0/release/release_new/new.10/include/tpc:/cvmfs/sphenix.sdcc.bnl.gov/alma9.2-gcc-14.2.0/release/release_new/new.10/include/GenFit:/cvmfs/sphenix.sdcc.bnl.gov/alma9.2-gcc-14.2.0/release/release_new/new.10/include/prototype4:/cvmfs/sphenix.sdcc.bnl.gov/alma9.2-gcc-14.2.0/release/release_new/new.10/include/caloembedding:/cvmfs/sphenix.sdcc.bnl.gov/alma9.2-gcc-14.2.0/release/release_new/new.10/include/EvtGenModels:/cvmfs/sphenix.sdcc.bnl.gov/alma9.2-gcc-14.2.0/release/release_new/new.10/include/fastjet:/cvmfs/sphenix.sdcc.bnl.gov/alma9.2-gcc-14.2.0/release/release_new/new.10/include/DDG4:/cvmfs/sphenix.sdcc.bnl.gov/alma9.2-gcc-14.2.0/release/release_new/new.10/include/mbd:/cvmfs/sphenix.sdcc.bnl.gov/alma9.2-gcc-14.2.0/release/release_new/new.10/include/tbb:/cvmfs/sphenix.sdcc.bnl.gov/alma9.2-gcc-14.2.0/release/release_new/new.10/include/phgeom:/cvmfs/sphenix.sdcc.bnl.gov/alma9.2-gcc-14.2.0/release/release_new/new.10/include/g4epd:/cvmfs/sphenix.sdcc.bnl.gov/alma9.2-gcc-14.2.0/release/release_new/new.10/include/oncal:/cvmfs/sphenix.sdcc.bnl.gov/alma9.2-gcc-14.2.0/release/release_new/new.10/include/pybind11:/cvmfs/sphenix.sdcc.bnl.gov/alma9.2-gcc-14.2.0/release/release_new/new.10/include/tpcdistgenerator:/cvmfs/sphenix.sdcc.bnl.gov/alma9.2-gcc-14.2.0/release/release_new/new.10/include/cdbobjects:/cvmfs/sphenix.sdcc.bnl.gov/alma9.2-gcc-14.2.0/release/release_new/new.10/include/g4micromegas:/cvmfs/sphenix.sdcc.bnl.gov/alma9.2-gcc-14.2.0/release/release_new/new.10/include/g4eval:/cvmfs/sphenix.sdcc.bnl.gov/alma9.2-gcc-14.2.0/release/release_new/new.10/include/jetbackground:/cvmfs/sphenix.sdcc.bnl.gov/alma9.2-gcc-14.2.0/release/release_new/new.10/include/micromegas:/cvmfs/sphenix.sdcc.bnl.gov/alma9.2-gcc-14.2.0/release/release_new/new.10/include/hftrackefficiency:/cvmfs/sphenix.sdcc.bnl.gov/alma9.2-gcc-14.2.0/release/release_new/new.10/include/inttrawhitqa:/cvmfs/sphenix.sdcc.bnl.gov/alma9.2-gcc-14.2.0/release/release_new/new.10/include/centrality:/cvmfs/sphenix.sdcc.bnl.gov/alma9.2-gcc-14.2.0/release/release_new/new.10/include/epd:/cvmfs/sphenix.sdcc.bnl.gov/alma9.2-gcc-14.2.0/release/release_new/new.10/include/caloreco:/cvmfs/sphenix.sdcc.bnl.gov/alma9.2-gcc-14.2.0/release/release_new/new.10/include/HepMC:/cvmfs/sphenix.sdcc.bnl.gov/alma9.2-gcc-14.2.0/release/release_new/new.10/include/CLHEP:/cvmfs/sphenix.sdcc.bnl.gov/alma9.2-gcc-14.2.0/release/release_new/new.10/include/Acts:/cvmfs/sphenix.sdcc.bnl.gov/alma9.2-gcc-14.2.0/release/release_new/new.10/include/g4histos:/cvmfs/sphenix.sdcc.bnl.gov/alma9.2-gcc-14.2.0/release/release_new/new.10/include/eventplaneinfo:/cvmfs/sphenix.sdcc.bnl.gov/alma9.2-gcc-14.2.0/release/release_new/new.10/include/fillspacechargemaps:/cvmfs/sphenix.sdcc.bnl.gov/alma9.2-gcc-14.2.0/release/release_new/new.10/include/phhepmc:/cvmfs/sphenix.sdcc.bnl.gov/alma9.2-gcc-14.2.0/release/release_new/new.10/include/trackingqa:/cvmfs/sphenix.sdcc.bnl.gov/alma9.2-gcc-14.2.0/release/release_new/new.10/include/qautils:/cvmfs/sphenix.sdcc.bnl.gov/alma9.2-gcc-14.2.0/release/release_new/new.10/include/trackreco:/cvmfs/sphenix.sdcc.bnl.gov/alma9.2-gcc-14.2.0/release/release_new/new.10/include/g4ohcal:/cvmfs/sphenix.sdcc.bnl.gov/alma9.2-gcc-14.2.0/release/release_new/new.10/include/tpcdvcalib:/cvmfs/sphenix.sdcc.bnl.gov/alma9.2-gcc-14.2.0/release/release_new/new.10/include/zdcinfo:/cvmfs/sphenix.sdcc.bnl.gov/alma9.2-gcc-14.2.0/release/release_new/new.10/include/phpythia8:/cvmfs/sphenix.sdcc.bnl.gov/alma9.2-gcc-14.2.0/release/release_new/new.10/include/fun4allutils:/cvmfs/sphenix.sdcc.bnl.gov/alma9.2-gcc-14.2.0/release/release_new/new.10/include/tpcqa:/cvmfs/sphenix.sdcc.bnl.gov/alma9.2-gcc-14.2.0/release/release_new/new.10/include/Pythia8:/cvmfs/sphenix.sdcc.bnl.gov/alma9.2-gcc-14.2.0/release/release_new/new.10/include/DDRec:/cvmfs/sphenix.sdcc.bnl.gov/alma9.2-gcc-14.2.0/release/release_new/new.10/include/DDDigi:/cvmfs/sphenix.sdcc.bnl.gov/alma9.2-gcc-14.2.0/release/release_new/new.10/include/g4ihcal:/cvmfs/sphenix.sdcc.bnl.gov/alma9.2-gcc-14.2.0/release/release_new/new.10/include/frog:/cvmfs/sphenix.sdcc.bnl.gov/alma9.2-gcc-14.2.0/release/release_new/new.10/include/eigen3:/cvmfs/sphenix.sdcc.bnl.gov/alma9.2-gcc-14.2.0/release/release_new/new.10/include/tensorpipe:/cvmfs/sphenix.sdcc.bnl.gov/alma9.2-gcc-14.2.0/release/release_new/new.10/include/sphenixnpc:/cvmfs/sphenix.sdcc.bnl.gov/alma9.2-gcc-14.2.0/release/release_new/new.10/include/siscone:/cvmfs/sphenix.sdcc.bnl.gov/alma9.2-gcc-14.2.0/release/release_new/new.10/include/pmonitor:/cvmfs/sphenix.sdcc.bnl.gov/alma9.2-gcc-14.2.0/release/release_new/new.10/include/calobase:/cvmfs/sphenix.sdcc.bnl.gov/alma9.2-gcc-14.2.0/release/release_new/new.10/include/ActsExamples:/cvmfs/sphenix.sdcc.bnl.gov/alma9.2-gcc-14.2.0/release/release_new/new.10/include/g4gdml:/cvmfs/sphenix.sdcc.bnl.gov/alma9.2-gcc-14.2.0/release/release_new/new.10/include/mvtx_decoder:/cvmfs/sphenix.sdcc.bnl.gov/alma9.2-gcc-14.2.0/release/release_new/new.10/include/ROOT:/cvmfs/sphenix.sdcc.bnl.gov/alma9.2-gcc-14.2.0/release/release_new/new.10/include/phparameter:/cvmfs/sphenix.sdcc.bnl.gov/alma9.2-gcc-14.2.0/release/release_new/new.10/include/rsa:/cvmfs/sphenix.sdcc.bnl.gov/alma9.2-gcc-14.2.0/release/release_new/new.10/include/fun4allraw:/cvmfs/sphenix.sdcc.bnl.gov/alma9.2-gcc-14.2.0/release/release_new/new.10/include/trackbase_historic:/cvmfs/sphenix.sdcc.bnl.gov/alma9.2-gcc-14.2.0/release/release_new/new.10/include/g4jets:/cvmfs/sphenix.sdcc.bnl.gov/alma9.2-gcc-14.2.0/release/release_new/new.10/include/jetqa:/cvmfs/sphenix.sdcc.bnl.gov/alma9.2-gcc-14.2.0/release/release_new/new.10/include/phoolraw:/cvmfs/sphenix.sdcc.bnl.gov/alma9.2-gcc-14.2.0/release/release_new/new.10/include/g4calo:/cvmfs/sphenix.sdcc.bnl.gov/alma9.2-gcc-14.2.0/release/release_new/new.10/include/mvtxrawhitqa:/cvmfs/sphenix.sdcc.bnl.gov/alma9.2-gcc-14.2.0/release/release_new/new.10/include/HepMC3:/cvmfs/sphenix.sdcc.bnl.gov/alma9.2-gcc-14.2.0/release/release_new/new.10/include/calowaveformsim:/cvmfs/sphenix.sdcc.bnl.gov/alma9.2-gcc-14.2.0/release/release_new/new.10/include/g4caloprototype:/cvmfs/sphenix.sdcc.bnl.gov/alma9.2-gcc-14.2.0/release/release_new/new.10/include/pdbcalbase:/cvmfs/sphenix.sdcc.bnl.gov/alma9.2-gcc-14.2.0/release/release_new/new.10/include/gsl:/cvmfs/sphenix.sdcc.bnl.gov/alma9.2-gcc-14.2.0/release/release_new/new.10/include/nodedump:/cvmfs/sphenix.sdcc.bnl.gov/alma9.2-gcc-14.2.0/release/release_new/new.10/include/emcnoisytowerfinder:/cvmfs/sphenix.sdcc.bnl.gov/alma9.2-gcc-14.2.0/release/release_new/new.10/include/ActsFatras:/cvmfs/sphenix.sdcc.bnl.gov/alma9.2-gcc-14.2.0/release/release_new/new.10/include/ffarawmodules:/cvmfs/sphenix.sdcc.bnl.gov/alma9.2-gcc-14.2.0/release/release_new/new.10/include/Event:/cvmfs/sphenix.sdcc.bnl.gov/alma9.2-gcc-14.2.0/release/release_new/new.10/include/prototype3:/cvmfs/sphenix.sdcc.bnl.gov/alma9.2-gcc-14.2.0/release/release_new/new.10/include/fermimotionafterburner:/cvmfs/sphenix.sdcc.bnl.gov/alma9.2-gcc-14.2.0/release/release_new/new.10/include/Photos:/cvmfs/sphenix.sdcc.bnl.gov/alma9.2-gcc-14.2.0/release/release_new/new.10/include/xingshiftcal:/cvmfs/sphenix.sdcc.bnl.gov/alma9.2-gcc-14.2.0/release/release_new/new.10/include/trackbase:/cvmfs/sphenix.sdcc.bnl.gov/alma9.2-gcc-14.2.0/release/release_new/new.10/include/jetdstskimmer:/cvmfs/sphenix.sdcc.bnl.gov/alma9.2-gcc-14.2.0/release/release_new/new.10/include/clusteriso:/cvmfs/sphenix.sdcc.bnl.gov/alma9.2-gcc-14.2.0/release/release_new/new.10/include/asmjit:/cvmfs/sphenix.sdcc.bnl.gov/alma9.2-gcc-14.2.0/release/release_new/new.10/include/particleflowreco:/cvmfs/sphenix.sdcc.bnl.gov/alma9.2-gcc-14.2.0/release/release_new/new.10/include/tpchittrackdisplay:/cvmfs/sphenix.sdcc.bnl.gov/alma9.2-gcc-14.2.0/release/release_new/new.10/include/caloana:/cvmfs/sphenix.sdcc.bnl.gov/alma9.2-gcc-14.2.0/release/release_new/new.10/include/calotrigger:/cvmfs/sphenix.sdcc.bnl.gov/alma9.2-gcc-14.2.0/release/release_new/new.10/include/nopayloadclient:/cvmfs/sphenix.sdcc.bnl.gov/alma9.2-gcc-14.2.0/release/release_new/new.10/include/trackermillepedealignment:/cvmfs/sphenix.sdcc.bnl.gov/alma9.2-gcc-14.2.0/release/release_new/new.10/include/DD4hep:/cvmfs/sphenix.sdcc.bnl.gov/alma9.2-gcc-14.2.0/release/release_new/new.10/include/g4trackfastsim:/cvmfs/sphenix.sdcc.bnl.gov/alma9.2-gcc-14.2.0/release/release_new/new.10/include/prototype2:/cvmfs/sphenix.sdcc.bnl.gov/alma9.2-gcc-14.2.0/release/release_new/new.10/include/ATen:/cvmfs/sphenix.sdcc.bnl.gov/alma9.2-gcc-14.2.0/release/release_new/new.10/include/g4main:/cvmfs/sphenix.sdcc.bnl.gov/alma9.2-gcc-14.2.0/release/release_new/new.10/include/Tauola:/cvmfs/sphenix.sdcc.bnl.gov/alma9.2-gcc-14.2.0/release/release_new/new.10/include/inttcalib:/cvmfs/sphenix.sdcc.bnl.gov/alma9.2-gcc-14.2.0/release/release_new/new.10/include/reactionplaneafterburner:/cvmfs/sphenix.sdcc.bnl.gov/alma9.2-gcc-14.2.0/release/release_new/new.10/include/globalqa:/cvmfs/sphenix.sdcc.bnl.gov/alma9.2-gcc-14.2.0/release/release_new/new.10/include/tpccalib:/cvmfs/sphenix.sdcc.bnl.gov/alma9.2-gcc-14.2.0/release/release_new/new.10/include/DDSegmentation:/cvmfs/sphenix.sdcc.bnl.gov/alma9.2-gcc-14.2.0/release/release_new/new.10/include/decayfinder:/cvmfs/sphenix.sdcc.bnl.gov/alma9.2-gcc-14.2.0/release/release_new/new.10/include/compressclus:/cvmfs/sphenix.sdcc.bnl.gov/alma9.2-gcc-14.2.0/release/release_new/new.10/include/simqa_modules:/cvmfs/sphenix.sdcc.bnl.gov/alma9.2-gcc-14.2.0/release/release_new/new.10/include/resonancejettagging:/cvmfs/sphenix.sdcc.bnl.gov/alma9.2-gcc-14.2.0/release/release_new/new.10/include/g4centrality:/cvmfs/sphenix.sdcc.bnl.gov/alma9.2-gcc-14.2.0/release/release_new/new.10/include/mvtx:/cvmfs/sphenix.sdcc.bnl.gov/alma9.2-gcc-14.2.0/release/release_new/new.10/include/nlohmann:/cvmfs/sphenix.sdcc.bnl.gov/alma9.2-gcc-14.2.0/release/release_new/new.10/include/localpoloffmon:/cvmfs/sphenix.sdcc.bnl.gov/alma9.2-gcc-14.2.0/release/release_new/new.10/include/DDEve:/cvmfs/sphenix.sdcc.bnl.gov/alma9.2-gcc-14.2.0/release/release_new/new.10/include/Parsers:/cvmfs/sphenix.sdcc.bnl.gov/alma9.2-gcc-14.2.0/release/release_new/new.10/include/trackingdiagnostics:/cvmfs/sphenix.sdcc.bnl.gov/alma9.2-gcc-14.2.0/release/release_new/new.10/include/g4vertex:/cvmfs/sphenix.sdcc.bnl.gov/alma9.2-gcc-14.2.0/release/release_new/new.10/include/jetbase:/cvmfs/sphenix.sdcc.bnl.gov/alma9.2-gcc-14.2.0/release/release_new/new.10/include/globalvertex:/cvmfs/sphenix.sdcc.bnl.gov/alma9.2-gcc-14.2.0/release/release_new/new.10/include/phgenfit:/cvmfs/sphenix.sdcc.bnl.gov/alma9.2-gcc-14.2.0/release/release_new/new.10/include/rawbcolumi:/cvmfs/sphenix.sdcc.bnl.gov/alma9.2-gcc-14.2.0/release/release_new/new.10/include/eicsmear:/cvmfs/sphenix.sdcc.bnl.gov/alma9.2-gcc-14.2.0/release/release_new/new.10/include/mvtxcalib:/cvmfs/sphenix.sdcc.bnl.gov/alma9.2-gcc-14.2.0/release/release_new/new.10/include/tpclinelaserdiode:/cvmfs/sphenix.sdcc.bnl.gov/alma9.2-gcc-14.2.0/release/release_new/new.10/include/hepmcjettrigger:/cvmfs/sphenix.sdcc.bnl.gov/alma9.2-gcc-14.2.0/release/release_new/new.10/include/core:/cvmfs/sphenix.sdcc.bnl.gov/alma9.2-gcc-14.2.0/release/release_new/new.10/include/calo_cdb:/cvmfs/sphenix.sdcc.bnl.gov/alma9.2-gcc-14.2.0/release/release_new/new.10/include/mvtxclustershapesqa:/cvmfs/sphenix.sdcc.bnl.gov/alma9.2-gcc-14.2.0/release/release_new/new.10/include/calopacketskimmer:/cvmfs/sphenix.sdcc.bnl.gov/alma9.2-gcc-14.2.0/opt/sphenix/core/geant4.10.07.p04/include:/cvmfs/sphenix.sdcc.bnl.gov/alma9.2-gcc-14.2.0/release/release_new/new.10/rootmacros:/cvmfs/sphenix.sdcc.bnl.gov/alma9.2-gcc-14.2.0/opt/sphenix/core/include
GSEARCHPATH=.:PG:LUSTRE:RAWDATA
PWD=/gpfs/mnt/gpfs02/sphenix/user/samfred/run25/ppg11/histmaking
LOGNAME=samfred
_CONDOR_JOB_AD=/home/condor/local/sphnx/execute/dir_3871778/.job.ad
MANPATH=/cvmfs/sphenix.sdcc.bnl.gov/alma9.2-gcc-14.2.0/opt/sphenix/core/gcc/14.2.0-2f0a0/x86_64-el9/share/man:/cvmfs/sphenix.sdcc.bnl.gov/alma9.2-gcc-14.2.0/opt/sphenix/core/binutils/2.40-acaab/x86_64-el9/share/man:/cvmfs/sphenix.sdcc.bnl.gov/alma9.2-gcc-14.2.0/release/release_new/new.10/share/man:/cvmfs/sphenix.sdcc.bnl.gov/alma9.2-gcc-14.2.0/opt/sphenix/utils/share/man:/cvmfs/sphenix.sdcc.bnl.gov/alma9.2-gcc-14.2.0/opt/sphenix/core/share/man:/cvmfs/sphenix.sdcc.bnl.gov/alma9.2-gcc-14.2.0/opt/sphenix/core/root-6.32.06/man:/usr/local/share/man:/usr/share/man
PYTHIA8=/cvmfs/sphenix.sdcc.bnl.gov/alma9.2-gcc-14.2.0/release/release_new/new.10/share/Pythia8
G4INCLDATA=/cvmfs/sphenix.sdcc.bnl.gov/alma9.2-gcc-14.2.0/opt/sphenix/core/geant4.10.07.p04/share/Geant4-10.7.4/data/G4INCL1.0
ORIG_PATH=/usr/local/bin:/usr/bin
CXX=/cvmfs/sphenix.sdcc.bnl.gov/alma9.2-gcc-14.2.0/opt/sphenix/core/gcc/14.2.0-2f0a0/x86_64-el9/bin/g++
G4LEDATA=/cvmfs/sphenix.sdcc.bnl.gov/alma9.2-gcc-14.2.0/opt/sphenix/core/geant4.10.07.p04/share/Geant4-10.7.4/data/G4EMLOW7.13
PYTHON_CPU_COUNT=1
OPENBLAS_NUM_THREADS=1
_CONDOR_BIN=/usr/bin
HOME=/sphenix/u/samfred
G4PARTICLEXSDATA=/cvmfs/sphenix.sdcc.bnl.gov/alma9.2-gcc-14.2.0/opt/sphenix/core/geant4.10.07.p04/share/Geant4-10.7.4/data/G4PARTICLEXS3.1.1
ONLINE_MAIN=/cvmfs/sphenix.sdcc.bnl.gov/alma9.2-gcc-14.2.0/release/release_new/new.10
CALIBRATIONROOT=/cvmfs/sphenix.sdcc.bnl.gov/alma9.2-gcc-14.2.0/release/release_new/new.10/share/calibrations
TMPDIR=/tmp
_CONDOR_SCRATCH_DIR=/home/condor/local/sphnx/execute/dir_3871778
PGUSER=phnxrc
NOPAYLOADCLIENT_CONF=/cvmfs/sphenix.sdcc.bnl.gov/alma9.2-gcc-14.2.0/opt/sphenix/core/etc/sPHENIX_newcdb.json
_CONDOR_ANCESTOR_342406=342441:1756523323:2584227711
XERCESCROOT=/cvmfs/sphenix.sdcc.bnl.gov/alma9.2-gcc-14.2.0/opt/sphenix/core/geant4.10.07.p04
LHAPATH=/cvmfs/sphenix.sdcc.bnl.gov/alma9.2-gcc-14.2.0/opt/sphenix/core/lhapdf-5.9.1/share/lhapdf/PDFsets
G4NEUTRONHPDATA=/cvmfs/sphenix.sdcc.bnl.gov/alma9.2-gcc-14.2.0/opt/sphenix/core/geant4.10.07.p04/share/Geant4-10.7.4/data/G4NDL4.6
PYTHONPATH=.:/cvmfs/sphenix.sdcc.bnl.gov/alma9.2-gcc-14.2.0/release/release_new/new.10/lib/python3.13/site-packages:/cvmfs/sphenix.sdcc.bnl.gov/alma9.2-gcc-14.2.0/opt/sphenix/core/lib/python3.13/site-packages:/cvmfs/sphenix.sdcc.bnl.gov/alma9.2-gcc-14.2.0/opt/sphenix/core/root-6.32.06/lib
USER=samfred
_CONDOR_JOB_PIDS=
TEMP=/tmp
GOMAXPROCS=1
OFFLINE_MAIN=/cvmfs/sphenix.sdcc.bnl.gov/alma9.2-gcc-14.2.0/release/release_new/new.10
SHLVL=1
TF_NUM_THREADS=1
G4SAIDXSDATA=/cvmfs/sphenix.sdcc.bnl.gov/alma9.2-gcc-14.2.0/opt/sphenix/core/geant4.10.07.p04/share/Geant4-10.7.4/data/G4SAIDDATA2.0
APPTAINER_CACHEDIR=/home/condor/local/sphnx/execute/dir_3871778
ROOTSYS=/cvmfs/sphenix.sdcc.bnl.gov/alma9.2-gcc-14.2.0/opt/sphenix/core/root-6.32.06
BATCH_SYSTEM=HTCondor
_CONDOR_SLOT=slot1_63
LD_LIBRARY_PATH=/sphenix/user/samfred/run25/install//lib:/cvmfs/sphenix.sdcc.bnl.gov/alma9.2-gcc-14.2.0/opt/sphenix/core/gcc/14.2.0-2f0a0/x86_64-el9/lib:/cvmfs/sphenix.sdcc.bnl.gov/alma9.2-gcc-14.2.0/opt/sphenix/core/gcc/14.2.0-2f0a0/x86_64-el9/lib64:/cvmfs/sphenix.sdcc.bnl.gov/alma9.2-gcc-14.2.0/opt/sphenix/core/binutils/2.40-acaab/x86_64-el9/lib:.:/cvmfs/sphenix.sdcc.bnl.gov/alma9.2-gcc-14.2.0/release/release_new/new.10/lib64:/cvmfs/sphenix.sdcc.bnl.gov/alma9.2-gcc-14.2.0/release/release_new/new.10/lib:/cvmfs/sphenix.sdcc.bnl.gov/alma9.2-gcc-14.2.0/opt/sphenix/utils/lib:/cvmfs/sphenix.sdcc.bnl.gov/alma9.2-gcc-14.2.0/opt/sphenix/core/lib:/cvmfs/sphenix.sdcc.bnl.gov/alma9.2-gcc-14.2.0/opt/sphenix/core/root-6.32.06/lib:/cvmfs/sphenix.sdcc.bnl.gov/alma9.2-gcc-14.2.0/opt/sphenix/core/geant4.10.07.p04/lib64:/cvmfs/sphenix.sdcc.bnl.gov/alma9.2-gcc-14.2.0/opt/sphenix/core/lhapdf-5.9.1/lib:/usr/local/lib64:/usr/lib64
OPT_SPHENIX=/cvmfs/sphenix.sdcc.bnl.gov/alma9.2-gcc-14.2.0/opt/sphenix/core
TF_LOOP_PARALLEL_ITERATIONS=1
EVT_LIB=/cvmfs/sphenix.sdcc.bnl.gov/alma9.2-gcc-14.2.0/opt/sphenix/core/root-6.32.06/lib
PGHOST=sphnxdbmaster.sdcc.bnl.gov
OMP_NUM_THREADS=1
G4REALSURFACEDATA=/cvmfs/sphenix.sdcc.bnl.gov/alma9.2-gcc-14.2.0/opt/sphenix/core/geant4.10.07.p04/share/Geant4-10.7.4/data/RealSurface2.2
FC=/cvmfs/sphenix.sdcc.bnl.gov/alma9.2-gcc-14.2.0/opt/sphenix/core/gcc/14.2.0-2f0a0/x86_64-el9/bin/gfortran
G4ABLADATA=/cvmfs/sphenix.sdcc.bnl.gov/alma9.2-gcc-14.2.0/opt/sphenix/core/geant4.10.07.p04/share/Geant4-10.7.4/data/G4ABLA3.1
PARASOFT=doesnotexist
TMP=/tmp
OPT_UTILS=/cvmfs/sphenix.sdcc.bnl.gov/alma9.2-gcc-14.2.0/opt/sphenix/utils
CONFIG_SITE=/cvmfs/sphenix.sdcc.bnl.gov/alma9.2-gcc-14.2.0/opt/sphenix/core/etc/config.site
PATH=/sphenix/user/samfred/run25/install//bin:/cvmfs/sphenix.sdcc.bnl.gov/alma9.2-gcc-14.2.0/opt/sphenix/core/gcc/14.2.0-2f0a0/x86_64-el9/bin:/cvmfs/sphenix.sdcc.bnl.gov/alma9.2-gcc-14.2.0/opt/sphenix/core/binutils/2.40-acaab/x86_64-el9/bin:.:/cvmfs/sphenix.sdcc.bnl.gov/alma9.2-gcc-14.2.0/release/release_new/new.10/bin:/cvmfs/sphenix.sdcc.bnl.gov/alma9.2-gcc-14.2.0/opt/sphenix/utils/bin:/cvmfs/sphenix.sdcc.bnl.gov/alma9.2-gcc-14.2.0/opt/sphenix/core/bin:/cvmfs/sphenix.sdcc.bnl.gov/alma9.2-gcc-14.2.0/opt/sphenix/core/root-6.32.06/bin:/cvmfs/sphenix.sdcc.bnl.gov/alma9.2-gcc-14.2.0/opt/sphenix/core/geant4.10.07.p04/bin:/usr/local/bin:/usr/bin:/usr/local/sbin:/usr/sbin
G4LEVELGAMMADATA=/cvmfs/sphenix.sdcc.bnl.gov/alma9.2-gcc-14.2.0/opt/sphenix/core/geant4.10.07.p04/share/Geant4-10.7.4/data/PhotonEvaporation5.7
CC=/cvmfs/sphenix.sdcc.bnl.gov/alma9.2-gcc-14.2.0/opt/sphenix/core/gcc/14.2.0-2f0a0/x86_64-el9/bin/gcc
G4RADIOACTIVEDATA=/cvmfs/sphenix.sdcc.bnl.gov/alma9.2-gcc-14.2.0/opt/sphenix/core/geant4.10.07.p04/share/Geant4-10.7.4/data/RadioactiveDecay5.6
JULIA_NUM_THREADS=1
_CONDOR_ANCESTOR_342441=3871778:1759352740:1337601927
MKL_NUM_THREADS=1
_CONDOR_ANCESTOR_3871778=3877083:1759352740:3220945108
LHAPDF_DATA_PATH=/cvmfs/sphenix.sdcc.bnl.gov/alma9.2-gcc-14.2.0/release/release_new/new.10/share/LHAPDF
XPLOAD_CONFIG_DIR=/cvmfs/sphenix.sdcc.bnl.gov/alma9.2-gcc-14.2.0/opt/sphenix/core/etc
OLDPWD=/cvmfs/sphenix.sdcc.bnl.gov/alma9.2-gcc-14.2.0/release/release_new/new.10/geant4
_=/usr/bin/printenv
runnumber...
52685
trigger...

   ------------------------------------------------------------------
  | Welcome to ROOT 6.32.06                        https://root.cern |
  | (c) 1995-2024, The ROOT Team; conception: R. Brun, F. Rademakers |
  | Built for linuxx8664gcc on Dec 13 2024, 17:23:48                 |
  | From tags/6-32-06@6-32-06                                        |
  | With g++ (GCC) 14.2.0                                            |
  | Try '.help'/'.?', '.demo', '.license', '.credits', '.quit'/'.q'  |
   ------------------------------------------------------------------


Processing data_histmaker.C(52685)...
entry 2000/1220345 (0.163888%)
entry 3000/1220345 (0.245832%)
entry 5000/1220345 (0.40972%)
entry 9000/1220345 (0.737496%)
entry 10000/1220345 (0.81944%)
entry 11000/1220345 (0.901384%)
entry 12000/1220345 (0.983328%)
entry 13000/1220345 (1.06527%)
entry 15000/1220345 (1.22916%)
entry 16000/1220345 (1.3111%)
entry 17000/1220345 (1.39305%)
entry 22000/1220345 (1.80277%)
entry 23000/1220345 (1.88471%)
entry 24000/1220345 (1.96666%)
entry 26000/1220345 (2.13055%)
entry 27000/1220345 (2.21249%)
entry 29000/1220345 (2.37638%)
entry 31000/1220345 (2.54027%)
entry 33000/1220345 (2.70415%)
entry 34000/1220345 (2.7861%)
entry 35000/1220345 (2.86804%)
entry 36000/1220345 (2.94999%)
entry 37000/1220345 (3.03193%)
entry 40000/1220345 (3.27776%)
entry 43000/1220345 (3.52359%)
entry 44000/1220345 (3.60554%)
entry 46000/1220345 (3.76943%)
entry 48000/1220345 (3.93331%)
entry 49000/1220345 (4.01526%)
entry 50000/1220345 (4.0972%)
entry 51000/1220345 (4.17915%)
entry 52000/1220345 (4.26109%)
entry 53000/1220345 (4.34303%)
entry 54000/1220345 (4.42498%)
entry 55000/1220345 (4.50692%)
entry 57000/1220345 (4.67081%)
entry 58000/1220345 (4.75275%)
entry 60000/1220345 (4.91664%)
entry 61000/1220345 (4.99859%)
entry 62000/1220345 (5.08053%)
entry 63000/1220345 (5.16247%)
entry 64000/1220345 (5.24442%)
entry 65000/1220345 (5.32636%)
entry 68000/1220345 (5.57219%)
entry 69000/1220345 (5.65414%)
entry 71000/1220345 (5.81803%)
entry 73000/1220345 (5.98192%)
entry 74000/1220345 (6.06386%)
entry 75000/1220345 (6.1458%)
entry 76000/1220345 (6.22775%)
entry 78000/1220345 (6.39163%)
entry 81000/1220345 (6.63747%)
entry 82000/1220345 (6.71941%)
entry 83000/1220345 (6.80136%)
entry 84000/1220345 (6.8833%)
entry 85000/1220345 (6.96524%)
entry 86000/1220345 (7.04719%)
entry 88000/1220345 (7.21108%)
entry 89000/1220345 (7.29302%)
entry 90000/1220345 (7.37496%)
entry 91000/1220345 (7.45691%)
entry 93000/1220345 (7.6208%)
entry 96000/1220345 (7.86663%)
entry 97000/1220345 (7.94857%)
entry 98000/1220345 (8.03052%)
entry 100000/1220345 (8.1944%)
entry 101000/1220345 (8.27635%)
entry 103000/1220345 (8.44024%)
entry 104000/1220345 (8.52218%)
entry 105000/1220345 (8.60412%)
entry 107000/1220345 (8.76801%)
entry 108000/1220345 (8.84996%)
entry 109000/1220345 (8.9319%)
entry 110000/1220345 (9.01384%)
entry 111000/1220345 (9.09579%)
entry 112000/1220345 (9.17773%)
entry 116000/1220345 (9.50551%)
entry 117000/1220345 (9.58745%)
entry 118000/1220345 (9.6694%)
entry 120000/1220345 (9.83329%)
entry 121000/1220345 (9.91523%)
entry 122000/1220345 (9.99717%)
entry 123000/1220345 (10.0791%)
entry 124000/1220345 (10.1611%)
entry 125000/1220345 (10.243%)
entry 126000/1220345 (10.3249%)
entry 128000/1220345 (10.4888%)
entry 129000/1220345 (10.5708%)
entry 130000/1220345 (10.6527%)
entry 131000/1220345 (10.7347%)
entry 134000/1220345 (10.9805%)
entry 135000/1220345 (11.0624%)
entry 136000/1220345 (11.1444%)
entry 137000/1220345 (11.2263%)
entry 138000/1220345 (11.3083%)
entry 139000/1220345 (11.3902%)
entry 141000/1220345 (11.5541%)
entry 142000/1220345 (11.6361%)
entry 143000/1220345 (11.718%)
entry 144000/1220345 (11.7999%)
entry 147000/1220345 (12.0458%)
entry 148000/1220345 (12.1277%)
entry 150000/1220345 (12.2916%)
entry 151000/1220345 (12.3736%)
entry 152000/1220345 (12.4555%)
entry 153000/1220345 (12.5374%)
entry 154000/1220345 (12.6194%)
entry 155000/1220345 (12.7013%)
entry 156000/1220345 (12.7833%)
entry 157000/1220345 (12.8652%)
entry 158000/1220345 (12.9472%)
entry 160000/1220345 (13.111%)
entry 161000/1220345 (13.193%)
entry 163000/1220345 (13.3569%)
entry 164000/1220345 (13.4388%)
entry 166000/1220345 (13.6027%)
entry 167000/1220345 (13.6847%)
entry 168000/1220345 (13.7666%)
entry 171000/1220345 (14.0124%)
entry 172000/1220345 (14.0944%)
entry 173000/1220345 (14.1763%)
entry 174000/1220345 (14.2583%)
entry 176000/1220345 (14.4222%)
entry 177000/1220345 (14.5041%)
entry 178000/1220345 (14.586%)
entry 179000/1220345 (14.668%)
entry 180000/1220345 (14.7499%)
entry 183000/1220345 (14.9958%)
entry 185000/1220345 (15.1596%)
entry 187000/1220345 (15.3235%)
entry 189000/1220345 (15.4874%)
entry 190000/1220345 (15.5694%)
entry 192000/1220345 (15.7333%)
entry 197000/1220345 (16.143%)
entry 198000/1220345 (16.2249%)
entry 200000/1220345 (16.3888%)
entry 201000/1220345 (16.4708%)
entry 202000/1220345 (16.5527%)
entry 203000/1220345 (16.6346%)
entry 205000/1220345 (16.7985%)
entry 206000/1220345 (16.8805%)
entry 208000/1220345 (17.0444%)
entry 212000/1220345 (17.3721%)
entry 213000/1220345 (17.4541%)
entry 214000/1220345 (17.536%)
entry 217000/1220345 (17.7819%)
entry 219000/1220345 (17.9457%)
entry 221000/1220345 (18.1096%)
entry 222000/1220345 (18.1916%)
entry 226000/1220345 (18.5194%)
entry 228000/1220345 (18.6832%)
entry 229000/1220345 (18.7652%)
entry 230000/1220345 (18.8471%)
entry 231000/1220345 (18.9291%)
entry 233000/1220345 (19.093%)
entry 234000/1220345 (19.1749%)
entry 235000/1220345 (19.2568%)
entry 239000/1220345 (19.5846%)
entry 240000/1220345 (19.6666%)
entry 242000/1220345 (19.8305%)
entry 243000/1220345 (19.9124%)
entry 244000/1220345 (19.9943%)
entry 246000/1220345 (20.1582%)
entry 247000/1220345 (20.2402%)
entry 251000/1220345 (20.568%)
entry 252000/1220345 (20.6499%)
entry 254000/1220345 (20.8138%)
entry 257000/1220345 (21.0596%)
entry 258000/1220345 (21.1416%)
entry 259000/1220345 (21.2235%)
entry 260000/1220345 (21.3055%)
entry 261000/1220345 (21.3874%)
entry 262000/1220345 (21.4693%)
entry 264000/1220345 (21.6332%)
entry 266000/1220345 (21.7971%)
entry 267000/1220345 (21.8791%)
entry 268000/1220345 (21.961%)
entry 269000/1220345 (22.0429%)
entry 270000/1220345 (22.1249%)
entry 272000/1220345 (22.2888%)
entry 274000/1220345 (22.4527%)
entry 275000/1220345 (22.5346%)
entry 276000/1220345 (22.6166%)
entry 277000/1220345 (22.6985%)
entry 278000/1220345 (22.7804%)
entry 279000/1220345 (22.8624%)
entry 281000/1220345 (23.0263%)
entry 284000/1220345 (23.2721%)
entry 285000/1220345 (23.3541%)
entry 286000/1220345 (23.436%)
entry 288000/1220345 (23.5999%)
entry 290000/1220345 (23.7638%)
entry 291000/1220345 (23.8457%)
entry 292000/1220345 (23.9277%)
entry 293000/1220345 (24.0096%)
entry 294000/1220345 (24.0915%)
entry 296000/1220345 (24.2554%)
entry 297000/1220345 (24.3374%)
entry 300000/1220345 (24.5832%)
entry 301000/1220345 (24.6652%)
entry 302000/1220345 (24.7471%)
entry 303000/1220345 (24.829%)
entry 305000/1220345 (24.9929%)
entry 307000/1220345 (25.1568%)
entry 308000/1220345 (25.2388%)
entry 309000/1220345 (25.3207%)
entry 311000/1220345 (25.4846%)
entry 314000/1220345 (25.7304%)
entry 315000/1220345 (25.8124%)
entry 316000/1220345 (25.8943%)
entry 317000/1220345 (25.9763%)
entry 320000/1220345 (26.2221%)
entry 322000/1220345 (26.386%)
entry 323000/1220345 (26.4679%)
entry 324000/1220345 (26.5499%)
entry 325000/1220345 (26.6318%)
entry 326000/1220345 (26.7138%)
entry 327000/1220345 (26.7957%)
entry 328000/1220345 (26.8776%)
entry 329000/1220345 (26.9596%)
entry 330000/1220345 (27.0415%)
entry 331000/1220345 (27.1235%)
entry 332000/1220345 (27.2054%)
entry 335000/1220345 (27.4513%)
entry 336000/1220345 (27.5332%)
entry 337000/1220345 (27.6151%)
entry 338000/1220345 (27.6971%)
entry 341000/1220345 (27.9429%)
entry 342000/1220345 (28.0249%)
entry 343000/1220345 (28.1068%)
entry 346000/1220345 (28.3526%)
entry 348000/1220345 (28.5165%)
entry 350000/1220345 (28.6804%)
entry 351000/1220345 (28.7624%)
entry 353000/1220345 (28.9262%)
entry 354000/1220345 (29.0082%)
entry 355000/1220345 (29.0901%)
entry 356000/1220345 (29.1721%)
entry 357000/1220345 (29.254%)
entry 358000/1220345 (29.336%)
entry 360000/1220345 (29.4999%)
entry 361000/1220345 (29.5818%)
entry 362000/1220345 (29.6637%)
entry 363000/1220345 (29.7457%)
entry 364000/1220345 (29.8276%)
entry 365000/1220345 (29.9096%)
entry 367000/1220345 (30.0735%)
entry 368000/1220345 (30.1554%)
entry 370000/1220345 (30.3193%)
entry 372000/1220345 (30.4832%)
entry 373000/1220345 (30.5651%)
entry 376000/1220345 (30.811%)
entry 377000/1220345 (30.8929%)
entry 380000/1220345 (31.1387%)
entry 381000/1220345 (31.2207%)
entry 382000/1220345 (31.3026%)
entry 383000/1220345 (31.3846%)
entry 387000/1220345 (31.7123%)
entry 388000/1220345 (31.7943%)
entry 390000/1220345 (31.9582%)
entry 391000/1220345 (32.0401%)
entry 392000/1220345 (32.1221%)
entry 393000/1220345 (32.204%)
entry 394000/1220345 (32.286%)
entry 396000/1220345 (32.4498%)
entry 398000/1220345 (32.6137%)
entry 400000/1220345 (32.7776%)
entry 401000/1220345 (32.8596%)
entry 402000/1220345 (32.9415%)
entry 403000/1220345 (33.0234%)
entry 407000/1220345 (33.3512%)
entry 411000/1220345 (33.679%)
entry 412000/1220345 (33.7609%)
entry 413000/1220345 (33.8429%)
entry 414000/1220345 (33.9248%)
entry 415000/1220345 (34.0068%)
entry 417000/1220345 (34.1707%)
entry 418000/1220345 (34.2526%)
entry 419000/1220345 (34.3346%)
entry 420000/1220345 (34.4165%)
entry 421000/1220345 (34.4984%)
entry 422000/1220345 (34.5804%)
entry 423000/1220345 (34.6623%)
entry 424000/1220345 (34.7443%)
entry 425000/1220345 (34.8262%)
entry 426000/1220345 (34.9082%)
entry 427000/1220345 (34.9901%)
entry 430000/1220345 (35.2359%)
entry 431000/1220345 (35.3179%)
entry 432000/1220345 (35.3998%)
entry 434000/1220345 (35.5637%)
entry 435000/1220345 (35.6457%)
entry 437000/1220345 (35.8095%)
entry 438000/1220345 (35.8915%)
entry 439000/1220345 (35.9734%)
entry 440000/1220345 (36.0554%)
entry 441000/1220345 (36.1373%)
entry 442000/1220345 (36.2193%)
entry 444000/1220345 (36.3832%)
entry 445000/1220345 (36.4651%)
entry 446000/1220345 (36.547%)
entry 447000/1220345 (36.629%)
entry 449000/1220345 (36.7929%)
entry 451000/1220345 (36.9568%)
entry 452000/1220345 (37.0387%)
entry 454000/1220345 (37.2026%)
entry 457000/1220345 (37.4484%)
entry 458000/1220345 (37.5304%)
entry 462000/1220345 (37.8581%)
entry 463000/1220345 (37.9401%)
entry 464000/1220345 (38.022%)
entry 465000/1220345 (38.104%)
entry 466000/1220345 (38.1859%)
entry 467000/1220345 (38.2679%)
entry 468000/1220345 (38.3498%)
entry 469000/1220345 (38.4318%)
entry 471000/1220345 (38.5956%)
entry 472000/1220345 (38.6776%)
entry 473000/1220345 (38.7595%)
entry 474000/1220345 (38.8415%)
entry 475000/1220345 (38.9234%)
entry 476000/1220345 (39.0054%)
entry 477000/1220345 (39.0873%)
entry 481000/1220345 (39.4151%)
entry 484000/1220345 (39.6609%)
entry 485000/1220345 (39.7429%)
entry 487000/1220345 (39.9067%)
entry 488000/1220345 (39.9887%)
entry 489000/1220345 (40.0706%)
entry 492000/1220345 (40.3165%)
entry 494000/1220345 (40.4804%)
entry 495000/1220345 (40.5623%)
entry 496000/1220345 (40.6442%)
entry 498000/1220345 (40.8081%)
entry 499000/1220345 (40.8901%)
entry 501000/1220345 (41.054%)
entry 503000/1220345 (41.2179%)
entry 505000/1220345 (41.3817%)
entry 506000/1220345 (41.4637%)
entry 508000/1220345 (41.6276%)
entry 509000/1220345 (41.7095%)
entry 510000/1220345 (41.7915%)
entry 511000/1220345 (41.8734%)
entry 512000/1220345 (41.9553%)
entry 514000/1220345 (42.1192%)
entry 518000/1220345 (42.447%)
entry 519000/1220345 (42.529%)
entry 520000/1220345 (42.6109%)
entry 521000/1220345 (42.6928%)
entry 522000/1220345 (42.7748%)
entry 524000/1220345 (42.9387%)
entry 525000/1220345 (43.0206%)
entry 527000/1220345 (43.1845%)
entry 530000/1220345 (43.4303%)
entry 531000/1220345 (43.5123%)
entry 532000/1220345 (43.5942%)
entry 533000/1220345 (43.6762%)
entry 537000/1220345 (44.0039%)
entry 539000/1220345 (44.1678%)
entry 541000/1220345 (44.3317%)
entry 542000/1220345 (44.4137%)
entry 544000/1220345 (44.5776%)
entry 545000/1220345 (44.6595%)
entry 546000/1220345 (44.7414%)
entry 547000/1220345 (44.8234%)
entry 548000/1220345 (44.9053%)
entry 550000/1220345 (45.0692%)
entry 551000/1220345 (45.1512%)
entry 552000/1220345 (45.2331%)
entry 553000/1220345 (45.3151%)
entry 555000/1220345 (45.4789%)
entry 556000/1220345 (45.5609%)
entry 558000/1220345 (45.7248%)
entry 559000/1220345 (45.8067%)
entry 560000/1220345 (45.8887%)
entry 562000/1220345 (46.0526%)
entry 563000/1220345 (46.1345%)
entry 566000/1220345 (46.3803%)
entry 567000/1220345 (46.4623%)
entry 569000/1220345 (46.6262%)
entry 570000/1220345 (46.7081%)
entry 572000/1220345 (46.872%)
entry 573000/1220345 (46.9539%)
entry 575000/1220345 (47.1178%)
entry 576000/1220345 (47.1998%)
entry 578000/1220345 (47.3637%)
entry 579000/1220345 (47.4456%)
entry 582000/1220345 (47.6914%)
entry 586000/1220345 (48.0192%)
entry 588000/1220345 (48.1831%)
entry 589000/1220345 (48.265%)
entry 590000/1220345 (48.347%)
entry 591000/1220345 (48.4289%)
entry 592000/1220345 (48.5109%)
entry 593000/1220345 (48.5928%)
entry 594000/1220345 (48.6748%)
entry 595000/1220345 (48.7567%)
entry 596000/1220345 (48.8386%)
entry 597000/1220345 (48.9206%)
entry 601000/1220345 (49.2484%)
entry 602000/1220345 (49.3303%)
entry 604000/1220345 (49.4942%)
entry 605000/1220345 (49.5761%)
entry 606000/1220345 (49.6581%)
entry 608000/1220345 (49.822%)
entry 609000/1220345 (49.9039%)
entry 610000/1220345 (49.9859%)
entry 612000/1220345 (50.1498%)
entry 614000/1220345 (50.3136%)
entry 616000/1220345 (50.4775%)
entry 617000/1220345 (50.5595%)
entry 618000/1220345 (50.6414%)
entry 619000/1220345 (50.7234%)
entry 622000/1220345 (50.9692%)
entry 626000/1220345 (51.297%)
entry 627000/1220345 (51.3789%)
entry 630000/1220345 (51.6247%)
entry 631000/1220345 (51.7067%)
entry 635000/1220345 (52.0345%)
entry 636000/1220345 (52.1164%)
entry 637000/1220345 (52.1984%)
entry 638000/1220345 (52.2803%)
entry 640000/1220345 (52.4442%)
entry 642000/1220345 (52.6081%)
entry 644000/1220345 (52.772%)
entry 645000/1220345 (52.8539%)
entry 647000/1220345 (53.0178%)
entry 648000/1220345 (53.0997%)
entry 649000/1220345 (53.1817%)
entry 650000/1220345 (53.2636%)
entry 651000/1220345 (53.3456%)
entry 652000/1220345 (53.4275%)
entry 653000/1220345 (53.5095%)
entry 654000/1220345 (53.5914%)
entry 655000/1220345 (53.6733%)
entry 656000/1220345 (53.7553%)
entry 659000/1220345 (54.0011%)
entry 661000/1220345 (54.165%)
entry 662000/1220345 (54.247%)
entry 663000/1220345 (54.3289%)
entry 665000/1220345 (54.4928%)
entry 666000/1220345 (54.5747%)
entry 667000/1220345 (54.6567%)
entry 668000/1220345 (54.7386%)
entry 669000/1220345 (54.8206%)
entry 670000/1220345 (54.9025%)
entry 672000/1220345 (55.0664%)
entry 673000/1220345 (55.1483%)
entry 674000/1220345 (55.2303%)
entry 676000/1220345 (55.3942%)
entry 677000/1220345 (55.4761%)
entry 679000/1220345 (55.64%)
entry 680000/1220345 (55.7219%)
entry 681000/1220345 (55.8039%)
entry 683000/1220345 (55.9678%)
entry 685000/1220345 (56.1317%)
entry 688000/1220345 (56.3775%)
entry 689000/1220345 (56.4594%)
entry 692000/1220345 (56.7053%)
entry 693000/1220345 (56.7872%)
entry 699000/1220345 (57.2789%)
entry 700000/1220345 (57.3608%)
entry 702000/1220345 (57.5247%)
entry 703000/1220345 (57.6067%)
entry 705000/1220345 (57.7706%)
entry 706000/1220345 (57.8525%)
entry 707000/1220345 (57.9344%)
entry 708000/1220345 (58.0164%)
entry 710000/1220345 (58.1803%)
entry 712000/1220345 (58.3442%)
entry 713000/1220345 (58.4261%)
entry 719000/1220345 (58.9178%)
entry 720000/1220345 (58.9997%)
entry 722000/1220345 (59.1636%)
entry 724000/1220345 (59.3275%)
entry 725000/1220345 (59.4094%)
entry 726000/1220345 (59.4914%)
entry 730000/1220345 (59.8191%)
entry 731000/1220345 (59.9011%)
entry 732000/1220345 (59.983%)
entry 734000/1220345 (60.1469%)
entry 737000/1220345 (60.3928%)
entry 738000/1220345 (60.4747%)
entry 739000/1220345 (60.5566%)
entry 743000/1220345 (60.8844%)
entry 745000/1220345 (61.0483%)
entry 746000/1220345 (61.1303%)
entry 747000/1220345 (61.2122%)
entry 748000/1220345 (61.2941%)
entry 749000/1220345 (61.3761%)
entry 750000/1220345 (61.458%)
entry 751000/1220345 (61.54%)
entry 760000/1220345 (62.2775%)
entry 761000/1220345 (62.3594%)
entry 762000/1220345 (62.4414%)
entry 763000/1220345 (62.5233%)
entry 764000/1220345 (62.6052%)
entry 765000/1220345 (62.6872%)
entry 766000/1220345 (62.7691%)
entry 767000/1220345 (62.8511%)
entry 768000/1220345 (62.933%)
entry 769000/1220345 (63.015%)
entry 771000/1220345 (63.1789%)
entry 772000/1220345 (63.2608%)
entry 773000/1220345 (63.3427%)
entry 774000/1220345 (63.4247%)
entry 775000/1220345 (63.5066%)
entry 776000/1220345 (63.5886%)
entry 777000/1220345 (63.6705%)
entry 778000/1220345 (63.7525%)
entry 779000/1220345 (63.8344%)
entry 780000/1220345 (63.9163%)
entry 781000/1220345 (63.9983%)
entry 782000/1220345 (64.0802%)
entry 786000/1220345 (64.408%)
entry 787000/1220345 (64.49%)
entry 788000/1220345 (64.5719%)
entry 790000/1220345 (64.7358%)
entry 791000/1220345 (64.8177%)
entry 792000/1220345 (64.8997%)
entry 793000/1220345 (64.9816%)
entry 794000/1220345 (65.0636%)
entry 795000/1220345 (65.1455%)
entry 796000/1220345 (65.2275%)
entry 798000/1220345 (65.3913%)
entry 799000/1220345 (65.4733%)
entry 801000/1220345 (65.6372%)
entry 802000/1220345 (65.7191%)
entry 803000/1220345 (65.8011%)
entry 805000/1220345 (65.965%)
entry 806000/1220345 (66.0469%)
entry 808000/1220345 (66.2108%)
entry 812000/1220345 (66.5386%)
entry 813000/1220345 (66.6205%)
entry 815000/1220345 (66.7844%)
entry 816000/1220345 (66.8663%)
entry 817000/1220345 (66.9483%)
entry 818000/1220345 (67.0302%)
entry 819000/1220345 (67.1122%)
entry 821000/1220345 (67.2761%)
entry 822000/1220345 (67.358%)
entry 823000/1220345 (67.4399%)
entry 824000/1220345 (67.5219%)
entry 826000/1220345 (67.6858%)
entry 831000/1220345 (68.0955%)
entry 833000/1220345 (68.2594%)
entry 834000/1220345 (68.3413%)
entry 835000/1220345 (68.4233%)
entry 836000/1220345 (68.5052%)
entry 837000/1220345 (68.5872%)
entry 838000/1220345 (68.6691%)
entry 839000/1220345 (68.751%)
entry 840000/1220345 (68.833%)
entry 842000/1220345 (68.9969%)
entry 843000/1220345 (69.0788%)
entry 845000/1220345 (69.2427%)
entry 846000/1220345 (69.3247%)
entry 847000/1220345 (69.4066%)
entry 850000/1220345 (69.6524%)
entry 852000/1220345 (69.8163%)
entry 855000/1220345 (70.0622%)
entry 856000/1220345 (70.1441%)
entry 857000/1220345 (70.226%)
entry 858000/1220345 (70.308%)
entry 860000/1220345 (70.4719%)
entry 862000/1220345 (70.6358%)
entry 864000/1220345 (70.7996%)
entry 865000/1220345 (70.8816%)
entry 871000/1220345 (71.3733%)
entry 874000/1220345 (71.6191%)
entry 875000/1220345 (71.701%)
entry 880000/1220345 (72.1108%)
entry 882000/1220345 (72.2746%)
entry 883000/1220345 (72.3566%)
entry 884000/1220345 (72.4385%)
entry 885000/1220345 (72.5205%)
entry 886000/1220345 (72.6024%)
entry 887000/1220345 (72.6844%)
entry 889000/1220345 (72.8483%)
entry 890000/1220345 (72.9302%)
entry 891000/1220345 (73.0121%)
entry 893000/1220345 (73.176%)
entry 894000/1220345 (73.258%)
entry 897000/1220345 (73.5038%)
entry 898000/1220345 (73.5857%)
entry 899000/1220345 (73.6677%)
entry 900000/1220345 (73.7496%)
entry 901000/1220345 (73.8316%)
entry 902000/1220345 (73.9135%)
entry 903000/1220345 (73.9955%)
entry 904000/1220345 (74.0774%)
entry 905000/1220345 (74.1594%)
entry 906000/1220345 (74.2413%)
entry 910000/1220345 (74.5691%)
entry 911000/1220345 (74.651%)
entry 914000/1220345 (74.8969%)
entry 915000/1220345 (74.9788%)
entry 916000/1220345 (75.0607%)
entry 917000/1220345 (75.1427%)
entry 918000/1220345 (75.2246%)
entry 919000/1220345 (75.3066%)
entry 920000/1220345 (75.3885%)
entry 923000/1220345 (75.6343%)
entry 925000/1220345 (75.7982%)
entry 927000/1220345 (75.9621%)
entry 928000/1220345 (76.0441%)
entry 931000/1220345 (76.2899%)
entry 933000/1220345 (76.4538%)
entry 934000/1220345 (76.5357%)
entry 935000/1220345 (76.6177%)
entry 936000/1220345 (76.6996%)
entry 937000/1220345 (76.7816%)
entry 940000/1220345 (77.0274%)
entry 942000/1220345 (77.1913%)
entry 943000/1220345 (77.2732%)
entry 944000/1220345 (77.3552%)
entry 945000/1220345 (77.4371%)
entry 946000/1220345 (77.5191%)
entry 947000/1220345 (77.601%)
entry 949000/1220345 (77.7649%)
entry 950000/1220345 (77.8468%)
entry 952000/1220345 (78.0107%)
entry 953000/1220345 (78.0927%)
entry 954000/1220345 (78.1746%)
entry 955000/1220345 (78.2566%)
entry 957000/1220345 (78.4204%)
entry 960000/1220345 (78.6663%)
entry 962000/1220345 (78.8302%)
entry 963000/1220345 (78.9121%)
entry 964000/1220345 (78.9941%)
entry 967000/1220345 (79.2399%)
entry 968000/1220345 (79.3218%)
entry 969000/1220345 (79.4038%)
entry 971000/1220345 (79.5677%)
entry 979000/1220345 (80.2232%)
entry 980000/1220345 (80.3052%)
entry 982000/1220345 (80.469%)
entry 983000/1220345 (80.551%)
entry 984000/1220345 (80.6329%)
entry 985000/1220345 (80.7149%)
entry 986000/1220345 (80.7968%)
entry 989000/1220345 (81.0427%)
entry 990000/1220345 (81.1246%)
entry 991000/1220345 (81.2065%)
entry 993000/1220345 (81.3704%)
entry 994000/1220345 (81.4524%)
entry 995000/1220345 (81.5343%)
entry 996000/1220345 (81.6163%)
entry 1000000/1220345 (81.944%)
entry 1003000/1220345 (82.1899%)
entry 1004000/1220345 (82.2718%)
entry 1005000/1220345 (82.3538%)
entry 1006000/1220345 (82.4357%)
entry 1008000/1220345 (82.5996%)
entry 1009000/1220345 (82.6815%)
entry 1010000/1220345 (82.7635%)
entry 1011000/1220345 (82.8454%)
entry 1012000/1220345 (82.9274%)
entry 1014000/1220345 (83.0913%)
entry 1015000/1220345 (83.1732%)
entry 1016000/1220345 (83.2551%)
entry 1017000/1220345 (83.3371%)
entry 1020000/1220345 (83.5829%)
entry 1022000/1220345 (83.7468%)
entry 1023000/1220345 (83.8288%)
entry 1025000/1220345 (83.9926%)
entry 1027000/1220345 (84.1565%)
entry 1028000/1220345 (84.2385%)
entry 1029000/1220345 (84.3204%)
entry 1035000/1220345 (84.8121%)
entry 1037000/1220345 (84.976%)
entry 1040000/1220345 (85.2218%)
entry 1041000/1220345 (85.3037%)
entry 1042000/1220345 (85.3857%)
entry 1044000/1220345 (85.5496%)
entry 1046000/1220345 (85.7135%)
entry 1047000/1220345 (85.7954%)
entry 1048000/1220345 (85.8774%)
entry 1049000/1220345 (85.9593%)
entry 1052000/1220345 (86.2051%)
entry 1053000/1220345 (86.2871%)
entry 1054000/1220345 (86.369%)
entry 1057000/1220345 (86.6149%)
entry 1058000/1220345 (86.6968%)
entry 1059000/1220345 (86.7787%)
entry 1060000/1220345 (86.8607%)
entry 1061000/1220345 (86.9426%)
entry 1062000/1220345 (87.0246%)
entry 1063000/1220345 (87.1065%)
entry 1064000/1220345 (87.1885%)
entry 1065000/1220345 (87.2704%)
entry 1067000/1220345 (87.4343%)
entry 1070000/1220345 (87.6801%)
entry 1071000/1220345 (87.7621%)
entry 1073000/1220345 (87.926%)
entry 1074000/1220345 (88.0079%)
entry 1075000/1220345 (88.0898%)
entry 1076000/1220345 (88.1718%)
entry 1077000/1220345 (88.2537%)
entry 1079000/1220345 (88.4176%)
entry 1080000/1220345 (88.4996%)
entry 1081000/1220345 (88.5815%)
entry 1082000/1220345 (88.6635%)
entry 1084000/1220345 (88.8273%)
entry 1085000/1220345 (88.9093%)
entry 1088000/1220345 (89.1551%)
entry 1090000/1220345 (89.319%)
entry 1092000/1220345 (89.4829%)
entry 1094000/1220345 (89.6468%)
entry 1095000/1220345 (89.7287%)
entry 1097000/1220345 (89.8926%)
entry 1098000/1220345 (89.9746%)
entry 1099000/1220345 (90.0565%)
entry 1101000/1220345 (90.2204%)
entry 1102000/1220345 (90.3023%)
entry 1104000/1220345 (90.4662%)
entry 1108000/1220345 (90.794%)
entry 1109000/1220345 (90.8759%)
entry 1113000/1220345 (91.2037%)
entry 1114000/1220345 (91.2857%)
entry 1117000/1220345 (91.5315%)
entry 1118000/1220345 (91.6134%)
entry 1122000/1220345 (91.9412%)
entry 1123000/1220345 (92.0232%)
entry 1124000/1220345 (92.1051%)
entry 1125000/1220345 (92.187%)
entry 1126000/1220345 (92.269%)
entry 1128000/1220345 (92.4329%)
entry 1130000/1220345 (92.5968%)
entry 1132000/1220345 (92.7607%)
entry 1134000/1220345 (92.9245%)
entry 1135000/1220345 (93.0065%)
entry 1138000/1220345 (93.2523%)
entry 1139000/1220345 (93.3343%)
entry 1140000/1220345 (93.4162%)
entry 1141000/1220345 (93.4982%)
entry 1143000/1220345 (93.662%)
entry 1147000/1220345 (93.9898%)
entry 1148000/1220345 (94.0718%)
entry 1149000/1220345 (94.1537%)
entry 1150000/1220345 (94.2356%)
entry 1151000/1220345 (94.3176%)
entry 1152000/1220345 (94.3995%)
entry 1153000/1220345 (94.4815%)
entry 1154000/1220345 (94.5634%)
entry 1161000/1220345 (95.137%)
entry 1162000/1220345 (95.219%)
entry 1164000/1220345 (95.3829%)
entry 1166000/1220345 (95.5468%)
entry 1168000/1220345 (95.7106%)
entry 1169000/1220345 (95.7926%)
entry 1170000/1220345 (95.8745%)
entry 1171000/1220345 (95.9565%)
entry 1173000/1220345 (96.1204%)
entry 1174000/1220345 (96.2023%)
entry 1175000/1220345 (96.2842%)
entry 1176000/1220345 (96.3662%)
entry 1177000/1220345 (96.4481%)
entry 1178000/1220345 (96.5301%)
entry 1183000/1220345 (96.9398%)
entry 1186000/1220345 (97.1856%)
entry 1187000/1220345 (97.2676%)
entry 1189000/1220345 (97.4315%)
entry 1191000/1220345 (97.5954%)
entry 1196000/1220345 (98.0051%)
entry 1199000/1220345 (98.2509%)
entry 1200000/1220345 (98.3328%)
entry 1201000/1220345 (98.4148%)
entry 1203000/1220345 (98.5787%)
entry 1204000/1220345 (98.6606%)
entry 1206000/1220345 (98.8245%)
entry 1207000/1220345 (98.9065%)
entry 1208000/1220345 (98.9884%)
entry 1210000/1220345 (99.1523%)
entry 1211000/1220345 (99.2342%)
entry 1212000/1220345 (99.3162%)
entry 1213000/1220345 (99.3981%)
entry 1214000/1220345 (99.4801%)
entry 1216000/1220345 (99.644%)
entry 1217000/1220345 (99.7259%)
entry 1218000/1220345 (99.8078%)
entry 1219000/1220345 (99.8898%)
entry 1220000/1220345 (99.9717%)
all done
script done
