In file included from input_line_8:1:
In file included from /gpfs/mnt/gpfs02/sphenix/user/samfred/run25/ppg11/histmaking/data_histmaker.C:2:
In file included from /gpfs/mnt/gpfs02/sphenix/user/samfred/run25/ppg11/histmaking/ana.cxx:2:
In file included from /gpfs/mnt/gpfs02/sphenix/user/samfred/run25/ppg11/histmaking/ana.h:10:
/sphenix/user/jpark4/Utility/Style_jaebeom.h:321:3: warning: expression result unused [-Wunused-value]
  TH1::SetDefaultSumw2;
  ^~~~~~~~~~~~~~~~~~~~
/sphenix/user/jpark4/Utility/Style_jaebeom.h:334:3: warning: expression result unused [-Wunused-value]
  TH1::SetDefaultSumw2;
  ^~~~~~~~~~~~~~~~~~~~
/sphenix/user/jpark4/Utility/Style_jaebeom.h:348:3: warning: expression result unused [-Wunused-value]
  TH1::SetDefaultSumw2;
  ^~~~~~~~~~~~~~~~~~~~

 *** Break *** segmentation violation



===========================================================
There was a crash.
This is the entire stack trace of all threads:
===========================================================
#0  0x0000152fc4ed8efa in wait4 () from /usr/lib64/libc.so.6
#1  0x0000152fc4e4b7e3 in do_system () from /usr/lib64/libc.so.6
#2  0x0000152fc58fc4ea in TUnixSystem::Exec (this=0x1ca7320, shellcmd=<optimized out>) at /sphenix/user/phnxbld/workarea/sPHENIX_SL7.3/almalinux-9.2/gcc-14.2.0/root-6.32.06/root-6.32.06/core/unix/src/TUnixSystem.cxx:2157
#3  TUnixSystem::StackTrace (this=0x1ca7320) at /sphenix/user/phnxbld/workarea/sPHENIX_SL7.3/almalinux-9.2/gcc-14.2.0/root-6.32.06/root-6.32.06/core/unix/src/TUnixSystem.cxx:2448
#4  0x0000152fc58fbe34 in TUnixSystem::DispatchSignals (this=0x1ca7320, sig=kSigSegmentationViolation) at /sphenix/user/phnxbld/workarea/sPHENIX_SL7.3/almalinux-9.2/gcc-14.2.0/root-6.32.06/root-6.32.06/core/unix/src/TUnixSystem.cxx:3668
#5  <signal handler called>
#6  0x0000152fc40cbc56 in frombuf (buf=
0x779fc18: 0x7b01928 "?:\335Z>4Z\315:1\271\227>\t!\305<\243\273s=\351\271\302>r\306\260=\313\201\211><\353\005>\305-\362=*/\357>\377\231\003=\f\017\346=\022p\232<\272t\303>,\332F>\261\016\345>l\027\355>\307\336\\=\377Y\207>\211i\025=_\215\034=\0021\033=\353g)<\212\220R>\326\221%>\r\227\020>\353v\305>\3102\260>\356\346\273=X\306\242>m\326\235<\375\305q>\222T\242=2\266\017>\025\2667=\367\234s>\a\237\375=Tp\332>VA\340>\206\215I>$\345\311>\323J\026>H\030\250>\265\352\305=\340\203\037>\025\351\333>\205\034\370>\314&B>\336nn"..., x=<optimized out>) at /sphenix/user/phnxbld/workarea/sPHENIX_SL7.3/almalinux-9.2/gcc-14.2.0/root-6.32.06/root-6.32.06/core/base/inc/Bytes.h:385
#7  TBufferFile::ReadFastArray (this=<optimized out>, f=<optimized out>, n=<optimized out>) at /sphenix/user/phnxbld/workarea/sPHENIX_SL7.3/almalinux-9.2/gcc-14.2.0/root-6.32.06/root-6.32.06/io/io/src/TBufferFile.cxx:1393
#8  TBufferFile::ReadFastArray (this=0x779fbf0, f=<optimized out>, n=<optimized out>) at /sphenix/user/phnxbld/workarea/sPHENIX_SL7.3/almalinux-9.2/gcc-14.2.0/root-6.32.06/root-6.32.06/io/io/src/TBufferFile.cxx:1382
#9  0x0000152fa61e4909 in TBranch::GetEntry (this=<optimized out>, entry=<optimized out>, getall=<optimized out>) at /sphenix/user/phnxbld/workarea/sPHENIX_SL7.3/almalinux-9.2/gcc-14.2.0/root-6.32.06/root-6.32.06/tree/tree/src/TBranch.cxx:1753
#10 0x0000152fa6259a78 in operator() (__closure=<optimized out>) at /sphenix/user/phnxbld/workarea/sPHENIX_SL7.3/almalinux-9.2/gcc-14.2.0/root-6.32.06/root-6.32.06/tree/tree/src/TTree.cxx:5661
#11 TTree::GetEntry (this=0x5b4b450, entry=<optimized out>, getall=<optimized out>) at /sphenix/user/phnxbld/workarea/sPHENIX_SL7.3/almalinux-9.2/gcc-14.2.0/root-6.32.06/root-6.32.06/tree/tree/src/TTree.cxx:5736
#12 0x0000152fc516e4c5 in ?? ()
#13 0x0000000000000800 in ?? ()
#14 0x0000152fc51d6a38 in ?? ()
#15 0x3f59999a3f19999a in ?? ()
#16 0x000000073d4ccccd in ?? ()
#17 0x4044000000000000 in ?? ()
#18 0x3ff0000000000000 in ?? ()
#19 0x403e000000000000 in ?? ()
#20 0x4057400000000000 in ?? ()
#21 0x3ff0000000000000 in ?? ()
#22 0x3fa999999999999a in ?? ()
#23 0x3fe999999999999a in ?? ()
#24 0x3fc147ae147ae148 in ?? ()
#25 0x3fe199999999999a in ?? ()
#26 0x3fa999999999999a in ?? ()
#27 0x3fc999999999999a in ?? ()
#28 0x3fd999999999999a in ?? ()
#29 0x3fe6666666666666 in ?? ()
#30 0x000000000689c201 in ?? ()
#31 0x0000152fc5ad8ed8 in vtable for TObject () from /cvmfs/sphenix.sdcc.bnl.gov/alma9.2-gcc-14.2.0/opt/sphenix/core/root-6.32.06/bin/../lib/libCore.so
#32 0x0000000000000000 in ?? ()
===========================================================


The lines below might hint at the cause of the crash. If you see question
marks as part of the stack trace, try to recompile with debugging information
enabled and export CLING_DEBUG=1 environment variable before running.
You may get help by asking at the ROOT forum https://root.cern/forum
preferably using the command (.forum bug) in the ROOT prompt.
Only if you are really convinced it is a bug in ROOT then please submit a
report at https://root.cern/bugs or (preferably) using the command (.gh bug) in
the ROOT prompt. Please post the ENTIRE stack trace
from above as an attachment in addition to anything else
that might help us fixing this issue.
===========================================================
#6  0x0000152fc40cbc56 in frombuf (buf=
0x779fc18: 0x7b01928 "?:335Z>4Z315:1271227>t!305<243273s=351271302>r306260=313201211><353005>305-362=*/357>377231003=f017346=022p232<272t303>,332F>261016345>l027355>307336\=377Y207>211i025=_215034=0021033=353g)<212220R>326221%>r227020>353v305>3102260>356346273=X306242>m326235<375305q>222T242=2266017>0252667=367234s>a237375=Tp332>VA340>206215I>$345311>323J026>H030250>265352305=340203037>025351333>205034370>314&B>336nn"..., x=<optimized out>) at /sphenix/user/phnxbld/workarea/sPHENIX_SL7.3/almalinux-9.2/gcc-14.2.0/root-6.32.06/root-6.32.06/core/base/inc/Bytes.h:385
#7  TBufferFile::ReadFastArray (this=<optimized out>, f=<optimized out>, n=<optimized out>) at /sphenix/user/phnxbld/workarea/sPHENIX_SL7.3/almalinux-9.2/gcc-14.2.0/root-6.32.06/root-6.32.06/io/io/src/TBufferFile.cxx:1393
#8  TBufferFile::ReadFastArray (this=0x779fbf0, f=<optimized out>, n=<optimized out>) at /sphenix/user/phnxbld/workarea/sPHENIX_SL7.3/almalinux-9.2/gcc-14.2.0/root-6.32.06/root-6.32.06/io/io/src/TBufferFile.cxx:1382
#9  0x0000152fa61e4909 in TBranch::GetEntry (this=<optimized out>, entry=<optimized out>, getall=<optimized out>) at /sphenix/user/phnxbld/workarea/sPHENIX_SL7.3/almalinux-9.2/gcc-14.2.0/root-6.32.06/root-6.32.06/tree/tree/src/TBranch.cxx:1753
#10 0x0000152fa6259a78 in operator() (__closure=<optimized out>) at /sphenix/user/phnxbld/workarea/sPHENIX_SL7.3/almalinux-9.2/gcc-14.2.0/root-6.32.06/root-6.32.06/tree/tree/src/TTree.cxx:5661
#11 TTree::GetEntry (this=0x5b4b450, entry=<optimized out>, getall=<optimized out>) at /sphenix/user/phnxbld/workarea/sPHENIX_SL7.3/almalinux-9.2/gcc-14.2.0/root-6.32.06/root-6.32.06/tree/tree/src/TTree.cxx:5736
#12 0x0000152fc516e4c5 in ?? ()
#13 0x0000000000000800 in ?? ()
#14 0x0000152fc51d6a38 in ?? ()
#15 0x3f59999a3f19999a in ?? ()
#16 0x000000073d4ccccd in ?? ()
#17 0x4044000000000000 in ?? ()
#18 0x3ff0000000000000 in ?? ()
#19 0x403e000000000000 in ?? ()
#20 0x4057400000000000 in ?? ()
#21 0x3ff0000000000000 in ?? ()
#22 0x3fa999999999999a in ?? ()
#23 0x3fe999999999999a in ?? ()
#24 0x3fc147ae147ae148 in ?? ()
#25 0x3fe199999999999a in ?? ()
#26 0x3fa999999999999a in ?? ()
#27 0x3fc999999999999a in ?? ()
#28 0x3fd999999999999a in ?? ()
#29 0x3fe6666666666666 in ?? ()
#30 0x000000000689c201 in ?? ()
#31 0x0000152fc5ad8ed8 in vtable for TObject () from /cvmfs/sphenix.sdcc.bnl.gov/alma9.2-gcc-14.2.0/opt/sphenix/core/root-6.32.06/bin/../lib/libCore.so
#32 0x0000000000000000 in ?? ()
===========================================================


