sphnx1023.sdcc.bnl.gov
rsyncing from /gpfs/mnt/gpfs02/sphenix/user/samfred/run25/ppg11/histmaking
running: /gpfs/mnt/gpfs02/sphenix/user/samfred/run25/ppg11/histmaking/script_data.sh 53261
LD_LIBRARY_PATH now /sphenix/user/samfred/run25/install//lib:/cvmfs/sphenix.sdcc.bnl.gov/alma9.2-gcc-14.2.0/opt/sphenix/core/gcc/14.2.0-2f0a0/x86_64-el9/lib:/cvmfs/sphenix.sdcc.bnl.gov/alma9.2-gcc-14.2.0/opt/sphenix/core/gcc/14.2.0-2f0a0/x86_64-el9/lib64:/cvmfs/sphenix.sdcc.bnl.gov/alma9.2-gcc-14.2.0/opt/sphenix/core/binutils/2.40-acaab/x86_64-el9/lib:.:/cvmfs/sphenix.sdcc.bnl.gov/alma9.2-gcc-14.2.0/release/release_new/new.10/lib64:/cvmfs/sphenix.sdcc.bnl.gov/alma9.2-gcc-14.2.0/release/release_new/new.10/lib:/cvmfs/sphenix.sdcc.bnl.gov/alma9.2-gcc-14.2.0/opt/sphenix/utils/lib:/cvmfs/sphenix.sdcc.bnl.gov/alma9.2-gcc-14.2.0/opt/sphenix/core/lib:/cvmfs/sphenix.sdcc.bnl.gov/alma9.2-gcc-14.2.0/opt/sphenix/core/root-6.32.06/lib:/cvmfs/sphenix.sdcc.bnl.gov/alma9.2-gcc-14.2.0/opt/sphenix/core/geant4.10.07.p04/lib64:/cvmfs/sphenix.sdcc.bnl.gov/alma9.2-gcc-14.2.0/opt/sphenix/core/lhapdf-5.9.1/lib:/usr/local/lib64:/usr/lib64
PATH now /sphenix/user/samfred/run25/install//bin:/cvmfs/sphenix.sdcc.bnl.gov/alma9.2-gcc-14.2.0/opt/sphenix/core/gcc/14.2.0-2f0a0/x86_64-el9/bin:/cvmfs/sphenix.sdcc.bnl.gov/alma9.2-gcc-14.2.0/opt/sphenix/core/binutils/2.40-acaab/x86_64-el9/bin:.:/cvmfs/sphenix.sdcc.bnl.gov/alma9.2-gcc-14.2.0/release/release_new/new.10/bin:/cvmfs/sphenix.sdcc.bnl.gov/alma9.2-gcc-14.2.0/opt/sphenix/utils/bin:/cvmfs/sphenix.sdcc.bnl.gov/alma9.2-gcc-14.2.0/opt/sphenix/core/bin:/cvmfs/sphenix.sdcc.bnl.gov/alma9.2-gcc-14.2.0/opt/sphenix/core/root-6.32.06/bin:/cvmfs/sphenix.sdcc.bnl.gov/alma9.2-gcc-14.2.0/opt/sphenix/core/geant4.10.07.p04/bin:/usr/local/bin:/usr/bin:/usr/local/sbin:/usr/sbin
SINGULARITY_CACHEDIR=/home/condor/local/sphnx/execute/dir_3391471
_CONDOR_CHIRP_CONFIG=/home/condor/local/sphnx/execute/dir_3391471/.chirp.config
_CONDOR_JOB_IWD=/sphenix/user/samfred/run25/ppg11/histmaking
G4ENSDFSTATEDATA=/cvmfs/sphenix.sdcc.bnl.gov/alma9.2-gcc-14.2.0/opt/sphenix/core/geant4.10.07.p04/share/Geant4-10.7.4/data/G4ENSDFSTATE2.3
_CONDOR_MACHINE_AD=/home/condor/local/sphnx/execute/dir_3391471/.machine.ad
ROOT_MAX_THREADS=1
NUMEXPR_NUM_THREADS=1
CUBACORES=1
_CHIRP_DELAYED_UPDATE_PREFIX=Chirp*
OMP_THREAD_LIMIT=1
G4PIIDATA=/cvmfs/sphenix.sdcc.bnl.gov/alma9.2-gcc-14.2.0/opt/sphenix/core/geant4.10.07.p04/share/Geant4-10.7.4/data/G4PII1.3
NO_AT_BRIDGE=1
G4_MAIN=/cvmfs/sphenix.sdcc.bnl.gov/alma9.2-gcc-14.2.0/opt/sphenix/core/geant4.10.07.p04
COMPILER_PATH=/cvmfs/sphenix.sdcc.bnl.gov/alma9.2-gcc-14.2.0/opt/sphenix/core/gcc/14.2.0-2f0a0/x86_64-el9
ROOT_INCLUDE_PATH=./:/sphenix/user/samfred/run25/install//include:/sphenix/user/samfred/run25/install//include/caloana:/sphenix/user/samfred/run25/install//include/qa_centrality:/sphenix/user/samfred/run25/install//include/mbdana:/sphenix/user/samfred/run25/install//include/centrality:/sphenix/user/samfred/run25/install//include/Event:/cvmfs/sphenix.sdcc.bnl.gov/alma9.2-gcc-14.2.0/release/release_new/new.10/include:/cvmfs/sphenix.sdcc.bnl.gov/alma9.2-gcc-14.2.0/release/release_new/new.10/include:/cvmfs/sphenix.sdcc.bnl.gov/alma9.2-gcc-14.2.0/release/release_new/new.10/include/g4mbd:/cvmfs/sphenix.sdcc.bnl.gov/alma9.2-gcc-14.2.0/release/release_new/new.10/include/fmt:/cvmfs/sphenix.sdcc.bnl.gov/alma9.2-gcc-14.2.0/release/release_new/new.10/include/ffarawobjects:/cvmfs/sphenix.sdcc.bnl.gov/alma9.2-gcc-14.2.0/release/release_new/new.10/include/JSON:/cvmfs/sphenix.sdcc.bnl.gov/alma9.2-gcc-14.2.0/release/release_new/new.10/include/calotreegen:/cvmfs/sphenix.sdcc.bnl.gov/alma9.2-gcc-14.2.0/release/release_new/new.10/include/torch:/cvmfs/sphenix.sdcc.bnl.gov/alma9.2-gcc-14.2.0/release/release_new/new.10/include/g4detectors:/cvmfs/sphenix.sdcc.bnl.gov/alma9.2-gcc-14.2.0/release/release_new/new.10/include/kineto:/cvmfs/sphenix.sdcc.bnl.gov/alma9.2-gcc-14.2.0/release/release_new/new.10/include/g4decayer:/cvmfs/sphenix.sdcc.bnl.gov/alma9.2-gcc-14.2.0/release/release_new/new.10/include/kfparticleqa:/cvmfs/sphenix.sdcc.bnl.gov/alma9.2-gcc-14.2.0/release/release_new/new.10/include/phfield:/cvmfs/sphenix.sdcc.bnl.gov/alma9.2-gcc-14.2.0/release/release_new/new.10/include/LHAPDF:/cvmfs/sphenix.sdcc.bnl.gov/alma9.2-gcc-14.2.0/release/release_new/new.10/include/readdigitalcurrents:/cvmfs/sphenix.sdcc.bnl.gov/alma9.2-gcc-14.2.0/release/release_new/new.10/include/c10:/cvmfs/sphenix.sdcc.bnl.gov/alma9.2-gcc-14.2.0/release/release_new/new.10/include/calovalid:/cvmfs/sphenix.sdcc.bnl.gov/alma9.2-gcc-14.2.0/release/release_new/new.10/include/oneapi:/cvmfs/sphenix.sdcc.bnl.gov/alma9.2-gcc-14.2.0/release/release_new/new.10/include/DDCond:/cvmfs/sphenix.sdcc.bnl.gov/alma9.2-gcc-14.2.0/release/release_new/new.10/include/g4tracking:/cvmfs/sphenix.sdcc.bnl.gov/alma9.2-gcc-14.2.0/release/release_new/new.10/include/litecaloeval:/cvmfs/sphenix.sdcc.bnl.gov/alma9.2-gcc-14.2.0/release/release_new/new.10/include/g4intt:/cvmfs/sphenix.sdcc.bnl.gov/alma9.2-gcc-14.2.0/release/release_new/new.10/include/phool:/cvmfs/sphenix.sdcc.bnl.gov/alma9.2-gcc-14.2.0/release/release_new/new.10/include/boost:/cvmfs/sphenix.sdcc.bnl.gov/alma9.2-gcc-14.2.0/release/release_new/new.10/include/Pythia8Plugins:/cvmfs/sphenix.sdcc.bnl.gov/alma9.2-gcc-14.2.0/release/release_new/new.10/include/calib_emc_pi0:/cvmfs/sphenix.sdcc.bnl.gov/alma9.2-gcc-14.2.0/release/release_new/new.10/include/hijingflipafterburner:/cvmfs/sphenix.sdcc.bnl.gov/alma9.2-gcc-14.2.0/release/release_new/new.10/include/ffaobjects:/cvmfs/sphenix.sdcc.bnl.gov/alma9.2-gcc-14.2.0/release/release_new/new.10/include/EvtGenBase:/cvmfs/sphenix.sdcc.bnl.gov/alma9.2-gcc-14.2.0/release/release_new/new.10/include/flowafterburner:/cvmfs/sphenix.sdcc.bnl.gov/alma9.2-gcc-14.2.0/release/release_new/new.10/include/google:/cvmfs/sphenix.sdcc.bnl.gov/alma9.2-gcc-14.2.0/release/release_new/new.10/include/g4tpc:/cvmfs/sphenix.sdcc.bnl.gov/alma9.2-gcc-14.2.0/release/release_new/new.10/include/caffe2:/cvmfs/sphenix.sdcc.bnl.gov/alma9.2-gcc-14.2.0/release/release_new/new.10/include/EvtGenExternal:/cvmfs/sphenix.sdcc.bnl.gov/alma9.2-gcc-14.2.0/release/release_new/new.10/include/fp16:/cvmfs/sphenix.sdcc.bnl.gov/alma9.2-gcc-14.2.0/release/release_new/new.10/include/ffamodules:/cvmfs/sphenix.sdcc.bnl.gov/alma9.2-gcc-14.2.0/release/release_new/new.10/include/uspin:/cvmfs/sphenix.sdcc.bnl.gov/alma9.2-gcc-14.2.0/release/release_new/new.10/include/Herwig:/cvmfs/sphenix.sdcc.bnl.gov/alma9.2-gcc-14.2.0/release/release_new/new.10/include/genfitexp:/cvmfs/sphenix.sdcc.bnl.gov/alma9.2-gcc-14.2.0/release/release_new/new.10/include/XML:/cvmfs/sphenix.sdcc.bnl.gov/alma9.2-gcc-14.2.0/release/release_new/new.10/include/fbgemm:/cvmfs/sphenix.sdcc.bnl.gov/alma9.2-gcc-14.2.0/release/release_new/new.10/include/DDAlign:/cvmfs/sphenix.sdcc.bnl.gov/alma9.2-gcc-14.2.0/release/release_new/new.10/include/g4mvtx:/cvmfs/sphenix.sdcc.bnl.gov/alma9.2-gcc-14.2.0/release/release_new/new.10/include/kfparticle_sphenix:/cvmfs/sphenix.sdcc.bnl.gov/alma9.2-gcc-14.2.0/release/release_new/new.10/include/fun4all:/cvmfs/sphenix.sdcc.bnl.gov/alma9.2-gcc-14.2.0/release/release_new/new.10/include/intt:/cvmfs/sphenix.sdcc.bnl.gov/alma9.2-gcc-14.2.0/release/release_new/new.10/include/eventdisplay:/cvmfs/sphenix.sdcc.bnl.gov/alma9.2-gcc-14.2.0/release/release_new/new.10/include/EvtGen:/cvmfs/sphenix.sdcc.bnl.gov/alma9.2-gcc-14.2.0/release/release_new/new.10/include/Evaluator:/cvmfs/sphenix.sdcc.bnl.gov/alma9.2-gcc-14.2.0/release/release_new/new.10/include/tpc:/cvmfs/sphenix.sdcc.bnl.gov/alma9.2-gcc-14.2.0/release/release_new/new.10/include/GenFit:/cvmfs/sphenix.sdcc.bnl.gov/alma9.2-gcc-14.2.0/release/release_new/new.10/include/prototype4:/cvmfs/sphenix.sdcc.bnl.gov/alma9.2-gcc-14.2.0/release/release_new/new.10/include/caloembedding:/cvmfs/sphenix.sdcc.bnl.gov/alma9.2-gcc-14.2.0/release/release_new/new.10/include/EvtGenModels:/cvmfs/sphenix.sdcc.bnl.gov/alma9.2-gcc-14.2.0/release/release_new/new.10/include/fastjet:/cvmfs/sphenix.sdcc.bnl.gov/alma9.2-gcc-14.2.0/release/release_new/new.10/include/DDG4:/cvmfs/sphenix.sdcc.bnl.gov/alma9.2-gcc-14.2.0/release/release_new/new.10/include/mbd:/cvmfs/sphenix.sdcc.bnl.gov/alma9.2-gcc-14.2.0/release/release_new/new.10/include/tbb:/cvmfs/sphenix.sdcc.bnl.gov/alma9.2-gcc-14.2.0/release/release_new/new.10/include/phgeom:/cvmfs/sphenix.sdcc.bnl.gov/alma9.2-gcc-14.2.0/release/release_new/new.10/include/g4epd:/cvmfs/sphenix.sdcc.bnl.gov/alma9.2-gcc-14.2.0/release/release_new/new.10/include/oncal:/cvmfs/sphenix.sdcc.bnl.gov/alma9.2-gcc-14.2.0/release/release_new/new.10/include/pybind11:/cvmfs/sphenix.sdcc.bnl.gov/alma9.2-gcc-14.2.0/release/release_new/new.10/include/tpcdistgenerator:/cvmfs/sphenix.sdcc.bnl.gov/alma9.2-gcc-14.2.0/release/release_new/new.10/include/cdbobjects:/cvmfs/sphenix.sdcc.bnl.gov/alma9.2-gcc-14.2.0/release/release_new/new.10/include/g4micromegas:/cvmfs/sphenix.sdcc.bnl.gov/alma9.2-gcc-14.2.0/release/release_new/new.10/include/g4eval:/cvmfs/sphenix.sdcc.bnl.gov/alma9.2-gcc-14.2.0/release/release_new/new.10/include/jetbackground:/cvmfs/sphenix.sdcc.bnl.gov/alma9.2-gcc-14.2.0/release/release_new/new.10/include/micromegas:/cvmfs/sphenix.sdcc.bnl.gov/alma9.2-gcc-14.2.0/release/release_new/new.10/include/hftrackefficiency:/cvmfs/sphenix.sdcc.bnl.gov/alma9.2-gcc-14.2.0/release/release_new/new.10/include/inttrawhitqa:/cvmfs/sphenix.sdcc.bnl.gov/alma9.2-gcc-14.2.0/release/release_new/new.10/include/centrality:/cvmfs/sphenix.sdcc.bnl.gov/alma9.2-gcc-14.2.0/release/release_new/new.10/include/epd:/cvmfs/sphenix.sdcc.bnl.gov/alma9.2-gcc-14.2.0/release/release_new/new.10/include/caloreco:/cvmfs/sphenix.sdcc.bnl.gov/alma9.2-gcc-14.2.0/release/release_new/new.10/include/HepMC:/cvmfs/sphenix.sdcc.bnl.gov/alma9.2-gcc-14.2.0/release/release_new/new.10/include/CLHEP:/cvmfs/sphenix.sdcc.bnl.gov/alma9.2-gcc-14.2.0/release/release_new/new.10/include/Acts:/cvmfs/sphenix.sdcc.bnl.gov/alma9.2-gcc-14.2.0/release/release_new/new.10/include/g4histos:/cvmfs/sphenix.sdcc.bnl.gov/alma9.2-gcc-14.2.0/release/release_new/new.10/include/eventplaneinfo:/cvmfs/sphenix.sdcc.bnl.gov/alma9.2-gcc-14.2.0/release/release_new/new.10/include/fillspacechargemaps:/cvmfs/sphenix.sdcc.bnl.gov/alma9.2-gcc-14.2.0/release/release_new/new.10/include/phhepmc:/cvmfs/sphenix.sdcc.bnl.gov/alma9.2-gcc-14.2.0/release/release_new/new.10/include/trackingqa:/cvmfs/sphenix.sdcc.bnl.gov/alma9.2-gcc-14.2.0/release/release_new/new.10/include/qautils:/cvmfs/sphenix.sdcc.bnl.gov/alma9.2-gcc-14.2.0/release/release_new/new.10/include/trackreco:/cvmfs/sphenix.sdcc.bnl.gov/alma9.2-gcc-14.2.0/release/release_new/new.10/include/g4ohcal:/cvmfs/sphenix.sdcc.bnl.gov/alma9.2-gcc-14.2.0/release/release_new/new.10/include/tpcdvcalib:/cvmfs/sphenix.sdcc.bnl.gov/alma9.2-gcc-14.2.0/release/release_new/new.10/include/zdcinfo:/cvmfs/sphenix.sdcc.bnl.gov/alma9.2-gcc-14.2.0/release/release_new/new.10/include/phpythia8:/cvmfs/sphenix.sdcc.bnl.gov/alma9.2-gcc-14.2.0/release/release_new/new.10/include/fun4allutils:/cvmfs/sphenix.sdcc.bnl.gov/alma9.2-gcc-14.2.0/release/release_new/new.10/include/tpcqa:/cvmfs/sphenix.sdcc.bnl.gov/alma9.2-gcc-14.2.0/release/release_new/new.10/include/Pythia8:/cvmfs/sphenix.sdcc.bnl.gov/alma9.2-gcc-14.2.0/release/release_new/new.10/include/DDRec:/cvmfs/sphenix.sdcc.bnl.gov/alma9.2-gcc-14.2.0/release/release_new/new.10/include/DDDigi:/cvmfs/sphenix.sdcc.bnl.gov/alma9.2-gcc-14.2.0/release/release_new/new.10/include/g4ihcal:/cvmfs/sphenix.sdcc.bnl.gov/alma9.2-gcc-14.2.0/release/release_new/new.10/include/frog:/cvmfs/sphenix.sdcc.bnl.gov/alma9.2-gcc-14.2.0/release/release_new/new.10/include/eigen3:/cvmfs/sphenix.sdcc.bnl.gov/alma9.2-gcc-14.2.0/release/release_new/new.10/include/tensorpipe:/cvmfs/sphenix.sdcc.bnl.gov/alma9.2-gcc-14.2.0/release/release_new/new.10/include/sphenixnpc:/cvmfs/sphenix.sdcc.bnl.gov/alma9.2-gcc-14.2.0/release/release_new/new.10/include/siscone:/cvmfs/sphenix.sdcc.bnl.gov/alma9.2-gcc-14.2.0/release/release_new/new.10/include/pmonitor:/cvmfs/sphenix.sdcc.bnl.gov/alma9.2-gcc-14.2.0/release/release_new/new.10/include/calobase:/cvmfs/sphenix.sdcc.bnl.gov/alma9.2-gcc-14.2.0/release/release_new/new.10/include/ActsExamples:/cvmfs/sphenix.sdcc.bnl.gov/alma9.2-gcc-14.2.0/release/release_new/new.10/include/g4gdml:/cvmfs/sphenix.sdcc.bnl.gov/alma9.2-gcc-14.2.0/release/release_new/new.10/include/mvtx_decoder:/cvmfs/sphenix.sdcc.bnl.gov/alma9.2-gcc-14.2.0/release/release_new/new.10/include/ROOT:/cvmfs/sphenix.sdcc.bnl.gov/alma9.2-gcc-14.2.0/release/release_new/new.10/include/phparameter:/cvmfs/sphenix.sdcc.bnl.gov/alma9.2-gcc-14.2.0/release/release_new/new.10/include/rsa:/cvmfs/sphenix.sdcc.bnl.gov/alma9.2-gcc-14.2.0/release/release_new/new.10/include/fun4allraw:/cvmfs/sphenix.sdcc.bnl.gov/alma9.2-gcc-14.2.0/release/release_new/new.10/include/trackbase_historic:/cvmfs/sphenix.sdcc.bnl.gov/alma9.2-gcc-14.2.0/release/release_new/new.10/include/g4jets:/cvmfs/sphenix.sdcc.bnl.gov/alma9.2-gcc-14.2.0/release/release_new/new.10/include/jetqa:/cvmfs/sphenix.sdcc.bnl.gov/alma9.2-gcc-14.2.0/release/release_new/new.10/include/phoolraw:/cvmfs/sphenix.sdcc.bnl.gov/alma9.2-gcc-14.2.0/release/release_new/new.10/include/g4calo:/cvmfs/sphenix.sdcc.bnl.gov/alma9.2-gcc-14.2.0/release/release_new/new.10/include/mvtxrawhitqa:/cvmfs/sphenix.sdcc.bnl.gov/alma9.2-gcc-14.2.0/release/release_new/new.10/include/HepMC3:/cvmfs/sphenix.sdcc.bnl.gov/alma9.2-gcc-14.2.0/release/release_new/new.10/include/calowaveformsim:/cvmfs/sphenix.sdcc.bnl.gov/alma9.2-gcc-14.2.0/release/release_new/new.10/include/g4caloprototype:/cvmfs/sphenix.sdcc.bnl.gov/alma9.2-gcc-14.2.0/release/release_new/new.10/include/pdbcalbase:/cvmfs/sphenix.sdcc.bnl.gov/alma9.2-gcc-14.2.0/release/release_new/new.10/include/gsl:/cvmfs/sphenix.sdcc.bnl.gov/alma9.2-gcc-14.2.0/release/release_new/new.10/include/nodedump:/cvmfs/sphenix.sdcc.bnl.gov/alma9.2-gcc-14.2.0/release/release_new/new.10/include/emcnoisytowerfinder:/cvmfs/sphenix.sdcc.bnl.gov/alma9.2-gcc-14.2.0/release/release_new/new.10/include/ActsFatras:/cvmfs/sphenix.sdcc.bnl.gov/alma9.2-gcc-14.2.0/release/release_new/new.10/include/ffarawmodules:/cvmfs/sphenix.sdcc.bnl.gov/alma9.2-gcc-14.2.0/release/release_new/new.10/include/Event:/cvmfs/sphenix.sdcc.bnl.gov/alma9.2-gcc-14.2.0/release/release_new/new.10/include/prototype3:/cvmfs/sphenix.sdcc.bnl.gov/alma9.2-gcc-14.2.0/release/release_new/new.10/include/fermimotionafterburner:/cvmfs/sphenix.sdcc.bnl.gov/alma9.2-gcc-14.2.0/release/release_new/new.10/include/Photos:/cvmfs/sphenix.sdcc.bnl.gov/alma9.2-gcc-14.2.0/release/release_new/new.10/include/xingshiftcal:/cvmfs/sphenix.sdcc.bnl.gov/alma9.2-gcc-14.2.0/release/release_new/new.10/include/trackbase:/cvmfs/sphenix.sdcc.bnl.gov/alma9.2-gcc-14.2.0/release/release_new/new.10/include/jetdstskimmer:/cvmfs/sphenix.sdcc.bnl.gov/alma9.2-gcc-14.2.0/release/release_new/new.10/include/clusteriso:/cvmfs/sphenix.sdcc.bnl.gov/alma9.2-gcc-14.2.0/release/release_new/new.10/include/asmjit:/cvmfs/sphenix.sdcc.bnl.gov/alma9.2-gcc-14.2.0/release/release_new/new.10/include/particleflowreco:/cvmfs/sphenix.sdcc.bnl.gov/alma9.2-gcc-14.2.0/release/release_new/new.10/include/tpchittrackdisplay:/cvmfs/sphenix.sdcc.bnl.gov/alma9.2-gcc-14.2.0/release/release_new/new.10/include/caloana:/cvmfs/sphenix.sdcc.bnl.gov/alma9.2-gcc-14.2.0/release/release_new/new.10/include/calotrigger:/cvmfs/sphenix.sdcc.bnl.gov/alma9.2-gcc-14.2.0/release/release_new/new.10/include/nopayloadclient:/cvmfs/sphenix.sdcc.bnl.gov/alma9.2-gcc-14.2.0/release/release_new/new.10/include/trackermillepedealignment:/cvmfs/sphenix.sdcc.bnl.gov/alma9.2-gcc-14.2.0/release/release_new/new.10/include/DD4hep:/cvmfs/sphenix.sdcc.bnl.gov/alma9.2-gcc-14.2.0/release/release_new/new.10/include/g4trackfastsim:/cvmfs/sphenix.sdcc.bnl.gov/alma9.2-gcc-14.2.0/release/release_new/new.10/include/prototype2:/cvmfs/sphenix.sdcc.bnl.gov/alma9.2-gcc-14.2.0/release/release_new/new.10/include/ATen:/cvmfs/sphenix.sdcc.bnl.gov/alma9.2-gcc-14.2.0/release/release_new/new.10/include/g4main:/cvmfs/sphenix.sdcc.bnl.gov/alma9.2-gcc-14.2.0/release/release_new/new.10/include/Tauola:/cvmfs/sphenix.sdcc.bnl.gov/alma9.2-gcc-14.2.0/release/release_new/new.10/include/inttcalib:/cvmfs/sphenix.sdcc.bnl.gov/alma9.2-gcc-14.2.0/release/release_new/new.10/include/reactionplaneafterburner:/cvmfs/sphenix.sdcc.bnl.gov/alma9.2-gcc-14.2.0/release/release_new/new.10/include/globalqa:/cvmfs/sphenix.sdcc.bnl.gov/alma9.2-gcc-14.2.0/release/release_new/new.10/include/tpccalib:/cvmfs/sphenix.sdcc.bnl.gov/alma9.2-gcc-14.2.0/release/release_new/new.10/include/DDSegmentation:/cvmfs/sphenix.sdcc.bnl.gov/alma9.2-gcc-14.2.0/release/release_new/new.10/include/decayfinder:/cvmfs/sphenix.sdcc.bnl.gov/alma9.2-gcc-14.2.0/release/release_new/new.10/include/compressclus:/cvmfs/sphenix.sdcc.bnl.gov/alma9.2-gcc-14.2.0/release/release_new/new.10/include/simqa_modules:/cvmfs/sphenix.sdcc.bnl.gov/alma9.2-gcc-14.2.0/release/release_new/new.10/include/resonancejettagging:/cvmfs/sphenix.sdcc.bnl.gov/alma9.2-gcc-14.2.0/release/release_new/new.10/include/g4centrality:/cvmfs/sphenix.sdcc.bnl.gov/alma9.2-gcc-14.2.0/release/release_new/new.10/include/mvtx:/cvmfs/sphenix.sdcc.bnl.gov/alma9.2-gcc-14.2.0/release/release_new/new.10/include/nlohmann:/cvmfs/sphenix.sdcc.bnl.gov/alma9.2-gcc-14.2.0/release/release_new/new.10/include/localpoloffmon:/cvmfs/sphenix.sdcc.bnl.gov/alma9.2-gcc-14.2.0/release/release_new/new.10/include/DDEve:/cvmfs/sphenix.sdcc.bnl.gov/alma9.2-gcc-14.2.0/release/release_new/new.10/include/Parsers:/cvmfs/sphenix.sdcc.bnl.gov/alma9.2-gcc-14.2.0/release/release_new/new.10/include/trackingdiagnostics:/cvmfs/sphenix.sdcc.bnl.gov/alma9.2-gcc-14.2.0/release/release_new/new.10/include/g4vertex:/cvmfs/sphenix.sdcc.bnl.gov/alma9.2-gcc-14.2.0/release/release_new/new.10/include/jetbase:/cvmfs/sphenix.sdcc.bnl.gov/alma9.2-gcc-14.2.0/release/release_new/new.10/include/globalvertex:/cvmfs/sphenix.sdcc.bnl.gov/alma9.2-gcc-14.2.0/release/release_new/new.10/include/phgenfit:/cvmfs/sphenix.sdcc.bnl.gov/alma9.2-gcc-14.2.0/release/release_new/new.10/include/rawbcolumi:/cvmfs/sphenix.sdcc.bnl.gov/alma9.2-gcc-14.2.0/release/release_new/new.10/include/eicsmear:/cvmfs/sphenix.sdcc.bnl.gov/alma9.2-gcc-14.2.0/release/release_new/new.10/include/mvtxcalib:/cvmfs/sphenix.sdcc.bnl.gov/alma9.2-gcc-14.2.0/release/release_new/new.10/include/tpclinelaserdiode:/cvmfs/sphenix.sdcc.bnl.gov/alma9.2-gcc-14.2.0/release/release_new/new.10/include/hepmcjettrigger:/cvmfs/sphenix.sdcc.bnl.gov/alma9.2-gcc-14.2.0/release/release_new/new.10/include/core:/cvmfs/sphenix.sdcc.bnl.gov/alma9.2-gcc-14.2.0/release/release_new/new.10/include/calo_cdb:/cvmfs/sphenix.sdcc.bnl.gov/alma9.2-gcc-14.2.0/release/release_new/new.10/include/mvtxclustershapesqa:/cvmfs/sphenix.sdcc.bnl.gov/alma9.2-gcc-14.2.0/release/release_new/new.10/include/calopacketskimmer:/cvmfs/sphenix.sdcc.bnl.gov/alma9.2-gcc-14.2.0/opt/sphenix/core/geant4.10.07.p04/include:/cvmfs/sphenix.sdcc.bnl.gov/alma9.2-gcc-14.2.0/release/release_new/new.10/rootmacros:/cvmfs/sphenix.sdcc.bnl.gov/alma9.2-gcc-14.2.0/opt/sphenix/core/include
GSEARCHPATH=.:PG:LUSTRE:RAWDATA
PWD=/gpfs/mnt/gpfs02/sphenix/user/samfred/run25/ppg11/histmaking
LOGNAME=samfred
_CONDOR_JOB_AD=/home/condor/local/sphnx/execute/dir_3391471/.job.ad
MANPATH=/cvmfs/sphenix.sdcc.bnl.gov/alma9.2-gcc-14.2.0/opt/sphenix/core/gcc/14.2.0-2f0a0/x86_64-el9/share/man:/cvmfs/sphenix.sdcc.bnl.gov/alma9.2-gcc-14.2.0/opt/sphenix/core/binutils/2.40-acaab/x86_64-el9/share/man:/cvmfs/sphenix.sdcc.bnl.gov/alma9.2-gcc-14.2.0/release/release_new/new.10/share/man:/cvmfs/sphenix.sdcc.bnl.gov/alma9.2-gcc-14.2.0/opt/sphenix/utils/share/man:/cvmfs/sphenix.sdcc.bnl.gov/alma9.2-gcc-14.2.0/opt/sphenix/core/share/man:/cvmfs/sphenix.sdcc.bnl.gov/alma9.2-gcc-14.2.0/opt/sphenix/core/root-6.32.06/man:/usr/local/share/man:/usr/share/man
PYTHIA8=/cvmfs/sphenix.sdcc.bnl.gov/alma9.2-gcc-14.2.0/release/release_new/new.10/share/Pythia8
G4INCLDATA=/cvmfs/sphenix.sdcc.bnl.gov/alma9.2-gcc-14.2.0/opt/sphenix/core/geant4.10.07.p04/share/Geant4-10.7.4/data/G4INCL1.0
ORIG_PATH=/usr/local/bin:/usr/bin
CXX=/cvmfs/sphenix.sdcc.bnl.gov/alma9.2-gcc-14.2.0/opt/sphenix/core/gcc/14.2.0-2f0a0/x86_64-el9/bin/g++
G4LEDATA=/cvmfs/sphenix.sdcc.bnl.gov/alma9.2-gcc-14.2.0/opt/sphenix/core/geant4.10.07.p04/share/Geant4-10.7.4/data/G4EMLOW7.13
PYTHON_CPU_COUNT=1
OPENBLAS_NUM_THREADS=1
_CONDOR_BIN=/usr/bin
HOME=/sphenix/u/samfred
G4PARTICLEXSDATA=/cvmfs/sphenix.sdcc.bnl.gov/alma9.2-gcc-14.2.0/opt/sphenix/core/geant4.10.07.p04/share/Geant4-10.7.4/data/G4PARTICLEXS3.1.1
ONLINE_MAIN=/cvmfs/sphenix.sdcc.bnl.gov/alma9.2-gcc-14.2.0/release/release_new/new.10
CALIBRATIONROOT=/cvmfs/sphenix.sdcc.bnl.gov/alma9.2-gcc-14.2.0/release/release_new/new.10/share/calibrations
_CONDOR_ANCESTOR_3391471=3400630:1759352749:2650481877
TMPDIR=/tmp
_CONDOR_SCRATCH_DIR=/home/condor/local/sphnx/execute/dir_3391471
PGUSER=phnxrc
NOPAYLOADCLIENT_CONF=/cvmfs/sphenix.sdcc.bnl.gov/alma9.2-gcc-14.2.0/opt/sphenix/core/etc/sPHENIX_newcdb.json
XERCESCROOT=/cvmfs/sphenix.sdcc.bnl.gov/alma9.2-gcc-14.2.0/opt/sphenix/core/geant4.10.07.p04
LHAPATH=/cvmfs/sphenix.sdcc.bnl.gov/alma9.2-gcc-14.2.0/opt/sphenix/core/lhapdf-5.9.1/share/lhapdf/PDFsets
G4NEUTRONHPDATA=/cvmfs/sphenix.sdcc.bnl.gov/alma9.2-gcc-14.2.0/opt/sphenix/core/geant4.10.07.p04/share/Geant4-10.7.4/data/G4NDL4.6
PYTHONPATH=.:/cvmfs/sphenix.sdcc.bnl.gov/alma9.2-gcc-14.2.0/release/release_new/new.10/lib/python3.13/site-packages:/cvmfs/sphenix.sdcc.bnl.gov/alma9.2-gcc-14.2.0/opt/sphenix/core/lib/python3.13/site-packages:/cvmfs/sphenix.sdcc.bnl.gov/alma9.2-gcc-14.2.0/opt/sphenix/core/root-6.32.06/lib
USER=samfred
_CONDOR_JOB_PIDS=
TEMP=/tmp
GOMAXPROCS=1
OFFLINE_MAIN=/cvmfs/sphenix.sdcc.bnl.gov/alma9.2-gcc-14.2.0/release/release_new/new.10
SHLVL=1
TF_NUM_THREADS=1
G4SAIDXSDATA=/cvmfs/sphenix.sdcc.bnl.gov/alma9.2-gcc-14.2.0/opt/sphenix/core/geant4.10.07.p04/share/Geant4-10.7.4/data/G4SAIDDATA2.0
APPTAINER_CACHEDIR=/home/condor/local/sphnx/execute/dir_3391471
ROOTSYS=/cvmfs/sphenix.sdcc.bnl.gov/alma9.2-gcc-14.2.0/opt/sphenix/core/root-6.32.06
BATCH_SYSTEM=HTCondor
_CONDOR_SLOT=slot1_64
LD_LIBRARY_PATH=/sphenix/user/samfred/run25/install//lib:/cvmfs/sphenix.sdcc.bnl.gov/alma9.2-gcc-14.2.0/opt/sphenix/core/gcc/14.2.0-2f0a0/x86_64-el9/lib:/cvmfs/sphenix.sdcc.bnl.gov/alma9.2-gcc-14.2.0/opt/sphenix/core/gcc/14.2.0-2f0a0/x86_64-el9/lib64:/cvmfs/sphenix.sdcc.bnl.gov/alma9.2-gcc-14.2.0/opt/sphenix/core/binutils/2.40-acaab/x86_64-el9/lib:.:/cvmfs/sphenix.sdcc.bnl.gov/alma9.2-gcc-14.2.0/release/release_new/new.10/lib64:/cvmfs/sphenix.sdcc.bnl.gov/alma9.2-gcc-14.2.0/release/release_new/new.10/lib:/cvmfs/sphenix.sdcc.bnl.gov/alma9.2-gcc-14.2.0/opt/sphenix/utils/lib:/cvmfs/sphenix.sdcc.bnl.gov/alma9.2-gcc-14.2.0/opt/sphenix/core/lib:/cvmfs/sphenix.sdcc.bnl.gov/alma9.2-gcc-14.2.0/opt/sphenix/core/root-6.32.06/lib:/cvmfs/sphenix.sdcc.bnl.gov/alma9.2-gcc-14.2.0/opt/sphenix/core/geant4.10.07.p04/lib64:/cvmfs/sphenix.sdcc.bnl.gov/alma9.2-gcc-14.2.0/opt/sphenix/core/lhapdf-5.9.1/lib:/usr/local/lib64:/usr/lib64
_CONDOR_ANCESTOR_294639=3391471:1759352749:2389275487
OPT_SPHENIX=/cvmfs/sphenix.sdcc.bnl.gov/alma9.2-gcc-14.2.0/opt/sphenix/core
TF_LOOP_PARALLEL_ITERATIONS=1
EVT_LIB=/cvmfs/sphenix.sdcc.bnl.gov/alma9.2-gcc-14.2.0/opt/sphenix/core/root-6.32.06/lib
PGHOST=sphnxdbmaster.sdcc.bnl.gov
OMP_NUM_THREADS=1
G4REALSURFACEDATA=/cvmfs/sphenix.sdcc.bnl.gov/alma9.2-gcc-14.2.0/opt/sphenix/core/geant4.10.07.p04/share/Geant4-10.7.4/data/RealSurface2.2
FC=/cvmfs/sphenix.sdcc.bnl.gov/alma9.2-gcc-14.2.0/opt/sphenix/core/gcc/14.2.0-2f0a0/x86_64-el9/bin/gfortran
G4ABLADATA=/cvmfs/sphenix.sdcc.bnl.gov/alma9.2-gcc-14.2.0/opt/sphenix/core/geant4.10.07.p04/share/Geant4-10.7.4/data/G4ABLA3.1
PARASOFT=doesnotexist
TMP=/tmp
OPT_UTILS=/cvmfs/sphenix.sdcc.bnl.gov/alma9.2-gcc-14.2.0/opt/sphenix/utils
CONFIG_SITE=/cvmfs/sphenix.sdcc.bnl.gov/alma9.2-gcc-14.2.0/opt/sphenix/core/etc/config.site
PATH=/sphenix/user/samfred/run25/install//bin:/cvmfs/sphenix.sdcc.bnl.gov/alma9.2-gcc-14.2.0/opt/sphenix/core/gcc/14.2.0-2f0a0/x86_64-el9/bin:/cvmfs/sphenix.sdcc.bnl.gov/alma9.2-gcc-14.2.0/opt/sphenix/core/binutils/2.40-acaab/x86_64-el9/bin:.:/cvmfs/sphenix.sdcc.bnl.gov/alma9.2-gcc-14.2.0/release/release_new/new.10/bin:/cvmfs/sphenix.sdcc.bnl.gov/alma9.2-gcc-14.2.0/opt/sphenix/utils/bin:/cvmfs/sphenix.sdcc.bnl.gov/alma9.2-gcc-14.2.0/opt/sphenix/core/bin:/cvmfs/sphenix.sdcc.bnl.gov/alma9.2-gcc-14.2.0/opt/sphenix/core/root-6.32.06/bin:/cvmfs/sphenix.sdcc.bnl.gov/alma9.2-gcc-14.2.0/opt/sphenix/core/geant4.10.07.p04/bin:/usr/local/bin:/usr/bin:/usr/local/sbin:/usr/sbin
G4LEVELGAMMADATA=/cvmfs/sphenix.sdcc.bnl.gov/alma9.2-gcc-14.2.0/opt/sphenix/core/geant4.10.07.p04/share/Geant4-10.7.4/data/PhotonEvaporation5.7
CC=/cvmfs/sphenix.sdcc.bnl.gov/alma9.2-gcc-14.2.0/opt/sphenix/core/gcc/14.2.0-2f0a0/x86_64-el9/bin/gcc
G4RADIOACTIVEDATA=/cvmfs/sphenix.sdcc.bnl.gov/alma9.2-gcc-14.2.0/opt/sphenix/core/geant4.10.07.p04/share/Geant4-10.7.4/data/RadioactiveDecay5.6
JULIA_NUM_THREADS=1
MKL_NUM_THREADS=1
LHAPDF_DATA_PATH=/cvmfs/sphenix.sdcc.bnl.gov/alma9.2-gcc-14.2.0/release/release_new/new.10/share/LHAPDF
XPLOAD_CONFIG_DIR=/cvmfs/sphenix.sdcc.bnl.gov/alma9.2-gcc-14.2.0/opt/sphenix/core/etc
_CONDOR_ANCESTOR_294604=294639:1756523314:4121904789
OLDPWD=/cvmfs/sphenix.sdcc.bnl.gov/alma9.2-gcc-14.2.0/release/release_new/new.10/geant4
_=/usr/bin/printenv
runnumber...
53261
trigger...

   ------------------------------------------------------------------
  | Welcome to ROOT 6.32.06                        https://root.cern |
  | (c) 1995-2024, The ROOT Team; conception: R. Brun, F. Rademakers |
  | Built for linuxx8664gcc on Dec 13 2024, 17:23:48                 |
  | From tags/6-32-06@6-32-06                                        |
  | With g++ (GCC) 14.2.0                                            |
  | Try '.help'/'.?', '.demo', '.license', '.credits', '.quit'/'.q'  |
   ------------------------------------------------------------------


Processing data_histmaker.C(53261)...
entry 1000/2836321 (0.0352569%)
entry 3000/2836321 (0.105771%)
entry 5000/2836321 (0.176285%)
entry 6000/2836321 (0.211542%)
entry 9000/2836321 (0.317312%)
entry 11000/2836321 (0.387826%)
entry 13000/2836321 (0.45834%)
entry 14000/2836321 (0.493597%)
entry 17000/2836321 (0.599368%)
entry 19000/2836321 (0.669882%)
entry 20000/2836321 (0.705139%)
entry 21000/2836321 (0.740396%)
entry 22000/2836321 (0.775653%)
entry 23000/2836321 (0.81091%)
entry 24000/2836321 (0.846167%)
entry 25000/2836321 (0.881424%)
entry 27000/2836321 (0.951937%)
entry 28000/2836321 (0.987194%)
entry 30000/2836321 (1.05771%)
entry 32000/2836321 (1.12822%)
entry 33000/2836321 (1.16348%)
entry 35000/2836321 (1.23399%)
entry 37000/2836321 (1.30451%)
entry 38000/2836321 (1.33976%)
entry 39000/2836321 (1.37502%)
entry 42000/2836321 (1.48079%)
entry 44000/2836321 (1.55131%)
entry 46000/2836321 (1.62182%)
entry 50000/2836321 (1.76285%)
entry 51000/2836321 (1.7981%)
entry 53000/2836321 (1.86862%)
entry 54000/2836321 (1.90387%)
entry 55000/2836321 (1.93913%)
entry 56000/2836321 (1.97439%)
entry 58000/2836321 (2.0449%)
entry 61000/2836321 (2.15067%)
entry 63000/2836321 (2.22119%)
entry 64000/2836321 (2.25644%)
entry 65000/2836321 (2.2917%)
entry 68000/2836321 (2.39747%)
entry 69000/2836321 (2.43273%)
entry 70000/2836321 (2.46799%)
entry 71000/2836321 (2.50324%)
entry 73000/2836321 (2.57376%)
entry 74000/2836321 (2.60901%)
entry 78000/2836321 (2.75004%)
entry 79000/2836321 (2.7853%)
entry 80000/2836321 (2.82056%)
entry 82000/2836321 (2.89107%)
entry 83000/2836321 (2.92633%)
entry 86000/2836321 (3.0321%)
entry 87000/2836321 (3.06735%)
entry 88000/2836321 (3.10261%)
entry 90000/2836321 (3.17312%)
entry 94000/2836321 (3.31415%)
entry 96000/2836321 (3.38467%)
entry 98000/2836321 (3.45518%)
entry 99000/2836321 (3.49044%)
entry 104000/2836321 (3.66672%)
entry 107000/2836321 (3.77249%)
entry 108000/2836321 (3.80775%)
entry 110000/2836321 (3.87826%)
entry 112000/2836321 (3.94878%)
entry 114000/2836321 (4.01929%)
entry 116000/2836321 (4.08981%)
entry 117000/2836321 (4.12506%)
entry 119000/2836321 (4.19558%)
entry 121000/2836321 (4.26609%)
entry 122000/2836321 (4.30135%)
entry 123000/2836321 (4.3366%)
entry 125000/2836321 (4.40712%)
entry 126000/2836321 (4.44237%)
entry 128000/2836321 (4.51289%)
entry 129000/2836321 (4.54815%)
entry 130000/2836321 (4.5834%)
entry 131000/2836321 (4.61866%)
entry 132000/2836321 (4.65392%)
entry 134000/2836321 (4.72443%)
entry 137000/2836321 (4.8302%)
entry 138000/2836321 (4.86546%)
entry 139000/2836321 (4.90071%)
entry 142000/2836321 (5.00649%)
entry 143000/2836321 (5.04174%)
entry 144000/2836321 (5.077%)
entry 145000/2836321 (5.11226%)
entry 146000/2836321 (5.14751%)
entry 149000/2836321 (5.25328%)
entry 151000/2836321 (5.3238%)
entry 152000/2836321 (5.35906%)
entry 153000/2836321 (5.39431%)
entry 154000/2836321 (5.42957%)
entry 155000/2836321 (5.46483%)
entry 156000/2836321 (5.50008%)
entry 157000/2836321 (5.53534%)
entry 159000/2836321 (5.60585%)
entry 161000/2836321 (5.67637%)
entry 162000/2836321 (5.71162%)
entry 163000/2836321 (5.74688%)
entry 166000/2836321 (5.85265%)
entry 167000/2836321 (5.88791%)
entry 169000/2836321 (5.95842%)
entry 170000/2836321 (5.99368%)
entry 171000/2836321 (6.02894%)
entry 174000/2836321 (6.13471%)
entry 175000/2836321 (6.16996%)
entry 176000/2836321 (6.20522%)
entry 179000/2836321 (6.31099%)
entry 182000/2836321 (6.41676%)
entry 183000/2836321 (6.45202%)
entry 184000/2836321 (6.48728%)
entry 186000/2836321 (6.55779%)
entry 189000/2836321 (6.66356%)
entry 190000/2836321 (6.69882%)
entry 191000/2836321 (6.73408%)
entry 192000/2836321 (6.76933%)
entry 194000/2836321 (6.83985%)
entry 195000/2836321 (6.8751%)
entry 196000/2836321 (6.91036%)
entry 197000/2836321 (6.94562%)
entry 199000/2836321 (7.01613%)
entry 200000/2836321 (7.05139%)
entry 202000/2836321 (7.1219%)
entry 204000/2836321 (7.19242%)
entry 205000/2836321 (7.22767%)
entry 207000/2836321 (7.29819%)
entry 209000/2836321 (7.3687%)
entry 210000/2836321 (7.40396%)
entry 213000/2836321 (7.50973%)
entry 214000/2836321 (7.54499%)
entry 216000/2836321 (7.6155%)
entry 217000/2836321 (7.65076%)
entry 218000/2836321 (7.68601%)
entry 221000/2836321 (7.79178%)
entry 222000/2836321 (7.82704%)
entry 225000/2836321 (7.93281%)
entry 226000/2836321 (7.96807%)
entry 229000/2836321 (8.07384%)
entry 230000/2836321 (8.1091%)
entry 231000/2836321 (8.14435%)
entry 233000/2836321 (8.21487%)
entry 234000/2836321 (8.25012%)
entry 235000/2836321 (8.28538%)
entry 237000/2836321 (8.35589%)
entry 238000/2836321 (8.39115%)
entry 239000/2836321 (8.42641%)
entry 241000/2836321 (8.49692%)
entry 242000/2836321 (8.53218%)
entry 243000/2836321 (8.56744%)
entry 244000/2836321 (8.60269%)
entry 245000/2836321 (8.63795%)
entry 248000/2836321 (8.74372%)
entry 249000/2836321 (8.77898%)
entry 250000/2836321 (8.81424%)
entry 251000/2836321 (8.84949%)
entry 252000/2836321 (8.88475%)
entry 255000/2836321 (8.99052%)
entry 256000/2836321 (9.02578%)
entry 257000/2836321 (9.06103%)
entry 259000/2836321 (9.13155%)
entry 260000/2836321 (9.1668%)
entry 262000/2836321 (9.23732%)
entry 265000/2836321 (9.34309%)
entry 266000/2836321 (9.37835%)
entry 268000/2836321 (9.44886%)
entry 269000/2836321 (9.48412%)
entry 270000/2836321 (9.51937%)
entry 271000/2836321 (9.55463%)
entry 272000/2836321 (9.58989%)
entry 273000/2836321 (9.62515%)
entry 275000/2836321 (9.69566%)
entry 279000/2836321 (9.83669%)
entry 283000/2836321 (9.97771%)
entry 284000/2836321 (10.013%)
entry 285000/2836321 (10.0482%)
entry 286000/2836321 (10.0835%)
entry 287000/2836321 (10.1187%)
entry 288000/2836321 (10.154%)
entry 289000/2836321 (10.1893%)
entry 291000/2836321 (10.2598%)
entry 293000/2836321 (10.3303%)
entry 294000/2836321 (10.3655%)
entry 297000/2836321 (10.4713%)
entry 298000/2836321 (10.5066%)
entry 303000/2836321 (10.6829%)
entry 304000/2836321 (10.7181%)
entry 307000/2836321 (10.8239%)
entry 312000/2836321 (11.0002%)
entry 313000/2836321 (11.0354%)
entry 314000/2836321 (11.0707%)
entry 316000/2836321 (11.1412%)
entry 317000/2836321 (11.1764%)
entry 318000/2836321 (11.2117%)
entry 319000/2836321 (11.247%)
entry 320000/2836321 (11.2822%)
entry 321000/2836321 (11.3175%)
entry 322000/2836321 (11.3527%)
entry 325000/2836321 (11.4585%)
entry 326000/2836321 (11.4938%)
entry 328000/2836321 (11.5643%)
entry 332000/2836321 (11.7053%)
entry 333000/2836321 (11.7406%)
entry 334000/2836321 (11.7758%)
entry 335000/2836321 (11.8111%)
entry 337000/2836321 (11.8816%)
entry 338000/2836321 (11.9168%)
entry 339000/2836321 (11.9521%)
entry 340000/2836321 (11.9874%)
entry 342000/2836321 (12.0579%)
entry 343000/2836321 (12.0931%)
entry 345000/2836321 (12.1636%)
entry 346000/2836321 (12.1989%)
entry 348000/2836321 (12.2694%)
entry 350000/2836321 (12.3399%)
entry 351000/2836321 (12.3752%)
entry 355000/2836321 (12.5162%)
entry 356000/2836321 (12.5515%)
entry 358000/2836321 (12.622%)
entry 360000/2836321 (12.6925%)
entry 363000/2836321 (12.7983%)
entry 365000/2836321 (12.8688%)
entry 366000/2836321 (12.904%)
entry 367000/2836321 (12.9393%)
entry 368000/2836321 (12.9746%)
entry 369000/2836321 (13.0098%)
entry 370000/2836321 (13.0451%)
entry 372000/2836321 (13.1156%)
entry 374000/2836321 (13.1861%)
entry 375000/2836321 (13.2214%)
entry 378000/2836321 (13.3271%)
entry 379000/2836321 (13.3624%)
entry 380000/2836321 (13.3976%)
entry 385000/2836321 (13.5739%)
entry 386000/2836321 (13.6092%)
entry 387000/2836321 (13.6444%)
entry 388000/2836321 (13.6797%)
entry 389000/2836321 (13.7149%)
entry 393000/2836321 (13.856%)
entry 394000/2836321 (13.8912%)
entry 397000/2836321 (13.997%)
entry 398000/2836321 (14.0323%)
entry 399000/2836321 (14.0675%)
entry 400000/2836321 (14.1028%)
entry 403000/2836321 (14.2085%)
entry 405000/2836321 (14.2791%)
entry 406000/2836321 (14.3143%)
entry 407000/2836321 (14.3496%)
entry 408000/2836321 (14.3848%)
entry 409000/2836321 (14.4201%)
entry 410000/2836321 (14.4553%)
entry 412000/2836321 (14.5259%)
entry 413000/2836321 (14.5611%)
entry 415000/2836321 (14.6316%)
entry 418000/2836321 (14.7374%)
entry 419000/2836321 (14.7727%)
entry 420000/2836321 (14.8079%)
entry 422000/2836321 (14.8784%)
entry 423000/2836321 (14.9137%)
entry 425000/2836321 (14.9842%)
entry 426000/2836321 (15.0195%)
entry 429000/2836321 (15.1252%)
entry 430000/2836321 (15.1605%)
entry 431000/2836321 (15.1957%)
entry 432000/2836321 (15.231%)
entry 433000/2836321 (15.2663%)
entry 434000/2836321 (15.3015%)
entry 436000/2836321 (15.372%)
entry 437000/2836321 (15.4073%)
entry 441000/2836321 (15.5483%)
entry 442000/2836321 (15.5836%)
entry 444000/2836321 (15.6541%)
entry 445000/2836321 (15.6893%)
entry 447000/2836321 (15.7599%)
entry 448000/2836321 (15.7951%)
entry 449000/2836321 (15.8304%)
entry 451000/2836321 (15.9009%)
entry 452000/2836321 (15.9361%)
entry 454000/2836321 (16.0067%)
entry 456000/2836321 (16.0772%)
entry 457000/2836321 (16.1124%)
entry 458000/2836321 (16.1477%)
entry 459000/2836321 (16.1829%)
entry 462000/2836321 (16.2887%)
entry 463000/2836321 (16.324%)
entry 464000/2836321 (16.3592%)
entry 465000/2836321 (16.3945%)
entry 466000/2836321 (16.4297%)
entry 468000/2836321 (16.5002%)
entry 471000/2836321 (16.606%)
entry 473000/2836321 (16.6765%)
entry 474000/2836321 (16.7118%)
entry 475000/2836321 (16.747%)
entry 477000/2836321 (16.8176%)
entry 478000/2836321 (16.8528%)
entry 479000/2836321 (16.8881%)
entry 480000/2836321 (16.9233%)
entry 482000/2836321 (16.9938%)
entry 483000/2836321 (17.0291%)
entry 488000/2836321 (17.2054%)
entry 490000/2836321 (17.2759%)
entry 492000/2836321 (17.3464%)
entry 493000/2836321 (17.3817%)
entry 494000/2836321 (17.4169%)
entry 496000/2836321 (17.4874%)
entry 498000/2836321 (17.558%)
entry 499000/2836321 (17.5932%)
entry 500000/2836321 (17.6285%)
entry 501000/2836321 (17.6637%)
entry 502000/2836321 (17.699%)
entry 503000/2836321 (17.7342%)
entry 504000/2836321 (17.7695%)
entry 505000/2836321 (17.8048%)
entry 507000/2836321 (17.8753%)
entry 508000/2836321 (17.9105%)
entry 512000/2836321 (18.0516%)
entry 514000/2836321 (18.1221%)
entry 515000/2836321 (18.1573%)
entry 516000/2836321 (18.1926%)
entry 517000/2836321 (18.2278%)
entry 520000/2836321 (18.3336%)
entry 521000/2836321 (18.3689%)
entry 522000/2836321 (18.4041%)
entry 523000/2836321 (18.4394%)
entry 524000/2836321 (18.4746%)
entry 525000/2836321 (18.5099%)
entry 533000/2836321 (18.7919%)
entry 534000/2836321 (18.8272%)
entry 535000/2836321 (18.8625%)
entry 537000/2836321 (18.933%)
entry 538000/2836321 (18.9682%)
entry 540000/2836321 (19.0387%)
entry 542000/2836321 (19.1093%)
entry 543000/2836321 (19.1445%)
entry 544000/2836321 (19.1798%)
entry 545000/2836321 (19.215%)
entry 547000/2836321 (19.2855%)
entry 550000/2836321 (19.3913%)
entry 552000/2836321 (19.4618%)
entry 553000/2836321 (19.4971%)
entry 554000/2836321 (19.5323%)
entry 555000/2836321 (19.5676%)
entry 562000/2836321 (19.8144%)
entry 564000/2836321 (19.8849%)
entry 565000/2836321 (19.9202%)
entry 568000/2836321 (20.0259%)
entry 569000/2836321 (20.0612%)
entry 571000/2836321 (20.1317%)
entry 572000/2836321 (20.167%)
entry 573000/2836321 (20.2022%)
entry 575000/2836321 (20.2727%)
entry 576000/2836321 (20.308%)
entry 577000/2836321 (20.3433%)
entry 578000/2836321 (20.3785%)
entry 579000/2836321 (20.4138%)
entry 580000/2836321 (20.449%)
entry 581000/2836321 (20.4843%)
entry 582000/2836321 (20.5195%)
entry 583000/2836321 (20.5548%)
entry 584000/2836321 (20.5901%)
entry 586000/2836321 (20.6606%)
entry 587000/2836321 (20.6958%)
entry 588000/2836321 (20.7311%)
entry 589000/2836321 (20.7663%)
entry 590000/2836321 (20.8016%)
entry 591000/2836321 (20.8369%)
entry 592000/2836321 (20.8721%)
entry 593000/2836321 (20.9074%)
entry 596000/2836321 (21.0131%)
entry 597000/2836321 (21.0484%)
entry 598000/2836321 (21.0836%)
entry 599000/2836321 (21.1189%)
entry 600000/2836321 (21.1542%)
entry 603000/2836321 (21.2599%)
entry 604000/2836321 (21.2952%)
entry 609000/2836321 (21.4715%)
entry 613000/2836321 (21.6125%)
entry 615000/2836321 (21.683%)
entry 618000/2836321 (21.7888%)
entry 619000/2836321 (21.824%)
entry 623000/2836321 (21.9651%)
entry 624000/2836321 (22.0003%)
entry 632000/2836321 (22.2824%)
entry 633000/2836321 (22.3176%)
entry 634000/2836321 (22.3529%)
entry 638000/2836321 (22.4939%)
entry 639000/2836321 (22.5292%)
entry 642000/2836321 (22.635%)
entry 644000/2836321 (22.7055%)
entry 646000/2836321 (22.776%)
entry 648000/2836321 (22.8465%)
entry 650000/2836321 (22.917%)
entry 651000/2836321 (22.9523%)
entry 653000/2836321 (23.0228%)
entry 655000/2836321 (23.0933%)
entry 656000/2836321 (23.1286%)
entry 657000/2836321 (23.1638%)
entry 658000/2836321 (23.1991%)
entry 659000/2836321 (23.2343%)
entry 662000/2836321 (23.3401%)
entry 664000/2836321 (23.4106%)
entry 665000/2836321 (23.4459%)
entry 669000/2836321 (23.5869%)
entry 671000/2836321 (23.6574%)
entry 672000/2836321 (23.6927%)
entry 674000/2836321 (23.7632%)
entry 676000/2836321 (23.8337%)
entry 677000/2836321 (23.8689%)
entry 679000/2836321 (23.9395%)
entry 681000/2836321 (24.01%)
entry 683000/2836321 (24.0805%)
entry 684000/2836321 (24.1157%)
entry 685000/2836321 (24.151%)
entry 686000/2836321 (24.1863%)
entry 690000/2836321 (24.3273%)
entry 695000/2836321 (24.5036%)
entry 696000/2836321 (24.5388%)
entry 697000/2836321 (24.5741%)
entry 699000/2836321 (24.6446%)
entry 700000/2836321 (24.6799%)
entry 702000/2836321 (24.7504%)
entry 703000/2836321 (24.7856%)
entry 704000/2836321 (24.8209%)
entry 705000/2836321 (24.8561%)
entry 706000/2836321 (24.8914%)
entry 708000/2836321 (24.9619%)
entry 709000/2836321 (24.9972%)
entry 713000/2836321 (25.1382%)
entry 714000/2836321 (25.1735%)
entry 715000/2836321 (25.2087%)
entry 716000/2836321 (25.244%)
entry 719000/2836321 (25.3497%)
entry 720000/2836321 (25.385%)
entry 721000/2836321 (25.4203%)
entry 722000/2836321 (25.4555%)
entry 723000/2836321 (25.4908%)
entry 724000/2836321 (25.526%)
entry 725000/2836321 (25.5613%)
entry 728000/2836321 (25.6671%)
entry 729000/2836321 (25.7023%)
entry 732000/2836321 (25.8081%)
entry 733000/2836321 (25.8433%)
entry 734000/2836321 (25.8786%)
entry 735000/2836321 (25.9139%)
entry 737000/2836321 (25.9844%)
entry 738000/2836321 (26.0196%)
entry 740000/2836321 (26.0901%)
entry 741000/2836321 (26.1254%)
entry 743000/2836321 (26.1959%)
entry 744000/2836321 (26.2312%)
entry 745000/2836321 (26.2664%)
entry 746000/2836321 (26.3017%)
entry 748000/2836321 (26.3722%)
entry 749000/2836321 (26.4074%)
entry 750000/2836321 (26.4427%)
entry 751000/2836321 (26.478%)
entry 752000/2836321 (26.5132%)
entry 753000/2836321 (26.5485%)
entry 755000/2836321 (26.619%)
entry 757000/2836321 (26.6895%)
entry 758000/2836321 (26.7248%)
entry 759000/2836321 (26.76%)
entry 760000/2836321 (26.7953%)
entry 761000/2836321 (26.8305%)
entry 762000/2836321 (26.8658%)
entry 765000/2836321 (26.9716%)
entry 766000/2836321 (27.0068%)
entry 768000/2836321 (27.0773%)
entry 769000/2836321 (27.1126%)
entry 770000/2836321 (27.1478%)
entry 772000/2836321 (27.2184%)
entry 773000/2836321 (27.2536%)
entry 775000/2836321 (27.3241%)
entry 776000/2836321 (27.3594%)
entry 778000/2836321 (27.4299%)
entry 780000/2836321 (27.5004%)
entry 781000/2836321 (27.5357%)
entry 783000/2836321 (27.6062%)
entry 784000/2836321 (27.6414%)
entry 785000/2836321 (27.6767%)
entry 786000/2836321 (27.712%)
entry 787000/2836321 (27.7472%)
entry 788000/2836321 (27.7825%)
entry 791000/2836321 (27.8882%)
entry 792000/2836321 (27.9235%)
entry 793000/2836321 (27.9588%)
entry 794000/2836321 (27.994%)
entry 795000/2836321 (28.0293%)
entry 800000/2836321 (28.2056%)
entry 802000/2836321 (28.2761%)
entry 804000/2836321 (28.3466%)
entry 807000/2836321 (28.4524%)
entry 809000/2836321 (28.5229%)
entry 810000/2836321 (28.5581%)
entry 811000/2836321 (28.5934%)
entry 812000/2836321 (28.6286%)
entry 813000/2836321 (28.6639%)
entry 815000/2836321 (28.7344%)
entry 818000/2836321 (28.8402%)
entry 819000/2836321 (28.8754%)
entry 820000/2836321 (28.9107%)
entry 824000/2836321 (29.0517%)
entry 827000/2836321 (29.1575%)
entry 828000/2836321 (29.1927%)
entry 831000/2836321 (29.2985%)
entry 834000/2836321 (29.4043%)
entry 837000/2836321 (29.5101%)
entry 838000/2836321 (29.5453%)
entry 839000/2836321 (29.5806%)
entry 842000/2836321 (29.6863%)
entry 844000/2836321 (29.7569%)
entry 846000/2836321 (29.8274%)
entry 848000/2836321 (29.8979%)
entry 849000/2836321 (29.9331%)
entry 850000/2836321 (29.9684%)
entry 851000/2836321 (30.0037%)
entry 852000/2836321 (30.0389%)
entry 854000/2836321 (30.1094%)
entry 856000/2836321 (30.1799%)
entry 857000/2836321 (30.2152%)
entry 858000/2836321 (30.2505%)
entry 859000/2836321 (30.2857%)
entry 862000/2836321 (30.3915%)
entry 864000/2836321 (30.462%)
entry 865000/2836321 (30.4973%)
entry 867000/2836321 (30.5678%)
entry 870000/2836321 (30.6735%)
entry 872000/2836321 (30.7441%)
entry 873000/2836321 (30.7793%)
entry 875000/2836321 (30.8498%)
entry 876000/2836321 (30.8851%)
entry 877000/2836321 (30.9203%)
entry 878000/2836321 (30.9556%)
entry 879000/2836321 (30.9909%)
entry 880000/2836321 (31.0261%)
entry 881000/2836321 (31.0614%)
entry 882000/2836321 (31.0966%)
entry 884000/2836321 (31.1671%)
entry 885000/2836321 (31.2024%)
entry 886000/2836321 (31.2376%)
entry 888000/2836321 (31.3082%)
entry 889000/2836321 (31.3434%)
entry 890000/2836321 (31.3787%)
entry 891000/2836321 (31.4139%)
entry 893000/2836321 (31.4844%)
entry 894000/2836321 (31.5197%)
entry 896000/2836321 (31.5902%)
entry 897000/2836321 (31.6255%)
entry 898000/2836321 (31.6607%)
entry 899000/2836321 (31.696%)
entry 900000/2836321 (31.7312%)
entry 901000/2836321 (31.7665%)
entry 902000/2836321 (31.8018%)
entry 905000/2836321 (31.9075%)
entry 906000/2836321 (31.9428%)
entry 907000/2836321 (31.978%)
entry 908000/2836321 (32.0133%)
entry 909000/2836321 (32.0486%)
entry 910000/2836321 (32.0838%)
entry 915000/2836321 (32.2601%)
entry 919000/2836321 (32.4011%)
entry 920000/2836321 (32.4364%)
entry 922000/2836321 (32.5069%)
entry 926000/2836321 (32.6479%)
entry 927000/2836321 (32.6832%)
entry 928000/2836321 (32.7184%)
entry 930000/2836321 (32.789%)
entry 931000/2836321 (32.8242%)
entry 933000/2836321 (32.8947%)
entry 934000/2836321 (32.93%)
entry 936000/2836321 (33.0005%)
entry 938000/2836321 (33.071%)
entry 939000/2836321 (33.1063%)
entry 944000/2836321 (33.2826%)
entry 946000/2836321 (33.3531%)
entry 947000/2836321 (33.3883%)
entry 948000/2836321 (33.4236%)
entry 949000/2836321 (33.4588%)
entry 951000/2836321 (33.5294%)
entry 953000/2836321 (33.5999%)
entry 954000/2836321 (33.6351%)
entry 955000/2836321 (33.6704%)
entry 956000/2836321 (33.7056%)
entry 959000/2836321 (33.8114%)
entry 960000/2836321 (33.8467%)
entry 961000/2836321 (33.8819%)
entry 962000/2836321 (33.9172%)
entry 963000/2836321 (33.9524%)
entry 964000/2836321 (33.9877%)
entry 967000/2836321 (34.0935%)
entry 969000/2836321 (34.164%)
entry 970000/2836321 (34.1992%)
entry 972000/2836321 (34.2697%)
entry 975000/2836321 (34.3755%)
entry 976000/2836321 (34.4108%)
entry 977000/2836321 (34.446%)
entry 978000/2836321 (34.4813%)
entry 990000/2836321 (34.9044%)
entry 991000/2836321 (34.9396%)
entry 992000/2836321 (34.9749%)
entry 993000/2836321 (35.0101%)
entry 995000/2836321 (35.0807%)
entry 999000/2836321 (35.2217%)
entry 1000000/2836321 (35.2569%)
entry 1002000/2836321 (35.3275%)
entry 1003000/2836321 (35.3627%)
entry 1004000/2836321 (35.398%)
entry 1005000/2836321 (35.4332%)
entry 1006000/2836321 (35.4685%)
entry 1009000/2836321 (35.5743%)
entry 1012000/2836321 (35.68%)
entry 1013000/2836321 (35.7153%)
entry 1014000/2836321 (35.7505%)
entry 1017000/2836321 (35.8563%)
entry 1018000/2836321 (35.8916%)
entry 1019000/2836321 (35.9268%)
entry 1020000/2836321 (35.9621%)
entry 1021000/2836321 (35.9973%)
entry 1022000/2836321 (36.0326%)
entry 1024000/2836321 (36.1031%)
entry 1025000/2836321 (36.1384%)
entry 1026000/2836321 (36.1736%)
entry 1028000/2836321 (36.2441%)
entry 1029000/2836321 (36.2794%)
entry 1031000/2836321 (36.3499%)
entry 1033000/2836321 (36.4204%)
entry 1034000/2836321 (36.4557%)
entry 1035000/2836321 (36.4909%)
entry 1036000/2836321 (36.5262%)
entry 1038000/2836321 (36.5967%)
entry 1039000/2836321 (36.632%)
entry 1040000/2836321 (36.6672%)
entry 1042000/2836321 (36.7377%)
entry 1044000/2836321 (36.8082%)
entry 1045000/2836321 (36.8435%)
entry 1046000/2836321 (36.8788%)
entry 1047000/2836321 (36.914%)
entry 1049000/2836321 (36.9845%)
entry 1050000/2836321 (37.0198%)
entry 1051000/2836321 (37.055%)
entry 1052000/2836321 (37.0903%)
entry 1053000/2836321 (37.1256%)
entry 1055000/2836321 (37.1961%)
entry 1057000/2836321 (37.2666%)
entry 1058000/2836321 (37.3018%)
entry 1059000/2836321 (37.3371%)
entry 1060000/2836321 (37.3724%)
entry 1061000/2836321 (37.4076%)
entry 1064000/2836321 (37.5134%)
entry 1065000/2836321 (37.5486%)
entry 1067000/2836321 (37.6192%)
entry 1068000/2836321 (37.6544%)
entry 1069000/2836321 (37.6897%)
entry 1070000/2836321 (37.7249%)
entry 1071000/2836321 (37.7602%)
entry 1072000/2836321 (37.7954%)
entry 1073000/2836321 (37.8307%)
entry 1074000/2836321 (37.866%)
entry 1076000/2836321 (37.9365%)
entry 1078000/2836321 (38.007%)
entry 1079000/2836321 (38.0422%)
entry 1080000/2836321 (38.0775%)
entry 1082000/2836321 (38.148%)
entry 1086000/2836321 (38.289%)
entry 1087000/2836321 (38.3243%)
entry 1088000/2836321 (38.3595%)
entry 1089000/2836321 (38.3948%)
entry 1091000/2836321 (38.4653%)
entry 1092000/2836321 (38.5006%)
entry 1093000/2836321 (38.5358%)
entry 1096000/2836321 (38.6416%)
entry 1097000/2836321 (38.6769%)
entry 1099000/2836321 (38.7474%)
entry 1102000/2836321 (38.8531%)
entry 1103000/2836321 (38.8884%)
entry 1104000/2836321 (38.9237%)
entry 1107000/2836321 (39.0294%)
entry 1108000/2836321 (39.0647%)
entry 1109000/2836321 (39.0999%)
entry 1110000/2836321 (39.1352%)
entry 1112000/2836321 (39.2057%)
entry 1113000/2836321 (39.241%)
entry 1115000/2836321 (39.3115%)
entry 1116000/2836321 (39.3467%)
entry 1119000/2836321 (39.4525%)
entry 1120000/2836321 (39.4878%)
entry 1123000/2836321 (39.5935%)
entry 1124000/2836321 (39.6288%)
entry 1125000/2836321 (39.6641%)
entry 1127000/2836321 (39.7346%)
entry 1129000/2836321 (39.8051%)
entry 1132000/2836321 (39.9109%)
entry 1136000/2836321 (40.0519%)
entry 1137000/2836321 (40.0871%)
entry 1139000/2836321 (40.1577%)
entry 1141000/2836321 (40.2282%)
entry 1145000/2836321 (40.3692%)
entry 1151000/2836321 (40.5807%)
entry 1152000/2836321 (40.616%)
entry 1155000/2836321 (40.7218%)
entry 1156000/2836321 (40.757%)
entry 1158000/2836321 (40.8275%)
entry 1159000/2836321 (40.8628%)
entry 1163000/2836321 (41.0038%)
entry 1164000/2836321 (41.0391%)
entry 1165000/2836321 (41.0743%)
entry 1167000/2836321 (41.1448%)
entry 1169000/2836321 (41.2154%)
entry 1170000/2836321 (41.2506%)
entry 1171000/2836321 (41.2859%)
entry 1173000/2836321 (41.3564%)
entry 1174000/2836321 (41.3916%)
entry 1175000/2836321 (41.4269%)
entry 1177000/2836321 (41.4974%)
entry 1180000/2836321 (41.6032%)
entry 1184000/2836321 (41.7442%)
entry 1186000/2836321 (41.8147%)
entry 1188000/2836321 (41.8852%)
entry 1190000/2836321 (41.9558%)
entry 1192000/2836321 (42.0263%)
entry 1194000/2836321 (42.0968%)
entry 1196000/2836321 (42.1673%)
entry 1197000/2836321 (42.2026%)
entry 1198000/2836321 (42.2378%)
entry 1199000/2836321 (42.2731%)
entry 1200000/2836321 (42.3083%)
entry 1201000/2836321 (42.3436%)
entry 1202000/2836321 (42.3788%)
entry 1203000/2836321 (42.4141%)
entry 1206000/2836321 (42.5199%)
entry 1208000/2836321 (42.5904%)
entry 1210000/2836321 (42.6609%)
entry 1211000/2836321 (42.6962%)
entry 1213000/2836321 (42.7667%)
entry 1214000/2836321 (42.8019%)
entry 1215000/2836321 (42.8372%)
entry 1216000/2836321 (42.8724%)
entry 1219000/2836321 (42.9782%)
entry 1220000/2836321 (43.0135%)
entry 1221000/2836321 (43.0487%)
entry 1223000/2836321 (43.1192%)
entry 1226000/2836321 (43.225%)
entry 1227000/2836321 (43.2603%)
entry 1230000/2836321 (43.366%)
entry 1232000/2836321 (43.4366%)
entry 1233000/2836321 (43.4718%)
entry 1235000/2836321 (43.5423%)
entry 1238000/2836321 (43.6481%)
entry 1239000/2836321 (43.6834%)
entry 1240000/2836321 (43.7186%)
entry 1241000/2836321 (43.7539%)
entry 1244000/2836321 (43.8596%)
entry 1247000/2836321 (43.9654%)
entry 1250000/2836321 (44.0712%)
entry 1251000/2836321 (44.1064%)
entry 1254000/2836321 (44.2122%)
entry 1255000/2836321 (44.2475%)
entry 1257000/2836321 (44.318%)
entry 1258000/2836321 (44.3532%)
entry 1259000/2836321 (44.3885%)
entry 1260000/2836321 (44.4237%)
entry 1265000/2836321 (44.6%)
entry 1266000/2836321 (44.6353%)
entry 1267000/2836321 (44.6705%)
entry 1269000/2836321 (44.7411%)
entry 1270000/2836321 (44.7763%)
entry 1274000/2836321 (44.9173%)
entry 1275000/2836321 (44.9526%)
entry 1276000/2836321 (44.9879%)
entry 1277000/2836321 (45.0231%)
entry 1278000/2836321 (45.0584%)
entry 1280000/2836321 (45.1289%)
entry 1283000/2836321 (45.2347%)
entry 1285000/2836321 (45.3052%)
entry 1286000/2836321 (45.3404%)
entry 1288000/2836321 (45.4109%)
entry 1289000/2836321 (45.4462%)
entry 1291000/2836321 (45.5167%)
entry 1294000/2836321 (45.6225%)
entry 1295000/2836321 (45.6577%)
entry 1296000/2836321 (45.693%)
entry 1297000/2836321 (45.7283%)
entry 1299000/2836321 (45.7988%)
entry 1301000/2836321 (45.8693%)
entry 1305000/2836321 (46.0103%)
entry 1307000/2836321 (46.0808%)
entry 1308000/2836321 (46.1161%)
entry 1310000/2836321 (46.1866%)
entry 1311000/2836321 (46.2218%)
entry 1313000/2836321 (46.2924%)
entry 1314000/2836321 (46.3276%)
entry 1315000/2836321 (46.3629%)
entry 1316000/2836321 (46.3981%)
entry 1318000/2836321 (46.4686%)
entry 1320000/2836321 (46.5392%)
entry 1322000/2836321 (46.6097%)
entry 1324000/2836321 (46.6802%)
entry 1325000/2836321 (46.7154%)
entry 1326000/2836321 (46.7507%)
entry 1327000/2836321 (46.786%)
entry 1328000/2836321 (46.8212%)
entry 1330000/2836321 (46.8917%)
entry 1331000/2836321 (46.927%)
entry 1333000/2836321 (46.9975%)
entry 1334000/2836321 (47.0328%)
entry 1335000/2836321 (47.068%)
entry 1336000/2836321 (47.1033%)
entry 1337000/2836321 (47.1385%)
entry 1338000/2836321 (47.1738%)
entry 1340000/2836321 (47.2443%)
entry 1341000/2836321 (47.2796%)
entry 1342000/2836321 (47.3148%)
entry 1343000/2836321 (47.3501%)
entry 1345000/2836321 (47.4206%)
entry 1348000/2836321 (47.5264%)
entry 1352000/2836321 (47.6674%)
entry 1353000/2836321 (47.7026%)
entry 1354000/2836321 (47.7379%)
entry 1361000/2836321 (47.9847%)
entry 1362000/2836321 (48.02%)
entry 1363000/2836321 (48.0552%)
entry 1366000/2836321 (48.161%)
entry 1372000/2836321 (48.3725%)
entry 1375000/2836321 (48.4783%)
entry 1379000/2836321 (48.6193%)
entry 1380000/2836321 (48.6546%)
entry 1381000/2836321 (48.6898%)
entry 1382000/2836321 (48.7251%)
entry 1385000/2836321 (48.8309%)
entry 1386000/2836321 (48.8661%)
entry 1389000/2836321 (48.9719%)
entry 1390000/2836321 (49.0071%)
entry 1392000/2836321 (49.0777%)
entry 1397000/2836321 (49.2539%)
entry 1399000/2836321 (49.3245%)
entry 1400000/2836321 (49.3597%)
entry 1403000/2836321 (49.4655%)
entry 1406000/2836321 (49.5713%)
entry 1408000/2836321 (49.6418%)
entry 1409000/2836321 (49.677%)
entry 1410000/2836321 (49.7123%)
entry 1413000/2836321 (49.8181%)
entry 1415000/2836321 (49.8886%)
entry 1416000/2836321 (49.9238%)
entry 1418000/2836321 (49.9943%)
entry 1419000/2836321 (50.0296%)
entry 1422000/2836321 (50.1354%)
entry 1423000/2836321 (50.1706%)
entry 1424000/2836321 (50.2059%)
entry 1425000/2836321 (50.2411%)
entry 1426000/2836321 (50.2764%)
entry 1427000/2836321 (50.3117%)
entry 1428000/2836321 (50.3469%)
entry 1429000/2836321 (50.3822%)
entry 1430000/2836321 (50.4174%)
entry 1431000/2836321 (50.4527%)
entry 1433000/2836321 (50.5232%)
entry 1434000/2836321 (50.5585%)
entry 1435000/2836321 (50.5937%)
entry 1436000/2836321 (50.629%)
entry 1438000/2836321 (50.6995%)
entry 1439000/2836321 (50.7347%)
entry 1440000/2836321 (50.77%)
entry 1443000/2836321 (50.8758%)
entry 1445000/2836321 (50.9463%)
entry 1447000/2836321 (51.0168%)
entry 1448000/2836321 (51.0521%)
entry 1451000/2836321 (51.1578%)
entry 1453000/2836321 (51.2283%)
entry 1454000/2836321 (51.2636%)
entry 1455000/2836321 (51.2989%)
entry 1458000/2836321 (51.4046%)
entry 1459000/2836321 (51.4399%)
entry 1460000/2836321 (51.4751%)
entry 1463000/2836321 (51.5809%)
entry 1466000/2836321 (51.6867%)
entry 1467000/2836321 (51.7219%)
entry 1469000/2836321 (51.7924%)
entry 1470000/2836321 (51.8277%)
entry 1471000/2836321 (51.863%)
entry 1472000/2836321 (51.8982%)
entry 1473000/2836321 (51.9335%)
entry 1475000/2836321 (52.004%)
entry 1477000/2836321 (52.0745%)
entry 1478000/2836321 (52.1098%)
entry 1479000/2836321 (52.145%)
entry 1481000/2836321 (52.2155%)
entry 1483000/2836321 (52.286%)
entry 1484000/2836321 (52.3213%)
entry 1486000/2836321 (52.3918%)
entry 1488000/2836321 (52.4623%)
entry 1492000/2836321 (52.6034%)
entry 1498000/2836321 (52.8149%)
entry 1499000/2836321 (52.8502%)
entry 1500000/2836321 (52.8854%)
entry 1502000/2836321 (52.9559%)
entry 1503000/2836321 (52.9912%)
entry 1504000/2836321 (53.0264%)
entry 1505000/2836321 (53.0617%)
entry 1507000/2836321 (53.1322%)
entry 1509000/2836321 (53.2027%)
entry 1510000/2836321 (53.238%)
entry 1511000/2836321 (53.2732%)
entry 1512000/2836321 (53.3085%)
entry 1513000/2836321 (53.3437%)
entry 1516000/2836321 (53.4495%)
entry 1520000/2836321 (53.5905%)
entry 1522000/2836321 (53.6611%)
entry 1527000/2836321 (53.8373%)
entry 1528000/2836321 (53.8726%)
entry 1529000/2836321 (53.9079%)
entry 1530000/2836321 (53.9431%)
entry 1531000/2836321 (53.9784%)
entry 1532000/2836321 (54.0136%)
entry 1534000/2836321 (54.0841%)
entry 1535000/2836321 (54.1194%)
entry 1538000/2836321 (54.2252%)
entry 1539000/2836321 (54.2604%)
entry 1540000/2836321 (54.2957%)
entry 1542000/2836321 (54.3662%)
entry 1543000/2836321 (54.4015%)
entry 1544000/2836321 (54.4367%)
entry 1547000/2836321 (54.5425%)
entry 1548000/2836321 (54.5777%)
entry 1549000/2836321 (54.613%)
entry 1550000/2836321 (54.6483%)
entry 1554000/2836321 (54.7893%)
entry 1555000/2836321 (54.8245%)
entry 1558000/2836321 (54.9303%)
entry 1560000/2836321 (55.0008%)
entry 1561000/2836321 (55.0361%)
entry 1562000/2836321 (55.0713%)
entry 1563000/2836321 (55.1066%)
entry 1565000/2836321 (55.1771%)
entry 1566000/2836321 (55.2124%)
entry 1567000/2836321 (55.2476%)
entry 1568000/2836321 (55.2829%)
entry 1569000/2836321 (55.3181%)
entry 1572000/2836321 (55.4239%)
entry 1574000/2836321 (55.4944%)
entry 1575000/2836321 (55.5297%)
entry 1576000/2836321 (55.5649%)
entry 1578000/2836321 (55.6355%)
entry 1581000/2836321 (55.7412%)
entry 1582000/2836321 (55.7765%)
entry 1583000/2836321 (55.8117%)
entry 1584000/2836321 (55.847%)
entry 1587000/2836321 (55.9528%)
entry 1588000/2836321 (55.988%)
entry 1589000/2836321 (56.0233%)
entry 1590000/2836321 (56.0585%)
entry 1591000/2836321 (56.0938%)
entry 1592000/2836321 (56.1291%)
entry 1593000/2836321 (56.1643%)
entry 1594000/2836321 (56.1996%)
entry 1595000/2836321 (56.2348%)
entry 1596000/2836321 (56.2701%)
entry 1598000/2836321 (56.3406%)
entry 1599000/2836321 (56.3758%)
entry 1600000/2836321 (56.4111%)
entry 1602000/2836321 (56.4816%)
entry 1607000/2836321 (56.6579%)
entry 1608000/2836321 (56.6932%)
entry 1610000/2836321 (56.7637%)
entry 1612000/2836321 (56.8342%)
entry 1614000/2836321 (56.9047%)
entry 1616000/2836321 (56.9752%)
entry 1618000/2836321 (57.0457%)
entry 1623000/2836321 (57.222%)
entry 1624000/2836321 (57.2573%)
entry 1625000/2836321 (57.2925%)
entry 1626000/2836321 (57.3278%)
entry 1627000/2836321 (57.363%)
entry 1628000/2836321 (57.3983%)
entry 1630000/2836321 (57.4688%)
entry 1631000/2836321 (57.5041%)
entry 1632000/2836321 (57.5393%)
entry 1636000/2836321 (57.6804%)
entry 1637000/2836321 (57.7156%)
entry 1641000/2836321 (57.8566%)
entry 1644000/2836321 (57.9624%)
entry 1645000/2836321 (57.9977%)
entry 1646000/2836321 (58.0329%)
entry 1647000/2836321 (58.0682%)
entry 1649000/2836321 (58.1387%)
entry 1650000/2836321 (58.1739%)
entry 1652000/2836321 (58.2445%)
entry 1654000/2836321 (58.315%)
entry 1657000/2836321 (58.4207%)
entry 1658000/2836321 (58.456%)
entry 1659000/2836321 (58.4913%)
entry 1663000/2836321 (58.6323%)
entry 1665000/2836321 (58.7028%)
entry 1666000/2836321 (58.7381%)
entry 1668000/2836321 (58.8086%)
entry 1669000/2836321 (58.8438%)
entry 1670000/2836321 (58.8791%)
entry 1671000/2836321 (58.9143%)
entry 1674000/2836321 (59.0201%)
entry 1676000/2836321 (59.0906%)
entry 1677000/2836321 (59.1259%)
entry 1678000/2836321 (59.1611%)
entry 1681000/2836321 (59.2669%)
entry 1684000/2836321 (59.3727%)
entry 1685000/2836321 (59.4079%)
entry 1686000/2836321 (59.4432%)
entry 1687000/2836321 (59.4785%)
entry 1688000/2836321 (59.5137%)
entry 1689000/2836321 (59.549%)
entry 1693000/2836321 (59.69%)
entry 1694000/2836321 (59.7253%)
entry 1695000/2836321 (59.7605%)
entry 1696000/2836321 (59.7958%)
entry 1698000/2836321 (59.8663%)
entry 1699000/2836321 (59.9015%)
entry 1702000/2836321 (60.0073%)
entry 1703000/2836321 (60.0426%)
entry 1704000/2836321 (60.0778%)
entry 1705000/2836321 (60.1131%)
entry 1706000/2836321 (60.1483%)
entry 1709000/2836321 (60.2541%)
entry 1710000/2836321 (60.2894%)
entry 1711000/2836321 (60.3246%)
entry 1713000/2836321 (60.3951%)
entry 1714000/2836321 (60.4304%)
entry 1715000/2836321 (60.4657%)
entry 1716000/2836321 (60.5009%)
entry 1717000/2836321 (60.5362%)
entry 1718000/2836321 (60.5714%)
entry 1719000/2836321 (60.6067%)
entry 1720000/2836321 (60.6419%)
entry 1721000/2836321 (60.6772%)
entry 1722000/2836321 (60.7125%)
entry 1723000/2836321 (60.7477%)
entry 1724000/2836321 (60.783%)
entry 1725000/2836321 (60.8182%)
entry 1726000/2836321 (60.8535%)
entry 1728000/2836321 (60.924%)
entry 1730000/2836321 (60.9945%)
entry 1732000/2836321 (61.065%)
entry 1733000/2836321 (61.1003%)
entry 1734000/2836321 (61.1355%)
entry 1738000/2836321 (61.2766%)
entry 1739000/2836321 (61.3118%)
entry 1740000/2836321 (61.3471%)
entry 1741000/2836321 (61.3823%)
entry 1742000/2836321 (61.4176%)
entry 1744000/2836321 (61.4881%)
entry 1745000/2836321 (61.5234%)
entry 1747000/2836321 (61.5939%)
entry 1748000/2836321 (61.6291%)
entry 1750000/2836321 (61.6996%)
entry 1754000/2836321 (61.8407%)
entry 1755000/2836321 (61.8759%)
entry 1757000/2836321 (61.9464%)
entry 1758000/2836321 (61.9817%)
entry 1760000/2836321 (62.0522%)
entry 1761000/2836321 (62.0875%)
entry 1762000/2836321 (62.1227%)
entry 1763000/2836321 (62.158%)
entry 1767000/2836321 (62.299%)
entry 1768000/2836321 (62.3343%)
entry 1769000/2836321 (62.3695%)
entry 1770000/2836321 (62.4048%)
entry 1771000/2836321 (62.44%)
entry 1772000/2836321 (62.4753%)
entry 1773000/2836321 (62.5106%)
entry 1774000/2836321 (62.5458%)
entry 1776000/2836321 (62.6163%)
entry 1778000/2836321 (62.6868%)
entry 1779000/2836321 (62.7221%)
entry 1780000/2836321 (62.7574%)
entry 1781000/2836321 (62.7926%)
entry 1782000/2836321 (62.8279%)
entry 1784000/2836321 (62.8984%)
entry 1786000/2836321 (62.9689%)
entry 1787000/2836321 (63.0042%)
entry 1788000/2836321 (63.0394%)
entry 1789000/2836321 (63.0747%)
entry 1790000/2836321 (63.1099%)
entry 1791000/2836321 (63.1452%)
entry 1792000/2836321 (63.1804%)
entry 1793000/2836321 (63.2157%)
entry 1794000/2836321 (63.251%)
entry 1796000/2836321 (63.3215%)
entry 1797000/2836321 (63.3567%)
entry 1798000/2836321 (63.392%)
entry 1799000/2836321 (63.4272%)
entry 1800000/2836321 (63.4625%)
entry 1803000/2836321 (63.5683%)
entry 1804000/2836321 (63.6035%)
entry 1805000/2836321 (63.6388%)
entry 1807000/2836321 (63.7093%)
entry 1808000/2836321 (63.7445%)
entry 1809000/2836321 (63.7798%)
entry 1810000/2836321 (63.8151%)
entry 1811000/2836321 (63.8503%)
entry 1812000/2836321 (63.8856%)
entry 1814000/2836321 (63.9561%)
entry 1816000/2836321 (64.0266%)
entry 1817000/2836321 (64.0619%)
entry 1820000/2836321 (64.1676%)
entry 1821000/2836321 (64.2029%)
entry 1822000/2836321 (64.2381%)
entry 1823000/2836321 (64.2734%)
entry 1824000/2836321 (64.3087%)
entry 1825000/2836321 (64.3439%)
entry 1827000/2836321 (64.4144%)
entry 1828000/2836321 (64.4497%)
entry 1829000/2836321 (64.4849%)
entry 1830000/2836321 (64.5202%)
entry 1833000/2836321 (64.626%)
entry 1834000/2836321 (64.6612%)
entry 1835000/2836321 (64.6965%)
entry 1836000/2836321 (64.7317%)
entry 1837000/2836321 (64.767%)
entry 1838000/2836321 (64.8023%)
entry 1840000/2836321 (64.8728%)
entry 1841000/2836321 (64.908%)
entry 1842000/2836321 (64.9433%)
entry 1843000/2836321 (64.9785%)
entry 1844000/2836321 (65.0138%)
entry 1845000/2836321 (65.0491%)
entry 1846000/2836321 (65.0843%)
entry 1848000/2836321 (65.1548%)
entry 1849000/2836321 (65.1901%)
entry 1850000/2836321 (65.2253%)
entry 1852000/2836321 (65.2959%)
entry 1855000/2836321 (65.4016%)
entry 1857000/2836321 (65.4721%)
entry 1859000/2836321 (65.5427%)
entry 1860000/2836321 (65.5779%)
entry 1861000/2836321 (65.6132%)
entry 1862000/2836321 (65.6484%)
entry 1863000/2836321 (65.6837%)
entry 1864000/2836321 (65.7189%)
entry 1865000/2836321 (65.7542%)
entry 1866000/2836321 (65.7894%)
entry 1867000/2836321 (65.8247%)
entry 1868000/2836321 (65.86%)
entry 1872000/2836321 (66.001%)
entry 1873000/2836321 (66.0362%)
entry 1875000/2836321 (66.1068%)
entry 1876000/2836321 (66.142%)
entry 1879000/2836321 (66.2478%)
entry 1880000/2836321 (66.283%)
entry 1885000/2836321 (66.4593%)
entry 1886000/2836321 (66.4946%)
entry 1887000/2836321 (66.5298%)
entry 1889000/2836321 (66.6004%)
entry 1890000/2836321 (66.6356%)
entry 1891000/2836321 (66.6709%)
entry 1894000/2836321 (66.7766%)
entry 1895000/2836321 (66.8119%)
entry 1897000/2836321 (66.8824%)
entry 1900000/2836321 (66.9882%)
entry 1901000/2836321 (67.0234%)
entry 1902000/2836321 (67.0587%)
entry 1903000/2836321 (67.094%)
entry 1907000/2836321 (67.235%)
entry 1908000/2836321 (67.2702%)
entry 1909000/2836321 (67.3055%)
entry 1910000/2836321 (67.3408%)
entry 1911000/2836321 (67.376%)
entry 1912000/2836321 (67.4113%)
entry 1915000/2836321 (67.517%)
entry 1917000/2836321 (67.5876%)
entry 1919000/2836321 (67.6581%)
entry 1921000/2836321 (67.7286%)
entry 1922000/2836321 (67.7638%)
entry 1926000/2836321 (67.9049%)
entry 1927000/2836321 (67.9401%)
entry 1929000/2836321 (68.0106%)
entry 1930000/2836321 (68.0459%)
entry 1933000/2836321 (68.1517%)
entry 1934000/2836321 (68.1869%)
entry 1937000/2836321 (68.2927%)
entry 1939000/2836321 (68.3632%)
entry 1942000/2836321 (68.469%)
entry 1944000/2836321 (68.5395%)
entry 1946000/2836321 (68.61%)
entry 1947000/2836321 (68.6453%)
entry 1948000/2836321 (68.6805%)
entry 1951000/2836321 (68.7863%)
entry 1953000/2836321 (68.8568%)
entry 1954000/2836321 (68.8921%)
entry 1956000/2836321 (68.9626%)
entry 1958000/2836321 (69.0331%)
entry 1960000/2836321 (69.1036%)
entry 1961000/2836321 (69.1389%)
entry 1963000/2836321 (69.2094%)
entry 1964000/2836321 (69.2446%)
entry 1965000/2836321 (69.2799%)
entry 1968000/2836321 (69.3857%)
entry 1970000/2836321 (69.4562%)
entry 1971000/2836321 (69.4914%)
entry 1972000/2836321 (69.5267%)
entry 1973000/2836321 (69.5619%)
entry 1974000/2836321 (69.5972%)
entry 1975000/2836321 (69.6325%)
entry 1976000/2836321 (69.6677%)
entry 1978000/2836321 (69.7382%)
entry 1979000/2836321 (69.7735%)
entry 1980000/2836321 (69.8087%)
entry 1982000/2836321 (69.8793%)
entry 1983000/2836321 (69.9145%)
entry 1984000/2836321 (69.9498%)
entry 1986000/2836321 (70.0203%)
entry 1987000/2836321 (70.0555%)
entry 1988000/2836321 (70.0908%)
entry 1990000/2836321 (70.1613%)
entry 1991000/2836321 (70.1966%)
entry 1992000/2836321 (70.2318%)
entry 1993000/2836321 (70.2671%)
entry 1994000/2836321 (70.3023%)
entry 1995000/2836321 (70.3376%)
entry 1996000/2836321 (70.3729%)
entry 1998000/2836321 (70.4434%)
entry 1999000/2836321 (70.4786%)
entry 2001000/2836321 (70.5491%)
entry 2003000/2836321 (70.6196%)
entry 2004000/2836321 (70.6549%)
entry 2005000/2836321 (70.6902%)
entry 2006000/2836321 (70.7254%)
entry 2009000/2836321 (70.8312%)
entry 2010000/2836321 (70.8664%)
entry 2011000/2836321 (70.9017%)
entry 2012000/2836321 (70.937%)
entry 2013000/2836321 (70.9722%)
entry 2014000/2836321 (71.0075%)
entry 2015000/2836321 (71.0427%)
entry 2017000/2836321 (71.1132%)
entry 2018000/2836321 (71.1485%)
entry 2020000/2836321 (71.219%)
entry 2022000/2836321 (71.2895%)
entry 2024000/2836321 (71.36%)
entry 2026000/2836321 (71.4306%)
entry 2027000/2836321 (71.4658%)
entry 2030000/2836321 (71.5716%)
entry 2033000/2836321 (71.6774%)
entry 2034000/2836321 (71.7126%)
entry 2037000/2836321 (71.8184%)
entry 2038000/2836321 (71.8536%)
entry 2039000/2836321 (71.8889%)
entry 2040000/2836321 (71.9242%)
entry 2041000/2836321 (71.9594%)
entry 2042000/2836321 (71.9947%)
entry 2043000/2836321 (72.0299%)
entry 2046000/2836321 (72.1357%)
entry 2048000/2836321 (72.2062%)
entry 2052000/2836321 (72.3472%)
entry 2053000/2836321 (72.3825%)
entry 2055000/2836321 (72.453%)
entry 2057000/2836321 (72.5235%)
entry 2059000/2836321 (72.594%)
entry 2061000/2836321 (72.6646%)
entry 2062000/2836321 (72.6998%)
entry 2063000/2836321 (72.7351%)
entry 2064000/2836321 (72.7703%)
entry 2065000/2836321 (72.8056%)
entry 2066000/2836321 (72.8408%)
entry 2070000/2836321 (72.9819%)
entry 2071000/2836321 (73.0171%)
entry 2072000/2836321 (73.0524%)
entry 2075000/2836321 (73.1582%)
entry 2077000/2836321 (73.2287%)
entry 2078000/2836321 (73.2639%)
entry 2081000/2836321 (73.3697%)
entry 2082000/2836321 (73.4049%)
entry 2090000/2836321 (73.687%)
entry 2092000/2836321 (73.7575%)
entry 2093000/2836321 (73.7928%)
entry 2095000/2836321 (73.8633%)
entry 2096000/2836321 (73.8985%)
entry 2098000/2836321 (73.9691%)
entry 2099000/2836321 (74.0043%)
entry 2101000/2836321 (74.0748%)
entry 2102000/2836321 (74.1101%)
entry 2103000/2836321 (74.1453%)
entry 2104000/2836321 (74.1806%)
entry 2106000/2836321 (74.2511%)
entry 2107000/2836321 (74.2864%)
entry 2108000/2836321 (74.3216%)
entry 2109000/2836321 (74.3569%)
entry 2116000/2836321 (74.6037%)
entry 2117000/2836321 (74.6389%)
entry 2121000/2836321 (74.78%)
entry 2122000/2836321 (74.8152%)
entry 2124000/2836321 (74.8857%)
entry 2126000/2836321 (74.9563%)
entry 2132000/2836321 (75.1678%)
entry 2133000/2836321 (75.2031%)
entry 2134000/2836321 (75.2383%)
entry 2137000/2836321 (75.3441%)
entry 2138000/2836321 (75.3793%)
entry 2140000/2836321 (75.4499%)
entry 2141000/2836321 (75.4851%)
entry 2143000/2836321 (75.5556%)
entry 2144000/2836321 (75.5909%)
entry 2146000/2836321 (75.6614%)
entry 2147000/2836321 (75.6967%)
entry 2149000/2836321 (75.7672%)
entry 2151000/2836321 (75.8377%)
entry 2154000/2836321 (75.9435%)
entry 2156000/2836321 (76.014%)
entry 2157000/2836321 (76.0492%)
entry 2158000/2836321 (76.0845%)
entry 2159000/2836321 (76.1197%)
entry 2162000/2836321 (76.2255%)
entry 2164000/2836321 (76.296%)
entry 2167000/2836321 (76.4018%)
entry 2168000/2836321 (76.437%)
entry 2170000/2836321 (76.5076%)
entry 2173000/2836321 (76.6133%)
entry 2174000/2836321 (76.6486%)
entry 2175000/2836321 (76.6838%)
entry 2176000/2836321 (76.7191%)
entry 2177000/2836321 (76.7544%)
entry 2179000/2836321 (76.8249%)
entry 2181000/2836321 (76.8954%)
entry 2182000/2836321 (76.9306%)
entry 2183000/2836321 (76.9659%)
entry 2184000/2836321 (77.0012%)
entry 2186000/2836321 (77.0717%)
entry 2187000/2836321 (77.1069%)
entry 2189000/2836321 (77.1774%)
entry 2190000/2836321 (77.2127%)
entry 2192000/2836321 (77.2832%)
entry 2193000/2836321 (77.3185%)
entry 2194000/2836321 (77.3537%)
entry 2195000/2836321 (77.389%)
entry 2197000/2836321 (77.4595%)
entry 2198000/2836321 (77.4948%)
entry 2199000/2836321 (77.53%)
entry 2200000/2836321 (77.5653%)
entry 2204000/2836321 (77.7063%)
entry 2205000/2836321 (77.7416%)
entry 2206000/2836321 (77.7768%)
entry 2207000/2836321 (77.8121%)
entry 2208000/2836321 (77.8473%)
entry 2211000/2836321 (77.9531%)
entry 2214000/2836321 (78.0589%)
entry 2215000/2836321 (78.0941%)
entry 2216000/2836321 (78.1294%)
entry 2217000/2836321 (78.1646%)
entry 2218000/2836321 (78.1999%)
entry 2219000/2836321 (78.2351%)
entry 2220000/2836321 (78.2704%)
entry 2224000/2836321 (78.4114%)
entry 2226000/2836321 (78.4819%)
entry 2227000/2836321 (78.5172%)
entry 2228000/2836321 (78.5525%)
entry 2229000/2836321 (78.5877%)
entry 2230000/2836321 (78.623%)
entry 2232000/2836321 (78.6935%)
entry 2234000/2836321 (78.764%)
entry 2236000/2836321 (78.8345%)
entry 2238000/2836321 (78.905%)
entry 2241000/2836321 (79.0108%)
entry 2244000/2836321 (79.1166%)
entry 2245000/2836321 (79.1518%)
entry 2248000/2836321 (79.2576%)
entry 2250000/2836321 (79.3281%)
entry 2252000/2836321 (79.3986%)
entry 2253000/2836321 (79.4339%)
entry 2254000/2836321 (79.4691%)
entry 2255000/2836321 (79.5044%)
entry 2257000/2836321 (79.5749%)
entry 2258000/2836321 (79.6102%)
entry 2259000/2836321 (79.6454%)
entry 2260000/2836321 (79.6807%)
entry 2263000/2836321 (79.7865%)
entry 2266000/2836321 (79.8922%)
entry 2267000/2836321 (79.9275%)
entry 2268000/2836321 (79.9627%)
entry 2269000/2836321 (79.998%)
entry 2272000/2836321 (80.1038%)
entry 2273000/2836321 (80.139%)
entry 2274000/2836321 (80.1743%)
entry 2277000/2836321 (80.2801%)
entry 2280000/2836321 (80.3858%)
entry 2282000/2836321 (80.4563%)
entry 2283000/2836321 (80.4916%)
entry 2285000/2836321 (80.5621%)
entry 2287000/2836321 (80.6326%)
entry 2288000/2836321 (80.6679%)
entry 2293000/2836321 (80.8442%)
entry 2294000/2836321 (80.8794%)
entry 2295000/2836321 (80.9147%)
entry 2296000/2836321 (80.9499%)
entry 2298000/2836321 (81.0205%)
entry 2299000/2836321 (81.0557%)
entry 2303000/2836321 (81.1967%)
entry 2306000/2836321 (81.3025%)
entry 2309000/2836321 (81.4083%)
entry 2312000/2836321 (81.514%)
entry 2313000/2836321 (81.5493%)
entry 2315000/2836321 (81.6198%)
entry 2316000/2836321 (81.6551%)
entry 2317000/2836321 (81.6903%)
entry 2318000/2836321 (81.7256%)
entry 2320000/2836321 (81.7961%)
entry 2322000/2836321 (81.8666%)
entry 2324000/2836321 (81.9371%)
entry 2325000/2836321 (81.9724%)
entry 2327000/2836321 (82.0429%)
entry 2328000/2836321 (82.0782%)
entry 2329000/2836321 (82.1134%)
entry 2330000/2836321 (82.1487%)
entry 2331000/2836321 (82.1839%)
entry 2333000/2836321 (82.2544%)
entry 2334000/2836321 (82.2897%)
entry 2335000/2836321 (82.325%)
entry 2336000/2836321 (82.3602%)
entry 2339000/2836321 (82.466%)
entry 2340000/2836321 (82.5012%)
entry 2341000/2836321 (82.5365%)
entry 2342000/2836321 (82.5718%)
entry 2343000/2836321 (82.607%)
entry 2344000/2836321 (82.6423%)
entry 2346000/2836321 (82.7128%)
entry 2347000/2836321 (82.748%)
entry 2350000/2836321 (82.8538%)
entry 2351000/2836321 (82.8891%)
entry 2354000/2836321 (82.9948%)
entry 2355000/2836321 (83.0301%)
entry 2360000/2836321 (83.2064%)
entry 2362000/2836321 (83.2769%)
entry 2363000/2836321 (83.3121%)
entry 2364000/2836321 (83.3474%)
entry 2365000/2836321 (83.3827%)
entry 2366000/2836321 (83.4179%)
entry 2368000/2836321 (83.4884%)
entry 2369000/2836321 (83.5237%)
entry 2370000/2836321 (83.5589%)
entry 2372000/2836321 (83.6295%)
entry 2373000/2836321 (83.6647%)
entry 2374000/2836321 (83.7%)
entry 2375000/2836321 (83.7352%)
entry 2376000/2836321 (83.7705%)
entry 2378000/2836321 (83.841%)
entry 2379000/2836321 (83.8763%)
entry 2385000/2836321 (84.0878%)
entry 2386000/2836321 (84.1231%)
entry 2387000/2836321 (84.1583%)
entry 2389000/2836321 (84.2288%)
entry 2390000/2836321 (84.2641%)
entry 2392000/2836321 (84.3346%)
entry 2395000/2836321 (84.4404%)
entry 2396000/2836321 (84.4756%)
entry 2399000/2836321 (84.5814%)
entry 2400000/2836321 (84.6167%)
entry 2403000/2836321 (84.7224%)
entry 2405000/2836321 (84.7929%)
entry 2406000/2836321 (84.8282%)
entry 2407000/2836321 (84.8635%)
entry 2411000/2836321 (85.0045%)
entry 2412000/2836321 (85.0397%)
entry 2414000/2836321 (85.1103%)
entry 2415000/2836321 (85.1455%)
entry 2416000/2836321 (85.1808%)
entry 2418000/2836321 (85.2513%)
entry 2420000/2836321 (85.3218%)
entry 2421000/2836321 (85.3571%)
entry 2424000/2836321 (85.4628%)
entry 2425000/2836321 (85.4981%)
entry 2427000/2836321 (85.5686%)
entry 2428000/2836321 (85.6039%)
entry 2429000/2836321 (85.6391%)
entry 2431000/2836321 (85.7096%)
entry 2432000/2836321 (85.7449%)
entry 2433000/2836321 (85.7801%)
entry 2434000/2836321 (85.8154%)
entry 2435000/2836321 (85.8507%)
entry 2436000/2836321 (85.8859%)
entry 2438000/2836321 (85.9564%)
entry 2439000/2836321 (85.9917%)
entry 2440000/2836321 (86.0269%)
entry 2442000/2836321 (86.0974%)
entry 2445000/2836321 (86.2032%)
entry 2446000/2836321 (86.2385%)
entry 2447000/2836321 (86.2737%)
entry 2448000/2836321 (86.309%)
entry 2449000/2836321 (86.3442%)
entry 2451000/2836321 (86.4148%)
entry 2452000/2836321 (86.45%)
entry 2453000/2836321 (86.4853%)
entry 2455000/2836321 (86.5558%)
entry 2457000/2836321 (86.6263%)
entry 2458000/2836321 (86.6616%)
entry 2461000/2836321 (86.7673%)
entry 2462000/2836321 (86.8026%)
entry 2464000/2836321 (86.8731%)
entry 2467000/2836321 (86.9789%)
entry 2469000/2836321 (87.0494%)
entry 2470000/2836321 (87.0846%)
entry 2472000/2836321 (87.1552%)
entry 2476000/2836321 (87.2962%)
entry 2477000/2836321 (87.3314%)
entry 2479000/2836321 (87.402%)
entry 2481000/2836321 (87.4725%)
entry 2484000/2836321 (87.5782%)
entry 2485000/2836321 (87.6135%)
entry 2486000/2836321 (87.6488%)
entry 2487000/2836321 (87.684%)
entry 2489000/2836321 (87.7545%)
entry 2490000/2836321 (87.7898%)
entry 2491000/2836321 (87.825%)
entry 2492000/2836321 (87.8603%)
entry 2493000/2836321 (87.8956%)
entry 2494000/2836321 (87.9308%)
entry 2495000/2836321 (87.9661%)
entry 2496000/2836321 (88.0013%)
entry 2498000/2836321 (88.0718%)
entry 2500000/2836321 (88.1424%)
entry 2502000/2836321 (88.2129%)
entry 2503000/2836321 (88.2481%)
entry 2505000/2836321 (88.3186%)
entry 2508000/2836321 (88.4244%)
entry 2510000/2836321 (88.4949%)
entry 2511000/2836321 (88.5302%)
entry 2512000/2836321 (88.5654%)
entry 2513000/2836321 (88.6007%)
entry 2516000/2836321 (88.7065%)
entry 2519000/2836321 (88.8122%)
entry 2520000/2836321 (88.8475%)
entry 2521000/2836321 (88.8827%)
entry 2522000/2836321 (88.918%)
entry 2523000/2836321 (88.9533%)
entry 2524000/2836321 (88.9885%)
entry 2525000/2836321 (89.0238%)
entry 2527000/2836321 (89.0943%)
entry 2528000/2836321 (89.1295%)
entry 2529000/2836321 (89.1648%)
entry 2531000/2836321 (89.2353%)
entry 2532000/2836321 (89.2706%)
entry 2534000/2836321 (89.3411%)
entry 2536000/2836321 (89.4116%)
entry 2537000/2836321 (89.4469%)
entry 2538000/2836321 (89.4821%)
entry 2543000/2836321 (89.6584%)
entry 2548000/2836321 (89.8347%)
entry 2551000/2836321 (89.9405%)
entry 2552000/2836321 (89.9757%)
entry 2553000/2836321 (90.011%)
entry 2554000/2836321 (90.0462%)
entry 2555000/2836321 (90.0815%)
entry 2557000/2836321 (90.152%)
entry 2558000/2836321 (90.1873%)
entry 2559000/2836321 (90.2225%)
entry 2562000/2836321 (90.3283%)
entry 2563000/2836321 (90.3635%)
entry 2564000/2836321 (90.3988%)
entry 2569000/2836321 (90.5751%)
entry 2571000/2836321 (90.6456%)
entry 2572000/2836321 (90.6808%)
entry 2573000/2836321 (90.7161%)
entry 2574000/2836321 (90.7514%)
entry 2576000/2836321 (90.8219%)
entry 2580000/2836321 (90.9629%)
entry 2581000/2836321 (90.9982%)
entry 2584000/2836321 (91.1039%)
entry 2585000/2836321 (91.1392%)
entry 2586000/2836321 (91.1744%)
entry 2587000/2836321 (91.2097%)
entry 2589000/2836321 (91.2802%)
entry 2591000/2836321 (91.3507%)
entry 2592000/2836321 (91.386%)
entry 2593000/2836321 (91.4212%)
entry 2599000/2836321 (91.6328%)
entry 2601000/2836321 (91.7033%)
entry 2602000/2836321 (91.7386%)
entry 2603000/2836321 (91.7738%)
entry 2604000/2836321 (91.8091%)
entry 2605000/2836321 (91.8443%)
entry 2606000/2836321 (91.8796%)
entry 2607000/2836321 (91.9148%)
entry 2608000/2836321 (91.9501%)
entry 2610000/2836321 (92.0206%)
entry 2611000/2836321 (92.0559%)
entry 2613000/2836321 (92.1264%)
entry 2614000/2836321 (92.1616%)
entry 2616000/2836321 (92.2322%)
entry 2617000/2836321 (92.2674%)
entry 2618000/2836321 (92.3027%)
entry 2619000/2836321 (92.3379%)
entry 2620000/2836321 (92.3732%)
entry 2621000/2836321 (92.4084%)
entry 2622000/2836321 (92.4437%)
entry 2624000/2836321 (92.5142%)
entry 2625000/2836321 (92.5495%)
entry 2626000/2836321 (92.5847%)
entry 2627000/2836321 (92.62%)
entry 2628000/2836321 (92.6552%)
entry 2629000/2836321 (92.6905%)
entry 2630000/2836321 (92.7258%)
entry 2631000/2836321 (92.761%)
entry 2633000/2836321 (92.8315%)
entry 2634000/2836321 (92.8668%)
entry 2635000/2836321 (92.902%)
entry 2637000/2836321 (92.9726%)
entry 2638000/2836321 (93.0078%)
entry 2639000/2836321 (93.0431%)
entry 2640000/2836321 (93.0783%)
entry 2641000/2836321 (93.1136%)
entry 2642000/2836321 (93.1488%)
entry 2643000/2836321 (93.1841%)
entry 2644000/2836321 (93.2194%)
entry 2645000/2836321 (93.2546%)
entry 2646000/2836321 (93.2899%)
entry 2647000/2836321 (93.3251%)
entry 2648000/2836321 (93.3604%)
entry 2649000/2836321 (93.3956%)
entry 2650000/2836321 (93.4309%)
entry 2652000/2836321 (93.5014%)
entry 2653000/2836321 (93.5367%)
entry 2656000/2836321 (93.6424%)
entry 2658000/2836321 (93.7129%)
entry 2661000/2836321 (93.8187%)
entry 2662000/2836321 (93.854%)
entry 2665000/2836321 (93.9597%)
entry 2669000/2836321 (94.1008%)
entry 2670000/2836321 (94.136%)
entry 2671000/2836321 (94.1713%)
entry 2673000/2836321 (94.2418%)
entry 2675000/2836321 (94.3123%)
entry 2678000/2836321 (94.4181%)
entry 2679000/2836321 (94.4533%)
entry 2680000/2836321 (94.4886%)
entry 2681000/2836321 (94.5239%)
entry 2682000/2836321 (94.5591%)
entry 2684000/2836321 (94.6296%)
entry 2688000/2836321 (94.7707%)
entry 2689000/2836321 (94.8059%)
entry 2691000/2836321 (94.8764%)
entry 2692000/2836321 (94.9117%)
entry 2693000/2836321 (94.9469%)
entry 2695000/2836321 (95.0175%)
entry 2696000/2836321 (95.0527%)
entry 2697000/2836321 (95.088%)
entry 2698000/2836321 (95.1232%)
entry 2699000/2836321 (95.1585%)
entry 2702000/2836321 (95.2643%)
entry 2703000/2836321 (95.2995%)
entry 2704000/2836321 (95.3348%)
entry 2705000/2836321 (95.37%)
entry 2706000/2836321 (95.4053%)
entry 2707000/2836321 (95.4405%)
entry 2708000/2836321 (95.4758%)
entry 2711000/2836321 (95.5816%)
entry 2713000/2836321 (95.6521%)
entry 2716000/2836321 (95.7578%)
entry 2717000/2836321 (95.7931%)
entry 2719000/2836321 (95.8636%)
entry 2720000/2836321 (95.8989%)
entry 2721000/2836321 (95.9341%)
entry 2722000/2836321 (95.9694%)
entry 2723000/2836321 (96.0046%)
entry 2724000/2836321 (96.0399%)
entry 2725000/2836321 (96.0752%)
entry 2728000/2836321 (96.1809%)
entry 2730000/2836321 (96.2514%)
entry 2731000/2836321 (96.2867%)
entry 2732000/2836321 (96.322%)
entry 2733000/2836321 (96.3572%)
entry 2736000/2836321 (96.463%)
entry 2738000/2836321 (96.5335%)
entry 2739000/2836321 (96.5688%)
entry 2745000/2836321 (96.7803%)
entry 2746000/2836321 (96.8156%)
entry 2748000/2836321 (96.8861%)
entry 2749000/2836321 (96.9213%)
entry 2750000/2836321 (96.9566%)
entry 2752000/2836321 (97.0271%)
entry 2753000/2836321 (97.0624%)
entry 2754000/2836321 (97.0976%)
entry 2757000/2836321 (97.2034%)
entry 2758000/2836321 (97.2386%)
entry 2760000/2836321 (97.3092%)
entry 2761000/2836321 (97.3444%)
entry 2763000/2836321 (97.4149%)
entry 2764000/2836321 (97.4502%)
entry 2765000/2836321 (97.4854%)
entry 2766000/2836321 (97.5207%)
entry 2772000/2836321 (97.7322%)
entry 2773000/2836321 (97.7675%)
entry 2774000/2836321 (97.8028%)
entry 2775000/2836321 (97.838%)
entry 2776000/2836321 (97.8733%)
entry 2777000/2836321 (97.9085%)
entry 2778000/2836321 (97.9438%)
entry 2779000/2836321 (97.979%)
entry 2782000/2836321 (98.0848%)
entry 2784000/2836321 (98.1553%)
entry 2787000/2836321 (98.2611%)
entry 2789000/2836321 (98.3316%)
entry 2790000/2836321 (98.3669%)
entry 2795000/2836321 (98.5431%)
entry 2796000/2836321 (98.5784%)
entry 2799000/2836321 (98.6842%)
entry 2802000/2836321 (98.7899%)
entry 2803000/2836321 (98.8252%)
entry 2804000/2836321 (98.8605%)
entry 2806000/2836321 (98.931%)
entry 2808000/2836321 (99.0015%)
entry 2812000/2836321 (99.1425%)
entry 2813000/2836321 (99.1778%)
entry 2814000/2836321 (99.213%)
entry 2815000/2836321 (99.2483%)
entry 2819000/2836321 (99.3893%)
entry 2821000/2836321 (99.4598%)
entry 2822000/2836321 (99.4951%)
entry 2823000/2836321 (99.5303%)
entry 2825000/2836321 (99.6009%)
entry 2828000/2836321 (99.7066%)
entry 2831000/2836321 (99.8124%)
entry 2832000/2836321 (99.8477%)
entry 2833000/2836321 (99.8829%)
all done
script done
