sphnx1142.sdcc.bnl.gov
rsyncing from /gpfs/mnt/gpfs02/sphenix/user/samfred/run25/ppg11/histmaking
running: /gpfs/mnt/gpfs02/sphenix/user/samfred/run25/ppg11/histmaking/script_data.sh 53284
LD_LIBRARY_PATH now /sphenix/user/samfred/run25/install//lib:/cvmfs/sphenix.sdcc.bnl.gov/alma9.2-gcc-14.2.0/opt/sphenix/core/gcc/14.2.0-2f0a0/x86_64-el9/lib:/cvmfs/sphenix.sdcc.bnl.gov/alma9.2-gcc-14.2.0/opt/sphenix/core/gcc/14.2.0-2f0a0/x86_64-el9/lib64:/cvmfs/sphenix.sdcc.bnl.gov/alma9.2-gcc-14.2.0/opt/sphenix/core/binutils/2.40-acaab/x86_64-el9/lib:.:/cvmfs/sphenix.sdcc.bnl.gov/alma9.2-gcc-14.2.0/release/release_new/new.10/lib64:/cvmfs/sphenix.sdcc.bnl.gov/alma9.2-gcc-14.2.0/release/release_new/new.10/lib:/cvmfs/sphenix.sdcc.bnl.gov/alma9.2-gcc-14.2.0/opt/sphenix/utils/lib:/cvmfs/sphenix.sdcc.bnl.gov/alma9.2-gcc-14.2.0/opt/sphenix/core/lib:/cvmfs/sphenix.sdcc.bnl.gov/alma9.2-gcc-14.2.0/opt/sphenix/core/root-6.32.06/lib:/cvmfs/sphenix.sdcc.bnl.gov/alma9.2-gcc-14.2.0/opt/sphenix/core/geant4.10.07.p04/lib64:/cvmfs/sphenix.sdcc.bnl.gov/alma9.2-gcc-14.2.0/opt/sphenix/core/lhapdf-5.9.1/lib:/usr/local/lib64:/usr/lib64
PATH now /sphenix/user/samfred/run25/install//bin:/cvmfs/sphenix.sdcc.bnl.gov/alma9.2-gcc-14.2.0/opt/sphenix/core/gcc/14.2.0-2f0a0/x86_64-el9/bin:/cvmfs/sphenix.sdcc.bnl.gov/alma9.2-gcc-14.2.0/opt/sphenix/core/binutils/2.40-acaab/x86_64-el9/bin:.:/cvmfs/sphenix.sdcc.bnl.gov/alma9.2-gcc-14.2.0/release/release_new/new.10/bin:/cvmfs/sphenix.sdcc.bnl.gov/alma9.2-gcc-14.2.0/opt/sphenix/utils/bin:/cvmfs/sphenix.sdcc.bnl.gov/alma9.2-gcc-14.2.0/opt/sphenix/core/bin:/cvmfs/sphenix.sdcc.bnl.gov/alma9.2-gcc-14.2.0/opt/sphenix/core/root-6.32.06/bin:/cvmfs/sphenix.sdcc.bnl.gov/alma9.2-gcc-14.2.0/opt/sphenix/core/geant4.10.07.p04/bin:/usr/local/bin:/usr/bin:/usr/local/sbin:/usr/sbin
SINGULARITY_CACHEDIR=/home/condor/local/sphnx/execute/dir_2524978
_CONDOR_CHIRP_CONFIG=/home/condor/local/sphnx/execute/dir_2524978/.chirp.config
_CONDOR_JOB_IWD=/sphenix/user/samfred/run25/ppg11/histmaking
G4ENSDFSTATEDATA=/cvmfs/sphenix.sdcc.bnl.gov/alma9.2-gcc-14.2.0/opt/sphenix/core/geant4.10.07.p04/share/Geant4-10.7.4/data/G4ENSDFSTATE2.3
_CONDOR_ANCESTOR_281815=2524978:1759352749:490240575
_CONDOR_MACHINE_AD=/home/condor/local/sphnx/execute/dir_2524978/.machine.ad
_CONDOR_ANCESTOR_281780=281815:1756523323:3601249597
ROOT_MAX_THREADS=1
NUMEXPR_NUM_THREADS=1
CUBACORES=1
_CHIRP_DELAYED_UPDATE_PREFIX=Chirp*
OMP_THREAD_LIMIT=1
G4PIIDATA=/cvmfs/sphenix.sdcc.bnl.gov/alma9.2-gcc-14.2.0/opt/sphenix/core/geant4.10.07.p04/share/Geant4-10.7.4/data/G4PII1.3
NO_AT_BRIDGE=1
G4_MAIN=/cvmfs/sphenix.sdcc.bnl.gov/alma9.2-gcc-14.2.0/opt/sphenix/core/geant4.10.07.p04
COMPILER_PATH=/cvmfs/sphenix.sdcc.bnl.gov/alma9.2-gcc-14.2.0/opt/sphenix/core/gcc/14.2.0-2f0a0/x86_64-el9
ROOT_INCLUDE_PATH=./:/sphenix/user/samfred/run25/install//include:/sphenix/user/samfred/run25/install//include/caloana:/sphenix/user/samfred/run25/install//include/qa_centrality:/sphenix/user/samfred/run25/install//include/mbdana:/sphenix/user/samfred/run25/install//include/centrality:/sphenix/user/samfred/run25/install//include/Event:/cvmfs/sphenix.sdcc.bnl.gov/alma9.2-gcc-14.2.0/release/release_new/new.10/include:/cvmfs/sphenix.sdcc.bnl.gov/alma9.2-gcc-14.2.0/release/release_new/new.10/include:/cvmfs/sphenix.sdcc.bnl.gov/alma9.2-gcc-14.2.0/release/release_new/new.10/include/g4mbd:/cvmfs/sphenix.sdcc.bnl.gov/alma9.2-gcc-14.2.0/release/release_new/new.10/include/fmt:/cvmfs/sphenix.sdcc.bnl.gov/alma9.2-gcc-14.2.0/release/release_new/new.10/include/ffarawobjects:/cvmfs/sphenix.sdcc.bnl.gov/alma9.2-gcc-14.2.0/release/release_new/new.10/include/JSON:/cvmfs/sphenix.sdcc.bnl.gov/alma9.2-gcc-14.2.0/release/release_new/new.10/include/calotreegen:/cvmfs/sphenix.sdcc.bnl.gov/alma9.2-gcc-14.2.0/release/release_new/new.10/include/torch:/cvmfs/sphenix.sdcc.bnl.gov/alma9.2-gcc-14.2.0/release/release_new/new.10/include/g4detectors:/cvmfs/sphenix.sdcc.bnl.gov/alma9.2-gcc-14.2.0/release/release_new/new.10/include/kineto:/cvmfs/sphenix.sdcc.bnl.gov/alma9.2-gcc-14.2.0/release/release_new/new.10/include/g4decayer:/cvmfs/sphenix.sdcc.bnl.gov/alma9.2-gcc-14.2.0/release/release_new/new.10/include/kfparticleqa:/cvmfs/sphenix.sdcc.bnl.gov/alma9.2-gcc-14.2.0/release/release_new/new.10/include/phfield:/cvmfs/sphenix.sdcc.bnl.gov/alma9.2-gcc-14.2.0/release/release_new/new.10/include/LHAPDF:/cvmfs/sphenix.sdcc.bnl.gov/alma9.2-gcc-14.2.0/release/release_new/new.10/include/readdigitalcurrents:/cvmfs/sphenix.sdcc.bnl.gov/alma9.2-gcc-14.2.0/release/release_new/new.10/include/c10:/cvmfs/sphenix.sdcc.bnl.gov/alma9.2-gcc-14.2.0/release/release_new/new.10/include/calovalid:/cvmfs/sphenix.sdcc.bnl.gov/alma9.2-gcc-14.2.0/release/release_new/new.10/include/oneapi:/cvmfs/sphenix.sdcc.bnl.gov/alma9.2-gcc-14.2.0/release/release_new/new.10/include/DDCond:/cvmfs/sphenix.sdcc.bnl.gov/alma9.2-gcc-14.2.0/release/release_new/new.10/include/g4tracking:/cvmfs/sphenix.sdcc.bnl.gov/alma9.2-gcc-14.2.0/release/release_new/new.10/include/litecaloeval:/cvmfs/sphenix.sdcc.bnl.gov/alma9.2-gcc-14.2.0/release/release_new/new.10/include/g4intt:/cvmfs/sphenix.sdcc.bnl.gov/alma9.2-gcc-14.2.0/release/release_new/new.10/include/phool:/cvmfs/sphenix.sdcc.bnl.gov/alma9.2-gcc-14.2.0/release/release_new/new.10/include/boost:/cvmfs/sphenix.sdcc.bnl.gov/alma9.2-gcc-14.2.0/release/release_new/new.10/include/Pythia8Plugins:/cvmfs/sphenix.sdcc.bnl.gov/alma9.2-gcc-14.2.0/release/release_new/new.10/include/calib_emc_pi0:/cvmfs/sphenix.sdcc.bnl.gov/alma9.2-gcc-14.2.0/release/release_new/new.10/include/hijingflipafterburner:/cvmfs/sphenix.sdcc.bnl.gov/alma9.2-gcc-14.2.0/release/release_new/new.10/include/ffaobjects:/cvmfs/sphenix.sdcc.bnl.gov/alma9.2-gcc-14.2.0/release/release_new/new.10/include/EvtGenBase:/cvmfs/sphenix.sdcc.bnl.gov/alma9.2-gcc-14.2.0/release/release_new/new.10/include/flowafterburner:/cvmfs/sphenix.sdcc.bnl.gov/alma9.2-gcc-14.2.0/release/release_new/new.10/include/google:/cvmfs/sphenix.sdcc.bnl.gov/alma9.2-gcc-14.2.0/release/release_new/new.10/include/g4tpc:/cvmfs/sphenix.sdcc.bnl.gov/alma9.2-gcc-14.2.0/release/release_new/new.10/include/caffe2:/cvmfs/sphenix.sdcc.bnl.gov/alma9.2-gcc-14.2.0/release/release_new/new.10/include/EvtGenExternal:/cvmfs/sphenix.sdcc.bnl.gov/alma9.2-gcc-14.2.0/release/release_new/new.10/include/fp16:/cvmfs/sphenix.sdcc.bnl.gov/alma9.2-gcc-14.2.0/release/release_new/new.10/include/ffamodules:/cvmfs/sphenix.sdcc.bnl.gov/alma9.2-gcc-14.2.0/release/release_new/new.10/include/uspin:/cvmfs/sphenix.sdcc.bnl.gov/alma9.2-gcc-14.2.0/release/release_new/new.10/include/Herwig:/cvmfs/sphenix.sdcc.bnl.gov/alma9.2-gcc-14.2.0/release/release_new/new.10/include/genfitexp:/cvmfs/sphenix.sdcc.bnl.gov/alma9.2-gcc-14.2.0/release/release_new/new.10/include/XML:/cvmfs/sphenix.sdcc.bnl.gov/alma9.2-gcc-14.2.0/release/release_new/new.10/include/fbgemm:/cvmfs/sphenix.sdcc.bnl.gov/alma9.2-gcc-14.2.0/release/release_new/new.10/include/DDAlign:/cvmfs/sphenix.sdcc.bnl.gov/alma9.2-gcc-14.2.0/release/release_new/new.10/include/g4mvtx:/cvmfs/sphenix.sdcc.bnl.gov/alma9.2-gcc-14.2.0/release/release_new/new.10/include/kfparticle_sphenix:/cvmfs/sphenix.sdcc.bnl.gov/alma9.2-gcc-14.2.0/release/release_new/new.10/include/fun4all:/cvmfs/sphenix.sdcc.bnl.gov/alma9.2-gcc-14.2.0/release/release_new/new.10/include/intt:/cvmfs/sphenix.sdcc.bnl.gov/alma9.2-gcc-14.2.0/release/release_new/new.10/include/eventdisplay:/cvmfs/sphenix.sdcc.bnl.gov/alma9.2-gcc-14.2.0/release/release_new/new.10/include/EvtGen:/cvmfs/sphenix.sdcc.bnl.gov/alma9.2-gcc-14.2.0/release/release_new/new.10/include/Evaluator:/cvmfs/sphenix.sdcc.bnl.gov/alma9.2-gcc-14.2.0/release/release_new/new.10/include/tpc:/cvmfs/sphenix.sdcc.bnl.gov/alma9.2-gcc-14.2.0/release/release_new/new.10/include/GenFit:/cvmfs/sphenix.sdcc.bnl.gov/alma9.2-gcc-14.2.0/release/release_new/new.10/include/prototype4:/cvmfs/sphenix.sdcc.bnl.gov/alma9.2-gcc-14.2.0/release/release_new/new.10/include/caloembedding:/cvmfs/sphenix.sdcc.bnl.gov/alma9.2-gcc-14.2.0/release/release_new/new.10/include/EvtGenModels:/cvmfs/sphenix.sdcc.bnl.gov/alma9.2-gcc-14.2.0/release/release_new/new.10/include/fastjet:/cvmfs/sphenix.sdcc.bnl.gov/alma9.2-gcc-14.2.0/release/release_new/new.10/include/DDG4:/cvmfs/sphenix.sdcc.bnl.gov/alma9.2-gcc-14.2.0/release/release_new/new.10/include/mbd:/cvmfs/sphenix.sdcc.bnl.gov/alma9.2-gcc-14.2.0/release/release_new/new.10/include/tbb:/cvmfs/sphenix.sdcc.bnl.gov/alma9.2-gcc-14.2.0/release/release_new/new.10/include/phgeom:/cvmfs/sphenix.sdcc.bnl.gov/alma9.2-gcc-14.2.0/release/release_new/new.10/include/g4epd:/cvmfs/sphenix.sdcc.bnl.gov/alma9.2-gcc-14.2.0/release/release_new/new.10/include/oncal:/cvmfs/sphenix.sdcc.bnl.gov/alma9.2-gcc-14.2.0/release/release_new/new.10/include/pybind11:/cvmfs/sphenix.sdcc.bnl.gov/alma9.2-gcc-14.2.0/release/release_new/new.10/include/tpcdistgenerator:/cvmfs/sphenix.sdcc.bnl.gov/alma9.2-gcc-14.2.0/release/release_new/new.10/include/cdbobjects:/cvmfs/sphenix.sdcc.bnl.gov/alma9.2-gcc-14.2.0/release/release_new/new.10/include/g4micromegas:/cvmfs/sphenix.sdcc.bnl.gov/alma9.2-gcc-14.2.0/release/release_new/new.10/include/g4eval:/cvmfs/sphenix.sdcc.bnl.gov/alma9.2-gcc-14.2.0/release/release_new/new.10/include/jetbackground:/cvmfs/sphenix.sdcc.bnl.gov/alma9.2-gcc-14.2.0/release/release_new/new.10/include/micromegas:/cvmfs/sphenix.sdcc.bnl.gov/alma9.2-gcc-14.2.0/release/release_new/new.10/include/hftrackefficiency:/cvmfs/sphenix.sdcc.bnl.gov/alma9.2-gcc-14.2.0/release/release_new/new.10/include/inttrawhitqa:/cvmfs/sphenix.sdcc.bnl.gov/alma9.2-gcc-14.2.0/release/release_new/new.10/include/centrality:/cvmfs/sphenix.sdcc.bnl.gov/alma9.2-gcc-14.2.0/release/release_new/new.10/include/epd:/cvmfs/sphenix.sdcc.bnl.gov/alma9.2-gcc-14.2.0/release/release_new/new.10/include/caloreco:/cvmfs/sphenix.sdcc.bnl.gov/alma9.2-gcc-14.2.0/release/release_new/new.10/include/HepMC:/cvmfs/sphenix.sdcc.bnl.gov/alma9.2-gcc-14.2.0/release/release_new/new.10/include/CLHEP:/cvmfs/sphenix.sdcc.bnl.gov/alma9.2-gcc-14.2.0/release/release_new/new.10/include/Acts:/cvmfs/sphenix.sdcc.bnl.gov/alma9.2-gcc-14.2.0/release/release_new/new.10/include/g4histos:/cvmfs/sphenix.sdcc.bnl.gov/alma9.2-gcc-14.2.0/release/release_new/new.10/include/eventplaneinfo:/cvmfs/sphenix.sdcc.bnl.gov/alma9.2-gcc-14.2.0/release/release_new/new.10/include/fillspacechargemaps:/cvmfs/sphenix.sdcc.bnl.gov/alma9.2-gcc-14.2.0/release/release_new/new.10/include/phhepmc:/cvmfs/sphenix.sdcc.bnl.gov/alma9.2-gcc-14.2.0/release/release_new/new.10/include/trackingqa:/cvmfs/sphenix.sdcc.bnl.gov/alma9.2-gcc-14.2.0/release/release_new/new.10/include/qautils:/cvmfs/sphenix.sdcc.bnl.gov/alma9.2-gcc-14.2.0/release/release_new/new.10/include/trackreco:/cvmfs/sphenix.sdcc.bnl.gov/alma9.2-gcc-14.2.0/release/release_new/new.10/include/g4ohcal:/cvmfs/sphenix.sdcc.bnl.gov/alma9.2-gcc-14.2.0/release/release_new/new.10/include/tpcdvcalib:/cvmfs/sphenix.sdcc.bnl.gov/alma9.2-gcc-14.2.0/release/release_new/new.10/include/zdcinfo:/cvmfs/sphenix.sdcc.bnl.gov/alma9.2-gcc-14.2.0/release/release_new/new.10/include/phpythia8:/cvmfs/sphenix.sdcc.bnl.gov/alma9.2-gcc-14.2.0/release/release_new/new.10/include/fun4allutils:/cvmfs/sphenix.sdcc.bnl.gov/alma9.2-gcc-14.2.0/release/release_new/new.10/include/tpcqa:/cvmfs/sphenix.sdcc.bnl.gov/alma9.2-gcc-14.2.0/release/release_new/new.10/include/Pythia8:/cvmfs/sphenix.sdcc.bnl.gov/alma9.2-gcc-14.2.0/release/release_new/new.10/include/DDRec:/cvmfs/sphenix.sdcc.bnl.gov/alma9.2-gcc-14.2.0/release/release_new/new.10/include/DDDigi:/cvmfs/sphenix.sdcc.bnl.gov/alma9.2-gcc-14.2.0/release/release_new/new.10/include/g4ihcal:/cvmfs/sphenix.sdcc.bnl.gov/alma9.2-gcc-14.2.0/release/release_new/new.10/include/frog:/cvmfs/sphenix.sdcc.bnl.gov/alma9.2-gcc-14.2.0/release/release_new/new.10/include/eigen3:/cvmfs/sphenix.sdcc.bnl.gov/alma9.2-gcc-14.2.0/release/release_new/new.10/include/tensorpipe:/cvmfs/sphenix.sdcc.bnl.gov/alma9.2-gcc-14.2.0/release/release_new/new.10/include/sphenixnpc:/cvmfs/sphenix.sdcc.bnl.gov/alma9.2-gcc-14.2.0/release/release_new/new.10/include/siscone:/cvmfs/sphenix.sdcc.bnl.gov/alma9.2-gcc-14.2.0/release/release_new/new.10/include/pmonitor:/cvmfs/sphenix.sdcc.bnl.gov/alma9.2-gcc-14.2.0/release/release_new/new.10/include/calobase:/cvmfs/sphenix.sdcc.bnl.gov/alma9.2-gcc-14.2.0/release/release_new/new.10/include/ActsExamples:/cvmfs/sphenix.sdcc.bnl.gov/alma9.2-gcc-14.2.0/release/release_new/new.10/include/g4gdml:/cvmfs/sphenix.sdcc.bnl.gov/alma9.2-gcc-14.2.0/release/release_new/new.10/include/mvtx_decoder:/cvmfs/sphenix.sdcc.bnl.gov/alma9.2-gcc-14.2.0/release/release_new/new.10/include/ROOT:/cvmfs/sphenix.sdcc.bnl.gov/alma9.2-gcc-14.2.0/release/release_new/new.10/include/phparameter:/cvmfs/sphenix.sdcc.bnl.gov/alma9.2-gcc-14.2.0/release/release_new/new.10/include/rsa:/cvmfs/sphenix.sdcc.bnl.gov/alma9.2-gcc-14.2.0/release/release_new/new.10/include/fun4allraw:/cvmfs/sphenix.sdcc.bnl.gov/alma9.2-gcc-14.2.0/release/release_new/new.10/include/trackbase_historic:/cvmfs/sphenix.sdcc.bnl.gov/alma9.2-gcc-14.2.0/release/release_new/new.10/include/g4jets:/cvmfs/sphenix.sdcc.bnl.gov/alma9.2-gcc-14.2.0/release/release_new/new.10/include/jetqa:/cvmfs/sphenix.sdcc.bnl.gov/alma9.2-gcc-14.2.0/release/release_new/new.10/include/phoolraw:/cvmfs/sphenix.sdcc.bnl.gov/alma9.2-gcc-14.2.0/release/release_new/new.10/include/g4calo:/cvmfs/sphenix.sdcc.bnl.gov/alma9.2-gcc-14.2.0/release/release_new/new.10/include/mvtxrawhitqa:/cvmfs/sphenix.sdcc.bnl.gov/alma9.2-gcc-14.2.0/release/release_new/new.10/include/HepMC3:/cvmfs/sphenix.sdcc.bnl.gov/alma9.2-gcc-14.2.0/release/release_new/new.10/include/calowaveformsim:/cvmfs/sphenix.sdcc.bnl.gov/alma9.2-gcc-14.2.0/release/release_new/new.10/include/g4caloprototype:/cvmfs/sphenix.sdcc.bnl.gov/alma9.2-gcc-14.2.0/release/release_new/new.10/include/pdbcalbase:/cvmfs/sphenix.sdcc.bnl.gov/alma9.2-gcc-14.2.0/release/release_new/new.10/include/gsl:/cvmfs/sphenix.sdcc.bnl.gov/alma9.2-gcc-14.2.0/release/release_new/new.10/include/nodedump:/cvmfs/sphenix.sdcc.bnl.gov/alma9.2-gcc-14.2.0/release/release_new/new.10/include/emcnoisytowerfinder:/cvmfs/sphenix.sdcc.bnl.gov/alma9.2-gcc-14.2.0/release/release_new/new.10/include/ActsFatras:/cvmfs/sphenix.sdcc.bnl.gov/alma9.2-gcc-14.2.0/release/release_new/new.10/include/ffarawmodules:/cvmfs/sphenix.sdcc.bnl.gov/alma9.2-gcc-14.2.0/release/release_new/new.10/include/Event:/cvmfs/sphenix.sdcc.bnl.gov/alma9.2-gcc-14.2.0/release/release_new/new.10/include/prototype3:/cvmfs/sphenix.sdcc.bnl.gov/alma9.2-gcc-14.2.0/release/release_new/new.10/include/fermimotionafterburner:/cvmfs/sphenix.sdcc.bnl.gov/alma9.2-gcc-14.2.0/release/release_new/new.10/include/Photos:/cvmfs/sphenix.sdcc.bnl.gov/alma9.2-gcc-14.2.0/release/release_new/new.10/include/xingshiftcal:/cvmfs/sphenix.sdcc.bnl.gov/alma9.2-gcc-14.2.0/release/release_new/new.10/include/trackbase:/cvmfs/sphenix.sdcc.bnl.gov/alma9.2-gcc-14.2.0/release/release_new/new.10/include/jetdstskimmer:/cvmfs/sphenix.sdcc.bnl.gov/alma9.2-gcc-14.2.0/release/release_new/new.10/include/clusteriso:/cvmfs/sphenix.sdcc.bnl.gov/alma9.2-gcc-14.2.0/release/release_new/new.10/include/asmjit:/cvmfs/sphenix.sdcc.bnl.gov/alma9.2-gcc-14.2.0/release/release_new/new.10/include/particleflowreco:/cvmfs/sphenix.sdcc.bnl.gov/alma9.2-gcc-14.2.0/release/release_new/new.10/include/tpchittrackdisplay:/cvmfs/sphenix.sdcc.bnl.gov/alma9.2-gcc-14.2.0/release/release_new/new.10/include/caloana:/cvmfs/sphenix.sdcc.bnl.gov/alma9.2-gcc-14.2.0/release/release_new/new.10/include/calotrigger:/cvmfs/sphenix.sdcc.bnl.gov/alma9.2-gcc-14.2.0/release/release_new/new.10/include/nopayloadclient:/cvmfs/sphenix.sdcc.bnl.gov/alma9.2-gcc-14.2.0/release/release_new/new.10/include/trackermillepedealignment:/cvmfs/sphenix.sdcc.bnl.gov/alma9.2-gcc-14.2.0/release/release_new/new.10/include/DD4hep:/cvmfs/sphenix.sdcc.bnl.gov/alma9.2-gcc-14.2.0/release/release_new/new.10/include/g4trackfastsim:/cvmfs/sphenix.sdcc.bnl.gov/alma9.2-gcc-14.2.0/release/release_new/new.10/include/prototype2:/cvmfs/sphenix.sdcc.bnl.gov/alma9.2-gcc-14.2.0/release/release_new/new.10/include/ATen:/cvmfs/sphenix.sdcc.bnl.gov/alma9.2-gcc-14.2.0/release/release_new/new.10/include/g4main:/cvmfs/sphenix.sdcc.bnl.gov/alma9.2-gcc-14.2.0/release/release_new/new.10/include/Tauola:/cvmfs/sphenix.sdcc.bnl.gov/alma9.2-gcc-14.2.0/release/release_new/new.10/include/inttcalib:/cvmfs/sphenix.sdcc.bnl.gov/alma9.2-gcc-14.2.0/release/release_new/new.10/include/reactionplaneafterburner:/cvmfs/sphenix.sdcc.bnl.gov/alma9.2-gcc-14.2.0/release/release_new/new.10/include/globalqa:/cvmfs/sphenix.sdcc.bnl.gov/alma9.2-gcc-14.2.0/release/release_new/new.10/include/tpccalib:/cvmfs/sphenix.sdcc.bnl.gov/alma9.2-gcc-14.2.0/release/release_new/new.10/include/DDSegmentation:/cvmfs/sphenix.sdcc.bnl.gov/alma9.2-gcc-14.2.0/release/release_new/new.10/include/decayfinder:/cvmfs/sphenix.sdcc.bnl.gov/alma9.2-gcc-14.2.0/release/release_new/new.10/include/compressclus:/cvmfs/sphenix.sdcc.bnl.gov/alma9.2-gcc-14.2.0/release/release_new/new.10/include/simqa_modules:/cvmfs/sphenix.sdcc.bnl.gov/alma9.2-gcc-14.2.0/release/release_new/new.10/include/resonancejettagging:/cvmfs/sphenix.sdcc.bnl.gov/alma9.2-gcc-14.2.0/release/release_new/new.10/include/g4centrality:/cvmfs/sphenix.sdcc.bnl.gov/alma9.2-gcc-14.2.0/release/release_new/new.10/include/mvtx:/cvmfs/sphenix.sdcc.bnl.gov/alma9.2-gcc-14.2.0/release/release_new/new.10/include/nlohmann:/cvmfs/sphenix.sdcc.bnl.gov/alma9.2-gcc-14.2.0/release/release_new/new.10/include/localpoloffmon:/cvmfs/sphenix.sdcc.bnl.gov/alma9.2-gcc-14.2.0/release/release_new/new.10/include/DDEve:/cvmfs/sphenix.sdcc.bnl.gov/alma9.2-gcc-14.2.0/release/release_new/new.10/include/Parsers:/cvmfs/sphenix.sdcc.bnl.gov/alma9.2-gcc-14.2.0/release/release_new/new.10/include/trackingdiagnostics:/cvmfs/sphenix.sdcc.bnl.gov/alma9.2-gcc-14.2.0/release/release_new/new.10/include/g4vertex:/cvmfs/sphenix.sdcc.bnl.gov/alma9.2-gcc-14.2.0/release/release_new/new.10/include/jetbase:/cvmfs/sphenix.sdcc.bnl.gov/alma9.2-gcc-14.2.0/release/release_new/new.10/include/globalvertex:/cvmfs/sphenix.sdcc.bnl.gov/alma9.2-gcc-14.2.0/release/release_new/new.10/include/phgenfit:/cvmfs/sphenix.sdcc.bnl.gov/alma9.2-gcc-14.2.0/release/release_new/new.10/include/rawbcolumi:/cvmfs/sphenix.sdcc.bnl.gov/alma9.2-gcc-14.2.0/release/release_new/new.10/include/eicsmear:/cvmfs/sphenix.sdcc.bnl.gov/alma9.2-gcc-14.2.0/release/release_new/new.10/include/mvtxcalib:/cvmfs/sphenix.sdcc.bnl.gov/alma9.2-gcc-14.2.0/release/release_new/new.10/include/tpclinelaserdiode:/cvmfs/sphenix.sdcc.bnl.gov/alma9.2-gcc-14.2.0/release/release_new/new.10/include/hepmcjettrigger:/cvmfs/sphenix.sdcc.bnl.gov/alma9.2-gcc-14.2.0/release/release_new/new.10/include/core:/cvmfs/sphenix.sdcc.bnl.gov/alma9.2-gcc-14.2.0/release/release_new/new.10/include/calo_cdb:/cvmfs/sphenix.sdcc.bnl.gov/alma9.2-gcc-14.2.0/release/release_new/new.10/include/mvtxclustershapesqa:/cvmfs/sphenix.sdcc.bnl.gov/alma9.2-gcc-14.2.0/release/release_new/new.10/include/calopacketskimmer:/cvmfs/sphenix.sdcc.bnl.gov/alma9.2-gcc-14.2.0/opt/sphenix/core/geant4.10.07.p04/include:/cvmfs/sphenix.sdcc.bnl.gov/alma9.2-gcc-14.2.0/release/release_new/new.10/rootmacros:/cvmfs/sphenix.sdcc.bnl.gov/alma9.2-gcc-14.2.0/opt/sphenix/core/include
GSEARCHPATH=.:PG:LUSTRE:RAWDATA
PWD=/gpfs/mnt/gpfs02/sphenix/user/samfred/run25/ppg11/histmaking
LOGNAME=samfred
_CONDOR_JOB_AD=/home/condor/local/sphnx/execute/dir_2524978/.job.ad
MANPATH=/cvmfs/sphenix.sdcc.bnl.gov/alma9.2-gcc-14.2.0/opt/sphenix/core/gcc/14.2.0-2f0a0/x86_64-el9/share/man:/cvmfs/sphenix.sdcc.bnl.gov/alma9.2-gcc-14.2.0/opt/sphenix/core/binutils/2.40-acaab/x86_64-el9/share/man:/cvmfs/sphenix.sdcc.bnl.gov/alma9.2-gcc-14.2.0/release/release_new/new.10/share/man:/cvmfs/sphenix.sdcc.bnl.gov/alma9.2-gcc-14.2.0/opt/sphenix/utils/share/man:/cvmfs/sphenix.sdcc.bnl.gov/alma9.2-gcc-14.2.0/opt/sphenix/core/share/man:/cvmfs/sphenix.sdcc.bnl.gov/alma9.2-gcc-14.2.0/opt/sphenix/core/root-6.32.06/man:/usr/local/share/man:/usr/share/man
PYTHIA8=/cvmfs/sphenix.sdcc.bnl.gov/alma9.2-gcc-14.2.0/release/release_new/new.10/share/Pythia8
G4INCLDATA=/cvmfs/sphenix.sdcc.bnl.gov/alma9.2-gcc-14.2.0/opt/sphenix/core/geant4.10.07.p04/share/Geant4-10.7.4/data/G4INCL1.0
ORIG_PATH=/usr/local/bin:/usr/bin
CXX=/cvmfs/sphenix.sdcc.bnl.gov/alma9.2-gcc-14.2.0/opt/sphenix/core/gcc/14.2.0-2f0a0/x86_64-el9/bin/g++
G4LEDATA=/cvmfs/sphenix.sdcc.bnl.gov/alma9.2-gcc-14.2.0/opt/sphenix/core/geant4.10.07.p04/share/Geant4-10.7.4/data/G4EMLOW7.13
PYTHON_CPU_COUNT=1
OPENBLAS_NUM_THREADS=1
_CONDOR_BIN=/usr/bin
HOME=/sphenix/u/samfred
G4PARTICLEXSDATA=/cvmfs/sphenix.sdcc.bnl.gov/alma9.2-gcc-14.2.0/opt/sphenix/core/geant4.10.07.p04/share/Geant4-10.7.4/data/G4PARTICLEXS3.1.1
ONLINE_MAIN=/cvmfs/sphenix.sdcc.bnl.gov/alma9.2-gcc-14.2.0/release/release_new/new.10
CALIBRATIONROOT=/cvmfs/sphenix.sdcc.bnl.gov/alma9.2-gcc-14.2.0/release/release_new/new.10/share/calibrations
TMPDIR=/tmp
_CONDOR_SCRATCH_DIR=/home/condor/local/sphnx/execute/dir_2524978
PGUSER=phnxrc
NOPAYLOADCLIENT_CONF=/cvmfs/sphenix.sdcc.bnl.gov/alma9.2-gcc-14.2.0/opt/sphenix/core/etc/sPHENIX_newcdb.json
XERCESCROOT=/cvmfs/sphenix.sdcc.bnl.gov/alma9.2-gcc-14.2.0/opt/sphenix/core/geant4.10.07.p04
LHAPATH=/cvmfs/sphenix.sdcc.bnl.gov/alma9.2-gcc-14.2.0/opt/sphenix/core/lhapdf-5.9.1/share/lhapdf/PDFsets
G4NEUTRONHPDATA=/cvmfs/sphenix.sdcc.bnl.gov/alma9.2-gcc-14.2.0/opt/sphenix/core/geant4.10.07.p04/share/Geant4-10.7.4/data/G4NDL4.6
PYTHONPATH=.:/cvmfs/sphenix.sdcc.bnl.gov/alma9.2-gcc-14.2.0/release/release_new/new.10/lib/python3.13/site-packages:/cvmfs/sphenix.sdcc.bnl.gov/alma9.2-gcc-14.2.0/opt/sphenix/core/lib/python3.13/site-packages:/cvmfs/sphenix.sdcc.bnl.gov/alma9.2-gcc-14.2.0/opt/sphenix/core/root-6.32.06/lib
_CONDOR_ANCESTOR_2524978=2527358:1759352749:999901220
USER=samfred
_CONDOR_JOB_PIDS=
TEMP=/tmp
GOMAXPROCS=1
OFFLINE_MAIN=/cvmfs/sphenix.sdcc.bnl.gov/alma9.2-gcc-14.2.0/release/release_new/new.10
SHLVL=1
TF_NUM_THREADS=1
G4SAIDXSDATA=/cvmfs/sphenix.sdcc.bnl.gov/alma9.2-gcc-14.2.0/opt/sphenix/core/geant4.10.07.p04/share/Geant4-10.7.4/data/G4SAIDDATA2.0
APPTAINER_CACHEDIR=/home/condor/local/sphnx/execute/dir_2524978
ROOTSYS=/cvmfs/sphenix.sdcc.bnl.gov/alma9.2-gcc-14.2.0/opt/sphenix/core/root-6.32.06
BATCH_SYSTEM=HTCondor
_CONDOR_SLOT=slot1_53
LD_LIBRARY_PATH=/sphenix/user/samfred/run25/install//lib:/cvmfs/sphenix.sdcc.bnl.gov/alma9.2-gcc-14.2.0/opt/sphenix/core/gcc/14.2.0-2f0a0/x86_64-el9/lib:/cvmfs/sphenix.sdcc.bnl.gov/alma9.2-gcc-14.2.0/opt/sphenix/core/gcc/14.2.0-2f0a0/x86_64-el9/lib64:/cvmfs/sphenix.sdcc.bnl.gov/alma9.2-gcc-14.2.0/opt/sphenix/core/binutils/2.40-acaab/x86_64-el9/lib:.:/cvmfs/sphenix.sdcc.bnl.gov/alma9.2-gcc-14.2.0/release/release_new/new.10/lib64:/cvmfs/sphenix.sdcc.bnl.gov/alma9.2-gcc-14.2.0/release/release_new/new.10/lib:/cvmfs/sphenix.sdcc.bnl.gov/alma9.2-gcc-14.2.0/opt/sphenix/utils/lib:/cvmfs/sphenix.sdcc.bnl.gov/alma9.2-gcc-14.2.0/opt/sphenix/core/lib:/cvmfs/sphenix.sdcc.bnl.gov/alma9.2-gcc-14.2.0/opt/sphenix/core/root-6.32.06/lib:/cvmfs/sphenix.sdcc.bnl.gov/alma9.2-gcc-14.2.0/opt/sphenix/core/geant4.10.07.p04/lib64:/cvmfs/sphenix.sdcc.bnl.gov/alma9.2-gcc-14.2.0/opt/sphenix/core/lhapdf-5.9.1/lib:/usr/local/lib64:/usr/lib64
OPT_SPHENIX=/cvmfs/sphenix.sdcc.bnl.gov/alma9.2-gcc-14.2.0/opt/sphenix/core
TF_LOOP_PARALLEL_ITERATIONS=1
EVT_LIB=/cvmfs/sphenix.sdcc.bnl.gov/alma9.2-gcc-14.2.0/opt/sphenix/core/root-6.32.06/lib
PGHOST=sphnxdbmaster.sdcc.bnl.gov
OMP_NUM_THREADS=1
G4REALSURFACEDATA=/cvmfs/sphenix.sdcc.bnl.gov/alma9.2-gcc-14.2.0/opt/sphenix/core/geant4.10.07.p04/share/Geant4-10.7.4/data/RealSurface2.2
FC=/cvmfs/sphenix.sdcc.bnl.gov/alma9.2-gcc-14.2.0/opt/sphenix/core/gcc/14.2.0-2f0a0/x86_64-el9/bin/gfortran
G4ABLADATA=/cvmfs/sphenix.sdcc.bnl.gov/alma9.2-gcc-14.2.0/opt/sphenix/core/geant4.10.07.p04/share/Geant4-10.7.4/data/G4ABLA3.1
PARASOFT=doesnotexist
TMP=/tmp
OPT_UTILS=/cvmfs/sphenix.sdcc.bnl.gov/alma9.2-gcc-14.2.0/opt/sphenix/utils
CONFIG_SITE=/cvmfs/sphenix.sdcc.bnl.gov/alma9.2-gcc-14.2.0/opt/sphenix/core/etc/config.site
PATH=/sphenix/user/samfred/run25/install//bin:/cvmfs/sphenix.sdcc.bnl.gov/alma9.2-gcc-14.2.0/opt/sphenix/core/gcc/14.2.0-2f0a0/x86_64-el9/bin:/cvmfs/sphenix.sdcc.bnl.gov/alma9.2-gcc-14.2.0/opt/sphenix/core/binutils/2.40-acaab/x86_64-el9/bin:.:/cvmfs/sphenix.sdcc.bnl.gov/alma9.2-gcc-14.2.0/release/release_new/new.10/bin:/cvmfs/sphenix.sdcc.bnl.gov/alma9.2-gcc-14.2.0/opt/sphenix/utils/bin:/cvmfs/sphenix.sdcc.bnl.gov/alma9.2-gcc-14.2.0/opt/sphenix/core/bin:/cvmfs/sphenix.sdcc.bnl.gov/alma9.2-gcc-14.2.0/opt/sphenix/core/root-6.32.06/bin:/cvmfs/sphenix.sdcc.bnl.gov/alma9.2-gcc-14.2.0/opt/sphenix/core/geant4.10.07.p04/bin:/usr/local/bin:/usr/bin:/usr/local/sbin:/usr/sbin
G4LEVELGAMMADATA=/cvmfs/sphenix.sdcc.bnl.gov/alma9.2-gcc-14.2.0/opt/sphenix/core/geant4.10.07.p04/share/Geant4-10.7.4/data/PhotonEvaporation5.7
CC=/cvmfs/sphenix.sdcc.bnl.gov/alma9.2-gcc-14.2.0/opt/sphenix/core/gcc/14.2.0-2f0a0/x86_64-el9/bin/gcc
G4RADIOACTIVEDATA=/cvmfs/sphenix.sdcc.bnl.gov/alma9.2-gcc-14.2.0/opt/sphenix/core/geant4.10.07.p04/share/Geant4-10.7.4/data/RadioactiveDecay5.6
JULIA_NUM_THREADS=1
MKL_NUM_THREADS=1
LHAPDF_DATA_PATH=/cvmfs/sphenix.sdcc.bnl.gov/alma9.2-gcc-14.2.0/release/release_new/new.10/share/LHAPDF
XPLOAD_CONFIG_DIR=/cvmfs/sphenix.sdcc.bnl.gov/alma9.2-gcc-14.2.0/opt/sphenix/core/etc
OLDPWD=/cvmfs/sphenix.sdcc.bnl.gov/alma9.2-gcc-14.2.0/release/release_new/new.10/geant4
_=/usr/bin/printenv
runnumber...
53284
trigger...

   ------------------------------------------------------------------
  | Welcome to ROOT 6.32.06                        https://root.cern |
  | (c) 1995-2024, The ROOT Team; conception: R. Brun, F. Rademakers |
  | Built for linuxx8664gcc on Dec 13 2024, 17:23:48                 |
  | From tags/6-32-06@6-32-06                                        |
  | With g++ (GCC) 14.2.0                                            |
  | Try '.help'/'.?', '.demo', '.license', '.credits', '.quit'/'.q'  |
   ------------------------------------------------------------------


Processing data_histmaker.C(53284)...
entry 6000/1288167 (0.465778%)
entry 7000/1288167 (0.543408%)
entry 12000/1288167 (0.931556%)
entry 13000/1288167 (1.00919%)
entry 14000/1288167 (1.08682%)
entry 15000/1288167 (1.16445%)
entry 16000/1288167 (1.24208%)
entry 18000/1288167 (1.39733%)
entry 19000/1288167 (1.47496%)
entry 20000/1288167 (1.55259%)
entry 21000/1288167 (1.63022%)
entry 22000/1288167 (1.70785%)
entry 23000/1288167 (1.78548%)
entry 24000/1288167 (1.86311%)
entry 26000/1288167 (2.01837%)
entry 31000/1288167 (2.40652%)
entry 33000/1288167 (2.56178%)
entry 35000/1288167 (2.71704%)
entry 36000/1288167 (2.79467%)
entry 40000/1288167 (3.10519%)
entry 41000/1288167 (3.18282%)
entry 42000/1288167 (3.26045%)
entry 43000/1288167 (3.33808%)
entry 44000/1288167 (3.41571%)
entry 46000/1288167 (3.57097%)
entry 48000/1288167 (3.72622%)
entry 49000/1288167 (3.80385%)
entry 53000/1288167 (4.11437%)
entry 55000/1288167 (4.26963%)
entry 57000/1288167 (4.42489%)
entry 58000/1288167 (4.50252%)
entry 59000/1288167 (4.58015%)
entry 61000/1288167 (4.73541%)
entry 62000/1288167 (4.81304%)
entry 66000/1288167 (5.12356%)
entry 67000/1288167 (5.20119%)
entry 68000/1288167 (5.27882%)
entry 69000/1288167 (5.35645%)
entry 70000/1288167 (5.43408%)
entry 71000/1288167 (5.51171%)
entry 72000/1288167 (5.58934%)
entry 73000/1288167 (5.66697%)
entry 74000/1288167 (5.7446%)
entry 76000/1288167 (5.89986%)
entry 77000/1288167 (5.97749%)
entry 79000/1288167 (6.13275%)
entry 83000/1288167 (6.44326%)
entry 84000/1288167 (6.52089%)
entry 85000/1288167 (6.59852%)
entry 86000/1288167 (6.67615%)
entry 87000/1288167 (6.75378%)
entry 88000/1288167 (6.83141%)
entry 89000/1288167 (6.90904%)
entry 90000/1288167 (6.98667%)
entry 91000/1288167 (7.0643%)
entry 92000/1288167 (7.14193%)
entry 93000/1288167 (7.21956%)
entry 94000/1288167 (7.29719%)
entry 95000/1288167 (7.37482%)
entry 96000/1288167 (7.45245%)
entry 98000/1288167 (7.60771%)
entry 100000/1288167 (7.76297%)
entry 102000/1288167 (7.91823%)
entry 103000/1288167 (7.99586%)
entry 104000/1288167 (8.07349%)
entry 105000/1288167 (8.15112%)
entry 106000/1288167 (8.22875%)
entry 107000/1288167 (8.30638%)
entry 108000/1288167 (8.38401%)
entry 109000/1288167 (8.46164%)
entry 111000/1288167 (8.6169%)
entry 112000/1288167 (8.69453%)
entry 113000/1288167 (8.77215%)
entry 115000/1288167 (8.92741%)
entry 119000/1288167 (9.23793%)
entry 121000/1288167 (9.39319%)
entry 123000/1288167 (9.54845%)
entry 126000/1288167 (9.78134%)
entry 127000/1288167 (9.85897%)
entry 128000/1288167 (9.9366%)
entry 129000/1288167 (10.0142%)
entry 131000/1288167 (10.1695%)
entry 132000/1288167 (10.2471%)
entry 133000/1288167 (10.3247%)
entry 135000/1288167 (10.48%)
entry 137000/1288167 (10.6353%)
entry 138000/1288167 (10.7129%)
entry 139000/1288167 (10.7905%)
entry 141000/1288167 (10.9458%)
entry 145000/1288167 (11.2563%)
entry 146000/1288167 (11.3339%)
entry 147000/1288167 (11.4116%)
entry 148000/1288167 (11.4892%)
entry 152000/1288167 (11.7997%)
entry 153000/1288167 (11.8773%)
entry 154000/1288167 (11.955%)
entry 156000/1288167 (12.1102%)
entry 157000/1288167 (12.1879%)
entry 159000/1288167 (12.3431%)
entry 162000/1288167 (12.576%)
entry 163000/1288167 (12.6536%)
entry 168000/1288167 (13.0418%)
entry 169000/1288167 (13.1194%)
entry 170000/1288167 (13.197%)
entry 173000/1288167 (13.4299%)
entry 175000/1288167 (13.5852%)
entry 179000/1288167 (13.8957%)
entry 180000/1288167 (13.9733%)
entry 181000/1288167 (14.051%)
entry 182000/1288167 (14.1286%)
entry 183000/1288167 (14.2062%)
entry 184000/1288167 (14.2839%)
entry 185000/1288167 (14.3615%)
entry 189000/1288167 (14.672%)
entry 190000/1288167 (14.7496%)
entry 192000/1288167 (14.9049%)
entry 194000/1288167 (15.0602%)
entry 195000/1288167 (15.1378%)
entry 196000/1288167 (15.2154%)
entry 199000/1288167 (15.4483%)
entry 201000/1288167 (15.6036%)
entry 203000/1288167 (15.7588%)
entry 204000/1288167 (15.8365%)
entry 207000/1288167 (16.0693%)
entry 209000/1288167 (16.2246%)
entry 213000/1288167 (16.5351%)
entry 215000/1288167 (16.6904%)
entry 217000/1288167 (16.8456%)
entry 219000/1288167 (17.0009%)
entry 221000/1288167 (17.1562%)
entry 223000/1288167 (17.3114%)
entry 224000/1288167 (17.3891%)
entry 226000/1288167 (17.5443%)
entry 227000/1288167 (17.6219%)
entry 228000/1288167 (17.6996%)
entry 229000/1288167 (17.7772%)
entry 232000/1288167 (18.0101%)
entry 236000/1288167 (18.3206%)
entry 237000/1288167 (18.3982%)
entry 238000/1288167 (18.4759%)
entry 239000/1288167 (18.5535%)
entry 240000/1288167 (18.6311%)
entry 241000/1288167 (18.7088%)
entry 244000/1288167 (18.9416%)
entry 245000/1288167 (19.0193%)
entry 246000/1288167 (19.0969%)
entry 247000/1288167 (19.1745%)
entry 251000/1288167 (19.4851%)
entry 253000/1288167 (19.6403%)
entry 255000/1288167 (19.7956%)
entry 256000/1288167 (19.8732%)
entry 257000/1288167 (19.9508%)
entry 259000/1288167 (20.1061%)
entry 260000/1288167 (20.1837%)
entry 261000/1288167 (20.2613%)
entry 262000/1288167 (20.339%)
entry 265000/1288167 (20.5719%)
entry 266000/1288167 (20.6495%)
entry 267000/1288167 (20.7271%)
entry 268000/1288167 (20.8048%)
entry 269000/1288167 (20.8824%)
entry 270000/1288167 (20.96%)
entry 271000/1288167 (21.0376%)
entry 272000/1288167 (21.1153%)
entry 277000/1288167 (21.5034%)
entry 278000/1288167 (21.5811%)
entry 279000/1288167 (21.6587%)
entry 281000/1288167 (21.8139%)
entry 283000/1288167 (21.9692%)
entry 285000/1288167 (22.1245%)
entry 287000/1288167 (22.2797%)
entry 288000/1288167 (22.3573%)
entry 289000/1288167 (22.435%)
entry 292000/1288167 (22.6679%)
entry 293000/1288167 (22.7455%)
entry 295000/1288167 (22.9008%)
entry 296000/1288167 (22.9784%)
entry 298000/1288167 (23.1336%)
entry 299000/1288167 (23.2113%)
entry 300000/1288167 (23.2889%)
entry 301000/1288167 (23.3665%)
entry 306000/1288167 (23.7547%)
entry 307000/1288167 (23.8323%)
entry 308000/1288167 (23.9099%)
entry 309000/1288167 (23.9876%)
entry 311000/1288167 (24.1428%)
entry 312000/1288167 (24.2205%)
entry 313000/1288167 (24.2981%)
entry 314000/1288167 (24.3757%)
entry 315000/1288167 (24.4534%)
entry 318000/1288167 (24.6862%)
entry 320000/1288167 (24.8415%)
entry 322000/1288167 (24.9968%)
entry 323000/1288167 (25.0744%)
entry 325000/1288167 (25.2296%)
entry 329000/1288167 (25.5402%)
entry 332000/1288167 (25.7731%)
entry 335000/1288167 (26.0059%)
entry 336000/1288167 (26.0836%)
entry 338000/1288167 (26.2388%)
entry 339000/1288167 (26.3165%)
entry 341000/1288167 (26.4717%)
entry 343000/1288167 (26.627%)
entry 344000/1288167 (26.7046%)
entry 346000/1288167 (26.8599%)
entry 349000/1288167 (27.0928%)
entry 350000/1288167 (27.1704%)
entry 354000/1288167 (27.4809%)
entry 355000/1288167 (27.5585%)
entry 356000/1288167 (27.6362%)
entry 357000/1288167 (27.7138%)
entry 360000/1288167 (27.9467%)
entry 363000/1288167 (28.1796%)
entry 365000/1288167 (28.3348%)
entry 366000/1288167 (28.4125%)
entry 368000/1288167 (28.5677%)
entry 369000/1288167 (28.6454%)
entry 371000/1288167 (28.8006%)
entry 372000/1288167 (28.8782%)
entry 373000/1288167 (28.9559%)
entry 374000/1288167 (29.0335%)
entry 375000/1288167 (29.1111%)
entry 376000/1288167 (29.1888%)
entry 377000/1288167 (29.2664%)
entry 378000/1288167 (29.344%)
entry 381000/1288167 (29.5769%)
entry 382000/1288167 (29.6545%)
entry 388000/1288167 (30.1203%)
entry 391000/1288167 (30.3532%)
entry 393000/1288167 (30.5085%)
entry 394000/1288167 (30.5861%)
entry 395000/1288167 (30.6637%)
entry 396000/1288167 (30.7414%)
entry 400000/1288167 (31.0519%)
entry 402000/1288167 (31.2071%)
entry 404000/1288167 (31.3624%)
entry 405000/1288167 (31.44%)
entry 406000/1288167 (31.5177%)
entry 407000/1288167 (31.5953%)
entry 408000/1288167 (31.6729%)
entry 409000/1288167 (31.7505%)
entry 410000/1288167 (31.8282%)
entry 413000/1288167 (32.0611%)
entry 415000/1288167 (32.2163%)
entry 417000/1288167 (32.3716%)
entry 418000/1288167 (32.4492%)
entry 419000/1288167 (32.5268%)
entry 420000/1288167 (32.6045%)
entry 421000/1288167 (32.6821%)
entry 422000/1288167 (32.7597%)
entry 423000/1288167 (32.8374%)
entry 424000/1288167 (32.915%)
entry 426000/1288167 (33.0702%)
entry 428000/1288167 (33.2255%)
entry 431000/1288167 (33.4584%)
entry 432000/1288167 (33.536%)
entry 434000/1288167 (33.6913%)
entry 438000/1288167 (34.0018%)
entry 439000/1288167 (34.0794%)
entry 441000/1288167 (34.2347%)
entry 442000/1288167 (34.3123%)
entry 444000/1288167 (34.4676%)
entry 445000/1288167 (34.5452%)
entry 446000/1288167 (34.6228%)
entry 447000/1288167 (34.7005%)
entry 450000/1288167 (34.9334%)
entry 451000/1288167 (35.011%)
entry 452000/1288167 (35.0886%)
entry 455000/1288167 (35.3215%)
entry 458000/1288167 (35.5544%)
entry 459000/1288167 (35.632%)
entry 461000/1288167 (35.7873%)
entry 463000/1288167 (35.9425%)
entry 465000/1288167 (36.0978%)
entry 466000/1288167 (36.1754%)
entry 467000/1288167 (36.2531%)
entry 471000/1288167 (36.5636%)
entry 472000/1288167 (36.6412%)
entry 473000/1288167 (36.7188%)
entry 474000/1288167 (36.7965%)
entry 475000/1288167 (36.8741%)
entry 476000/1288167 (36.9517%)
entry 477000/1288167 (37.0294%)
entry 478000/1288167 (37.107%)
entry 480000/1288167 (37.2622%)
entry 482000/1288167 (37.4175%)
entry 483000/1288167 (37.4951%)
entry 484000/1288167 (37.5728%)
entry 485000/1288167 (37.6504%)
entry 487000/1288167 (37.8057%)
entry 488000/1288167 (37.8833%)
entry 489000/1288167 (37.9609%)
entry 491000/1288167 (38.1162%)
entry 497000/1288167 (38.582%)
entry 499000/1288167 (38.7372%)
entry 500000/1288167 (38.8148%)
entry 501000/1288167 (38.8925%)
entry 502000/1288167 (38.9701%)
entry 503000/1288167 (39.0477%)
entry 504000/1288167 (39.1254%)
entry 505000/1288167 (39.203%)
entry 506000/1288167 (39.2806%)
entry 507000/1288167 (39.3583%)
entry 508000/1288167 (39.4359%)
entry 509000/1288167 (39.5135%)
entry 512000/1288167 (39.7464%)
entry 515000/1288167 (39.9793%)
entry 521000/1288167 (40.4451%)
entry 522000/1288167 (40.5227%)
entry 524000/1288167 (40.678%)
entry 525000/1288167 (40.7556%)
entry 526000/1288167 (40.8332%)
entry 527000/1288167 (40.9108%)
entry 528000/1288167 (40.9885%)
entry 529000/1288167 (41.0661%)
entry 531000/1288167 (41.2214%)
entry 534000/1288167 (41.4543%)
entry 538000/1288167 (41.7648%)
entry 540000/1288167 (41.92%)
entry 542000/1288167 (42.0753%)
entry 544000/1288167 (42.2305%)
entry 546000/1288167 (42.3858%)
entry 547000/1288167 (42.4634%)
entry 548000/1288167 (42.5411%)
entry 549000/1288167 (42.6187%)
entry 553000/1288167 (42.9292%)
entry 555000/1288167 (43.0845%)
entry 557000/1288167 (43.2397%)
entry 558000/1288167 (43.3174%)
entry 561000/1288167 (43.5503%)
entry 562000/1288167 (43.6279%)
entry 564000/1288167 (43.7831%)
entry 567000/1288167 (44.016%)
entry 568000/1288167 (44.0937%)
entry 569000/1288167 (44.1713%)
entry 570000/1288167 (44.2489%)
entry 572000/1288167 (44.4042%)
entry 573000/1288167 (44.4818%)
entry 574000/1288167 (44.5594%)
entry 575000/1288167 (44.6371%)
entry 576000/1288167 (44.7147%)
entry 577000/1288167 (44.7923%)
entry 578000/1288167 (44.87%)
entry 580000/1288167 (45.0252%)
entry 581000/1288167 (45.1028%)
entry 582000/1288167 (45.1805%)
entry 586000/1288167 (45.491%)
entry 588000/1288167 (45.6463%)
entry 592000/1288167 (45.9568%)
entry 593000/1288167 (46.0344%)
entry 595000/1288167 (46.1897%)
entry 596000/1288167 (46.2673%)
entry 597000/1288167 (46.3449%)
entry 600000/1288167 (46.5778%)
entry 602000/1288167 (46.7331%)
entry 603000/1288167 (46.8107%)
entry 605000/1288167 (46.966%)
entry 607000/1288167 (47.1212%)
entry 608000/1288167 (47.1988%)
entry 609000/1288167 (47.2765%)
entry 610000/1288167 (47.3541%)
entry 611000/1288167 (47.4317%)
entry 612000/1288167 (47.5094%)
entry 614000/1288167 (47.6646%)
entry 615000/1288167 (47.7423%)
entry 616000/1288167 (47.8199%)
entry 617000/1288167 (47.8975%)
entry 619000/1288167 (48.0528%)
entry 620000/1288167 (48.1304%)
entry 621000/1288167 (48.208%)
entry 623000/1288167 (48.3633%)
entry 627000/1288167 (48.6738%)
entry 628000/1288167 (48.7514%)
entry 629000/1288167 (48.8291%)
entry 630000/1288167 (48.9067%)
entry 632000/1288167 (49.062%)
entry 633000/1288167 (49.1396%)
entry 636000/1288167 (49.3725%)
entry 637000/1288167 (49.4501%)
entry 638000/1288167 (49.5277%)
entry 642000/1288167 (49.8383%)
entry 643000/1288167 (49.9159%)
entry 646000/1288167 (50.1488%)
entry 648000/1288167 (50.304%)
entry 651000/1288167 (50.5369%)
entry 652000/1288167 (50.6146%)
entry 653000/1288167 (50.6922%)
entry 655000/1288167 (50.8474%)
entry 657000/1288167 (51.0027%)
entry 659000/1288167 (51.158%)
entry 660000/1288167 (51.2356%)
entry 662000/1288167 (51.3909%)
entry 663000/1288167 (51.4685%)
entry 664000/1288167 (51.5461%)
entry 666000/1288167 (51.7014%)
entry 667000/1288167 (51.779%)
entry 668000/1288167 (51.8566%)
entry 669000/1288167 (51.9343%)
entry 670000/1288167 (52.0119%)
entry 673000/1288167 (52.2448%)
entry 674000/1288167 (52.3224%)
entry 676000/1288167 (52.4777%)
entry 677000/1288167 (52.5553%)
entry 679000/1288167 (52.7106%)
entry 683000/1288167 (53.0211%)
entry 685000/1288167 (53.1763%)
entry 686000/1288167 (53.254%)
entry 691000/1288167 (53.6421%)
entry 696000/1288167 (54.0303%)
entry 699000/1288167 (54.2632%)
entry 700000/1288167 (54.3408%)
entry 702000/1288167 (54.496%)
entry 703000/1288167 (54.5737%)
entry 704000/1288167 (54.6513%)
entry 707000/1288167 (54.8842%)
entry 709000/1288167 (55.0394%)
entry 711000/1288167 (55.1947%)
entry 713000/1288167 (55.35%)
entry 714000/1288167 (55.4276%)
entry 715000/1288167 (55.5052%)
entry 717000/1288167 (55.6605%)
entry 718000/1288167 (55.7381%)
entry 721000/1288167 (55.971%)
entry 724000/1288167 (56.2039%)
entry 730000/1288167 (56.6697%)
entry 735000/1288167 (57.0578%)
entry 736000/1288167 (57.1355%)
entry 737000/1288167 (57.2131%)
entry 739000/1288167 (57.3683%)
entry 740000/1288167 (57.446%)
entry 741000/1288167 (57.5236%)
entry 743000/1288167 (57.6789%)
entry 750000/1288167 (58.2223%)
entry 754000/1288167 (58.5328%)
entry 757000/1288167 (58.7657%)
entry 758000/1288167 (58.8433%)
entry 760000/1288167 (58.9986%)
entry 761000/1288167 (59.0762%)
entry 763000/1288167 (59.2314%)
entry 764000/1288167 (59.3091%)
entry 766000/1288167 (59.4643%)
entry 767000/1288167 (59.542%)
entry 768000/1288167 (59.6196%)
entry 769000/1288167 (59.6972%)
entry 771000/1288167 (59.8525%)
entry 772000/1288167 (59.9301%)
entry 773000/1288167 (60.0077%)
entry 774000/1288167 (60.0854%)
entry 775000/1288167 (60.163%)
entry 776000/1288167 (60.2406%)
entry 779000/1288167 (60.4735%)
entry 780000/1288167 (60.5512%)
entry 781000/1288167 (60.6288%)
entry 783000/1288167 (60.784%)
entry 784000/1288167 (60.8617%)
entry 786000/1288167 (61.0169%)
entry 789000/1288167 (61.2498%)
entry 790000/1288167 (61.3275%)
entry 791000/1288167 (61.4051%)
entry 795000/1288167 (61.7156%)
entry 796000/1288167 (61.7932%)
entry 797000/1288167 (61.8709%)
entry 798000/1288167 (61.9485%)
entry 799000/1288167 (62.0261%)
entry 802000/1288167 (62.259%)
entry 803000/1288167 (62.3366%)
entry 805000/1288167 (62.4919%)
entry 806000/1288167 (62.5695%)
entry 808000/1288167 (62.7248%)
entry 810000/1288167 (62.88%)
entry 815000/1288167 (63.2682%)
entry 816000/1288167 (63.3458%)
entry 817000/1288167 (63.4235%)
entry 818000/1288167 (63.5011%)
entry 819000/1288167 (63.5787%)
entry 821000/1288167 (63.734%)
entry 823000/1288167 (63.8892%)
entry 826000/1288167 (64.1221%)
entry 827000/1288167 (64.1998%)
entry 829000/1288167 (64.355%)
entry 832000/1288167 (64.5879%)
entry 833000/1288167 (64.6655%)
entry 834000/1288167 (64.7432%)
entry 836000/1288167 (64.8984%)
entry 838000/1288167 (65.0537%)
entry 840000/1288167 (65.2089%)
entry 842000/1288167 (65.3642%)
entry 843000/1288167 (65.4418%)
entry 844000/1288167 (65.5195%)
entry 845000/1288167 (65.5971%)
entry 846000/1288167 (65.6747%)
entry 849000/1288167 (65.9076%)
entry 850000/1288167 (65.9852%)
entry 852000/1288167 (66.1405%)
entry 855000/1288167 (66.3734%)
entry 857000/1288167 (66.5286%)
entry 860000/1288167 (66.7615%)
entry 861000/1288167 (66.8392%)
entry 863000/1288167 (66.9944%)
entry 864000/1288167 (67.0721%)
entry 865000/1288167 (67.1497%)
entry 866000/1288167 (67.2273%)
entry 867000/1288167 (67.3049%)
entry 869000/1288167 (67.4602%)
entry 871000/1288167 (67.6155%)
entry 872000/1288167 (67.6931%)
entry 873000/1288167 (67.7707%)
entry 874000/1288167 (67.8483%)
entry 876000/1288167 (68.0036%)
entry 877000/1288167 (68.0812%)
entry 878000/1288167 (68.1589%)
entry 879000/1288167 (68.2365%)
entry 880000/1288167 (68.3141%)
entry 883000/1288167 (68.547%)
entry 885000/1288167 (68.7023%)
entry 887000/1288167 (68.8575%)
entry 888000/1288167 (68.9352%)
entry 890000/1288167 (69.0904%)
entry 891000/1288167 (69.168%)
entry 892000/1288167 (69.2457%)
entry 893000/1288167 (69.3233%)
entry 894000/1288167 (69.4009%)
entry 897000/1288167 (69.6338%)
entry 900000/1288167 (69.8667%)
entry 901000/1288167 (69.9443%)
entry 902000/1288167 (70.022%)
entry 903000/1288167 (70.0996%)
entry 905000/1288167 (70.2549%)
entry 906000/1288167 (70.3325%)
entry 907000/1288167 (70.4101%)
entry 908000/1288167 (70.4878%)
entry 911000/1288167 (70.7206%)
entry 912000/1288167 (70.7983%)
entry 913000/1288167 (70.8759%)
entry 914000/1288167 (70.9535%)
entry 915000/1288167 (71.0312%)
entry 916000/1288167 (71.1088%)
entry 917000/1288167 (71.1864%)
entry 918000/1288167 (71.2641%)
entry 919000/1288167 (71.3417%)
entry 921000/1288167 (71.4969%)
entry 922000/1288167 (71.5746%)
entry 923000/1288167 (71.6522%)
entry 924000/1288167 (71.7298%)
entry 926000/1288167 (71.8851%)
entry 927000/1288167 (71.9627%)
entry 928000/1288167 (72.0403%)
entry 930000/1288167 (72.1956%)
entry 934000/1288167 (72.5061%)
entry 935000/1288167 (72.5838%)
entry 937000/1288167 (72.739%)
entry 938000/1288167 (72.8166%)
entry 939000/1288167 (72.8943%)
entry 940000/1288167 (72.9719%)
entry 942000/1288167 (73.1272%)
entry 943000/1288167 (73.2048%)
entry 944000/1288167 (73.2824%)
entry 945000/1288167 (73.3601%)
entry 952000/1288167 (73.9035%)
entry 955000/1288167 (74.1364%)
entry 957000/1288167 (74.2916%)
entry 958000/1288167 (74.3692%)
entry 962000/1288167 (74.6798%)
entry 964000/1288167 (74.835%)
entry 965000/1288167 (74.9126%)
entry 966000/1288167 (74.9903%)
entry 967000/1288167 (75.0679%)
entry 968000/1288167 (75.1455%)
entry 969000/1288167 (75.2232%)
entry 972000/1288167 (75.4561%)
entry 974000/1288167 (75.6113%)
entry 975000/1288167 (75.6889%)
entry 977000/1288167 (75.8442%)
entry 978000/1288167 (75.9218%)
entry 981000/1288167 (76.1547%)
entry 983000/1288167 (76.31%)
entry 986000/1288167 (76.5429%)
entry 990000/1288167 (76.8534%)
entry 991000/1288167 (76.931%)
entry 995000/1288167 (77.2415%)
entry 996000/1288167 (77.3192%)
entry 999000/1288167 (77.5521%)
entry 1001000/1288167 (77.7073%)
entry 1002000/1288167 (77.7849%)
entry 1003000/1288167 (77.8626%)
entry 1004000/1288167 (77.9402%)
entry 1005000/1288167 (78.0178%)
entry 1008000/1288167 (78.2507%)
entry 1009000/1288167 (78.3284%)
entry 1010000/1288167 (78.406%)
entry 1013000/1288167 (78.6389%)
entry 1014000/1288167 (78.7165%)
entry 1015000/1288167 (78.7941%)
entry 1017000/1288167 (78.9494%)
entry 1018000/1288167 (79.027%)
entry 1019000/1288167 (79.1047%)
entry 1020000/1288167 (79.1823%)
entry 1021000/1288167 (79.2599%)
entry 1024000/1288167 (79.4928%)
entry 1025000/1288167 (79.5704%)
entry 1026000/1288167 (79.6481%)
entry 1027000/1288167 (79.7257%)
entry 1028000/1288167 (79.8033%)
entry 1032000/1288167 (80.1138%)
entry 1034000/1288167 (80.2691%)
entry 1037000/1288167 (80.502%)
entry 1038000/1288167 (80.5796%)
entry 1039000/1288167 (80.6572%)
entry 1040000/1288167 (80.7349%)
entry 1041000/1288167 (80.8125%)
entry 1043000/1288167 (80.9678%)
entry 1044000/1288167 (81.0454%)
entry 1048000/1288167 (81.3559%)
entry 1049000/1288167 (81.4335%)
entry 1051000/1288167 (81.5888%)
entry 1054000/1288167 (81.8217%)
entry 1056000/1288167 (81.977%)
entry 1057000/1288167 (82.0546%)
entry 1060000/1288167 (82.2875%)
entry 1061000/1288167 (82.3651%)
entry 1063000/1288167 (82.5204%)
entry 1064000/1288167 (82.598%)
entry 1065000/1288167 (82.6756%)
entry 1067000/1288167 (82.8309%)
entry 1071000/1288167 (83.1414%)
entry 1072000/1288167 (83.219%)
entry 1074000/1288167 (83.3743%)
entry 1076000/1288167 (83.5295%)
entry 1077000/1288167 (83.6072%)
entry 1081000/1288167 (83.9177%)
entry 1083000/1288167 (84.0729%)
entry 1086000/1288167 (84.3058%)
entry 1087000/1288167 (84.3835%)
entry 1088000/1288167 (84.4611%)
entry 1090000/1288167 (84.6164%)
entry 1092000/1288167 (84.7716%)
entry 1096000/1288167 (85.0821%)
entry 1098000/1288167 (85.2374%)
entry 1100000/1288167 (85.3927%)
entry 1102000/1288167 (85.5479%)
entry 1105000/1288167 (85.7808%)
entry 1108000/1288167 (86.0137%)
entry 1109000/1288167 (86.0913%)
entry 1112000/1288167 (86.3242%)
entry 1113000/1288167 (86.4018%)
entry 1114000/1288167 (86.4795%)
entry 1116000/1288167 (86.6347%)
entry 1117000/1288167 (86.7124%)
entry 1118000/1288167 (86.79%)
entry 1119000/1288167 (86.8676%)
entry 1120000/1288167 (86.9452%)
entry 1121000/1288167 (87.0229%)
entry 1122000/1288167 (87.1005%)
entry 1127000/1288167 (87.4887%)
entry 1128000/1288167 (87.5663%)
entry 1130000/1288167 (87.7215%)
entry 1131000/1288167 (87.7992%)
entry 1132000/1288167 (87.8768%)
entry 1133000/1288167 (87.9544%)
entry 1134000/1288167 (88.0321%)
entry 1135000/1288167 (88.1097%)
entry 1136000/1288167 (88.1873%)
entry 1142000/1288167 (88.6531%)
entry 1143000/1288167 (88.7307%)
entry 1145000/1288167 (88.886%)
entry 1146000/1288167 (88.9636%)
entry 1147000/1288167 (89.0413%)
entry 1148000/1288167 (89.1189%)
entry 1149000/1288167 (89.1965%)
entry 1151000/1288167 (89.3518%)
entry 1157000/1288167 (89.8175%)
entry 1158000/1288167 (89.8952%)
entry 1159000/1288167 (89.9728%)
entry 1160000/1288167 (90.0504%)
entry 1161000/1288167 (90.1281%)
entry 1162000/1288167 (90.2057%)
entry 1163000/1288167 (90.2833%)
entry 1164000/1288167 (90.361%)
entry 1166000/1288167 (90.5162%)
entry 1171000/1288167 (90.9044%)
entry 1172000/1288167 (90.982%)
entry 1174000/1288167 (91.1373%)
entry 1177000/1288167 (91.3701%)
entry 1178000/1288167 (91.4478%)
entry 1179000/1288167 (91.5254%)
entry 1180000/1288167 (91.603%)
entry 1182000/1288167 (91.7583%)
entry 1184000/1288167 (91.9136%)
entry 1186000/1288167 (92.0688%)
entry 1189000/1288167 (92.3017%)
entry 1190000/1288167 (92.3793%)
entry 1193000/1288167 (92.6122%)
entry 1194000/1288167 (92.6898%)
entry 1195000/1288167 (92.7675%)
entry 1197000/1288167 (92.9227%)
entry 1200000/1288167 (93.1556%)
entry 1201000/1288167 (93.2333%)
entry 1202000/1288167 (93.3109%)
entry 1203000/1288167 (93.3885%)
entry 1204000/1288167 (93.4661%)
entry 1206000/1288167 (93.6214%)
entry 1207000/1288167 (93.699%)
entry 1210000/1288167 (93.9319%)
entry 1211000/1288167 (94.0095%)
entry 1212000/1288167 (94.0872%)
entry 1213000/1288167 (94.1648%)
entry 1214000/1288167 (94.2424%)
entry 1215000/1288167 (94.3201%)
entry 1217000/1288167 (94.4753%)
entry 1218000/1288167 (94.553%)
entry 1219000/1288167 (94.6306%)
entry 1220000/1288167 (94.7082%)
entry 1221000/1288167 (94.7858%)
entry 1224000/1288167 (95.0187%)
entry 1226000/1288167 (95.174%)
entry 1229000/1288167 (95.4069%)
entry 1230000/1288167 (95.4845%)
entry 1231000/1288167 (95.5621%)
entry 1233000/1288167 (95.7174%)
entry 1234000/1288167 (95.795%)
entry 1235000/1288167 (95.8727%)
entry 1236000/1288167 (95.9503%)
entry 1237000/1288167 (96.0279%)
entry 1238000/1288167 (96.1056%)
entry 1239000/1288167 (96.1832%)
entry 1240000/1288167 (96.2608%)
entry 1241000/1288167 (96.3384%)
entry 1242000/1288167 (96.4161%)
entry 1244000/1288167 (96.5713%)
entry 1246000/1288167 (96.7266%)
entry 1247000/1288167 (96.8042%)
entry 1248000/1288167 (96.8818%)
entry 1251000/1288167 (97.1147%)
entry 1252000/1288167 (97.1924%)
entry 1253000/1288167 (97.27%)
entry 1255000/1288167 (97.4253%)
entry 1256000/1288167 (97.5029%)
entry 1258000/1288167 (97.6581%)
entry 1259000/1288167 (97.7358%)
entry 1260000/1288167 (97.8134%)
entry 1261000/1288167 (97.891%)
entry 1266000/1288167 (98.2792%)
entry 1267000/1288167 (98.3568%)
entry 1269000/1288167 (98.5121%)
entry 1270000/1288167 (98.5897%)
entry 1276000/1288167 (99.0555%)
entry 1277000/1288167 (99.1331%)
entry 1278000/1288167 (99.2107%)
entry 1279000/1288167 (99.2884%)
entry 1280000/1288167 (99.366%)
entry 1282000/1288167 (99.5213%)
entry 1283000/1288167 (99.5989%)
entry 1285000/1288167 (99.7541%)
entry 1286000/1288167 (99.8318%)
entry 1288000/1288167 (99.987%)
all done
script done
