sphnx1009.sdcc.bnl.gov
rsyncing from /gpfs/mnt/gpfs02/sphenix/user/samfred/run25/ppg11/histmaking
running: /gpfs/mnt/gpfs02/sphenix/user/samfred/run25/ppg11/histmaking/script_data.sh 53364
LD_LIBRARY_PATH now /sphenix/user/samfred/run25/install//lib:/cvmfs/sphenix.sdcc.bnl.gov/alma9.2-gcc-14.2.0/opt/sphenix/core/gcc/14.2.0-2f0a0/x86_64-el9/lib:/cvmfs/sphenix.sdcc.bnl.gov/alma9.2-gcc-14.2.0/opt/sphenix/core/gcc/14.2.0-2f0a0/x86_64-el9/lib64:/cvmfs/sphenix.sdcc.bnl.gov/alma9.2-gcc-14.2.0/opt/sphenix/core/binutils/2.40-acaab/x86_64-el9/lib:.:/cvmfs/sphenix.sdcc.bnl.gov/alma9.2-gcc-14.2.0/release/release_new/new.10/lib64:/cvmfs/sphenix.sdcc.bnl.gov/alma9.2-gcc-14.2.0/release/release_new/new.10/lib:/cvmfs/sphenix.sdcc.bnl.gov/alma9.2-gcc-14.2.0/opt/sphenix/utils/lib:/cvmfs/sphenix.sdcc.bnl.gov/alma9.2-gcc-14.2.0/opt/sphenix/core/lib:/cvmfs/sphenix.sdcc.bnl.gov/alma9.2-gcc-14.2.0/opt/sphenix/core/root-6.32.06/lib:/cvmfs/sphenix.sdcc.bnl.gov/alma9.2-gcc-14.2.0/opt/sphenix/core/geant4.10.07.p04/lib64:/cvmfs/sphenix.sdcc.bnl.gov/alma9.2-gcc-14.2.0/opt/sphenix/core/lhapdf-5.9.1/lib:/usr/local/lib64:/usr/lib64
PATH now /sphenix/user/samfred/run25/install//bin:/cvmfs/sphenix.sdcc.bnl.gov/alma9.2-gcc-14.2.0/opt/sphenix/core/gcc/14.2.0-2f0a0/x86_64-el9/bin:/cvmfs/sphenix.sdcc.bnl.gov/alma9.2-gcc-14.2.0/opt/sphenix/core/binutils/2.40-acaab/x86_64-el9/bin:.:/cvmfs/sphenix.sdcc.bnl.gov/alma9.2-gcc-14.2.0/release/release_new/new.10/bin:/cvmfs/sphenix.sdcc.bnl.gov/alma9.2-gcc-14.2.0/opt/sphenix/utils/bin:/cvmfs/sphenix.sdcc.bnl.gov/alma9.2-gcc-14.2.0/opt/sphenix/core/bin:/cvmfs/sphenix.sdcc.bnl.gov/alma9.2-gcc-14.2.0/opt/sphenix/core/root-6.32.06/bin:/cvmfs/sphenix.sdcc.bnl.gov/alma9.2-gcc-14.2.0/opt/sphenix/core/geant4.10.07.p04/bin:/usr/local/bin:/usr/bin:/usr/local/sbin:/usr/sbin
SINGULARITY_CACHEDIR=/home/condor/local/sphnx/execute/dir_498437
_CONDOR_CHIRP_CONFIG=/home/condor/local/sphnx/execute/dir_498437/.chirp.config
_CONDOR_JOB_IWD=/sphenix/user/samfred/run25/ppg11/histmaking
G4ENSDFSTATEDATA=/cvmfs/sphenix.sdcc.bnl.gov/alma9.2-gcc-14.2.0/opt/sphenix/core/geant4.10.07.p04/share/Geant4-10.7.4/data/G4ENSDFSTATE2.3
_CONDOR_MACHINE_AD=/home/condor/local/sphnx/execute/dir_498437/.machine.ad
ROOT_MAX_THREADS=1
NUMEXPR_NUM_THREADS=1
CUBACORES=1
_CHIRP_DELAYED_UPDATE_PREFIX=Chirp*
_CONDOR_ANCESTOR_351205=351240:1756523313:1673139430
OMP_THREAD_LIMIT=1
G4PIIDATA=/cvmfs/sphenix.sdcc.bnl.gov/alma9.2-gcc-14.2.0/opt/sphenix/core/geant4.10.07.p04/share/Geant4-10.7.4/data/G4PII1.3
NO_AT_BRIDGE=1
G4_MAIN=/cvmfs/sphenix.sdcc.bnl.gov/alma9.2-gcc-14.2.0/opt/sphenix/core/geant4.10.07.p04
COMPILER_PATH=/cvmfs/sphenix.sdcc.bnl.gov/alma9.2-gcc-14.2.0/opt/sphenix/core/gcc/14.2.0-2f0a0/x86_64-el9
ROOT_INCLUDE_PATH=./:/sphenix/user/samfred/run25/install//include:/sphenix/user/samfred/run25/install//include/caloana:/sphenix/user/samfred/run25/install//include/qa_centrality:/sphenix/user/samfred/run25/install//include/mbdana:/sphenix/user/samfred/run25/install//include/centrality:/sphenix/user/samfred/run25/install//include/Event:/cvmfs/sphenix.sdcc.bnl.gov/alma9.2-gcc-14.2.0/release/release_new/new.10/include:/cvmfs/sphenix.sdcc.bnl.gov/alma9.2-gcc-14.2.0/release/release_new/new.10/include:/cvmfs/sphenix.sdcc.bnl.gov/alma9.2-gcc-14.2.0/release/release_new/new.10/include/g4mbd:/cvmfs/sphenix.sdcc.bnl.gov/alma9.2-gcc-14.2.0/release/release_new/new.10/include/fmt:/cvmfs/sphenix.sdcc.bnl.gov/alma9.2-gcc-14.2.0/release/release_new/new.10/include/ffarawobjects:/cvmfs/sphenix.sdcc.bnl.gov/alma9.2-gcc-14.2.0/release/release_new/new.10/include/JSON:/cvmfs/sphenix.sdcc.bnl.gov/alma9.2-gcc-14.2.0/release/release_new/new.10/include/calotreegen:/cvmfs/sphenix.sdcc.bnl.gov/alma9.2-gcc-14.2.0/release/release_new/new.10/include/torch:/cvmfs/sphenix.sdcc.bnl.gov/alma9.2-gcc-14.2.0/release/release_new/new.10/include/g4detectors:/cvmfs/sphenix.sdcc.bnl.gov/alma9.2-gcc-14.2.0/release/release_new/new.10/include/kineto:/cvmfs/sphenix.sdcc.bnl.gov/alma9.2-gcc-14.2.0/release/release_new/new.10/include/g4decayer:/cvmfs/sphenix.sdcc.bnl.gov/alma9.2-gcc-14.2.0/release/release_new/new.10/include/kfparticleqa:/cvmfs/sphenix.sdcc.bnl.gov/alma9.2-gcc-14.2.0/release/release_new/new.10/include/phfield:/cvmfs/sphenix.sdcc.bnl.gov/alma9.2-gcc-14.2.0/release/release_new/new.10/include/LHAPDF:/cvmfs/sphenix.sdcc.bnl.gov/alma9.2-gcc-14.2.0/release/release_new/new.10/include/readdigitalcurrents:/cvmfs/sphenix.sdcc.bnl.gov/alma9.2-gcc-14.2.0/release/release_new/new.10/include/c10:/cvmfs/sphenix.sdcc.bnl.gov/alma9.2-gcc-14.2.0/release/release_new/new.10/include/calovalid:/cvmfs/sphenix.sdcc.bnl.gov/alma9.2-gcc-14.2.0/release/release_new/new.10/include/oneapi:/cvmfs/sphenix.sdcc.bnl.gov/alma9.2-gcc-14.2.0/release/release_new/new.10/include/DDCond:/cvmfs/sphenix.sdcc.bnl.gov/alma9.2-gcc-14.2.0/release/release_new/new.10/include/g4tracking:/cvmfs/sphenix.sdcc.bnl.gov/alma9.2-gcc-14.2.0/release/release_new/new.10/include/litecaloeval:/cvmfs/sphenix.sdcc.bnl.gov/alma9.2-gcc-14.2.0/release/release_new/new.10/include/g4intt:/cvmfs/sphenix.sdcc.bnl.gov/alma9.2-gcc-14.2.0/release/release_new/new.10/include/phool:/cvmfs/sphenix.sdcc.bnl.gov/alma9.2-gcc-14.2.0/release/release_new/new.10/include/boost:/cvmfs/sphenix.sdcc.bnl.gov/alma9.2-gcc-14.2.0/release/release_new/new.10/include/Pythia8Plugins:/cvmfs/sphenix.sdcc.bnl.gov/alma9.2-gcc-14.2.0/release/release_new/new.10/include/calib_emc_pi0:/cvmfs/sphenix.sdcc.bnl.gov/alma9.2-gcc-14.2.0/release/release_new/new.10/include/hijingflipafterburner:/cvmfs/sphenix.sdcc.bnl.gov/alma9.2-gcc-14.2.0/release/release_new/new.10/include/ffaobjects:/cvmfs/sphenix.sdcc.bnl.gov/alma9.2-gcc-14.2.0/release/release_new/new.10/include/EvtGenBase:/cvmfs/sphenix.sdcc.bnl.gov/alma9.2-gcc-14.2.0/release/release_new/new.10/include/flowafterburner:/cvmfs/sphenix.sdcc.bnl.gov/alma9.2-gcc-14.2.0/release/release_new/new.10/include/google:/cvmfs/sphenix.sdcc.bnl.gov/alma9.2-gcc-14.2.0/release/release_new/new.10/include/g4tpc:/cvmfs/sphenix.sdcc.bnl.gov/alma9.2-gcc-14.2.0/release/release_new/new.10/include/caffe2:/cvmfs/sphenix.sdcc.bnl.gov/alma9.2-gcc-14.2.0/release/release_new/new.10/include/EvtGenExternal:/cvmfs/sphenix.sdcc.bnl.gov/alma9.2-gcc-14.2.0/release/release_new/new.10/include/fp16:/cvmfs/sphenix.sdcc.bnl.gov/alma9.2-gcc-14.2.0/release/release_new/new.10/include/ffamodules:/cvmfs/sphenix.sdcc.bnl.gov/alma9.2-gcc-14.2.0/release/release_new/new.10/include/uspin:/cvmfs/sphenix.sdcc.bnl.gov/alma9.2-gcc-14.2.0/release/release_new/new.10/include/Herwig:/cvmfs/sphenix.sdcc.bnl.gov/alma9.2-gcc-14.2.0/release/release_new/new.10/include/genfitexp:/cvmfs/sphenix.sdcc.bnl.gov/alma9.2-gcc-14.2.0/release/release_new/new.10/include/XML:/cvmfs/sphenix.sdcc.bnl.gov/alma9.2-gcc-14.2.0/release/release_new/new.10/include/fbgemm:/cvmfs/sphenix.sdcc.bnl.gov/alma9.2-gcc-14.2.0/release/release_new/new.10/include/DDAlign:/cvmfs/sphenix.sdcc.bnl.gov/alma9.2-gcc-14.2.0/release/release_new/new.10/include/g4mvtx:/cvmfs/sphenix.sdcc.bnl.gov/alma9.2-gcc-14.2.0/release/release_new/new.10/include/kfparticle_sphenix:/cvmfs/sphenix.sdcc.bnl.gov/alma9.2-gcc-14.2.0/release/release_new/new.10/include/fun4all:/cvmfs/sphenix.sdcc.bnl.gov/alma9.2-gcc-14.2.0/release/release_new/new.10/include/intt:/cvmfs/sphenix.sdcc.bnl.gov/alma9.2-gcc-14.2.0/release/release_new/new.10/include/eventdisplay:/cvmfs/sphenix.sdcc.bnl.gov/alma9.2-gcc-14.2.0/release/release_new/new.10/include/EvtGen:/cvmfs/sphenix.sdcc.bnl.gov/alma9.2-gcc-14.2.0/release/release_new/new.10/include/Evaluator:/cvmfs/sphenix.sdcc.bnl.gov/alma9.2-gcc-14.2.0/release/release_new/new.10/include/tpc:/cvmfs/sphenix.sdcc.bnl.gov/alma9.2-gcc-14.2.0/release/release_new/new.10/include/GenFit:/cvmfs/sphenix.sdcc.bnl.gov/alma9.2-gcc-14.2.0/release/release_new/new.10/include/prototype4:/cvmfs/sphenix.sdcc.bnl.gov/alma9.2-gcc-14.2.0/release/release_new/new.10/include/caloembedding:/cvmfs/sphenix.sdcc.bnl.gov/alma9.2-gcc-14.2.0/release/release_new/new.10/include/EvtGenModels:/cvmfs/sphenix.sdcc.bnl.gov/alma9.2-gcc-14.2.0/release/release_new/new.10/include/fastjet:/cvmfs/sphenix.sdcc.bnl.gov/alma9.2-gcc-14.2.0/release/release_new/new.10/include/DDG4:/cvmfs/sphenix.sdcc.bnl.gov/alma9.2-gcc-14.2.0/release/release_new/new.10/include/mbd:/cvmfs/sphenix.sdcc.bnl.gov/alma9.2-gcc-14.2.0/release/release_new/new.10/include/tbb:/cvmfs/sphenix.sdcc.bnl.gov/alma9.2-gcc-14.2.0/release/release_new/new.10/include/phgeom:/cvmfs/sphenix.sdcc.bnl.gov/alma9.2-gcc-14.2.0/release/release_new/new.10/include/g4epd:/cvmfs/sphenix.sdcc.bnl.gov/alma9.2-gcc-14.2.0/release/release_new/new.10/include/oncal:/cvmfs/sphenix.sdcc.bnl.gov/alma9.2-gcc-14.2.0/release/release_new/new.10/include/pybind11:/cvmfs/sphenix.sdcc.bnl.gov/alma9.2-gcc-14.2.0/release/release_new/new.10/include/tpcdistgenerator:/cvmfs/sphenix.sdcc.bnl.gov/alma9.2-gcc-14.2.0/release/release_new/new.10/include/cdbobjects:/cvmfs/sphenix.sdcc.bnl.gov/alma9.2-gcc-14.2.0/release/release_new/new.10/include/g4micromegas:/cvmfs/sphenix.sdcc.bnl.gov/alma9.2-gcc-14.2.0/release/release_new/new.10/include/g4eval:/cvmfs/sphenix.sdcc.bnl.gov/alma9.2-gcc-14.2.0/release/release_new/new.10/include/jetbackground:/cvmfs/sphenix.sdcc.bnl.gov/alma9.2-gcc-14.2.0/release/release_new/new.10/include/micromegas:/cvmfs/sphenix.sdcc.bnl.gov/alma9.2-gcc-14.2.0/release/release_new/new.10/include/hftrackefficiency:/cvmfs/sphenix.sdcc.bnl.gov/alma9.2-gcc-14.2.0/release/release_new/new.10/include/inttrawhitqa:/cvmfs/sphenix.sdcc.bnl.gov/alma9.2-gcc-14.2.0/release/release_new/new.10/include/centrality:/cvmfs/sphenix.sdcc.bnl.gov/alma9.2-gcc-14.2.0/release/release_new/new.10/include/epd:/cvmfs/sphenix.sdcc.bnl.gov/alma9.2-gcc-14.2.0/release/release_new/new.10/include/caloreco:/cvmfs/sphenix.sdcc.bnl.gov/alma9.2-gcc-14.2.0/release/release_new/new.10/include/HepMC:/cvmfs/sphenix.sdcc.bnl.gov/alma9.2-gcc-14.2.0/release/release_new/new.10/include/CLHEP:/cvmfs/sphenix.sdcc.bnl.gov/alma9.2-gcc-14.2.0/release/release_new/new.10/include/Acts:/cvmfs/sphenix.sdcc.bnl.gov/alma9.2-gcc-14.2.0/release/release_new/new.10/include/g4histos:/cvmfs/sphenix.sdcc.bnl.gov/alma9.2-gcc-14.2.0/release/release_new/new.10/include/eventplaneinfo:/cvmfs/sphenix.sdcc.bnl.gov/alma9.2-gcc-14.2.0/release/release_new/new.10/include/fillspacechargemaps:/cvmfs/sphenix.sdcc.bnl.gov/alma9.2-gcc-14.2.0/release/release_new/new.10/include/phhepmc:/cvmfs/sphenix.sdcc.bnl.gov/alma9.2-gcc-14.2.0/release/release_new/new.10/include/trackingqa:/cvmfs/sphenix.sdcc.bnl.gov/alma9.2-gcc-14.2.0/release/release_new/new.10/include/qautils:/cvmfs/sphenix.sdcc.bnl.gov/alma9.2-gcc-14.2.0/release/release_new/new.10/include/trackreco:/cvmfs/sphenix.sdcc.bnl.gov/alma9.2-gcc-14.2.0/release/release_new/new.10/include/g4ohcal:/cvmfs/sphenix.sdcc.bnl.gov/alma9.2-gcc-14.2.0/release/release_new/new.10/include/tpcdvcalib:/cvmfs/sphenix.sdcc.bnl.gov/alma9.2-gcc-14.2.0/release/release_new/new.10/include/zdcinfo:/cvmfs/sphenix.sdcc.bnl.gov/alma9.2-gcc-14.2.0/release/release_new/new.10/include/phpythia8:/cvmfs/sphenix.sdcc.bnl.gov/alma9.2-gcc-14.2.0/release/release_new/new.10/include/fun4allutils:/cvmfs/sphenix.sdcc.bnl.gov/alma9.2-gcc-14.2.0/release/release_new/new.10/include/tpcqa:/cvmfs/sphenix.sdcc.bnl.gov/alma9.2-gcc-14.2.0/release/release_new/new.10/include/Pythia8:/cvmfs/sphenix.sdcc.bnl.gov/alma9.2-gcc-14.2.0/release/release_new/new.10/include/DDRec:/cvmfs/sphenix.sdcc.bnl.gov/alma9.2-gcc-14.2.0/release/release_new/new.10/include/DDDigi:/cvmfs/sphenix.sdcc.bnl.gov/alma9.2-gcc-14.2.0/release/release_new/new.10/include/g4ihcal:/cvmfs/sphenix.sdcc.bnl.gov/alma9.2-gcc-14.2.0/release/release_new/new.10/include/frog:/cvmfs/sphenix.sdcc.bnl.gov/alma9.2-gcc-14.2.0/release/release_new/new.10/include/eigen3:/cvmfs/sphenix.sdcc.bnl.gov/alma9.2-gcc-14.2.0/release/release_new/new.10/include/tensorpipe:/cvmfs/sphenix.sdcc.bnl.gov/alma9.2-gcc-14.2.0/release/release_new/new.10/include/sphenixnpc:/cvmfs/sphenix.sdcc.bnl.gov/alma9.2-gcc-14.2.0/release/release_new/new.10/include/siscone:/cvmfs/sphenix.sdcc.bnl.gov/alma9.2-gcc-14.2.0/release/release_new/new.10/include/pmonitor:/cvmfs/sphenix.sdcc.bnl.gov/alma9.2-gcc-14.2.0/release/release_new/new.10/include/calobase:/cvmfs/sphenix.sdcc.bnl.gov/alma9.2-gcc-14.2.0/release/release_new/new.10/include/ActsExamples:/cvmfs/sphenix.sdcc.bnl.gov/alma9.2-gcc-14.2.0/release/release_new/new.10/include/g4gdml:/cvmfs/sphenix.sdcc.bnl.gov/alma9.2-gcc-14.2.0/release/release_new/new.10/include/mvtx_decoder:/cvmfs/sphenix.sdcc.bnl.gov/alma9.2-gcc-14.2.0/release/release_new/new.10/include/ROOT:/cvmfs/sphenix.sdcc.bnl.gov/alma9.2-gcc-14.2.0/release/release_new/new.10/include/phparameter:/cvmfs/sphenix.sdcc.bnl.gov/alma9.2-gcc-14.2.0/release/release_new/new.10/include/rsa:/cvmfs/sphenix.sdcc.bnl.gov/alma9.2-gcc-14.2.0/release/release_new/new.10/include/fun4allraw:/cvmfs/sphenix.sdcc.bnl.gov/alma9.2-gcc-14.2.0/release/release_new/new.10/include/trackbase_historic:/cvmfs/sphenix.sdcc.bnl.gov/alma9.2-gcc-14.2.0/release/release_new/new.10/include/g4jets:/cvmfs/sphenix.sdcc.bnl.gov/alma9.2-gcc-14.2.0/release/release_new/new.10/include/jetqa:/cvmfs/sphenix.sdcc.bnl.gov/alma9.2-gcc-14.2.0/release/release_new/new.10/include/phoolraw:/cvmfs/sphenix.sdcc.bnl.gov/alma9.2-gcc-14.2.0/release/release_new/new.10/include/g4calo:/cvmfs/sphenix.sdcc.bnl.gov/alma9.2-gcc-14.2.0/release/release_new/new.10/include/mvtxrawhitqa:/cvmfs/sphenix.sdcc.bnl.gov/alma9.2-gcc-14.2.0/release/release_new/new.10/include/HepMC3:/cvmfs/sphenix.sdcc.bnl.gov/alma9.2-gcc-14.2.0/release/release_new/new.10/include/calowaveformsim:/cvmfs/sphenix.sdcc.bnl.gov/alma9.2-gcc-14.2.0/release/release_new/new.10/include/g4caloprototype:/cvmfs/sphenix.sdcc.bnl.gov/alma9.2-gcc-14.2.0/release/release_new/new.10/include/pdbcalbase:/cvmfs/sphenix.sdcc.bnl.gov/alma9.2-gcc-14.2.0/release/release_new/new.10/include/gsl:/cvmfs/sphenix.sdcc.bnl.gov/alma9.2-gcc-14.2.0/release/release_new/new.10/include/nodedump:/cvmfs/sphenix.sdcc.bnl.gov/alma9.2-gcc-14.2.0/release/release_new/new.10/include/emcnoisytowerfinder:/cvmfs/sphenix.sdcc.bnl.gov/alma9.2-gcc-14.2.0/release/release_new/new.10/include/ActsFatras:/cvmfs/sphenix.sdcc.bnl.gov/alma9.2-gcc-14.2.0/release/release_new/new.10/include/ffarawmodules:/cvmfs/sphenix.sdcc.bnl.gov/alma9.2-gcc-14.2.0/release/release_new/new.10/include/Event:/cvmfs/sphenix.sdcc.bnl.gov/alma9.2-gcc-14.2.0/release/release_new/new.10/include/prototype3:/cvmfs/sphenix.sdcc.bnl.gov/alma9.2-gcc-14.2.0/release/release_new/new.10/include/fermimotionafterburner:/cvmfs/sphenix.sdcc.bnl.gov/alma9.2-gcc-14.2.0/release/release_new/new.10/include/Photos:/cvmfs/sphenix.sdcc.bnl.gov/alma9.2-gcc-14.2.0/release/release_new/new.10/include/xingshiftcal:/cvmfs/sphenix.sdcc.bnl.gov/alma9.2-gcc-14.2.0/release/release_new/new.10/include/trackbase:/cvmfs/sphenix.sdcc.bnl.gov/alma9.2-gcc-14.2.0/release/release_new/new.10/include/jetdstskimmer:/cvmfs/sphenix.sdcc.bnl.gov/alma9.2-gcc-14.2.0/release/release_new/new.10/include/clusteriso:/cvmfs/sphenix.sdcc.bnl.gov/alma9.2-gcc-14.2.0/release/release_new/new.10/include/asmjit:/cvmfs/sphenix.sdcc.bnl.gov/alma9.2-gcc-14.2.0/release/release_new/new.10/include/particleflowreco:/cvmfs/sphenix.sdcc.bnl.gov/alma9.2-gcc-14.2.0/release/release_new/new.10/include/tpchittrackdisplay:/cvmfs/sphenix.sdcc.bnl.gov/alma9.2-gcc-14.2.0/release/release_new/new.10/include/caloana:/cvmfs/sphenix.sdcc.bnl.gov/alma9.2-gcc-14.2.0/release/release_new/new.10/include/calotrigger:/cvmfs/sphenix.sdcc.bnl.gov/alma9.2-gcc-14.2.0/release/release_new/new.10/include/nopayloadclient:/cvmfs/sphenix.sdcc.bnl.gov/alma9.2-gcc-14.2.0/release/release_new/new.10/include/trackermillepedealignment:/cvmfs/sphenix.sdcc.bnl.gov/alma9.2-gcc-14.2.0/release/release_new/new.10/include/DD4hep:/cvmfs/sphenix.sdcc.bnl.gov/alma9.2-gcc-14.2.0/release/release_new/new.10/include/g4trackfastsim:/cvmfs/sphenix.sdcc.bnl.gov/alma9.2-gcc-14.2.0/release/release_new/new.10/include/prototype2:/cvmfs/sphenix.sdcc.bnl.gov/alma9.2-gcc-14.2.0/release/release_new/new.10/include/ATen:/cvmfs/sphenix.sdcc.bnl.gov/alma9.2-gcc-14.2.0/release/release_new/new.10/include/g4main:/cvmfs/sphenix.sdcc.bnl.gov/alma9.2-gcc-14.2.0/release/release_new/new.10/include/Tauola:/cvmfs/sphenix.sdcc.bnl.gov/alma9.2-gcc-14.2.0/release/release_new/new.10/include/inttcalib:/cvmfs/sphenix.sdcc.bnl.gov/alma9.2-gcc-14.2.0/release/release_new/new.10/include/reactionplaneafterburner:/cvmfs/sphenix.sdcc.bnl.gov/alma9.2-gcc-14.2.0/release/release_new/new.10/include/globalqa:/cvmfs/sphenix.sdcc.bnl.gov/alma9.2-gcc-14.2.0/release/release_new/new.10/include/tpccalib:/cvmfs/sphenix.sdcc.bnl.gov/alma9.2-gcc-14.2.0/release/release_new/new.10/include/DDSegmentation:/cvmfs/sphenix.sdcc.bnl.gov/alma9.2-gcc-14.2.0/release/release_new/new.10/include/decayfinder:/cvmfs/sphenix.sdcc.bnl.gov/alma9.2-gcc-14.2.0/release/release_new/new.10/include/compressclus:/cvmfs/sphenix.sdcc.bnl.gov/alma9.2-gcc-14.2.0/release/release_new/new.10/include/simqa_modules:/cvmfs/sphenix.sdcc.bnl.gov/alma9.2-gcc-14.2.0/release/release_new/new.10/include/resonancejettagging:/cvmfs/sphenix.sdcc.bnl.gov/alma9.2-gcc-14.2.0/release/release_new/new.10/include/g4centrality:/cvmfs/sphenix.sdcc.bnl.gov/alma9.2-gcc-14.2.0/release/release_new/new.10/include/mvtx:/cvmfs/sphenix.sdcc.bnl.gov/alma9.2-gcc-14.2.0/release/release_new/new.10/include/nlohmann:/cvmfs/sphenix.sdcc.bnl.gov/alma9.2-gcc-14.2.0/release/release_new/new.10/include/localpoloffmon:/cvmfs/sphenix.sdcc.bnl.gov/alma9.2-gcc-14.2.0/release/release_new/new.10/include/DDEve:/cvmfs/sphenix.sdcc.bnl.gov/alma9.2-gcc-14.2.0/release/release_new/new.10/include/Parsers:/cvmfs/sphenix.sdcc.bnl.gov/alma9.2-gcc-14.2.0/release/release_new/new.10/include/trackingdiagnostics:/cvmfs/sphenix.sdcc.bnl.gov/alma9.2-gcc-14.2.0/release/release_new/new.10/include/g4vertex:/cvmfs/sphenix.sdcc.bnl.gov/alma9.2-gcc-14.2.0/release/release_new/new.10/include/jetbase:/cvmfs/sphenix.sdcc.bnl.gov/alma9.2-gcc-14.2.0/release/release_new/new.10/include/globalvertex:/cvmfs/sphenix.sdcc.bnl.gov/alma9.2-gcc-14.2.0/release/release_new/new.10/include/phgenfit:/cvmfs/sphenix.sdcc.bnl.gov/alma9.2-gcc-14.2.0/release/release_new/new.10/include/rawbcolumi:/cvmfs/sphenix.sdcc.bnl.gov/alma9.2-gcc-14.2.0/release/release_new/new.10/include/eicsmear:/cvmfs/sphenix.sdcc.bnl.gov/alma9.2-gcc-14.2.0/release/release_new/new.10/include/mvtxcalib:/cvmfs/sphenix.sdcc.bnl.gov/alma9.2-gcc-14.2.0/release/release_new/new.10/include/tpclinelaserdiode:/cvmfs/sphenix.sdcc.bnl.gov/alma9.2-gcc-14.2.0/release/release_new/new.10/include/hepmcjettrigger:/cvmfs/sphenix.sdcc.bnl.gov/alma9.2-gcc-14.2.0/release/release_new/new.10/include/core:/cvmfs/sphenix.sdcc.bnl.gov/alma9.2-gcc-14.2.0/release/release_new/new.10/include/calo_cdb:/cvmfs/sphenix.sdcc.bnl.gov/alma9.2-gcc-14.2.0/release/release_new/new.10/include/mvtxclustershapesqa:/cvmfs/sphenix.sdcc.bnl.gov/alma9.2-gcc-14.2.0/release/release_new/new.10/include/calopacketskimmer:/cvmfs/sphenix.sdcc.bnl.gov/alma9.2-gcc-14.2.0/opt/sphenix/core/geant4.10.07.p04/include:/cvmfs/sphenix.sdcc.bnl.gov/alma9.2-gcc-14.2.0/release/release_new/new.10/rootmacros:/cvmfs/sphenix.sdcc.bnl.gov/alma9.2-gcc-14.2.0/opt/sphenix/core/include
_CONDOR_ANCESTOR_498437=504703:1759352752:2056960579
GSEARCHPATH=.:PG:LUSTRE:RAWDATA
PWD=/gpfs/mnt/gpfs02/sphenix/user/samfred/run25/ppg11/histmaking
LOGNAME=samfred
_CONDOR_JOB_AD=/home/condor/local/sphnx/execute/dir_498437/.job.ad
MANPATH=/cvmfs/sphenix.sdcc.bnl.gov/alma9.2-gcc-14.2.0/opt/sphenix/core/gcc/14.2.0-2f0a0/x86_64-el9/share/man:/cvmfs/sphenix.sdcc.bnl.gov/alma9.2-gcc-14.2.0/opt/sphenix/core/binutils/2.40-acaab/x86_64-el9/share/man:/cvmfs/sphenix.sdcc.bnl.gov/alma9.2-gcc-14.2.0/release/release_new/new.10/share/man:/cvmfs/sphenix.sdcc.bnl.gov/alma9.2-gcc-14.2.0/opt/sphenix/utils/share/man:/cvmfs/sphenix.sdcc.bnl.gov/alma9.2-gcc-14.2.0/opt/sphenix/core/share/man:/cvmfs/sphenix.sdcc.bnl.gov/alma9.2-gcc-14.2.0/opt/sphenix/core/root-6.32.06/man:/usr/local/share/man:/usr/share/man
PYTHIA8=/cvmfs/sphenix.sdcc.bnl.gov/alma9.2-gcc-14.2.0/release/release_new/new.10/share/Pythia8
G4INCLDATA=/cvmfs/sphenix.sdcc.bnl.gov/alma9.2-gcc-14.2.0/opt/sphenix/core/geant4.10.07.p04/share/Geant4-10.7.4/data/G4INCL1.0
ORIG_PATH=/usr/local/bin:/usr/bin
CXX=/cvmfs/sphenix.sdcc.bnl.gov/alma9.2-gcc-14.2.0/opt/sphenix/core/gcc/14.2.0-2f0a0/x86_64-el9/bin/g++
G4LEDATA=/cvmfs/sphenix.sdcc.bnl.gov/alma9.2-gcc-14.2.0/opt/sphenix/core/geant4.10.07.p04/share/Geant4-10.7.4/data/G4EMLOW7.13
PYTHON_CPU_COUNT=1
OPENBLAS_NUM_THREADS=1
_CONDOR_BIN=/usr/bin
HOME=/sphenix/u/samfred
G4PARTICLEXSDATA=/cvmfs/sphenix.sdcc.bnl.gov/alma9.2-gcc-14.2.0/opt/sphenix/core/geant4.10.07.p04/share/Geant4-10.7.4/data/G4PARTICLEXS3.1.1
ONLINE_MAIN=/cvmfs/sphenix.sdcc.bnl.gov/alma9.2-gcc-14.2.0/release/release_new/new.10
CALIBRATIONROOT=/cvmfs/sphenix.sdcc.bnl.gov/alma9.2-gcc-14.2.0/release/release_new/new.10/share/calibrations
TMPDIR=/tmp
_CONDOR_SCRATCH_DIR=/home/condor/local/sphnx/execute/dir_498437
PGUSER=phnxrc
NOPAYLOADCLIENT_CONF=/cvmfs/sphenix.sdcc.bnl.gov/alma9.2-gcc-14.2.0/opt/sphenix/core/etc/sPHENIX_newcdb.json
XERCESCROOT=/cvmfs/sphenix.sdcc.bnl.gov/alma9.2-gcc-14.2.0/opt/sphenix/core/geant4.10.07.p04
LHAPATH=/cvmfs/sphenix.sdcc.bnl.gov/alma9.2-gcc-14.2.0/opt/sphenix/core/lhapdf-5.9.1/share/lhapdf/PDFsets
G4NEUTRONHPDATA=/cvmfs/sphenix.sdcc.bnl.gov/alma9.2-gcc-14.2.0/opt/sphenix/core/geant4.10.07.p04/share/Geant4-10.7.4/data/G4NDL4.6
PYTHONPATH=.:/cvmfs/sphenix.sdcc.bnl.gov/alma9.2-gcc-14.2.0/release/release_new/new.10/lib/python3.13/site-packages:/cvmfs/sphenix.sdcc.bnl.gov/alma9.2-gcc-14.2.0/opt/sphenix/core/lib/python3.13/site-packages:/cvmfs/sphenix.sdcc.bnl.gov/alma9.2-gcc-14.2.0/opt/sphenix/core/root-6.32.06/lib
USER=samfred
_CONDOR_JOB_PIDS=
TEMP=/tmp
GOMAXPROCS=1
_CONDOR_ANCESTOR_351240=498437:1759352752:1866940950
OFFLINE_MAIN=/cvmfs/sphenix.sdcc.bnl.gov/alma9.2-gcc-14.2.0/release/release_new/new.10
SHLVL=1
TF_NUM_THREADS=1
G4SAIDXSDATA=/cvmfs/sphenix.sdcc.bnl.gov/alma9.2-gcc-14.2.0/opt/sphenix/core/geant4.10.07.p04/share/Geant4-10.7.4/data/G4SAIDDATA2.0
APPTAINER_CACHEDIR=/home/condor/local/sphnx/execute/dir_498437
ROOTSYS=/cvmfs/sphenix.sdcc.bnl.gov/alma9.2-gcc-14.2.0/opt/sphenix/core/root-6.32.06
BATCH_SYSTEM=HTCondor
_CONDOR_SLOT=slot1_63
LD_LIBRARY_PATH=/sphenix/user/samfred/run25/install//lib:/cvmfs/sphenix.sdcc.bnl.gov/alma9.2-gcc-14.2.0/opt/sphenix/core/gcc/14.2.0-2f0a0/x86_64-el9/lib:/cvmfs/sphenix.sdcc.bnl.gov/alma9.2-gcc-14.2.0/opt/sphenix/core/gcc/14.2.0-2f0a0/x86_64-el9/lib64:/cvmfs/sphenix.sdcc.bnl.gov/alma9.2-gcc-14.2.0/opt/sphenix/core/binutils/2.40-acaab/x86_64-el9/lib:.:/cvmfs/sphenix.sdcc.bnl.gov/alma9.2-gcc-14.2.0/release/release_new/new.10/lib64:/cvmfs/sphenix.sdcc.bnl.gov/alma9.2-gcc-14.2.0/release/release_new/new.10/lib:/cvmfs/sphenix.sdcc.bnl.gov/alma9.2-gcc-14.2.0/opt/sphenix/utils/lib:/cvmfs/sphenix.sdcc.bnl.gov/alma9.2-gcc-14.2.0/opt/sphenix/core/lib:/cvmfs/sphenix.sdcc.bnl.gov/alma9.2-gcc-14.2.0/opt/sphenix/core/root-6.32.06/lib:/cvmfs/sphenix.sdcc.bnl.gov/alma9.2-gcc-14.2.0/opt/sphenix/core/geant4.10.07.p04/lib64:/cvmfs/sphenix.sdcc.bnl.gov/alma9.2-gcc-14.2.0/opt/sphenix/core/lhapdf-5.9.1/lib:/usr/local/lib64:/usr/lib64
OPT_SPHENIX=/cvmfs/sphenix.sdcc.bnl.gov/alma9.2-gcc-14.2.0/opt/sphenix/core
TF_LOOP_PARALLEL_ITERATIONS=1
EVT_LIB=/cvmfs/sphenix.sdcc.bnl.gov/alma9.2-gcc-14.2.0/opt/sphenix/core/root-6.32.06/lib
PGHOST=sphnxdbmaster.sdcc.bnl.gov
OMP_NUM_THREADS=1
G4REALSURFACEDATA=/cvmfs/sphenix.sdcc.bnl.gov/alma9.2-gcc-14.2.0/opt/sphenix/core/geant4.10.07.p04/share/Geant4-10.7.4/data/RealSurface2.2
FC=/cvmfs/sphenix.sdcc.bnl.gov/alma9.2-gcc-14.2.0/opt/sphenix/core/gcc/14.2.0-2f0a0/x86_64-el9/bin/gfortran
G4ABLADATA=/cvmfs/sphenix.sdcc.bnl.gov/alma9.2-gcc-14.2.0/opt/sphenix/core/geant4.10.07.p04/share/Geant4-10.7.4/data/G4ABLA3.1
PARASOFT=doesnotexist
TMP=/tmp
OPT_UTILS=/cvmfs/sphenix.sdcc.bnl.gov/alma9.2-gcc-14.2.0/opt/sphenix/utils
CONFIG_SITE=/cvmfs/sphenix.sdcc.bnl.gov/alma9.2-gcc-14.2.0/opt/sphenix/core/etc/config.site
PATH=/sphenix/user/samfred/run25/install//bin:/cvmfs/sphenix.sdcc.bnl.gov/alma9.2-gcc-14.2.0/opt/sphenix/core/gcc/14.2.0-2f0a0/x86_64-el9/bin:/cvmfs/sphenix.sdcc.bnl.gov/alma9.2-gcc-14.2.0/opt/sphenix/core/binutils/2.40-acaab/x86_64-el9/bin:.:/cvmfs/sphenix.sdcc.bnl.gov/alma9.2-gcc-14.2.0/release/release_new/new.10/bin:/cvmfs/sphenix.sdcc.bnl.gov/alma9.2-gcc-14.2.0/opt/sphenix/utils/bin:/cvmfs/sphenix.sdcc.bnl.gov/alma9.2-gcc-14.2.0/opt/sphenix/core/bin:/cvmfs/sphenix.sdcc.bnl.gov/alma9.2-gcc-14.2.0/opt/sphenix/core/root-6.32.06/bin:/cvmfs/sphenix.sdcc.bnl.gov/alma9.2-gcc-14.2.0/opt/sphenix/core/geant4.10.07.p04/bin:/usr/local/bin:/usr/bin:/usr/local/sbin:/usr/sbin
G4LEVELGAMMADATA=/cvmfs/sphenix.sdcc.bnl.gov/alma9.2-gcc-14.2.0/opt/sphenix/core/geant4.10.07.p04/share/Geant4-10.7.4/data/PhotonEvaporation5.7
CC=/cvmfs/sphenix.sdcc.bnl.gov/alma9.2-gcc-14.2.0/opt/sphenix/core/gcc/14.2.0-2f0a0/x86_64-el9/bin/gcc
G4RADIOACTIVEDATA=/cvmfs/sphenix.sdcc.bnl.gov/alma9.2-gcc-14.2.0/opt/sphenix/core/geant4.10.07.p04/share/Geant4-10.7.4/data/RadioactiveDecay5.6
JULIA_NUM_THREADS=1
MKL_NUM_THREADS=1
LHAPDF_DATA_PATH=/cvmfs/sphenix.sdcc.bnl.gov/alma9.2-gcc-14.2.0/release/release_new/new.10/share/LHAPDF
XPLOAD_CONFIG_DIR=/cvmfs/sphenix.sdcc.bnl.gov/alma9.2-gcc-14.2.0/opt/sphenix/core/etc
OLDPWD=/cvmfs/sphenix.sdcc.bnl.gov/alma9.2-gcc-14.2.0/release/release_new/new.10/geant4
_=/usr/bin/printenv
runnumber...
53364
trigger...

   ------------------------------------------------------------------
  | Welcome to ROOT 6.32.06                        https://root.cern |
  | (c) 1995-2024, The ROOT Team; conception: R. Brun, F. Rademakers |
  | Built for linuxx8664gcc on Dec 13 2024, 17:23:48                 |
  | From tags/6-32-06@6-32-06                                        |
  | With g++ (GCC) 14.2.0                                            |
  | Try '.help'/'.?', '.demo', '.license', '.credits', '.quit'/'.q'  |
   ------------------------------------------------------------------


Processing data_histmaker.C(53364)...
entry 1000/1513439 (0.0660747%)
entry 2000/1513439 (0.132149%)
entry 5000/1513439 (0.330373%)
entry 6000/1513439 (0.396448%)
entry 7000/1513439 (0.462523%)
entry 9000/1513439 (0.594672%)
entry 10000/1513439 (0.660747%)
entry 11000/1513439 (0.726822%)
entry 14000/1513439 (0.925046%)
entry 15000/1513439 (0.99112%)
entry 16000/1513439 (1.05719%)
entry 17000/1513439 (1.12327%)
entry 18000/1513439 (1.18934%)
entry 19000/1513439 (1.25542%)
entry 20000/1513439 (1.32149%)
entry 21000/1513439 (1.38757%)
entry 22000/1513439 (1.45364%)
entry 23000/1513439 (1.51972%)
entry 26000/1513439 (1.71794%)
entry 27000/1513439 (1.78402%)
entry 29000/1513439 (1.91617%)
entry 32000/1513439 (2.11439%)
entry 33000/1513439 (2.18046%)
entry 34000/1513439 (2.24654%)
entry 35000/1513439 (2.31261%)
entry 36000/1513439 (2.37869%)
entry 37000/1513439 (2.44476%)
entry 38000/1513439 (2.51084%)
entry 39000/1513439 (2.57691%)
entry 42000/1513439 (2.77514%)
entry 44000/1513439 (2.90729%)
entry 45000/1513439 (2.97336%)
entry 47000/1513439 (3.10551%)
entry 48000/1513439 (3.17158%)
entry 49000/1513439 (3.23766%)
entry 51000/1513439 (3.36981%)
entry 52000/1513439 (3.43588%)
entry 54000/1513439 (3.56803%)
entry 56000/1513439 (3.70018%)
entry 57000/1513439 (3.76626%)
entry 58000/1513439 (3.83233%)
entry 59000/1513439 (3.89841%)
entry 60000/1513439 (3.96448%)
entry 61000/1513439 (4.03056%)
entry 63000/1513439 (4.1627%)
entry 64000/1513439 (4.22878%)
entry 65000/1513439 (4.29485%)
entry 66000/1513439 (4.36093%)
entry 67000/1513439 (4.427%)
entry 68000/1513439 (4.49308%)
entry 69000/1513439 (4.55915%)
entry 70000/1513439 (4.62523%)
entry 71000/1513439 (4.6913%)
entry 72000/1513439 (4.75738%)
entry 73000/1513439 (4.82345%)
entry 74000/1513439 (4.88953%)
entry 76000/1513439 (5.02168%)
entry 79000/1513439 (5.2199%)
entry 80000/1513439 (5.28597%)
entry 82000/1513439 (5.41812%)
entry 83000/1513439 (5.4842%)
entry 87000/1513439 (5.7485%)
entry 88000/1513439 (5.81457%)
entry 89000/1513439 (5.88065%)
entry 91000/1513439 (6.0128%)
entry 92000/1513439 (6.07887%)
entry 93000/1513439 (6.14495%)
entry 94000/1513439 (6.21102%)
entry 95000/1513439 (6.27709%)
entry 96000/1513439 (6.34317%)
entry 98000/1513439 (6.47532%)
entry 101000/1513439 (6.67354%)
entry 102000/1513439 (6.73962%)
entry 104000/1513439 (6.87177%)
entry 106000/1513439 (7.00392%)
entry 107000/1513439 (7.06999%)
entry 109000/1513439 (7.20214%)
entry 110000/1513439 (7.26821%)
entry 111000/1513439 (7.33429%)
entry 113000/1513439 (7.46644%)
entry 114000/1513439 (7.53251%)
entry 116000/1513439 (7.66466%)
entry 118000/1513439 (7.79681%)
entry 120000/1513439 (7.92896%)
entry 121000/1513439 (7.99504%)
entry 122000/1513439 (8.06111%)
entry 123000/1513439 (8.12719%)
entry 124000/1513439 (8.19326%)
entry 128000/1513439 (8.45756%)
entry 129000/1513439 (8.52363%)
entry 132000/1513439 (8.72186%)
entry 134000/1513439 (8.85401%)
entry 135000/1513439 (8.92008%)
entry 136000/1513439 (8.98616%)
entry 139000/1513439 (9.18438%)
entry 140000/1513439 (9.25046%)
entry 141000/1513439 (9.31653%)
entry 142000/1513439 (9.3826%)
entry 143000/1513439 (9.44868%)
entry 144000/1513439 (9.51475%)
entry 145000/1513439 (9.58083%)
entry 146000/1513439 (9.6469%)
entry 147000/1513439 (9.71298%)
entry 148000/1513439 (9.77905%)
entry 150000/1513439 (9.9112%)
entry 151000/1513439 (9.97728%)
entry 153000/1513439 (10.1094%)
entry 155000/1513439 (10.2416%)
entry 156000/1513439 (10.3077%)
entry 157000/1513439 (10.3737%)
entry 158000/1513439 (10.4398%)
entry 159000/1513439 (10.5059%)
entry 162000/1513439 (10.7041%)
entry 163000/1513439 (10.7702%)
entry 166000/1513439 (10.9684%)
entry 167000/1513439 (11.0345%)
entry 168000/1513439 (11.1005%)
entry 169000/1513439 (11.1666%)
entry 173000/1513439 (11.4309%)
entry 174000/1513439 (11.497%)
entry 176000/1513439 (11.6291%)
entry 178000/1513439 (11.7613%)
entry 179000/1513439 (11.8274%)
entry 181000/1513439 (11.9595%)
entry 183000/1513439 (12.0917%)
entry 184000/1513439 (12.1577%)
entry 186000/1513439 (12.2899%)
entry 187000/1513439 (12.356%)
entry 188000/1513439 (12.422%)
entry 189000/1513439 (12.4881%)
entry 190000/1513439 (12.5542%)
entry 191000/1513439 (12.6203%)
entry 192000/1513439 (12.6863%)
entry 193000/1513439 (12.7524%)
entry 194000/1513439 (12.8185%)
entry 195000/1513439 (12.8846%)
entry 196000/1513439 (12.9506%)
entry 198000/1513439 (13.0828%)
entry 199000/1513439 (13.1489%)
entry 200000/1513439 (13.2149%)
entry 201000/1513439 (13.281%)
entry 203000/1513439 (13.4132%)
entry 204000/1513439 (13.4792%)
entry 205000/1513439 (13.5453%)
entry 207000/1513439 (13.6775%)
entry 208000/1513439 (13.7435%)
entry 210000/1513439 (13.8757%)
entry 212000/1513439 (14.0078%)
entry 213000/1513439 (14.0739%)
entry 214000/1513439 (14.14%)
entry 215000/1513439 (14.2061%)
entry 216000/1513439 (14.2721%)
entry 217000/1513439 (14.3382%)
entry 221000/1513439 (14.6025%)
entry 222000/1513439 (14.6686%)
entry 223000/1513439 (14.7347%)
entry 224000/1513439 (14.8007%)
entry 225000/1513439 (14.8668%)
entry 226000/1513439 (14.9329%)
entry 227000/1513439 (14.999%)
entry 228000/1513439 (15.065%)
entry 229000/1513439 (15.1311%)
entry 230000/1513439 (15.1972%)
entry 231000/1513439 (15.2633%)
entry 235000/1513439 (15.5276%)
entry 236000/1513439 (15.5936%)
entry 237000/1513439 (15.6597%)
entry 238000/1513439 (15.7258%)
entry 239000/1513439 (15.7918%)
entry 240000/1513439 (15.8579%)
entry 242000/1513439 (15.9901%)
entry 243000/1513439 (16.0561%)
entry 244000/1513439 (16.1222%)
entry 245000/1513439 (16.1883%)
entry 246000/1513439 (16.2544%)
entry 247000/1513439 (16.3204%)
entry 249000/1513439 (16.4526%)
entry 250000/1513439 (16.5187%)
entry 251000/1513439 (16.5847%)
entry 252000/1513439 (16.6508%)
entry 253000/1513439 (16.7169%)
entry 255000/1513439 (16.849%)
entry 257000/1513439 (16.9812%)
entry 258000/1513439 (17.0473%)
entry 259000/1513439 (17.1133%)
entry 261000/1513439 (17.2455%)
entry 262000/1513439 (17.3116%)
entry 263000/1513439 (17.3776%)
entry 264000/1513439 (17.4437%)
entry 265000/1513439 (17.5098%)
entry 267000/1513439 (17.6419%)
entry 270000/1513439 (17.8402%)
entry 271000/1513439 (17.9062%)
entry 272000/1513439 (17.9723%)
entry 273000/1513439 (18.0384%)
entry 274000/1513439 (18.1045%)
entry 276000/1513439 (18.2366%)
entry 277000/1513439 (18.3027%)
entry 278000/1513439 (18.3688%)
entry 282000/1513439 (18.6331%)
entry 283000/1513439 (18.6991%)
entry 284000/1513439 (18.7652%)
entry 285000/1513439 (18.8313%)
entry 286000/1513439 (18.8974%)
entry 287000/1513439 (18.9634%)
entry 288000/1513439 (19.0295%)
entry 289000/1513439 (19.0956%)
entry 290000/1513439 (19.1617%)
entry 291000/1513439 (19.2277%)
entry 292000/1513439 (19.2938%)
entry 293000/1513439 (19.3599%)
entry 294000/1513439 (19.426%)
entry 296000/1513439 (19.5581%)
entry 299000/1513439 (19.7563%)
entry 300000/1513439 (19.8224%)
entry 301000/1513439 (19.8885%)
entry 302000/1513439 (19.9546%)
entry 304000/1513439 (20.0867%)
entry 306000/1513439 (20.2189%)
entry 308000/1513439 (20.351%)
entry 309000/1513439 (20.4171%)
entry 310000/1513439 (20.4832%)
entry 311000/1513439 (20.5492%)
entry 313000/1513439 (20.6814%)
entry 314000/1513439 (20.7474%)
entry 315000/1513439 (20.8135%)
entry 317000/1513439 (20.9457%)
entry 318000/1513439 (21.0117%)
entry 319000/1513439 (21.0778%)
entry 321000/1513439 (21.21%)
entry 323000/1513439 (21.3421%)
entry 324000/1513439 (21.4082%)
entry 325000/1513439 (21.4743%)
entry 326000/1513439 (21.5403%)
entry 327000/1513439 (21.6064%)
entry 328000/1513439 (21.6725%)
entry 329000/1513439 (21.7386%)
entry 330000/1513439 (21.8046%)
entry 335000/1513439 (22.135%)
entry 336000/1513439 (22.2011%)
entry 337000/1513439 (22.2672%)
entry 339000/1513439 (22.3993%)
entry 341000/1513439 (22.5315%)
entry 342000/1513439 (22.5975%)
entry 344000/1513439 (22.7297%)
entry 345000/1513439 (22.7958%)
entry 346000/1513439 (22.8618%)
entry 347000/1513439 (22.9279%)
entry 348000/1513439 (22.994%)
entry 349000/1513439 (23.0601%)
entry 350000/1513439 (23.1261%)
entry 351000/1513439 (23.1922%)
entry 352000/1513439 (23.2583%)
entry 353000/1513439 (23.3244%)
entry 354000/1513439 (23.3904%)
entry 355000/1513439 (23.4565%)
entry 356000/1513439 (23.5226%)
entry 360000/1513439 (23.7869%)
entry 361000/1513439 (23.853%)
entry 363000/1513439 (23.9851%)
entry 365000/1513439 (24.1173%)
entry 366000/1513439 (24.1833%)
entry 368000/1513439 (24.3155%)
entry 369000/1513439 (24.3816%)
entry 370000/1513439 (24.4476%)
entry 371000/1513439 (24.5137%)
entry 373000/1513439 (24.6459%)
entry 374000/1513439 (24.7119%)
entry 376000/1513439 (24.8441%)
entry 377000/1513439 (24.9102%)
entry 378000/1513439 (24.9762%)
entry 381000/1513439 (25.1745%)
entry 382000/1513439 (25.2405%)
entry 383000/1513439 (25.3066%)
entry 385000/1513439 (25.4388%)
entry 387000/1513439 (25.5709%)
entry 388000/1513439 (25.637%)
entry 391000/1513439 (25.8352%)
entry 392000/1513439 (25.9013%)
entry 395000/1513439 (26.0995%)
entry 396000/1513439 (26.1656%)
entry 397000/1513439 (26.2316%)
entry 398000/1513439 (26.2977%)
entry 400000/1513439 (26.4299%)
entry 402000/1513439 (26.562%)
entry 403000/1513439 (26.6281%)
entry 404000/1513439 (26.6942%)
entry 405000/1513439 (26.7602%)
entry 406000/1513439 (26.8263%)
entry 407000/1513439 (26.8924%)
entry 408000/1513439 (26.9585%)
entry 409000/1513439 (27.0245%)
entry 410000/1513439 (27.0906%)
entry 412000/1513439 (27.2228%)
entry 413000/1513439 (27.2888%)
entry 414000/1513439 (27.3549%)
entry 415000/1513439 (27.421%)
entry 416000/1513439 (27.4871%)
entry 417000/1513439 (27.5531%)
entry 419000/1513439 (27.6853%)
entry 420000/1513439 (27.7514%)
entry 421000/1513439 (27.8174%)
entry 422000/1513439 (27.8835%)
entry 423000/1513439 (27.9496%)
entry 427000/1513439 (28.2139%)
entry 429000/1513439 (28.346%)
entry 430000/1513439 (28.4121%)
entry 431000/1513439 (28.4782%)
entry 432000/1513439 (28.5443%)
entry 433000/1513439 (28.6103%)
entry 434000/1513439 (28.6764%)
entry 435000/1513439 (28.7425%)
entry 436000/1513439 (28.8086%)
entry 438000/1513439 (28.9407%)
entry 439000/1513439 (29.0068%)
entry 440000/1513439 (29.0729%)
entry 441000/1513439 (29.1389%)
entry 444000/1513439 (29.3372%)
entry 448000/1513439 (29.6015%)
entry 449000/1513439 (29.6675%)
entry 451000/1513439 (29.7997%)
entry 452000/1513439 (29.8658%)
entry 454000/1513439 (29.9979%)
entry 455000/1513439 (30.064%)
entry 456000/1513439 (30.1301%)
entry 457000/1513439 (30.1961%)
entry 461000/1513439 (30.4604%)
entry 462000/1513439 (30.5265%)
entry 464000/1513439 (30.6587%)
entry 465000/1513439 (30.7247%)
entry 466000/1513439 (30.7908%)
entry 467000/1513439 (30.8569%)
entry 468000/1513439 (30.923%)
entry 469000/1513439 (30.989%)
entry 470000/1513439 (31.0551%)
entry 472000/1513439 (31.1872%)
entry 473000/1513439 (31.2533%)
entry 475000/1513439 (31.3855%)
entry 476000/1513439 (31.4515%)
entry 477000/1513439 (31.5176%)
entry 478000/1513439 (31.5837%)
entry 479000/1513439 (31.6498%)
entry 481000/1513439 (31.7819%)
entry 482000/1513439 (31.848%)
entry 483000/1513439 (31.9141%)
entry 484000/1513439 (31.9801%)
entry 485000/1513439 (32.0462%)
entry 487000/1513439 (32.1784%)
entry 490000/1513439 (32.3766%)
entry 491000/1513439 (32.4427%)
entry 492000/1513439 (32.5087%)
entry 493000/1513439 (32.5748%)
entry 494000/1513439 (32.6409%)
entry 495000/1513439 (32.707%)
entry 496000/1513439 (32.773%)
entry 497000/1513439 (32.8391%)
entry 498000/1513439 (32.9052%)
entry 499000/1513439 (32.9713%)
entry 500000/1513439 (33.0373%)
entry 502000/1513439 (33.1695%)
entry 503000/1513439 (33.2356%)
entry 504000/1513439 (33.3016%)
entry 506000/1513439 (33.4338%)
entry 507000/1513439 (33.4999%)
entry 508000/1513439 (33.5659%)
entry 509000/1513439 (33.632%)
entry 511000/1513439 (33.7642%)
entry 512000/1513439 (33.8302%)
entry 513000/1513439 (33.8963%)
entry 514000/1513439 (33.9624%)
entry 516000/1513439 (34.0945%)
entry 517000/1513439 (34.1606%)
entry 518000/1513439 (34.2267%)
entry 519000/1513439 (34.2928%)
entry 520000/1513439 (34.3588%)
entry 522000/1513439 (34.491%)
entry 523000/1513439 (34.5571%)
entry 525000/1513439 (34.6892%)
entry 526000/1513439 (34.7553%)
entry 527000/1513439 (34.8214%)
entry 528000/1513439 (34.8874%)
entry 530000/1513439 (35.0196%)
entry 531000/1513439 (35.0857%)
entry 532000/1513439 (35.1517%)
entry 533000/1513439 (35.2178%)
entry 534000/1513439 (35.2839%)
entry 536000/1513439 (35.416%)
entry 537000/1513439 (35.4821%)
entry 540000/1513439 (35.6803%)
entry 541000/1513439 (35.7464%)
entry 543000/1513439 (35.8786%)
entry 544000/1513439 (35.9446%)
entry 545000/1513439 (36.0107%)
entry 546000/1513439 (36.0768%)
entry 547000/1513439 (36.1428%)
entry 548000/1513439 (36.2089%)
entry 549000/1513439 (36.275%)
entry 550000/1513439 (36.3411%)
entry 551000/1513439 (36.4071%)
entry 552000/1513439 (36.4732%)
entry 553000/1513439 (36.5393%)
entry 554000/1513439 (36.6054%)
entry 555000/1513439 (36.6714%)
entry 556000/1513439 (36.7375%)
entry 558000/1513439 (36.8697%)
entry 559000/1513439 (36.9357%)
entry 560000/1513439 (37.0018%)
entry 561000/1513439 (37.0679%)
entry 562000/1513439 (37.134%)
entry 565000/1513439 (37.3322%)
entry 566000/1513439 (37.3983%)
entry 567000/1513439 (37.4643%)
entry 568000/1513439 (37.5304%)
entry 569000/1513439 (37.5965%)
entry 571000/1513439 (37.7286%)
entry 572000/1513439 (37.7947%)
entry 574000/1513439 (37.9269%)
entry 575000/1513439 (37.9929%)
entry 578000/1513439 (38.1912%)
entry 580000/1513439 (38.3233%)
entry 581000/1513439 (38.3894%)
entry 582000/1513439 (38.4555%)
entry 583000/1513439 (38.5215%)
entry 585000/1513439 (38.6537%)
entry 586000/1513439 (38.7198%)
entry 587000/1513439 (38.7858%)
entry 588000/1513439 (38.8519%)
entry 589000/1513439 (38.918%)
entry 590000/1513439 (38.9841%)
entry 591000/1513439 (39.0501%)
entry 592000/1513439 (39.1162%)
entry 593000/1513439 (39.1823%)
entry 594000/1513439 (39.2484%)
entry 596000/1513439 (39.3805%)
entry 597000/1513439 (39.4466%)
entry 598000/1513439 (39.5127%)
entry 599000/1513439 (39.5787%)
entry 605000/1513439 (39.9752%)
entry 607000/1513439 (40.1073%)
entry 608000/1513439 (40.1734%)
entry 611000/1513439 (40.3716%)
entry 612000/1513439 (40.4377%)
entry 614000/1513439 (40.5699%)
entry 617000/1513439 (40.7681%)
entry 618000/1513439 (40.8342%)
entry 620000/1513439 (40.9663%)
entry 621000/1513439 (41.0324%)
entry 623000/1513439 (41.1645%)
entry 624000/1513439 (41.2306%)
entry 625000/1513439 (41.2967%)
entry 626000/1513439 (41.3628%)
entry 630000/1513439 (41.627%)
entry 634000/1513439 (41.8913%)
entry 635000/1513439 (41.9574%)
entry 636000/1513439 (42.0235%)
entry 638000/1513439 (42.1556%)
entry 640000/1513439 (42.2878%)
entry 643000/1513439 (42.486%)
entry 644000/1513439 (42.5521%)
entry 645000/1513439 (42.6182%)
entry 646000/1513439 (42.6842%)
entry 649000/1513439 (42.8825%)
entry 651000/1513439 (43.0146%)
entry 654000/1513439 (43.2128%)
entry 655000/1513439 (43.2789%)
entry 656000/1513439 (43.345%)
entry 657000/1513439 (43.4111%)
entry 658000/1513439 (43.4771%)
entry 659000/1513439 (43.5432%)
entry 660000/1513439 (43.6093%)
entry 661000/1513439 (43.6754%)
entry 662000/1513439 (43.7414%)
entry 664000/1513439 (43.8736%)
entry 665000/1513439 (43.9397%)
entry 666000/1513439 (44.0057%)
entry 667000/1513439 (44.0718%)
entry 671000/1513439 (44.3361%)
entry 672000/1513439 (44.4022%)
entry 673000/1513439 (44.4683%)
entry 674000/1513439 (44.5343%)
entry 675000/1513439 (44.6004%)
entry 676000/1513439 (44.6665%)
entry 678000/1513439 (44.7986%)
entry 680000/1513439 (44.9308%)
entry 681000/1513439 (44.9969%)
entry 682000/1513439 (45.0629%)
entry 683000/1513439 (45.129%)
entry 684000/1513439 (45.1951%)
entry 685000/1513439 (45.2612%)
entry 686000/1513439 (45.3272%)
entry 688000/1513439 (45.4594%)
entry 689000/1513439 (45.5255%)
entry 692000/1513439 (45.7237%)
entry 693000/1513439 (45.7898%)
entry 695000/1513439 (45.9219%)
entry 696000/1513439 (45.988%)
entry 697000/1513439 (46.0541%)
entry 699000/1513439 (46.1862%)
entry 700000/1513439 (46.2523%)
entry 701000/1513439 (46.3184%)
entry 702000/1513439 (46.3844%)
entry 703000/1513439 (46.4505%)
entry 704000/1513439 (46.5166%)
entry 705000/1513439 (46.5827%)
entry 706000/1513439 (46.6487%)
entry 708000/1513439 (46.7809%)
entry 709000/1513439 (46.847%)
entry 710000/1513439 (46.913%)
entry 711000/1513439 (46.9791%)
entry 712000/1513439 (47.0452%)
entry 713000/1513439 (47.1112%)
entry 714000/1513439 (47.1773%)
entry 715000/1513439 (47.2434%)
entry 716000/1513439 (47.3095%)
entry 717000/1513439 (47.3755%)
entry 718000/1513439 (47.4416%)
entry 719000/1513439 (47.5077%)
entry 720000/1513439 (47.5738%)
entry 725000/1513439 (47.9041%)
entry 726000/1513439 (47.9702%)
entry 727000/1513439 (48.0363%)
entry 728000/1513439 (48.1024%)
entry 729000/1513439 (48.1684%)
entry 731000/1513439 (48.3006%)
entry 732000/1513439 (48.3667%)
entry 734000/1513439 (48.4988%)
entry 735000/1513439 (48.5649%)
entry 736000/1513439 (48.631%)
entry 737000/1513439 (48.697%)
entry 741000/1513439 (48.9613%)
entry 745000/1513439 (49.2256%)
entry 747000/1513439 (49.3578%)
entry 748000/1513439 (49.4239%)
entry 750000/1513439 (49.556%)
entry 751000/1513439 (49.6221%)
entry 752000/1513439 (49.6882%)
entry 753000/1513439 (49.7542%)
entry 755000/1513439 (49.8864%)
entry 756000/1513439 (49.9525%)
entry 757000/1513439 (50.0185%)
entry 759000/1513439 (50.1507%)
entry 762000/1513439 (50.3489%)
entry 764000/1513439 (50.4811%)
entry 766000/1513439 (50.6132%)
entry 767000/1513439 (50.6793%)
entry 768000/1513439 (50.7454%)
entry 769000/1513439 (50.8114%)
entry 770000/1513439 (50.8775%)
entry 771000/1513439 (50.9436%)
entry 772000/1513439 (51.0097%)
entry 773000/1513439 (51.0757%)
entry 774000/1513439 (51.1418%)
entry 775000/1513439 (51.2079%)
entry 776000/1513439 (51.274%)
entry 777000/1513439 (51.34%)
entry 779000/1513439 (51.4722%)
entry 781000/1513439 (51.6043%)
entry 782000/1513439 (51.6704%)
entry 783000/1513439 (51.7365%)
entry 784000/1513439 (51.8026%)
entry 785000/1513439 (51.8686%)
entry 786000/1513439 (51.9347%)
entry 789000/1513439 (52.1329%)
entry 790000/1513439 (52.199%)
entry 791000/1513439 (52.2651%)
entry 792000/1513439 (52.3311%)
entry 793000/1513439 (52.3972%)
entry 794000/1513439 (52.4633%)
entry 795000/1513439 (52.5294%)
entry 796000/1513439 (52.5954%)
entry 797000/1513439 (52.6615%)
entry 798000/1513439 (52.7276%)
entry 799000/1513439 (52.7937%)
entry 800000/1513439 (52.8597%)
entry 801000/1513439 (52.9258%)
entry 802000/1513439 (52.9919%)
entry 804000/1513439 (53.124%)
entry 805000/1513439 (53.1901%)
entry 806000/1513439 (53.2562%)
entry 807000/1513439 (53.3223%)
entry 808000/1513439 (53.3883%)
entry 809000/1513439 (53.4544%)
entry 810000/1513439 (53.5205%)
entry 811000/1513439 (53.5866%)
entry 812000/1513439 (53.6526%)
entry 813000/1513439 (53.7187%)
entry 814000/1513439 (53.7848%)
entry 815000/1513439 (53.8509%)
entry 817000/1513439 (53.983%)
entry 818000/1513439 (54.0491%)
entry 819000/1513439 (54.1152%)
entry 820000/1513439 (54.1812%)
entry 821000/1513439 (54.2473%)
entry 822000/1513439 (54.3134%)
entry 823000/1513439 (54.3795%)
entry 826000/1513439 (54.5777%)
entry 827000/1513439 (54.6438%)
entry 828000/1513439 (54.7098%)
entry 829000/1513439 (54.7759%)
entry 832000/1513439 (54.9741%)
entry 833000/1513439 (55.0402%)
entry 836000/1513439 (55.2384%)
entry 837000/1513439 (55.3045%)
entry 838000/1513439 (55.3706%)
entry 840000/1513439 (55.5027%)
entry 841000/1513439 (55.5688%)
entry 842000/1513439 (55.6349%)
entry 843000/1513439 (55.701%)
entry 844000/1513439 (55.767%)
entry 846000/1513439 (55.8992%)
entry 848000/1513439 (56.0313%)
entry 851000/1513439 (56.2296%)
entry 852000/1513439 (56.2956%)
entry 854000/1513439 (56.4278%)
entry 855000/1513439 (56.4939%)
entry 858000/1513439 (56.6921%)
entry 860000/1513439 (56.8242%)
entry 862000/1513439 (56.9564%)
entry 864000/1513439 (57.0885%)
entry 865000/1513439 (57.1546%)
entry 866000/1513439 (57.2207%)
entry 867000/1513439 (57.2868%)
entry 868000/1513439 (57.3528%)
entry 870000/1513439 (57.485%)
entry 872000/1513439 (57.6171%)
entry 873000/1513439 (57.6832%)
entry 875000/1513439 (57.8153%)
entry 878000/1513439 (58.0136%)
entry 880000/1513439 (58.1457%)
entry 881000/1513439 (58.2118%)
entry 883000/1513439 (58.3439%)
entry 884000/1513439 (58.41%)
entry 886000/1513439 (58.5422%)
entry 887000/1513439 (58.6082%)
entry 889000/1513439 (58.7404%)
entry 891000/1513439 (58.8725%)
entry 892000/1513439 (58.9386%)
entry 893000/1513439 (59.0047%)
entry 894000/1513439 (59.0708%)
entry 896000/1513439 (59.2029%)
entry 898000/1513439 (59.3351%)
entry 902000/1513439 (59.5994%)
entry 903000/1513439 (59.6654%)
entry 904000/1513439 (59.7315%)
entry 905000/1513439 (59.7976%)
entry 907000/1513439 (59.9297%)
entry 908000/1513439 (59.9958%)
entry 909000/1513439 (60.0619%)
entry 910000/1513439 (60.128%)
entry 911000/1513439 (60.194%)
entry 912000/1513439 (60.2601%)
entry 913000/1513439 (60.3262%)
entry 914000/1513439 (60.3923%)
entry 915000/1513439 (60.4583%)
entry 916000/1513439 (60.5244%)
entry 918000/1513439 (60.6566%)
entry 920000/1513439 (60.7887%)
entry 922000/1513439 (60.9209%)
entry 923000/1513439 (60.9869%)
entry 925000/1513439 (61.1191%)
entry 926000/1513439 (61.1852%)
entry 927000/1513439 (61.2512%)
entry 928000/1513439 (61.3173%)
entry 929000/1513439 (61.3834%)
entry 930000/1513439 (61.4495%)
entry 931000/1513439 (61.5155%)
entry 933000/1513439 (61.6477%)
entry 934000/1513439 (61.7138%)
entry 935000/1513439 (61.7798%)
entry 936000/1513439 (61.8459%)
entry 939000/1513439 (62.0441%)
entry 940000/1513439 (62.1102%)
entry 941000/1513439 (62.1763%)
entry 942000/1513439 (62.2424%)
entry 943000/1513439 (62.3084%)
entry 946000/1513439 (62.5066%)
entry 947000/1513439 (62.5727%)
entry 948000/1513439 (62.6388%)
entry 951000/1513439 (62.837%)
entry 953000/1513439 (62.9692%)
entry 954000/1513439 (63.0352%)
entry 956000/1513439 (63.1674%)
entry 957000/1513439 (63.2335%)
entry 958000/1513439 (63.2995%)
entry 959000/1513439 (63.3656%)
entry 960000/1513439 (63.4317%)
entry 962000/1513439 (63.5638%)
entry 963000/1513439 (63.6299%)
entry 964000/1513439 (63.696%)
entry 968000/1513439 (63.9603%)
entry 969000/1513439 (64.0264%)
entry 970000/1513439 (64.0924%)
entry 971000/1513439 (64.1585%)
entry 972000/1513439 (64.2246%)
entry 973000/1513439 (64.2907%)
entry 974000/1513439 (64.3567%)
entry 975000/1513439 (64.4228%)
entry 976000/1513439 (64.4889%)
entry 977000/1513439 (64.555%)
entry 979000/1513439 (64.6871%)
entry 980000/1513439 (64.7532%)
entry 981000/1513439 (64.8193%)
entry 982000/1513439 (64.8853%)
entry 983000/1513439 (64.9514%)
entry 985000/1513439 (65.0836%)
entry 986000/1513439 (65.1496%)
entry 987000/1513439 (65.2157%)
entry 989000/1513439 (65.3479%)
entry 991000/1513439 (65.48%)
entry 992000/1513439 (65.5461%)
entry 994000/1513439 (65.6782%)
entry 995000/1513439 (65.7443%)
entry 996000/1513439 (65.8104%)
entry 997000/1513439 (65.8765%)
entry 998000/1513439 (65.9425%)
entry 999000/1513439 (66.0086%)
entry 1000000/1513439 (66.0747%)
entry 1001000/1513439 (66.1408%)
entry 1002000/1513439 (66.2068%)
entry 1003000/1513439 (66.2729%)
entry 1004000/1513439 (66.339%)
entry 1005000/1513439 (66.4051%)
entry 1007000/1513439 (66.5372%)
entry 1009000/1513439 (66.6694%)
entry 1010000/1513439 (66.7354%)
entry 1011000/1513439 (66.8015%)
entry 1012000/1513439 (66.8676%)
entry 1014000/1513439 (66.9997%)
entry 1015000/1513439 (67.0658%)
entry 1017000/1513439 (67.1979%)
entry 1018000/1513439 (67.264%)
entry 1019000/1513439 (67.3301%)
entry 1020000/1513439 (67.3962%)
entry 1021000/1513439 (67.4622%)
entry 1022000/1513439 (67.5283%)
entry 1023000/1513439 (67.5944%)
entry 1024000/1513439 (67.6605%)
entry 1025000/1513439 (67.7265%)
entry 1026000/1513439 (67.7926%)
entry 1027000/1513439 (67.8587%)
entry 1028000/1513439 (67.9248%)
entry 1029000/1513439 (67.9908%)
entry 1030000/1513439 (68.0569%)
entry 1031000/1513439 (68.123%)
entry 1032000/1513439 (68.1891%)
entry 1034000/1513439 (68.3212%)
entry 1036000/1513439 (68.4534%)
entry 1037000/1513439 (68.5194%)
entry 1038000/1513439 (68.5855%)
entry 1039000/1513439 (68.6516%)
entry 1040000/1513439 (68.7177%)
entry 1042000/1513439 (68.8498%)
entry 1044000/1513439 (68.982%)
entry 1045000/1513439 (69.048%)
entry 1046000/1513439 (69.1141%)
entry 1047000/1513439 (69.1802%)
entry 1048000/1513439 (69.2463%)
entry 1049000/1513439 (69.3123%)
entry 1050000/1513439 (69.3784%)
entry 1052000/1513439 (69.5106%)
entry 1053000/1513439 (69.5766%)
entry 1054000/1513439 (69.6427%)
entry 1055000/1513439 (69.7088%)
entry 1056000/1513439 (69.7749%)
entry 1059000/1513439 (69.9731%)
entry 1060000/1513439 (70.0392%)
entry 1062000/1513439 (70.1713%)
entry 1063000/1513439 (70.2374%)
entry 1065000/1513439 (70.3695%)
entry 1067000/1513439 (70.5017%)
entry 1068000/1513439 (70.5678%)
entry 1071000/1513439 (70.766%)
entry 1072000/1513439 (70.8321%)
entry 1074000/1513439 (70.9642%)
entry 1076000/1513439 (71.0964%)
entry 1078000/1513439 (71.2285%)
entry 1080000/1513439 (71.3607%)
entry 1082000/1513439 (71.4928%)
entry 1083000/1513439 (71.5589%)
entry 1084000/1513439 (71.625%)
entry 1085000/1513439 (71.691%)
entry 1086000/1513439 (71.7571%)
entry 1087000/1513439 (71.8232%)
entry 1088000/1513439 (71.8893%)
entry 1089000/1513439 (71.9553%)
entry 1090000/1513439 (72.0214%)
entry 1091000/1513439 (72.0875%)
entry 1093000/1513439 (72.2196%)
entry 1094000/1513439 (72.2857%)
entry 1095000/1513439 (72.3518%)
entry 1099000/1513439 (72.6161%)
entry 1102000/1513439 (72.8143%)
entry 1103000/1513439 (72.8804%)
entry 1105000/1513439 (73.0125%)
entry 1106000/1513439 (73.0786%)
entry 1107000/1513439 (73.1447%)
entry 1108000/1513439 (73.2107%)
entry 1109000/1513439 (73.2768%)
entry 1111000/1513439 (73.409%)
entry 1112000/1513439 (73.475%)
entry 1113000/1513439 (73.5411%)
entry 1114000/1513439 (73.6072%)
entry 1115000/1513439 (73.6733%)
entry 1118000/1513439 (73.8715%)
entry 1119000/1513439 (73.9376%)
entry 1120000/1513439 (74.0036%)
entry 1121000/1513439 (74.0697%)
entry 1123000/1513439 (74.2019%)
entry 1124000/1513439 (74.2679%)
entry 1125000/1513439 (74.334%)
entry 1126000/1513439 (74.4001%)
entry 1129000/1513439 (74.5983%)
entry 1130000/1513439 (74.6644%)
entry 1131000/1513439 (74.7305%)
entry 1132000/1513439 (74.7965%)
entry 1133000/1513439 (74.8626%)
entry 1134000/1513439 (74.9287%)
entry 1135000/1513439 (74.9948%)
entry 1136000/1513439 (75.0608%)
entry 1140000/1513439 (75.3251%)
entry 1141000/1513439 (75.3912%)
entry 1142000/1513439 (75.4573%)
entry 1143000/1513439 (75.5234%)
entry 1144000/1513439 (75.5894%)
entry 1145000/1513439 (75.6555%)
entry 1146000/1513439 (75.7216%)
entry 1147000/1513439 (75.7877%)
entry 1149000/1513439 (75.9198%)
entry 1150000/1513439 (75.9859%)
entry 1152000/1513439 (76.118%)
entry 1153000/1513439 (76.1841%)
entry 1156000/1513439 (76.3823%)
entry 1157000/1513439 (76.4484%)
entry 1158000/1513439 (76.5145%)
entry 1159000/1513439 (76.5806%)
entry 1160000/1513439 (76.6466%)
entry 1161000/1513439 (76.7127%)
entry 1163000/1513439 (76.8449%)
entry 1164000/1513439 (76.9109%)
entry 1165000/1513439 (76.977%)
entry 1166000/1513439 (77.0431%)
entry 1168000/1513439 (77.1752%)
entry 1169000/1513439 (77.2413%)
entry 1170000/1513439 (77.3074%)
entry 1171000/1513439 (77.3735%)
entry 1172000/1513439 (77.4395%)
entry 1173000/1513439 (77.5056%)
entry 1175000/1513439 (77.6377%)
entry 1177000/1513439 (77.7699%)
entry 1179000/1513439 (77.902%)
entry 1180000/1513439 (77.9681%)
entry 1181000/1513439 (78.0342%)
entry 1182000/1513439 (78.1003%)
entry 1184000/1513439 (78.2324%)
entry 1185000/1513439 (78.2985%)
entry 1192000/1513439 (78.761%)
entry 1193000/1513439 (78.8271%)
entry 1194000/1513439 (78.8932%)
entry 1197000/1513439 (79.0914%)
entry 1199000/1513439 (79.2235%)
entry 1200000/1513439 (79.2896%)
entry 1201000/1513439 (79.3557%)
entry 1202000/1513439 (79.4218%)
entry 1203000/1513439 (79.4878%)
entry 1207000/1513439 (79.7521%)
entry 1208000/1513439 (79.8182%)
entry 1209000/1513439 (79.8843%)
entry 1210000/1513439 (79.9504%)
entry 1211000/1513439 (80.0164%)
entry 1212000/1513439 (80.0825%)
entry 1213000/1513439 (80.1486%)
entry 1214000/1513439 (80.2147%)
entry 1218000/1513439 (80.479%)
entry 1219000/1513439 (80.545%)
entry 1220000/1513439 (80.6111%)
entry 1221000/1513439 (80.6772%)
entry 1222000/1513439 (80.7433%)
entry 1223000/1513439 (80.8093%)
entry 1224000/1513439 (80.8754%)
entry 1227000/1513439 (81.0736%)
entry 1228000/1513439 (81.1397%)
entry 1230000/1513439 (81.2719%)
entry 1231000/1513439 (81.3379%)
entry 1232000/1513439 (81.404%)
entry 1233000/1513439 (81.4701%)
entry 1234000/1513439 (81.5362%)
entry 1235000/1513439 (81.6022%)
entry 1236000/1513439 (81.6683%)
entry 1237000/1513439 (81.7344%)
entry 1240000/1513439 (81.9326%)
entry 1241000/1513439 (81.9987%)
entry 1242000/1513439 (82.0648%)
entry 1245000/1513439 (82.263%)
entry 1247000/1513439 (82.3951%)
entry 1249000/1513439 (82.5273%)
entry 1250000/1513439 (82.5934%)
entry 1252000/1513439 (82.7255%)
entry 1253000/1513439 (82.7916%)
entry 1254000/1513439 (82.8577%)
entry 1256000/1513439 (82.9898%)
entry 1258000/1513439 (83.1219%)
entry 1259000/1513439 (83.188%)
entry 1261000/1513439 (83.3202%)
entry 1262000/1513439 (83.3862%)
entry 1263000/1513439 (83.4523%)
entry 1264000/1513439 (83.5184%)
entry 1267000/1513439 (83.7166%)
entry 1271000/1513439 (83.9809%)
entry 1275000/1513439 (84.2452%)
entry 1276000/1513439 (84.3113%)
entry 1278000/1513439 (84.4434%)
entry 1283000/1513439 (84.7738%)
entry 1284000/1513439 (84.8399%)
entry 1285000/1513439 (84.906%)
entry 1287000/1513439 (85.0381%)
entry 1288000/1513439 (85.1042%)
entry 1289000/1513439 (85.1703%)
entry 1290000/1513439 (85.2363%)
entry 1291000/1513439 (85.3024%)
entry 1292000/1513439 (85.3685%)
entry 1293000/1513439 (85.4346%)
entry 1296000/1513439 (85.6328%)
entry 1297000/1513439 (85.6989%)
entry 1298000/1513439 (85.7649%)
entry 1300000/1513439 (85.8971%)
entry 1303000/1513439 (86.0953%)
entry 1304000/1513439 (86.1614%)
entry 1306000/1513439 (86.2935%)
entry 1308000/1513439 (86.4257%)
entry 1309000/1513439 (86.4918%)
entry 1310000/1513439 (86.5578%)
entry 1311000/1513439 (86.6239%)
entry 1312000/1513439 (86.69%)
entry 1313000/1513439 (86.7561%)
entry 1315000/1513439 (86.8882%)
entry 1316000/1513439 (86.9543%)
entry 1317000/1513439 (87.0204%)
entry 1318000/1513439 (87.0864%)
entry 1319000/1513439 (87.1525%)
entry 1320000/1513439 (87.2186%)
entry 1321000/1513439 (87.2847%)
entry 1322000/1513439 (87.3507%)
entry 1323000/1513439 (87.4168%)
entry 1324000/1513439 (87.4829%)
entry 1327000/1513439 (87.6811%)
entry 1328000/1513439 (87.7472%)
entry 1329000/1513439 (87.8133%)
entry 1330000/1513439 (87.8793%)
entry 1331000/1513439 (87.9454%)
entry 1332000/1513439 (88.0115%)
entry 1334000/1513439 (88.1436%)
entry 1335000/1513439 (88.2097%)
entry 1336000/1513439 (88.2758%)
entry 1337000/1513439 (88.3419%)
entry 1338000/1513439 (88.4079%)
entry 1341000/1513439 (88.6061%)
entry 1342000/1513439 (88.6722%)
entry 1343000/1513439 (88.7383%)
entry 1344000/1513439 (88.8044%)
entry 1345000/1513439 (88.8704%)
entry 1346000/1513439 (88.9365%)
entry 1347000/1513439 (89.0026%)
entry 1348000/1513439 (89.0687%)
entry 1351000/1513439 (89.2669%)
entry 1353000/1513439 (89.399%)
entry 1354000/1513439 (89.4651%)
entry 1355000/1513439 (89.5312%)
entry 1356000/1513439 (89.5973%)
entry 1360000/1513439 (89.8616%)
entry 1361000/1513439 (89.9276%)
entry 1362000/1513439 (89.9937%)
entry 1363000/1513439 (90.0598%)
entry 1364000/1513439 (90.1259%)
entry 1365000/1513439 (90.1919%)
entry 1366000/1513439 (90.258%)
entry 1368000/1513439 (90.3902%)
entry 1369000/1513439 (90.4562%)
entry 1370000/1513439 (90.5223%)
entry 1371000/1513439 (90.5884%)
entry 1372000/1513439 (90.6545%)
entry 1374000/1513439 (90.7866%)
entry 1375000/1513439 (90.8527%)
entry 1376000/1513439 (90.9188%)
entry 1377000/1513439 (90.9848%)
entry 1378000/1513439 (91.0509%)
entry 1381000/1513439 (91.2491%)
entry 1383000/1513439 (91.3813%)
entry 1385000/1513439 (91.5134%)
entry 1387000/1513439 (91.6456%)
entry 1389000/1513439 (91.7777%)
entry 1390000/1513439 (91.8438%)
entry 1391000/1513439 (91.9099%)
entry 1393000/1513439 (92.042%)
entry 1394000/1513439 (92.1081%)
entry 1395000/1513439 (92.1742%)
entry 1396000/1513439 (92.2403%)
entry 1397000/1513439 (92.3063%)
entry 1398000/1513439 (92.3724%)
entry 1399000/1513439 (92.4385%)
entry 1400000/1513439 (92.5046%)
entry 1401000/1513439 (92.5706%)
entry 1403000/1513439 (92.7028%)
entry 1404000/1513439 (92.7689%)
entry 1405000/1513439 (92.8349%)
entry 1407000/1513439 (92.9671%)
entry 1408000/1513439 (93.0332%)
entry 1409000/1513439 (93.0992%)
entry 1413000/1513439 (93.3635%)
entry 1415000/1513439 (93.4957%)
entry 1416000/1513439 (93.5618%)
entry 1418000/1513439 (93.6939%)
entry 1419000/1513439 (93.76%)
entry 1422000/1513439 (93.9582%)
entry 1423000/1513439 (94.0243%)
entry 1424000/1513439 (94.0903%)
entry 1425000/1513439 (94.1564%)
entry 1427000/1513439 (94.2886%)
entry 1428000/1513439 (94.3546%)
entry 1430000/1513439 (94.4868%)
entry 1431000/1513439 (94.5529%)
entry 1432000/1513439 (94.6189%)
entry 1433000/1513439 (94.685%)
entry 1434000/1513439 (94.7511%)
entry 1438000/1513439 (95.0154%)
entry 1440000/1513439 (95.1475%)
entry 1441000/1513439 (95.2136%)
entry 1443000/1513439 (95.3458%)
entry 1444000/1513439 (95.4118%)
entry 1445000/1513439 (95.4779%)
entry 1447000/1513439 (95.6101%)
entry 1448000/1513439 (95.6761%)
entry 1449000/1513439 (95.7422%)
entry 1450000/1513439 (95.8083%)
entry 1451000/1513439 (95.8744%)
entry 1453000/1513439 (96.0065%)
entry 1454000/1513439 (96.0726%)
entry 1455000/1513439 (96.1387%)
entry 1456000/1513439 (96.2047%)
entry 1460000/1513439 (96.469%)
entry 1461000/1513439 (96.5351%)
entry 1463000/1513439 (96.6673%)
entry 1466000/1513439 (96.8655%)
entry 1467000/1513439 (96.9316%)
entry 1469000/1513439 (97.0637%)
entry 1470000/1513439 (97.1298%)
entry 1471000/1513439 (97.1959%)
entry 1474000/1513439 (97.3941%)
entry 1477000/1513439 (97.5923%)
entry 1479000/1513439 (97.7245%)
entry 1480000/1513439 (97.7905%)
entry 1481000/1513439 (97.8566%)
entry 1483000/1513439 (97.9888%)
entry 1484000/1513439 (98.0548%)
entry 1485000/1513439 (98.1209%)
entry 1486000/1513439 (98.187%)
entry 1487000/1513439 (98.2531%)
entry 1488000/1513439 (98.3191%)
entry 1490000/1513439 (98.4513%)
entry 1491000/1513439 (98.5174%)
entry 1492000/1513439 (98.5834%)
entry 1494000/1513439 (98.7156%)
entry 1495000/1513439 (98.7817%)
entry 1496000/1513439 (98.8477%)
entry 1497000/1513439 (98.9138%)
entry 1498000/1513439 (98.9799%)
entry 1499000/1513439 (99.046%)
entry 1500000/1513439 (99.112%)
entry 1501000/1513439 (99.1781%)
entry 1504000/1513439 (99.3763%)
entry 1508000/1513439 (99.6406%)
entry 1510000/1513439 (99.7728%)
entry 1512000/1513439 (99.9049%)
all done
script done
