sphnx1052.sdcc.bnl.gov
rsyncing from /gpfs/mnt/gpfs02/sphenix/user/samfred/run25/ppg11/histmaking
running: /gpfs/mnt/gpfs02/sphenix/user/samfred/run25/ppg11/histmaking/script_data.sh 53409
LD_LIBRARY_PATH now /sphenix/user/samfred/run25/install//lib:/cvmfs/sphenix.sdcc.bnl.gov/alma9.2-gcc-14.2.0/opt/sphenix/core/gcc/14.2.0-2f0a0/x86_64-el9/lib:/cvmfs/sphenix.sdcc.bnl.gov/alma9.2-gcc-14.2.0/opt/sphenix/core/gcc/14.2.0-2f0a0/x86_64-el9/lib64:/cvmfs/sphenix.sdcc.bnl.gov/alma9.2-gcc-14.2.0/opt/sphenix/core/binutils/2.40-acaab/x86_64-el9/lib:.:/cvmfs/sphenix.sdcc.bnl.gov/alma9.2-gcc-14.2.0/release/release_new/new.10/lib64:/cvmfs/sphenix.sdcc.bnl.gov/alma9.2-gcc-14.2.0/release/release_new/new.10/lib:/cvmfs/sphenix.sdcc.bnl.gov/alma9.2-gcc-14.2.0/opt/sphenix/utils/lib:/cvmfs/sphenix.sdcc.bnl.gov/alma9.2-gcc-14.2.0/opt/sphenix/core/lib:/cvmfs/sphenix.sdcc.bnl.gov/alma9.2-gcc-14.2.0/opt/sphenix/core/root-6.32.06/lib:/cvmfs/sphenix.sdcc.bnl.gov/alma9.2-gcc-14.2.0/opt/sphenix/core/geant4.10.07.p04/lib64:/cvmfs/sphenix.sdcc.bnl.gov/alma9.2-gcc-14.2.0/opt/sphenix/core/lhapdf-5.9.1/lib:/usr/local/lib64:/usr/lib64
PATH now /sphenix/user/samfred/run25/install//bin:/cvmfs/sphenix.sdcc.bnl.gov/alma9.2-gcc-14.2.0/opt/sphenix/core/gcc/14.2.0-2f0a0/x86_64-el9/bin:/cvmfs/sphenix.sdcc.bnl.gov/alma9.2-gcc-14.2.0/opt/sphenix/core/binutils/2.40-acaab/x86_64-el9/bin:.:/cvmfs/sphenix.sdcc.bnl.gov/alma9.2-gcc-14.2.0/release/release_new/new.10/bin:/cvmfs/sphenix.sdcc.bnl.gov/alma9.2-gcc-14.2.0/opt/sphenix/utils/bin:/cvmfs/sphenix.sdcc.bnl.gov/alma9.2-gcc-14.2.0/opt/sphenix/core/bin:/cvmfs/sphenix.sdcc.bnl.gov/alma9.2-gcc-14.2.0/opt/sphenix/core/root-6.32.06/bin:/cvmfs/sphenix.sdcc.bnl.gov/alma9.2-gcc-14.2.0/opt/sphenix/core/geant4.10.07.p04/bin:/usr/local/bin:/usr/bin:/usr/local/sbin:/usr/sbin
SINGULARITY_CACHEDIR=/home/condor/local/sphnx/execute/dir_2461995
_CONDOR_CHIRP_CONFIG=/home/condor/local/sphnx/execute/dir_2461995/.chirp.config
_CONDOR_JOB_IWD=/sphenix/user/samfred/run25/ppg11/histmaking
_CONDOR_ANCESTOR_288935=288970:1756523317:3302625176
G4ENSDFSTATEDATA=/cvmfs/sphenix.sdcc.bnl.gov/alma9.2-gcc-14.2.0/opt/sphenix/core/geant4.10.07.p04/share/Geant4-10.7.4/data/G4ENSDFSTATE2.3
_CONDOR_MACHINE_AD=/home/condor/local/sphnx/execute/dir_2461995/.machine.ad
ROOT_MAX_THREADS=1
NUMEXPR_NUM_THREADS=1
CUBACORES=1
_CHIRP_DELAYED_UPDATE_PREFIX=Chirp*
OMP_THREAD_LIMIT=1
G4PIIDATA=/cvmfs/sphenix.sdcc.bnl.gov/alma9.2-gcc-14.2.0/opt/sphenix/core/geant4.10.07.p04/share/Geant4-10.7.4/data/G4PII1.3
NO_AT_BRIDGE=1
G4_MAIN=/cvmfs/sphenix.sdcc.bnl.gov/alma9.2-gcc-14.2.0/opt/sphenix/core/geant4.10.07.p04
COMPILER_PATH=/cvmfs/sphenix.sdcc.bnl.gov/alma9.2-gcc-14.2.0/opt/sphenix/core/gcc/14.2.0-2f0a0/x86_64-el9
ROOT_INCLUDE_PATH=./:/sphenix/user/samfred/run25/install//include:/sphenix/user/samfred/run25/install//include/caloana:/sphenix/user/samfred/run25/install//include/qa_centrality:/sphenix/user/samfred/run25/install//include/mbdana:/sphenix/user/samfred/run25/install//include/centrality:/sphenix/user/samfred/run25/install//include/Event:/cvmfs/sphenix.sdcc.bnl.gov/alma9.2-gcc-14.2.0/release/release_new/new.10/include:/cvmfs/sphenix.sdcc.bnl.gov/alma9.2-gcc-14.2.0/release/release_new/new.10/include:/cvmfs/sphenix.sdcc.bnl.gov/alma9.2-gcc-14.2.0/release/release_new/new.10/include/g4mbd:/cvmfs/sphenix.sdcc.bnl.gov/alma9.2-gcc-14.2.0/release/release_new/new.10/include/fmt:/cvmfs/sphenix.sdcc.bnl.gov/alma9.2-gcc-14.2.0/release/release_new/new.10/include/ffarawobjects:/cvmfs/sphenix.sdcc.bnl.gov/alma9.2-gcc-14.2.0/release/release_new/new.10/include/JSON:/cvmfs/sphenix.sdcc.bnl.gov/alma9.2-gcc-14.2.0/release/release_new/new.10/include/calotreegen:/cvmfs/sphenix.sdcc.bnl.gov/alma9.2-gcc-14.2.0/release/release_new/new.10/include/torch:/cvmfs/sphenix.sdcc.bnl.gov/alma9.2-gcc-14.2.0/release/release_new/new.10/include/g4detectors:/cvmfs/sphenix.sdcc.bnl.gov/alma9.2-gcc-14.2.0/release/release_new/new.10/include/kineto:/cvmfs/sphenix.sdcc.bnl.gov/alma9.2-gcc-14.2.0/release/release_new/new.10/include/g4decayer:/cvmfs/sphenix.sdcc.bnl.gov/alma9.2-gcc-14.2.0/release/release_new/new.10/include/kfparticleqa:/cvmfs/sphenix.sdcc.bnl.gov/alma9.2-gcc-14.2.0/release/release_new/new.10/include/phfield:/cvmfs/sphenix.sdcc.bnl.gov/alma9.2-gcc-14.2.0/release/release_new/new.10/include/LHAPDF:/cvmfs/sphenix.sdcc.bnl.gov/alma9.2-gcc-14.2.0/release/release_new/new.10/include/readdigitalcurrents:/cvmfs/sphenix.sdcc.bnl.gov/alma9.2-gcc-14.2.0/release/release_new/new.10/include/c10:/cvmfs/sphenix.sdcc.bnl.gov/alma9.2-gcc-14.2.0/release/release_new/new.10/include/calovalid:/cvmfs/sphenix.sdcc.bnl.gov/alma9.2-gcc-14.2.0/release/release_new/new.10/include/oneapi:/cvmfs/sphenix.sdcc.bnl.gov/alma9.2-gcc-14.2.0/release/release_new/new.10/include/DDCond:/cvmfs/sphenix.sdcc.bnl.gov/alma9.2-gcc-14.2.0/release/release_new/new.10/include/g4tracking:/cvmfs/sphenix.sdcc.bnl.gov/alma9.2-gcc-14.2.0/release/release_new/new.10/include/litecaloeval:/cvmfs/sphenix.sdcc.bnl.gov/alma9.2-gcc-14.2.0/release/release_new/new.10/include/g4intt:/cvmfs/sphenix.sdcc.bnl.gov/alma9.2-gcc-14.2.0/release/release_new/new.10/include/phool:/cvmfs/sphenix.sdcc.bnl.gov/alma9.2-gcc-14.2.0/release/release_new/new.10/include/boost:/cvmfs/sphenix.sdcc.bnl.gov/alma9.2-gcc-14.2.0/release/release_new/new.10/include/Pythia8Plugins:/cvmfs/sphenix.sdcc.bnl.gov/alma9.2-gcc-14.2.0/release/release_new/new.10/include/calib_emc_pi0:/cvmfs/sphenix.sdcc.bnl.gov/alma9.2-gcc-14.2.0/release/release_new/new.10/include/hijingflipafterburner:/cvmfs/sphenix.sdcc.bnl.gov/alma9.2-gcc-14.2.0/release/release_new/new.10/include/ffaobjects:/cvmfs/sphenix.sdcc.bnl.gov/alma9.2-gcc-14.2.0/release/release_new/new.10/include/EvtGenBase:/cvmfs/sphenix.sdcc.bnl.gov/alma9.2-gcc-14.2.0/release/release_new/new.10/include/flowafterburner:/cvmfs/sphenix.sdcc.bnl.gov/alma9.2-gcc-14.2.0/release/release_new/new.10/include/google:/cvmfs/sphenix.sdcc.bnl.gov/alma9.2-gcc-14.2.0/release/release_new/new.10/include/g4tpc:/cvmfs/sphenix.sdcc.bnl.gov/alma9.2-gcc-14.2.0/release/release_new/new.10/include/caffe2:/cvmfs/sphenix.sdcc.bnl.gov/alma9.2-gcc-14.2.0/release/release_new/new.10/include/EvtGenExternal:/cvmfs/sphenix.sdcc.bnl.gov/alma9.2-gcc-14.2.0/release/release_new/new.10/include/fp16:/cvmfs/sphenix.sdcc.bnl.gov/alma9.2-gcc-14.2.0/release/release_new/new.10/include/ffamodules:/cvmfs/sphenix.sdcc.bnl.gov/alma9.2-gcc-14.2.0/release/release_new/new.10/include/uspin:/cvmfs/sphenix.sdcc.bnl.gov/alma9.2-gcc-14.2.0/release/release_new/new.10/include/Herwig:/cvmfs/sphenix.sdcc.bnl.gov/alma9.2-gcc-14.2.0/release/release_new/new.10/include/genfitexp:/cvmfs/sphenix.sdcc.bnl.gov/alma9.2-gcc-14.2.0/release/release_new/new.10/include/XML:/cvmfs/sphenix.sdcc.bnl.gov/alma9.2-gcc-14.2.0/release/release_new/new.10/include/fbgemm:/cvmfs/sphenix.sdcc.bnl.gov/alma9.2-gcc-14.2.0/release/release_new/new.10/include/DDAlign:/cvmfs/sphenix.sdcc.bnl.gov/alma9.2-gcc-14.2.0/release/release_new/new.10/include/g4mvtx:/cvmfs/sphenix.sdcc.bnl.gov/alma9.2-gcc-14.2.0/release/release_new/new.10/include/kfparticle_sphenix:/cvmfs/sphenix.sdcc.bnl.gov/alma9.2-gcc-14.2.0/release/release_new/new.10/include/fun4all:/cvmfs/sphenix.sdcc.bnl.gov/alma9.2-gcc-14.2.0/release/release_new/new.10/include/intt:/cvmfs/sphenix.sdcc.bnl.gov/alma9.2-gcc-14.2.0/release/release_new/new.10/include/eventdisplay:/cvmfs/sphenix.sdcc.bnl.gov/alma9.2-gcc-14.2.0/release/release_new/new.10/include/EvtGen:/cvmfs/sphenix.sdcc.bnl.gov/alma9.2-gcc-14.2.0/release/release_new/new.10/include/Evaluator:/cvmfs/sphenix.sdcc.bnl.gov/alma9.2-gcc-14.2.0/release/release_new/new.10/include/tpc:/cvmfs/sphenix.sdcc.bnl.gov/alma9.2-gcc-14.2.0/release/release_new/new.10/include/GenFit:/cvmfs/sphenix.sdcc.bnl.gov/alma9.2-gcc-14.2.0/release/release_new/new.10/include/prototype4:/cvmfs/sphenix.sdcc.bnl.gov/alma9.2-gcc-14.2.0/release/release_new/new.10/include/caloembedding:/cvmfs/sphenix.sdcc.bnl.gov/alma9.2-gcc-14.2.0/release/release_new/new.10/include/EvtGenModels:/cvmfs/sphenix.sdcc.bnl.gov/alma9.2-gcc-14.2.0/release/release_new/new.10/include/fastjet:/cvmfs/sphenix.sdcc.bnl.gov/alma9.2-gcc-14.2.0/release/release_new/new.10/include/DDG4:/cvmfs/sphenix.sdcc.bnl.gov/alma9.2-gcc-14.2.0/release/release_new/new.10/include/mbd:/cvmfs/sphenix.sdcc.bnl.gov/alma9.2-gcc-14.2.0/release/release_new/new.10/include/tbb:/cvmfs/sphenix.sdcc.bnl.gov/alma9.2-gcc-14.2.0/release/release_new/new.10/include/phgeom:/cvmfs/sphenix.sdcc.bnl.gov/alma9.2-gcc-14.2.0/release/release_new/new.10/include/g4epd:/cvmfs/sphenix.sdcc.bnl.gov/alma9.2-gcc-14.2.0/release/release_new/new.10/include/oncal:/cvmfs/sphenix.sdcc.bnl.gov/alma9.2-gcc-14.2.0/release/release_new/new.10/include/pybind11:/cvmfs/sphenix.sdcc.bnl.gov/alma9.2-gcc-14.2.0/release/release_new/new.10/include/tpcdistgenerator:/cvmfs/sphenix.sdcc.bnl.gov/alma9.2-gcc-14.2.0/release/release_new/new.10/include/cdbobjects:/cvmfs/sphenix.sdcc.bnl.gov/alma9.2-gcc-14.2.0/release/release_new/new.10/include/g4micromegas:/cvmfs/sphenix.sdcc.bnl.gov/alma9.2-gcc-14.2.0/release/release_new/new.10/include/g4eval:/cvmfs/sphenix.sdcc.bnl.gov/alma9.2-gcc-14.2.0/release/release_new/new.10/include/jetbackground:/cvmfs/sphenix.sdcc.bnl.gov/alma9.2-gcc-14.2.0/release/release_new/new.10/include/micromegas:/cvmfs/sphenix.sdcc.bnl.gov/alma9.2-gcc-14.2.0/release/release_new/new.10/include/hftrackefficiency:/cvmfs/sphenix.sdcc.bnl.gov/alma9.2-gcc-14.2.0/release/release_new/new.10/include/inttrawhitqa:/cvmfs/sphenix.sdcc.bnl.gov/alma9.2-gcc-14.2.0/release/release_new/new.10/include/centrality:/cvmfs/sphenix.sdcc.bnl.gov/alma9.2-gcc-14.2.0/release/release_new/new.10/include/epd:/cvmfs/sphenix.sdcc.bnl.gov/alma9.2-gcc-14.2.0/release/release_new/new.10/include/caloreco:/cvmfs/sphenix.sdcc.bnl.gov/alma9.2-gcc-14.2.0/release/release_new/new.10/include/HepMC:/cvmfs/sphenix.sdcc.bnl.gov/alma9.2-gcc-14.2.0/release/release_new/new.10/include/CLHEP:/cvmfs/sphenix.sdcc.bnl.gov/alma9.2-gcc-14.2.0/release/release_new/new.10/include/Acts:/cvmfs/sphenix.sdcc.bnl.gov/alma9.2-gcc-14.2.0/release/release_new/new.10/include/g4histos:/cvmfs/sphenix.sdcc.bnl.gov/alma9.2-gcc-14.2.0/release/release_new/new.10/include/eventplaneinfo:/cvmfs/sphenix.sdcc.bnl.gov/alma9.2-gcc-14.2.0/release/release_new/new.10/include/fillspacechargemaps:/cvmfs/sphenix.sdcc.bnl.gov/alma9.2-gcc-14.2.0/release/release_new/new.10/include/phhepmc:/cvmfs/sphenix.sdcc.bnl.gov/alma9.2-gcc-14.2.0/release/release_new/new.10/include/trackingqa:/cvmfs/sphenix.sdcc.bnl.gov/alma9.2-gcc-14.2.0/release/release_new/new.10/include/qautils:/cvmfs/sphenix.sdcc.bnl.gov/alma9.2-gcc-14.2.0/release/release_new/new.10/include/trackreco:/cvmfs/sphenix.sdcc.bnl.gov/alma9.2-gcc-14.2.0/release/release_new/new.10/include/g4ohcal:/cvmfs/sphenix.sdcc.bnl.gov/alma9.2-gcc-14.2.0/release/release_new/new.10/include/tpcdvcalib:/cvmfs/sphenix.sdcc.bnl.gov/alma9.2-gcc-14.2.0/release/release_new/new.10/include/zdcinfo:/cvmfs/sphenix.sdcc.bnl.gov/alma9.2-gcc-14.2.0/release/release_new/new.10/include/phpythia8:/cvmfs/sphenix.sdcc.bnl.gov/alma9.2-gcc-14.2.0/release/release_new/new.10/include/fun4allutils:/cvmfs/sphenix.sdcc.bnl.gov/alma9.2-gcc-14.2.0/release/release_new/new.10/include/tpcqa:/cvmfs/sphenix.sdcc.bnl.gov/alma9.2-gcc-14.2.0/release/release_new/new.10/include/Pythia8:/cvmfs/sphenix.sdcc.bnl.gov/alma9.2-gcc-14.2.0/release/release_new/new.10/include/DDRec:/cvmfs/sphenix.sdcc.bnl.gov/alma9.2-gcc-14.2.0/release/release_new/new.10/include/DDDigi:/cvmfs/sphenix.sdcc.bnl.gov/alma9.2-gcc-14.2.0/release/release_new/new.10/include/g4ihcal:/cvmfs/sphenix.sdcc.bnl.gov/alma9.2-gcc-14.2.0/release/release_new/new.10/include/frog:/cvmfs/sphenix.sdcc.bnl.gov/alma9.2-gcc-14.2.0/release/release_new/new.10/include/eigen3:/cvmfs/sphenix.sdcc.bnl.gov/alma9.2-gcc-14.2.0/release/release_new/new.10/include/tensorpipe:/cvmfs/sphenix.sdcc.bnl.gov/alma9.2-gcc-14.2.0/release/release_new/new.10/include/sphenixnpc:/cvmfs/sphenix.sdcc.bnl.gov/alma9.2-gcc-14.2.0/release/release_new/new.10/include/siscone:/cvmfs/sphenix.sdcc.bnl.gov/alma9.2-gcc-14.2.0/release/release_new/new.10/include/pmonitor:/cvmfs/sphenix.sdcc.bnl.gov/alma9.2-gcc-14.2.0/release/release_new/new.10/include/calobase:/cvmfs/sphenix.sdcc.bnl.gov/alma9.2-gcc-14.2.0/release/release_new/new.10/include/ActsExamples:/cvmfs/sphenix.sdcc.bnl.gov/alma9.2-gcc-14.2.0/release/release_new/new.10/include/g4gdml:/cvmfs/sphenix.sdcc.bnl.gov/alma9.2-gcc-14.2.0/release/release_new/new.10/include/mvtx_decoder:/cvmfs/sphenix.sdcc.bnl.gov/alma9.2-gcc-14.2.0/release/release_new/new.10/include/ROOT:/cvmfs/sphenix.sdcc.bnl.gov/alma9.2-gcc-14.2.0/release/release_new/new.10/include/phparameter:/cvmfs/sphenix.sdcc.bnl.gov/alma9.2-gcc-14.2.0/release/release_new/new.10/include/rsa:/cvmfs/sphenix.sdcc.bnl.gov/alma9.2-gcc-14.2.0/release/release_new/new.10/include/fun4allraw:/cvmfs/sphenix.sdcc.bnl.gov/alma9.2-gcc-14.2.0/release/release_new/new.10/include/trackbase_historic:/cvmfs/sphenix.sdcc.bnl.gov/alma9.2-gcc-14.2.0/release/release_new/new.10/include/g4jets:/cvmfs/sphenix.sdcc.bnl.gov/alma9.2-gcc-14.2.0/release/release_new/new.10/include/jetqa:/cvmfs/sphenix.sdcc.bnl.gov/alma9.2-gcc-14.2.0/release/release_new/new.10/include/phoolraw:/cvmfs/sphenix.sdcc.bnl.gov/alma9.2-gcc-14.2.0/release/release_new/new.10/include/g4calo:/cvmfs/sphenix.sdcc.bnl.gov/alma9.2-gcc-14.2.0/release/release_new/new.10/include/mvtxrawhitqa:/cvmfs/sphenix.sdcc.bnl.gov/alma9.2-gcc-14.2.0/release/release_new/new.10/include/HepMC3:/cvmfs/sphenix.sdcc.bnl.gov/alma9.2-gcc-14.2.0/release/release_new/new.10/include/calowaveformsim:/cvmfs/sphenix.sdcc.bnl.gov/alma9.2-gcc-14.2.0/release/release_new/new.10/include/g4caloprototype:/cvmfs/sphenix.sdcc.bnl.gov/alma9.2-gcc-14.2.0/release/release_new/new.10/include/pdbcalbase:/cvmfs/sphenix.sdcc.bnl.gov/alma9.2-gcc-14.2.0/release/release_new/new.10/include/gsl:/cvmfs/sphenix.sdcc.bnl.gov/alma9.2-gcc-14.2.0/release/release_new/new.10/include/nodedump:/cvmfs/sphenix.sdcc.bnl.gov/alma9.2-gcc-14.2.0/release/release_new/new.10/include/emcnoisytowerfinder:/cvmfs/sphenix.sdcc.bnl.gov/alma9.2-gcc-14.2.0/release/release_new/new.10/include/ActsFatras:/cvmfs/sphenix.sdcc.bnl.gov/alma9.2-gcc-14.2.0/release/release_new/new.10/include/ffarawmodules:/cvmfs/sphenix.sdcc.bnl.gov/alma9.2-gcc-14.2.0/release/release_new/new.10/include/Event:/cvmfs/sphenix.sdcc.bnl.gov/alma9.2-gcc-14.2.0/release/release_new/new.10/include/prototype3:/cvmfs/sphenix.sdcc.bnl.gov/alma9.2-gcc-14.2.0/release/release_new/new.10/include/fermimotionafterburner:/cvmfs/sphenix.sdcc.bnl.gov/alma9.2-gcc-14.2.0/release/release_new/new.10/include/Photos:/cvmfs/sphenix.sdcc.bnl.gov/alma9.2-gcc-14.2.0/release/release_new/new.10/include/xingshiftcal:/cvmfs/sphenix.sdcc.bnl.gov/alma9.2-gcc-14.2.0/release/release_new/new.10/include/trackbase:/cvmfs/sphenix.sdcc.bnl.gov/alma9.2-gcc-14.2.0/release/release_new/new.10/include/jetdstskimmer:/cvmfs/sphenix.sdcc.bnl.gov/alma9.2-gcc-14.2.0/release/release_new/new.10/include/clusteriso:/cvmfs/sphenix.sdcc.bnl.gov/alma9.2-gcc-14.2.0/release/release_new/new.10/include/asmjit:/cvmfs/sphenix.sdcc.bnl.gov/alma9.2-gcc-14.2.0/release/release_new/new.10/include/particleflowreco:/cvmfs/sphenix.sdcc.bnl.gov/alma9.2-gcc-14.2.0/release/release_new/new.10/include/tpchittrackdisplay:/cvmfs/sphenix.sdcc.bnl.gov/alma9.2-gcc-14.2.0/release/release_new/new.10/include/caloana:/cvmfs/sphenix.sdcc.bnl.gov/alma9.2-gcc-14.2.0/release/release_new/new.10/include/calotrigger:/cvmfs/sphenix.sdcc.bnl.gov/alma9.2-gcc-14.2.0/release/release_new/new.10/include/nopayloadclient:/cvmfs/sphenix.sdcc.bnl.gov/alma9.2-gcc-14.2.0/release/release_new/new.10/include/trackermillepedealignment:/cvmfs/sphenix.sdcc.bnl.gov/alma9.2-gcc-14.2.0/release/release_new/new.10/include/DD4hep:/cvmfs/sphenix.sdcc.bnl.gov/alma9.2-gcc-14.2.0/release/release_new/new.10/include/g4trackfastsim:/cvmfs/sphenix.sdcc.bnl.gov/alma9.2-gcc-14.2.0/release/release_new/new.10/include/prototype2:/cvmfs/sphenix.sdcc.bnl.gov/alma9.2-gcc-14.2.0/release/release_new/new.10/include/ATen:/cvmfs/sphenix.sdcc.bnl.gov/alma9.2-gcc-14.2.0/release/release_new/new.10/include/g4main:/cvmfs/sphenix.sdcc.bnl.gov/alma9.2-gcc-14.2.0/release/release_new/new.10/include/Tauola:/cvmfs/sphenix.sdcc.bnl.gov/alma9.2-gcc-14.2.0/release/release_new/new.10/include/inttcalib:/cvmfs/sphenix.sdcc.bnl.gov/alma9.2-gcc-14.2.0/release/release_new/new.10/include/reactionplaneafterburner:/cvmfs/sphenix.sdcc.bnl.gov/alma9.2-gcc-14.2.0/release/release_new/new.10/include/globalqa:/cvmfs/sphenix.sdcc.bnl.gov/alma9.2-gcc-14.2.0/release/release_new/new.10/include/tpccalib:/cvmfs/sphenix.sdcc.bnl.gov/alma9.2-gcc-14.2.0/release/release_new/new.10/include/DDSegmentation:/cvmfs/sphenix.sdcc.bnl.gov/alma9.2-gcc-14.2.0/release/release_new/new.10/include/decayfinder:/cvmfs/sphenix.sdcc.bnl.gov/alma9.2-gcc-14.2.0/release/release_new/new.10/include/compressclus:/cvmfs/sphenix.sdcc.bnl.gov/alma9.2-gcc-14.2.0/release/release_new/new.10/include/simqa_modules:/cvmfs/sphenix.sdcc.bnl.gov/alma9.2-gcc-14.2.0/release/release_new/new.10/include/resonancejettagging:/cvmfs/sphenix.sdcc.bnl.gov/alma9.2-gcc-14.2.0/release/release_new/new.10/include/g4centrality:/cvmfs/sphenix.sdcc.bnl.gov/alma9.2-gcc-14.2.0/release/release_new/new.10/include/mvtx:/cvmfs/sphenix.sdcc.bnl.gov/alma9.2-gcc-14.2.0/release/release_new/new.10/include/nlohmann:/cvmfs/sphenix.sdcc.bnl.gov/alma9.2-gcc-14.2.0/release/release_new/new.10/include/localpoloffmon:/cvmfs/sphenix.sdcc.bnl.gov/alma9.2-gcc-14.2.0/release/release_new/new.10/include/DDEve:/cvmfs/sphenix.sdcc.bnl.gov/alma9.2-gcc-14.2.0/release/release_new/new.10/include/Parsers:/cvmfs/sphenix.sdcc.bnl.gov/alma9.2-gcc-14.2.0/release/release_new/new.10/include/trackingdiagnostics:/cvmfs/sphenix.sdcc.bnl.gov/alma9.2-gcc-14.2.0/release/release_new/new.10/include/g4vertex:/cvmfs/sphenix.sdcc.bnl.gov/alma9.2-gcc-14.2.0/release/release_new/new.10/include/jetbase:/cvmfs/sphenix.sdcc.bnl.gov/alma9.2-gcc-14.2.0/release/release_new/new.10/include/globalvertex:/cvmfs/sphenix.sdcc.bnl.gov/alma9.2-gcc-14.2.0/release/release_new/new.10/include/phgenfit:/cvmfs/sphenix.sdcc.bnl.gov/alma9.2-gcc-14.2.0/release/release_new/new.10/include/rawbcolumi:/cvmfs/sphenix.sdcc.bnl.gov/alma9.2-gcc-14.2.0/release/release_new/new.10/include/eicsmear:/cvmfs/sphenix.sdcc.bnl.gov/alma9.2-gcc-14.2.0/release/release_new/new.10/include/mvtxcalib:/cvmfs/sphenix.sdcc.bnl.gov/alma9.2-gcc-14.2.0/release/release_new/new.10/include/tpclinelaserdiode:/cvmfs/sphenix.sdcc.bnl.gov/alma9.2-gcc-14.2.0/release/release_new/new.10/include/hepmcjettrigger:/cvmfs/sphenix.sdcc.bnl.gov/alma9.2-gcc-14.2.0/release/release_new/new.10/include/core:/cvmfs/sphenix.sdcc.bnl.gov/alma9.2-gcc-14.2.0/release/release_new/new.10/include/calo_cdb:/cvmfs/sphenix.sdcc.bnl.gov/alma9.2-gcc-14.2.0/release/release_new/new.10/include/mvtxclustershapesqa:/cvmfs/sphenix.sdcc.bnl.gov/alma9.2-gcc-14.2.0/release/release_new/new.10/include/calopacketskimmer:/cvmfs/sphenix.sdcc.bnl.gov/alma9.2-gcc-14.2.0/opt/sphenix/core/geant4.10.07.p04/include:/cvmfs/sphenix.sdcc.bnl.gov/alma9.2-gcc-14.2.0/release/release_new/new.10/rootmacros:/cvmfs/sphenix.sdcc.bnl.gov/alma9.2-gcc-14.2.0/opt/sphenix/core/include
GSEARCHPATH=.:PG:LUSTRE:RAWDATA
PWD=/gpfs/mnt/gpfs02/sphenix/user/samfred/run25/ppg11/histmaking
LOGNAME=samfred
_CONDOR_JOB_AD=/home/condor/local/sphnx/execute/dir_2461995/.job.ad
MANPATH=/cvmfs/sphenix.sdcc.bnl.gov/alma9.2-gcc-14.2.0/opt/sphenix/core/gcc/14.2.0-2f0a0/x86_64-el9/share/man:/cvmfs/sphenix.sdcc.bnl.gov/alma9.2-gcc-14.2.0/opt/sphenix/core/binutils/2.40-acaab/x86_64-el9/share/man:/cvmfs/sphenix.sdcc.bnl.gov/alma9.2-gcc-14.2.0/release/release_new/new.10/share/man:/cvmfs/sphenix.sdcc.bnl.gov/alma9.2-gcc-14.2.0/opt/sphenix/utils/share/man:/cvmfs/sphenix.sdcc.bnl.gov/alma9.2-gcc-14.2.0/opt/sphenix/core/share/man:/cvmfs/sphenix.sdcc.bnl.gov/alma9.2-gcc-14.2.0/opt/sphenix/core/root-6.32.06/man:/usr/local/share/man:/usr/share/man
PYTHIA8=/cvmfs/sphenix.sdcc.bnl.gov/alma9.2-gcc-14.2.0/release/release_new/new.10/share/Pythia8
G4INCLDATA=/cvmfs/sphenix.sdcc.bnl.gov/alma9.2-gcc-14.2.0/opt/sphenix/core/geant4.10.07.p04/share/Geant4-10.7.4/data/G4INCL1.0
ORIG_PATH=/usr/local/bin:/usr/bin
CXX=/cvmfs/sphenix.sdcc.bnl.gov/alma9.2-gcc-14.2.0/opt/sphenix/core/gcc/14.2.0-2f0a0/x86_64-el9/bin/g++
G4LEDATA=/cvmfs/sphenix.sdcc.bnl.gov/alma9.2-gcc-14.2.0/opt/sphenix/core/geant4.10.07.p04/share/Geant4-10.7.4/data/G4EMLOW7.13
PYTHON_CPU_COUNT=1
OPENBLAS_NUM_THREADS=1
_CONDOR_BIN=/usr/bin
HOME=/sphenix/u/samfred
G4PARTICLEXSDATA=/cvmfs/sphenix.sdcc.bnl.gov/alma9.2-gcc-14.2.0/opt/sphenix/core/geant4.10.07.p04/share/Geant4-10.7.4/data/G4PARTICLEXS3.1.1
ONLINE_MAIN=/cvmfs/sphenix.sdcc.bnl.gov/alma9.2-gcc-14.2.0/release/release_new/new.10
CALIBRATIONROOT=/cvmfs/sphenix.sdcc.bnl.gov/alma9.2-gcc-14.2.0/release/release_new/new.10/share/calibrations
TMPDIR=/tmp
_CONDOR_SCRATCH_DIR=/home/condor/local/sphnx/execute/dir_2461995
PGUSER=phnxrc
_CONDOR_ANCESTOR_2461995=2464289:1759352753:1249453825
NOPAYLOADCLIENT_CONF=/cvmfs/sphenix.sdcc.bnl.gov/alma9.2-gcc-14.2.0/opt/sphenix/core/etc/sPHENIX_newcdb.json
XERCESCROOT=/cvmfs/sphenix.sdcc.bnl.gov/alma9.2-gcc-14.2.0/opt/sphenix/core/geant4.10.07.p04
LHAPATH=/cvmfs/sphenix.sdcc.bnl.gov/alma9.2-gcc-14.2.0/opt/sphenix/core/lhapdf-5.9.1/share/lhapdf/PDFsets
_CONDOR_ANCESTOR_288970=2461995:1759352753:2951746019
G4NEUTRONHPDATA=/cvmfs/sphenix.sdcc.bnl.gov/alma9.2-gcc-14.2.0/opt/sphenix/core/geant4.10.07.p04/share/Geant4-10.7.4/data/G4NDL4.6
PYTHONPATH=.:/cvmfs/sphenix.sdcc.bnl.gov/alma9.2-gcc-14.2.0/release/release_new/new.10/lib/python3.13/site-packages:/cvmfs/sphenix.sdcc.bnl.gov/alma9.2-gcc-14.2.0/opt/sphenix/core/lib/python3.13/site-packages:/cvmfs/sphenix.sdcc.bnl.gov/alma9.2-gcc-14.2.0/opt/sphenix/core/root-6.32.06/lib
USER=samfred
_CONDOR_JOB_PIDS=
TEMP=/tmp
GOMAXPROCS=1
OFFLINE_MAIN=/cvmfs/sphenix.sdcc.bnl.gov/alma9.2-gcc-14.2.0/release/release_new/new.10
SHLVL=1
TF_NUM_THREADS=1
G4SAIDXSDATA=/cvmfs/sphenix.sdcc.bnl.gov/alma9.2-gcc-14.2.0/opt/sphenix/core/geant4.10.07.p04/share/Geant4-10.7.4/data/G4SAIDDATA2.0
APPTAINER_CACHEDIR=/home/condor/local/sphnx/execute/dir_2461995
ROOTSYS=/cvmfs/sphenix.sdcc.bnl.gov/alma9.2-gcc-14.2.0/opt/sphenix/core/root-6.32.06
BATCH_SYSTEM=HTCondor
_CONDOR_SLOT=slot1_67
LD_LIBRARY_PATH=/sphenix/user/samfred/run25/install//lib:/cvmfs/sphenix.sdcc.bnl.gov/alma9.2-gcc-14.2.0/opt/sphenix/core/gcc/14.2.0-2f0a0/x86_64-el9/lib:/cvmfs/sphenix.sdcc.bnl.gov/alma9.2-gcc-14.2.0/opt/sphenix/core/gcc/14.2.0-2f0a0/x86_64-el9/lib64:/cvmfs/sphenix.sdcc.bnl.gov/alma9.2-gcc-14.2.0/opt/sphenix/core/binutils/2.40-acaab/x86_64-el9/lib:.:/cvmfs/sphenix.sdcc.bnl.gov/alma9.2-gcc-14.2.0/release/release_new/new.10/lib64:/cvmfs/sphenix.sdcc.bnl.gov/alma9.2-gcc-14.2.0/release/release_new/new.10/lib:/cvmfs/sphenix.sdcc.bnl.gov/alma9.2-gcc-14.2.0/opt/sphenix/utils/lib:/cvmfs/sphenix.sdcc.bnl.gov/alma9.2-gcc-14.2.0/opt/sphenix/core/lib:/cvmfs/sphenix.sdcc.bnl.gov/alma9.2-gcc-14.2.0/opt/sphenix/core/root-6.32.06/lib:/cvmfs/sphenix.sdcc.bnl.gov/alma9.2-gcc-14.2.0/opt/sphenix/core/geant4.10.07.p04/lib64:/cvmfs/sphenix.sdcc.bnl.gov/alma9.2-gcc-14.2.0/opt/sphenix/core/lhapdf-5.9.1/lib:/usr/local/lib64:/usr/lib64
OPT_SPHENIX=/cvmfs/sphenix.sdcc.bnl.gov/alma9.2-gcc-14.2.0/opt/sphenix/core
TF_LOOP_PARALLEL_ITERATIONS=1
EVT_LIB=/cvmfs/sphenix.sdcc.bnl.gov/alma9.2-gcc-14.2.0/opt/sphenix/core/root-6.32.06/lib
PGHOST=sphnxdbmaster.sdcc.bnl.gov
OMP_NUM_THREADS=1
G4REALSURFACEDATA=/cvmfs/sphenix.sdcc.bnl.gov/alma9.2-gcc-14.2.0/opt/sphenix/core/geant4.10.07.p04/share/Geant4-10.7.4/data/RealSurface2.2
FC=/cvmfs/sphenix.sdcc.bnl.gov/alma9.2-gcc-14.2.0/opt/sphenix/core/gcc/14.2.0-2f0a0/x86_64-el9/bin/gfortran
G4ABLADATA=/cvmfs/sphenix.sdcc.bnl.gov/alma9.2-gcc-14.2.0/opt/sphenix/core/geant4.10.07.p04/share/Geant4-10.7.4/data/G4ABLA3.1
PARASOFT=doesnotexist
TMP=/tmp
OPT_UTILS=/cvmfs/sphenix.sdcc.bnl.gov/alma9.2-gcc-14.2.0/opt/sphenix/utils
CONFIG_SITE=/cvmfs/sphenix.sdcc.bnl.gov/alma9.2-gcc-14.2.0/opt/sphenix/core/etc/config.site
PATH=/sphenix/user/samfred/run25/install//bin:/cvmfs/sphenix.sdcc.bnl.gov/alma9.2-gcc-14.2.0/opt/sphenix/core/gcc/14.2.0-2f0a0/x86_64-el9/bin:/cvmfs/sphenix.sdcc.bnl.gov/alma9.2-gcc-14.2.0/opt/sphenix/core/binutils/2.40-acaab/x86_64-el9/bin:.:/cvmfs/sphenix.sdcc.bnl.gov/alma9.2-gcc-14.2.0/release/release_new/new.10/bin:/cvmfs/sphenix.sdcc.bnl.gov/alma9.2-gcc-14.2.0/opt/sphenix/utils/bin:/cvmfs/sphenix.sdcc.bnl.gov/alma9.2-gcc-14.2.0/opt/sphenix/core/bin:/cvmfs/sphenix.sdcc.bnl.gov/alma9.2-gcc-14.2.0/opt/sphenix/core/root-6.32.06/bin:/cvmfs/sphenix.sdcc.bnl.gov/alma9.2-gcc-14.2.0/opt/sphenix/core/geant4.10.07.p04/bin:/usr/local/bin:/usr/bin:/usr/local/sbin:/usr/sbin
G4LEVELGAMMADATA=/cvmfs/sphenix.sdcc.bnl.gov/alma9.2-gcc-14.2.0/opt/sphenix/core/geant4.10.07.p04/share/Geant4-10.7.4/data/PhotonEvaporation5.7
CC=/cvmfs/sphenix.sdcc.bnl.gov/alma9.2-gcc-14.2.0/opt/sphenix/core/gcc/14.2.0-2f0a0/x86_64-el9/bin/gcc
G4RADIOACTIVEDATA=/cvmfs/sphenix.sdcc.bnl.gov/alma9.2-gcc-14.2.0/opt/sphenix/core/geant4.10.07.p04/share/Geant4-10.7.4/data/RadioactiveDecay5.6
JULIA_NUM_THREADS=1
MKL_NUM_THREADS=1
LHAPDF_DATA_PATH=/cvmfs/sphenix.sdcc.bnl.gov/alma9.2-gcc-14.2.0/release/release_new/new.10/share/LHAPDF
XPLOAD_CONFIG_DIR=/cvmfs/sphenix.sdcc.bnl.gov/alma9.2-gcc-14.2.0/opt/sphenix/core/etc
OLDPWD=/cvmfs/sphenix.sdcc.bnl.gov/alma9.2-gcc-14.2.0/release/release_new/new.10/geant4
_=/usr/bin/printenv
runnumber...
53409
trigger...

   ------------------------------------------------------------------
  | Welcome to ROOT 6.32.06                        https://root.cern |
  | (c) 1995-2024, The ROOT Team; conception: R. Brun, F. Rademakers |
  | Built for linuxx8664gcc on Dec 13 2024, 17:23:48                 |
  | From tags/6-32-06@6-32-06                                        |
  | With g++ (GCC) 14.2.0                                            |
  | Try '.help'/'.?', '.demo', '.license', '.credits', '.quit'/'.q'  |
   ------------------------------------------------------------------


Processing data_histmaker.C(53409)...
entry 3000/2804859 (0.106957%)
entry 4000/2804859 (0.14261%)
entry 7000/2804859 (0.249567%)
entry 8000/2804859 (0.285219%)
entry 9000/2804859 (0.320872%)
entry 10000/2804859 (0.356524%)
entry 11000/2804859 (0.392177%)
entry 12000/2804859 (0.427829%)
entry 13000/2804859 (0.463481%)
entry 14000/2804859 (0.499134%)
entry 19000/2804859 (0.677396%)
entry 20000/2804859 (0.713048%)
entry 21000/2804859 (0.748701%)
entry 22000/2804859 (0.784353%)
entry 28000/2804859 (0.998268%)
entry 29000/2804859 (1.03392%)
entry 30000/2804859 (1.06957%)
entry 32000/2804859 (1.14088%)
entry 35000/2804859 (1.24783%)
entry 36000/2804859 (1.28349%)
entry 39000/2804859 (1.39044%)
entry 42000/2804859 (1.4974%)
entry 43000/2804859 (1.53305%)
entry 45000/2804859 (1.60436%)
entry 46000/2804859 (1.64001%)
entry 48000/2804859 (1.71132%)
entry 50000/2804859 (1.78262%)
entry 52000/2804859 (1.85393%)
entry 54000/2804859 (1.92523%)
entry 55000/2804859 (1.96088%)
entry 58000/2804859 (2.06784%)
entry 59000/2804859 (2.10349%)
entry 60000/2804859 (2.13914%)
entry 61000/2804859 (2.1748%)
entry 62000/2804859 (2.21045%)
entry 64000/2804859 (2.28175%)
entry 66000/2804859 (2.35306%)
entry 67000/2804859 (2.38871%)
entry 68000/2804859 (2.42436%)
entry 69000/2804859 (2.46002%)
entry 70000/2804859 (2.49567%)
entry 71000/2804859 (2.53132%)
entry 72000/2804859 (2.56697%)
entry 73000/2804859 (2.60263%)
entry 74000/2804859 (2.63828%)
entry 75000/2804859 (2.67393%)
entry 76000/2804859 (2.70958%)
entry 77000/2804859 (2.74524%)
entry 79000/2804859 (2.81654%)
entry 81000/2804859 (2.88785%)
entry 82000/2804859 (2.9235%)
entry 84000/2804859 (2.9948%)
entry 85000/2804859 (3.03046%)
entry 88000/2804859 (3.13741%)
entry 89000/2804859 (3.17307%)
entry 90000/2804859 (3.20872%)
entry 92000/2804859 (3.28002%)
entry 94000/2804859 (3.35133%)
entry 95000/2804859 (3.38698%)
entry 96000/2804859 (3.42263%)
entry 97000/2804859 (3.45828%)
entry 98000/2804859 (3.49394%)
entry 100000/2804859 (3.56524%)
entry 103000/2804859 (3.6722%)
entry 104000/2804859 (3.70785%)
entry 107000/2804859 (3.81481%)
entry 109000/2804859 (3.88611%)
entry 110000/2804859 (3.92177%)
entry 113000/2804859 (4.02872%)
entry 114000/2804859 (4.06438%)
entry 116000/2804859 (4.13568%)
entry 118000/2804859 (4.20699%)
entry 120000/2804859 (4.27829%)
entry 123000/2804859 (4.38525%)
entry 124000/2804859 (4.4209%)
entry 127000/2804859 (4.52786%)
entry 128000/2804859 (4.56351%)
entry 129000/2804859 (4.59916%)
entry 132000/2804859 (4.70612%)
entry 133000/2804859 (4.74177%)
entry 134000/2804859 (4.77742%)
entry 136000/2804859 (4.84873%)
entry 138000/2804859 (4.92003%)
entry 139000/2804859 (4.95569%)
entry 140000/2804859 (4.99134%)
entry 141000/2804859 (5.02699%)
entry 142000/2804859 (5.06264%)
entry 143000/2804859 (5.0983%)
entry 145000/2804859 (5.1696%)
entry 146000/2804859 (5.20525%)
entry 147000/2804859 (5.24091%)
entry 148000/2804859 (5.27656%)
entry 149000/2804859 (5.31221%)
entry 150000/2804859 (5.34786%)
entry 153000/2804859 (5.45482%)
entry 154000/2804859 (5.49047%)
entry 155000/2804859 (5.52612%)
entry 156000/2804859 (5.56178%)
entry 157000/2804859 (5.59743%)
entry 159000/2804859 (5.66873%)
entry 160000/2804859 (5.70439%)
entry 161000/2804859 (5.74004%)
entry 162000/2804859 (5.77569%)
entry 163000/2804859 (5.81134%)
entry 164000/2804859 (5.847%)
entry 166000/2804859 (5.9183%)
entry 169000/2804859 (6.02526%)
entry 170000/2804859 (6.06091%)
entry 171000/2804859 (6.09656%)
entry 173000/2804859 (6.16787%)
entry 174000/2804859 (6.20352%)
entry 175000/2804859 (6.23917%)
entry 176000/2804859 (6.27483%)
entry 177000/2804859 (6.31048%)
entry 178000/2804859 (6.34613%)
entry 180000/2804859 (6.41743%)
entry 183000/2804859 (6.52439%)
entry 184000/2804859 (6.56004%)
entry 185000/2804859 (6.5957%)
entry 186000/2804859 (6.63135%)
entry 189000/2804859 (6.73831%)
entry 190000/2804859 (6.77396%)
entry 191000/2804859 (6.80961%)
entry 192000/2804859 (6.84526%)
entry 193000/2804859 (6.88092%)
entry 195000/2804859 (6.95222%)
entry 196000/2804859 (6.98787%)
entry 198000/2804859 (7.05918%)
entry 201000/2804859 (7.16614%)
entry 202000/2804859 (7.20179%)
entry 203000/2804859 (7.23744%)
entry 205000/2804859 (7.30875%)
entry 206000/2804859 (7.3444%)
entry 207000/2804859 (7.38005%)
entry 208000/2804859 (7.4157%)
entry 210000/2804859 (7.48701%)
entry 213000/2804859 (7.59396%)
entry 214000/2804859 (7.62962%)
entry 215000/2804859 (7.66527%)
entry 217000/2804859 (7.73657%)
entry 220000/2804859 (7.84353%)
entry 221000/2804859 (7.87918%)
entry 224000/2804859 (7.98614%)
entry 225000/2804859 (8.02179%)
entry 226000/2804859 (8.05745%)
entry 229000/2804859 (8.1644%)
entry 231000/2804859 (8.23571%)
entry 232000/2804859 (8.27136%)
entry 237000/2804859 (8.44962%)
entry 239000/2804859 (8.52093%)
entry 240000/2804859 (8.55658%)
entry 242000/2804859 (8.62788%)
entry 243000/2804859 (8.66354%)
entry 244000/2804859 (8.69919%)
entry 245000/2804859 (8.73484%)
entry 246000/2804859 (8.77049%)
entry 247000/2804859 (8.80615%)
entry 249000/2804859 (8.87745%)
entry 250000/2804859 (8.9131%)
entry 251000/2804859 (8.94876%)
entry 255000/2804859 (9.09137%)
entry 256000/2804859 (9.12702%)
entry 257000/2804859 (9.16267%)
entry 262000/2804859 (9.34093%)
entry 263000/2804859 (9.37659%)
entry 264000/2804859 (9.41224%)
entry 268000/2804859 (9.55485%)
entry 270000/2804859 (9.62615%)
entry 271000/2804859 (9.6618%)
entry 277000/2804859 (9.87572%)
entry 278000/2804859 (9.91137%)
entry 279000/2804859 (9.94702%)
entry 280000/2804859 (9.98268%)
entry 282000/2804859 (10.054%)
entry 287000/2804859 (10.2322%)
entry 289000/2804859 (10.3035%)
entry 294000/2804859 (10.4818%)
entry 295000/2804859 (10.5175%)
entry 296000/2804859 (10.5531%)
entry 297000/2804859 (10.5888%)
entry 299000/2804859 (10.6601%)
entry 301000/2804859 (10.7314%)
entry 302000/2804859 (10.767%)
entry 304000/2804859 (10.8383%)
entry 305000/2804859 (10.874%)
entry 306000/2804859 (10.9096%)
entry 307000/2804859 (10.9453%)
entry 308000/2804859 (10.9809%)
entry 310000/2804859 (11.0522%)
entry 311000/2804859 (11.0879%)
entry 312000/2804859 (11.1236%)
entry 313000/2804859 (11.1592%)
entry 314000/2804859 (11.1949%)
entry 315000/2804859 (11.2305%)
entry 317000/2804859 (11.3018%)
entry 318000/2804859 (11.3375%)
entry 319000/2804859 (11.3731%)
entry 321000/2804859 (11.4444%)
entry 324000/2804859 (11.5514%)
entry 325000/2804859 (11.587%)
entry 326000/2804859 (11.6227%)
entry 327000/2804859 (11.6583%)
entry 328000/2804859 (11.694%)
entry 331000/2804859 (11.801%)
entry 334000/2804859 (11.9079%)
entry 340000/2804859 (12.1218%)
entry 341000/2804859 (12.1575%)
entry 343000/2804859 (12.2288%)
entry 344000/2804859 (12.2644%)
entry 346000/2804859 (12.3357%)
entry 347000/2804859 (12.3714%)
entry 348000/2804859 (12.407%)
entry 352000/2804859 (12.5497%)
entry 354000/2804859 (12.621%)
entry 355000/2804859 (12.6566%)
entry 356000/2804859 (12.6923%)
entry 357000/2804859 (12.7279%)
entry 358000/2804859 (12.7636%)
entry 359000/2804859 (12.7992%)
entry 361000/2804859 (12.8705%)
entry 362000/2804859 (12.9062%)
entry 367000/2804859 (13.0844%)
entry 369000/2804859 (13.1557%)
entry 370000/2804859 (13.1914%)
entry 372000/2804859 (13.2627%)
entry 374000/2804859 (13.334%)
entry 376000/2804859 (13.4053%)
entry 377000/2804859 (13.441%)
entry 378000/2804859 (13.4766%)
entry 381000/2804859 (13.5836%)
entry 382000/2804859 (13.6192%)
entry 383000/2804859 (13.6549%)
entry 384000/2804859 (13.6905%)
entry 385000/2804859 (13.7262%)
entry 386000/2804859 (13.7618%)
entry 388000/2804859 (13.8331%)
entry 389000/2804859 (13.8688%)
entry 390000/2804859 (13.9044%)
entry 394000/2804859 (14.0471%)
entry 395000/2804859 (14.0827%)
entry 396000/2804859 (14.1184%)
entry 397000/2804859 (14.154%)
entry 398000/2804859 (14.1897%)
entry 403000/2804859 (14.3679%)
entry 407000/2804859 (14.5105%)
entry 409000/2804859 (14.5818%)
entry 410000/2804859 (14.6175%)
entry 411000/2804859 (14.6531%)
entry 412000/2804859 (14.6888%)
entry 413000/2804859 (14.7244%)
entry 414000/2804859 (14.7601%)
entry 418000/2804859 (14.9027%)
entry 419000/2804859 (14.9384%)
entry 421000/2804859 (15.0097%)
entry 422000/2804859 (15.0453%)
entry 425000/2804859 (15.1523%)
entry 427000/2804859 (15.2236%)
entry 428000/2804859 (15.2592%)
entry 429000/2804859 (15.2949%)
entry 432000/2804859 (15.4018%)
entry 434000/2804859 (15.4731%)
entry 435000/2804859 (15.5088%)
entry 436000/2804859 (15.5445%)
entry 437000/2804859 (15.5801%)
entry 438000/2804859 (15.6158%)
entry 440000/2804859 (15.6871%)
entry 441000/2804859 (15.7227%)
entry 444000/2804859 (15.8297%)
entry 447000/2804859 (15.9366%)
entry 450000/2804859 (16.0436%)
entry 452000/2804859 (16.1149%)
entry 453000/2804859 (16.1505%)
entry 454000/2804859 (16.1862%)
entry 455000/2804859 (16.2218%)
entry 457000/2804859 (16.2932%)
entry 459000/2804859 (16.3645%)
entry 460000/2804859 (16.4001%)
entry 461000/2804859 (16.4358%)
entry 463000/2804859 (16.5071%)
entry 464000/2804859 (16.5427%)
entry 468000/2804859 (16.6853%)
entry 469000/2804859 (16.721%)
entry 470000/2804859 (16.7566%)
entry 471000/2804859 (16.7923%)
entry 472000/2804859 (16.8279%)
entry 473000/2804859 (16.8636%)
entry 474000/2804859 (16.8992%)
entry 475000/2804859 (16.9349%)
entry 476000/2804859 (16.9705%)
entry 477000/2804859 (17.0062%)
entry 481000/2804859 (17.1488%)
entry 483000/2804859 (17.2201%)
entry 484000/2804859 (17.2558%)
entry 487000/2804859 (17.3627%)
entry 490000/2804859 (17.4697%)
entry 491000/2804859 (17.5053%)
entry 496000/2804859 (17.6836%)
entry 497000/2804859 (17.7193%)
entry 499000/2804859 (17.7906%)
entry 502000/2804859 (17.8975%)
entry 503000/2804859 (17.9332%)
entry 504000/2804859 (17.9688%)
entry 506000/2804859 (18.0401%)
entry 507000/2804859 (18.0758%)
entry 508000/2804859 (18.1114%)
entry 509000/2804859 (18.1471%)
entry 511000/2804859 (18.2184%)
entry 512000/2804859 (18.254%)
entry 513000/2804859 (18.2897%)
entry 514000/2804859 (18.3253%)
entry 516000/2804859 (18.3966%)
entry 517000/2804859 (18.4323%)
entry 520000/2804859 (18.5393%)
entry 521000/2804859 (18.5749%)
entry 523000/2804859 (18.6462%)
entry 524000/2804859 (18.6819%)
entry 526000/2804859 (18.7532%)
entry 528000/2804859 (18.8245%)
entry 529000/2804859 (18.8601%)
entry 530000/2804859 (18.8958%)
entry 533000/2804859 (19.0027%)
entry 535000/2804859 (19.074%)
entry 537000/2804859 (19.1453%)
entry 538000/2804859 (19.181%)
entry 543000/2804859 (19.3593%)
entry 544000/2804859 (19.3949%)
entry 546000/2804859 (19.4662%)
entry 547000/2804859 (19.5019%)
entry 549000/2804859 (19.5732%)
entry 550000/2804859 (19.6088%)
entry 551000/2804859 (19.6445%)
entry 552000/2804859 (19.6801%)
entry 554000/2804859 (19.7514%)
entry 555000/2804859 (19.7871%)
entry 557000/2804859 (19.8584%)
entry 560000/2804859 (19.9654%)
entry 561000/2804859 (20.001%)
entry 563000/2804859 (20.0723%)
entry 566000/2804859 (20.1793%)
entry 567000/2804859 (20.2149%)
entry 568000/2804859 (20.2506%)
entry 569000/2804859 (20.2862%)
entry 570000/2804859 (20.3219%)
entry 571000/2804859 (20.3575%)
entry 573000/2804859 (20.4288%)
entry 574000/2804859 (20.4645%)
entry 575000/2804859 (20.5001%)
entry 578000/2804859 (20.6071%)
entry 579000/2804859 (20.6427%)
entry 580000/2804859 (20.6784%)
entry 581000/2804859 (20.7141%)
entry 582000/2804859 (20.7497%)
entry 583000/2804859 (20.7854%)
entry 584000/2804859 (20.821%)
entry 585000/2804859 (20.8567%)
entry 588000/2804859 (20.9636%)
entry 589000/2804859 (20.9993%)
entry 591000/2804859 (21.0706%)
entry 592000/2804859 (21.1062%)
entry 594000/2804859 (21.1775%)
entry 595000/2804859 (21.2132%)
entry 596000/2804859 (21.2488%)
entry 598000/2804859 (21.3201%)
entry 599000/2804859 (21.3558%)
entry 600000/2804859 (21.3914%)
entry 601000/2804859 (21.4271%)
entry 602000/2804859 (21.4628%)
entry 603000/2804859 (21.4984%)
entry 606000/2804859 (21.6054%)
entry 607000/2804859 (21.641%)
entry 609000/2804859 (21.7123%)
entry 611000/2804859 (21.7836%)
entry 612000/2804859 (21.8193%)
entry 613000/2804859 (21.8549%)
entry 616000/2804859 (21.9619%)
entry 618000/2804859 (22.0332%)
entry 619000/2804859 (22.0688%)
entry 620000/2804859 (22.1045%)
entry 622000/2804859 (22.1758%)
entry 623000/2804859 (22.2115%)
entry 626000/2804859 (22.3184%)
entry 628000/2804859 (22.3897%)
entry 630000/2804859 (22.461%)
entry 633000/2804859 (22.568%)
entry 634000/2804859 (22.6036%)
entry 636000/2804859 (22.6749%)
entry 640000/2804859 (22.8175%)
entry 641000/2804859 (22.8532%)
entry 642000/2804859 (22.8889%)
entry 643000/2804859 (22.9245%)
entry 644000/2804859 (22.9602%)
entry 645000/2804859 (22.9958%)
entry 646000/2804859 (23.0315%)
entry 647000/2804859 (23.0671%)
entry 649000/2804859 (23.1384%)
entry 650000/2804859 (23.1741%)
entry 654000/2804859 (23.3167%)
entry 657000/2804859 (23.4236%)
entry 658000/2804859 (23.4593%)
entry 659000/2804859 (23.4949%)
entry 660000/2804859 (23.5306%)
entry 664000/2804859 (23.6732%)
entry 665000/2804859 (23.7089%)
entry 668000/2804859 (23.8158%)
entry 670000/2804859 (23.8871%)
entry 671000/2804859 (23.9228%)
entry 673000/2804859 (23.9941%)
entry 675000/2804859 (24.0654%)
entry 676000/2804859 (24.101%)
entry 678000/2804859 (24.1723%)
entry 679000/2804859 (24.208%)
entry 681000/2804859 (24.2793%)
entry 682000/2804859 (24.3149%)
entry 684000/2804859 (24.3863%)
entry 685000/2804859 (24.4219%)
entry 687000/2804859 (24.4932%)
entry 688000/2804859 (24.5289%)
entry 690000/2804859 (24.6002%)
entry 693000/2804859 (24.7071%)
entry 694000/2804859 (24.7428%)
entry 695000/2804859 (24.7784%)
entry 697000/2804859 (24.8497%)
entry 699000/2804859 (24.921%)
entry 703000/2804859 (25.0636%)
entry 705000/2804859 (25.135%)
entry 706000/2804859 (25.1706%)
entry 708000/2804859 (25.2419%)
entry 709000/2804859 (25.2776%)
entry 711000/2804859 (25.3489%)
entry 712000/2804859 (25.3845%)
entry 713000/2804859 (25.4202%)
entry 718000/2804859 (25.5984%)
entry 719000/2804859 (25.6341%)
entry 720000/2804859 (25.6697%)
entry 722000/2804859 (25.741%)
entry 723000/2804859 (25.7767%)
entry 726000/2804859 (25.8837%)
entry 727000/2804859 (25.9193%)
entry 728000/2804859 (25.955%)
entry 729000/2804859 (25.9906%)
entry 730000/2804859 (26.0263%)
entry 732000/2804859 (26.0976%)
entry 735000/2804859 (26.2045%)
entry 737000/2804859 (26.2758%)
entry 741000/2804859 (26.4184%)
entry 743000/2804859 (26.4897%)
entry 744000/2804859 (26.5254%)
entry 745000/2804859 (26.561%)
entry 748000/2804859 (26.668%)
entry 749000/2804859 (26.7037%)
entry 750000/2804859 (26.7393%)
entry 752000/2804859 (26.8106%)
entry 754000/2804859 (26.8819%)
entry 755000/2804859 (26.9176%)
entry 756000/2804859 (26.9532%)
entry 762000/2804859 (27.1671%)
entry 763000/2804859 (27.2028%)
entry 764000/2804859 (27.2384%)
entry 766000/2804859 (27.3098%)
entry 767000/2804859 (27.3454%)
entry 768000/2804859 (27.3811%)
entry 770000/2804859 (27.4524%)
entry 771000/2804859 (27.488%)
entry 773000/2804859 (27.5593%)
entry 774000/2804859 (27.595%)
entry 775000/2804859 (27.6306%)
entry 776000/2804859 (27.6663%)
entry 777000/2804859 (27.7019%)
entry 778000/2804859 (27.7376%)
entry 779000/2804859 (27.7732%)
entry 781000/2804859 (27.8445%)
entry 782000/2804859 (27.8802%)
entry 783000/2804859 (27.9158%)
entry 784000/2804859 (27.9515%)
entry 785000/2804859 (27.9871%)
entry 786000/2804859 (28.0228%)
entry 787000/2804859 (28.0585%)
entry 790000/2804859 (28.1654%)
entry 791000/2804859 (28.2011%)
entry 792000/2804859 (28.2367%)
entry 794000/2804859 (28.308%)
entry 796000/2804859 (28.3793%)
entry 797000/2804859 (28.415%)
entry 798000/2804859 (28.4506%)
entry 799000/2804859 (28.4863%)
entry 801000/2804859 (28.5576%)
entry 803000/2804859 (28.6289%)
entry 804000/2804859 (28.6645%)
entry 805000/2804859 (28.7002%)
entry 806000/2804859 (28.7358%)
entry 808000/2804859 (28.8072%)
entry 809000/2804859 (28.8428%)
entry 811000/2804859 (28.9141%)
entry 813000/2804859 (28.9854%)
entry 816000/2804859 (29.0924%)
entry 817000/2804859 (29.128%)
entry 818000/2804859 (29.1637%)
entry 819000/2804859 (29.1993%)
entry 820000/2804859 (29.235%)
entry 821000/2804859 (29.2706%)
entry 822000/2804859 (29.3063%)
entry 826000/2804859 (29.4489%)
entry 828000/2804859 (29.5202%)
entry 830000/2804859 (29.5915%)
entry 831000/2804859 (29.6272%)
entry 832000/2804859 (29.6628%)
entry 833000/2804859 (29.6985%)
entry 834000/2804859 (29.7341%)
entry 836000/2804859 (29.8054%)
entry 837000/2804859 (29.8411%)
entry 842000/2804859 (30.0193%)
entry 843000/2804859 (30.055%)
entry 846000/2804859 (30.1619%)
entry 849000/2804859 (30.2689%)
entry 850000/2804859 (30.3046%)
entry 851000/2804859 (30.3402%)
entry 852000/2804859 (30.3759%)
entry 853000/2804859 (30.4115%)
entry 854000/2804859 (30.4472%)
entry 858000/2804859 (30.5898%)
entry 860000/2804859 (30.6611%)
entry 861000/2804859 (30.6967%)
entry 863000/2804859 (30.768%)
entry 864000/2804859 (30.8037%)
entry 866000/2804859 (30.875%)
entry 868000/2804859 (30.9463%)
entry 870000/2804859 (31.0176%)
entry 871000/2804859 (31.0533%)
entry 873000/2804859 (31.1246%)
entry 876000/2804859 (31.2315%)
entry 880000/2804859 (31.3741%)
entry 882000/2804859 (31.4454%)
entry 883000/2804859 (31.4811%)
entry 885000/2804859 (31.5524%)
entry 886000/2804859 (31.588%)
entry 887000/2804859 (31.6237%)
entry 888000/2804859 (31.6593%)
entry 889000/2804859 (31.695%)
entry 890000/2804859 (31.7306%)
entry 892000/2804859 (31.802%)
entry 893000/2804859 (31.8376%)
entry 894000/2804859 (31.8733%)
entry 895000/2804859 (31.9089%)
entry 897000/2804859 (31.9802%)
entry 899000/2804859 (32.0515%)
entry 902000/2804859 (32.1585%)
entry 903000/2804859 (32.1941%)
entry 904000/2804859 (32.2298%)
entry 906000/2804859 (32.3011%)
entry 907000/2804859 (32.3367%)
entry 908000/2804859 (32.3724%)
entry 910000/2804859 (32.4437%)
entry 911000/2804859 (32.4794%)
entry 912000/2804859 (32.515%)
entry 913000/2804859 (32.5507%)
entry 915000/2804859 (32.622%)
entry 919000/2804859 (32.7646%)
entry 920000/2804859 (32.8002%)
entry 923000/2804859 (32.9072%)
entry 924000/2804859 (32.9428%)
entry 925000/2804859 (32.9785%)
entry 927000/2804859 (33.0498%)
entry 928000/2804859 (33.0854%)
entry 931000/2804859 (33.1924%)
entry 933000/2804859 (33.2637%)
entry 936000/2804859 (33.3707%)
entry 938000/2804859 (33.442%)
entry 939000/2804859 (33.4776%)
entry 940000/2804859 (33.5133%)
entry 941000/2804859 (33.5489%)
entry 942000/2804859 (33.5846%)
entry 943000/2804859 (33.6202%)
entry 944000/2804859 (33.6559%)
entry 945000/2804859 (33.6915%)
entry 946000/2804859 (33.7272%)
entry 947000/2804859 (33.7628%)
entry 949000/2804859 (33.8341%)
entry 952000/2804859 (33.9411%)
entry 953000/2804859 (33.9768%)
entry 955000/2804859 (34.0481%)
entry 957000/2804859 (34.1194%)
entry 962000/2804859 (34.2976%)
entry 963000/2804859 (34.3333%)
entry 964000/2804859 (34.3689%)
entry 969000/2804859 (34.5472%)
entry 970000/2804859 (34.5828%)
entry 973000/2804859 (34.6898%)
entry 975000/2804859 (34.7611%)
entry 977000/2804859 (34.8324%)
entry 978000/2804859 (34.8681%)
entry 979000/2804859 (34.9037%)
entry 981000/2804859 (34.975%)
entry 982000/2804859 (35.0107%)
entry 984000/2804859 (35.082%)
entry 985000/2804859 (35.1176%)
entry 987000/2804859 (35.1889%)
entry 988000/2804859 (35.2246%)
entry 990000/2804859 (35.2959%)
entry 993000/2804859 (35.4028%)
entry 995000/2804859 (35.4742%)
entry 996000/2804859 (35.5098%)
entry 997000/2804859 (35.5455%)
entry 998000/2804859 (35.5811%)
entry 1000000/2804859 (35.6524%)
entry 1001000/2804859 (35.6881%)
entry 1002000/2804859 (35.7237%)
entry 1003000/2804859 (35.7594%)
entry 1004000/2804859 (35.795%)
entry 1006000/2804859 (35.8663%)
entry 1007000/2804859 (35.902%)
entry 1009000/2804859 (35.9733%)
entry 1010000/2804859 (36.0089%)
entry 1011000/2804859 (36.0446%)
entry 1012000/2804859 (36.0802%)
entry 1013000/2804859 (36.1159%)
entry 1015000/2804859 (36.1872%)
entry 1016000/2804859 (36.2229%)
entry 1017000/2804859 (36.2585%)
entry 1018000/2804859 (36.2942%)
entry 1019000/2804859 (36.3298%)
entry 1020000/2804859 (36.3655%)
entry 1021000/2804859 (36.4011%)
entry 1024000/2804859 (36.5081%)
entry 1026000/2804859 (36.5794%)
entry 1029000/2804859 (36.6863%)
entry 1030000/2804859 (36.722%)
entry 1033000/2804859 (36.8289%)
entry 1034000/2804859 (36.8646%)
entry 1036000/2804859 (36.9359%)
entry 1037000/2804859 (36.9716%)
entry 1040000/2804859 (37.0785%)
entry 1042000/2804859 (37.1498%)
entry 1043000/2804859 (37.1855%)
entry 1045000/2804859 (37.2568%)
entry 1046000/2804859 (37.2924%)
entry 1047000/2804859 (37.3281%)
entry 1049000/2804859 (37.3994%)
entry 1051000/2804859 (37.4707%)
entry 1052000/2804859 (37.5063%)
entry 1053000/2804859 (37.542%)
entry 1054000/2804859 (37.5776%)
entry 1056000/2804859 (37.649%)
entry 1057000/2804859 (37.6846%)
entry 1059000/2804859 (37.7559%)
entry 1061000/2804859 (37.8272%)
entry 1062000/2804859 (37.8629%)
entry 1064000/2804859 (37.9342%)
entry 1066000/2804859 (38.0055%)
entry 1070000/2804859 (38.1481%)
entry 1072000/2804859 (38.2194%)
entry 1073000/2804859 (38.255%)
entry 1074000/2804859 (38.2907%)
entry 1075000/2804859 (38.3263%)
entry 1077000/2804859 (38.3977%)
entry 1078000/2804859 (38.4333%)
entry 1080000/2804859 (38.5046%)
entry 1081000/2804859 (38.5403%)
entry 1083000/2804859 (38.6116%)
entry 1085000/2804859 (38.6829%)
entry 1089000/2804859 (38.8255%)
entry 1090000/2804859 (38.8611%)
entry 1093000/2804859 (38.9681%)
entry 1095000/2804859 (39.0394%)
entry 1096000/2804859 (39.075%)
entry 1098000/2804859 (39.1464%)
entry 1099000/2804859 (39.182%)
entry 1101000/2804859 (39.2533%)
entry 1102000/2804859 (39.289%)
entry 1104000/2804859 (39.3603%)
entry 1105000/2804859 (39.3959%)
entry 1107000/2804859 (39.4672%)
entry 1110000/2804859 (39.5742%)
entry 1114000/2804859 (39.7168%)
entry 1115000/2804859 (39.7524%)
entry 1116000/2804859 (39.7881%)
entry 1118000/2804859 (39.8594%)
entry 1120000/2804859 (39.9307%)
entry 1121000/2804859 (39.9664%)
entry 1125000/2804859 (40.109%)
entry 1126000/2804859 (40.1446%)
entry 1129000/2804859 (40.2516%)
entry 1130000/2804859 (40.2872%)
entry 1131000/2804859 (40.3229%)
entry 1132000/2804859 (40.3585%)
entry 1134000/2804859 (40.4298%)
entry 1135000/2804859 (40.4655%)
entry 1136000/2804859 (40.5011%)
entry 1137000/2804859 (40.5368%)
entry 1139000/2804859 (40.6081%)
entry 1140000/2804859 (40.6438%)
entry 1145000/2804859 (40.822%)
entry 1147000/2804859 (40.8933%)
entry 1150000/2804859 (41.0003%)
entry 1152000/2804859 (41.0716%)
entry 1154000/2804859 (41.1429%)
entry 1157000/2804859 (41.2498%)
entry 1158000/2804859 (41.2855%)
entry 1159000/2804859 (41.3211%)
entry 1160000/2804859 (41.3568%)
entry 1163000/2804859 (41.4638%)
entry 1165000/2804859 (41.5351%)
entry 1166000/2804859 (41.5707%)
entry 1167000/2804859 (41.6064%)
entry 1171000/2804859 (41.749%)
entry 1172000/2804859 (41.7846%)
entry 1176000/2804859 (41.9272%)
entry 1177000/2804859 (41.9629%)
entry 1178000/2804859 (41.9985%)
entry 1179000/2804859 (42.0342%)
entry 1180000/2804859 (42.0699%)
entry 1182000/2804859 (42.1412%)
entry 1183000/2804859 (42.1768%)
entry 1184000/2804859 (42.2125%)
entry 1186000/2804859 (42.2838%)
entry 1190000/2804859 (42.4264%)
entry 1194000/2804859 (42.569%)
entry 1195000/2804859 (42.6046%)
entry 1196000/2804859 (42.6403%)
entry 1197000/2804859 (42.6759%)
entry 1199000/2804859 (42.7472%)
entry 1201000/2804859 (42.8186%)
entry 1202000/2804859 (42.8542%)
entry 1204000/2804859 (42.9255%)
entry 1206000/2804859 (42.9968%)
entry 1208000/2804859 (43.0681%)
entry 1209000/2804859 (43.1038%)
entry 1213000/2804859 (43.2464%)
entry 1214000/2804859 (43.282%)
entry 1215000/2804859 (43.3177%)
entry 1216000/2804859 (43.3533%)
entry 1217000/2804859 (43.389%)
entry 1223000/2804859 (43.6029%)
entry 1224000/2804859 (43.6386%)
entry 1225000/2804859 (43.6742%)
entry 1228000/2804859 (43.7812%)
entry 1229000/2804859 (43.8168%)
entry 1230000/2804859 (43.8525%)
entry 1231000/2804859 (43.8881%)
entry 1234000/2804859 (43.9951%)
entry 1235000/2804859 (44.0307%)
entry 1236000/2804859 (44.0664%)
entry 1238000/2804859 (44.1377%)
entry 1239000/2804859 (44.1733%)
entry 1240000/2804859 (44.209%)
entry 1243000/2804859 (44.316%)
entry 1246000/2804859 (44.4229%)
entry 1247000/2804859 (44.4586%)
entry 1248000/2804859 (44.4942%)
entry 1250000/2804859 (44.5655%)
entry 1253000/2804859 (44.6725%)
entry 1254000/2804859 (44.7081%)
entry 1255000/2804859 (44.7438%)
entry 1256000/2804859 (44.7794%)
entry 1257000/2804859 (44.8151%)
entry 1258000/2804859 (44.8507%)
entry 1259000/2804859 (44.8864%)
entry 1261000/2804859 (44.9577%)
entry 1262000/2804859 (44.9933%)
entry 1265000/2804859 (45.1003%)
entry 1270000/2804859 (45.2786%)
entry 1272000/2804859 (45.3499%)
entry 1273000/2804859 (45.3855%)
entry 1275000/2804859 (45.4568%)
entry 1277000/2804859 (45.5281%)
entry 1282000/2804859 (45.7064%)
entry 1283000/2804859 (45.742%)
entry 1285000/2804859 (45.8134%)
entry 1287000/2804859 (45.8847%)
entry 1291000/2804859 (46.0273%)
entry 1292000/2804859 (46.0629%)
entry 1293000/2804859 (46.0986%)
entry 1295000/2804859 (46.1699%)
entry 1296000/2804859 (46.2055%)
entry 1297000/2804859 (46.2412%)
entry 1298000/2804859 (46.2768%)
entry 1300000/2804859 (46.3481%)
entry 1301000/2804859 (46.3838%)
entry 1302000/2804859 (46.4194%)
entry 1303000/2804859 (46.4551%)
entry 1305000/2804859 (46.5264%)
entry 1308000/2804859 (46.6334%)
entry 1309000/2804859 (46.669%)
entry 1310000/2804859 (46.7047%)
entry 1312000/2804859 (46.776%)
entry 1313000/2804859 (46.8116%)
entry 1314000/2804859 (46.8473%)
entry 1315000/2804859 (46.8829%)
entry 1316000/2804859 (46.9186%)
entry 1317000/2804859 (46.9542%)
entry 1323000/2804859 (47.1681%)
entry 1325000/2804859 (47.2395%)
entry 1326000/2804859 (47.2751%)
entry 1327000/2804859 (47.3108%)
entry 1329000/2804859 (47.3821%)
entry 1333000/2804859 (47.5247%)
entry 1334000/2804859 (47.5603%)
entry 1335000/2804859 (47.596%)
entry 1339000/2804859 (47.7386%)
entry 1340000/2804859 (47.7742%)
entry 1341000/2804859 (47.8099%)
entry 1342000/2804859 (47.8455%)
entry 1343000/2804859 (47.8812%)
entry 1344000/2804859 (47.9168%)
entry 1345000/2804859 (47.9525%)
entry 1346000/2804859 (47.9882%)
entry 1350000/2804859 (48.1308%)
entry 1351000/2804859 (48.1664%)
entry 1352000/2804859 (48.2021%)
entry 1353000/2804859 (48.2377%)
entry 1354000/2804859 (48.2734%)
entry 1355000/2804859 (48.309%)
entry 1356000/2804859 (48.3447%)
entry 1358000/2804859 (48.416%)
entry 1359000/2804859 (48.4516%)
entry 1360000/2804859 (48.4873%)
entry 1362000/2804859 (48.5586%)
entry 1364000/2804859 (48.6299%)
entry 1365000/2804859 (48.6655%)
entry 1366000/2804859 (48.7012%)
entry 1368000/2804859 (48.7725%)
entry 1370000/2804859 (48.8438%)
entry 1372000/2804859 (48.9151%)
entry 1373000/2804859 (48.9508%)
entry 1374000/2804859 (48.9864%)
entry 1377000/2804859 (49.0934%)
entry 1381000/2804859 (49.236%)
entry 1384000/2804859 (49.3429%)
entry 1386000/2804859 (49.4142%)
entry 1387000/2804859 (49.4499%)
entry 1389000/2804859 (49.5212%)
entry 1391000/2804859 (49.5925%)
entry 1392000/2804859 (49.6282%)
entry 1393000/2804859 (49.6638%)
entry 1394000/2804859 (49.6995%)
entry 1395000/2804859 (49.7351%)
entry 1396000/2804859 (49.7708%)
entry 1397000/2804859 (49.8064%)
entry 1401000/2804859 (49.949%)
entry 1402000/2804859 (49.9847%)
entry 1404000/2804859 (50.056%)
entry 1405000/2804859 (50.0916%)
entry 1406000/2804859 (50.1273%)
entry 1407000/2804859 (50.1629%)
entry 1409000/2804859 (50.2343%)
entry 1411000/2804859 (50.3056%)
entry 1413000/2804859 (50.3769%)
entry 1415000/2804859 (50.4482%)
entry 1416000/2804859 (50.4838%)
entry 1418000/2804859 (50.5551%)
entry 1419000/2804859 (50.5908%)
entry 1422000/2804859 (50.6977%)
entry 1423000/2804859 (50.7334%)
entry 1426000/2804859 (50.8403%)
entry 1427000/2804859 (50.876%)
entry 1428000/2804859 (50.9117%)
entry 1429000/2804859 (50.9473%)
entry 1430000/2804859 (50.983%)
entry 1431000/2804859 (51.0186%)
entry 1432000/2804859 (51.0543%)
entry 1434000/2804859 (51.1256%)
entry 1437000/2804859 (51.2325%)
entry 1438000/2804859 (51.2682%)
entry 1440000/2804859 (51.3395%)
entry 1443000/2804859 (51.4464%)
entry 1444000/2804859 (51.4821%)
entry 1445000/2804859 (51.5177%)
entry 1446000/2804859 (51.5534%)
entry 1448000/2804859 (51.6247%)
entry 1451000/2804859 (51.7317%)
entry 1452000/2804859 (51.7673%)
entry 1454000/2804859 (51.8386%)
entry 1455000/2804859 (51.8743%)
entry 1456000/2804859 (51.9099%)
entry 1457000/2804859 (51.9456%)
entry 1460000/2804859 (52.0525%)
entry 1463000/2804859 (52.1595%)
entry 1464000/2804859 (52.1951%)
entry 1466000/2804859 (52.2664%)
entry 1468000/2804859 (52.3377%)
entry 1469000/2804859 (52.3734%)
entry 1470000/2804859 (52.4091%)
entry 1471000/2804859 (52.4447%)
entry 1473000/2804859 (52.516%)
entry 1474000/2804859 (52.5517%)
entry 1475000/2804859 (52.5873%)
entry 1476000/2804859 (52.623%)
entry 1477000/2804859 (52.6586%)
entry 1478000/2804859 (52.6943%)
entry 1479000/2804859 (52.7299%)
entry 1480000/2804859 (52.7656%)
entry 1481000/2804859 (52.8012%)
entry 1482000/2804859 (52.8369%)
entry 1484000/2804859 (52.9082%)
entry 1486000/2804859 (52.9795%)
entry 1487000/2804859 (53.0151%)
entry 1490000/2804859 (53.1221%)
entry 1495000/2804859 (53.3004%)
entry 1496000/2804859 (53.336%)
entry 1497000/2804859 (53.3717%)
entry 1498000/2804859 (53.4073%)
entry 1501000/2804859 (53.5143%)
entry 1504000/2804859 (53.6212%)
entry 1507000/2804859 (53.7282%)
entry 1508000/2804859 (53.7638%)
entry 1509000/2804859 (53.7995%)
entry 1511000/2804859 (53.8708%)
entry 1512000/2804859 (53.9065%)
entry 1514000/2804859 (53.9778%)
entry 1523000/2804859 (54.2986%)
entry 1524000/2804859 (54.3343%)
entry 1526000/2804859 (54.4056%)
entry 1529000/2804859 (54.5125%)
entry 1530000/2804859 (54.5482%)
entry 1533000/2804859 (54.6552%)
entry 1535000/2804859 (54.7265%)
entry 1536000/2804859 (54.7621%)
entry 1537000/2804859 (54.7978%)
entry 1538000/2804859 (54.8334%)
entry 1540000/2804859 (54.9047%)
entry 1541000/2804859 (54.9404%)
entry 1542000/2804859 (54.976%)
entry 1544000/2804859 (55.0473%)
entry 1545000/2804859 (55.083%)
entry 1547000/2804859 (55.1543%)
entry 1548000/2804859 (55.1899%)
entry 1549000/2804859 (55.2256%)
entry 1550000/2804859 (55.2612%)
entry 1552000/2804859 (55.3325%)
entry 1553000/2804859 (55.3682%)
entry 1554000/2804859 (55.4039%)
entry 1555000/2804859 (55.4395%)
entry 1556000/2804859 (55.4752%)
entry 1557000/2804859 (55.5108%)
entry 1558000/2804859 (55.5465%)
entry 1559000/2804859 (55.5821%)
entry 1560000/2804859 (55.6178%)
entry 1561000/2804859 (55.6534%)
entry 1564000/2804859 (55.7604%)
entry 1565000/2804859 (55.796%)
entry 1567000/2804859 (55.8673%)
entry 1568000/2804859 (55.903%)
entry 1570000/2804859 (55.9743%)
entry 1573000/2804859 (56.0813%)
entry 1574000/2804859 (56.1169%)
entry 1578000/2804859 (56.2595%)
entry 1580000/2804859 (56.3308%)
entry 1583000/2804859 (56.4378%)
entry 1584000/2804859 (56.4734%)
entry 1587000/2804859 (56.5804%)
entry 1590000/2804859 (56.6873%)
entry 1591000/2804859 (56.723%)
entry 1592000/2804859 (56.7586%)
entry 1594000/2804859 (56.83%)
entry 1595000/2804859 (56.8656%)
entry 1596000/2804859 (56.9013%)
entry 1597000/2804859 (56.9369%)
entry 1598000/2804859 (56.9726%)
entry 1600000/2804859 (57.0439%)
entry 1601000/2804859 (57.0795%)
entry 1602000/2804859 (57.1152%)
entry 1603000/2804859 (57.1508%)
entry 1604000/2804859 (57.1865%)
entry 1606000/2804859 (57.2578%)
entry 1607000/2804859 (57.2934%)
entry 1609000/2804859 (57.3647%)
entry 1610000/2804859 (57.4004%)
entry 1611000/2804859 (57.436%)
entry 1612000/2804859 (57.4717%)
entry 1614000/2804859 (57.543%)
entry 1615000/2804859 (57.5787%)
entry 1619000/2804859 (57.7213%)
entry 1621000/2804859 (57.7926%)
entry 1623000/2804859 (57.8639%)
entry 1626000/2804859 (57.9708%)
entry 1627000/2804859 (58.0065%)
entry 1628000/2804859 (58.0421%)
entry 1629000/2804859 (58.0778%)
entry 1630000/2804859 (58.1134%)
entry 1631000/2804859 (58.1491%)
entry 1632000/2804859 (58.1847%)
entry 1634000/2804859 (58.256%)
entry 1635000/2804859 (58.2917%)
entry 1636000/2804859 (58.3274%)
entry 1637000/2804859 (58.363%)
entry 1638000/2804859 (58.3987%)
entry 1639000/2804859 (58.4343%)
entry 1640000/2804859 (58.47%)
entry 1642000/2804859 (58.5413%)
entry 1643000/2804859 (58.5769%)
entry 1644000/2804859 (58.6126%)
entry 1646000/2804859 (58.6839%)
entry 1650000/2804859 (58.8265%)
entry 1652000/2804859 (58.8978%)
entry 1653000/2804859 (58.9334%)
entry 1655000/2804859 (59.0047%)
entry 1660000/2804859 (59.183%)
entry 1662000/2804859 (59.2543%)
entry 1665000/2804859 (59.3613%)
entry 1666000/2804859 (59.3969%)
entry 1667000/2804859 (59.4326%)
entry 1668000/2804859 (59.4682%)
entry 1671000/2804859 (59.5752%)
entry 1673000/2804859 (59.6465%)
entry 1680000/2804859 (59.8961%)
entry 1683000/2804859 (60.003%)
entry 1686000/2804859 (60.11%)
entry 1687000/2804859 (60.1456%)
entry 1689000/2804859 (60.2169%)
entry 1690000/2804859 (60.2526%)
entry 1694000/2804859 (60.3952%)
entry 1695000/2804859 (60.4308%)
entry 1697000/2804859 (60.5021%)
entry 1701000/2804859 (60.6448%)
entry 1703000/2804859 (60.7161%)
entry 1704000/2804859 (60.7517%)
entry 1705000/2804859 (60.7874%)
entry 1708000/2804859 (60.8943%)
entry 1710000/2804859 (60.9656%)
entry 1712000/2804859 (61.0369%)
entry 1713000/2804859 (61.0726%)
entry 1714000/2804859 (61.1082%)
entry 1715000/2804859 (61.1439%)
entry 1716000/2804859 (61.1795%)
entry 1718000/2804859 (61.2509%)
entry 1719000/2804859 (61.2865%)
entry 1720000/2804859 (61.3222%)
entry 1721000/2804859 (61.3578%)
entry 1723000/2804859 (61.4291%)
entry 1724000/2804859 (61.4648%)
entry 1725000/2804859 (61.5004%)
entry 1726000/2804859 (61.5361%)
entry 1728000/2804859 (61.6074%)
entry 1730000/2804859 (61.6787%)
entry 1731000/2804859 (61.7143%)
entry 1732000/2804859 (61.75%)
entry 1734000/2804859 (61.8213%)
entry 1737000/2804859 (61.9282%)
entry 1738000/2804859 (61.9639%)
entry 1739000/2804859 (61.9996%)
entry 1741000/2804859 (62.0709%)
entry 1742000/2804859 (62.1065%)
entry 1743000/2804859 (62.1422%)
entry 1744000/2804859 (62.1778%)
entry 1746000/2804859 (62.2491%)
entry 1747000/2804859 (62.2848%)
entry 1751000/2804859 (62.4274%)
entry 1752000/2804859 (62.463%)
entry 1753000/2804859 (62.4987%)
entry 1754000/2804859 (62.5343%)
entry 1755000/2804859 (62.57%)
entry 1756000/2804859 (62.6056%)
entry 1759000/2804859 (62.7126%)
entry 1760000/2804859 (62.7483%)
entry 1763000/2804859 (62.8552%)
entry 1764000/2804859 (62.8909%)
entry 1765000/2804859 (62.9265%)
entry 1767000/2804859 (62.9978%)
entry 1769000/2804859 (63.0691%)
entry 1770000/2804859 (63.1048%)
entry 1771000/2804859 (63.1404%)
entry 1772000/2804859 (63.1761%)
entry 1773000/2804859 (63.2117%)
entry 1774000/2804859 (63.2474%)
entry 1775000/2804859 (63.283%)
entry 1776000/2804859 (63.3187%)
entry 1777000/2804859 (63.3543%)
entry 1785000/2804859 (63.6396%)
entry 1786000/2804859 (63.6752%)
entry 1787000/2804859 (63.7109%)
entry 1788000/2804859 (63.7465%)
entry 1789000/2804859 (63.7822%)
entry 1790000/2804859 (63.8178%)
entry 1791000/2804859 (63.8535%)
entry 1793000/2804859 (63.9248%)
entry 1794000/2804859 (63.9604%)
entry 1797000/2804859 (64.0674%)
entry 1798000/2804859 (64.103%)
entry 1799000/2804859 (64.1387%)
entry 1800000/2804859 (64.1743%)
entry 1801000/2804859 (64.21%)
entry 1802000/2804859 (64.2457%)
entry 1805000/2804859 (64.3526%)
entry 1807000/2804859 (64.4239%)
entry 1809000/2804859 (64.4952%)
entry 1810000/2804859 (64.5309%)
entry 1811000/2804859 (64.5665%)
entry 1812000/2804859 (64.6022%)
entry 1813000/2804859 (64.6378%)
entry 1814000/2804859 (64.6735%)
entry 1815000/2804859 (64.7091%)
entry 1816000/2804859 (64.7448%)
entry 1818000/2804859 (64.8161%)
entry 1819000/2804859 (64.8517%)
entry 1820000/2804859 (64.8874%)
entry 1822000/2804859 (64.9587%)
entry 1823000/2804859 (64.9944%)
entry 1824000/2804859 (65.03%)
entry 1829000/2804859 (65.2083%)
entry 1830000/2804859 (65.2439%)
entry 1833000/2804859 (65.3509%)
entry 1837000/2804859 (65.4935%)
entry 1839000/2804859 (65.5648%)
entry 1840000/2804859 (65.6004%)
entry 1841000/2804859 (65.6361%)
entry 1842000/2804859 (65.6717%)
entry 1846000/2804859 (65.8144%)
entry 1847000/2804859 (65.85%)
entry 1848000/2804859 (65.8857%)
entry 1849000/2804859 (65.9213%)
entry 1857000/2804859 (66.2065%)
entry 1859000/2804859 (66.2778%)
entry 1863000/2804859 (66.4205%)
entry 1864000/2804859 (66.4561%)
entry 1865000/2804859 (66.4918%)
entry 1866000/2804859 (66.5274%)
entry 1867000/2804859 (66.5631%)
entry 1868000/2804859 (66.5987%)
entry 1870000/2804859 (66.67%)
entry 1872000/2804859 (66.7413%)
entry 1873000/2804859 (66.777%)
entry 1875000/2804859 (66.8483%)
entry 1877000/2804859 (66.9196%)
entry 1879000/2804859 (66.9909%)
entry 1880000/2804859 (67.0265%)
entry 1881000/2804859 (67.0622%)
entry 1882000/2804859 (67.0978%)
entry 1883000/2804859 (67.1335%)
entry 1885000/2804859 (67.2048%)
entry 1886000/2804859 (67.2405%)
entry 1888000/2804859 (67.3118%)
entry 1889000/2804859 (67.3474%)
entry 1892000/2804859 (67.4544%)
entry 1894000/2804859 (67.5257%)
entry 1895000/2804859 (67.5613%)
entry 1896000/2804859 (67.597%)
entry 1901000/2804859 (67.7752%)
entry 1903000/2804859 (67.8465%)
entry 1904000/2804859 (67.8822%)
entry 1905000/2804859 (67.9179%)
entry 1906000/2804859 (67.9535%)
entry 1910000/2804859 (68.0961%)
entry 1911000/2804859 (68.1318%)
entry 1912000/2804859 (68.1674%)
entry 1913000/2804859 (68.2031%)
entry 1916000/2804859 (68.31%)
entry 1918000/2804859 (68.3813%)
entry 1920000/2804859 (68.4526%)
entry 1921000/2804859 (68.4883%)
entry 1922000/2804859 (68.5239%)
entry 1924000/2804859 (68.5952%)
entry 1927000/2804859 (68.7022%)
entry 1928000/2804859 (68.7379%)
entry 1930000/2804859 (68.8092%)
entry 1932000/2804859 (68.8805%)
entry 1938000/2804859 (69.0944%)
entry 1941000/2804859 (69.2013%)
entry 1943000/2804859 (69.2726%)
entry 1945000/2804859 (69.3439%)
entry 1946000/2804859 (69.3796%)
entry 1947000/2804859 (69.4153%)
entry 1948000/2804859 (69.4509%)
entry 1949000/2804859 (69.4866%)
entry 1950000/2804859 (69.5222%)
entry 1951000/2804859 (69.5579%)
entry 1953000/2804859 (69.6292%)
entry 1954000/2804859 (69.6648%)
entry 1957000/2804859 (69.7718%)
entry 1959000/2804859 (69.8431%)
entry 1960000/2804859 (69.8787%)
entry 1963000/2804859 (69.9857%)
entry 1966000/2804859 (70.0926%)
entry 1967000/2804859 (70.1283%)
entry 1969000/2804859 (70.1996%)
entry 1970000/2804859 (70.2353%)
entry 1971000/2804859 (70.2709%)
entry 1972000/2804859 (70.3066%)
entry 1975000/2804859 (70.4135%)
entry 1977000/2804859 (70.4848%)
entry 1979000/2804859 (70.5561%)
entry 1980000/2804859 (70.5918%)
entry 1981000/2804859 (70.6274%)
entry 1982000/2804859 (70.6631%)
entry 1983000/2804859 (70.6987%)
entry 1984000/2804859 (70.7344%)
entry 1986000/2804859 (70.8057%)
entry 1988000/2804859 (70.877%)
entry 1989000/2804859 (70.9127%)
entry 1990000/2804859 (70.9483%)
entry 1991000/2804859 (70.984%)
entry 1993000/2804859 (71.0553%)
entry 1994000/2804859 (71.0909%)
entry 1995000/2804859 (71.1266%)
entry 1998000/2804859 (71.2335%)
entry 1999000/2804859 (71.2692%)
entry 2003000/2804859 (71.4118%)
entry 2004000/2804859 (71.4474%)
entry 2005000/2804859 (71.4831%)
entry 2006000/2804859 (71.5187%)
entry 2007000/2804859 (71.5544%)
entry 2008000/2804859 (71.5901%)
entry 2009000/2804859 (71.6257%)
entry 2011000/2804859 (71.697%)
entry 2013000/2804859 (71.7683%)
entry 2014000/2804859 (71.804%)
entry 2015000/2804859 (71.8396%)
entry 2017000/2804859 (71.9109%)
entry 2019000/2804859 (71.9822%)
entry 2020000/2804859 (72.0179%)
entry 2026000/2804859 (72.2318%)
entry 2027000/2804859 (72.2674%)
entry 2032000/2804859 (72.4457%)
entry 2035000/2804859 (72.5527%)
entry 2036000/2804859 (72.5883%)
entry 2037000/2804859 (72.624%)
entry 2038000/2804859 (72.6596%)
entry 2039000/2804859 (72.6953%)
entry 2040000/2804859 (72.7309%)
entry 2041000/2804859 (72.7666%)
entry 2043000/2804859 (72.8379%)
entry 2044000/2804859 (72.8735%)
entry 2047000/2804859 (72.9805%)
entry 2051000/2804859 (73.1231%)
entry 2053000/2804859 (73.1944%)
entry 2056000/2804859 (73.3014%)
entry 2058000/2804859 (73.3727%)
entry 2060000/2804859 (73.444%)
entry 2062000/2804859 (73.5153%)
entry 2063000/2804859 (73.5509%)
entry 2064000/2804859 (73.5866%)
entry 2065000/2804859 (73.6222%)
entry 2067000/2804859 (73.6935%)
entry 2068000/2804859 (73.7292%)
entry 2070000/2804859 (73.8005%)
entry 2071000/2804859 (73.8362%)
entry 2073000/2804859 (73.9075%)
entry 2074000/2804859 (73.9431%)
entry 2075000/2804859 (73.9788%)
entry 2076000/2804859 (74.0144%)
entry 2077000/2804859 (74.0501%)
entry 2079000/2804859 (74.1214%)
entry 2081000/2804859 (74.1927%)
entry 2084000/2804859 (74.2996%)
entry 2085000/2804859 (74.3353%)
entry 2086000/2804859 (74.3709%)
entry 2088000/2804859 (74.4422%)
entry 2089000/2804859 (74.4779%)
entry 2091000/2804859 (74.5492%)
entry 2092000/2804859 (74.5849%)
entry 2094000/2804859 (74.6562%)
entry 2095000/2804859 (74.6918%)
entry 2096000/2804859 (74.7275%)
entry 2099000/2804859 (74.8344%)
entry 2101000/2804859 (74.9057%)
entry 2102000/2804859 (74.9414%)
entry 2104000/2804859 (75.0127%)
entry 2106000/2804859 (75.084%)
entry 2108000/2804859 (75.1553%)
entry 2111000/2804859 (75.2622%)
entry 2112000/2804859 (75.2979%)
entry 2114000/2804859 (75.3692%)
entry 2115000/2804859 (75.4049%)
entry 2116000/2804859 (75.4405%)
entry 2117000/2804859 (75.4762%)
entry 2119000/2804859 (75.5475%)
entry 2120000/2804859 (75.5831%)
entry 2121000/2804859 (75.6188%)
entry 2122000/2804859 (75.6544%)
entry 2123000/2804859 (75.6901%)
entry 2124000/2804859 (75.7257%)
entry 2125000/2804859 (75.7614%)
entry 2126000/2804859 (75.797%)
entry 2127000/2804859 (75.8327%)
entry 2130000/2804859 (75.9396%)
entry 2131000/2804859 (75.9753%)
entry 2132000/2804859 (76.0109%)
entry 2133000/2804859 (76.0466%)
entry 2135000/2804859 (76.1179%)
entry 2137000/2804859 (76.1892%)
entry 2138000/2804859 (76.2249%)
entry 2139000/2804859 (76.2605%)
entry 2140000/2804859 (76.2962%)
entry 2141000/2804859 (76.3318%)
entry 2142000/2804859 (76.3675%)
entry 2144000/2804859 (76.4388%)
entry 2145000/2804859 (76.4744%)
entry 2147000/2804859 (76.5457%)
entry 2148000/2804859 (76.5814%)
entry 2150000/2804859 (76.6527%)
entry 2153000/2804859 (76.7597%)
entry 2154000/2804859 (76.7953%)
entry 2155000/2804859 (76.831%)
entry 2156000/2804859 (76.8666%)
entry 2157000/2804859 (76.9023%)
entry 2158000/2804859 (76.9379%)
entry 2160000/2804859 (77.0092%)
entry 2161000/2804859 (77.0449%)
entry 2162000/2804859 (77.0805%)
entry 2164000/2804859 (77.1518%)
entry 2165000/2804859 (77.1875%)
entry 2166000/2804859 (77.2231%)
entry 2168000/2804859 (77.2944%)
entry 2169000/2804859 (77.3301%)
entry 2170000/2804859 (77.3657%)
entry 2171000/2804859 (77.4014%)
entry 2172000/2804859 (77.437%)
entry 2175000/2804859 (77.544%)
entry 2177000/2804859 (77.6153%)
entry 2178000/2804859 (77.651%)
entry 2183000/2804859 (77.8292%)
entry 2184000/2804859 (77.8649%)
entry 2185000/2804859 (77.9005%)
entry 2187000/2804859 (77.9718%)
entry 2188000/2804859 (78.0075%)
entry 2189000/2804859 (78.0431%)
entry 2190000/2804859 (78.0788%)
entry 2191000/2804859 (78.1144%)
entry 2192000/2804859 (78.1501%)
entry 2193000/2804859 (78.1857%)
entry 2194000/2804859 (78.2214%)
entry 2195000/2804859 (78.2571%)
entry 2198000/2804859 (78.364%)
entry 2200000/2804859 (78.4353%)
entry 2202000/2804859 (78.5066%)
entry 2205000/2804859 (78.6136%)
entry 2206000/2804859 (78.6492%)
entry 2207000/2804859 (78.6849%)
entry 2208000/2804859 (78.7205%)
entry 2209000/2804859 (78.7562%)
entry 2210000/2804859 (78.7918%)
entry 2211000/2804859 (78.8275%)
entry 2213000/2804859 (78.8988%)
entry 2214000/2804859 (78.9344%)
entry 2218000/2804859 (79.0771%)
entry 2219000/2804859 (79.1127%)
entry 2222000/2804859 (79.2197%)
entry 2224000/2804859 (79.291%)
entry 2227000/2804859 (79.3979%)
entry 2228000/2804859 (79.4336%)
entry 2230000/2804859 (79.5049%)
entry 2231000/2804859 (79.5405%)
entry 2233000/2804859 (79.6118%)
entry 2236000/2804859 (79.7188%)
entry 2238000/2804859 (79.7901%)
entry 2243000/2804859 (79.9684%)
entry 2244000/2804859 (80.004%)
entry 2246000/2804859 (80.0753%)
entry 2248000/2804859 (80.1466%)
entry 2254000/2804859 (80.3605%)
entry 2256000/2804859 (80.4318%)
entry 2257000/2804859 (80.4675%)
entry 2258000/2804859 (80.5032%)
entry 2260000/2804859 (80.5745%)
entry 2261000/2804859 (80.6101%)
entry 2262000/2804859 (80.6458%)
entry 2263000/2804859 (80.6814%)
entry 2264000/2804859 (80.7171%)
entry 2265000/2804859 (80.7527%)
entry 2267000/2804859 (80.824%)
entry 2270000/2804859 (80.931%)
entry 2272000/2804859 (81.0023%)
entry 2273000/2804859 (81.0379%)
entry 2274000/2804859 (81.0736%)
entry 2275000/2804859 (81.1092%)
entry 2276000/2804859 (81.1449%)
entry 2277000/2804859 (81.1805%)
entry 2279000/2804859 (81.2519%)
entry 2281000/2804859 (81.3232%)
entry 2285000/2804859 (81.4658%)
entry 2286000/2804859 (81.5014%)
entry 2287000/2804859 (81.5371%)
entry 2288000/2804859 (81.5727%)
entry 2290000/2804859 (81.644%)
entry 2291000/2804859 (81.6797%)
entry 2293000/2804859 (81.751%)
entry 2294000/2804859 (81.7866%)
entry 2295000/2804859 (81.8223%)
entry 2297000/2804859 (81.8936%)
entry 2298000/2804859 (81.9293%)
entry 2299000/2804859 (81.9649%)
entry 2300000/2804859 (82.0006%)
entry 2301000/2804859 (82.0362%)
entry 2303000/2804859 (82.1075%)
entry 2305000/2804859 (82.1788%)
entry 2306000/2804859 (82.2145%)
entry 2308000/2804859 (82.2858%)
entry 2309000/2804859 (82.3214%)
entry 2311000/2804859 (82.3927%)
entry 2312000/2804859 (82.4284%)
entry 2317000/2804859 (82.6066%)
entry 2319000/2804859 (82.678%)
entry 2320000/2804859 (82.7136%)
entry 2321000/2804859 (82.7493%)
entry 2322000/2804859 (82.7849%)
entry 2323000/2804859 (82.8206%)
entry 2324000/2804859 (82.8562%)
entry 2325000/2804859 (82.8919%)
entry 2326000/2804859 (82.9275%)
entry 2327000/2804859 (82.9632%)
entry 2330000/2804859 (83.0701%)
entry 2332000/2804859 (83.1414%)
entry 2333000/2804859 (83.1771%)
entry 2335000/2804859 (83.2484%)
entry 2339000/2804859 (83.391%)
entry 2340000/2804859 (83.4267%)
entry 2341000/2804859 (83.4623%)
entry 2345000/2804859 (83.6049%)
entry 2346000/2804859 (83.6406%)
entry 2348000/2804859 (83.7119%)
entry 2352000/2804859 (83.8545%)
entry 2353000/2804859 (83.8901%)
entry 2354000/2804859 (83.9258%)
entry 2357000/2804859 (84.0327%)
entry 2358000/2804859 (84.0684%)
entry 2359000/2804859 (84.104%)
entry 2360000/2804859 (84.1397%)
entry 2361000/2804859 (84.1754%)
entry 2364000/2804859 (84.2823%)
entry 2366000/2804859 (84.3536%)
entry 2367000/2804859 (84.3893%)
entry 2371000/2804859 (84.5319%)
entry 2373000/2804859 (84.6032%)
entry 2375000/2804859 (84.6745%)
entry 2376000/2804859 (84.7101%)
entry 2378000/2804859 (84.7814%)
entry 2381000/2804859 (84.8884%)
entry 2382000/2804859 (84.9241%)
entry 2384000/2804859 (84.9954%)
entry 2385000/2804859 (85.031%)
entry 2387000/2804859 (85.1023%)
entry 2388000/2804859 (85.138%)
entry 2389000/2804859 (85.1736%)
entry 2391000/2804859 (85.2449%)
entry 2392000/2804859 (85.2806%)
entry 2394000/2804859 (85.3519%)
entry 2396000/2804859 (85.4232%)
entry 2397000/2804859 (85.4588%)
entry 2399000/2804859 (85.5301%)
entry 2400000/2804859 (85.5658%)
entry 2401000/2804859 (85.6014%)
entry 2402000/2804859 (85.6371%)
entry 2403000/2804859 (85.6728%)
entry 2404000/2804859 (85.7084%)
entry 2405000/2804859 (85.7441%)
entry 2406000/2804859 (85.7797%)
entry 2407000/2804859 (85.8154%)
entry 2408000/2804859 (85.851%)
entry 2410000/2804859 (85.9223%)
entry 2411000/2804859 (85.958%)
entry 2415000/2804859 (86.1006%)
entry 2416000/2804859 (86.1362%)
entry 2417000/2804859 (86.1719%)
entry 2418000/2804859 (86.2075%)
entry 2419000/2804859 (86.2432%)
entry 2420000/2804859 (86.2788%)
entry 2421000/2804859 (86.3145%)
entry 2423000/2804859 (86.3858%)
entry 2424000/2804859 (86.4215%)
entry 2425000/2804859 (86.4571%)
entry 2426000/2804859 (86.4928%)
entry 2427000/2804859 (86.5284%)
entry 2428000/2804859 (86.5641%)
entry 2429000/2804859 (86.5997%)
entry 2430000/2804859 (86.6354%)
entry 2431000/2804859 (86.671%)
entry 2432000/2804859 (86.7067%)
entry 2434000/2804859 (86.778%)
entry 2435000/2804859 (86.8136%)
entry 2436000/2804859 (86.8493%)
entry 2438000/2804859 (86.9206%)
entry 2444000/2804859 (87.1345%)
entry 2446000/2804859 (87.2058%)
entry 2447000/2804859 (87.2415%)
entry 2452000/2804859 (87.4197%)
entry 2453000/2804859 (87.4554%)
entry 2455000/2804859 (87.5267%)
entry 2456000/2804859 (87.5623%)
entry 2457000/2804859 (87.598%)
entry 2459000/2804859 (87.6693%)
entry 2461000/2804859 (87.7406%)
entry 2462000/2804859 (87.7762%)
entry 2463000/2804859 (87.8119%)
entry 2465000/2804859 (87.8832%)
entry 2466000/2804859 (87.9189%)
entry 2468000/2804859 (87.9902%)
entry 2471000/2804859 (88.0971%)
entry 2474000/2804859 (88.2041%)
entry 2476000/2804859 (88.2754%)
entry 2477000/2804859 (88.311%)
entry 2478000/2804859 (88.3467%)
entry 2479000/2804859 (88.3823%)
entry 2481000/2804859 (88.4536%)
entry 2484000/2804859 (88.5606%)
entry 2486000/2804859 (88.6319%)
entry 2487000/2804859 (88.6676%)
entry 2488000/2804859 (88.7032%)
entry 2489000/2804859 (88.7389%)
entry 2490000/2804859 (88.7745%)
entry 2492000/2804859 (88.8458%)
entry 2493000/2804859 (88.8815%)
entry 2494000/2804859 (88.9171%)
entry 2495000/2804859 (88.9528%)
entry 2498000/2804859 (89.0597%)
entry 2499000/2804859 (89.0954%)
entry 2500000/2804859 (89.131%)
entry 2503000/2804859 (89.238%)
entry 2505000/2804859 (89.3093%)
entry 2506000/2804859 (89.345%)
entry 2508000/2804859 (89.4163%)
entry 2512000/2804859 (89.5589%)
entry 2514000/2804859 (89.6302%)
entry 2515000/2804859 (89.6658%)
entry 2519000/2804859 (89.8084%)
entry 2521000/2804859 (89.8797%)
entry 2522000/2804859 (89.9154%)
entry 2523000/2804859 (89.951%)
entry 2524000/2804859 (89.9867%)
entry 2525000/2804859 (90.0223%)
entry 2526000/2804859 (90.058%)
entry 2528000/2804859 (90.1293%)
entry 2530000/2804859 (90.2006%)
entry 2531000/2804859 (90.2363%)
entry 2532000/2804859 (90.2719%)
entry 2533000/2804859 (90.3076%)
entry 2536000/2804859 (90.4145%)
entry 2538000/2804859 (90.4858%)
entry 2540000/2804859 (90.5571%)
entry 2542000/2804859 (90.6284%)
entry 2545000/2804859 (90.7354%)
entry 2546000/2804859 (90.771%)
entry 2547000/2804859 (90.8067%)
entry 2549000/2804859 (90.878%)
entry 2550000/2804859 (90.9137%)
entry 2551000/2804859 (90.9493%)
entry 2556000/2804859 (91.1276%)
entry 2558000/2804859 (91.1989%)
entry 2559000/2804859 (91.2345%)
entry 2562000/2804859 (91.3415%)
entry 2563000/2804859 (91.3771%)
entry 2565000/2804859 (91.4485%)
entry 2567000/2804859 (91.5197%)
entry 2568000/2804859 (91.5554%)
entry 2569000/2804859 (91.5911%)
entry 2572000/2804859 (91.698%)
entry 2573000/2804859 (91.7337%)
entry 2576000/2804859 (91.8406%)
entry 2577000/2804859 (91.8763%)
entry 2578000/2804859 (91.9119%)
entry 2580000/2804859 (91.9832%)
entry 2581000/2804859 (92.0189%)
entry 2583000/2804859 (92.0902%)
entry 2584000/2804859 (92.1258%)
entry 2586000/2804859 (92.1971%)
entry 2589000/2804859 (92.3041%)
entry 2590000/2804859 (92.3398%)
entry 2591000/2804859 (92.3754%)
entry 2592000/2804859 (92.4111%)
entry 2593000/2804859 (92.4467%)
entry 2594000/2804859 (92.4824%)
entry 2597000/2804859 (92.5893%)
entry 2598000/2804859 (92.625%)
entry 2599000/2804859 (92.6606%)
entry 2600000/2804859 (92.6963%)
entry 2601000/2804859 (92.7319%)
entry 2603000/2804859 (92.8032%)
entry 2605000/2804859 (92.8745%)
entry 2608000/2804859 (92.9815%)
entry 2609000/2804859 (93.0172%)
entry 2610000/2804859 (93.0528%)
entry 2611000/2804859 (93.0885%)
entry 2616000/2804859 (93.2667%)
entry 2617000/2804859 (93.3024%)
entry 2618000/2804859 (93.338%)
entry 2621000/2804859 (93.445%)
entry 2623000/2804859 (93.5163%)
entry 2624000/2804859 (93.5519%)
entry 2625000/2804859 (93.5876%)
entry 2629000/2804859 (93.7302%)
entry 2630000/2804859 (93.7659%)
entry 2631000/2804859 (93.8015%)
entry 2633000/2804859 (93.8728%)
entry 2634000/2804859 (93.9085%)
entry 2636000/2804859 (93.9798%)
entry 2637000/2804859 (94.0154%)
entry 2639000/2804859 (94.0867%)
entry 2641000/2804859 (94.158%)
entry 2642000/2804859 (94.1937%)
entry 2643000/2804859 (94.2293%)
entry 2644000/2804859 (94.265%)
entry 2646000/2804859 (94.3363%)
entry 2647000/2804859 (94.3719%)
entry 2648000/2804859 (94.4076%)
entry 2650000/2804859 (94.4789%)
entry 2651000/2804859 (94.5146%)
entry 2655000/2804859 (94.6572%)
entry 2657000/2804859 (94.7285%)
entry 2658000/2804859 (94.7641%)
entry 2660000/2804859 (94.8354%)
entry 2661000/2804859 (94.8711%)
entry 2664000/2804859 (94.978%)
entry 2665000/2804859 (95.0137%)
entry 2666000/2804859 (95.0493%)
entry 2668000/2804859 (95.1206%)
entry 2670000/2804859 (95.1919%)
entry 2671000/2804859 (95.2276%)
entry 2672000/2804859 (95.2633%)
entry 2673000/2804859 (95.2989%)
entry 2674000/2804859 (95.3346%)
entry 2675000/2804859 (95.3702%)
entry 2677000/2804859 (95.4415%)
entry 2679000/2804859 (95.5128%)
entry 2680000/2804859 (95.5485%)
entry 2681000/2804859 (95.5841%)
entry 2685000/2804859 (95.7267%)
entry 2687000/2804859 (95.798%)
entry 2693000/2804859 (96.012%)
entry 2695000/2804859 (96.0833%)
entry 2699000/2804859 (96.2259%)
entry 2700000/2804859 (96.2615%)
entry 2701000/2804859 (96.2972%)
entry 2703000/2804859 (96.3685%)
entry 2704000/2804859 (96.4041%)
entry 2706000/2804859 (96.4754%)
entry 2707000/2804859 (96.5111%)
entry 2708000/2804859 (96.5467%)
entry 2709000/2804859 (96.5824%)
entry 2711000/2804859 (96.6537%)
entry 2712000/2804859 (96.6893%)
entry 2713000/2804859 (96.725%)
entry 2717000/2804859 (96.8676%)
entry 2718000/2804859 (96.9033%)
entry 2719000/2804859 (96.9389%)
entry 2721000/2804859 (97.0102%)
entry 2723000/2804859 (97.0815%)
entry 2726000/2804859 (97.1885%)
entry 2727000/2804859 (97.2241%)
entry 2728000/2804859 (97.2598%)
entry 2729000/2804859 (97.2954%)
entry 2731000/2804859 (97.3668%)
entry 2734000/2804859 (97.4737%)
entry 2735000/2804859 (97.5094%)
entry 2737000/2804859 (97.5807%)
entry 2740000/2804859 (97.6876%)
entry 2742000/2804859 (97.7589%)
entry 2744000/2804859 (97.8302%)
entry 2745000/2804859 (97.8659%)
entry 2748000/2804859 (97.9728%)
entry 2751000/2804859 (98.0798%)
entry 2752000/2804859 (98.1155%)
entry 2753000/2804859 (98.1511%)
entry 2754000/2804859 (98.1868%)
entry 2755000/2804859 (98.2224%)
entry 2756000/2804859 (98.2581%)
entry 2758000/2804859 (98.3294%)
entry 2761000/2804859 (98.4363%)
entry 2763000/2804859 (98.5076%)
entry 2765000/2804859 (98.5789%)
entry 2766000/2804859 (98.6146%)
entry 2767000/2804859 (98.6502%)
entry 2768000/2804859 (98.6859%)
entry 2770000/2804859 (98.7572%)
entry 2771000/2804859 (98.7928%)
entry 2772000/2804859 (98.8285%)
entry 2773000/2804859 (98.8642%)
entry 2774000/2804859 (98.8998%)
entry 2775000/2804859 (98.9355%)
entry 2776000/2804859 (98.9711%)
entry 2777000/2804859 (99.0068%)
entry 2778000/2804859 (99.0424%)
entry 2779000/2804859 (99.0781%)
entry 2780000/2804859 (99.1137%)
entry 2781000/2804859 (99.1494%)
entry 2782000/2804859 (99.185%)
entry 2783000/2804859 (99.2207%)
entry 2784000/2804859 (99.2563%)
entry 2785000/2804859 (99.292%)
entry 2786000/2804859 (99.3276%)
entry 2787000/2804859 (99.3633%)
entry 2788000/2804859 (99.3989%)
entry 2790000/2804859 (99.4702%)
entry 2791000/2804859 (99.5059%)
entry 2792000/2804859 (99.5415%)
entry 2793000/2804859 (99.5772%)
entry 2794000/2804859 (99.6128%)
entry 2795000/2804859 (99.6485%)
entry 2796000/2804859 (99.6842%)
entry 2797000/2804859 (99.7198%)
entry 2798000/2804859 (99.7555%)
entry 2799000/2804859 (99.7911%)
entry 2800000/2804859 (99.8268%)
entry 2801000/2804859 (99.8624%)
entry 2803000/2804859 (99.9337%)
entry 2804000/2804859 (99.9694%)
all done
script done
