sphnx1112.sdcc.bnl.gov
rsyncing from /gpfs/mnt/gpfs02/sphenix/user/samfred/run25/ppg11/histmaking
running: /gpfs/mnt/gpfs02/sphenix/user/samfred/run25/ppg11/histmaking/script_data.sh 53555
LD_LIBRARY_PATH now /sphenix/user/samfred/run25/install//lib:/cvmfs/sphenix.sdcc.bnl.gov/alma9.2-gcc-14.2.0/opt/sphenix/core/gcc/14.2.0-2f0a0/x86_64-el9/lib:/cvmfs/sphenix.sdcc.bnl.gov/alma9.2-gcc-14.2.0/opt/sphenix/core/gcc/14.2.0-2f0a0/x86_64-el9/lib64:/cvmfs/sphenix.sdcc.bnl.gov/alma9.2-gcc-14.2.0/opt/sphenix/core/binutils/2.40-acaab/x86_64-el9/lib:.:/cvmfs/sphenix.sdcc.bnl.gov/alma9.2-gcc-14.2.0/release/release_new/new.10/lib64:/cvmfs/sphenix.sdcc.bnl.gov/alma9.2-gcc-14.2.0/release/release_new/new.10/lib:/cvmfs/sphenix.sdcc.bnl.gov/alma9.2-gcc-14.2.0/opt/sphenix/utils/lib:/cvmfs/sphenix.sdcc.bnl.gov/alma9.2-gcc-14.2.0/opt/sphenix/core/lib:/cvmfs/sphenix.sdcc.bnl.gov/alma9.2-gcc-14.2.0/opt/sphenix/core/root-6.32.06/lib:/cvmfs/sphenix.sdcc.bnl.gov/alma9.2-gcc-14.2.0/opt/sphenix/core/geant4.10.07.p04/lib64:/cvmfs/sphenix.sdcc.bnl.gov/alma9.2-gcc-14.2.0/opt/sphenix/core/lhapdf-5.9.1/lib:/usr/local/lib64:/usr/lib64
PATH now /sphenix/user/samfred/run25/install//bin:/cvmfs/sphenix.sdcc.bnl.gov/alma9.2-gcc-14.2.0/opt/sphenix/core/gcc/14.2.0-2f0a0/x86_64-el9/bin:/cvmfs/sphenix.sdcc.bnl.gov/alma9.2-gcc-14.2.0/opt/sphenix/core/binutils/2.40-acaab/x86_64-el9/bin:.:/cvmfs/sphenix.sdcc.bnl.gov/alma9.2-gcc-14.2.0/release/release_new/new.10/bin:/cvmfs/sphenix.sdcc.bnl.gov/alma9.2-gcc-14.2.0/opt/sphenix/utils/bin:/cvmfs/sphenix.sdcc.bnl.gov/alma9.2-gcc-14.2.0/opt/sphenix/core/bin:/cvmfs/sphenix.sdcc.bnl.gov/alma9.2-gcc-14.2.0/opt/sphenix/core/root-6.32.06/bin:/cvmfs/sphenix.sdcc.bnl.gov/alma9.2-gcc-14.2.0/opt/sphenix/core/geant4.10.07.p04/bin:/usr/local/bin:/usr/bin:/usr/local/sbin:/usr/sbin
SINGULARITY_CACHEDIR=/home/condor/local/sphnx/execute/dir_1852994
_CONDOR_CHIRP_CONFIG=/home/condor/local/sphnx/execute/dir_1852994/.chirp.config
_CONDOR_JOB_IWD=/sphenix/user/samfred/run25/ppg11/histmaking
G4ENSDFSTATEDATA=/cvmfs/sphenix.sdcc.bnl.gov/alma9.2-gcc-14.2.0/opt/sphenix/core/geant4.10.07.p04/share/Geant4-10.7.4/data/G4ENSDFSTATE2.3
_CONDOR_MACHINE_AD=/home/condor/local/sphnx/execute/dir_1852994/.machine.ad
ROOT_MAX_THREADS=1
NUMEXPR_NUM_THREADS=1
CUBACORES=1
_CHIRP_DELAYED_UPDATE_PREFIX=Chirp*
OMP_THREAD_LIMIT=1
G4PIIDATA=/cvmfs/sphenix.sdcc.bnl.gov/alma9.2-gcc-14.2.0/opt/sphenix/core/geant4.10.07.p04/share/Geant4-10.7.4/data/G4PII1.3
NO_AT_BRIDGE=1
G4_MAIN=/cvmfs/sphenix.sdcc.bnl.gov/alma9.2-gcc-14.2.0/opt/sphenix/core/geant4.10.07.p04
COMPILER_PATH=/cvmfs/sphenix.sdcc.bnl.gov/alma9.2-gcc-14.2.0/opt/sphenix/core/gcc/14.2.0-2f0a0/x86_64-el9
ROOT_INCLUDE_PATH=./:/sphenix/user/samfred/run25/install//include:/sphenix/user/samfred/run25/install//include/caloana:/sphenix/user/samfred/run25/install//include/qa_centrality:/sphenix/user/samfred/run25/install//include/mbdana:/sphenix/user/samfred/run25/install//include/centrality:/sphenix/user/samfred/run25/install//include/Event:/cvmfs/sphenix.sdcc.bnl.gov/alma9.2-gcc-14.2.0/release/release_new/new.10/include:/cvmfs/sphenix.sdcc.bnl.gov/alma9.2-gcc-14.2.0/release/release_new/new.10/include:/cvmfs/sphenix.sdcc.bnl.gov/alma9.2-gcc-14.2.0/release/release_new/new.10/include/g4mbd:/cvmfs/sphenix.sdcc.bnl.gov/alma9.2-gcc-14.2.0/release/release_new/new.10/include/fmt:/cvmfs/sphenix.sdcc.bnl.gov/alma9.2-gcc-14.2.0/release/release_new/new.10/include/ffarawobjects:/cvmfs/sphenix.sdcc.bnl.gov/alma9.2-gcc-14.2.0/release/release_new/new.10/include/JSON:/cvmfs/sphenix.sdcc.bnl.gov/alma9.2-gcc-14.2.0/release/release_new/new.10/include/calotreegen:/cvmfs/sphenix.sdcc.bnl.gov/alma9.2-gcc-14.2.0/release/release_new/new.10/include/torch:/cvmfs/sphenix.sdcc.bnl.gov/alma9.2-gcc-14.2.0/release/release_new/new.10/include/g4detectors:/cvmfs/sphenix.sdcc.bnl.gov/alma9.2-gcc-14.2.0/release/release_new/new.10/include/kineto:/cvmfs/sphenix.sdcc.bnl.gov/alma9.2-gcc-14.2.0/release/release_new/new.10/include/g4decayer:/cvmfs/sphenix.sdcc.bnl.gov/alma9.2-gcc-14.2.0/release/release_new/new.10/include/kfparticleqa:/cvmfs/sphenix.sdcc.bnl.gov/alma9.2-gcc-14.2.0/release/release_new/new.10/include/phfield:/cvmfs/sphenix.sdcc.bnl.gov/alma9.2-gcc-14.2.0/release/release_new/new.10/include/LHAPDF:/cvmfs/sphenix.sdcc.bnl.gov/alma9.2-gcc-14.2.0/release/release_new/new.10/include/readdigitalcurrents:/cvmfs/sphenix.sdcc.bnl.gov/alma9.2-gcc-14.2.0/release/release_new/new.10/include/c10:/cvmfs/sphenix.sdcc.bnl.gov/alma9.2-gcc-14.2.0/release/release_new/new.10/include/calovalid:/cvmfs/sphenix.sdcc.bnl.gov/alma9.2-gcc-14.2.0/release/release_new/new.10/include/oneapi:/cvmfs/sphenix.sdcc.bnl.gov/alma9.2-gcc-14.2.0/release/release_new/new.10/include/DDCond:/cvmfs/sphenix.sdcc.bnl.gov/alma9.2-gcc-14.2.0/release/release_new/new.10/include/g4tracking:/cvmfs/sphenix.sdcc.bnl.gov/alma9.2-gcc-14.2.0/release/release_new/new.10/include/litecaloeval:/cvmfs/sphenix.sdcc.bnl.gov/alma9.2-gcc-14.2.0/release/release_new/new.10/include/g4intt:/cvmfs/sphenix.sdcc.bnl.gov/alma9.2-gcc-14.2.0/release/release_new/new.10/include/phool:/cvmfs/sphenix.sdcc.bnl.gov/alma9.2-gcc-14.2.0/release/release_new/new.10/include/boost:/cvmfs/sphenix.sdcc.bnl.gov/alma9.2-gcc-14.2.0/release/release_new/new.10/include/Pythia8Plugins:/cvmfs/sphenix.sdcc.bnl.gov/alma9.2-gcc-14.2.0/release/release_new/new.10/include/calib_emc_pi0:/cvmfs/sphenix.sdcc.bnl.gov/alma9.2-gcc-14.2.0/release/release_new/new.10/include/hijingflipafterburner:/cvmfs/sphenix.sdcc.bnl.gov/alma9.2-gcc-14.2.0/release/release_new/new.10/include/ffaobjects:/cvmfs/sphenix.sdcc.bnl.gov/alma9.2-gcc-14.2.0/release/release_new/new.10/include/EvtGenBase:/cvmfs/sphenix.sdcc.bnl.gov/alma9.2-gcc-14.2.0/release/release_new/new.10/include/flowafterburner:/cvmfs/sphenix.sdcc.bnl.gov/alma9.2-gcc-14.2.0/release/release_new/new.10/include/google:/cvmfs/sphenix.sdcc.bnl.gov/alma9.2-gcc-14.2.0/release/release_new/new.10/include/g4tpc:/cvmfs/sphenix.sdcc.bnl.gov/alma9.2-gcc-14.2.0/release/release_new/new.10/include/caffe2:/cvmfs/sphenix.sdcc.bnl.gov/alma9.2-gcc-14.2.0/release/release_new/new.10/include/EvtGenExternal:/cvmfs/sphenix.sdcc.bnl.gov/alma9.2-gcc-14.2.0/release/release_new/new.10/include/fp16:/cvmfs/sphenix.sdcc.bnl.gov/alma9.2-gcc-14.2.0/release/release_new/new.10/include/ffamodules:/cvmfs/sphenix.sdcc.bnl.gov/alma9.2-gcc-14.2.0/release/release_new/new.10/include/uspin:/cvmfs/sphenix.sdcc.bnl.gov/alma9.2-gcc-14.2.0/release/release_new/new.10/include/Herwig:/cvmfs/sphenix.sdcc.bnl.gov/alma9.2-gcc-14.2.0/release/release_new/new.10/include/genfitexp:/cvmfs/sphenix.sdcc.bnl.gov/alma9.2-gcc-14.2.0/release/release_new/new.10/include/XML:/cvmfs/sphenix.sdcc.bnl.gov/alma9.2-gcc-14.2.0/release/release_new/new.10/include/fbgemm:/cvmfs/sphenix.sdcc.bnl.gov/alma9.2-gcc-14.2.0/release/release_new/new.10/include/DDAlign:/cvmfs/sphenix.sdcc.bnl.gov/alma9.2-gcc-14.2.0/release/release_new/new.10/include/g4mvtx:/cvmfs/sphenix.sdcc.bnl.gov/alma9.2-gcc-14.2.0/release/release_new/new.10/include/kfparticle_sphenix:/cvmfs/sphenix.sdcc.bnl.gov/alma9.2-gcc-14.2.0/release/release_new/new.10/include/fun4all:/cvmfs/sphenix.sdcc.bnl.gov/alma9.2-gcc-14.2.0/release/release_new/new.10/include/intt:/cvmfs/sphenix.sdcc.bnl.gov/alma9.2-gcc-14.2.0/release/release_new/new.10/include/eventdisplay:/cvmfs/sphenix.sdcc.bnl.gov/alma9.2-gcc-14.2.0/release/release_new/new.10/include/EvtGen:/cvmfs/sphenix.sdcc.bnl.gov/alma9.2-gcc-14.2.0/release/release_new/new.10/include/Evaluator:/cvmfs/sphenix.sdcc.bnl.gov/alma9.2-gcc-14.2.0/release/release_new/new.10/include/tpc:/cvmfs/sphenix.sdcc.bnl.gov/alma9.2-gcc-14.2.0/release/release_new/new.10/include/GenFit:/cvmfs/sphenix.sdcc.bnl.gov/alma9.2-gcc-14.2.0/release/release_new/new.10/include/prototype4:/cvmfs/sphenix.sdcc.bnl.gov/alma9.2-gcc-14.2.0/release/release_new/new.10/include/caloembedding:/cvmfs/sphenix.sdcc.bnl.gov/alma9.2-gcc-14.2.0/release/release_new/new.10/include/EvtGenModels:/cvmfs/sphenix.sdcc.bnl.gov/alma9.2-gcc-14.2.0/release/release_new/new.10/include/fastjet:/cvmfs/sphenix.sdcc.bnl.gov/alma9.2-gcc-14.2.0/release/release_new/new.10/include/DDG4:/cvmfs/sphenix.sdcc.bnl.gov/alma9.2-gcc-14.2.0/release/release_new/new.10/include/mbd:/cvmfs/sphenix.sdcc.bnl.gov/alma9.2-gcc-14.2.0/release/release_new/new.10/include/tbb:/cvmfs/sphenix.sdcc.bnl.gov/alma9.2-gcc-14.2.0/release/release_new/new.10/include/phgeom:/cvmfs/sphenix.sdcc.bnl.gov/alma9.2-gcc-14.2.0/release/release_new/new.10/include/g4epd:/cvmfs/sphenix.sdcc.bnl.gov/alma9.2-gcc-14.2.0/release/release_new/new.10/include/oncal:/cvmfs/sphenix.sdcc.bnl.gov/alma9.2-gcc-14.2.0/release/release_new/new.10/include/pybind11:/cvmfs/sphenix.sdcc.bnl.gov/alma9.2-gcc-14.2.0/release/release_new/new.10/include/tpcdistgenerator:/cvmfs/sphenix.sdcc.bnl.gov/alma9.2-gcc-14.2.0/release/release_new/new.10/include/cdbobjects:/cvmfs/sphenix.sdcc.bnl.gov/alma9.2-gcc-14.2.0/release/release_new/new.10/include/g4micromegas:/cvmfs/sphenix.sdcc.bnl.gov/alma9.2-gcc-14.2.0/release/release_new/new.10/include/g4eval:/cvmfs/sphenix.sdcc.bnl.gov/alma9.2-gcc-14.2.0/release/release_new/new.10/include/jetbackground:/cvmfs/sphenix.sdcc.bnl.gov/alma9.2-gcc-14.2.0/release/release_new/new.10/include/micromegas:/cvmfs/sphenix.sdcc.bnl.gov/alma9.2-gcc-14.2.0/release/release_new/new.10/include/hftrackefficiency:/cvmfs/sphenix.sdcc.bnl.gov/alma9.2-gcc-14.2.0/release/release_new/new.10/include/inttrawhitqa:/cvmfs/sphenix.sdcc.bnl.gov/alma9.2-gcc-14.2.0/release/release_new/new.10/include/centrality:/cvmfs/sphenix.sdcc.bnl.gov/alma9.2-gcc-14.2.0/release/release_new/new.10/include/epd:/cvmfs/sphenix.sdcc.bnl.gov/alma9.2-gcc-14.2.0/release/release_new/new.10/include/caloreco:/cvmfs/sphenix.sdcc.bnl.gov/alma9.2-gcc-14.2.0/release/release_new/new.10/include/HepMC:/cvmfs/sphenix.sdcc.bnl.gov/alma9.2-gcc-14.2.0/release/release_new/new.10/include/CLHEP:/cvmfs/sphenix.sdcc.bnl.gov/alma9.2-gcc-14.2.0/release/release_new/new.10/include/Acts:/cvmfs/sphenix.sdcc.bnl.gov/alma9.2-gcc-14.2.0/release/release_new/new.10/include/g4histos:/cvmfs/sphenix.sdcc.bnl.gov/alma9.2-gcc-14.2.0/release/release_new/new.10/include/eventplaneinfo:/cvmfs/sphenix.sdcc.bnl.gov/alma9.2-gcc-14.2.0/release/release_new/new.10/include/fillspacechargemaps:/cvmfs/sphenix.sdcc.bnl.gov/alma9.2-gcc-14.2.0/release/release_new/new.10/include/phhepmc:/cvmfs/sphenix.sdcc.bnl.gov/alma9.2-gcc-14.2.0/release/release_new/new.10/include/trackingqa:/cvmfs/sphenix.sdcc.bnl.gov/alma9.2-gcc-14.2.0/release/release_new/new.10/include/qautils:/cvmfs/sphenix.sdcc.bnl.gov/alma9.2-gcc-14.2.0/release/release_new/new.10/include/trackreco:/cvmfs/sphenix.sdcc.bnl.gov/alma9.2-gcc-14.2.0/release/release_new/new.10/include/g4ohcal:/cvmfs/sphenix.sdcc.bnl.gov/alma9.2-gcc-14.2.0/release/release_new/new.10/include/tpcdvcalib:/cvmfs/sphenix.sdcc.bnl.gov/alma9.2-gcc-14.2.0/release/release_new/new.10/include/zdcinfo:/cvmfs/sphenix.sdcc.bnl.gov/alma9.2-gcc-14.2.0/release/release_new/new.10/include/phpythia8:/cvmfs/sphenix.sdcc.bnl.gov/alma9.2-gcc-14.2.0/release/release_new/new.10/include/fun4allutils:/cvmfs/sphenix.sdcc.bnl.gov/alma9.2-gcc-14.2.0/release/release_new/new.10/include/tpcqa:/cvmfs/sphenix.sdcc.bnl.gov/alma9.2-gcc-14.2.0/release/release_new/new.10/include/Pythia8:/cvmfs/sphenix.sdcc.bnl.gov/alma9.2-gcc-14.2.0/release/release_new/new.10/include/DDRec:/cvmfs/sphenix.sdcc.bnl.gov/alma9.2-gcc-14.2.0/release/release_new/new.10/include/DDDigi:/cvmfs/sphenix.sdcc.bnl.gov/alma9.2-gcc-14.2.0/release/release_new/new.10/include/g4ihcal:/cvmfs/sphenix.sdcc.bnl.gov/alma9.2-gcc-14.2.0/release/release_new/new.10/include/frog:/cvmfs/sphenix.sdcc.bnl.gov/alma9.2-gcc-14.2.0/release/release_new/new.10/include/eigen3:/cvmfs/sphenix.sdcc.bnl.gov/alma9.2-gcc-14.2.0/release/release_new/new.10/include/tensorpipe:/cvmfs/sphenix.sdcc.bnl.gov/alma9.2-gcc-14.2.0/release/release_new/new.10/include/sphenixnpc:/cvmfs/sphenix.sdcc.bnl.gov/alma9.2-gcc-14.2.0/release/release_new/new.10/include/siscone:/cvmfs/sphenix.sdcc.bnl.gov/alma9.2-gcc-14.2.0/release/release_new/new.10/include/pmonitor:/cvmfs/sphenix.sdcc.bnl.gov/alma9.2-gcc-14.2.0/release/release_new/new.10/include/calobase:/cvmfs/sphenix.sdcc.bnl.gov/alma9.2-gcc-14.2.0/release/release_new/new.10/include/ActsExamples:/cvmfs/sphenix.sdcc.bnl.gov/alma9.2-gcc-14.2.0/release/release_new/new.10/include/g4gdml:/cvmfs/sphenix.sdcc.bnl.gov/alma9.2-gcc-14.2.0/release/release_new/new.10/include/mvtx_decoder:/cvmfs/sphenix.sdcc.bnl.gov/alma9.2-gcc-14.2.0/release/release_new/new.10/include/ROOT:/cvmfs/sphenix.sdcc.bnl.gov/alma9.2-gcc-14.2.0/release/release_new/new.10/include/phparameter:/cvmfs/sphenix.sdcc.bnl.gov/alma9.2-gcc-14.2.0/release/release_new/new.10/include/rsa:/cvmfs/sphenix.sdcc.bnl.gov/alma9.2-gcc-14.2.0/release/release_new/new.10/include/fun4allraw:/cvmfs/sphenix.sdcc.bnl.gov/alma9.2-gcc-14.2.0/release/release_new/new.10/include/trackbase_historic:/cvmfs/sphenix.sdcc.bnl.gov/alma9.2-gcc-14.2.0/release/release_new/new.10/include/g4jets:/cvmfs/sphenix.sdcc.bnl.gov/alma9.2-gcc-14.2.0/release/release_new/new.10/include/jetqa:/cvmfs/sphenix.sdcc.bnl.gov/alma9.2-gcc-14.2.0/release/release_new/new.10/include/phoolraw:/cvmfs/sphenix.sdcc.bnl.gov/alma9.2-gcc-14.2.0/release/release_new/new.10/include/g4calo:/cvmfs/sphenix.sdcc.bnl.gov/alma9.2-gcc-14.2.0/release/release_new/new.10/include/mvtxrawhitqa:/cvmfs/sphenix.sdcc.bnl.gov/alma9.2-gcc-14.2.0/release/release_new/new.10/include/HepMC3:/cvmfs/sphenix.sdcc.bnl.gov/alma9.2-gcc-14.2.0/release/release_new/new.10/include/calowaveformsim:/cvmfs/sphenix.sdcc.bnl.gov/alma9.2-gcc-14.2.0/release/release_new/new.10/include/g4caloprototype:/cvmfs/sphenix.sdcc.bnl.gov/alma9.2-gcc-14.2.0/release/release_new/new.10/include/pdbcalbase:/cvmfs/sphenix.sdcc.bnl.gov/alma9.2-gcc-14.2.0/release/release_new/new.10/include/gsl:/cvmfs/sphenix.sdcc.bnl.gov/alma9.2-gcc-14.2.0/release/release_new/new.10/include/nodedump:/cvmfs/sphenix.sdcc.bnl.gov/alma9.2-gcc-14.2.0/release/release_new/new.10/include/emcnoisytowerfinder:/cvmfs/sphenix.sdcc.bnl.gov/alma9.2-gcc-14.2.0/release/release_new/new.10/include/ActsFatras:/cvmfs/sphenix.sdcc.bnl.gov/alma9.2-gcc-14.2.0/release/release_new/new.10/include/ffarawmodules:/cvmfs/sphenix.sdcc.bnl.gov/alma9.2-gcc-14.2.0/release/release_new/new.10/include/Event:/cvmfs/sphenix.sdcc.bnl.gov/alma9.2-gcc-14.2.0/release/release_new/new.10/include/prototype3:/cvmfs/sphenix.sdcc.bnl.gov/alma9.2-gcc-14.2.0/release/release_new/new.10/include/fermimotionafterburner:/cvmfs/sphenix.sdcc.bnl.gov/alma9.2-gcc-14.2.0/release/release_new/new.10/include/Photos:/cvmfs/sphenix.sdcc.bnl.gov/alma9.2-gcc-14.2.0/release/release_new/new.10/include/xingshiftcal:/cvmfs/sphenix.sdcc.bnl.gov/alma9.2-gcc-14.2.0/release/release_new/new.10/include/trackbase:/cvmfs/sphenix.sdcc.bnl.gov/alma9.2-gcc-14.2.0/release/release_new/new.10/include/jetdstskimmer:/cvmfs/sphenix.sdcc.bnl.gov/alma9.2-gcc-14.2.0/release/release_new/new.10/include/clusteriso:/cvmfs/sphenix.sdcc.bnl.gov/alma9.2-gcc-14.2.0/release/release_new/new.10/include/asmjit:/cvmfs/sphenix.sdcc.bnl.gov/alma9.2-gcc-14.2.0/release/release_new/new.10/include/particleflowreco:/cvmfs/sphenix.sdcc.bnl.gov/alma9.2-gcc-14.2.0/release/release_new/new.10/include/tpchittrackdisplay:/cvmfs/sphenix.sdcc.bnl.gov/alma9.2-gcc-14.2.0/release/release_new/new.10/include/caloana:/cvmfs/sphenix.sdcc.bnl.gov/alma9.2-gcc-14.2.0/release/release_new/new.10/include/calotrigger:/cvmfs/sphenix.sdcc.bnl.gov/alma9.2-gcc-14.2.0/release/release_new/new.10/include/nopayloadclient:/cvmfs/sphenix.sdcc.bnl.gov/alma9.2-gcc-14.2.0/release/release_new/new.10/include/trackermillepedealignment:/cvmfs/sphenix.sdcc.bnl.gov/alma9.2-gcc-14.2.0/release/release_new/new.10/include/DD4hep:/cvmfs/sphenix.sdcc.bnl.gov/alma9.2-gcc-14.2.0/release/release_new/new.10/include/g4trackfastsim:/cvmfs/sphenix.sdcc.bnl.gov/alma9.2-gcc-14.2.0/release/release_new/new.10/include/prototype2:/cvmfs/sphenix.sdcc.bnl.gov/alma9.2-gcc-14.2.0/release/release_new/new.10/include/ATen:/cvmfs/sphenix.sdcc.bnl.gov/alma9.2-gcc-14.2.0/release/release_new/new.10/include/g4main:/cvmfs/sphenix.sdcc.bnl.gov/alma9.2-gcc-14.2.0/release/release_new/new.10/include/Tauola:/cvmfs/sphenix.sdcc.bnl.gov/alma9.2-gcc-14.2.0/release/release_new/new.10/include/inttcalib:/cvmfs/sphenix.sdcc.bnl.gov/alma9.2-gcc-14.2.0/release/release_new/new.10/include/reactionplaneafterburner:/cvmfs/sphenix.sdcc.bnl.gov/alma9.2-gcc-14.2.0/release/release_new/new.10/include/globalqa:/cvmfs/sphenix.sdcc.bnl.gov/alma9.2-gcc-14.2.0/release/release_new/new.10/include/tpccalib:/cvmfs/sphenix.sdcc.bnl.gov/alma9.2-gcc-14.2.0/release/release_new/new.10/include/DDSegmentation:/cvmfs/sphenix.sdcc.bnl.gov/alma9.2-gcc-14.2.0/release/release_new/new.10/include/decayfinder:/cvmfs/sphenix.sdcc.bnl.gov/alma9.2-gcc-14.2.0/release/release_new/new.10/include/compressclus:/cvmfs/sphenix.sdcc.bnl.gov/alma9.2-gcc-14.2.0/release/release_new/new.10/include/simqa_modules:/cvmfs/sphenix.sdcc.bnl.gov/alma9.2-gcc-14.2.0/release/release_new/new.10/include/resonancejettagging:/cvmfs/sphenix.sdcc.bnl.gov/alma9.2-gcc-14.2.0/release/release_new/new.10/include/g4centrality:/cvmfs/sphenix.sdcc.bnl.gov/alma9.2-gcc-14.2.0/release/release_new/new.10/include/mvtx:/cvmfs/sphenix.sdcc.bnl.gov/alma9.2-gcc-14.2.0/release/release_new/new.10/include/nlohmann:/cvmfs/sphenix.sdcc.bnl.gov/alma9.2-gcc-14.2.0/release/release_new/new.10/include/localpoloffmon:/cvmfs/sphenix.sdcc.bnl.gov/alma9.2-gcc-14.2.0/release/release_new/new.10/include/DDEve:/cvmfs/sphenix.sdcc.bnl.gov/alma9.2-gcc-14.2.0/release/release_new/new.10/include/Parsers:/cvmfs/sphenix.sdcc.bnl.gov/alma9.2-gcc-14.2.0/release/release_new/new.10/include/trackingdiagnostics:/cvmfs/sphenix.sdcc.bnl.gov/alma9.2-gcc-14.2.0/release/release_new/new.10/include/g4vertex:/cvmfs/sphenix.sdcc.bnl.gov/alma9.2-gcc-14.2.0/release/release_new/new.10/include/jetbase:/cvmfs/sphenix.sdcc.bnl.gov/alma9.2-gcc-14.2.0/release/release_new/new.10/include/globalvertex:/cvmfs/sphenix.sdcc.bnl.gov/alma9.2-gcc-14.2.0/release/release_new/new.10/include/phgenfit:/cvmfs/sphenix.sdcc.bnl.gov/alma9.2-gcc-14.2.0/release/release_new/new.10/include/rawbcolumi:/cvmfs/sphenix.sdcc.bnl.gov/alma9.2-gcc-14.2.0/release/release_new/new.10/include/eicsmear:/cvmfs/sphenix.sdcc.bnl.gov/alma9.2-gcc-14.2.0/release/release_new/new.10/include/mvtxcalib:/cvmfs/sphenix.sdcc.bnl.gov/alma9.2-gcc-14.2.0/release/release_new/new.10/include/tpclinelaserdiode:/cvmfs/sphenix.sdcc.bnl.gov/alma9.2-gcc-14.2.0/release/release_new/new.10/include/hepmcjettrigger:/cvmfs/sphenix.sdcc.bnl.gov/alma9.2-gcc-14.2.0/release/release_new/new.10/include/core:/cvmfs/sphenix.sdcc.bnl.gov/alma9.2-gcc-14.2.0/release/release_new/new.10/include/calo_cdb:/cvmfs/sphenix.sdcc.bnl.gov/alma9.2-gcc-14.2.0/release/release_new/new.10/include/mvtxclustershapesqa:/cvmfs/sphenix.sdcc.bnl.gov/alma9.2-gcc-14.2.0/release/release_new/new.10/include/calopacketskimmer:/cvmfs/sphenix.sdcc.bnl.gov/alma9.2-gcc-14.2.0/opt/sphenix/core/geant4.10.07.p04/include:/cvmfs/sphenix.sdcc.bnl.gov/alma9.2-gcc-14.2.0/release/release_new/new.10/rootmacros:/cvmfs/sphenix.sdcc.bnl.gov/alma9.2-gcc-14.2.0/opt/sphenix/core/include
GSEARCHPATH=.:PG:LUSTRE:RAWDATA
PWD=/gpfs/mnt/gpfs02/sphenix/user/samfred/run25/ppg11/histmaking
LOGNAME=samfred
_CONDOR_ANCESTOR_322519=322554:1756523321:1732270408
_CONDOR_JOB_AD=/home/condor/local/sphnx/execute/dir_1852994/.job.ad
MANPATH=/cvmfs/sphenix.sdcc.bnl.gov/alma9.2-gcc-14.2.0/opt/sphenix/core/gcc/14.2.0-2f0a0/x86_64-el9/share/man:/cvmfs/sphenix.sdcc.bnl.gov/alma9.2-gcc-14.2.0/opt/sphenix/core/binutils/2.40-acaab/x86_64-el9/share/man:/cvmfs/sphenix.sdcc.bnl.gov/alma9.2-gcc-14.2.0/release/release_new/new.10/share/man:/cvmfs/sphenix.sdcc.bnl.gov/alma9.2-gcc-14.2.0/opt/sphenix/utils/share/man:/cvmfs/sphenix.sdcc.bnl.gov/alma9.2-gcc-14.2.0/opt/sphenix/core/share/man:/cvmfs/sphenix.sdcc.bnl.gov/alma9.2-gcc-14.2.0/opt/sphenix/core/root-6.32.06/man:/usr/local/share/man:/usr/share/man
PYTHIA8=/cvmfs/sphenix.sdcc.bnl.gov/alma9.2-gcc-14.2.0/release/release_new/new.10/share/Pythia8
G4INCLDATA=/cvmfs/sphenix.sdcc.bnl.gov/alma9.2-gcc-14.2.0/opt/sphenix/core/geant4.10.07.p04/share/Geant4-10.7.4/data/G4INCL1.0
ORIG_PATH=/usr/local/bin:/usr/bin
CXX=/cvmfs/sphenix.sdcc.bnl.gov/alma9.2-gcc-14.2.0/opt/sphenix/core/gcc/14.2.0-2f0a0/x86_64-el9/bin/g++
G4LEDATA=/cvmfs/sphenix.sdcc.bnl.gov/alma9.2-gcc-14.2.0/opt/sphenix/core/geant4.10.07.p04/share/Geant4-10.7.4/data/G4EMLOW7.13
PYTHON_CPU_COUNT=1
OPENBLAS_NUM_THREADS=1
_CONDOR_BIN=/usr/bin
HOME=/sphenix/u/samfred
G4PARTICLEXSDATA=/cvmfs/sphenix.sdcc.bnl.gov/alma9.2-gcc-14.2.0/opt/sphenix/core/geant4.10.07.p04/share/Geant4-10.7.4/data/G4PARTICLEXS3.1.1
ONLINE_MAIN=/cvmfs/sphenix.sdcc.bnl.gov/alma9.2-gcc-14.2.0/release/release_new/new.10
CALIBRATIONROOT=/cvmfs/sphenix.sdcc.bnl.gov/alma9.2-gcc-14.2.0/release/release_new/new.10/share/calibrations
TMPDIR=/tmp
_CONDOR_SCRATCH_DIR=/home/condor/local/sphnx/execute/dir_1852994
PGUSER=phnxrc
NOPAYLOADCLIENT_CONF=/cvmfs/sphenix.sdcc.bnl.gov/alma9.2-gcc-14.2.0/opt/sphenix/core/etc/sPHENIX_newcdb.json
XERCESCROOT=/cvmfs/sphenix.sdcc.bnl.gov/alma9.2-gcc-14.2.0/opt/sphenix/core/geant4.10.07.p04
LHAPATH=/cvmfs/sphenix.sdcc.bnl.gov/alma9.2-gcc-14.2.0/opt/sphenix/core/lhapdf-5.9.1/share/lhapdf/PDFsets
G4NEUTRONHPDATA=/cvmfs/sphenix.sdcc.bnl.gov/alma9.2-gcc-14.2.0/opt/sphenix/core/geant4.10.07.p04/share/Geant4-10.7.4/data/G4NDL4.6
PYTHONPATH=.:/cvmfs/sphenix.sdcc.bnl.gov/alma9.2-gcc-14.2.0/release/release_new/new.10/lib/python3.13/site-packages:/cvmfs/sphenix.sdcc.bnl.gov/alma9.2-gcc-14.2.0/opt/sphenix/core/lib/python3.13/site-packages:/cvmfs/sphenix.sdcc.bnl.gov/alma9.2-gcc-14.2.0/opt/sphenix/core/root-6.32.06/lib
USER=samfred
_CONDOR_JOB_PIDS=
_CONDOR_ANCESTOR_1852994=1857624:1759352757:1051087732
TEMP=/tmp
GOMAXPROCS=1
OFFLINE_MAIN=/cvmfs/sphenix.sdcc.bnl.gov/alma9.2-gcc-14.2.0/release/release_new/new.10
SHLVL=1
TF_NUM_THREADS=1
G4SAIDXSDATA=/cvmfs/sphenix.sdcc.bnl.gov/alma9.2-gcc-14.2.0/opt/sphenix/core/geant4.10.07.p04/share/Geant4-10.7.4/data/G4SAIDDATA2.0
APPTAINER_CACHEDIR=/home/condor/local/sphnx/execute/dir_1852994
ROOTSYS=/cvmfs/sphenix.sdcc.bnl.gov/alma9.2-gcc-14.2.0/opt/sphenix/core/root-6.32.06
BATCH_SYSTEM=HTCondor
_CONDOR_SLOT=slot1_63
LD_LIBRARY_PATH=/sphenix/user/samfred/run25/install//lib:/cvmfs/sphenix.sdcc.bnl.gov/alma9.2-gcc-14.2.0/opt/sphenix/core/gcc/14.2.0-2f0a0/x86_64-el9/lib:/cvmfs/sphenix.sdcc.bnl.gov/alma9.2-gcc-14.2.0/opt/sphenix/core/gcc/14.2.0-2f0a0/x86_64-el9/lib64:/cvmfs/sphenix.sdcc.bnl.gov/alma9.2-gcc-14.2.0/opt/sphenix/core/binutils/2.40-acaab/x86_64-el9/lib:.:/cvmfs/sphenix.sdcc.bnl.gov/alma9.2-gcc-14.2.0/release/release_new/new.10/lib64:/cvmfs/sphenix.sdcc.bnl.gov/alma9.2-gcc-14.2.0/release/release_new/new.10/lib:/cvmfs/sphenix.sdcc.bnl.gov/alma9.2-gcc-14.2.0/opt/sphenix/utils/lib:/cvmfs/sphenix.sdcc.bnl.gov/alma9.2-gcc-14.2.0/opt/sphenix/core/lib:/cvmfs/sphenix.sdcc.bnl.gov/alma9.2-gcc-14.2.0/opt/sphenix/core/root-6.32.06/lib:/cvmfs/sphenix.sdcc.bnl.gov/alma9.2-gcc-14.2.0/opt/sphenix/core/geant4.10.07.p04/lib64:/cvmfs/sphenix.sdcc.bnl.gov/alma9.2-gcc-14.2.0/opt/sphenix/core/lhapdf-5.9.1/lib:/usr/local/lib64:/usr/lib64
OPT_SPHENIX=/cvmfs/sphenix.sdcc.bnl.gov/alma9.2-gcc-14.2.0/opt/sphenix/core
TF_LOOP_PARALLEL_ITERATIONS=1
EVT_LIB=/cvmfs/sphenix.sdcc.bnl.gov/alma9.2-gcc-14.2.0/opt/sphenix/core/root-6.32.06/lib
PGHOST=sphnxdbmaster.sdcc.bnl.gov
OMP_NUM_THREADS=1
G4REALSURFACEDATA=/cvmfs/sphenix.sdcc.bnl.gov/alma9.2-gcc-14.2.0/opt/sphenix/core/geant4.10.07.p04/share/Geant4-10.7.4/data/RealSurface2.2
FC=/cvmfs/sphenix.sdcc.bnl.gov/alma9.2-gcc-14.2.0/opt/sphenix/core/gcc/14.2.0-2f0a0/x86_64-el9/bin/gfortran
G4ABLADATA=/cvmfs/sphenix.sdcc.bnl.gov/alma9.2-gcc-14.2.0/opt/sphenix/core/geant4.10.07.p04/share/Geant4-10.7.4/data/G4ABLA3.1
_CONDOR_ANCESTOR_322554=1852994:1759352757:2898598015
PARASOFT=doesnotexist
TMP=/tmp
OPT_UTILS=/cvmfs/sphenix.sdcc.bnl.gov/alma9.2-gcc-14.2.0/opt/sphenix/utils
CONFIG_SITE=/cvmfs/sphenix.sdcc.bnl.gov/alma9.2-gcc-14.2.0/opt/sphenix/core/etc/config.site
PATH=/sphenix/user/samfred/run25/install//bin:/cvmfs/sphenix.sdcc.bnl.gov/alma9.2-gcc-14.2.0/opt/sphenix/core/gcc/14.2.0-2f0a0/x86_64-el9/bin:/cvmfs/sphenix.sdcc.bnl.gov/alma9.2-gcc-14.2.0/opt/sphenix/core/binutils/2.40-acaab/x86_64-el9/bin:.:/cvmfs/sphenix.sdcc.bnl.gov/alma9.2-gcc-14.2.0/release/release_new/new.10/bin:/cvmfs/sphenix.sdcc.bnl.gov/alma9.2-gcc-14.2.0/opt/sphenix/utils/bin:/cvmfs/sphenix.sdcc.bnl.gov/alma9.2-gcc-14.2.0/opt/sphenix/core/bin:/cvmfs/sphenix.sdcc.bnl.gov/alma9.2-gcc-14.2.0/opt/sphenix/core/root-6.32.06/bin:/cvmfs/sphenix.sdcc.bnl.gov/alma9.2-gcc-14.2.0/opt/sphenix/core/geant4.10.07.p04/bin:/usr/local/bin:/usr/bin:/usr/local/sbin:/usr/sbin
G4LEVELGAMMADATA=/cvmfs/sphenix.sdcc.bnl.gov/alma9.2-gcc-14.2.0/opt/sphenix/core/geant4.10.07.p04/share/Geant4-10.7.4/data/PhotonEvaporation5.7
CC=/cvmfs/sphenix.sdcc.bnl.gov/alma9.2-gcc-14.2.0/opt/sphenix/core/gcc/14.2.0-2f0a0/x86_64-el9/bin/gcc
G4RADIOACTIVEDATA=/cvmfs/sphenix.sdcc.bnl.gov/alma9.2-gcc-14.2.0/opt/sphenix/core/geant4.10.07.p04/share/Geant4-10.7.4/data/RadioactiveDecay5.6
JULIA_NUM_THREADS=1
MKL_NUM_THREADS=1
LHAPDF_DATA_PATH=/cvmfs/sphenix.sdcc.bnl.gov/alma9.2-gcc-14.2.0/release/release_new/new.10/share/LHAPDF
XPLOAD_CONFIG_DIR=/cvmfs/sphenix.sdcc.bnl.gov/alma9.2-gcc-14.2.0/opt/sphenix/core/etc
OLDPWD=/cvmfs/sphenix.sdcc.bnl.gov/alma9.2-gcc-14.2.0/release/release_new/new.10/geant4
_=/usr/bin/printenv
runnumber...
53555
trigger...

   ------------------------------------------------------------------
  | Welcome to ROOT 6.32.06                        https://root.cern |
  | (c) 1995-2024, The ROOT Team; conception: R. Brun, F. Rademakers |
  | Built for linuxx8664gcc on Dec 13 2024, 17:23:48                 |
  | From tags/6-32-06@6-32-06                                        |
  | With g++ (GCC) 14.2.0                                            |
  | Try '.help'/'.?', '.demo', '.license', '.credits', '.quit'/'.q'  |
   ------------------------------------------------------------------


Processing data_histmaker.C(53555)...
entry 1000/2005904 (0.0498528%)
entry 3000/2005904 (0.149559%)
entry 4000/2005904 (0.199411%)
entry 5000/2005904 (0.249264%)
entry 6000/2005904 (0.299117%)
entry 7000/2005904 (0.34897%)
entry 8000/2005904 (0.398823%)
entry 12000/2005904 (0.598234%)
entry 13000/2005904 (0.648087%)
entry 14000/2005904 (0.69794%)
entry 15000/2005904 (0.747793%)
entry 17000/2005904 (0.847498%)
entry 19000/2005904 (0.947204%)
entry 20000/2005904 (0.997057%)
entry 21000/2005904 (1.04691%)
entry 23000/2005904 (1.14662%)
entry 24000/2005904 (1.19647%)
entry 25000/2005904 (1.24632%)
entry 27000/2005904 (1.34603%)
entry 29000/2005904 (1.44573%)
entry 30000/2005904 (1.49559%)
entry 31000/2005904 (1.54544%)
entry 32000/2005904 (1.59529%)
entry 34000/2005904 (1.695%)
entry 35000/2005904 (1.74485%)
entry 37000/2005904 (1.84455%)
entry 38000/2005904 (1.89441%)
entry 39000/2005904 (1.94426%)
entry 40000/2005904 (1.99411%)
entry 44000/2005904 (2.19352%)
entry 45000/2005904 (2.24338%)
entry 48000/2005904 (2.39294%)
entry 49000/2005904 (2.44279%)
entry 50000/2005904 (2.49264%)
entry 51000/2005904 (2.54249%)
entry 53000/2005904 (2.6422%)
entry 54000/2005904 (2.69205%)
entry 55000/2005904 (2.74191%)
entry 57000/2005904 (2.84161%)
entry 60000/2005904 (2.99117%)
entry 61000/2005904 (3.04102%)
entry 63000/2005904 (3.14073%)
entry 65000/2005904 (3.24043%)
entry 71000/2005904 (3.53955%)
entry 77000/2005904 (3.83867%)
entry 78000/2005904 (3.88852%)
entry 79000/2005904 (3.93837%)
entry 80000/2005904 (3.98823%)
entry 81000/2005904 (4.03808%)
entry 82000/2005904 (4.08793%)
entry 84000/2005904 (4.18764%)
entry 86000/2005904 (4.28734%)
entry 90000/2005904 (4.48676%)
entry 91000/2005904 (4.53661%)
entry 92000/2005904 (4.58646%)
entry 94000/2005904 (4.68617%)
entry 95000/2005904 (4.73602%)
entry 97000/2005904 (4.83572%)
entry 99000/2005904 (4.93543%)
entry 100000/2005904 (4.98528%)
entry 101000/2005904 (5.03514%)
entry 102000/2005904 (5.08499%)
entry 103000/2005904 (5.13484%)
entry 105000/2005904 (5.23455%)
entry 106000/2005904 (5.2844%)
entry 107000/2005904 (5.33425%)
entry 108000/2005904 (5.38411%)
entry 109000/2005904 (5.43396%)
entry 110000/2005904 (5.48381%)
entry 111000/2005904 (5.53366%)
entry 112000/2005904 (5.58352%)
entry 115000/2005904 (5.73308%)
entry 116000/2005904 (5.78293%)
entry 119000/2005904 (5.93249%)
entry 121000/2005904 (6.03219%)
entry 122000/2005904 (6.08205%)
entry 123000/2005904 (6.1319%)
entry 124000/2005904 (6.18175%)
entry 126000/2005904 (6.28146%)
entry 127000/2005904 (6.33131%)
entry 128000/2005904 (6.38116%)
entry 129000/2005904 (6.43102%)
entry 131000/2005904 (6.53072%)
entry 132000/2005904 (6.58057%)
entry 133000/2005904 (6.63043%)
entry 134000/2005904 (6.68028%)
entry 136000/2005904 (6.77999%)
entry 138000/2005904 (6.87969%)
entry 139000/2005904 (6.92954%)
entry 141000/2005904 (7.02925%)
entry 142000/2005904 (7.0791%)
entry 144000/2005904 (7.17881%)
entry 145000/2005904 (7.22866%)
entry 146000/2005904 (7.27851%)
entry 148000/2005904 (7.37822%)
entry 149000/2005904 (7.42807%)
entry 150000/2005904 (7.47792%)
entry 152000/2005904 (7.57763%)
entry 153000/2005904 (7.62748%)
entry 156000/2005904 (7.77704%)
entry 157000/2005904 (7.8269%)
entry 159000/2005904 (7.9266%)
entry 161000/2005904 (8.02631%)
entry 166000/2005904 (8.27557%)
entry 168000/2005904 (8.37528%)
entry 169000/2005904 (8.42513%)
entry 170000/2005904 (8.47498%)
entry 171000/2005904 (8.52483%)
entry 172000/2005904 (8.57469%)
entry 173000/2005904 (8.62454%)
entry 174000/2005904 (8.67439%)
entry 177000/2005904 (8.82395%)
entry 179000/2005904 (8.92366%)
entry 181000/2005904 (9.02336%)
entry 182000/2005904 (9.07322%)
entry 183000/2005904 (9.12307%)
entry 184000/2005904 (9.17292%)
entry 185000/2005904 (9.22277%)
entry 186000/2005904 (9.27263%)
entry 191000/2005904 (9.52189%)
entry 192000/2005904 (9.57174%)
entry 193000/2005904 (9.6216%)
entry 194000/2005904 (9.67145%)
entry 198000/2005904 (9.87086%)
entry 199000/2005904 (9.92071%)
entry 200000/2005904 (9.97057%)
entry 201000/2005904 (10.0204%)
entry 203000/2005904 (10.1201%)
entry 205000/2005904 (10.2198%)
entry 207000/2005904 (10.3195%)
entry 208000/2005904 (10.3694%)
entry 212000/2005904 (10.5688%)
entry 213000/2005904 (10.6187%)
entry 215000/2005904 (10.7184%)
entry 216000/2005904 (10.7682%)
entry 217000/2005904 (10.8181%)
entry 218000/2005904 (10.8679%)
entry 221000/2005904 (11.0175%)
entry 223000/2005904 (11.1172%)
entry 224000/2005904 (11.167%)
entry 225000/2005904 (11.2169%)
entry 227000/2005904 (11.3166%)
entry 228000/2005904 (11.3664%)
entry 229000/2005904 (11.4163%)
entry 231000/2005904 (11.516%)
entry 234000/2005904 (11.6656%)
entry 236000/2005904 (11.7653%)
entry 237000/2005904 (11.8151%)
entry 238000/2005904 (11.865%)
entry 241000/2005904 (12.0145%)
entry 242000/2005904 (12.0644%)
entry 244000/2005904 (12.1641%)
entry 245000/2005904 (12.2139%)
entry 246000/2005904 (12.2638%)
entry 247000/2005904 (12.3136%)
entry 248000/2005904 (12.3635%)
entry 249000/2005904 (12.4134%)
entry 250000/2005904 (12.4632%)
entry 252000/2005904 (12.5629%)
entry 254000/2005904 (12.6626%)
entry 255000/2005904 (12.7125%)
entry 256000/2005904 (12.7623%)
entry 257000/2005904 (12.8122%)
entry 258000/2005904 (12.862%)
entry 259000/2005904 (12.9119%)
entry 261000/2005904 (13.0116%)
entry 262000/2005904 (13.0614%)
entry 263000/2005904 (13.1113%)
entry 264000/2005904 (13.1611%)
entry 265000/2005904 (13.211%)
entry 266000/2005904 (13.2609%)
entry 267000/2005904 (13.3107%)
entry 268000/2005904 (13.3606%)
entry 270000/2005904 (13.4603%)
entry 271000/2005904 (13.5101%)
entry 272000/2005904 (13.56%)
entry 276000/2005904 (13.7594%)
entry 277000/2005904 (13.8092%)
entry 280000/2005904 (13.9588%)
entry 284000/2005904 (14.1582%)
entry 289000/2005904 (14.4075%)
entry 290000/2005904 (14.4573%)
entry 291000/2005904 (14.5072%)
entry 292000/2005904 (14.557%)
entry 293000/2005904 (14.6069%)
entry 295000/2005904 (14.7066%)
entry 297000/2005904 (14.8063%)
entry 298000/2005904 (14.8561%)
entry 301000/2005904 (15.0057%)
entry 304000/2005904 (15.1553%)
entry 305000/2005904 (15.2051%)
entry 307000/2005904 (15.3048%)
entry 308000/2005904 (15.3547%)
entry 309000/2005904 (15.4045%)
entry 311000/2005904 (15.5042%)
entry 312000/2005904 (15.5541%)
entry 314000/2005904 (15.6538%)
entry 315000/2005904 (15.7036%)
entry 317000/2005904 (15.8033%)
entry 319000/2005904 (15.9031%)
entry 320000/2005904 (15.9529%)
entry 324000/2005904 (16.1523%)
entry 325000/2005904 (16.2022%)
entry 327000/2005904 (16.3019%)
entry 329000/2005904 (16.4016%)
entry 330000/2005904 (16.4514%)
entry 331000/2005904 (16.5013%)
entry 333000/2005904 (16.601%)
entry 335000/2005904 (16.7007%)
entry 336000/2005904 (16.7506%)
entry 338000/2005904 (16.8503%)
entry 339000/2005904 (16.9001%)
entry 340000/2005904 (16.95%)
entry 342000/2005904 (17.0497%)
entry 343000/2005904 (17.0995%)
entry 345000/2005904 (17.1992%)
entry 346000/2005904 (17.2491%)
entry 347000/2005904 (17.2989%)
entry 348000/2005904 (17.3488%)
entry 349000/2005904 (17.3986%)
entry 351000/2005904 (17.4983%)
entry 352000/2005904 (17.5482%)
entry 353000/2005904 (17.5981%)
entry 354000/2005904 (17.6479%)
entry 357000/2005904 (17.7975%)
entry 358000/2005904 (17.8473%)
entry 359000/2005904 (17.8972%)
entry 362000/2005904 (18.0467%)
entry 367000/2005904 (18.296%)
entry 368000/2005904 (18.3458%)
entry 369000/2005904 (18.3957%)
entry 371000/2005904 (18.4954%)
entry 372000/2005904 (18.5453%)
entry 374000/2005904 (18.645%)
entry 375000/2005904 (18.6948%)
entry 376000/2005904 (18.7447%)
entry 378000/2005904 (18.8444%)
entry 379000/2005904 (18.8942%)
entry 380000/2005904 (18.9441%)
entry 381000/2005904 (18.9939%)
entry 384000/2005904 (19.1435%)
entry 386000/2005904 (19.2432%)
entry 388000/2005904 (19.3429%)
entry 391000/2005904 (19.4925%)
entry 393000/2005904 (19.5922%)
entry 395000/2005904 (19.6919%)
entry 396000/2005904 (19.7417%)
entry 397000/2005904 (19.7916%)
entry 399000/2005904 (19.8913%)
entry 400000/2005904 (19.9411%)
entry 402000/2005904 (20.0408%)
entry 404000/2005904 (20.1405%)
entry 405000/2005904 (20.1904%)
entry 407000/2005904 (20.2901%)
entry 408000/2005904 (20.34%)
entry 411000/2005904 (20.4895%)
entry 412000/2005904 (20.5394%)
entry 416000/2005904 (20.7388%)
entry 417000/2005904 (20.7886%)
entry 418000/2005904 (20.8385%)
entry 420000/2005904 (20.9382%)
entry 421000/2005904 (20.988%)
entry 423000/2005904 (21.0877%)
entry 424000/2005904 (21.1376%)
entry 425000/2005904 (21.1875%)
entry 426000/2005904 (21.2373%)
entry 427000/2005904 (21.2872%)
entry 429000/2005904 (21.3869%)
entry 430000/2005904 (21.4367%)
entry 432000/2005904 (21.5364%)
entry 433000/2005904 (21.5863%)
entry 434000/2005904 (21.6361%)
entry 435000/2005904 (21.686%)
entry 436000/2005904 (21.7358%)
entry 437000/2005904 (21.7857%)
entry 438000/2005904 (21.8355%)
entry 441000/2005904 (21.9851%)
entry 443000/2005904 (22.0848%)
entry 444000/2005904 (22.1347%)
entry 445000/2005904 (22.1845%)
entry 447000/2005904 (22.2842%)
entry 449000/2005904 (22.3839%)
entry 452000/2005904 (22.5335%)
entry 453000/2005904 (22.5833%)
entry 454000/2005904 (22.6332%)
entry 455000/2005904 (22.683%)
entry 456000/2005904 (22.7329%)
entry 457000/2005904 (22.7827%)
entry 458000/2005904 (22.8326%)
entry 460000/2005904 (22.9323%)
entry 461000/2005904 (22.9822%)
entry 463000/2005904 (23.0819%)
entry 464000/2005904 (23.1317%)
entry 465000/2005904 (23.1816%)
entry 466000/2005904 (23.2314%)
entry 469000/2005904 (23.381%)
entry 470000/2005904 (23.4308%)
entry 472000/2005904 (23.5305%)
entry 473000/2005904 (23.5804%)
entry 474000/2005904 (23.6302%)
entry 475000/2005904 (23.6801%)
entry 476000/2005904 (23.7299%)
entry 479000/2005904 (23.8795%)
entry 480000/2005904 (23.9294%)
entry 481000/2005904 (23.9792%)
entry 482000/2005904 (24.0291%)
entry 483000/2005904 (24.0789%)
entry 484000/2005904 (24.1288%)
entry 485000/2005904 (24.1786%)
entry 486000/2005904 (24.2285%)
entry 487000/2005904 (24.2783%)
entry 489000/2005904 (24.378%)
entry 490000/2005904 (24.4279%)
entry 491000/2005904 (24.4777%)
entry 493000/2005904 (24.5774%)
entry 494000/2005904 (24.6273%)
entry 495000/2005904 (24.6772%)
entry 496000/2005904 (24.727%)
entry 497000/2005904 (24.7769%)
entry 498000/2005904 (24.8267%)
entry 500000/2005904 (24.9264%)
entry 501000/2005904 (24.9763%)
entry 502000/2005904 (25.0261%)
entry 504000/2005904 (25.1258%)
entry 508000/2005904 (25.3252%)
entry 516000/2005904 (25.7241%)
entry 517000/2005904 (25.7739%)
entry 520000/2005904 (25.9235%)
entry 523000/2005904 (26.073%)
entry 524000/2005904 (26.1229%)
entry 528000/2005904 (26.3223%)
entry 529000/2005904 (26.3721%)
entry 531000/2005904 (26.4719%)
entry 532000/2005904 (26.5217%)
entry 533000/2005904 (26.5716%)
entry 534000/2005904 (26.6214%)
entry 535000/2005904 (26.6713%)
entry 537000/2005904 (26.771%)
entry 539000/2005904 (26.8707%)
entry 541000/2005904 (26.9704%)
entry 542000/2005904 (27.0202%)
entry 544000/2005904 (27.1199%)
entry 545000/2005904 (27.1698%)
entry 546000/2005904 (27.2196%)
entry 547000/2005904 (27.2695%)
entry 550000/2005904 (27.4191%)
entry 551000/2005904 (27.4689%)
entry 552000/2005904 (27.5188%)
entry 553000/2005904 (27.5686%)
entry 556000/2005904 (27.7182%)
entry 558000/2005904 (27.8179%)
entry 559000/2005904 (27.8677%)
entry 561000/2005904 (27.9674%)
entry 563000/2005904 (28.0671%)
entry 564000/2005904 (28.117%)
entry 570000/2005904 (28.4161%)
entry 572000/2005904 (28.5158%)
entry 573000/2005904 (28.5657%)
entry 575000/2005904 (28.6654%)
entry 576000/2005904 (28.7152%)
entry 577000/2005904 (28.7651%)
entry 578000/2005904 (28.8149%)
entry 579000/2005904 (28.8648%)
entry 580000/2005904 (28.9146%)
entry 582000/2005904 (29.0143%)
entry 583000/2005904 (29.0642%)
entry 588000/2005904 (29.3135%)
entry 590000/2005904 (29.4132%)
entry 591000/2005904 (29.463%)
entry 592000/2005904 (29.5129%)
entry 593000/2005904 (29.5627%)
entry 594000/2005904 (29.6126%)
entry 595000/2005904 (29.6624%)
entry 596000/2005904 (29.7123%)
entry 597000/2005904 (29.7621%)
entry 598000/2005904 (29.812%)
entry 603000/2005904 (30.0613%)
entry 604000/2005904 (30.1111%)
entry 605000/2005904 (30.161%)
entry 608000/2005904 (30.3105%)
entry 609000/2005904 (30.3604%)
entry 610000/2005904 (30.4102%)
entry 611000/2005904 (30.4601%)
entry 612000/2005904 (30.5099%)
entry 613000/2005904 (30.5598%)
entry 615000/2005904 (30.6595%)
entry 617000/2005904 (30.7592%)
entry 618000/2005904 (30.8091%)
entry 619000/2005904 (30.8589%)
entry 621000/2005904 (30.9586%)
entry 622000/2005904 (31.0085%)
entry 625000/2005904 (31.158%)
entry 626000/2005904 (31.2079%)
entry 629000/2005904 (31.3574%)
entry 630000/2005904 (31.4073%)
entry 631000/2005904 (31.4571%)
entry 632000/2005904 (31.507%)
entry 633000/2005904 (31.5568%)
entry 634000/2005904 (31.6067%)
entry 635000/2005904 (31.6565%)
entry 636000/2005904 (31.7064%)
entry 640000/2005904 (31.9058%)
entry 641000/2005904 (31.9557%)
entry 642000/2005904 (32.0055%)
entry 643000/2005904 (32.0554%)
entry 644000/2005904 (32.1052%)
entry 646000/2005904 (32.2049%)
entry 647000/2005904 (32.2548%)
entry 650000/2005904 (32.4043%)
entry 651000/2005904 (32.4542%)
entry 654000/2005904 (32.6038%)
entry 655000/2005904 (32.6536%)
entry 657000/2005904 (32.7533%)
entry 658000/2005904 (32.8032%)
entry 659000/2005904 (32.853%)
entry 661000/2005904 (32.9527%)
entry 662000/2005904 (33.0026%)
entry 663000/2005904 (33.0524%)
entry 664000/2005904 (33.1023%)
entry 665000/2005904 (33.1521%)
entry 666000/2005904 (33.202%)
entry 667000/2005904 (33.2518%)
entry 669000/2005904 (33.3515%)
entry 670000/2005904 (33.4014%)
entry 671000/2005904 (33.4513%)
entry 672000/2005904 (33.5011%)
entry 673000/2005904 (33.551%)
entry 677000/2005904 (33.7504%)
entry 679000/2005904 (33.8501%)
entry 682000/2005904 (33.9996%)
entry 683000/2005904 (34.0495%)
entry 684000/2005904 (34.0993%)
entry 686000/2005904 (34.199%)
entry 687000/2005904 (34.2489%)
entry 693000/2005904 (34.548%)
entry 694000/2005904 (34.5979%)
entry 695000/2005904 (34.6477%)
entry 696000/2005904 (34.6976%)
entry 697000/2005904 (34.7474%)
entry 698000/2005904 (34.7973%)
entry 699000/2005904 (34.8471%)
entry 700000/2005904 (34.897%)
entry 701000/2005904 (34.9468%)
entry 703000/2005904 (35.0465%)
entry 704000/2005904 (35.0964%)
entry 705000/2005904 (35.1462%)
entry 706000/2005904 (35.1961%)
entry 709000/2005904 (35.3457%)
entry 710000/2005904 (35.3955%)
entry 711000/2005904 (35.4454%)
entry 712000/2005904 (35.4952%)
entry 713000/2005904 (35.5451%)
entry 714000/2005904 (35.5949%)
entry 716000/2005904 (35.6946%)
entry 719000/2005904 (35.8442%)
entry 722000/2005904 (35.9937%)
entry 724000/2005904 (36.0935%)
entry 725000/2005904 (36.1433%)
entry 726000/2005904 (36.1932%)
entry 727000/2005904 (36.243%)
entry 728000/2005904 (36.2929%)
entry 729000/2005904 (36.3427%)
entry 730000/2005904 (36.3926%)
entry 731000/2005904 (36.4424%)
entry 732000/2005904 (36.4923%)
entry 733000/2005904 (36.5421%)
entry 735000/2005904 (36.6418%)
entry 736000/2005904 (36.6917%)
entry 737000/2005904 (36.7415%)
entry 738000/2005904 (36.7914%)
entry 743000/2005904 (37.0407%)
entry 744000/2005904 (37.0905%)
entry 750000/2005904 (37.3896%)
entry 752000/2005904 (37.4893%)
entry 755000/2005904 (37.6389%)
entry 758000/2005904 (37.7884%)
entry 760000/2005904 (37.8882%)
entry 762000/2005904 (37.9879%)
entry 763000/2005904 (38.0377%)
entry 765000/2005904 (38.1374%)
entry 769000/2005904 (38.3368%)
entry 770000/2005904 (38.3867%)
entry 772000/2005904 (38.4864%)
entry 773000/2005904 (38.5362%)
entry 774000/2005904 (38.5861%)
entry 775000/2005904 (38.6359%)
entry 776000/2005904 (38.6858%)
entry 779000/2005904 (38.8354%)
entry 780000/2005904 (38.8852%)
entry 782000/2005904 (38.9849%)
entry 783000/2005904 (39.0348%)
entry 785000/2005904 (39.1345%)
entry 786000/2005904 (39.1843%)
entry 788000/2005904 (39.284%)
entry 789000/2005904 (39.3339%)
entry 790000/2005904 (39.3837%)
entry 792000/2005904 (39.4834%)
entry 794000/2005904 (39.5831%)
entry 795000/2005904 (39.633%)
entry 796000/2005904 (39.6829%)
entry 797000/2005904 (39.7327%)
entry 798000/2005904 (39.7826%)
entry 799000/2005904 (39.8324%)
entry 800000/2005904 (39.8823%)
entry 801000/2005904 (39.9321%)
entry 802000/2005904 (39.982%)
entry 803000/2005904 (40.0318%)
entry 804000/2005904 (40.0817%)
entry 805000/2005904 (40.1315%)
entry 806000/2005904 (40.1814%)
entry 811000/2005904 (40.4307%)
entry 812000/2005904 (40.4805%)
entry 813000/2005904 (40.5304%)
entry 815000/2005904 (40.6301%)
entry 817000/2005904 (40.7298%)
entry 819000/2005904 (40.8295%)
entry 820000/2005904 (40.8793%)
entry 821000/2005904 (40.9292%)
entry 823000/2005904 (41.0289%)
entry 830000/2005904 (41.3779%)
entry 832000/2005904 (41.4776%)
entry 837000/2005904 (41.7268%)
entry 838000/2005904 (41.7767%)
entry 839000/2005904 (41.8265%)
entry 843000/2005904 (42.0259%)
entry 844000/2005904 (42.0758%)
entry 849000/2005904 (42.3251%)
entry 851000/2005904 (42.4248%)
entry 855000/2005904 (42.6242%)
entry 859000/2005904 (42.8236%)
entry 860000/2005904 (42.8734%)
entry 861000/2005904 (42.9233%)
entry 862000/2005904 (42.9731%)
entry 863000/2005904 (43.023%)
entry 864000/2005904 (43.0728%)
entry 865000/2005904 (43.1227%)
entry 866000/2005904 (43.1726%)
entry 867000/2005904 (43.2224%)
entry 868000/2005904 (43.2723%)
entry 869000/2005904 (43.3221%)
entry 870000/2005904 (43.372%)
entry 871000/2005904 (43.4218%)
entry 873000/2005904 (43.5215%)
entry 876000/2005904 (43.6711%)
entry 878000/2005904 (43.7708%)
entry 879000/2005904 (43.8206%)
entry 880000/2005904 (43.8705%)
entry 883000/2005904 (44.0201%)
entry 884000/2005904 (44.0699%)
entry 885000/2005904 (44.1198%)
entry 886000/2005904 (44.1696%)
entry 888000/2005904 (44.2693%)
entry 891000/2005904 (44.4189%)
entry 892000/2005904 (44.4687%)
entry 894000/2005904 (44.5684%)
entry 895000/2005904 (44.6183%)
entry 897000/2005904 (44.718%)
entry 900000/2005904 (44.8676%)
entry 901000/2005904 (44.9174%)
entry 906000/2005904 (45.1667%)
entry 908000/2005904 (45.2664%)
entry 912000/2005904 (45.4658%)
entry 913000/2005904 (45.5156%)
entry 914000/2005904 (45.5655%)
entry 915000/2005904 (45.6153%)
entry 916000/2005904 (45.6652%)
entry 917000/2005904 (45.715%)
entry 918000/2005904 (45.7649%)
entry 919000/2005904 (45.8148%)
entry 920000/2005904 (45.8646%)
entry 921000/2005904 (45.9145%)
entry 922000/2005904 (45.9643%)
entry 923000/2005904 (46.0142%)
entry 925000/2005904 (46.1139%)
entry 928000/2005904 (46.2634%)
entry 932000/2005904 (46.4628%)
entry 933000/2005904 (46.5127%)
entry 934000/2005904 (46.5625%)
entry 936000/2005904 (46.6623%)
entry 938000/2005904 (46.762%)
entry 939000/2005904 (46.8118%)
entry 941000/2005904 (46.9115%)
entry 944000/2005904 (47.0611%)
entry 945000/2005904 (47.1109%)
entry 946000/2005904 (47.1608%)
entry 948000/2005904 (47.2605%)
entry 949000/2005904 (47.3103%)
entry 950000/2005904 (47.3602%)
entry 951000/2005904 (47.41%)
entry 952000/2005904 (47.4599%)
entry 955000/2005904 (47.6095%)
entry 956000/2005904 (47.6593%)
entry 958000/2005904 (47.759%)
entry 959000/2005904 (47.8089%)
entry 961000/2005904 (47.9086%)
entry 965000/2005904 (48.108%)
entry 966000/2005904 (48.1578%)
entry 968000/2005904 (48.2575%)
entry 971000/2005904 (48.4071%)
entry 972000/2005904 (48.457%)
entry 973000/2005904 (48.5068%)
entry 974000/2005904 (48.5567%)
entry 975000/2005904 (48.6065%)
entry 976000/2005904 (48.6564%)
entry 977000/2005904 (48.7062%)
entry 980000/2005904 (48.8558%)
entry 982000/2005904 (48.9555%)
entry 983000/2005904 (49.0053%)
entry 984000/2005904 (49.0552%)
entry 987000/2005904 (49.2047%)
entry 989000/2005904 (49.3045%)
entry 991000/2005904 (49.4042%)
entry 992000/2005904 (49.454%)
entry 993000/2005904 (49.5039%)
entry 994000/2005904 (49.5537%)
entry 995000/2005904 (49.6036%)
entry 997000/2005904 (49.7033%)
entry 998000/2005904 (49.7531%)
entry 1000000/2005904 (49.8528%)
entry 1001000/2005904 (49.9027%)
entry 1003000/2005904 (50.0024%)
entry 1006000/2005904 (50.152%)
entry 1007000/2005904 (50.2018%)
entry 1008000/2005904 (50.2517%)
entry 1009000/2005904 (50.3015%)
entry 1010000/2005904 (50.3514%)
entry 1011000/2005904 (50.4012%)
entry 1012000/2005904 (50.4511%)
entry 1015000/2005904 (50.6006%)
entry 1017000/2005904 (50.7003%)
entry 1019000/2005904 (50.8%)
entry 1020000/2005904 (50.8499%)
entry 1021000/2005904 (50.8997%)
entry 1023000/2005904 (50.9995%)
entry 1024000/2005904 (51.0493%)
entry 1026000/2005904 (51.149%)
entry 1027000/2005904 (51.1989%)
entry 1028000/2005904 (51.2487%)
entry 1029000/2005904 (51.2986%)
entry 1030000/2005904 (51.3484%)
entry 1031000/2005904 (51.3983%)
entry 1032000/2005904 (51.4481%)
entry 1033000/2005904 (51.498%)
entry 1034000/2005904 (51.5478%)
entry 1035000/2005904 (51.5977%)
entry 1036000/2005904 (51.6475%)
entry 1040000/2005904 (51.8469%)
entry 1041000/2005904 (51.8968%)
entry 1042000/2005904 (51.9467%)
entry 1043000/2005904 (51.9965%)
entry 1044000/2005904 (52.0464%)
entry 1046000/2005904 (52.1461%)
entry 1047000/2005904 (52.1959%)
entry 1050000/2005904 (52.3455%)
entry 1051000/2005904 (52.3953%)
entry 1052000/2005904 (52.4452%)
entry 1054000/2005904 (52.5449%)
entry 1055000/2005904 (52.5947%)
entry 1057000/2005904 (52.6944%)
entry 1058000/2005904 (52.7443%)
entry 1060000/2005904 (52.844%)
entry 1061000/2005904 (52.8939%)
entry 1062000/2005904 (52.9437%)
entry 1065000/2005904 (53.0933%)
entry 1067000/2005904 (53.193%)
entry 1068000/2005904 (53.2428%)
entry 1069000/2005904 (53.2927%)
entry 1070000/2005904 (53.3425%)
entry 1071000/2005904 (53.3924%)
entry 1073000/2005904 (53.4921%)
entry 1075000/2005904 (53.5918%)
entry 1076000/2005904 (53.6416%)
entry 1078000/2005904 (53.7414%)
entry 1079000/2005904 (53.7912%)
entry 1080000/2005904 (53.8411%)
entry 1082000/2005904 (53.9408%)
entry 1083000/2005904 (53.9906%)
entry 1084000/2005904 (54.0405%)
entry 1085000/2005904 (54.0903%)
entry 1086000/2005904 (54.1402%)
entry 1087000/2005904 (54.19%)
entry 1088000/2005904 (54.2399%)
entry 1089000/2005904 (54.2897%)
entry 1090000/2005904 (54.3396%)
entry 1091000/2005904 (54.3894%)
entry 1093000/2005904 (54.4891%)
entry 1094000/2005904 (54.539%)
entry 1096000/2005904 (54.6387%)
entry 1098000/2005904 (54.7384%)
entry 1099000/2005904 (54.7883%)
entry 1100000/2005904 (54.8381%)
entry 1101000/2005904 (54.888%)
entry 1102000/2005904 (54.9378%)
entry 1103000/2005904 (54.9877%)
entry 1104000/2005904 (55.0375%)
entry 1105000/2005904 (55.0874%)
entry 1106000/2005904 (55.1372%)
entry 1107000/2005904 (55.1871%)
entry 1108000/2005904 (55.2369%)
entry 1112000/2005904 (55.4363%)
entry 1113000/2005904 (55.4862%)
entry 1114000/2005904 (55.5361%)
entry 1117000/2005904 (55.6856%)
entry 1118000/2005904 (55.7355%)
entry 1119000/2005904 (55.7853%)
entry 1121000/2005904 (55.885%)
entry 1123000/2005904 (55.9847%)
entry 1125000/2005904 (56.0844%)
entry 1129000/2005904 (56.2838%)
entry 1130000/2005904 (56.3337%)
entry 1131000/2005904 (56.3836%)
entry 1132000/2005904 (56.4334%)
entry 1133000/2005904 (56.4833%)
entry 1134000/2005904 (56.5331%)
entry 1135000/2005904 (56.583%)
entry 1136000/2005904 (56.6328%)
entry 1137000/2005904 (56.6827%)
entry 1138000/2005904 (56.7325%)
entry 1139000/2005904 (56.7824%)
entry 1141000/2005904 (56.8821%)
entry 1143000/2005904 (56.9818%)
entry 1144000/2005904 (57.0316%)
entry 1145000/2005904 (57.0815%)
entry 1147000/2005904 (57.1812%)
entry 1148000/2005904 (57.2311%)
entry 1149000/2005904 (57.2809%)
entry 1150000/2005904 (57.3308%)
entry 1151000/2005904 (57.3806%)
entry 1153000/2005904 (57.4803%)
entry 1156000/2005904 (57.6299%)
entry 1157000/2005904 (57.6797%)
entry 1160000/2005904 (57.8293%)
entry 1161000/2005904 (57.8791%)
entry 1162000/2005904 (57.929%)
entry 1165000/2005904 (58.0786%)
entry 1166000/2005904 (58.1284%)
entry 1167000/2005904 (58.1783%)
entry 1168000/2005904 (58.2281%)
entry 1169000/2005904 (58.278%)
entry 1170000/2005904 (58.3278%)
entry 1171000/2005904 (58.3777%)
entry 1174000/2005904 (58.5272%)
entry 1175000/2005904 (58.5771%)
entry 1177000/2005904 (58.6768%)
entry 1179000/2005904 (58.7765%)
entry 1180000/2005904 (58.8263%)
entry 1185000/2005904 (59.0756%)
entry 1188000/2005904 (59.2252%)
entry 1189000/2005904 (59.275%)
entry 1191000/2005904 (59.3747%)
entry 1192000/2005904 (59.4246%)
entry 1193000/2005904 (59.4744%)
entry 1196000/2005904 (59.624%)
entry 1197000/2005904 (59.6738%)
entry 1200000/2005904 (59.8234%)
entry 1201000/2005904 (59.8733%)
entry 1203000/2005904 (59.973%)
entry 1204000/2005904 (60.0228%)
entry 1205000/2005904 (60.0727%)
entry 1206000/2005904 (60.1225%)
entry 1207000/2005904 (60.1724%)
entry 1208000/2005904 (60.2222%)
entry 1209000/2005904 (60.2721%)
entry 1212000/2005904 (60.4216%)
entry 1214000/2005904 (60.5213%)
entry 1221000/2005904 (60.8703%)
entry 1224000/2005904 (61.0199%)
entry 1226000/2005904 (61.1196%)
entry 1227000/2005904 (61.1694%)
entry 1229000/2005904 (61.2691%)
entry 1231000/2005904 (61.3688%)
entry 1232000/2005904 (61.4187%)
entry 1233000/2005904 (61.4685%)
entry 1236000/2005904 (61.6181%)
entry 1237000/2005904 (61.668%)
entry 1238000/2005904 (61.7178%)
entry 1239000/2005904 (61.7677%)
entry 1240000/2005904 (61.8175%)
entry 1241000/2005904 (61.8674%)
entry 1244000/2005904 (62.0169%)
entry 1246000/2005904 (62.1166%)
entry 1247000/2005904 (62.1665%)
entry 1248000/2005904 (62.2163%)
entry 1250000/2005904 (62.316%)
entry 1252000/2005904 (62.4157%)
entry 1258000/2005904 (62.7149%)
entry 1260000/2005904 (62.8146%)
entry 1262000/2005904 (62.9143%)
entry 1267000/2005904 (63.1635%)
entry 1268000/2005904 (63.2134%)
entry 1271000/2005904 (63.363%)
entry 1274000/2005904 (63.5125%)
entry 1275000/2005904 (63.5624%)
entry 1276000/2005904 (63.6122%)
entry 1277000/2005904 (63.6621%)
entry 1278000/2005904 (63.7119%)
entry 1279000/2005904 (63.7618%)
entry 1281000/2005904 (63.8615%)
entry 1282000/2005904 (63.9113%)
entry 1283000/2005904 (63.9612%)
entry 1284000/2005904 (64.011%)
entry 1285000/2005904 (64.0609%)
entry 1287000/2005904 (64.1606%)
entry 1289000/2005904 (64.2603%)
entry 1290000/2005904 (64.3102%)
entry 1291000/2005904 (64.36%)
entry 1292000/2005904 (64.4099%)
entry 1293000/2005904 (64.4597%)
entry 1294000/2005904 (64.5096%)
entry 1298000/2005904 (64.709%)
entry 1299000/2005904 (64.7588%)
entry 1300000/2005904 (64.8087%)
entry 1301000/2005904 (64.8585%)
entry 1305000/2005904 (65.058%)
entry 1306000/2005904 (65.1078%)
entry 1307000/2005904 (65.1577%)
entry 1308000/2005904 (65.2075%)
entry 1309000/2005904 (65.2574%)
entry 1310000/2005904 (65.3072%)
entry 1311000/2005904 (65.3571%)
entry 1312000/2005904 (65.4069%)
entry 1313000/2005904 (65.4568%)
entry 1314000/2005904 (65.5066%)
entry 1315000/2005904 (65.5565%)
entry 1317000/2005904 (65.6562%)
entry 1318000/2005904 (65.706%)
entry 1319000/2005904 (65.7559%)
entry 1321000/2005904 (65.8556%)
entry 1322000/2005904 (65.9054%)
entry 1323000/2005904 (65.9553%)
entry 1324000/2005904 (66.0052%)
entry 1325000/2005904 (66.055%)
entry 1326000/2005904 (66.1049%)
entry 1327000/2005904 (66.1547%)
entry 1328000/2005904 (66.2046%)
entry 1329000/2005904 (66.2544%)
entry 1330000/2005904 (66.3043%)
entry 1331000/2005904 (66.3541%)
entry 1333000/2005904 (66.4538%)
entry 1334000/2005904 (66.5037%)
entry 1335000/2005904 (66.5535%)
entry 1337000/2005904 (66.6532%)
entry 1338000/2005904 (66.7031%)
entry 1339000/2005904 (66.7529%)
entry 1340000/2005904 (66.8028%)
entry 1341000/2005904 (66.8527%)
entry 1342000/2005904 (66.9025%)
entry 1343000/2005904 (66.9524%)
entry 1344000/2005904 (67.0022%)
entry 1345000/2005904 (67.0521%)
entry 1347000/2005904 (67.1518%)
entry 1348000/2005904 (67.2016%)
entry 1350000/2005904 (67.3013%)
entry 1351000/2005904 (67.3512%)
entry 1353000/2005904 (67.4509%)
entry 1356000/2005904 (67.6004%)
entry 1357000/2005904 (67.6503%)
entry 1358000/2005904 (67.7001%)
entry 1359000/2005904 (67.75%)
entry 1360000/2005904 (67.7999%)
entry 1362000/2005904 (67.8996%)
entry 1363000/2005904 (67.9494%)
entry 1364000/2005904 (67.9993%)
entry 1365000/2005904 (68.0491%)
entry 1367000/2005904 (68.1488%)
entry 1370000/2005904 (68.2984%)
entry 1373000/2005904 (68.4479%)
entry 1374000/2005904 (68.4978%)
entry 1375000/2005904 (68.5476%)
entry 1376000/2005904 (68.5975%)
entry 1377000/2005904 (68.6474%)
entry 1378000/2005904 (68.6972%)
entry 1379000/2005904 (68.7471%)
entry 1382000/2005904 (68.8966%)
entry 1384000/2005904 (68.9963%)
entry 1385000/2005904 (69.0462%)
entry 1388000/2005904 (69.1957%)
entry 1389000/2005904 (69.2456%)
entry 1392000/2005904 (69.3951%)
entry 1395000/2005904 (69.5447%)
entry 1396000/2005904 (69.5946%)
entry 1399000/2005904 (69.7441%)
entry 1400000/2005904 (69.794%)
entry 1402000/2005904 (69.8937%)
entry 1403000/2005904 (69.9435%)
entry 1404000/2005904 (69.9934%)
entry 1406000/2005904 (70.0931%)
entry 1407000/2005904 (70.1429%)
entry 1410000/2005904 (70.2925%)
entry 1413000/2005904 (70.4421%)
entry 1414000/2005904 (70.4919%)
entry 1415000/2005904 (70.5418%)
entry 1420000/2005904 (70.791%)
entry 1422000/2005904 (70.8907%)
entry 1423000/2005904 (70.9406%)
entry 1424000/2005904 (70.9904%)
entry 1425000/2005904 (71.0403%)
entry 1427000/2005904 (71.14%)
entry 1428000/2005904 (71.1898%)
entry 1430000/2005904 (71.2896%)
entry 1432000/2005904 (71.3893%)
entry 1433000/2005904 (71.4391%)
entry 1437000/2005904 (71.6385%)
entry 1438000/2005904 (71.6884%)
entry 1440000/2005904 (71.7881%)
entry 1441000/2005904 (71.8379%)
entry 1443000/2005904 (71.9376%)
entry 1444000/2005904 (71.9875%)
entry 1446000/2005904 (72.0872%)
entry 1449000/2005904 (72.2368%)
entry 1452000/2005904 (72.3863%)
entry 1456000/2005904 (72.5857%)
entry 1457000/2005904 (72.6356%)
entry 1458000/2005904 (72.6854%)
entry 1460000/2005904 (72.7851%)
entry 1465000/2005904 (73.0344%)
entry 1468000/2005904 (73.184%)
entry 1469000/2005904 (73.2338%)
entry 1470000/2005904 (73.2837%)
entry 1471000/2005904 (73.3335%)
entry 1473000/2005904 (73.4332%)
entry 1476000/2005904 (73.5828%)
entry 1477000/2005904 (73.6326%)
entry 1479000/2005904 (73.7323%)
entry 1482000/2005904 (73.8819%)
entry 1483000/2005904 (73.9318%)
entry 1484000/2005904 (73.9816%)
entry 1486000/2005904 (74.0813%)
entry 1488000/2005904 (74.181%)
entry 1489000/2005904 (74.2309%)
entry 1490000/2005904 (74.2807%)
entry 1491000/2005904 (74.3306%)
entry 1492000/2005904 (74.3804%)
entry 1493000/2005904 (74.4303%)
entry 1494000/2005904 (74.4801%)
entry 1495000/2005904 (74.53%)
entry 1497000/2005904 (74.6297%)
entry 1499000/2005904 (74.7294%)
entry 1500000/2005904 (74.7793%)
entry 1502000/2005904 (74.879%)
entry 1505000/2005904 (75.0285%)
entry 1506000/2005904 (75.0784%)
entry 1508000/2005904 (75.1781%)
entry 1509000/2005904 (75.2279%)
entry 1510000/2005904 (75.2778%)
entry 1511000/2005904 (75.3276%)
entry 1513000/2005904 (75.4273%)
entry 1514000/2005904 (75.4772%)
entry 1517000/2005904 (75.6267%)
entry 1519000/2005904 (75.7265%)
entry 1520000/2005904 (75.7763%)
entry 1521000/2005904 (75.8262%)
entry 1522000/2005904 (75.876%)
entry 1523000/2005904 (75.9259%)
entry 1524000/2005904 (75.9757%)
entry 1529000/2005904 (76.225%)
entry 1532000/2005904 (76.3745%)
entry 1534000/2005904 (76.4742%)
entry 1536000/2005904 (76.574%)
entry 1539000/2005904 (76.7235%)
entry 1541000/2005904 (76.8232%)
entry 1542000/2005904 (76.8731%)
entry 1543000/2005904 (76.9229%)
entry 1544000/2005904 (76.9728%)
entry 1546000/2005904 (77.0725%)
entry 1548000/2005904 (77.1722%)
entry 1549000/2005904 (77.222%)
entry 1550000/2005904 (77.2719%)
entry 1551000/2005904 (77.3217%)
entry 1553000/2005904 (77.4215%)
entry 1554000/2005904 (77.4713%)
entry 1555000/2005904 (77.5212%)
entry 1557000/2005904 (77.6209%)
entry 1558000/2005904 (77.6707%)
entry 1559000/2005904 (77.7206%)
entry 1560000/2005904 (77.7704%)
entry 1561000/2005904 (77.8203%)
entry 1562000/2005904 (77.8701%)
entry 1563000/2005904 (77.92%)
entry 1566000/2005904 (78.0695%)
entry 1568000/2005904 (78.1692%)
entry 1569000/2005904 (78.2191%)
entry 1575000/2005904 (78.5182%)
entry 1577000/2005904 (78.6179%)
entry 1578000/2005904 (78.6678%)
entry 1579000/2005904 (78.7176%)
entry 1580000/2005904 (78.7675%)
entry 1582000/2005904 (78.8672%)
entry 1583000/2005904 (78.917%)
entry 1585000/2005904 (79.0167%)
entry 1587000/2005904 (79.1164%)
entry 1588000/2005904 (79.1663%)
entry 1589000/2005904 (79.2162%)
entry 1590000/2005904 (79.266%)
entry 1593000/2005904 (79.4156%)
entry 1596000/2005904 (79.5651%)
entry 1597000/2005904 (79.615%)
entry 1598000/2005904 (79.6648%)
entry 1600000/2005904 (79.7645%)
entry 1604000/2005904 (79.9639%)
entry 1607000/2005904 (80.1135%)
entry 1610000/2005904 (80.2631%)
entry 1612000/2005904 (80.3628%)
entry 1613000/2005904 (80.4126%)
entry 1614000/2005904 (80.4625%)
entry 1616000/2005904 (80.5622%)
entry 1617000/2005904 (80.612%)
entry 1618000/2005904 (80.6619%)
entry 1619000/2005904 (80.7117%)
entry 1620000/2005904 (80.7616%)
entry 1621000/2005904 (80.8114%)
entry 1622000/2005904 (80.8613%)
entry 1623000/2005904 (80.9111%)
entry 1624000/2005904 (80.961%)
entry 1626000/2005904 (81.0607%)
entry 1627000/2005904 (81.1106%)
entry 1628000/2005904 (81.1604%)
entry 1630000/2005904 (81.2601%)
entry 1631000/2005904 (81.31%)
entry 1632000/2005904 (81.3598%)
entry 1633000/2005904 (81.4097%)
entry 1634000/2005904 (81.4595%)
entry 1636000/2005904 (81.5592%)
entry 1637000/2005904 (81.6091%)
entry 1638000/2005904 (81.6589%)
entry 1640000/2005904 (81.7586%)
entry 1641000/2005904 (81.8085%)
entry 1642000/2005904 (81.8584%)
entry 1643000/2005904 (81.9082%)
entry 1646000/2005904 (82.0578%)
entry 1647000/2005904 (82.1076%)
entry 1648000/2005904 (82.1575%)
entry 1650000/2005904 (82.2572%)
entry 1652000/2005904 (82.3569%)
entry 1653000/2005904 (82.4067%)
entry 1654000/2005904 (82.4566%)
entry 1655000/2005904 (82.5064%)
entry 1656000/2005904 (82.5563%)
entry 1658000/2005904 (82.656%)
entry 1659000/2005904 (82.7058%)
entry 1660000/2005904 (82.7557%)
entry 1664000/2005904 (82.9551%)
entry 1665000/2005904 (83.005%)
entry 1666000/2005904 (83.0548%)
entry 1668000/2005904 (83.1545%)
entry 1669000/2005904 (83.2044%)
entry 1670000/2005904 (83.2542%)
entry 1672000/2005904 (83.3539%)
entry 1674000/2005904 (83.4536%)
entry 1675000/2005904 (83.5035%)
entry 1676000/2005904 (83.5533%)
entry 1677000/2005904 (83.6032%)
entry 1678000/2005904 (83.6531%)
entry 1679000/2005904 (83.7029%)
entry 1680000/2005904 (83.7528%)
entry 1683000/2005904 (83.9023%)
entry 1685000/2005904 (84.002%)
entry 1686000/2005904 (84.0519%)
entry 1687000/2005904 (84.1017%)
entry 1691000/2005904 (84.3011%)
entry 1692000/2005904 (84.351%)
entry 1694000/2005904 (84.4507%)
entry 1696000/2005904 (84.5504%)
entry 1698000/2005904 (84.6501%)
entry 1700000/2005904 (84.7498%)
entry 1701000/2005904 (84.7997%)
entry 1702000/2005904 (84.8495%)
entry 1703000/2005904 (84.8994%)
entry 1706000/2005904 (85.0489%)
entry 1707000/2005904 (85.0988%)
entry 1708000/2005904 (85.1486%)
entry 1709000/2005904 (85.1985%)
entry 1712000/2005904 (85.3481%)
entry 1714000/2005904 (85.4478%)
entry 1715000/2005904 (85.4976%)
entry 1716000/2005904 (85.5475%)
entry 1717000/2005904 (85.5973%)
entry 1718000/2005904 (85.6472%)
entry 1723000/2005904 (85.8964%)
entry 1724000/2005904 (85.9463%)
entry 1726000/2005904 (86.046%)
entry 1727000/2005904 (86.0958%)
entry 1728000/2005904 (86.1457%)
entry 1730000/2005904 (86.2454%)
entry 1738000/2005904 (86.6442%)
entry 1739000/2005904 (86.6941%)
entry 1740000/2005904 (86.7439%)
entry 1741000/2005904 (86.7938%)
entry 1742000/2005904 (86.8436%)
entry 1744000/2005904 (86.9433%)
entry 1745000/2005904 (86.9932%)
entry 1746000/2005904 (87.043%)
entry 1747000/2005904 (87.0929%)
entry 1748000/2005904 (87.1428%)
entry 1749000/2005904 (87.1926%)
entry 1750000/2005904 (87.2425%)
entry 1754000/2005904 (87.4419%)
entry 1755000/2005904 (87.4917%)
entry 1756000/2005904 (87.5416%)
entry 1757000/2005904 (87.5914%)
entry 1759000/2005904 (87.6911%)
entry 1760000/2005904 (87.741%)
entry 1761000/2005904 (87.7908%)
entry 1762000/2005904 (87.8407%)
entry 1764000/2005904 (87.9404%)
entry 1766000/2005904 (88.0401%)
entry 1768000/2005904 (88.1398%)
entry 1771000/2005904 (88.2894%)
entry 1772000/2005904 (88.3392%)
entry 1773000/2005904 (88.3891%)
entry 1776000/2005904 (88.5386%)
entry 1777000/2005904 (88.5885%)
entry 1779000/2005904 (88.6882%)
entry 1782000/2005904 (88.8377%)
entry 1783000/2005904 (88.8876%)
entry 1784000/2005904 (88.9375%)
entry 1787000/2005904 (89.087%)
entry 1788000/2005904 (89.1369%)
entry 1789000/2005904 (89.1867%)
entry 1794000/2005904 (89.436%)
entry 1795000/2005904 (89.4858%)
entry 1797000/2005904 (89.5855%)
entry 1801000/2005904 (89.785%)
entry 1802000/2005904 (89.8348%)
entry 1803000/2005904 (89.8847%)
entry 1804000/2005904 (89.9345%)
entry 1807000/2005904 (90.0841%)
entry 1809000/2005904 (90.1838%)
entry 1814000/2005904 (90.433%)
entry 1817000/2005904 (90.5826%)
entry 1818000/2005904 (90.6325%)
entry 1821000/2005904 (90.782%)
entry 1823000/2005904 (90.8817%)
entry 1825000/2005904 (90.9814%)
entry 1826000/2005904 (91.0313%)
entry 1827000/2005904 (91.0811%)
entry 1829000/2005904 (91.1808%)
entry 1830000/2005904 (91.2307%)
entry 1831000/2005904 (91.2805%)
entry 1832000/2005904 (91.3304%)
entry 1833000/2005904 (91.3802%)
entry 1836000/2005904 (91.5298%)
entry 1837000/2005904 (91.5797%)
entry 1838000/2005904 (91.6295%)
entry 1840000/2005904 (91.7292%)
entry 1842000/2005904 (91.8289%)
entry 1845000/2005904 (91.9785%)
entry 1846000/2005904 (92.0283%)
entry 1847000/2005904 (92.0782%)
entry 1849000/2005904 (92.1779%)
entry 1850000/2005904 (92.2277%)
entry 1851000/2005904 (92.2776%)
entry 1852000/2005904 (92.3275%)
entry 1853000/2005904 (92.3773%)
entry 1855000/2005904 (92.477%)
entry 1856000/2005904 (92.5269%)
entry 1859000/2005904 (92.6764%)
entry 1860000/2005904 (92.7263%)
entry 1861000/2005904 (92.7761%)
entry 1863000/2005904 (92.8758%)
entry 1864000/2005904 (92.9257%)
entry 1865000/2005904 (92.9755%)
entry 1866000/2005904 (93.0254%)
entry 1867000/2005904 (93.0752%)
entry 1868000/2005904 (93.1251%)
entry 1869000/2005904 (93.1749%)
entry 1870000/2005904 (93.2248%)
entry 1873000/2005904 (93.3744%)
entry 1874000/2005904 (93.4242%)
entry 1875000/2005904 (93.4741%)
entry 1877000/2005904 (93.5738%)
entry 1878000/2005904 (93.6236%)
entry 1880000/2005904 (93.7233%)
entry 1882000/2005904 (93.823%)
entry 1883000/2005904 (93.8729%)
entry 1885000/2005904 (93.9726%)
entry 1887000/2005904 (94.0723%)
entry 1889000/2005904 (94.172%)
entry 1890000/2005904 (94.2219%)
entry 1891000/2005904 (94.2717%)
entry 1892000/2005904 (94.3216%)
entry 1893000/2005904 (94.3714%)
entry 1899000/2005904 (94.6705%)
entry 1900000/2005904 (94.7204%)
entry 1903000/2005904 (94.8699%)
entry 1904000/2005904 (94.9198%)
entry 1905000/2005904 (94.9696%)
entry 1906000/2005904 (95.0195%)
entry 1907000/2005904 (95.0694%)
entry 1908000/2005904 (95.1192%)
entry 1910000/2005904 (95.2189%)
entry 1911000/2005904 (95.2688%)
entry 1912000/2005904 (95.3186%)
entry 1913000/2005904 (95.3685%)
entry 1915000/2005904 (95.4682%)
entry 1916000/2005904 (95.518%)
entry 1917000/2005904 (95.5679%)
entry 1918000/2005904 (95.6177%)
entry 1919000/2005904 (95.6676%)
entry 1921000/2005904 (95.7673%)
entry 1922000/2005904 (95.8171%)
entry 1926000/2005904 (96.0166%)
entry 1929000/2005904 (96.1661%)
entry 1930000/2005904 (96.216%)
entry 1931000/2005904 (96.2658%)
entry 1932000/2005904 (96.3157%)
entry 1934000/2005904 (96.4154%)
entry 1935000/2005904 (96.4652%)
entry 1936000/2005904 (96.5151%)
entry 1942000/2005904 (96.8142%)
entry 1944000/2005904 (96.9139%)
entry 1946000/2005904 (97.0136%)
entry 1947000/2005904 (97.0635%)
entry 1948000/2005904 (97.1133%)
entry 1949000/2005904 (97.1632%)
entry 1950000/2005904 (97.213%)
entry 1953000/2005904 (97.3626%)
entry 1954000/2005904 (97.4124%)
entry 1956000/2005904 (97.5121%)
entry 1957000/2005904 (97.562%)
entry 1958000/2005904 (97.6119%)
entry 1960000/2005904 (97.7116%)
entry 1961000/2005904 (97.7614%)
entry 1963000/2005904 (97.8611%)
entry 1964000/2005904 (97.911%)
entry 1967000/2005904 (98.0605%)
entry 1968000/2005904 (98.1104%)
entry 1969000/2005904 (98.1602%)
entry 1973000/2005904 (98.3596%)
entry 1974000/2005904 (98.4095%)
entry 1975000/2005904 (98.4593%)
entry 1976000/2005904 (98.5092%)
entry 1977000/2005904 (98.5591%)
entry 1978000/2005904 (98.6089%)
entry 1979000/2005904 (98.6588%)
entry 1982000/2005904 (98.8083%)
entry 1986000/2005904 (99.0077%)
entry 1987000/2005904 (99.0576%)
entry 1988000/2005904 (99.1074%)
entry 1989000/2005904 (99.1573%)
entry 1992000/2005904 (99.3068%)
entry 1995000/2005904 (99.4564%)
entry 1996000/2005904 (99.5063%)
entry 1998000/2005904 (99.606%)
entry 1999000/2005904 (99.6558%)
entry 2000000/2005904 (99.7057%)
entry 2002000/2005904 (99.8054%)
all done
script done
