sphnx1114.sdcc.bnl.gov
rsyncing from /gpfs/mnt/gpfs02/sphenix/user/samfred/run25/ppg11/histmaking
running: /gpfs/mnt/gpfs02/sphenix/user/samfred/run25/ppg11/histmaking/script_data.sh 53622
LD_LIBRARY_PATH now /sphenix/user/samfred/run25/install//lib:/cvmfs/sphenix.sdcc.bnl.gov/alma9.2-gcc-14.2.0/opt/sphenix/core/gcc/14.2.0-2f0a0/x86_64-el9/lib:/cvmfs/sphenix.sdcc.bnl.gov/alma9.2-gcc-14.2.0/opt/sphenix/core/gcc/14.2.0-2f0a0/x86_64-el9/lib64:/cvmfs/sphenix.sdcc.bnl.gov/alma9.2-gcc-14.2.0/opt/sphenix/core/binutils/2.40-acaab/x86_64-el9/lib:.:/cvmfs/sphenix.sdcc.bnl.gov/alma9.2-gcc-14.2.0/release/release_new/new.10/lib64:/cvmfs/sphenix.sdcc.bnl.gov/alma9.2-gcc-14.2.0/release/release_new/new.10/lib:/cvmfs/sphenix.sdcc.bnl.gov/alma9.2-gcc-14.2.0/opt/sphenix/utils/lib:/cvmfs/sphenix.sdcc.bnl.gov/alma9.2-gcc-14.2.0/opt/sphenix/core/lib:/cvmfs/sphenix.sdcc.bnl.gov/alma9.2-gcc-14.2.0/opt/sphenix/core/root-6.32.06/lib:/cvmfs/sphenix.sdcc.bnl.gov/alma9.2-gcc-14.2.0/opt/sphenix/core/geant4.10.07.p04/lib64:/cvmfs/sphenix.sdcc.bnl.gov/alma9.2-gcc-14.2.0/opt/sphenix/core/lhapdf-5.9.1/lib:/usr/local/lib64:/usr/lib64
PATH now /sphenix/user/samfred/run25/install//bin:/cvmfs/sphenix.sdcc.bnl.gov/alma9.2-gcc-14.2.0/opt/sphenix/core/gcc/14.2.0-2f0a0/x86_64-el9/bin:/cvmfs/sphenix.sdcc.bnl.gov/alma9.2-gcc-14.2.0/opt/sphenix/core/binutils/2.40-acaab/x86_64-el9/bin:.:/cvmfs/sphenix.sdcc.bnl.gov/alma9.2-gcc-14.2.0/release/release_new/new.10/bin:/cvmfs/sphenix.sdcc.bnl.gov/alma9.2-gcc-14.2.0/opt/sphenix/utils/bin:/cvmfs/sphenix.sdcc.bnl.gov/alma9.2-gcc-14.2.0/opt/sphenix/core/bin:/cvmfs/sphenix.sdcc.bnl.gov/alma9.2-gcc-14.2.0/opt/sphenix/core/root-6.32.06/bin:/cvmfs/sphenix.sdcc.bnl.gov/alma9.2-gcc-14.2.0/opt/sphenix/core/geant4.10.07.p04/bin:/usr/local/bin:/usr/bin:/usr/local/sbin:/usr/sbin
SINGULARITY_CACHEDIR=/home/condor/local/sphnx/execute/dir_3721672
_CONDOR_CHIRP_CONFIG=/home/condor/local/sphnx/execute/dir_3721672/.chirp.config
_CONDOR_JOB_IWD=/sphenix/user/samfred/run25/ppg11/histmaking
G4ENSDFSTATEDATA=/cvmfs/sphenix.sdcc.bnl.gov/alma9.2-gcc-14.2.0/opt/sphenix/core/geant4.10.07.p04/share/Geant4-10.7.4/data/G4ENSDFSTATE2.3
_CONDOR_MACHINE_AD=/home/condor/local/sphnx/execute/dir_3721672/.machine.ad
ROOT_MAX_THREADS=1
NUMEXPR_NUM_THREADS=1
CUBACORES=1
_CHIRP_DELAYED_UPDATE_PREFIX=Chirp*
OMP_THREAD_LIMIT=1
G4PIIDATA=/cvmfs/sphenix.sdcc.bnl.gov/alma9.2-gcc-14.2.0/opt/sphenix/core/geant4.10.07.p04/share/Geant4-10.7.4/data/G4PII1.3
NO_AT_BRIDGE=1
_CONDOR_ANCESTOR_92797=3721672:1759352758:3361366947
G4_MAIN=/cvmfs/sphenix.sdcc.bnl.gov/alma9.2-gcc-14.2.0/opt/sphenix/core/geant4.10.07.p04
COMPILER_PATH=/cvmfs/sphenix.sdcc.bnl.gov/alma9.2-gcc-14.2.0/opt/sphenix/core/gcc/14.2.0-2f0a0/x86_64-el9
ROOT_INCLUDE_PATH=./:/sphenix/user/samfred/run25/install//include:/sphenix/user/samfred/run25/install//include/caloana:/sphenix/user/samfred/run25/install//include/qa_centrality:/sphenix/user/samfred/run25/install//include/mbdana:/sphenix/user/samfred/run25/install//include/centrality:/sphenix/user/samfred/run25/install//include/Event:/cvmfs/sphenix.sdcc.bnl.gov/alma9.2-gcc-14.2.0/release/release_new/new.10/include:/cvmfs/sphenix.sdcc.bnl.gov/alma9.2-gcc-14.2.0/release/release_new/new.10/include:/cvmfs/sphenix.sdcc.bnl.gov/alma9.2-gcc-14.2.0/release/release_new/new.10/include/g4mbd:/cvmfs/sphenix.sdcc.bnl.gov/alma9.2-gcc-14.2.0/release/release_new/new.10/include/fmt:/cvmfs/sphenix.sdcc.bnl.gov/alma9.2-gcc-14.2.0/release/release_new/new.10/include/ffarawobjects:/cvmfs/sphenix.sdcc.bnl.gov/alma9.2-gcc-14.2.0/release/release_new/new.10/include/JSON:/cvmfs/sphenix.sdcc.bnl.gov/alma9.2-gcc-14.2.0/release/release_new/new.10/include/calotreegen:/cvmfs/sphenix.sdcc.bnl.gov/alma9.2-gcc-14.2.0/release/release_new/new.10/include/torch:/cvmfs/sphenix.sdcc.bnl.gov/alma9.2-gcc-14.2.0/release/release_new/new.10/include/g4detectors:/cvmfs/sphenix.sdcc.bnl.gov/alma9.2-gcc-14.2.0/release/release_new/new.10/include/kineto:/cvmfs/sphenix.sdcc.bnl.gov/alma9.2-gcc-14.2.0/release/release_new/new.10/include/g4decayer:/cvmfs/sphenix.sdcc.bnl.gov/alma9.2-gcc-14.2.0/release/release_new/new.10/include/kfparticleqa:/cvmfs/sphenix.sdcc.bnl.gov/alma9.2-gcc-14.2.0/release/release_new/new.10/include/phfield:/cvmfs/sphenix.sdcc.bnl.gov/alma9.2-gcc-14.2.0/release/release_new/new.10/include/LHAPDF:/cvmfs/sphenix.sdcc.bnl.gov/alma9.2-gcc-14.2.0/release/release_new/new.10/include/readdigitalcurrents:/cvmfs/sphenix.sdcc.bnl.gov/alma9.2-gcc-14.2.0/release/release_new/new.10/include/c10:/cvmfs/sphenix.sdcc.bnl.gov/alma9.2-gcc-14.2.0/release/release_new/new.10/include/calovalid:/cvmfs/sphenix.sdcc.bnl.gov/alma9.2-gcc-14.2.0/release/release_new/new.10/include/oneapi:/cvmfs/sphenix.sdcc.bnl.gov/alma9.2-gcc-14.2.0/release/release_new/new.10/include/DDCond:/cvmfs/sphenix.sdcc.bnl.gov/alma9.2-gcc-14.2.0/release/release_new/new.10/include/g4tracking:/cvmfs/sphenix.sdcc.bnl.gov/alma9.2-gcc-14.2.0/release/release_new/new.10/include/litecaloeval:/cvmfs/sphenix.sdcc.bnl.gov/alma9.2-gcc-14.2.0/release/release_new/new.10/include/g4intt:/cvmfs/sphenix.sdcc.bnl.gov/alma9.2-gcc-14.2.0/release/release_new/new.10/include/phool:/cvmfs/sphenix.sdcc.bnl.gov/alma9.2-gcc-14.2.0/release/release_new/new.10/include/boost:/cvmfs/sphenix.sdcc.bnl.gov/alma9.2-gcc-14.2.0/release/release_new/new.10/include/Pythia8Plugins:/cvmfs/sphenix.sdcc.bnl.gov/alma9.2-gcc-14.2.0/release/release_new/new.10/include/calib_emc_pi0:/cvmfs/sphenix.sdcc.bnl.gov/alma9.2-gcc-14.2.0/release/release_new/new.10/include/hijingflipafterburner:/cvmfs/sphenix.sdcc.bnl.gov/alma9.2-gcc-14.2.0/release/release_new/new.10/include/ffaobjects:/cvmfs/sphenix.sdcc.bnl.gov/alma9.2-gcc-14.2.0/release/release_new/new.10/include/EvtGenBase:/cvmfs/sphenix.sdcc.bnl.gov/alma9.2-gcc-14.2.0/release/release_new/new.10/include/flowafterburner:/cvmfs/sphenix.sdcc.bnl.gov/alma9.2-gcc-14.2.0/release/release_new/new.10/include/google:/cvmfs/sphenix.sdcc.bnl.gov/alma9.2-gcc-14.2.0/release/release_new/new.10/include/g4tpc:/cvmfs/sphenix.sdcc.bnl.gov/alma9.2-gcc-14.2.0/release/release_new/new.10/include/caffe2:/cvmfs/sphenix.sdcc.bnl.gov/alma9.2-gcc-14.2.0/release/release_new/new.10/include/EvtGenExternal:/cvmfs/sphenix.sdcc.bnl.gov/alma9.2-gcc-14.2.0/release/release_new/new.10/include/fp16:/cvmfs/sphenix.sdcc.bnl.gov/alma9.2-gcc-14.2.0/release/release_new/new.10/include/ffamodules:/cvmfs/sphenix.sdcc.bnl.gov/alma9.2-gcc-14.2.0/release/release_new/new.10/include/uspin:/cvmfs/sphenix.sdcc.bnl.gov/alma9.2-gcc-14.2.0/release/release_new/new.10/include/Herwig:/cvmfs/sphenix.sdcc.bnl.gov/alma9.2-gcc-14.2.0/release/release_new/new.10/include/genfitexp:/cvmfs/sphenix.sdcc.bnl.gov/alma9.2-gcc-14.2.0/release/release_new/new.10/include/XML:/cvmfs/sphenix.sdcc.bnl.gov/alma9.2-gcc-14.2.0/release/release_new/new.10/include/fbgemm:/cvmfs/sphenix.sdcc.bnl.gov/alma9.2-gcc-14.2.0/release/release_new/new.10/include/DDAlign:/cvmfs/sphenix.sdcc.bnl.gov/alma9.2-gcc-14.2.0/release/release_new/new.10/include/g4mvtx:/cvmfs/sphenix.sdcc.bnl.gov/alma9.2-gcc-14.2.0/release/release_new/new.10/include/kfparticle_sphenix:/cvmfs/sphenix.sdcc.bnl.gov/alma9.2-gcc-14.2.0/release/release_new/new.10/include/fun4all:/cvmfs/sphenix.sdcc.bnl.gov/alma9.2-gcc-14.2.0/release/release_new/new.10/include/intt:/cvmfs/sphenix.sdcc.bnl.gov/alma9.2-gcc-14.2.0/release/release_new/new.10/include/eventdisplay:/cvmfs/sphenix.sdcc.bnl.gov/alma9.2-gcc-14.2.0/release/release_new/new.10/include/EvtGen:/cvmfs/sphenix.sdcc.bnl.gov/alma9.2-gcc-14.2.0/release/release_new/new.10/include/Evaluator:/cvmfs/sphenix.sdcc.bnl.gov/alma9.2-gcc-14.2.0/release/release_new/new.10/include/tpc:/cvmfs/sphenix.sdcc.bnl.gov/alma9.2-gcc-14.2.0/release/release_new/new.10/include/GenFit:/cvmfs/sphenix.sdcc.bnl.gov/alma9.2-gcc-14.2.0/release/release_new/new.10/include/prototype4:/cvmfs/sphenix.sdcc.bnl.gov/alma9.2-gcc-14.2.0/release/release_new/new.10/include/caloembedding:/cvmfs/sphenix.sdcc.bnl.gov/alma9.2-gcc-14.2.0/release/release_new/new.10/include/EvtGenModels:/cvmfs/sphenix.sdcc.bnl.gov/alma9.2-gcc-14.2.0/release/release_new/new.10/include/fastjet:/cvmfs/sphenix.sdcc.bnl.gov/alma9.2-gcc-14.2.0/release/release_new/new.10/include/DDG4:/cvmfs/sphenix.sdcc.bnl.gov/alma9.2-gcc-14.2.0/release/release_new/new.10/include/mbd:/cvmfs/sphenix.sdcc.bnl.gov/alma9.2-gcc-14.2.0/release/release_new/new.10/include/tbb:/cvmfs/sphenix.sdcc.bnl.gov/alma9.2-gcc-14.2.0/release/release_new/new.10/include/phgeom:/cvmfs/sphenix.sdcc.bnl.gov/alma9.2-gcc-14.2.0/release/release_new/new.10/include/g4epd:/cvmfs/sphenix.sdcc.bnl.gov/alma9.2-gcc-14.2.0/release/release_new/new.10/include/oncal:/cvmfs/sphenix.sdcc.bnl.gov/alma9.2-gcc-14.2.0/release/release_new/new.10/include/pybind11:/cvmfs/sphenix.sdcc.bnl.gov/alma9.2-gcc-14.2.0/release/release_new/new.10/include/tpcdistgenerator:/cvmfs/sphenix.sdcc.bnl.gov/alma9.2-gcc-14.2.0/release/release_new/new.10/include/cdbobjects:/cvmfs/sphenix.sdcc.bnl.gov/alma9.2-gcc-14.2.0/release/release_new/new.10/include/g4micromegas:/cvmfs/sphenix.sdcc.bnl.gov/alma9.2-gcc-14.2.0/release/release_new/new.10/include/g4eval:/cvmfs/sphenix.sdcc.bnl.gov/alma9.2-gcc-14.2.0/release/release_new/new.10/include/jetbackground:/cvmfs/sphenix.sdcc.bnl.gov/alma9.2-gcc-14.2.0/release/release_new/new.10/include/micromegas:/cvmfs/sphenix.sdcc.bnl.gov/alma9.2-gcc-14.2.0/release/release_new/new.10/include/hftrackefficiency:/cvmfs/sphenix.sdcc.bnl.gov/alma9.2-gcc-14.2.0/release/release_new/new.10/include/inttrawhitqa:/cvmfs/sphenix.sdcc.bnl.gov/alma9.2-gcc-14.2.0/release/release_new/new.10/include/centrality:/cvmfs/sphenix.sdcc.bnl.gov/alma9.2-gcc-14.2.0/release/release_new/new.10/include/epd:/cvmfs/sphenix.sdcc.bnl.gov/alma9.2-gcc-14.2.0/release/release_new/new.10/include/caloreco:/cvmfs/sphenix.sdcc.bnl.gov/alma9.2-gcc-14.2.0/release/release_new/new.10/include/HepMC:/cvmfs/sphenix.sdcc.bnl.gov/alma9.2-gcc-14.2.0/release/release_new/new.10/include/CLHEP:/cvmfs/sphenix.sdcc.bnl.gov/alma9.2-gcc-14.2.0/release/release_new/new.10/include/Acts:/cvmfs/sphenix.sdcc.bnl.gov/alma9.2-gcc-14.2.0/release/release_new/new.10/include/g4histos:/cvmfs/sphenix.sdcc.bnl.gov/alma9.2-gcc-14.2.0/release/release_new/new.10/include/eventplaneinfo:/cvmfs/sphenix.sdcc.bnl.gov/alma9.2-gcc-14.2.0/release/release_new/new.10/include/fillspacechargemaps:/cvmfs/sphenix.sdcc.bnl.gov/alma9.2-gcc-14.2.0/release/release_new/new.10/include/phhepmc:/cvmfs/sphenix.sdcc.bnl.gov/alma9.2-gcc-14.2.0/release/release_new/new.10/include/trackingqa:/cvmfs/sphenix.sdcc.bnl.gov/alma9.2-gcc-14.2.0/release/release_new/new.10/include/qautils:/cvmfs/sphenix.sdcc.bnl.gov/alma9.2-gcc-14.2.0/release/release_new/new.10/include/trackreco:/cvmfs/sphenix.sdcc.bnl.gov/alma9.2-gcc-14.2.0/release/release_new/new.10/include/g4ohcal:/cvmfs/sphenix.sdcc.bnl.gov/alma9.2-gcc-14.2.0/release/release_new/new.10/include/tpcdvcalib:/cvmfs/sphenix.sdcc.bnl.gov/alma9.2-gcc-14.2.0/release/release_new/new.10/include/zdcinfo:/cvmfs/sphenix.sdcc.bnl.gov/alma9.2-gcc-14.2.0/release/release_new/new.10/include/phpythia8:/cvmfs/sphenix.sdcc.bnl.gov/alma9.2-gcc-14.2.0/release/release_new/new.10/include/fun4allutils:/cvmfs/sphenix.sdcc.bnl.gov/alma9.2-gcc-14.2.0/release/release_new/new.10/include/tpcqa:/cvmfs/sphenix.sdcc.bnl.gov/alma9.2-gcc-14.2.0/release/release_new/new.10/include/Pythia8:/cvmfs/sphenix.sdcc.bnl.gov/alma9.2-gcc-14.2.0/release/release_new/new.10/include/DDRec:/cvmfs/sphenix.sdcc.bnl.gov/alma9.2-gcc-14.2.0/release/release_new/new.10/include/DDDigi:/cvmfs/sphenix.sdcc.bnl.gov/alma9.2-gcc-14.2.0/release/release_new/new.10/include/g4ihcal:/cvmfs/sphenix.sdcc.bnl.gov/alma9.2-gcc-14.2.0/release/release_new/new.10/include/frog:/cvmfs/sphenix.sdcc.bnl.gov/alma9.2-gcc-14.2.0/release/release_new/new.10/include/eigen3:/cvmfs/sphenix.sdcc.bnl.gov/alma9.2-gcc-14.2.0/release/release_new/new.10/include/tensorpipe:/cvmfs/sphenix.sdcc.bnl.gov/alma9.2-gcc-14.2.0/release/release_new/new.10/include/sphenixnpc:/cvmfs/sphenix.sdcc.bnl.gov/alma9.2-gcc-14.2.0/release/release_new/new.10/include/siscone:/cvmfs/sphenix.sdcc.bnl.gov/alma9.2-gcc-14.2.0/release/release_new/new.10/include/pmonitor:/cvmfs/sphenix.sdcc.bnl.gov/alma9.2-gcc-14.2.0/release/release_new/new.10/include/calobase:/cvmfs/sphenix.sdcc.bnl.gov/alma9.2-gcc-14.2.0/release/release_new/new.10/include/ActsExamples:/cvmfs/sphenix.sdcc.bnl.gov/alma9.2-gcc-14.2.0/release/release_new/new.10/include/g4gdml:/cvmfs/sphenix.sdcc.bnl.gov/alma9.2-gcc-14.2.0/release/release_new/new.10/include/mvtx_decoder:/cvmfs/sphenix.sdcc.bnl.gov/alma9.2-gcc-14.2.0/release/release_new/new.10/include/ROOT:/cvmfs/sphenix.sdcc.bnl.gov/alma9.2-gcc-14.2.0/release/release_new/new.10/include/phparameter:/cvmfs/sphenix.sdcc.bnl.gov/alma9.2-gcc-14.2.0/release/release_new/new.10/include/rsa:/cvmfs/sphenix.sdcc.bnl.gov/alma9.2-gcc-14.2.0/release/release_new/new.10/include/fun4allraw:/cvmfs/sphenix.sdcc.bnl.gov/alma9.2-gcc-14.2.0/release/release_new/new.10/include/trackbase_historic:/cvmfs/sphenix.sdcc.bnl.gov/alma9.2-gcc-14.2.0/release/release_new/new.10/include/g4jets:/cvmfs/sphenix.sdcc.bnl.gov/alma9.2-gcc-14.2.0/release/release_new/new.10/include/jetqa:/cvmfs/sphenix.sdcc.bnl.gov/alma9.2-gcc-14.2.0/release/release_new/new.10/include/phoolraw:/cvmfs/sphenix.sdcc.bnl.gov/alma9.2-gcc-14.2.0/release/release_new/new.10/include/g4calo:/cvmfs/sphenix.sdcc.bnl.gov/alma9.2-gcc-14.2.0/release/release_new/new.10/include/mvtxrawhitqa:/cvmfs/sphenix.sdcc.bnl.gov/alma9.2-gcc-14.2.0/release/release_new/new.10/include/HepMC3:/cvmfs/sphenix.sdcc.bnl.gov/alma9.2-gcc-14.2.0/release/release_new/new.10/include/calowaveformsim:/cvmfs/sphenix.sdcc.bnl.gov/alma9.2-gcc-14.2.0/release/release_new/new.10/include/g4caloprototype:/cvmfs/sphenix.sdcc.bnl.gov/alma9.2-gcc-14.2.0/release/release_new/new.10/include/pdbcalbase:/cvmfs/sphenix.sdcc.bnl.gov/alma9.2-gcc-14.2.0/release/release_new/new.10/include/gsl:/cvmfs/sphenix.sdcc.bnl.gov/alma9.2-gcc-14.2.0/release/release_new/new.10/include/nodedump:/cvmfs/sphenix.sdcc.bnl.gov/alma9.2-gcc-14.2.0/release/release_new/new.10/include/emcnoisytowerfinder:/cvmfs/sphenix.sdcc.bnl.gov/alma9.2-gcc-14.2.0/release/release_new/new.10/include/ActsFatras:/cvmfs/sphenix.sdcc.bnl.gov/alma9.2-gcc-14.2.0/release/release_new/new.10/include/ffarawmodules:/cvmfs/sphenix.sdcc.bnl.gov/alma9.2-gcc-14.2.0/release/release_new/new.10/include/Event:/cvmfs/sphenix.sdcc.bnl.gov/alma9.2-gcc-14.2.0/release/release_new/new.10/include/prototype3:/cvmfs/sphenix.sdcc.bnl.gov/alma9.2-gcc-14.2.0/release/release_new/new.10/include/fermimotionafterburner:/cvmfs/sphenix.sdcc.bnl.gov/alma9.2-gcc-14.2.0/release/release_new/new.10/include/Photos:/cvmfs/sphenix.sdcc.bnl.gov/alma9.2-gcc-14.2.0/release/release_new/new.10/include/xingshiftcal:/cvmfs/sphenix.sdcc.bnl.gov/alma9.2-gcc-14.2.0/release/release_new/new.10/include/trackbase:/cvmfs/sphenix.sdcc.bnl.gov/alma9.2-gcc-14.2.0/release/release_new/new.10/include/jetdstskimmer:/cvmfs/sphenix.sdcc.bnl.gov/alma9.2-gcc-14.2.0/release/release_new/new.10/include/clusteriso:/cvmfs/sphenix.sdcc.bnl.gov/alma9.2-gcc-14.2.0/release/release_new/new.10/include/asmjit:/cvmfs/sphenix.sdcc.bnl.gov/alma9.2-gcc-14.2.0/release/release_new/new.10/include/particleflowreco:/cvmfs/sphenix.sdcc.bnl.gov/alma9.2-gcc-14.2.0/release/release_new/new.10/include/tpchittrackdisplay:/cvmfs/sphenix.sdcc.bnl.gov/alma9.2-gcc-14.2.0/release/release_new/new.10/include/caloana:/cvmfs/sphenix.sdcc.bnl.gov/alma9.2-gcc-14.2.0/release/release_new/new.10/include/calotrigger:/cvmfs/sphenix.sdcc.bnl.gov/alma9.2-gcc-14.2.0/release/release_new/new.10/include/nopayloadclient:/cvmfs/sphenix.sdcc.bnl.gov/alma9.2-gcc-14.2.0/release/release_new/new.10/include/trackermillepedealignment:/cvmfs/sphenix.sdcc.bnl.gov/alma9.2-gcc-14.2.0/release/release_new/new.10/include/DD4hep:/cvmfs/sphenix.sdcc.bnl.gov/alma9.2-gcc-14.2.0/release/release_new/new.10/include/g4trackfastsim:/cvmfs/sphenix.sdcc.bnl.gov/alma9.2-gcc-14.2.0/release/release_new/new.10/include/prototype2:/cvmfs/sphenix.sdcc.bnl.gov/alma9.2-gcc-14.2.0/release/release_new/new.10/include/ATen:/cvmfs/sphenix.sdcc.bnl.gov/alma9.2-gcc-14.2.0/release/release_new/new.10/include/g4main:/cvmfs/sphenix.sdcc.bnl.gov/alma9.2-gcc-14.2.0/release/release_new/new.10/include/Tauola:/cvmfs/sphenix.sdcc.bnl.gov/alma9.2-gcc-14.2.0/release/release_new/new.10/include/inttcalib:/cvmfs/sphenix.sdcc.bnl.gov/alma9.2-gcc-14.2.0/release/release_new/new.10/include/reactionplaneafterburner:/cvmfs/sphenix.sdcc.bnl.gov/alma9.2-gcc-14.2.0/release/release_new/new.10/include/globalqa:/cvmfs/sphenix.sdcc.bnl.gov/alma9.2-gcc-14.2.0/release/release_new/new.10/include/tpccalib:/cvmfs/sphenix.sdcc.bnl.gov/alma9.2-gcc-14.2.0/release/release_new/new.10/include/DDSegmentation:/cvmfs/sphenix.sdcc.bnl.gov/alma9.2-gcc-14.2.0/release/release_new/new.10/include/decayfinder:/cvmfs/sphenix.sdcc.bnl.gov/alma9.2-gcc-14.2.0/release/release_new/new.10/include/compressclus:/cvmfs/sphenix.sdcc.bnl.gov/alma9.2-gcc-14.2.0/release/release_new/new.10/include/simqa_modules:/cvmfs/sphenix.sdcc.bnl.gov/alma9.2-gcc-14.2.0/release/release_new/new.10/include/resonancejettagging:/cvmfs/sphenix.sdcc.bnl.gov/alma9.2-gcc-14.2.0/release/release_new/new.10/include/g4centrality:/cvmfs/sphenix.sdcc.bnl.gov/alma9.2-gcc-14.2.0/release/release_new/new.10/include/mvtx:/cvmfs/sphenix.sdcc.bnl.gov/alma9.2-gcc-14.2.0/release/release_new/new.10/include/nlohmann:/cvmfs/sphenix.sdcc.bnl.gov/alma9.2-gcc-14.2.0/release/release_new/new.10/include/localpoloffmon:/cvmfs/sphenix.sdcc.bnl.gov/alma9.2-gcc-14.2.0/release/release_new/new.10/include/DDEve:/cvmfs/sphenix.sdcc.bnl.gov/alma9.2-gcc-14.2.0/release/release_new/new.10/include/Parsers:/cvmfs/sphenix.sdcc.bnl.gov/alma9.2-gcc-14.2.0/release/release_new/new.10/include/trackingdiagnostics:/cvmfs/sphenix.sdcc.bnl.gov/alma9.2-gcc-14.2.0/release/release_new/new.10/include/g4vertex:/cvmfs/sphenix.sdcc.bnl.gov/alma9.2-gcc-14.2.0/release/release_new/new.10/include/jetbase:/cvmfs/sphenix.sdcc.bnl.gov/alma9.2-gcc-14.2.0/release/release_new/new.10/include/globalvertex:/cvmfs/sphenix.sdcc.bnl.gov/alma9.2-gcc-14.2.0/release/release_new/new.10/include/phgenfit:/cvmfs/sphenix.sdcc.bnl.gov/alma9.2-gcc-14.2.0/release/release_new/new.10/include/rawbcolumi:/cvmfs/sphenix.sdcc.bnl.gov/alma9.2-gcc-14.2.0/release/release_new/new.10/include/eicsmear:/cvmfs/sphenix.sdcc.bnl.gov/alma9.2-gcc-14.2.0/release/release_new/new.10/include/mvtxcalib:/cvmfs/sphenix.sdcc.bnl.gov/alma9.2-gcc-14.2.0/release/release_new/new.10/include/tpclinelaserdiode:/cvmfs/sphenix.sdcc.bnl.gov/alma9.2-gcc-14.2.0/release/release_new/new.10/include/hepmcjettrigger:/cvmfs/sphenix.sdcc.bnl.gov/alma9.2-gcc-14.2.0/release/release_new/new.10/include/core:/cvmfs/sphenix.sdcc.bnl.gov/alma9.2-gcc-14.2.0/release/release_new/new.10/include/calo_cdb:/cvmfs/sphenix.sdcc.bnl.gov/alma9.2-gcc-14.2.0/release/release_new/new.10/include/mvtxclustershapesqa:/cvmfs/sphenix.sdcc.bnl.gov/alma9.2-gcc-14.2.0/release/release_new/new.10/include/calopacketskimmer:/cvmfs/sphenix.sdcc.bnl.gov/alma9.2-gcc-14.2.0/opt/sphenix/core/geant4.10.07.p04/include:/cvmfs/sphenix.sdcc.bnl.gov/alma9.2-gcc-14.2.0/release/release_new/new.10/rootmacros:/cvmfs/sphenix.sdcc.bnl.gov/alma9.2-gcc-14.2.0/opt/sphenix/core/include
GSEARCHPATH=.:PG:LUSTRE:RAWDATA
PWD=/gpfs/mnt/gpfs02/sphenix/user/samfred/run25/ppg11/histmaking
LOGNAME=samfred
_CONDOR_JOB_AD=/home/condor/local/sphnx/execute/dir_3721672/.job.ad
MANPATH=/cvmfs/sphenix.sdcc.bnl.gov/alma9.2-gcc-14.2.0/opt/sphenix/core/gcc/14.2.0-2f0a0/x86_64-el9/share/man:/cvmfs/sphenix.sdcc.bnl.gov/alma9.2-gcc-14.2.0/opt/sphenix/core/binutils/2.40-acaab/x86_64-el9/share/man:/cvmfs/sphenix.sdcc.bnl.gov/alma9.2-gcc-14.2.0/release/release_new/new.10/share/man:/cvmfs/sphenix.sdcc.bnl.gov/alma9.2-gcc-14.2.0/opt/sphenix/utils/share/man:/cvmfs/sphenix.sdcc.bnl.gov/alma9.2-gcc-14.2.0/opt/sphenix/core/share/man:/cvmfs/sphenix.sdcc.bnl.gov/alma9.2-gcc-14.2.0/opt/sphenix/core/root-6.32.06/man:/usr/local/share/man:/usr/share/man
PYTHIA8=/cvmfs/sphenix.sdcc.bnl.gov/alma9.2-gcc-14.2.0/release/release_new/new.10/share/Pythia8
G4INCLDATA=/cvmfs/sphenix.sdcc.bnl.gov/alma9.2-gcc-14.2.0/opt/sphenix/core/geant4.10.07.p04/share/Geant4-10.7.4/data/G4INCL1.0
ORIG_PATH=/usr/local/bin:/usr/bin
CXX=/cvmfs/sphenix.sdcc.bnl.gov/alma9.2-gcc-14.2.0/opt/sphenix/core/gcc/14.2.0-2f0a0/x86_64-el9/bin/g++
G4LEDATA=/cvmfs/sphenix.sdcc.bnl.gov/alma9.2-gcc-14.2.0/opt/sphenix/core/geant4.10.07.p04/share/Geant4-10.7.4/data/G4EMLOW7.13
PYTHON_CPU_COUNT=1
OPENBLAS_NUM_THREADS=1
_CONDOR_BIN=/usr/bin
_CONDOR_ANCESTOR_92760=92797:1758241473:3920809409
HOME=/sphenix/u/samfred
G4PARTICLEXSDATA=/cvmfs/sphenix.sdcc.bnl.gov/alma9.2-gcc-14.2.0/opt/sphenix/core/geant4.10.07.p04/share/Geant4-10.7.4/data/G4PARTICLEXS3.1.1
ONLINE_MAIN=/cvmfs/sphenix.sdcc.bnl.gov/alma9.2-gcc-14.2.0/release/release_new/new.10
CALIBRATIONROOT=/cvmfs/sphenix.sdcc.bnl.gov/alma9.2-gcc-14.2.0/release/release_new/new.10/share/calibrations
TMPDIR=/tmp
_CONDOR_SCRATCH_DIR=/home/condor/local/sphnx/execute/dir_3721672
PGUSER=phnxrc
NOPAYLOADCLIENT_CONF=/cvmfs/sphenix.sdcc.bnl.gov/alma9.2-gcc-14.2.0/opt/sphenix/core/etc/sPHENIX_newcdb.json
_CONDOR_ANCESTOR_3721672=3732180:1759352758:1531863826
XERCESCROOT=/cvmfs/sphenix.sdcc.bnl.gov/alma9.2-gcc-14.2.0/opt/sphenix/core/geant4.10.07.p04
LHAPATH=/cvmfs/sphenix.sdcc.bnl.gov/alma9.2-gcc-14.2.0/opt/sphenix/core/lhapdf-5.9.1/share/lhapdf/PDFsets
G4NEUTRONHPDATA=/cvmfs/sphenix.sdcc.bnl.gov/alma9.2-gcc-14.2.0/opt/sphenix/core/geant4.10.07.p04/share/Geant4-10.7.4/data/G4NDL4.6
PYTHONPATH=.:/cvmfs/sphenix.sdcc.bnl.gov/alma9.2-gcc-14.2.0/release/release_new/new.10/lib/python3.13/site-packages:/cvmfs/sphenix.sdcc.bnl.gov/alma9.2-gcc-14.2.0/opt/sphenix/core/lib/python3.13/site-packages:/cvmfs/sphenix.sdcc.bnl.gov/alma9.2-gcc-14.2.0/opt/sphenix/core/root-6.32.06/lib
USER=samfred
_CONDOR_JOB_PIDS=
TEMP=/tmp
GOMAXPROCS=1
OFFLINE_MAIN=/cvmfs/sphenix.sdcc.bnl.gov/alma9.2-gcc-14.2.0/release/release_new/new.10
SHLVL=1
TF_NUM_THREADS=1
G4SAIDXSDATA=/cvmfs/sphenix.sdcc.bnl.gov/alma9.2-gcc-14.2.0/opt/sphenix/core/geant4.10.07.p04/share/Geant4-10.7.4/data/G4SAIDDATA2.0
APPTAINER_CACHEDIR=/home/condor/local/sphnx/execute/dir_3721672
ROOTSYS=/cvmfs/sphenix.sdcc.bnl.gov/alma9.2-gcc-14.2.0/opt/sphenix/core/root-6.32.06
BATCH_SYSTEM=HTCondor
_CONDOR_SLOT=slot1_75
LD_LIBRARY_PATH=/sphenix/user/samfred/run25/install//lib:/cvmfs/sphenix.sdcc.bnl.gov/alma9.2-gcc-14.2.0/opt/sphenix/core/gcc/14.2.0-2f0a0/x86_64-el9/lib:/cvmfs/sphenix.sdcc.bnl.gov/alma9.2-gcc-14.2.0/opt/sphenix/core/gcc/14.2.0-2f0a0/x86_64-el9/lib64:/cvmfs/sphenix.sdcc.bnl.gov/alma9.2-gcc-14.2.0/opt/sphenix/core/binutils/2.40-acaab/x86_64-el9/lib:.:/cvmfs/sphenix.sdcc.bnl.gov/alma9.2-gcc-14.2.0/release/release_new/new.10/lib64:/cvmfs/sphenix.sdcc.bnl.gov/alma9.2-gcc-14.2.0/release/release_new/new.10/lib:/cvmfs/sphenix.sdcc.bnl.gov/alma9.2-gcc-14.2.0/opt/sphenix/utils/lib:/cvmfs/sphenix.sdcc.bnl.gov/alma9.2-gcc-14.2.0/opt/sphenix/core/lib:/cvmfs/sphenix.sdcc.bnl.gov/alma9.2-gcc-14.2.0/opt/sphenix/core/root-6.32.06/lib:/cvmfs/sphenix.sdcc.bnl.gov/alma9.2-gcc-14.2.0/opt/sphenix/core/geant4.10.07.p04/lib64:/cvmfs/sphenix.sdcc.bnl.gov/alma9.2-gcc-14.2.0/opt/sphenix/core/lhapdf-5.9.1/lib:/usr/local/lib64:/usr/lib64
OPT_SPHENIX=/cvmfs/sphenix.sdcc.bnl.gov/alma9.2-gcc-14.2.0/opt/sphenix/core
TF_LOOP_PARALLEL_ITERATIONS=1
EVT_LIB=/cvmfs/sphenix.sdcc.bnl.gov/alma9.2-gcc-14.2.0/opt/sphenix/core/root-6.32.06/lib
PGHOST=sphnxdbmaster.sdcc.bnl.gov
OMP_NUM_THREADS=1
G4REALSURFACEDATA=/cvmfs/sphenix.sdcc.bnl.gov/alma9.2-gcc-14.2.0/opt/sphenix/core/geant4.10.07.p04/share/Geant4-10.7.4/data/RealSurface2.2
FC=/cvmfs/sphenix.sdcc.bnl.gov/alma9.2-gcc-14.2.0/opt/sphenix/core/gcc/14.2.0-2f0a0/x86_64-el9/bin/gfortran
G4ABLADATA=/cvmfs/sphenix.sdcc.bnl.gov/alma9.2-gcc-14.2.0/opt/sphenix/core/geant4.10.07.p04/share/Geant4-10.7.4/data/G4ABLA3.1
PARASOFT=doesnotexist
TMP=/tmp
OPT_UTILS=/cvmfs/sphenix.sdcc.bnl.gov/alma9.2-gcc-14.2.0/opt/sphenix/utils
CONFIG_SITE=/cvmfs/sphenix.sdcc.bnl.gov/alma9.2-gcc-14.2.0/opt/sphenix/core/etc/config.site
PATH=/sphenix/user/samfred/run25/install//bin:/cvmfs/sphenix.sdcc.bnl.gov/alma9.2-gcc-14.2.0/opt/sphenix/core/gcc/14.2.0-2f0a0/x86_64-el9/bin:/cvmfs/sphenix.sdcc.bnl.gov/alma9.2-gcc-14.2.0/opt/sphenix/core/binutils/2.40-acaab/x86_64-el9/bin:.:/cvmfs/sphenix.sdcc.bnl.gov/alma9.2-gcc-14.2.0/release/release_new/new.10/bin:/cvmfs/sphenix.sdcc.bnl.gov/alma9.2-gcc-14.2.0/opt/sphenix/utils/bin:/cvmfs/sphenix.sdcc.bnl.gov/alma9.2-gcc-14.2.0/opt/sphenix/core/bin:/cvmfs/sphenix.sdcc.bnl.gov/alma9.2-gcc-14.2.0/opt/sphenix/core/root-6.32.06/bin:/cvmfs/sphenix.sdcc.bnl.gov/alma9.2-gcc-14.2.0/opt/sphenix/core/geant4.10.07.p04/bin:/usr/local/bin:/usr/bin:/usr/local/sbin:/usr/sbin
G4LEVELGAMMADATA=/cvmfs/sphenix.sdcc.bnl.gov/alma9.2-gcc-14.2.0/opt/sphenix/core/geant4.10.07.p04/share/Geant4-10.7.4/data/PhotonEvaporation5.7
CC=/cvmfs/sphenix.sdcc.bnl.gov/alma9.2-gcc-14.2.0/opt/sphenix/core/gcc/14.2.0-2f0a0/x86_64-el9/bin/gcc
G4RADIOACTIVEDATA=/cvmfs/sphenix.sdcc.bnl.gov/alma9.2-gcc-14.2.0/opt/sphenix/core/geant4.10.07.p04/share/Geant4-10.7.4/data/RadioactiveDecay5.6
JULIA_NUM_THREADS=1
MKL_NUM_THREADS=1
LHAPDF_DATA_PATH=/cvmfs/sphenix.sdcc.bnl.gov/alma9.2-gcc-14.2.0/release/release_new/new.10/share/LHAPDF
XPLOAD_CONFIG_DIR=/cvmfs/sphenix.sdcc.bnl.gov/alma9.2-gcc-14.2.0/opt/sphenix/core/etc
OLDPWD=/cvmfs/sphenix.sdcc.bnl.gov/alma9.2-gcc-14.2.0/release/release_new/new.10/geant4
_=/usr/bin/printenv
runnumber...
53622
trigger...

   ------------------------------------------------------------------
  | Welcome to ROOT 6.32.06                        https://root.cern |
  | (c) 1995-2024, The ROOT Team; conception: R. Brun, F. Rademakers |
  | Built for linuxx8664gcc on Dec 13 2024, 17:23:48                 |
  | From tags/6-32-06@6-32-06                                        |
  | With g++ (GCC) 14.2.0                                            |
  | Try '.help'/'.?', '.demo', '.license', '.credits', '.quit'/'.q'  |
   ------------------------------------------------------------------


Processing data_histmaker.C(53622)...
entry 4000/1299253 (0.307869%)
entry 5000/1299253 (0.384837%)
entry 6000/1299253 (0.461804%)
entry 7000/1299253 (0.538771%)
entry 9000/1299253 (0.692706%)
entry 11000/1299253 (0.84664%)
entry 13000/1299253 (1.00057%)
entry 15000/1299253 (1.15451%)
entry 17000/1299253 (1.30844%)
entry 19000/1299253 (1.46238%)
entry 20000/1299253 (1.53935%)
entry 22000/1299253 (1.69328%)
entry 24000/1299253 (1.84722%)
entry 26000/1299253 (2.00115%)
entry 27000/1299253 (2.07812%)
entry 28000/1299253 (2.15508%)
entry 29000/1299253 (2.23205%)
entry 30000/1299253 (2.30902%)
entry 31000/1299253 (2.38599%)
entry 35000/1299253 (2.69386%)
entry 36000/1299253 (2.77082%)
entry 38000/1299253 (2.92476%)
entry 39000/1299253 (3.00172%)
entry 40000/1299253 (3.07869%)
entry 41000/1299253 (3.15566%)
entry 43000/1299253 (3.30959%)
entry 44000/1299253 (3.38656%)
entry 47000/1299253 (3.61746%)
entry 48000/1299253 (3.69443%)
entry 51000/1299253 (3.92533%)
entry 52000/1299253 (4.0023%)
entry 54000/1299253 (4.15623%)
entry 55000/1299253 (4.2332%)
entry 58000/1299253 (4.4641%)
entry 59000/1299253 (4.54107%)
entry 60000/1299253 (4.61804%)
entry 61000/1299253 (4.69501%)
entry 65000/1299253 (5.00287%)
entry 66000/1299253 (5.07984%)
entry 67000/1299253 (5.15681%)
entry 68000/1299253 (5.23378%)
entry 70000/1299253 (5.38771%)
entry 71000/1299253 (5.46468%)
entry 72000/1299253 (5.54165%)
entry 74000/1299253 (5.69558%)
entry 75000/1299253 (5.77255%)
entry 77000/1299253 (5.92648%)
entry 78000/1299253 (6.00345%)
entry 79000/1299253 (6.08042%)
entry 81000/1299253 (6.23435%)
entry 84000/1299253 (6.46525%)
entry 85000/1299253 (6.54222%)
entry 86000/1299253 (6.61919%)
entry 88000/1299253 (6.77312%)
entry 89000/1299253 (6.85009%)
entry 90000/1299253 (6.92706%)
entry 93000/1299253 (7.15796%)
entry 94000/1299253 (7.23493%)
entry 96000/1299253 (7.38886%)
entry 98000/1299253 (7.5428%)
entry 99000/1299253 (7.61976%)
entry 100000/1299253 (7.69673%)
entry 101000/1299253 (7.7737%)
entry 102000/1299253 (7.85066%)
entry 103000/1299253 (7.92763%)
entry 104000/1299253 (8.0046%)
entry 105000/1299253 (8.08157%)
entry 107000/1299253 (8.2355%)
entry 108000/1299253 (8.31247%)
entry 109000/1299253 (8.38944%)
entry 112000/1299253 (8.62034%)
entry 115000/1299253 (8.85124%)
entry 116000/1299253 (8.92821%)
entry 117000/1299253 (9.00517%)
entry 118000/1299253 (9.08214%)
entry 120000/1299253 (9.23608%)
entry 121000/1299253 (9.31304%)
entry 122000/1299253 (9.39001%)
entry 123000/1299253 (9.46698%)
entry 124000/1299253 (9.54395%)
entry 126000/1299253 (9.69788%)
entry 127000/1299253 (9.77485%)
entry 128000/1299253 (9.85181%)
entry 129000/1299253 (9.92878%)
entry 130000/1299253 (10.0057%)
entry 132000/1299253 (10.1597%)
entry 133000/1299253 (10.2367%)
entry 134000/1299253 (10.3136%)
entry 138000/1299253 (10.6215%)
entry 139000/1299253 (10.6985%)
entry 140000/1299253 (10.7754%)
entry 141000/1299253 (10.8524%)
entry 142000/1299253 (10.9294%)
entry 144000/1299253 (11.0833%)
entry 145000/1299253 (11.1603%)
entry 148000/1299253 (11.3912%)
entry 149000/1299253 (11.4681%)
entry 153000/1299253 (11.776%)
entry 154000/1299253 (11.853%)
entry 155000/1299253 (11.9299%)
entry 156000/1299253 (12.0069%)
entry 157000/1299253 (12.0839%)
entry 159000/1299253 (12.2378%)
entry 160000/1299253 (12.3148%)
entry 161000/1299253 (12.3917%)
entry 163000/1299253 (12.5457%)
entry 164000/1299253 (12.6226%)
entry 165000/1299253 (12.6996%)
entry 166000/1299253 (12.7766%)
entry 167000/1299253 (12.8535%)
entry 168000/1299253 (12.9305%)
entry 170000/1299253 (13.0844%)
entry 171000/1299253 (13.1614%)
entry 172000/1299253 (13.2384%)
entry 174000/1299253 (13.3923%)
entry 175000/1299253 (13.4693%)
entry 176000/1299253 (13.5462%)
entry 177000/1299253 (13.6232%)
entry 178000/1299253 (13.7002%)
entry 181000/1299253 (13.9311%)
entry 182000/1299253 (14.008%)
entry 189000/1299253 (14.5468%)
entry 190000/1299253 (14.6238%)
entry 192000/1299253 (14.7777%)
entry 194000/1299253 (14.9317%)
entry 195000/1299253 (15.0086%)
entry 196000/1299253 (15.0856%)
entry 199000/1299253 (15.3165%)
entry 202000/1299253 (15.5474%)
entry 208000/1299253 (16.0092%)
entry 209000/1299253 (16.0862%)
entry 211000/1299253 (16.2401%)
entry 213000/1299253 (16.394%)
entry 214000/1299253 (16.471%)
entry 215000/1299253 (16.548%)
entry 216000/1299253 (16.6249%)
entry 217000/1299253 (16.7019%)
entry 218000/1299253 (16.7789%)
entry 221000/1299253 (17.0098%)
entry 222000/1299253 (17.0867%)
entry 223000/1299253 (17.1637%)
entry 224000/1299253 (17.2407%)
entry 225000/1299253 (17.3176%)
entry 226000/1299253 (17.3946%)
entry 229000/1299253 (17.6255%)
entry 230000/1299253 (17.7025%)
entry 231000/1299253 (17.7794%)
entry 232000/1299253 (17.8564%)
entry 233000/1299253 (17.9334%)
entry 234000/1299253 (18.0103%)
entry 238000/1299253 (18.3182%)
entry 240000/1299253 (18.4722%)
entry 241000/1299253 (18.5491%)
entry 242000/1299253 (18.6261%)
entry 243000/1299253 (18.7031%)
entry 244000/1299253 (18.78%)
entry 248000/1299253 (19.0879%)
entry 250000/1299253 (19.2418%)
entry 251000/1299253 (19.3188%)
entry 252000/1299253 (19.3958%)
entry 254000/1299253 (19.5497%)
entry 255000/1299253 (19.6267%)
entry 256000/1299253 (19.7036%)
entry 257000/1299253 (19.7806%)
entry 259000/1299253 (19.9345%)
entry 260000/1299253 (20.0115%)
entry 261000/1299253 (20.0885%)
entry 264000/1299253 (20.3194%)
entry 266000/1299253 (20.4733%)
entry 268000/1299253 (20.6272%)
entry 272000/1299253 (20.9351%)
entry 273000/1299253 (21.0121%)
entry 274000/1299253 (21.089%)
entry 277000/1299253 (21.3199%)
entry 278000/1299253 (21.3969%)
entry 281000/1299253 (21.6278%)
entry 284000/1299253 (21.8587%)
entry 286000/1299253 (22.0126%)
entry 287000/1299253 (22.0896%)
entry 289000/1299253 (22.2436%)
entry 290000/1299253 (22.3205%)
entry 291000/1299253 (22.3975%)
entry 293000/1299253 (22.5514%)
entry 295000/1299253 (22.7054%)
entry 296000/1299253 (22.7823%)
entry 299000/1299253 (23.0132%)
entry 300000/1299253 (23.0902%)
entry 301000/1299253 (23.1672%)
entry 303000/1299253 (23.3211%)
entry 304000/1299253 (23.3981%)
entry 305000/1299253 (23.475%)
entry 306000/1299253 (23.552%)
entry 309000/1299253 (23.7829%)
entry 310000/1299253 (23.8599%)
entry 314000/1299253 (24.1677%)
entry 315000/1299253 (24.2447%)
entry 316000/1299253 (24.3217%)
entry 317000/1299253 (24.3986%)
entry 318000/1299253 (24.4756%)
entry 319000/1299253 (24.5526%)
entry 320000/1299253 (24.6295%)
entry 321000/1299253 (24.7065%)
entry 322000/1299253 (24.7835%)
entry 324000/1299253 (24.9374%)
entry 325000/1299253 (25.0144%)
entry 326000/1299253 (25.0913%)
entry 327000/1299253 (25.1683%)
entry 328000/1299253 (25.2453%)
entry 329000/1299253 (25.3222%)
entry 334000/1299253 (25.7071%)
entry 337000/1299253 (25.938%)
entry 338000/1299253 (26.0149%)
entry 339000/1299253 (26.0919%)
entry 340000/1299253 (26.1689%)
entry 342000/1299253 (26.3228%)
entry 343000/1299253 (26.3998%)
entry 346000/1299253 (26.6307%)
entry 347000/1299253 (26.7077%)
entry 348000/1299253 (26.7846%)
entry 349000/1299253 (26.8616%)
entry 350000/1299253 (26.9386%)
entry 354000/1299253 (27.2464%)
entry 360000/1299253 (27.7082%)
entry 361000/1299253 (27.7852%)
entry 362000/1299253 (27.8622%)
entry 363000/1299253 (27.9391%)
entry 364000/1299253 (28.0161%)
entry 366000/1299253 (28.17%)
entry 367000/1299253 (28.247%)
entry 370000/1299253 (28.4779%)
entry 372000/1299253 (28.6318%)
entry 373000/1299253 (28.7088%)
entry 374000/1299253 (28.7858%)
entry 376000/1299253 (28.9397%)
entry 378000/1299253 (29.0936%)
entry 379000/1299253 (29.1706%)
entry 380000/1299253 (29.2476%)
entry 381000/1299253 (29.3245%)
entry 383000/1299253 (29.4785%)
entry 385000/1299253 (29.6324%)
entry 388000/1299253 (29.8633%)
entry 389000/1299253 (29.9403%)
entry 390000/1299253 (30.0172%)
entry 392000/1299253 (30.1712%)
entry 393000/1299253 (30.2482%)
entry 395000/1299253 (30.4021%)
entry 396000/1299253 (30.4791%)
entry 397000/1299253 (30.556%)
entry 401000/1299253 (30.8639%)
entry 402000/1299253 (30.9409%)
entry 403000/1299253 (31.0178%)
entry 405000/1299253 (31.1718%)
entry 406000/1299253 (31.2487%)
entry 407000/1299253 (31.3257%)
entry 408000/1299253 (31.4027%)
entry 409000/1299253 (31.4796%)
entry 410000/1299253 (31.5566%)
entry 413000/1299253 (31.7875%)
entry 414000/1299253 (31.8645%)
entry 415000/1299253 (31.9414%)
entry 416000/1299253 (32.0184%)
entry 417000/1299253 (32.0954%)
entry 418000/1299253 (32.1723%)
entry 422000/1299253 (32.4802%)
entry 423000/1299253 (32.5572%)
entry 427000/1299253 (32.865%)
entry 428000/1299253 (32.942%)
entry 432000/1299253 (33.2499%)
entry 433000/1299253 (33.3268%)
entry 435000/1299253 (33.4808%)
entry 437000/1299253 (33.6347%)
entry 440000/1299253 (33.8656%)
entry 442000/1299253 (34.0195%)
entry 443000/1299253 (34.0965%)
entry 445000/1299253 (34.2505%)
entry 447000/1299253 (34.4044%)
entry 449000/1299253 (34.5583%)
entry 450000/1299253 (34.6353%)
entry 451000/1299253 (34.7123%)
entry 452000/1299253 (34.7892%)
entry 453000/1299253 (34.8662%)
entry 454000/1299253 (34.9432%)
entry 455000/1299253 (35.0201%)
entry 456000/1299253 (35.0971%)
entry 457000/1299253 (35.1741%)
entry 458000/1299253 (35.251%)
entry 459000/1299253 (35.328%)
entry 460000/1299253 (35.405%)
entry 461000/1299253 (35.4819%)
entry 463000/1299253 (35.6359%)
entry 464000/1299253 (35.7128%)
entry 465000/1299253 (35.7898%)
entry 467000/1299253 (35.9437%)
entry 468000/1299253 (36.0207%)
entry 469000/1299253 (36.0977%)
entry 470000/1299253 (36.1746%)
entry 471000/1299253 (36.2516%)
entry 472000/1299253 (36.3286%)
entry 477000/1299253 (36.7134%)
entry 478000/1299253 (36.7904%)
entry 480000/1299253 (36.9443%)
entry 482000/1299253 (37.0982%)
entry 483000/1299253 (37.1752%)
entry 486000/1299253 (37.4061%)
entry 487000/1299253 (37.4831%)
entry 488000/1299253 (37.56%)
entry 491000/1299253 (37.7909%)
entry 492000/1299253 (37.8679%)
entry 494000/1299253 (38.0218%)
entry 496000/1299253 (38.1758%)
entry 500000/1299253 (38.4837%)
entry 501000/1299253 (38.5606%)
entry 504000/1299253 (38.7915%)
entry 505000/1299253 (38.8685%)
entry 507000/1299253 (39.0224%)
entry 512000/1299253 (39.4073%)
entry 513000/1299253 (39.4842%)
entry 515000/1299253 (39.6382%)
entry 516000/1299253 (39.7151%)
entry 520000/1299253 (40.023%)
entry 524000/1299253 (40.3309%)
entry 526000/1299253 (40.4848%)
entry 527000/1299253 (40.5618%)
entry 528000/1299253 (40.6387%)
entry 530000/1299253 (40.7927%)
entry 533000/1299253 (41.0236%)
entry 534000/1299253 (41.1005%)
entry 535000/1299253 (41.1775%)
entry 536000/1299253 (41.2545%)
entry 537000/1299253 (41.3314%)
entry 539000/1299253 (41.4854%)
entry 541000/1299253 (41.6393%)
entry 544000/1299253 (41.8702%)
entry 545000/1299253 (41.9472%)
entry 546000/1299253 (42.0241%)
entry 548000/1299253 (42.1781%)
entry 550000/1299253 (42.332%)
entry 552000/1299253 (42.486%)
entry 555000/1299253 (42.7169%)
entry 556000/1299253 (42.7938%)
entry 558000/1299253 (42.9478%)
entry 560000/1299253 (43.1017%)
entry 561000/1299253 (43.1787%)
entry 562000/1299253 (43.2556%)
entry 563000/1299253 (43.3326%)
entry 564000/1299253 (43.4096%)
entry 565000/1299253 (43.4865%)
entry 568000/1299253 (43.7174%)
entry 570000/1299253 (43.8714%)
entry 571000/1299253 (43.9483%)
entry 572000/1299253 (44.0253%)
entry 573000/1299253 (44.1023%)
entry 576000/1299253 (44.3332%)
entry 577000/1299253 (44.4101%)
entry 578000/1299253 (44.4871%)
entry 580000/1299253 (44.641%)
entry 581000/1299253 (44.718%)
entry 583000/1299253 (44.8719%)
entry 584000/1299253 (44.9489%)
entry 585000/1299253 (45.0259%)
entry 587000/1299253 (45.1798%)
entry 589000/1299253 (45.3337%)
entry 590000/1299253 (45.4107%)
entry 591000/1299253 (45.4877%)
entry 593000/1299253 (45.6416%)
entry 594000/1299253 (45.7186%)
entry 595000/1299253 (45.7955%)
entry 596000/1299253 (45.8725%)
entry 598000/1299253 (46.0264%)
entry 599000/1299253 (46.1034%)
entry 601000/1299253 (46.2573%)
entry 602000/1299253 (46.3343%)
entry 603000/1299253 (46.4113%)
entry 604000/1299253 (46.4883%)
entry 606000/1299253 (46.6422%)
entry 611000/1299253 (47.027%)
entry 612000/1299253 (47.104%)
entry 615000/1299253 (47.3349%)
entry 620000/1299253 (47.7197%)
entry 621000/1299253 (47.7967%)
entry 622000/1299253 (47.8737%)
entry 623000/1299253 (47.9506%)
entry 624000/1299253 (48.0276%)
entry 625000/1299253 (48.1046%)
entry 626000/1299253 (48.1815%)
entry 628000/1299253 (48.3355%)
entry 632000/1299253 (48.6433%)
entry 633000/1299253 (48.7203%)
entry 635000/1299253 (48.8742%)
entry 636000/1299253 (48.9512%)
entry 637000/1299253 (49.0282%)
entry 638000/1299253 (49.1051%)
entry 640000/1299253 (49.2591%)
entry 641000/1299253 (49.336%)
entry 643000/1299253 (49.49%)
entry 644000/1299253 (49.5669%)
entry 647000/1299253 (49.7978%)
entry 648000/1299253 (49.8748%)
entry 650000/1299253 (50.0287%)
entry 654000/1299253 (50.3366%)
entry 655000/1299253 (50.4136%)
entry 657000/1299253 (50.5675%)
entry 660000/1299253 (50.7984%)
entry 661000/1299253 (50.8754%)
entry 662000/1299253 (50.9524%)
entry 667000/1299253 (51.3372%)
entry 668000/1299253 (51.4142%)
entry 672000/1299253 (51.722%)
entry 673000/1299253 (51.799%)
entry 675000/1299253 (51.9529%)
entry 676000/1299253 (52.0299%)
entry 678000/1299253 (52.1838%)
entry 680000/1299253 (52.3378%)
entry 682000/1299253 (52.4917%)
entry 683000/1299253 (52.5687%)
entry 684000/1299253 (52.6456%)
entry 686000/1299253 (52.7996%)
entry 688000/1299253 (52.9535%)
entry 689000/1299253 (53.0305%)
entry 693000/1299253 (53.3383%)
entry 694000/1299253 (53.4153%)
entry 696000/1299253 (53.5692%)
entry 700000/1299253 (53.8771%)
entry 701000/1299253 (53.9541%)
entry 703000/1299253 (54.108%)
entry 704000/1299253 (54.185%)
entry 705000/1299253 (54.2619%)
entry 706000/1299253 (54.3389%)
entry 709000/1299253 (54.5698%)
entry 710000/1299253 (54.6468%)
entry 711000/1299253 (54.7238%)
entry 712000/1299253 (54.8007%)
entry 713000/1299253 (54.8777%)
entry 714000/1299253 (54.9547%)
entry 715000/1299253 (55.0316%)
entry 719000/1299253 (55.3395%)
entry 720000/1299253 (55.4165%)
entry 721000/1299253 (55.4934%)
entry 723000/1299253 (55.6474%)
entry 724000/1299253 (55.7243%)
entry 725000/1299253 (55.8013%)
entry 726000/1299253 (55.8783%)
entry 727000/1299253 (55.9552%)
entry 728000/1299253 (56.0322%)
entry 732000/1299253 (56.3401%)
entry 734000/1299253 (56.494%)
entry 735000/1299253 (56.571%)
entry 737000/1299253 (56.7249%)
entry 740000/1299253 (56.9558%)
entry 741000/1299253 (57.0328%)
entry 743000/1299253 (57.1867%)
entry 744000/1299253 (57.2637%)
entry 745000/1299253 (57.3406%)
entry 747000/1299253 (57.4946%)
entry 749000/1299253 (57.6485%)
entry 750000/1299253 (57.7255%)
entry 751000/1299253 (57.8024%)
entry 753000/1299253 (57.9564%)
entry 754000/1299253 (58.0333%)
entry 755000/1299253 (58.1103%)
entry 757000/1299253 (58.2642%)
entry 758000/1299253 (58.3412%)
entry 761000/1299253 (58.5721%)
entry 766000/1299253 (58.957%)
entry 767000/1299253 (59.0339%)
entry 769000/1299253 (59.1879%)
entry 770000/1299253 (59.2648%)
entry 771000/1299253 (59.3418%)
entry 773000/1299253 (59.4957%)
entry 774000/1299253 (59.5727%)
entry 775000/1299253 (59.6497%)
entry 778000/1299253 (59.8806%)
entry 779000/1299253 (59.9575%)
entry 781000/1299253 (60.1115%)
entry 783000/1299253 (60.2654%)
entry 785000/1299253 (60.4193%)
entry 786000/1299253 (60.4963%)
entry 787000/1299253 (60.5733%)
entry 788000/1299253 (60.6502%)
entry 791000/1299253 (60.8811%)
entry 792000/1299253 (60.9581%)
entry 795000/1299253 (61.189%)
entry 798000/1299253 (61.4199%)
entry 799000/1299253 (61.4969%)
entry 801000/1299253 (61.6508%)
entry 802000/1299253 (61.7278%)
entry 804000/1299253 (61.8817%)
entry 805000/1299253 (61.9587%)
entry 808000/1299253 (62.1896%)
entry 810000/1299253 (62.3435%)
entry 812000/1299253 (62.4974%)
entry 814000/1299253 (62.6514%)
entry 815000/1299253 (62.7284%)
entry 817000/1299253 (62.8823%)
entry 821000/1299253 (63.1902%)
entry 823000/1299253 (63.3441%)
entry 825000/1299253 (63.498%)
entry 826000/1299253 (63.575%)
entry 830000/1299253 (63.8829%)
entry 831000/1299253 (63.9598%)
entry 833000/1299253 (64.1138%)
entry 834000/1299253 (64.1907%)
entry 835000/1299253 (64.2677%)
entry 837000/1299253 (64.4216%)
entry 839000/1299253 (64.5756%)
entry 840000/1299253 (64.6525%)
entry 841000/1299253 (64.7295%)
entry 842000/1299253 (64.8065%)
entry 843000/1299253 (64.8834%)
entry 844000/1299253 (64.9604%)
entry 845000/1299253 (65.0374%)
entry 846000/1299253 (65.1143%)
entry 847000/1299253 (65.1913%)
entry 850000/1299253 (65.4222%)
entry 852000/1299253 (65.5761%)
entry 855000/1299253 (65.807%)
entry 856000/1299253 (65.884%)
entry 857000/1299253 (65.961%)
entry 859000/1299253 (66.1149%)
entry 860000/1299253 (66.1919%)
entry 862000/1299253 (66.3458%)
entry 863000/1299253 (66.4228%)
entry 864000/1299253 (66.4998%)
entry 865000/1299253 (66.5767%)
entry 867000/1299253 (66.7307%)
entry 870000/1299253 (66.9616%)
entry 871000/1299253 (67.0385%)
entry 872000/1299253 (67.1155%)
entry 876000/1299253 (67.4234%)
entry 877000/1299253 (67.5003%)
entry 878000/1299253 (67.5773%)
entry 879000/1299253 (67.6543%)
entry 880000/1299253 (67.7312%)
entry 881000/1299253 (67.8082%)
entry 882000/1299253 (67.8852%)
entry 883000/1299253 (67.9621%)
entry 884000/1299253 (68.0391%)
entry 885000/1299253 (68.1161%)
entry 886000/1299253 (68.193%)
entry 887000/1299253 (68.27%)
entry 888000/1299253 (68.347%)
entry 889000/1299253 (68.4239%)
entry 890000/1299253 (68.5009%)
entry 891000/1299253 (68.5779%)
entry 892000/1299253 (68.6548%)
entry 894000/1299253 (68.8088%)
entry 896000/1299253 (68.9627%)
entry 897000/1299253 (69.0397%)
entry 898000/1299253 (69.1166%)
entry 900000/1299253 (69.2706%)
entry 901000/1299253 (69.3475%)
entry 902000/1299253 (69.4245%)
entry 903000/1299253 (69.5015%)
entry 904000/1299253 (69.5784%)
entry 905000/1299253 (69.6554%)
entry 908000/1299253 (69.8863%)
entry 910000/1299253 (70.0402%)
entry 912000/1299253 (70.1942%)
entry 913000/1299253 (70.2711%)
entry 915000/1299253 (70.4251%)
entry 916000/1299253 (70.502%)
entry 918000/1299253 (70.656%)
entry 920000/1299253 (70.8099%)
entry 921000/1299253 (70.8869%)
entry 922000/1299253 (70.9639%)
entry 925000/1299253 (71.1948%)
entry 926000/1299253 (71.2717%)
entry 927000/1299253 (71.3487%)
entry 928000/1299253 (71.4257%)
entry 929000/1299253 (71.5026%)
entry 932000/1299253 (71.7335%)
entry 933000/1299253 (71.8105%)
entry 936000/1299253 (72.0414%)
entry 937000/1299253 (72.1184%)
entry 939000/1299253 (72.2723%)
entry 942000/1299253 (72.5032%)
entry 943000/1299253 (72.5802%)
entry 944000/1299253 (72.6571%)
entry 946000/1299253 (72.8111%)
entry 947000/1299253 (72.888%)
entry 950000/1299253 (73.1189%)
entry 952000/1299253 (73.2729%)
entry 953000/1299253 (73.3498%)
entry 954000/1299253 (73.4268%)
entry 955000/1299253 (73.5038%)
entry 958000/1299253 (73.7347%)
entry 959000/1299253 (73.8116%)
entry 962000/1299253 (74.0425%)
entry 963000/1299253 (74.1195%)
entry 964000/1299253 (74.1965%)
entry 965000/1299253 (74.2734%)
entry 968000/1299253 (74.5044%)
entry 969000/1299253 (74.5813%)
entry 971000/1299253 (74.7353%)
entry 973000/1299253 (74.8892%)
entry 974000/1299253 (74.9662%)
entry 976000/1299253 (75.1201%)
entry 977000/1299253 (75.1971%)
entry 978000/1299253 (75.274%)
entry 979000/1299253 (75.351%)
entry 980000/1299253 (75.428%)
entry 982000/1299253 (75.5819%)
entry 986000/1299253 (75.8898%)
entry 987000/1299253 (75.9667%)
entry 988000/1299253 (76.0437%)
entry 989000/1299253 (76.1207%)
entry 991000/1299253 (76.2746%)
entry 994000/1299253 (76.5055%)
entry 997000/1299253 (76.7364%)
entry 998000/1299253 (76.8134%)
entry 999000/1299253 (76.8903%)
entry 1001000/1299253 (77.0443%)
entry 1002000/1299253 (77.1212%)
entry 1003000/1299253 (77.1982%)
entry 1005000/1299253 (77.3521%)
entry 1006000/1299253 (77.4291%)
entry 1007000/1299253 (77.5061%)
entry 1010000/1299253 (77.737%)
entry 1011000/1299253 (77.8139%)
entry 1012000/1299253 (77.8909%)
entry 1014000/1299253 (78.0448%)
entry 1015000/1299253 (78.1218%)
entry 1017000/1299253 (78.2757%)
entry 1018000/1299253 (78.3527%)
entry 1019000/1299253 (78.4297%)
entry 1021000/1299253 (78.5836%)
entry 1023000/1299253 (78.7376%)
entry 1024000/1299253 (78.8145%)
entry 1027000/1299253 (79.0454%)
entry 1030000/1299253 (79.2763%)
entry 1031000/1299253 (79.3533%)
entry 1032000/1299253 (79.4303%)
entry 1033000/1299253 (79.5072%)
entry 1034000/1299253 (79.5842%)
entry 1039000/1299253 (79.969%)
entry 1042000/1299253 (80.1999%)
entry 1043000/1299253 (80.2769%)
entry 1046000/1299253 (80.5078%)
entry 1048000/1299253 (80.6617%)
entry 1049000/1299253 (80.7387%)
entry 1050000/1299253 (80.8157%)
entry 1054000/1299253 (81.1235%)
entry 1055000/1299253 (81.2005%)
entry 1056000/1299253 (81.2775%)
entry 1057000/1299253 (81.3544%)
entry 1058000/1299253 (81.4314%)
entry 1059000/1299253 (81.5084%)
entry 1060000/1299253 (81.5853%)
entry 1061000/1299253 (81.6623%)
entry 1062000/1299253 (81.7393%)
entry 1063000/1299253 (81.8162%)
entry 1065000/1299253 (81.9702%)
entry 1068000/1299253 (82.2011%)
entry 1070000/1299253 (82.355%)
entry 1072000/1299253 (82.509%)
entry 1073000/1299253 (82.5859%)
entry 1075000/1299253 (82.7399%)
entry 1077000/1299253 (82.8938%)
entry 1078000/1299253 (82.9708%)
entry 1079000/1299253 (83.0477%)
entry 1081000/1299253 (83.2017%)
entry 1083000/1299253 (83.3556%)
entry 1084000/1299253 (83.4326%)
entry 1085000/1299253 (83.5095%)
entry 1086000/1299253 (83.5865%)
entry 1087000/1299253 (83.6635%)
entry 1090000/1299253 (83.8944%)
entry 1096000/1299253 (84.3562%)
entry 1097000/1299253 (84.4331%)
entry 1098000/1299253 (84.5101%)
entry 1099000/1299253 (84.5871%)
entry 1100000/1299253 (84.664%)
entry 1103000/1299253 (84.8949%)
entry 1104000/1299253 (84.9719%)
entry 1105000/1299253 (85.0489%)
entry 1106000/1299253 (85.1258%)
entry 1108000/1299253 (85.2798%)
entry 1109000/1299253 (85.3567%)
entry 1110000/1299253 (85.4337%)
entry 1111000/1299253 (85.5107%)
entry 1113000/1299253 (85.6646%)
entry 1115000/1299253 (85.8185%)
entry 1116000/1299253 (85.8955%)
entry 1118000/1299253 (86.0494%)
entry 1122000/1299253 (86.3573%)
entry 1123000/1299253 (86.4343%)
entry 1126000/1299253 (86.6652%)
entry 1127000/1299253 (86.7422%)
entry 1129000/1299253 (86.8961%)
entry 1130000/1299253 (86.9731%)
entry 1132000/1299253 (87.127%)
entry 1133000/1299253 (87.204%)
entry 1134000/1299253 (87.2809%)
entry 1136000/1299253 (87.4349%)
entry 1138000/1299253 (87.5888%)
entry 1141000/1299253 (87.8197%)
entry 1142000/1299253 (87.8967%)
entry 1143000/1299253 (87.9736%)
entry 1144000/1299253 (88.0506%)
entry 1146000/1299253 (88.2045%)
entry 1148000/1299253 (88.3585%)
entry 1149000/1299253 (88.4354%)
entry 1150000/1299253 (88.5124%)
entry 1151000/1299253 (88.5894%)
entry 1152000/1299253 (88.6663%)
entry 1153000/1299253 (88.7433%)
entry 1154000/1299253 (88.8203%)
entry 1155000/1299253 (88.8972%)
entry 1156000/1299253 (88.9742%)
entry 1157000/1299253 (89.0512%)
entry 1158000/1299253 (89.1281%)
entry 1160000/1299253 (89.2821%)
entry 1161000/1299253 (89.359%)
entry 1162000/1299253 (89.436%)
entry 1163000/1299253 (89.513%)
entry 1164000/1299253 (89.5899%)
entry 1167000/1299253 (89.8208%)
entry 1168000/1299253 (89.8978%)
entry 1169000/1299253 (89.9748%)
entry 1171000/1299253 (90.1287%)
entry 1173000/1299253 (90.2826%)
entry 1174000/1299253 (90.3596%)
entry 1175000/1299253 (90.4366%)
entry 1176000/1299253 (90.5136%)
entry 1177000/1299253 (90.5905%)
entry 1180000/1299253 (90.8214%)
entry 1181000/1299253 (90.8984%)
entry 1183000/1299253 (91.0523%)
entry 1184000/1299253 (91.1293%)
entry 1186000/1299253 (91.2832%)
entry 1187000/1299253 (91.3602%)
entry 1188000/1299253 (91.4372%)
entry 1189000/1299253 (91.5141%)
entry 1190000/1299253 (91.5911%)
entry 1191000/1299253 (91.6681%)
entry 1193000/1299253 (91.822%)
entry 1194000/1299253 (91.899%)
entry 1195000/1299253 (91.9759%)
entry 1197000/1299253 (92.1299%)
entry 1198000/1299253 (92.2068%)
entry 1200000/1299253 (92.3608%)
entry 1202000/1299253 (92.5147%)
entry 1203000/1299253 (92.5917%)
entry 1207000/1299253 (92.8995%)
entry 1208000/1299253 (92.9765%)
entry 1209000/1299253 (93.0535%)
entry 1210000/1299253 (93.1304%)
entry 1211000/1299253 (93.2074%)
entry 1212000/1299253 (93.2844%)
entry 1213000/1299253 (93.3613%)
entry 1214000/1299253 (93.4383%)
entry 1216000/1299253 (93.5922%)
entry 1218000/1299253 (93.7462%)
entry 1221000/1299253 (93.9771%)
entry 1222000/1299253 (94.054%)
entry 1223000/1299253 (94.131%)
entry 1224000/1299253 (94.208%)
entry 1228000/1299253 (94.5158%)
entry 1229000/1299253 (94.5928%)
entry 1230000/1299253 (94.6698%)
entry 1231000/1299253 (94.7468%)
entry 1232000/1299253 (94.8237%)
entry 1233000/1299253 (94.9007%)
entry 1234000/1299253 (94.9777%)
entry 1236000/1299253 (95.1316%)
entry 1237000/1299253 (95.2086%)
entry 1239000/1299253 (95.3625%)
entry 1240000/1299253 (95.4395%)
entry 1243000/1299253 (95.6704%)
entry 1244000/1299253 (95.7473%)
entry 1248000/1299253 (96.0552%)
entry 1249000/1299253 (96.1322%)
entry 1250000/1299253 (96.2091%)
entry 1251000/1299253 (96.2861%)
entry 1252000/1299253 (96.3631%)
entry 1254000/1299253 (96.517%)
entry 1256000/1299253 (96.6709%)
entry 1258000/1299253 (96.8249%)
entry 1259000/1299253 (96.9018%)
entry 1262000/1299253 (97.1327%)
entry 1263000/1299253 (97.2097%)
entry 1264000/1299253 (97.2867%)
entry 1265000/1299253 (97.3636%)
entry 1266000/1299253 (97.4406%)
entry 1268000/1299253 (97.5945%)
entry 1269000/1299253 (97.6715%)
entry 1270000/1299253 (97.7485%)
entry 1271000/1299253 (97.8254%)
entry 1272000/1299253 (97.9024%)
entry 1273000/1299253 (97.9794%)
entry 1275000/1299253 (98.1333%)
entry 1276000/1299253 (98.2103%)
entry 1280000/1299253 (98.5182%)
entry 1281000/1299253 (98.5951%)
entry 1283000/1299253 (98.749%)
entry 1285000/1299253 (98.903%)
entry 1287000/1299253 (99.0569%)
entry 1288000/1299253 (99.1339%)
entry 1289000/1299253 (99.2109%)
entry 1290000/1299253 (99.2878%)
entry 1291000/1299253 (99.3648%)
entry 1292000/1299253 (99.4418%)
entry 1294000/1299253 (99.5957%)
entry 1295000/1299253 (99.6727%)
entry 1297000/1299253 (99.8266%)
entry 1299000/1299253 (99.9805%)
all done
script done
