sphnx1162.sdcc.bnl.gov
rsyncing from /gpfs/mnt/gpfs02/sphenix/user/samfred/run25/ppg11/histmaking
running: /gpfs/mnt/gpfs02/sphenix/user/samfred/run25/ppg11/histmaking/script_data.sh 53685
LD_LIBRARY_PATH now /sphenix/user/samfred/run25/install//lib:/cvmfs/sphenix.sdcc.bnl.gov/alma9.2-gcc-14.2.0/opt/sphenix/core/gcc/14.2.0-2f0a0/x86_64-el9/lib:/cvmfs/sphenix.sdcc.bnl.gov/alma9.2-gcc-14.2.0/opt/sphenix/core/gcc/14.2.0-2f0a0/x86_64-el9/lib64:/cvmfs/sphenix.sdcc.bnl.gov/alma9.2-gcc-14.2.0/opt/sphenix/core/binutils/2.40-acaab/x86_64-el9/lib:.:/cvmfs/sphenix.sdcc.bnl.gov/alma9.2-gcc-14.2.0/release/release_new/new.10/lib64:/cvmfs/sphenix.sdcc.bnl.gov/alma9.2-gcc-14.2.0/release/release_new/new.10/lib:/cvmfs/sphenix.sdcc.bnl.gov/alma9.2-gcc-14.2.0/opt/sphenix/utils/lib:/cvmfs/sphenix.sdcc.bnl.gov/alma9.2-gcc-14.2.0/opt/sphenix/core/lib:/cvmfs/sphenix.sdcc.bnl.gov/alma9.2-gcc-14.2.0/opt/sphenix/core/root-6.32.06/lib:/cvmfs/sphenix.sdcc.bnl.gov/alma9.2-gcc-14.2.0/opt/sphenix/core/geant4.10.07.p04/lib64:/cvmfs/sphenix.sdcc.bnl.gov/alma9.2-gcc-14.2.0/opt/sphenix/core/lhapdf-5.9.1/lib:/usr/local/lib64:/usr/lib64
PATH now /sphenix/user/samfred/run25/install//bin:/cvmfs/sphenix.sdcc.bnl.gov/alma9.2-gcc-14.2.0/opt/sphenix/core/gcc/14.2.0-2f0a0/x86_64-el9/bin:/cvmfs/sphenix.sdcc.bnl.gov/alma9.2-gcc-14.2.0/opt/sphenix/core/binutils/2.40-acaab/x86_64-el9/bin:.:/cvmfs/sphenix.sdcc.bnl.gov/alma9.2-gcc-14.2.0/release/release_new/new.10/bin:/cvmfs/sphenix.sdcc.bnl.gov/alma9.2-gcc-14.2.0/opt/sphenix/utils/bin:/cvmfs/sphenix.sdcc.bnl.gov/alma9.2-gcc-14.2.0/opt/sphenix/core/bin:/cvmfs/sphenix.sdcc.bnl.gov/alma9.2-gcc-14.2.0/opt/sphenix/core/root-6.32.06/bin:/cvmfs/sphenix.sdcc.bnl.gov/alma9.2-gcc-14.2.0/opt/sphenix/core/geant4.10.07.p04/bin:/usr/local/bin:/usr/bin:/usr/local/sbin:/usr/sbin
SINGULARITY_CACHEDIR=/home/condor/local/sphnx/execute/dir_3487419
_CONDOR_CHIRP_CONFIG=/home/condor/local/sphnx/execute/dir_3487419/.chirp.config
_CONDOR_JOB_IWD=/sphenix/user/samfred/run25/ppg11/histmaking
G4ENSDFSTATEDATA=/cvmfs/sphenix.sdcc.bnl.gov/alma9.2-gcc-14.2.0/opt/sphenix/core/geant4.10.07.p04/share/Geant4-10.7.4/data/G4ENSDFSTATE2.3
_CONDOR_MACHINE_AD=/home/condor/local/sphnx/execute/dir_3487419/.machine.ad
_CONDOR_ANCESTOR_395012=3487419:1759352761:3978920367
ROOT_MAX_THREADS=1
_CONDOR_ANCESTOR_3487419=3488664:1759352761:1947218641
NUMEXPR_NUM_THREADS=1
CUBACORES=1
_CHIRP_DELAYED_UPDATE_PREFIX=Chirp*
OMP_THREAD_LIMIT=1
G4PIIDATA=/cvmfs/sphenix.sdcc.bnl.gov/alma9.2-gcc-14.2.0/opt/sphenix/core/geant4.10.07.p04/share/Geant4-10.7.4/data/G4PII1.3
NO_AT_BRIDGE=1
G4_MAIN=/cvmfs/sphenix.sdcc.bnl.gov/alma9.2-gcc-14.2.0/opt/sphenix/core/geant4.10.07.p04
COMPILER_PATH=/cvmfs/sphenix.sdcc.bnl.gov/alma9.2-gcc-14.2.0/opt/sphenix/core/gcc/14.2.0-2f0a0/x86_64-el9
ROOT_INCLUDE_PATH=./:/sphenix/user/samfred/run25/install//include:/sphenix/user/samfred/run25/install//include/caloana:/sphenix/user/samfred/run25/install//include/qa_centrality:/sphenix/user/samfred/run25/install//include/mbdana:/sphenix/user/samfred/run25/install//include/centrality:/sphenix/user/samfred/run25/install//include/Event:/cvmfs/sphenix.sdcc.bnl.gov/alma9.2-gcc-14.2.0/release/release_new/new.10/include:/cvmfs/sphenix.sdcc.bnl.gov/alma9.2-gcc-14.2.0/release/release_new/new.10/include:/cvmfs/sphenix.sdcc.bnl.gov/alma9.2-gcc-14.2.0/release/release_new/new.10/include/g4mbd:/cvmfs/sphenix.sdcc.bnl.gov/alma9.2-gcc-14.2.0/release/release_new/new.10/include/fmt:/cvmfs/sphenix.sdcc.bnl.gov/alma9.2-gcc-14.2.0/release/release_new/new.10/include/ffarawobjects:/cvmfs/sphenix.sdcc.bnl.gov/alma9.2-gcc-14.2.0/release/release_new/new.10/include/JSON:/cvmfs/sphenix.sdcc.bnl.gov/alma9.2-gcc-14.2.0/release/release_new/new.10/include/calotreegen:/cvmfs/sphenix.sdcc.bnl.gov/alma9.2-gcc-14.2.0/release/release_new/new.10/include/torch:/cvmfs/sphenix.sdcc.bnl.gov/alma9.2-gcc-14.2.0/release/release_new/new.10/include/g4detectors:/cvmfs/sphenix.sdcc.bnl.gov/alma9.2-gcc-14.2.0/release/release_new/new.10/include/kineto:/cvmfs/sphenix.sdcc.bnl.gov/alma9.2-gcc-14.2.0/release/release_new/new.10/include/g4decayer:/cvmfs/sphenix.sdcc.bnl.gov/alma9.2-gcc-14.2.0/release/release_new/new.10/include/kfparticleqa:/cvmfs/sphenix.sdcc.bnl.gov/alma9.2-gcc-14.2.0/release/release_new/new.10/include/phfield:/cvmfs/sphenix.sdcc.bnl.gov/alma9.2-gcc-14.2.0/release/release_new/new.10/include/LHAPDF:/cvmfs/sphenix.sdcc.bnl.gov/alma9.2-gcc-14.2.0/release/release_new/new.10/include/readdigitalcurrents:/cvmfs/sphenix.sdcc.bnl.gov/alma9.2-gcc-14.2.0/release/release_new/new.10/include/c10:/cvmfs/sphenix.sdcc.bnl.gov/alma9.2-gcc-14.2.0/release/release_new/new.10/include/calovalid:/cvmfs/sphenix.sdcc.bnl.gov/alma9.2-gcc-14.2.0/release/release_new/new.10/include/oneapi:/cvmfs/sphenix.sdcc.bnl.gov/alma9.2-gcc-14.2.0/release/release_new/new.10/include/DDCond:/cvmfs/sphenix.sdcc.bnl.gov/alma9.2-gcc-14.2.0/release/release_new/new.10/include/g4tracking:/cvmfs/sphenix.sdcc.bnl.gov/alma9.2-gcc-14.2.0/release/release_new/new.10/include/litecaloeval:/cvmfs/sphenix.sdcc.bnl.gov/alma9.2-gcc-14.2.0/release/release_new/new.10/include/g4intt:/cvmfs/sphenix.sdcc.bnl.gov/alma9.2-gcc-14.2.0/release/release_new/new.10/include/phool:/cvmfs/sphenix.sdcc.bnl.gov/alma9.2-gcc-14.2.0/release/release_new/new.10/include/boost:/cvmfs/sphenix.sdcc.bnl.gov/alma9.2-gcc-14.2.0/release/release_new/new.10/include/Pythia8Plugins:/cvmfs/sphenix.sdcc.bnl.gov/alma9.2-gcc-14.2.0/release/release_new/new.10/include/calib_emc_pi0:/cvmfs/sphenix.sdcc.bnl.gov/alma9.2-gcc-14.2.0/release/release_new/new.10/include/hijingflipafterburner:/cvmfs/sphenix.sdcc.bnl.gov/alma9.2-gcc-14.2.0/release/release_new/new.10/include/ffaobjects:/cvmfs/sphenix.sdcc.bnl.gov/alma9.2-gcc-14.2.0/release/release_new/new.10/include/EvtGenBase:/cvmfs/sphenix.sdcc.bnl.gov/alma9.2-gcc-14.2.0/release/release_new/new.10/include/flowafterburner:/cvmfs/sphenix.sdcc.bnl.gov/alma9.2-gcc-14.2.0/release/release_new/new.10/include/google:/cvmfs/sphenix.sdcc.bnl.gov/alma9.2-gcc-14.2.0/release/release_new/new.10/include/g4tpc:/cvmfs/sphenix.sdcc.bnl.gov/alma9.2-gcc-14.2.0/release/release_new/new.10/include/caffe2:/cvmfs/sphenix.sdcc.bnl.gov/alma9.2-gcc-14.2.0/release/release_new/new.10/include/EvtGenExternal:/cvmfs/sphenix.sdcc.bnl.gov/alma9.2-gcc-14.2.0/release/release_new/new.10/include/fp16:/cvmfs/sphenix.sdcc.bnl.gov/alma9.2-gcc-14.2.0/release/release_new/new.10/include/ffamodules:/cvmfs/sphenix.sdcc.bnl.gov/alma9.2-gcc-14.2.0/release/release_new/new.10/include/uspin:/cvmfs/sphenix.sdcc.bnl.gov/alma9.2-gcc-14.2.0/release/release_new/new.10/include/Herwig:/cvmfs/sphenix.sdcc.bnl.gov/alma9.2-gcc-14.2.0/release/release_new/new.10/include/genfitexp:/cvmfs/sphenix.sdcc.bnl.gov/alma9.2-gcc-14.2.0/release/release_new/new.10/include/XML:/cvmfs/sphenix.sdcc.bnl.gov/alma9.2-gcc-14.2.0/release/release_new/new.10/include/fbgemm:/cvmfs/sphenix.sdcc.bnl.gov/alma9.2-gcc-14.2.0/release/release_new/new.10/include/DDAlign:/cvmfs/sphenix.sdcc.bnl.gov/alma9.2-gcc-14.2.0/release/release_new/new.10/include/g4mvtx:/cvmfs/sphenix.sdcc.bnl.gov/alma9.2-gcc-14.2.0/release/release_new/new.10/include/kfparticle_sphenix:/cvmfs/sphenix.sdcc.bnl.gov/alma9.2-gcc-14.2.0/release/release_new/new.10/include/fun4all:/cvmfs/sphenix.sdcc.bnl.gov/alma9.2-gcc-14.2.0/release/release_new/new.10/include/intt:/cvmfs/sphenix.sdcc.bnl.gov/alma9.2-gcc-14.2.0/release/release_new/new.10/include/eventdisplay:/cvmfs/sphenix.sdcc.bnl.gov/alma9.2-gcc-14.2.0/release/release_new/new.10/include/EvtGen:/cvmfs/sphenix.sdcc.bnl.gov/alma9.2-gcc-14.2.0/release/release_new/new.10/include/Evaluator:/cvmfs/sphenix.sdcc.bnl.gov/alma9.2-gcc-14.2.0/release/release_new/new.10/include/tpc:/cvmfs/sphenix.sdcc.bnl.gov/alma9.2-gcc-14.2.0/release/release_new/new.10/include/GenFit:/cvmfs/sphenix.sdcc.bnl.gov/alma9.2-gcc-14.2.0/release/release_new/new.10/include/prototype4:/cvmfs/sphenix.sdcc.bnl.gov/alma9.2-gcc-14.2.0/release/release_new/new.10/include/caloembedding:/cvmfs/sphenix.sdcc.bnl.gov/alma9.2-gcc-14.2.0/release/release_new/new.10/include/EvtGenModels:/cvmfs/sphenix.sdcc.bnl.gov/alma9.2-gcc-14.2.0/release/release_new/new.10/include/fastjet:/cvmfs/sphenix.sdcc.bnl.gov/alma9.2-gcc-14.2.0/release/release_new/new.10/include/DDG4:/cvmfs/sphenix.sdcc.bnl.gov/alma9.2-gcc-14.2.0/release/release_new/new.10/include/mbd:/cvmfs/sphenix.sdcc.bnl.gov/alma9.2-gcc-14.2.0/release/release_new/new.10/include/tbb:/cvmfs/sphenix.sdcc.bnl.gov/alma9.2-gcc-14.2.0/release/release_new/new.10/include/phgeom:/cvmfs/sphenix.sdcc.bnl.gov/alma9.2-gcc-14.2.0/release/release_new/new.10/include/g4epd:/cvmfs/sphenix.sdcc.bnl.gov/alma9.2-gcc-14.2.0/release/release_new/new.10/include/oncal:/cvmfs/sphenix.sdcc.bnl.gov/alma9.2-gcc-14.2.0/release/release_new/new.10/include/pybind11:/cvmfs/sphenix.sdcc.bnl.gov/alma9.2-gcc-14.2.0/release/release_new/new.10/include/tpcdistgenerator:/cvmfs/sphenix.sdcc.bnl.gov/alma9.2-gcc-14.2.0/release/release_new/new.10/include/cdbobjects:/cvmfs/sphenix.sdcc.bnl.gov/alma9.2-gcc-14.2.0/release/release_new/new.10/include/g4micromegas:/cvmfs/sphenix.sdcc.bnl.gov/alma9.2-gcc-14.2.0/release/release_new/new.10/include/g4eval:/cvmfs/sphenix.sdcc.bnl.gov/alma9.2-gcc-14.2.0/release/release_new/new.10/include/jetbackground:/cvmfs/sphenix.sdcc.bnl.gov/alma9.2-gcc-14.2.0/release/release_new/new.10/include/micromegas:/cvmfs/sphenix.sdcc.bnl.gov/alma9.2-gcc-14.2.0/release/release_new/new.10/include/hftrackefficiency:/cvmfs/sphenix.sdcc.bnl.gov/alma9.2-gcc-14.2.0/release/release_new/new.10/include/inttrawhitqa:/cvmfs/sphenix.sdcc.bnl.gov/alma9.2-gcc-14.2.0/release/release_new/new.10/include/centrality:/cvmfs/sphenix.sdcc.bnl.gov/alma9.2-gcc-14.2.0/release/release_new/new.10/include/epd:/cvmfs/sphenix.sdcc.bnl.gov/alma9.2-gcc-14.2.0/release/release_new/new.10/include/caloreco:/cvmfs/sphenix.sdcc.bnl.gov/alma9.2-gcc-14.2.0/release/release_new/new.10/include/HepMC:/cvmfs/sphenix.sdcc.bnl.gov/alma9.2-gcc-14.2.0/release/release_new/new.10/include/CLHEP:/cvmfs/sphenix.sdcc.bnl.gov/alma9.2-gcc-14.2.0/release/release_new/new.10/include/Acts:/cvmfs/sphenix.sdcc.bnl.gov/alma9.2-gcc-14.2.0/release/release_new/new.10/include/g4histos:/cvmfs/sphenix.sdcc.bnl.gov/alma9.2-gcc-14.2.0/release/release_new/new.10/include/eventplaneinfo:/cvmfs/sphenix.sdcc.bnl.gov/alma9.2-gcc-14.2.0/release/release_new/new.10/include/fillspacechargemaps:/cvmfs/sphenix.sdcc.bnl.gov/alma9.2-gcc-14.2.0/release/release_new/new.10/include/phhepmc:/cvmfs/sphenix.sdcc.bnl.gov/alma9.2-gcc-14.2.0/release/release_new/new.10/include/trackingqa:/cvmfs/sphenix.sdcc.bnl.gov/alma9.2-gcc-14.2.0/release/release_new/new.10/include/qautils:/cvmfs/sphenix.sdcc.bnl.gov/alma9.2-gcc-14.2.0/release/release_new/new.10/include/trackreco:/cvmfs/sphenix.sdcc.bnl.gov/alma9.2-gcc-14.2.0/release/release_new/new.10/include/g4ohcal:/cvmfs/sphenix.sdcc.bnl.gov/alma9.2-gcc-14.2.0/release/release_new/new.10/include/tpcdvcalib:/cvmfs/sphenix.sdcc.bnl.gov/alma9.2-gcc-14.2.0/release/release_new/new.10/include/zdcinfo:/cvmfs/sphenix.sdcc.bnl.gov/alma9.2-gcc-14.2.0/release/release_new/new.10/include/phpythia8:/cvmfs/sphenix.sdcc.bnl.gov/alma9.2-gcc-14.2.0/release/release_new/new.10/include/fun4allutils:/cvmfs/sphenix.sdcc.bnl.gov/alma9.2-gcc-14.2.0/release/release_new/new.10/include/tpcqa:/cvmfs/sphenix.sdcc.bnl.gov/alma9.2-gcc-14.2.0/release/release_new/new.10/include/Pythia8:/cvmfs/sphenix.sdcc.bnl.gov/alma9.2-gcc-14.2.0/release/release_new/new.10/include/DDRec:/cvmfs/sphenix.sdcc.bnl.gov/alma9.2-gcc-14.2.0/release/release_new/new.10/include/DDDigi:/cvmfs/sphenix.sdcc.bnl.gov/alma9.2-gcc-14.2.0/release/release_new/new.10/include/g4ihcal:/cvmfs/sphenix.sdcc.bnl.gov/alma9.2-gcc-14.2.0/release/release_new/new.10/include/frog:/cvmfs/sphenix.sdcc.bnl.gov/alma9.2-gcc-14.2.0/release/release_new/new.10/include/eigen3:/cvmfs/sphenix.sdcc.bnl.gov/alma9.2-gcc-14.2.0/release/release_new/new.10/include/tensorpipe:/cvmfs/sphenix.sdcc.bnl.gov/alma9.2-gcc-14.2.0/release/release_new/new.10/include/sphenixnpc:/cvmfs/sphenix.sdcc.bnl.gov/alma9.2-gcc-14.2.0/release/release_new/new.10/include/siscone:/cvmfs/sphenix.sdcc.bnl.gov/alma9.2-gcc-14.2.0/release/release_new/new.10/include/pmonitor:/cvmfs/sphenix.sdcc.bnl.gov/alma9.2-gcc-14.2.0/release/release_new/new.10/include/calobase:/cvmfs/sphenix.sdcc.bnl.gov/alma9.2-gcc-14.2.0/release/release_new/new.10/include/ActsExamples:/cvmfs/sphenix.sdcc.bnl.gov/alma9.2-gcc-14.2.0/release/release_new/new.10/include/g4gdml:/cvmfs/sphenix.sdcc.bnl.gov/alma9.2-gcc-14.2.0/release/release_new/new.10/include/mvtx_decoder:/cvmfs/sphenix.sdcc.bnl.gov/alma9.2-gcc-14.2.0/release/release_new/new.10/include/ROOT:/cvmfs/sphenix.sdcc.bnl.gov/alma9.2-gcc-14.2.0/release/release_new/new.10/include/phparameter:/cvmfs/sphenix.sdcc.bnl.gov/alma9.2-gcc-14.2.0/release/release_new/new.10/include/rsa:/cvmfs/sphenix.sdcc.bnl.gov/alma9.2-gcc-14.2.0/release/release_new/new.10/include/fun4allraw:/cvmfs/sphenix.sdcc.bnl.gov/alma9.2-gcc-14.2.0/release/release_new/new.10/include/trackbase_historic:/cvmfs/sphenix.sdcc.bnl.gov/alma9.2-gcc-14.2.0/release/release_new/new.10/include/g4jets:/cvmfs/sphenix.sdcc.bnl.gov/alma9.2-gcc-14.2.0/release/release_new/new.10/include/jetqa:/cvmfs/sphenix.sdcc.bnl.gov/alma9.2-gcc-14.2.0/release/release_new/new.10/include/phoolraw:/cvmfs/sphenix.sdcc.bnl.gov/alma9.2-gcc-14.2.0/release/release_new/new.10/include/g4calo:/cvmfs/sphenix.sdcc.bnl.gov/alma9.2-gcc-14.2.0/release/release_new/new.10/include/mvtxrawhitqa:/cvmfs/sphenix.sdcc.bnl.gov/alma9.2-gcc-14.2.0/release/release_new/new.10/include/HepMC3:/cvmfs/sphenix.sdcc.bnl.gov/alma9.2-gcc-14.2.0/release/release_new/new.10/include/calowaveformsim:/cvmfs/sphenix.sdcc.bnl.gov/alma9.2-gcc-14.2.0/release/release_new/new.10/include/g4caloprototype:/cvmfs/sphenix.sdcc.bnl.gov/alma9.2-gcc-14.2.0/release/release_new/new.10/include/pdbcalbase:/cvmfs/sphenix.sdcc.bnl.gov/alma9.2-gcc-14.2.0/release/release_new/new.10/include/gsl:/cvmfs/sphenix.sdcc.bnl.gov/alma9.2-gcc-14.2.0/release/release_new/new.10/include/nodedump:/cvmfs/sphenix.sdcc.bnl.gov/alma9.2-gcc-14.2.0/release/release_new/new.10/include/emcnoisytowerfinder:/cvmfs/sphenix.sdcc.bnl.gov/alma9.2-gcc-14.2.0/release/release_new/new.10/include/ActsFatras:/cvmfs/sphenix.sdcc.bnl.gov/alma9.2-gcc-14.2.0/release/release_new/new.10/include/ffarawmodules:/cvmfs/sphenix.sdcc.bnl.gov/alma9.2-gcc-14.2.0/release/release_new/new.10/include/Event:/cvmfs/sphenix.sdcc.bnl.gov/alma9.2-gcc-14.2.0/release/release_new/new.10/include/prototype3:/cvmfs/sphenix.sdcc.bnl.gov/alma9.2-gcc-14.2.0/release/release_new/new.10/include/fermimotionafterburner:/cvmfs/sphenix.sdcc.bnl.gov/alma9.2-gcc-14.2.0/release/release_new/new.10/include/Photos:/cvmfs/sphenix.sdcc.bnl.gov/alma9.2-gcc-14.2.0/release/release_new/new.10/include/xingshiftcal:/cvmfs/sphenix.sdcc.bnl.gov/alma9.2-gcc-14.2.0/release/release_new/new.10/include/trackbase:/cvmfs/sphenix.sdcc.bnl.gov/alma9.2-gcc-14.2.0/release/release_new/new.10/include/jetdstskimmer:/cvmfs/sphenix.sdcc.bnl.gov/alma9.2-gcc-14.2.0/release/release_new/new.10/include/clusteriso:/cvmfs/sphenix.sdcc.bnl.gov/alma9.2-gcc-14.2.0/release/release_new/new.10/include/asmjit:/cvmfs/sphenix.sdcc.bnl.gov/alma9.2-gcc-14.2.0/release/release_new/new.10/include/particleflowreco:/cvmfs/sphenix.sdcc.bnl.gov/alma9.2-gcc-14.2.0/release/release_new/new.10/include/tpchittrackdisplay:/cvmfs/sphenix.sdcc.bnl.gov/alma9.2-gcc-14.2.0/release/release_new/new.10/include/caloana:/cvmfs/sphenix.sdcc.bnl.gov/alma9.2-gcc-14.2.0/release/release_new/new.10/include/calotrigger:/cvmfs/sphenix.sdcc.bnl.gov/alma9.2-gcc-14.2.0/release/release_new/new.10/include/nopayloadclient:/cvmfs/sphenix.sdcc.bnl.gov/alma9.2-gcc-14.2.0/release/release_new/new.10/include/trackermillepedealignment:/cvmfs/sphenix.sdcc.bnl.gov/alma9.2-gcc-14.2.0/release/release_new/new.10/include/DD4hep:/cvmfs/sphenix.sdcc.bnl.gov/alma9.2-gcc-14.2.0/release/release_new/new.10/include/g4trackfastsim:/cvmfs/sphenix.sdcc.bnl.gov/alma9.2-gcc-14.2.0/release/release_new/new.10/include/prototype2:/cvmfs/sphenix.sdcc.bnl.gov/alma9.2-gcc-14.2.0/release/release_new/new.10/include/ATen:/cvmfs/sphenix.sdcc.bnl.gov/alma9.2-gcc-14.2.0/release/release_new/new.10/include/g4main:/cvmfs/sphenix.sdcc.bnl.gov/alma9.2-gcc-14.2.0/release/release_new/new.10/include/Tauola:/cvmfs/sphenix.sdcc.bnl.gov/alma9.2-gcc-14.2.0/release/release_new/new.10/include/inttcalib:/cvmfs/sphenix.sdcc.bnl.gov/alma9.2-gcc-14.2.0/release/release_new/new.10/include/reactionplaneafterburner:/cvmfs/sphenix.sdcc.bnl.gov/alma9.2-gcc-14.2.0/release/release_new/new.10/include/globalqa:/cvmfs/sphenix.sdcc.bnl.gov/alma9.2-gcc-14.2.0/release/release_new/new.10/include/tpccalib:/cvmfs/sphenix.sdcc.bnl.gov/alma9.2-gcc-14.2.0/release/release_new/new.10/include/DDSegmentation:/cvmfs/sphenix.sdcc.bnl.gov/alma9.2-gcc-14.2.0/release/release_new/new.10/include/decayfinder:/cvmfs/sphenix.sdcc.bnl.gov/alma9.2-gcc-14.2.0/release/release_new/new.10/include/compressclus:/cvmfs/sphenix.sdcc.bnl.gov/alma9.2-gcc-14.2.0/release/release_new/new.10/include/simqa_modules:/cvmfs/sphenix.sdcc.bnl.gov/alma9.2-gcc-14.2.0/release/release_new/new.10/include/resonancejettagging:/cvmfs/sphenix.sdcc.bnl.gov/alma9.2-gcc-14.2.0/release/release_new/new.10/include/g4centrality:/cvmfs/sphenix.sdcc.bnl.gov/alma9.2-gcc-14.2.0/release/release_new/new.10/include/mvtx:/cvmfs/sphenix.sdcc.bnl.gov/alma9.2-gcc-14.2.0/release/release_new/new.10/include/nlohmann:/cvmfs/sphenix.sdcc.bnl.gov/alma9.2-gcc-14.2.0/release/release_new/new.10/include/localpoloffmon:/cvmfs/sphenix.sdcc.bnl.gov/alma9.2-gcc-14.2.0/release/release_new/new.10/include/DDEve:/cvmfs/sphenix.sdcc.bnl.gov/alma9.2-gcc-14.2.0/release/release_new/new.10/include/Parsers:/cvmfs/sphenix.sdcc.bnl.gov/alma9.2-gcc-14.2.0/release/release_new/new.10/include/trackingdiagnostics:/cvmfs/sphenix.sdcc.bnl.gov/alma9.2-gcc-14.2.0/release/release_new/new.10/include/g4vertex:/cvmfs/sphenix.sdcc.bnl.gov/alma9.2-gcc-14.2.0/release/release_new/new.10/include/jetbase:/cvmfs/sphenix.sdcc.bnl.gov/alma9.2-gcc-14.2.0/release/release_new/new.10/include/globalvertex:/cvmfs/sphenix.sdcc.bnl.gov/alma9.2-gcc-14.2.0/release/release_new/new.10/include/phgenfit:/cvmfs/sphenix.sdcc.bnl.gov/alma9.2-gcc-14.2.0/release/release_new/new.10/include/rawbcolumi:/cvmfs/sphenix.sdcc.bnl.gov/alma9.2-gcc-14.2.0/release/release_new/new.10/include/eicsmear:/cvmfs/sphenix.sdcc.bnl.gov/alma9.2-gcc-14.2.0/release/release_new/new.10/include/mvtxcalib:/cvmfs/sphenix.sdcc.bnl.gov/alma9.2-gcc-14.2.0/release/release_new/new.10/include/tpclinelaserdiode:/cvmfs/sphenix.sdcc.bnl.gov/alma9.2-gcc-14.2.0/release/release_new/new.10/include/hepmcjettrigger:/cvmfs/sphenix.sdcc.bnl.gov/alma9.2-gcc-14.2.0/release/release_new/new.10/include/core:/cvmfs/sphenix.sdcc.bnl.gov/alma9.2-gcc-14.2.0/release/release_new/new.10/include/calo_cdb:/cvmfs/sphenix.sdcc.bnl.gov/alma9.2-gcc-14.2.0/release/release_new/new.10/include/mvtxclustershapesqa:/cvmfs/sphenix.sdcc.bnl.gov/alma9.2-gcc-14.2.0/release/release_new/new.10/include/calopacketskimmer:/cvmfs/sphenix.sdcc.bnl.gov/alma9.2-gcc-14.2.0/opt/sphenix/core/geant4.10.07.p04/include:/cvmfs/sphenix.sdcc.bnl.gov/alma9.2-gcc-14.2.0/release/release_new/new.10/rootmacros:/cvmfs/sphenix.sdcc.bnl.gov/alma9.2-gcc-14.2.0/opt/sphenix/core/include
GSEARCHPATH=.:PG:LUSTRE:RAWDATA
PWD=/gpfs/mnt/gpfs02/sphenix/user/samfred/run25/ppg11/histmaking
LOGNAME=samfred
_CONDOR_JOB_AD=/home/condor/local/sphnx/execute/dir_3487419/.job.ad
MANPATH=/cvmfs/sphenix.sdcc.bnl.gov/alma9.2-gcc-14.2.0/opt/sphenix/core/gcc/14.2.0-2f0a0/x86_64-el9/share/man:/cvmfs/sphenix.sdcc.bnl.gov/alma9.2-gcc-14.2.0/opt/sphenix/core/binutils/2.40-acaab/x86_64-el9/share/man:/cvmfs/sphenix.sdcc.bnl.gov/alma9.2-gcc-14.2.0/release/release_new/new.10/share/man:/cvmfs/sphenix.sdcc.bnl.gov/alma9.2-gcc-14.2.0/opt/sphenix/utils/share/man:/cvmfs/sphenix.sdcc.bnl.gov/alma9.2-gcc-14.2.0/opt/sphenix/core/share/man:/cvmfs/sphenix.sdcc.bnl.gov/alma9.2-gcc-14.2.0/opt/sphenix/core/root-6.32.06/man:/usr/local/share/man:/usr/share/man
PYTHIA8=/cvmfs/sphenix.sdcc.bnl.gov/alma9.2-gcc-14.2.0/release/release_new/new.10/share/Pythia8
G4INCLDATA=/cvmfs/sphenix.sdcc.bnl.gov/alma9.2-gcc-14.2.0/opt/sphenix/core/geant4.10.07.p04/share/Geant4-10.7.4/data/G4INCL1.0
ORIG_PATH=/usr/local/bin:/usr/bin
CXX=/cvmfs/sphenix.sdcc.bnl.gov/alma9.2-gcc-14.2.0/opt/sphenix/core/gcc/14.2.0-2f0a0/x86_64-el9/bin/g++
G4LEDATA=/cvmfs/sphenix.sdcc.bnl.gov/alma9.2-gcc-14.2.0/opt/sphenix/core/geant4.10.07.p04/share/Geant4-10.7.4/data/G4EMLOW7.13
PYTHON_CPU_COUNT=1
OPENBLAS_NUM_THREADS=1
_CONDOR_BIN=/usr/bin
HOME=/sphenix/u/samfred
G4PARTICLEXSDATA=/cvmfs/sphenix.sdcc.bnl.gov/alma9.2-gcc-14.2.0/opt/sphenix/core/geant4.10.07.p04/share/Geant4-10.7.4/data/G4PARTICLEXS3.1.1
ONLINE_MAIN=/cvmfs/sphenix.sdcc.bnl.gov/alma9.2-gcc-14.2.0/release/release_new/new.10
CALIBRATIONROOT=/cvmfs/sphenix.sdcc.bnl.gov/alma9.2-gcc-14.2.0/release/release_new/new.10/share/calibrations
TMPDIR=/tmp
_CONDOR_SCRATCH_DIR=/home/condor/local/sphnx/execute/dir_3487419
PGUSER=phnxrc
NOPAYLOADCLIENT_CONF=/cvmfs/sphenix.sdcc.bnl.gov/alma9.2-gcc-14.2.0/opt/sphenix/core/etc/sPHENIX_newcdb.json
XERCESCROOT=/cvmfs/sphenix.sdcc.bnl.gov/alma9.2-gcc-14.2.0/opt/sphenix/core/geant4.10.07.p04
LHAPATH=/cvmfs/sphenix.sdcc.bnl.gov/alma9.2-gcc-14.2.0/opt/sphenix/core/lhapdf-5.9.1/share/lhapdf/PDFsets
G4NEUTRONHPDATA=/cvmfs/sphenix.sdcc.bnl.gov/alma9.2-gcc-14.2.0/opt/sphenix/core/geant4.10.07.p04/share/Geant4-10.7.4/data/G4NDL4.6
PYTHONPATH=.:/cvmfs/sphenix.sdcc.bnl.gov/alma9.2-gcc-14.2.0/release/release_new/new.10/lib/python3.13/site-packages:/cvmfs/sphenix.sdcc.bnl.gov/alma9.2-gcc-14.2.0/opt/sphenix/core/lib/python3.13/site-packages:/cvmfs/sphenix.sdcc.bnl.gov/alma9.2-gcc-14.2.0/opt/sphenix/core/root-6.32.06/lib
USER=samfred
_CONDOR_JOB_PIDS=
TEMP=/tmp
GOMAXPROCS=1
OFFLINE_MAIN=/cvmfs/sphenix.sdcc.bnl.gov/alma9.2-gcc-14.2.0/release/release_new/new.10
SHLVL=1
TF_NUM_THREADS=1
G4SAIDXSDATA=/cvmfs/sphenix.sdcc.bnl.gov/alma9.2-gcc-14.2.0/opt/sphenix/core/geant4.10.07.p04/share/Geant4-10.7.4/data/G4SAIDDATA2.0
APPTAINER_CACHEDIR=/home/condor/local/sphnx/execute/dir_3487419
ROOTSYS=/cvmfs/sphenix.sdcc.bnl.gov/alma9.2-gcc-14.2.0/opt/sphenix/core/root-6.32.06
BATCH_SYSTEM=HTCondor
_CONDOR_SLOT=slot1_73
LD_LIBRARY_PATH=/sphenix/user/samfred/run25/install//lib:/cvmfs/sphenix.sdcc.bnl.gov/alma9.2-gcc-14.2.0/opt/sphenix/core/gcc/14.2.0-2f0a0/x86_64-el9/lib:/cvmfs/sphenix.sdcc.bnl.gov/alma9.2-gcc-14.2.0/opt/sphenix/core/gcc/14.2.0-2f0a0/x86_64-el9/lib64:/cvmfs/sphenix.sdcc.bnl.gov/alma9.2-gcc-14.2.0/opt/sphenix/core/binutils/2.40-acaab/x86_64-el9/lib:.:/cvmfs/sphenix.sdcc.bnl.gov/alma9.2-gcc-14.2.0/release/release_new/new.10/lib64:/cvmfs/sphenix.sdcc.bnl.gov/alma9.2-gcc-14.2.0/release/release_new/new.10/lib:/cvmfs/sphenix.sdcc.bnl.gov/alma9.2-gcc-14.2.0/opt/sphenix/utils/lib:/cvmfs/sphenix.sdcc.bnl.gov/alma9.2-gcc-14.2.0/opt/sphenix/core/lib:/cvmfs/sphenix.sdcc.bnl.gov/alma9.2-gcc-14.2.0/opt/sphenix/core/root-6.32.06/lib:/cvmfs/sphenix.sdcc.bnl.gov/alma9.2-gcc-14.2.0/opt/sphenix/core/geant4.10.07.p04/lib64:/cvmfs/sphenix.sdcc.bnl.gov/alma9.2-gcc-14.2.0/opt/sphenix/core/lhapdf-5.9.1/lib:/usr/local/lib64:/usr/lib64
OPT_SPHENIX=/cvmfs/sphenix.sdcc.bnl.gov/alma9.2-gcc-14.2.0/opt/sphenix/core
TF_LOOP_PARALLEL_ITERATIONS=1
_CONDOR_ANCESTOR_394977=395012:1756523325:3172974594
EVT_LIB=/cvmfs/sphenix.sdcc.bnl.gov/alma9.2-gcc-14.2.0/opt/sphenix/core/root-6.32.06/lib
PGHOST=sphnxdbmaster.sdcc.bnl.gov
OMP_NUM_THREADS=1
G4REALSURFACEDATA=/cvmfs/sphenix.sdcc.bnl.gov/alma9.2-gcc-14.2.0/opt/sphenix/core/geant4.10.07.p04/share/Geant4-10.7.4/data/RealSurface2.2
FC=/cvmfs/sphenix.sdcc.bnl.gov/alma9.2-gcc-14.2.0/opt/sphenix/core/gcc/14.2.0-2f0a0/x86_64-el9/bin/gfortran
G4ABLADATA=/cvmfs/sphenix.sdcc.bnl.gov/alma9.2-gcc-14.2.0/opt/sphenix/core/geant4.10.07.p04/share/Geant4-10.7.4/data/G4ABLA3.1
PARASOFT=doesnotexist
TMP=/tmp
OPT_UTILS=/cvmfs/sphenix.sdcc.bnl.gov/alma9.2-gcc-14.2.0/opt/sphenix/utils
CONFIG_SITE=/cvmfs/sphenix.sdcc.bnl.gov/alma9.2-gcc-14.2.0/opt/sphenix/core/etc/config.site
PATH=/sphenix/user/samfred/run25/install//bin:/cvmfs/sphenix.sdcc.bnl.gov/alma9.2-gcc-14.2.0/opt/sphenix/core/gcc/14.2.0-2f0a0/x86_64-el9/bin:/cvmfs/sphenix.sdcc.bnl.gov/alma9.2-gcc-14.2.0/opt/sphenix/core/binutils/2.40-acaab/x86_64-el9/bin:.:/cvmfs/sphenix.sdcc.bnl.gov/alma9.2-gcc-14.2.0/release/release_new/new.10/bin:/cvmfs/sphenix.sdcc.bnl.gov/alma9.2-gcc-14.2.0/opt/sphenix/utils/bin:/cvmfs/sphenix.sdcc.bnl.gov/alma9.2-gcc-14.2.0/opt/sphenix/core/bin:/cvmfs/sphenix.sdcc.bnl.gov/alma9.2-gcc-14.2.0/opt/sphenix/core/root-6.32.06/bin:/cvmfs/sphenix.sdcc.bnl.gov/alma9.2-gcc-14.2.0/opt/sphenix/core/geant4.10.07.p04/bin:/usr/local/bin:/usr/bin:/usr/local/sbin:/usr/sbin
G4LEVELGAMMADATA=/cvmfs/sphenix.sdcc.bnl.gov/alma9.2-gcc-14.2.0/opt/sphenix/core/geant4.10.07.p04/share/Geant4-10.7.4/data/PhotonEvaporation5.7
CC=/cvmfs/sphenix.sdcc.bnl.gov/alma9.2-gcc-14.2.0/opt/sphenix/core/gcc/14.2.0-2f0a0/x86_64-el9/bin/gcc
G4RADIOACTIVEDATA=/cvmfs/sphenix.sdcc.bnl.gov/alma9.2-gcc-14.2.0/opt/sphenix/core/geant4.10.07.p04/share/Geant4-10.7.4/data/RadioactiveDecay5.6
JULIA_NUM_THREADS=1
MKL_NUM_THREADS=1
LHAPDF_DATA_PATH=/cvmfs/sphenix.sdcc.bnl.gov/alma9.2-gcc-14.2.0/release/release_new/new.10/share/LHAPDF
XPLOAD_CONFIG_DIR=/cvmfs/sphenix.sdcc.bnl.gov/alma9.2-gcc-14.2.0/opt/sphenix/core/etc
OLDPWD=/cvmfs/sphenix.sdcc.bnl.gov/alma9.2-gcc-14.2.0/release/release_new/new.10/geant4
_=/usr/bin/printenv
runnumber...
53685
trigger...

   ------------------------------------------------------------------
  | Welcome to ROOT 6.32.06                        https://root.cern |
  | (c) 1995-2024, The ROOT Team; conception: R. Brun, F. Rademakers |
  | Built for linuxx8664gcc on Dec 13 2024, 17:23:48                 |
  | From tags/6-32-06@6-32-06                                        |
  | With g++ (GCC) 14.2.0                                            |
  | Try '.help'/'.?', '.demo', '.license', '.credits', '.quit'/'.q'  |
   ------------------------------------------------------------------


Processing data_histmaker.C(53685)...
entry 2000/2755715 (0.0725764%)
entry 4000/2755715 (0.145153%)
entry 5000/2755715 (0.181441%)
entry 8000/2755715 (0.290306%)
entry 9000/2755715 (0.326594%)
entry 10000/2755715 (0.362882%)
entry 11000/2755715 (0.39917%)
entry 12000/2755715 (0.435459%)
entry 15000/2755715 (0.544323%)
entry 16000/2755715 (0.580612%)
entry 17000/2755715 (0.6169%)
entry 18000/2755715 (0.653188%)
entry 20000/2755715 (0.725764%)
entry 21000/2755715 (0.762053%)
entry 23000/2755715 (0.834629%)
entry 24000/2755715 (0.870917%)
entry 25000/2755715 (0.907206%)
entry 27000/2755715 (0.979782%)
entry 28000/2755715 (1.01607%)
entry 30000/2755715 (1.08865%)
entry 36000/2755715 (1.30638%)
entry 39000/2755715 (1.41524%)
entry 40000/2755715 (1.45153%)
entry 42000/2755715 (1.52411%)
entry 43000/2755715 (1.56039%)
entry 44000/2755715 (1.59668%)
entry 46000/2755715 (1.66926%)
entry 49000/2755715 (1.77812%)
entry 50000/2755715 (1.81441%)
entry 52000/2755715 (1.88699%)
entry 54000/2755715 (1.95956%)
entry 56000/2755715 (2.03214%)
entry 57000/2755715 (2.06843%)
entry 58000/2755715 (2.10472%)
entry 59000/2755715 (2.14101%)
entry 61000/2755715 (2.21358%)
entry 63000/2755715 (2.28616%)
entry 65000/2755715 (2.35873%)
entry 66000/2755715 (2.39502%)
entry 68000/2755715 (2.4676%)
entry 70000/2755715 (2.54018%)
entry 71000/2755715 (2.57646%)
entry 72000/2755715 (2.61275%)
entry 73000/2755715 (2.64904%)
entry 74000/2755715 (2.68533%)
entry 75000/2755715 (2.72162%)
entry 76000/2755715 (2.7579%)
entry 77000/2755715 (2.79419%)
entry 78000/2755715 (2.83048%)
entry 79000/2755715 (2.86677%)
entry 82000/2755715 (2.97563%)
entry 84000/2755715 (3.04821%)
entry 86000/2755715 (3.12079%)
entry 87000/2755715 (3.15708%)
entry 88000/2755715 (3.19336%)
entry 90000/2755715 (3.26594%)
entry 93000/2755715 (3.3748%)
entry 95000/2755715 (3.44738%)
entry 97000/2755715 (3.51996%)
entry 98000/2755715 (3.55625%)
entry 99000/2755715 (3.59253%)
entry 100000/2755715 (3.62882%)
entry 101000/2755715 (3.66511%)
entry 102000/2755715 (3.7014%)
entry 104000/2755715 (3.77397%)
entry 105000/2755715 (3.81026%)
entry 108000/2755715 (3.91913%)
entry 109000/2755715 (3.95542%)
entry 110000/2755715 (3.9917%)
entry 112000/2755715 (4.06428%)
entry 113000/2755715 (4.10057%)
entry 114000/2755715 (4.13686%)
entry 115000/2755715 (4.17315%)
entry 116000/2755715 (4.20943%)
entry 117000/2755715 (4.24572%)
entry 119000/2755715 (4.3183%)
entry 120000/2755715 (4.35459%)
entry 121000/2755715 (4.39087%)
entry 122000/2755715 (4.42716%)
entry 123000/2755715 (4.46345%)
entry 126000/2755715 (4.57232%)
entry 128000/2755715 (4.64489%)
entry 129000/2755715 (4.68118%)
entry 131000/2755715 (4.75376%)
entry 132000/2755715 (4.79005%)
entry 133000/2755715 (4.82633%)
entry 134000/2755715 (4.86262%)
entry 135000/2755715 (4.89891%)
entry 136000/2755715 (4.9352%)
entry 139000/2755715 (5.04406%)
entry 140000/2755715 (5.08035%)
entry 142000/2755715 (5.15293%)
entry 144000/2755715 (5.2255%)
entry 146000/2755715 (5.29808%)
entry 147000/2755715 (5.33437%)
entry 148000/2755715 (5.37066%)
entry 149000/2755715 (5.40695%)
entry 151000/2755715 (5.47952%)
entry 152000/2755715 (5.51581%)
entry 153000/2755715 (5.5521%)
entry 154000/2755715 (5.58839%)
entry 156000/2755715 (5.66096%)
entry 158000/2755715 (5.73354%)
entry 159000/2755715 (5.76983%)
entry 160000/2755715 (5.80612%)
entry 162000/2755715 (5.87869%)
entry 163000/2755715 (5.91498%)
entry 164000/2755715 (5.95127%)
entry 165000/2755715 (5.98756%)
entry 167000/2755715 (6.06013%)
entry 168000/2755715 (6.09642%)
entry 171000/2755715 (6.20529%)
entry 173000/2755715 (6.27786%)
entry 174000/2755715 (6.31415%)
entry 175000/2755715 (6.35044%)
entry 177000/2755715 (6.42302%)
entry 178000/2755715 (6.4593%)
entry 181000/2755715 (6.56817%)
entry 182000/2755715 (6.60446%)
entry 184000/2755715 (6.67703%)
entry 185000/2755715 (6.71332%)
entry 190000/2755715 (6.89476%)
entry 191000/2755715 (6.93105%)
entry 192000/2755715 (6.96734%)
entry 194000/2755715 (7.03992%)
entry 195000/2755715 (7.0762%)
entry 197000/2755715 (7.14878%)
entry 198000/2755715 (7.18507%)
entry 201000/2755715 (7.29393%)
entry 202000/2755715 (7.33022%)
entry 203000/2755715 (7.36651%)
entry 204000/2755715 (7.4028%)
entry 205000/2755715 (7.43909%)
entry 206000/2755715 (7.47537%)
entry 208000/2755715 (7.54795%)
entry 209000/2755715 (7.58424%)
entry 210000/2755715 (7.62053%)
entry 211000/2755715 (7.65681%)
entry 214000/2755715 (7.76568%)
entry 215000/2755715 (7.80197%)
entry 216000/2755715 (7.83826%)
entry 217000/2755715 (7.87454%)
entry 218000/2755715 (7.91083%)
entry 219000/2755715 (7.94712%)
entry 221000/2755715 (8.0197%)
entry 222000/2755715 (8.05599%)
entry 223000/2755715 (8.09227%)
entry 224000/2755715 (8.12856%)
entry 229000/2755715 (8.31%)
entry 231000/2755715 (8.38258%)
entry 232000/2755715 (8.41887%)
entry 233000/2755715 (8.45516%)
entry 234000/2755715 (8.49144%)
entry 236000/2755715 (8.56402%)
entry 237000/2755715 (8.60031%)
entry 238000/2755715 (8.6366%)
entry 239000/2755715 (8.67289%)
entry 242000/2755715 (8.78175%)
entry 243000/2755715 (8.81804%)
entry 246000/2755715 (8.9269%)
entry 248000/2755715 (8.99948%)
entry 249000/2755715 (9.03577%)
entry 250000/2755715 (9.07206%)
entry 253000/2755715 (9.18092%)
entry 256000/2755715 (9.28978%)
entry 258000/2755715 (9.36236%)
entry 259000/2755715 (9.39865%)
entry 261000/2755715 (9.47123%)
entry 262000/2755715 (9.50751%)
entry 263000/2755715 (9.5438%)
entry 264000/2755715 (9.58009%)
entry 266000/2755715 (9.65267%)
entry 268000/2755715 (9.72524%)
entry 271000/2755715 (9.83411%)
entry 272000/2755715 (9.8704%)
entry 274000/2755715 (9.94297%)
entry 276000/2755715 (10.0155%)
entry 277000/2755715 (10.0518%)
entry 280000/2755715 (10.1607%)
entry 282000/2755715 (10.2333%)
entry 284000/2755715 (10.3059%)
entry 285000/2755715 (10.3421%)
entry 287000/2755715 (10.4147%)
entry 290000/2755715 (10.5236%)
entry 292000/2755715 (10.5962%)
entry 294000/2755715 (10.6687%)
entry 295000/2755715 (10.705%)
entry 296000/2755715 (10.7413%)
entry 297000/2755715 (10.7776%)
entry 298000/2755715 (10.8139%)
entry 299000/2755715 (10.8502%)
entry 300000/2755715 (10.8865%)
entry 302000/2755715 (10.959%)
entry 306000/2755715 (11.1042%)
entry 310000/2755715 (11.2493%)
entry 311000/2755715 (11.2856%)
entry 312000/2755715 (11.3219%)
entry 313000/2755715 (11.3582%)
entry 316000/2755715 (11.4671%)
entry 317000/2755715 (11.5034%)
entry 318000/2755715 (11.5397%)
entry 319000/2755715 (11.5759%)
entry 320000/2755715 (11.6122%)
entry 321000/2755715 (11.6485%)
entry 322000/2755715 (11.6848%)
entry 323000/2755715 (11.7211%)
entry 325000/2755715 (11.7937%)
entry 326000/2755715 (11.83%)
entry 328000/2755715 (11.9025%)
entry 329000/2755715 (11.9388%)
entry 330000/2755715 (11.9751%)
entry 331000/2755715 (12.0114%)
entry 332000/2755715 (12.0477%)
entry 334000/2755715 (12.1203%)
entry 335000/2755715 (12.1566%)
entry 336000/2755715 (12.1928%)
entry 337000/2755715 (12.2291%)
entry 341000/2755715 (12.3743%)
entry 342000/2755715 (12.4106%)
entry 343000/2755715 (12.4469%)
entry 344000/2755715 (12.4831%)
entry 345000/2755715 (12.5194%)
entry 346000/2755715 (12.5557%)
entry 347000/2755715 (12.592%)
entry 348000/2755715 (12.6283%)
entry 349000/2755715 (12.6646%)
entry 351000/2755715 (12.7372%)
entry 352000/2755715 (12.7735%)
entry 353000/2755715 (12.8097%)
entry 354000/2755715 (12.846%)
entry 355000/2755715 (12.8823%)
entry 358000/2755715 (12.9912%)
entry 359000/2755715 (13.0275%)
entry 360000/2755715 (13.0638%)
entry 361000/2755715 (13.1%)
entry 363000/2755715 (13.1726%)
entry 364000/2755715 (13.2089%)
entry 365000/2755715 (13.2452%)
entry 366000/2755715 (13.2815%)
entry 367000/2755715 (13.3178%)
entry 368000/2755715 (13.3541%)
entry 376000/2755715 (13.6444%)
entry 379000/2755715 (13.7532%)
entry 380000/2755715 (13.7895%)
entry 382000/2755715 (13.8621%)
entry 385000/2755715 (13.971%)
entry 386000/2755715 (14.0073%)
entry 387000/2755715 (14.0435%)
entry 388000/2755715 (14.0798%)
entry 390000/2755715 (14.1524%)
entry 394000/2755715 (14.2976%)
entry 397000/2755715 (14.4064%)
entry 398000/2755715 (14.4427%)
entry 400000/2755715 (14.5153%)
entry 403000/2755715 (14.6242%)
entry 405000/2755715 (14.6967%)
entry 406000/2755715 (14.733%)
entry 408000/2755715 (14.8056%)
entry 409000/2755715 (14.8419%)
entry 410000/2755715 (14.8782%)
entry 411000/2755715 (14.9145%)
entry 412000/2755715 (14.9507%)
entry 414000/2755715 (15.0233%)
entry 417000/2755715 (15.1322%)
entry 418000/2755715 (15.1685%)
entry 422000/2755715 (15.3136%)
entry 425000/2755715 (15.4225%)
entry 426000/2755715 (15.4588%)
entry 427000/2755715 (15.4951%)
entry 428000/2755715 (15.5314%)
entry 429000/2755715 (15.5676%)
entry 431000/2755715 (15.6402%)
entry 433000/2755715 (15.7128%)
entry 435000/2755715 (15.7854%)
entry 437000/2755715 (15.858%)
entry 439000/2755715 (15.9305%)
entry 440000/2755715 (15.9668%)
entry 441000/2755715 (16.0031%)
entry 443000/2755715 (16.0757%)
entry 446000/2755715 (16.1845%)
entry 447000/2755715 (16.2208%)
entry 448000/2755715 (16.2571%)
entry 450000/2755715 (16.3297%)
entry 452000/2755715 (16.4023%)
entry 453000/2755715 (16.4386%)
entry 454000/2755715 (16.4749%)
entry 460000/2755715 (16.6926%)
entry 461000/2755715 (16.7289%)
entry 463000/2755715 (16.8014%)
entry 464000/2755715 (16.8377%)
entry 467000/2755715 (16.9466%)
entry 468000/2755715 (16.9829%)
entry 469000/2755715 (17.0192%)
entry 470000/2755715 (17.0555%)
entry 471000/2755715 (17.0918%)
entry 472000/2755715 (17.128%)
entry 473000/2755715 (17.1643%)
entry 474000/2755715 (17.2006%)
entry 475000/2755715 (17.2369%)
entry 476000/2755715 (17.2732%)
entry 477000/2755715 (17.3095%)
entry 480000/2755715 (17.4183%)
entry 481000/2755715 (17.4546%)
entry 484000/2755715 (17.5635%)
entry 488000/2755715 (17.7087%)
entry 490000/2755715 (17.7812%)
entry 491000/2755715 (17.8175%)
entry 492000/2755715 (17.8538%)
entry 493000/2755715 (17.8901%)
entry 494000/2755715 (17.9264%)
entry 495000/2755715 (17.9627%)
entry 497000/2755715 (18.0352%)
entry 498000/2755715 (18.0715%)
entry 499000/2755715 (18.1078%)
entry 501000/2755715 (18.1804%)
entry 503000/2755715 (18.253%)
entry 504000/2755715 (18.2893%)
entry 505000/2755715 (18.3256%)
entry 506000/2755715 (18.3618%)
entry 508000/2755715 (18.4344%)
entry 510000/2755715 (18.507%)
entry 512000/2755715 (18.5796%)
entry 515000/2755715 (18.6884%)
entry 517000/2755715 (18.761%)
entry 519000/2755715 (18.8336%)
entry 520000/2755715 (18.8699%)
entry 522000/2755715 (18.9425%)
entry 526000/2755715 (19.0876%)
entry 527000/2755715 (19.1239%)
entry 528000/2755715 (19.1602%)
entry 529000/2755715 (19.1965%)
entry 530000/2755715 (19.2328%)
entry 531000/2755715 (19.269%)
entry 533000/2755715 (19.3416%)
entry 536000/2755715 (19.4505%)
entry 538000/2755715 (19.5231%)
entry 541000/2755715 (19.6319%)
entry 543000/2755715 (19.7045%)
entry 544000/2755715 (19.7408%)
entry 546000/2755715 (19.8134%)
entry 547000/2755715 (19.8497%)
entry 550000/2755715 (19.9585%)
entry 551000/2755715 (19.9948%)
entry 553000/2755715 (20.0674%)
entry 554000/2755715 (20.1037%)
entry 555000/2755715 (20.14%)
entry 556000/2755715 (20.1763%)
entry 557000/2755715 (20.2125%)
entry 558000/2755715 (20.2488%)
entry 561000/2755715 (20.3577%)
entry 563000/2755715 (20.4303%)
entry 564000/2755715 (20.4666%)
entry 566000/2755715 (20.5391%)
entry 569000/2755715 (20.648%)
entry 570000/2755715 (20.6843%)
entry 573000/2755715 (20.7932%)
entry 575000/2755715 (20.8657%)
entry 576000/2755715 (20.902%)
entry 578000/2755715 (20.9746%)
entry 579000/2755715 (21.0109%)
entry 580000/2755715 (21.0472%)
entry 581000/2755715 (21.0835%)
entry 582000/2755715 (21.1197%)
entry 583000/2755715 (21.156%)
entry 586000/2755715 (21.2649%)
entry 587000/2755715 (21.3012%)
entry 588000/2755715 (21.3375%)
entry 589000/2755715 (21.3738%)
entry 590000/2755715 (21.4101%)
entry 591000/2755715 (21.4463%)
entry 593000/2755715 (21.5189%)
entry 594000/2755715 (21.5552%)
entry 597000/2755715 (21.6641%)
entry 599000/2755715 (21.7366%)
entry 602000/2755715 (21.8455%)
entry 604000/2755715 (21.9181%)
entry 605000/2755715 (21.9544%)
entry 606000/2755715 (21.9907%)
entry 609000/2755715 (22.0995%)
entry 613000/2755715 (22.2447%)
entry 615000/2755715 (22.3173%)
entry 618000/2755715 (22.4261%)
entry 619000/2755715 (22.4624%)
entry 620000/2755715 (22.4987%)
entry 621000/2755715 (22.535%)
entry 625000/2755715 (22.6801%)
entry 626000/2755715 (22.7164%)
entry 627000/2755715 (22.7527%)
entry 628000/2755715 (22.789%)
entry 629000/2755715 (22.8253%)
entry 630000/2755715 (22.8616%)
entry 631000/2755715 (22.8979%)
entry 633000/2755715 (22.9704%)
entry 634000/2755715 (23.0067%)
entry 635000/2755715 (23.043%)
entry 636000/2755715 (23.0793%)
entry 637000/2755715 (23.1156%)
entry 639000/2755715 (23.1882%)
entry 641000/2755715 (23.2608%)
entry 642000/2755715 (23.297%)
entry 644000/2755715 (23.3696%)
entry 647000/2755715 (23.4785%)
entry 652000/2755715 (23.6599%)
entry 653000/2755715 (23.6962%)
entry 654000/2755715 (23.7325%)
entry 655000/2755715 (23.7688%)
entry 656000/2755715 (23.8051%)
entry 658000/2755715 (23.8777%)
entry 659000/2755715 (23.9139%)
entry 660000/2755715 (23.9502%)
entry 662000/2755715 (24.0228%)
entry 663000/2755715 (24.0591%)
entry 664000/2755715 (24.0954%)
entry 665000/2755715 (24.1317%)
entry 666000/2755715 (24.168%)
entry 668000/2755715 (24.2405%)
entry 670000/2755715 (24.3131%)
entry 671000/2755715 (24.3494%)
entry 672000/2755715 (24.3857%)
entry 673000/2755715 (24.422%)
entry 674000/2755715 (24.4583%)
entry 675000/2755715 (24.4946%)
entry 676000/2755715 (24.5308%)
entry 681000/2755715 (24.7123%)
entry 682000/2755715 (24.7486%)
entry 683000/2755715 (24.7849%)
entry 684000/2755715 (24.8211%)
entry 685000/2755715 (24.8574%)
entry 691000/2755715 (25.0752%)
entry 692000/2755715 (25.1114%)
entry 694000/2755715 (25.184%)
entry 695000/2755715 (25.2203%)
entry 697000/2755715 (25.2929%)
entry 700000/2755715 (25.4018%)
entry 704000/2755715 (25.5469%)
entry 705000/2755715 (25.5832%)
entry 707000/2755715 (25.6558%)
entry 709000/2755715 (25.7284%)
entry 711000/2755715 (25.8009%)
entry 712000/2755715 (25.8372%)
entry 714000/2755715 (25.9098%)
entry 715000/2755715 (25.9461%)
entry 716000/2755715 (25.9824%)
entry 717000/2755715 (26.0187%)
entry 719000/2755715 (26.0912%)
entry 721000/2755715 (26.1638%)
entry 722000/2755715 (26.2001%)
entry 724000/2755715 (26.2727%)
entry 725000/2755715 (26.309%)
entry 728000/2755715 (26.4178%)
entry 730000/2755715 (26.4904%)
entry 731000/2755715 (26.5267%)
entry 732000/2755715 (26.563%)
entry 734000/2755715 (26.6356%)
entry 737000/2755715 (26.7444%)
entry 738000/2755715 (26.7807%)
entry 739000/2755715 (26.817%)
entry 740000/2755715 (26.8533%)
entry 741000/2755715 (26.8896%)
entry 742000/2755715 (26.9259%)
entry 743000/2755715 (26.9621%)
entry 744000/2755715 (26.9984%)
entry 745000/2755715 (27.0347%)
entry 746000/2755715 (27.071%)
entry 748000/2755715 (27.1436%)
entry 750000/2755715 (27.2162%)
entry 754000/2755715 (27.3613%)
entry 756000/2755715 (27.4339%)
entry 757000/2755715 (27.4702%)
entry 758000/2755715 (27.5065%)
entry 761000/2755715 (27.6153%)
entry 762000/2755715 (27.6516%)
entry 764000/2755715 (27.7242%)
entry 766000/2755715 (27.7968%)
entry 767000/2755715 (27.8331%)
entry 768000/2755715 (27.8694%)
entry 769000/2755715 (27.9056%)
entry 770000/2755715 (27.9419%)
entry 772000/2755715 (28.0145%)
entry 773000/2755715 (28.0508%)
entry 774000/2755715 (28.0871%)
entry 775000/2755715 (28.1234%)
entry 776000/2755715 (28.1597%)
entry 777000/2755715 (28.196%)
entry 778000/2755715 (28.2322%)
entry 781000/2755715 (28.3411%)
entry 782000/2755715 (28.3774%)
entry 785000/2755715 (28.4863%)
entry 786000/2755715 (28.5225%)
entry 788000/2755715 (28.5951%)
entry 791000/2755715 (28.704%)
entry 792000/2755715 (28.7403%)
entry 793000/2755715 (28.7766%)
entry 794000/2755715 (28.8128%)
entry 795000/2755715 (28.8491%)
entry 797000/2755715 (28.9217%)
entry 798000/2755715 (28.958%)
entry 799000/2755715 (28.9943%)
entry 800000/2755715 (29.0306%)
entry 801000/2755715 (29.0669%)
entry 802000/2755715 (29.1032%)
entry 803000/2755715 (29.1394%)
entry 804000/2755715 (29.1757%)
entry 806000/2755715 (29.2483%)
entry 807000/2755715 (29.2846%)
entry 808000/2755715 (29.3209%)
entry 810000/2755715 (29.3935%)
entry 811000/2755715 (29.4297%)
entry 812000/2755715 (29.466%)
entry 817000/2755715 (29.6475%)
entry 820000/2755715 (29.7563%)
entry 821000/2755715 (29.7926%)
entry 823000/2755715 (29.8652%)
entry 824000/2755715 (29.9015%)
entry 826000/2755715 (29.9741%)
entry 827000/2755715 (30.0104%)
entry 829000/2755715 (30.0829%)
entry 831000/2755715 (30.1555%)
entry 832000/2755715 (30.1918%)
entry 833000/2755715 (30.2281%)
entry 834000/2755715 (30.2644%)
entry 835000/2755715 (30.3007%)
entry 837000/2755715 (30.3732%)
entry 839000/2755715 (30.4458%)
entry 841000/2755715 (30.5184%)
entry 843000/2755715 (30.591%)
entry 845000/2755715 (30.6635%)
entry 846000/2755715 (30.6998%)
entry 848000/2755715 (30.7724%)
entry 851000/2755715 (30.8813%)
entry 852000/2755715 (30.9176%)
entry 853000/2755715 (30.9539%)
entry 855000/2755715 (31.0264%)
entry 856000/2755715 (31.0627%)
entry 857000/2755715 (31.099%)
entry 858000/2755715 (31.1353%)
entry 862000/2755715 (31.2804%)
entry 869000/2755715 (31.5345%)
entry 871000/2755715 (31.607%)
entry 872000/2755715 (31.6433%)
entry 873000/2755715 (31.6796%)
entry 874000/2755715 (31.7159%)
entry 875000/2755715 (31.7522%)
entry 876000/2755715 (31.7885%)
entry 877000/2755715 (31.8248%)
entry 878000/2755715 (31.8611%)
entry 879000/2755715 (31.8973%)
entry 880000/2755715 (31.9336%)
entry 882000/2755715 (32.0062%)
entry 883000/2755715 (32.0425%)
entry 884000/2755715 (32.0788%)
entry 885000/2755715 (32.1151%)
entry 887000/2755715 (32.1877%)
entry 888000/2755715 (32.2239%)
entry 889000/2755715 (32.2602%)
entry 890000/2755715 (32.2965%)
entry 891000/2755715 (32.3328%)
entry 892000/2755715 (32.3691%)
entry 893000/2755715 (32.4054%)
entry 894000/2755715 (32.4417%)
entry 896000/2755715 (32.5142%)
entry 899000/2755715 (32.6231%)
entry 900000/2755715 (32.6594%)
entry 902000/2755715 (32.732%)
entry 903000/2755715 (32.7683%)
entry 904000/2755715 (32.8046%)
entry 905000/2755715 (32.8408%)
entry 906000/2755715 (32.8771%)
entry 908000/2755715 (32.9497%)
entry 912000/2755715 (33.0949%)
entry 913000/2755715 (33.1311%)
entry 915000/2755715 (33.2037%)
entry 916000/2755715 (33.24%)
entry 917000/2755715 (33.2763%)
entry 918000/2755715 (33.3126%)
entry 920000/2755715 (33.3852%)
entry 921000/2755715 (33.4215%)
entry 929000/2755715 (33.7118%)
entry 930000/2755715 (33.748%)
entry 931000/2755715 (33.7843%)
entry 935000/2755715 (33.9295%)
entry 936000/2755715 (33.9658%)
entry 937000/2755715 (34.0021%)
entry 938000/2755715 (34.0384%)
entry 939000/2755715 (34.0746%)
entry 940000/2755715 (34.1109%)
entry 941000/2755715 (34.1472%)
entry 942000/2755715 (34.1835%)
entry 943000/2755715 (34.2198%)
entry 944000/2755715 (34.2561%)
entry 945000/2755715 (34.2924%)
entry 946000/2755715 (34.3287%)
entry 947000/2755715 (34.3649%)
entry 948000/2755715 (34.4012%)
entry 949000/2755715 (34.4375%)
entry 950000/2755715 (34.4738%)
entry 953000/2755715 (34.5827%)
entry 954000/2755715 (34.619%)
entry 956000/2755715 (34.6915%)
entry 957000/2755715 (34.7278%)
entry 958000/2755715 (34.7641%)
entry 959000/2755715 (34.8004%)
entry 963000/2755715 (34.9456%)
entry 964000/2755715 (34.9818%)
entry 965000/2755715 (35.0181%)
entry 966000/2755715 (35.0544%)
entry 967000/2755715 (35.0907%)
entry 968000/2755715 (35.127%)
entry 970000/2755715 (35.1996%)
entry 971000/2755715 (35.2359%)
entry 972000/2755715 (35.2722%)
entry 977000/2755715 (35.4536%)
entry 979000/2755715 (35.5262%)
entry 980000/2755715 (35.5625%)
entry 982000/2755715 (35.635%)
entry 983000/2755715 (35.6713%)
entry 984000/2755715 (35.7076%)
entry 985000/2755715 (35.7439%)
entry 986000/2755715 (35.7802%)
entry 988000/2755715 (35.8528%)
entry 989000/2755715 (35.8891%)
entry 991000/2755715 (35.9616%)
entry 992000/2755715 (35.9979%)
entry 993000/2755715 (36.0342%)
entry 994000/2755715 (36.0705%)
entry 995000/2755715 (36.1068%)
entry 997000/2755715 (36.1794%)
entry 998000/2755715 (36.2156%)
entry 1002000/2755715 (36.3608%)
entry 1003000/2755715 (36.3971%)
entry 1004000/2755715 (36.4334%)
entry 1008000/2755715 (36.5785%)
entry 1009000/2755715 (36.6148%)
entry 1011000/2755715 (36.6874%)
entry 1012000/2755715 (36.7237%)
entry 1013000/2755715 (36.76%)
entry 1016000/2755715 (36.8688%)
entry 1017000/2755715 (36.9051%)
entry 1020000/2755715 (37.014%)
entry 1024000/2755715 (37.1591%)
entry 1026000/2755715 (37.2317%)
entry 1028000/2755715 (37.3043%)
entry 1029000/2755715 (37.3406%)
entry 1030000/2755715 (37.3769%)
entry 1031000/2755715 (37.4132%)
entry 1032000/2755715 (37.4494%)
entry 1034000/2755715 (37.522%)
entry 1035000/2755715 (37.5583%)
entry 1036000/2755715 (37.5946%)
entry 1037000/2755715 (37.6309%)
entry 1039000/2755715 (37.7035%)
entry 1040000/2755715 (37.7398%)
entry 1041000/2755715 (37.776%)
entry 1042000/2755715 (37.8123%)
entry 1043000/2755715 (37.8486%)
entry 1045000/2755715 (37.9212%)
entry 1046000/2755715 (37.9575%)
entry 1048000/2755715 (38.0301%)
entry 1049000/2755715 (38.0663%)
entry 1051000/2755715 (38.1389%)
entry 1052000/2755715 (38.1752%)
entry 1054000/2755715 (38.2478%)
entry 1056000/2755715 (38.3204%)
entry 1061000/2755715 (38.5018%)
entry 1062000/2755715 (38.5381%)
entry 1063000/2755715 (38.5744%)
entry 1068000/2755715 (38.7558%)
entry 1069000/2755715 (38.7921%)
entry 1070000/2755715 (38.8284%)
entry 1071000/2755715 (38.8647%)
entry 1072000/2755715 (38.901%)
entry 1075000/2755715 (39.0098%)
entry 1076000/2755715 (39.0461%)
entry 1077000/2755715 (39.0824%)
entry 1080000/2755715 (39.1913%)
entry 1081000/2755715 (39.2276%)
entry 1082000/2755715 (39.2639%)
entry 1084000/2755715 (39.3364%)
entry 1085000/2755715 (39.3727%)
entry 1087000/2755715 (39.4453%)
entry 1088000/2755715 (39.4816%)
entry 1091000/2755715 (39.5905%)
entry 1092000/2755715 (39.6267%)
entry 1093000/2755715 (39.663%)
entry 1094000/2755715 (39.6993%)
entry 1095000/2755715 (39.7356%)
entry 1099000/2755715 (39.8808%)
entry 1100000/2755715 (39.917%)
entry 1101000/2755715 (39.9533%)
entry 1102000/2755715 (39.9896%)
entry 1105000/2755715 (40.0985%)
entry 1106000/2755715 (40.1348%)
entry 1110000/2755715 (40.2799%)
entry 1111000/2755715 (40.3162%)
entry 1113000/2755715 (40.3888%)
entry 1114000/2755715 (40.4251%)
entry 1117000/2755715 (40.5339%)
entry 1121000/2755715 (40.6791%)
entry 1122000/2755715 (40.7154%)
entry 1123000/2755715 (40.7517%)
entry 1125000/2755715 (40.8242%)
entry 1127000/2755715 (40.8968%)
entry 1130000/2755715 (41.0057%)
entry 1131000/2755715 (41.042%)
entry 1133000/2755715 (41.1146%)
entry 1136000/2755715 (41.2234%)
entry 1139000/2755715 (41.3323%)
entry 1141000/2755715 (41.4049%)
entry 1144000/2755715 (41.5137%)
entry 1146000/2755715 (41.5863%)
entry 1148000/2755715 (41.6589%)
entry 1149000/2755715 (41.6952%)
entry 1150000/2755715 (41.7315%)
entry 1151000/2755715 (41.7677%)
entry 1153000/2755715 (41.8403%)
entry 1154000/2755715 (41.8766%)
entry 1155000/2755715 (41.9129%)
entry 1157000/2755715 (41.9855%)
entry 1158000/2755715 (42.0218%)
entry 1159000/2755715 (42.0581%)
entry 1160000/2755715 (42.0943%)
entry 1161000/2755715 (42.1306%)
entry 1162000/2755715 (42.1669%)
entry 1163000/2755715 (42.2032%)
entry 1164000/2755715 (42.2395%)
entry 1165000/2755715 (42.2758%)
entry 1166000/2755715 (42.3121%)
entry 1168000/2755715 (42.3846%)
entry 1169000/2755715 (42.4209%)
entry 1171000/2755715 (42.4935%)
entry 1176000/2755715 (42.6749%)
entry 1177000/2755715 (42.7112%)
entry 1178000/2755715 (42.7475%)
entry 1179000/2755715 (42.7838%)
entry 1181000/2755715 (42.8564%)
entry 1182000/2755715 (42.8927%)
entry 1183000/2755715 (42.929%)
entry 1184000/2755715 (42.9653%)
entry 1185000/2755715 (43.0015%)
entry 1186000/2755715 (43.0378%)
entry 1188000/2755715 (43.1104%)
entry 1189000/2755715 (43.1467%)
entry 1191000/2755715 (43.2193%)
entry 1192000/2755715 (43.2556%)
entry 1194000/2755715 (43.3281%)
entry 1195000/2755715 (43.3644%)
entry 1196000/2755715 (43.4007%)
entry 1198000/2755715 (43.4733%)
entry 1199000/2755715 (43.5096%)
entry 1202000/2755715 (43.6184%)
entry 1203000/2755715 (43.6547%)
entry 1204000/2755715 (43.691%)
entry 1205000/2755715 (43.7273%)
entry 1207000/2755715 (43.7999%)
entry 1208000/2755715 (43.8362%)
entry 1210000/2755715 (43.9088%)
entry 1212000/2755715 (43.9813%)
entry 1216000/2755715 (44.1265%)
entry 1219000/2755715 (44.2353%)
entry 1221000/2755715 (44.3079%)
entry 1223000/2755715 (44.3805%)
entry 1225000/2755715 (44.4531%)
entry 1226000/2755715 (44.4894%)
entry 1228000/2755715 (44.5619%)
entry 1229000/2755715 (44.5982%)
entry 1231000/2755715 (44.6708%)
entry 1232000/2755715 (44.7071%)
entry 1233000/2755715 (44.7434%)
entry 1234000/2755715 (44.7797%)
entry 1235000/2755715 (44.816%)
entry 1238000/2755715 (44.9248%)
entry 1241000/2755715 (45.0337%)
entry 1243000/2755715 (45.1063%)
entry 1244000/2755715 (45.1425%)
entry 1245000/2755715 (45.1788%)
entry 1246000/2755715 (45.2151%)
entry 1247000/2755715 (45.2514%)
entry 1250000/2755715 (45.3603%)
entry 1251000/2755715 (45.3966%)
entry 1252000/2755715 (45.4329%)
entry 1254000/2755715 (45.5054%)
entry 1256000/2755715 (45.578%)
entry 1258000/2755715 (45.6506%)
entry 1260000/2755715 (45.7232%)
entry 1261000/2755715 (45.7594%)
entry 1262000/2755715 (45.7957%)
entry 1263000/2755715 (45.832%)
entry 1268000/2755715 (46.0135%)
entry 1269000/2755715 (46.0498%)
entry 1270000/2755715 (46.086%)
entry 1271000/2755715 (46.1223%)
entry 1272000/2755715 (46.1586%)
entry 1273000/2755715 (46.1949%)
entry 1274000/2755715 (46.2312%)
entry 1275000/2755715 (46.2675%)
entry 1276000/2755715 (46.3038%)
entry 1278000/2755715 (46.3763%)
entry 1279000/2755715 (46.4126%)
entry 1281000/2755715 (46.4852%)
entry 1282000/2755715 (46.5215%)
entry 1283000/2755715 (46.5578%)
entry 1285000/2755715 (46.6304%)
entry 1286000/2755715 (46.6667%)
entry 1287000/2755715 (46.7029%)
entry 1288000/2755715 (46.7392%)
entry 1289000/2755715 (46.7755%)
entry 1290000/2755715 (46.8118%)
entry 1293000/2755715 (46.9207%)
entry 1296000/2755715 (47.0295%)
entry 1297000/2755715 (47.0658%)
entry 1298000/2755715 (47.1021%)
entry 1300000/2755715 (47.1747%)
entry 1301000/2755715 (47.211%)
entry 1302000/2755715 (47.2473%)
entry 1303000/2755715 (47.2836%)
entry 1304000/2755715 (47.3198%)
entry 1305000/2755715 (47.3561%)
entry 1306000/2755715 (47.3924%)
entry 1307000/2755715 (47.4287%)
entry 1309000/2755715 (47.5013%)
entry 1310000/2755715 (47.5376%)
entry 1311000/2755715 (47.5739%)
entry 1312000/2755715 (47.6101%)
entry 1316000/2755715 (47.7553%)
entry 1318000/2755715 (47.8279%)
entry 1319000/2755715 (47.8642%)
entry 1322000/2755715 (47.973%)
entry 1324000/2755715 (48.0456%)
entry 1326000/2755715 (48.1182%)
entry 1327000/2755715 (48.1545%)
entry 1331000/2755715 (48.2996%)
entry 1333000/2755715 (48.3722%)
entry 1338000/2755715 (48.5536%)
entry 1341000/2755715 (48.6625%)
entry 1343000/2755715 (48.7351%)
entry 1344000/2755715 (48.7714%)
entry 1350000/2755715 (48.9891%)
entry 1352000/2755715 (49.0617%)
entry 1353000/2755715 (49.098%)
entry 1355000/2755715 (49.1705%)
entry 1357000/2755715 (49.2431%)
entry 1358000/2755715 (49.2794%)
entry 1359000/2755715 (49.3157%)
entry 1361000/2755715 (49.3883%)
entry 1363000/2755715 (49.4608%)
entry 1364000/2755715 (49.4971%)
entry 1365000/2755715 (49.5334%)
entry 1367000/2755715 (49.606%)
entry 1372000/2755715 (49.7874%)
entry 1374000/2755715 (49.86%)
entry 1375000/2755715 (49.8963%)
entry 1377000/2755715 (49.9689%)
entry 1378000/2755715 (50.0052%)
entry 1382000/2755715 (50.1503%)
entry 1384000/2755715 (50.2229%)
entry 1386000/2755715 (50.2955%)
entry 1389000/2755715 (50.4043%)
entry 1390000/2755715 (50.4406%)
entry 1391000/2755715 (50.4769%)
entry 1392000/2755715 (50.5132%)
entry 1393000/2755715 (50.5495%)
entry 1394000/2755715 (50.5858%)
entry 1395000/2755715 (50.6221%)
entry 1396000/2755715 (50.6584%)
entry 1397000/2755715 (50.6946%)
entry 1398000/2755715 (50.7309%)
entry 1399000/2755715 (50.7672%)
entry 1400000/2755715 (50.8035%)
entry 1402000/2755715 (50.8761%)
entry 1403000/2755715 (50.9124%)
entry 1404000/2755715 (50.9487%)
entry 1405000/2755715 (50.985%)
entry 1408000/2755715 (51.0938%)
entry 1409000/2755715 (51.1301%)
entry 1410000/2755715 (51.1664%)
entry 1411000/2755715 (51.2027%)
entry 1412000/2755715 (51.239%)
entry 1413000/2755715 (51.2753%)
entry 1414000/2755715 (51.3115%)
entry 1415000/2755715 (51.3478%)
entry 1418000/2755715 (51.4567%)
entry 1419000/2755715 (51.493%)
entry 1420000/2755715 (51.5293%)
entry 1422000/2755715 (51.6019%)
entry 1423000/2755715 (51.6381%)
entry 1424000/2755715 (51.6744%)
entry 1425000/2755715 (51.7107%)
entry 1427000/2755715 (51.7833%)
entry 1428000/2755715 (51.8196%)
entry 1429000/2755715 (51.8559%)
entry 1431000/2755715 (51.9284%)
entry 1433000/2755715 (52.001%)
entry 1434000/2755715 (52.0373%)
entry 1437000/2755715 (52.1462%)
entry 1441000/2755715 (52.2913%)
entry 1442000/2755715 (52.3276%)
entry 1443000/2755715 (52.3639%)
entry 1444000/2755715 (52.4002%)
entry 1445000/2755715 (52.4365%)
entry 1446000/2755715 (52.4728%)
entry 1449000/2755715 (52.5816%)
entry 1451000/2755715 (52.6542%)
entry 1452000/2755715 (52.6905%)
entry 1453000/2755715 (52.7268%)
entry 1455000/2755715 (52.7994%)
entry 1456000/2755715 (52.8357%)
entry 1457000/2755715 (52.8719%)
entry 1458000/2755715 (52.9082%)
entry 1459000/2755715 (52.9445%)
entry 1461000/2755715 (53.0171%)
entry 1462000/2755715 (53.0534%)
entry 1464000/2755715 (53.126%)
entry 1466000/2755715 (53.1985%)
entry 1467000/2755715 (53.2348%)
entry 1468000/2755715 (53.2711%)
entry 1470000/2755715 (53.3437%)
entry 1471000/2755715 (53.38%)
entry 1474000/2755715 (53.4888%)
entry 1475000/2755715 (53.5251%)
entry 1476000/2755715 (53.5614%)
entry 1479000/2755715 (53.6703%)
entry 1480000/2755715 (53.7066%)
entry 1481000/2755715 (53.7429%)
entry 1485000/2755715 (53.888%)
entry 1486000/2755715 (53.9243%)
entry 1487000/2755715 (53.9606%)
entry 1490000/2755715 (54.0695%)
entry 1491000/2755715 (54.1057%)
entry 1494000/2755715 (54.2146%)
entry 1495000/2755715 (54.2509%)
entry 1496000/2755715 (54.2872%)
entry 1497000/2755715 (54.3235%)
entry 1499000/2755715 (54.396%)
entry 1502000/2755715 (54.5049%)
entry 1504000/2755715 (54.5775%)
entry 1505000/2755715 (54.6138%)
entry 1506000/2755715 (54.6501%)
entry 1507000/2755715 (54.6863%)
entry 1508000/2755715 (54.7226%)
entry 1511000/2755715 (54.8315%)
entry 1512000/2755715 (54.8678%)
entry 1513000/2755715 (54.9041%)
entry 1514000/2755715 (54.9404%)
entry 1515000/2755715 (54.9767%)
entry 1516000/2755715 (55.0129%)
entry 1517000/2755715 (55.0492%)
entry 1518000/2755715 (55.0855%)
entry 1520000/2755715 (55.1581%)
entry 1521000/2755715 (55.1944%)
entry 1522000/2755715 (55.2307%)
entry 1524000/2755715 (55.3033%)
entry 1526000/2755715 (55.3758%)
entry 1527000/2755715 (55.4121%)
entry 1529000/2755715 (55.4847%)
entry 1530000/2755715 (55.521%)
entry 1532000/2755715 (55.5936%)
entry 1534000/2755715 (55.6661%)
entry 1535000/2755715 (55.7024%)
entry 1536000/2755715 (55.7387%)
entry 1537000/2755715 (55.775%)
entry 1538000/2755715 (55.8113%)
entry 1539000/2755715 (55.8476%)
entry 1541000/2755715 (55.9202%)
entry 1545000/2755715 (56.0653%)
entry 1550000/2755715 (56.2467%)
entry 1551000/2755715 (56.283%)
entry 1552000/2755715 (56.3193%)
entry 1553000/2755715 (56.3556%)
entry 1554000/2755715 (56.3919%)
entry 1555000/2755715 (56.4282%)
entry 1557000/2755715 (56.5008%)
entry 1558000/2755715 (56.5371%)
entry 1559000/2755715 (56.5733%)
entry 1563000/2755715 (56.7185%)
entry 1565000/2755715 (56.7911%)
entry 1566000/2755715 (56.8274%)
entry 1567000/2755715 (56.8636%)
entry 1570000/2755715 (56.9725%)
entry 1571000/2755715 (57.0088%)
entry 1572000/2755715 (57.0451%)
entry 1573000/2755715 (57.0814%)
entry 1575000/2755715 (57.154%)
entry 1576000/2755715 (57.1902%)
entry 1577000/2755715 (57.2265%)
entry 1578000/2755715 (57.2628%)
entry 1579000/2755715 (57.2991%)
entry 1583000/2755715 (57.4443%)
entry 1584000/2755715 (57.4805%)
entry 1589000/2755715 (57.662%)
entry 1591000/2755715 (57.7346%)
entry 1593000/2755715 (57.8071%)
entry 1594000/2755715 (57.8434%)
entry 1595000/2755715 (57.8797%)
entry 1598000/2755715 (57.9886%)
entry 1600000/2755715 (58.0612%)
entry 1601000/2755715 (58.0974%)
entry 1602000/2755715 (58.1337%)
entry 1603000/2755715 (58.17%)
entry 1604000/2755715 (58.2063%)
entry 1607000/2755715 (58.3152%)
entry 1608000/2755715 (58.3515%)
entry 1610000/2755715 (58.424%)
entry 1611000/2755715 (58.4603%)
entry 1612000/2755715 (58.4966%)
entry 1613000/2755715 (58.5329%)
entry 1616000/2755715 (58.6418%)
entry 1618000/2755715 (58.7143%)
entry 1620000/2755715 (58.7869%)
entry 1623000/2755715 (58.8958%)
entry 1626000/2755715 (59.0047%)
entry 1629000/2755715 (59.1135%)
entry 1630000/2755715 (59.1498%)
entry 1631000/2755715 (59.1861%)
entry 1633000/2755715 (59.2587%)
entry 1634000/2755715 (59.295%)
entry 1635000/2755715 (59.3312%)
entry 1636000/2755715 (59.3675%)
entry 1640000/2755715 (59.5127%)
entry 1642000/2755715 (59.5853%)
entry 1643000/2755715 (59.6215%)
entry 1644000/2755715 (59.6578%)
entry 1645000/2755715 (59.6941%)
entry 1647000/2755715 (59.7667%)
entry 1648000/2755715 (59.803%)
entry 1649000/2755715 (59.8393%)
entry 1650000/2755715 (59.8756%)
entry 1651000/2755715 (59.9119%)
entry 1653000/2755715 (59.9844%)
entry 1654000/2755715 (60.0207%)
entry 1656000/2755715 (60.0933%)
entry 1657000/2755715 (60.1296%)
entry 1659000/2755715 (60.2022%)
entry 1660000/2755715 (60.2385%)
entry 1662000/2755715 (60.311%)
entry 1663000/2755715 (60.3473%)
entry 1664000/2755715 (60.3836%)
entry 1665000/2755715 (60.4199%)
entry 1666000/2755715 (60.4562%)
entry 1667000/2755715 (60.4925%)
entry 1668000/2755715 (60.5288%)
entry 1673000/2755715 (60.7102%)
entry 1675000/2755715 (60.7828%)
entry 1676000/2755715 (60.8191%)
entry 1677000/2755715 (60.8553%)
entry 1678000/2755715 (60.8916%)
entry 1680000/2755715 (60.9642%)
entry 1682000/2755715 (61.0368%)
entry 1685000/2755715 (61.1457%)
entry 1689000/2755715 (61.2908%)
entry 1690000/2755715 (61.3271%)
entry 1695000/2755715 (61.5085%)
entry 1697000/2755715 (61.5811%)
entry 1698000/2755715 (61.6174%)
entry 1701000/2755715 (61.7263%)
entry 1702000/2755715 (61.7626%)
entry 1703000/2755715 (61.7988%)
entry 1706000/2755715 (61.9077%)
entry 1707000/2755715 (61.944%)
entry 1710000/2755715 (62.0529%)
entry 1713000/2755715 (62.1617%)
entry 1714000/2755715 (62.198%)
entry 1715000/2755715 (62.2343%)
entry 1717000/2755715 (62.3069%)
entry 1718000/2755715 (62.3432%)
entry 1720000/2755715 (62.4157%)
entry 1721000/2755715 (62.452%)
entry 1723000/2755715 (62.5246%)
entry 1724000/2755715 (62.5609%)
entry 1727000/2755715 (62.6698%)
entry 1728000/2755715 (62.706%)
entry 1730000/2755715 (62.7786%)
entry 1731000/2755715 (62.8149%)
entry 1732000/2755715 (62.8512%)
entry 1733000/2755715 (62.8875%)
entry 1736000/2755715 (62.9964%)
entry 1738000/2755715 (63.0689%)
entry 1739000/2755715 (63.1052%)
entry 1742000/2755715 (63.2141%)
entry 1746000/2755715 (63.3592%)
entry 1747000/2755715 (63.3955%)
entry 1749000/2755715 (63.4681%)
entry 1750000/2755715 (63.5044%)
entry 1751000/2755715 (63.5407%)
entry 1752000/2755715 (63.577%)
entry 1753000/2755715 (63.6133%)
entry 1754000/2755715 (63.6495%)
entry 1755000/2755715 (63.6858%)
entry 1756000/2755715 (63.7221%)
entry 1758000/2755715 (63.7947%)
entry 1759000/2755715 (63.831%)
entry 1760000/2755715 (63.8673%)
entry 1761000/2755715 (63.9036%)
entry 1762000/2755715 (63.9399%)
entry 1764000/2755715 (64.0124%)
entry 1765000/2755715 (64.0487%)
entry 1767000/2755715 (64.1213%)
entry 1769000/2755715 (64.1939%)
entry 1770000/2755715 (64.2302%)
entry 1771000/2755715 (64.2664%)
entry 1772000/2755715 (64.3027%)
entry 1773000/2755715 (64.339%)
entry 1776000/2755715 (64.4479%)
entry 1777000/2755715 (64.4842%)
entry 1778000/2755715 (64.5205%)
entry 1779000/2755715 (64.5567%)
entry 1780000/2755715 (64.593%)
entry 1782000/2755715 (64.6656%)
entry 1783000/2755715 (64.7019%)
entry 1784000/2755715 (64.7382%)
entry 1788000/2755715 (64.8833%)
entry 1789000/2755715 (64.9196%)
entry 1790000/2755715 (64.9559%)
entry 1791000/2755715 (64.9922%)
entry 1792000/2755715 (65.0285%)
entry 1793000/2755715 (65.0648%)
entry 1794000/2755715 (65.1011%)
entry 1798000/2755715 (65.2462%)
entry 1800000/2755715 (65.3188%)
entry 1801000/2755715 (65.3551%)
entry 1803000/2755715 (65.4277%)
entry 1804000/2755715 (65.464%)
entry 1805000/2755715 (65.5002%)
entry 1807000/2755715 (65.5728%)
entry 1808000/2755715 (65.6091%)
entry 1809000/2755715 (65.6454%)
entry 1810000/2755715 (65.6817%)
entry 1812000/2755715 (65.7543%)
entry 1813000/2755715 (65.7905%)
entry 1814000/2755715 (65.8268%)
entry 1815000/2755715 (65.8631%)
entry 1817000/2755715 (65.9357%)
entry 1818000/2755715 (65.972%)
entry 1820000/2755715 (66.0446%)
entry 1821000/2755715 (66.0809%)
entry 1827000/2755715 (66.2986%)
entry 1829000/2755715 (66.3712%)
entry 1830000/2755715 (66.4074%)
entry 1831000/2755715 (66.4437%)
entry 1833000/2755715 (66.5163%)
entry 1835000/2755715 (66.5889%)
entry 1836000/2755715 (66.6252%)
entry 1838000/2755715 (66.6978%)
entry 1841000/2755715 (66.8066%)
entry 1842000/2755715 (66.8429%)
entry 1843000/2755715 (66.8792%)
entry 1844000/2755715 (66.9155%)
entry 1845000/2755715 (66.9518%)
entry 1847000/2755715 (67.0244%)
entry 1848000/2755715 (67.0606%)
entry 1849000/2755715 (67.0969%)
entry 1851000/2755715 (67.1695%)
entry 1852000/2755715 (67.2058%)
entry 1853000/2755715 (67.2421%)
entry 1854000/2755715 (67.2784%)
entry 1855000/2755715 (67.3147%)
entry 1857000/2755715 (67.3872%)
entry 1858000/2755715 (67.4235%)
entry 1861000/2755715 (67.5324%)
entry 1862000/2755715 (67.5687%)
entry 1863000/2755715 (67.605%)
entry 1865000/2755715 (67.6775%)
entry 1867000/2755715 (67.7501%)
entry 1868000/2755715 (67.7864%)
entry 1871000/2755715 (67.8953%)
entry 1873000/2755715 (67.9678%)
entry 1875000/2755715 (68.0404%)
entry 1877000/2755715 (68.113%)
entry 1880000/2755715 (68.2219%)
entry 1883000/2755715 (68.3307%)
entry 1884000/2755715 (68.367%)
entry 1885000/2755715 (68.4033%)
entry 1889000/2755715 (68.5485%)
entry 1890000/2755715 (68.5847%)
entry 1891000/2755715 (68.621%)
entry 1892000/2755715 (68.6573%)
entry 1893000/2755715 (68.6936%)
entry 1894000/2755715 (68.7299%)
entry 1896000/2755715 (68.8025%)
entry 1897000/2755715 (68.8388%)
entry 1898000/2755715 (68.875%)
entry 1899000/2755715 (68.9113%)
entry 1901000/2755715 (68.9839%)
entry 1903000/2755715 (69.0565%)
entry 1907000/2755715 (69.2016%)
entry 1908000/2755715 (69.2379%)
entry 1909000/2755715 (69.2742%)
entry 1913000/2755715 (69.4194%)
entry 1914000/2755715 (69.4557%)
entry 1915000/2755715 (69.4919%)
entry 1916000/2755715 (69.5282%)
entry 1919000/2755715 (69.6371%)
entry 1920000/2755715 (69.6734%)
entry 1921000/2755715 (69.7097%)
entry 1923000/2755715 (69.7823%)
entry 1924000/2755715 (69.8185%)
entry 1928000/2755715 (69.9637%)
entry 1929000/2755715 (70%)
entry 1930000/2755715 (70.0363%)
entry 1932000/2755715 (70.1088%)
entry 1935000/2755715 (70.2177%)
entry 1936000/2755715 (70.254%)
entry 1937000/2755715 (70.2903%)
entry 1939000/2755715 (70.3629%)
entry 1940000/2755715 (70.3992%)
entry 1944000/2755715 (70.5443%)
entry 1947000/2755715 (70.6532%)
entry 1949000/2755715 (70.7257%)
entry 1950000/2755715 (70.762%)
entry 1951000/2755715 (70.7983%)
entry 1952000/2755715 (70.8346%)
entry 1956000/2755715 (70.9798%)
entry 1957000/2755715 (71.016%)
entry 1961000/2755715 (71.1612%)
entry 1962000/2755715 (71.1975%)
entry 1964000/2755715 (71.2701%)
entry 1967000/2755715 (71.3789%)
entry 1968000/2755715 (71.4152%)
entry 1970000/2755715 (71.4878%)
entry 1972000/2755715 (71.5604%)
entry 1975000/2755715 (71.6692%)
entry 1977000/2755715 (71.7418%)
entry 1978000/2755715 (71.7781%)
entry 1981000/2755715 (71.887%)
entry 1982000/2755715 (71.9233%)
entry 1983000/2755715 (71.9595%)
entry 1984000/2755715 (71.9958%)
entry 1985000/2755715 (72.0321%)
entry 1987000/2755715 (72.1047%)
entry 1988000/2755715 (72.141%)
entry 1990000/2755715 (72.2136%)
entry 1995000/2755715 (72.395%)
entry 1996000/2755715 (72.4313%)
entry 1997000/2755715 (72.4676%)
entry 1999000/2755715 (72.5402%)
entry 2000000/2755715 (72.5764%)
entry 2002000/2755715 (72.649%)
entry 2003000/2755715 (72.6853%)
entry 2004000/2755715 (72.7216%)
entry 2005000/2755715 (72.7579%)
entry 2006000/2755715 (72.7942%)
entry 2007000/2755715 (72.8305%)
entry 2009000/2755715 (72.903%)
entry 2011000/2755715 (72.9756%)
entry 2012000/2755715 (73.0119%)
entry 2013000/2755715 (73.0482%)
entry 2014000/2755715 (73.0845%)
entry 2015000/2755715 (73.1208%)
entry 2016000/2755715 (73.1571%)
entry 2017000/2755715 (73.1933%)
entry 2018000/2755715 (73.2296%)
entry 2019000/2755715 (73.2659%)
entry 2022000/2755715 (73.3748%)
entry 2023000/2755715 (73.4111%)
entry 2027000/2755715 (73.5562%)
entry 2028000/2755715 (73.5925%)
entry 2030000/2755715 (73.6651%)
entry 2034000/2755715 (73.8102%)
entry 2037000/2755715 (73.9191%)
entry 2038000/2755715 (73.9554%)
entry 2039000/2755715 (73.9917%)
entry 2040000/2755715 (74.028%)
entry 2041000/2755715 (74.0643%)
entry 2042000/2755715 (74.1006%)
entry 2043000/2755715 (74.1368%)
entry 2045000/2755715 (74.2094%)
entry 2046000/2755715 (74.2457%)
entry 2047000/2755715 (74.282%)
entry 2049000/2755715 (74.3546%)
entry 2051000/2755715 (74.4271%)
entry 2052000/2755715 (74.4634%)
entry 2053000/2755715 (74.4997%)
entry 2054000/2755715 (74.536%)
entry 2055000/2755715 (74.5723%)
entry 2057000/2755715 (74.6449%)
entry 2058000/2755715 (74.6812%)
entry 2059000/2755715 (74.7175%)
entry 2060000/2755715 (74.7537%)
entry 2062000/2755715 (74.8263%)
entry 2063000/2755715 (74.8626%)
entry 2064000/2755715 (74.8989%)
entry 2066000/2755715 (74.9715%)
entry 2069000/2755715 (75.0803%)
entry 2070000/2755715 (75.1166%)
entry 2076000/2755715 (75.3344%)
entry 2077000/2755715 (75.3706%)
entry 2078000/2755715 (75.4069%)
entry 2080000/2755715 (75.4795%)
entry 2081000/2755715 (75.5158%)
entry 2082000/2755715 (75.5521%)
entry 2083000/2755715 (75.5884%)
entry 2085000/2755715 (75.6609%)
entry 2088000/2755715 (75.7698%)
entry 2089000/2755715 (75.8061%)
entry 2093000/2755715 (75.9512%)
entry 2094000/2755715 (75.9875%)
entry 2095000/2755715 (76.0238%)
entry 2096000/2755715 (76.0601%)
entry 2097000/2755715 (76.0964%)
entry 2098000/2755715 (76.1327%)
entry 2100000/2755715 (76.2053%)
entry 2102000/2755715 (76.2778%)
entry 2105000/2755715 (76.3867%)
entry 2106000/2755715 (76.423%)
entry 2109000/2755715 (76.5319%)
entry 2114000/2755715 (76.7133%)
entry 2115000/2755715 (76.7496%)
entry 2118000/2755715 (76.8585%)
entry 2119000/2755715 (76.8947%)
entry 2120000/2755715 (76.931%)
entry 2121000/2755715 (76.9673%)
entry 2122000/2755715 (77.0036%)
entry 2123000/2755715 (77.0399%)
entry 2124000/2755715 (77.0762%)
entry 2125000/2755715 (77.1125%)
entry 2127000/2755715 (77.1851%)
entry 2132000/2755715 (77.3665%)
entry 2133000/2755715 (77.4028%)
entry 2135000/2755715 (77.4754%)
entry 2137000/2755715 (77.5479%)
entry 2138000/2755715 (77.5842%)
entry 2139000/2755715 (77.6205%)
entry 2140000/2755715 (77.6568%)
entry 2141000/2755715 (77.6931%)
entry 2142000/2755715 (77.7294%)
entry 2145000/2755715 (77.8382%)
entry 2147000/2755715 (77.9108%)
entry 2148000/2755715 (77.9471%)
entry 2149000/2755715 (77.9834%)
entry 2151000/2755715 (78.056%)
entry 2156000/2755715 (78.2374%)
entry 2157000/2755715 (78.2737%)
entry 2158000/2755715 (78.31%)
entry 2159000/2755715 (78.3463%)
entry 2160000/2755715 (78.3826%)
entry 2162000/2755715 (78.4551%)
entry 2163000/2755715 (78.4914%)
entry 2164000/2755715 (78.5277%)
entry 2167000/2755715 (78.6366%)
entry 2170000/2755715 (78.7454%)
entry 2171000/2755715 (78.7817%)
entry 2173000/2755715 (78.8543%)
entry 2174000/2755715 (78.8906%)
entry 2177000/2755715 (78.9995%)
entry 2178000/2755715 (79.0357%)
entry 2180000/2755715 (79.1083%)
entry 2182000/2755715 (79.1809%)
entry 2185000/2755715 (79.2898%)
entry 2188000/2755715 (79.3986%)
entry 2189000/2755715 (79.4349%)
entry 2190000/2755715 (79.4712%)
entry 2191000/2755715 (79.5075%)
entry 2193000/2755715 (79.5801%)
entry 2194000/2755715 (79.6164%)
entry 2195000/2755715 (79.6526%)
entry 2197000/2755715 (79.7252%)
entry 2198000/2755715 (79.7615%)
entry 2199000/2755715 (79.7978%)
entry 2200000/2755715 (79.8341%)
entry 2201000/2755715 (79.8704%)
entry 2204000/2755715 (79.9792%)
entry 2205000/2755715 (80.0155%)
entry 2207000/2755715 (80.0881%)
entry 2209000/2755715 (80.1607%)
entry 2210000/2755715 (80.197%)
entry 2211000/2755715 (80.2333%)
entry 2212000/2755715 (80.2696%)
entry 2213000/2755715 (80.3058%)
entry 2214000/2755715 (80.3421%)
entry 2215000/2755715 (80.3784%)
entry 2216000/2755715 (80.4147%)
entry 2218000/2755715 (80.4873%)
entry 2219000/2755715 (80.5236%)
entry 2224000/2755715 (80.705%)
entry 2225000/2755715 (80.7413%)
entry 2226000/2755715 (80.7776%)
entry 2227000/2755715 (80.8139%)
entry 2228000/2755715 (80.8502%)
entry 2229000/2755715 (80.8864%)
entry 2231000/2755715 (80.959%)
entry 2233000/2755715 (81.0316%)
entry 2234000/2755715 (81.0679%)
entry 2235000/2755715 (81.1042%)
entry 2237000/2755715 (81.1768%)
entry 2239000/2755715 (81.2493%)
entry 2240000/2755715 (81.2856%)
entry 2244000/2755715 (81.4308%)
entry 2247000/2755715 (81.5396%)
entry 2248000/2755715 (81.5759%)
entry 2250000/2755715 (81.6485%)
entry 2251000/2755715 (81.6848%)
entry 2254000/2755715 (81.7937%)
entry 2256000/2755715 (81.8662%)
entry 2257000/2755715 (81.9025%)
entry 2258000/2755715 (81.9388%)
entry 2261000/2755715 (82.0477%)
entry 2262000/2755715 (82.084%)
entry 2263000/2755715 (82.1202%)
entry 2265000/2755715 (82.1928%)
entry 2270000/2755715 (82.3743%)
entry 2273000/2755715 (82.4831%)
entry 2275000/2755715 (82.5557%)
entry 2276000/2755715 (82.592%)
entry 2277000/2755715 (82.6283%)
entry 2280000/2755715 (82.7371%)
entry 2282000/2755715 (82.8097%)
entry 2285000/2755715 (82.9186%)
entry 2286000/2755715 (82.9549%)
entry 2288000/2755715 (83.0275%)
entry 2292000/2755715 (83.1726%)
entry 2298000/2755715 (83.3903%)
entry 2299000/2755715 (83.4266%)
entry 2300000/2755715 (83.4629%)
entry 2301000/2755715 (83.4992%)
entry 2302000/2755715 (83.5355%)
entry 2303000/2755715 (83.5718%)
entry 2305000/2755715 (83.6444%)
entry 2306000/2755715 (83.6806%)
entry 2307000/2755715 (83.7169%)
entry 2308000/2755715 (83.7532%)
entry 2309000/2755715 (83.7895%)
entry 2310000/2755715 (83.8258%)
entry 2311000/2755715 (83.8621%)
entry 2314000/2755715 (83.9709%)
entry 2316000/2755715 (84.0435%)
entry 2318000/2755715 (84.1161%)
entry 2319000/2755715 (84.1524%)
entry 2321000/2755715 (84.225%)
entry 2323000/2755715 (84.2975%)
entry 2324000/2755715 (84.3338%)
entry 2325000/2755715 (84.3701%)
entry 2326000/2755715 (84.4064%)
entry 2328000/2755715 (84.479%)
entry 2330000/2755715 (84.5516%)
entry 2331000/2755715 (84.5878%)
entry 2332000/2755715 (84.6241%)
entry 2333000/2755715 (84.6604%)
entry 2334000/2755715 (84.6967%)
entry 2335000/2755715 (84.733%)
entry 2336000/2755715 (84.7693%)
entry 2338000/2755715 (84.8419%)
entry 2340000/2755715 (84.9144%)
entry 2341000/2755715 (84.9507%)
entry 2343000/2755715 (85.0233%)
entry 2344000/2755715 (85.0596%)
entry 2345000/2755715 (85.0959%)
entry 2347000/2755715 (85.1685%)
entry 2348000/2755715 (85.2047%)
entry 2350000/2755715 (85.2773%)
entry 2352000/2755715 (85.3499%)
entry 2353000/2755715 (85.3862%)
entry 2354000/2755715 (85.4225%)
entry 2356000/2755715 (85.4951%)
entry 2357000/2755715 (85.5313%)
entry 2359000/2755715 (85.6039%)
entry 2360000/2755715 (85.6402%)
entry 2361000/2755715 (85.6765%)
entry 2362000/2755715 (85.7128%)
entry 2363000/2755715 (85.7491%)
entry 2364000/2755715 (85.7854%)
entry 2366000/2755715 (85.8579%)
entry 2370000/2755715 (86.0031%)
entry 2372000/2755715 (86.0757%)
entry 2374000/2755715 (86.1482%)
entry 2375000/2755715 (86.1845%)
entry 2377000/2755715 (86.2571%)
entry 2378000/2755715 (86.2934%)
entry 2379000/2755715 (86.3297%)
entry 2380000/2755715 (86.366%)
entry 2383000/2755715 (86.4748%)
entry 2384000/2755715 (86.5111%)
entry 2387000/2755715 (86.62%)
entry 2388000/2755715 (86.6563%)
entry 2389000/2755715 (86.6926%)
entry 2390000/2755715 (86.7289%)
entry 2396000/2755715 (86.9466%)
entry 2397000/2755715 (86.9829%)
entry 2399000/2755715 (87.0554%)
entry 2401000/2755715 (87.128%)
entry 2402000/2755715 (87.1643%)
entry 2405000/2755715 (87.2732%)
entry 2407000/2755715 (87.3458%)
entry 2409000/2755715 (87.4183%)
entry 2411000/2755715 (87.4909%)
entry 2413000/2755715 (87.5635%)
entry 2416000/2755715 (87.6723%)
entry 2417000/2755715 (87.7086%)
entry 2422000/2755715 (87.8901%)
entry 2423000/2755715 (87.9264%)
entry 2424000/2755715 (87.9627%)
entry 2425000/2755715 (87.9989%)
entry 2426000/2755715 (88.0352%)
entry 2427000/2755715 (88.0715%)
entry 2429000/2755715 (88.1441%)
entry 2430000/2755715 (88.1804%)
entry 2431000/2755715 (88.2167%)
entry 2432000/2755715 (88.253%)
entry 2433000/2755715 (88.2892%)
entry 2435000/2755715 (88.3618%)
entry 2437000/2755715 (88.4344%)
entry 2438000/2755715 (88.4707%)
entry 2442000/2755715 (88.6158%)
entry 2444000/2755715 (88.6884%)
entry 2445000/2755715 (88.7247%)
entry 2448000/2755715 (88.8336%)
entry 2449000/2755715 (88.8699%)
entry 2451000/2755715 (88.9424%)
entry 2453000/2755715 (89.015%)
entry 2454000/2755715 (89.0513%)
entry 2457000/2755715 (89.1602%)
entry 2459000/2755715 (89.2327%)
entry 2461000/2755715 (89.3053%)
entry 2462000/2755715 (89.3416%)
entry 2463000/2755715 (89.3779%)
entry 2465000/2755715 (89.4505%)
entry 2466000/2755715 (89.4868%)
entry 2467000/2755715 (89.523%)
entry 2468000/2755715 (89.5593%)
entry 2470000/2755715 (89.6319%)
entry 2471000/2755715 (89.6682%)
entry 2472000/2755715 (89.7045%)
entry 2473000/2755715 (89.7408%)
entry 2474000/2755715 (89.7771%)
entry 2477000/2755715 (89.8859%)
entry 2478000/2755715 (89.9222%)
entry 2480000/2755715 (89.9948%)
entry 2481000/2755715 (90.0311%)
entry 2482000/2755715 (90.0674%)
entry 2485000/2755715 (90.1762%)
entry 2486000/2755715 (90.2125%)
entry 2487000/2755715 (90.2488%)
entry 2488000/2755715 (90.2851%)
entry 2489000/2755715 (90.3214%)
entry 2490000/2755715 (90.3577%)
entry 2492000/2755715 (90.4303%)
entry 2493000/2755715 (90.4665%)
entry 2494000/2755715 (90.5028%)
entry 2497000/2755715 (90.6117%)
entry 2498000/2755715 (90.648%)
entry 2499000/2755715 (90.6843%)
entry 2502000/2755715 (90.7931%)
entry 2504000/2755715 (90.8657%)
entry 2505000/2755715 (90.902%)
entry 2506000/2755715 (90.9383%)
entry 2507000/2755715 (90.9746%)
entry 2508000/2755715 (91.0109%)
entry 2509000/2755715 (91.0471%)
entry 2510000/2755715 (91.0834%)
entry 2511000/2755715 (91.1197%)
entry 2513000/2755715 (91.1923%)
entry 2514000/2755715 (91.2286%)
entry 2517000/2755715 (91.3375%)
entry 2518000/2755715 (91.3737%)
entry 2519000/2755715 (91.41%)
entry 2521000/2755715 (91.4826%)
entry 2525000/2755715 (91.6278%)
entry 2527000/2755715 (91.7003%)
entry 2528000/2755715 (91.7366%)
entry 2529000/2755715 (91.7729%)
entry 2530000/2755715 (91.8092%)
entry 2532000/2755715 (91.8818%)
entry 2533000/2755715 (91.9181%)
entry 2535000/2755715 (91.9906%)
entry 2536000/2755715 (92.0269%)
entry 2537000/2755715 (92.0632%)
entry 2538000/2755715 (92.0995%)
entry 2540000/2755715 (92.1721%)
entry 2541000/2755715 (92.2084%)
entry 2545000/2755715 (92.3535%)
entry 2546000/2755715 (92.3898%)
entry 2549000/2755715 (92.4987%)
entry 2550000/2755715 (92.535%)
entry 2552000/2755715 (92.6075%)
entry 2557000/2755715 (92.789%)
entry 2558000/2755715 (92.8253%)
entry 2559000/2755715 (92.8616%)
entry 2560000/2755715 (92.8979%)
entry 2561000/2755715 (92.9341%)
entry 2562000/2755715 (92.9704%)
entry 2563000/2755715 (93.0067%)
entry 2565000/2755715 (93.0793%)
entry 2566000/2755715 (93.1156%)
entry 2567000/2755715 (93.1519%)
entry 2568000/2755715 (93.1882%)
entry 2569000/2755715 (93.2244%)
entry 2570000/2755715 (93.2607%)
entry 2572000/2755715 (93.3333%)
entry 2573000/2755715 (93.3696%)
entry 2574000/2755715 (93.4059%)
entry 2575000/2755715 (93.4422%)
entry 2578000/2755715 (93.551%)
entry 2579000/2755715 (93.5873%)
entry 2580000/2755715 (93.6236%)
entry 2583000/2755715 (93.7325%)
entry 2585000/2755715 (93.8051%)
entry 2586000/2755715 (93.8413%)
entry 2587000/2755715 (93.8776%)
entry 2588000/2755715 (93.9139%)
entry 2589000/2755715 (93.9502%)
entry 2591000/2755715 (94.0228%)
entry 2592000/2755715 (94.0591%)
entry 2593000/2755715 (94.0954%)
entry 2595000/2755715 (94.1679%)
entry 2598000/2755715 (94.2768%)
entry 2599000/2755715 (94.3131%)
entry 2600000/2755715 (94.3494%)
entry 2605000/2755715 (94.5308%)
entry 2606000/2755715 (94.5671%)
entry 2609000/2755715 (94.676%)
entry 2612000/2755715 (94.7848%)
entry 2616000/2755715 (94.93%)
entry 2617000/2755715 (94.9663%)
entry 2621000/2755715 (95.1114%)
entry 2622000/2755715 (95.1477%)
entry 2623000/2755715 (95.184%)
entry 2624000/2755715 (95.2203%)
entry 2625000/2755715 (95.2566%)
entry 2628000/2755715 (95.3654%)
entry 2629000/2755715 (95.4017%)
entry 2631000/2755715 (95.4743%)
entry 2632000/2755715 (95.5106%)
entry 2634000/2755715 (95.5832%)
entry 2635000/2755715 (95.6195%)
entry 2636000/2755715 (95.6558%)
entry 2640000/2755715 (95.8009%)
entry 2641000/2755715 (95.8372%)
entry 2642000/2755715 (95.8735%)
entry 2644000/2755715 (95.9461%)
entry 2645000/2755715 (95.9823%)
entry 2646000/2755715 (96.0186%)
entry 2647000/2755715 (96.0549%)
entry 2648000/2755715 (96.0912%)
entry 2649000/2755715 (96.1275%)
entry 2651000/2755715 (96.2001%)
entry 2654000/2755715 (96.3089%)
entry 2657000/2755715 (96.4178%)
entry 2658000/2755715 (96.4541%)
entry 2659000/2755715 (96.4904%)
entry 2661000/2755715 (96.563%)
entry 2664000/2755715 (96.6718%)
entry 2665000/2755715 (96.7081%)
entry 2666000/2755715 (96.7444%)
entry 2670000/2755715 (96.8896%)
entry 2672000/2755715 (96.9621%)
entry 2673000/2755715 (96.9984%)
entry 2675000/2755715 (97.071%)
entry 2678000/2755715 (97.1799%)
entry 2679000/2755715 (97.2161%)
entry 2680000/2755715 (97.2524%)
entry 2681000/2755715 (97.2887%)
entry 2684000/2755715 (97.3976%)
entry 2686000/2755715 (97.4702%)
entry 2687000/2755715 (97.5065%)
entry 2688000/2755715 (97.5427%)
entry 2692000/2755715 (97.6879%)
entry 2693000/2755715 (97.7242%)
entry 2694000/2755715 (97.7605%)
entry 2695000/2755715 (97.7968%)
entry 2696000/2755715 (97.833%)
entry 2697000/2755715 (97.8693%)
entry 2699000/2755715 (97.9419%)
entry 2703000/2755715 (98.0871%)
entry 2704000/2755715 (98.1234%)
entry 2705000/2755715 (98.1596%)
entry 2707000/2755715 (98.2322%)
entry 2708000/2755715 (98.2685%)
entry 2709000/2755715 (98.3048%)
entry 2710000/2755715 (98.3411%)
entry 2712000/2755715 (98.4137%)
entry 2713000/2755715 (98.45%)
entry 2716000/2755715 (98.5588%)
entry 2717000/2755715 (98.5951%)
entry 2718000/2755715 (98.6314%)
entry 2719000/2755715 (98.6677%)
entry 2720000/2755715 (98.704%)
entry 2721000/2755715 (98.7403%)
entry 2724000/2755715 (98.8491%)
entry 2725000/2755715 (98.8854%)
entry 2727000/2755715 (98.958%)
entry 2729000/2755715 (99.0306%)
entry 2730000/2755715 (99.0668%)
entry 2731000/2755715 (99.1031%)
entry 2732000/2755715 (99.1394%)
entry 2733000/2755715 (99.1757%)
entry 2736000/2755715 (99.2846%)
entry 2737000/2755715 (99.3209%)
entry 2738000/2755715 (99.3572%)
entry 2740000/2755715 (99.4297%)
entry 2744000/2755715 (99.5749%)
entry 2746000/2755715 (99.6475%)
entry 2752000/2755715 (99.8652%)
entry 2753000/2755715 (99.9015%)
entry 2754000/2755715 (99.9378%)
all done
script done
