sphnx1035.sdcc.bnl.gov
rsyncing from /gpfs/mnt/gpfs02/sphenix/user/samfred/run25/ppg11/histmaking
running: /gpfs/mnt/gpfs02/sphenix/user/samfred/run25/ppg11/histmaking/script_data.sh 53833
LD_LIBRARY_PATH now /sphenix/user/samfred/run25/install//lib:/cvmfs/sphenix.sdcc.bnl.gov/alma9.2-gcc-14.2.0/opt/sphenix/core/gcc/14.2.0-2f0a0/x86_64-el9/lib:/cvmfs/sphenix.sdcc.bnl.gov/alma9.2-gcc-14.2.0/opt/sphenix/core/gcc/14.2.0-2f0a0/x86_64-el9/lib64:/cvmfs/sphenix.sdcc.bnl.gov/alma9.2-gcc-14.2.0/opt/sphenix/core/binutils/2.40-acaab/x86_64-el9/lib:.:/cvmfs/sphenix.sdcc.bnl.gov/alma9.2-gcc-14.2.0/release/release_new/new.10/lib64:/cvmfs/sphenix.sdcc.bnl.gov/alma9.2-gcc-14.2.0/release/release_new/new.10/lib:/cvmfs/sphenix.sdcc.bnl.gov/alma9.2-gcc-14.2.0/opt/sphenix/utils/lib:/cvmfs/sphenix.sdcc.bnl.gov/alma9.2-gcc-14.2.0/opt/sphenix/core/lib:/cvmfs/sphenix.sdcc.bnl.gov/alma9.2-gcc-14.2.0/opt/sphenix/core/root-6.32.06/lib:/cvmfs/sphenix.sdcc.bnl.gov/alma9.2-gcc-14.2.0/opt/sphenix/core/geant4.10.07.p04/lib64:/cvmfs/sphenix.sdcc.bnl.gov/alma9.2-gcc-14.2.0/opt/sphenix/core/lhapdf-5.9.1/lib:/usr/local/lib64:/usr/lib64
PATH now /sphenix/user/samfred/run25/install//bin:/cvmfs/sphenix.sdcc.bnl.gov/alma9.2-gcc-14.2.0/opt/sphenix/core/gcc/14.2.0-2f0a0/x86_64-el9/bin:/cvmfs/sphenix.sdcc.bnl.gov/alma9.2-gcc-14.2.0/opt/sphenix/core/binutils/2.40-acaab/x86_64-el9/bin:.:/cvmfs/sphenix.sdcc.bnl.gov/alma9.2-gcc-14.2.0/release/release_new/new.10/bin:/cvmfs/sphenix.sdcc.bnl.gov/alma9.2-gcc-14.2.0/opt/sphenix/utils/bin:/cvmfs/sphenix.sdcc.bnl.gov/alma9.2-gcc-14.2.0/opt/sphenix/core/bin:/cvmfs/sphenix.sdcc.bnl.gov/alma9.2-gcc-14.2.0/opt/sphenix/core/root-6.32.06/bin:/cvmfs/sphenix.sdcc.bnl.gov/alma9.2-gcc-14.2.0/opt/sphenix/core/geant4.10.07.p04/bin:/usr/local/bin:/usr/bin:/usr/local/sbin:/usr/sbin
SINGULARITY_CACHEDIR=/home/condor/local/sphnx/execute/dir_4118697
_CONDOR_CHIRP_CONFIG=/home/condor/local/sphnx/execute/dir_4118697/.chirp.config
_CONDOR_JOB_IWD=/sphenix/user/samfred/run25/ppg11/histmaking
_CONDOR_ANCESTOR_407585=407621:1758241473:3491948354
G4ENSDFSTATEDATA=/cvmfs/sphenix.sdcc.bnl.gov/alma9.2-gcc-14.2.0/opt/sphenix/core/geant4.10.07.p04/share/Geant4-10.7.4/data/G4ENSDFSTATE2.3
_CONDOR_MACHINE_AD=/home/condor/local/sphnx/execute/dir_4118697/.machine.ad
ROOT_MAX_THREADS=1
NUMEXPR_NUM_THREADS=1
CUBACORES=1
_CHIRP_DELAYED_UPDATE_PREFIX=Chirp*
OMP_THREAD_LIMIT=1
G4PIIDATA=/cvmfs/sphenix.sdcc.bnl.gov/alma9.2-gcc-14.2.0/opt/sphenix/core/geant4.10.07.p04/share/Geant4-10.7.4/data/G4PII1.3
NO_AT_BRIDGE=1
G4_MAIN=/cvmfs/sphenix.sdcc.bnl.gov/alma9.2-gcc-14.2.0/opt/sphenix/core/geant4.10.07.p04
COMPILER_PATH=/cvmfs/sphenix.sdcc.bnl.gov/alma9.2-gcc-14.2.0/opt/sphenix/core/gcc/14.2.0-2f0a0/x86_64-el9
ROOT_INCLUDE_PATH=./:/sphenix/user/samfred/run25/install//include:/sphenix/user/samfred/run25/install//include/caloana:/sphenix/user/samfred/run25/install//include/qa_centrality:/sphenix/user/samfred/run25/install//include/mbdana:/sphenix/user/samfred/run25/install//include/centrality:/sphenix/user/samfred/run25/install//include/Event:/cvmfs/sphenix.sdcc.bnl.gov/alma9.2-gcc-14.2.0/release/release_new/new.10/include:/cvmfs/sphenix.sdcc.bnl.gov/alma9.2-gcc-14.2.0/release/release_new/new.10/include:/cvmfs/sphenix.sdcc.bnl.gov/alma9.2-gcc-14.2.0/release/release_new/new.10/include/g4mbd:/cvmfs/sphenix.sdcc.bnl.gov/alma9.2-gcc-14.2.0/release/release_new/new.10/include/fmt:/cvmfs/sphenix.sdcc.bnl.gov/alma9.2-gcc-14.2.0/release/release_new/new.10/include/ffarawobjects:/cvmfs/sphenix.sdcc.bnl.gov/alma9.2-gcc-14.2.0/release/release_new/new.10/include/JSON:/cvmfs/sphenix.sdcc.bnl.gov/alma9.2-gcc-14.2.0/release/release_new/new.10/include/calotreegen:/cvmfs/sphenix.sdcc.bnl.gov/alma9.2-gcc-14.2.0/release/release_new/new.10/include/torch:/cvmfs/sphenix.sdcc.bnl.gov/alma9.2-gcc-14.2.0/release/release_new/new.10/include/g4detectors:/cvmfs/sphenix.sdcc.bnl.gov/alma9.2-gcc-14.2.0/release/release_new/new.10/include/kineto:/cvmfs/sphenix.sdcc.bnl.gov/alma9.2-gcc-14.2.0/release/release_new/new.10/include/g4decayer:/cvmfs/sphenix.sdcc.bnl.gov/alma9.2-gcc-14.2.0/release/release_new/new.10/include/kfparticleqa:/cvmfs/sphenix.sdcc.bnl.gov/alma9.2-gcc-14.2.0/release/release_new/new.10/include/phfield:/cvmfs/sphenix.sdcc.bnl.gov/alma9.2-gcc-14.2.0/release/release_new/new.10/include/LHAPDF:/cvmfs/sphenix.sdcc.bnl.gov/alma9.2-gcc-14.2.0/release/release_new/new.10/include/readdigitalcurrents:/cvmfs/sphenix.sdcc.bnl.gov/alma9.2-gcc-14.2.0/release/release_new/new.10/include/c10:/cvmfs/sphenix.sdcc.bnl.gov/alma9.2-gcc-14.2.0/release/release_new/new.10/include/calovalid:/cvmfs/sphenix.sdcc.bnl.gov/alma9.2-gcc-14.2.0/release/release_new/new.10/include/oneapi:/cvmfs/sphenix.sdcc.bnl.gov/alma9.2-gcc-14.2.0/release/release_new/new.10/include/DDCond:/cvmfs/sphenix.sdcc.bnl.gov/alma9.2-gcc-14.2.0/release/release_new/new.10/include/g4tracking:/cvmfs/sphenix.sdcc.bnl.gov/alma9.2-gcc-14.2.0/release/release_new/new.10/include/litecaloeval:/cvmfs/sphenix.sdcc.bnl.gov/alma9.2-gcc-14.2.0/release/release_new/new.10/include/g4intt:/cvmfs/sphenix.sdcc.bnl.gov/alma9.2-gcc-14.2.0/release/release_new/new.10/include/phool:/cvmfs/sphenix.sdcc.bnl.gov/alma9.2-gcc-14.2.0/release/release_new/new.10/include/boost:/cvmfs/sphenix.sdcc.bnl.gov/alma9.2-gcc-14.2.0/release/release_new/new.10/include/Pythia8Plugins:/cvmfs/sphenix.sdcc.bnl.gov/alma9.2-gcc-14.2.0/release/release_new/new.10/include/calib_emc_pi0:/cvmfs/sphenix.sdcc.bnl.gov/alma9.2-gcc-14.2.0/release/release_new/new.10/include/hijingflipafterburner:/cvmfs/sphenix.sdcc.bnl.gov/alma9.2-gcc-14.2.0/release/release_new/new.10/include/ffaobjects:/cvmfs/sphenix.sdcc.bnl.gov/alma9.2-gcc-14.2.0/release/release_new/new.10/include/EvtGenBase:/cvmfs/sphenix.sdcc.bnl.gov/alma9.2-gcc-14.2.0/release/release_new/new.10/include/flowafterburner:/cvmfs/sphenix.sdcc.bnl.gov/alma9.2-gcc-14.2.0/release/release_new/new.10/include/google:/cvmfs/sphenix.sdcc.bnl.gov/alma9.2-gcc-14.2.0/release/release_new/new.10/include/g4tpc:/cvmfs/sphenix.sdcc.bnl.gov/alma9.2-gcc-14.2.0/release/release_new/new.10/include/caffe2:/cvmfs/sphenix.sdcc.bnl.gov/alma9.2-gcc-14.2.0/release/release_new/new.10/include/EvtGenExternal:/cvmfs/sphenix.sdcc.bnl.gov/alma9.2-gcc-14.2.0/release/release_new/new.10/include/fp16:/cvmfs/sphenix.sdcc.bnl.gov/alma9.2-gcc-14.2.0/release/release_new/new.10/include/ffamodules:/cvmfs/sphenix.sdcc.bnl.gov/alma9.2-gcc-14.2.0/release/release_new/new.10/include/uspin:/cvmfs/sphenix.sdcc.bnl.gov/alma9.2-gcc-14.2.0/release/release_new/new.10/include/Herwig:/cvmfs/sphenix.sdcc.bnl.gov/alma9.2-gcc-14.2.0/release/release_new/new.10/include/genfitexp:/cvmfs/sphenix.sdcc.bnl.gov/alma9.2-gcc-14.2.0/release/release_new/new.10/include/XML:/cvmfs/sphenix.sdcc.bnl.gov/alma9.2-gcc-14.2.0/release/release_new/new.10/include/fbgemm:/cvmfs/sphenix.sdcc.bnl.gov/alma9.2-gcc-14.2.0/release/release_new/new.10/include/DDAlign:/cvmfs/sphenix.sdcc.bnl.gov/alma9.2-gcc-14.2.0/release/release_new/new.10/include/g4mvtx:/cvmfs/sphenix.sdcc.bnl.gov/alma9.2-gcc-14.2.0/release/release_new/new.10/include/kfparticle_sphenix:/cvmfs/sphenix.sdcc.bnl.gov/alma9.2-gcc-14.2.0/release/release_new/new.10/include/fun4all:/cvmfs/sphenix.sdcc.bnl.gov/alma9.2-gcc-14.2.0/release/release_new/new.10/include/intt:/cvmfs/sphenix.sdcc.bnl.gov/alma9.2-gcc-14.2.0/release/release_new/new.10/include/eventdisplay:/cvmfs/sphenix.sdcc.bnl.gov/alma9.2-gcc-14.2.0/release/release_new/new.10/include/EvtGen:/cvmfs/sphenix.sdcc.bnl.gov/alma9.2-gcc-14.2.0/release/release_new/new.10/include/Evaluator:/cvmfs/sphenix.sdcc.bnl.gov/alma9.2-gcc-14.2.0/release/release_new/new.10/include/tpc:/cvmfs/sphenix.sdcc.bnl.gov/alma9.2-gcc-14.2.0/release/release_new/new.10/include/GenFit:/cvmfs/sphenix.sdcc.bnl.gov/alma9.2-gcc-14.2.0/release/release_new/new.10/include/prototype4:/cvmfs/sphenix.sdcc.bnl.gov/alma9.2-gcc-14.2.0/release/release_new/new.10/include/caloembedding:/cvmfs/sphenix.sdcc.bnl.gov/alma9.2-gcc-14.2.0/release/release_new/new.10/include/EvtGenModels:/cvmfs/sphenix.sdcc.bnl.gov/alma9.2-gcc-14.2.0/release/release_new/new.10/include/fastjet:/cvmfs/sphenix.sdcc.bnl.gov/alma9.2-gcc-14.2.0/release/release_new/new.10/include/DDG4:/cvmfs/sphenix.sdcc.bnl.gov/alma9.2-gcc-14.2.0/release/release_new/new.10/include/mbd:/cvmfs/sphenix.sdcc.bnl.gov/alma9.2-gcc-14.2.0/release/release_new/new.10/include/tbb:/cvmfs/sphenix.sdcc.bnl.gov/alma9.2-gcc-14.2.0/release/release_new/new.10/include/phgeom:/cvmfs/sphenix.sdcc.bnl.gov/alma9.2-gcc-14.2.0/release/release_new/new.10/include/g4epd:/cvmfs/sphenix.sdcc.bnl.gov/alma9.2-gcc-14.2.0/release/release_new/new.10/include/oncal:/cvmfs/sphenix.sdcc.bnl.gov/alma9.2-gcc-14.2.0/release/release_new/new.10/include/pybind11:/cvmfs/sphenix.sdcc.bnl.gov/alma9.2-gcc-14.2.0/release/release_new/new.10/include/tpcdistgenerator:/cvmfs/sphenix.sdcc.bnl.gov/alma9.2-gcc-14.2.0/release/release_new/new.10/include/cdbobjects:/cvmfs/sphenix.sdcc.bnl.gov/alma9.2-gcc-14.2.0/release/release_new/new.10/include/g4micromegas:/cvmfs/sphenix.sdcc.bnl.gov/alma9.2-gcc-14.2.0/release/release_new/new.10/include/g4eval:/cvmfs/sphenix.sdcc.bnl.gov/alma9.2-gcc-14.2.0/release/release_new/new.10/include/jetbackground:/cvmfs/sphenix.sdcc.bnl.gov/alma9.2-gcc-14.2.0/release/release_new/new.10/include/micromegas:/cvmfs/sphenix.sdcc.bnl.gov/alma9.2-gcc-14.2.0/release/release_new/new.10/include/hftrackefficiency:/cvmfs/sphenix.sdcc.bnl.gov/alma9.2-gcc-14.2.0/release/release_new/new.10/include/inttrawhitqa:/cvmfs/sphenix.sdcc.bnl.gov/alma9.2-gcc-14.2.0/release/release_new/new.10/include/centrality:/cvmfs/sphenix.sdcc.bnl.gov/alma9.2-gcc-14.2.0/release/release_new/new.10/include/epd:/cvmfs/sphenix.sdcc.bnl.gov/alma9.2-gcc-14.2.0/release/release_new/new.10/include/caloreco:/cvmfs/sphenix.sdcc.bnl.gov/alma9.2-gcc-14.2.0/release/release_new/new.10/include/HepMC:/cvmfs/sphenix.sdcc.bnl.gov/alma9.2-gcc-14.2.0/release/release_new/new.10/include/CLHEP:/cvmfs/sphenix.sdcc.bnl.gov/alma9.2-gcc-14.2.0/release/release_new/new.10/include/Acts:/cvmfs/sphenix.sdcc.bnl.gov/alma9.2-gcc-14.2.0/release/release_new/new.10/include/g4histos:/cvmfs/sphenix.sdcc.bnl.gov/alma9.2-gcc-14.2.0/release/release_new/new.10/include/eventplaneinfo:/cvmfs/sphenix.sdcc.bnl.gov/alma9.2-gcc-14.2.0/release/release_new/new.10/include/fillspacechargemaps:/cvmfs/sphenix.sdcc.bnl.gov/alma9.2-gcc-14.2.0/release/release_new/new.10/include/phhepmc:/cvmfs/sphenix.sdcc.bnl.gov/alma9.2-gcc-14.2.0/release/release_new/new.10/include/trackingqa:/cvmfs/sphenix.sdcc.bnl.gov/alma9.2-gcc-14.2.0/release/release_new/new.10/include/qautils:/cvmfs/sphenix.sdcc.bnl.gov/alma9.2-gcc-14.2.0/release/release_new/new.10/include/trackreco:/cvmfs/sphenix.sdcc.bnl.gov/alma9.2-gcc-14.2.0/release/release_new/new.10/include/g4ohcal:/cvmfs/sphenix.sdcc.bnl.gov/alma9.2-gcc-14.2.0/release/release_new/new.10/include/tpcdvcalib:/cvmfs/sphenix.sdcc.bnl.gov/alma9.2-gcc-14.2.0/release/release_new/new.10/include/zdcinfo:/cvmfs/sphenix.sdcc.bnl.gov/alma9.2-gcc-14.2.0/release/release_new/new.10/include/phpythia8:/cvmfs/sphenix.sdcc.bnl.gov/alma9.2-gcc-14.2.0/release/release_new/new.10/include/fun4allutils:/cvmfs/sphenix.sdcc.bnl.gov/alma9.2-gcc-14.2.0/release/release_new/new.10/include/tpcqa:/cvmfs/sphenix.sdcc.bnl.gov/alma9.2-gcc-14.2.0/release/release_new/new.10/include/Pythia8:/cvmfs/sphenix.sdcc.bnl.gov/alma9.2-gcc-14.2.0/release/release_new/new.10/include/DDRec:/cvmfs/sphenix.sdcc.bnl.gov/alma9.2-gcc-14.2.0/release/release_new/new.10/include/DDDigi:/cvmfs/sphenix.sdcc.bnl.gov/alma9.2-gcc-14.2.0/release/release_new/new.10/include/g4ihcal:/cvmfs/sphenix.sdcc.bnl.gov/alma9.2-gcc-14.2.0/release/release_new/new.10/include/frog:/cvmfs/sphenix.sdcc.bnl.gov/alma9.2-gcc-14.2.0/release/release_new/new.10/include/eigen3:/cvmfs/sphenix.sdcc.bnl.gov/alma9.2-gcc-14.2.0/release/release_new/new.10/include/tensorpipe:/cvmfs/sphenix.sdcc.bnl.gov/alma9.2-gcc-14.2.0/release/release_new/new.10/include/sphenixnpc:/cvmfs/sphenix.sdcc.bnl.gov/alma9.2-gcc-14.2.0/release/release_new/new.10/include/siscone:/cvmfs/sphenix.sdcc.bnl.gov/alma9.2-gcc-14.2.0/release/release_new/new.10/include/pmonitor:/cvmfs/sphenix.sdcc.bnl.gov/alma9.2-gcc-14.2.0/release/release_new/new.10/include/calobase:/cvmfs/sphenix.sdcc.bnl.gov/alma9.2-gcc-14.2.0/release/release_new/new.10/include/ActsExamples:/cvmfs/sphenix.sdcc.bnl.gov/alma9.2-gcc-14.2.0/release/release_new/new.10/include/g4gdml:/cvmfs/sphenix.sdcc.bnl.gov/alma9.2-gcc-14.2.0/release/release_new/new.10/include/mvtx_decoder:/cvmfs/sphenix.sdcc.bnl.gov/alma9.2-gcc-14.2.0/release/release_new/new.10/include/ROOT:/cvmfs/sphenix.sdcc.bnl.gov/alma9.2-gcc-14.2.0/release/release_new/new.10/include/phparameter:/cvmfs/sphenix.sdcc.bnl.gov/alma9.2-gcc-14.2.0/release/release_new/new.10/include/rsa:/cvmfs/sphenix.sdcc.bnl.gov/alma9.2-gcc-14.2.0/release/release_new/new.10/include/fun4allraw:/cvmfs/sphenix.sdcc.bnl.gov/alma9.2-gcc-14.2.0/release/release_new/new.10/include/trackbase_historic:/cvmfs/sphenix.sdcc.bnl.gov/alma9.2-gcc-14.2.0/release/release_new/new.10/include/g4jets:/cvmfs/sphenix.sdcc.bnl.gov/alma9.2-gcc-14.2.0/release/release_new/new.10/include/jetqa:/cvmfs/sphenix.sdcc.bnl.gov/alma9.2-gcc-14.2.0/release/release_new/new.10/include/phoolraw:/cvmfs/sphenix.sdcc.bnl.gov/alma9.2-gcc-14.2.0/release/release_new/new.10/include/g4calo:/cvmfs/sphenix.sdcc.bnl.gov/alma9.2-gcc-14.2.0/release/release_new/new.10/include/mvtxrawhitqa:/cvmfs/sphenix.sdcc.bnl.gov/alma9.2-gcc-14.2.0/release/release_new/new.10/include/HepMC3:/cvmfs/sphenix.sdcc.bnl.gov/alma9.2-gcc-14.2.0/release/release_new/new.10/include/calowaveformsim:/cvmfs/sphenix.sdcc.bnl.gov/alma9.2-gcc-14.2.0/release/release_new/new.10/include/g4caloprototype:/cvmfs/sphenix.sdcc.bnl.gov/alma9.2-gcc-14.2.0/release/release_new/new.10/include/pdbcalbase:/cvmfs/sphenix.sdcc.bnl.gov/alma9.2-gcc-14.2.0/release/release_new/new.10/include/gsl:/cvmfs/sphenix.sdcc.bnl.gov/alma9.2-gcc-14.2.0/release/release_new/new.10/include/nodedump:/cvmfs/sphenix.sdcc.bnl.gov/alma9.2-gcc-14.2.0/release/release_new/new.10/include/emcnoisytowerfinder:/cvmfs/sphenix.sdcc.bnl.gov/alma9.2-gcc-14.2.0/release/release_new/new.10/include/ActsFatras:/cvmfs/sphenix.sdcc.bnl.gov/alma9.2-gcc-14.2.0/release/release_new/new.10/include/ffarawmodules:/cvmfs/sphenix.sdcc.bnl.gov/alma9.2-gcc-14.2.0/release/release_new/new.10/include/Event:/cvmfs/sphenix.sdcc.bnl.gov/alma9.2-gcc-14.2.0/release/release_new/new.10/include/prototype3:/cvmfs/sphenix.sdcc.bnl.gov/alma9.2-gcc-14.2.0/release/release_new/new.10/include/fermimotionafterburner:/cvmfs/sphenix.sdcc.bnl.gov/alma9.2-gcc-14.2.0/release/release_new/new.10/include/Photos:/cvmfs/sphenix.sdcc.bnl.gov/alma9.2-gcc-14.2.0/release/release_new/new.10/include/xingshiftcal:/cvmfs/sphenix.sdcc.bnl.gov/alma9.2-gcc-14.2.0/release/release_new/new.10/include/trackbase:/cvmfs/sphenix.sdcc.bnl.gov/alma9.2-gcc-14.2.0/release/release_new/new.10/include/jetdstskimmer:/cvmfs/sphenix.sdcc.bnl.gov/alma9.2-gcc-14.2.0/release/release_new/new.10/include/clusteriso:/cvmfs/sphenix.sdcc.bnl.gov/alma9.2-gcc-14.2.0/release/release_new/new.10/include/asmjit:/cvmfs/sphenix.sdcc.bnl.gov/alma9.2-gcc-14.2.0/release/release_new/new.10/include/particleflowreco:/cvmfs/sphenix.sdcc.bnl.gov/alma9.2-gcc-14.2.0/release/release_new/new.10/include/tpchittrackdisplay:/cvmfs/sphenix.sdcc.bnl.gov/alma9.2-gcc-14.2.0/release/release_new/new.10/include/caloana:/cvmfs/sphenix.sdcc.bnl.gov/alma9.2-gcc-14.2.0/release/release_new/new.10/include/calotrigger:/cvmfs/sphenix.sdcc.bnl.gov/alma9.2-gcc-14.2.0/release/release_new/new.10/include/nopayloadclient:/cvmfs/sphenix.sdcc.bnl.gov/alma9.2-gcc-14.2.0/release/release_new/new.10/include/trackermillepedealignment:/cvmfs/sphenix.sdcc.bnl.gov/alma9.2-gcc-14.2.0/release/release_new/new.10/include/DD4hep:/cvmfs/sphenix.sdcc.bnl.gov/alma9.2-gcc-14.2.0/release/release_new/new.10/include/g4trackfastsim:/cvmfs/sphenix.sdcc.bnl.gov/alma9.2-gcc-14.2.0/release/release_new/new.10/include/prototype2:/cvmfs/sphenix.sdcc.bnl.gov/alma9.2-gcc-14.2.0/release/release_new/new.10/include/ATen:/cvmfs/sphenix.sdcc.bnl.gov/alma9.2-gcc-14.2.0/release/release_new/new.10/include/g4main:/cvmfs/sphenix.sdcc.bnl.gov/alma9.2-gcc-14.2.0/release/release_new/new.10/include/Tauola:/cvmfs/sphenix.sdcc.bnl.gov/alma9.2-gcc-14.2.0/release/release_new/new.10/include/inttcalib:/cvmfs/sphenix.sdcc.bnl.gov/alma9.2-gcc-14.2.0/release/release_new/new.10/include/reactionplaneafterburner:/cvmfs/sphenix.sdcc.bnl.gov/alma9.2-gcc-14.2.0/release/release_new/new.10/include/globalqa:/cvmfs/sphenix.sdcc.bnl.gov/alma9.2-gcc-14.2.0/release/release_new/new.10/include/tpccalib:/cvmfs/sphenix.sdcc.bnl.gov/alma9.2-gcc-14.2.0/release/release_new/new.10/include/DDSegmentation:/cvmfs/sphenix.sdcc.bnl.gov/alma9.2-gcc-14.2.0/release/release_new/new.10/include/decayfinder:/cvmfs/sphenix.sdcc.bnl.gov/alma9.2-gcc-14.2.0/release/release_new/new.10/include/compressclus:/cvmfs/sphenix.sdcc.bnl.gov/alma9.2-gcc-14.2.0/release/release_new/new.10/include/simqa_modules:/cvmfs/sphenix.sdcc.bnl.gov/alma9.2-gcc-14.2.0/release/release_new/new.10/include/resonancejettagging:/cvmfs/sphenix.sdcc.bnl.gov/alma9.2-gcc-14.2.0/release/release_new/new.10/include/g4centrality:/cvmfs/sphenix.sdcc.bnl.gov/alma9.2-gcc-14.2.0/release/release_new/new.10/include/mvtx:/cvmfs/sphenix.sdcc.bnl.gov/alma9.2-gcc-14.2.0/release/release_new/new.10/include/nlohmann:/cvmfs/sphenix.sdcc.bnl.gov/alma9.2-gcc-14.2.0/release/release_new/new.10/include/localpoloffmon:/cvmfs/sphenix.sdcc.bnl.gov/alma9.2-gcc-14.2.0/release/release_new/new.10/include/DDEve:/cvmfs/sphenix.sdcc.bnl.gov/alma9.2-gcc-14.2.0/release/release_new/new.10/include/Parsers:/cvmfs/sphenix.sdcc.bnl.gov/alma9.2-gcc-14.2.0/release/release_new/new.10/include/trackingdiagnostics:/cvmfs/sphenix.sdcc.bnl.gov/alma9.2-gcc-14.2.0/release/release_new/new.10/include/g4vertex:/cvmfs/sphenix.sdcc.bnl.gov/alma9.2-gcc-14.2.0/release/release_new/new.10/include/jetbase:/cvmfs/sphenix.sdcc.bnl.gov/alma9.2-gcc-14.2.0/release/release_new/new.10/include/globalvertex:/cvmfs/sphenix.sdcc.bnl.gov/alma9.2-gcc-14.2.0/release/release_new/new.10/include/phgenfit:/cvmfs/sphenix.sdcc.bnl.gov/alma9.2-gcc-14.2.0/release/release_new/new.10/include/rawbcolumi:/cvmfs/sphenix.sdcc.bnl.gov/alma9.2-gcc-14.2.0/release/release_new/new.10/include/eicsmear:/cvmfs/sphenix.sdcc.bnl.gov/alma9.2-gcc-14.2.0/release/release_new/new.10/include/mvtxcalib:/cvmfs/sphenix.sdcc.bnl.gov/alma9.2-gcc-14.2.0/release/release_new/new.10/include/tpclinelaserdiode:/cvmfs/sphenix.sdcc.bnl.gov/alma9.2-gcc-14.2.0/release/release_new/new.10/include/hepmcjettrigger:/cvmfs/sphenix.sdcc.bnl.gov/alma9.2-gcc-14.2.0/release/release_new/new.10/include/core:/cvmfs/sphenix.sdcc.bnl.gov/alma9.2-gcc-14.2.0/release/release_new/new.10/include/calo_cdb:/cvmfs/sphenix.sdcc.bnl.gov/alma9.2-gcc-14.2.0/release/release_new/new.10/include/mvtxclustershapesqa:/cvmfs/sphenix.sdcc.bnl.gov/alma9.2-gcc-14.2.0/release/release_new/new.10/include/calopacketskimmer:/cvmfs/sphenix.sdcc.bnl.gov/alma9.2-gcc-14.2.0/opt/sphenix/core/geant4.10.07.p04/include:/cvmfs/sphenix.sdcc.bnl.gov/alma9.2-gcc-14.2.0/release/release_new/new.10/rootmacros:/cvmfs/sphenix.sdcc.bnl.gov/alma9.2-gcc-14.2.0/opt/sphenix/core/include
GSEARCHPATH=.:PG:LUSTRE:RAWDATA
PWD=/gpfs/mnt/gpfs02/sphenix/user/samfred/run25/ppg11/histmaking
LOGNAME=samfred
_CONDOR_JOB_AD=/home/condor/local/sphnx/execute/dir_4118697/.job.ad
MANPATH=/cvmfs/sphenix.sdcc.bnl.gov/alma9.2-gcc-14.2.0/opt/sphenix/core/gcc/14.2.0-2f0a0/x86_64-el9/share/man:/cvmfs/sphenix.sdcc.bnl.gov/alma9.2-gcc-14.2.0/opt/sphenix/core/binutils/2.40-acaab/x86_64-el9/share/man:/cvmfs/sphenix.sdcc.bnl.gov/alma9.2-gcc-14.2.0/release/release_new/new.10/share/man:/cvmfs/sphenix.sdcc.bnl.gov/alma9.2-gcc-14.2.0/opt/sphenix/utils/share/man:/cvmfs/sphenix.sdcc.bnl.gov/alma9.2-gcc-14.2.0/opt/sphenix/core/share/man:/cvmfs/sphenix.sdcc.bnl.gov/alma9.2-gcc-14.2.0/opt/sphenix/core/root-6.32.06/man:/usr/local/share/man:/usr/share/man
PYTHIA8=/cvmfs/sphenix.sdcc.bnl.gov/alma9.2-gcc-14.2.0/release/release_new/new.10/share/Pythia8
G4INCLDATA=/cvmfs/sphenix.sdcc.bnl.gov/alma9.2-gcc-14.2.0/opt/sphenix/core/geant4.10.07.p04/share/Geant4-10.7.4/data/G4INCL1.0
ORIG_PATH=/usr/local/bin:/usr/bin
CXX=/cvmfs/sphenix.sdcc.bnl.gov/alma9.2-gcc-14.2.0/opt/sphenix/core/gcc/14.2.0-2f0a0/x86_64-el9/bin/g++
G4LEDATA=/cvmfs/sphenix.sdcc.bnl.gov/alma9.2-gcc-14.2.0/opt/sphenix/core/geant4.10.07.p04/share/Geant4-10.7.4/data/G4EMLOW7.13
PYTHON_CPU_COUNT=1
OPENBLAS_NUM_THREADS=1
_CONDOR_BIN=/usr/bin
HOME=/sphenix/u/samfred
G4PARTICLEXSDATA=/cvmfs/sphenix.sdcc.bnl.gov/alma9.2-gcc-14.2.0/opt/sphenix/core/geant4.10.07.p04/share/Geant4-10.7.4/data/G4PARTICLEXS3.1.1
ONLINE_MAIN=/cvmfs/sphenix.sdcc.bnl.gov/alma9.2-gcc-14.2.0/release/release_new/new.10
CALIBRATIONROOT=/cvmfs/sphenix.sdcc.bnl.gov/alma9.2-gcc-14.2.0/release/release_new/new.10/share/calibrations
TMPDIR=/tmp
_CONDOR_SCRATCH_DIR=/home/condor/local/sphnx/execute/dir_4118697
PGUSER=phnxrc
NOPAYLOADCLIENT_CONF=/cvmfs/sphenix.sdcc.bnl.gov/alma9.2-gcc-14.2.0/opt/sphenix/core/etc/sPHENIX_newcdb.json
XERCESCROOT=/cvmfs/sphenix.sdcc.bnl.gov/alma9.2-gcc-14.2.0/opt/sphenix/core/geant4.10.07.p04
LHAPATH=/cvmfs/sphenix.sdcc.bnl.gov/alma9.2-gcc-14.2.0/opt/sphenix/core/lhapdf-5.9.1/share/lhapdf/PDFsets
G4NEUTRONHPDATA=/cvmfs/sphenix.sdcc.bnl.gov/alma9.2-gcc-14.2.0/opt/sphenix/core/geant4.10.07.p04/share/Geant4-10.7.4/data/G4NDL4.6
PYTHONPATH=.:/cvmfs/sphenix.sdcc.bnl.gov/alma9.2-gcc-14.2.0/release/release_new/new.10/lib/python3.13/site-packages:/cvmfs/sphenix.sdcc.bnl.gov/alma9.2-gcc-14.2.0/opt/sphenix/core/lib/python3.13/site-packages:/cvmfs/sphenix.sdcc.bnl.gov/alma9.2-gcc-14.2.0/opt/sphenix/core/root-6.32.06/lib
USER=samfred
_CONDOR_JOB_PIDS=
TEMP=/tmp
GOMAXPROCS=1
OFFLINE_MAIN=/cvmfs/sphenix.sdcc.bnl.gov/alma9.2-gcc-14.2.0/release/release_new/new.10
SHLVL=1
TF_NUM_THREADS=1
G4SAIDXSDATA=/cvmfs/sphenix.sdcc.bnl.gov/alma9.2-gcc-14.2.0/opt/sphenix/core/geant4.10.07.p04/share/Geant4-10.7.4/data/G4SAIDDATA2.0
_CONDOR_ANCESTOR_407621=4118697:1759352765:3243779480
APPTAINER_CACHEDIR=/home/condor/local/sphnx/execute/dir_4118697
ROOTSYS=/cvmfs/sphenix.sdcc.bnl.gov/alma9.2-gcc-14.2.0/opt/sphenix/core/root-6.32.06
BATCH_SYSTEM=HTCondor
_CONDOR_SLOT=slot1_71
LD_LIBRARY_PATH=/sphenix/user/samfred/run25/install//lib:/cvmfs/sphenix.sdcc.bnl.gov/alma9.2-gcc-14.2.0/opt/sphenix/core/gcc/14.2.0-2f0a0/x86_64-el9/lib:/cvmfs/sphenix.sdcc.bnl.gov/alma9.2-gcc-14.2.0/opt/sphenix/core/gcc/14.2.0-2f0a0/x86_64-el9/lib64:/cvmfs/sphenix.sdcc.bnl.gov/alma9.2-gcc-14.2.0/opt/sphenix/core/binutils/2.40-acaab/x86_64-el9/lib:.:/cvmfs/sphenix.sdcc.bnl.gov/alma9.2-gcc-14.2.0/release/release_new/new.10/lib64:/cvmfs/sphenix.sdcc.bnl.gov/alma9.2-gcc-14.2.0/release/release_new/new.10/lib:/cvmfs/sphenix.sdcc.bnl.gov/alma9.2-gcc-14.2.0/opt/sphenix/utils/lib:/cvmfs/sphenix.sdcc.bnl.gov/alma9.2-gcc-14.2.0/opt/sphenix/core/lib:/cvmfs/sphenix.sdcc.bnl.gov/alma9.2-gcc-14.2.0/opt/sphenix/core/root-6.32.06/lib:/cvmfs/sphenix.sdcc.bnl.gov/alma9.2-gcc-14.2.0/opt/sphenix/core/geant4.10.07.p04/lib64:/cvmfs/sphenix.sdcc.bnl.gov/alma9.2-gcc-14.2.0/opt/sphenix/core/lhapdf-5.9.1/lib:/usr/local/lib64:/usr/lib64
OPT_SPHENIX=/cvmfs/sphenix.sdcc.bnl.gov/alma9.2-gcc-14.2.0/opt/sphenix/core
TF_LOOP_PARALLEL_ITERATIONS=1
EVT_LIB=/cvmfs/sphenix.sdcc.bnl.gov/alma9.2-gcc-14.2.0/opt/sphenix/core/root-6.32.06/lib
PGHOST=sphnxdbmaster.sdcc.bnl.gov
OMP_NUM_THREADS=1
_CONDOR_ANCESTOR_4118697=4120007:1759352765:1949983351
G4REALSURFACEDATA=/cvmfs/sphenix.sdcc.bnl.gov/alma9.2-gcc-14.2.0/opt/sphenix/core/geant4.10.07.p04/share/Geant4-10.7.4/data/RealSurface2.2
FC=/cvmfs/sphenix.sdcc.bnl.gov/alma9.2-gcc-14.2.0/opt/sphenix/core/gcc/14.2.0-2f0a0/x86_64-el9/bin/gfortran
G4ABLADATA=/cvmfs/sphenix.sdcc.bnl.gov/alma9.2-gcc-14.2.0/opt/sphenix/core/geant4.10.07.p04/share/Geant4-10.7.4/data/G4ABLA3.1
PARASOFT=doesnotexist
TMP=/tmp
OPT_UTILS=/cvmfs/sphenix.sdcc.bnl.gov/alma9.2-gcc-14.2.0/opt/sphenix/utils
CONFIG_SITE=/cvmfs/sphenix.sdcc.bnl.gov/alma9.2-gcc-14.2.0/opt/sphenix/core/etc/config.site
PATH=/sphenix/user/samfred/run25/install//bin:/cvmfs/sphenix.sdcc.bnl.gov/alma9.2-gcc-14.2.0/opt/sphenix/core/gcc/14.2.0-2f0a0/x86_64-el9/bin:/cvmfs/sphenix.sdcc.bnl.gov/alma9.2-gcc-14.2.0/opt/sphenix/core/binutils/2.40-acaab/x86_64-el9/bin:.:/cvmfs/sphenix.sdcc.bnl.gov/alma9.2-gcc-14.2.0/release/release_new/new.10/bin:/cvmfs/sphenix.sdcc.bnl.gov/alma9.2-gcc-14.2.0/opt/sphenix/utils/bin:/cvmfs/sphenix.sdcc.bnl.gov/alma9.2-gcc-14.2.0/opt/sphenix/core/bin:/cvmfs/sphenix.sdcc.bnl.gov/alma9.2-gcc-14.2.0/opt/sphenix/core/root-6.32.06/bin:/cvmfs/sphenix.sdcc.bnl.gov/alma9.2-gcc-14.2.0/opt/sphenix/core/geant4.10.07.p04/bin:/usr/local/bin:/usr/bin:/usr/local/sbin:/usr/sbin
G4LEVELGAMMADATA=/cvmfs/sphenix.sdcc.bnl.gov/alma9.2-gcc-14.2.0/opt/sphenix/core/geant4.10.07.p04/share/Geant4-10.7.4/data/PhotonEvaporation5.7
CC=/cvmfs/sphenix.sdcc.bnl.gov/alma9.2-gcc-14.2.0/opt/sphenix/core/gcc/14.2.0-2f0a0/x86_64-el9/bin/gcc
G4RADIOACTIVEDATA=/cvmfs/sphenix.sdcc.bnl.gov/alma9.2-gcc-14.2.0/opt/sphenix/core/geant4.10.07.p04/share/Geant4-10.7.4/data/RadioactiveDecay5.6
JULIA_NUM_THREADS=1
MKL_NUM_THREADS=1
LHAPDF_DATA_PATH=/cvmfs/sphenix.sdcc.bnl.gov/alma9.2-gcc-14.2.0/release/release_new/new.10/share/LHAPDF
XPLOAD_CONFIG_DIR=/cvmfs/sphenix.sdcc.bnl.gov/alma9.2-gcc-14.2.0/opt/sphenix/core/etc
OLDPWD=/cvmfs/sphenix.sdcc.bnl.gov/alma9.2-gcc-14.2.0/release/release_new/new.10/geant4
_=/usr/bin/printenv
runnumber...
53833
trigger...

   ------------------------------------------------------------------
  | Welcome to ROOT 6.32.06                        https://root.cern |
  | (c) 1995-2024, The ROOT Team; conception: R. Brun, F. Rademakers |
  | Built for linuxx8664gcc on Dec 13 2024, 17:23:48                 |
  | From tags/6-32-06@6-32-06                                        |
  | With g++ (GCC) 14.2.0                                            |
  | Try '.help'/'.?', '.demo', '.license', '.credits', '.quit'/'.q'  |
   ------------------------------------------------------------------


Processing data_histmaker.C(53833)...
entry 1000/1129899 (0.0885035%)
entry 4000/1129899 (0.354014%)
entry 5000/1129899 (0.442517%)
entry 7000/1129899 (0.619524%)
entry 9000/1129899 (0.796531%)
entry 10000/1129899 (0.885035%)
entry 11000/1129899 (0.973538%)
entry 12000/1129899 (1.06204%)
entry 13000/1129899 (1.15055%)
entry 16000/1129899 (1.41606%)
entry 17000/1129899 (1.50456%)
entry 18000/1129899 (1.59306%)
entry 19000/1129899 (1.68157%)
entry 20000/1129899 (1.77007%)
entry 22000/1129899 (1.94708%)
entry 23000/1129899 (2.03558%)
entry 24000/1129899 (2.12408%)
entry 25000/1129899 (2.21259%)
entry 28000/1129899 (2.4781%)
entry 29000/1129899 (2.5666%)
entry 30000/1129899 (2.6551%)
entry 31000/1129899 (2.74361%)
entry 35000/1129899 (3.09762%)
entry 36000/1129899 (3.18613%)
entry 42000/1129899 (3.71715%)
entry 43000/1129899 (3.80565%)
entry 44000/1129899 (3.89415%)
entry 47000/1129899 (4.15966%)
entry 49000/1129899 (4.33667%)
entry 50000/1129899 (4.42517%)
entry 53000/1129899 (4.69068%)
entry 54000/1129899 (4.77919%)
entry 56000/1129899 (4.9562%)
entry 59000/1129899 (5.22171%)
entry 60000/1129899 (5.31021%)
entry 61000/1129899 (5.39871%)
entry 62000/1129899 (5.48722%)
entry 63000/1129899 (5.57572%)
entry 64000/1129899 (5.66422%)
entry 66000/1129899 (5.84123%)
entry 67000/1129899 (5.92973%)
entry 69000/1129899 (6.10674%)
entry 70000/1129899 (6.19524%)
entry 72000/1129899 (6.37225%)
entry 73000/1129899 (6.46075%)
entry 74000/1129899 (6.54926%)
entry 75000/1129899 (6.63776%)
entry 76000/1129899 (6.72626%)
entry 81000/1129899 (7.16878%)
entry 82000/1129899 (7.25729%)
entry 83000/1129899 (7.34579%)
entry 85000/1129899 (7.5228%)
entry 86000/1129899 (7.6113%)
entry 87000/1129899 (7.6998%)
entry 88000/1129899 (7.78831%)
entry 89000/1129899 (7.87681%)
entry 94000/1129899 (8.31933%)
entry 95000/1129899 (8.40783%)
entry 99000/1129899 (8.76184%)
entry 100000/1129899 (8.85035%)
entry 102000/1129899 (9.02736%)
entry 103000/1129899 (9.11586%)
entry 104000/1129899 (9.20436%)
entry 105000/1129899 (9.29287%)
entry 106000/1129899 (9.38137%)
entry 107000/1129899 (9.46987%)
entry 110000/1129899 (9.73538%)
entry 112000/1129899 (9.91239%)
entry 114000/1129899 (10.0894%)
entry 119000/1129899 (10.5319%)
entry 120000/1129899 (10.6204%)
entry 122000/1129899 (10.7974%)
entry 124000/1129899 (10.9744%)
entry 126000/1129899 (11.1514%)
entry 127000/1129899 (11.2399%)
entry 129000/1129899 (11.4169%)
entry 130000/1129899 (11.5055%)
entry 134000/1129899 (11.8595%)
entry 138000/1129899 (12.2135%)
entry 139000/1129899 (12.302%)
entry 141000/1129899 (12.479%)
entry 142000/1129899 (12.5675%)
entry 143000/1129899 (12.656%)
entry 144000/1129899 (12.7445%)
entry 147000/1129899 (13.01%)
entry 151000/1129899 (13.364%)
entry 152000/1129899 (13.4525%)
entry 153000/1129899 (13.541%)
entry 154000/1129899 (13.6295%)
entry 156000/1129899 (13.8065%)
entry 157000/1129899 (13.895%)
entry 159000/1129899 (14.0721%)
entry 161000/1129899 (14.2491%)
entry 162000/1129899 (14.3376%)
entry 163000/1129899 (14.4261%)
entry 165000/1129899 (14.6031%)
entry 166000/1129899 (14.6916%)
entry 167000/1129899 (14.7801%)
entry 168000/1129899 (14.8686%)
entry 170000/1129899 (15.0456%)
entry 172000/1129899 (15.2226%)
entry 174000/1129899 (15.3996%)
entry 175000/1129899 (15.4881%)
entry 176000/1129899 (15.5766%)
entry 178000/1129899 (15.7536%)
entry 181000/1129899 (16.0191%)
entry 183000/1129899 (16.1961%)
entry 185000/1129899 (16.3731%)
entry 186000/1129899 (16.4616%)
entry 193000/1129899 (17.0812%)
entry 194000/1129899 (17.1697%)
entry 195000/1129899 (17.2582%)
entry 196000/1129899 (17.3467%)
entry 197000/1129899 (17.4352%)
entry 198000/1129899 (17.5237%)
entry 200000/1129899 (17.7007%)
entry 202000/1129899 (17.8777%)
entry 203000/1129899 (17.9662%)
entry 204000/1129899 (18.0547%)
entry 206000/1129899 (18.2317%)
entry 207000/1129899 (18.3202%)
entry 208000/1129899 (18.4087%)
entry 210000/1129899 (18.5857%)
entry 211000/1129899 (18.6742%)
entry 212000/1129899 (18.7627%)
entry 215000/1129899 (19.0282%)
entry 216000/1129899 (19.1168%)
entry 218000/1129899 (19.2938%)
entry 220000/1129899 (19.4708%)
entry 221000/1129899 (19.5593%)
entry 224000/1129899 (19.8248%)
entry 225000/1129899 (19.9133%)
entry 226000/1129899 (20.0018%)
entry 227000/1129899 (20.0903%)
entry 228000/1129899 (20.1788%)
entry 229000/1129899 (20.2673%)
entry 231000/1129899 (20.4443%)
entry 233000/1129899 (20.6213%)
entry 236000/1129899 (20.8868%)
entry 240000/1129899 (21.2408%)
entry 242000/1129899 (21.4178%)
entry 243000/1129899 (21.5063%)
entry 245000/1129899 (21.6834%)
entry 247000/1129899 (21.8604%)
entry 248000/1129899 (21.9489%)
entry 251000/1129899 (22.2144%)
entry 252000/1129899 (22.3029%)
entry 253000/1129899 (22.3914%)
entry 254000/1129899 (22.4799%)
entry 256000/1129899 (22.6569%)
entry 257000/1129899 (22.7454%)
entry 259000/1129899 (22.9224%)
entry 261000/1129899 (23.0994%)
entry 262000/1129899 (23.1879%)
entry 263000/1129899 (23.2764%)
entry 265000/1129899 (23.4534%)
entry 267000/1129899 (23.6304%)
entry 269000/1129899 (23.8074%)
entry 270000/1129899 (23.8959%)
entry 271000/1129899 (23.9844%)
entry 272000/1129899 (24.0729%)
entry 274000/1129899 (24.25%)
entry 275000/1129899 (24.3385%)
entry 277000/1129899 (24.5155%)
entry 278000/1129899 (24.604%)
entry 279000/1129899 (24.6925%)
entry 280000/1129899 (24.781%)
entry 281000/1129899 (24.8695%)
entry 282000/1129899 (24.958%)
entry 284000/1129899 (25.135%)
entry 285000/1129899 (25.2235%)
entry 286000/1129899 (25.312%)
entry 288000/1129899 (25.489%)
entry 289000/1129899 (25.5775%)
entry 290000/1129899 (25.666%)
entry 291000/1129899 (25.7545%)
entry 292000/1129899 (25.843%)
entry 293000/1129899 (25.9315%)
entry 296000/1129899 (26.197%)
entry 297000/1129899 (26.2855%)
entry 298000/1129899 (26.374%)
entry 299000/1129899 (26.4625%)
entry 305000/1129899 (26.9936%)
entry 306000/1129899 (27.0821%)
entry 310000/1129899 (27.4361%)
entry 311000/1129899 (27.5246%)
entry 313000/1129899 (27.7016%)
entry 315000/1129899 (27.8786%)
entry 316000/1129899 (27.9671%)
entry 317000/1129899 (28.0556%)
entry 318000/1129899 (28.1441%)
entry 319000/1129899 (28.2326%)
entry 320000/1129899 (28.3211%)
entry 321000/1129899 (28.4096%)
entry 323000/1129899 (28.5866%)
entry 324000/1129899 (28.6751%)
entry 326000/1129899 (28.8521%)
entry 328000/1129899 (29.0291%)
entry 330000/1129899 (29.2062%)
entry 331000/1129899 (29.2947%)
entry 332000/1129899 (29.3832%)
entry 333000/1129899 (29.4717%)
entry 334000/1129899 (29.5602%)
entry 335000/1129899 (29.6487%)
entry 336000/1129899 (29.7372%)
entry 337000/1129899 (29.8257%)
entry 338000/1129899 (29.9142%)
entry 340000/1129899 (30.0912%)
entry 341000/1129899 (30.1797%)
entry 342000/1129899 (30.2682%)
entry 344000/1129899 (30.4452%)
entry 348000/1129899 (30.7992%)
entry 350000/1129899 (30.9762%)
entry 351000/1129899 (31.0647%)
entry 352000/1129899 (31.1532%)
entry 354000/1129899 (31.3302%)
entry 355000/1129899 (31.4187%)
entry 358000/1129899 (31.6842%)
entry 359000/1129899 (31.7728%)
entry 360000/1129899 (31.8613%)
entry 361000/1129899 (31.9498%)
entry 362000/1129899 (32.0383%)
entry 363000/1129899 (32.1268%)
entry 364000/1129899 (32.2153%)
entry 365000/1129899 (32.3038%)
entry 366000/1129899 (32.3923%)
entry 368000/1129899 (32.5693%)
entry 370000/1129899 (32.7463%)
entry 371000/1129899 (32.8348%)
entry 372000/1129899 (32.9233%)
entry 373000/1129899 (33.0118%)
entry 374000/1129899 (33.1003%)
entry 375000/1129899 (33.1888%)
entry 376000/1129899 (33.2773%)
entry 379000/1129899 (33.5428%)
entry 380000/1129899 (33.6313%)
entry 385000/1129899 (34.0738%)
entry 387000/1129899 (34.2508%)
entry 390000/1129899 (34.5164%)
entry 395000/1129899 (34.9589%)
entry 396000/1129899 (35.0474%)
entry 397000/1129899 (35.1359%)
entry 398000/1129899 (35.2244%)
entry 399000/1129899 (35.3129%)
entry 401000/1129899 (35.4899%)
entry 402000/1129899 (35.5784%)
entry 403000/1129899 (35.6669%)
entry 404000/1129899 (35.7554%)
entry 409000/1129899 (36.1979%)
entry 410000/1129899 (36.2864%)
entry 411000/1129899 (36.3749%)
entry 413000/1129899 (36.5519%)
entry 414000/1129899 (36.6404%)
entry 415000/1129899 (36.7289%)
entry 416000/1129899 (36.8174%)
entry 417000/1129899 (36.906%)
entry 418000/1129899 (36.9945%)
entry 419000/1129899 (37.083%)
entry 420000/1129899 (37.1715%)
entry 423000/1129899 (37.437%)
entry 424000/1129899 (37.5255%)
entry 425000/1129899 (37.614%)
entry 427000/1129899 (37.791%)
entry 428000/1129899 (37.8795%)
entry 430000/1129899 (38.0565%)
entry 431000/1129899 (38.145%)
entry 433000/1129899 (38.322%)
entry 436000/1129899 (38.5875%)
entry 439000/1129899 (38.853%)
entry 442000/1129899 (39.1185%)
entry 443000/1129899 (39.207%)
entry 446000/1129899 (39.4726%)
entry 448000/1129899 (39.6496%)
entry 450000/1129899 (39.8266%)
entry 451000/1129899 (39.9151%)
entry 452000/1129899 (40.0036%)
entry 454000/1129899 (40.1806%)
entry 456000/1129899 (40.3576%)
entry 458000/1129899 (40.5346%)
entry 459000/1129899 (40.6231%)
entry 460000/1129899 (40.7116%)
entry 461000/1129899 (40.8001%)
entry 462000/1129899 (40.8886%)
entry 463000/1129899 (40.9771%)
entry 464000/1129899 (41.0656%)
entry 465000/1129899 (41.1541%)
entry 466000/1129899 (41.2426%)
entry 471000/1129899 (41.6851%)
entry 474000/1129899 (41.9507%)
entry 475000/1129899 (42.0392%)
entry 477000/1129899 (42.2162%)
entry 478000/1129899 (42.3047%)
entry 479000/1129899 (42.3932%)
entry 480000/1129899 (42.4817%)
entry 484000/1129899 (42.8357%)
entry 488000/1129899 (43.1897%)
entry 489000/1129899 (43.2782%)
entry 492000/1129899 (43.5437%)
entry 495000/1129899 (43.8092%)
entry 496000/1129899 (43.8977%)
entry 497000/1129899 (43.9862%)
entry 498000/1129899 (44.0747%)
entry 501000/1129899 (44.3402%)
entry 502000/1129899 (44.4288%)
entry 503000/1129899 (44.5173%)
entry 506000/1129899 (44.7828%)
entry 507000/1129899 (44.8713%)
entry 509000/1129899 (45.0483%)
entry 510000/1129899 (45.1368%)
entry 513000/1129899 (45.4023%)
entry 516000/1129899 (45.6678%)
entry 518000/1129899 (45.8448%)
entry 520000/1129899 (46.0218%)
entry 523000/1129899 (46.2873%)
entry 524000/1129899 (46.3758%)
entry 525000/1129899 (46.4643%)
entry 527000/1129899 (46.6413%)
entry 529000/1129899 (46.8183%)
entry 530000/1129899 (46.9068%)
entry 532000/1129899 (47.0839%)
entry 533000/1129899 (47.1724%)
entry 535000/1129899 (47.3494%)
entry 536000/1129899 (47.4379%)
entry 537000/1129899 (47.5264%)
entry 538000/1129899 (47.6149%)
entry 539000/1129899 (47.7034%)
entry 540000/1129899 (47.7919%)
entry 541000/1129899 (47.8804%)
entry 542000/1129899 (47.9689%)
entry 543000/1129899 (48.0574%)
entry 544000/1129899 (48.1459%)
entry 546000/1129899 (48.3229%)
entry 547000/1129899 (48.4114%)
entry 548000/1129899 (48.4999%)
entry 549000/1129899 (48.5884%)
entry 550000/1129899 (48.6769%)
entry 551000/1129899 (48.7654%)
entry 552000/1129899 (48.8539%)
entry 553000/1129899 (48.9424%)
entry 554000/1129899 (49.0309%)
entry 555000/1129899 (49.1194%)
entry 556000/1129899 (49.2079%)
entry 559000/1129899 (49.4734%)
entry 561000/1129899 (49.6505%)
entry 562000/1129899 (49.739%)
entry 563000/1129899 (49.8275%)
entry 564000/1129899 (49.916%)
entry 565000/1129899 (50.0045%)
entry 566000/1129899 (50.093%)
entry 568000/1129899 (50.27%)
entry 569000/1129899 (50.3585%)
entry 570000/1129899 (50.447%)
entry 571000/1129899 (50.5355%)
entry 572000/1129899 (50.624%)
entry 576000/1129899 (50.978%)
entry 577000/1129899 (51.0665%)
entry 578000/1129899 (51.155%)
entry 579000/1129899 (51.2435%)
entry 584000/1129899 (51.686%)
entry 585000/1129899 (51.7745%)
entry 586000/1129899 (51.863%)
entry 588000/1129899 (52.0401%)
entry 589000/1129899 (52.1286%)
entry 590000/1129899 (52.2171%)
entry 592000/1129899 (52.3941%)
entry 593000/1129899 (52.4826%)
entry 594000/1129899 (52.5711%)
entry 596000/1129899 (52.7481%)
entry 597000/1129899 (52.8366%)
entry 598000/1129899 (52.9251%)
entry 599000/1129899 (53.0136%)
entry 600000/1129899 (53.1021%)
entry 601000/1129899 (53.1906%)
entry 603000/1129899 (53.3676%)
entry 604000/1129899 (53.4561%)
entry 605000/1129899 (53.5446%)
entry 606000/1129899 (53.6331%)
entry 608000/1129899 (53.8101%)
entry 610000/1129899 (53.9871%)
entry 611000/1129899 (54.0756%)
entry 613000/1129899 (54.2526%)
entry 615000/1129899 (54.4296%)
entry 616000/1129899 (54.5181%)
entry 617000/1129899 (54.6067%)
entry 618000/1129899 (54.6952%)
entry 621000/1129899 (54.9607%)
entry 622000/1129899 (55.0492%)
entry 623000/1129899 (55.1377%)
entry 624000/1129899 (55.2262%)
entry 629000/1129899 (55.6687%)
entry 630000/1129899 (55.7572%)
entry 631000/1129899 (55.8457%)
entry 632000/1129899 (55.9342%)
entry 633000/1129899 (56.0227%)
entry 636000/1129899 (56.2882%)
entry 639000/1129899 (56.5537%)
entry 641000/1129899 (56.7307%)
entry 642000/1129899 (56.8192%)
entry 644000/1129899 (56.9962%)
entry 645000/1129899 (57.0848%)
entry 648000/1129899 (57.3503%)
entry 650000/1129899 (57.5273%)
entry 651000/1129899 (57.6158%)
entry 652000/1129899 (57.7043%)
entry 653000/1129899 (57.7928%)
entry 655000/1129899 (57.9698%)
entry 658000/1129899 (58.2353%)
entry 661000/1129899 (58.5008%)
entry 662000/1129899 (58.5893%)
entry 663000/1129899 (58.6778%)
entry 664000/1129899 (58.7663%)
entry 665000/1129899 (58.8548%)
entry 667000/1129899 (59.0318%)
entry 668000/1129899 (59.1203%)
entry 669000/1129899 (59.2088%)
entry 674000/1129899 (59.6514%)
entry 675000/1129899 (59.7399%)
entry 676000/1129899 (59.8284%)
entry 678000/1129899 (60.0054%)
entry 680000/1129899 (60.1824%)
entry 683000/1129899 (60.4479%)
entry 684000/1129899 (60.5364%)
entry 686000/1129899 (60.7134%)
entry 687000/1129899 (60.8019%)
entry 688000/1129899 (60.8904%)
entry 689000/1129899 (60.9789%)
entry 690000/1129899 (61.0674%)
entry 691000/1129899 (61.1559%)
entry 692000/1129899 (61.2444%)
entry 694000/1129899 (61.4214%)
entry 695000/1129899 (61.5099%)
entry 696000/1129899 (61.5984%)
entry 698000/1129899 (61.7754%)
entry 700000/1129899 (61.9524%)
entry 701000/1129899 (62.0409%)
entry 703000/1129899 (62.218%)
entry 704000/1129899 (62.3065%)
entry 705000/1129899 (62.395%)
entry 706000/1129899 (62.4835%)
entry 707000/1129899 (62.572%)
entry 709000/1129899 (62.749%)
entry 710000/1129899 (62.8375%)
entry 712000/1129899 (63.0145%)
entry 714000/1129899 (63.1915%)
entry 718000/1129899 (63.5455%)
entry 719000/1129899 (63.634%)
entry 720000/1129899 (63.7225%)
entry 721000/1129899 (63.811%)
entry 723000/1129899 (63.988%)
entry 725000/1129899 (64.165%)
entry 727000/1129899 (64.342%)
entry 728000/1129899 (64.4305%)
entry 729000/1129899 (64.519%)
entry 733000/1129899 (64.8731%)
entry 734000/1129899 (64.9616%)
entry 737000/1129899 (65.2271%)
entry 741000/1129899 (65.5811%)
entry 742000/1129899 (65.6696%)
entry 743000/1129899 (65.7581%)
entry 746000/1129899 (66.0236%)
entry 747000/1129899 (66.1121%)
entry 749000/1129899 (66.2891%)
entry 753000/1129899 (66.6431%)
entry 754000/1129899 (66.7316%)
entry 755000/1129899 (66.8201%)
entry 756000/1129899 (66.9086%)
entry 759000/1129899 (67.1741%)
entry 761000/1129899 (67.3512%)
entry 762000/1129899 (67.4397%)
entry 764000/1129899 (67.6167%)
entry 765000/1129899 (67.7052%)
entry 766000/1129899 (67.7937%)
entry 767000/1129899 (67.8822%)
entry 768000/1129899 (67.9707%)
entry 769000/1129899 (68.0592%)
entry 770000/1129899 (68.1477%)
entry 771000/1129899 (68.2362%)
entry 772000/1129899 (68.3247%)
entry 773000/1129899 (68.4132%)
entry 774000/1129899 (68.5017%)
entry 775000/1129899 (68.5902%)
entry 776000/1129899 (68.6787%)
entry 777000/1129899 (68.7672%)
entry 778000/1129899 (68.8557%)
entry 780000/1129899 (69.0327%)
entry 782000/1129899 (69.2097%)
entry 783000/1129899 (69.2982%)
entry 784000/1129899 (69.3867%)
entry 786000/1129899 (69.5637%)
entry 787000/1129899 (69.6522%)
entry 793000/1129899 (70.1833%)
entry 794000/1129899 (70.2718%)
entry 795000/1129899 (70.3603%)
entry 796000/1129899 (70.4488%)
entry 797000/1129899 (70.5373%)
entry 800000/1129899 (70.8028%)
entry 802000/1129899 (70.9798%)
entry 804000/1129899 (71.1568%)
entry 805000/1129899 (71.2453%)
entry 806000/1129899 (71.3338%)
entry 807000/1129899 (71.4223%)
entry 811000/1129899 (71.7763%)
entry 813000/1129899 (71.9533%)
entry 815000/1129899 (72.1303%)
entry 818000/1129899 (72.3958%)
entry 821000/1129899 (72.6614%)
entry 822000/1129899 (72.7499%)
entry 823000/1129899 (72.8384%)
entry 825000/1129899 (73.0154%)
entry 826000/1129899 (73.1039%)
entry 827000/1129899 (73.1924%)
entry 828000/1129899 (73.2809%)
entry 829000/1129899 (73.3694%)
entry 831000/1129899 (73.5464%)
entry 832000/1129899 (73.6349%)
entry 834000/1129899 (73.8119%)
entry 835000/1129899 (73.9004%)
entry 836000/1129899 (73.9889%)
entry 837000/1129899 (74.0774%)
entry 839000/1129899 (74.2544%)
entry 840000/1129899 (74.3429%)
entry 841000/1129899 (74.4314%)
entry 844000/1129899 (74.6969%)
entry 845000/1129899 (74.7854%)
entry 847000/1129899 (74.9625%)
entry 848000/1129899 (75.051%)
entry 851000/1129899 (75.3165%)
entry 854000/1129899 (75.582%)
entry 855000/1129899 (75.6705%)
entry 856000/1129899 (75.759%)
entry 858000/1129899 (75.936%)
entry 861000/1129899 (76.2015%)
entry 863000/1129899 (76.3785%)
entry 865000/1129899 (76.5555%)
entry 866000/1129899 (76.644%)
entry 867000/1129899 (76.7325%)
entry 869000/1129899 (76.9095%)
entry 870000/1129899 (76.998%)
entry 872000/1129899 (77.175%)
entry 874000/1129899 (77.352%)
entry 875000/1129899 (77.4405%)
entry 876000/1129899 (77.5291%)
entry 878000/1129899 (77.7061%)
entry 879000/1129899 (77.7946%)
entry 880000/1129899 (77.8831%)
entry 881000/1129899 (77.9716%)
entry 882000/1129899 (78.0601%)
entry 883000/1129899 (78.1486%)
entry 884000/1129899 (78.2371%)
entry 890000/1129899 (78.7681%)
entry 891000/1129899 (78.8566%)
entry 892000/1129899 (78.9451%)
entry 893000/1129899 (79.0336%)
entry 894000/1129899 (79.1221%)
entry 896000/1129899 (79.2991%)
entry 898000/1129899 (79.4761%)
entry 902000/1129899 (79.8301%)
entry 904000/1129899 (80.0072%)
entry 905000/1129899 (80.0957%)
entry 906000/1129899 (80.1842%)
entry 907000/1129899 (80.2727%)
entry 908000/1129899 (80.3612%)
entry 909000/1129899 (80.4497%)
entry 910000/1129899 (80.5382%)
entry 911000/1129899 (80.6267%)
entry 912000/1129899 (80.7152%)
entry 913000/1129899 (80.8037%)
entry 914000/1129899 (80.8922%)
entry 915000/1129899 (80.9807%)
entry 917000/1129899 (81.1577%)
entry 918000/1129899 (81.2462%)
entry 919000/1129899 (81.3347%)
entry 922000/1129899 (81.6002%)
entry 923000/1129899 (81.6887%)
entry 925000/1129899 (81.8657%)
entry 926000/1129899 (81.9542%)
entry 928000/1129899 (82.1312%)
entry 929000/1129899 (82.2197%)
entry 931000/1129899 (82.3967%)
entry 934000/1129899 (82.6623%)
entry 935000/1129899 (82.7508%)
entry 937000/1129899 (82.9278%)
entry 940000/1129899 (83.1933%)
entry 943000/1129899 (83.4588%)
entry 944000/1129899 (83.5473%)
entry 945000/1129899 (83.6358%)
entry 948000/1129899 (83.9013%)
entry 949000/1129899 (83.9898%)
entry 951000/1129899 (84.1668%)
entry 952000/1129899 (84.2553%)
entry 953000/1129899 (84.3438%)
entry 955000/1129899 (84.5208%)
entry 956000/1129899 (84.6093%)
entry 958000/1129899 (84.7863%)
entry 960000/1129899 (84.9633%)
entry 961000/1129899 (85.0519%)
entry 962000/1129899 (85.1404%)
entry 963000/1129899 (85.2289%)
entry 969000/1129899 (85.7599%)
entry 970000/1129899 (85.8484%)
entry 971000/1129899 (85.9369%)
entry 974000/1129899 (86.2024%)
entry 976000/1129899 (86.3794%)
entry 977000/1129899 (86.4679%)
entry 980000/1129899 (86.7334%)
entry 981000/1129899 (86.8219%)
entry 984000/1129899 (87.0874%)
entry 987000/1129899 (87.3529%)
entry 990000/1129899 (87.6185%)
entry 991000/1129899 (87.707%)
entry 992000/1129899 (87.7955%)
entry 993000/1129899 (87.884%)
entry 994000/1129899 (87.9725%)
entry 995000/1129899 (88.061%)
entry 996000/1129899 (88.1495%)
entry 997000/1129899 (88.238%)
entry 998000/1129899 (88.3265%)
entry 999000/1129899 (88.415%)
entry 1003000/1129899 (88.769%)
entry 1005000/1129899 (88.946%)
entry 1006000/1129899 (89.0345%)
entry 1007000/1129899 (89.123%)
entry 1008000/1129899 (89.2115%)
entry 1009000/1129899 (89.3%)
entry 1010000/1129899 (89.3885%)
entry 1012000/1129899 (89.5655%)
entry 1016000/1129899 (89.9195%)
entry 1018000/1129899 (90.0966%)
entry 1019000/1129899 (90.1851%)
entry 1021000/1129899 (90.3621%)
entry 1024000/1129899 (90.6276%)
entry 1026000/1129899 (90.8046%)
entry 1027000/1129899 (90.8931%)
entry 1028000/1129899 (90.9816%)
entry 1030000/1129899 (91.1586%)
entry 1031000/1129899 (91.2471%)
entry 1033000/1129899 (91.4241%)
entry 1034000/1129899 (91.5126%)
entry 1035000/1129899 (91.6011%)
entry 1037000/1129899 (91.7781%)
entry 1039000/1129899 (91.9551%)
entry 1040000/1129899 (92.0436%)
entry 1041000/1129899 (92.1321%)
entry 1044000/1129899 (92.3976%)
entry 1045000/1129899 (92.4861%)
entry 1046000/1129899 (92.5746%)
entry 1047000/1129899 (92.6632%)
entry 1048000/1129899 (92.7517%)
entry 1049000/1129899 (92.8402%)
entry 1050000/1129899 (92.9287%)
entry 1053000/1129899 (93.1942%)
entry 1054000/1129899 (93.2827%)
entry 1055000/1129899 (93.3712%)
entry 1057000/1129899 (93.5482%)
entry 1058000/1129899 (93.6367%)
entry 1062000/1129899 (93.9907%)
entry 1063000/1129899 (94.0792%)
entry 1064000/1129899 (94.1677%)
entry 1065000/1129899 (94.2562%)
entry 1066000/1129899 (94.3447%)
entry 1074000/1129899 (95.0527%)
entry 1076000/1129899 (95.2298%)
entry 1078000/1129899 (95.4068%)
entry 1079000/1129899 (95.4953%)
entry 1084000/1129899 (95.9378%)
entry 1085000/1129899 (96.0263%)
entry 1086000/1129899 (96.1148%)
entry 1087000/1129899 (96.2033%)
entry 1089000/1129899 (96.3803%)
entry 1090000/1129899 (96.4688%)
entry 1091000/1129899 (96.5573%)
entry 1092000/1129899 (96.6458%)
entry 1093000/1129899 (96.7343%)
entry 1094000/1129899 (96.8228%)
entry 1097000/1129899 (97.0883%)
entry 1098000/1129899 (97.1768%)
entry 1101000/1129899 (97.4423%)
entry 1102000/1129899 (97.5308%)
entry 1104000/1129899 (97.7078%)
entry 1105000/1129899 (97.7964%)
entry 1110000/1129899 (98.2389%)
entry 1111000/1129899 (98.3274%)
entry 1112000/1129899 (98.4159%)
entry 1113000/1129899 (98.5044%)
entry 1116000/1129899 (98.7699%)
entry 1117000/1129899 (98.8584%)
entry 1118000/1129899 (98.9469%)
entry 1119000/1129899 (99.0354%)
entry 1120000/1129899 (99.1239%)
entry 1121000/1129899 (99.2124%)
entry 1122000/1129899 (99.3009%)
entry 1123000/1129899 (99.3894%)
entry 1125000/1129899 (99.5664%)
entry 1126000/1129899 (99.6549%)
entry 1128000/1129899 (99.8319%)
all done
script done
