sphnx1038.sdcc.bnl.gov
rsyncing from /gpfs/mnt/gpfs02/sphenix/user/samfred/run25/ppg11/histmaking
running: /gpfs/mnt/gpfs02/sphenix/user/samfred/run25/ppg11/histmaking/script.sh 5 MB
LD_LIBRARY_PATH now /sphenix/user/samfred/run25/install//lib:/cvmfs/sphenix.sdcc.bnl.gov/alma9.2-gcc-14.2.0/opt/sphenix/core/gcc/14.2.0-2f0a0/x86_64-el9/lib:/cvmfs/sphenix.sdcc.bnl.gov/alma9.2-gcc-14.2.0/opt/sphenix/core/gcc/14.2.0-2f0a0/x86_64-el9/lib64:/cvmfs/sphenix.sdcc.bnl.gov/alma9.2-gcc-14.2.0/opt/sphenix/core/binutils/2.40-acaab/x86_64-el9/lib:.:/cvmfs/sphenix.sdcc.bnl.gov/alma9.2-gcc-14.2.0/release/release_new/new.12/lib64:/cvmfs/sphenix.sdcc.bnl.gov/alma9.2-gcc-14.2.0/release/release_new/new.12/lib:/cvmfs/sphenix.sdcc.bnl.gov/alma9.2-gcc-14.2.0/opt/sphenix/utils/lib:/cvmfs/sphenix.sdcc.bnl.gov/alma9.2-gcc-14.2.0/opt/sphenix/core/lib:/cvmfs/sphenix.sdcc.bnl.gov/alma9.2-gcc-14.2.0/opt/sphenix/core/root-6.32.06/lib:/cvmfs/sphenix.sdcc.bnl.gov/alma9.2-gcc-14.2.0/opt/sphenix/core/geant4.10.07.p04/lib64:/cvmfs/sphenix.sdcc.bnl.gov/alma9.2-gcc-14.2.0/opt/sphenix/core/lhapdf-5.9.1/lib:/usr/local/lib64:/usr/lib64
PATH now /sphenix/user/samfred/run25/install//bin:/cvmfs/sphenix.sdcc.bnl.gov/alma9.2-gcc-14.2.0/opt/sphenix/core/gcc/14.2.0-2f0a0/x86_64-el9/bin:/cvmfs/sphenix.sdcc.bnl.gov/alma9.2-gcc-14.2.0/opt/sphenix/core/binutils/2.40-acaab/x86_64-el9/bin:.:/cvmfs/sphenix.sdcc.bnl.gov/alma9.2-gcc-14.2.0/release/release_new/new.12/bin:/cvmfs/sphenix.sdcc.bnl.gov/alma9.2-gcc-14.2.0/opt/sphenix/utils/bin:/cvmfs/sphenix.sdcc.bnl.gov/alma9.2-gcc-14.2.0/opt/sphenix/core/bin:/cvmfs/sphenix.sdcc.bnl.gov/alma9.2-gcc-14.2.0/opt/sphenix/core/root-6.32.06/bin:/cvmfs/sphenix.sdcc.bnl.gov/alma9.2-gcc-14.2.0/opt/sphenix/core/geant4.10.07.p04/bin:/usr/local/bin:/usr/bin:/usr/local/sbin:/usr/sbin
runnumber...
5
trigger...
MB
   ------------------------------------------------------------------
  | Welcome to ROOT 6.32.06                        https://root.cern |
  | (c) 1995-2024, The ROOT Team; conception: R. Brun, F. Rademakers |
  | Built for linuxx8664gcc on Dec 13 2024, 17:23:48                 |
  | From tags/6-32-06@6-32-06                                        |
  | With g++ (GCC) 14.2.0                                            |
  | Try '.help'/'.?', '.demo', '.license', '.credits', '.quit'/'.q'  |
   ------------------------------------------------------------------


Processing truthhistmaker.C(5,"MB")...
entry 1000/8215025 (0.0121728%)
entry 8000/8215025 (0.0973825%)
entry 9000/8215025 (0.109555%)
entry 14000/8215025 (0.170419%)
entry 17000/8215025 (0.206938%)
entry 20000/8215025 (0.243456%)
entry 21000/8215025 (0.255629%)
entry 22000/8215025 (0.267802%)
entry 24000/8215025 (0.292148%)
entry 27000/8215025 (0.328666%)
entry 29000/8215025 (0.353012%)
entry 30000/8215025 (0.365185%)
entry 36000/8215025 (0.438221%)
entry 38000/8215025 (0.462567%)
entry 45000/8215025 (0.547777%)
entry 47000/8215025 (0.572122%)
entry 51000/8215025 (0.620814%)
entry 53000/8215025 (0.645159%)
entry 59000/8215025 (0.718196%)
entry 60000/8215025 (0.730369%)
entry 66000/8215025 (0.803406%)
entry 68000/8215025 (0.827752%)
entry 70000/8215025 (0.852097%)
entry 75000/8215025 (0.912961%)
entry 78000/8215025 (0.94948%)
entry 80000/8215025 (0.973825%)
entry 86000/8215025 (1.04686%)
entry 88000/8215025 (1.07121%)
entry 91000/8215025 (1.10773%)
entry 93000/8215025 (1.13207%)
entry 95000/8215025 (1.15642%)
entry 97000/8215025 (1.18076%)
entry 98000/8215025 (1.19294%)
entry 99000/8215025 (1.20511%)
entry 102000/8215025 (1.24163%)
entry 103000/8215025 (1.2538%)
entry 107000/8215025 (1.30249%)
entry 112000/8215025 (1.36336%)
entry 113000/8215025 (1.37553%)
entry 118000/8215025 (1.43639%)
entry 126000/8215025 (1.53378%)
entry 127000/8215025 (1.54595%)
entry 128000/8215025 (1.55812%)
entry 139000/8215025 (1.69202%)
entry 140000/8215025 (1.70419%)
entry 141000/8215025 (1.71637%)
entry 152000/8215025 (1.85027%)
entry 157000/8215025 (1.91113%)
entry 158000/8215025 (1.92331%)
entry 160000/8215025 (1.94765%)
entry 164000/8215025 (1.99634%)
entry 166000/8215025 (2.02069%)
entry 167000/8215025 (2.03286%)
entry 168000/8215025 (2.04503%)
entry 190000/8215025 (2.31284%)
entry 192000/8215025 (2.33718%)
entry 195000/8215025 (2.3737%)
entry 199000/8215025 (2.42239%)
entry 209000/8215025 (2.54412%)
entry 211000/8215025 (2.56846%)
entry 213000/8215025 (2.59281%)
entry 228000/8215025 (2.7754%)
entry 230000/8215025 (2.79975%)
entry 231000/8215025 (2.81192%)
entry 236000/8215025 (2.87278%)
entry 238000/8215025 (2.89713%)
entry 239000/8215025 (2.9093%)
entry 241000/8215025 (2.93365%)
entry 245000/8215025 (2.98234%)
entry 254000/8215025 (3.0919%)
entry 256000/8215025 (3.11624%)
entry 258000/8215025 (3.14059%)
entry 260000/8215025 (3.16493%)
entry 261000/8215025 (3.17711%)
entry 262000/8215025 (3.18928%)
entry 263000/8215025 (3.20145%)
entry 269000/8215025 (3.27449%)
entry 273000/8215025 (3.32318%)
entry 278000/8215025 (3.38404%)
entry 279000/8215025 (3.39622%)
entry 281000/8215025 (3.42056%)
entry 289000/8215025 (3.51794%)
entry 292000/8215025 (3.55446%)
entry 293000/8215025 (3.56664%)
entry 294000/8215025 (3.57881%)
entry 299000/8215025 (3.63967%)
entry 301000/8215025 (3.66402%)
entry 304000/8215025 (3.70054%)
entry 315000/8215025 (3.83444%)
entry 317000/8215025 (3.85878%)
entry 318000/8215025 (3.87096%)
entry 320000/8215025 (3.8953%)
entry 322000/8215025 (3.91965%)
entry 326000/8215025 (3.96834%)
entry 330000/8215025 (4.01703%)
entry 338000/8215025 (4.11441%)
entry 348000/8215025 (4.23614%)
entry 355000/8215025 (4.32135%)
entry 360000/8215025 (4.38221%)
entry 363000/8215025 (4.41873%)
entry 365000/8215025 (4.44308%)
entry 369000/8215025 (4.49177%)
entry 370000/8215025 (4.50394%)
entry 371000/8215025 (4.51612%)
entry 372000/8215025 (4.52829%)
entry 379000/8215025 (4.6135%)
entry 382000/8215025 (4.65002%)
entry 387000/8215025 (4.71088%)
entry 391000/8215025 (4.75957%)
entry 393000/8215025 (4.78392%)
entry 394000/8215025 (4.79609%)
entry 404000/8215025 (4.91782%)
entry 415000/8215025 (5.05172%)
entry 416000/8215025 (5.06389%)
entry 418000/8215025 (5.08824%)
entry 423000/8215025 (5.1491%)
entry 427000/8215025 (5.19779%)
entry 429000/8215025 (5.22214%)
entry 430000/8215025 (5.23431%)
entry 431000/8215025 (5.24648%)
entry 433000/8215025 (5.27083%)
entry 435000/8215025 (5.29518%)
entry 440000/8215025 (5.35604%)
entry 443000/8215025 (5.39256%)
entry 451000/8215025 (5.48994%)
entry 452000/8215025 (5.50211%)
entry 453000/8215025 (5.51429%)
entry 457000/8215025 (5.56298%)
entry 459000/8215025 (5.58732%)
entry 460000/8215025 (5.5995%)
entry 463000/8215025 (5.63601%)
entry 466000/8215025 (5.67253%)
entry 467000/8215025 (5.68471%)
entry 474000/8215025 (5.76992%)
entry 477000/8215025 (5.80643%)
entry 482000/8215025 (5.8673%)
entry 489000/8215025 (5.95251%)
entry 492000/8215025 (5.98903%)
entry 499000/8215025 (6.07424%)
entry 500000/8215025 (6.08641%)
entry 503000/8215025 (6.12293%)
entry 506000/8215025 (6.15945%)
entry 509000/8215025 (6.19596%)
entry 510000/8215025 (6.20814%)
entry 512000/8215025 (6.23248%)
entry 515000/8215025 (6.269%)
entry 522000/8215025 (6.35421%)
entry 530000/8215025 (6.45159%)
entry 531000/8215025 (6.46377%)
entry 533000/8215025 (6.48811%)
entry 534000/8215025 (6.50028%)
entry 536000/8215025 (6.52463%)
entry 539000/8215025 (6.56115%)
entry 540000/8215025 (6.57332%)
entry 547000/8215025 (6.65853%)
entry 552000/8215025 (6.7194%)
entry 559000/8215025 (6.8046%)
entry 560000/8215025 (6.81678%)
entry 561000/8215025 (6.82895%)
entry 568000/8215025 (6.91416%)
entry 578000/8215025 (7.03589%)
entry 579000/8215025 (7.04806%)
entry 581000/8215025 (7.07241%)
entry 584000/8215025 (7.10893%)
entry 585000/8215025 (7.1211%)
entry 586000/8215025 (7.13327%)
entry 587000/8215025 (7.14544%)
entry 588000/8215025 (7.15762%)
entry 595000/8215025 (7.24283%)
entry 599000/8215025 (7.29152%)
entry 604000/8215025 (7.35238%)
entry 608000/8215025 (7.40107%)
entry 615000/8215025 (7.48628%)
entry 617000/8215025 (7.51063%)
entry 631000/8215025 (7.68105%)
entry 638000/8215025 (7.76626%)
entry 640000/8215025 (7.7906%)
entry 641000/8215025 (7.80278%)
entry 643000/8215025 (7.82712%)
entry 644000/8215025 (7.83929%)
entry 646000/8215025 (7.86364%)
entry 649000/8215025 (7.90016%)
entry 650000/8215025 (7.91233%)
entry 652000/8215025 (7.93668%)
entry 653000/8215025 (7.94885%)
entry 654000/8215025 (7.96102%)
entry 656000/8215025 (7.98537%)
entry 658000/8215025 (8.00971%)
entry 659000/8215025 (8.02189%)
entry 665000/8215025 (8.09492%)
entry 666000/8215025 (8.1071%)
entry 670000/8215025 (8.15579%)
entry 675000/8215025 (8.21665%)
entry 678000/8215025 (8.25317%)
entry 684000/8215025 (8.32621%)
entry 686000/8215025 (8.35055%)
entry 687000/8215025 (8.36273%)
entry 689000/8215025 (8.38707%)
entry 694000/8215025 (8.44794%)
entry 696000/8215025 (8.47228%)
entry 702000/8215025 (8.54532%)
entry 704000/8215025 (8.56966%)
entry 707000/8215025 (8.60618%)
entry 711000/8215025 (8.65487%)
entry 712000/8215025 (8.66705%)
entry 719000/8215025 (8.75226%)
entry 720000/8215025 (8.76443%)
entry 726000/8215025 (8.83747%)
entry 728000/8215025 (8.86181%)
entry 730000/8215025 (8.88616%)
entry 734000/8215025 (8.93485%)
entry 740000/8215025 (9.00789%)
entry 747000/8215025 (9.09309%)
entry 748000/8215025 (9.10527%)
entry 749000/8215025 (9.11744%)
entry 752000/8215025 (9.15396%)
entry 753000/8215025 (9.16613%)
entry 757000/8215025 (9.21482%)
entry 763000/8215025 (9.28786%)
entry 770000/8215025 (9.37307%)
entry 774000/8215025 (9.42176%)
entry 776000/8215025 (9.44611%)
entry 798000/8215025 (9.71391%)
entry 799000/8215025 (9.72608%)
entry 803000/8215025 (9.77477%)
entry 810000/8215025 (9.85998%)
entry 817000/8215025 (9.94519%)
entry 830000/8215025 (10.1034%)
entry 837000/8215025 (10.1886%)
entry 841000/8215025 (10.2373%)
entry 845000/8215025 (10.286%)
entry 853000/8215025 (10.3834%)
entry 856000/8215025 (10.4199%)
entry 859000/8215025 (10.4565%)
entry 864000/8215025 (10.5173%)
entry 865000/8215025 (10.5295%)
entry 868000/8215025 (10.566%)
entry 869000/8215025 (10.5782%)
entry 873000/8215025 (10.6269%)
entry 875000/8215025 (10.6512%)
entry 878000/8215025 (10.6877%)
entry 879000/8215025 (10.6999%)
entry 883000/8215025 (10.7486%)
entry 886000/8215025 (10.7851%)
entry 887000/8215025 (10.7973%)
entry 888000/8215025 (10.8095%)
entry 892000/8215025 (10.8582%)
entry 893000/8215025 (10.8703%)
entry 897000/8215025 (10.919%)
entry 905000/8215025 (11.0164%)
entry 910000/8215025 (11.0773%)
entry 914000/8215025 (11.126%)
entry 916000/8215025 (11.1503%)
entry 919000/8215025 (11.1868%)
entry 921000/8215025 (11.2112%)
entry 925000/8215025 (11.2599%)
entry 930000/8215025 (11.3207%)
entry 932000/8215025 (11.3451%)
entry 936000/8215025 (11.3938%)
entry 942000/8215025 (11.4668%)
entry 943000/8215025 (11.479%)
entry 944000/8215025 (11.4911%)
entry 951000/8215025 (11.5763%)
entry 956000/8215025 (11.6372%)
entry 972000/8215025 (11.832%)
entry 976000/8215025 (11.8807%)
entry 978000/8215025 (11.905%)
entry 979000/8215025 (11.9172%)
entry 980000/8215025 (11.9294%)
entry 981000/8215025 (11.9415%)
entry 983000/8215025 (11.9659%)
entry 986000/8215025 (12.0024%)
entry 987000/8215025 (12.0146%)
entry 988000/8215025 (12.0267%)
entry 990000/8215025 (12.0511%)
entry 995000/8215025 (12.112%)
entry 1009000/8215025 (12.2824%)
entry 1018000/8215025 (12.3919%)
entry 1019000/8215025 (12.4041%)
entry 1022000/8215025 (12.4406%)
entry 1024000/8215025 (12.465%)
entry 1027000/8215025 (12.5015%)
entry 1029000/8215025 (12.5258%)
entry 1030000/8215025 (12.538%)
entry 1033000/8215025 (12.5745%)
entry 1037000/8215025 (12.6232%)
entry 1044000/8215025 (12.7084%)
entry 1049000/8215025 (12.7693%)
entry 1053000/8215025 (12.818%)
entry 1058000/8215025 (12.8788%)
entry 1060000/8215025 (12.9032%)
entry 1063000/8215025 (12.9397%)
entry 1064000/8215025 (12.9519%)
entry 1065000/8215025 (12.9641%)
entry 1076000/8215025 (13.098%)
entry 1078000/8215025 (13.1223%)
entry 1082000/8215025 (13.171%)
entry 1083000/8215025 (13.1832%)
entry 1087000/8215025 (13.2319%)
entry 1089000/8215025 (13.2562%)
entry 1091000/8215025 (13.2805%)
entry 1099000/8215025 (13.3779%)
entry 1121000/8215025 (13.6457%)
entry 1122000/8215025 (13.6579%)
entry 1128000/8215025 (13.7309%)
entry 1130000/8215025 (13.7553%)
entry 1131000/8215025 (13.7675%)
entry 1136000/8215025 (13.8283%)
entry 1138000/8215025 (13.8527%)
entry 1139000/8215025 (13.8648%)
entry 1141000/8215025 (13.8892%)
entry 1152000/8215025 (14.0231%)
entry 1160000/8215025 (14.1205%)
entry 1161000/8215025 (14.1326%)
entry 1163000/8215025 (14.157%)
entry 1167000/8215025 (14.2057%)
entry 1169000/8215025 (14.23%)
entry 1170000/8215025 (14.2422%)
entry 1171000/8215025 (14.2544%)
entry 1172000/8215025 (14.2665%)
entry 1174000/8215025 (14.2909%)
entry 1176000/8215025 (14.3152%)
entry 1183000/8215025 (14.4004%)
entry 1185000/8215025 (14.4248%)
entry 1195000/8215025 (14.5465%)
entry 1197000/8215025 (14.5709%)
entry 1201000/8215025 (14.6196%)
entry 1202000/8215025 (14.6317%)
entry 1204000/8215025 (14.6561%)
entry 1205000/8215025 (14.6682%)
entry 1206000/8215025 (14.6804%)
entry 1208000/8215025 (14.7048%)
entry 1217000/8215025 (14.8143%)
entry 1222000/8215025 (14.8752%)
entry 1224000/8215025 (14.8995%)
entry 1229000/8215025 (14.9604%)
entry 1233000/8215025 (15.0091%)
entry 1236000/8215025 (15.0456%)
entry 1244000/8215025 (15.143%)
entry 1247000/8215025 (15.1795%)
entry 1248000/8215025 (15.1917%)
entry 1256000/8215025 (15.2891%)
entry 1262000/8215025 (15.3621%)
entry 1269000/8215025 (15.4473%)
entry 1277000/8215025 (15.5447%)
entry 1278000/8215025 (15.5569%)
entry 1287000/8215025 (15.6664%)
entry 1291000/8215025 (15.7151%)
entry 1292000/8215025 (15.7273%)
entry 1294000/8215025 (15.7516%)
entry 1295000/8215025 (15.7638%)
entry 1296000/8215025 (15.776%)
entry 1301000/8215025 (15.8368%)
entry 1314000/8215025 (15.9951%)
entry 1316000/8215025 (16.0194%)
entry 1318000/8215025 (16.0438%)
entry 1320000/8215025 (16.0681%)
entry 1322000/8215025 (16.0925%)
entry 1323000/8215025 (16.1046%)
entry 1326000/8215025 (16.1412%)
entry 1328000/8215025 (16.1655%)
entry 1329000/8215025 (16.1777%)
entry 1331000/8215025 (16.202%)
entry 1333000/8215025 (16.2264%)
entry 1334000/8215025 (16.2385%)
entry 1338000/8215025 (16.2872%)
entry 1340000/8215025 (16.3116%)
entry 1343000/8215025 (16.3481%)
entry 1352000/8215025 (16.4576%)
entry 1362000/8215025 (16.5794%)
entry 1366000/8215025 (16.6281%)
entry 1370000/8215025 (16.6768%)
entry 1372000/8215025 (16.7011%)
entry 1374000/8215025 (16.7255%)
entry 1375000/8215025 (16.7376%)
entry 1377000/8215025 (16.762%)
entry 1379000/8215025 (16.7863%)
entry 1381000/8215025 (16.8107%)
entry 1387000/8215025 (16.8837%)
entry 1392000/8215025 (16.9446%)
entry 1395000/8215025 (16.9811%)
entry 1396000/8215025 (16.9933%)
entry 1399000/8215025 (17.0298%)
entry 1402000/8215025 (17.0663%)
entry 1403000/8215025 (17.0785%)
entry 1409000/8215025 (17.1515%)
entry 1415000/8215025 (17.2245%)
entry 1428000/8215025 (17.3828%)
entry 1433000/8215025 (17.4436%)
entry 1436000/8215025 (17.4802%)
entry 1437000/8215025 (17.4923%)
entry 1443000/8215025 (17.5654%)
entry 1444000/8215025 (17.5775%)
entry 1449000/8215025 (17.6384%)
entry 1451000/8215025 (17.6628%)
entry 1452000/8215025 (17.6749%)
entry 1453000/8215025 (17.6871%)
entry 1454000/8215025 (17.6993%)
entry 1456000/8215025 (17.7236%)
entry 1461000/8215025 (17.7845%)
entry 1465000/8215025 (17.8332%)
entry 1466000/8215025 (17.8454%)
entry 1471000/8215025 (17.9062%)
entry 1472000/8215025 (17.9184%)
entry 1475000/8215025 (17.9549%)
entry 1480000/8215025 (18.0158%)
entry 1491000/8215025 (18.1497%)
entry 1494000/8215025 (18.1862%)
entry 1501000/8215025 (18.2714%)
entry 1505000/8215025 (18.3201%)
entry 1507000/8215025 (18.3444%)
entry 1509000/8215025 (18.3688%)
entry 1522000/8215025 (18.527%)
entry 1526000/8215025 (18.5757%)
entry 1528000/8215025 (18.6001%)
entry 1530000/8215025 (18.6244%)
entry 1531000/8215025 (18.6366%)
entry 1534000/8215025 (18.6731%)
entry 1536000/8215025 (18.6974%)
entry 1541000/8215025 (18.7583%)
entry 1542000/8215025 (18.7705%)
entry 1546000/8215025 (18.8192%)
entry 1552000/8215025 (18.8922%)
entry 1563000/8215025 (19.0261%)
entry 1564000/8215025 (19.0383%)
entry 1570000/8215025 (19.1113%)
entry 1593000/8215025 (19.3913%)
entry 1598000/8215025 (19.4522%)
entry 1601000/8215025 (19.4887%)
entry 1604000/8215025 (19.5252%)
entry 1612000/8215025 (19.6226%)
entry 1614000/8215025 (19.6469%)
entry 1615000/8215025 (19.6591%)
entry 1617000/8215025 (19.6834%)
entry 1621000/8215025 (19.7321%)
entry 1622000/8215025 (19.7443%)
entry 1633000/8215025 (19.8782%)
entry 1634000/8215025 (19.8904%)
entry 1637000/8215025 (19.9269%)
entry 1639000/8215025 (19.9512%)
entry 1640000/8215025 (19.9634%)
entry 1648000/8215025 (20.0608%)
entry 1656000/8215025 (20.1582%)
entry 1658000/8215025 (20.1825%)
entry 1660000/8215025 (20.2069%)
entry 1661000/8215025 (20.2191%)
entry 1664000/8215025 (20.2556%)
entry 1669000/8215025 (20.3164%)
entry 1682000/8215025 (20.4747%)
entry 1694000/8215025 (20.6208%)
entry 1699000/8215025 (20.6816%)
entry 1703000/8215025 (20.7303%)
entry 1708000/8215025 (20.7912%)
entry 1712000/8215025 (20.8399%)
entry 1713000/8215025 (20.852%)
entry 1717000/8215025 (20.9007%)
entry 1718000/8215025 (20.9129%)
entry 1719000/8215025 (20.9251%)
entry 1720000/8215025 (20.9372%)
entry 1721000/8215025 (20.9494%)
entry 1725000/8215025 (20.9981%)
entry 1727000/8215025 (21.0225%)
entry 1734000/8215025 (21.1077%)
entry 1742000/8215025 (21.205%)
entry 1743000/8215025 (21.2172%)
entry 1745000/8215025 (21.2416%)
entry 1749000/8215025 (21.2903%)
entry 1750000/8215025 (21.3024%)
entry 1753000/8215025 (21.3389%)
entry 1756000/8215025 (21.3755%)
entry 1760000/8215025 (21.4242%)
entry 1762000/8215025 (21.4485%)
entry 1768000/8215025 (21.5215%)
entry 1773000/8215025 (21.5824%)
entry 1780000/8215025 (21.6676%)
entry 1782000/8215025 (21.692%)
entry 1784000/8215025 (21.7163%)
entry 1790000/8215025 (21.7893%)
entry 1793000/8215025 (21.8259%)
entry 1799000/8215025 (21.8989%)
entry 1803000/8215025 (21.9476%)
entry 1813000/8215025 (22.0693%)
entry 1825000/8215025 (22.2154%)
entry 1827000/8215025 (22.2397%)
entry 1831000/8215025 (22.2884%)
entry 1833000/8215025 (22.3128%)
entry 1834000/8215025 (22.3249%)
entry 1836000/8215025 (22.3493%)
entry 1839000/8215025 (22.3858%)
entry 1844000/8215025 (22.4467%)
entry 1855000/8215025 (22.5806%)
entry 1858000/8215025 (22.6171%)
entry 1860000/8215025 (22.6414%)
entry 1861000/8215025 (22.6536%)
entry 1864000/8215025 (22.6901%)
entry 1868000/8215025 (22.7388%)
entry 1880000/8215025 (22.8849%)
entry 1884000/8215025 (22.9336%)
entry 1885000/8215025 (22.9458%)
entry 1895000/8215025 (23.0675%)
entry 1904000/8215025 (23.177%)
entry 1928000/8215025 (23.4692%)
entry 1929000/8215025 (23.4814%)
entry 1931000/8215025 (23.5057%)
entry 1934000/8215025 (23.5422%)
entry 1941000/8215025 (23.6274%)
entry 1943000/8215025 (23.6518%)
entry 1947000/8215025 (23.7005%)
entry 1953000/8215025 (23.7735%)
entry 1954000/8215025 (23.7857%)
entry 1956000/8215025 (23.81%)
entry 1975000/8215025 (24.0413%)
entry 1977000/8215025 (24.0657%)
entry 1979000/8215025 (24.09%)
entry 1982000/8215025 (24.1265%)
entry 1994000/8215025 (24.2726%)
entry 1997000/8215025 (24.3091%)
entry 1998000/8215025 (24.3213%)
entry 2000000/8215025 (24.3456%)
entry 2004000/8215025 (24.3943%)
entry 2005000/8215025 (24.4065%)
entry 2015000/8215025 (24.5282%)
entry 2019000/8215025 (24.5769%)
entry 2023000/8215025 (24.6256%)
entry 2030000/8215025 (24.7108%)
entry 2031000/8215025 (24.723%)
entry 2032000/8215025 (24.7352%)
entry 2038000/8215025 (24.8082%)
entry 2041000/8215025 (24.8447%)
entry 2047000/8215025 (24.9178%)
entry 2048000/8215025 (24.9299%)
entry 2052000/8215025 (24.9786%)
entry 2054000/8215025 (25.003%)
entry 2056000/8215025 (25.0273%)
entry 2057000/8215025 (25.0395%)
entry 2060000/8215025 (25.076%)
entry 2061000/8215025 (25.0882%)
entry 2063000/8215025 (25.1125%)
entry 2071000/8215025 (25.2099%)
entry 2075000/8215025 (25.2586%)
entry 2076000/8215025 (25.2708%)
entry 2077000/8215025 (25.2829%)
entry 2079000/8215025 (25.3073%)
entry 2084000/8215025 (25.3682%)
entry 2085000/8215025 (25.3803%)
entry 2089000/8215025 (25.429%)
entry 2091000/8215025 (25.4534%)
entry 2093000/8215025 (25.4777%)
entry 2095000/8215025 (25.5021%)
entry 2098000/8215025 (25.5386%)
entry 2104000/8215025 (25.6116%)
entry 2108000/8215025 (25.6603%)
entry 2109000/8215025 (25.6725%)
entry 2114000/8215025 (25.7333%)
entry 2124000/8215025 (25.8551%)
entry 2127000/8215025 (25.8916%)
entry 2132000/8215025 (25.9524%)
entry 2135000/8215025 (25.989%)
entry 2136000/8215025 (26.0011%)
entry 2147000/8215025 (26.135%)
entry 2155000/8215025 (26.2324%)
entry 2159000/8215025 (26.2811%)
entry 2171000/8215025 (26.4272%)
entry 2174000/8215025 (26.4637%)
entry 2177000/8215025 (26.5002%)
entry 2181000/8215025 (26.5489%)
entry 2184000/8215025 (26.5854%)
entry 2196000/8215025 (26.7315%)
entry 2202000/8215025 (26.8045%)
entry 2210000/8215025 (26.9019%)
entry 2227000/8215025 (27.1089%)
entry 2228000/8215025 (27.121%)
entry 2236000/8215025 (27.2184%)
entry 2241000/8215025 (27.2793%)
entry 2244000/8215025 (27.3158%)
entry 2245000/8215025 (27.328%)
entry 2246000/8215025 (27.3401%)
entry 2248000/8215025 (27.3645%)
entry 2249000/8215025 (27.3767%)
entry 2250000/8215025 (27.3888%)
entry 2257000/8215025 (27.474%)
entry 2258000/8215025 (27.4862%)
entry 2260000/8215025 (27.5106%)
entry 2261000/8215025 (27.5227%)
entry 2262000/8215025 (27.5349%)
entry 2264000/8215025 (27.5593%)
entry 2269000/8215025 (27.6201%)
entry 2277000/8215025 (27.7175%)
entry 2279000/8215025 (27.7419%)
entry 2285000/8215025 (27.8149%)
entry 2290000/8215025 (27.8758%)
entry 2292000/8215025 (27.9001%)
entry 2294000/8215025 (27.9244%)
entry 2298000/8215025 (27.9731%)
entry 2300000/8215025 (27.9975%)
entry 2312000/8215025 (28.1436%)
entry 2314000/8215025 (28.1679%)
entry 2316000/8215025 (28.1922%)
entry 2318000/8215025 (28.2166%)
entry 2320000/8215025 (28.2409%)
entry 2321000/8215025 (28.2531%)
entry 2322000/8215025 (28.2653%)
entry 2323000/8215025 (28.2775%)
entry 2336000/8215025 (28.4357%)
entry 2338000/8215025 (28.46%)
entry 2340000/8215025 (28.4844%)
entry 2343000/8215025 (28.5209%)
entry 2344000/8215025 (28.5331%)
entry 2355000/8215025 (28.667%)
entry 2356000/8215025 (28.6792%)
entry 2358000/8215025 (28.7035%)
entry 2364000/8215025 (28.7765%)
entry 2368000/8215025 (28.8252%)
entry 2372000/8215025 (28.8739%)
entry 2381000/8215025 (28.9835%)
entry 2382000/8215025 (28.9957%)
entry 2383000/8215025 (29.0078%)
entry 2389000/8215025 (29.0809%)
entry 2396000/8215025 (29.1661%)
entry 2397000/8215025 (29.1782%)
entry 2406000/8215025 (29.2878%)
entry 2410000/8215025 (29.3365%)
entry 2414000/8215025 (29.3852%)
entry 2416000/8215025 (29.4095%)
entry 2418000/8215025 (29.4339%)
entry 2419000/8215025 (29.446%)
entry 2424000/8215025 (29.5069%)
entry 2430000/8215025 (29.5799%)
entry 2434000/8215025 (29.6286%)
entry 2438000/8215025 (29.6773%)
entry 2439000/8215025 (29.6895%)
entry 2446000/8215025 (29.7747%)
entry 2448000/8215025 (29.7991%)
entry 2449000/8215025 (29.8112%)
entry 2451000/8215025 (29.8356%)
entry 2454000/8215025 (29.8721%)
entry 2460000/8215025 (29.9451%)
entry 2461000/8215025 (29.9573%)
entry 2463000/8215025 (29.9816%)
entry 2464000/8215025 (29.9938%)
entry 2469000/8215025 (30.0547%)
entry 2470000/8215025 (30.0669%)
entry 2472000/8215025 (30.0912%)
entry 2477000/8215025 (30.1521%)
entry 2480000/8215025 (30.1886%)
entry 2481000/8215025 (30.2008%)
entry 2484000/8215025 (30.2373%)
entry 2488000/8215025 (30.286%)
entry 2495000/8215025 (30.3712%)
entry 2497000/8215025 (30.3955%)
entry 2498000/8215025 (30.4077%)
entry 2502000/8215025 (30.4564%)
entry 2505000/8215025 (30.4929%)
entry 2520000/8215025 (30.6755%)
entry 2521000/8215025 (30.6877%)
entry 2523000/8215025 (30.712%)
entry 2524000/8215025 (30.7242%)
entry 2526000/8215025 (30.7485%)
entry 2533000/8215025 (30.8337%)
entry 2534000/8215025 (30.8459%)
entry 2535000/8215025 (30.8581%)
entry 2536000/8215025 (30.8703%)
entry 2544000/8215025 (30.9676%)
entry 2545000/8215025 (30.9798%)
entry 2548000/8215025 (31.0163%)
entry 2550000/8215025 (31.0407%)
entry 2556000/8215025 (31.1137%)
entry 2560000/8215025 (31.1624%)
entry 2566000/8215025 (31.2355%)
entry 2578000/8215025 (31.3815%)
entry 2579000/8215025 (31.3937%)
entry 2591000/8215025 (31.5398%)
entry 2592000/8215025 (31.5519%)
entry 2594000/8215025 (31.5763%)
entry 2598000/8215025 (31.625%)
entry 2601000/8215025 (31.6615%)
entry 2604000/8215025 (31.698%)
entry 2609000/8215025 (31.7589%)
entry 2617000/8215025 (31.8563%)
entry 2618000/8215025 (31.8684%)
entry 2621000/8215025 (31.905%)
entry 2622000/8215025 (31.9171%)
entry 2631000/8215025 (32.0267%)
entry 2636000/8215025 (32.0875%)
entry 2639000/8215025 (32.1241%)
entry 2648000/8215025 (32.2336%)
entry 2651000/8215025 (32.2701%)
entry 2653000/8215025 (32.2945%)
entry 2655000/8215025 (32.3188%)
entry 2660000/8215025 (32.3797%)
entry 2663000/8215025 (32.4162%)
entry 2665000/8215025 (32.4406%)
entry 2666000/8215025 (32.4527%)
entry 2668000/8215025 (32.4771%)
entry 2676000/8215025 (32.5745%)
entry 2681000/8215025 (32.6353%)
entry 2682000/8215025 (32.6475%)
entry 2687000/8215025 (32.7084%)
entry 2692000/8215025 (32.7692%)
entry 2696000/8215025 (32.8179%)
entry 2701000/8215025 (32.8788%)
entry 2711000/8215025 (33.0005%)
entry 2717000/8215025 (33.0735%)
entry 2722000/8215025 (33.1344%)
entry 2728000/8215025 (33.2074%)
entry 2733000/8215025 (33.2683%)
entry 2735000/8215025 (33.2927%)
entry 2736000/8215025 (33.3048%)
entry 2740000/8215025 (33.3535%)
entry 2744000/8215025 (33.4022%)
entry 2745000/8215025 (33.4144%)
entry 2746000/8215025 (33.4266%)
entry 2747000/8215025 (33.4387%)
entry 2752000/8215025 (33.4996%)
entry 2754000/8215025 (33.5239%)
entry 2756000/8215025 (33.5483%)
entry 2760000/8215025 (33.597%)
entry 2768000/8215025 (33.6944%)
entry 2770000/8215025 (33.7187%)
entry 2771000/8215025 (33.7309%)
entry 2777000/8215025 (33.8039%)
entry 2779000/8215025 (33.8283%)
entry 2781000/8215025 (33.8526%)
entry 2782000/8215025 (33.8648%)
entry 2785000/8215025 (33.9013%)
entry 2797000/8215025 (34.0474%)
entry 2800000/8215025 (34.0839%)
entry 2801000/8215025 (34.0961%)
entry 2802000/8215025 (34.1082%)
entry 2806000/8215025 (34.1569%)
entry 2809000/8215025 (34.1934%)
entry 2810000/8215025 (34.2056%)
entry 2815000/8215025 (34.2665%)
entry 2816000/8215025 (34.2787%)
entry 2817000/8215025 (34.2908%)
entry 2824000/8215025 (34.376%)
entry 2827000/8215025 (34.4126%)
entry 2828000/8215025 (34.4247%)
entry 2831000/8215025 (34.4612%)
entry 2837000/8215025 (34.5343%)
entry 2840000/8215025 (34.5708%)
entry 2842000/8215025 (34.5951%)
entry 2852000/8215025 (34.7169%)
entry 2854000/8215025 (34.7412%)
entry 2861000/8215025 (34.8264%)
entry 2863000/8215025 (34.8508%)
entry 2865000/8215025 (34.8751%)
entry 2866000/8215025 (34.8873%)
entry 2867000/8215025 (34.8995%)
entry 2878000/8215025 (35.0334%)
entry 2885000/8215025 (35.1186%)
entry 2887000/8215025 (35.1429%)
entry 2894000/8215025 (35.2281%)
entry 2895000/8215025 (35.2403%)
entry 2896000/8215025 (35.2525%)
entry 2898000/8215025 (35.2768%)
entry 2899000/8215025 (35.289%)
entry 2902000/8215025 (35.3255%)
entry 2906000/8215025 (35.3742%)
entry 2908000/8215025 (35.3986%)
entry 2913000/8215025 (35.4594%)
entry 2916000/8215025 (35.4959%)
entry 2922000/8215025 (35.569%)
entry 2927000/8215025 (35.6298%)
entry 2933000/8215025 (35.7029%)
entry 2939000/8215025 (35.7759%)
entry 2941000/8215025 (35.8003%)
entry 2943000/8215025 (35.8246%)
entry 2947000/8215025 (35.8733%)
entry 2951000/8215025 (35.922%)
entry 2954000/8215025 (35.9585%)
entry 2955000/8215025 (35.9707%)
entry 2959000/8215025 (36.0194%)
entry 2970000/8215025 (36.1533%)
entry 2974000/8215025 (36.202%)
entry 2983000/8215025 (36.3115%)
entry 2984000/8215025 (36.3237%)
entry 2985000/8215025 (36.3359%)
entry 2987000/8215025 (36.3602%)
entry 2989000/8215025 (36.3846%)
entry 2993000/8215025 (36.4332%)
entry 2996000/8215025 (36.4698%)
entry 2997000/8215025 (36.4819%)
entry 3004000/8215025 (36.5671%)
entry 3006000/8215025 (36.5915%)
entry 3010000/8215025 (36.6402%)
entry 3013000/8215025 (36.6767%)
entry 3018000/8215025 (36.7376%)
entry 3021000/8215025 (36.7741%)
entry 3022000/8215025 (36.7863%)
entry 3023000/8215025 (36.7984%)
entry 3024000/8215025 (36.8106%)
entry 3029000/8215025 (36.8715%)
entry 3030000/8215025 (36.8836%)
entry 3038000/8215025 (36.981%)
entry 3050000/8215025 (37.1271%)
entry 3051000/8215025 (37.1393%)
entry 3064000/8215025 (37.2975%)
entry 3071000/8215025 (37.3827%)
entry 3072000/8215025 (37.3949%)
entry 3073000/8215025 (37.4071%)
entry 3075000/8215025 (37.4314%)
entry 3078000/8215025 (37.4679%)
entry 3081000/8215025 (37.5044%)
entry 3082000/8215025 (37.5166%)
entry 3083000/8215025 (37.5288%)
entry 3086000/8215025 (37.5653%)
entry 3089000/8215025 (37.6018%)
entry 3093000/8215025 (37.6505%)
entry 3095000/8215025 (37.6749%)
entry 3099000/8215025 (37.7236%)
entry 3103000/8215025 (37.7723%)
entry 3109000/8215025 (37.8453%)
entry 3111000/8215025 (37.8696%)
entry 3112000/8215025 (37.8818%)
entry 3113000/8215025 (37.894%)
entry 3116000/8215025 (37.9305%)
entry 3118000/8215025 (37.9548%)
entry 3120000/8215025 (37.9792%)
entry 3121000/8215025 (37.9914%)
entry 3122000/8215025 (38.0035%)
entry 3133000/8215025 (38.1374%)
entry 3134000/8215025 (38.1496%)
entry 3136000/8215025 (38.174%)
entry 3140000/8215025 (38.2226%)
entry 3142000/8215025 (38.247%)
entry 3143000/8215025 (38.2592%)
entry 3145000/8215025 (38.2835%)
entry 3146000/8215025 (38.2957%)
entry 3149000/8215025 (38.3322%)
entry 3157000/8215025 (38.4296%)
entry 3160000/8215025 (38.4661%)
entry 3161000/8215025 (38.4783%)
entry 3164000/8215025 (38.5148%)
entry 3171000/8215025 (38.6%)
entry 3177000/8215025 (38.673%)
entry 3180000/8215025 (38.7096%)
entry 3181000/8215025 (38.7217%)
entry 3186000/8215025 (38.7826%)
entry 3191000/8215025 (38.8435%)
entry 3193000/8215025 (38.8678%)
entry 3197000/8215025 (38.9165%)
entry 3200000/8215025 (38.953%)
entry 3202000/8215025 (38.9774%)
entry 3205000/8215025 (39.0139%)
entry 3206000/8215025 (39.0261%)
entry 3207000/8215025 (39.0382%)
entry 3208000/8215025 (39.0504%)
entry 3212000/8215025 (39.0991%)
entry 3218000/8215025 (39.1721%)
entry 3222000/8215025 (39.2208%)
entry 3229000/8215025 (39.306%)
entry 3230000/8215025 (39.3182%)
entry 3235000/8215025 (39.3791%)
entry 3248000/8215025 (39.5373%)
entry 3251000/8215025 (39.5738%)
entry 3257000/8215025 (39.6469%)
entry 3260000/8215025 (39.6834%)
entry 3264000/8215025 (39.7321%)
entry 3269000/8215025 (39.7929%)
entry 3273000/8215025 (39.8416%)
entry 3277000/8215025 (39.8903%)
entry 3279000/8215025 (39.9147%)
entry 3285000/8215025 (39.9877%)
entry 3288000/8215025 (40.0242%)
entry 3298000/8215025 (40.146%)
entry 3299000/8215025 (40.1581%)
entry 3306000/8215025 (40.2433%)
entry 3309000/8215025 (40.2799%)
entry 3312000/8215025 (40.3164%)
entry 3325000/8215025 (40.4746%)
entry 3329000/8215025 (40.5233%)
entry 3333000/8215025 (40.572%)
entry 3338000/8215025 (40.6329%)
entry 3347000/8215025 (40.7424%)
entry 3358000/8215025 (40.8763%)
entry 3359000/8215025 (40.8885%)
entry 3360000/8215025 (40.9007%)
entry 3362000/8215025 (40.925%)
entry 3366000/8215025 (40.9737%)
entry 3373000/8215025 (41.0589%)
entry 3374000/8215025 (41.0711%)
entry 3376000/8215025 (41.0954%)
entry 3384000/8215025 (41.1928%)
entry 3386000/8215025 (41.2172%)
entry 3389000/8215025 (41.2537%)
entry 3390000/8215025 (41.2659%)
entry 3391000/8215025 (41.278%)
entry 3392000/8215025 (41.2902%)
entry 3400000/8215025 (41.3876%)
entry 3404000/8215025 (41.4363%)
entry 3408000/8215025 (41.485%)
entry 3414000/8215025 (41.558%)
entry 3415000/8215025 (41.5702%)
entry 3419000/8215025 (41.6189%)
entry 3424000/8215025 (41.6797%)
entry 3430000/8215025 (41.7528%)
entry 3434000/8215025 (41.8015%)
entry 3435000/8215025 (41.8136%)
entry 3437000/8215025 (41.838%)
entry 3438000/8215025 (41.8501%)
entry 3440000/8215025 (41.8745%)
entry 3443000/8215025 (41.911%)
entry 3444000/8215025 (41.9232%)
entry 3446000/8215025 (41.9475%)
entry 3455000/8215025 (42.0571%)
entry 3456000/8215025 (42.0693%)
entry 3471000/8215025 (42.2518%)
entry 3472000/8215025 (42.264%)
entry 3499000/8215025 (42.5927%)
entry 3500000/8215025 (42.6049%)
entry 3508000/8215025 (42.7022%)
entry 3512000/8215025 (42.7509%)
entry 3516000/8215025 (42.7996%)
entry 3521000/8215025 (42.8605%)
entry 3523000/8215025 (42.8848%)
entry 3524000/8215025 (42.897%)
entry 3531000/8215025 (42.9822%)
entry 3532000/8215025 (42.9944%)
entry 3550000/8215025 (43.2135%)
entry 3555000/8215025 (43.2744%)
entry 3556000/8215025 (43.2865%)
entry 3558000/8215025 (43.3109%)
entry 3562000/8215025 (43.3596%)
entry 3564000/8215025 (43.3839%)
entry 3569000/8215025 (43.4448%)
entry 3571000/8215025 (43.4691%)
entry 3574000/8215025 (43.5057%)
entry 3578000/8215025 (43.5543%)
entry 3589000/8215025 (43.6882%)
entry 3590000/8215025 (43.7004%)
entry 3596000/8215025 (43.7735%)
entry 3597000/8215025 (43.7856%)
entry 3603000/8215025 (43.8587%)
entry 3606000/8215025 (43.8952%)
entry 3608000/8215025 (43.9195%)
entry 3611000/8215025 (43.956%)
entry 3613000/8215025 (43.9804%)
entry 3618000/8215025 (44.0413%)
entry 3624000/8215025 (44.1143%)
entry 3628000/8215025 (44.163%)
entry 3639000/8215025 (44.2969%)
entry 3649000/8215025 (44.4186%)
entry 3655000/8215025 (44.4916%)
entry 3656000/8215025 (44.5038%)
entry 3659000/8215025 (44.5403%)
entry 3663000/8215025 (44.589%)
entry 3664000/8215025 (44.6012%)
entry 3666000/8215025 (44.6255%)
entry 3667000/8215025 (44.6377%)
entry 3681000/8215025 (44.8081%)
entry 3694000/8215025 (44.9664%)
entry 3696000/8215025 (44.9907%)
entry 3700000/8215025 (45.0394%)
entry 3706000/8215025 (45.1125%)
entry 3707000/8215025 (45.1246%)
entry 3710000/8215025 (45.1612%)
entry 3714000/8215025 (45.2098%)
entry 3716000/8215025 (45.2342%)
entry 3720000/8215025 (45.2829%)
entry 3721000/8215025 (45.2951%)
entry 3728000/8215025 (45.3803%)
entry 3730000/8215025 (45.4046%)
entry 3733000/8215025 (45.4411%)
entry 3734000/8215025 (45.4533%)
entry 3735000/8215025 (45.4655%)
entry 3736000/8215025 (45.4776%)
entry 3742000/8215025 (45.5507%)
entry 3743000/8215025 (45.5629%)
entry 3746000/8215025 (45.5994%)
entry 3750000/8215025 (45.6481%)
entry 3756000/8215025 (45.7211%)
entry 3758000/8215025 (45.7454%)
entry 3765000/8215025 (45.8307%)
entry 3776000/8215025 (45.9646%)
entry 3779000/8215025 (46.0011%)
entry 3783000/8215025 (46.0498%)
entry 3787000/8215025 (46.0985%)
entry 3792000/8215025 (46.1593%)
entry 3795000/8215025 (46.1958%)
entry 3798000/8215025 (46.2324%)
entry 3800000/8215025 (46.2567%)
entry 3802000/8215025 (46.2811%)
entry 3805000/8215025 (46.3176%)
entry 3807000/8215025 (46.3419%)
entry 3810000/8215025 (46.3784%)
entry 3811000/8215025 (46.3906%)
entry 3813000/8215025 (46.415%)
entry 3816000/8215025 (46.4515%)
entry 3817000/8215025 (46.4636%)
entry 3823000/8215025 (46.5367%)
entry 3828000/8215025 (46.5975%)
entry 3834000/8215025 (46.6706%)
entry 3835000/8215025 (46.6828%)
entry 3837000/8215025 (46.7071%)
entry 3838000/8215025 (46.7193%)
entry 3844000/8215025 (46.7923%)
entry 3848000/8215025 (46.841%)
entry 3849000/8215025 (46.8532%)
entry 3850000/8215025 (46.8653%)
entry 3852000/8215025 (46.8897%)
entry 3857000/8215025 (46.9506%)
entry 3860000/8215025 (46.9871%)
entry 3861000/8215025 (46.9992%)
entry 3862000/8215025 (47.0114%)
entry 3886000/8215025 (47.3036%)
entry 3887000/8215025 (47.3157%)
entry 3896000/8215025 (47.4253%)
entry 3898000/8215025 (47.4496%)
entry 3904000/8215025 (47.5227%)
entry 3910000/8215025 (47.5957%)
entry 3917000/8215025 (47.6809%)
entry 3918000/8215025 (47.6931%)
entry 3920000/8215025 (47.7174%)
entry 3921000/8215025 (47.7296%)
entry 3922000/8215025 (47.7418%)
entry 3924000/8215025 (47.7661%)
entry 3940000/8215025 (47.9609%)
entry 3942000/8215025 (47.9852%)
entry 3944000/8215025 (48.0096%)
entry 3946000/8215025 (48.0339%)
entry 3952000/8215025 (48.107%)
entry 3954000/8215025 (48.1313%)
entry 3957000/8215025 (48.1678%)
entry 3964000/8215025 (48.253%)
entry 3965000/8215025 (48.2652%)
entry 3967000/8215025 (48.2896%)
entry 3973000/8215025 (48.3626%)
entry 3974000/8215025 (48.3748%)
entry 3989000/8215025 (48.5574%)
entry 3997000/8215025 (48.6548%)
entry 3998000/8215025 (48.6669%)
entry 4000000/8215025 (48.6913%)
entry 4014000/8215025 (48.8617%)
entry 4016000/8215025 (48.886%)
entry 4017000/8215025 (48.8982%)
entry 4018000/8215025 (48.9104%)
entry 4021000/8215025 (48.9469%)
entry 4023000/8215025 (48.9712%)
entry 4024000/8215025 (48.9834%)
entry 4025000/8215025 (48.9956%)
entry 4026000/8215025 (49.0078%)
entry 4031000/8215025 (49.0686%)
entry 4033000/8215025 (49.093%)
entry 4039000/8215025 (49.166%)
entry 4048000/8215025 (49.2756%)
entry 4054000/8215025 (49.3486%)
entry 4056000/8215025 (49.3729%)
entry 4059000/8215025 (49.4095%)
entry 4062000/8215025 (49.446%)
entry 4063000/8215025 (49.4582%)
entry 4070000/8215025 (49.5434%)
entry 4077000/8215025 (49.6286%)
entry 4081000/8215025 (49.6773%)
entry 4088000/8215025 (49.7625%)
entry 4090000/8215025 (49.7868%)
entry 4091000/8215025 (49.799%)
entry 4099000/8215025 (49.8964%)
entry 4103000/8215025 (49.9451%)
entry 4105000/8215025 (49.9694%)
entry 4110000/8215025 (50.0303%)
entry 4116000/8215025 (50.1033%)
entry 4118000/8215025 (50.1277%)
entry 4124000/8215025 (50.2007%)
entry 4125000/8215025 (50.2129%)
entry 4127000/8215025 (50.2372%)
entry 4133000/8215025 (50.3103%)
entry 4134000/8215025 (50.3224%)
entry 4136000/8215025 (50.3468%)
entry 4141000/8215025 (50.4076%)
entry 4142000/8215025 (50.4198%)
entry 4150000/8215025 (50.5172%)
entry 4154000/8215025 (50.5659%)
entry 4157000/8215025 (50.6024%)
entry 4159000/8215025 (50.6267%)
entry 4166000/8215025 (50.712%)
entry 4171000/8215025 (50.7728%)
entry 4175000/8215025 (50.8215%)
entry 4181000/8215025 (50.8946%)
entry 4182000/8215025 (50.9067%)
entry 4184000/8215025 (50.9311%)
entry 4186000/8215025 (50.9554%)
entry 4188000/8215025 (50.9798%)
entry 4196000/8215025 (51.0771%)
entry 4198000/8215025 (51.1015%)
entry 4203000/8215025 (51.1624%)
entry 4206000/8215025 (51.1989%)
entry 4210000/8215025 (51.2476%)
entry 4211000/8215025 (51.2597%)
entry 4213000/8215025 (51.2841%)
entry 4214000/8215025 (51.2963%)
entry 4216000/8215025 (51.3206%)
entry 4223000/8215025 (51.4058%)
entry 4226000/8215025 (51.4423%)
entry 4232000/8215025 (51.5154%)
entry 4235000/8215025 (51.5519%)
entry 4239000/8215025 (51.6006%)
entry 4245000/8215025 (51.6736%)
entry 4256000/8215025 (51.8075%)
entry 4270000/8215025 (51.9779%)
entry 4272000/8215025 (52.0023%)
entry 4273000/8215025 (52.0144%)
entry 4275000/8215025 (52.0388%)
entry 4277000/8215025 (52.0631%)
entry 4280000/8215025 (52.0997%)
entry 4285000/8215025 (52.1605%)
entry 4293000/8215025 (52.2579%)
entry 4295000/8215025 (52.2822%)
entry 4296000/8215025 (52.2944%)
entry 4298000/8215025 (52.3188%)
entry 4299000/8215025 (52.3309%)
entry 4301000/8215025 (52.3553%)
entry 4304000/8215025 (52.3918%)
entry 4312000/8215025 (52.4892%)
entry 4321000/8215025 (52.5987%)
entry 4328000/8215025 (52.684%)
entry 4329000/8215025 (52.6961%)
entry 4331000/8215025 (52.7205%)
entry 4332000/8215025 (52.7326%)
entry 4335000/8215025 (52.7692%)
entry 4339000/8215025 (52.8179%)
entry 4341000/8215025 (52.8422%)
entry 4345000/8215025 (52.8909%)
entry 4348000/8215025 (52.9274%)
entry 4350000/8215025 (52.9518%)
entry 4354000/8215025 (53.0005%)
entry 4359000/8215025 (53.0613%)
entry 4363000/8215025 (53.11%)
entry 4365000/8215025 (53.1343%)
entry 4369000/8215025 (53.183%)
entry 4375000/8215025 (53.2561%)
entry 4377000/8215025 (53.2804%)
entry 4378000/8215025 (53.2926%)
entry 4380000/8215025 (53.3169%)
entry 4384000/8215025 (53.3656%)
entry 4388000/8215025 (53.4143%)
entry 4398000/8215025 (53.5361%)
entry 4399000/8215025 (53.5482%)
entry 4400000/8215025 (53.5604%)
entry 4404000/8215025 (53.6091%)
entry 4408000/8215025 (53.6578%)
entry 4418000/8215025 (53.7795%)
entry 4419000/8215025 (53.7917%)
entry 4421000/8215025 (53.816%)
entry 4423000/8215025 (53.8404%)
entry 4426000/8215025 (53.8769%)
entry 4433000/8215025 (53.9621%)
entry 4434000/8215025 (53.9743%)
entry 4435000/8215025 (53.9864%)
entry 4438000/8215025 (54.023%)
entry 4440000/8215025 (54.0473%)
entry 4442000/8215025 (54.0717%)
entry 4447000/8215025 (54.1325%)
entry 4449000/8215025 (54.1569%)
entry 4453000/8215025 (54.2056%)
entry 4455000/8215025 (54.2299%)
entry 4456000/8215025 (54.2421%)
entry 4459000/8215025 (54.2786%)
entry 4464000/8215025 (54.3395%)
entry 4466000/8215025 (54.3638%)
entry 4467000/8215025 (54.376%)
entry 4468000/8215025 (54.3881%)
entry 4473000/8215025 (54.449%)
entry 4478000/8215025 (54.5099%)
entry 4480000/8215025 (54.5342%)
entry 4481000/8215025 (54.5464%)
entry 4490000/8215025 (54.656%)
entry 4497000/8215025 (54.7412%)
entry 4508000/8215025 (54.8751%)
entry 4509000/8215025 (54.8872%)
entry 4516000/8215025 (54.9724%)
entry 4524000/8215025 (55.0698%)
entry 4530000/8215025 (55.1429%)
entry 4544000/8215025 (55.3133%)
entry 4545000/8215025 (55.3255%)
entry 4552000/8215025 (55.4107%)
entry 4557000/8215025 (55.4715%)
entry 4561000/8215025 (55.5202%)
entry 4573000/8215025 (55.6663%)
entry 4584000/8215025 (55.8002%)
entry 4594000/8215025 (55.9219%)
entry 4596000/8215025 (55.9463%)
entry 4597000/8215025 (55.9584%)
entry 4601000/8215025 (56.0071%)
entry 4602000/8215025 (56.0193%)
entry 4604000/8215025 (56.0437%)
entry 4610000/8215025 (56.1167%)
entry 4611000/8215025 (56.1289%)
entry 4612000/8215025 (56.141%)
entry 4617000/8215025 (56.2019%)
entry 4626000/8215025 (56.3115%)
entry 4628000/8215025 (56.3358%)
entry 4631000/8215025 (56.3723%)
entry 4633000/8215025 (56.3967%)
entry 4652000/8215025 (56.6279%)
entry 4653000/8215025 (56.6401%)
entry 4657000/8215025 (56.6888%)
entry 4666000/8215025 (56.7984%)
entry 4671000/8215025 (56.8592%)
entry 4673000/8215025 (56.8836%)
entry 4678000/8215025 (56.9444%)
entry 4681000/8215025 (56.981%)
entry 4687000/8215025 (57.054%)
entry 4693000/8215025 (57.127%)
entry 4694000/8215025 (57.1392%)
entry 4699000/8215025 (57.2001%)
entry 4710000/8215025 (57.334%)
entry 4714000/8215025 (57.3827%)
entry 4716000/8215025 (57.407%)
entry 4726000/8215025 (57.5287%)
entry 4727000/8215025 (57.5409%)
entry 4731000/8215025 (57.5896%)
entry 4735000/8215025 (57.6383%)
entry 4739000/8215025 (57.687%)
entry 4751000/8215025 (57.8331%)
entry 4752000/8215025 (57.8452%)
entry 4755000/8215025 (57.8817%)
entry 4756000/8215025 (57.8939%)
entry 4757000/8215025 (57.9061%)
entry 4762000/8215025 (57.967%)
entry 4765000/8215025 (58.0035%)
entry 4766000/8215025 (58.0157%)
entry 4767000/8215025 (58.0278%)
entry 4768000/8215025 (58.04%)
entry 4773000/8215025 (58.1009%)
entry 4774000/8215025 (58.113%)
entry 4778000/8215025 (58.1617%)
entry 4781000/8215025 (58.1982%)
entry 4785000/8215025 (58.2469%)
entry 4790000/8215025 (58.3078%)
entry 4795000/8215025 (58.3687%)
entry 4798000/8215025 (58.4052%)
entry 4799000/8215025 (58.4174%)
entry 4801000/8215025 (58.4417%)
entry 4807000/8215025 (58.5147%)
entry 4811000/8215025 (58.5634%)
entry 4812000/8215025 (58.5756%)
entry 4828000/8215025 (58.7704%)
entry 4841000/8215025 (58.9286%)
entry 4842000/8215025 (58.9408%)
entry 4846000/8215025 (58.9895%)
entry 4848000/8215025 (59.0138%)
entry 4849000/8215025 (59.026%)
entry 4854000/8215025 (59.0869%)
entry 4855000/8215025 (59.099%)
entry 4860000/8215025 (59.1599%)
entry 4866000/8215025 (59.2329%)
entry 4871000/8215025 (59.2938%)
entry 4875000/8215025 (59.3425%)
entry 4876000/8215025 (59.3547%)
entry 4884000/8215025 (59.452%)
entry 4887000/8215025 (59.4886%)
entry 4896000/8215025 (59.5981%)
entry 4899000/8215025 (59.6346%)
entry 4901000/8215025 (59.659%)
entry 4902000/8215025 (59.6712%)
entry 4903000/8215025 (59.6833%)
entry 4906000/8215025 (59.7198%)
entry 4911000/8215025 (59.7807%)
entry 4912000/8215025 (59.7929%)
entry 4915000/8215025 (59.8294%)
entry 4919000/8215025 (59.8781%)
entry 4922000/8215025 (59.9146%)
entry 4925000/8215025 (59.9511%)
entry 4926000/8215025 (59.9633%)
entry 4928000/8215025 (59.9876%)
entry 4929000/8215025 (59.9998%)
entry 4931000/8215025 (60.0242%)
entry 4933000/8215025 (60.0485%)
entry 4934000/8215025 (60.0607%)
entry 4935000/8215025 (60.0729%)
entry 4939000/8215025 (60.1215%)
entry 4940000/8215025 (60.1337%)
entry 4948000/8215025 (60.2311%)
entry 4953000/8215025 (60.292%)
entry 4954000/8215025 (60.3041%)
entry 4968000/8215025 (60.4746%)
entry 4969000/8215025 (60.4867%)
entry 4971000/8215025 (60.5111%)
entry 4972000/8215025 (60.5232%)
entry 4976000/8215025 (60.5719%)
entry 4983000/8215025 (60.6571%)
entry 4985000/8215025 (60.6815%)
entry 4987000/8215025 (60.7058%)
entry 4989000/8215025 (60.7302%)
entry 4992000/8215025 (60.7667%)
entry 4995000/8215025 (60.8032%)
entry 4997000/8215025 (60.8276%)
entry 5000000/8215025 (60.8641%)
entry 5005000/8215025 (60.925%)
entry 5009000/8215025 (60.9736%)
entry 5011000/8215025 (60.998%)
entry 5016000/8215025 (61.0589%)
entry 5017000/8215025 (61.071%)
entry 5026000/8215025 (61.1806%)
entry 5031000/8215025 (61.2414%)
entry 5037000/8215025 (61.3145%)
entry 5039000/8215025 (61.3388%)
entry 5040000/8215025 (61.351%)
entry 5045000/8215025 (61.4119%)
entry 5049000/8215025 (61.4606%)
entry 5056000/8215025 (61.5458%)
entry 5058000/8215025 (61.5701%)
entry 5061000/8215025 (61.6066%)
entry 5065000/8215025 (61.6553%)
entry 5067000/8215025 (61.6797%)
entry 5069000/8215025 (61.704%)
entry 5073000/8215025 (61.7527%)
entry 5076000/8215025 (61.7892%)
entry 5080000/8215025 (61.8379%)
entry 5081000/8215025 (61.8501%)
entry 5082000/8215025 (61.8623%)
entry 5086000/8215025 (61.911%)
entry 5089000/8215025 (61.9475%)
entry 5097000/8215025 (62.0449%)
entry 5099000/8215025 (62.0692%)
entry 5110000/8215025 (62.2031%)
entry 5111000/8215025 (62.2153%)
entry 5115000/8215025 (62.264%)
entry 5116000/8215025 (62.2761%)
entry 5128000/8215025 (62.4222%)
entry 5132000/8215025 (62.4709%)
entry 5136000/8215025 (62.5196%)
entry 5137000/8215025 (62.5318%)
entry 5140000/8215025 (62.5683%)
entry 5148000/8215025 (62.6657%)
entry 5155000/8215025 (62.7509%)
entry 5157000/8215025 (62.7752%)
entry 5162000/8215025 (62.8361%)
entry 5163000/8215025 (62.8483%)
entry 5167000/8215025 (62.8969%)
entry 5171000/8215025 (62.9456%)
entry 5178000/8215025 (63.0309%)
entry 5179000/8215025 (63.043%)
entry 5182000/8215025 (63.0795%)
entry 5201000/8215025 (63.3108%)
entry 5203000/8215025 (63.3352%)
entry 5216000/8215025 (63.4934%)
entry 5221000/8215025 (63.5543%)
entry 5222000/8215025 (63.5665%)
entry 5226000/8215025 (63.6151%)
entry 5231000/8215025 (63.676%)
entry 5234000/8215025 (63.7125%)
entry 5235000/8215025 (63.7247%)
entry 5246000/8215025 (63.8586%)
entry 5247000/8215025 (63.8708%)
entry 5252000/8215025 (63.9316%)
entry 5260000/8215025 (64.029%)
entry 5261000/8215025 (64.0412%)
entry 5262000/8215025 (64.0534%)
entry 5264000/8215025 (64.0777%)
entry 5272000/8215025 (64.1751%)
entry 5273000/8215025 (64.1873%)
entry 5274000/8215025 (64.1994%)
entry 5275000/8215025 (64.2116%)
entry 5288000/8215025 (64.3699%)
entry 5290000/8215025 (64.3942%)
entry 5294000/8215025 (64.4429%)
entry 5295000/8215025 (64.4551%)
entry 5305000/8215025 (64.5768%)
entry 5306000/8215025 (64.589%)
entry 5307000/8215025 (64.6011%)
entry 5324000/8215025 (64.8081%)
entry 5327000/8215025 (64.8446%)
entry 5328000/8215025 (64.8568%)
entry 5333000/8215025 (64.9176%)
entry 5335000/8215025 (64.942%)
entry 5342000/8215025 (65.0272%)
entry 5343000/8215025 (65.0394%)
entry 5344000/8215025 (65.0515%)
entry 5349000/8215025 (65.1124%)
entry 5351000/8215025 (65.1367%)
entry 5361000/8215025 (65.2585%)
entry 5362000/8215025 (65.2706%)
entry 5368000/8215025 (65.3437%)
entry 5373000/8215025 (65.4045%)
entry 5378000/8215025 (65.4654%)
entry 5379000/8215025 (65.4776%)
entry 5381000/8215025 (65.5019%)
entry 5383000/8215025 (65.5263%)
entry 5384000/8215025 (65.5384%)
entry 5390000/8215025 (65.6115%)
entry 5393000/8215025 (65.648%)
entry 5394000/8215025 (65.6602%)
entry 5395000/8215025 (65.6723%)
entry 5397000/8215025 (65.6967%)
entry 5398000/8215025 (65.7089%)
entry 5399000/8215025 (65.721%)
entry 5405000/8215025 (65.7941%)
entry 5406000/8215025 (65.8063%)
entry 5407000/8215025 (65.8184%)
entry 5412000/8215025 (65.8793%)
entry 5413000/8215025 (65.8915%)
entry 5415000/8215025 (65.9158%)
entry 5416000/8215025 (65.928%)
entry 5430000/8215025 (66.0984%)
entry 5431000/8215025 (66.1106%)
entry 5434000/8215025 (66.1471%)
entry 5440000/8215025 (66.2201%)
entry 5450000/8215025 (66.3419%)
entry 5453000/8215025 (66.3784%)
entry 5454000/8215025 (66.3905%)
entry 5459000/8215025 (66.4514%)
entry 5471000/8215025 (66.5975%)
entry 5479000/8215025 (66.6949%)
entry 5483000/8215025 (66.7436%)
entry 5485000/8215025 (66.7679%)
entry 5489000/8215025 (66.8166%)
entry 5490000/8215025 (66.8288%)
entry 5507000/8215025 (67.0357%)
entry 5510000/8215025 (67.0722%)
entry 5513000/8215025 (67.1087%)
entry 5514000/8215025 (67.1209%)
entry 5516000/8215025 (67.1453%)
entry 5517000/8215025 (67.1574%)
entry 5519000/8215025 (67.1818%)
entry 5521000/8215025 (67.2061%)
entry 5524000/8215025 (67.2426%)
entry 5525000/8215025 (67.2548%)
entry 5526000/8215025 (67.267%)
entry 5528000/8215025 (67.2913%)
entry 5539000/8215025 (67.4252%)
entry 5540000/8215025 (67.4374%)
entry 5546000/8215025 (67.5104%)
entry 5547000/8215025 (67.5226%)
entry 5548000/8215025 (67.5348%)
entry 5549000/8215025 (67.547%)
entry 5559000/8215025 (67.6687%)
entry 5560000/8215025 (67.6809%)
entry 5562000/8215025 (67.7052%)
entry 5563000/8215025 (67.7174%)
entry 5564000/8215025 (67.7296%)
entry 5565000/8215025 (67.7417%)
entry 5574000/8215025 (67.8513%)
entry 5575000/8215025 (67.8635%)
entry 5577000/8215025 (67.8878%)
entry 5579000/8215025 (67.9121%)
entry 5584000/8215025 (67.973%)
entry 5586000/8215025 (67.9974%)
entry 5593000/8215025 (68.0826%)
entry 5597000/8215025 (68.1313%)
entry 5604000/8215025 (68.2165%)
entry 5608000/8215025 (68.2652%)
entry 5611000/8215025 (68.3017%)
entry 5613000/8215025 (68.326%)
entry 5619000/8215025 (68.3991%)
entry 5621000/8215025 (68.4234%)
entry 5623000/8215025 (68.4478%)
entry 5626000/8215025 (68.4843%)
entry 5632000/8215025 (68.5573%)
entry 5635000/8215025 (68.5938%)
entry 5645000/8215025 (68.7156%)
entry 5647000/8215025 (68.7399%)
entry 5649000/8215025 (68.7642%)
entry 5655000/8215025 (68.8373%)
entry 5656000/8215025 (68.8495%)
entry 5657000/8215025 (68.8616%)
entry 5659000/8215025 (68.886%)
entry 5678000/8215025 (69.1173%)
entry 5683000/8215025 (69.1781%)
entry 5687000/8215025 (69.2268%)
entry 5690000/8215025 (69.2633%)
entry 5692000/8215025 (69.2877%)
entry 5695000/8215025 (69.3242%)
entry 5697000/8215025 (69.3485%)
entry 5698000/8215025 (69.3607%)
entry 5705000/8215025 (69.4459%)
entry 5706000/8215025 (69.4581%)
entry 5718000/8215025 (69.6042%)
entry 5724000/8215025 (69.6772%)
entry 5728000/8215025 (69.7259%)
entry 5729000/8215025 (69.7381%)
entry 5738000/8215025 (69.8476%)
entry 5740000/8215025 (69.872%)
entry 5748000/8215025 (69.9694%)
entry 5756000/8215025 (70.0667%)
entry 5759000/8215025 (70.1033%)
entry 5760000/8215025 (70.1154%)
entry 5766000/8215025 (70.1885%)
entry 5785000/8215025 (70.4197%)
entry 5790000/8215025 (70.4806%)
entry 5796000/8215025 (70.5536%)
entry 5797000/8215025 (70.5658%)
entry 5805000/8215025 (70.6632%)
entry 5808000/8215025 (70.6997%)
entry 5814000/8215025 (70.7728%)
entry 5815000/8215025 (70.7849%)
entry 5816000/8215025 (70.7971%)
entry 5819000/8215025 (70.8336%)
entry 5825000/8215025 (70.9067%)
entry 5834000/8215025 (71.0162%)
entry 5835000/8215025 (71.0284%)
entry 5843000/8215025 (71.1258%)
entry 5852000/8215025 (71.2353%)
entry 5858000/8215025 (71.3084%)
entry 5869000/8215025 (71.4423%)
entry 5871000/8215025 (71.4666%)
entry 5872000/8215025 (71.4788%)
entry 5873000/8215025 (71.491%)
entry 5874000/8215025 (71.5031%)
entry 5878000/8215025 (71.5518%)
entry 5885000/8215025 (71.637%)
entry 5886000/8215025 (71.6492%)
entry 5892000/8215025 (71.7222%)
entry 5901000/8215025 (71.8318%)
entry 5906000/8215025 (71.8927%)
entry 5911000/8215025 (71.9535%)
entry 5912000/8215025 (71.9657%)
entry 5922000/8215025 (72.0874%)
entry 5926000/8215025 (72.1361%)
entry 5930000/8215025 (72.1848%)
entry 5942000/8215025 (72.3309%)
entry 5947000/8215025 (72.3917%)
entry 5948000/8215025 (72.4039%)
entry 5952000/8215025 (72.4526%)
entry 5960000/8215025 (72.55%)
entry 5961000/8215025 (72.5622%)
entry 5962000/8215025 (72.5743%)
entry 5966000/8215025 (72.623%)
entry 5967000/8215025 (72.6352%)
entry 5972000/8215025 (72.6961%)
entry 5974000/8215025 (72.7204%)
entry 5975000/8215025 (72.7326%)
entry 5983000/8215025 (72.83%)
entry 5989000/8215025 (72.903%)
entry 5993000/8215025 (72.9517%)
entry 5996000/8215025 (72.9882%)
entry 6005000/8215025 (73.0978%)
entry 6015000/8215025 (73.2195%)
entry 6017000/8215025 (73.2438%)
entry 6023000/8215025 (73.3169%)
entry 6024000/8215025 (73.3291%)
entry 6029000/8215025 (73.3899%)
entry 6034000/8215025 (73.4508%)
entry 6040000/8215025 (73.5238%)
entry 6041000/8215025 (73.536%)
entry 6043000/8215025 (73.5603%)
entry 6046000/8215025 (73.5969%)
entry 6049000/8215025 (73.6334%)
entry 6050000/8215025 (73.6455%)
entry 6051000/8215025 (73.6577%)
entry 6058000/8215025 (73.7429%)
entry 6059000/8215025 (73.7551%)
entry 6067000/8215025 (73.8525%)
entry 6071000/8215025 (73.9012%)
entry 6084000/8215025 (74.0594%)
entry 6088000/8215025 (74.1081%)
entry 6089000/8215025 (74.1203%)
entry 6092000/8215025 (74.1568%)
entry 6096000/8215025 (74.2055%)
entry 6100000/8215025 (74.2542%)
entry 6105000/8215025 (74.3151%)
entry 6111000/8215025 (74.3881%)
entry 6117000/8215025 (74.4611%)
entry 6124000/8215025 (74.5463%)
entry 6127000/8215025 (74.5829%)
entry 6129000/8215025 (74.6072%)
entry 6130000/8215025 (74.6194%)
entry 6135000/8215025 (74.6802%)
entry 6137000/8215025 (74.7046%)
entry 6143000/8215025 (74.7776%)
entry 6144000/8215025 (74.7898%)
entry 6146000/8215025 (74.8141%)
entry 6147000/8215025 (74.8263%)
entry 6149000/8215025 (74.8507%)
entry 6156000/8215025 (74.9359%)
entry 6157000/8215025 (74.948%)
entry 6158000/8215025 (74.9602%)
entry 6164000/8215025 (75.0332%)
entry 6168000/8215025 (75.0819%)
entry 6176000/8215025 (75.1793%)
entry 6177000/8215025 (75.1915%)
entry 6181000/8215025 (75.2402%)
entry 6182000/8215025 (75.2524%)
entry 6183000/8215025 (75.2645%)
entry 6185000/8215025 (75.2889%)
entry 6195000/8215025 (75.4106%)
entry 6197000/8215025 (75.4349%)
entry 6199000/8215025 (75.4593%)
entry 6204000/8215025 (75.5202%)
entry 6208000/8215025 (75.5688%)
entry 6210000/8215025 (75.5932%)
entry 6215000/8215025 (75.6541%)
entry 6216000/8215025 (75.6662%)
entry 6218000/8215025 (75.6906%)
entry 6222000/8215025 (75.7393%)
entry 6233000/8215025 (75.8732%)
entry 6236000/8215025 (75.9097%)
entry 6237000/8215025 (75.9219%)
entry 6247000/8215025 (76.0436%)
entry 6259000/8215025 (76.1897%)
entry 6261000/8215025 (76.214%)
entry 6265000/8215025 (76.2627%)
entry 6266000/8215025 (76.2749%)
entry 6269000/8215025 (76.3114%)
entry 6281000/8215025 (76.4575%)
entry 6286000/8215025 (76.5183%)
entry 6288000/8215025 (76.5427%)
entry 6293000/8215025 (76.6035%)
entry 6295000/8215025 (76.6279%)
entry 6297000/8215025 (76.6522%)
entry 6301000/8215025 (76.7009%)
entry 6302000/8215025 (76.7131%)
entry 6307000/8215025 (76.774%)
entry 6309000/8215025 (76.7983%)
entry 6310000/8215025 (76.8105%)
entry 6321000/8215025 (76.9444%)
entry 6322000/8215025 (76.9566%)
entry 6325000/8215025 (76.9931%)
entry 6326000/8215025 (77.0052%)
entry 6335000/8215025 (77.1148%)
entry 6344000/8215025 (77.2244%)
entry 6345000/8215025 (77.2365%)
entry 6350000/8215025 (77.2974%)
entry 6354000/8215025 (77.3461%)
entry 6361000/8215025 (77.4313%)
entry 6362000/8215025 (77.4435%)
entry 6363000/8215025 (77.4556%)
entry 6364000/8215025 (77.4678%)
entry 6365000/8215025 (77.48%)
entry 6367000/8215025 (77.5043%)
entry 6372000/8215025 (77.5652%)
entry 6375000/8215025 (77.6017%)
entry 6381000/8215025 (77.6747%)
entry 6383000/8215025 (77.6991%)
entry 6384000/8215025 (77.7113%)
entry 6387000/8215025 (77.7478%)
entry 6391000/8215025 (77.7965%)
entry 6393000/8215025 (77.8208%)
entry 6394000/8215025 (77.833%)
entry 6399000/8215025 (77.8939%)
entry 6401000/8215025 (77.9182%)
entry 6406000/8215025 (77.9791%)
entry 6410000/8215025 (78.0278%)
entry 6411000/8215025 (78.0399%)
entry 6413000/8215025 (78.0643%)
entry 6418000/8215025 (78.1251%)
entry 6424000/8215025 (78.1982%)
entry 6425000/8215025 (78.2104%)
entry 6426000/8215025 (78.2225%)
entry 6427000/8215025 (78.2347%)
entry 6428000/8215025 (78.2469%)
entry 6429000/8215025 (78.259%)
entry 6437000/8215025 (78.3564%)
entry 6438000/8215025 (78.3686%)
entry 6443000/8215025 (78.4295%)
entry 6448000/8215025 (78.4903%)
entry 6456000/8215025 (78.5877%)
entry 6459000/8215025 (78.6242%)
entry 6469000/8215025 (78.746%)
entry 6477000/8215025 (78.8433%)
entry 6482000/8215025 (78.9042%)
entry 6484000/8215025 (78.9285%)
entry 6491000/8215025 (79.0138%)
entry 6494000/8215025 (79.0503%)
entry 6496000/8215025 (79.0746%)
entry 6501000/8215025 (79.1355%)
entry 6502000/8215025 (79.1477%)
entry 6504000/8215025 (79.172%)
entry 6507000/8215025 (79.2085%)
entry 6509000/8215025 (79.2329%)
entry 6511000/8215025 (79.2572%)
entry 6517000/8215025 (79.3303%)
entry 6520000/8215025 (79.3668%)
entry 6527000/8215025 (79.452%)
entry 6530000/8215025 (79.4885%)
entry 6531000/8215025 (79.5007%)
entry 6532000/8215025 (79.5128%)
entry 6533000/8215025 (79.525%)
entry 6540000/8215025 (79.6102%)
entry 6552000/8215025 (79.7563%)
entry 6555000/8215025 (79.7928%)
entry 6564000/8215025 (79.9024%)
entry 6565000/8215025 (79.9145%)
entry 6567000/8215025 (79.9389%)
entry 6583000/8215025 (80.1337%)
entry 6589000/8215025 (80.2067%)
entry 6597000/8215025 (80.3041%)
entry 6598000/8215025 (80.3163%)
entry 6600000/8215025 (80.3406%)
entry 6609000/8215025 (80.4502%)
entry 6611000/8215025 (80.4745%)
entry 6615000/8215025 (80.5232%)
entry 6616000/8215025 (80.5354%)
entry 6622000/8215025 (80.6084%)
entry 6623000/8215025 (80.6206%)
entry 6648000/8215025 (80.9249%)
entry 6649000/8215025 (80.9371%)
entry 6650000/8215025 (80.9492%)
entry 6651000/8215025 (80.9614%)
entry 6658000/8215025 (81.0466%)
entry 6659000/8215025 (81.0588%)
entry 6663000/8215025 (81.1075%)
entry 6664000/8215025 (81.1197%)
entry 6665000/8215025 (81.1318%)
entry 6667000/8215025 (81.1562%)
entry 6669000/8215025 (81.1805%)
entry 6672000/8215025 (81.217%)
entry 6673000/8215025 (81.2292%)
entry 6674000/8215025 (81.2414%)
entry 6680000/8215025 (81.3144%)
entry 6683000/8215025 (81.3509%)
entry 6692000/8215025 (81.4605%)
entry 6694000/8215025 (81.4848%)
entry 6702000/8215025 (81.5822%)
entry 6708000/8215025 (81.6553%)
entry 6713000/8215025 (81.7161%)
entry 6714000/8215025 (81.7283%)
entry 6718000/8215025 (81.777%)
entry 6719000/8215025 (81.7892%)
entry 6728000/8215025 (81.8987%)
entry 6731000/8215025 (81.9352%)
entry 6736000/8215025 (81.9961%)
entry 6740000/8215025 (82.0448%)
entry 6743000/8215025 (82.0813%)
entry 6745000/8215025 (82.1057%)
entry 6750000/8215025 (82.1665%)
entry 6751000/8215025 (82.1787%)
entry 6756000/8215025 (82.2396%)
entry 6760000/8215025 (82.2882%)
entry 6762000/8215025 (82.3126%)
entry 6766000/8215025 (82.3613%)
entry 6767000/8215025 (82.3735%)
entry 6773000/8215025 (82.4465%)
entry 6778000/8215025 (82.5074%)
entry 6783000/8215025 (82.5682%)
entry 6785000/8215025 (82.5926%)
entry 6787000/8215025 (82.6169%)
entry 6789000/8215025 (82.6413%)
entry 6791000/8215025 (82.6656%)
entry 6792000/8215025 (82.6778%)
entry 6794000/8215025 (82.7021%)
entry 6795000/8215025 (82.7143%)
entry 6801000/8215025 (82.7873%)
entry 6805000/8215025 (82.836%)
entry 6806000/8215025 (82.8482%)
entry 6808000/8215025 (82.8725%)
entry 6809000/8215025 (82.8847%)
entry 6810000/8215025 (82.8969%)
entry 6811000/8215025 (82.9091%)
entry 6812000/8215025 (82.9212%)
entry 6814000/8215025 (82.9456%)
entry 6824000/8215025 (83.0673%)
entry 6834000/8215025 (83.189%)
entry 6841000/8215025 (83.2742%)
entry 6842000/8215025 (83.2864%)
entry 6850000/8215025 (83.3838%)
entry 6856000/8215025 (83.4568%)
entry 6878000/8215025 (83.7246%)
entry 6887000/8215025 (83.8342%)
entry 6888000/8215025 (83.8464%)
entry 6891000/8215025 (83.8829%)
entry 6893000/8215025 (83.9072%)
entry 6896000/8215025 (83.9437%)
entry 6897000/8215025 (83.9559%)
entry 6903000/8215025 (84.029%)
entry 6908000/8215025 (84.0898%)
entry 6919000/8215025 (84.2237%)
entry 6923000/8215025 (84.2724%)
entry 6927000/8215025 (84.3211%)
entry 6932000/8215025 (84.382%)
entry 6934000/8215025 (84.4063%)
entry 6935000/8215025 (84.4185%)
entry 6936000/8215025 (84.4307%)
entry 6939000/8215025 (84.4672%)
entry 6940000/8215025 (84.4794%)
entry 6943000/8215025 (84.5159%)
entry 6948000/8215025 (84.5767%)
entry 6950000/8215025 (84.6011%)
entry 6953000/8215025 (84.6376%)
entry 6955000/8215025 (84.6619%)
entry 6959000/8215025 (84.7106%)
entry 6961000/8215025 (84.735%)
entry 6967000/8215025 (84.808%)
entry 6968000/8215025 (84.8202%)
entry 6971000/8215025 (84.8567%)
entry 6973000/8215025 (84.8811%)
entry 6976000/8215025 (84.9176%)
entry 6977000/8215025 (84.9297%)
entry 6980000/8215025 (84.9663%)
entry 6982000/8215025 (84.9906%)
entry 6983000/8215025 (85.0028%)
entry 6986000/8215025 (85.0393%)
entry 6988000/8215025 (85.0636%)
entry 6989000/8215025 (85.0758%)
entry 6994000/8215025 (85.1367%)
entry 6997000/8215025 (85.1732%)
entry 7004000/8215025 (85.2584%)
entry 7009000/8215025 (85.3193%)
entry 7011000/8215025 (85.3436%)
entry 7014000/8215025 (85.3801%)
entry 7015000/8215025 (85.3923%)
entry 7016000/8215025 (85.4045%)
entry 7023000/8215025 (85.4897%)
entry 7024000/8215025 (85.5019%)
entry 7028000/8215025 (85.5506%)
entry 7031000/8215025 (85.5871%)
entry 7032000/8215025 (85.5993%)
entry 7033000/8215025 (85.6114%)
entry 7034000/8215025 (85.6236%)
entry 7036000/8215025 (85.6479%)
entry 7037000/8215025 (85.6601%)
entry 7039000/8215025 (85.6845%)
entry 7045000/8215025 (85.7575%)
entry 7047000/8215025 (85.7818%)
entry 7050000/8215025 (85.8184%)
entry 7051000/8215025 (85.8305%)
entry 7053000/8215025 (85.8549%)
entry 7058000/8215025 (85.9157%)
entry 7059000/8215025 (85.9279%)
entry 7062000/8215025 (85.9644%)
entry 7073000/8215025 (86.0983%)
entry 7074000/8215025 (86.1105%)
entry 7089000/8215025 (86.2931%)
entry 7090000/8215025 (86.3053%)
entry 7093000/8215025 (86.3418%)
entry 7096000/8215025 (86.3783%)
entry 7099000/8215025 (86.4148%)
entry 7104000/8215025 (86.4757%)
entry 7105000/8215025 (86.4879%)
entry 7107000/8215025 (86.5122%)
entry 7109000/8215025 (86.5366%)
entry 7110000/8215025 (86.5487%)
entry 7113000/8215025 (86.5853%)
entry 7119000/8215025 (86.6583%)
entry 7123000/8215025 (86.707%)
entry 7128000/8215025 (86.7678%)
entry 7130000/8215025 (86.7922%)
entry 7135000/8215025 (86.8531%)
entry 7143000/8215025 (86.9504%)
entry 7144000/8215025 (86.9626%)
entry 7146000/8215025 (86.987%)
entry 7156000/8215025 (87.1087%)
entry 7166000/8215025 (87.2304%)
entry 7171000/8215025 (87.2913%)
entry 7172000/8215025 (87.3034%)
entry 7176000/8215025 (87.3521%)
entry 7181000/8215025 (87.413%)
entry 7192000/8215025 (87.5469%)
entry 7199000/8215025 (87.6321%)
entry 7204000/8215025 (87.693%)
entry 7217000/8215025 (87.8512%)
entry 7224000/8215025 (87.9364%)
entry 7225000/8215025 (87.9486%)
entry 7233000/8215025 (88.046%)
entry 7235000/8215025 (88.0703%)
entry 7237000/8215025 (88.0947%)
entry 7239000/8215025 (88.119%)
entry 7242000/8215025 (88.1555%)
entry 7255000/8215025 (88.3138%)
entry 7256000/8215025 (88.326%)
entry 7260000/8215025 (88.3747%)
entry 7267000/8215025 (88.4599%)
entry 7271000/8215025 (88.5086%)
entry 7274000/8215025 (88.5451%)
entry 7277000/8215025 (88.5816%)
entry 7284000/8215025 (88.6668%)
entry 7286000/8215025 (88.6912%)
entry 7288000/8215025 (88.7155%)
entry 7294000/8215025 (88.7885%)
entry 7299000/8215025 (88.8494%)
entry 7302000/8215025 (88.8859%)
entry 7304000/8215025 (88.9103%)
entry 7305000/8215025 (88.9224%)
entry 7319000/8215025 (89.0929%)
entry 7320000/8215025 (89.105%)
entry 7326000/8215025 (89.1781%)
entry 7333000/8215025 (89.2633%)
entry 7339000/8215025 (89.3363%)
entry 7343000/8215025 (89.385%)
entry 7345000/8215025 (89.4093%)
entry 7348000/8215025 (89.4459%)
entry 7352000/8215025 (89.4946%)
entry 7357000/8215025 (89.5554%)
entry 7358000/8215025 (89.5676%)
entry 7359000/8215025 (89.5798%)
entry 7360000/8215025 (89.5919%)
entry 7368000/8215025 (89.6893%)
entry 7370000/8215025 (89.7137%)
entry 7372000/8215025 (89.738%)
entry 7373000/8215025 (89.7502%)
entry 7375000/8215025 (89.7745%)
entry 7377000/8215025 (89.7989%)
entry 7380000/8215025 (89.8354%)
entry 7385000/8215025 (89.8963%)
entry 7386000/8215025 (89.9084%)
entry 7392000/8215025 (89.9815%)
entry 7393000/8215025 (89.9936%)
entry 7395000/8215025 (90.018%)
entry 7398000/8215025 (90.0545%)
entry 7399000/8215025 (90.0667%)
entry 7402000/8215025 (90.1032%)
entry 7408000/8215025 (90.1762%)
entry 7409000/8215025 (90.1884%)
entry 7410000/8215025 (90.2006%)
entry 7414000/8215025 (90.2493%)
entry 7421000/8215025 (90.3345%)
entry 7424000/8215025 (90.371%)
entry 7431000/8215025 (90.4562%)
entry 7437000/8215025 (90.5292%)
entry 7442000/8215025 (90.5901%)
entry 7443000/8215025 (90.6023%)
entry 7456000/8215025 (90.7605%)
entry 7463000/8215025 (90.8457%)
entry 7466000/8215025 (90.8823%)
entry 7467000/8215025 (90.8944%)
entry 7469000/8215025 (90.9188%)
entry 7473000/8215025 (90.9675%)
entry 7477000/8215025 (91.0162%)
entry 7478000/8215025 (91.0283%)
entry 7480000/8215025 (91.0527%)
entry 7485000/8215025 (91.1135%)
entry 7487000/8215025 (91.1379%)
entry 7490000/8215025 (91.1744%)
entry 7499000/8215025 (91.284%)
entry 7500000/8215025 (91.2961%)
entry 7502000/8215025 (91.3205%)
entry 7504000/8215025 (91.3448%)
entry 7509000/8215025 (91.4057%)
entry 7512000/8215025 (91.4422%)
entry 7514000/8215025 (91.4666%)
entry 7520000/8215025 (91.5396%)
entry 7522000/8215025 (91.5639%)
entry 7532000/8215025 (91.6857%)
entry 7534000/8215025 (91.71%)
entry 7535000/8215025 (91.7222%)
entry 7548000/8215025 (91.8804%)
entry 7550000/8215025 (91.9048%)
entry 7555000/8215025 (91.9656%)
entry 7556000/8215025 (91.9778%)
entry 7558000/8215025 (92.0022%)
entry 7561000/8215025 (92.0387%)
entry 7563000/8215025 (92.063%)
entry 7567000/8215025 (92.1117%)
entry 7570000/8215025 (92.1482%)
entry 7583000/8215025 (92.3065%)
entry 7585000/8215025 (92.3308%)
entry 7592000/8215025 (92.416%)
entry 7593000/8215025 (92.4282%)
entry 7595000/8215025 (92.4525%)
entry 7598000/8215025 (92.4891%)
entry 7599000/8215025 (92.5012%)
entry 7605000/8215025 (92.5743%)
entry 7607000/8215025 (92.5986%)
entry 7612000/8215025 (92.6595%)
entry 7614000/8215025 (92.6838%)
entry 7617000/8215025 (92.7204%)
entry 7618000/8215025 (92.7325%)
entry 7621000/8215025 (92.769%)
entry 7622000/8215025 (92.7812%)
entry 7639000/8215025 (92.9882%)
entry 7641000/8215025 (93.0125%)
entry 7644000/8215025 (93.049%)
entry 7646000/8215025 (93.0734%)
entry 7647000/8215025 (93.0855%)
entry 7650000/8215025 (93.1221%)
entry 7651000/8215025 (93.1342%)
entry 7652000/8215025 (93.1464%)
entry 7654000/8215025 (93.1707%)
entry 7655000/8215025 (93.1829%)
entry 7657000/8215025 (93.2073%)
entry 7658000/8215025 (93.2194%)
entry 7662000/8215025 (93.2681%)
entry 7673000/8215025 (93.402%)
entry 7674000/8215025 (93.4142%)
entry 7681000/8215025 (93.4994%)
entry 7682000/8215025 (93.5116%)
entry 7683000/8215025 (93.5238%)
entry 7685000/8215025 (93.5481%)
entry 7686000/8215025 (93.5603%)
entry 7687000/8215025 (93.5724%)
entry 7688000/8215025 (93.5846%)
entry 7689000/8215025 (93.5968%)
entry 7695000/8215025 (93.6698%)
entry 7696000/8215025 (93.682%)
entry 7697000/8215025 (93.6942%)
entry 7702000/8215025 (93.755%)
entry 7707000/8215025 (93.8159%)
entry 7710000/8215025 (93.8524%)
entry 7718000/8215025 (93.9498%)
entry 7722000/8215025 (93.9985%)
entry 7723000/8215025 (94.0107%)
entry 7727000/8215025 (94.0594%)
entry 7728000/8215025 (94.0715%)
entry 7730000/8215025 (94.0959%)
entry 7731000/8215025 (94.1081%)
entry 7736000/8215025 (94.1689%)
entry 7740000/8215025 (94.2176%)
entry 7741000/8215025 (94.2298%)
entry 7744000/8215025 (94.2663%)
entry 7745000/8215025 (94.2785%)
entry 7749000/8215025 (94.3272%)
entry 7750000/8215025 (94.3393%)
entry 7758000/8215025 (94.4367%)
entry 7760000/8215025 (94.4611%)
entry 7764000/8215025 (94.5098%)
entry 7769000/8215025 (94.5706%)
entry 7778000/8215025 (94.6802%)
entry 7782000/8215025 (94.7289%)
entry 7784000/8215025 (94.7532%)
entry 7790000/8215025 (94.8262%)
entry 7791000/8215025 (94.8384%)
entry 7803000/8215025 (94.9845%)
entry 7808000/8215025 (95.0454%)
entry 7809000/8215025 (95.0575%)
entry 7810000/8215025 (95.0697%)
entry 7811000/8215025 (95.0819%)
entry 7815000/8215025 (95.1306%)
entry 7821000/8215025 (95.2036%)
entry 7823000/8215025 (95.228%)
entry 7826000/8215025 (95.2645%)
entry 7832000/8215025 (95.3375%)
entry 7837000/8215025 (95.3984%)
entry 7838000/8215025 (95.4105%)
entry 7845000/8215025 (95.4958%)
entry 7847000/8215025 (95.5201%)
entry 7849000/8215025 (95.5444%)
entry 7850000/8215025 (95.5566%)
entry 7851000/8215025 (95.5688%)
entry 7853000/8215025 (95.5931%)
entry 7856000/8215025 (95.6297%)
entry 7862000/8215025 (95.7027%)
entry 7867000/8215025 (95.7636%)
entry 7869000/8215025 (95.7879%)
entry 7872000/8215025 (95.8244%)
entry 7875000/8215025 (95.8609%)
entry 7879000/8215025 (95.9096%)
entry 7893000/8215025 (96.08%)
entry 7896000/8215025 (96.1166%)
entry 7904000/8215025 (96.2139%)
entry 7916000/8215025 (96.36%)
entry 7920000/8215025 (96.4087%)
entry 7926000/8215025 (96.4818%)
entry 7928000/8215025 (96.5061%)
entry 7931000/8215025 (96.5426%)
entry 7936000/8215025 (96.6035%)
entry 7942000/8215025 (96.6765%)
entry 7943000/8215025 (96.6887%)
entry 7950000/8215025 (96.7739%)
entry 7953000/8215025 (96.8104%)
entry 7954000/8215025 (96.8226%)
entry 7957000/8215025 (96.8591%)
entry 7959000/8215025 (96.8835%)
entry 7960000/8215025 (96.8956%)
entry 7961000/8215025 (96.9078%)
entry 7962000/8215025 (96.92%)
entry 7963000/8215025 (96.9321%)
entry 7968000/8215025 (96.993%)
entry 7975000/8215025 (97.0782%)
entry 7978000/8215025 (97.1147%)
entry 7990000/8215025 (97.2608%)
entry 7991000/8215025 (97.273%)
entry 7992000/8215025 (97.2852%)
entry 7994000/8215025 (97.3095%)
entry 8000000/8215025 (97.3825%)
entry 8001000/8215025 (97.3947%)
entry 8002000/8215025 (97.4069%)
entry 8008000/8215025 (97.4799%)
entry 8014000/8215025 (97.553%)
entry 8015000/8215025 (97.5651%)
entry 8017000/8215025 (97.5895%)
entry 8021000/8215025 (97.6382%)
entry 8023000/8215025 (97.6625%)
entry 8024000/8215025 (97.6747%)
entry 8032000/8215025 (97.7721%)
entry 8034000/8215025 (97.7964%)
entry 8037000/8215025 (97.8329%)
entry 8040000/8215025 (97.8694%)
entry 8046000/8215025 (97.9425%)
entry 8049000/8215025 (97.979%)
entry 8059000/8215025 (98.1007%)
entry 8060000/8215025 (98.1129%)
entry 8062000/8215025 (98.1373%)
entry 8065000/8215025 (98.1738%)
entry 8069000/8215025 (98.2225%)
entry 8074000/8215025 (98.2833%)
entry 8079000/8215025 (98.3442%)
entry 8080000/8215025 (98.3564%)
entry 8082000/8215025 (98.3807%)
entry 8083000/8215025 (98.3929%)
entry 8084000/8215025 (98.4051%)
entry 8085000/8215025 (98.4172%)
entry 8088000/8215025 (98.4537%)
entry 8089000/8215025 (98.4659%)
entry 8091000/8215025 (98.4903%)
entry 8092000/8215025 (98.5024%)
entry 8100000/8215025 (98.5998%)
entry 8115000/8215025 (98.7824%)
entry 8116000/8215025 (98.7946%)
entry 8120000/8215025 (98.8433%)
entry 8134000/8215025 (99.0137%)
entry 8136000/8215025 (99.038%)
entry 8145000/8215025 (99.1476%)
entry 8147000/8215025 (99.1719%)
entry 8149000/8215025 (99.1963%)
entry 8152000/8215025 (99.2328%)
entry 8163000/8215025 (99.3667%)
entry 8173000/8215025 (99.4884%)
entry 8176000/8215025 (99.525%)
entry 8183000/8215025 (99.6102%)
entry 8185000/8215025 (99.6345%)
entry 8186000/8215025 (99.6467%)
entry 8188000/8215025 (99.671%)
entry 8190000/8215025 (99.6954%)
entry 8194000/8215025 (99.7441%)
entry 8195000/8215025 (99.7562%)
entry 8196000/8215025 (99.7684%)
entry 8198000/8215025 (99.7928%)
entry 8200000/8215025 (99.8171%)
entry 8201000/8215025 (99.8293%)
entry 8206000/8215025 (99.8901%)
entry 8207000/8215025 (99.9023%)
entry 8209000/8215025 (99.9267%)
entry 8212000/8215025 (99.9632%)
entry 8214000/8215025 (99.9875%)
all done
script done
